Java HotSpot(TM) 64-Bit Server VM (25.45-b02) for windows-amd64 JRE (1.8.0_45-b15), built on Apr 30 2015 12:40:44 by "java_re" with MS VC++ 10.0 (VS2010)
Memory: 4k page, physical 8247616k(5002944k free), swap 16493392k(12317468k free)
CommandLine flags: -XX:CMSInitiatingOccupancyFraction=50 -XX:CMSMaxAbortablePrecleanTime=6000 -XX:+CMSParallelRemarkEnabled -XX:+CMSScavengeBeforeRemark -XX:ConcGCThreads=4 -XX:InitialHeapSize=536870912 -XX:MaxHeapSize=536870912 -XX:MaxTenuringThreshold=8 -XX:NewRatio=3 -XX:OldPLABSize=16 -XX:ParallelGCThreads=4 -XX:+ParallelRefProcEnabled -XX:PretenureSizeThreshold=67108864 -XX:+PrintGC -XX:+PrintGCApplicationStoppedTime -XX:+PrintGCDateStamps -XX:+PrintGCDetails -XX:+PrintGCTimeStamps -XX:+PrintHeapAtGC -XX:+PrintTenuringDistribution -XX:SurvivorRatio=4 -XX:TargetSurvivorRatio=90 -XX:ThreadStackSize=256 -XX:+UseCMSInitiatingOccupancyOnly -XX:+UseCompressedClassPointers -XX:+UseCompressedOops -XX:+UseConcMarkSweepGC -XX:-UseLargePagesIndividualAllocation -XX:+UseParNewGC 
2015-09-09T15:01:44.918+0200: 0.096: Total time for which application threads were stopped: 0.0000794 seconds, Stopping threads took: 0.0000205 seconds
2015-09-09T15:01:45.034+0200: 0.212: Total time for which application threads were stopped: 0.0001037 seconds, Stopping threads took: 0.0000099 seconds
2015-09-09T15:01:45.158+0200: 0.336: Total time for which application threads were stopped: 0.0000998 seconds, Stopping threads took: 0.0000118 seconds
2015-09-09T15:01:45.194+0200: 0.372: Total time for which application threads were stopped: 0.0001194 seconds, Stopping threads took: 0.0000125 seconds
2015-09-09T15:01:45.204+0200: 0.381: Total time for which application threads were stopped: 0.0001274 seconds, Stopping threads took: 0.0000186 seconds
2015-09-09T15:01:45.216+0200: 0.394: Total time for which application threads were stopped: 0.0001331 seconds, Stopping threads took: 0.0000176 seconds
{Heap before GC invocations=0 (full 0):
 par new generation   total 109248K, used 87424K [0x00000000e0000000, 0x00000000e8000000, 0x00000000e8000000)
  eden space 87424K, 100% used [0x00000000e0000000, 0x00000000e5560000, 0x00000000e5560000)
  from space 21824K,   0% used [0x00000000e5560000, 0x00000000e5560000, 0x00000000e6ab0000)
  to   space 21824K,   0% used [0x00000000e6ab0000, 0x00000000e6ab0000, 0x00000000e8000000)
 concurrent mark-sweep generation total 393216K, used 0K [0x00000000e8000000, 0x0000000100000000, 0x0000000100000000)
 Metaspace       used 9811K, capacity 10030K, committed 10240K, reserved 1058816K
  class space    used 1144K, capacity 1213K, committed 1280K, reserved 1048576K
2015-09-09T15:01:45.419+0200: 0.596: [GC (Allocation Failure) 0.596: [ParNew
Desired survivor size 20112992 bytes, new threshold 8 (max 8)
- age   1:    5338168 bytes,    5338168 total
: 87424K->5272K(109248K), 0.0038656 secs] 87424K->5272K(502464K), 0.0040000 secs] [Times: user=0.00 sys=0.00, real=0.00 secs] 
Heap after GC invocations=1 (full 0):
 par new generation   total 109248K, used 5272K [0x00000000e0000000, 0x00000000e8000000, 0x00000000e8000000)
  eden space 87424K,   0% used [0x00000000e0000000, 0x00000000e0000000, 0x00000000e5560000)
  from space 21824K,  24% used [0x00000000e6ab0000, 0x00000000e6fd6338, 0x00000000e8000000)
  to   space 21824K,   0% used [0x00000000e5560000, 0x00000000e5560000, 0x00000000e6ab0000)
 concurrent mark-sweep generation total 393216K, used 0K [0x00000000e8000000, 0x0000000100000000, 0x0000000100000000)
 Metaspace       used 9811K, capacity 10030K, committed 10240K, reserved 1058816K
  class space    used 1144K, capacity 1213K, committed 1280K, reserved 1048576K
}
2015-09-09T15:01:45.423+0200: 0.600: Total time for which application threads were stopped: 0.0042230 seconds, Stopping threads took: 0.0000515 seconds
2015-09-09T15:01:45.509+0200: 0.687: Total time for which application threads were stopped: 0.0001296 seconds, Stopping threads took: 0.0000109 seconds
2015-09-09T15:01:45.699+0200: 0.877: Total time for which application threads were stopped: 0.0002710 seconds, Stopping threads took: 0.0000122 seconds
2015-09-09T15:01:45.700+0200: 0.878: Total time for which application threads were stopped: 0.0000957 seconds, Stopping threads took: 0.0000173 seconds
2015-09-09T15:01:45.703+0200: 0.880: Total time for which application threads were stopped: 0.0001072 seconds, Stopping threads took: 0.0000080 seconds
2015-09-09T15:01:45.832+0200: 1.009: Total time for which application threads were stopped: 0.0002752 seconds, Stopping threads took: 0.0000742 seconds
{Heap before GC invocations=1 (full 0):
 par new generation   total 109248K, used 92696K [0x00000000e0000000, 0x00000000e8000000, 0x00000000e8000000)
  eden space 87424K, 100% used [0x00000000e0000000, 0x00000000e5560000, 0x00000000e5560000)
  from space 21824K,  24% used [0x00000000e6ab0000, 0x00000000e6fd6338, 0x00000000e8000000)
  to   space 21824K,   0% used [0x00000000e5560000, 0x00000000e5560000, 0x00000000e6ab0000)
 concurrent mark-sweep generation total 393216K, used 0K [0x00000000e8000000, 0x0000000100000000, 0x0000000100000000)
 Metaspace       used 18400K, capacity 18682K, committed 19072K, reserved 1067008K
  class space    used 2213K, capacity 2325K, committed 2432K, reserved 1048576K
2015-09-09T15:01:45.874+0200: 1.051: [GC (Allocation Failure) 1.051: [ParNew
Desired survivor size 20112992 bytes, new threshold 8 (max 8)
- age   1:    8390944 bytes,    8390944 total
- age   2:    2504672 bytes,   10895616 total
: 92696K->11858K(109248K), 0.0080102 secs] 92696K->11858K(502464K), 0.0080943 secs] [Times: user=0.06 sys=0.00, real=0.01 secs] 
Heap after GC invocations=2 (full 0):
 par new generation   total 109248K, used 11858K [0x00000000e0000000, 0x00000000e8000000, 0x00000000e8000000)
  eden space 87424K,   0% used [0x00000000e0000000, 0x00000000e0000000, 0x00000000e5560000)
  from space 21824K,  54% used [0x00000000e5560000, 0x00000000e60f4bf0, 0x00000000e6ab0000)
  to   space 21824K,   0% used [0x00000000e6ab0000, 0x00000000e6ab0000, 0x00000000e8000000)
 concurrent mark-sweep generation total 393216K, used 0K [0x00000000e8000000, 0x0000000100000000, 0x0000000100000000)
 Metaspace       used 18400K, capacity 18682K, committed 19072K, reserved 1067008K
  class space    used 2213K, capacity 2325K, committed 2432K, reserved 1048576K
}
2015-09-09T15:01:45.882+0200: 1.059: Total time for which application threads were stopped: 0.0083241 seconds, Stopping threads took: 0.0000515 seconds
2015-09-09T15:01:45.955+0200: 1.132: Total time for which application threads were stopped: 0.0002474 seconds, Stopping threads took: 0.0000170 seconds
2015-09-09T15:01:45.972+0200: 1.150: Total time for which application threads were stopped: 0.0002525 seconds, Stopping threads took: 0.0000256 seconds
2015-09-09T15:01:46.057+0200: 1.234: Total time for which application threads were stopped: 0.0003206 seconds, Stopping threads took: 0.0000173 seconds
{Heap before GC invocations=2 (full 0):
 par new generation   total 109248K, used 99279K [0x00000000e0000000, 0x00000000e8000000, 0x00000000e8000000)
  eden space 87424K,  99% used [0x00000000e0000000, 0x00000000e555f268, 0x00000000e5560000)
  from space 21824K,  54% used [0x00000000e5560000, 0x00000000e60f4bf0, 0x00000000e6ab0000)
  to   space 21824K,   0% used [0x00000000e6ab0000, 0x00000000e6ab0000, 0x00000000e8000000)
 concurrent mark-sweep generation total 393216K, used 0K [0x00000000e8000000, 0x0000000100000000, 0x0000000100000000)
 Metaspace       used 19950K, capacity 20290K, committed 20480K, reserved 1067008K
  class space    used 2401K, capacity 2521K, committed 2560K, reserved 1048576K
2015-09-09T15:01:46.058+0200: 1.236: [GC (Allocation Failure) 1.236: [ParNew
Desired survivor size 20112992 bytes, new threshold 8 (max 8)
- age   1:    2941472 bytes,    2941472 total
- age   2:    2935328 bytes,    5876800 total
- age   3:    2464560 bytes,    8341360 total
: 99279K->13240K(109248K), 0.0056697 secs] 99279K->13240K(502464K), 0.0057244 secs] [Times: user=0.00 sys=0.00, real=0.01 secs] 
Heap after GC invocations=3 (full 0):
 par new generation   total 109248K, used 13240K [0x00000000e0000000, 0x00000000e8000000, 0x00000000e8000000)
  eden space 87424K,   0% used [0x00000000e0000000, 0x00000000e0000000, 0x00000000e5560000)
  from space 21824K,  60% used [0x00000000e6ab0000, 0x00000000e779e320, 0x00000000e8000000)
  to   space 21824K,   0% used [0x00000000e5560000, 0x00000000e5560000, 0x00000000e6ab0000)
 concurrent mark-sweep generation total 393216K, used 0K [0x00000000e8000000, 0x0000000100000000, 0x0000000100000000)
 Metaspace       used 19950K, capacity 20290K, committed 20480K, reserved 1067008K
  class space    used 2401K, capacity 2521K, committed 2560K, reserved 1048576K
}
2015-09-09T15:01:46.064+0200: 1.241: Total time for which application threads were stopped: 0.0059279 seconds, Stopping threads took: 0.0000752 seconds
{Heap before GC invocations=3 (full 0):
 par new generation   total 109248K, used 100664K [0x00000000e0000000, 0x00000000e8000000, 0x00000000e8000000)
  eden space 87424K, 100% used [0x00000000e0000000, 0x00000000e5560000, 0x00000000e5560000)
  from space 21824K,  60% used [0x00000000e6ab0000, 0x00000000e779e320, 0x00000000e8000000)
  to   space 21824K,   0% used [0x00000000e5560000, 0x00000000e5560000, 0x00000000e6ab0000)
 concurrent mark-sweep generation total 393216K, used 0K [0x00000000e8000000, 0x0000000100000000, 0x0000000100000000)
 Metaspace       used 20773K, capacity 21146K, committed 21296K, reserved 1069056K
  class space    used 2515K, capacity 2653K, committed 2688K, reserved 1048576K
2015-09-09T15:01:46.135+0200: 1.312: [GC (Allocation Failure) 1.313: [ParNew
Desired survivor size 20112992 bytes, new threshold 8 (max 8)
- age   1:     945736 bytes,     945736 total
- age   2:    1673864 bytes,    2619600 total
- age   3:    2932080 bytes,    5551680 total
- age   4:    2464296 bytes,    8015976 total
: 100664K->9547K(109248K), 0.0048483 secs] 100664K->9547K(502464K), 0.0049004 secs] [Times: user=0.00 sys=0.00, real=0.01 secs] 
Heap after GC invocations=4 (full 0):
 par new generation   total 109248K, used 9547K [0x00000000e0000000, 0x00000000e8000000, 0x00000000e8000000)
  eden space 87424K,   0% used [0x00000000e0000000, 0x00000000e0000000, 0x00000000e5560000)
  from space 21824K,  43% used [0x00000000e5560000, 0x00000000e5eb2d40, 0x00000000e6ab0000)
  to   space 21824K,   0% used [0x00000000e6ab0000, 0x00000000e6ab0000, 0x00000000e8000000)
 concurrent mark-sweep generation total 393216K, used 0K [0x00000000e8000000, 0x0000000100000000, 0x0000000100000000)
 Metaspace       used 20773K, capacity 21146K, committed 21296K, reserved 1069056K
  class space    used 2515K, capacity 2653K, committed 2688K, reserved 1048576K
}
2015-09-09T15:01:46.140+0200: 1.317: Total time for which application threads were stopped: 0.0050579 seconds, Stopping threads took: 0.0000208 seconds
2015-09-09T15:01:46.141+0200: 1.318: Total time for which application threads were stopped: 0.0000605 seconds, Stopping threads took: 0.0000243 seconds
2015-09-09T15:01:46.141+0200: 1.319: [GC (CMS Initial Mark) [1 CMS-initial-mark: 0K(393216K)] 12540K(502464K), 0.0019017 secs] [Times: user=0.00 sys=0.00, real=0.00 secs] 
2015-09-09T15:01:46.143+0200: 1.320: Total time for which application threads were stopped: 0.0019776 seconds, Stopping threads took: 0.0000131 seconds
2015-09-09T15:01:46.143+0200: 1.320: [CMS-concurrent-mark-start]
2015-09-09T15:01:46.150+0200: 1.328: [CMS-concurrent-mark: 0.007/0.007 secs] [Times: user=0.06 sys=0.00, real=0.01 secs] 
2015-09-09T15:01:46.150+0200: 1.328: [CMS-concurrent-preclean-start]
2015-09-09T15:01:46.151+0200: 1.329: [CMS-concurrent-preclean: 0.001/0.001 secs] [Times: user=0.00 sys=0.00, real=0.00 secs] 
2015-09-09T15:01:46.151+0200: 1.329: [CMS-concurrent-abortable-preclean-start]
2015-09-09T15:01:46.176+0200: 1.353: Total time for which application threads were stopped: 0.0000787 seconds, Stopping threads took: 0.0000259 seconds
2015-09-09T15:01:46.187+0200: 1.364: Total time for which application threads were stopped: 0.0002589 seconds, Stopping threads took: 0.0000291 seconds
2015-09-09T15:01:46.197+0200: 1.374: Total time for which application threads were stopped: 0.0000944 seconds, Stopping threads took: 0.0000403 seconds
2015-09-09T15:01:46.231+0200: 1.409: Total time for which application threads were stopped: 0.0004010 seconds, Stopping threads took: 0.0003443 seconds
2015-09-09T15:01:46.231+0200: 1.409: [CMS-concurrent-abortable-preclean: 0.061/0.080 secs] [Times: user=0.30 sys=0.00, real=0.08 secs] 
2015-09-09T15:01:46.232+0200: 1.409: [GC (CMS Final Remark) [YG occupancy: 71064 K (109248 K)]{Heap before GC invocations=4 (full 1):
 par new generation   total 109248K, used 71064K [0x00000000e0000000, 0x00000000e8000000, 0x00000000e8000000)
  eden space 87424K,  70% used [0x00000000e0000000, 0x00000000e3c13650, 0x00000000e5560000)
  from space 21824K,  43% used [0x00000000e5560000, 0x00000000e5eb2d40, 0x00000000e6ab0000)
  to   space 21824K,   0% used [0x00000000e6ab0000, 0x00000000e6ab0000, 0x00000000e8000000)
 concurrent mark-sweep generation total 393216K, used 0K [0x00000000e8000000, 0x0000000100000000, 0x0000000100000000)
 Metaspace       used 21878K, capacity 22276K, committed 22548K, reserved 1069056K
  class space    used 2663K, capacity 2816K, committed 2816K, reserved 1048576K
2015-09-09T15:01:46.232+0200: 1.409: [GC (CMS Final Remark) 1.409: [ParNew
Desired survivor size 20112992 bytes, new threshold 8 (max 8)
- age   1:    1109104 bytes,    1109104 total
- age   2:     186912 bytes,    1296016 total
- age   3:    1285600 bytes,    2581616 total
- age   4:    2931568 bytes,    5513184 total
- age   5:    2464192 bytes,    7977376 total
: 71064K->12130K(109248K), 0.0044400 secs] 71064K->12130K(502464K), 0.0044739 secs] [Times: user=0.00 sys=0.00, real=0.00 secs] 
Heap after GC invocations=5 (full 1):
 par new generation   total 109248K, used 12130K [0x00000000e0000000, 0x00000000e8000000, 0x00000000e8000000)
  eden space 87424K,   0% used [0x00000000e0000000, 0x00000000e0000000, 0x00000000e5560000)
  from space 21824K,  55% used [0x00000000e6ab0000, 0x00000000e7688b58, 0x00000000e8000000)
  to   space 21824K,   0% used [0x00000000e5560000, 0x00000000e5560000, 0x00000000e6ab0000)
 concurrent mark-sweep generation total 393216K, used 0K [0x00000000e8000000, 0x0000000100000000, 0x0000000100000000)
 Metaspace       used 21878K, capacity 22276K, committed 22548K, reserved 1069056K
  class space    used 2663K, capacity 2816K, committed 2816K, reserved 1048576K
}
1.414: [Rescan (parallel) , 0.0015312 secs]1.415: [weak refs processing, 0.0004538 secs]1.416: [class unloading, 0.0025475 secs]1.418: [scrub symbol table, 0.0020576 secs]1.420: [scrub string table, 0.0002243 secs][1 CMS-remark: 0K(393216K)] 12130K(502464K), 0.0120709 secs] [Times: user=0.06 sys=0.00, real=0.01 secs] 
2015-09-09T15:01:46.244+0200: 1.421: Total time for which application threads were stopped: 0.0121557 seconds, Stopping threads took: 0.0000272 seconds
2015-09-09T15:01:46.244+0200: 1.421: [CMS-concurrent-sweep-start]
2015-09-09T15:01:46.244+0200: 1.421: [CMS-concurrent-sweep: 0.000/0.000 secs] [Times: user=0.00 sys=0.00, real=0.00 secs] 
2015-09-09T15:01:46.244+0200: 1.421: [CMS-concurrent-reset-start]
2015-09-09T15:01:46.245+0200: 1.422: [CMS-concurrent-reset: 0.001/0.001 secs] [Times: user=0.00 sys=0.00, real=0.00 secs] 
2015-09-09T15:01:46.255+0200: 1.433: Total time for which application threads were stopped: 0.0002854 seconds, Stopping threads took: 0.0000208 seconds
2015-09-09T15:01:46.330+0200: 1.508: Total time for which application threads were stopped: 0.0004768 seconds, Stopping threads took: 0.0002006 seconds
2015-09-09T15:01:46.337+0200: 1.515: Total time for which application threads were stopped: 0.0003072 seconds, Stopping threads took: 0.0000154 seconds
2015-09-09T15:01:46.354+0200: 1.531: Total time for which application threads were stopped: 0.0003027 seconds, Stopping threads took: 0.0000170 seconds
{Heap before GC invocations=5 (full 1):
 par new generation   total 109248K, used 99554K [0x00000000e0000000, 0x00000000e8000000, 0x00000000e8000000)
  eden space 87424K, 100% used [0x00000000e0000000, 0x00000000e5560000, 0x00000000e5560000)
  from space 21824K,  55% used [0x00000000e6ab0000, 0x00000000e7688b58, 0x00000000e8000000)
  to   space 21824K,   0% used [0x00000000e5560000, 0x00000000e5560000, 0x00000000e6ab0000)
 concurrent mark-sweep generation total 393216K, used 0K [0x00000000e8000000, 0x0000000100000000, 0x0000000100000000)
 Metaspace       used 25922K, capacity 26282K, committed 26624K, reserved 1073152K
  class space    used 3146K, capacity 3297K, committed 3328K, reserved 1048576K
2015-09-09T15:01:46.514+0200: 1.691: [GC (Allocation Failure) 1.691: [ParNew
Desired survivor size 20112992 bytes, new threshold 8 (max 8)
- age   1:    8961160 bytes,    8961160 total
- age   2:     201072 bytes,    9162232 total
- age   3:     183424 bytes,    9345656 total
- age   4:     554360 bytes,    9900016 total
- age   5:    2921720 bytes,   12821736 total
- age   6:    2463904 bytes,   15285640 total
: 99554K->16562K(109248K), 0.0106997 secs] 99554K->16562K(502464K), 0.0107823 secs] [Times: user=0.06 sys=0.00, real=0.01 secs] 
Heap after GC invocations=6 (full 1):
 par new generation   total 109248K, used 16562K [0x00000000e0000000, 0x00000000e8000000, 0x00000000e8000000)
  eden space 87424K,   0% used [0x00000000e0000000, 0x00000000e0000000, 0x00000000e5560000)
  from space 21824K,  75% used [0x00000000e5560000, 0x00000000e658ca20, 0x00000000e6ab0000)
  to   space 21824K,   0% used [0x00000000e6ab0000, 0x00000000e6ab0000, 0x00000000e8000000)
 concurrent mark-sweep generation total 393216K, used 0K [0x00000000e8000000, 0x0000000100000000, 0x0000000100000000)
 Metaspace       used 25922K, capacity 26282K, committed 26624K, reserved 1073152K
  class space    used 3146K, capacity 3297K, committed 3328K, reserved 1048576K
}
2015-09-09T15:01:46.525+0200: 1.702: Total time for which application threads were stopped: 0.0109868 seconds, Stopping threads took: 0.0000154 seconds
2015-09-09T15:01:46.562+0200: 1.739: Total time for which application threads were stopped: 0.0003501 seconds, Stopping threads took: 0.0000166 seconds
2015-09-09T15:01:47.562+0200: 2.739: Total time for which application threads were stopped: 0.0000810 seconds, Stopping threads took: 0.0000230 seconds
2015-09-09T15:01:47.811+0200: 2.989: Total time for which application threads were stopped: 0.0003965 seconds, Stopping threads took: 0.0000237 seconds
2015-09-09T15:01:48.812+0200: 3.989: Total time for which application threads were stopped: 0.0000986 seconds, Stopping threads took: 0.0000154 seconds
2015-09-09T15:01:49.039+0200: 4.217: Total time for which application threads were stopped: 0.0002554 seconds, Stopping threads took: 0.0000224 seconds
2015-09-09T15:02:03.895+0200: 19.072: Total time for which application threads were stopped: 0.0000538 seconds, Stopping threads took: 0.0000144 seconds
2015-09-09T15:02:03.895+0200: 19.072: Total time for which application threads were stopped: 0.0000285 seconds, Stopping threads took: 0.0000093 seconds
2015-09-09T15:02:03.896+0200: 19.073: Total time for which application threads were stopped: 0.0000682 seconds, Stopping threads took: 0.0000227 seconds
2015-09-09T15:02:04.896+0200: 20.073: Total time for which application threads were stopped: 0.0000611 seconds, Stopping threads took: 0.0000234 seconds
2015-09-09T15:02:11.508+0200: 26.686: Total time for which application threads were stopped: 0.0000592 seconds, Stopping threads took: 0.0000230 seconds
2015-09-09T15:02:11.508+0200: 26.686: Total time for which application threads were stopped: 0.0000499 seconds, Stopping threads took: 0.0000192 seconds
2015-09-09T15:02:11.516+0200: 26.694: Total time for which application threads were stopped: 0.0000554 seconds, Stopping threads took: 0.0000141 seconds
2015-09-09T15:02:12.516+0200: 27.693: Total time for which application threads were stopped: 0.0000733 seconds, Stopping threads took: 0.0000272 seconds
2015-09-09T15:02:13.272+0200: 28.449: Total time for which application threads were stopped: 0.0000605 seconds, Stopping threads took: 0.0000182 seconds
2015-09-09T15:02:13.272+0200: 28.450: Total time for which application threads were stopped: 0.0000394 seconds, Stopping threads took: 0.0000118 seconds
2015-09-09T15:02:13.273+0200: 28.450: Total time for which application threads were stopped: 0.0000573 seconds, Stopping threads took: 0.0000189 seconds
2015-09-09T15:02:13.273+0200: 28.451: Total time for which application threads were stopped: 0.0000733 seconds, Stopping threads took: 0.0000246 seconds
2015-09-09T15:02:13.282+0200: 28.460: Total time for which application threads were stopped: 0.0000672 seconds, Stopping threads took: 0.0000189 seconds
2015-09-09T15:02:13.283+0200: 28.461: Total time for which application threads were stopped: 0.0001440 seconds, Stopping threads took: 0.0001104 seconds
2015-09-09T15:02:13.283+0200: 28.461: Total time for which application threads were stopped: 0.0000368 seconds, Stopping threads took: 0.0000128 seconds
2015-09-09T15:02:13.285+0200: 28.463: Total time for which application threads were stopped: 0.0000586 seconds, Stopping threads took: 0.0000141 seconds
2015-09-09T15:02:13.285+0200: 28.463: Total time for which application threads were stopped: 0.0002118 seconds, Stopping threads took: 0.0001549 seconds
2015-09-09T15:02:13.286+0200: 28.464: Total time for which application threads were stopped: 0.0000893 seconds, Stopping threads took: 0.0000285 seconds
2015-09-09T15:02:13.286+0200: 28.464: Total time for which application threads were stopped: 0.0000307 seconds, Stopping threads took: 0.0000083 seconds
2015-09-09T15:02:13.289+0200: 28.466: Total time for which application threads were stopped: 0.0000742 seconds, Stopping threads took: 0.0000198 seconds
2015-09-09T15:02:13.290+0200: 28.468: Total time for which application threads were stopped: 0.0000749 seconds, Stopping threads took: 0.0000221 seconds
2015-09-09T15:02:13.291+0200: 28.469: Total time for which application threads were stopped: 0.0000778 seconds, Stopping threads took: 0.0000326 seconds
2015-09-09T15:02:13.291+0200: 28.469: Total time for which application threads were stopped: 0.0000355 seconds, Stopping threads took: 0.0000109 seconds
2015-09-09T15:02:14.291+0200: 29.468: Total time for which application threads were stopped: 0.0000730 seconds, Stopping threads took: 0.0000259 seconds
2015-09-09T15:02:15.360+0200: 30.537: Total time for which application threads were stopped: 0.0000630 seconds, Stopping threads took: 0.0000144 seconds
2015-09-09T15:02:15.361+0200: 30.538: Total time for which application threads were stopped: 0.0000586 seconds, Stopping threads took: 0.0000154 seconds
2015-09-09T15:02:15.361+0200: 30.538: Total time for which application threads were stopped: 0.0000704 seconds, Stopping threads took: 0.0000342 seconds
2015-09-09T15:02:15.369+0200: 30.546: Total time for which application threads were stopped: 0.0000550 seconds, Stopping threads took: 0.0000157 seconds
2015-09-09T15:02:15.370+0200: 30.546: Total time for which application threads were stopped: 0.0000384 seconds, Stopping threads took: 0.0000067 seconds
2015-09-09T15:02:15.372+0200: 30.549: Total time for which application threads were stopped: 0.0001146 seconds, Stopping threads took: 0.0000150 seconds
2015-09-09T15:02:22.372+0200: 37.549: Total time for which application threads were stopped: 0.0000714 seconds, Stopping threads took: 0.0000246 seconds
2015-09-09T15:02:23.372+0200: 38.549: Total time for which application threads were stopped: 0.0000701 seconds, Stopping threads took: 0.0000269 seconds
2015-09-09T15:02:36.048+0200: 51.224: Total time for which application threads were stopped: 0.0003440 seconds, Stopping threads took: 0.0000250 seconds
2015-09-09T15:02:40.048+0200: 55.225: Total time for which application threads were stopped: 0.0000723 seconds, Stopping threads took: 0.0000278 seconds
2015-09-09T15:02:44.048+0200: 59.225: Total time for which application threads were stopped: 0.0000589 seconds, Stopping threads took: 0.0000160 seconds
2015-09-09T15:03:06.049+0200: 81.226: Total time for which application threads were stopped: 0.0000656 seconds, Stopping threads took: 0.0000269 seconds
2015-09-09T15:03:31.634+0200: 106.811: Total time for which application threads were stopped: 0.0000912 seconds, Stopping threads took: 0.0000323 seconds
2015-09-09T15:03:31.635+0200: 106.811: Total time for which application threads were stopped: 0.0000330 seconds, Stopping threads took: 0.0000080 seconds
2015-09-09T15:03:31.635+0200: 106.811: Total time for which application threads were stopped: 0.0000221 seconds, Stopping threads took: 0.0000048 seconds
2015-09-09T15:03:31.635+0200: 106.811: Total time for which application threads were stopped: 0.0000198 seconds, Stopping threads took: 0.0000038 seconds
2015-09-09T15:03:31.637+0200: 106.813: Total time for which application threads were stopped: 0.0003014 seconds, Stopping threads took: 0.0000202 seconds
2015-09-09T15:03:31.638+0200: 106.814: Total time for which application threads were stopped: 0.0000406 seconds, Stopping threads took: 0.0000163 seconds
2015-09-09T15:03:32.108+0200: 107.285: Total time for which application threads were stopped: 0.0001104 seconds, Stopping threads took: 0.0000186 seconds
2015-09-09T15:03:32.108+0200: 107.285: Total time for which application threads were stopped: 0.0000403 seconds, Stopping threads took: 0.0000154 seconds
2015-09-09T15:03:32.110+0200: 107.287: Total time for which application threads were stopped: 0.0000368 seconds, Stopping threads took: 0.0000125 seconds
2015-09-09T15:03:32.120+0200: 107.296: Total time for which application threads were stopped: 0.0000630 seconds, Stopping threads took: 0.0000141 seconds
2015-09-09T15:03:34.120+0200: 109.296: Total time for which application threads were stopped: 0.0000669 seconds, Stopping threads took: 0.0000272 seconds
2015-09-09T15:03:35.378+0200: 110.555: Total time for which application threads were stopped: 0.0000480 seconds, Stopping threads took: 0.0000125 seconds
2015-09-09T15:03:35.378+0200: 110.555: Total time for which application threads were stopped: 0.0000522 seconds, Stopping threads took: 0.0000202 seconds
2015-09-09T15:03:38.378+0200: 113.554: Total time for which application threads were stopped: 0.0000685 seconds, Stopping threads took: 0.0000278 seconds
2015-09-09T15:03:56.379+0200: 131.555: Total time for which application threads were stopped: 0.0000707 seconds, Stopping threads took: 0.0000262 seconds
2015-09-09T15:03:57.379+0200: 132.555: Total time for which application threads were stopped: 0.0000742 seconds, Stopping threads took: 0.0000310 seconds
2015-09-09T15:04:01.380+0200: 136.556: Total time for which application threads were stopped: 0.0000691 seconds, Stopping threads took: 0.0000272 seconds
2015-09-09T15:04:06.380+0200: 141.556: Total time for which application threads were stopped: 0.0000685 seconds, Stopping threads took: 0.0000272 seconds
2015-09-09T15:04:23.954+0200: 159.130: Total time for which application threads were stopped: 0.0000784 seconds, Stopping threads took: 0.0000144 seconds
2015-09-09T15:04:23.954+0200: 159.130: Total time for which application threads were stopped: 0.0000250 seconds, Stopping threads took: 0.0000054 seconds
2015-09-09T15:04:23.954+0200: 159.130: Total time for which application threads were stopped: 0.0000531 seconds, Stopping threads took: 0.0000179 seconds
2015-09-09T15:04:23.955+0200: 159.131: Total time for which application threads were stopped: 0.0000509 seconds, Stopping threads took: 0.0000150 seconds
2015-09-09T15:04:24.275+0200: 159.451: Total time for which application threads were stopped: 0.0000742 seconds, Stopping threads took: 0.0000134 seconds
2015-09-09T15:04:24.275+0200: 159.451: Total time for which application threads were stopped: 0.0000445 seconds, Stopping threads took: 0.0000099 seconds
2015-09-09T15:04:24.275+0200: 159.451: Total time for which application threads were stopped: 0.0000365 seconds, Stopping threads took: 0.0000064 seconds
2015-09-09T15:04:24.276+0200: 159.452: Total time for which application threads were stopped: 0.0000362 seconds, Stopping threads took: 0.0000090 seconds
2015-09-09T15:04:24.287+0200: 159.463: Total time for which application threads were stopped: 0.0000621 seconds, Stopping threads took: 0.0000128 seconds
2015-09-09T15:05:44.257+0200: 239.433: Total time for which application threads were stopped: 0.0000550 seconds, Stopping threads took: 0.0000141 seconds
2015-09-09T15:05:44.257+0200: 239.433: Total time for which application threads were stopped: 0.0000230 seconds, Stopping threads took: 0.0000045 seconds
2015-09-09T15:05:44.268+0200: 239.443: Total time for which application threads were stopped: 0.0000659 seconds, Stopping threads took: 0.0000240 seconds
2015-09-09T15:05:44.268+0200: 239.444: Total time for which application threads were stopped: 0.0000832 seconds, Stopping threads took: 0.0000496 seconds
2015-09-09T15:05:44.287+0200: 239.463: Total time for which application threads were stopped: 0.0000845 seconds, Stopping threads took: 0.0000144 seconds
2015-09-09T15:05:44.287+0200: 239.463: Total time for which application threads were stopped: 0.0000400 seconds, Stopping threads took: 0.0000080 seconds
2015-09-09T15:05:52.921+0200: 248.096: Total time for which application threads were stopped: 0.0001155 seconds, Stopping threads took: 0.0000138 seconds
2015-09-09T15:05:52.931+0200: 248.106: Total time for which application threads were stopped: 0.0000534 seconds, Stopping threads took: 0.0000122 seconds
2015-09-09T15:05:52.932+0200: 248.107: Total time for which application threads were stopped: 0.0001386 seconds, Stopping threads took: 0.0000998 seconds
2015-09-09T15:05:52.952+0200: 248.127: Total time for which application threads were stopped: 0.0000941 seconds, Stopping threads took: 0.0000234 seconds
2015-09-09T15:05:52.952+0200: 248.127: Total time for which application threads were stopped: 0.0000310 seconds, Stopping threads took: 0.0000048 seconds
2015-09-09T15:05:52.952+0200: 248.127: Total time for which application threads were stopped: 0.0000458 seconds, Stopping threads took: 0.0000173 seconds
2015-09-09T15:05:52.955+0200: 248.130: Total time for which application threads were stopped: 0.0000781 seconds, Stopping threads took: 0.0000144 seconds
2015-09-09T15:05:52.955+0200: 248.130: Total time for which application threads were stopped: 0.0000419 seconds, Stopping threads took: 0.0000080 seconds
2015-09-09T15:05:52.956+0200: 248.131: Total time for which application threads were stopped: 0.0000538 seconds, Stopping threads took: 0.0000166 seconds
2015-09-09T15:05:52.956+0200: 248.132: Total time for which application threads were stopped: 0.0000330 seconds, Stopping threads took: 0.0000128 seconds
2015-09-09T15:05:52.957+0200: 248.132: Total time for which application threads were stopped: 0.0000778 seconds, Stopping threads took: 0.0000496 seconds
2015-09-09T15:05:52.958+0200: 248.133: Total time for which application threads were stopped: 0.0000557 seconds, Stopping threads took: 0.0000125 seconds
2015-09-09T15:05:52.958+0200: 248.133: Total time for which application threads were stopped: 0.0000314 seconds, Stopping threads took: 0.0000077 seconds
2015-09-09T15:05:53.039+0200: 248.215: Total time for which application threads were stopped: 0.0000547 seconds, Stopping threads took: 0.0000144 seconds
2015-09-09T15:05:53.040+0200: 248.215: Total time for which application threads were stopped: 0.0000246 seconds, Stopping threads took: 0.0000054 seconds
2015-09-09T15:05:53.040+0200: 248.215: Total time for which application threads were stopped: 0.0000374 seconds, Stopping threads took: 0.0000083 seconds
{Heap before GC invocations=6 (full 1):
 par new generation   total 109248K, used 103986K [0x00000000e0000000, 0x00000000e8000000, 0x00000000e8000000)
  eden space 87424K, 100% used [0x00000000e0000000, 0x00000000e5560000, 0x00000000e5560000)
  from space 21824K,  75% used [0x00000000e5560000, 0x00000000e658ca20, 0x00000000e6ab0000)
  to   space 21824K,   0% used [0x00000000e6ab0000, 0x00000000e6ab0000, 0x00000000e8000000)
 concurrent mark-sweep generation total 393216K, used 0K [0x00000000e8000000, 0x0000000100000000, 0x0000000100000000)
 Metaspace       used 30170K, capacity 30600K, committed 30976K, reserved 1077248K
  class space    used 3602K, capacity 3750K, committed 3840K, reserved 1048576K
2015-09-09T15:05:53.086+0200: 248.261: [GC (Allocation Failure) 248.261: [ParNew
Desired survivor size 20112992 bytes, new threshold 8 (max 8)
- age   1:    6993240 bytes,    6993240 total
- age   2:    5591248 bytes,   12584488 total
- age   3:     198368 bytes,   12782856 total
- age   4:     182768 bytes,   12965624 total
- age   5:     542856 bytes,   13508480 total
- age   6:    2856080 bytes,   16364560 total
- age   7:    2440224 bytes,   18804784 total
: 103986K->21824K(109248K), 0.0138824 secs] 103986K->22084K(502464K), 0.0139832 secs] [Times: user=0.06 sys=0.00, real=0.01 secs] 
Heap after GC invocations=7 (full 1):
 par new generation   total 109248K, used 21824K [0x00000000e0000000, 0x00000000e8000000, 0x00000000e8000000)
  eden space 87424K,   0% used [0x00000000e0000000, 0x00000000e0000000, 0x00000000e5560000)
  from space 21824K, 100% used [0x00000000e6ab0000, 0x00000000e8000000, 0x00000000e8000000)
  to   space 21824K,   0% used [0x00000000e5560000, 0x00000000e5560000, 0x00000000e6ab0000)
 concurrent mark-sweep generation total 393216K, used 260K [0x00000000e8000000, 0x0000000100000000, 0x0000000100000000)
 Metaspace       used 30170K, capacity 30600K, committed 30976K, reserved 1077248K
  class space    used 3602K, capacity 3750K, committed 3840K, reserved 1048576K
}
2015-09-09T15:05:53.100+0200: 248.275: Total time for which application threads were stopped: 0.0141493 seconds, Stopping threads took: 0.0000186 seconds
2015-09-09T15:05:53.102+0200: 248.277: Total time for which application threads were stopped: 0.0001037 seconds, Stopping threads took: 0.0000323 seconds
2015-09-09T15:05:53.102+0200: 248.278: Total time for which application threads were stopped: 0.0000502 seconds, Stopping threads took: 0.0000090 seconds
2015-09-09T15:05:53.102+0200: 248.278: Total time for which application threads were stopped: 0.0000646 seconds, Stopping threads took: 0.0000115 seconds
2015-09-09T15:05:53.110+0200: 248.285: Total time for which application threads were stopped: 0.0003430 seconds, Stopping threads took: 0.0000176 seconds
{Heap before GC invocations=7 (full 1):
 par new generation   total 109248K, used 109248K [0x00000000e0000000, 0x00000000e8000000, 0x00000000e8000000)
  eden space 87424K, 100% used [0x00000000e0000000, 0x00000000e5560000, 0x00000000e5560000)
  from space 21824K, 100% used [0x00000000e6ab0000, 0x00000000e8000000, 0x00000000e8000000)
  to   space 21824K,   0% used [0x00000000e5560000, 0x00000000e5560000, 0x00000000e6ab0000)
 concurrent mark-sweep generation total 393216K, used 260K [0x00000000e8000000, 0x0000000100000000, 0x0000000100000000)
 Metaspace       used 30250K, capacity 30664K, committed 30976K, reserved 1077248K
  class space    used 3605K, capacity 3750K, committed 3840K, reserved 1048576K
2015-09-09T15:05:53.154+0200: 248.329: [GC (Allocation Failure) 248.329: [ParNew
Desired survivor size 20112992 bytes, new threshold 8 (max 8)
- age   1:     977216 bytes,     977216 total
- age   2:    4647496 bytes,    5624712 total
- age   3:    5568160 bytes,   11192872 total
- age   4:     198304 bytes,   11391176 total
- age   5:     182840 bytes,   11574016 total
- age   6:     542856 bytes,   12116872 total
- age   7:    2855392 bytes,   14972264 total
- age   8:    2440224 bytes,   17412488 total
: 109248K->21824K(109248K), 0.0085686 secs] 109508K->22084K(502464K), 0.0086262 secs] [Times: user=0.06 sys=0.00, real=0.01 secs] 
Heap after GC invocations=8 (full 1):
 par new generation   total 109248K, used 21824K [0x00000000e0000000, 0x00000000e8000000, 0x00000000e8000000)
  eden space 87424K,   0% used [0x00000000e0000000, 0x00000000e0000000, 0x00000000e5560000)
  from space 21824K, 100% used [0x00000000e5560000, 0x00000000e6ab0000, 0x00000000e6ab0000)
  to   space 21824K,   0% used [0x00000000e6ab0000, 0x00000000e6ab0000, 0x00000000e8000000)
 concurrent mark-sweep generation total 393216K, used 260K [0x00000000e8000000, 0x0000000100000000, 0x0000000100000000)
 Metaspace       used 30250K, capacity 30664K, committed 30976K, reserved 1077248K
  class space    used 3605K, capacity 3750K, committed 3840K, reserved 1048576K
}
2015-09-09T15:05:53.163+0200: 248.338: Total time for which application threads were stopped: 0.0088044 seconds, Stopping threads took: 0.0000189 seconds
2015-09-09T15:05:53.163+0200: 248.338: Total time for which application threads were stopped: 0.0000893 seconds, Stopping threads took: 0.0000262 seconds
2015-09-09T15:05:53.274+0200: 248.449: Total time for which application threads were stopped: 0.0001088 seconds, Stopping threads took: 0.0000237 seconds
2015-09-09T15:05:53.295+0200: 248.470: Total time for which application threads were stopped: 0.0003494 seconds, Stopping threads took: 0.0000163 seconds
{Heap before GC invocations=8 (full 1):
 par new generation   total 109248K, used 109248K [0x00000000e0000000, 0x00000000e8000000, 0x00000000e8000000)
  eden space 87424K, 100% used [0x00000000e0000000, 0x00000000e5560000, 0x00000000e5560000)
  from space 21824K, 100% used [0x00000000e5560000, 0x00000000e6ab0000, 0x00000000e6ab0000)
  to   space 21824K,   0% used [0x00000000e6ab0000, 0x00000000e6ab0000, 0x00000000e8000000)
 concurrent mark-sweep generation total 393216K, used 260K [0x00000000e8000000, 0x0000000100000000, 0x0000000100000000)
 Metaspace       used 30642K, capacity 31060K, committed 31232K, reserved 1077248K
  class space    used 3645K, capacity 3816K, committed 3840K, reserved 1048576K
2015-09-09T15:05:53.330+0200: 248.505: [GC (Allocation Failure) 248.505: [ParNew
Desired survivor size 20112992 bytes, new threshold 8 (max 8)
- age   1:    1121168 bytes,    1121168 total
- age   2:     136104 bytes,    1257272 total
- age   3:    4635432 bytes,    5892704 total
- age   4:    5557888 bytes,   11450592 total
- age   5:     198096 bytes,   11648688 total
- age   6:     182768 bytes,   11831456 total
- age   7:     542856 bytes,   12374312 total
- age   8:    2854032 bytes,   15228344 total
: 109248K->21824K(109248K), 0.0169445 secs] 109508K->24709K(502464K), 0.0169947 secs] [Times: user=0.05 sys=0.00, real=0.02 secs] 
Heap after GC invocations=9 (full 1):
 par new generation   total 109248K, used 21824K [0x00000000e0000000, 0x00000000e8000000, 0x00000000e8000000)
  eden space 87424K,   0% used [0x00000000e0000000, 0x00000000e0000000, 0x00000000e5560000)
  from space 21824K, 100% used [0x00000000e6ab0000, 0x00000000e8000000, 0x00000000e8000000)
  to   space 21824K,   0% used [0x00000000e5560000, 0x00000000e5560000, 0x00000000e6ab0000)
 concurrent mark-sweep generation total 393216K, used 2885K [0x00000000e8000000, 0x0000000100000000, 0x0000000100000000)
 Metaspace       used 30642K, capacity 31060K, committed 31232K, reserved 1077248K
  class space    used 3645K, capacity 3816K, committed 3840K, reserved 1048576K
}
2015-09-09T15:05:53.347+0200: 248.522: Total time for which application threads were stopped: 0.0171707 seconds, Stopping threads took: 0.0000221 seconds
2015-09-09T15:05:53.347+0200: 248.522: Total time for which application threads were stopped: 0.0000909 seconds, Stopping threads took: 0.0000170 seconds
2015-09-09T15:05:53.347+0200: 248.522: Total time for which application threads were stopped: 0.0000496 seconds, Stopping threads took: 0.0000163 seconds
2015-09-09T15:05:53.347+0200: 248.522: Total time for which application threads were stopped: 0.0000464 seconds, Stopping threads took: 0.0000109 seconds
2015-09-09T15:05:53.347+0200: 248.523: Total time for which application threads were stopped: 0.0000435 seconds, Stopping threads took: 0.0000128 seconds
2015-09-09T15:05:53.347+0200: 248.523: Total time for which application threads were stopped: 0.0000438 seconds, Stopping threads took: 0.0000134 seconds
2015-09-09T15:05:53.347+0200: 248.523: Total time for which application threads were stopped: 0.0000403 seconds, Stopping threads took: 0.0000102 seconds
2015-09-09T15:05:53.348+0200: 248.523: Total time for which application threads were stopped: 0.0001018 seconds, Stopping threads took: 0.0000099 seconds
2015-09-09T15:05:53.349+0200: 248.524: Total time for which application threads were stopped: 0.0000835 seconds, Stopping threads took: 0.0000192 seconds
2015-09-09T15:05:53.360+0200: 248.535: Total time for which application threads were stopped: 0.0000941 seconds, Stopping threads took: 0.0000208 seconds
2015-09-09T15:05:53.360+0200: 248.535: Total time for which application threads were stopped: 0.0000458 seconds, Stopping threads took: 0.0000106 seconds
2015-09-09T15:05:54.360+0200: 249.535: Total time for which application threads were stopped: 0.0000746 seconds, Stopping threads took: 0.0000275 seconds
2015-09-09T15:07:10.802+0200: 325.976: Total time for which application threads were stopped: 0.0000682 seconds, Stopping threads took: 0.0000144 seconds
2015-09-09T15:07:10.803+0200: 325.978: Total time for which application threads were stopped: 0.0000435 seconds, Stopping threads took: 0.0000086 seconds
2015-09-09T15:07:10.809+0200: 325.984: Total time for which application threads were stopped: 0.0000592 seconds, Stopping threads took: 0.0000122 seconds
2015-09-09T15:07:11.141+0200: 326.316: Total time for which application threads were stopped: 0.0000800 seconds, Stopping threads took: 0.0000144 seconds
2015-09-09T15:07:11.142+0200: 326.316: Total time for which application threads were stopped: 0.0000346 seconds, Stopping threads took: 0.0000077 seconds
2015-09-09T15:07:11.142+0200: 326.317: Total time for which application threads were stopped: 0.0000362 seconds, Stopping threads took: 0.0000086 seconds
2015-09-09T15:07:11.142+0200: 326.317: Total time for which application threads were stopped: 0.0000358 seconds, Stopping threads took: 0.0000080 seconds
2015-09-09T15:07:11.142+0200: 326.317: Total time for which application threads were stopped: 0.0000880 seconds, Stopping threads took: 0.0000518 seconds
2015-09-09T15:07:24.143+0200: 339.317: Total time for which application threads were stopped: 0.0000746 seconds, Stopping threads took: 0.0000282 seconds
2015-09-09T15:07:58.741+0200: 373.915: Total time for which application threads were stopped: 0.0000656 seconds, Stopping threads took: 0.0000154 seconds
2015-09-09T15:07:58.742+0200: 373.916: Total time for which application threads were stopped: 0.0000416 seconds, Stopping threads took: 0.0000096 seconds
2015-09-09T15:07:59.032+0200: 374.206: Total time for which application threads were stopped: 0.0000560 seconds, Stopping threads took: 0.0000134 seconds
2015-09-09T15:07:59.032+0200: 374.206: Total time for which application threads were stopped: 0.0000259 seconds, Stopping threads took: 0.0000051 seconds
2015-09-09T15:07:59.032+0200: 374.206: Total time for which application threads were stopped: 0.0000218 seconds, Stopping threads took: 0.0000038 seconds
2015-09-09T15:08:33.981+0200: 409.155: Total time for which application threads were stopped: 0.0000653 seconds, Stopping threads took: 0.0000147 seconds
2015-09-09T15:08:33.982+0200: 409.156: Total time for which application threads were stopped: 0.0000550 seconds, Stopping threads took: 0.0000202 seconds
2015-09-09T15:08:33.984+0200: 409.158: Total time for which application threads were stopped: 0.0000496 seconds, Stopping threads took: 0.0000106 seconds
2015-09-09T15:08:33.987+0200: 409.161: Total time for which application threads were stopped: 0.0000349 seconds, Stopping threads took: 0.0000074 seconds
2015-09-09T15:08:33.988+0200: 409.161: Total time for which application threads were stopped: 0.0000384 seconds, Stopping threads took: 0.0000166 seconds
2015-09-09T15:08:33.988+0200: 409.162: Total time for which application threads were stopped: 0.0000480 seconds, Stopping threads took: 0.0000275 seconds
2015-09-09T15:08:33.989+0200: 409.162: Total time for which application threads were stopped: 0.0000464 seconds, Stopping threads took: 0.0000160 seconds
2015-09-09T15:08:34.026+0200: 409.200: Total time for which application threads were stopped: 0.0001114 seconds, Stopping threads took: 0.0000157 seconds
2015-09-09T15:08:34.039+0200: 409.212: Total time for which application threads were stopped: 0.0000762 seconds, Stopping threads took: 0.0000157 seconds
2015-09-09T15:08:34.039+0200: 409.213: Total time for which application threads were stopped: 0.0000285 seconds, Stopping threads took: 0.0000083 seconds
2015-09-09T15:08:34.039+0200: 409.213: Total time for which application threads were stopped: 0.0000531 seconds, Stopping threads took: 0.0000147 seconds
2015-09-09T15:08:34.043+0200: 409.217: Total time for which application threads were stopped: 0.0007789 seconds, Stopping threads took: 0.0007136 seconds
2015-09-09T15:08:34.044+0200: 409.218: Total time for which application threads were stopped: 0.0000605 seconds, Stopping threads took: 0.0000141 seconds
2015-09-09T15:08:34.045+0200: 409.219: Total time for which application threads were stopped: 0.0000710 seconds, Stopping threads took: 0.0000118 seconds
2015-09-09T15:08:34.046+0200: 409.220: Total time for which application threads were stopped: 0.0000573 seconds, Stopping threads took: 0.0000122 seconds
2015-09-09T15:08:34.047+0200: 409.221: Total time for which application threads were stopped: 0.0000643 seconds, Stopping threads took: 0.0000125 seconds
2015-09-09T15:08:34.048+0200: 409.222: Total time for which application threads were stopped: 0.0000621 seconds, Stopping threads took: 0.0000173 seconds
2015-09-09T15:08:34.049+0200: 409.222: Total time for which application threads were stopped: 0.0000499 seconds, Stopping threads took: 0.0000115 seconds
2015-09-09T15:08:34.049+0200: 409.223: Total time for which application threads were stopped: 0.0000486 seconds, Stopping threads took: 0.0000138 seconds
2015-09-09T15:08:34.050+0200: 409.224: Total time for which application threads were stopped: 0.0000429 seconds, Stopping threads took: 0.0000122 seconds
2015-09-09T15:08:34.051+0200: 409.224: Total time for which application threads were stopped: 0.0000515 seconds, Stopping threads took: 0.0000125 seconds
2015-09-09T15:08:34.052+0200: 409.225: Total time for which application threads were stopped: 0.0000586 seconds, Stopping threads took: 0.0000131 seconds
2015-09-09T15:08:34.052+0200: 409.226: Total time for which application threads were stopped: 0.0000714 seconds, Stopping threads took: 0.0000330 seconds
2015-09-09T15:08:34.053+0200: 409.227: Total time for which application threads were stopped: 0.0000630 seconds, Stopping threads took: 0.0000154 seconds
2015-09-09T15:08:34.054+0200: 409.228: Total time for which application threads were stopped: 0.0000426 seconds, Stopping threads took: 0.0000102 seconds
2015-09-09T15:08:34.055+0200: 409.229: Total time for which application threads were stopped: 0.0000467 seconds, Stopping threads took: 0.0000099 seconds
2015-09-09T15:08:34.056+0200: 409.229: Total time for which application threads were stopped: 0.0000618 seconds, Stopping threads took: 0.0000166 seconds
2015-09-09T15:08:34.056+0200: 409.230: Total time for which application threads were stopped: 0.0000493 seconds, Stopping threads took: 0.0000109 seconds
2015-09-09T15:08:34.057+0200: 409.231: Total time for which application threads were stopped: 0.0000448 seconds, Stopping threads took: 0.0000102 seconds
2015-09-09T15:08:34.058+0200: 409.232: Total time for which application threads were stopped: 0.0001968 seconds, Stopping threads took: 0.0000826 seconds
2015-09-09T15:08:34.193+0200: 409.367: Total time for which application threads were stopped: 0.0001411 seconds, Stopping threads took: 0.0000240 seconds
{Heap before GC invocations=9 (full 1):
 par new generation   total 109248K, used 109248K [0x00000000e0000000, 0x00000000e8000000, 0x00000000e8000000)
  eden space 87424K, 100% used [0x00000000e0000000, 0x00000000e5560000, 0x00000000e5560000)
  from space 21824K, 100% used [0x00000000e6ab0000, 0x00000000e8000000, 0x00000000e8000000)
  to   space 21824K,   0% used [0x00000000e5560000, 0x00000000e5560000, 0x00000000e6ab0000)
 concurrent mark-sweep generation total 393216K, used 2885K [0x00000000e8000000, 0x0000000100000000, 0x0000000100000000)
 Metaspace       used 31649K, capacity 31988K, committed 32384K, reserved 1077248K
  class space    used 3708K, capacity 3848K, committed 3968K, reserved 1048576K
2015-09-09T15:08:34.358+0200: 409.532: [GC (Allocation Failure) 409.532: [ParNew
Desired survivor size 20112992 bytes, new threshold 8 (max 8)
- age   1:    5109200 bytes,    5109200 total
- age   2:     388848 bytes,    5498048 total
- age   3:     135480 bytes,    5633528 total
- age   4:    4584848 bytes,   10218376 total
- age   5:    5557688 bytes,   15776064 total
- age   6:     198096 bytes,   15974160 total
- age   7:     182768 bytes,   16156928 total
- age   8:     542856 bytes,   16699784 total
: 109248K->21602K(109248K), 0.0140367 secs] 112133K->27390K(502464K), 0.0140952 secs] [Times: user=0.05 sys=0.00, real=0.01 secs] 
Heap after GC invocations=10 (full 1):
 par new generation   total 109248K, used 21602K [0x00000000e0000000, 0x00000000e8000000, 0x00000000e8000000)
  eden space 87424K,   0% used [0x00000000e0000000, 0x00000000e0000000, 0x00000000e5560000)
  from space 21824K,  98% used [0x00000000e5560000, 0x00000000e6a789d0, 0x00000000e6ab0000)
  to   space 21824K,   0% used [0x00000000e6ab0000, 0x00000000e6ab0000, 0x00000000e8000000)
 concurrent mark-sweep generation total 393216K, used 5787K [0x00000000e8000000, 0x0000000100000000, 0x0000000100000000)
 Metaspace       used 31649K, capacity 31988K, committed 32384K, reserved 1077248K
  class space    used 3708K, capacity 3848K, committed 3968K, reserved 1048576K
}
2015-09-09T15:08:34.372+0200: 409.546: Total time for which application threads were stopped: 0.0143250 seconds, Stopping threads took: 0.0000192 seconds
2015-09-09T15:08:34.373+0200: 409.546: Total time for which application threads were stopped: 0.0000922 seconds, Stopping threads took: 0.0000355 seconds
{Heap before GC invocations=10 (full 1):
 par new generation   total 109248K, used 109026K [0x00000000e0000000, 0x00000000e8000000, 0x00000000e8000000)
  eden space 87424K, 100% used [0x00000000e0000000, 0x00000000e5560000, 0x00000000e5560000)
  from space 21824K,  98% used [0x00000000e5560000, 0x00000000e6a789d0, 0x00000000e6ab0000)
  to   space 21824K,   0% used [0x00000000e6ab0000, 0x00000000e6ab0000, 0x00000000e8000000)
 concurrent mark-sweep generation total 393216K, used 5787K [0x00000000e8000000, 0x0000000100000000, 0x0000000100000000)
 Metaspace       used 31649K, capacity 31988K, committed 32384K, reserved 1077248K
  class space    used 3708K, capacity 3848K, committed 3968K, reserved 1048576K
2015-09-09T15:08:34.745+0200: 409.919: [GC (Allocation Failure) 409.919: [ParNew
Desired survivor size 20112992 bytes, new threshold 8 (max 8)
- age   1:    4270264 bytes,    4270264 total
- age   2:    4001648 bytes,    8271912 total
- age   3:     388848 bytes,    8660760 total
- age   4:     135480 bytes,    8796240 total
- age   5:    4584848 bytes,   13381088 total
- age   6:    5522528 bytes,   18903616 total
- age   7:     198096 bytes,   19101712 total
- age   8:     181064 bytes,   19282776 total
: 109026K->21824K(109248K), 0.0102034 secs] 114814K->28221K(502464K), 0.0102565 secs] [Times: user=0.00 sys=0.00, real=0.01 secs] 
Heap after GC invocations=11 (full 1):
 par new generation   total 109248K, used 21824K [0x00000000e0000000, 0x00000000e8000000, 0x00000000e8000000)
  eden space 87424K,   0% used [0x00000000e0000000, 0x00000000e0000000, 0x00000000e5560000)
  from space 21824K, 100% used [0x00000000e6ab0000, 0x00000000e8000000, 0x00000000e8000000)
  to   space 21824K,   0% used [0x00000000e5560000, 0x00000000e5560000, 0x00000000e6ab0000)
 concurrent mark-sweep generation total 393216K, used 6397K [0x00000000e8000000, 0x0000000100000000, 0x0000000100000000)
 Metaspace       used 31649K, capacity 31988K, committed 32384K, reserved 1077248K
  class space    used 3708K, capacity 3848K, committed 3968K, reserved 1048576K
}
2015-09-09T15:08:34.756+0200: 409.929: Total time for which application threads were stopped: 0.0104271 seconds, Stopping threads took: 0.0000163 seconds
{Heap before GC invocations=11 (full 1):
 par new generation   total 109248K, used 109248K [0x00000000e0000000, 0x00000000e8000000, 0x00000000e8000000)
  eden space 87424K, 100% used [0x00000000e0000000, 0x00000000e5560000, 0x00000000e5560000)
  from space 21824K, 100% used [0x00000000e6ab0000, 0x00000000e8000000, 0x00000000e8000000)
  to   space 21824K,   0% used [0x00000000e5560000, 0x00000000e5560000, 0x00000000e6ab0000)
 concurrent mark-sweep generation total 393216K, used 6397K [0x00000000e8000000, 0x0000000100000000, 0x0000000100000000)
 Metaspace       used 31652K, capacity 31988K, committed 32384K, reserved 1077248K
  class space    used 3708K, capacity 3848K, committed 3968K, reserved 1048576K
2015-09-09T15:08:35.087+0200: 410.261: [GC (Allocation Failure) 410.261: [ParNew
Desired survivor size 20112992 bytes, new threshold 7 (max 8)
- age   1:    4111856 bytes,    4111856 total
- age   2:    2244488 bytes,    6356344 total
- age   3:    3468976 bytes,    9825320 total
- age   4:     372624 bytes,   10197944 total
- age   5:     135344 bytes,   10333288 total
- age   6:    4451176 bytes,   14784464 total
- age   7:    5522288 bytes,   20306752 total
- age   8:     198096 bytes,   20504848 total
: 109248K->21824K(109248K), 0.0103087 secs] 115645K->30733K(502464K), 0.0103660 secs] [Times: user=0.00 sys=0.00, real=0.01 secs] 
Heap after GC invocations=12 (full 1):
 par new generation   total 109248K, used 21824K [0x00000000e0000000, 0x00000000e8000000, 0x00000000e8000000)
  eden space 87424K,   0% used [0x00000000e0000000, 0x00000000e0000000, 0x00000000e5560000)
  from space 21824K, 100% used [0x00000000e5560000, 0x00000000e6ab0000, 0x00000000e6ab0000)
  to   space 21824K,   0% used [0x00000000e6ab0000, 0x00000000e6ab0000, 0x00000000e8000000)
 concurrent mark-sweep generation total 393216K, used 8909K [0x00000000e8000000, 0x0000000100000000, 0x0000000100000000)
 Metaspace       used 31652K, capacity 31988K, committed 32384K, reserved 1077248K
  class space    used 3708K, capacity 3848K, committed 3968K, reserved 1048576K
}
2015-09-09T15:08:35.097+0200: 410.271: Total time for which application threads were stopped: 0.0105461 seconds, Stopping threads took: 0.0000173 seconds
{Heap before GC invocations=12 (full 1):
 par new generation   total 109248K, used 109248K [0x00000000e0000000, 0x00000000e8000000, 0x00000000e8000000)
  eden space 87424K, 100% used [0x00000000e0000000, 0x00000000e5560000, 0x00000000e5560000)
  from space 21824K, 100% used [0x00000000e5560000, 0x00000000e6ab0000, 0x00000000e6ab0000)
  to   space 21824K,   0% used [0x00000000e6ab0000, 0x00000000e6ab0000, 0x00000000e8000000)
 concurrent mark-sweep generation total 393216K, used 8909K [0x00000000e8000000, 0x0000000100000000, 0x0000000100000000)
 Metaspace       used 31655K, capacity 31988K, committed 32384K, reserved 1077248K
  class space    used 3708K, capacity 3848K, committed 3968K, reserved 1048576K
2015-09-09T15:08:35.406+0200: 410.580: [GC (Allocation Failure) 410.580: [ParNew
Desired survivor size 20112992 bytes, new threshold 8 (max 8)
- age   1:    3284512 bytes,    3284512 total
- age   2:    2242816 bytes,    5527328 total
- age   3:    2143144 bytes,    7670472 total
- age   4:    3305896 bytes,   10976368 total
- age   5:     372384 bytes,   11348752 total
- age   6:     135344 bytes,   11484096 total
- age   7:    4450208 bytes,   15934304 total
: 109248K->21824K(109248K), 0.0124767 secs] 118157K->39923K(502464K), 0.0125368 secs] [Times: user=0.06 sys=0.00, real=0.01 secs] 
Heap after GC invocations=13 (full 1):
 par new generation   total 109248K, used 21824K [0x00000000e0000000, 0x00000000e8000000, 0x00000000e8000000)
  eden space 87424K,   0% used [0x00000000e0000000, 0x00000000e0000000, 0x00000000e5560000)
  from space 21824K, 100% used [0x00000000e6ab0000, 0x00000000e8000000, 0x00000000e8000000)
  to   space 21824K,   0% used [0x00000000e5560000, 0x00000000e5560000, 0x00000000e6ab0000)
 concurrent mark-sweep generation total 393216K, used 18099K [0x00000000e8000000, 0x0000000100000000, 0x0000000100000000)
 Metaspace       used 31655K, capacity 31988K, committed 32384K, reserved 1077248K
  class space    used 3708K, capacity 3848K, committed 3968K, reserved 1048576K
}
2015-09-09T15:08:35.419+0200: 410.593: Total time for which application threads were stopped: 0.0127074 seconds, Stopping threads took: 0.0000163 seconds
{Heap before GC invocations=13 (full 1):
 par new generation   total 109248K, used 109248K [0x00000000e0000000, 0x00000000e8000000, 0x00000000e8000000)
  eden space 87424K, 100% used [0x00000000e0000000, 0x00000000e5560000, 0x00000000e5560000)
  from space 21824K, 100% used [0x00000000e6ab0000, 0x00000000e8000000, 0x00000000e8000000)
  to   space 21824K,   0% used [0x00000000e5560000, 0x00000000e5560000, 0x00000000e6ab0000)
 concurrent mark-sweep generation total 393216K, used 18099K [0x00000000e8000000, 0x0000000100000000, 0x0000000100000000)
 Metaspace       used 31661K, capacity 31988K, committed 32384K, reserved 1077248K
  class space    used 3708K, capacity 3848K, committed 3968K, reserved 1048576K
2015-09-09T15:08:35.728+0200: 410.902: [GC (Allocation Failure) 410.902: [ParNew
Desired survivor size 20112992 bytes, new threshold 8 (max 8)
- age   1:    6382360 bytes,    6382360 total
- age   2:    2574528 bytes,    8956888 total
- age   3:    2106288 bytes,   11063176 total
- age   4:    2017896 bytes,   13081072 total
- age   5:    3127120 bytes,   16208192 total
- age   6:     368832 bytes,   16577024 total
- age   7:     134984 bytes,   16712008 total
- age   8:    4439216 bytes,   21151224 total
: 109248K->21824K(109248K), 0.0079004 secs] 127347K->41450K(502464K), 0.0079548 secs] [Times: user=0.00 sys=0.00, real=0.01 secs] 
Heap after GC invocations=14 (full 1):
 par new generation   total 109248K, used 21824K [0x00000000e0000000, 0x00000000e8000000, 0x00000000e8000000)
  eden space 87424K,   0% used [0x00000000e0000000, 0x00000000e0000000, 0x00000000e5560000)
  from space 21824K, 100% used [0x00000000e5560000, 0x00000000e6ab0000, 0x00000000e6ab0000)
  to   space 21824K,   0% used [0x00000000e6ab0000, 0x00000000e6ab0000, 0x00000000e8000000)
 concurrent mark-sweep generation total 393216K, used 19626K [0x00000000e8000000, 0x0000000100000000, 0x0000000100000000)
 Metaspace       used 31661K, capacity 31988K, committed 32384K, reserved 1077248K
  class space    used 3708K, capacity 3848K, committed 3968K, reserved 1048576K
}
2015-09-09T15:08:35.736+0200: 410.910: Total time for which application threads were stopped: 0.0081087 seconds, Stopping threads took: 0.0000157 seconds
{Heap before GC invocations=14 (full 1):
 par new generation   total 109248K, used 109248K [0x00000000e0000000, 0x00000000e8000000, 0x00000000e8000000)
  eden space 87424K, 100% used [0x00000000e0000000, 0x00000000e5560000, 0x00000000e5560000)
  from space 21824K, 100% used [0x00000000e5560000, 0x00000000e6ab0000, 0x00000000e6ab0000)
  to   space 21824K,   0% used [0x00000000e6ab0000, 0x00000000e6ab0000, 0x00000000e8000000)
 concurrent mark-sweep generation total 393216K, used 19626K [0x00000000e8000000, 0x0000000100000000, 0x0000000100000000)
 Metaspace       used 31663K, capacity 31988K, committed 32384K, reserved 1077248K
  class space    used 3708K, capacity 3848K, committed 3968K, reserved 1048576K
2015-09-09T15:08:36.020+0200: 411.194: [GC (Allocation Failure) 411.194: [ParNew
Desired survivor size 20112992 bytes, new threshold 8 (max 8)
- age   1:    4185592 bytes,    4185592 total
- age   2:    3624952 bytes,    7810544 total
- age   3:    2408864 bytes,   10219408 total
- age   4:    2073728 bytes,   12293136 total
- age   5:    1993280 bytes,   14286416 total
- age   6:    2980384 bytes,   17266800 total
- age   7:     367848 bytes,   17634648 total
- age   8:     134984 bytes,   17769632 total
: 109248K->21824K(109248K), 0.0107721 secs] 128874K->48633K(502464K), 0.0108194 secs] [Times: user=0.00 sys=0.00, real=0.01 secs] 
Heap after GC invocations=15 (full 1):
 par new generation   total 109248K, used 21824K [0x00000000e0000000, 0x00000000e8000000, 0x00000000e8000000)
  eden space 87424K,   0% used [0x00000000e0000000, 0x00000000e0000000, 0x00000000e5560000)
  from space 21824K, 100% used [0x00000000e6ab0000, 0x00000000e8000000, 0x00000000e8000000)
  to   space 21824K,   0% used [0x00000000e5560000, 0x00000000e5560000, 0x00000000e6ab0000)
 concurrent mark-sweep generation total 393216K, used 26809K [0x00000000e8000000, 0x0000000100000000, 0x0000000100000000)
 Metaspace       used 31663K, capacity 31988K, committed 32384K, reserved 1077248K
  class space    used 3708K, capacity 3848K, committed 3968K, reserved 1048576K
}
2015-09-09T15:08:36.031+0200: 411.205: Total time for which application threads were stopped: 0.0109708 seconds, Stopping threads took: 0.0000163 seconds
{Heap before GC invocations=15 (full 1):
 par new generation   total 109248K, used 109248K [0x00000000e0000000, 0x00000000e8000000, 0x00000000e8000000)
  eden space 87424K, 100% used [0x00000000e0000000, 0x00000000e5560000, 0x00000000e5560000)
  from space 21824K, 100% used [0x00000000e6ab0000, 0x00000000e8000000, 0x00000000e8000000)
  to   space 21824K,   0% used [0x00000000e5560000, 0x00000000e5560000, 0x00000000e6ab0000)
 concurrent mark-sweep generation total 393216K, used 26809K [0x00000000e8000000, 0x0000000100000000, 0x0000000100000000)
 Metaspace       used 31663K, capacity 31988K, committed 32384K, reserved 1077248K
  class space    used 3708K, capacity 3848K, committed 3968K, reserved 1048576K
2015-09-09T15:08:36.297+0200: 411.470: [GC (Allocation Failure) 411.470: [ParNew
Desired survivor size 20112992 bytes, new threshold 8 (max 8)
- age   1:    3421096 bytes,    3421096 total
- age   2:    2800464 bytes,    6221560 total
- age   3:    3535032 bytes,    9756592 total
- age   4:    2348272 bytes,   12104864 total
- age   5:    2018912 bytes,   14123776 total
- age   6:    1936152 bytes,   16059928 total
- age   7:    1990584 bytes,   18050512 total
- age   8:     348480 bytes,   18398992 total
: 109248K->21824K(109248K), 0.0096108 secs] 136057K->53949K(502464K), 0.0096585 secs] [Times: user=0.03 sys=0.03, real=0.01 secs] 
Heap after GC invocations=16 (full 1):
 par new generation   total 109248K, used 21824K [0x00000000e0000000, 0x00000000e8000000, 0x00000000e8000000)
  eden space 87424K,   0% used [0x00000000e0000000, 0x00000000e0000000, 0x00000000e5560000)
  from space 21824K, 100% used [0x00000000e5560000, 0x00000000e6ab0000, 0x00000000e6ab0000)
  to   space 21824K,   0% used [0x00000000e6ab0000, 0x00000000e6ab0000, 0x00000000e8000000)
 concurrent mark-sweep generation total 393216K, used 32125K [0x00000000e8000000, 0x0000000100000000, 0x0000000100000000)
 Metaspace       used 31663K, capacity 31988K, committed 32384K, reserved 1077248K
  class space    used 3708K, capacity 3848K, committed 3968K, reserved 1048576K
}
2015-09-09T15:08:36.306+0200: 411.480: Total time for which application threads were stopped: 0.0098050 seconds, Stopping threads took: 0.0000141 seconds
{Heap before GC invocations=16 (full 1):
 par new generation   total 109248K, used 108934K [0x00000000e0000000, 0x00000000e8000000, 0x00000000e8000000)
  eden space 87424K,  99% used [0x00000000e0000000, 0x00000000e5511bd0, 0x00000000e5560000)
  from space 21824K, 100% used [0x00000000e5560000, 0x00000000e6ab0000, 0x00000000e6ab0000)
  to   space 21824K,   0% used [0x00000000e6ab0000, 0x00000000e6ab0000, 0x00000000e8000000)
 concurrent mark-sweep generation total 393216K, used 32125K [0x00000000e8000000, 0x0000000100000000, 0x0000000100000000)
 Metaspace       used 31664K, capacity 32052K, committed 32384K, reserved 1077248K
  class space    used 3708K, capacity 3848K, committed 3968K, reserved 1048576K
2015-09-09T15:08:36.594+0200: 411.768: [GC (Allocation Failure) 411.768: [ParNew
Desired survivor size 20112992 bytes, new threshold 8 (max 8)
- age   1:    3159368 bytes,    3159368 total
- age   2:    2714488 bytes,    5873856 total
- age   3:    2477680 bytes,    8351536 total
- age   4:    3151048 bytes,   11502584 total
- age   5:    1957424 bytes,   13460008 total
- age   6:    1613128 bytes,   15073136 total
- age   7:    1556296 bytes,   16629432 total
- age   8:    1572520 bytes,   18201952 total
: 108934K->21824K(109248K), 0.0103500 secs] 141060K->59828K(502464K), 0.0104479 secs] [Times: user=0.06 sys=0.00, real=0.01 secs] 
Heap after GC invocations=17 (full 1):
 par new generation   total 109248K, used 21824K [0x00000000e0000000, 0x00000000e8000000, 0x00000000e8000000)
  eden space 87424K,   0% used [0x00000000e0000000, 0x00000000e0000000, 0x00000000e5560000)
  from space 21824K, 100% used [0x00000000e6ab0000, 0x00000000e8000000, 0x00000000e8000000)
  to   space 21824K,   0% used [0x00000000e5560000, 0x00000000e5560000, 0x00000000e6ab0000)
 concurrent mark-sweep generation total 393216K, used 38004K [0x00000000e8000000, 0x0000000100000000, 0x0000000100000000)
 Metaspace       used 31664K, capacity 32052K, committed 32384K, reserved 1077248K
  class space    used 3708K, capacity 3848K, committed 3968K, reserved 1048576K
}
2015-09-09T15:08:36.605+0200: 411.779: Total time for which application threads were stopped: 0.0106213 seconds, Stopping threads took: 0.0000157 seconds
{Heap before GC invocations=17 (full 1):
 par new generation   total 109248K, used 109248K [0x00000000e0000000, 0x00000000e8000000, 0x00000000e8000000)
  eden space 87424K, 100% used [0x00000000e0000000, 0x00000000e5560000, 0x00000000e5560000)
  from space 21824K, 100% used [0x00000000e6ab0000, 0x00000000e8000000, 0x00000000e8000000)
  to   space 21824K,   0% used [0x00000000e5560000, 0x00000000e5560000, 0x00000000e6ab0000)
 concurrent mark-sweep generation total 393216K, used 38004K [0x00000000e8000000, 0x0000000100000000, 0x0000000100000000)
 Metaspace       used 31667K, capacity 32052K, committed 32384K, reserved 1077248K
  class space    used 3708K, capacity 3848K, committed 3968K, reserved 1048576K
2015-09-09T15:08:36.901+0200: 412.075: [GC (Allocation Failure) 412.075: [ParNew
Desired survivor size 20112992 bytes, new threshold 8 (max 8)
- age   1:    4679240 bytes,    4679240 total
- age   2:    1881376 bytes,    6560616 total
- age   3:    2195000 bytes,    8755616 total
- age   4:    2052064 bytes,   10807680 total
- age   5:    1694208 bytes,   12501888 total
- age   6:    1574152 bytes,   14076040 total
- age   7:    1583840 bytes,   15659880 total
- age   8:    1534472 bytes,   17194352 total
: 109248K->21824K(109248K), 0.0102146 secs] 147252K->67927K(502464K), 0.0102684 secs] [Times: user=0.02 sys=0.00, real=0.01 secs] 
Heap after GC invocations=18 (full 1):
 par new generation   total 109248K, used 21824K [0x00000000e0000000, 0x00000000e8000000, 0x00000000e8000000)
  eden space 87424K,   0% used [0x00000000e0000000, 0x00000000e0000000, 0x00000000e5560000)
  from space 21824K, 100% used [0x00000000e5560000, 0x00000000e6ab0000, 0x00000000e6ab0000)
  to   space 21824K,   0% used [0x00000000e6ab0000, 0x00000000e6ab0000, 0x00000000e8000000)
 concurrent mark-sweep generation total 393216K, used 46103K [0x00000000e8000000, 0x0000000100000000, 0x0000000100000000)
 Metaspace       used 31667K, capacity 32052K, committed 32384K, reserved 1077248K
  class space    used 3708K, capacity 3848K, committed 3968K, reserved 1048576K
}
2015-09-09T15:08:36.912+0200: 412.085: Total time for which application threads were stopped: 0.0104364 seconds, Stopping threads took: 0.0000147 seconds
{Heap before GC invocations=18 (full 1):
 par new generation   total 109248K, used 109248K [0x00000000e0000000, 0x00000000e8000000, 0x00000000e8000000)
  eden space 87424K, 100% used [0x00000000e0000000, 0x00000000e5560000, 0x00000000e5560000)
  from space 21824K, 100% used [0x00000000e5560000, 0x00000000e6ab0000, 0x00000000e6ab0000)
  to   space 21824K,   0% used [0x00000000e6ab0000, 0x00000000e6ab0000, 0x00000000e8000000)
 concurrent mark-sweep generation total 393216K, used 46103K [0x00000000e8000000, 0x0000000100000000, 0x0000000100000000)
 Metaspace       used 31667K, capacity 32052K, committed 32384K, reserved 1077248K
  class space    used 3708K, capacity 3848K, committed 3968K, reserved 1048576K
2015-09-09T15:08:37.193+0200: 412.367: [GC (Allocation Failure) 412.367: [ParNew
Desired survivor size 20112992 bytes, new threshold 8 (max 8)
- age   1:    8300080 bytes,    8300080 total
- age   2:    3074288 bytes,   11374368 total
- age   3:    1069696 bytes,   12444064 total
- age   4:    1621784 bytes,   14065848 total
- age   5:    2032768 bytes,   16098616 total
- age   6:    1553464 bytes,   17652080 total
- age   7:    1563392 bytes,   19215472 total
- age   8:    1574168 bytes,   20789640 total
: 109248K->21824K(109248K), 0.0097753 secs] 155351K->72858K(502464K), 0.0098236 secs] [Times: user=0.00 sys=0.00, real=0.01 secs] 
Heap after GC invocations=19 (full 1):
 par new generation   total 109248K, used 21824K [0x00000000e0000000, 0x00000000e8000000, 0x00000000e8000000)
  eden space 87424K,   0% used [0x00000000e0000000, 0x00000000e0000000, 0x00000000e5560000)
  from space 21824K, 100% used [0x00000000e6ab0000, 0x00000000e8000000, 0x00000000e8000000)
  to   space 21824K,   0% used [0x00000000e5560000, 0x00000000e5560000, 0x00000000e6ab0000)
 concurrent mark-sweep generation total 393216K, used 51034K [0x00000000e8000000, 0x0000000100000000, 0x0000000100000000)
 Metaspace       used 31667K, capacity 32052K, committed 32384K, reserved 1077248K
  class space    used 3708K, capacity 3848K, committed 3968K, reserved 1048576K
}
2015-09-09T15:08:37.203+0200: 412.377: Total time for which application threads were stopped: 0.0099705 seconds, Stopping threads took: 0.0000150 seconds
{Heap before GC invocations=19 (full 1):
 par new generation   total 109248K, used 109248K [0x00000000e0000000, 0x00000000e8000000, 0x00000000e8000000)
  eden space 87424K, 100% used [0x00000000e0000000, 0x00000000e5560000, 0x00000000e5560000)
  from space 21824K, 100% used [0x00000000e6ab0000, 0x00000000e8000000, 0x00000000e8000000)
  to   space 21824K,   0% used [0x00000000e5560000, 0x00000000e5560000, 0x00000000e6ab0000)
 concurrent mark-sweep generation total 393216K, used 51034K [0x00000000e8000000, 0x0000000100000000, 0x0000000100000000)
 Metaspace       used 31667K, capacity 32052K, committed 32384K, reserved 1077248K
  class space    used 3708K, capacity 3848K, committed 3968K, reserved 1048576K
2015-09-09T15:08:37.480+0200: 412.654: [GC (Allocation Failure) 412.654: [ParNew
Desired survivor size 20112992 bytes, new threshold 8 (max 8)
- age   1:    9584056 bytes,    9584056 total
- age   2:    1532608 bytes,   11116664 total
- age   3:    3003568 bytes,   14120232 total
- age   4:    1002112 bytes,   15122344 total
- age   5:    1063328 bytes,   16185672 total
- age   6:     658104 bytes,   16843776 total
- age   7:     453224 bytes,   17297000 total
- age   8:     464040 bytes,   17761040 total
: 109248K->21824K(109248K), 0.0093337 secs] 160282K->79908K(502464K), 0.0093794 secs] [Times: user=0.06 sys=0.00, real=0.01 secs] 
Heap after GC invocations=20 (full 1):
 par new generation   total 109248K, used 21824K [0x00000000e0000000, 0x00000000e8000000, 0x00000000e8000000)
  eden space 87424K,   0% used [0x00000000e0000000, 0x00000000e0000000, 0x00000000e5560000)
  from space 21824K, 100% used [0x00000000e5560000, 0x00000000e6ab0000, 0x00000000e6ab0000)
  to   space 21824K,   0% used [0x00000000e6ab0000, 0x00000000e6ab0000, 0x00000000e8000000)
 concurrent mark-sweep generation total 393216K, used 58084K [0x00000000e8000000, 0x0000000100000000, 0x0000000100000000)
 Metaspace       used 31667K, capacity 32052K, committed 32384K, reserved 1077248K
  class space    used 3708K, capacity 3848K, committed 3968K, reserved 1048576K
}
2015-09-09T15:08:37.490+0200: 412.663: Total time for which application threads were stopped: 0.0095266 seconds, Stopping threads took: 0.0000141 seconds
{Heap before GC invocations=20 (full 1):
 par new generation   total 109248K, used 109248K [0x00000000e0000000, 0x00000000e8000000, 0x00000000e8000000)
  eden space 87424K, 100% used [0x00000000e0000000, 0x00000000e5560000, 0x00000000e5560000)
  from space 21824K, 100% used [0x00000000e5560000, 0x00000000e6ab0000, 0x00000000e6ab0000)
  to   space 21824K,   0% used [0x00000000e6ab0000, 0x00000000e6ab0000, 0x00000000e8000000)
 concurrent mark-sweep generation total 393216K, used 58084K [0x00000000e8000000, 0x0000000100000000, 0x0000000100000000)
 Metaspace       used 31667K, capacity 32052K, committed 32384K, reserved 1077248K
  class space    used 3708K, capacity 3848K, committed 3968K, reserved 1048576K
2015-09-09T15:08:37.780+0200: 412.954: [GC (Allocation Failure) 412.954: [ParNew
Desired survivor size 20112992 bytes, new threshold 8 (max 8)
- age   1:    5229544 bytes,    5229544 total
- age   2:    7506832 bytes,   12736376 total
- age   3:    1531936 bytes,   14268312 total
- age   4:    3003352 bytes,   17271664 total
- age   5:    1001752 bytes,   18273416 total
- age   6:    1063352 bytes,   19336768 total
- age   7:     654256 bytes,   19991024 total
- age   8:     453032 bytes,   20444056 total
: 109248K->21824K(109248K), 0.0087890 secs] 167332K->80374K(502464K), 0.0088386 secs] [Times: user=0.06 sys=0.00, real=0.01 secs] 
Heap after GC invocations=21 (full 1):
 par new generation   total 109248K, used 21824K [0x00000000e0000000, 0x00000000e8000000, 0x00000000e8000000)
  eden space 87424K,   0% used [0x00000000e0000000, 0x00000000e0000000, 0x00000000e5560000)
  from space 21824K, 100% used [0x00000000e6ab0000, 0x00000000e8000000, 0x00000000e8000000)
  to   space 21824K,   0% used [0x00000000e5560000, 0x00000000e5560000, 0x00000000e6ab0000)
 concurrent mark-sweep generation total 393216K, used 58550K [0x00000000e8000000, 0x0000000100000000, 0x0000000100000000)
 Metaspace       used 31667K, capacity 32052K, committed 32384K, reserved 1077248K
  class space    used 3708K, capacity 3848K, committed 3968K, reserved 1048576K
}
2015-09-09T15:08:37.789+0200: 412.963: Total time for which application threads were stopped: 0.0089846 seconds, Stopping threads took: 0.0000154 seconds
{Heap before GC invocations=21 (full 1):
 par new generation   total 109248K, used 109248K [0x00000000e0000000, 0x00000000e8000000, 0x00000000e8000000)
  eden space 87424K, 100% used [0x00000000e0000000, 0x00000000e5560000, 0x00000000e5560000)
  from space 21824K, 100% used [0x00000000e6ab0000, 0x00000000e8000000, 0x00000000e8000000)
  to   space 21824K,   0% used [0x00000000e5560000, 0x00000000e5560000, 0x00000000e6ab0000)
 concurrent mark-sweep generation total 393216K, used 58550K [0x00000000e8000000, 0x0000000100000000, 0x0000000100000000)
 Metaspace       used 31669K, capacity 32052K, committed 32384K, reserved 1077248K
  class space    used 3708K, capacity 3848K, committed 3968K, reserved 1048576K
2015-09-09T15:08:38.075+0200: 413.249: [GC (Allocation Failure) 413.249: [ParNew
Desired survivor size 20112992 bytes, new threshold 7 (max 8)
- age   1:    7594968 bytes,    7594968 total
- age   2:    4930192 bytes,   12525160 total
- age   3:    1975848 bytes,   14501008 total
- age   4:    1450536 bytes,   15951544 total
- age   5:    2935312 bytes,   18886856 total
- age   6:     954192 bytes,   19841048 total
- age   7:    1012432 bytes,   20853480 total
- age   8:     610792 bytes,   21464272 total
: 109248K->21824K(109248K), 0.0095206 secs] 167798K->82595K(502464K), 0.0095766 secs] [Times: user=0.06 sys=0.00, real=0.01 secs] 
Heap after GC invocations=22 (full 1):
 par new generation   total 109248K, used 21824K [0x00000000e0000000, 0x00000000e8000000, 0x00000000e8000000)
  eden space 87424K,   0% used [0x00000000e0000000, 0x00000000e0000000, 0x00000000e5560000)
  from space 21824K, 100% used [0x00000000e5560000, 0x00000000e6ab0000, 0x00000000e6ab0000)
  to   space 21824K,   0% used [0x00000000e6ab0000, 0x00000000e6ab0000, 0x00000000e8000000)
 concurrent mark-sweep generation total 393216K, used 60771K [0x00000000e8000000, 0x0000000100000000, 0x0000000100000000)
 Metaspace       used 31669K, capacity 32052K, committed 32384K, reserved 1077248K
  class space    used 3708K, capacity 3848K, committed 3968K, reserved 1048576K
}
2015-09-09T15:08:38.085+0200: 413.259: Total time for which application threads were stopped: 0.0097244 seconds, Stopping threads took: 0.0000144 seconds
{Heap before GC invocations=22 (full 1):
 par new generation   total 109248K, used 109248K [0x00000000e0000000, 0x00000000e8000000, 0x00000000e8000000)
  eden space 87424K, 100% used [0x00000000e0000000, 0x00000000e5560000, 0x00000000e5560000)
  from space 21824K, 100% used [0x00000000e5560000, 0x00000000e6ab0000, 0x00000000e6ab0000)
  to   space 21824K,   0% used [0x00000000e6ab0000, 0x00000000e6ab0000, 0x00000000e8000000)
 concurrent mark-sweep generation total 393216K, used 60771K [0x00000000e8000000, 0x0000000100000000, 0x0000000100000000)
 Metaspace       used 31669K, capacity 32052K, committed 32384K, reserved 1077248K
  class space    used 3708K, capacity 3848K, committed 3968K, reserved 1048576K
2015-09-09T15:08:38.378+0200: 413.552: [GC (Allocation Failure) 413.552: [ParNew
Desired survivor size 20112992 bytes, new threshold 8 (max 8)
- age   1:    3999016 bytes,    3999016 total
- age   2:    7237512 bytes,   11236528 total
- age   3:    1116664 bytes,   12353192 total
- age   4:    1855208 bytes,   14208400 total
- age   5:    1399320 bytes,   15607720 total
- age   6:    2889224 bytes,   18496944 total
- age   7:     645864 bytes,   19142808 total
: 109248K->21824K(109248K), 0.0099039 secs] 170019K->89083K(502464K), 0.0099535 secs] [Times: user=0.00 sys=0.00, real=0.01 secs] 
Heap after GC invocations=23 (full 1):
 par new generation   total 109248K, used 21824K [0x00000000e0000000, 0x00000000e8000000, 0x00000000e8000000)
  eden space 87424K,   0% used [0x00000000e0000000, 0x00000000e0000000, 0x00000000e5560000)
  from space 21824K, 100% used [0x00000000e6ab0000, 0x00000000e8000000, 0x00000000e8000000)
  to   space 21824K,   0% used [0x00000000e5560000, 0x00000000e5560000, 0x00000000e6ab0000)
 concurrent mark-sweep generation total 393216K, used 67259K [0x00000000e8000000, 0x0000000100000000, 0x0000000100000000)
 Metaspace       used 31669K, capacity 32052K, committed 32384K, reserved 1077248K
  class space    used 3708K, capacity 3848K, committed 3968K, reserved 1048576K
}
2015-09-09T15:08:38.388+0200: 413.562: Total time for which application threads were stopped: 0.0101298 seconds, Stopping threads took: 0.0000362 seconds
{Heap before GC invocations=23 (full 1):
 par new generation   total 109248K, used 109248K [0x00000000e0000000, 0x00000000e8000000, 0x00000000e8000000)
  eden space 87424K, 100% used [0x00000000e0000000, 0x00000000e5560000, 0x00000000e5560000)
  from space 21824K, 100% used [0x00000000e6ab0000, 0x00000000e8000000, 0x00000000e8000000)
  to   space 21824K,   0% used [0x00000000e5560000, 0x00000000e5560000, 0x00000000e6ab0000)
 concurrent mark-sweep generation total 393216K, used 67259K [0x00000000e8000000, 0x0000000100000000, 0x0000000100000000)
 Metaspace       used 31669K, capacity 32052K, committed 32384K, reserved 1077248K
  class space    used 3708K, capacity 3848K, committed 3968K, reserved 1048576K
2015-09-09T15:08:38.660+0200: 413.834: [GC (Allocation Failure) 413.834: [ParNew
Desired survivor size 20112992 bytes, new threshold 8 (max 8)
- age   1:   10382824 bytes,   10382824 total
- age   2:    2036160 bytes,   12418984 total
- age   3:     643048 bytes,   13062032 total
- age   4:     643400 bytes,   13705432 total
- age   5:    1409144 bytes,   15114576 total
- age   6:     885072 bytes,   15999648 total
- age   7:    2737280 bytes,   18736928 total
- age   8:     593976 bytes,   19330904 total
: 109248K->21824K(109248K), 0.0091673 secs] 176507K->93183K(502464K), 0.0092137 secs] [Times: user=0.00 sys=0.00, real=0.01 secs] 
Heap after GC invocations=24 (full 1):
 par new generation   total 109248K, used 21824K [0x00000000e0000000, 0x00000000e8000000, 0x00000000e8000000)
  eden space 87424K,   0% used [0x00000000e0000000, 0x00000000e0000000, 0x00000000e5560000)
  from space 21824K, 100% used [0x00000000e5560000, 0x00000000e6ab0000, 0x00000000e6ab0000)
  to   space 21824K,   0% used [0x00000000e6ab0000, 0x00000000e6ab0000, 0x00000000e8000000)
 concurrent mark-sweep generation total 393216K, used 71359K [0x00000000e8000000, 0x0000000100000000, 0x0000000100000000)
 Metaspace       used 31669K, capacity 32052K, committed 32384K, reserved 1077248K
  class space    used 3708K, capacity 3848K, committed 3968K, reserved 1048576K
}
2015-09-09T15:08:38.669+0200: 413.843: Total time for which application threads were stopped: 0.0093558 seconds, Stopping threads took: 0.0000147 seconds
{Heap before GC invocations=24 (full 1):
 par new generation   total 109248K, used 109248K [0x00000000e0000000, 0x00000000e8000000, 0x00000000e8000000)
  eden space 87424K, 100% used [0x00000000e0000000, 0x00000000e5560000, 0x00000000e5560000)
  from space 21824K, 100% used [0x00000000e5560000, 0x00000000e6ab0000, 0x00000000e6ab0000)
  to   space 21824K,   0% used [0x00000000e6ab0000, 0x00000000e6ab0000, 0x00000000e8000000)
 concurrent mark-sweep generation total 393216K, used 71359K [0x00000000e8000000, 0x0000000100000000, 0x0000000100000000)
 Metaspace       used 31669K, capacity 32052K, committed 32384K, reserved 1077248K
  class space    used 3708K, capacity 3848K, committed 3968K, reserved 1048576K
2015-09-09T15:08:38.966+0200: 414.140: [GC (Allocation Failure) 414.140: [ParNew
Desired survivor size 20112992 bytes, new threshold 8 (max 8)
- age   1:    2492432 bytes,    2492432 total
- age   2:   10005416 bytes,   12497848 total
- age   3:    1263152 bytes,   13761000 total
- age   4:     605184 bytes,   14366184 total
- age   5:     607984 bytes,   14974168 total
- age   6:    1374808 bytes,   16348976 total
- age   7:     850936 bytes,   17199912 total
- age   8:    2705456 bytes,   19905368 total
: 109248K->21824K(109248K), 0.0092508 secs] 180607K->95364K(502464K), 0.0093001 secs] [Times: user=0.06 sys=0.00, real=0.01 secs] 
Heap after GC invocations=25 (full 1):
 par new generation   total 109248K, used 21824K [0x00000000e0000000, 0x00000000e8000000, 0x00000000e8000000)
  eden space 87424K,   0% used [0x00000000e0000000, 0x00000000e0000000, 0x00000000e5560000)
  from space 21824K, 100% used [0x00000000e6ab0000, 0x00000000e8000000, 0x00000000e8000000)
  to   space 21824K,   0% used [0x00000000e5560000, 0x00000000e5560000, 0x00000000e6ab0000)
 concurrent mark-sweep generation total 393216K, used 73540K [0x00000000e8000000, 0x0000000100000000, 0x0000000100000000)
 Metaspace       used 31669K, capacity 32052K, committed 32384K, reserved 1077248K
  class space    used 3708K, capacity 3848K, committed 3968K, reserved 1048576K
}
2015-09-09T15:08:38.975+0200: 414.149: Total time for which application threads were stopped: 0.0094486 seconds, Stopping threads took: 0.0000144 seconds
{Heap before GC invocations=25 (full 1):
 par new generation   total 109248K, used 109248K [0x00000000e0000000, 0x00000000e8000000, 0x00000000e8000000)
  eden space 87424K, 100% used [0x00000000e0000000, 0x00000000e5560000, 0x00000000e5560000)
  from space 21824K, 100% used [0x00000000e6ab0000, 0x00000000e8000000, 0x00000000e8000000)
  to   space 21824K,   0% used [0x00000000e5560000, 0x00000000e5560000, 0x00000000e6ab0000)
 concurrent mark-sweep generation total 393216K, used 73540K [0x00000000e8000000, 0x0000000100000000, 0x0000000100000000)
 Metaspace       used 31669K, capacity 32052K, committed 32384K, reserved 1077248K
  class space    used 3708K, capacity 3848K, committed 3968K, reserved 1048576K
2015-09-09T15:08:39.245+0200: 414.419: [GC (Allocation Failure) 414.419: [ParNew
Desired survivor size 20112992 bytes, new threshold 8 (max 8)
- age   1:   11998408 bytes,   11998408 total
- age   2:    2379840 bytes,   14378248 total
- age   3:    1782864 bytes,   16161112 total
- age   4:    1243240 bytes,   17404352 total
- age   5:     588792 bytes,   17993144 total
- age   6:     588128 bytes,   18581272 total
- age   7:    1356968 bytes,   19938240 total
- age   8:     833656 bytes,   20771896 total
: 109248K->21824K(109248K), 0.0092713 secs] 182788K->99172K(502464K), 0.0093193 secs] [Times: user=0.06 sys=0.00, real=0.01 secs] 
Heap after GC invocations=26 (full 1):
 par new generation   total 109248K, used 21824K [0x00000000e0000000, 0x00000000e8000000, 0x00000000e8000000)
  eden space 87424K,   0% used [0x00000000e0000000, 0x00000000e0000000, 0x00000000e5560000)
  from space 21824K, 100% used [0x00000000e5560000, 0x00000000e6ab0000, 0x00000000e6ab0000)
  to   space 21824K,   0% used [0x00000000e6ab0000, 0x00000000e6ab0000, 0x00000000e8000000)
 concurrent mark-sweep generation total 393216K, used 77348K [0x00000000e8000000, 0x0000000100000000, 0x0000000100000000)
 Metaspace       used 31669K, capacity 32052K, committed 32384K, reserved 1077248K
  class space    used 3708K, capacity 3848K, committed 3968K, reserved 1048576K
}
2015-09-09T15:08:39.255+0200: 414.429: Total time for which application threads were stopped: 0.0094706 seconds, Stopping threads took: 0.0000144 seconds
{Heap before GC invocations=26 (full 1):
 par new generation   total 109248K, used 109248K [0x00000000e0000000, 0x00000000e8000000, 0x00000000e8000000)
  eden space 87424K, 100% used [0x00000000e0000000, 0x00000000e5560000, 0x00000000e5560000)
  from space 21824K, 100% used [0x00000000e5560000, 0x00000000e6ab0000, 0x00000000e6ab0000)
  to   space 21824K,   0% used [0x00000000e6ab0000, 0x00000000e6ab0000, 0x00000000e8000000)
 concurrent mark-sweep generation total 393216K, used 77348K [0x00000000e8000000, 0x0000000100000000, 0x0000000100000000)
 Metaspace       used 31669K, capacity 32052K, committed 32384K, reserved 1077248K
  class space    used 3708K, capacity 3848K, committed 3968K, reserved 1048576K
2015-09-09T15:08:39.555+0200: 414.728: [GC (Allocation Failure) 414.728: [ParNew
Desired survivor size 20112992 bytes, new threshold 8 (max 8)
- age   1:    2339344 bytes,    2339344 total
- age   2:   11201248 bytes,   13540592 total
- age   3:    1709048 bytes,   15249640 total
- age   4:    1770304 bytes,   17019944 total
- age   5:    1231232 bytes,   18251176 total
- age   6:     579040 bytes,   18830216 total
- age   7:     577704 bytes,   19407920 total
- age   8:    1347536 bytes,   20755456 total
: 109248K->21824K(109248K), 0.0097164 secs] 186596K->101920K(502464K), 0.0097628 secs] [Times: user=0.06 sys=0.00, real=0.01 secs] 
Heap after GC invocations=27 (full 1):
 par new generation   total 109248K, used 21824K [0x00000000e0000000, 0x00000000e8000000, 0x00000000e8000000)
  eden space 87424K,   0% used [0x00000000e0000000, 0x00000000e0000000, 0x00000000e5560000)
  from space 21824K, 100% used [0x00000000e6ab0000, 0x00000000e8000000, 0x00000000e8000000)
  to   space 21824K,   0% used [0x00000000e5560000, 0x00000000e5560000, 0x00000000e6ab0000)
 concurrent mark-sweep generation total 393216K, used 80096K [0x00000000e8000000, 0x0000000100000000, 0x0000000100000000)
 Metaspace       used 31669K, capacity 32052K, committed 32384K, reserved 1077248K
  class space    used 3708K, capacity 3848K, committed 3968K, reserved 1048576K
}
2015-09-09T15:08:39.565+0200: 414.738: Total time for which application threads were stopped: 0.0099193 seconds, Stopping threads took: 0.0000138 seconds
{Heap before GC invocations=27 (full 1):
 par new generation   total 109248K, used 109248K [0x00000000e0000000, 0x00000000e8000000, 0x00000000e8000000)
  eden space 87424K, 100% used [0x00000000e0000000, 0x00000000e5560000, 0x00000000e5560000)
  from space 21824K, 100% used [0x00000000e6ab0000, 0x00000000e8000000, 0x00000000e8000000)
  to   space 21824K,   0% used [0x00000000e5560000, 0x00000000e5560000, 0x00000000e6ab0000)
 concurrent mark-sweep generation total 393216K, used 80096K [0x00000000e8000000, 0x0000000100000000, 0x0000000100000000)
 Metaspace       used 31671K, capacity 32052K, committed 32384K, reserved 1077248K
  class space    used 3708K, capacity 3848K, committed 3968K, reserved 1048576K
2015-09-09T15:08:39.853+0200: 415.026: [GC (Allocation Failure) 415.026: [ParNew
Desired survivor size 20112992 bytes, new threshold 8 (max 8)
- age   1:    4090176 bytes,    4090176 total
- age   2:    1013112 bytes,    5103288 total
- age   3:    8667824 bytes,   13771112 total
- age   4:    1119624 bytes,   14890736 total
- age   5:    1733704 bytes,   16624440 total
- age   6:    1210984 bytes,   17835424 total
- age   7:     561848 bytes,   18397272 total
- age   8:     561264 bytes,   18958536 total
: 109248K->21824K(109248K), 0.0106415 secs] 189344K->108226K(502464K), 0.0106889 secs] [Times: user=0.03 sys=0.01, real=0.01 secs] 
Heap after GC invocations=28 (full 1):
 par new generation   total 109248K, used 21824K [0x00000000e0000000, 0x00000000e8000000, 0x00000000e8000000)
  eden space 87424K,   0% used [0x00000000e0000000, 0x00000000e0000000, 0x00000000e5560000)
  from space 21824K, 100% used [0x00000000e5560000, 0x00000000e6ab0000, 0x00000000e6ab0000)
  to   space 21824K,   0% used [0x00000000e6ab0000, 0x00000000e6ab0000, 0x00000000e8000000)
 concurrent mark-sweep generation total 393216K, used 86402K [0x00000000e8000000, 0x0000000100000000, 0x0000000100000000)
 Metaspace       used 31671K, capacity 32052K, committed 32384K, reserved 1077248K
  class space    used 3708K, capacity 3848K, committed 3968K, reserved 1048576K
}
2015-09-09T15:08:39.864+0200: 415.037: Total time for which application threads were stopped: 0.0108674 seconds, Stopping threads took: 0.0000147 seconds
{Heap before GC invocations=28 (full 1):
 par new generation   total 109248K, used 109248K [0x00000000e0000000, 0x00000000e8000000, 0x00000000e8000000)
  eden space 87424K, 100% used [0x00000000e0000000, 0x00000000e5560000, 0x00000000e5560000)
  from space 21824K, 100% used [0x00000000e5560000, 0x00000000e6ab0000, 0x00000000e6ab0000)
  to   space 21824K,   0% used [0x00000000e6ab0000, 0x00000000e6ab0000, 0x00000000e8000000)
 concurrent mark-sweep generation total 393216K, used 86402K [0x00000000e8000000, 0x0000000100000000, 0x0000000100000000)
 Metaspace       used 31672K, capacity 32052K, committed 32384K, reserved 1077248K
  class space    used 3709K, capacity 3848K, committed 3968K, reserved 1048576K
2015-09-09T15:08:40.141+0200: 415.314: [GC (Allocation Failure) 415.315: [ParNew
Desired survivor size 20112992 bytes, new threshold 7 (max 8)
- age   1:   11663200 bytes,   11663200 total
- age   2:    3761360 bytes,   15424560 total
- age   3:     774248 bytes,   16198808 total
- age   4:     828040 bytes,   17026848 total
- age   5:     961752 bytes,   17988600 total
- age   6:    1683336 bytes,   19671936 total
- age   7:    1195928 bytes,   20867864 total
- age   8:     543712 bytes,   21411576 total
: 109248K->21824K(109248K), 0.0100137 secs] 195650K->110751K(502464K), 0.0100617 secs] [Times: user=0.00 sys=0.00, real=0.01 secs] 
Heap after GC invocations=29 (full 1):
 par new generation   total 109248K, used 21824K [0x00000000e0000000, 0x00000000e8000000, 0x00000000e8000000)
  eden space 87424K,   0% used [0x00000000e0000000, 0x00000000e0000000, 0x00000000e5560000)
  from space 21824K, 100% used [0x00000000e6ab0000, 0x00000000e8000000, 0x00000000e8000000)
  to   space 21824K,   0% used [0x00000000e5560000, 0x00000000e5560000, 0x00000000e6ab0000)
 concurrent mark-sweep generation total 393216K, used 88927K [0x00000000e8000000, 0x0000000100000000, 0x0000000100000000)
 Metaspace       used 31672K, capacity 32052K, committed 32384K, reserved 1077248K
  class space    used 3709K, capacity 3848K, committed 3968K, reserved 1048576K
}
2015-09-09T15:08:40.152+0200: 415.325: Total time for which application threads were stopped: 0.0102041 seconds, Stopping threads took: 0.0000144 seconds
{Heap before GC invocations=29 (full 1):
 par new generation   total 109248K, used 109248K [0x00000000e0000000, 0x00000000e8000000, 0x00000000e8000000)
  eden space 87424K, 100% used [0x00000000e0000000, 0x00000000e5560000, 0x00000000e5560000)
  from space 21824K, 100% used [0x00000000e6ab0000, 0x00000000e8000000, 0x00000000e8000000)
  to   space 21824K,   0% used [0x00000000e5560000, 0x00000000e5560000, 0x00000000e6ab0000)
 concurrent mark-sweep generation total 393216K, used 88927K [0x00000000e8000000, 0x0000000100000000, 0x0000000100000000)
 Metaspace       used 31672K, capacity 32052K, committed 32384K, reserved 1077248K
  class space    used 3709K, capacity 3848K, committed 3968K, reserved 1048576K
2015-09-09T15:08:40.440+0200: 415.613: [GC (Allocation Failure) 415.614: [ParNew
Desired survivor size 20112992 bytes, new threshold 7 (max 8)
- age   1:    3814272 bytes,    3814272 total
- age   2:   11557040 bytes,   15371312 total
- age   3:    1424920 bytes,   16796232 total
- age   4:     740872 bytes,   17537104 total
- age   5:     803448 bytes,   18340552 total
- age   6:     928992 bytes,   19269544 total
- age   7:    1655496 bytes,   20925040 total
: 109248K->21824K(109248K), 0.0099986 secs] 198175K->115066K(502464K), 0.0100476 secs] [Times: user=0.00 sys=0.00, real=0.01 secs] 
Heap after GC invocations=30 (full 1):
 par new generation   total 109248K, used 21824K [0x00000000e0000000, 0x00000000e8000000, 0x00000000e8000000)
  eden space 87424K,   0% used [0x00000000e0000000, 0x00000000e0000000, 0x00000000e5560000)
  from space 21824K, 100% used [0x00000000e5560000, 0x00000000e6ab0000, 0x00000000e6ab0000)
  to   space 21824K,   0% used [0x00000000e6ab0000, 0x00000000e6ab0000, 0x00000000e8000000)
 concurrent mark-sweep generation total 393216K, used 93242K [0x00000000e8000000, 0x0000000100000000, 0x0000000100000000)
 Metaspace       used 31672K, capacity 32052K, committed 32384K, reserved 1077248K
  class space    used 3709K, capacity 3848K, committed 3968K, reserved 1048576K
}
2015-09-09T15:08:40.451+0200: 415.624: Total time for which application threads were stopped: 0.0101922 seconds, Stopping threads took: 0.0000154 seconds
{Heap before GC invocations=30 (full 1):
 par new generation   total 109248K, used 109248K [0x00000000e0000000, 0x00000000e8000000, 0x00000000e8000000)
  eden space 87424K, 100% used [0x00000000e0000000, 0x00000000e5560000, 0x00000000e5560000)
  from space 21824K, 100% used [0x00000000e5560000, 0x00000000e6ab0000, 0x00000000e6ab0000)
  to   space 21824K,   0% used [0x00000000e6ab0000, 0x00000000e6ab0000, 0x00000000e8000000)
 concurrent mark-sweep generation total 393216K, used 93242K [0x00000000e8000000, 0x0000000100000000, 0x0000000100000000)
 Metaspace       used 31672K, capacity 32052K, committed 32384K, reserved 1077248K
  class space    used 3709K, capacity 3848K, committed 3968K, reserved 1048576K
2015-09-09T15:08:40.769+0200: 415.942: [GC (Allocation Failure) 415.942: [ParNew
Desired survivor size 20112992 bytes, new threshold 5 (max 8)
- age   1:    6829928 bytes,    6829928 total
- age   2:    2727000 bytes,    9556928 total
- age   3:    9297400 bytes,   18854328 total
- age   4:     627528 bytes,   19481856 total
- age   5:     692352 bytes,   20174208 total
- age   6:     767000 bytes,   20941208 total
- age   7:     885064 bytes,   21826272 total
: 109248K->21824K(109248K), 0.0103385 secs] 202490K->121375K(502464K), 0.0103858 secs] [Times: user=0.00 sys=0.00, real=0.01 secs] 
Heap after GC invocations=31 (full 1):
 par new generation   total 109248K, used 21824K [0x00000000e0000000, 0x00000000e8000000, 0x00000000e8000000)
  eden space 87424K,   0% used [0x00000000e0000000, 0x00000000e0000000, 0x00000000e5560000)
  from space 21824K, 100% used [0x00000000e6ab0000, 0x00000000e8000000, 0x00000000e8000000)
  to   space 21824K,   0% used [0x00000000e5560000, 0x00000000e5560000, 0x00000000e6ab0000)
 concurrent mark-sweep generation total 393216K, used 99551K [0x00000000e8000000, 0x0000000100000000, 0x0000000100000000)
 Metaspace       used 31672K, capacity 32052K, committed 32384K, reserved 1077248K
  class space    used 3709K, capacity 3848K, committed 3968K, reserved 1048576K
}
2015-09-09T15:08:40.780+0200: 415.953: Total time for which application threads were stopped: 0.0105282 seconds, Stopping threads took: 0.0000147 seconds
{Heap before GC invocations=31 (full 1):
 par new generation   total 109248K, used 109248K [0x00000000e0000000, 0x00000000e8000000, 0x00000000e8000000)
  eden space 87424K, 100% used [0x00000000e0000000, 0x00000000e5560000, 0x00000000e5560000)
  from space 21824K, 100% used [0x00000000e6ab0000, 0x00000000e8000000, 0x00000000e8000000)
  to   space 21824K,   0% used [0x00000000e5560000, 0x00000000e5560000, 0x00000000e6ab0000)
 concurrent mark-sweep generation total 393216K, used 99551K [0x00000000e8000000, 0x0000000100000000, 0x0000000100000000)
 Metaspace       used 31672K, capacity 32052K, committed 32384K, reserved 1077248K
  class space    used 3709K, capacity 3848K, committed 3968K, reserved 1048576K
2015-09-09T15:08:41.052+0200: 416.225: [GC (Allocation Failure) 416.225: [ParNew
Desired survivor size 20112992 bytes, new threshold 5 (max 8)
- age   1:    8836480 bytes,    8836480 total
- age   2:    6133880 bytes,   14970360 total
- age   3:    2434960 bytes,   17405320 total
- age   4:    2529968 bytes,   19935288 total
- age   5:     587744 bytes,   20523032 total
: 109248K->21824K(109248K), 0.0103273 secs] 208799K->128264K(502464K), 0.0103765 secs] [Times: user=0.06 sys=0.00, real=0.01 secs] 
Heap after GC invocations=32 (full 1):
 par new generation   total 109248K, used 21824K [0x00000000e0000000, 0x00000000e8000000, 0x00000000e8000000)
  eden space 87424K,   0% used [0x00000000e0000000, 0x00000000e0000000, 0x00000000e5560000)
  from space 21824K, 100% used [0x00000000e5560000, 0x00000000e6ab0000, 0x00000000e6ab0000)
  to   space 21824K,   0% used [0x00000000e6ab0000, 0x00000000e6ab0000, 0x00000000e8000000)
 concurrent mark-sweep generation total 393216K, used 106440K [0x00000000e8000000, 0x0000000100000000, 0x0000000100000000)
 Metaspace       used 31672K, capacity 32052K, committed 32384K, reserved 1077248K
  class space    used 3709K, capacity 3848K, committed 3968K, reserved 1048576K
}
2015-09-09T15:08:41.063+0200: 416.236: Total time for which application threads were stopped: 0.0105266 seconds, Stopping threads took: 0.0000154 seconds
{Heap before GC invocations=32 (full 1):
 par new generation   total 109248K, used 109248K [0x00000000e0000000, 0x00000000e8000000, 0x00000000e8000000)
  eden space 87424K, 100% used [0x00000000e0000000, 0x00000000e5560000, 0x00000000e5560000)
  from space 21824K, 100% used [0x00000000e5560000, 0x00000000e6ab0000, 0x00000000e6ab0000)
  to   space 21824K,   0% used [0x00000000e6ab0000, 0x00000000e6ab0000, 0x00000000e8000000)
 concurrent mark-sweep generation total 393216K, used 106440K [0x00000000e8000000, 0x0000000100000000, 0x0000000100000000)
 Metaspace       used 31673K, capacity 32052K, committed 32384K, reserved 1077248K
  class space    used 3709K, capacity 3848K, committed 3968K, reserved 1048576K
2015-09-09T15:08:41.350+0200: 416.523: [GC (Allocation Failure) 416.523: [ParNew
Desired survivor size 20112992 bytes, new threshold 5 (max 8)
- age   1:    3603240 bytes,    3603240 total
- age   2:    8612208 bytes,   12215448 total
- age   3:    6041952 bytes,   18257400 total
- age   4:     973848 bytes,   19231248 total
- age   5:    2490312 bytes,   21721560 total
: 109248K->21824K(109248K), 0.0094876 secs] 215688K->132354K(502464K), 0.0095318 secs] [Times: user=0.06 sys=0.00, real=0.01 secs] 
Heap after GC invocations=33 (full 1):
 par new generation   total 109248K, used 21824K [0x00000000e0000000, 0x00000000e8000000, 0x00000000e8000000)
  eden space 87424K,   0% used [0x00000000e0000000, 0x00000000e0000000, 0x00000000e5560000)
  from space 21824K, 100% used [0x00000000e6ab0000, 0x00000000e8000000, 0x00000000e8000000)
  to   space 21824K,   0% used [0x00000000e5560000, 0x00000000e5560000, 0x00000000e6ab0000)
 concurrent mark-sweep generation total 393216K, used 110530K [0x00000000e8000000, 0x0000000100000000, 0x0000000100000000)
 Metaspace       used 31673K, capacity 32052K, committed 32384K, reserved 1077248K
  class space    used 3709K, capacity 3848K, committed 3968K, reserved 1048576K
}
2015-09-09T15:08:41.360+0200: 416.533: Total time for which application threads were stopped: 0.0096764 seconds, Stopping threads took: 0.0000138 seconds
{Heap before GC invocations=33 (full 1):
 par new generation   total 109248K, used 109248K [0x00000000e0000000, 0x00000000e8000000, 0x00000000e8000000)
  eden space 87424K, 100% used [0x00000000e0000000, 0x00000000e5560000, 0x00000000e5560000)
  from space 21824K, 100% used [0x00000000e6ab0000, 0x00000000e8000000, 0x00000000e8000000)
  to   space 21824K,   0% used [0x00000000e5560000, 0x00000000e5560000, 0x00000000e6ab0000)
 concurrent mark-sweep generation total 393216K, used 110530K [0x00000000e8000000, 0x0000000100000000, 0x0000000100000000)
 Metaspace       used 31673K, capacity 32052K, committed 32384K, reserved 1077248K
  class space    used 3709K, capacity 3848K, committed 3968K, reserved 1048576K
2015-09-09T15:08:41.655+0200: 416.828: [GC (Allocation Failure) 416.828: [ParNew
Desired survivor size 20112992 bytes, new threshold 5 (max 8)
- age   1:    1711192 bytes,    1711192 total
- age   2:    3490624 bytes,    5201816 total
- age   3:    8533224 bytes,   13735040 total
- age   4:    5716320 bytes,   19451360 total
- age   5:     933848 bytes,   20385208 total
: 109248K->21824K(109248K), 0.0099663 secs] 219778K->137124K(502464K), 0.0100162 secs] [Times: user=0.00 sys=0.00, real=0.01 secs] 
Heap after GC invocations=34 (full 1):
 par new generation   total 109248K, used 21824K [0x00000000e0000000, 0x00000000e8000000, 0x00000000e8000000)
  eden space 87424K,   0% used [0x00000000e0000000, 0x00000000e0000000, 0x00000000e5560000)
  from space 21824K, 100% used [0x00000000e5560000, 0x00000000e6ab0000, 0x00000000e6ab0000)
  to   space 21824K,   0% used [0x00000000e6ab0000, 0x00000000e6ab0000, 0x00000000e8000000)
 concurrent mark-sweep generation total 393216K, used 115300K [0x00000000e8000000, 0x0000000100000000, 0x0000000100000000)
 Metaspace       used 31673K, capacity 32052K, committed 32384K, reserved 1077248K
  class space    used 3709K, capacity 3848K, committed 3968K, reserved 1048576K
}
2015-09-09T15:08:41.665+0200: 416.838: Total time for which application threads were stopped: 0.0101663 seconds, Stopping threads took: 0.0000154 seconds
{Heap before GC invocations=34 (full 1):
 par new generation   total 109248K, used 109248K [0x00000000e0000000, 0x00000000e8000000, 0x00000000e8000000)
  eden space 87424K, 100% used [0x00000000e0000000, 0x00000000e5560000, 0x00000000e5560000)
  from space 21824K, 100% used [0x00000000e5560000, 0x00000000e6ab0000, 0x00000000e6ab0000)
  to   space 21824K,   0% used [0x00000000e6ab0000, 0x00000000e6ab0000, 0x00000000e8000000)
 concurrent mark-sweep generation total 393216K, used 115300K [0x00000000e8000000, 0x0000000100000000, 0x0000000100000000)
 Metaspace       used 31674K, capacity 32052K, committed 32384K, reserved 1077248K
  class space    used 3709K, capacity 3848K, committed 3968K, reserved 1048576K
2015-09-09T15:08:41.955+0200: 417.128: [GC (Allocation Failure) 417.128: [ParNew
Desired survivor size 20112992 bytes, new threshold 5 (max 8)
- age   1:   12652800 bytes,   12652800 total
- age   2:    1151280 bytes,   13804080 total
- age   3:    2981784 bytes,   16785864 total
- age   4:     520280 bytes,   17306144 total
- age   5:    5348720 bytes,   22654864 total
: 109248K->21824K(109248K), 0.0102229 secs] 224548K->143875K(502464K), 0.0102697 secs] [Times: user=0.00 sys=0.00, real=0.01 secs] 
Heap after GC invocations=35 (full 1):
 par new generation   total 109248K, used 21824K [0x00000000e0000000, 0x00000000e8000000, 0x00000000e8000000)
  eden space 87424K,   0% used [0x00000000e0000000, 0x00000000e0000000, 0x00000000e5560000)
  from space 21824K, 100% used [0x00000000e6ab0000, 0x00000000e8000000, 0x00000000e8000000)
  to   space 21824K,   0% used [0x00000000e5560000, 0x00000000e5560000, 0x00000000e6ab0000)
 concurrent mark-sweep generation total 393216K, used 122051K [0x00000000e8000000, 0x0000000100000000, 0x0000000100000000)
 Metaspace       used 31674K, capacity 32052K, committed 32384K, reserved 1077248K
  class space    used 3709K, capacity 3848K, committed 3968K, reserved 1048576K
}
2015-09-09T15:08:41.966+0200: 417.139: Total time for which application threads were stopped: 0.0104172 seconds, Stopping threads took: 0.0000141 seconds
{Heap before GC invocations=35 (full 1):
 par new generation   total 109248K, used 109248K [0x00000000e0000000, 0x00000000e8000000, 0x00000000e8000000)
  eden space 87424K, 100% used [0x00000000e0000000, 0x00000000e5560000, 0x00000000e5560000)
  from space 21824K, 100% used [0x00000000e6ab0000, 0x00000000e8000000, 0x00000000e8000000)
  to   space 21824K,   0% used [0x00000000e5560000, 0x00000000e5560000, 0x00000000e6ab0000)
 concurrent mark-sweep generation total 393216K, used 122051K [0x00000000e8000000, 0x0000000100000000, 0x0000000100000000)
 Metaspace       used 31674K, capacity 32052K, committed 32384K, reserved 1077248K
  class space    used 3709K, capacity 3848K, committed 3968K, reserved 1048576K
2015-09-09T15:08:42.253+0200: 417.426: [GC (Allocation Failure) 417.426: [ParNew
Desired survivor size 20112992 bytes, new threshold 4 (max 8)
- age   1:    5832744 bytes,    5832744 total
- age   2:   12025176 bytes,   17857920 total
- age   3:    1118120 bytes,   18976040 total
- age   4:    1357464 bytes,   20333504 total
- age   5:     492080 bytes,   20825584 total
: 109248K->21824K(109248K), 0.0093791 secs] 231299K->151033K(502464K), 0.0094262 secs] [Times: user=0.05 sys=0.00, real=0.01 secs] 
Heap after GC invocations=36 (full 1):
 par new generation   total 109248K, used 21824K [0x00000000e0000000, 0x00000000e8000000, 0x00000000e8000000)
  eden space 87424K,   0% used [0x00000000e0000000, 0x00000000e0000000, 0x00000000e5560000)
  from space 21824K, 100% used [0x00000000e5560000, 0x00000000e6ab0000, 0x00000000e6ab0000)
  to   space 21824K,   0% used [0x00000000e6ab0000, 0x00000000e6ab0000, 0x00000000e8000000)
 concurrent mark-sweep generation total 393216K, used 129209K [0x00000000e8000000, 0x0000000100000000, 0x0000000100000000)
 Metaspace       used 31674K, capacity 32052K, committed 32384K, reserved 1077248K
  class space    used 3709K, capacity 3848K, committed 3968K, reserved 1048576K
}
2015-09-09T15:08:42.263+0200: 417.436: Total time for which application threads were stopped: 0.0095682 seconds, Stopping threads took: 0.0000150 seconds
{Heap before GC invocations=36 (full 1):
 par new generation   total 109248K, used 109248K [0x00000000e0000000, 0x00000000e8000000, 0x00000000e8000000)
  eden space 87424K, 100% used [0x00000000e0000000, 0x00000000e5560000, 0x00000000e5560000)
  from space 21824K, 100% used [0x00000000e5560000, 0x00000000e6ab0000, 0x00000000e6ab0000)
  to   space 21824K,   0% used [0x00000000e6ab0000, 0x00000000e6ab0000, 0x00000000e8000000)
 concurrent mark-sweep generation total 393216K, used 129209K [0x00000000e8000000, 0x0000000100000000, 0x0000000100000000)
 Metaspace       used 31675K, capacity 32052K, committed 32384K, reserved 1077248K
  class space    used 3709K, capacity 3848K, committed 3968K, reserved 1048576K
2015-09-09T15:08:42.561+0200: 417.734: [GC (Allocation Failure) 417.734: [ParNew
Desired survivor size 20112992 bytes, new threshold 4 (max 8)
- age   1:    2164808 bytes,    2164808 total
- age   2:    5660280 bytes,    7825088 total
- age   3:   11980088 bytes,   19805176 total
- age   4:     926368 bytes,   20731544 total
: 109248K->21824K(109248K), 0.0099122 secs] 238457K->153786K(502464K), 0.0099593 secs] [Times: user=0.00 sys=0.00, real=0.01 secs] 
Heap after GC invocations=37 (full 1):
 par new generation   total 109248K, used 21824K [0x00000000e0000000, 0x00000000e8000000, 0x00000000e8000000)
  eden space 87424K,   0% used [0x00000000e0000000, 0x00000000e0000000, 0x00000000e5560000)
  from space 21824K, 100% used [0x00000000e6ab0000, 0x00000000e8000000, 0x00000000e8000000)
  to   space 21824K,   0% used [0x00000000e5560000, 0x00000000e5560000, 0x00000000e6ab0000)
 concurrent mark-sweep generation total 393216K, used 131962K [0x00000000e8000000, 0x0000000100000000, 0x0000000100000000)
 Metaspace       used 31675K, capacity 32052K, committed 32384K, reserved 1077248K
  class space    used 3709K, capacity 3848K, committed 3968K, reserved 1048576K
}
2015-09-09T15:08:42.571+0200: 417.744: Total time for which application threads were stopped: 0.0101026 seconds, Stopping threads took: 0.0000154 seconds
{Heap before GC invocations=37 (full 1):
 par new generation   total 109248K, used 109248K [0x00000000e0000000, 0x00000000e8000000, 0x00000000e8000000)
  eden space 87424K, 100% used [0x00000000e0000000, 0x00000000e5560000, 0x00000000e5560000)
  from space 21824K, 100% used [0x00000000e6ab0000, 0x00000000e8000000, 0x00000000e8000000)
  to   space 21824K,   0% used [0x00000000e5560000, 0x00000000e5560000, 0x00000000e6ab0000)
 concurrent mark-sweep generation total 393216K, used 131962K [0x00000000e8000000, 0x0000000100000000, 0x0000000100000000)
 Metaspace       used 31675K, capacity 32052K, committed 32384K, reserved 1077248K
  class space    used 3709K, capacity 3848K, committed 3968K, reserved 1048576K
2015-09-09T15:08:42.871+0200: 418.044: [GC (Allocation Failure) 418.044: [ParNew
Desired survivor size 20112992 bytes, new threshold 4 (max 8)
- age   1:    2310136 bytes,    2310136 total
- age   2:    1630744 bytes,    3940880 total
- age   3:    5651992 bytes,    9592872 total
- age   4:   11978264 bytes,   21571136 total
: 109248K->21824K(109248K), 0.0090860 secs] 241210K->156460K(502464K), 0.0091343 secs] [Times: user=0.00 sys=0.00, real=0.01 secs] 
Heap after GC invocations=38 (full 1):
 par new generation   total 109248K, used 21824K [0x00000000e0000000, 0x00000000e8000000, 0x00000000e8000000)
  eden space 87424K,   0% used [0x00000000e0000000, 0x00000000e0000000, 0x00000000e5560000)
  from space 21824K, 100% used [0x00000000e5560000, 0x00000000e6ab0000, 0x00000000e6ab0000)
  to   space 21824K,   0% used [0x00000000e6ab0000, 0x00000000e6ab0000, 0x00000000e8000000)
 concurrent mark-sweep generation total 393216K, used 134636K [0x00000000e8000000, 0x0000000100000000, 0x0000000100000000)
 Metaspace       used 31675K, capacity 32052K, committed 32384K, reserved 1077248K
  class space    used 3709K, capacity 3848K, committed 3968K, reserved 1048576K
}
2015-09-09T15:08:42.880+0200: 418.053: Total time for which application threads were stopped: 0.0093164 seconds, Stopping threads took: 0.0000250 seconds
{Heap before GC invocations=38 (full 1):
 par new generation   total 109248K, used 109248K [0x00000000e0000000, 0x00000000e8000000, 0x00000000e8000000)
  eden space 87424K, 100% used [0x00000000e0000000, 0x00000000e5560000, 0x00000000e5560000)
  from space 21824K, 100% used [0x00000000e5560000, 0x00000000e6ab0000, 0x00000000e6ab0000)
  to   space 21824K,   0% used [0x00000000e6ab0000, 0x00000000e6ab0000, 0x00000000e8000000)
 concurrent mark-sweep generation total 393216K, used 134636K [0x00000000e8000000, 0x0000000100000000, 0x0000000100000000)
 Metaspace       used 31675K, capacity 32052K, committed 32384K, reserved 1077248K
  class space    used 3709K, capacity 3848K, committed 3968K, reserved 1048576K
2015-09-09T15:08:43.130+0200: 418.303: [GC (Allocation Failure) 418.303: [ParNew
Desired survivor size 20112992 bytes, new threshold 8 (max 8)
- age   1:   10528360 bytes,   10528360 total
- age   2:    2309752 bytes,   12838112 total
- age   3:    1630744 bytes,   14468856 total
- age   4:    1183552 bytes,   15652408 total
: 109248K->21652K(109248K), 0.0101401 secs] 243884K->165931K(502464K), 0.0101868 secs] [Times: user=0.06 sys=0.00, real=0.01 secs] 
Heap after GC invocations=39 (full 1):
 par new generation   total 109248K, used 21652K [0x00000000e0000000, 0x00000000e8000000, 0x00000000e8000000)
  eden space 87424K,   0% used [0x00000000e0000000, 0x00000000e0000000, 0x00000000e5560000)
  from space 21824K,  99% used [0x00000000e6ab0000, 0x00000000e7fd51d0, 0x00000000e8000000)
  to   space 21824K,   0% used [0x00000000e5560000, 0x00000000e5560000, 0x00000000e6ab0000)
 concurrent mark-sweep generation total 393216K, used 144279K [0x00000000e8000000, 0x0000000100000000, 0x0000000100000000)
 Metaspace       used 31675K, capacity 32052K, committed 32384K, reserved 1077248K
  class space    used 3709K, capacity 3848K, committed 3968K, reserved 1048576K
}
2015-09-09T15:08:43.140+0200: 418.314: Total time for which application threads were stopped: 0.0103321 seconds, Stopping threads took: 0.0000154 seconds
{Heap before GC invocations=39 (full 1):
 par new generation   total 109248K, used 109076K [0x00000000e0000000, 0x00000000e8000000, 0x00000000e8000000)
  eden space 87424K, 100% used [0x00000000e0000000, 0x00000000e5560000, 0x00000000e5560000)
  from space 21824K,  99% used [0x00000000e6ab0000, 0x00000000e7fd51d0, 0x00000000e8000000)
  to   space 21824K,   0% used [0x00000000e5560000, 0x00000000e5560000, 0x00000000e6ab0000)
 concurrent mark-sweep generation total 393216K, used 144279K [0x00000000e8000000, 0x0000000100000000, 0x0000000100000000)
 Metaspace       used 31675K, capacity 32052K, committed 32384K, reserved 1077248K
  class space    used 3709K, capacity 3848K, committed 3968K, reserved 1048576K
2015-09-09T15:08:43.434+0200: 418.607: [GC (Allocation Failure) 418.607: [ParNew
Desired survivor size 20112992 bytes, new threshold 8 (max 8)
- age   1:    2794144 bytes,    2794144 total
- age   2:   10525584 bytes,   13319728 total
- age   3:    2309752 bytes,   15629480 total
- age   4:    1462328 bytes,   17091808 total
- age   5:    1183528 bytes,   18275336 total
: 109076K->21824K(109248K), 0.0089234 secs] 253355K->166103K(502464K), 0.0089734 secs] [Times: user=0.00 sys=0.00, real=0.01 secs] 
Heap after GC invocations=40 (full 1):
 par new generation   total 109248K, used 21824K [0x00000000e0000000, 0x00000000e8000000, 0x00000000e8000000)
  eden space 87424K,   0% used [0x00000000e0000000, 0x00000000e0000000, 0x00000000e5560000)
  from space 21824K, 100% used [0x00000000e5560000, 0x00000000e6ab0000, 0x00000000e6ab0000)
  to   space 21824K,   0% used [0x00000000e6ab0000, 0x00000000e6ab0000, 0x00000000e8000000)
 concurrent mark-sweep generation total 393216K, used 144279K [0x00000000e8000000, 0x0000000100000000, 0x0000000100000000)
 Metaspace       used 31675K, capacity 32052K, committed 32384K, reserved 1077248K
  class space    used 3709K, capacity 3848K, committed 3968K, reserved 1048576K
}
2015-09-09T15:08:43.443+0200: 418.616: Total time for which application threads were stopped: 0.0091193 seconds, Stopping threads took: 0.0000154 seconds
{Heap before GC invocations=40 (full 1):
 par new generation   total 109248K, used 109248K [0x00000000e0000000, 0x00000000e8000000, 0x00000000e8000000)
  eden space 87424K, 100% used [0x00000000e0000000, 0x00000000e5560000, 0x00000000e5560000)
  from space 21824K, 100% used [0x00000000e5560000, 0x00000000e6ab0000, 0x00000000e6ab0000)
  to   space 21824K,   0% used [0x00000000e6ab0000, 0x00000000e6ab0000, 0x00000000e8000000)
 concurrent mark-sweep generation total 393216K, used 144279K [0x00000000e8000000, 0x0000000100000000, 0x0000000100000000)
 Metaspace       used 31675K, capacity 32052K, committed 32384K, reserved 1077248K
  class space    used 3709K, capacity 3848K, committed 3968K, reserved 1048576K
2015-09-09T15:08:43.744+0200: 418.917: [GC (Allocation Failure) 418.917: [ParNew
Desired survivor size 20112992 bytes, new threshold 6 (max 8)
- age   1:    1434648 bytes,    1434648 total
- age   2:    1747128 bytes,    3181776 total
- age   3:   12001152 bytes,   15182928 total
- age   4:    2309400 bytes,   17492328 total
- age   5:    1457360 bytes,   18949688 total
- age   6:    1183160 bytes,   20132848 total
: 109248K->21824K(109248K), 0.0094153 secs] 253527K->168386K(502464K), 0.0094623 secs] [Times: user=0.00 sys=0.00, real=0.01 secs] 
Heap after GC invocations=41 (full 1):
 par new generation   total 109248K, used 21824K [0x00000000e0000000, 0x00000000e8000000, 0x00000000e8000000)
  eden space 87424K,   0% used [0x00000000e0000000, 0x00000000e0000000, 0x00000000e5560000)
  from space 21824K, 100% used [0x00000000e6ab0000, 0x00000000e8000000, 0x00000000e8000000)
  to   space 21824K,   0% used [0x00000000e5560000, 0x00000000e5560000, 0x00000000e6ab0000)
 concurrent mark-sweep generation total 393216K, used 146562K [0x00000000e8000000, 0x0000000100000000, 0x0000000100000000)
 Metaspace       used 31675K, capacity 32052K, committed 32384K, reserved 1077248K
  class space    used 3709K, capacity 3848K, committed 3968K, reserved 1048576K
}
2015-09-09T15:08:43.753+0200: 418.927: Total time for which application threads were stopped: 0.0096086 seconds, Stopping threads took: 0.0000154 seconds
{Heap before GC invocations=41 (full 1):
 par new generation   total 109248K, used 109248K [0x00000000e0000000, 0x00000000e8000000, 0x00000000e8000000)
  eden space 87424K, 100% used [0x00000000e0000000, 0x00000000e5560000, 0x00000000e5560000)
  from space 21824K, 100% used [0x00000000e6ab0000, 0x00000000e8000000, 0x00000000e8000000)
  to   space 21824K,   0% used [0x00000000e5560000, 0x00000000e5560000, 0x00000000e6ab0000)
 concurrent mark-sweep generation total 393216K, used 146562K [0x00000000e8000000, 0x0000000100000000, 0x0000000100000000)
 Metaspace       used 31675K, capacity 32052K, committed 32384K, reserved 1077248K
  class space    used 3709K, capacity 3848K, committed 3968K, reserved 1048576K
2015-09-09T15:08:44.037+0200: 419.210: [GC (Allocation Failure) 419.210: [ParNew
Desired survivor size 20112992 bytes, new threshold 6 (max 8)
- age   1:    6959504 bytes,    6959504 total
- age   2:    1368352 bytes,    8327856 total
- age   3:    1686928 bytes,   10014784 total
- age   4:    6923824 bytes,   16938608 total
- age   5:    2257040 bytes,   19195648 total
- age   6:    1403024 bytes,   20598672 total
: 109248K->21824K(109248K), 0.0105801 secs] 255810K->171013K(502464K), 0.0106297 secs] [Times: user=0.06 sys=0.00, real=0.01 secs] 
Heap after GC invocations=42 (full 1):
 par new generation   total 109248K, used 21824K [0x00000000e0000000, 0x00000000e8000000, 0x00000000e8000000)
  eden space 87424K,   0% used [0x00000000e0000000, 0x00000000e0000000, 0x00000000e5560000)
  from space 21824K, 100% used [0x00000000e5560000, 0x00000000e6ab0000, 0x00000000e6ab0000)
  to   space 21824K,   0% used [0x00000000e6ab0000, 0x00000000e6ab0000, 0x00000000e8000000)
 concurrent mark-sweep generation total 393216K, used 149189K [0x00000000e8000000, 0x0000000100000000, 0x0000000100000000)
 Metaspace       used 31675K, capacity 32052K, committed 32384K, reserved 1077248K
  class space    used 3709K, capacity 3848K, committed 3968K, reserved 1048576K
}
2015-09-09T15:08:44.047+0200: 419.221: Total time for which application threads were stopped: 0.0108457 seconds, Stopping threads took: 0.0000272 seconds
{Heap before GC invocations=42 (full 1):
 par new generation   total 109248K, used 109248K [0x00000000e0000000, 0x00000000e8000000, 0x00000000e8000000)
  eden space 87424K, 100% used [0x00000000e0000000, 0x00000000e5560000, 0x00000000e5560000)
  from space 21824K, 100% used [0x00000000e5560000, 0x00000000e6ab0000, 0x00000000e6ab0000)
  to   space 21824K,   0% used [0x00000000e6ab0000, 0x00000000e6ab0000, 0x00000000e8000000)
 concurrent mark-sweep generation total 393216K, used 149189K [0x00000000e8000000, 0x0000000100000000, 0x0000000100000000)
 Metaspace       used 31675K, capacity 32052K, committed 32384K, reserved 1077248K
  class space    used 3709K, capacity 3848K, committed 3968K, reserved 1048576K
2015-09-09T15:08:44.343+0200: 419.516: [GC (Allocation Failure) 419.516: [ParNew
Desired survivor size 20112992 bytes, new threshold 6 (max 8)
- age   1:    3702112 bytes,    3702112 total
- age   2:    6745456 bytes,   10447568 total
- age   3:    1185264 bytes,   11632832 total
- age   4:    1471800 bytes,   13104632 total
- age   5:    6499920 bytes,   19604552 total
- age   6:    1161128 bytes,   20765680 total
: 109248K->21824K(109248K), 0.0107301 secs] 258437K->173569K(502464K), 0.0107765 secs] [Times: user=0.06 sys=0.00, real=0.01 secs] 
Heap after GC invocations=43 (full 1):
 par new generation   total 109248K, used 21824K [0x00000000e0000000, 0x00000000e8000000, 0x00000000e8000000)
  eden space 87424K,   0% used [0x00000000e0000000, 0x00000000e0000000, 0x00000000e5560000)
  from space 21824K, 100% used [0x00000000e6ab0000, 0x00000000e8000000, 0x00000000e8000000)
  to   space 21824K,   0% used [0x00000000e5560000, 0x00000000e5560000, 0x00000000e6ab0000)
 concurrent mark-sweep generation total 393216K, used 151745K [0x00000000e8000000, 0x0000000100000000, 0x0000000100000000)
 Metaspace       used 31675K, capacity 32052K, committed 32384K, reserved 1077248K
  class space    used 3709K, capacity 3848K, committed 3968K, reserved 1048576K
}
2015-09-09T15:08:44.354+0200: 419.527: Total time for which application threads were stopped: 0.0109253 seconds, Stopping threads took: 0.0000147 seconds
2015-09-09T15:08:44.521+0200: 419.695: Total time for which application threads were stopped: 0.0000621 seconds, Stopping threads took: 0.0000141 seconds
2015-09-09T15:08:44.752+0200: 419.926: Total time for which application threads were stopped: 0.0001165 seconds, Stopping threads took: 0.0000246 seconds
{Heap before GC invocations=43 (full 1):
 par new generation   total 109248K, used 109248K [0x00000000e0000000, 0x00000000e8000000, 0x00000000e8000000)
  eden space 87424K, 100% used [0x00000000e0000000, 0x00000000e5560000, 0x00000000e5560000)
  from space 21824K, 100% used [0x00000000e6ab0000, 0x00000000e8000000, 0x00000000e8000000)
  to   space 21824K,   0% used [0x00000000e5560000, 0x00000000e5560000, 0x00000000e6ab0000)
 concurrent mark-sweep generation total 393216K, used 151745K [0x00000000e8000000, 0x0000000100000000, 0x0000000100000000)
 Metaspace       used 31810K, capacity 32212K, committed 32640K, reserved 1077248K
  class space    used 3712K, capacity 3880K, committed 3968K, reserved 1048576K
2015-09-09T15:08:45.715+0200: 420.888: [GC (Allocation Failure) 420.888: [ParNew
Desired survivor size 20112992 bytes, new threshold 6 (max 8)
- age   1:    9484872 bytes,    9484872 total
- age   2:    2391816 bytes,   11876688 total
- age   3:    5605160 bytes,   17481848 total
- age   4:    1132856 bytes,   18614704 total
- age   5:    1421080 bytes,   20035784 total
- age   6:    1810656 bytes,   21846440 total
: 109248K->21824K(109248K), 0.0123429 secs] 260993K->185978K(502464K), 0.0123925 secs] [Times: user=0.03 sys=0.03, real=0.01 secs] 
Heap after GC invocations=44 (full 1):
 par new generation   total 109248K, used 21824K [0x00000000e0000000, 0x00000000e8000000, 0x00000000e8000000)
  eden space 87424K,   0% used [0x00000000e0000000, 0x00000000e0000000, 0x00000000e5560000)
  from space 21824K, 100% used [0x00000000e5560000, 0x00000000e6ab0000, 0x00000000e6ab0000)
  to   space 21824K,   0% used [0x00000000e6ab0000, 0x00000000e6ab0000, 0x00000000e8000000)
 concurrent mark-sweep generation total 393216K, used 164154K [0x00000000e8000000, 0x0000000100000000, 0x0000000100000000)
 Metaspace       used 31810K, capacity 32212K, committed 32640K, reserved 1077248K
  class space    used 3712K, capacity 3880K, committed 3968K, reserved 1048576K
}
2015-09-09T15:08:45.727+0200: 420.900: Total time for which application threads were stopped: 0.0125960 seconds, Stopping threads took: 0.0000157 seconds
{Heap before GC invocations=44 (full 1):
 par new generation   total 109248K, used 109248K [0x00000000e0000000, 0x00000000e8000000, 0x00000000e8000000)
  eden space 87424K, 100% used [0x00000000e0000000, 0x00000000e5560000, 0x00000000e5560000)
  from space 21824K, 100% used [0x00000000e5560000, 0x00000000e6ab0000, 0x00000000e6ab0000)
  to   space 21824K,   0% used [0x00000000e6ab0000, 0x00000000e6ab0000, 0x00000000e8000000)
 concurrent mark-sweep generation total 393216K, used 164154K [0x00000000e8000000, 0x0000000100000000, 0x0000000100000000)
 Metaspace       used 31823K, capacity 32212K, committed 32640K, reserved 1077248K
  class space    used 3712K, capacity 3880K, committed 3968K, reserved 1048576K
2015-09-09T15:08:45.888+0200: 421.062: [GC (Allocation Failure) 421.062: [ParNew
Desired survivor size 20112992 bytes, new threshold 6 (max 8)
- age   1:      80400 bytes,      80400 total
- age   2:    9484208 bytes,    9564608 total
- age   3:    2391816 bytes,   11956424 total
- age   4:    5605160 bytes,   17561584 total
- age   5:    1132856 bytes,   18694440 total
- age   6:    1421080 bytes,   20115520 total
: 109248K->21824K(109248K), 0.0084502 secs] 273402K->187762K(502464K), 0.0085065 secs] [Times: user=0.03 sys=0.00, real=0.01 secs] 
Heap after GC invocations=45 (full 1):
 par new generation   total 109248K, used 21824K [0x00000000e0000000, 0x00000000e8000000, 0x00000000e8000000)
  eden space 87424K,   0% used [0x00000000e0000000, 0x00000000e0000000, 0x00000000e5560000)
  from space 21824K, 100% used [0x00000000e6ab0000, 0x00000000e8000000, 0x00000000e8000000)
  to   space 21824K,   0% used [0x00000000e5560000, 0x00000000e5560000, 0x00000000e6ab0000)
 concurrent mark-sweep generation total 393216K, used 165938K [0x00000000e8000000, 0x0000000100000000, 0x0000000100000000)
 Metaspace       used 31823K, capacity 32212K, committed 32640K, reserved 1077248K
  class space    used 3712K, capacity 3880K, committed 3968K, reserved 1048576K
}
2015-09-09T15:08:45.897+0200: 421.070: Total time for which application threads were stopped: 0.0086783 seconds, Stopping threads took: 0.0000173 seconds
{Heap before GC invocations=45 (full 1):
 par new generation   total 109248K, used 109248K [0x00000000e0000000, 0x00000000e8000000, 0x00000000e8000000)
  eden space 87424K, 100% used [0x00000000e0000000, 0x00000000e5560000, 0x00000000e5560000)
  from space 21824K, 100% used [0x00000000e6ab0000, 0x00000000e8000000, 0x00000000e8000000)
  to   space 21824K,   0% used [0x00000000e5560000, 0x00000000e5560000, 0x00000000e6ab0000)
 concurrent mark-sweep generation total 393216K, used 165938K [0x00000000e8000000, 0x0000000100000000, 0x0000000100000000)
 Metaspace       used 31823K, capacity 32212K, committed 32640K, reserved 1077248K
  class space    used 3712K, capacity 3880K, committed 3968K, reserved 1048576K
2015-09-09T15:08:46.038+0200: 421.212: [GC (Allocation Failure) 421.212: [ParNew
Desired survivor size 20112992 bytes, new threshold 8 (max 8)
- age   1:     182272 bytes,     182272 total
- age   2:      71072 bytes,     253344 total
- age   3:    7741024 bytes,    7994368 total
- age   4:    2391816 bytes,   10386184 total
- age   5:    5605160 bytes,   15991344 total
- age   6:    1132856 bytes,   17124200 total
: 109248K->21824K(109248K), 0.0078121 secs] 275186K->189168K(502464K), 0.0078617 secs] [Times: user=0.00 sys=0.00, real=0.01 secs] 
Heap after GC invocations=46 (full 1):
 par new generation   total 109248K, used 21824K [0x00000000e0000000, 0x00000000e8000000, 0x00000000e8000000)
  eden space 87424K,   0% used [0x00000000e0000000, 0x00000000e0000000, 0x00000000e5560000)
  from space 21824K, 100% used [0x00000000e5560000, 0x00000000e6ab0000, 0x00000000e6ab0000)
  to   space 21824K,   0% used [0x00000000e6ab0000, 0x00000000e6ab0000, 0x00000000e8000000)
 concurrent mark-sweep generation total 393216K, used 167344K [0x00000000e8000000, 0x0000000100000000, 0x0000000100000000)
 Metaspace       used 31823K, capacity 32212K, committed 32640K, reserved 1077248K
  class space    used 3712K, capacity 3880K, committed 3968K, reserved 1048576K
}
2015-09-09T15:08:46.046+0200: 421.219: Total time for which application threads were stopped: 0.0080262 seconds, Stopping threads took: 0.0000173 seconds
{Heap before GC invocations=46 (full 1):
 par new generation   total 109248K, used 109248K [0x00000000e0000000, 0x00000000e8000000, 0x00000000e8000000)
  eden space 87424K, 100% used [0x00000000e0000000, 0x00000000e5560000, 0x00000000e5560000)
  from space 21824K, 100% used [0x00000000e5560000, 0x00000000e6ab0000, 0x00000000e6ab0000)
  to   space 21824K,   0% used [0x00000000e6ab0000, 0x00000000e6ab0000, 0x00000000e8000000)
 concurrent mark-sweep generation total 393216K, used 167344K [0x00000000e8000000, 0x0000000100000000, 0x0000000100000000)
 Metaspace       used 31823K, capacity 32212K, committed 32640K, reserved 1077248K
  class space    used 3712K, capacity 3880K, committed 3968K, reserved 1048576K
2015-09-09T15:08:46.226+0200: 421.399: [GC (Allocation Failure) 421.399: [ParNew
Desired survivor size 20112992 bytes, new threshold 8 (max 8)
- age   1:      52832 bytes,      52832 total
- age   2:      81296 bytes,     134128 total
- age   3:      71072 bytes,     205200 total
- age   4:    7741024 bytes,    7946224 total
- age   5:    2391816 bytes,   10338040 total
- age   6:    5605160 bytes,   15943200 total
- age   7:    1132856 bytes,   17076056 total
: 109248K->21824K(109248K), 0.0065273 secs] 276592K->189168K(502464K), 0.0066067 secs] [Times: user=0.00 sys=0.00, real=0.01 secs] 
Heap after GC invocations=47 (full 1):
 par new generation   total 109248K, used 21824K [0x00000000e0000000, 0x00000000e8000000, 0x00000000e8000000)
  eden space 87424K,   0% used [0x00000000e0000000, 0x00000000e0000000, 0x00000000e5560000)
  from space 21824K, 100% used [0x00000000e6ab0000, 0x00000000e8000000, 0x00000000e8000000)
  to   space 21824K,   0% used [0x00000000e5560000, 0x00000000e5560000, 0x00000000e6ab0000)
 concurrent mark-sweep generation total 393216K, used 167344K [0x00000000e8000000, 0x0000000100000000, 0x0000000100000000)
 Metaspace       used 31823K, capacity 32212K, committed 32640K, reserved 1077248K
  class space    used 3712K, capacity 3880K, committed 3968K, reserved 1048576K
}
2015-09-09T15:08:46.232+0200: 421.406: Total time for which application threads were stopped: 0.0067689 seconds, Stopping threads took: 0.0000176 seconds
2015-09-09T15:08:46.288+0200: 421.461: Total time for which application threads were stopped: 0.0000931 seconds, Stopping threads took: 0.0000154 seconds
{Heap before GC invocations=47 (full 1):
 par new generation   total 109248K, used 109248K [0x00000000e0000000, 0x00000000e8000000, 0x00000000e8000000)
  eden space 87424K, 100% used [0x00000000e0000000, 0x00000000e5560000, 0x00000000e5560000)
  from space 21824K, 100% used [0x00000000e6ab0000, 0x00000000e8000000, 0x00000000e8000000)
  to   space 21824K,   0% used [0x00000000e5560000, 0x00000000e5560000, 0x00000000e6ab0000)
 concurrent mark-sweep generation total 393216K, used 167344K [0x00000000e8000000, 0x0000000100000000, 0x0000000100000000)
 Metaspace       used 31825K, capacity 32212K, committed 32640K, reserved 1077248K
  class space    used 3712K, capacity 3880K, committed 3968K, reserved 1048576K
2015-09-09T15:08:46.434+0200: 421.608: [GC (Allocation Failure) 421.608: [ParNew
Desired survivor size 20112992 bytes, new threshold 8 (max 8)
- age   1:     130088 bytes,     130088 total
- age   2:      12880 bytes,     142968 total
- age   3:      54000 bytes,     196968 total
- age   4:      71072 bytes,     268040 total
- age   5:    9484000 bytes,    9752040 total
- age   6:    2391816 bytes,   12143856 total
- age   7:    5605184 bytes,   17749040 total
- age   8:    1132856 bytes,   18881896 total
: 109248K->21824K(109248K), 0.0057820 secs] 276592K->189168K(502464K), 0.0058294 secs] [Times: user=0.00 sys=0.00, real=0.01 secs] 
Heap after GC invocations=48 (full 1):
 par new generation   total 109248K, used 21824K [0x00000000e0000000, 0x00000000e8000000, 0x00000000e8000000)
  eden space 87424K,   0% used [0x00000000e0000000, 0x00000000e0000000, 0x00000000e5560000)
  from space 21824K, 100% used [0x00000000e5560000, 0x00000000e6ab0000, 0x00000000e6ab0000)
  to   space 21824K,   0% used [0x00000000e6ab0000, 0x00000000e6ab0000, 0x00000000e8000000)
 concurrent mark-sweep generation total 393216K, used 167344K [0x00000000e8000000, 0x0000000100000000, 0x0000000100000000)
 Metaspace       used 31825K, capacity 32212K, committed 32640K, reserved 1077248K
  class space    used 3712K, capacity 3880K, committed 3968K, reserved 1048576K
}
2015-09-09T15:08:46.440+0200: 421.614: Total time for which application threads were stopped: 0.0060060 seconds, Stopping threads took: 0.0000272 seconds
{Heap before GC invocations=48 (full 1):
 par new generation   total 109248K, used 109248K [0x00000000e0000000, 0x00000000e8000000, 0x00000000e8000000)
  eden space 87424K, 100% used [0x00000000e0000000, 0x00000000e5560000, 0x00000000e5560000)
  from space 21824K, 100% used [0x00000000e5560000, 0x00000000e6ab0000, 0x00000000e6ab0000)
  to   space 21824K,   0% used [0x00000000e6ab0000, 0x00000000e6ab0000, 0x00000000e8000000)
 concurrent mark-sweep generation total 393216K, used 167344K [0x00000000e8000000, 0x0000000100000000, 0x0000000100000000)
 Metaspace       used 31826K, capacity 32212K, committed 32640K, reserved 1077248K
  class space    used 3712K, capacity 3880K, committed 3968K, reserved 1048576K
2015-09-09T15:08:46.561+0200: 421.734: [GC (Allocation Failure) 421.734: [ParNew
Desired survivor size 20112992 bytes, new threshold 8 (max 8)
- age   1:     126192 bytes,     126192 total
- age   2:      93816 bytes,     220008 total
- age   3:      12880 bytes,     232888 total
- age   4:      54000 bytes,     286888 total
- age   5:      71072 bytes,     357960 total
- age   6:    9484000 bytes,    9841960 total
- age   7:    2391816 bytes,   12233776 total
- age   8:    5605160 bytes,   17838936 total
: 109248K->20370K(109248K), 0.0072223 secs] 276592K->188841K(502464K), 0.0072716 secs] [Times: user=0.06 sys=0.00, real=0.01 secs] 
Heap after GC invocations=49 (full 1):
 par new generation   total 109248K, used 20370K [0x00000000e0000000, 0x00000000e8000000, 0x00000000e8000000)
  eden space 87424K,   0% used [0x00000000e0000000, 0x00000000e0000000, 0x00000000e5560000)
  from space 21824K,  93% used [0x00000000e6ab0000, 0x00000000e7e94a88, 0x00000000e8000000)
  to   space 21824K,   0% used [0x00000000e5560000, 0x00000000e5560000, 0x00000000e6ab0000)
 concurrent mark-sweep generation total 393216K, used 168470K [0x00000000e8000000, 0x0000000100000000, 0x0000000100000000)
 Metaspace       used 31826K, capacity 32212K, committed 32640K, reserved 1077248K
  class space    used 3712K, capacity 3880K, committed 3968K, reserved 1048576K
}
2015-09-09T15:08:46.568+0200: 421.742: Total time for which application threads were stopped: 0.0074473 seconds, Stopping threads took: 0.0000192 seconds
2015-09-09T15:08:46.711+0200: 421.885: Total time for which application threads were stopped: 0.0000829 seconds, Stopping threads took: 0.0000182 seconds
{Heap before GC invocations=49 (full 1):
 par new generation   total 109248K, used 107794K [0x00000000e0000000, 0x00000000e8000000, 0x00000000e8000000)
  eden space 87424K, 100% used [0x00000000e0000000, 0x00000000e5560000, 0x00000000e5560000)
  from space 21824K,  93% used [0x00000000e6ab0000, 0x00000000e7e94a88, 0x00000000e8000000)
  to   space 21824K,   0% used [0x00000000e5560000, 0x00000000e5560000, 0x00000000e6ab0000)
 concurrent mark-sweep generation total 393216K, used 168470K [0x00000000e8000000, 0x0000000100000000, 0x0000000100000000)
 Metaspace       used 31832K, capacity 32212K, committed 32640K, reserved 1077248K
  class space    used 3712K, capacity 3880K, committed 3968K, reserved 1048576K
2015-09-09T15:08:46.789+0200: 421.962: [GC (Allocation Failure) 421.962: [ParNew
Desired survivor size 20112992 bytes, new threshold 8 (max 8)
- age   1:    1363576 bytes,    1363576 total
- age   2:        536 bytes,    1364112 total
- age   3:      93816 bytes,    1457928 total
- age   4:      12880 bytes,    1470808 total
- age   5:      54000 bytes,    1524808 total
- age   6:      71072 bytes,    1595880 total
- age   7:    7698432 bytes,    9294312 total
- age   8:    2367000 bytes,   11661312 total
: 107794K->12560K(109248K), 0.0076463 secs] 276265K->186497K(502464K), 0.0077052 secs] [Times: user=0.00 sys=0.00, real=0.01 secs] 
Heap after GC invocations=50 (full 1):
 par new generation   total 109248K, used 12560K [0x00000000e0000000, 0x00000000e8000000, 0x00000000e8000000)
  eden space 87424K,   0% used [0x00000000e0000000, 0x00000000e0000000, 0x00000000e5560000)
  from space 21824K,  57% used [0x00000000e5560000, 0x00000000e61a42c0, 0x00000000e6ab0000)
  to   space 21824K,   0% used [0x00000000e6ab0000, 0x00000000e6ab0000, 0x00000000e8000000)
 concurrent mark-sweep generation total 393216K, used 173936K [0x00000000e8000000, 0x0000000100000000, 0x0000000100000000)
 Metaspace       used 31832K, capacity 32212K, committed 32640K, reserved 1077248K
  class space    used 3712K, capacity 3880K, committed 3968K, reserved 1048576K
}
2015-09-09T15:08:46.796+0200: 421.970: Total time for which application threads were stopped: 0.0079033 seconds, Stopping threads took: 0.0000243 seconds
{Heap before GC invocations=50 (full 1):
 par new generation   total 109248K, used 99984K [0x00000000e0000000, 0x00000000e8000000, 0x00000000e8000000)
  eden space 87424K, 100% used [0x00000000e0000000, 0x00000000e5560000, 0x00000000e5560000)
  from space 21824K,  57% used [0x00000000e5560000, 0x00000000e61a42c0, 0x00000000e6ab0000)
  to   space 21824K,   0% used [0x00000000e6ab0000, 0x00000000e6ab0000, 0x00000000e8000000)
 concurrent mark-sweep generation total 393216K, used 173936K [0x00000000e8000000, 0x0000000100000000, 0x0000000100000000)
 Metaspace       used 31832K, capacity 32212K, committed 32640K, reserved 1077248K
  class space    used 3712K, capacity 3880K, committed 3968K, reserved 1048576K
2015-09-09T15:08:47.083+0200: 422.257: [GC (Allocation Failure) 422.257: [ParNew
Desired survivor size 20112992 bytes, new threshold 8 (max 8)
- age   1:    4371112 bytes,    4371112 total
- age   2:     940632 bytes,    5311744 total
- age   3:        536 bytes,    5312280 total
- age   4:      93816 bytes,    5406096 total
- age   5:      12880 bytes,    5418976 total
- age   6:      54000 bytes,    5472976 total
- age   7:      71072 bytes,    5544048 total
- age   8:    7698432 bytes,   13242480 total
: 99984K->13657K(109248K), 0.0068863 secs] 273921K->189919K(502464K), 0.0069398 secs] [Times: user=0.00 sys=0.00, real=0.01 secs] 
Heap after GC invocations=51 (full 1):
 par new generation   total 109248K, used 13657K [0x00000000e0000000, 0x00000000e8000000, 0x00000000e8000000)
  eden space 87424K,   0% used [0x00000000e0000000, 0x00000000e0000000, 0x00000000e5560000)
  from space 21824K,  62% used [0x00000000e6ab0000, 0x00000000e7806570, 0x00000000e8000000)
  to   space 21824K,   0% used [0x00000000e5560000, 0x00000000e5560000, 0x00000000e6ab0000)
 concurrent mark-sweep generation total 393216K, used 176262K [0x00000000e8000000, 0x0000000100000000, 0x0000000100000000)
 Metaspace       used 31832K, capacity 32212K, committed 32640K, reserved 1077248K
  class space    used 3712K, capacity 3880K, committed 3968K, reserved 1048576K
}
2015-09-09T15:08:47.090+0200: 422.264: Total time for which application threads were stopped: 0.0071212 seconds, Stopping threads took: 0.0000182 seconds
{Heap before GC invocations=51 (full 1):
 par new generation   total 109248K, used 101081K [0x00000000e0000000, 0x00000000e8000000, 0x00000000e8000000)
  eden space 87424K, 100% used [0x00000000e0000000, 0x00000000e5560000, 0x00000000e5560000)
  from space 21824K,  62% used [0x00000000e6ab0000, 0x00000000e7806570, 0x00000000e8000000)
  to   space 21824K,   0% used [0x00000000e5560000, 0x00000000e5560000, 0x00000000e6ab0000)
 concurrent mark-sweep generation total 393216K, used 176262K [0x00000000e8000000, 0x0000000100000000, 0x0000000100000000)
 Metaspace       used 31832K, capacity 32212K, committed 32640K, reserved 1077248K
  class space    used 3712K, capacity 3880K, committed 3968K, reserved 1048576K
2015-09-09T15:08:47.371+0200: 422.544: [GC (Allocation Failure) 422.544: [ParNew
Desired survivor size 20112992 bytes, new threshold 8 (max 8)
- age   1:    5480952 bytes,    5480952 total
- age   2:    2752440 bytes,    8233392 total
- age   3:     939952 bytes,    9173344 total
- age   4:        536 bytes,    9173880 total
- age   5:      93816 bytes,    9267696 total
- age   6:      12880 bytes,    9280576 total
- age   7:      54000 bytes,    9334576 total
- age   8:      71072 bytes,    9405648 total
: 101081K->10582K(109248K), 0.0078354 secs] 277343K->194372K(502464K), 0.0078847 secs] [Times: user=0.05 sys=0.00, real=0.01 secs] 
Heap after GC invocations=52 (full 1):
 par new generation   total 109248K, used 10582K [0x00000000e0000000, 0x00000000e8000000, 0x00000000e8000000)
  eden space 87424K,   0% used [0x00000000e0000000, 0x00000000e0000000, 0x00000000e5560000)
  from space 21824K,  48% used [0x00000000e5560000, 0x00000000e5fb58d0, 0x00000000e6ab0000)
  to   space 21824K,   0% used [0x00000000e6ab0000, 0x00000000e6ab0000, 0x00000000e8000000)
 concurrent mark-sweep generation total 393216K, used 183789K [0x00000000e8000000, 0x0000000100000000, 0x0000000100000000)
 Metaspace       used 31832K, capacity 32212K, committed 32640K, reserved 1077248K
  class space    used 3712K, capacity 3880K, committed 3968K, reserved 1048576K
}
2015-09-09T15:08:47.379+0200: 422.552: Total time for which application threads were stopped: 0.0080377 seconds, Stopping threads took: 0.0000150 seconds
{Heap before GC invocations=52 (full 1):
 par new generation   total 109248K, used 98006K [0x00000000e0000000, 0x00000000e8000000, 0x00000000e8000000)
  eden space 87424K, 100% used [0x00000000e0000000, 0x00000000e5560000, 0x00000000e5560000)
  from space 21824K,  48% used [0x00000000e5560000, 0x00000000e5fb58d0, 0x00000000e6ab0000)
  to   space 21824K,   0% used [0x00000000e6ab0000, 0x00000000e6ab0000, 0x00000000e8000000)
 concurrent mark-sweep generation total 393216K, used 183789K [0x00000000e8000000, 0x0000000100000000, 0x0000000100000000)
 Metaspace       used 31832K, capacity 32212K, committed 32640K, reserved 1077248K
  class space    used 3712K, capacity 3880K, committed 3968K, reserved 1048576K
2015-09-09T15:08:47.658+0200: 422.831: [GC (Allocation Failure) 422.831: [ParNew
Desired survivor size 20112992 bytes, new threshold 8 (max 8)
- age   1:    5717424 bytes,    5717424 total
- age   2:    3286328 bytes,    9003752 total
- age   3:    2717568 bytes,   11721320 total
- age   4:     939952 bytes,   12661272 total
- age   5:        536 bytes,   12661808 total
- age   6:      93816 bytes,   12755624 total
- age   7:      12880 bytes,   12768504 total
- age   8:      54000 bytes,   12822504 total
: 98006K->17262K(109248K), 0.0069641 secs] 281796K->201121K(502464K), 0.0070127 secs] [Times: user=0.00 sys=0.00, real=0.01 secs] 
Heap after GC invocations=53 (full 1):
 par new generation   total 109248K, used 17262K [0x00000000e0000000, 0x00000000e8000000, 0x00000000e8000000)
  eden space 87424K,   0% used [0x00000000e0000000, 0x00000000e0000000, 0x00000000e5560000)
  from space 21824K,  79% used [0x00000000e6ab0000, 0x00000000e7b8b838, 0x00000000e8000000)
  to   space 21824K,   0% used [0x00000000e5560000, 0x00000000e5560000, 0x00000000e6ab0000)
 concurrent mark-sweep generation total 393216K, used 183859K [0x00000000e8000000, 0x0000000100000000, 0x0000000100000000)
 Metaspace       used 31832K, capacity 32212K, committed 32640K, reserved 1077248K
  class space    used 3712K, capacity 3880K, committed 3968K, reserved 1048576K
}
2015-09-09T15:08:47.665+0200: 422.838: Total time for which application threads were stopped: 0.0071567 seconds, Stopping threads took: 0.0000144 seconds
{Heap before GC invocations=53 (full 1):
 par new generation   total 109248K, used 104686K [0x00000000e0000000, 0x00000000e8000000, 0x00000000e8000000)
  eden space 87424K, 100% used [0x00000000e0000000, 0x00000000e5560000, 0x00000000e5560000)
  from space 21824K,  79% used [0x00000000e6ab0000, 0x00000000e7b8b838, 0x00000000e8000000)
  to   space 21824K,   0% used [0x00000000e5560000, 0x00000000e5560000, 0x00000000e6ab0000)
 concurrent mark-sweep generation total 393216K, used 183859K [0x00000000e8000000, 0x0000000100000000, 0x0000000100000000)
 Metaspace       used 31832K, capacity 32212K, committed 32640K, reserved 1077248K
  class space    used 3712K, capacity 3880K, committed 3968K, reserved 1048576K
2015-09-09T15:08:47.940+0200: 423.114: [GC (Allocation Failure) 423.114: [ParNew
Desired survivor size 20112992 bytes, new threshold 8 (max 8)
- age   1:    8163088 bytes,    8163088 total
- age   2:    3119784 bytes,   11282872 total
- age   3:    2671864 bytes,   13954736 total
- age   4:    2717568 bytes,   16672304 total
- age   5:     939952 bytes,   17612256 total
- age   6:        536 bytes,   17612792 total
- age   7:      93816 bytes,   17706608 total
- age   8:      12880 bytes,   17719488 total
: 104686K->19089K(109248K), 0.0081266 secs] 288545K->203001K(502464K), 0.0081762 secs] [Times: user=0.00 sys=0.00, real=0.01 secs] 
Heap after GC invocations=54 (full 1):
 par new generation   total 109248K, used 19089K [0x00000000e0000000, 0x00000000e8000000, 0x00000000e8000000)
  eden space 87424K,   0% used [0x00000000e0000000, 0x00000000e0000000, 0x00000000e5560000)
  from space 21824K,  87% used [0x00000000e5560000, 0x00000000e68047a0, 0x00000000e6ab0000)
  to   space 21824K,   0% used [0x00000000e6ab0000, 0x00000000e6ab0000, 0x00000000e8000000)
 concurrent mark-sweep generation total 393216K, used 183911K [0x00000000e8000000, 0x0000000100000000, 0x0000000100000000)
 Metaspace       used 31832K, capacity 32212K, committed 32640K, reserved 1077248K
  class space    used 3712K, capacity 3880K, committed 3968K, reserved 1048576K
}
2015-09-09T15:08:47.949+0200: 423.122: Total time for which application threads were stopped: 0.0083266 seconds, Stopping threads took: 0.0000154 seconds
{Heap before GC invocations=54 (full 1):
 par new generation   total 109248K, used 106513K [0x00000000e0000000, 0x00000000e8000000, 0x00000000e8000000)
  eden space 87424K, 100% used [0x00000000e0000000, 0x00000000e5560000, 0x00000000e5560000)
  from space 21824K,  87% used [0x00000000e5560000, 0x00000000e68047a0, 0x00000000e6ab0000)
  to   space 21824K,   0% used [0x00000000e6ab0000, 0x00000000e6ab0000, 0x00000000e8000000)
 concurrent mark-sweep generation total 393216K, used 183911K [0x00000000e8000000, 0x0000000100000000, 0x0000000100000000)
 Metaspace       used 31832K, capacity 32212K, committed 32640K, reserved 1077248K
  class space    used 3712K, capacity 3880K, committed 3968K, reserved 1048576K
2015-09-09T15:08:48.227+0200: 423.400: [GC (Allocation Failure) 423.400: [ParNew
Desired survivor size 20112992 bytes, new threshold 8 (max 8)
- age   1:    5882576 bytes,    5882576 total
- age   2:    3835720 bytes,    9718296 total
- age   3:    3052168 bytes,   12770464 total
- age   4:    2671864 bytes,   15442328 total
- age   5:    2713296 bytes,   18155624 total
- age   6:     939952 bytes,   19095576 total
- age   7:        536 bytes,   19096112 total
- age   8:      93816 bytes,   19189928 total
: 106513K->21824K(109248K), 0.0084447 secs] 290425K->207508K(502464K), 0.0084908 secs] [Times: user=0.00 sys=0.00, real=0.01 secs] 
Heap after GC invocations=55 (full 1):
 par new generation   total 109248K, used 21824K [0x00000000e0000000, 0x00000000e8000000, 0x00000000e8000000)
  eden space 87424K,   0% used [0x00000000e0000000, 0x00000000e0000000, 0x00000000e5560000)
  from space 21824K, 100% used [0x00000000e6ab0000, 0x00000000e8000000, 0x00000000e8000000)
  to   space 21824K,   0% used [0x00000000e5560000, 0x00000000e5560000, 0x00000000e6ab0000)
 concurrent mark-sweep generation total 393216K, used 185684K [0x00000000e8000000, 0x0000000100000000, 0x0000000100000000)
 Metaspace       used 31832K, capacity 32212K, committed 32640K, reserved 1077248K
  class space    used 3712K, capacity 3880K, committed 3968K, reserved 1048576K
}
2015-09-09T15:08:48.235+0200: 423.409: Total time for which application threads were stopped: 0.0086332 seconds, Stopping threads took: 0.0000150 seconds
{Heap before GC invocations=55 (full 1):
 par new generation   total 109248K, used 109248K [0x00000000e0000000, 0x00000000e8000000, 0x00000000e8000000)
  eden space 87424K, 100% used [0x00000000e0000000, 0x00000000e5560000, 0x00000000e5560000)
  from space 21824K, 100% used [0x00000000e6ab0000, 0x00000000e8000000, 0x00000000e8000000)
  to   space 21824K,   0% used [0x00000000e5560000, 0x00000000e5560000, 0x00000000e6ab0000)
 concurrent mark-sweep generation total 393216K, used 185684K [0x00000000e8000000, 0x0000000100000000, 0x0000000100000000)
 Metaspace       used 31832K, capacity 32212K, committed 32640K, reserved 1077248K
  class space    used 3712K, capacity 3880K, committed 3968K, reserved 1048576K
2015-09-09T15:08:48.509+0200: 423.683: [GC (Allocation Failure) 423.683: [ParNew
Desired survivor size 20112992 bytes, new threshold 8 (max 8)
- age   1:    4165120 bytes,    4165120 total
- age   2:    2351752 bytes,    6516872 total
- age   3:    3818880 bytes,   10335752 total
- age   4:    3044440 bytes,   13380192 total
- age   5:    2664808 bytes,   16045000 total
- age   6:    2706240 bytes,   18751240 total
- age   7:     937968 bytes,   19689208 total
- age   8:        536 bytes,   19689744 total
: 109248K->21824K(109248K), 0.0091788 secs] 294932K->210818K(502464K), 0.0092284 secs] [Times: user=0.06 sys=0.00, real=0.01 secs] 
Heap after GC invocations=56 (full 1):
 par new generation   total 109248K, used 21824K [0x00000000e0000000, 0x00000000e8000000, 0x00000000e8000000)
  eden space 87424K,   0% used [0x00000000e0000000, 0x00000000e0000000, 0x00000000e5560000)
  from space 21824K, 100% used [0x00000000e5560000, 0x00000000e6ab0000, 0x00000000e6ab0000)
  to   space 21824K,   0% used [0x00000000e6ab0000, 0x00000000e6ab0000, 0x00000000e8000000)
 concurrent mark-sweep generation total 393216K, used 188994K [0x00000000e8000000, 0x0000000100000000, 0x0000000100000000)
 Metaspace       used 31832K, capacity 32212K, committed 32640K, reserved 1077248K
  class space    used 3712K, capacity 3880K, committed 3968K, reserved 1048576K
}
2015-09-09T15:08:48.519+0200: 423.692: Total time for which application threads were stopped: 0.0093753 seconds, Stopping threads took: 0.0000150 seconds
{Heap before GC invocations=56 (full 1):
 par new generation   total 109248K, used 109248K [0x00000000e0000000, 0x00000000e8000000, 0x00000000e8000000)
  eden space 87424K, 100% used [0x00000000e0000000, 0x00000000e5560000, 0x00000000e5560000)
  from space 21824K, 100% used [0x00000000e5560000, 0x00000000e6ab0000, 0x00000000e6ab0000)
  to   space 21824K,   0% used [0x00000000e6ab0000, 0x00000000e6ab0000, 0x00000000e8000000)
 concurrent mark-sweep generation total 393216K, used 188994K [0x00000000e8000000, 0x0000000100000000, 0x0000000100000000)
 Metaspace       used 31832K, capacity 32212K, committed 32640K, reserved 1077248K
  class space    used 3712K, capacity 3880K, committed 3968K, reserved 1048576K
2015-09-09T15:08:48.795+0200: 423.969: [GC (Allocation Failure) 423.969: [ParNew
Desired survivor size 20112992 bytes, new threshold 8 (max 8)
- age   1:    4815456 bytes,    4815456 total
- age   2:    1327280 bytes,    6142736 total
- age   3:    1449480 bytes,    7592216 total
- age   4:    2383552 bytes,    9975768 total
- age   5:    2406016 bytes,   12381784 total
- age   6:    2382048 bytes,   14763832 total
- age   7:    2417232 bytes,   17181064 total
- age   8:     674960 bytes,   17856024 total
: 109248K->21824K(109248K), 0.0110060 secs] 298242K->217876K(502464K), 0.0110524 secs] [Times: user=0.06 sys=0.00, real=0.01 secs] 
Heap after GC invocations=57 (full 1):
 par new generation   total 109248K, used 21824K [0x00000000e0000000, 0x00000000e8000000, 0x00000000e8000000)
  eden space 87424K,   0% used [0x00000000e0000000, 0x00000000e0000000, 0x00000000e5560000)
  from space 21824K, 100% used [0x00000000e6ab0000, 0x00000000e8000000, 0x00000000e8000000)
  to   space 21824K,   0% used [0x00000000e5560000, 0x00000000e5560000, 0x00000000e6ab0000)
 concurrent mark-sweep generation total 393216K, used 196052K [0x00000000e8000000, 0x0000000100000000, 0x0000000100000000)
 Metaspace       used 31832K, capacity 32212K, committed 32640K, reserved 1077248K
  class space    used 3712K, capacity 3880K, committed 3968K, reserved 1048576K
}
2015-09-09T15:08:48.806+0200: 423.980: Total time for which application threads were stopped: 0.0112012 seconds, Stopping threads took: 0.0000144 seconds
2015-09-09T15:08:49.043+0200: 424.216: Total time for which application threads were stopped: 0.0000973 seconds, Stopping threads took: 0.0000381 seconds
2015-09-09T15:08:49.075+0200: 424.248: Total time for which application threads were stopped: 0.0001325 seconds, Stopping threads took: 0.0000230 seconds
2015-09-09T15:08:49.081+0200: 424.254: Total time for which application threads were stopped: 0.0002109 seconds, Stopping threads took: 0.0001274 seconds
{Heap before GC invocations=57 (full 1):
 par new generation   total 109248K, used 109248K [0x00000000e0000000, 0x00000000e8000000, 0x00000000e8000000)
  eden space 87424K, 100% used [0x00000000e0000000, 0x00000000e5560000, 0x00000000e5560000)
  from space 21824K, 100% used [0x00000000e6ab0000, 0x00000000e8000000, 0x00000000e8000000)
  to   space 21824K,   0% used [0x00000000e5560000, 0x00000000e5560000, 0x00000000e6ab0000)
 concurrent mark-sweep generation total 393216K, used 196052K [0x00000000e8000000, 0x0000000100000000, 0x0000000100000000)
 Metaspace       used 31833K, capacity 32212K, committed 32640K, reserved 1077248K
  class space    used 3712K, capacity 3880K, committed 3968K, reserved 1048576K
2015-09-09T15:08:49.081+0200: 424.255: [GC (Allocation Failure) 424.255: [ParNew
Desired survivor size 20112992 bytes, new threshold 8 (max 8)
- age   1:    9160280 bytes,    9160280 total
- age   2:    1195032 bytes,   10355312 total
- age   3:    1123240 bytes,   11478552 total
- age   4:    1121360 bytes,   12599912 total
- age   5:    2192656 bytes,   14792568 total
- age   6:    1666808 bytes,   16459376 total
- age   7:    1338976 bytes,   17798352 total
- age   8:    2228680 bytes,   20027032 total
: 109248K->21824K(109248K), 0.0127381 secs] 305300K->220635K(502464K), 0.0127858 secs] [Times: user=0.05 sys=0.00, real=0.01 secs] 
Heap after GC invocations=58 (full 1):
 par new generation   total 109248K, used 21824K [0x00000000e0000000, 0x00000000e8000000, 0x00000000e8000000)
  eden space 87424K,   0% used [0x00000000e0000000, 0x00000000e0000000, 0x00000000e5560000)
  from space 21824K, 100% used [0x00000000e5560000, 0x00000000e6ab0000, 0x00000000e6ab0000)
  to   space 21824K,   0% used [0x00000000e6ab0000, 0x00000000e6ab0000, 0x00000000e8000000)
 concurrent mark-sweep generation total 393216K, used 198811K [0x00000000e8000000, 0x0000000100000000, 0x0000000100000000)
 Metaspace       used 31833K, capacity 32212K, committed 32640K, reserved 1077248K
  class space    used 3712K, capacity 3880K, committed 3968K, reserved 1048576K
}
2015-09-09T15:08:49.094+0200: 424.267: Total time for which application threads were stopped: 0.0129208 seconds, Stopping threads took: 0.0000144 seconds
2015-09-09T15:08:49.096+0200: 424.269: [GC (CMS Initial Mark) [1 CMS-initial-mark: 198811K(393216K)] 222365K(502464K), 0.0032051 secs] [Times: user=0.00 sys=0.00, real=0.00 secs] 
2015-09-09T15:08:49.099+0200: 424.273: Total time for which application threads were stopped: 0.0033475 seconds, Stopping threads took: 0.0000525 seconds
2015-09-09T15:08:49.099+0200: 424.273: [CMS-concurrent-mark-start]
2015-09-09T15:08:49.101+0200: 424.274: Total time for which application threads were stopped: 0.0000982 seconds, Stopping threads took: 0.0000189 seconds
2015-09-09T15:08:49.150+0200: 424.323: [CMS-concurrent-mark: 0.050/0.051 secs] [Times: user=0.19 sys=0.00, real=0.05 secs] 
2015-09-09T15:08:49.150+0200: 424.323: [CMS-concurrent-preclean-start]
2015-09-09T15:08:49.151+0200: 424.324: [CMS-concurrent-preclean: 0.001/0.001 secs] [Times: user=0.00 sys=0.00, real=0.00 secs] 
2015-09-09T15:08:49.151+0200: 424.324: [CMS-concurrent-abortable-preclean-start]
2015-09-09T15:08:49.268+0200: 424.441: Total time for which application threads were stopped: 0.0001018 seconds, Stopping threads took: 0.0000269 seconds
{Heap before GC invocations=58 (full 2):
 par new generation   total 109248K, used 109248K [0x00000000e0000000, 0x00000000e8000000, 0x00000000e8000000)
  eden space 87424K, 100% used [0x00000000e0000000, 0x00000000e5560000, 0x00000000e5560000)
  from space 21824K, 100% used [0x00000000e5560000, 0x00000000e6ab0000, 0x00000000e6ab0000)
  to   space 21824K,   0% used [0x00000000e6ab0000, 0x00000000e6ab0000, 0x00000000e8000000)
 concurrent mark-sweep generation total 393216K, used 198811K [0x00000000e8000000, 0x0000000100000000, 0x0000000100000000)
 Metaspace       used 31835K, capacity 32212K, committed 32640K, reserved 1077248K
  class space    used 3712K, capacity 3880K, committed 3968K, reserved 1048576K
2015-09-09T15:08:49.324+0200: 424.498: [GC (Allocation Failure) 424.498: [ParNew
Desired survivor size 20112992 bytes, new threshold 8 (max 8)
- age   1:    2563784 bytes,    2563784 total
- age   2:    8146600 bytes,   10710384 total
- age   3:    1145736 bytes,   11856120 total
- age   4:    1062072 bytes,   12918192 total
- age   5:    1098576 bytes,   14016768 total
- age   6:    2173152 bytes,   16189920 total
- age   7:    1657088 bytes,   17847008 total
- age   8:    1333352 bytes,   19180360 total
: 109248K->21824K(109248K), 0.0087247 secs] 308059K->223888K(502464K), 0.0087823 secs] [Times: user=0.06 sys=0.00, real=0.01 secs] 
Heap after GC invocations=59 (full 2):
 par new generation   total 109248K, used 21824K [0x00000000e0000000, 0x00000000e8000000, 0x00000000e8000000)
  eden space 87424K,   0% used [0x00000000e0000000, 0x00000000e0000000, 0x00000000e5560000)
  from space 21824K, 100% used [0x00000000e6ab0000, 0x00000000e8000000, 0x00000000e8000000)
  to   space 21824K,   0% used [0x00000000e5560000, 0x00000000e5560000, 0x00000000e6ab0000)
 concurrent mark-sweep generation total 393216K, used 202064K [0x00000000e8000000, 0x0000000100000000, 0x0000000100000000)
 Metaspace       used 31835K, capacity 32212K, committed 32640K, reserved 1077248K
  class space    used 3712K, capacity 3880K, committed 3968K, reserved 1048576K
}
2015-09-09T15:08:49.333+0200: 424.507: Total time for which application threads were stopped: 0.0089772 seconds, Stopping threads took: 0.0000237 seconds
2015-09-09T15:08:49.333+0200: 424.507: [CMS-concurrent-abortable-preclean: 0.059/0.183 secs] [Times: user=0.67 sys=0.00, real=0.18 secs] 
2015-09-09T15:08:49.338+0200: 424.511: [GC (CMS Final Remark) [YG occupancy: 27631 K (109248 K)]{Heap before GC invocations=59 (full 2):
 par new generation   total 109248K, used 27631K [0x00000000e0000000, 0x00000000e8000000, 0x00000000e8000000)
  eden space 87424K,   6% used [0x00000000e0000000, 0x00000000e05abdd0, 0x00000000e5560000)
  from space 21824K, 100% used [0x00000000e6ab0000, 0x00000000e8000000, 0x00000000e8000000)
  to   space 21824K,   0% used [0x00000000e5560000, 0x00000000e5560000, 0x00000000e6ab0000)
 concurrent mark-sweep generation total 393216K, used 202064K [0x00000000e8000000, 0x0000000100000000, 0x0000000100000000)
 Metaspace       used 31835K, capacity 32212K, committed 32640K, reserved 1077248K
  class space    used 3712K, capacity 3880K, committed 3968K, reserved 1048576K
2015-09-09T15:08:49.338+0200: 424.511: [GC (CMS Final Remark) 424.511: [ParNew
Desired survivor size 20112992 bytes, new threshold 8 (max 8)
- age   1:      54296 bytes,      54296 total
- age   2:     611928 bytes,     666224 total
- age   3:    7783504 bytes,    8449728 total
- age   4:    1116992 bytes,    9566720 total
- age   5:    1032616 bytes,   10599336 total
- age   6:    1080872 bytes,   11680208 total
- age   7:    2167520 bytes,   13847728 total
- age   8:    1645880 bytes,   15493608 total
: 27631K->21824K(109248K), 0.0098140 secs] 229696K->227652K(502464K), 0.0098501 secs] [Times: user=0.05 sys=0.01, real=0.01 secs] 
Heap after GC invocations=60 (full 2):
 par new generation   total 109248K, used 21824K [0x00000000e0000000, 0x00000000e8000000, 0x00000000e8000000)
  eden space 87424K,   0% used [0x00000000e0000000, 0x00000000e0000000, 0x00000000e5560000)
  from space 21824K, 100% used [0x00000000e5560000, 0x00000000e6ab0000, 0x00000000e6ab0000)
  to   space 21824K,   0% used [0x00000000e6ab0000, 0x00000000e6ab0000, 0x00000000e8000000)
 concurrent mark-sweep generation total 393216K, used 205828K [0x00000000e8000000, 0x0000000100000000, 0x0000000100000000)
 Metaspace       used 31835K, capacity 32212K, committed 32640K, reserved 1077248K
  class space    used 3712K, capacity 3880K, committed 3968K, reserved 1048576K
}
424.521: [Rescan (parallel) , 0.0035014 secs]424.525: [weak refs processing, 0.0003190 secs]424.525: [class unloading, 0.0063142 secs]424.531: [scrub symbol table, 0.0033910 secs]424.535: [scrub string table, 0.0004122 secs][1 CMS-remark: 205828K(393216K)] 227652K(502464K), 0.0251201 secs] [Times: user=0.08 sys=0.01, real=0.02 secs] 
2015-09-09T15:08:49.363+0200: 424.536: Total time for which application threads were stopped: 0.0252436 seconds, Stopping threads took: 0.0000317 seconds
2015-09-09T15:08:49.363+0200: 424.537: [CMS-concurrent-sweep-start]
2015-09-09T15:08:49.387+0200: 424.561: [CMS-concurrent-sweep: 0.024/0.024 secs] [Times: user=0.06 sys=0.00, real=0.02 secs] 
2015-09-09T15:08:49.387+0200: 424.561: [CMS-concurrent-reset-start]
2015-09-09T15:08:49.388+0200: 424.561: [CMS-concurrent-reset: 0.000/0.000 secs] [Times: user=0.00 sys=0.00, real=0.00 secs] 
{Heap before GC invocations=60 (full 2):
 par new generation   total 109248K, used 109248K [0x00000000e0000000, 0x00000000e8000000, 0x00000000e8000000)
  eden space 87424K, 100% used [0x00000000e0000000, 0x00000000e5560000, 0x00000000e5560000)
  from space 21824K, 100% used [0x00000000e5560000, 0x00000000e6ab0000, 0x00000000e6ab0000)
  to   space 21824K,   0% used [0x00000000e6ab0000, 0x00000000e6ab0000, 0x00000000e8000000)
 concurrent mark-sweep generation total 393216K, used 73707K [0x00000000e8000000, 0x0000000100000000, 0x0000000100000000)
 Metaspace       used 31835K, capacity 32212K, committed 32640K, reserved 1077248K
  class space    used 3712K, capacity 3880K, committed 3968K, reserved 1048576K
2015-09-09T15:08:49.462+0200: 424.636: [GC (Allocation Failure) 424.636: [ParNew
Desired survivor size 20112992 bytes, new threshold 8 (max 8)
- age   1:    1855080 bytes,    1855080 total
- age   2:      21000 bytes,    1876080 total
- age   3:     584248 bytes,    2460328 total
- age   4:    7719104 bytes,   10179432 total
- age   5:    1116992 bytes,   11296424 total
- age   6:    1032616 bytes,   12329040 total
- age   7:    1043456 bytes,   13372496 total
- age   8:    2167520 bytes,   15540016 total
: 109248K->21824K(109248K), 0.0060492 secs] 182955K->97144K(502464K), 0.0060947 secs] [Times: user=0.06 sys=0.00, real=0.01 secs] 
Heap after GC invocations=61 (full 2):
 par new generation   total 109248K, used 21824K [0x00000000e0000000, 0x00000000e8000000, 0x00000000e8000000)
  eden space 87424K,   0% used [0x00000000e0000000, 0x00000000e0000000, 0x00000000e5560000)
  from space 21824K, 100% used [0x00000000e6ab0000, 0x00000000e8000000, 0x00000000e8000000)
  to   space 21824K,   0% used [0x00000000e5560000, 0x00000000e5560000, 0x00000000e6ab0000)
 concurrent mark-sweep generation total 393216K, used 75320K [0x00000000e8000000, 0x0000000100000000, 0x0000000100000000)
 Metaspace       used 31835K, capacity 32212K, committed 32640K, reserved 1077248K
  class space    used 3712K, capacity 3880K, committed 3968K, reserved 1048576K
}
2015-09-09T15:08:49.468+0200: 424.642: Total time for which application threads were stopped: 0.0062911 seconds, Stopping threads took: 0.0000179 seconds
2015-09-09T15:08:49.515+0200: 424.689: Total time for which application threads were stopped: 0.0001120 seconds, Stopping threads took: 0.0000214 seconds
2015-09-09T15:08:49.515+0200: 424.689: Total time for which application threads were stopped: 0.0000790 seconds, Stopping threads took: 0.0000205 seconds
2015-09-09T15:08:49.517+0200: 424.690: Total time for which application threads were stopped: 0.0001037 seconds, Stopping threads took: 0.0000192 seconds
2015-09-09T15:08:49.517+0200: 424.691: Total time for which application threads were stopped: 0.0000886 seconds, Stopping threads took: 0.0000224 seconds
2015-09-09T15:08:49.567+0200: 424.741: Total time for which application threads were stopped: 0.0001072 seconds, Stopping threads took: 0.0000246 seconds
{Heap before GC invocations=61 (full 2):
 par new generation   total 109248K, used 109248K [0x00000000e0000000, 0x00000000e8000000, 0x00000000e8000000)
  eden space 87424K, 100% used [0x00000000e0000000, 0x00000000e5560000, 0x00000000e5560000)
  from space 21824K, 100% used [0x00000000e6ab0000, 0x00000000e8000000, 0x00000000e8000000)
  to   space 21824K,   0% used [0x00000000e5560000, 0x00000000e5560000, 0x00000000e6ab0000)
 concurrent mark-sweep generation total 393216K, used 75320K [0x00000000e8000000, 0x0000000100000000, 0x0000000100000000)
 Metaspace       used 31881K, capacity 32276K, committed 32640K, reserved 1077248K
  class space    used 3712K, capacity 3880K, committed 3968K, reserved 1048576K
2015-09-09T15:08:49.650+0200: 424.824: [GC (Allocation Failure) 424.824: [ParNew
Desired survivor size 20112992 bytes, new threshold 8 (max 8)
- age   1:    3902760 bytes,    3902760 total
- age   2:     844352 bytes,    4747112 total
- age   3:      21000 bytes,    4768112 total
- age   4:     534656 bytes,    5302768 total
- age   5:    7688784 bytes,   12991552 total
- age   6:    1089168 bytes,   14080720 total
- age   7:    1005608 bytes,   15086328 total
- age   8:    1011168 bytes,   16097496 total
: 109248K->19385K(109248K), 0.0069903 secs] 184568K->96787K(502464K), 0.0070447 secs] [Times: user=0.06 sys=0.00, real=0.01 secs] 
Heap after GC invocations=62 (full 2):
 par new generation   total 109248K, used 19385K [0x00000000e0000000, 0x00000000e8000000, 0x00000000e8000000)
  eden space 87424K,   0% used [0x00000000e0000000, 0x00000000e0000000, 0x00000000e5560000)
  from space 21824K,  88% used [0x00000000e5560000, 0x00000000e684e5f0, 0x00000000e6ab0000)
  to   space 21824K,   0% used [0x00000000e6ab0000, 0x00000000e6ab0000, 0x00000000e8000000)
 concurrent mark-sweep generation total 393216K, used 77402K [0x00000000e8000000, 0x0000000100000000, 0x0000000100000000)
 Metaspace       used 31881K, capacity 32276K, committed 32640K, reserved 1077248K
  class space    used 3712K, capacity 3880K, committed 3968K, reserved 1048576K
}
2015-09-09T15:08:49.657+0200: 424.831: Total time for which application threads were stopped: 0.0072060 seconds, Stopping threads took: 0.0000186 seconds
{Heap before GC invocations=62 (full 2):
 par new generation   total 109248K, used 106809K [0x00000000e0000000, 0x00000000e8000000, 0x00000000e8000000)
  eden space 87424K, 100% used [0x00000000e0000000, 0x00000000e5560000, 0x00000000e5560000)
  from space 21824K,  88% used [0x00000000e5560000, 0x00000000e684e5f0, 0x00000000e6ab0000)
  to   space 21824K,   0% used [0x00000000e6ab0000, 0x00000000e6ab0000, 0x00000000e8000000)
 concurrent mark-sweep generation total 393216K, used 77402K [0x00000000e8000000, 0x0000000100000000, 0x0000000100000000)
 Metaspace       used 31881K, capacity 32276K, committed 32640K, reserved 1077248K
  class space    used 3712K, capacity 3880K, committed 3968K, reserved 1048576K
2015-09-09T15:08:49.940+0200: 425.114: [GC (Allocation Failure) 425.114: [ParNew
Desired survivor size 20112992 bytes, new threshold 8 (max 8)
- age   1:    5154936 bytes,    5154936 total
- age   2:    2345704 bytes,    7500640 total
- age   3:     684960 bytes,    8185600 total
- age   4:      19368 bytes,    8204968 total
- age   5:     480648 bytes,    8685616 total
- age   6:    7611720 bytes,   16297336 total
- age   7:    1089072 bytes,   17386408 total
- age   8:    1005576 bytes,   18391984 total
: 106809K->21824K(109248K), 0.0066137 secs] 184211K->100617K(502464K), 0.0066716 secs] [Times: user=0.00 sys=0.00, real=0.01 secs] 
Heap after GC invocations=63 (full 2):
 par new generation   total 109248K, used 21824K [0x00000000e0000000, 0x00000000e8000000, 0x00000000e8000000)
  eden space 87424K,   0% used [0x00000000e0000000, 0x00000000e0000000, 0x00000000e5560000)
  from space 21824K, 100% used [0x00000000e6ab0000, 0x00000000e8000000, 0x00000000e8000000)
  to   space 21824K,   0% used [0x00000000e5560000, 0x00000000e5560000, 0x00000000e6ab0000)
 concurrent mark-sweep generation total 393216K, used 78793K [0x00000000e8000000, 0x0000000100000000, 0x0000000100000000)
 Metaspace       used 31881K, capacity 32276K, committed 32640K, reserved 1077248K
  class space    used 3712K, capacity 3880K, committed 3968K, reserved 1048576K
}
2015-09-09T15:08:49.947+0200: 425.120: Total time for which application threads were stopped: 0.0068249 seconds, Stopping threads took: 0.0000166 seconds
2015-09-09T15:08:50.095+0200: 425.268: Total time for which application threads were stopped: 0.0001549 seconds, Stopping threads took: 0.0000534 seconds
2015-09-09T15:08:50.106+0200: 425.279: Total time for which application threads were stopped: 0.0001357 seconds, Stopping threads took: 0.0000269 seconds
2015-09-09T15:08:50.112+0200: 425.285: Total time for which application threads were stopped: 0.0001030 seconds, Stopping threads took: 0.0000208 seconds
2015-09-09T15:08:50.112+0200: 425.285: Total time for which application threads were stopped: 0.0000582 seconds, Stopping threads took: 0.0000106 seconds
{Heap before GC invocations=63 (full 2):
 par new generation   total 109248K, used 109248K [0x00000000e0000000, 0x00000000e8000000, 0x00000000e8000000)
  eden space 87424K, 100% used [0x00000000e0000000, 0x00000000e5560000, 0x00000000e5560000)
  from space 21824K, 100% used [0x00000000e6ab0000, 0x00000000e8000000, 0x00000000e8000000)
  to   space 21824K,   0% used [0x00000000e5560000, 0x00000000e5560000, 0x00000000e6ab0000)
 concurrent mark-sweep generation total 393216K, used 78793K [0x00000000e8000000, 0x0000000100000000, 0x0000000100000000)
 Metaspace       used 31883K, capacity 32276K, committed 32640K, reserved 1077248K
  class space    used 3712K, capacity 3880K, committed 3968K, reserved 1048576K
2015-09-09T15:08:50.184+0200: 425.357: [GC (Allocation Failure) 425.357: [ParNew
Desired survivor size 20112992 bytes, new threshold 8 (max 8)
- age   1:    5826384 bytes,    5826384 total
- age   2:    2780784 bytes,    8607168 total
- age   3:    2262840 bytes,   10870008 total
- age   4:     651464 bytes,   11521472 total
- age   5:      17448 bytes,   11538920 total
- age   6:     407672 bytes,   11946592 total
- age   7:    7587336 bytes,   19533928 total
- age   8:    1088928 bytes,   20622856 total
: 109248K->21824K(109248K), 0.0068646 secs] 188041K->101648K(502464K), 0.0069244 secs] [Times: user=0.06 sys=0.00, real=0.01 secs] 
Heap after GC invocations=64 (full 2):
 par new generation   total 109248K, used 21824K [0x00000000e0000000, 0x00000000e8000000, 0x00000000e8000000)
  eden space 87424K,   0% used [0x00000000e0000000, 0x00000000e0000000, 0x00000000e5560000)
  from space 21824K, 100% used [0x00000000e5560000, 0x00000000e6ab0000, 0x00000000e6ab0000)
  to   space 21824K,   0% used [0x00000000e6ab0000, 0x00000000e6ab0000, 0x00000000e8000000)
 concurrent mark-sweep generation total 393216K, used 79824K [0x00000000e8000000, 0x0000000100000000, 0x0000000100000000)
 Metaspace       used 31883K, capacity 32276K, committed 32640K, reserved 1077248K
  class space    used 3712K, capacity 3880K, committed 3968K, reserved 1048576K
}
2015-09-09T15:08:50.191+0200: 425.364: Total time for which application threads were stopped: 0.0070899 seconds, Stopping threads took: 0.0000189 seconds
2015-09-09T15:08:50.299+0200: 425.473: Total time for which application threads were stopped: 0.0001034 seconds, Stopping threads took: 0.0000230 seconds
2015-09-09T15:08:50.300+0200: 425.473: Total time for which application threads were stopped: 0.0000672 seconds, Stopping threads took: 0.0000122 seconds
2015-09-09T15:08:50.300+0200: 425.473: Total time for which application threads were stopped: 0.0000704 seconds, Stopping threads took: 0.0000086 seconds
2015-09-09T15:08:50.300+0200: 425.473: Total time for which application threads were stopped: 0.0000486 seconds, Stopping threads took: 0.0000086 seconds
{Heap before GC invocations=64 (full 2):
 par new generation   total 109248K, used 109248K [0x00000000e0000000, 0x00000000e8000000, 0x00000000e8000000)
  eden space 87424K, 100% used [0x00000000e0000000, 0x00000000e5560000, 0x00000000e5560000)
  from space 21824K, 100% used [0x00000000e5560000, 0x00000000e6ab0000, 0x00000000e6ab0000)
  to   space 21824K,   0% used [0x00000000e6ab0000, 0x00000000e6ab0000, 0x00000000e8000000)
 concurrent mark-sweep generation total 393216K, used 79824K [0x00000000e8000000, 0x0000000100000000, 0x0000000100000000)
 Metaspace       used 31901K, capacity 32276K, committed 32640K, reserved 1077248K
  class space    used 3712K, capacity 3880K, committed 3968K, reserved 1048576K
2015-09-09T15:08:50.311+0200: 425.484: [GC (Allocation Failure) 425.484: [ParNew
Desired survivor size 20112992 bytes, new threshold 8 (max 8)
- age   1:    1718296 bytes,    1718296 total
- age   2:    4758520 bytes,    6476816 total
- age   3:    2648928 bytes,    9125744 total
- age   4:    2179560 bytes,   11305304 total
- age   5:     619128 bytes,   11924432 total
- age   6:      15456 bytes,   11939888 total
- age   7:     331752 bytes,   12271640 total
- age   8:    7548032 bytes,   19819672 total
: 109248K->21824K(109248K), 0.0089036 secs] 189072K->103402K(502464K), 0.0089567 secs] [Times: user=0.00 sys=0.00, real=0.01 secs] 
Heap after GC invocations=65 (full 2):
 par new generation   total 109248K, used 21824K [0x00000000e0000000, 0x00000000e8000000, 0x00000000e8000000)
  eden space 87424K,   0% used [0x00000000e0000000, 0x00000000e0000000, 0x00000000e5560000)
  from space 21824K, 100% used [0x00000000e6ab0000, 0x00000000e8000000, 0x00000000e8000000)
  to   space 21824K,   0% used [0x00000000e5560000, 0x00000000e5560000, 0x00000000e6ab0000)
 concurrent mark-sweep generation total 393216K, used 81578K [0x00000000e8000000, 0x0000000100000000, 0x0000000100000000)
 Metaspace       used 31901K, capacity 32276K, committed 32640K, reserved 1077248K
  class space    used 3712K, capacity 3880K, committed 3968K, reserved 1048576K
}
2015-09-09T15:08:50.320+0200: 425.493: Total time for which application threads were stopped: 0.0091145 seconds, Stopping threads took: 0.0000195 seconds
{Heap before GC invocations=65 (full 2):
 par new generation   total 109248K, used 109248K [0x00000000e0000000, 0x00000000e8000000, 0x00000000e8000000)
  eden space 87424K, 100% used [0x00000000e0000000, 0x00000000e5560000, 0x00000000e5560000)
  from space 21824K, 100% used [0x00000000e6ab0000, 0x00000000e8000000, 0x00000000e8000000)
  to   space 21824K,   0% used [0x00000000e5560000, 0x00000000e5560000, 0x00000000e6ab0000)
 concurrent mark-sweep generation total 393216K, used 81578K [0x00000000e8000000, 0x0000000100000000, 0x0000000100000000)
 Metaspace       used 31901K, capacity 32276K, committed 32640K, reserved 1077248K
  class space    used 3712K, capacity 3880K, committed 3968K, reserved 1048576K
2015-09-09T15:08:50.592+0200: 425.765: [GC (Allocation Failure) 425.765: [ParNew
Desired survivor size 20112992 bytes, new threshold 8 (max 8)
- age   1:    5072456 bytes,    5072456 total
- age   2:    1209936 bytes,    6282392 total
- age   3:    4759064 bytes,   11041456 total
- age   4:    2648928 bytes,   13690384 total
- age   5:    2179560 bytes,   15869944 total
- age   6:     619128 bytes,   16489072 total
- age   7:      15456 bytes,   16504528 total
- age   8:     331752 bytes,   16836280 total
: 109248K->21824K(109248K), 0.0072060 secs] 190826K->110775K(502464K), 0.0072524 secs] [Times: user=0.00 sys=0.00, real=0.01 secs] 
Heap after GC invocations=66 (full 2):
 par new generation   total 109248K, used 21824K [0x00000000e0000000, 0x00000000e8000000, 0x00000000e8000000)
  eden space 87424K,   0% used [0x00000000e0000000, 0x00000000e0000000, 0x00000000e5560000)
  from space 21824K, 100% used [0x00000000e5560000, 0x00000000e6ab0000, 0x00000000e6ab0000)
  to   space 21824K,   0% used [0x00000000e6ab0000, 0x00000000e6ab0000, 0x00000000e8000000)
 concurrent mark-sweep generation total 393216K, used 88951K [0x00000000e8000000, 0x0000000100000000, 0x0000000100000000)
 Metaspace       used 31901K, capacity 32276K, committed 32640K, reserved 1077248K
  class space    used 3712K, capacity 3880K, committed 3968K, reserved 1048576K
}
2015-09-09T15:08:50.599+0200: 425.772: Total time for which application threads were stopped: 0.0074223 seconds, Stopping threads took: 0.0000237 seconds
{Heap before GC invocations=66 (full 2):
 par new generation   total 109248K, used 109248K [0x00000000e0000000, 0x00000000e8000000, 0x00000000e8000000)
  eden space 87424K, 100% used [0x00000000e0000000, 0x00000000e5560000, 0x00000000e5560000)
  from space 21824K, 100% used [0x00000000e5560000, 0x00000000e6ab0000, 0x00000000e6ab0000)
  to   space 21824K,   0% used [0x00000000e6ab0000, 0x00000000e6ab0000, 0x00000000e8000000)
 concurrent mark-sweep generation total 393216K, used 88951K [0x00000000e8000000, 0x0000000100000000, 0x0000000100000000)
 Metaspace       used 31901K, capacity 32276K, committed 32640K, reserved 1077248K
  class space    used 3712K, capacity 3880K, committed 3968K, reserved 1048576K
2015-09-09T15:08:50.865+0200: 426.039: [GC (Allocation Failure) 426.039: [ParNew
Desired survivor size 20112992 bytes, new threshold 8 (max 8)
- age   1:    4564880 bytes,    4564880 total
- age   2:    3083504 bytes,    7648384 total
- age   3:    1189232 bytes,    8837616 total
- age   4:    4658840 bytes,   13496456 total
- age   5:    2639512 bytes,   16135968 total
- age   6:    2174928 bytes,   18310896 total
- age   7:     616448 bytes,   18927344 total
- age   8:      15224 bytes,   18942568 total
: 109248K->21824K(109248K), 0.0074617 secs] 198199K->112162K(502464K), 0.0075097 secs] [Times: user=0.05 sys=0.00, real=0.01 secs] 
Heap after GC invocations=67 (full 2):
 par new generation   total 109248K, used 21824K [0x00000000e0000000, 0x00000000e8000000, 0x00000000e8000000)
  eden space 87424K,   0% used [0x00000000e0000000, 0x00000000e0000000, 0x00000000e5560000)
  from space 21824K, 100% used [0x00000000e6ab0000, 0x00000000e8000000, 0x00000000e8000000)
  to   space 21824K,   0% used [0x00000000e5560000, 0x00000000e5560000, 0x00000000e6ab0000)
 concurrent mark-sweep generation total 393216K, used 90338K [0x00000000e8000000, 0x0000000100000000, 0x0000000100000000)
 Metaspace       used 31901K, capacity 32276K, committed 32640K, reserved 1077248K
  class space    used 3712K, capacity 3880K, committed 3968K, reserved 1048576K
}
2015-09-09T15:08:50.873+0200: 426.046: Total time for which application threads were stopped: 0.0076553 seconds, Stopping threads took: 0.0000157 seconds
{Heap before GC invocations=67 (full 2):
 par new generation   total 109248K, used 109248K [0x00000000e0000000, 0x00000000e8000000, 0x00000000e8000000)
  eden space 87424K, 100% used [0x00000000e0000000, 0x00000000e5560000, 0x00000000e5560000)
  from space 21824K, 100% used [0x00000000e6ab0000, 0x00000000e8000000, 0x00000000e8000000)
  to   space 21824K,   0% used [0x00000000e5560000, 0x00000000e5560000, 0x00000000e6ab0000)
 concurrent mark-sweep generation total 393216K, used 90338K [0x00000000e8000000, 0x0000000100000000, 0x0000000100000000)
 Metaspace       used 31901K, capacity 32276K, committed 32640K, reserved 1077248K
  class space    used 3712K, capacity 3880K, committed 3968K, reserved 1048576K
2015-09-09T15:08:51.149+0200: 426.323: [GC (Allocation Failure) 426.323: [ParNew
Desired survivor size 20112992 bytes, new threshold 8 (max 8)
- age   1:    5684344 bytes,    5684344 total
- age   2:    1518672 bytes,    7203016 total
- age   3:    1255552 bytes,    8458568 total
- age   4:    1081280 bytes,    9539848 total
- age   5:    4844816 bytes,   14384664 total
- age   6:    2613208 bytes,   16997872 total
- age   7:    2157328 bytes,   19155200 total
- age   8:     609992 bytes,   19765192 total
: 109248K->21824K(109248K), 0.0064550 secs] 199586K->116197K(502464K), 0.0065225 secs] [Times: user=0.06 sys=0.00, real=0.01 secs] 
Heap after GC invocations=68 (full 2):
 par new generation   total 109248K, used 21824K [0x00000000e0000000, 0x00000000e8000000, 0x00000000e8000000)
  eden space 87424K,   0% used [0x00000000e0000000, 0x00000000e0000000, 0x00000000e5560000)
  from space 21824K, 100% used [0x00000000e5560000, 0x00000000e6ab0000, 0x00000000e6ab0000)
  to   space 21824K,   0% used [0x00000000e6ab0000, 0x00000000e6ab0000, 0x00000000e8000000)
 concurrent mark-sweep generation total 393216K, used 94373K [0x00000000e8000000, 0x0000000100000000, 0x0000000100000000)
 Metaspace       used 31901K, capacity 32276K, committed 32640K, reserved 1077248K
  class space    used 3712K, capacity 3880K, committed 3968K, reserved 1048576K
}
2015-09-09T15:08:51.156+0200: 426.329: Total time for which application threads were stopped: 0.0066652 seconds, Stopping threads took: 0.0000147 seconds
{Heap before GC invocations=68 (full 2):
 par new generation   total 109248K, used 109248K [0x00000000e0000000, 0x00000000e8000000, 0x00000000e8000000)
  eden space 87424K, 100% used [0x00000000e0000000, 0x00000000e5560000, 0x00000000e5560000)
  from space 21824K, 100% used [0x00000000e5560000, 0x00000000e6ab0000, 0x00000000e6ab0000)
  to   space 21824K,   0% used [0x00000000e6ab0000, 0x00000000e6ab0000, 0x00000000e8000000)
 concurrent mark-sweep generation total 393216K, used 94373K [0x00000000e8000000, 0x0000000100000000, 0x0000000100000000)
 Metaspace       used 31901K, capacity 32276K, committed 32640K, reserved 1077248K
  class space    used 3712K, capacity 3880K, committed 3968K, reserved 1048576K
2015-09-09T15:08:51.429+0200: 426.603: [GC (Allocation Failure) 426.603: [ParNew
Desired survivor size 20112992 bytes, new threshold 8 (max 8)
- age   1:    5782056 bytes,    5782056 total
- age   2:    2584816 bytes,    8366872 total
- age   3:    1352352 bytes,    9719224 total
- age   4:    1104760 bytes,   10823984 total
- age   5:    1024256 bytes,   11848240 total
- age   6:    4268552 bytes,   16116792 total
- age   7:    2335832 bytes,   18452624 total
- age   8:    2662096 bytes,   21114720 total
: 109248K->21824K(109248K), 0.0075388 secs] 203621K->118545K(502464K), 0.0075878 secs] [Times: user=0.06 sys=0.00, real=0.01 secs] 
Heap after GC invocations=69 (full 2):
 par new generation   total 109248K, used 21824K [0x00000000e0000000, 0x00000000e8000000, 0x00000000e8000000)
  eden space 87424K,   0% used [0x00000000e0000000, 0x00000000e0000000, 0x00000000e5560000)
  from space 21824K, 100% used [0x00000000e6ab0000, 0x00000000e8000000, 0x00000000e8000000)
  to   space 21824K,   0% used [0x00000000e5560000, 0x00000000e5560000, 0x00000000e6ab0000)
 concurrent mark-sweep generation total 393216K, used 96721K [0x00000000e8000000, 0x0000000100000000, 0x0000000100000000)
 Metaspace       used 31901K, capacity 32276K, committed 32640K, reserved 1077248K
  class space    used 3712K, capacity 3880K, committed 3968K, reserved 1048576K
}
2015-09-09T15:08:51.437+0200: 426.610: Total time for which application threads were stopped: 0.0077340 seconds, Stopping threads took: 0.0000147 seconds
{Heap before GC invocations=69 (full 2):
 par new generation   total 109248K, used 109248K [0x00000000e0000000, 0x00000000e8000000, 0x00000000e8000000)
  eden space 87424K, 100% used [0x00000000e0000000, 0x00000000e5560000, 0x00000000e5560000)
  from space 21824K, 100% used [0x00000000e6ab0000, 0x00000000e8000000, 0x00000000e8000000)
  to   space 21824K,   0% used [0x00000000e5560000, 0x00000000e5560000, 0x00000000e6ab0000)
 concurrent mark-sweep generation total 393216K, used 96721K [0x00000000e8000000, 0x0000000100000000, 0x0000000100000000)
 Metaspace       used 31901K, capacity 32276K, committed 32640K, reserved 1077248K
  class space    used 3712K, capacity 3880K, committed 3968K, reserved 1048576K
2015-09-09T15:08:51.714+0200: 426.888: [GC (Allocation Failure) 426.888: [ParNew
Desired survivor size 20112992 bytes, new threshold 8 (max 8)
- age   1:    6770168 bytes,    6770168 total
- age   2:    1970808 bytes,    8740976 total
- age   3:    2464992 bytes,   11205968 total
- age   4:    1175912 bytes,   12381880 total
- age   5:     993984 bytes,   13375864 total
- age   6:     976608 bytes,   14352472 total
- age   7:    4386384 bytes,   18738856 total
- age   8:    2107560 bytes,   20846416 total
: 109248K->21824K(109248K), 0.0078921 secs] 205969K->121998K(502464K), 0.0079388 secs] [Times: user=0.00 sys=0.00, real=0.01 secs] 
Heap after GC invocations=70 (full 2):
 par new generation   total 109248K, used 21824K [0x00000000e0000000, 0x00000000e8000000, 0x00000000e8000000)
  eden space 87424K,   0% used [0x00000000e0000000, 0x00000000e0000000, 0x00000000e5560000)
  from space 21824K, 100% used [0x00000000e5560000, 0x00000000e6ab0000, 0x00000000e6ab0000)
  to   space 21824K,   0% used [0x00000000e6ab0000, 0x00000000e6ab0000, 0x00000000e8000000)
 concurrent mark-sweep generation total 393216K, used 100174K [0x00000000e8000000, 0x0000000100000000, 0x0000000100000000)
 Metaspace       used 31901K, capacity 32276K, committed 32640K, reserved 1077248K
  class space    used 3712K, capacity 3880K, committed 3968K, reserved 1048576K
}
2015-09-09T15:08:51.722+0200: 426.896: Total time for which application threads were stopped: 0.0080834 seconds, Stopping threads took: 0.0000157 seconds
{Heap before GC invocations=70 (full 2):
 par new generation   total 109248K, used 109248K [0x00000000e0000000, 0x00000000e8000000, 0x00000000e8000000)
  eden space 87424K, 100% used [0x00000000e0000000, 0x00000000e5560000, 0x00000000e5560000)
  from space 21824K, 100% used [0x00000000e5560000, 0x00000000e6ab0000, 0x00000000e6ab0000)
  to   space 21824K,   0% used [0x00000000e6ab0000, 0x00000000e6ab0000, 0x00000000e8000000)
 concurrent mark-sweep generation total 393216K, used 100174K [0x00000000e8000000, 0x0000000100000000, 0x0000000100000000)
 Metaspace       used 31901K, capacity 32276K, committed 32640K, reserved 1077248K
  class space    used 3712K, capacity 3880K, committed 3968K, reserved 1048576K
2015-09-09T15:08:52.009+0200: 427.183: [GC (Allocation Failure) 427.183: [ParNew
Desired survivor size 20112992 bytes, new threshold 8 (max 8)
- age   1:    6863272 bytes,    6863272 total
- age   2:    1666616 bytes,    8529888 total
- age   3:    1943176 bytes,   10473064 total
- age   4:    2046792 bytes,   12519856 total
- age   5:    1022304 bytes,   13542160 total
- age   6:     972152 bytes,   14514312 total
- age   7:     966896 bytes,   15481208 total
- age   8:    3946888 bytes,   19428096 total
: 109248K->21824K(109248K), 0.0075097 secs] 209422K->126576K(502464K), 0.0075593 secs] [Times: user=0.06 sys=0.00, real=0.01 secs] 
Heap after GC invocations=71 (full 2):
 par new generation   total 109248K, used 21824K [0x00000000e0000000, 0x00000000e8000000, 0x00000000e8000000)
  eden space 87424K,   0% used [0x00000000e0000000, 0x00000000e0000000, 0x00000000e5560000)
  from space 21824K, 100% used [0x00000000e6ab0000, 0x00000000e8000000, 0x00000000e8000000)
  to   space 21824K,   0% used [0x00000000e5560000, 0x00000000e5560000, 0x00000000e6ab0000)
 concurrent mark-sweep generation total 393216K, used 104752K [0x00000000e8000000, 0x0000000100000000, 0x0000000100000000)
 Metaspace       used 31901K, capacity 32276K, committed 32640K, reserved 1077248K
  class space    used 3712K, capacity 3880K, committed 3968K, reserved 1048576K
}
2015-09-09T15:08:52.017+0200: 427.190: Total time for which application threads were stopped: 0.0077087 seconds, Stopping threads took: 0.0000147 seconds
{Heap before GC invocations=71 (full 2):
 par new generation   total 109248K, used 109248K [0x00000000e0000000, 0x00000000e8000000, 0x00000000e8000000)
  eden space 87424K, 100% used [0x00000000e0000000, 0x00000000e5560000, 0x00000000e5560000)
  from space 21824K, 100% used [0x00000000e6ab0000, 0x00000000e8000000, 0x00000000e8000000)
  to   space 21824K,   0% used [0x00000000e5560000, 0x00000000e5560000, 0x00000000e6ab0000)
 concurrent mark-sweep generation total 393216K, used 104752K [0x00000000e8000000, 0x0000000100000000, 0x0000000100000000)
 Metaspace       used 31901K, capacity 32276K, committed 32640K, reserved 1077248K
  class space    used 3712K, capacity 3880K, committed 3968K, reserved 1048576K
2015-09-09T15:08:52.297+0200: 427.471: [GC (Allocation Failure) 427.471: [ParNew
Desired survivor size 20112992 bytes, new threshold 8 (max 8)
- age   1:    7366792 bytes,    7366792 total
- age   2:    2296640 bytes,    9663432 total
- age   3:    1664264 bytes,   11327696 total
- age   4:    1943000 bytes,   13270696 total
- age   5:    2046568 bytes,   15317264 total
- age   6:    1021896 bytes,   16339160 total
- age   7:     972040 bytes,   17311200 total
- age   8:     963752 bytes,   18274952 total
: 109248K->21824K(109248K), 0.0073987 secs] 214000K->131323K(502464K), 0.0074470 secs] [Times: user=0.00 sys=0.00, real=0.01 secs] 
Heap after GC invocations=72 (full 2):
 par new generation   total 109248K, used 21824K [0x00000000e0000000, 0x00000000e8000000, 0x00000000e8000000)
  eden space 87424K,   0% used [0x00000000e0000000, 0x00000000e0000000, 0x00000000e5560000)
  from space 21824K, 100% used [0x00000000e5560000, 0x00000000e6ab0000, 0x00000000e6ab0000)
  to   space 21824K,   0% used [0x00000000e6ab0000, 0x00000000e6ab0000, 0x00000000e8000000)
 concurrent mark-sweep generation total 393216K, used 109499K [0x00000000e8000000, 0x0000000100000000, 0x0000000100000000)
 Metaspace       used 31901K, capacity 32276K, committed 32640K, reserved 1077248K
  class space    used 3712K, capacity 3880K, committed 3968K, reserved 1048576K
}
2015-09-09T15:08:52.305+0200: 427.478: Total time for which application threads were stopped: 0.0075970 seconds, Stopping threads took: 0.0000154 seconds
{Heap before GC invocations=72 (full 2):
 par new generation   total 109248K, used 109248K [0x00000000e0000000, 0x00000000e8000000, 0x00000000e8000000)
  eden space 87424K, 100% used [0x00000000e0000000, 0x00000000e5560000, 0x00000000e5560000)
  from space 21824K, 100% used [0x00000000e5560000, 0x00000000e6ab0000, 0x00000000e6ab0000)
  to   space 21824K,   0% used [0x00000000e6ab0000, 0x00000000e6ab0000, 0x00000000e8000000)
 concurrent mark-sweep generation total 393216K, used 109499K [0x00000000e8000000, 0x0000000100000000, 0x0000000100000000)
 Metaspace       used 31901K, capacity 32276K, committed 32640K, reserved 1077248K
  class space    used 3712K, capacity 3880K, committed 3968K, reserved 1048576K
2015-09-09T15:08:52.590+0200: 427.763: [GC (Allocation Failure) 427.763: [ParNew
Desired survivor size 20112992 bytes, new threshold 8 (max 8)
- age   1:    7968720 bytes,    7968720 total
- age   2:    1471456 bytes,    9440176 total
- age   3:    2180984 bytes,   11621160 total
- age   4:    1280520 bytes,   12901680 total
- age   5:    1094024 bytes,   13995704 total
- age   6:     953096 bytes,   14948800 total
- age   7:     911816 bytes,   15860616 total
- age   8:     929560 bytes,   16790176 total
: 109248K->21824K(109248K), 0.0074783 secs] 218747K->137434K(502464K), 0.0075257 secs] [Times: user=0.00 sys=0.00, real=0.01 secs] 
Heap after GC invocations=73 (full 2):
 par new generation   total 109248K, used 21824K [0x00000000e0000000, 0x00000000e8000000, 0x00000000e8000000)
  eden space 87424K,   0% used [0x00000000e0000000, 0x00000000e0000000, 0x00000000e5560000)
  from space 21824K, 100% used [0x00000000e6ab0000, 0x00000000e8000000, 0x00000000e8000000)
  to   space 21824K,   0% used [0x00000000e5560000, 0x00000000e5560000, 0x00000000e6ab0000)
 concurrent mark-sweep generation total 393216K, used 115610K [0x00000000e8000000, 0x0000000100000000, 0x0000000100000000)
 Metaspace       used 31901K, capacity 32276K, committed 32640K, reserved 1077248K
  class space    used 3712K, capacity 3880K, committed 3968K, reserved 1048576K
}
2015-09-09T15:08:52.597+0200: 427.771: Total time for which application threads were stopped: 0.0076726 seconds, Stopping threads took: 0.0000147 seconds
{Heap before GC invocations=73 (full 2):
 par new generation   total 109248K, used 109248K [0x00000000e0000000, 0x00000000e8000000, 0x00000000e8000000)
  eden space 87424K, 100% used [0x00000000e0000000, 0x00000000e5560000, 0x00000000e5560000)
  from space 21824K, 100% used [0x00000000e6ab0000, 0x00000000e8000000, 0x00000000e8000000)
  to   space 21824K,   0% used [0x00000000e5560000, 0x00000000e5560000, 0x00000000e6ab0000)
 concurrent mark-sweep generation total 393216K, used 115610K [0x00000000e8000000, 0x0000000100000000, 0x0000000100000000)
 Metaspace       used 31901K, capacity 32276K, committed 32640K, reserved 1077248K
  class space    used 3712K, capacity 3880K, committed 3968K, reserved 1048576K
2015-09-09T15:08:52.888+0200: 428.061: [GC (Allocation Failure) 428.061: [ParNew
Desired survivor size 20112992 bytes, new threshold 8 (max 8)
- age   1:    5226192 bytes,    5226192 total
- age   2:    6310144 bytes,   11536336 total
- age   3:    1462712 bytes,   12999048 total
- age   4:    2180984 bytes,   15180032 total
- age   5:    1149456 bytes,   16329488 total
- age   6:    1061240 bytes,   17390728 total
- age   7:     953096 bytes,   18343824 total
- age   8:     911816 bytes,   19255640 total
: 109248K->21609K(109248K), 0.0076102 secs] 224858K->138137K(502464K), 0.0076908 secs] [Times: user=0.00 sys=0.00, real=0.01 secs] 
Heap after GC invocations=74 (full 2):
 par new generation   total 109248K, used 21609K [0x00000000e0000000, 0x00000000e8000000, 0x00000000e8000000)
  eden space 87424K,   0% used [0x00000000e0000000, 0x00000000e0000000, 0x00000000e5560000)
  from space 21824K,  99% used [0x00000000e5560000, 0x00000000e6a7a5d8, 0x00000000e6ab0000)
  to   space 21824K,   0% used [0x00000000e6ab0000, 0x00000000e6ab0000, 0x00000000e8000000)
 concurrent mark-sweep generation total 393216K, used 116527K [0x00000000e8000000, 0x0000000100000000, 0x0000000100000000)
 Metaspace       used 31901K, capacity 32276K, committed 32640K, reserved 1077248K
  class space    used 3712K, capacity 3880K, committed 3968K, reserved 1048576K
}
2015-09-09T15:08:52.896+0200: 428.069: Total time for which application threads were stopped: 0.0078534 seconds, Stopping threads took: 0.0000157 seconds
{Heap before GC invocations=74 (full 2):
 par new generation   total 109248K, used 109033K [0x00000000e0000000, 0x00000000e8000000, 0x00000000e8000000)
  eden space 87424K, 100% used [0x00000000e0000000, 0x00000000e5560000, 0x00000000e5560000)
  from space 21824K,  99% used [0x00000000e5560000, 0x00000000e6a7a5d8, 0x00000000e6ab0000)
  to   space 21824K,   0% used [0x00000000e6ab0000, 0x00000000e6ab0000, 0x00000000e8000000)
 concurrent mark-sweep generation total 393216K, used 116527K [0x00000000e8000000, 0x0000000100000000, 0x0000000100000000)
 Metaspace       used 31901K, capacity 32276K, committed 32640K, reserved 1077248K
  class space    used 3712K, capacity 3880K, committed 3968K, reserved 1048576K
2015-09-09T15:08:53.171+0200: 428.344: [GC (Allocation Failure) 428.344: [ParNew
Desired survivor size 20112992 bytes, new threshold 8 (max 8)
- age   1:    4435288 bytes,    4435288 total
- age   2:    3218168 bytes,    7653456 total
- age   3:    3748744 bytes,   11402200 total
- age   4:    1402272 bytes,   12804472 total
- age   5:    2143984 bytes,   14948456 total
- age   6:    1127952 bytes,   16076408 total
- age   7:    1048856 bytes,   17125264 total
- age   8:     939832 bytes,   18065096 total
: 109033K->21824K(109248K), 0.0080428 secs] 225561K->144457K(502464K), 0.0080892 secs] [Times: user=0.00 sys=0.00, real=0.01 secs] 
Heap after GC invocations=75 (full 2):
 par new generation   total 109248K, used 21824K [0x00000000e0000000, 0x00000000e8000000, 0x00000000e8000000)
  eden space 87424K,   0% used [0x00000000e0000000, 0x00000000e0000000, 0x00000000e5560000)
  from space 21824K, 100% used [0x00000000e6ab0000, 0x00000000e8000000, 0x00000000e8000000)
  to   space 21824K,   0% used [0x00000000e5560000, 0x00000000e5560000, 0x00000000e6ab0000)
 concurrent mark-sweep generation total 393216K, used 122633K [0x00000000e8000000, 0x0000000100000000, 0x0000000100000000)
 Metaspace       used 31901K, capacity 32276K, committed 32640K, reserved 1077248K
  class space    used 3712K, capacity 3880K, committed 3968K, reserved 1048576K
}
2015-09-09T15:08:53.179+0200: 428.352: Total time for which application threads were stopped: 0.0082326 seconds, Stopping threads took: 0.0000150 seconds
{Heap before GC invocations=75 (full 2):
 par new generation   total 109248K, used 109248K [0x00000000e0000000, 0x00000000e8000000, 0x00000000e8000000)
  eden space 87424K, 100% used [0x00000000e0000000, 0x00000000e5560000, 0x00000000e5560000)
  from space 21824K, 100% used [0x00000000e6ab0000, 0x00000000e8000000, 0x00000000e8000000)
  to   space 21824K,   0% used [0x00000000e5560000, 0x00000000e5560000, 0x00000000e6ab0000)
 concurrent mark-sweep generation total 393216K, used 122633K [0x00000000e8000000, 0x0000000100000000, 0x0000000100000000)
 Metaspace       used 31902K, capacity 32276K, committed 32640K, reserved 1077248K
  class space    used 3712K, capacity 3880K, committed 3968K, reserved 1048576K
2015-09-09T15:08:53.450+0200: 428.624: [GC (Allocation Failure) 428.624: [ParNew
Desired survivor size 20112992 bytes, new threshold 8 (max 8)
- age   1:    2714328 bytes,    2714328 total
- age   2:    1291496 bytes,    4005824 total
- age   3:    2805552 bytes,    6811376 total
- age   4:    3715032 bytes,   10526408 total
- age   5:    1364376 bytes,   11890784 total
- age   6:    2108176 bytes,   13998960 total
- age   7:    1113976 bytes,   15112936 total
- age   8:    1046960 bytes,   16159896 total
: 109248K->21824K(109248K), 0.0082578 secs] 231881K->154477K(502464K), 0.0083081 secs] [Times: user=0.00 sys=0.00, real=0.01 secs] 
Heap after GC invocations=76 (full 2):
 par new generation   total 109248K, used 21824K [0x00000000e0000000, 0x00000000e8000000, 0x00000000e8000000)
  eden space 87424K,   0% used [0x00000000e0000000, 0x00000000e0000000, 0x00000000e5560000)
  from space 21824K, 100% used [0x00000000e5560000, 0x00000000e6ab0000, 0x00000000e6ab0000)
  to   space 21824K,   0% used [0x00000000e6ab0000, 0x00000000e6ab0000, 0x00000000e8000000)
 concurrent mark-sweep generation total 393216K, used 132653K [0x00000000e8000000, 0x0000000100000000, 0x0000000100000000)
 Metaspace       used 31902K, capacity 32276K, committed 32640K, reserved 1077248K
  class space    used 3712K, capacity 3880K, committed 3968K, reserved 1048576K
}
2015-09-09T15:08:53.459+0200: 428.633: Total time for which application threads were stopped: 0.0084524 seconds, Stopping threads took: 0.0000147 seconds
{Heap before GC invocations=76 (full 2):
 par new generation   total 109248K, used 109248K [0x00000000e0000000, 0x00000000e8000000, 0x00000000e8000000)
  eden space 87424K, 100% used [0x00000000e0000000, 0x00000000e5560000, 0x00000000e5560000)
  from space 21824K, 100% used [0x00000000e5560000, 0x00000000e6ab0000, 0x00000000e6ab0000)
  to   space 21824K,   0% used [0x00000000e6ab0000, 0x00000000e6ab0000, 0x00000000e8000000)
 concurrent mark-sweep generation total 393216K, used 132653K [0x00000000e8000000, 0x0000000100000000, 0x0000000100000000)
 Metaspace       used 31902K, capacity 32276K, committed 32640K, reserved 1077248K
  class space    used 3712K, capacity 3880K, committed 3968K, reserved 1048576K
2015-09-09T15:08:53.757+0200: 428.931: [GC (Allocation Failure) 428.931: [ParNew
Desired survivor size 20112992 bytes, new threshold 8 (max 8)
- age   1:    6399344 bytes,    6399344 total
- age   2:    2309608 bytes,    8708952 total
- age   3:    1291496 bytes,   10000448 total
- age   4:    2805576 bytes,   12806024 total
- age   5:    3698360 bytes,   16504384 total
- age   6:    1364376 bytes,   17868760 total
- age   7:    1583880 bytes,   19452640 total
- age   8:    1113976 bytes,   20566616 total
: 109248K->21824K(109248K), 0.0078998 secs] 241901K->155509K(502464K), 0.0079465 secs] [Times: user=0.06 sys=0.00, real=0.01 secs] 
Heap after GC invocations=77 (full 2):
 par new generation   total 109248K, used 21824K [0x00000000e0000000, 0x00000000e8000000, 0x00000000e8000000)
  eden space 87424K,   0% used [0x00000000e0000000, 0x00000000e0000000, 0x00000000e5560000)
  from space 21824K, 100% used [0x00000000e6ab0000, 0x00000000e8000000, 0x00000000e8000000)
  to   space 21824K,   0% used [0x00000000e5560000, 0x00000000e5560000, 0x00000000e6ab0000)
 concurrent mark-sweep generation total 393216K, used 133685K [0x00000000e8000000, 0x0000000100000000, 0x0000000100000000)
 Metaspace       used 31902K, capacity 32276K, committed 32640K, reserved 1077248K
  class space    used 3712K, capacity 3880K, committed 3968K, reserved 1048576K
}
2015-09-09T15:08:53.765+0200: 428.939: Total time for which application threads were stopped: 0.0080918 seconds, Stopping threads took: 0.0000147 seconds
{Heap before GC invocations=77 (full 2):
 par new generation   total 109248K, used 109248K [0x00000000e0000000, 0x00000000e8000000, 0x00000000e8000000)
  eden space 87424K, 100% used [0x00000000e0000000, 0x00000000e5560000, 0x00000000e5560000)
  from space 21824K, 100% used [0x00000000e6ab0000, 0x00000000e8000000, 0x00000000e8000000)
  to   space 21824K,   0% used [0x00000000e5560000, 0x00000000e5560000, 0x00000000e6ab0000)
 concurrent mark-sweep generation total 393216K, used 133685K [0x00000000e8000000, 0x0000000100000000, 0x0000000100000000)
 Metaspace       used 31902K, capacity 32276K, committed 32640K, reserved 1077248K
  class space    used 3712K, capacity 3880K, committed 3968K, reserved 1048576K
2015-09-09T15:08:54.045+0200: 429.219: [GC (Allocation Failure) 429.219: [ParNew
Desired survivor size 20112992 bytes, new threshold 8 (max 8)
- age   1:    2320072 bytes,    2320072 total
- age   2:    3374472 bytes,    5694544 total
- age   3:    1333840 bytes,    7028384 total
- age   4:    1275288 bytes,    8303672 total
- age   5:    1937440 bytes,   10241112 total
- age   6:    3651696 bytes,   13892808 total
- age   7:    1316192 bytes,   15209000 total
- age   8:    1537040 bytes,   16746040 total
: 109248K->21824K(109248K), 0.0086870 secs] 242933K->167392K(502464K), 0.0087359 secs] [Times: user=0.01 sys=0.00, real=0.01 secs] 
Heap after GC invocations=78 (full 2):
 par new generation   total 109248K, used 21824K [0x00000000e0000000, 0x00000000e8000000, 0x00000000e8000000)
  eden space 87424K,   0% used [0x00000000e0000000, 0x00000000e0000000, 0x00000000e5560000)
  from space 21824K, 100% used [0x00000000e5560000, 0x00000000e6ab0000, 0x00000000e6ab0000)
  to   space 21824K,   0% used [0x00000000e6ab0000, 0x00000000e6ab0000, 0x00000000e8000000)
 concurrent mark-sweep generation total 393216K, used 145568K [0x00000000e8000000, 0x0000000100000000, 0x0000000100000000)
 Metaspace       used 31902K, capacity 32276K, committed 32640K, reserved 1077248K
  class space    used 3712K, capacity 3880K, committed 3968K, reserved 1048576K
}
2015-09-09T15:08:54.054+0200: 429.227: Total time for which application threads were stopped: 0.0088815 seconds, Stopping threads took: 0.0000147 seconds
{Heap before GC invocations=78 (full 2):
 par new generation   total 109248K, used 109248K [0x00000000e0000000, 0x00000000e8000000, 0x00000000e8000000)
  eden space 87424K, 100% used [0x00000000e0000000, 0x00000000e5560000, 0x00000000e5560000)
  from space 21824K, 100% used [0x00000000e5560000, 0x00000000e6ab0000, 0x00000000e6ab0000)
  to   space 21824K,   0% used [0x00000000e6ab0000, 0x00000000e6ab0000, 0x00000000e8000000)
 concurrent mark-sweep generation total 393216K, used 145568K [0x00000000e8000000, 0x0000000100000000, 0x0000000100000000)
 Metaspace       used 31902K, capacity 32276K, committed 32640K, reserved 1077248K
  class space    used 3712K, capacity 3880K, committed 3968K, reserved 1048576K
2015-09-09T15:08:54.344+0200: 429.518: [GC (Allocation Failure) 429.518: [ParNew
Desired survivor size 20112992 bytes, new threshold 8 (max 8)
- age   1:    5277352 bytes,    5277352 total
- age   2:    2315776 bytes,    7593128 total
- age   3:    2920120 bytes,   10513248 total
- age   4:    1334440 bytes,   11847688 total
- age   5:    1275960 bytes,   13123648 total
- age   6:    1938160 bytes,   15061808 total
- age   7:    3652200 bytes,   18714008 total
- age   8:    1316696 bytes,   20030704 total
: 109248K->21824K(109248K), 0.0085545 secs] 254816K->168923K(502464K), 0.0086012 secs] [Times: user=0.06 sys=0.00, real=0.01 secs] 
Heap after GC invocations=79 (full 2):
 par new generation   total 109248K, used 21824K [0x00000000e0000000, 0x00000000e8000000, 0x00000000e8000000)
  eden space 87424K,   0% used [0x00000000e0000000, 0x00000000e0000000, 0x00000000e5560000)
  from space 21824K, 100% used [0x00000000e6ab0000, 0x00000000e8000000, 0x00000000e8000000)
  to   space 21824K,   0% used [0x00000000e5560000, 0x00000000e5560000, 0x00000000e6ab0000)
 concurrent mark-sweep generation total 393216K, used 147099K [0x00000000e8000000, 0x0000000100000000, 0x0000000100000000)
 Metaspace       used 31902K, capacity 32276K, committed 32640K, reserved 1077248K
  class space    used 3712K, capacity 3880K, committed 3968K, reserved 1048576K
}
2015-09-09T15:08:54.353+0200: 429.527: Total time for which application threads were stopped: 0.0087503 seconds, Stopping threads took: 0.0000150 seconds
{Heap before GC invocations=79 (full 2):
 par new generation   total 109248K, used 109248K [0x00000000e0000000, 0x00000000e8000000, 0x00000000e8000000)
  eden space 87424K, 100% used [0x00000000e0000000, 0x00000000e5560000, 0x00000000e5560000)
  from space 21824K, 100% used [0x00000000e6ab0000, 0x00000000e8000000, 0x00000000e8000000)
  to   space 21824K,   0% used [0x00000000e5560000, 0x00000000e5560000, 0x00000000e6ab0000)
 concurrent mark-sweep generation total 393216K, used 147099K [0x00000000e8000000, 0x0000000100000000, 0x0000000100000000)
 Metaspace       used 31902K, capacity 32276K, committed 32640K, reserved 1077248K
  class space    used 3712K, capacity 3880K, committed 3968K, reserved 1048576K
2015-09-09T15:08:54.650+0200: 429.824: [GC (Allocation Failure) 429.824: [ParNew
Desired survivor size 20112992 bytes, new threshold 8 (max 8)
- age   1:    1644456 bytes,    1644456 total
- age   2:    2997552 bytes,    4642008 total
- age   3:    2184576 bytes,    6826584 total
- age   4:    2889472 bytes,    9716056 total
- age   5:    1308664 bytes,   11024720 total
- age   6:    1251784 bytes,   12276504 total
- age   7:    1908568 bytes,   14185072 total
- age   8:    3629424 bytes,   17814496 total
: 109248K->21824K(109248K), 0.0091369 secs] 256347K->174225K(502464K), 0.0091865 secs] [Times: user=0.00 sys=0.00, real=0.01 secs] 
Heap after GC invocations=80 (full 2):
 par new generation   total 109248K, used 21824K [0x00000000e0000000, 0x00000000e8000000, 0x00000000e8000000)
  eden space 87424K,   0% used [0x00000000e0000000, 0x00000000e0000000, 0x00000000e5560000)
  from space 21824K, 100% used [0x00000000e5560000, 0x00000000e6ab0000, 0x00000000e6ab0000)
  to   space 21824K,   0% used [0x00000000e6ab0000, 0x00000000e6ab0000, 0x00000000e8000000)
 concurrent mark-sweep generation total 393216K, used 152401K [0x00000000e8000000, 0x0000000100000000, 0x0000000100000000)
 Metaspace       used 31902K, capacity 32276K, committed 32640K, reserved 1077248K
  class space    used 3712K, capacity 3880K, committed 3968K, reserved 1048576K
}
2015-09-09T15:08:54.659+0200: 429.833: Total time for which application threads were stopped: 0.0093276 seconds, Stopping threads took: 0.0000147 seconds
{Heap before GC invocations=80 (full 2):
 par new generation   total 109248K, used 109248K [0x00000000e0000000, 0x00000000e8000000, 0x00000000e8000000)
  eden space 87424K, 100% used [0x00000000e0000000, 0x00000000e5560000, 0x00000000e5560000)
  from space 21824K, 100% used [0x00000000e5560000, 0x00000000e6ab0000, 0x00000000e6ab0000)
  to   space 21824K,   0% used [0x00000000e6ab0000, 0x00000000e6ab0000, 0x00000000e8000000)
 concurrent mark-sweep generation total 393216K, used 152401K [0x00000000e8000000, 0x0000000100000000, 0x0000000100000000)
 Metaspace       used 31902K, capacity 32276K, committed 32640K, reserved 1077248K
  class space    used 3712K, capacity 3880K, committed 3968K, reserved 1048576K
2015-09-09T15:08:54.930+0200: 430.104: [GC (Allocation Failure) 430.104: [ParNew
Desired survivor size 20112992 bytes, new threshold 8 (max 8)
- age   1:    4991896 bytes,    4991896 total
- age   2:    1557384 bytes,    6549280 total
- age   3:    1583944 bytes,    8133224 total
- age   4:    1292760 bytes,    9425984 total
- age   5:    2861288 bytes,   12287272 total
- age   6:    1283008 bytes,   13570280 total
- age   7:    1227888 bytes,   14798168 total
- age   8:    1883712 bytes,   16681880 total
: 109248K->21824K(109248K), 0.0096793 secs] 261649K->185653K(502464K), 0.0097285 secs] [Times: user=0.00 sys=0.00, real=0.01 secs] 
Heap after GC invocations=81 (full 2):
 par new generation   total 109248K, used 21824K [0x00000000e0000000, 0x00000000e8000000, 0x00000000e8000000)
  eden space 87424K,   0% used [0x00000000e0000000, 0x00000000e0000000, 0x00000000e5560000)
  from space 21824K, 100% used [0x00000000e6ab0000, 0x00000000e8000000, 0x00000000e8000000)
  to   space 21824K,   0% used [0x00000000e5560000, 0x00000000e5560000, 0x00000000e6ab0000)
 concurrent mark-sweep generation total 393216K, used 163829K [0x00000000e8000000, 0x0000000100000000, 0x0000000100000000)
 Metaspace       used 31902K, capacity 32276K, committed 32640K, reserved 1077248K
  class space    used 3712K, capacity 3880K, committed 3968K, reserved 1048576K
}
2015-09-09T15:08:54.940+0200: 430.114: Total time for which application threads were stopped: 0.0098770 seconds, Stopping threads took: 0.0000147 seconds
{Heap before GC invocations=81 (full 2):
 par new generation   total 109248K, used 109248K [0x00000000e0000000, 0x00000000e8000000, 0x00000000e8000000)
  eden space 87424K, 100% used [0x00000000e0000000, 0x00000000e5560000, 0x00000000e5560000)
  from space 21824K, 100% used [0x00000000e6ab0000, 0x00000000e8000000, 0x00000000e8000000)
  to   space 21824K,   0% used [0x00000000e5560000, 0x00000000e5560000, 0x00000000e6ab0000)
 concurrent mark-sweep generation total 393216K, used 163829K [0x00000000e8000000, 0x0000000100000000, 0x0000000100000000)
 Metaspace       used 31902K, capacity 32276K, committed 32640K, reserved 1077248K
  class space    used 3712K, capacity 3880K, committed 3968K, reserved 1048576K
2015-09-09T15:08:55.238+0200: 430.412: [GC (Allocation Failure) 430.412: [ParNew
Desired survivor size 20112992 bytes, new threshold 8 (max 8)
- age   1:    3571736 bytes,    3571736 total
- age   2:    4991320 bytes,    8563056 total
- age   3:    1440584 bytes,   10003640 total
- age   4:    1583776 bytes,   11587416 total
- age   5:    1292736 bytes,   12880152 total
- age   6:    2836288 bytes,   15716440 total
- age   7:    1282984 bytes,   16999424 total
- age   8:    1227816 bytes,   18227240 total
: 109248K->20429K(109248K), 0.0089308 secs] 273077K->186127K(502464K), 0.0089775 secs] [Times: user=0.06 sys=0.00, real=0.01 secs] 
Heap after GC invocations=82 (full 2):
 par new generation   total 109248K, used 20429K [0x00000000e0000000, 0x00000000e8000000, 0x00000000e8000000)
  eden space 87424K,   0% used [0x00000000e0000000, 0x00000000e0000000, 0x00000000e5560000)
  from space 21824K,  93% used [0x00000000e5560000, 0x00000000e6953700, 0x00000000e6ab0000)
  to   space 21824K,   0% used [0x00000000e6ab0000, 0x00000000e6ab0000, 0x00000000e8000000)
 concurrent mark-sweep generation total 393216K, used 165697K [0x00000000e8000000, 0x0000000100000000, 0x0000000100000000)
 Metaspace       used 31902K, capacity 32276K, committed 32640K, reserved 1077248K
  class space    used 3712K, capacity 3880K, committed 3968K, reserved 1048576K
}
2015-09-09T15:08:55.247+0200: 430.421: Total time for which application threads were stopped: 0.0091244 seconds, Stopping threads took: 0.0000157 seconds
{Heap before GC invocations=82 (full 2):
 par new generation   total 109248K, used 107853K [0x00000000e0000000, 0x00000000e8000000, 0x00000000e8000000)
  eden space 87424K, 100% used [0x00000000e0000000, 0x00000000e5560000, 0x00000000e5560000)
  from space 21824K,  93% used [0x00000000e5560000, 0x00000000e6953700, 0x00000000e6ab0000)
  to   space 21824K,   0% used [0x00000000e6ab0000, 0x00000000e6ab0000, 0x00000000e8000000)
 concurrent mark-sweep generation total 393216K, used 165697K [0x00000000e8000000, 0x0000000100000000, 0x0000000100000000)
 Metaspace       used 31902K, capacity 32276K, committed 32640K, reserved 1077248K
  class space    used 3712K, capacity 3880K, committed 3968K, reserved 1048576K
2015-09-09T15:08:55.514+0200: 430.688: [GC (Allocation Failure) 430.688: [ParNew
Desired survivor size 20112992 bytes, new threshold 8 (max 8)
- age   1:    3973960 bytes,    3973960 total
- age   2:    2093880 bytes,    6067840 total
- age   3:    2798408 bytes,    8866248 total
- age   4:    1439312 bytes,   10305560 total
- age   5:    1582400 bytes,   11887960 total
- age   6:    1291352 bytes,   13179312 total
- age   7:    2834824 bytes,   16014136 total
- age   8:    1282184 bytes,   17296320 total
: 107853K->21824K(109248K), 0.0096655 secs] 273551K->199216K(502464K), 0.0097164 secs] [Times: user=0.06 sys=0.00, real=0.01 secs] 
Heap after GC invocations=83 (full 2):
 par new generation   total 109248K, used 21824K [0x00000000e0000000, 0x00000000e8000000, 0x00000000e8000000)
  eden space 87424K,   0% used [0x00000000e0000000, 0x00000000e0000000, 0x00000000e5560000)
  from space 21824K, 100% used [0x00000000e6ab0000, 0x00000000e8000000, 0x00000000e8000000)
  to   space 21824K,   0% used [0x00000000e5560000, 0x00000000e5560000, 0x00000000e6ab0000)
 concurrent mark-sweep generation total 393216K, used 177392K [0x00000000e8000000, 0x0000000100000000, 0x0000000100000000)
 Metaspace       used 31902K, capacity 32276K, committed 32640K, reserved 1077248K
  class space    used 3712K, capacity 3880K, committed 3968K, reserved 1048576K
}
2015-09-09T15:08:55.524+0200: 430.697: Total time for which application threads were stopped: 0.0098844 seconds, Stopping threads took: 0.0000160 seconds
{Heap before GC invocations=83 (full 2):
 par new generation   total 109248K, used 109248K [0x00000000e0000000, 0x00000000e8000000, 0x00000000e8000000)
  eden space 87424K, 100% used [0x00000000e0000000, 0x00000000e5560000, 0x00000000e5560000)
  from space 21824K, 100% used [0x00000000e6ab0000, 0x00000000e8000000, 0x00000000e8000000)
  to   space 21824K,   0% used [0x00000000e5560000, 0x00000000e5560000, 0x00000000e6ab0000)
 concurrent mark-sweep generation total 393216K, used 177392K [0x00000000e8000000, 0x0000000100000000, 0x0000000100000000)
 Metaspace       used 31902K, capacity 32276K, committed 32640K, reserved 1077248K
  class space    used 3712K, capacity 3880K, committed 3968K, reserved 1048576K
2015-09-09T15:08:55.836+0200: 431.010: [GC (Allocation Failure) 431.010: [ParNew
Desired survivor size 20112992 bytes, new threshold 8 (max 8)
- age   1:    3834864 bytes,    3834864 total
- age   2:    3968456 bytes,    7803320 total
- age   3:    1930312 bytes,    9733632 total
- age   4:    2796128 bytes,   12529760 total
- age   5:    1436496 bytes,   13966256 total
- age   6:    1579216 bytes,   15545472 total
- age   7:    1288520 bytes,   16833992 total
- age   8:    2831976 bytes,   19665968 total
: 109248K->21824K(109248K), 0.0116172 secs] 286640K->200523K(502464K), 0.0138956 secs] [Times: user=0.00 sys=0.00, real=0.01 secs] 
Heap after GC invocations=84 (full 2):
 par new generation   total 109248K, used 21824K [0x00000000e0000000, 0x00000000e8000000, 0x00000000e8000000)
  eden space 87424K,   0% used [0x00000000e0000000, 0x00000000e0000000, 0x00000000e5560000)
  from space 21824K, 100% used [0x00000000e5560000, 0x00000000e6ab0000, 0x00000000e6ab0000)
  to   space 21824K,   0% used [0x00000000e6ab0000, 0x00000000e6ab0000, 0x00000000e8000000)
 concurrent mark-sweep generation total 393216K, used 178699K [0x00000000e8000000, 0x0000000100000000, 0x0000000100000000)
 Metaspace       used 31902K, capacity 32276K, committed 32640K, reserved 1077248K
  class space    used 3712K, capacity 3880K, committed 3968K, reserved 1048576K
}
2015-09-09T15:08:55.850+0200: 431.024: Total time for which application threads were stopped: 0.0140450 seconds, Stopping threads took: 0.0000150 seconds
{Heap before GC invocations=84 (full 2):
 par new generation   total 109248K, used 109248K [0x00000000e0000000, 0x00000000e8000000, 0x00000000e8000000)
  eden space 87424K, 100% used [0x00000000e0000000, 0x00000000e5560000, 0x00000000e5560000)
  from space 21824K, 100% used [0x00000000e5560000, 0x00000000e6ab0000, 0x00000000e6ab0000)
  to   space 21824K,   0% used [0x00000000e6ab0000, 0x00000000e6ab0000, 0x00000000e8000000)
 concurrent mark-sweep generation total 393216K, used 178699K [0x00000000e8000000, 0x0000000100000000, 0x0000000100000000)
 Metaspace       used 31902K, capacity 32276K, committed 32640K, reserved 1077248K
  class space    used 3712K, capacity 3880K, committed 3968K, reserved 1048576K
2015-09-09T15:08:56.169+0200: 431.342: [GC (Allocation Failure) 431.343: [ParNew
Desired survivor size 20112992 bytes, new threshold 8 (max 8)
- age   1:    6554072 bytes,    6554072 total
- age   2:    2737320 bytes,    9291392 total
- age   3:    1953952 bytes,   11245344 total
- age   4:    1131936 bytes,   12377280 total
- age   5:    2282376 bytes,   14659656 total
- age   6:     806008 bytes,   15465664 total
- age   7:    1017176 bytes,   16482840 total
- age   8:     782672 bytes,   17265512 total
: 109248K->21824K(109248K), 0.0102140 secs] 287947K->212679K(502464K), 0.0102629 secs] [Times: user=0.06 sys=0.00, real=0.01 secs] 
Heap after GC invocations=85 (full 2):
 par new generation   total 109248K, used 21824K [0x00000000e0000000, 0x00000000e8000000, 0x00000000e8000000)
  eden space 87424K,   0% used [0x00000000e0000000, 0x00000000e0000000, 0x00000000e5560000)
  from space 21824K, 100% used [0x00000000e6ab0000, 0x00000000e8000000, 0x00000000e8000000)
  to   space 21824K,   0% used [0x00000000e5560000, 0x00000000e5560000, 0x00000000e6ab0000)
 concurrent mark-sweep generation total 393216K, used 190855K [0x00000000e8000000, 0x0000000100000000, 0x0000000100000000)
 Metaspace       used 31902K, capacity 32276K, committed 32640K, reserved 1077248K
  class space    used 3712K, capacity 3880K, committed 3968K, reserved 1048576K
}
2015-09-09T15:08:56.179+0200: 431.353: Total time for which application threads were stopped: 0.0104076 seconds, Stopping threads took: 0.0000147 seconds
{Heap before GC invocations=85 (full 2):
 par new generation   total 109248K, used 109248K [0x00000000e0000000, 0x00000000e8000000, 0x00000000e8000000)
  eden space 87424K, 100% used [0x00000000e0000000, 0x00000000e5560000, 0x00000000e5560000)
  from space 21824K, 100% used [0x00000000e6ab0000, 0x00000000e8000000, 0x00000000e8000000)
  to   space 21824K,   0% used [0x00000000e5560000, 0x00000000e5560000, 0x00000000e6ab0000)
 concurrent mark-sweep generation total 393216K, used 190855K [0x00000000e8000000, 0x0000000100000000, 0x0000000100000000)
 Metaspace       used 31902K, capacity 32276K, committed 32640K, reserved 1077248K
  class space    used 3712K, capacity 3880K, committed 3968K, reserved 1048576K
2015-09-09T15:08:56.462+0200: 431.636: [GC (Allocation Failure) 431.636: [ParNew
Desired survivor size 20112992 bytes, new threshold 6 (max 8)
- age   1:    8335296 bytes,    8335296 total
- age   2:    6339608 bytes,   14674904 total
- age   3:    2492304 bytes,   17167208 total
- age   4:     639272 bytes,   17806480 total
- age   5:     888800 bytes,   18695280 total
- age   6:    2126200 bytes,   20821480 total
- age   7:     650272 bytes,   21471752 total
- age   8:     854216 bytes,   22325968 total
: 109248K->21824K(109248K), 0.0105682 secs] 300103K->217596K(502464K), 0.0106178 secs] [Times: user=0.00 sys=0.00, real=0.01 secs] 
Heap after GC invocations=86 (full 2):
 par new generation   total 109248K, used 21824K [0x00000000e0000000, 0x00000000e8000000, 0x00000000e8000000)
  eden space 87424K,   0% used [0x00000000e0000000, 0x00000000e0000000, 0x00000000e5560000)
  from space 21824K, 100% used [0x00000000e5560000, 0x00000000e6ab0000, 0x00000000e6ab0000)
  to   space 21824K,   0% used [0x00000000e6ab0000, 0x00000000e6ab0000, 0x00000000e8000000)
 concurrent mark-sweep generation total 393216K, used 195772K [0x00000000e8000000, 0x0000000100000000, 0x0000000100000000)
 Metaspace       used 31902K, capacity 32276K, committed 32640K, reserved 1077248K
  class space    used 3712K, capacity 3880K, committed 3968K, reserved 1048576K
}
2015-09-09T15:08:56.473+0200: 431.646: Total time for which application threads were stopped: 0.0107845 seconds, Stopping threads took: 0.0000147 seconds
{Heap before GC invocations=86 (full 2):
 par new generation   total 109248K, used 109248K [0x00000000e0000000, 0x00000000e8000000, 0x00000000e8000000)
  eden space 87424K, 100% used [0x00000000e0000000, 0x00000000e5560000, 0x00000000e5560000)
  from space 21824K, 100% used [0x00000000e5560000, 0x00000000e6ab0000, 0x00000000e6ab0000)
  to   space 21824K,   0% used [0x00000000e6ab0000, 0x00000000e6ab0000, 0x00000000e8000000)
 concurrent mark-sweep generation total 393216K, used 195772K [0x00000000e8000000, 0x0000000100000000, 0x0000000100000000)
 Metaspace       used 31902K, capacity 32276K, committed 32640K, reserved 1077248K
  class space    used 3712K, capacity 3880K, committed 3968K, reserved 1048576K
2015-09-09T15:08:56.767+0200: 431.941: [GC (Allocation Failure) 431.941: [ParNew
Desired survivor size 20112992 bytes, new threshold 8 (max 8)
- age   1:    5067984 bytes,    5067984 total
- age   2:    3335800 bytes,    8403784 total
- age   3:    5624880 bytes,   14028664 total
- age   4:    2484104 bytes,   16512768 total
- age   5:     631056 bytes,   17143824 total
- age   6:     880040 bytes,   18023864 total
: 109248K->21824K(109248K), 0.0100959 secs] 305020K->227693K(502464K), 0.0101474 secs] [Times: user=0.06 sys=0.00, real=0.01 secs] 
Heap after GC invocations=87 (full 2):
 par new generation   total 109248K, used 21824K [0x00000000e0000000, 0x00000000e8000000, 0x00000000e8000000)
  eden space 87424K,   0% used [0x00000000e0000000, 0x00000000e0000000, 0x00000000e5560000)
  from space 21824K, 100% used [0x00000000e6ab0000, 0x00000000e8000000, 0x00000000e8000000)
  to   space 21824K,   0% used [0x00000000e5560000, 0x00000000e5560000, 0x00000000e6ab0000)
 concurrent mark-sweep generation total 393216K, used 205869K [0x00000000e8000000, 0x0000000100000000, 0x0000000100000000)
 Metaspace       used 31902K, capacity 32276K, committed 32640K, reserved 1077248K
  class space    used 3712K, capacity 3880K, committed 3968K, reserved 1048576K
}
2015-09-09T15:08:56.777+0200: 431.951: Total time for which application threads were stopped: 0.0102988 seconds, Stopping threads took: 0.0000144 seconds
2015-09-09T15:08:56.777+0200: 431.951: [GC (CMS Initial Mark) [1 CMS-initial-mark: 205869K(393216K)] 227725K(502464K), 0.0027104 secs] [Times: user=0.00 sys=0.00, real=0.00 secs] 
2015-09-09T15:08:56.780+0200: 431.954: Total time for which application threads were stopped: 0.0028016 seconds, Stopping threads took: 0.0000278 seconds
2015-09-09T15:08:56.780+0200: 431.954: [CMS-concurrent-mark-start]
2015-09-09T15:08:56.800+0200: 431.974: [CMS-concurrent-mark: 0.020/0.020 secs] [Times: user=0.12 sys=0.00, real=0.02 secs] 
2015-09-09T15:08:56.800+0200: 431.974: [CMS-concurrent-preclean-start]
2015-09-09T15:08:56.801+0200: 431.975: [CMS-concurrent-preclean: 0.001/0.001 secs] [Times: user=0.00 sys=0.00, real=0.00 secs] 
2015-09-09T15:08:56.801+0200: 431.975: [CMS-concurrent-abortable-preclean-start]
2015-09-09T15:08:56.954+0200: 432.127: [CMS-concurrent-abortable-preclean: 0.152/0.152 secs] [Times: user=0.33 sys=0.00, real=0.15 secs] 
2015-09-09T15:08:56.955+0200: 432.127: [GC (CMS Final Remark) [YG occupancy: 69069 K (109248 K)]{Heap before GC invocations=87 (full 3):
 par new generation   total 109248K, used 69069K [0x00000000e0000000, 0x00000000e8000000, 0x00000000e8000000)
  eden space 87424K,  54% used [0x00000000e0000000, 0x00000000e2e235d0, 0x00000000e5560000)
  from space 21824K, 100% used [0x00000000e6ab0000, 0x00000000e8000000, 0x00000000e8000000)
  to   space 21824K,   0% used [0x00000000e5560000, 0x00000000e5560000, 0x00000000e6ab0000)
 concurrent mark-sweep generation total 393216K, used 205869K [0x00000000e8000000, 0x0000000100000000, 0x0000000100000000)
 Metaspace       used 31902K, capacity 32276K, committed 32640K, reserved 1077248K
  class space    used 3712K, capacity 3880K, committed 3968K, reserved 1048576K
2015-09-09T15:08:56.955+0200: 432.127: [GC (CMS Final Remark) 432.127: [ParNew
Desired survivor size 20112992 bytes, new threshold 8 (max 8)
- age   1:    1454328 bytes,    1454328 total
- age   2:    5064168 bytes,    6518496 total
- age   3:    3335824 bytes,    9854320 total
- age   4:    5624880 bytes,   15479200 total
- age   5:    2484104 bytes,   17963304 total
- age   6:     631056 bytes,   18594360 total
- age   7:     880040 bytes,   19474400 total
: 69069K->21824K(109248K), 0.0078047 secs] 274939K->227693K(502464K), 0.0078447 secs] [Times: user=0.06 sys=0.00, real=0.01 secs] 
Heap after GC invocations=88 (full 3):
 par new generation   total 109248K, used 21824K [0x00000000e0000000, 0x00000000e8000000, 0x00000000e8000000)
  eden space 87424K,   0% used [0x00000000e0000000, 0x00000000e0000000, 0x00000000e5560000)
  from space 21824K, 100% used [0x00000000e5560000, 0x00000000e6ab0000, 0x00000000e6ab0000)
  to   space 21824K,   0% used [0x00000000e6ab0000, 0x00000000e6ab0000, 0x00000000e8000000)
 concurrent mark-sweep generation total 393216K, used 205869K [0x00000000e8000000, 0x0000000100000000, 0x0000000100000000)
 Metaspace       used 31902K, capacity 32276K, committed 32640K, reserved 1077248K
  class space    used 3712K, capacity 3880K, committed 3968K, reserved 1048576K
}
432.135: [Rescan (parallel) , 0.0036585 secs]432.139: [weak refs processing, 0.0009942 secs]432.140: [class unloading, 0.0065177 secs]432.147: [scrub symbol table, 0.0051385 secs]432.152: [scrub string table, 0.0004659 secs][1 CMS-remark: 205869K(393216K)] 227693K(502464K), 0.0252673 secs] [Times: user=0.08 sys=0.00, real=0.03 secs] 
2015-09-09T15:08:56.980+0200: 432.153: Total time for which application threads were stopped: 0.0253969 seconds, Stopping threads took: 0.0000419 seconds
2015-09-09T15:08:56.980+0200: 432.153: [CMS-concurrent-sweep-start]
2015-09-09T15:08:57.008+0200: 432.181: [CMS-concurrent-sweep: 0.028/0.028 secs] [Times: user=0.06 sys=0.00, real=0.03 secs] 
2015-09-09T15:08:57.008+0200: 432.181: [CMS-concurrent-reset-start]
2015-09-09T15:08:57.008+0200: 432.181: [CMS-concurrent-reset: 0.000/0.000 secs] [Times: user=0.00 sys=0.00, real=0.00 secs] 
{Heap before GC invocations=88 (full 3):
 par new generation   total 109248K, used 109248K [0x00000000e0000000, 0x00000000e8000000, 0x00000000e8000000)
  eden space 87424K, 100% used [0x00000000e0000000, 0x00000000e5560000, 0x00000000e5560000)
  from space 21824K, 100% used [0x00000000e5560000, 0x00000000e6ab0000, 0x00000000e6ab0000)
  to   space 21824K,   0% used [0x00000000e6ab0000, 0x00000000e6ab0000, 0x00000000e8000000)
 concurrent mark-sweep generation total 393216K, used 98892K [0x00000000e8000000, 0x0000000100000000, 0x0000000100000000)
 Metaspace       used 31876K, capacity 32236K, committed 32640K, reserved 1077248K
  class space    used 3706K, capacity 3870K, committed 3968K, reserved 1048576K
2015-09-09T15:08:57.291+0200: 432.464: [GC (Allocation Failure) 432.464: [ParNew
Desired survivor size 20112992 bytes, new threshold 7 (max 8)
- age   1:    3114872 bytes,    3114872 total
- age   2:    1369824 bytes,    4484696 total
- age   3:    4928776 bytes,    9413472 total
- age   4:    3197568 bytes,   12611040 total
- age   5:    5405960 bytes,   18017000 total
- age   6:    1888568 bytes,   19905568 total
- age   7:     562584 bytes,   20468152 total
- age   8:     807976 bytes,   21276128 total
: 109248K->21824K(109248K), 0.0106764 secs] 208140K->122335K(502464K), 0.0107333 secs] [Times: user=0.00 sys=0.00, real=0.01 secs] 
Heap after GC invocations=89 (full 3):
 par new generation   total 109248K, used 21824K [0x00000000e0000000, 0x00000000e8000000, 0x00000000e8000000)
  eden space 87424K,   0% used [0x00000000e0000000, 0x00000000e0000000, 0x00000000e5560000)
  from space 21824K, 100% used [0x00000000e6ab0000, 0x00000000e8000000, 0x00000000e8000000)
  to   space 21824K,   0% used [0x00000000e5560000, 0x00000000e5560000, 0x00000000e6ab0000)
 concurrent mark-sweep generation total 393216K, used 100511K [0x00000000e8000000, 0x0000000100000000, 0x0000000100000000)
 Metaspace       used 31876K, capacity 32236K, committed 32640K, reserved 1077248K
  class space    used 3706K, capacity 3870K, committed 3968K, reserved 1048576K
}
2015-09-09T15:08:57.302+0200: 432.474: Total time for which application threads were stopped: 0.0109205 seconds, Stopping threads took: 0.0000147 seconds
{Heap before GC invocations=89 (full 3):
 par new generation   total 109248K, used 109248K [0x00000000e0000000, 0x00000000e8000000, 0x00000000e8000000)
  eden space 87424K, 100% used [0x00000000e0000000, 0x00000000e5560000, 0x00000000e5560000)
  from space 21824K, 100% used [0x00000000e6ab0000, 0x00000000e8000000, 0x00000000e8000000)
  to   space 21824K,   0% used [0x00000000e5560000, 0x00000000e5560000, 0x00000000e6ab0000)
 concurrent mark-sweep generation total 393216K, used 100511K [0x00000000e8000000, 0x0000000100000000, 0x0000000100000000)
 Metaspace       used 31876K, capacity 32236K, committed 32640K, reserved 1077248K
  class space    used 3706K, capacity 3870K, committed 3968K, reserved 1048576K
2015-09-09T15:08:57.591+0200: 432.764: [GC (Allocation Failure) 432.764: [ParNew
Desired survivor size 20112992 bytes, new threshold 8 (max 8)
- age   1:    5746880 bytes,    5746880 total
- age   2:    1653040 bytes,    7399920 total
- age   3:     737784 bytes,    8137704 total
- age   4:    2084072 bytes,   10221776 total
- age   5:     950384 bytes,   11172160 total
- age   6:    5370200 bytes,   16542360 total
- age   7:    1065720 bytes,   17608080 total
: 109248K->21824K(109248K), 0.0104668 secs] 209759K->139461K(502464K), 0.0105186 secs] [Times: user=0.06 sys=0.00, real=0.01 secs] 
Heap after GC invocations=90 (full 3):
 par new generation   total 109248K, used 21824K [0x00000000e0000000, 0x00000000e8000000, 0x00000000e8000000)
  eden space 87424K,   0% used [0x00000000e0000000, 0x00000000e0000000, 0x00000000e5560000)
  from space 21824K, 100% used [0x00000000e5560000, 0x00000000e6ab0000, 0x00000000e6ab0000)
  to   space 21824K,   0% used [0x00000000e6ab0000, 0x00000000e6ab0000, 0x00000000e8000000)
 concurrent mark-sweep generation total 393216K, used 117637K [0x00000000e8000000, 0x0000000100000000, 0x0000000100000000)
 Metaspace       used 31876K, capacity 32236K, committed 32640K, reserved 1077248K
  class space    used 3706K, capacity 3870K, committed 3968K, reserved 1048576K
}
2015-09-09T15:08:57.602+0200: 432.775: Total time for which application threads were stopped: 0.0106668 seconds, Stopping threads took: 0.0000157 seconds
{Heap before GC invocations=90 (full 3):
 par new generation   total 109248K, used 109248K [0x00000000e0000000, 0x00000000e8000000, 0x00000000e8000000)
  eden space 87424K, 100% used [0x00000000e0000000, 0x00000000e5560000, 0x00000000e5560000)
  from space 21824K, 100% used [0x00000000e5560000, 0x00000000e6ab0000, 0x00000000e6ab0000)
  to   space 21824K,   0% used [0x00000000e6ab0000, 0x00000000e6ab0000, 0x00000000e8000000)
 concurrent mark-sweep generation total 393216K, used 117637K [0x00000000e8000000, 0x0000000100000000, 0x0000000100000000)
 Metaspace       used 31876K, capacity 32236K, committed 32640K, reserved 1077248K
  class space    used 3706K, capacity 3870K, committed 3968K, reserved 1048576K
2015-09-09T15:08:57.891+0200: 433.064: [GC (Allocation Failure) 433.064: [ParNew
Desired survivor size 20112992 bytes, new threshold 7 (max 8)
- age   1:    6487048 bytes,    6487048 total
- age   2:    5230920 bytes,   11717968 total
- age   3:    1220792 bytes,   12938760 total
- age   4:     667416 bytes,   13606176 total
- age   5:    1131408 bytes,   14737584 total
- age   6:     910256 bytes,   15647840 total
- age   7:    5204256 bytes,   20852096 total
- age   8:    1029192 bytes,   21881288 total
: 109248K->21824K(109248K), 0.0089551 secs] 226885K->141546K(502464K), 0.0090012 secs] [Times: user=0.06 sys=0.00, real=0.01 secs] 
Heap after GC invocations=91 (full 3):
 par new generation   total 109248K, used 21824K [0x00000000e0000000, 0x00000000e8000000, 0x00000000e8000000)
  eden space 87424K,   0% used [0x00000000e0000000, 0x00000000e0000000, 0x00000000e5560000)
  from space 21824K, 100% used [0x00000000e6ab0000, 0x00000000e8000000, 0x00000000e8000000)
  to   space 21824K,   0% used [0x00000000e5560000, 0x00000000e5560000, 0x00000000e6ab0000)
 concurrent mark-sweep generation total 393216K, used 119722K [0x00000000e8000000, 0x0000000100000000, 0x0000000100000000)
 Metaspace       used 31876K, capacity 32236K, committed 32640K, reserved 1077248K
  class space    used 3706K, capacity 3870K, committed 3968K, reserved 1048576K
}
2015-09-09T15:08:57.900+0200: 433.073: Total time for which application threads were stopped: 0.0091465 seconds, Stopping threads took: 0.0000141 seconds
{Heap before GC invocations=91 (full 3):
 par new generation   total 109248K, used 109248K [0x00000000e0000000, 0x00000000e8000000, 0x00000000e8000000)
  eden space 87424K, 100% used [0x00000000e0000000, 0x00000000e5560000, 0x00000000e5560000)
  from space 21824K, 100% used [0x00000000e6ab0000, 0x00000000e8000000, 0x00000000e8000000)
  to   space 21824K,   0% used [0x00000000e5560000, 0x00000000e5560000, 0x00000000e6ab0000)
 concurrent mark-sweep generation total 393216K, used 119722K [0x00000000e8000000, 0x0000000100000000, 0x0000000100000000)
 Metaspace       used 31876K, capacity 32236K, committed 32640K, reserved 1077248K
  class space    used 3706K, capacity 3870K, committed 3968K, reserved 1048576K
2015-09-09T15:08:58.198+0200: 433.371: [GC (Allocation Failure) 433.371: [ParNew
Desired survivor size 20112992 bytes, new threshold 8 (max 8)
- age   1:    2921264 bytes,    2921264 total
- age   2:    6486504 bytes,    9407768 total
- age   3:    5230896 bytes,   14638664 total
- age   4:    1067448 bytes,   15706112 total
- age   5:     667416 bytes,   16373528 total
- age   6:    1131408 bytes,   17504936 total
- age   7:     910256 bytes,   18415192 total
: 109248K->21824K(109248K), 0.0090700 secs] 228970K->147655K(502464K), 0.0091180 secs] [Times: user=0.06 sys=0.00, real=0.01 secs] 
Heap after GC invocations=92 (full 3):
 par new generation   total 109248K, used 21824K [0x00000000e0000000, 0x00000000e8000000, 0x00000000e8000000)
  eden space 87424K,   0% used [0x00000000e0000000, 0x00000000e0000000, 0x00000000e5560000)
  from space 21824K, 100% used [0x00000000e5560000, 0x00000000e6ab0000, 0x00000000e6ab0000)
  to   space 21824K,   0% used [0x00000000e6ab0000, 0x00000000e6ab0000, 0x00000000e8000000)
 concurrent mark-sweep generation total 393216K, used 125831K [0x00000000e8000000, 0x0000000100000000, 0x0000000100000000)
 Metaspace       used 31876K, capacity 32236K, committed 32640K, reserved 1077248K
  class space    used 3706K, capacity 3870K, committed 3968K, reserved 1048576K
}
2015-09-09T15:08:58.208+0200: 433.380: Total time for which application threads were stopped: 0.0092598 seconds, Stopping threads took: 0.0000150 seconds
{Heap before GC invocations=92 (full 3):
 par new generation   total 109248K, used 109248K [0x00000000e0000000, 0x00000000e8000000, 0x00000000e8000000)
  eden space 87424K, 100% used [0x00000000e0000000, 0x00000000e5560000, 0x00000000e5560000)
  from space 21824K, 100% used [0x00000000e5560000, 0x00000000e6ab0000, 0x00000000e6ab0000)
  to   space 21824K,   0% used [0x00000000e6ab0000, 0x00000000e6ab0000, 0x00000000e8000000)
 concurrent mark-sweep generation total 393216K, used 125831K [0x00000000e8000000, 0x0000000100000000, 0x0000000100000000)
 Metaspace       used 31876K, capacity 32236K, committed 32640K, reserved 1077248K
  class space    used 3706K, capacity 3870K, committed 3968K, reserved 1048576K
2015-09-09T15:08:58.506+0200: 433.679: [GC (Allocation Failure) 433.679: [ParNew
Desired survivor size 20112992 bytes, new threshold 7 (max 8)
- age   1:    3507128 bytes,    3507128 total
- age   2:    2919056 bytes,    6426184 total
- age   3:    6486504 bytes,   12912688 total
- age   4:    5230896 bytes,   18143584 total
- age   5:     902096 bytes,   19045680 total
- age   6:     667416 bytes,   19713096 total
- age   7:    1131408 bytes,   20844504 total
- age   8:     910256 bytes,   21754760 total
: 109248K->21824K(109248K), 0.0084127 secs] 235079K->147655K(502464K), 0.0084601 secs] [Times: user=0.00 sys=0.00, real=0.01 secs] 
Heap after GC invocations=93 (full 3):
 par new generation   total 109248K, used 21824K [0x00000000e0000000, 0x00000000e8000000, 0x00000000e8000000)
  eden space 87424K,   0% used [0x00000000e0000000, 0x00000000e0000000, 0x00000000e5560000)
  from space 21824K, 100% used [0x00000000e6ab0000, 0x00000000e8000000, 0x00000000e8000000)
  to   space 21824K,   0% used [0x00000000e5560000, 0x00000000e5560000, 0x00000000e6ab0000)
 concurrent mark-sweep generation total 393216K, used 125831K [0x00000000e8000000, 0x0000000100000000, 0x0000000100000000)
 Metaspace       used 31876K, capacity 32236K, committed 32640K, reserved 1077248K
  class space    used 3706K, capacity 3870K, committed 3968K, reserved 1048576K
}
2015-09-09T15:08:58.514+0200: 433.687: Total time for which application threads were stopped: 0.0086066 seconds, Stopping threads took: 0.0000147 seconds
{Heap before GC invocations=93 (full 3):
 par new generation   total 109248K, used 109248K [0x00000000e0000000, 0x00000000e8000000, 0x00000000e8000000)
  eden space 87424K, 100% used [0x00000000e0000000, 0x00000000e5560000, 0x00000000e5560000)
  from space 21824K, 100% used [0x00000000e6ab0000, 0x00000000e8000000, 0x00000000e8000000)
  to   space 21824K,   0% used [0x00000000e5560000, 0x00000000e5560000, 0x00000000e6ab0000)
 concurrent mark-sweep generation total 393216K, used 125831K [0x00000000e8000000, 0x0000000100000000, 0x0000000100000000)
 Metaspace       used 31876K, capacity 32236K, committed 32640K, reserved 1077248K
  class space    used 3706K, capacity 3870K, committed 3968K, reserved 1048576K
2015-09-09T15:08:58.767+0200: 433.940: [GC (Allocation Failure) 433.940: [ParNew
Desired survivor size 20112992 bytes, new threshold 8 (max 8)
- age   1:    8215448 bytes,    8215448 total
- age   2:    1837568 bytes,   10053016 total
- age   3:    1090408 bytes,   11143424 total
- age   4:     878624 bytes,   12022048 total
- age   5:    3743536 bytes,   15765584 total
- age   6:     668528 bytes,   16434112 total
- age   7:     381304 bytes,   16815416 total
: 109248K->21824K(109248K), 0.0102069 secs] 235079K->164662K(502464K), 0.0102559 secs] [Times: user=0.00 sys=0.00, real=0.01 secs] 
Heap after GC invocations=94 (full 3):
 par new generation   total 109248K, used 21824K [0x00000000e0000000, 0x00000000e8000000, 0x00000000e8000000)
  eden space 87424K,   0% used [0x00000000e0000000, 0x00000000e0000000, 0x00000000e5560000)
  from space 21824K, 100% used [0x00000000e5560000, 0x00000000e6ab0000, 0x00000000e6ab0000)
  to   space 21824K,   0% used [0x00000000e6ab0000, 0x00000000e6ab0000, 0x00000000e8000000)
 concurrent mark-sweep generation total 393216K, used 142838K [0x00000000e8000000, 0x0000000100000000, 0x0000000100000000)
 Metaspace       used 31876K, capacity 32236K, committed 32640K, reserved 1077248K
  class space    used 3706K, capacity 3870K, committed 3968K, reserved 1048576K
}
2015-09-09T15:08:58.777+0200: 433.950: Total time for which application threads were stopped: 0.0104015 seconds, Stopping threads took: 0.0000150 seconds
{Heap before GC invocations=94 (full 3):
 par new generation   total 109248K, used 109248K [0x00000000e0000000, 0x00000000e8000000, 0x00000000e8000000)
  eden space 87424K, 100% used [0x00000000e0000000, 0x00000000e5560000, 0x00000000e5560000)
  from space 21824K, 100% used [0x00000000e5560000, 0x00000000e6ab0000, 0x00000000e6ab0000)
  to   space 21824K,   0% used [0x00000000e6ab0000, 0x00000000e6ab0000, 0x00000000e8000000)
 concurrent mark-sweep generation total 393216K, used 142838K [0x00000000e8000000, 0x0000000100000000, 0x0000000100000000)
 Metaspace       used 31876K, capacity 32236K, committed 32640K, reserved 1077248K
  class space    used 3706K, capacity 3870K, committed 3968K, reserved 1048576K
2015-09-09T15:08:59.077+0200: 434.250: [GC (Allocation Failure) 434.250: [ParNew
Desired survivor size 20112992 bytes, new threshold 8 (max 8)
- age   1:    2790288 bytes,    2790288 total
- age   2:    8161896 bytes,   10952184 total
- age   3:    1837328 bytes,   12789512 total
- age   4:     921872 bytes,   13711384 total
- age   5:     878624 bytes,   14590008 total
- age   6:    3743512 bytes,   18333520 total
- age   7:     668528 bytes,   19002048 total
- age   8:     381304 bytes,   19383352 total
: 109248K->20398K(109248K), 0.0082594 secs] 252086K->163236K(502464K), 0.0083074 secs] [Times: user=0.06 sys=0.00, real=0.01 secs] 
Heap after GC invocations=95 (full 3):
 par new generation   total 109248K, used 20398K [0x00000000e0000000, 0x00000000e8000000, 0x00000000e8000000)
  eden space 87424K,   0% used [0x00000000e0000000, 0x00000000e0000000, 0x00000000e5560000)
  from space 21824K,  93% used [0x00000000e6ab0000, 0x00000000e7e9b940, 0x00000000e8000000)
  to   space 21824K,   0% used [0x00000000e5560000, 0x00000000e5560000, 0x00000000e6ab0000)
 concurrent mark-sweep generation total 393216K, used 142838K [0x00000000e8000000, 0x0000000100000000, 0x0000000100000000)
 Metaspace       used 31876K, capacity 32236K, committed 32640K, reserved 1077248K
  class space    used 3706K, capacity 3870K, committed 3968K, reserved 1048576K
}
2015-09-09T15:08:59.085+0200: 434.258: Total time for which application threads were stopped: 0.0084946 seconds, Stopping threads took: 0.0000429 seconds
{Heap before GC invocations=95 (full 3):
 par new generation   total 109248K, used 107822K [0x00000000e0000000, 0x00000000e8000000, 0x00000000e8000000)
  eden space 87424K, 100% used [0x00000000e0000000, 0x00000000e5560000, 0x00000000e5560000)
  from space 21824K,  93% used [0x00000000e6ab0000, 0x00000000e7e9b940, 0x00000000e8000000)
  to   space 21824K,   0% used [0x00000000e5560000, 0x00000000e5560000, 0x00000000e6ab0000)
 concurrent mark-sweep generation total 393216K, used 142838K [0x00000000e8000000, 0x0000000100000000, 0x0000000100000000)
 Metaspace       used 31876K, capacity 32236K, committed 32640K, reserved 1077248K
  class space    used 3706K, capacity 3870K, committed 3968K, reserved 1048576K
2015-09-09T15:08:59.386+0200: 434.559: [GC (Allocation Failure) 434.559: [ParNew
Desired survivor size 20112992 bytes, new threshold 8 (max 8)
- age   1:    1758704 bytes,    1758704 total
- age   2:    2471416 bytes,    4230120 total
- age   3:    8019992 bytes,   12250112 total
- age   4:    1704696 bytes,   13954808 total
- age   5:     792880 bytes,   14747688 total
- age   6:     843128 bytes,   15590816 total
- age   7:    3706800 bytes,   19297616 total
- age   8:     646040 bytes,   19943656 total
: 107822K->21824K(109248K), 0.0095087 secs] 250660K->166735K(502464K), 0.0095554 secs] [Times: user=0.06 sys=0.00, real=0.01 secs] 
Heap after GC invocations=96 (full 3):
 par new generation   total 109248K, used 21824K [0x00000000e0000000, 0x00000000e8000000, 0x00000000e8000000)
  eden space 87424K,   0% used [0x00000000e0000000, 0x00000000e0000000, 0x00000000e5560000)
  from space 21824K, 100% used [0x00000000e5560000, 0x00000000e6ab0000, 0x00000000e6ab0000)
  to   space 21824K,   0% used [0x00000000e6ab0000, 0x00000000e6ab0000, 0x00000000e8000000)
 concurrent mark-sweep generation total 393216K, used 144911K [0x00000000e8000000, 0x0000000100000000, 0x0000000100000000)
 Metaspace       used 31876K, capacity 32236K, committed 32640K, reserved 1077248K
  class space    used 3706K, capacity 3870K, committed 3968K, reserved 1048576K
}
2015-09-09T15:08:59.396+0200: 434.569: Total time for which application threads were stopped: 0.0097023 seconds, Stopping threads took: 0.0000144 seconds
{Heap before GC invocations=96 (full 3):
 par new generation   total 109248K, used 109248K [0x00000000e0000000, 0x00000000e8000000, 0x00000000e8000000)
  eden space 87424K, 100% used [0x00000000e0000000, 0x00000000e5560000, 0x00000000e5560000)
  from space 21824K, 100% used [0x00000000e5560000, 0x00000000e6ab0000, 0x00000000e6ab0000)
  to   space 21824K,   0% used [0x00000000e6ab0000, 0x00000000e6ab0000, 0x00000000e8000000)
 concurrent mark-sweep generation total 393216K, used 144911K [0x00000000e8000000, 0x0000000100000000, 0x0000000100000000)
 Metaspace       used 31876K, capacity 32236K, committed 32640K, reserved 1077248K
  class space    used 3706K, capacity 3870K, committed 3968K, reserved 1048576K
2015-09-09T15:08:59.682+0200: 434.855: [GC (Allocation Failure) 434.855: [ParNew
Desired survivor size 20112992 bytes, new threshold 8 (max 8)
- age   1:    5645608 bytes,    5645608 total
- age   2:    1156440 bytes,    6802048 total
- age   3:    1348416 bytes,    8150464 total
- age   4:    2164832 bytes,   10315296 total
- age   5:    1670608 bytes,   11985904 total
- age   6:     758272 bytes,   12744176 total
- age   7:     730984 bytes,   13475160 total
- age   8:    3692408 bytes,   17167568 total
: 109248K->21824K(109248K), 0.0100284 secs] 254159K->173492K(502464K), 0.0100773 secs] [Times: user=0.06 sys=0.00, real=0.01 secs] 
Heap after GC invocations=97 (full 3):
 par new generation   total 109248K, used 21824K [0x00000000e0000000, 0x00000000e8000000, 0x00000000e8000000)
  eden space 87424K,   0% used [0x00000000e0000000, 0x00000000e0000000, 0x00000000e5560000)
  from space 21824K, 100% used [0x00000000e6ab0000, 0x00000000e8000000, 0x00000000e8000000)
  to   space 21824K,   0% used [0x00000000e5560000, 0x00000000e5560000, 0x00000000e6ab0000)
 concurrent mark-sweep generation total 393216K, used 151668K [0x00000000e8000000, 0x0000000100000000, 0x0000000100000000)
 Metaspace       used 31876K, capacity 32236K, committed 32640K, reserved 1077248K
  class space    used 3706K, capacity 3870K, committed 3968K, reserved 1048576K
}
2015-09-09T15:08:59.692+0200: 434.865: Total time for which application threads were stopped: 0.0102421 seconds, Stopping threads took: 0.0000250 seconds
{Heap before GC invocations=97 (full 3):
 par new generation   total 109248K, used 109248K [0x00000000e0000000, 0x00000000e8000000, 0x00000000e8000000)
  eden space 87424K, 100% used [0x00000000e0000000, 0x00000000e5560000, 0x00000000e5560000)
  from space 21824K, 100% used [0x00000000e6ab0000, 0x00000000e8000000, 0x00000000e8000000)
  to   space 21824K,   0% used [0x00000000e5560000, 0x00000000e5560000, 0x00000000e6ab0000)
 concurrent mark-sweep generation total 393216K, used 151668K [0x00000000e8000000, 0x0000000100000000, 0x0000000100000000)
 Metaspace       used 31876K, capacity 32236K, committed 32640K, reserved 1077248K
  class space    used 3706K, capacity 3870K, committed 3968K, reserved 1048576K
2015-09-09T15:08:59.995+0200: 435.168: [GC (Allocation Failure) 435.168: [ParNew
Desired survivor size 20112992 bytes, new threshold 8 (max 8)
- age   1:    3912256 bytes,    3912256 total
- age   2:    5645400 bytes,    9557656 total
- age   3:    1156464 bytes,   10714120 total
- age   4:    1348416 bytes,   12062536 total
- age   5:    2163792 bytes,   14226328 total
- age   6:     740816 bytes,   14967144 total
- age   7:     758344 bytes,   15725488 total
- age   8:     731032 bytes,   16456520 total
: 109248K->19650K(109248K), 0.0124060 secs] 260916K->174943K(502464K), 0.0124546 secs] [Times: user=0.05 sys=0.00, real=0.01 secs] 
Heap after GC invocations=98 (full 3):
 par new generation   total 109248K, used 19650K [0x00000000e0000000, 0x00000000e8000000, 0x00000000e8000000)
  eden space 87424K,   0% used [0x00000000e0000000, 0x00000000e0000000, 0x00000000e5560000)
  from space 21824K,  90% used [0x00000000e5560000, 0x00000000e6890ab8, 0x00000000e6ab0000)
  to   space 21824K,   0% used [0x00000000e6ab0000, 0x00000000e6ab0000, 0x00000000e8000000)
 concurrent mark-sweep generation total 393216K, used 155293K [0x00000000e8000000, 0x0000000100000000, 0x0000000100000000)
 Metaspace       used 31876K, capacity 32236K, committed 32640K, reserved 1077248K
  class space    used 3706K, capacity 3870K, committed 3968K, reserved 1048576K
}
2015-09-09T15:09:00.008+0200: 435.181: Total time for which application threads were stopped: 0.0126056 seconds, Stopping threads took: 0.0000150 seconds
2015-09-09T15:09:01.008+0200: 436.181: Total time for which application threads were stopped: 0.0001750 seconds, Stopping threads took: 0.0000922 seconds
2015-09-09T15:09:01.084+0200: 436.257: Total time for which application threads were stopped: 0.0000653 seconds, Stopping threads took: 0.0000138 seconds
{Heap before GC invocations=98 (full 3):
 par new generation   total 109248K, used 107074K [0x00000000e0000000, 0x00000000e8000000, 0x00000000e8000000)
  eden space 87424K, 100% used [0x00000000e0000000, 0x00000000e5560000, 0x00000000e5560000)
  from space 21824K,  90% used [0x00000000e5560000, 0x00000000e6890ab8, 0x00000000e6ab0000)
  to   space 21824K,   0% used [0x00000000e6ab0000, 0x00000000e6ab0000, 0x00000000e8000000)
 concurrent mark-sweep generation total 393216K, used 155293K [0x00000000e8000000, 0x0000000100000000, 0x0000000100000000)
 Metaspace       used 31876K, capacity 32236K, committed 32640K, reserved 1077248K
  class space    used 3706K, capacity 3870K, committed 3968K, reserved 1048576K
2015-09-09T15:09:01.110+0200: 436.283: [GC (Allocation Failure) 436.283: [ParNew
Desired survivor size 20112992 bytes, new threshold 8 (max 8)
- age   1:    6814360 bytes,    6814360 total
- age   2:    3574960 bytes,   10389320 total
- age   3:    5563960 bytes,   15953280 total
- age   4:    1074792 bytes,   17028072 total
- age   5:    1269264 bytes,   18297336 total
- age   6:     568840 bytes,   18866176 total
- age   7:     683096 bytes,   19549272 total
- age   8:     702288 bytes,   20251560 total
: 107074K->21824K(109248K), 0.0095951 secs] 262367K->188066K(502464K), 0.0096447 secs] [Times: user=0.00 sys=0.00, real=0.01 secs] 
Heap after GC invocations=99 (full 3):
 par new generation   total 109248K, used 21824K [0x00000000e0000000, 0x00000000e8000000, 0x00000000e8000000)
  eden space 87424K,   0% used [0x00000000e0000000, 0x00000000e0000000, 0x00000000e5560000)
  from space 21824K, 100% used [0x00000000e6ab0000, 0x00000000e8000000, 0x00000000e8000000)
  to   space 21824K,   0% used [0x00000000e5560000, 0x00000000e5560000, 0x00000000e6ab0000)
 concurrent mark-sweep generation total 393216K, used 166242K [0x00000000e8000000, 0x0000000100000000, 0x0000000100000000)
 Metaspace       used 31876K, capacity 32236K, committed 32640K, reserved 1077248K
  class space    used 3706K, capacity 3870K, committed 3968K, reserved 1048576K
}
2015-09-09T15:09:01.119+0200: 436.292: Total time for which application threads were stopped: 0.0098252 seconds, Stopping threads took: 0.0000282 seconds
{Heap before GC invocations=99 (full 3):
 par new generation   total 109248K, used 109248K [0x00000000e0000000, 0x00000000e8000000, 0x00000000e8000000)
  eden space 87424K, 100% used [0x00000000e0000000, 0x00000000e5560000, 0x00000000e5560000)
  from space 21824K, 100% used [0x00000000e6ab0000, 0x00000000e8000000, 0x00000000e8000000)
  to   space 21824K,   0% used [0x00000000e5560000, 0x00000000e5560000, 0x00000000e6ab0000)
 concurrent mark-sweep generation total 393216K, used 166242K [0x00000000e8000000, 0x0000000100000000, 0x0000000100000000)
 Metaspace       used 31876K, capacity 32236K, committed 32640K, reserved 1077248K
  class space    used 3706K, capacity 3870K, committed 3968K, reserved 1048576K
2015-09-09T15:09:01.196+0200: 436.369: [GC (Allocation Failure) 436.369: [ParNew
Desired survivor size 20112992 bytes, new threshold 8 (max 8)
- age   1:        792 bytes,        792 total
- age   2:    4997536 bytes,    4998328 total
- age   3:    3345808 bytes,    8344136 total
- age   4:    5521848 bytes,   13865984 total
- age   5:    1063600 bytes,   14929584 total
- age   6:    1257200 bytes,   16186784 total
- age   7:     563336 bytes,   16750120 total
- age   8:     675208 bytes,   17425328 total
: 109248K->21824K(109248K), 0.0084066 secs] 275490K->190924K(502464K), 0.0084534 secs] [Times: user=0.06 sys=0.00, real=0.01 secs] 
Heap after GC invocations=100 (full 3):
 par new generation   total 109248K, used 21824K [0x00000000e0000000, 0x00000000e8000000, 0x00000000e8000000)
  eden space 87424K,   0% used [0x00000000e0000000, 0x00000000e0000000, 0x00000000e5560000)
  from space 21824K, 100% used [0x00000000e5560000, 0x00000000e6ab0000, 0x00000000e6ab0000)
  to   space 21824K,   0% used [0x00000000e6ab0000, 0x00000000e6ab0000, 0x00000000e8000000)
 concurrent mark-sweep generation total 393216K, used 169100K [0x00000000e8000000, 0x0000000100000000, 0x0000000100000000)
 Metaspace       used 31876K, capacity 32236K, committed 32640K, reserved 1077248K
  class space    used 3706K, capacity 3870K, committed 3968K, reserved 1048576K
}
2015-09-09T15:09:01.205+0200: 436.378: Total time for which application threads were stopped: 0.0086134 seconds, Stopping threads took: 0.0000160 seconds
{Heap before GC invocations=100 (full 3):
 par new generation   total 109248K, used 109248K [0x00000000e0000000, 0x00000000e8000000, 0x00000000e8000000)
  eden space 87424K, 100% used [0x00000000e0000000, 0x00000000e5560000, 0x00000000e5560000)
  from space 21824K, 100% used [0x00000000e5560000, 0x00000000e6ab0000, 0x00000000e6ab0000)
  to   space 21824K,   0% used [0x00000000e6ab0000, 0x00000000e6ab0000, 0x00000000e8000000)
 concurrent mark-sweep generation total 393216K, used 169100K [0x00000000e8000000, 0x0000000100000000, 0x0000000100000000)
 Metaspace       used 31876K, capacity 32236K, committed 32640K, reserved 1077248K
  class space    used 3706K, capacity 3870K, committed 3968K, reserved 1048576K
2015-09-09T15:09:01.299+0200: 436.472: [GC (Allocation Failure) 436.472: [ParNew
Desired survivor size 20112992 bytes, new threshold 8 (max 8)
- age   1:      91952 bytes,      91952 total
- age   2:        112 bytes,      92064 total
- age   3:    3267616 bytes,    3359680 total
- age   4:    3255792 bytes,    6615472 total
- age   5:    5496168 bytes,   12111640 total
- age   6:    1033360 bytes,   13145000 total
- age   7:    1224744 bytes,   14369744 total
- age   8:     538680 bytes,   14908424 total
: 109248K->21824K(109248K), 0.0080422 secs] 278348K->193568K(502464K), 0.0080882 secs] [Times: user=0.00 sys=0.00, real=0.01 secs] 
Heap after GC invocations=101 (full 3):
 par new generation   total 109248K, used 21824K [0x00000000e0000000, 0x00000000e8000000, 0x00000000e8000000)
  eden space 87424K,   0% used [0x00000000e0000000, 0x00000000e0000000, 0x00000000e5560000)
  from space 21824K, 100% used [0x00000000e6ab0000, 0x00000000e8000000, 0x00000000e8000000)
  to   space 21824K,   0% used [0x00000000e5560000, 0x00000000e5560000, 0x00000000e6ab0000)
 concurrent mark-sweep generation total 393216K, used 171744K [0x00000000e8000000, 0x0000000100000000, 0x0000000100000000)
 Metaspace       used 31876K, capacity 32236K, committed 32640K, reserved 1077248K
  class space    used 3706K, capacity 3870K, committed 3968K, reserved 1048576K
}
2015-09-09T15:09:01.307+0200: 436.480: Total time for which application threads were stopped: 0.0082431 seconds, Stopping threads took: 0.0000150 seconds
{Heap before GC invocations=101 (full 3):
 par new generation   total 109248K, used 109248K [0x00000000e0000000, 0x00000000e8000000, 0x00000000e8000000)
  eden space 87424K, 100% used [0x00000000e0000000, 0x00000000e5560000, 0x00000000e5560000)
  from space 21824K, 100% used [0x00000000e6ab0000, 0x00000000e8000000, 0x00000000e8000000)
  to   space 21824K,   0% used [0x00000000e5560000, 0x00000000e5560000, 0x00000000e6ab0000)
 concurrent mark-sweep generation total 393216K, used 171744K [0x00000000e8000000, 0x0000000100000000, 0x0000000100000000)
 Metaspace       used 31876K, capacity 32236K, committed 32640K, reserved 1077248K
  class space    used 3706K, capacity 3870K, committed 3968K, reserved 1048576K
2015-09-09T15:09:01.444+0200: 436.617: [GC (Allocation Failure) 436.617: [ParNew
Desired survivor size 20112992 bytes, new threshold 8 (max 8)
- age   1:      62088 bytes,      62088 total
- age   2:      27192 bytes,      89280 total
- age   3:        112 bytes,      89392 total
- age   4:    3267616 bytes,    3357008 total
- age   5:    3255792 bytes,    6612800 total
- age   6:    5496168 bytes,   12108968 total
- age   7:    1033360 bytes,   13142328 total
- age   8:    1224744 bytes,   14367072 total
: 109248K->19495K(109248K), 0.0069372 secs] 280992K->191781K(502464K), 0.0069932 secs] [Times: user=0.06 sys=0.00, real=0.01 secs] 
Heap after GC invocations=102 (full 3):
 par new generation   total 109248K, used 19495K [0x00000000e0000000, 0x00000000e8000000, 0x00000000e8000000)
  eden space 87424K,   0% used [0x00000000e0000000, 0x00000000e0000000, 0x00000000e5560000)
  from space 21824K,  89% used [0x00000000e5560000, 0x00000000e6869d18, 0x00000000e6ab0000)
  to   space 21824K,   0% used [0x00000000e6ab0000, 0x00000000e6ab0000, 0x00000000e8000000)
 concurrent mark-sweep generation total 393216K, used 172286K [0x00000000e8000000, 0x0000000100000000, 0x0000000100000000)
 Metaspace       used 31876K, capacity 32236K, committed 32640K, reserved 1077248K
  class space    used 3706K, capacity 3870K, committed 3968K, reserved 1048576K
}
2015-09-09T15:09:01.451+0200: 436.624: Total time for which application threads were stopped: 0.0071980 seconds, Stopping threads took: 0.0000154 seconds
{Heap before GC invocations=102 (full 3):
 par new generation   total 109248K, used 106919K [0x00000000e0000000, 0x00000000e8000000, 0x00000000e8000000)
  eden space 87424K, 100% used [0x00000000e0000000, 0x00000000e5560000, 0x00000000e5560000)
  from space 21824K,  89% used [0x00000000e5560000, 0x00000000e6869d18, 0x00000000e6ab0000)
  to   space 21824K,   0% used [0x00000000e6ab0000, 0x00000000e6ab0000, 0x00000000e8000000)
 concurrent mark-sweep generation total 393216K, used 172286K [0x00000000e8000000, 0x0000000100000000, 0x0000000100000000)
 Metaspace       used 31876K, capacity 32236K, committed 32640K, reserved 1077248K
  class space    used 3706K, capacity 3870K, committed 3968K, reserved 1048576K
2015-09-09T15:09:01.589+0200: 436.763: [GC (Allocation Failure) 436.763: [ParNew
Desired survivor size 20112992 bytes, new threshold 8 (max 8)
- age   1:     172136 bytes,     172136 total
- age   2:       9304 bytes,     181440 total
- age   4:        112 bytes,     181552 total
- age   5:    3267408 bytes,    3448960 total
- age   6:    3255792 bytes,    6704752 total
- age   7:    5496168 bytes,   12200920 total
- age   8:    1033360 bytes,   13234280 total
: 106919K->15696K(109248K), 0.0060044 secs] 279205K->189196K(502464K), 0.0060588 secs] [Times: user=0.00 sys=0.00, real=0.01 secs] 
Heap after GC invocations=103 (full 3):
 par new generation   total 109248K, used 15696K [0x00000000e0000000, 0x00000000e8000000, 0x00000000e8000000)
  eden space 87424K,   0% used [0x00000000e0000000, 0x00000000e0000000, 0x00000000e5560000)
  from space 21824K,  71% used [0x00000000e6ab0000, 0x00000000e7a04238, 0x00000000e8000000)
  to   space 21824K,   0% used [0x00000000e5560000, 0x00000000e5560000, 0x00000000e6ab0000)
 concurrent mark-sweep generation total 393216K, used 173500K [0x00000000e8000000, 0x0000000100000000, 0x0000000100000000)
 Metaspace       used 31876K, capacity 32236K, committed 32640K, reserved 1077248K
  class space    used 3706K, capacity 3870K, committed 3968K, reserved 1048576K
}
2015-09-09T15:09:01.596+0200: 436.769: Total time for which application threads were stopped: 0.0062409 seconds, Stopping threads took: 0.0000253 seconds
{Heap before GC invocations=103 (full 3):
 par new generation   total 109248K, used 103120K [0x00000000e0000000, 0x00000000e8000000, 0x00000000e8000000)
  eden space 87424K, 100% used [0x00000000e0000000, 0x00000000e5560000, 0x00000000e5560000)
  from space 21824K,  71% used [0x00000000e6ab0000, 0x00000000e7a04238, 0x00000000e8000000)
  to   space 21824K,   0% used [0x00000000e5560000, 0x00000000e5560000, 0x00000000e6ab0000)
 concurrent mark-sweep generation total 393216K, used 173500K [0x00000000e8000000, 0x0000000100000000, 0x0000000100000000)
 Metaspace       used 31877K, capacity 32236K, committed 32640K, reserved 1077248K
  class space    used 3706K, capacity 3870K, committed 3968K, reserved 1048576K
2015-09-09T15:09:01.666+0200: 436.839: [GC (Allocation Failure) 436.839: [ParNew
Desired survivor size 20112992 bytes, new threshold 8 (max 8)
- age   1:     113056 bytes,     113056 total
- age   2:      93784 bytes,     206840 total
- age   3:       9304 bytes,     216144 total
- age   5:        112 bytes,     216256 total
- age   6:    3267408 bytes,    3483664 total
- age   7:    3255792 bytes,    6739456 total
- age   8:    5496168 bytes,   12235624 total
: 103120K->15028K(109248K), 0.0056873 secs] 276620K->189556K(502464K), 0.0057353 secs] [Times: user=0.06 sys=0.00, real=0.01 secs] 
Heap after GC invocations=104 (full 3):
 par new generation   total 109248K, used 15028K [0x00000000e0000000, 0x00000000e8000000, 0x00000000e8000000)
  eden space 87424K,   0% used [0x00000000e0000000, 0x00000000e0000000, 0x00000000e5560000)
  from space 21824K,  68% used [0x00000000e5560000, 0x00000000e640d2c0, 0x00000000e6ab0000)
  to   space 21824K,   0% used [0x00000000e6ab0000, 0x00000000e6ab0000, 0x00000000e8000000)
 concurrent mark-sweep generation total 393216K, used 174527K [0x00000000e8000000, 0x0000000100000000, 0x0000000100000000)
 Metaspace       used 31877K, capacity 32236K, committed 32640K, reserved 1077248K
  class space    used 3706K, capacity 3870K, committed 3968K, reserved 1048576K
}
2015-09-09T15:09:01.672+0200: 436.845: Total time for which application threads were stopped: 0.0058892 seconds, Stopping threads took: 0.0000150 seconds
2015-09-09T15:09:01.763+0200: 436.936: Total time for which application threads were stopped: 0.0000813 seconds, Stopping threads took: 0.0000237 seconds
2015-09-09T15:09:01.764+0200: 436.937: Total time for which application threads were stopped: 0.0001030 seconds, Stopping threads took: 0.0000672 seconds
2015-09-09T15:09:01.764+0200: 436.937: Total time for which application threads were stopped: 0.0000486 seconds, Stopping threads took: 0.0000070 seconds
{Heap before GC invocations=104 (full 3):
 par new generation   total 109248K, used 102452K [0x00000000e0000000, 0x00000000e8000000, 0x00000000e8000000)
  eden space 87424K, 100% used [0x00000000e0000000, 0x00000000e5560000, 0x00000000e5560000)
  from space 21824K,  68% used [0x00000000e5560000, 0x00000000e640d2c0, 0x00000000e6ab0000)
  to   space 21824K,   0% used [0x00000000e6ab0000, 0x00000000e6ab0000, 0x00000000e8000000)
 concurrent mark-sweep generation total 393216K, used 174527K [0x00000000e8000000, 0x0000000100000000, 0x0000000100000000)
 Metaspace       used 31884K, capacity 32236K, committed 32640K, reserved 1077248K
  class space    used 3706K, capacity 3870K, committed 3968K, reserved 1048576K
2015-09-09T15:09:01.827+0200: 437.000: [GC (Allocation Failure) 437.000: [ParNew
Desired survivor size 20112992 bytes, new threshold 8 (max 8)
- age   1:    1328416 bytes,    1328416 total
- age   2:        568 bytes,    1328984 total
- age   3:      93784 bytes,    1422768 total
- age   4:       9304 bytes,    1432072 total
- age   6:        112 bytes,    1432184 total
- age   7:    3223928 bytes,    4656112 total
- age   8:    3182560 bytes,    7838672 total
: 102452K->8665K(109248K), 0.0054860 secs] 276980K->188505K(502464K), 0.0055331 secs] [Times: user=0.00 sys=0.00, real=0.01 secs] 
Heap after GC invocations=105 (full 3):
 par new generation   total 109248K, used 8665K [0x00000000e0000000, 0x00000000e8000000, 0x00000000e8000000)
  eden space 87424K,   0% used [0x00000000e0000000, 0x00000000e0000000, 0x00000000e5560000)
  from space 21824K,  39% used [0x00000000e6ab0000, 0x00000000e73267e0, 0x00000000e8000000)
  to   space 21824K,   0% used [0x00000000e5560000, 0x00000000e5560000, 0x00000000e6ab0000)
 concurrent mark-sweep generation total 393216K, used 179839K [0x00000000e8000000, 0x0000000100000000, 0x0000000100000000)
 Metaspace       used 31884K, capacity 32236K, committed 32640K, reserved 1077248K
  class space    used 3706K, capacity 3870K, committed 3968K, reserved 1048576K
}
2015-09-09T15:09:01.832+0200: 437.005: Total time for which application threads were stopped: 0.0056809 seconds, Stopping threads took: 0.0000147 seconds
{Heap before GC invocations=105 (full 3):
 par new generation   total 109248K, used 96089K [0x00000000e0000000, 0x00000000e8000000, 0x00000000e8000000)
  eden space 87424K, 100% used [0x00000000e0000000, 0x00000000e5560000, 0x00000000e5560000)
  from space 21824K,  39% used [0x00000000e6ab0000, 0x00000000e73267e0, 0x00000000e8000000)
  to   space 21824K,   0% used [0x00000000e5560000, 0x00000000e5560000, 0x00000000e6ab0000)
 concurrent mark-sweep generation total 393216K, used 179839K [0x00000000e8000000, 0x0000000100000000, 0x0000000100000000)
 Metaspace       used 31884K, capacity 32236K, committed 32640K, reserved 1077248K
  class space    used 3706K, capacity 3870K, committed 3968K, reserved 1048576K
2015-09-09T15:09:02.096+0200: 437.269: [GC (Allocation Failure) 437.269: [ParNew
Desired survivor size 20112992 bytes, new threshold 8 (max 8)
- age   1:    5346192 bytes,    5346192 total
- age   2:     935272 bytes,    6281464 total
- age   3:        568 bytes,    6282032 total
- age   4:      93784 bytes,    6375816 total
- age   5:       9304 bytes,    6385120 total
- age   7:        112 bytes,    6385232 total
- age   8:    3223928 bytes,    9609160 total
: 96089K->11484K(109248K), 0.0067507 secs] 275929K->194443K(502464K), 0.0068006 secs] [Times: user=0.00 sys=0.00, real=0.01 secs] 
Heap after GC invocations=106 (full 3):
 par new generation   total 109248K, used 11484K [0x00000000e0000000, 0x00000000e8000000, 0x00000000e8000000)
  eden space 87424K,   0% used [0x00000000e0000000, 0x00000000e0000000, 0x00000000e5560000)
  from space 21824K,  52% used [0x00000000e5560000, 0x00000000e6097320, 0x00000000e6ab0000)
  to   space 21824K,   0% used [0x00000000e6ab0000, 0x00000000e6ab0000, 0x00000000e8000000)
 concurrent mark-sweep generation total 393216K, used 182959K [0x00000000e8000000, 0x0000000100000000, 0x0000000100000000)
 Metaspace       used 31884K, capacity 32236K, committed 32640K, reserved 1077248K
  class space    used 3706K, capacity 3870K, committed 3968K, reserved 1048576K
}
2015-09-09T15:09:02.103+0200: 437.276: Total time for which application threads were stopped: 0.0069417 seconds, Stopping threads took: 0.0000147 seconds
{Heap before GC invocations=106 (full 3):
 par new generation   total 109248K, used 98908K [0x00000000e0000000, 0x00000000e8000000, 0x00000000e8000000)
  eden space 87424K, 100% used [0x00000000e0000000, 0x00000000e5560000, 0x00000000e5560000)
  from space 21824K,  52% used [0x00000000e5560000, 0x00000000e6097320, 0x00000000e6ab0000)
  to   space 21824K,   0% used [0x00000000e6ab0000, 0x00000000e6ab0000, 0x00000000e8000000)
 concurrent mark-sweep generation total 393216K, used 182959K [0x00000000e8000000, 0x0000000100000000, 0x0000000100000000)
 Metaspace       used 31884K, capacity 32236K, committed 32640K, reserved 1077248K
  class space    used 3706K, capacity 3870K, committed 3968K, reserved 1048576K
2015-09-09T15:09:02.368+0200: 437.541: [GC (Allocation Failure) 437.541: [ParNew
Desired survivor size 20112992 bytes, new threshold 8 (max 8)
- age   1:    5470808 bytes,    5470808 total
- age   2:    3748240 bytes,    9219048 total
- age   3:     931584 bytes,   10150632 total
- age   4:        568 bytes,   10151200 total
- age   5:      93784 bytes,   10244984 total
- age   6:       9304 bytes,   10254288 total
- age   8:        112 bytes,   10254400 total
: 98908K->12158K(109248K), 0.0060143 secs] 281867K->198273K(502464K), 0.0060575 secs] [Times: user=0.06 sys=0.00, real=0.01 secs] 
Heap after GC invocations=107 (full 3):
 par new generation   total 109248K, used 12158K [0x00000000e0000000, 0x00000000e8000000, 0x00000000e8000000)
  eden space 87424K,   0% used [0x00000000e0000000, 0x00000000e0000000, 0x00000000e5560000)
  from space 21824K,  55% used [0x00000000e6ab0000, 0x00000000e768fba8, 0x00000000e8000000)
  to   space 21824K,   0% used [0x00000000e5560000, 0x00000000e5560000, 0x00000000e6ab0000)
 concurrent mark-sweep generation total 393216K, used 186114K [0x00000000e8000000, 0x0000000100000000, 0x0000000100000000)
 Metaspace       used 31884K, capacity 32236K, committed 32640K, reserved 1077248K
  class space    used 3706K, capacity 3870K, committed 3968K, reserved 1048576K
}
2015-09-09T15:09:02.374+0200: 437.547: Total time for which application threads were stopped: 0.0062115 seconds, Stopping threads took: 0.0000243 seconds
{Heap before GC invocations=107 (full 3):
 par new generation   total 109248K, used 99582K [0x00000000e0000000, 0x00000000e8000000, 0x00000000e8000000)
  eden space 87424K, 100% used [0x00000000e0000000, 0x00000000e5560000, 0x00000000e5560000)
  from space 21824K,  55% used [0x00000000e6ab0000, 0x00000000e768fba8, 0x00000000e8000000)
  to   space 21824K,   0% used [0x00000000e5560000, 0x00000000e5560000, 0x00000000e6ab0000)
 concurrent mark-sweep generation total 393216K, used 186114K [0x00000000e8000000, 0x0000000100000000, 0x0000000100000000)
 Metaspace       used 31884K, capacity 32236K, committed 32640K, reserved 1077248K
  class space    used 3706K, capacity 3870K, committed 3968K, reserved 1048576K
2015-09-09T15:09:02.649+0200: 437.823: [GC (Allocation Failure) 437.823: [ParNew
Desired survivor size 20112992 bytes, new threshold 8 (max 8)
- age   1:    5718112 bytes,    5718112 total
- age   2:    3275488 bytes,    8993600 total
- age   3:    3714168 bytes,   12707768 total
- age   4:     931584 bytes,   13639352 total
- age   5:        568 bytes,   13639920 total
- age   6:      93784 bytes,   13733704 total
- age   7:       9304 bytes,   13743008 total
: 99582K->14677K(109248K), 0.0057372 secs] 285697K->200791K(502464K), 0.0057855 secs] [Times: user=0.00 sys=0.02, real=0.01 secs] 
Heap after GC invocations=108 (full 3):
 par new generation   total 109248K, used 14677K [0x00000000e0000000, 0x00000000e8000000, 0x00000000e8000000)
  eden space 87424K,   0% used [0x00000000e0000000, 0x00000000e0000000, 0x00000000e5560000)
  from space 21824K,  67% used [0x00000000e5560000, 0x00000000e63b5590, 0x00000000e6ab0000)
  to   space 21824K,   0% used [0x00000000e6ab0000, 0x00000000e6ab0000, 0x00000000e8000000)
 concurrent mark-sweep generation total 393216K, used 186114K [0x00000000e8000000, 0x0000000100000000, 0x0000000100000000)
 Metaspace       used 31884K, capacity 32236K, committed 32640K, reserved 1077248K
  class space    used 3706K, capacity 3870K, committed 3968K, reserved 1048576K
}
2015-09-09T15:09:02.655+0200: 437.828: Total time for which application threads were stopped: 0.0059539 seconds, Stopping threads took: 0.0000150 seconds
{Heap before GC invocations=108 (full 3):
 par new generation   total 109248K, used 102101K [0x00000000e0000000, 0x00000000e8000000, 0x00000000e8000000)
  eden space 87424K, 100% used [0x00000000e0000000, 0x00000000e5560000, 0x00000000e5560000)
  from space 21824K,  67% used [0x00000000e5560000, 0x00000000e63b5590, 0x00000000e6ab0000)
  to   space 21824K,   0% used [0x00000000e6ab0000, 0x00000000e6ab0000, 0x00000000e8000000)
 concurrent mark-sweep generation total 393216K, used 186114K [0x00000000e8000000, 0x0000000100000000, 0x0000000100000000)
 Metaspace       used 31884K, capacity 32236K, committed 32640K, reserved 1077248K
  class space    used 3706K, capacity 3870K, committed 3968K, reserved 1048576K
2015-09-09T15:09:02.931+0200: 438.104: [GC (Allocation Failure) 438.104: [ParNew
Desired survivor size 20112992 bytes, new threshold 8 (max 8)
- age   1:    7124744 bytes,    7124744 total
- age   2:    3124280 bytes,   10249024 total
- age   3:    2661024 bytes,   12910048 total
- age   4:    3714168 bytes,   16624216 total
- age   5:     931584 bytes,   17555800 total
- age   6:        568 bytes,   17556368 total
- age   7:      93784 bytes,   17650152 total
- age   8:       9304 bytes,   17659456 total
: 102101K->18555K(109248K), 0.0073926 secs] 288215K->204669K(502464K), 0.0074393 secs] [Times: user=0.00 sys=0.00, real=0.01 secs] 
Heap after GC invocations=109 (full 3):
 par new generation   total 109248K, used 18555K [0x00000000e0000000, 0x00000000e8000000, 0x00000000e8000000)
  eden space 87424K,   0% used [0x00000000e0000000, 0x00000000e0000000, 0x00000000e5560000)
  from space 21824K,  85% used [0x00000000e6ab0000, 0x00000000e7cced80, 0x00000000e8000000)
  to   space 21824K,   0% used [0x00000000e5560000, 0x00000000e5560000, 0x00000000e6ab0000)
 concurrent mark-sweep generation total 393216K, used 186114K [0x00000000e8000000, 0x0000000100000000, 0x0000000100000000)
 Metaspace       used 31884K, capacity 32236K, committed 32640K, reserved 1077248K
  class space    used 3706K, capacity 3870K, committed 3968K, reserved 1048576K
}
2015-09-09T15:09:02.938+0200: 438.111: Total time for which application threads were stopped: 0.0076002 seconds, Stopping threads took: 0.0000310 seconds
2015-09-09T15:09:02.967+0200: 438.140: Total time for which application threads were stopped: 0.0000854 seconds, Stopping threads took: 0.0000355 seconds
2015-09-09T15:09:02.970+0200: 438.143: Total time for which application threads were stopped: 0.0000813 seconds, Stopping threads took: 0.0000336 seconds
2015-09-09T15:09:02.981+0200: 438.154: Total time for which application threads were stopped: 0.0000752 seconds, Stopping threads took: 0.0000259 seconds
2015-09-09T15:09:02.982+0200: 438.155: Total time for which application threads were stopped: 0.0000422 seconds, Stopping threads took: 0.0000157 seconds
2015-09-09T15:09:02.982+0200: 438.155: Total time for which application threads were stopped: 0.0000544 seconds, Stopping threads took: 0.0000301 seconds
2015-09-09T15:09:02.987+0200: 438.160: Total time for which application threads were stopped: 0.0000685 seconds, Stopping threads took: 0.0000176 seconds
2015-09-09T15:09:02.987+0200: 438.161: Total time for which application threads were stopped: 0.0000461 seconds, Stopping threads took: 0.0000182 seconds
2015-09-09T15:09:03.064+0200: 438.237: Total time for which application threads were stopped: 0.0000570 seconds, Stopping threads took: 0.0000128 seconds
{Heap before GC invocations=109 (full 3):
 par new generation   total 109248K, used 105979K [0x00000000e0000000, 0x00000000e8000000, 0x00000000e8000000)
  eden space 87424K, 100% used [0x00000000e0000000, 0x00000000e5560000, 0x00000000e5560000)
  from space 21824K,  85% used [0x00000000e6ab0000, 0x00000000e7cced80, 0x00000000e8000000)
  to   space 21824K,   0% used [0x00000000e5560000, 0x00000000e5560000, 0x00000000e6ab0000)
 concurrent mark-sweep generation total 393216K, used 186114K [0x00000000e8000000, 0x0000000100000000, 0x0000000100000000)
 Metaspace       used 31891K, capacity 32236K, committed 32640K, reserved 1077248K
  class space    used 3706K, capacity 3870K, committed 3968K, reserved 1048576K
2015-09-09T15:09:03.145+0200: 438.318: [GC (Allocation Failure) 438.318: [ParNew
Desired survivor size 20112992 bytes, new threshold 8 (max 8)
- age   1:    1049736 bytes,    1049736 total
- age   2:    6815016 bytes,    7864752 total
- age   3:    2992728 bytes,   10857480 total
- age   4:    2534160 bytes,   13391640 total
- age   5:    3589016 bytes,   16980656 total
- age   6:     879608 bytes,   17860264 total
- age   7:        568 bytes,   17860832 total
- age   8:      93784 bytes,   17954616 total
: 105979K->21824K(109248K), 0.0060591 secs] 292093K->207972K(502464K), 0.0061094 secs] [Times: user=0.05 sys=0.00, real=0.01 secs] 
Heap after GC invocations=110 (full 3):
 par new generation   total 109248K, used 21824K [0x00000000e0000000, 0x00000000e8000000, 0x00000000e8000000)
  eden space 87424K,   0% used [0x00000000e0000000, 0x00000000e0000000, 0x00000000e5560000)
  from space 21824K, 100% used [0x00000000e5560000, 0x00000000e6ab0000, 0x00000000e6ab0000)
  to   space 21824K,   0% used [0x00000000e6ab0000, 0x00000000e6ab0000, 0x00000000e8000000)
 concurrent mark-sweep generation total 393216K, used 186148K [0x00000000e8000000, 0x0000000100000000, 0x0000000100000000)
 Metaspace       used 31891K, capacity 32236K, committed 32640K, reserved 1077248K
  class space    used 3706K, capacity 3870K, committed 3968K, reserved 1048576K
}
2015-09-09T15:09:03.151+0200: 438.324: Total time for which application threads were stopped: 0.0062598 seconds, Stopping threads took: 0.0000160 seconds
2015-09-09T15:09:03.168+0200: 438.342: Total time for which application threads were stopped: 0.0001251 seconds, Stopping threads took: 0.0000781 seconds
2015-09-09T15:09:03.170+0200: 438.343: Total time for which application threads were stopped: 0.0001430 seconds, Stopping threads took: 0.0000774 seconds
2015-09-09T15:09:03.170+0200: 438.343: Total time for which application threads were stopped: 0.0000870 seconds, Stopping threads took: 0.0000570 seconds
2015-09-09T15:09:03.172+0200: 438.345: Total time for which application threads were stopped: 0.0000598 seconds, Stopping threads took: 0.0000195 seconds
2015-09-09T15:09:03.231+0200: 438.404: Total time for which application threads were stopped: 0.0000806 seconds, Stopping threads took: 0.0000221 seconds
2015-09-09T15:09:03.231+0200: 438.404: Total time for which application threads were stopped: 0.0000410 seconds, Stopping threads took: 0.0000102 seconds
2015-09-09T15:09:03.821+0200: 438.994: Total time for which application threads were stopped: 0.0000928 seconds, Stopping threads took: 0.0000141 seconds
2015-09-09T15:09:03.821+0200: 438.994: Total time for which application threads were stopped: 0.0000454 seconds, Stopping threads took: 0.0000173 seconds
2015-09-09T15:09:03.821+0200: 438.994: Total time for which application threads were stopped: 0.0000810 seconds, Stopping threads took: 0.0000416 seconds
2015-09-09T15:09:03.822+0200: 438.995: Total time for which application threads were stopped: 0.0001312 seconds, Stopping threads took: 0.0000768 seconds
2015-09-09T15:09:03.822+0200: 438.995: Total time for which application threads were stopped: 0.0000810 seconds, Stopping threads took: 0.0000403 seconds
2015-09-09T15:09:03.822+0200: 438.996: Total time for which application threads were stopped: 0.0000886 seconds, Stopping threads took: 0.0000320 seconds
2015-09-09T15:09:03.823+0200: 438.996: Total time for which application threads were stopped: 0.0000838 seconds, Stopping threads took: 0.0000307 seconds
2015-09-09T15:09:04.823+0200: 439.996: Total time for which application threads were stopped: 0.0000707 seconds, Stopping threads took: 0.0000256 seconds
2015-09-09T15:09:15.709+0200: 450.882: Total time for which application threads were stopped: 0.0000598 seconds, Stopping threads took: 0.0000128 seconds
2015-09-09T15:09:15.756+0200: 450.929: Total time for which application threads were stopped: 0.0000758 seconds, Stopping threads took: 0.0000138 seconds
2015-09-09T15:09:16.756+0200: 451.928: Total time for which application threads were stopped: 0.0000867 seconds, Stopping threads took: 0.0000259 seconds
2015-09-09T15:09:17.888+0200: 453.060: Total time for which application threads were stopped: 0.0000806 seconds, Stopping threads took: 0.0000266 seconds
2015-09-09T15:09:17.888+0200: 453.061: Total time for which application threads were stopped: 0.0000784 seconds, Stopping threads took: 0.0000246 seconds
2015-09-09T15:09:17.896+0200: 453.069: Total time for which application threads were stopped: 0.0001046 seconds, Stopping threads took: 0.0000144 seconds
2015-09-09T15:09:17.896+0200: 453.069: Total time for which application threads were stopped: 0.0000445 seconds, Stopping threads took: 0.0000064 seconds
2015-09-09T15:09:17.896+0200: 453.069: Total time for which application threads were stopped: 0.0000291 seconds, Stopping threads took: 0.0000054 seconds
2015-09-09T15:09:17.896+0200: 453.069: Total time for which application threads were stopped: 0.0000214 seconds, Stopping threads took: 0.0000038 seconds
2015-09-09T15:09:17.896+0200: 453.069: Total time for which application threads were stopped: 0.0000208 seconds, Stopping threads took: 0.0000035 seconds
2015-09-09T15:09:17.896+0200: 453.069: Total time for which application threads were stopped: 0.0000285 seconds, Stopping threads took: 0.0000102 seconds
2015-09-09T15:09:17.898+0200: 453.071: Total time for which application threads were stopped: 0.0000784 seconds, Stopping threads took: 0.0000157 seconds
2015-09-09T15:09:17.900+0200: 453.073: Total time for which application threads were stopped: 0.0001059 seconds, Stopping threads took: 0.0000461 seconds
2015-09-09T15:09:18.900+0200: 454.073: Total time for which application threads were stopped: 0.0000717 seconds, Stopping threads took: 0.0000243 seconds
2015-09-09T15:09:19.900+0200: 455.073: Total time for which application threads were stopped: 0.0000589 seconds, Stopping threads took: 0.0000157 seconds
2015-09-09T15:09:26.900+0200: 462.073: Total time for which application threads were stopped: 0.0000714 seconds, Stopping threads took: 0.0000278 seconds
2015-09-09T15:10:18.903+0200: 514.075: Total time for which application threads were stopped: 0.0000720 seconds, Stopping threads took: 0.0000272 seconds
2015-09-09T15:11:23.907+0200: 579.078: Total time for which application threads were stopped: 0.0000576 seconds, Stopping threads took: 0.0000150 seconds
2015-09-09T15:12:28.911+0200: 644.081: Total time for which application threads were stopped: 0.0000605 seconds, Stopping threads took: 0.0000157 seconds
2015-09-09T15:15:54.547+0200: 849.716: Total time for which application threads were stopped: 0.0001267 seconds, Stopping threads took: 0.0000138 seconds
2015-09-09T15:15:54.584+0200: 849.754: Total time for which application threads were stopped: 0.0000842 seconds, Stopping threads took: 0.0000173 seconds
2015-09-09T15:15:54.585+0200: 849.754: Total time for which application threads were stopped: 0.0000445 seconds, Stopping threads took: 0.0000112 seconds
2015-09-09T15:15:54.586+0200: 849.755: Total time for which application threads were stopped: 0.0000685 seconds, Stopping threads took: 0.0000144 seconds
2015-09-09T15:15:54.598+0200: 849.767: Total time for which application threads were stopped: 0.0000691 seconds, Stopping threads took: 0.0000163 seconds
2015-09-09T15:15:54.604+0200: 849.773: Total time for which application threads were stopped: 0.0001462 seconds, Stopping threads took: 0.0000150 seconds
2015-09-09T15:15:54.621+0200: 849.790: Total time for which application threads were stopped: 0.0000678 seconds, Stopping threads took: 0.0000157 seconds
2015-09-09T15:15:54.621+0200: 849.791: Total time for which application threads were stopped: 0.0000416 seconds, Stopping threads took: 0.0000090 seconds
2015-09-09T15:15:54.660+0200: 849.829: Total time for which application threads were stopped: 0.0000659 seconds, Stopping threads took: 0.0000150 seconds
2015-09-09T15:15:54.660+0200: 849.829: Total time for which application threads were stopped: 0.0000387 seconds, Stopping threads took: 0.0000090 seconds
2015-09-09T15:15:54.661+0200: 849.830: Total time for which application threads were stopped: 0.0000426 seconds, Stopping threads took: 0.0000147 seconds
2015-09-09T15:15:54.661+0200: 849.830: Total time for which application threads were stopped: 0.0000371 seconds, Stopping threads took: 0.0000125 seconds
2015-09-09T15:15:54.661+0200: 849.830: Total time for which application threads were stopped: 0.0000253 seconds, Stopping threads took: 0.0000064 seconds
2015-09-09T15:15:54.734+0200: 849.904: Total time for which application threads were stopped: 0.0000637 seconds, Stopping threads took: 0.0000150 seconds
2015-09-09T15:15:54.767+0200: 849.936: Total time for which application threads were stopped: 0.0000736 seconds, Stopping threads took: 0.0000163 seconds
2015-09-09T15:15:54.770+0200: 849.940: Total time for which application threads were stopped: 0.0001168 seconds, Stopping threads took: 0.0000662 seconds
2015-09-09T15:15:54.771+0200: 849.940: Total time for which application threads were stopped: 0.0000486 seconds, Stopping threads took: 0.0000195 seconds
2015-09-09T15:15:54.781+0200: 849.950: Total time for which application threads were stopped: 0.0000787 seconds, Stopping threads took: 0.0000147 seconds
2015-09-09T15:15:54.837+0200: 850.007: Total time for which application threads were stopped: 0.0000826 seconds, Stopping threads took: 0.0000221 seconds
2015-09-09T15:15:54.838+0200: 850.007: Total time for which application threads were stopped: 0.0000467 seconds, Stopping threads took: 0.0000176 seconds
2015-09-09T15:15:54.841+0200: 850.011: Total time for which application threads were stopped: 0.0001366 seconds, Stopping threads took: 0.0000797 seconds
2015-09-09T15:15:54.842+0200: 850.012: Total time for which application threads were stopped: 0.0000454 seconds, Stopping threads took: 0.0000093 seconds
2015-09-09T15:15:54.853+0200: 850.022: Total time for which application threads were stopped: 0.0000714 seconds, Stopping threads took: 0.0000134 seconds
2015-09-09T15:15:54.854+0200: 850.023: Total time for which application threads were stopped: 0.0000419 seconds, Stopping threads took: 0.0000083 seconds
2015-09-09T15:15:54.854+0200: 850.023: Total time for which application threads were stopped: 0.0000314 seconds, Stopping threads took: 0.0000064 seconds
2015-09-09T15:15:54.854+0200: 850.023: Total time for which application threads were stopped: 0.0000960 seconds, Stopping threads took: 0.0000067 seconds
2015-09-09T15:15:54.960+0200: 850.129: Total time for which application threads were stopped: 0.0000672 seconds, Stopping threads took: 0.0000131 seconds
2015-09-09T15:15:58.763+0200: 853.932: Total time for which application threads were stopped: 0.0000653 seconds, Stopping threads took: 0.0000157 seconds
2015-09-09T15:15:58.763+0200: 853.932: Total time for which application threads were stopped: 0.0000950 seconds, Stopping threads took: 0.0000528 seconds
2015-09-09T15:15:58.792+0200: 853.960: Total time for which application threads were stopped: 0.0000851 seconds, Stopping threads took: 0.0000221 seconds
2015-09-09T15:15:58.793+0200: 853.962: Total time for which application threads were stopped: 0.0000762 seconds, Stopping threads took: 0.0000157 seconds
2015-09-09T15:16:02.793+0200: 857.962: Total time for which application threads were stopped: 0.0000698 seconds, Stopping threads took: 0.0000243 seconds
2015-09-09T15:16:19.733+0200: 874.901: Total time for which application threads were stopped: 0.0000701 seconds, Stopping threads took: 0.0000144 seconds
2015-09-09T15:16:20.022+0200: 875.191: Total time for which application threads were stopped: 0.0000688 seconds, Stopping threads took: 0.0000134 seconds
2015-09-09T15:16:49.024+0200: 904.192: Total time for which application threads were stopped: 0.0000602 seconds, Stopping threads took: 0.0000154 seconds
2015-09-09T15:17:13.276+0200: 928.444: Total time for which application threads were stopped: 0.0000666 seconds, Stopping threads took: 0.0000147 seconds
2015-09-09T15:17:13.573+0200: 928.741: Total time for which application threads were stopped: 0.0000579 seconds, Stopping threads took: 0.0000128 seconds
2015-09-09T15:17:13.573+0200: 928.741: Total time for which application threads were stopped: 0.0000301 seconds, Stopping threads took: 0.0000048 seconds
2015-09-09T15:19:58.064+0200: 1093.231: Total time for which application threads were stopped: 0.0004982 seconds, Stopping threads took: 0.0000157 seconds
2015-09-09T15:19:58.064+0200: 1093.231: Total time for which application threads were stopped: 0.0000438 seconds, Stopping threads took: 0.0000083 seconds
2015-09-09T15:19:58.068+0200: 1093.235: Total time for which application threads were stopped: 0.0001568 seconds, Stopping threads took: 0.0000666 seconds
2015-09-09T15:19:58.076+0200: 1093.243: Total time for which application threads were stopped: 0.0000819 seconds, Stopping threads took: 0.0000154 seconds
2015-09-09T15:19:58.077+0200: 1093.244: Total time for which application threads were stopped: 0.0001107 seconds, Stopping threads took: 0.0000518 seconds
2015-09-09T15:19:58.080+0200: 1093.247: Total time for which application threads were stopped: 0.0000899 seconds, Stopping threads took: 0.0000438 seconds
2015-09-09T15:19:58.081+0200: 1093.248: Total time for which application threads were stopped: 0.0000528 seconds, Stopping threads took: 0.0000160 seconds
2015-09-09T15:19:58.081+0200: 1093.248: Total time for which application threads were stopped: 0.0000339 seconds, Stopping threads took: 0.0000051 seconds
2015-09-09T15:19:58.081+0200: 1093.248: Total time for which application threads were stopped: 0.0000285 seconds, Stopping threads took: 0.0000035 seconds
2015-09-09T15:19:58.081+0200: 1093.248: Total time for which application threads were stopped: 0.0000582 seconds, Stopping threads took: 0.0000202 seconds
2015-09-09T15:19:58.082+0200: 1093.249: Total time for which application threads were stopped: 0.0000400 seconds, Stopping threads took: 0.0000074 seconds
2015-09-09T15:19:58.082+0200: 1093.249: Total time for which application threads were stopped: 0.0000390 seconds, Stopping threads took: 0.0000214 seconds
2015-09-09T15:19:58.082+0200: 1093.249: Total time for which application threads were stopped: 0.0000502 seconds, Stopping threads took: 0.0000240 seconds
2015-09-09T15:19:58.082+0200: 1093.249: Total time for which application threads were stopped: 0.0000544 seconds, Stopping threads took: 0.0000237 seconds
2015-09-09T15:19:58.082+0200: 1093.249: Total time for which application threads were stopped: 0.0000515 seconds, Stopping threads took: 0.0000032 seconds
2015-09-09T15:19:58.083+0200: 1093.250: Total time for which application threads were stopped: 0.0000650 seconds, Stopping threads took: 0.0000032 seconds
2015-09-09T15:19:58.083+0200: 1093.250: Total time for which application threads were stopped: 0.0000480 seconds, Stopping threads took: 0.0000195 seconds
2015-09-09T15:19:58.083+0200: 1093.250: Total time for which application threads were stopped: 0.0000320 seconds, Stopping threads took: 0.0000070 seconds
2015-09-09T15:19:58.083+0200: 1093.250: Total time for which application threads were stopped: 0.0000230 seconds, Stopping threads took: 0.0000058 seconds
2015-09-09T15:19:58.083+0200: 1093.250: Total time for which application threads were stopped: 0.0000304 seconds, Stopping threads took: 0.0000058 seconds
2015-09-09T15:19:58.083+0200: 1093.250: Total time for which application threads were stopped: 0.0000166 seconds, Stopping threads took: 0.0000042 seconds
2015-09-09T15:19:58.083+0200: 1093.250: Total time for which application threads were stopped: 0.0000426 seconds, Stopping threads took: 0.0000150 seconds
2015-09-09T15:19:58.083+0200: 1093.250: Total time for which application threads were stopped: 0.0000435 seconds, Stopping threads took: 0.0000141 seconds
2015-09-09T15:19:58.083+0200: 1093.250: Total time for which application threads were stopped: 0.0001261 seconds, Stopping threads took: 0.0000288 seconds
Heap
 par new generation   total 109248K, used 52052K [0x00000000e0000000, 0x00000000e8000000, 0x00000000e8000000)
  eden space 87424K,  34% used [0x00000000e0000000, 0x00000000e1d85218, 0x00000000e5560000)
  from space 21824K, 100% used [0x00000000e5560000, 0x00000000e6ab0000, 0x00000000e6ab0000)
  to   space 21824K,   0% used [0x00000000e6ab0000, 0x00000000e6ab0000, 0x00000000e8000000)
 concurrent mark-sweep generation total 393216K, used 186148K [0x00000000e8000000, 0x0000000100000000, 0x0000000100000000)
 Metaspace       used 32087K, capacity 32492K, committed 32896K, reserved 1079296K
  class space    used 3716K, capacity 3870K, committed 3968K, reserved 1048576K
