Java HotSpot(TM) 64-Bit Server VM (25.45-b02) for windows-amd64 JRE (1.8.0_45-b15), built on Apr 30 2015 12:40:44 by "java_re" with MS VC++ 10.0 (VS2010)
Memory: 4k page, physical 8247616k(5148952k free), swap 16493392k(13051368k free)
CommandLine flags: -XX:CMSInitiatingOccupancyFraction=50 -XX:CMSMaxAbortablePrecleanTime=6000 -XX:+CMSParallelRemarkEnabled -XX:+CMSScavengeBeforeRemark -XX:ConcGCThreads=4 -XX:InitialHeapSize=536870912 -XX:MaxHeapSize=536870912 -XX:MaxTenuringThreshold=8 -XX:NewRatio=3 -XX:OldPLABSize=16 -XX:ParallelGCThreads=4 -XX:+ParallelRefProcEnabled -XX:PretenureSizeThreshold=67108864 -XX:+PrintGC -XX:+PrintGCApplicationStoppedTime -XX:+PrintGCDateStamps -XX:+PrintGCDetails -XX:+PrintGCTimeStamps -XX:+PrintHeapAtGC -XX:+PrintTenuringDistribution -XX:SurvivorRatio=4 -XX:TargetSurvivorRatio=90 -XX:ThreadStackSize=256 -XX:+UseCMSInitiatingOccupancyOnly -XX:+UseCompressedClassPointers -XX:+UseCompressedOops -XX:+UseConcMarkSweepGC -XX:-UseLargePagesIndividualAllocation -XX:+UseParNewGC 
2015-09-11T13:02:59.438+0200: 0.091: Total time for which application threads were stopped: 0.0000710 seconds, Stopping threads took: 0.0000189 seconds
2015-09-11T13:02:59.569+0200: 0.222: Total time for which application threads were stopped: 0.0001123 seconds, Stopping threads took: 0.0000131 seconds
2015-09-11T13:02:59.691+0200: 0.345: Total time for which application threads were stopped: 0.0000963 seconds, Stopping threads took: 0.0000106 seconds
2015-09-11T13:02:59.724+0200: 0.378: Total time for which application threads were stopped: 0.0001171 seconds, Stopping threads took: 0.0000115 seconds
2015-09-11T13:02:59.744+0200: 0.398: Total time for which application threads were stopped: 0.0001354 seconds, Stopping threads took: 0.0000173 seconds
2015-09-11T13:02:59.752+0200: 0.405: Total time for which application threads were stopped: 0.0001104 seconds, Stopping threads took: 0.0000141 seconds
{Heap before GC invocations=0 (full 0):
 par new generation   total 109248K, used 87424K [0x00000000e0000000, 0x00000000e8000000, 0x00000000e8000000)
  eden space 87424K, 100% used [0x00000000e0000000, 0x00000000e5560000, 0x00000000e5560000)
  from space 21824K,   0% used [0x00000000e5560000, 0x00000000e5560000, 0x00000000e6ab0000)
  to   space 21824K,   0% used [0x00000000e6ab0000, 0x00000000e6ab0000, 0x00000000e8000000)
 concurrent mark-sweep generation total 393216K, used 0K [0x00000000e8000000, 0x0000000100000000, 0x0000000100000000)
 Metaspace       used 9808K, capacity 10024K, committed 10240K, reserved 1058816K
  class space    used 1158K, capacity 1212K, committed 1280K, reserved 1048576K
2015-09-11T13:02:59.954+0200: 0.606: [GC (Allocation Failure) 0.606: [ParNew
Desired survivor size 20112992 bytes, new threshold 8 (max 8)
- age   1:    5471064 bytes,    5471064 total
: 87424K->5404K(109248K), 0.0090888 secs] 87424K->5404K(502464K), 0.0092082 secs] [Times: user=0.00 sys=0.00, real=0.01 secs] 
Heap after GC invocations=1 (full 0):
 par new generation   total 109248K, used 5404K [0x00000000e0000000, 0x00000000e8000000, 0x00000000e8000000)
  eden space 87424K,   0% used [0x00000000e0000000, 0x00000000e0000000, 0x00000000e5560000)
  from space 21824K,  24% used [0x00000000e6ab0000, 0x00000000e6ff71c0, 0x00000000e8000000)
  to   space 21824K,   0% used [0x00000000e5560000, 0x00000000e5560000, 0x00000000e6ab0000)
 concurrent mark-sweep generation total 393216K, used 0K [0x00000000e8000000, 0x0000000100000000, 0x0000000100000000)
 Metaspace       used 9808K, capacity 10024K, committed 10240K, reserved 1058816K
  class space    used 1158K, capacity 1212K, committed 1280K, reserved 1048576K
}
2015-09-11T13:02:59.963+0200: 0.616: Total time for which application threads were stopped: 0.0093608 seconds, Stopping threads took: 0.0000141 seconds
2015-09-11T13:03:00.050+0200: 0.702: Total time for which application threads were stopped: 0.0001286 seconds, Stopping threads took: 0.0000122 seconds
2015-09-11T13:03:00.235+0200: 0.888: Total time for which application threads were stopped: 0.0001962 seconds, Stopping threads took: 0.0000131 seconds
2015-09-11T13:03:00.236+0200: 0.888: Total time for which application threads were stopped: 0.0001398 seconds, Stopping threads took: 0.0000192 seconds
2015-09-11T13:03:00.238+0200: 0.891: Total time for which application threads were stopped: 0.0001306 seconds, Stopping threads took: 0.0000102 seconds
2015-09-11T13:03:00.379+0200: 1.032: Total time for which application threads were stopped: 0.0002979 seconds, Stopping threads took: 0.0001190 seconds
{Heap before GC invocations=1 (full 0):
 par new generation   total 109248K, used 92828K [0x00000000e0000000, 0x00000000e8000000, 0x00000000e8000000)
  eden space 87424K, 100% used [0x00000000e0000000, 0x00000000e5560000, 0x00000000e5560000)
  from space 21824K,  24% used [0x00000000e6ab0000, 0x00000000e6ff71c0, 0x00000000e8000000)
  to   space 21824K,   0% used [0x00000000e5560000, 0x00000000e5560000, 0x00000000e6ab0000)
 concurrent mark-sweep generation total 393216K, used 0K [0x00000000e8000000, 0x0000000100000000, 0x0000000100000000)
 Metaspace       used 18567K, capacity 18796K, committed 19072K, reserved 1067008K
  class space    used 2258K, capacity 2376K, committed 2432K, reserved 1048576K
2015-09-11T13:03:00.422+0200: 1.074: [GC (Allocation Failure) 1.074: [ParNew
Desired survivor size 20112992 bytes, new threshold 8 (max 8)
- age   1:    8349248 bytes,    8349248 total
- age   2:    2546200 bytes,   10895448 total
: 92828K->13089K(109248K), 0.0061282 secs] 92828K->13089K(502464K), 0.0062060 secs] [Times: user=0.00 sys=0.00, real=0.01 secs] 
Heap after GC invocations=2 (full 0):
 par new generation   total 109248K, used 13089K [0x00000000e0000000, 0x00000000e8000000, 0x00000000e8000000)
  eden space 87424K,   0% used [0x00000000e0000000, 0x00000000e0000000, 0x00000000e5560000)
  from space 21824K,  59% used [0x00000000e5560000, 0x00000000e6228490, 0x00000000e6ab0000)
  to   space 21824K,   0% used [0x00000000e6ab0000, 0x00000000e6ab0000, 0x00000000e8000000)
 concurrent mark-sweep generation total 393216K, used 0K [0x00000000e8000000, 0x0000000100000000, 0x0000000100000000)
 Metaspace       used 18567K, capacity 18796K, committed 19072K, reserved 1067008K
  class space    used 2258K, capacity 2376K, committed 2432K, reserved 1048576K
}
2015-09-11T13:03:00.428+0200: 1.080: Total time for which application threads were stopped: 0.0064751 seconds, Stopping threads took: 0.0000781 seconds
2015-09-11T13:03:00.489+0200: 1.141: Total time for which application threads were stopped: 0.0002397 seconds, Stopping threads took: 0.0000202 seconds
2015-09-11T13:03:00.514+0200: 1.166: Total time for which application threads were stopped: 0.0002426 seconds, Stopping threads took: 0.0000266 seconds
2015-09-11T13:03:00.584+0200: 1.237: Total time for which application threads were stopped: 0.0002982 seconds, Stopping threads took: 0.0000160 seconds
{Heap before GC invocations=2 (full 0):
 par new generation   total 109248K, used 100513K [0x00000000e0000000, 0x00000000e8000000, 0x00000000e8000000)
  eden space 87424K, 100% used [0x00000000e0000000, 0x00000000e5560000, 0x00000000e5560000)
  from space 21824K,  59% used [0x00000000e5560000, 0x00000000e6228490, 0x00000000e6ab0000)
  to   space 21824K,   0% used [0x00000000e6ab0000, 0x00000000e6ab0000, 0x00000000e8000000)
 concurrent mark-sweep generation total 393216K, used 0K [0x00000000e8000000, 0x0000000100000000, 0x0000000100000000)
 Metaspace       used 20523K, capacity 20806K, committed 21120K, reserved 1067008K
  class space    used 2493K, capacity 2613K, committed 2688K, reserved 1048576K
2015-09-11T13:03:00.593+0200: 1.245: [GC (Allocation Failure) 1.245: [ParNew
Desired survivor size 20112992 bytes, new threshold 8 (max 8)
- age   1:    2592528 bytes,    2592528 total
- age   2:    2866848 bytes,    5459376 total
- age   3:    2492992 bytes,    7952368 total
: 100513K->13278K(109248K), 0.0048271 secs] 100513K->13278K(502464K), 0.0048793 secs] [Times: user=0.00 sys=0.00, real=0.01 secs] 
Heap after GC invocations=3 (full 0):
 par new generation   total 109248K, used 13278K [0x00000000e0000000, 0x00000000e8000000, 0x00000000e8000000)
  eden space 87424K,   0% used [0x00000000e0000000, 0x00000000e0000000, 0x00000000e5560000)
  from space 21824K,  60% used [0x00000000e6ab0000, 0x00000000e77a7bf0, 0x00000000e8000000)
  to   space 21824K,   0% used [0x00000000e5560000, 0x00000000e5560000, 0x00000000e6ab0000)
 concurrent mark-sweep generation total 393216K, used 0K [0x00000000e8000000, 0x0000000100000000, 0x0000000100000000)
 Metaspace       used 20523K, capacity 20806K, committed 21120K, reserved 1067008K
  class space    used 2493K, capacity 2613K, committed 2688K, reserved 1048576K
}
2015-09-11T13:03:00.598+0200: 1.250: Total time for which application threads were stopped: 0.0052214 seconds, Stopping threads took: 0.0002106 seconds
2015-09-11T13:03:00.618+0200: 1.270: Total time for which application threads were stopped: 0.0001014 seconds, Stopping threads took: 0.0000547 seconds
2015-09-11T13:03:00.618+0200: 1.270: Total time for which application threads were stopped: 0.0000355 seconds, Stopping threads took: 0.0000134 seconds
2015-09-11T13:03:00.643+0200: 1.295: Total time for which application threads were stopped: 0.0000784 seconds, Stopping threads took: 0.0000214 seconds
2015-09-11T13:03:00.662+0200: 1.315: Total time for which application threads were stopped: 0.0000662 seconds, Stopping threads took: 0.0000173 seconds
2015-09-11T13:03:00.681+0200: 1.333: Total time for which application threads were stopped: 0.0003267 seconds, Stopping threads took: 0.0002675 seconds
2015-09-11T13:03:00.703+0200: 1.355: Total time for which application threads were stopped: 0.0000586 seconds, Stopping threads took: 0.0000147 seconds
2015-09-11T13:03:00.710+0200: 1.363: Total time for which application threads were stopped: 0.0000973 seconds, Stopping threads took: 0.0000506 seconds
2015-09-11T13:03:00.722+0200: 1.374: Total time for which application threads were stopped: 0.0000803 seconds, Stopping threads took: 0.0000243 seconds
2015-09-11T13:03:00.722+0200: 1.374: Total time for which application threads were stopped: 0.0000429 seconds, Stopping threads took: 0.0000102 seconds
{Heap before GC invocations=3 (full 0):
 par new generation   total 109248K, used 100702K [0x00000000e0000000, 0x00000000e8000000, 0x00000000e8000000)
  eden space 87424K, 100% used [0x00000000e0000000, 0x00000000e5560000, 0x00000000e5560000)
  from space 21824K,  60% used [0x00000000e6ab0000, 0x00000000e77a7bf0, 0x00000000e8000000)
  to   space 21824K,   0% used [0x00000000e5560000, 0x00000000e5560000, 0x00000000e6ab0000)
 concurrent mark-sweep generation total 393216K, used 0K [0x00000000e8000000, 0x0000000100000000, 0x0000000100000000)
 Metaspace       used 23105K, capacity 23416K, committed 23620K, reserved 1071104K
  class space    used 2842K, capacity 2968K, committed 2968K, reserved 1048576K
2015-09-11T13:03:00.743+0200: 1.396: [GC (Allocation Failure) 1.396: [ParNew
Desired survivor size 20112992 bytes, new threshold 8 (max 8)
- age   1:    2834384 bytes,    2834384 total
- age   2:    1244768 bytes,    4079152 total
- age   3:    2860064 bytes,    6939216 total
- age   4:    2492712 bytes,    9431928 total
: 100702K->11425K(109248K), 0.0089208 secs] 100702K->11425K(502464K), 0.0089791 secs] [Times: user=0.06 sys=0.00, real=0.01 secs] 
Heap after GC invocations=4 (full 0):
 par new generation   total 109248K, used 11425K [0x00000000e0000000, 0x00000000e8000000, 0x00000000e8000000)
  eden space 87424K,   0% used [0x00000000e0000000, 0x00000000e0000000, 0x00000000e5560000)
  from space 21824K,  52% used [0x00000000e5560000, 0x00000000e6088538, 0x00000000e6ab0000)
  to   space 21824K,   0% used [0x00000000e6ab0000, 0x00000000e6ab0000, 0x00000000e8000000)
 concurrent mark-sweep generation total 393216K, used 0K [0x00000000e8000000, 0x0000000100000000, 0x0000000100000000)
 Metaspace       used 23105K, capacity 23416K, committed 23620K, reserved 1071104K
  class space    used 2842K, capacity 2968K, committed 2968K, reserved 1048576K
}
2015-09-11T13:03:00.752+0200: 1.405: Total time for which application threads were stopped: 0.0093084 seconds, Stopping threads took: 0.0001965 seconds
2015-09-11T13:03:00.752+0200: 1.405: [GC (CMS Initial Mark) [1 CMS-initial-mark: 0K(393216K)] 11908K(502464K), 0.0016393 secs] [Times: user=0.00 sys=0.00, real=0.00 secs] 
2015-09-11T13:03:00.754+0200: 1.406: Total time for which application threads were stopped: 0.0017334 seconds, Stopping threads took: 0.0000198 seconds
2015-09-11T13:03:00.754+0200: 1.406: [CMS-concurrent-mark-start]
2015-09-11T13:03:00.757+0200: 1.409: [CMS-concurrent-mark: 0.003/0.003 secs] [Times: user=0.00 sys=0.00, real=0.00 secs] 
2015-09-11T13:03:00.757+0200: 1.409: [CMS-concurrent-preclean-start]
2015-09-11T13:03:00.757+0200: 1.410: [CMS-concurrent-preclean: 0.001/0.001 secs] [Times: user=0.00 sys=0.00, real=0.00 secs] 
2015-09-11T13:03:00.757+0200: 1.410: [CMS-concurrent-abortable-preclean-start]
2015-09-11T13:03:00.762+0200: 1.414: Total time for which application threads were stopped: 0.0000656 seconds, Stopping threads took: 0.0000202 seconds
2015-09-11T13:03:00.782+0200: 1.434: Total time for which application threads were stopped: 0.0000650 seconds, Stopping threads took: 0.0000173 seconds
2015-09-11T13:03:00.782+0200: 1.434: Total time for which application threads were stopped: 0.0000938 seconds, Stopping threads took: 0.0000672 seconds
2015-09-11T13:03:00.810+0200: 1.463: Total time for which application threads were stopped: 0.0005901 seconds, Stopping threads took: 0.0005174 seconds
2015-09-11T13:03:00.821+0200: 1.474: Total time for which application threads were stopped: 0.0002806 seconds, Stopping threads took: 0.0002282 seconds
2015-09-11T13:03:00.826+0200: 1.478: Total time for which application threads were stopped: 0.0003251 seconds, Stopping threads took: 0.0000269 seconds
2015-09-11T13:03:00.830+0200: 1.482: Total time for which application threads were stopped: 0.0003162 seconds, Stopping threads took: 0.0000662 seconds
2015-09-11T13:03:00.839+0200: 1.491: Total time for which application threads were stopped: 0.0000704 seconds, Stopping threads took: 0.0000160 seconds
2015-09-11T13:03:00.851+0200: 1.503: Total time for which application threads were stopped: 0.0000944 seconds, Stopping threads took: 0.0000189 seconds
2015-09-11T13:03:00.851+0200: 1.503: [CMS-concurrent-abortable-preclean: 0.059/0.094 secs] [Times: user=0.36 sys=0.00, real=0.09 secs] 
2015-09-11T13:03:00.851+0200: 1.504: [GC (CMS Final Remark) [YG occupancy: 66730 K (109248 K)]{Heap before GC invocations=4 (full 1):
 par new generation   total 109248K, used 66730K [0x00000000e0000000, 0x00000000e8000000, 0x00000000e8000000)
  eden space 87424K,  63% used [0x00000000e0000000, 0x00000000e36026a8, 0x00000000e5560000)
  from space 21824K,  52% used [0x00000000e5560000, 0x00000000e6088538, 0x00000000e6ab0000)
  to   space 21824K,   0% used [0x00000000e6ab0000, 0x00000000e6ab0000, 0x00000000e8000000)
 concurrent mark-sweep generation total 393216K, used 0K [0x00000000e8000000, 0x0000000100000000, 0x0000000100000000)
 Metaspace       used 24831K, capacity 25189K, committed 25536K, reserved 1071104K
  class space    used 3052K, capacity 3195K, committed 3248K, reserved 1048576K
2015-09-11T13:03:00.851+0200: 1.504: [GC (CMS Final Remark) 1.504: [ParNew
Desired survivor size 20112992 bytes, new threshold 8 (max 8)
- age   1:    4248808 bytes,    4248808 total
- age   2:     416352 bytes,    4665160 total
- age   3:    1234472 bytes,    5899632 total
- age   4:    2859472 bytes,    8759104 total
- age   5:    2492472 bytes,   11251576 total
: 66730K->15893K(109248K), 0.0059065 secs] 66730K->15893K(502464K), 0.0059417 secs] [Times: user=0.06 sys=0.00, real=0.01 secs] 
Heap after GC invocations=5 (full 1):
 par new generation   total 109248K, used 15893K [0x00000000e0000000, 0x00000000e8000000, 0x00000000e8000000)
  eden space 87424K,   0% used [0x00000000e0000000, 0x00000000e0000000, 0x00000000e5560000)
  from space 21824K,  72% used [0x00000000e6ab0000, 0x00000000e7a35640, 0x00000000e8000000)
  to   space 21824K,   0% used [0x00000000e5560000, 0x00000000e5560000, 0x00000000e6ab0000)
 concurrent mark-sweep generation total 393216K, used 0K [0x00000000e8000000, 0x0000000100000000, 0x0000000100000000)
 Metaspace       used 24831K, capacity 25189K, committed 25536K, reserved 1071104K
  class space    used 3052K, capacity 3195K, committed 3248K, reserved 1048576K
}
1.510: [Rescan (parallel) , 0.0019184 secs]1.512: [weak refs processing, 0.0002240 secs]1.512: [class unloading, 0.0024332 secs]1.514: [scrub symbol table, 0.0023693 secs]1.517: [scrub string table, 0.0002310 secs][1 CMS-remark: 0K(393216K)] 15893K(502464K), 0.0138808 secs] [Times: user=0.06 sys=0.00, real=0.01 secs] 
2015-09-11T13:03:00.865+0200: 1.517: Total time for which application threads were stopped: 0.0139784 seconds, Stopping threads took: 0.0000470 seconds
2015-09-11T13:03:00.865+0200: 1.518: [CMS-concurrent-sweep-start]
2015-09-11T13:03:00.865+0200: 1.518: [CMS-concurrent-sweep: 0.000/0.000 secs] [Times: user=0.00 sys=0.00, real=0.00 secs] 
2015-09-11T13:03:00.866+0200: 1.518: [CMS-concurrent-reset-start]
2015-09-11T13:03:00.867+0200: 1.519: [CMS-concurrent-reset: 0.001/0.001 secs] [Times: user=0.00 sys=0.00, real=0.00 secs] 
2015-09-11T13:03:00.957+0200: 1.610: Total time for which application threads were stopped: 0.0002730 seconds, Stopping threads took: 0.0000122 seconds
2015-09-11T13:03:01.063+0200: 1.715: Total time for which application threads were stopped: 0.0003584 seconds, Stopping threads took: 0.0000234 seconds
2015-09-11T13:03:02.063+0200: 2.715: Total time for which application threads were stopped: 0.0000861 seconds, Stopping threads took: 0.0000272 seconds
2015-09-11T13:03:03.565+0200: 4.217: Total time for which application threads were stopped: 0.0002749 seconds, Stopping threads took: 0.0000384 seconds
2015-09-11T13:03:32.712+0200: 33.365: Total time for which application threads were stopped: 0.0000592 seconds, Stopping threads took: 0.0000208 seconds
2015-09-11T13:03:32.713+0200: 33.365: Total time for which application threads were stopped: 0.0000221 seconds, Stopping threads took: 0.0000054 seconds
2015-09-11T13:03:32.727+0200: 33.380: Total time for which application threads were stopped: 0.0002637 seconds, Stopping threads took: 0.0000122 seconds
2015-09-11T13:03:32.728+0200: 33.380: Total time for which application threads were stopped: 0.0000301 seconds, Stopping threads took: 0.0000067 seconds
{Heap before GC invocations=5 (full 1):
 par new generation   total 109248K, used 103307K [0x00000000e0000000, 0x00000000e8000000, 0x00000000e8000000)
  eden space 87424K,  99% used [0x00000000e0000000, 0x00000000e555d740, 0x00000000e5560000)
  from space 21824K,  72% used [0x00000000e6ab0000, 0x00000000e7a35640, 0x00000000e8000000)
  to   space 21824K,   0% used [0x00000000e5560000, 0x00000000e5560000, 0x00000000e6ab0000)
 concurrent mark-sweep generation total 393216K, used 0K [0x00000000e8000000, 0x0000000100000000, 0x0000000100000000)
 Metaspace       used 28220K, capacity 28499K, committed 28976K, reserved 1075200K
  class space    used 3432K, capacity 3550K, committed 3632K, reserved 1048576K
2015-09-11T13:03:32.810+0200: 33.463: [GC (Allocation Failure) 33.463: [ParNew
Desired survivor size 20112992 bytes, new threshold 8 (max 8)
- age   1:    6216632 bytes,    6216632 total
- age   2:    2353344 bytes,    8569976 total
- age   3:     410056 bytes,    8980032 total
- age   4:     539408 bytes,    9519440 total
- age   5:    2798440 bytes,   12317880 total
- age   6:    2491504 bytes,   14809384 total
: 103307K->16794K(109248K), 0.0080687 secs] 103307K->16794K(502464K), 0.0081177 secs] [Times: user=0.05 sys=0.02, real=0.01 secs] 
Heap after GC invocations=6 (full 1):
 par new generation   total 109248K, used 16794K [0x00000000e0000000, 0x00000000e8000000, 0x00000000e8000000)
  eden space 87424K,   0% used [0x00000000e0000000, 0x00000000e0000000, 0x00000000e5560000)
  from space 21824K,  76% used [0x00000000e5560000, 0x00000000e65c6a60, 0x00000000e6ab0000)
  to   space 21824K,   0% used [0x00000000e6ab0000, 0x00000000e6ab0000, 0x00000000e8000000)
 concurrent mark-sweep generation total 393216K, used 0K [0x00000000e8000000, 0x0000000100000000, 0x0000000100000000)
 Metaspace       used 28220K, capacity 28499K, committed 28976K, reserved 1075200K
  class space    used 3432K, capacity 3550K, committed 3632K, reserved 1048576K
}
2015-09-11T13:03:32.818+0200: 33.471: Total time for which application threads were stopped: 0.0082860 seconds, Stopping threads took: 0.0000122 seconds
2015-09-11T13:03:32.818+0200: 33.471: Total time for which application threads were stopped: 0.0000787 seconds, Stopping threads took: 0.0000147 seconds
2015-09-11T13:03:32.818+0200: 33.471: Total time for which application threads were stopped: 0.0000531 seconds, Stopping threads took: 0.0000125 seconds
2015-09-11T13:03:32.818+0200: 33.471: Total time for which application threads were stopped: 0.0000435 seconds, Stopping threads took: 0.0000058 seconds
2015-09-11T13:03:32.819+0200: 33.471: Total time for which application threads were stopped: 0.0000602 seconds, Stopping threads took: 0.0000189 seconds
2015-09-11T13:03:32.819+0200: 33.472: Total time for which application threads were stopped: 0.0000621 seconds, Stopping threads took: 0.0000128 seconds
2015-09-11T13:03:32.819+0200: 33.472: Total time for which application threads were stopped: 0.0000486 seconds, Stopping threads took: 0.0000093 seconds
2015-09-11T13:03:32.819+0200: 33.472: Total time for which application threads were stopped: 0.0000544 seconds, Stopping threads took: 0.0000150 seconds
2015-09-11T13:03:32.819+0200: 33.472: Total time for which application threads were stopped: 0.0000483 seconds, Stopping threads took: 0.0000093 seconds
2015-09-11T13:03:32.819+0200: 33.472: Total time for which application threads were stopped: 0.0000490 seconds, Stopping threads took: 0.0000096 seconds
2015-09-11T13:03:32.820+0200: 33.472: Total time for which application threads were stopped: 0.0000659 seconds, Stopping threads took: 0.0000170 seconds
2015-09-11T13:03:32.820+0200: 33.472: Total time for which application threads were stopped: 0.0000605 seconds, Stopping threads took: 0.0000157 seconds
2015-09-11T13:03:32.820+0200: 33.472: Total time for which application threads were stopped: 0.0000442 seconds, Stopping threads took: 0.0000122 seconds
2015-09-11T13:03:32.820+0200: 33.473: Total time for which application threads were stopped: 0.0000422 seconds, Stopping threads took: 0.0000112 seconds
2015-09-11T13:03:32.820+0200: 33.473: Total time for which application threads were stopped: 0.0000397 seconds, Stopping threads took: 0.0000093 seconds
2015-09-11T13:03:32.820+0200: 33.473: Total time for which application threads were stopped: 0.0000445 seconds, Stopping threads took: 0.0000138 seconds
2015-09-11T13:03:32.820+0200: 33.473: Total time for which application threads were stopped: 0.0000419 seconds, Stopping threads took: 0.0000112 seconds
2015-09-11T13:03:32.820+0200: 33.473: Total time for which application threads were stopped: 0.0000467 seconds, Stopping threads took: 0.0000157 seconds
2015-09-11T13:03:32.820+0200: 33.473: Total time for which application threads were stopped: 0.0000986 seconds, Stopping threads took: 0.0000125 seconds
2015-09-11T13:03:32.826+0200: 33.479: Total time for which application threads were stopped: 0.0002534 seconds, Stopping threads took: 0.0000138 seconds
2015-09-11T13:03:32.907+0200: 33.560: Total time for which application threads were stopped: 0.0001165 seconds, Stopping threads took: 0.0000150 seconds
2015-09-11T13:03:33.043+0200: 33.695: Total time for which application threads were stopped: 0.0001226 seconds, Stopping threads took: 0.0000170 seconds
{Heap before GC invocations=6 (full 1):
 par new generation   total 109248K, used 104218K [0x00000000e0000000, 0x00000000e8000000, 0x00000000e8000000)
  eden space 87424K, 100% used [0x00000000e0000000, 0x00000000e5560000, 0x00000000e5560000)
  from space 21824K,  76% used [0x00000000e5560000, 0x00000000e65c6a60, 0x00000000e6ab0000)
  to   space 21824K,   0% used [0x00000000e6ab0000, 0x00000000e6ab0000, 0x00000000e8000000)
 concurrent mark-sweep generation total 393216K, used 0K [0x00000000e8000000, 0x0000000100000000, 0x0000000100000000)
 Metaspace       used 28915K, capacity 29203K, committed 29488K, reserved 1075200K
  class space    used 3448K, capacity 3550K, committed 3632K, reserved 1048576K
2015-09-11T13:03:33.340+0200: 33.993: [GC (Allocation Failure) 33.993: [ParNew
Desired survivor size 20112992 bytes, new threshold 8 (max 8)
- age   1:    6050656 bytes,    6050656 total
- age   2:    3658240 bytes,    9708896 total
- age   3:    2305408 bytes,   12014304 total
- age   4:     409912 bytes,   12424216 total
- age   5:     539112 bytes,   12963328 total
- age   6:    2797728 bytes,   15761056 total
- age   7:    2491384 bytes,   18252440 total
: 104218K->21824K(109248K), 0.0139758 secs] 104218K->21906K(502464K), 0.0140177 secs] [Times: user=0.06 sys=0.00, real=0.01 secs] 
Heap after GC invocations=7 (full 1):
 par new generation   total 109248K, used 21824K [0x00000000e0000000, 0x00000000e8000000, 0x00000000e8000000)
  eden space 87424K,   0% used [0x00000000e0000000, 0x00000000e0000000, 0x00000000e5560000)
  from space 21824K, 100% used [0x00000000e6ab0000, 0x00000000e8000000, 0x00000000e8000000)
  to   space 21824K,   0% used [0x00000000e5560000, 0x00000000e5560000, 0x00000000e6ab0000)
 concurrent mark-sweep generation total 393216K, used 82K [0x00000000e8000000, 0x0000000100000000, 0x0000000100000000)
 Metaspace       used 28915K, capacity 29203K, committed 29488K, reserved 1075200K
  class space    used 3448K, capacity 3550K, committed 3632K, reserved 1048576K
}
2015-09-11T13:03:33.354+0200: 34.007: Total time for which application threads were stopped: 0.0142341 seconds, Stopping threads took: 0.0000170 seconds
{Heap before GC invocations=7 (full 1):
 par new generation   total 109248K, used 109248K [0x00000000e0000000, 0x00000000e8000000, 0x00000000e8000000)
  eden space 87424K, 100% used [0x00000000e0000000, 0x00000000e5560000, 0x00000000e5560000)
  from space 21824K, 100% used [0x00000000e6ab0000, 0x00000000e8000000, 0x00000000e8000000)
  to   space 21824K,   0% used [0x00000000e5560000, 0x00000000e5560000, 0x00000000e6ab0000)
 concurrent mark-sweep generation total 393216K, used 82K [0x00000000e8000000, 0x0000000100000000, 0x0000000100000000)
 Metaspace       used 28953K, capacity 29203K, committed 29488K, reserved 1075200K
  class space    used 3448K, capacity 3550K, committed 3632K, reserved 1048576K
2015-09-11T13:03:33.700+0200: 34.353: [GC (Allocation Failure) 34.353: [ParNew
Desired survivor size 20112992 bytes, new threshold 8 (max 8)
- age   1:    4898312 bytes,    4898312 total
- age   2:    4610608 bytes,    9508920 total
- age   3:    3430512 bytes,   12939432 total
- age   4:    1888288 bytes,   14827720 total
- age   5:     394184 bytes,   15221904 total
- age   6:     480896 bytes,   15702800 total
- age   7:    2291112 bytes,   17993912 total
- age   8:    2491344 bytes,   20485256 total
: 109248K->21824K(109248K), 0.0121502 secs] 109330K->23571K(502464K), 0.0122072 secs] [Times: user=0.06 sys=0.00, real=0.01 secs] 
Heap after GC invocations=8 (full 1):
 par new generation   total 109248K, used 21824K [0x00000000e0000000, 0x00000000e8000000, 0x00000000e8000000)
  eden space 87424K,   0% used [0x00000000e0000000, 0x00000000e0000000, 0x00000000e5560000)
  from space 21824K, 100% used [0x00000000e5560000, 0x00000000e6ab0000, 0x00000000e6ab0000)
  to   space 21824K,   0% used [0x00000000e6ab0000, 0x00000000e6ab0000, 0x00000000e8000000)
 concurrent mark-sweep generation total 393216K, used 1747K [0x00000000e8000000, 0x0000000100000000, 0x0000000100000000)
 Metaspace       used 28953K, capacity 29203K, committed 29488K, reserved 1075200K
  class space    used 3448K, capacity 3550K, committed 3632K, reserved 1048576K
}
2015-09-11T13:03:33.712+0200: 34.365: Total time for which application threads were stopped: 0.0123678 seconds, Stopping threads took: 0.0000154 seconds
{Heap before GC invocations=8 (full 1):
 par new generation   total 109248K, used 109248K [0x00000000e0000000, 0x00000000e8000000, 0x00000000e8000000)
  eden space 87424K, 100% used [0x00000000e0000000, 0x00000000e5560000, 0x00000000e5560000)
  from space 21824K, 100% used [0x00000000e5560000, 0x00000000e6ab0000, 0x00000000e6ab0000)
  to   space 21824K,   0% used [0x00000000e6ab0000, 0x00000000e6ab0000, 0x00000000e8000000)
 concurrent mark-sweep generation total 393216K, used 1747K [0x00000000e8000000, 0x0000000100000000, 0x0000000100000000)
 Metaspace       used 28967K, capacity 29203K, committed 29488K, reserved 1075200K
  class space    used 3449K, capacity 3550K, committed 3632K, reserved 1048576K
2015-09-11T13:03:34.019+0200: 34.672: [GC (Allocation Failure) 34.672: [ParNew
Desired survivor size 20112992 bytes, new threshold 8 (max 8)
- age   1:    4198496 bytes,    4198496 total
- age   2:    3170600 bytes,    7369096 total
- age   3:    4610608 bytes,   11979704 total
- age   4:    3413832 bytes,   15393536 total
- age   5:    1888240 bytes,   17281776 total
- age   6:     393648 bytes,   17675424 total
- age   7:     477512 bytes,   18152936 total
- age   8:    2263088 bytes,   20416024 total
: 109248K->21824K(109248K), 0.0118898 secs] 110995K->27101K(502464K), 0.0119378 secs] [Times: user=0.00 sys=0.00, real=0.01 secs] 
Heap after GC invocations=9 (full 1):
 par new generation   total 109248K, used 21824K [0x00000000e0000000, 0x00000000e8000000, 0x00000000e8000000)
  eden space 87424K,   0% used [0x00000000e0000000, 0x00000000e0000000, 0x00000000e5560000)
  from space 21824K, 100% used [0x00000000e6ab0000, 0x00000000e8000000, 0x00000000e8000000)
  to   space 21824K,   0% used [0x00000000e5560000, 0x00000000e5560000, 0x00000000e6ab0000)
 concurrent mark-sweep generation total 393216K, used 5277K [0x00000000e8000000, 0x0000000100000000, 0x0000000100000000)
 Metaspace       used 28967K, capacity 29203K, committed 29488K, reserved 1075200K
  class space    used 3449K, capacity 3550K, committed 3632K, reserved 1048576K
}
2015-09-11T13:03:34.031+0200: 34.684: Total time for which application threads were stopped: 0.0120898 seconds, Stopping threads took: 0.0000141 seconds
{Heap before GC invocations=9 (full 1):
 par new generation   total 109248K, used 109248K [0x00000000e0000000, 0x00000000e8000000, 0x00000000e8000000)
  eden space 87424K, 100% used [0x00000000e0000000, 0x00000000e5560000, 0x00000000e5560000)
  from space 21824K, 100% used [0x00000000e6ab0000, 0x00000000e8000000, 0x00000000e8000000)
  to   space 21824K,   0% used [0x00000000e5560000, 0x00000000e5560000, 0x00000000e6ab0000)
 concurrent mark-sweep generation total 393216K, used 5277K [0x00000000e8000000, 0x0000000100000000, 0x0000000100000000)
 Metaspace       used 28984K, capacity 29331K, committed 29744K, reserved 1075200K
  class space    used 3449K, capacity 3550K, committed 3632K, reserved 1048576K
2015-09-11T13:03:34.325+0200: 34.978: [GC (Allocation Failure) 34.978: [ParNew
Desired survivor size 20112992 bytes, new threshold 8 (max 8)
- age   1:    2147264 bytes,    2147264 total
- age   2:    2213904 bytes,    4361168 total
- age   3:    2195728 bytes,    6556896 total
- age   4:    4317232 bytes,   10874128 total
- age   5:    2729144 bytes,   13603272 total
- age   6:    1888224 bytes,   15491496 total
- age   7:     383392 bytes,   15874888 total
- age   8:     465800 bytes,   16340688 total
: 109248K->21824K(109248K), 0.0142161 secs] 114525K->36052K(502464K), 0.0142737 secs] [Times: user=0.06 sys=0.00, real=0.01 secs] 
Heap after GC invocations=10 (full 1):
 par new generation   total 109248K, used 21824K [0x00000000e0000000, 0x00000000e8000000, 0x00000000e8000000)
  eden space 87424K,   0% used [0x00000000e0000000, 0x00000000e0000000, 0x00000000e5560000)
  from space 21824K, 100% used [0x00000000e5560000, 0x00000000e6ab0000, 0x00000000e6ab0000)
  to   space 21824K,   0% used [0x00000000e6ab0000, 0x00000000e6ab0000, 0x00000000e8000000)
 concurrent mark-sweep generation total 393216K, used 14228K [0x00000000e8000000, 0x0000000100000000, 0x0000000100000000)
 Metaspace       used 28984K, capacity 29331K, committed 29744K, reserved 1075200K
  class space    used 3449K, capacity 3550K, committed 3632K, reserved 1048576K
}
2015-09-11T13:03:34.340+0200: 34.993: Total time for which application threads were stopped: 0.0144350 seconds, Stopping threads took: 0.0000176 seconds
{Heap before GC invocations=10 (full 1):
 par new generation   total 109248K, used 109248K [0x00000000e0000000, 0x00000000e8000000, 0x00000000e8000000)
  eden space 87424K, 100% used [0x00000000e0000000, 0x00000000e5560000, 0x00000000e5560000)
  from space 21824K, 100% used [0x00000000e5560000, 0x00000000e6ab0000, 0x00000000e6ab0000)
  to   space 21824K,   0% used [0x00000000e6ab0000, 0x00000000e6ab0000, 0x00000000e8000000)
 concurrent mark-sweep generation total 393216K, used 14228K [0x00000000e8000000, 0x0000000100000000, 0x0000000100000000)
 Metaspace       used 28986K, capacity 29331K, committed 29744K, reserved 1075200K
  class space    used 3449K, capacity 3550K, committed 3632K, reserved 1048576K
2015-09-11T13:03:34.627+0200: 35.280: [GC (Allocation Failure) 35.280: [ParNew
Desired survivor size 20112992 bytes, new threshold 8 (max 8)
- age   1:    4121800 bytes,    4121800 total
- age   2:    1944568 bytes,    6066368 total
- age   3:    2213904 bytes,    8280272 total
- age   4:    2195728 bytes,   10476000 total
- age   5:    4317232 bytes,   14793232 total
- age   6:    2729120 bytes,   17522352 total
- age   7:    1888224 bytes,   19410576 total
- age   8:     383392 bytes,   19793968 total
: 109248K->21579K(109248K), 0.0113282 secs] 123476K->38479K(502464K), 0.0114274 secs] [Times: user=0.06 sys=0.00, real=0.01 secs] 
Heap after GC invocations=11 (full 1):
 par new generation   total 109248K, used 21579K [0x00000000e0000000, 0x00000000e8000000, 0x00000000e8000000)
  eden space 87424K,   0% used [0x00000000e0000000, 0x00000000e0000000, 0x00000000e5560000)
  from space 21824K,  98% used [0x00000000e6ab0000, 0x00000000e7fc2ec0, 0x00000000e8000000)
  to   space 21824K,   0% used [0x00000000e5560000, 0x00000000e5560000, 0x00000000e6ab0000)
 concurrent mark-sweep generation total 393216K, used 16899K [0x00000000e8000000, 0x0000000100000000, 0x0000000100000000)
 Metaspace       used 28986K, capacity 29331K, committed 29744K, reserved 1075200K
  class space    used 3449K, capacity 3550K, committed 3632K, reserved 1048576K
}
2015-09-11T13:03:34.639+0200: 35.291: Total time for which application threads were stopped: 0.0116114 seconds, Stopping threads took: 0.0000202 seconds
{Heap before GC invocations=11 (full 1):
 par new generation   total 109248K, used 109003K [0x00000000e0000000, 0x00000000e8000000, 0x00000000e8000000)
  eden space 87424K, 100% used [0x00000000e0000000, 0x00000000e5560000, 0x00000000e5560000)
  from space 21824K,  98% used [0x00000000e6ab0000, 0x00000000e7fc2ec0, 0x00000000e8000000)
  to   space 21824K,   0% used [0x00000000e5560000, 0x00000000e5560000, 0x00000000e6ab0000)
 concurrent mark-sweep generation total 393216K, used 16899K [0x00000000e8000000, 0x0000000100000000, 0x0000000100000000)
 Metaspace       used 28988K, capacity 29331K, committed 29744K, reserved 1075200K
  class space    used 3449K, capacity 3550K, committed 3632K, reserved 1048576K
2015-09-11T13:03:34.926+0200: 35.578: [GC (Allocation Failure) 35.578: [ParNew
Desired survivor size 20112992 bytes, new threshold 7 (max 8)
- age   1:    5389552 bytes,    5389552 total
- age   2:    2481784 bytes,    7871336 total
- age   3:    1741024 bytes,    9612360 total
- age   4:    1950664 bytes,   11563024 total
- age   5:    2123000 bytes,   13686024 total
- age   6:    4243096 bytes,   17929120 total
- age   7:    2609672 bytes,   20538792 total
- age   8:     806184 bytes,   21344976 total
: 109003K->21824K(109248K), 0.0112655 secs] 125903K->42805K(502464K), 0.0113125 secs] [Times: user=0.00 sys=0.00, real=0.01 secs] 
Heap after GC invocations=12 (full 1):
 par new generation   total 109248K, used 21824K [0x00000000e0000000, 0x00000000e8000000, 0x00000000e8000000)
  eden space 87424K,   0% used [0x00000000e0000000, 0x00000000e0000000, 0x00000000e5560000)
  from space 21824K, 100% used [0x00000000e5560000, 0x00000000e6ab0000, 0x00000000e6ab0000)
  to   space 21824K,   0% used [0x00000000e6ab0000, 0x00000000e6ab0000, 0x00000000e8000000)
 concurrent mark-sweep generation total 393216K, used 20981K [0x00000000e8000000, 0x0000000100000000, 0x0000000100000000)
 Metaspace       used 28988K, capacity 29331K, committed 29744K, reserved 1075200K
  class space    used 3449K, capacity 3550K, committed 3632K, reserved 1048576K
}
2015-09-11T13:03:34.938+0200: 35.590: Total time for which application threads were stopped: 0.0114863 seconds, Stopping threads took: 0.0000138 seconds
{Heap before GC invocations=12 (full 1):
 par new generation   total 109248K, used 109248K [0x00000000e0000000, 0x00000000e8000000, 0x00000000e8000000)
  eden space 87424K, 100% used [0x00000000e0000000, 0x00000000e5560000, 0x00000000e5560000)
  from space 21824K, 100% used [0x00000000e5560000, 0x00000000e6ab0000, 0x00000000e6ab0000)
  to   space 21824K,   0% used [0x00000000e6ab0000, 0x00000000e6ab0000, 0x00000000e8000000)
 concurrent mark-sweep generation total 393216K, used 20981K [0x00000000e8000000, 0x0000000100000000, 0x0000000100000000)
 Metaspace       used 28989K, capacity 29331K, committed 29744K, reserved 1075200K
  class space    used 3449K, capacity 3550K, committed 3632K, reserved 1048576K
2015-09-11T13:03:35.223+0200: 35.875: [GC (Allocation Failure) 35.875: [ParNew
Desired survivor size 20112992 bytes, new threshold 8 (max 8)
- age   1:    4722080 bytes,    4722080 total
- age   2:    2119408 bytes,    6841488 total
- age   3:    2188736 bytes,    9030224 total
- age   4:    1475048 bytes,   10505272 total
- age   5:    1681728 bytes,   12187000 total
- age   6:    1917360 bytes,   14104360 total
- age   7:    4068376 bytes,   18172736 total
: 109248K->21824K(109248K), 0.0119775 secs] 130229K->51661K(502464K), 0.0120242 secs] [Times: user=0.00 sys=0.00, real=0.01 secs] 
Heap after GC invocations=13 (full 1):
 par new generation   total 109248K, used 21824K [0x00000000e0000000, 0x00000000e8000000, 0x00000000e8000000)
  eden space 87424K,   0% used [0x00000000e0000000, 0x00000000e0000000, 0x00000000e5560000)
  from space 21824K, 100% used [0x00000000e6ab0000, 0x00000000e8000000, 0x00000000e8000000)
  to   space 21824K,   0% used [0x00000000e5560000, 0x00000000e5560000, 0x00000000e6ab0000)
 concurrent mark-sweep generation total 393216K, used 29837K [0x00000000e8000000, 0x0000000100000000, 0x0000000100000000)
 Metaspace       used 28989K, capacity 29331K, committed 29744K, reserved 1075200K
  class space    used 3449K, capacity 3550K, committed 3632K, reserved 1048576K
}
2015-09-11T13:03:35.235+0200: 35.887: Total time for which application threads were stopped: 0.0121694 seconds, Stopping threads took: 0.0000138 seconds
{Heap before GC invocations=13 (full 1):
 par new generation   total 109248K, used 109248K [0x00000000e0000000, 0x00000000e8000000, 0x00000000e8000000)
  eden space 87424K, 100% used [0x00000000e0000000, 0x00000000e5560000, 0x00000000e5560000)
  from space 21824K, 100% used [0x00000000e6ab0000, 0x00000000e8000000, 0x00000000e8000000)
  to   space 21824K,   0% used [0x00000000e5560000, 0x00000000e5560000, 0x00000000e6ab0000)
 concurrent mark-sweep generation total 393216K, used 29837K [0x00000000e8000000, 0x0000000100000000, 0x0000000100000000)
 Metaspace       used 28991K, capacity 29331K, committed 29744K, reserved 1075200K
  class space    used 3449K, capacity 3550K, committed 3632K, reserved 1048576K
2015-09-11T13:03:35.523+0200: 36.175: [GC (Allocation Failure) 36.175: [ParNew
Desired survivor size 20112992 bytes, new threshold 8 (max 8)
- age   1:    5040520 bytes,    5040520 total
- age   2:    2497120 bytes,    7537640 total
- age   3:    1669056 bytes,    9206696 total
- age   4:    2021624 bytes,   11228320 total
- age   5:    1310912 bytes,   12539232 total
- age   6:    1509688 bytes,   14048920 total
- age   7:    1813096 bytes,   15862016 total
- age   8:    3980624 bytes,   19842640 total
: 109248K->21824K(109248K), 0.0090908 secs] 139085K->56004K(502464K), 0.0091394 secs] [Times: user=0.00 sys=0.00, real=0.01 secs] 
Heap after GC invocations=14 (full 1):
 par new generation   total 109248K, used 21824K [0x00000000e0000000, 0x00000000e8000000, 0x00000000e8000000)
  eden space 87424K,   0% used [0x00000000e0000000, 0x00000000e0000000, 0x00000000e5560000)
  from space 21824K, 100% used [0x00000000e5560000, 0x00000000e6ab0000, 0x00000000e6ab0000)
  to   space 21824K,   0% used [0x00000000e6ab0000, 0x00000000e6ab0000, 0x00000000e8000000)
 concurrent mark-sweep generation total 393216K, used 34180K [0x00000000e8000000, 0x0000000100000000, 0x0000000100000000)
 Metaspace       used 28991K, capacity 29331K, committed 29744K, reserved 1075200K
  class space    used 3449K, capacity 3550K, committed 3632K, reserved 1048576K
}
2015-09-11T13:03:35.532+0200: 36.184: Total time for which application threads were stopped: 0.0092917 seconds, Stopping threads took: 0.0000134 seconds
{Heap before GC invocations=14 (full 1):
 par new generation   total 109248K, used 109248K [0x00000000e0000000, 0x00000000e8000000, 0x00000000e8000000)
  eden space 87424K, 100% used [0x00000000e0000000, 0x00000000e5560000, 0x00000000e5560000)
  from space 21824K, 100% used [0x00000000e5560000, 0x00000000e6ab0000, 0x00000000e6ab0000)
  to   space 21824K,   0% used [0x00000000e6ab0000, 0x00000000e6ab0000, 0x00000000e8000000)
 concurrent mark-sweep generation total 393216K, used 34180K [0x00000000e8000000, 0x0000000100000000, 0x0000000100000000)
 Metaspace       used 28992K, capacity 29331K, committed 29744K, reserved 1075200K
  class space    used 3449K, capacity 3550K, committed 3632K, reserved 1048576K
2015-09-11T13:03:35.820+0200: 36.472: [GC (Allocation Failure) 36.472: [ParNew
Desired survivor size 20112992 bytes, new threshold 8 (max 8)
- age   1:    6806448 bytes,    6806448 total
- age   2:    2345728 bytes,    9152176 total
- age   3:    2418136 bytes,   11570312 total
- age   4:    1593304 bytes,   13163616 total
- age   5:    1949376 bytes,   15112992 total
- age   6:    1232024 bytes,   16345016 total
- age   7:    1438448 bytes,   17783464 total
- age   8:    1777816 bytes,   19561280 total
: 109248K->21824K(109248K), 0.0097922 secs] 143428K->64598K(502464K), 0.0098399 secs] [Times: user=0.01 sys=0.00, real=0.01 secs] 
Heap after GC invocations=15 (full 1):
 par new generation   total 109248K, used 21824K [0x00000000e0000000, 0x00000000e8000000, 0x00000000e8000000)
  eden space 87424K,   0% used [0x00000000e0000000, 0x00000000e0000000, 0x00000000e5560000)
  from space 21824K, 100% used [0x00000000e6ab0000, 0x00000000e8000000, 0x00000000e8000000)
  to   space 21824K,   0% used [0x00000000e5560000, 0x00000000e5560000, 0x00000000e6ab0000)
 concurrent mark-sweep generation total 393216K, used 42774K [0x00000000e8000000, 0x0000000100000000, 0x0000000100000000)
 Metaspace       used 28992K, capacity 29331K, committed 29744K, reserved 1075200K
  class space    used 3449K, capacity 3550K, committed 3632K, reserved 1048576K
}
2015-09-11T13:03:35.830+0200: 36.482: Total time for which application threads were stopped: 0.0099772 seconds, Stopping threads took: 0.0000134 seconds
{Heap before GC invocations=15 (full 1):
 par new generation   total 109248K, used 109248K [0x00000000e0000000, 0x00000000e8000000, 0x00000000e8000000)
  eden space 87424K, 100% used [0x00000000e0000000, 0x00000000e5560000, 0x00000000e5560000)
  from space 21824K, 100% used [0x00000000e6ab0000, 0x00000000e8000000, 0x00000000e8000000)
  to   space 21824K,   0% used [0x00000000e5560000, 0x00000000e5560000, 0x00000000e6ab0000)
 concurrent mark-sweep generation total 393216K, used 42774K [0x00000000e8000000, 0x0000000100000000, 0x0000000100000000)
 Metaspace       used 28993K, capacity 29331K, committed 29744K, reserved 1075200K
  class space    used 3449K, capacity 3550K, committed 3632K, reserved 1048576K
2015-09-11T13:03:36.125+0200: 36.776: [GC (Allocation Failure) 36.777: [ParNew
Desired survivor size 20112992 bytes, new threshold 8 (max 8)
- age   1:    4259808 bytes,    4259808 total
- age   2:    4613080 bytes,    8872888 total
- age   3:    2283496 bytes,   11156384 total
- age   4:    2366296 bytes,   13522680 total
- age   5:    1561520 bytes,   15084200 total
- age   6:    1917320 bytes,   17001520 total
- age   7:    1204944 bytes,   18206464 total
- age   8:    1408056 bytes,   19614520 total
: 109248K->21824K(109248K), 0.0092229 secs] 152022K->68679K(502464K), 0.0092709 secs] [Times: user=0.05 sys=0.02, real=0.01 secs] 
Heap after GC invocations=16 (full 1):
 par new generation   total 109248K, used 21824K [0x00000000e0000000, 0x00000000e8000000, 0x00000000e8000000)
  eden space 87424K,   0% used [0x00000000e0000000, 0x00000000e0000000, 0x00000000e5560000)
  from space 21824K, 100% used [0x00000000e5560000, 0x00000000e6ab0000, 0x00000000e6ab0000)
  to   space 21824K,   0% used [0x00000000e6ab0000, 0x00000000e6ab0000, 0x00000000e8000000)
 concurrent mark-sweep generation total 393216K, used 46855K [0x00000000e8000000, 0x0000000100000000, 0x0000000100000000)
 Metaspace       used 28993K, capacity 29331K, committed 29744K, reserved 1075200K
  class space    used 3449K, capacity 3550K, committed 3632K, reserved 1048576K
}
2015-09-11T13:03:36.134+0200: 36.786: Total time for which application threads were stopped: 0.0094200 seconds, Stopping threads took: 0.0000138 seconds
{Heap before GC invocations=16 (full 1):
 par new generation   total 109248K, used 109248K [0x00000000e0000000, 0x00000000e8000000, 0x00000000e8000000)
  eden space 87424K, 100% used [0x00000000e0000000, 0x00000000e5560000, 0x00000000e5560000)
  from space 21824K, 100% used [0x00000000e5560000, 0x00000000e6ab0000, 0x00000000e6ab0000)
  to   space 21824K,   0% used [0x00000000e6ab0000, 0x00000000e6ab0000, 0x00000000e8000000)
 concurrent mark-sweep generation total 393216K, used 46855K [0x00000000e8000000, 0x0000000100000000, 0x0000000100000000)
 Metaspace       used 28994K, capacity 29331K, committed 29744K, reserved 1075200K
  class space    used 3449K, capacity 3550K, committed 3632K, reserved 1048576K
2015-09-11T13:03:36.411+0200: 37.063: [GC (Allocation Failure) 37.063: [ParNew
Desired survivor size 20112992 bytes, new threshold 8 (max 8)
- age   1:    3781968 bytes,    3781968 total
- age   2:    2925624 bytes,    6707592 total
- age   3:    3934536 bytes,   10642128 total
- age   4:    2212352 bytes,   12854480 total
- age   5:    2350512 bytes,   15204992 total
- age   6:    1549664 bytes,   16754656 total
- age   7:    1906848 bytes,   18661504 total
- age   8:    1193256 bytes,   19854760 total
: 109248K->21824K(109248K), 0.0102293 secs] 156103K->75729K(502464K), 0.0102776 secs] [Times: user=0.00 sys=0.00, real=0.01 secs] 
Heap after GC invocations=17 (full 1):
 par new generation   total 109248K, used 21824K [0x00000000e0000000, 0x00000000e8000000, 0x00000000e8000000)
  eden space 87424K,   0% used [0x00000000e0000000, 0x00000000e0000000, 0x00000000e5560000)
  from space 21824K, 100% used [0x00000000e6ab0000, 0x00000000e8000000, 0x00000000e8000000)
  to   space 21824K,   0% used [0x00000000e5560000, 0x00000000e5560000, 0x00000000e6ab0000)
 concurrent mark-sweep generation total 393216K, used 53905K [0x00000000e8000000, 0x0000000100000000, 0x0000000100000000)
 Metaspace       used 28994K, capacity 29331K, committed 29744K, reserved 1075200K
  class space    used 3449K, capacity 3550K, committed 3632K, reserved 1048576K
}
2015-09-11T13:03:36.422+0200: 37.074: Total time for which application threads were stopped: 0.0104101 seconds, Stopping threads took: 0.0000144 seconds
{Heap before GC invocations=17 (full 1):
 par new generation   total 109248K, used 109248K [0x00000000e0000000, 0x00000000e8000000, 0x00000000e8000000)
  eden space 87424K, 100% used [0x00000000e0000000, 0x00000000e5560000, 0x00000000e5560000)
  from space 21824K, 100% used [0x00000000e6ab0000, 0x00000000e8000000, 0x00000000e8000000)
  to   space 21824K,   0% used [0x00000000e5560000, 0x00000000e5560000, 0x00000000e6ab0000)
 concurrent mark-sweep generation total 393216K, used 53905K [0x00000000e8000000, 0x0000000100000000, 0x0000000100000000)
 Metaspace       used 28996K, capacity 29331K, committed 29744K, reserved 1075200K
  class space    used 3449K, capacity 3550K, committed 3632K, reserved 1048576K
2015-09-11T13:03:36.694+0200: 37.346: [GC (Allocation Failure) 37.346: [ParNew
Desired survivor size 20112992 bytes, new threshold 8 (max 8)
- age   1:    3590568 bytes,    3590568 total
- age   2:    2998680 bytes,    6589248 total
- age   3:    2723432 bytes,    9312680 total
- age   4:    3912536 bytes,   13225216 total
- age   5:    2103512 bytes,   15328728 total
- age   6:    2330392 bytes,   17659120 total
- age   7:    1540352 bytes,   19199472 total
- age   8:    1895152 bytes,   21094624 total
: 109248K->21824K(109248K), 0.0105893 secs] 163153K->84349K(502464K), 0.0106376 secs] [Times: user=0.02 sys=0.00, real=0.01 secs] 
Heap after GC invocations=18 (full 1):
 par new generation   total 109248K, used 21824K [0x00000000e0000000, 0x00000000e8000000, 0x00000000e8000000)
  eden space 87424K,   0% used [0x00000000e0000000, 0x00000000e0000000, 0x00000000e5560000)
  from space 21824K, 100% used [0x00000000e5560000, 0x00000000e6ab0000, 0x00000000e6ab0000)
  to   space 21824K,   0% used [0x00000000e6ab0000, 0x00000000e6ab0000, 0x00000000e8000000)
 concurrent mark-sweep generation total 393216K, used 62525K [0x00000000e8000000, 0x0000000100000000, 0x0000000100000000)
 Metaspace       used 28996K, capacity 29331K, committed 29744K, reserved 1075200K
  class space    used 3449K, capacity 3550K, committed 3632K, reserved 1048576K
}
2015-09-11T13:03:36.704+0200: 37.356: Total time for which application threads were stopped: 0.0107679 seconds, Stopping threads took: 0.0000134 seconds
{Heap before GC invocations=18 (full 1):
 par new generation   total 109248K, used 109248K [0x00000000e0000000, 0x00000000e8000000, 0x00000000e8000000)
  eden space 87424K, 100% used [0x00000000e0000000, 0x00000000e5560000, 0x00000000e5560000)
  from space 21824K, 100% used [0x00000000e5560000, 0x00000000e6ab0000, 0x00000000e6ab0000)
  to   space 21824K,   0% used [0x00000000e6ab0000, 0x00000000e6ab0000, 0x00000000e8000000)
 concurrent mark-sweep generation total 393216K, used 62525K [0x00000000e8000000, 0x0000000100000000, 0x0000000100000000)
 Metaspace       used 28996K, capacity 29331K, committed 29744K, reserved 1075200K
  class space    used 3449K, capacity 3550K, committed 3632K, reserved 1048576K
2015-09-11T13:03:37.001+0200: 37.653: [GC (Allocation Failure) 37.653: [ParNew
Desired survivor size 20112992 bytes, new threshold 8 (max 8)
- age   1:    3749496 bytes,    3749496 total
- age   2:    2805568 bytes,    6555064 total
- age   3:    2983432 bytes,    9538496 total
- age   4:    2701872 bytes,   12240368 total
- age   5:    3907168 bytes,   16147536 total
- age   6:    2072712 bytes,   18220248 total
- age   7:    1799560 bytes,   20019808 total
- age   8:    1536512 bytes,   21556320 total
: 109248K->21824K(109248K), 0.0097976 secs] 171773K->89513K(502464K), 0.0098453 secs] [Times: user=0.00 sys=0.00, real=0.01 secs] 
Heap after GC invocations=19 (full 1):
 par new generation   total 109248K, used 21824K [0x00000000e0000000, 0x00000000e8000000, 0x00000000e8000000)
  eden space 87424K,   0% used [0x00000000e0000000, 0x00000000e0000000, 0x00000000e5560000)
  from space 21824K, 100% used [0x00000000e6ab0000, 0x00000000e8000000, 0x00000000e8000000)
  to   space 21824K,   0% used [0x00000000e5560000, 0x00000000e5560000, 0x00000000e6ab0000)
 concurrent mark-sweep generation total 393216K, used 67689K [0x00000000e8000000, 0x0000000100000000, 0x0000000100000000)
 Metaspace       used 28996K, capacity 29331K, committed 29744K, reserved 1075200K
  class space    used 3449K, capacity 3550K, committed 3632K, reserved 1048576K
}
2015-09-11T13:03:37.011+0200: 37.663: Total time for which application threads were stopped: 0.0099775 seconds, Stopping threads took: 0.0000141 seconds
{Heap before GC invocations=19 (full 1):
 par new generation   total 109248K, used 109248K [0x00000000e0000000, 0x00000000e8000000, 0x00000000e8000000)
  eden space 87424K, 100% used [0x00000000e0000000, 0x00000000e5560000, 0x00000000e5560000)
  from space 21824K, 100% used [0x00000000e6ab0000, 0x00000000e8000000, 0x00000000e8000000)
  to   space 21824K,   0% used [0x00000000e5560000, 0x00000000e5560000, 0x00000000e6ab0000)
 concurrent mark-sweep generation total 393216K, used 67689K [0x00000000e8000000, 0x0000000100000000, 0x0000000100000000)
 Metaspace       used 28996K, capacity 29331K, committed 29744K, reserved 1075200K
  class space    used 3449K, capacity 3550K, committed 3632K, reserved 1048576K
2015-09-11T13:03:37.289+0200: 37.941: [GC (Allocation Failure) 37.941: [ParNew
Desired survivor size 20112992 bytes, new threshold 8 (max 8)
- age   1:    2462360 bytes,    2462360 total
- age   2:    3701000 bytes,    6163360 total
- age   3:    2031216 bytes,    8194576 total
- age   4:    2974208 bytes,   11168784 total
- age   5:    2697480 bytes,   13866264 total
- age   6:    3903368 bytes,   17769632 total
- age   7:    2055776 bytes,   19825408 total
- age   8:    1791632 bytes,   21617040 total
: 109248K->21824K(109248K), 0.0107487 secs] 176937K->98352K(502464K), 0.0108280 secs] [Times: user=0.06 sys=0.00, real=0.01 secs] 
Heap after GC invocations=20 (full 1):
 par new generation   total 109248K, used 21824K [0x00000000e0000000, 0x00000000e8000000, 0x00000000e8000000)
  eden space 87424K,   0% used [0x00000000e0000000, 0x00000000e0000000, 0x00000000e5560000)
  from space 21824K, 100% used [0x00000000e5560000, 0x00000000e6ab0000, 0x00000000e6ab0000)
  to   space 21824K,   0% used [0x00000000e6ab0000, 0x00000000e6ab0000, 0x00000000e8000000)
 concurrent mark-sweep generation total 393216K, used 76528K [0x00000000e8000000, 0x0000000100000000, 0x0000000100000000)
 Metaspace       used 28996K, capacity 29331K, committed 29744K, reserved 1075200K
  class space    used 3449K, capacity 3550K, committed 3632K, reserved 1048576K
}
2015-09-11T13:03:37.300+0200: 37.952: Total time for which application threads were stopped: 0.0109730 seconds, Stopping threads took: 0.0000157 seconds
{Heap before GC invocations=20 (full 1):
 par new generation   total 109248K, used 109248K [0x00000000e0000000, 0x00000000e8000000, 0x00000000e8000000)
  eden space 87424K, 100% used [0x00000000e0000000, 0x00000000e5560000, 0x00000000e5560000)
  from space 21824K, 100% used [0x00000000e5560000, 0x00000000e6ab0000, 0x00000000e6ab0000)
  to   space 21824K,   0% used [0x00000000e6ab0000, 0x00000000e6ab0000, 0x00000000e8000000)
 concurrent mark-sweep generation total 393216K, used 76528K [0x00000000e8000000, 0x0000000100000000, 0x0000000100000000)
 Metaspace       used 28996K, capacity 29331K, committed 29744K, reserved 1075200K
  class space    used 3449K, capacity 3550K, committed 3632K, reserved 1048576K
2015-09-11T13:03:37.587+0200: 38.239: [GC (Allocation Failure) 38.239: [ParNew
Desired survivor size 20112992 bytes, new threshold 8 (max 8)
- age   1:    2735992 bytes,    2735992 total
- age   2:    2233944 bytes,    4969936 total
- age   3:    3167456 bytes,    8137392 total
- age   4:    1998840 bytes,   10136232 total
- age   5:    2968736 bytes,   13104968 total
- age   6:    2676864 bytes,   15781832 total
- age   7:    3897816 bytes,   19679648 total
- age   8:    2039912 bytes,   21719560 total
: 109248K->21824K(109248K), 0.0103013 secs] 185776K->103545K(502464K), 0.0103471 secs] [Times: user=0.06 sys=0.00, real=0.01 secs] 
Heap after GC invocations=21 (full 1):
 par new generation   total 109248K, used 21824K [0x00000000e0000000, 0x00000000e8000000, 0x00000000e8000000)
  eden space 87424K,   0% used [0x00000000e0000000, 0x00000000e0000000, 0x00000000e5560000)
  from space 21824K, 100% used [0x00000000e6ab0000, 0x00000000e8000000, 0x00000000e8000000)
  to   space 21824K,   0% used [0x00000000e5560000, 0x00000000e5560000, 0x00000000e6ab0000)
 concurrent mark-sweep generation total 393216K, used 81721K [0x00000000e8000000, 0x0000000100000000, 0x0000000100000000)
 Metaspace       used 28996K, capacity 29331K, committed 29744K, reserved 1075200K
  class space    used 3449K, capacity 3550K, committed 3632K, reserved 1048576K
}
2015-09-11T13:03:37.598+0200: 38.250: Total time for which application threads were stopped: 0.0104789 seconds, Stopping threads took: 0.0000138 seconds
{Heap before GC invocations=21 (full 1):
 par new generation   total 109248K, used 109248K [0x00000000e0000000, 0x00000000e8000000, 0x00000000e8000000)
  eden space 87424K, 100% used [0x00000000e0000000, 0x00000000e5560000, 0x00000000e5560000)
  from space 21824K, 100% used [0x00000000e6ab0000, 0x00000000e8000000, 0x00000000e8000000)
  to   space 21824K,   0% used [0x00000000e5560000, 0x00000000e5560000, 0x00000000e6ab0000)
 concurrent mark-sweep generation total 393216K, used 81721K [0x00000000e8000000, 0x0000000100000000, 0x0000000100000000)
 Metaspace       used 28997K, capacity 29331K, committed 29744K, reserved 1075200K
  class space    used 3449K, capacity 3550K, committed 3632K, reserved 1048576K
2015-09-11T13:03:37.867+0200: 38.519: [GC (Allocation Failure) 38.519: [ParNew
Desired survivor size 20112992 bytes, new threshold 8 (max 8)
- age   1:    3688688 bytes,    3688688 total
- age   2:    2088840 bytes,    5777528 total
- age   3:    1345088 bytes,    7122616 total
- age   4:    3095920 bytes,   10218536 total
- age   5:    1845680 bytes,   12064216 total
- age   6:    2951584 bytes,   15015800 total
- age   7:    2654184 bytes,   17669984 total
- age   8:    3880976 bytes,   21550960 total
: 109248K->21824K(109248K), 0.0113567 secs] 190969K->115704K(502464K), 0.0114050 secs] [Times: user=0.05 sys=0.02, real=0.01 secs] 
Heap after GC invocations=22 (full 1):
 par new generation   total 109248K, used 21824K [0x00000000e0000000, 0x00000000e8000000, 0x00000000e8000000)
  eden space 87424K,   0% used [0x00000000e0000000, 0x00000000e0000000, 0x00000000e5560000)
  from space 21824K, 100% used [0x00000000e5560000, 0x00000000e6ab0000, 0x00000000e6ab0000)
  to   space 21824K,   0% used [0x00000000e6ab0000, 0x00000000e6ab0000, 0x00000000e8000000)
 concurrent mark-sweep generation total 393216K, used 93880K [0x00000000e8000000, 0x0000000100000000, 0x0000000100000000)
 Metaspace       used 28997K, capacity 29331K, committed 29744K, reserved 1075200K
  class space    used 3449K, capacity 3550K, committed 3632K, reserved 1048576K
}
2015-09-11T13:03:37.879+0200: 38.531: Total time for which application threads were stopped: 0.0115384 seconds, Stopping threads took: 0.0000134 seconds
{Heap before GC invocations=22 (full 1):
 par new generation   total 109248K, used 109248K [0x00000000e0000000, 0x00000000e8000000, 0x00000000e8000000)
  eden space 87424K, 100% used [0x00000000e0000000, 0x00000000e5560000, 0x00000000e5560000)
  from space 21824K, 100% used [0x00000000e5560000, 0x00000000e6ab0000, 0x00000000e6ab0000)
  to   space 21824K,   0% used [0x00000000e6ab0000, 0x00000000e6ab0000, 0x00000000e8000000)
 concurrent mark-sweep generation total 393216K, used 93880K [0x00000000e8000000, 0x0000000100000000, 0x0000000100000000)
 Metaspace       used 28997K, capacity 29331K, committed 29744K, reserved 1075200K
  class space    used 3449K, capacity 3550K, committed 3632K, reserved 1048576K
2015-09-11T13:03:38.180+0200: 38.832: [GC (Allocation Failure) 38.832: [ParNew
Desired survivor size 20112992 bytes, new threshold 8 (max 8)
- age   1:    2078496 bytes,    2078496 total
- age   2:    3591608 bytes,    5670104 total
- age   3:    2025216 bytes,    7695320 total
- age   4:    1209888 bytes,    8905208 total
- age   5:    3045592 bytes,   11950800 total
- age   6:    1797704 bytes,   13748504 total
- age   7:    2923736 bytes,   16672240 total
- age   8:    2628400 bytes,   19300640 total
: 109248K->21824K(109248K), 0.0113915 secs] 203128K->120947K(502464K), 0.0114376 secs] [Times: user=0.06 sys=0.00, real=0.01 secs] 
Heap after GC invocations=23 (full 1):
 par new generation   total 109248K, used 21824K [0x00000000e0000000, 0x00000000e8000000, 0x00000000e8000000)
  eden space 87424K,   0% used [0x00000000e0000000, 0x00000000e0000000, 0x00000000e5560000)
  from space 21824K, 100% used [0x00000000e6ab0000, 0x00000000e8000000, 0x00000000e8000000)
  to   space 21824K,   0% used [0x00000000e5560000, 0x00000000e5560000, 0x00000000e6ab0000)
 concurrent mark-sweep generation total 393216K, used 99123K [0x00000000e8000000, 0x0000000100000000, 0x0000000100000000)
 Metaspace       used 28997K, capacity 29331K, committed 29744K, reserved 1075200K
  class space    used 3449K, capacity 3550K, committed 3632K, reserved 1048576K
}
2015-09-11T13:03:38.191+0200: 38.843: Total time for which application threads were stopped: 0.0115800 seconds, Stopping threads took: 0.0000224 seconds
{Heap before GC invocations=23 (full 1):
 par new generation   total 109248K, used 109248K [0x00000000e0000000, 0x00000000e8000000, 0x00000000e8000000)
  eden space 87424K, 100% used [0x00000000e0000000, 0x00000000e5560000, 0x00000000e5560000)
  from space 21824K, 100% used [0x00000000e6ab0000, 0x00000000e8000000, 0x00000000e8000000)
  to   space 21824K,   0% used [0x00000000e5560000, 0x00000000e5560000, 0x00000000e6ab0000)
 concurrent mark-sweep generation total 393216K, used 99123K [0x00000000e8000000, 0x0000000100000000, 0x0000000100000000)
 Metaspace       used 28998K, capacity 29331K, committed 29744K, reserved 1075200K
  class space    used 3449K, capacity 3550K, committed 3632K, reserved 1048576K
2015-09-11T13:03:38.481+0200: 39.133: [GC (Allocation Failure) 39.133: [ParNew
Desired survivor size 20112992 bytes, new threshold 8 (max 8)
- age   1:    5464352 bytes,    5464352 total
- age   2:    1815016 bytes,    7279368 total
- age   3:    2238104 bytes,    9517472 total
- age   4:    1816472 bytes,   11333944 total
- age   5:    1201064 bytes,   12535008 total
- age   6:    2935624 bytes,   15470632 total
- age   7:    1754032 bytes,   17224664 total
- age   8:    2887208 bytes,   20111872 total
: 109248K->21824K(109248K), 0.0106527 secs] 208371K->126482K(502464K), 0.0107013 secs] [Times: user=0.06 sys=0.00, real=0.01 secs] 
Heap after GC invocations=24 (full 1):
 par new generation   total 109248K, used 21824K [0x00000000e0000000, 0x00000000e8000000, 0x00000000e8000000)
  eden space 87424K,   0% used [0x00000000e0000000, 0x00000000e0000000, 0x00000000e5560000)
  from space 21824K, 100% used [0x00000000e5560000, 0x00000000e6ab0000, 0x00000000e6ab0000)
  to   space 21824K,   0% used [0x00000000e6ab0000, 0x00000000e6ab0000, 0x00000000e8000000)
 concurrent mark-sweep generation total 393216K, used 104658K [0x00000000e8000000, 0x0000000100000000, 0x0000000100000000)
 Metaspace       used 28998K, capacity 29331K, committed 29744K, reserved 1075200K
  class space    used 3449K, capacity 3550K, committed 3632K, reserved 1048576K
}
2015-09-11T13:03:38.492+0200: 39.144: Total time for which application threads were stopped: 0.0108431 seconds, Stopping threads took: 0.0000138 seconds
{Heap before GC invocations=24 (full 1):
 par new generation   total 109248K, used 109248K [0x00000000e0000000, 0x00000000e8000000, 0x00000000e8000000)
  eden space 87424K, 100% used [0x00000000e0000000, 0x00000000e5560000, 0x00000000e5560000)
  from space 21824K, 100% used [0x00000000e5560000, 0x00000000e6ab0000, 0x00000000e6ab0000)
  to   space 21824K,   0% used [0x00000000e6ab0000, 0x00000000e6ab0000, 0x00000000e8000000)
 concurrent mark-sweep generation total 393216K, used 104658K [0x00000000e8000000, 0x0000000100000000, 0x0000000100000000)
 Metaspace       used 28999K, capacity 29331K, committed 29744K, reserved 1075200K
  class space    used 3449K, capacity 3550K, committed 3632K, reserved 1048576K
2015-09-11T13:03:38.764+0200: 39.416: [GC (Allocation Failure) 39.416: [ParNew
Desired survivor size 20112992 bytes, new threshold 8 (max 8)
- age   1:    4488344 bytes,    4488344 total
- age   2:    4565720 bytes,    9054064 total
- age   3:    1772648 bytes,   10826712 total
- age   4:    2208280 bytes,   13034992 total
- age   5:    1782568 bytes,   14817560 total
- age   6:    1169160 bytes,   15986720 total
- age   7:    2903424 bytes,   18890144 total
- age   8:    1722824 bytes,   20612968 total
: 109248K->21824K(109248K), 0.0118395 secs] 213906K->137688K(502464K), 0.0119192 secs] [Times: user=0.00 sys=0.00, real=0.01 secs] 
Heap after GC invocations=25 (full 1):
 par new generation   total 109248K, used 21824K [0x00000000e0000000, 0x00000000e8000000, 0x00000000e8000000)
  eden space 87424K,   0% used [0x00000000e0000000, 0x00000000e0000000, 0x00000000e5560000)
  from space 21824K, 100% used [0x00000000e6ab0000, 0x00000000e8000000, 0x00000000e8000000)
  to   space 21824K,   0% used [0x00000000e5560000, 0x00000000e5560000, 0x00000000e6ab0000)
 concurrent mark-sweep generation total 393216K, used 115864K [0x00000000e8000000, 0x0000000100000000, 0x0000000100000000)
 Metaspace       used 28999K, capacity 29331K, committed 29744K, reserved 1075200K
  class space    used 3449K, capacity 3550K, committed 3632K, reserved 1048576K
}
2015-09-11T13:03:38.776+0200: 39.428: Total time for which application threads were stopped: 0.0120536 seconds, Stopping threads took: 0.0000134 seconds
{Heap before GC invocations=25 (full 1):
 par new generation   total 109248K, used 109248K [0x00000000e0000000, 0x00000000e8000000, 0x00000000e8000000)
  eden space 87424K, 100% used [0x00000000e0000000, 0x00000000e5560000, 0x00000000e5560000)
  from space 21824K, 100% used [0x00000000e6ab0000, 0x00000000e8000000, 0x00000000e8000000)
  to   space 21824K,   0% used [0x00000000e5560000, 0x00000000e5560000, 0x00000000e6ab0000)
 concurrent mark-sweep generation total 393216K, used 115864K [0x00000000e8000000, 0x0000000100000000, 0x0000000100000000)
 Metaspace       used 28999K, capacity 29331K, committed 29744K, reserved 1075200K
  class space    used 3449K, capacity 3550K, committed 3632K, reserved 1048576K
2015-09-11T13:03:39.076+0200: 39.728: [GC (Allocation Failure) 39.728: [ParNew
Desired survivor size 20112992 bytes, new threshold 8 (max 8)
- age   1:    2743952 bytes,    2743952 total
- age   2:    3363104 bytes,    6107056 total
- age   3:    4545968 bytes,   10653024 total
- age   4:    1714592 bytes,   12367616 total
- age   5:    1882200 bytes,   14249816 total
- age   6:    1709848 bytes,   15959664 total
- age   7:    1139456 bytes,   17099120 total
- age   8:    2886448 bytes,   19985568 total
: 109248K->21824K(109248K), 0.0101167 secs] 225112K->141141K(502464K), 0.0101628 secs] [Times: user=0.00 sys=0.00, real=0.01 secs] 
Heap after GC invocations=26 (full 1):
 par new generation   total 109248K, used 21824K [0x00000000e0000000, 0x00000000e8000000, 0x00000000e8000000)
  eden space 87424K,   0% used [0x00000000e0000000, 0x00000000e0000000, 0x00000000e5560000)
  from space 21824K, 100% used [0x00000000e5560000, 0x00000000e6ab0000, 0x00000000e6ab0000)
  to   space 21824K,   0% used [0x00000000e6ab0000, 0x00000000e6ab0000, 0x00000000e8000000)
 concurrent mark-sweep generation total 393216K, used 119317K [0x00000000e8000000, 0x0000000100000000, 0x0000000100000000)
 Metaspace       used 28999K, capacity 29331K, committed 29744K, reserved 1075200K
  class space    used 3449K, capacity 3550K, committed 3632K, reserved 1048576K
}
2015-09-11T13:03:39.086+0200: 39.738: Total time for which application threads were stopped: 0.0102962 seconds, Stopping threads took: 0.0000144 seconds
{Heap before GC invocations=26 (full 1):
 par new generation   total 109248K, used 109248K [0x00000000e0000000, 0x00000000e8000000, 0x00000000e8000000)
  eden space 87424K, 100% used [0x00000000e0000000, 0x00000000e5560000, 0x00000000e5560000)
  from space 21824K, 100% used [0x00000000e5560000, 0x00000000e6ab0000, 0x00000000e6ab0000)
  to   space 21824K,   0% used [0x00000000e6ab0000, 0x00000000e6ab0000, 0x00000000e8000000)
 concurrent mark-sweep generation total 393216K, used 119317K [0x00000000e8000000, 0x0000000100000000, 0x0000000100000000)
 Metaspace       used 28999K, capacity 29331K, committed 29744K, reserved 1075200K
  class space    used 3449K, capacity 3550K, committed 3632K, reserved 1048576K
2015-09-11T13:03:39.394+0200: 40.046: [GC (Allocation Failure) 40.046: [ParNew
Desired survivor size 20112992 bytes, new threshold 8 (max 8)
- age   1:    4770056 bytes,    4770056 total
- age   2:    2724064 bytes,    7494120 total
- age   3:    3341648 bytes,   10835768 total
- age   4:    2633520 bytes,   13469288 total
- age   5:    1711648 bytes,   15180936 total
- age   6:    1880760 bytes,   17061696 total
- age   7:    1707720 bytes,   18769416 total
- age   8:    1137808 bytes,   19907224 total
: 109248K->21824K(109248K), 0.0105195 secs] 228565K->150646K(502464K), 0.0105663 secs] [Times: user=0.06 sys=0.00, real=0.01 secs] 
Heap after GC invocations=27 (full 1):
 par new generation   total 109248K, used 21824K [0x00000000e0000000, 0x00000000e8000000, 0x00000000e8000000)
  eden space 87424K,   0% used [0x00000000e0000000, 0x00000000e0000000, 0x00000000e5560000)
  from space 21824K, 100% used [0x00000000e6ab0000, 0x00000000e8000000, 0x00000000e8000000)
  to   space 21824K,   0% used [0x00000000e5560000, 0x00000000e5560000, 0x00000000e6ab0000)
 concurrent mark-sweep generation total 393216K, used 128822K [0x00000000e8000000, 0x0000000100000000, 0x0000000100000000)
 Metaspace       used 28999K, capacity 29331K, committed 29744K, reserved 1075200K
  class space    used 3449K, capacity 3550K, committed 3632K, reserved 1048576K
}
2015-09-11T13:03:39.404+0200: 40.056: Total time for which application threads were stopped: 0.0107349 seconds, Stopping threads took: 0.0000134 seconds
{Heap before GC invocations=27 (full 1):
 par new generation   total 109248K, used 109248K [0x00000000e0000000, 0x00000000e8000000, 0x00000000e8000000)
  eden space 87424K, 100% used [0x00000000e0000000, 0x00000000e5560000, 0x00000000e5560000)
  from space 21824K, 100% used [0x00000000e6ab0000, 0x00000000e8000000, 0x00000000e8000000)
  to   space 21824K,   0% used [0x00000000e5560000, 0x00000000e5560000, 0x00000000e6ab0000)
 concurrent mark-sweep generation total 393216K, used 128822K [0x00000000e8000000, 0x0000000100000000, 0x0000000100000000)
 Metaspace       used 28999K, capacity 29331K, committed 29744K, reserved 1075200K
  class space    used 3449K, capacity 3550K, committed 3632K, reserved 1048576K
2015-09-11T13:03:39.676+0200: 40.328: [GC (Allocation Failure) 40.328: [ParNew
Desired survivor size 20112992 bytes, new threshold 8 (max 8)
- age   1:    3815600 bytes,    3815600 total
- age   2:    3188656 bytes,    7004256 total
- age   3:    2668984 bytes,    9673240 total
- age   4:    3297336 bytes,   12970576 total
- age   5:    2418984 bytes,   15389560 total
- age   6:    1707104 bytes,   17096664 total
- age   7:    1878120 bytes,   18974784 total
- age   8:    1706512 bytes,   20681296 total
: 109248K->21824K(109248K), 0.0117893 secs] 238070K->160921K(502464K), 0.0118354 secs] [Times: user=0.05 sys=0.02, real=0.01 secs] 
Heap after GC invocations=28 (full 1):
 par new generation   total 109248K, used 21824K [0x00000000e0000000, 0x00000000e8000000, 0x00000000e8000000)
  eden space 87424K,   0% used [0x00000000e0000000, 0x00000000e0000000, 0x00000000e5560000)
  from space 21824K, 100% used [0x00000000e5560000, 0x00000000e6ab0000, 0x00000000e6ab0000)
  to   space 21824K,   0% used [0x00000000e6ab0000, 0x00000000e6ab0000, 0x00000000e8000000)
 concurrent mark-sweep generation total 393216K, used 139097K [0x00000000e8000000, 0x0000000100000000, 0x0000000100000000)
 Metaspace       used 28999K, capacity 29331K, committed 29744K, reserved 1075200K
  class space    used 3449K, capacity 3550K, committed 3632K, reserved 1048576K
}
2015-09-11T13:03:39.688+0200: 40.340: Total time for which application threads were stopped: 0.0119685 seconds, Stopping threads took: 0.0000134 seconds
{Heap before GC invocations=28 (full 1):
 par new generation   total 109248K, used 109248K [0x00000000e0000000, 0x00000000e8000000, 0x00000000e8000000)
  eden space 87424K, 100% used [0x00000000e0000000, 0x00000000e5560000, 0x00000000e5560000)
  from space 21824K, 100% used [0x00000000e5560000, 0x00000000e6ab0000, 0x00000000e6ab0000)
  to   space 21824K,   0% used [0x00000000e6ab0000, 0x00000000e6ab0000, 0x00000000e8000000)
 concurrent mark-sweep generation total 393216K, used 139097K [0x00000000e8000000, 0x0000000100000000, 0x0000000100000000)
 Metaspace       used 28999K, capacity 29331K, committed 29744K, reserved 1075200K
  class space    used 3449K, capacity 3550K, committed 3632K, reserved 1048576K
2015-09-11T13:03:39.976+0200: 40.628: [GC (Allocation Failure) 40.628: [ParNew
Desired survivor size 20112992 bytes, new threshold 8 (max 8)
- age   1:    2160344 bytes,    2160344 total
- age   2:    3614280 bytes,    5774624 total
- age   3:    3006584 bytes,    8781208 total
- age   4:    2445192 bytes,   11226400 total
- age   5:    2591480 bytes,   13817880 total
- age   6:    2257040 bytes,   16074920 total
- age   7:    1678168 bytes,   17753088 total
- age   8:    1858816 bytes,   19611904 total
: 109248K->21824K(109248K), 0.0115410 secs] 248345K->168408K(502464K), 0.0115890 secs] [Times: user=0.06 sys=0.00, real=0.01 secs] 
Heap after GC invocations=29 (full 1):
 par new generation   total 109248K, used 21824K [0x00000000e0000000, 0x00000000e8000000, 0x00000000e8000000)
  eden space 87424K,   0% used [0x00000000e0000000, 0x00000000e0000000, 0x00000000e5560000)
  from space 21824K, 100% used [0x00000000e6ab0000, 0x00000000e8000000, 0x00000000e8000000)
  to   space 21824K,   0% used [0x00000000e5560000, 0x00000000e5560000, 0x00000000e6ab0000)
 concurrent mark-sweep generation total 393216K, used 146584K [0x00000000e8000000, 0x0000000100000000, 0x0000000100000000)
 Metaspace       used 28999K, capacity 29331K, committed 29744K, reserved 1075200K
  class space    used 3449K, capacity 3550K, committed 3632K, reserved 1048576K
}
2015-09-11T13:03:39.988+0200: 40.640: Total time for which application threads were stopped: 0.0117208 seconds, Stopping threads took: 0.0000138 seconds
{Heap before GC invocations=29 (full 1):
 par new generation   total 109248K, used 109248K [0x00000000e0000000, 0x00000000e8000000, 0x00000000e8000000)
  eden space 87424K, 100% used [0x00000000e0000000, 0x00000000e5560000, 0x00000000e5560000)
  from space 21824K, 100% used [0x00000000e6ab0000, 0x00000000e8000000, 0x00000000e8000000)
  to   space 21824K,   0% used [0x00000000e5560000, 0x00000000e5560000, 0x00000000e6ab0000)
 concurrent mark-sweep generation total 393216K, used 146584K [0x00000000e8000000, 0x0000000100000000, 0x0000000100000000)
 Metaspace       used 28999K, capacity 29331K, committed 29744K, reserved 1075200K
  class space    used 3449K, capacity 3550K, committed 3632K, reserved 1048576K
2015-09-11T13:03:40.286+0200: 40.938: [GC (Allocation Failure) 40.938: [ParNew
Desired survivor size 20112992 bytes, new threshold 8 (max 8)
- age   1:    3371096 bytes,    3371096 total
- age   2:    2009056 bytes,    5380152 total
- age   3:    3374680 bytes,    8754832 total
- age   4:    2499840 bytes,   11254672 total
- age   5:    2385952 bytes,   13640624 total
- age   6:    2572656 bytes,   16213280 total
- age   7:    2236880 bytes,   18450160 total
- age   8:    1631488 bytes,   20081648 total
: 109248K->21824K(109248K), 0.0107160 secs] 255832K->171595K(502464K), 0.0107615 secs] [Times: user=0.06 sys=0.00, real=0.01 secs] 
Heap after GC invocations=30 (full 1):
 par new generation   total 109248K, used 21824K [0x00000000e0000000, 0x00000000e8000000, 0x00000000e8000000)
  eden space 87424K,   0% used [0x00000000e0000000, 0x00000000e0000000, 0x00000000e5560000)
  from space 21824K, 100% used [0x00000000e5560000, 0x00000000e6ab0000, 0x00000000e6ab0000)
  to   space 21824K,   0% used [0x00000000e6ab0000, 0x00000000e6ab0000, 0x00000000e8000000)
 concurrent mark-sweep generation total 393216K, used 149771K [0x00000000e8000000, 0x0000000100000000, 0x0000000100000000)
 Metaspace       used 28999K, capacity 29331K, committed 29744K, reserved 1075200K
  class space    used 3449K, capacity 3550K, committed 3632K, reserved 1048576K
}
2015-09-11T13:03:40.296+0200: 40.948: Total time for which application threads were stopped: 0.0109208 seconds, Stopping threads took: 0.0000141 seconds
{Heap before GC invocations=30 (full 1):
 par new generation   total 109248K, used 109248K [0x00000000e0000000, 0x00000000e8000000, 0x00000000e8000000)
  eden space 87424K, 100% used [0x00000000e0000000, 0x00000000e5560000, 0x00000000e5560000)
  from space 21824K, 100% used [0x00000000e5560000, 0x00000000e6ab0000, 0x00000000e6ab0000)
  to   space 21824K,   0% used [0x00000000e6ab0000, 0x00000000e6ab0000, 0x00000000e8000000)
 concurrent mark-sweep generation total 393216K, used 149771K [0x00000000e8000000, 0x0000000100000000, 0x0000000100000000)
 Metaspace       used 28999K, capacity 29331K, committed 29744K, reserved 1075200K
  class space    used 3449K, capacity 3550K, committed 3632K, reserved 1048576K
2015-09-11T13:03:40.564+0200: 41.216: [GC (Allocation Failure) 41.216: [ParNew
Desired survivor size 20112992 bytes, new threshold 8 (max 8)
- age   1:    4282024 bytes,    4282024 total
- age   2:    2281640 bytes,    6563664 total
- age   3:    1910480 bytes,    8474144 total
- age   4:    2748376 bytes,   11222520 total
- age   5:    1712672 bytes,   12935192 total
- age   6:    2385600 bytes,   15320792 total
- age   7:    2572176 bytes,   17892968 total
- age   8:    2236592 bytes,   20129560 total
: 109248K->21824K(109248K), 0.0120782 secs] 259019K->183584K(502464K), 0.0121259 secs] [Times: user=0.06 sys=0.00, real=0.01 secs] 
Heap after GC invocations=31 (full 1):
 par new generation   total 109248K, used 21824K [0x00000000e0000000, 0x00000000e8000000, 0x00000000e8000000)
  eden space 87424K,   0% used [0x00000000e0000000, 0x00000000e0000000, 0x00000000e5560000)
  from space 21824K, 100% used [0x00000000e6ab0000, 0x00000000e8000000, 0x00000000e8000000)
  to   space 21824K,   0% used [0x00000000e5560000, 0x00000000e5560000, 0x00000000e6ab0000)
 concurrent mark-sweep generation total 393216K, used 161760K [0x00000000e8000000, 0x0000000100000000, 0x0000000100000000)
 Metaspace       used 28999K, capacity 29331K, committed 29744K, reserved 1075200K
  class space    used 3449K, capacity 3550K, committed 3632K, reserved 1048576K
}
2015-09-11T13:03:40.576+0200: 41.228: Total time for which application threads were stopped: 0.0122680 seconds, Stopping threads took: 0.0000138 seconds
{Heap before GC invocations=31 (full 1):
 par new generation   total 109248K, used 109248K [0x00000000e0000000, 0x00000000e8000000, 0x00000000e8000000)
  eden space 87424K, 100% used [0x00000000e0000000, 0x00000000e5560000, 0x00000000e5560000)
  from space 21824K, 100% used [0x00000000e6ab0000, 0x00000000e8000000, 0x00000000e8000000)
  to   space 21824K,   0% used [0x00000000e5560000, 0x00000000e5560000, 0x00000000e6ab0000)
 concurrent mark-sweep generation total 393216K, used 161760K [0x00000000e8000000, 0x0000000100000000, 0x0000000100000000)
 Metaspace       used 28999K, capacity 29331K, committed 29744K, reserved 1075200K
  class space    used 3449K, capacity 3550K, committed 3632K, reserved 1048576K
2015-09-11T13:03:40.877+0200: 41.529: [GC (Allocation Failure) 41.529: [ParNew
Desired survivor size 20112992 bytes, new threshold 8 (max 8)
- age   1:    7557264 bytes,    7557264 total
- age   2:    4106848 bytes,   11664112 total
- age   3:    1429008 bytes,   13093120 total
- age   4:    1095264 bytes,   14188384 total
- age   5:    1456928 bytes,   15645312 total
- age   6:    1238032 bytes,   16883344 total
- age   7:    2371368 bytes,   19254712 total
- age   8:    2566088 bytes,   21820800 total
: 109248K->21824K(109248K), 0.0114277 secs] 271008K->191572K(502464K), 0.0114744 secs] [Times: user=0.06 sys=0.00, real=0.01 secs] 
Heap after GC invocations=32 (full 1):
 par new generation   total 109248K, used 21824K [0x00000000e0000000, 0x00000000e8000000, 0x00000000e8000000)
  eden space 87424K,   0% used [0x00000000e0000000, 0x00000000e0000000, 0x00000000e5560000)
  from space 21824K, 100% used [0x00000000e5560000, 0x00000000e6ab0000, 0x00000000e6ab0000)
  to   space 21824K,   0% used [0x00000000e6ab0000, 0x00000000e6ab0000, 0x00000000e8000000)
 concurrent mark-sweep generation total 393216K, used 169748K [0x00000000e8000000, 0x0000000100000000, 0x0000000100000000)
 Metaspace       used 28999K, capacity 29331K, committed 29744K, reserved 1075200K
  class space    used 3449K, capacity 3550K, committed 3632K, reserved 1048576K
}
2015-09-11T13:03:40.889+0200: 41.541: Total time for which application threads were stopped: 0.0116091 seconds, Stopping threads took: 0.0000138 seconds
{Heap before GC invocations=32 (full 1):
 par new generation   total 109248K, used 109248K [0x00000000e0000000, 0x00000000e8000000, 0x00000000e8000000)
  eden space 87424K, 100% used [0x00000000e0000000, 0x00000000e5560000, 0x00000000e5560000)
  from space 21824K, 100% used [0x00000000e5560000, 0x00000000e6ab0000, 0x00000000e6ab0000)
  to   space 21824K,   0% used [0x00000000e6ab0000, 0x00000000e6ab0000, 0x00000000e8000000)
 concurrent mark-sweep generation total 393216K, used 169748K [0x00000000e8000000, 0x0000000100000000, 0x0000000100000000)
 Metaspace       used 29000K, capacity 29331K, committed 29744K, reserved 1075200K
  class space    used 3449K, capacity 3550K, committed 3632K, reserved 1048576K
2015-09-11T13:03:41.187+0200: 41.839: [GC (Allocation Failure) 41.839: [ParNew
Desired survivor size 20112992 bytes, new threshold 8 (max 8)
- age   1:    2940904 bytes,    2940904 total
- age   2:    7256656 bytes,   10197560 total
- age   3:    2729544 bytes,   12927104 total
- age   4:    1429080 bytes,   14356184 total
- age   5:    1095264 bytes,   15451448 total
- age   6:    1456928 bytes,   16908376 total
- age   7:    1238080 bytes,   18146456 total
- age   8:    2371368 bytes,   20517824 total
: 109248K->21824K(109248K), 0.0110875 secs] 278996K->195733K(502464K), 0.0111365 secs] [Times: user=0.06 sys=0.00, real=0.01 secs] 
Heap after GC invocations=33 (full 1):
 par new generation   total 109248K, used 21824K [0x00000000e0000000, 0x00000000e8000000, 0x00000000e8000000)
  eden space 87424K,   0% used [0x00000000e0000000, 0x00000000e0000000, 0x00000000e5560000)
  from space 21824K, 100% used [0x00000000e6ab0000, 0x00000000e8000000, 0x00000000e8000000)
  to   space 21824K,   0% used [0x00000000e5560000, 0x00000000e5560000, 0x00000000e6ab0000)
 concurrent mark-sweep generation total 393216K, used 173909K [0x00000000e8000000, 0x0000000100000000, 0x0000000100000000)
 Metaspace       used 29000K, capacity 29331K, committed 29744K, reserved 1075200K
  class space    used 3449K, capacity 3550K, committed 3632K, reserved 1048576K
}
2015-09-11T13:03:41.198+0200: 41.850: Total time for which application threads were stopped: 0.0112728 seconds, Stopping threads took: 0.0000144 seconds
{Heap before GC invocations=33 (full 1):
 par new generation   total 109248K, used 109248K [0x00000000e0000000, 0x00000000e8000000, 0x00000000e8000000)
  eden space 87424K, 100% used [0x00000000e0000000, 0x00000000e5560000, 0x00000000e5560000)
  from space 21824K, 100% used [0x00000000e6ab0000, 0x00000000e8000000, 0x00000000e8000000)
  to   space 21824K,   0% used [0x00000000e5560000, 0x00000000e5560000, 0x00000000e6ab0000)
 concurrent mark-sweep generation total 393216K, used 173909K [0x00000000e8000000, 0x0000000100000000, 0x0000000100000000)
 Metaspace       used 29008K, capacity 29331K, committed 29744K, reserved 1075200K
  class space    used 3449K, capacity 3550K, committed 3632K, reserved 1048576K
2015-09-11T13:03:41.497+0200: 42.150: [GC (Allocation Failure) 42.150: [ParNew
Desired survivor size 20112992 bytes, new threshold 8 (max 8)
- age   1:    2797784 bytes,    2797784 total
- age   2:    2730168 bytes,    5527952 total
- age   3:    6614104 bytes,   12142056 total
- age   4:    2688712 bytes,   14830768 total
- age   5:    1383888 bytes,   16214656 total
- age   6:    1068592 bytes,   17283248 total
- age   7:    1414456 bytes,   18697704 total
- age   8:    1215928 bytes,   19913632 total
: 109248K->21824K(109248K), 0.0116847 secs] 283157K->199902K(502464K), 0.0117339 secs] [Times: user=0.01 sys=0.00, real=0.01 secs] 
Heap after GC invocations=34 (full 1):
 par new generation   total 109248K, used 21824K [0x00000000e0000000, 0x00000000e8000000, 0x00000000e8000000)
  eden space 87424K,   0% used [0x00000000e0000000, 0x00000000e0000000, 0x00000000e5560000)
  from space 21824K, 100% used [0x00000000e5560000, 0x00000000e6ab0000, 0x00000000e6ab0000)
  to   space 21824K,   0% used [0x00000000e6ab0000, 0x00000000e6ab0000, 0x00000000e8000000)
 concurrent mark-sweep generation total 393216K, used 178078K [0x00000000e8000000, 0x0000000100000000, 0x0000000100000000)
 Metaspace       used 29008K, capacity 29331K, committed 29744K, reserved 1075200K
  class space    used 3449K, capacity 3550K, committed 3632K, reserved 1048576K
}
2015-09-11T13:03:41.509+0200: 42.161: Total time for which application threads were stopped: 0.0118847 seconds, Stopping threads took: 0.0000141 seconds
{Heap before GC invocations=34 (full 1):
 par new generation   total 109248K, used 109248K [0x00000000e0000000, 0x00000000e8000000, 0x00000000e8000000)
  eden space 87424K, 100% used [0x00000000e0000000, 0x00000000e5560000, 0x00000000e5560000)
  from space 21824K, 100% used [0x00000000e5560000, 0x00000000e6ab0000, 0x00000000e6ab0000)
  to   space 21824K,   0% used [0x00000000e6ab0000, 0x00000000e6ab0000, 0x00000000e8000000)
 concurrent mark-sweep generation total 393216K, used 178078K [0x00000000e8000000, 0x0000000100000000, 0x0000000100000000)
 Metaspace       used 29008K, capacity 29331K, committed 29744K, reserved 1075200K
  class space    used 3449K, capacity 3550K, committed 3632K, reserved 1048576K
2015-09-11T13:03:41.759+0200: 42.412: [GC (Allocation Failure) 42.412: [ParNew
Desired survivor size 20112992 bytes, new threshold 7 (max 8)
- age   1:    6346352 bytes,    6346352 total
- age   2:    2598104 bytes,    8944456 total
- age   3:    2505568 bytes,   11450024 total
- age   4:    5932352 bytes,   17382376 total
- age   5:    1185256 bytes,   18567632 total
- age   6:    1249424 bytes,   19817056 total
- age   7:     942192 bytes,   20759248 total
- age   8:    1317760 bytes,   22077008 total
: 109248K->21824K(109248K), 0.0133531 secs] 287326K->213842K(502464K), 0.0133992 secs] [Times: user=0.02 sys=0.00, real=0.01 secs] 
Heap after GC invocations=35 (full 1):
 par new generation   total 109248K, used 21824K [0x00000000e0000000, 0x00000000e8000000, 0x00000000e8000000)
  eden space 87424K,   0% used [0x00000000e0000000, 0x00000000e0000000, 0x00000000e5560000)
  from space 21824K, 100% used [0x00000000e6ab0000, 0x00000000e8000000, 0x00000000e8000000)
  to   space 21824K,   0% used [0x00000000e5560000, 0x00000000e5560000, 0x00000000e6ab0000)
 concurrent mark-sweep generation total 393216K, used 192018K [0x00000000e8000000, 0x0000000100000000, 0x0000000100000000)
 Metaspace       used 29008K, capacity 29331K, committed 29744K, reserved 1075200K
  class space    used 3449K, capacity 3550K, committed 3632K, reserved 1048576K
}
2015-09-11T13:03:41.773+0200: 42.425: Total time for which application threads were stopped: 0.0135326 seconds, Stopping threads took: 0.0000147 seconds
{Heap before GC invocations=35 (full 1):
 par new generation   total 109248K, used 109248K [0x00000000e0000000, 0x00000000e8000000, 0x00000000e8000000)
  eden space 87424K, 100% used [0x00000000e0000000, 0x00000000e5560000, 0x00000000e5560000)
  from space 21824K, 100% used [0x00000000e6ab0000, 0x00000000e8000000, 0x00000000e8000000)
  to   space 21824K,   0% used [0x00000000e5560000, 0x00000000e5560000, 0x00000000e6ab0000)
 concurrent mark-sweep generation total 393216K, used 192018K [0x00000000e8000000, 0x0000000100000000, 0x0000000100000000)
 Metaspace       used 29009K, capacity 29331K, committed 29744K, reserved 1075200K
  class space    used 3449K, capacity 3550K, committed 3632K, reserved 1048576K
2015-09-11T13:03:42.073+0200: 42.725: [GC (Allocation Failure) 42.725: [ParNew
Desired survivor size 20112992 bytes, new threshold 7 (max 8)
- age   1:    2618672 bytes,    2618672 total
- age   2:    4546168 bytes,    7164840 total
- age   3:    2519112 bytes,    9683952 total
- age   4:    2440944 bytes,   12124896 total
- age   5:    5862656 bytes,   17987552 total
- age   6:    1125752 bytes,   19113304 total
- age   7:    1151032 bytes,   20264336 total
: 109248K->21824K(109248K), 0.0110171 secs] 301266K->218501K(502464K), 0.0110667 secs] [Times: user=0.00 sys=0.00, real=0.01 secs] 
Heap after GC invocations=36 (full 1):
 par new generation   total 109248K, used 21824K [0x00000000e0000000, 0x00000000e8000000, 0x00000000e8000000)
  eden space 87424K,   0% used [0x00000000e0000000, 0x00000000e0000000, 0x00000000e5560000)
  from space 21824K, 100% used [0x00000000e5560000, 0x00000000e6ab0000, 0x00000000e6ab0000)
  to   space 21824K,   0% used [0x00000000e6ab0000, 0x00000000e6ab0000, 0x00000000e8000000)
 concurrent mark-sweep generation total 393216K, used 196677K [0x00000000e8000000, 0x0000000100000000, 0x0000000100000000)
 Metaspace       used 29009K, capacity 29331K, committed 29744K, reserved 1075200K
  class space    used 3449K, capacity 3550K, committed 3632K, reserved 1048576K
}
2015-09-11T13:03:42.084+0200: 42.736: Total time for which application threads were stopped: 0.0111999 seconds, Stopping threads took: 0.0000141 seconds
2015-09-11T13:03:42.084+0200: 42.736: [GC (CMS Initial Mark) [1 CMS-initial-mark: 196677K(393216K)] 220249K(502464K), 0.0010045 secs] [Times: user=0.06 sys=0.00, real=0.00 secs] 
2015-09-11T13:03:42.085+0200: 42.737: Total time for which application threads were stopped: 0.0010761 seconds, Stopping threads took: 0.0000221 seconds
2015-09-11T13:03:42.085+0200: 42.737: [CMS-concurrent-mark-start]
2015-09-11T13:03:42.109+0200: 42.761: [CMS-concurrent-mark: 0.023/0.023 secs] [Times: user=0.06 sys=0.00, real=0.02 secs] 
2015-09-11T13:03:42.109+0200: 42.761: [CMS-concurrent-preclean-start]
2015-09-11T13:03:42.110+0200: 42.762: [CMS-concurrent-preclean: 0.001/0.001 secs] [Times: user=0.00 sys=0.00, real=0.00 secs] 
2015-09-11T13:03:42.110+0200: 42.762: [CMS-concurrent-abortable-preclean-start]
2015-09-11T13:03:42.261+0200: 42.913: [CMS-concurrent-abortable-preclean: 0.151/0.151 secs] [Times: user=0.33 sys=0.00, real=0.15 secs] 
2015-09-11T13:03:42.261+0200: 42.913: [GC (CMS Final Remark) [YG occupancy: 69595 K (109248 K)]{Heap before GC invocations=36 (full 2):
 par new generation   total 109248K, used 69595K [0x00000000e0000000, 0x00000000e8000000, 0x00000000e8000000)
  eden space 87424K,  54% used [0x00000000e0000000, 0x00000000e2ea6c08, 0x00000000e5560000)
  from space 21824K, 100% used [0x00000000e5560000, 0x00000000e6ab0000, 0x00000000e6ab0000)
  to   space 21824K,   0% used [0x00000000e6ab0000, 0x00000000e6ab0000, 0x00000000e8000000)
 concurrent mark-sweep generation total 393216K, used 196677K [0x00000000e8000000, 0x0000000100000000, 0x0000000100000000)
 Metaspace       used 29013K, capacity 29331K, committed 29744K, reserved 1075200K
  class space    used 3450K, capacity 3550K, committed 3632K, reserved 1048576K
2015-09-11T13:03:42.261+0200: 42.913: [GC (CMS Final Remark) 42.913: [ParNew
Desired survivor size 20112992 bytes, new threshold 7 (max 8)
- age   1:    1418760 bytes,    1418760 total
- age   2:    2542568 bytes,    3961328 total
- age   3:    4533232 bytes,    8494560 total
- age   4:    2497672 bytes,   10992232 total
- age   5:    2437440 bytes,   13429672 total
- age   6:    5859840 bytes,   19289512 total
- age   7:    1122760 bytes,   20412272 total
: 69595K->21824K(109248K), 0.0093420 secs] 266272K->219803K(502464K), 0.0093797 secs] [Times: user=0.00 sys=0.00, real=0.01 secs] 
Heap after GC invocations=37 (full 2):
 par new generation   total 109248K, used 21824K [0x00000000e0000000, 0x00000000e8000000, 0x00000000e8000000)
  eden space 87424K,   0% used [0x00000000e0000000, 0x00000000e0000000, 0x00000000e5560000)
  from space 21824K, 100% used [0x00000000e6ab0000, 0x00000000e8000000, 0x00000000e8000000)
  to   space 21824K,   0% used [0x00000000e5560000, 0x00000000e5560000, 0x00000000e6ab0000)
 concurrent mark-sweep generation total 393216K, used 197979K [0x00000000e8000000, 0x0000000100000000, 0x0000000100000000)
 Metaspace       used 29013K, capacity 29331K, committed 29744K, reserved 1075200K
  class space    used 3450K, capacity 3550K, committed 3632K, reserved 1048576K
}
42.923: [Rescan (parallel) , 0.0032854 secs]42.926: [weak refs processing, 0.0009075 secs]42.927: [class unloading, 0.0046259 secs]42.932: [scrub symbol table, 0.0028345 secs]42.934: [scrub string table, 0.0003789 secs][1 CMS-remark: 197979K(393216K)] 219803K(502464K), 0.0225850 secs] [Times: user=0.06 sys=0.00, real=0.02 secs] 
2015-09-11T13:03:42.284+0200: 42.936: Total time for which application threads were stopped: 0.0226804 seconds, Stopping threads took: 0.0000266 seconds
2015-09-11T13:03:42.284+0200: 42.936: [CMS-concurrent-sweep-start]
2015-09-11T13:03:42.297+0200: 42.949: [CMS-concurrent-sweep: 0.013/0.013 secs] [Times: user=0.03 sys=0.00, real=0.01 secs] 
2015-09-11T13:03:42.297+0200: 42.949: [CMS-concurrent-reset-start]
2015-09-11T13:03:42.297+0200: 42.950: [CMS-concurrent-reset: 0.000/0.000 secs] [Times: user=0.00 sys=0.00, real=0.00 secs] 
{Heap before GC invocations=37 (full 2):
 par new generation   total 109248K, used 109248K [0x00000000e0000000, 0x00000000e8000000, 0x00000000e8000000)
  eden space 87424K, 100% used [0x00000000e0000000, 0x00000000e5560000, 0x00000000e5560000)
  from space 21824K, 100% used [0x00000000e6ab0000, 0x00000000e8000000, 0x00000000e8000000)
  to   space 21824K,   0% used [0x00000000e5560000, 0x00000000e5560000, 0x00000000e6ab0000)
 concurrent mark-sweep generation total 393216K, used 98913K [0x00000000e8000000, 0x0000000100000000, 0x0000000100000000)
 Metaspace       used 29013K, capacity 29331K, committed 29744K, reserved 1075200K
  class space    used 3450K, capacity 3550K, committed 3632K, reserved 1048576K
2015-09-11T13:03:42.581+0200: 43.233: [GC (Allocation Failure) 43.233: [ParNew
Desired survivor size 20112992 bytes, new threshold 8 (max 8)
- age   1:    2270616 bytes,    2270616 total
- age   2:    1224512 bytes,    3495128 total
- age   3:    2294784 bytes,    5789912 total
- age   4:    4411248 bytes,   10201160 total
- age   5:    2371288 bytes,   12572448 total
- age   6:    2281816 bytes,   14854264 total
- age   7:    5146296 bytes,   20000560 total
: 109248K->21824K(109248K), 0.0108552 secs] 208161K->123299K(502464K), 0.0109016 secs] [Times: user=0.06 sys=0.00, real=0.01 secs] 
Heap after GC invocations=38 (full 2):
 par new generation   total 109248K, used 21824K [0x00000000e0000000, 0x00000000e8000000, 0x00000000e8000000)
  eden space 87424K,   0% used [0x00000000e0000000, 0x00000000e0000000, 0x00000000e5560000)
  from space 21824K, 100% used [0x00000000e5560000, 0x00000000e6ab0000, 0x00000000e6ab0000)
  to   space 21824K,   0% used [0x00000000e6ab0000, 0x00000000e6ab0000, 0x00000000e8000000)
 concurrent mark-sweep generation total 393216K, used 101475K [0x00000000e8000000, 0x0000000100000000, 0x0000000100000000)
 Metaspace       used 29013K, capacity 29331K, committed 29744K, reserved 1075200K
  class space    used 3450K, capacity 3550K, committed 3632K, reserved 1048576K
}
2015-09-11T13:03:42.592+0200: 43.244: Total time for which application threads were stopped: 0.0110747 seconds, Stopping threads took: 0.0000144 seconds
{Heap before GC invocations=38 (full 2):
 par new generation   total 109248K, used 109248K [0x00000000e0000000, 0x00000000e8000000, 0x00000000e8000000)
  eden space 87424K, 100% used [0x00000000e0000000, 0x00000000e5560000, 0x00000000e5560000)
  from space 21824K, 100% used [0x00000000e5560000, 0x00000000e6ab0000, 0x00000000e6ab0000)
  to   space 21824K,   0% used [0x00000000e6ab0000, 0x00000000e6ab0000, 0x00000000e8000000)
 concurrent mark-sweep generation total 393216K, used 101475K [0x00000000e8000000, 0x0000000100000000, 0x0000000100000000)
 Metaspace       used 29013K, capacity 29331K, committed 29744K, reserved 1075200K
  class space    used 3450K, capacity 3550K, committed 3632K, reserved 1048576K
2015-09-11T13:03:42.870+0200: 43.522: [GC (Allocation Failure) 43.522: [ParNew
Desired survivor size 20112992 bytes, new threshold 8 (max 8)
- age   1:    2254576 bytes,    2254576 total
- age   2:    2125360 bytes,    4379936 total
- age   3:    1121840 bytes,    5501776 total
- age   4:    2078296 bytes,    7580072 total
- age   5:    3599032 bytes,   11179104 total
- age   6:    2214616 bytes,   13393720 total
- age   7:    2115104 bytes,   15508824 total
- age   8:    4991488 bytes,   20500312 total
: 109248K->21824K(109248K), 0.0108405 secs] 210723K->131188K(502464K), 0.0108866 secs] [Times: user=0.05 sys=0.00, real=0.01 secs] 
Heap after GC invocations=39 (full 2):
 par new generation   total 109248K, used 21824K [0x00000000e0000000, 0x00000000e8000000, 0x00000000e8000000)
  eden space 87424K,   0% used [0x00000000e0000000, 0x00000000e0000000, 0x00000000e5560000)
  from space 21824K, 100% used [0x00000000e6ab0000, 0x00000000e8000000, 0x00000000e8000000)
  to   space 21824K,   0% used [0x00000000e5560000, 0x00000000e5560000, 0x00000000e6ab0000)
 concurrent mark-sweep generation total 393216K, used 109364K [0x00000000e8000000, 0x0000000100000000, 0x0000000100000000)
 Metaspace       used 29013K, capacity 29331K, committed 29744K, reserved 1075200K
  class space    used 3450K, capacity 3550K, committed 3632K, reserved 1048576K
}
2015-09-11T13:03:42.881+0200: 43.533: Total time for which application threads were stopped: 0.0110280 seconds, Stopping threads took: 0.0000144 seconds
{Heap before GC invocations=39 (full 2):
 par new generation   total 109248K, used 109248K [0x00000000e0000000, 0x00000000e8000000, 0x00000000e8000000)
  eden space 87424K, 100% used [0x00000000e0000000, 0x00000000e5560000, 0x00000000e5560000)
  from space 21824K, 100% used [0x00000000e6ab0000, 0x00000000e8000000, 0x00000000e8000000)
  to   space 21824K,   0% used [0x00000000e5560000, 0x00000000e5560000, 0x00000000e6ab0000)
 concurrent mark-sweep generation total 393216K, used 109364K [0x00000000e8000000, 0x0000000100000000, 0x0000000100000000)
 Metaspace       used 29013K, capacity 29331K, committed 29744K, reserved 1075200K
  class space    used 3450K, capacity 3550K, committed 3632K, reserved 1048576K
2015-09-11T13:03:43.136+0200: 43.789: [GC (Allocation Failure) 43.789: [ParNew
Desired survivor size 20112992 bytes, new threshold 8 (max 8)
- age   1:    3837656 bytes,    3837656 total
- age   2:    2613416 bytes,    6451072 total
- age   3:    2102336 bytes,    8553408 total
- age   4:    1107976 bytes,    9661384 total
- age   5:    2052712 bytes,   11714096 total
- age   6:    2027024 bytes,   13741120 total
- age   7:    2191056 bytes,   15932176 total
- age   8:    2097984 bytes,   18030160 total
: 109248K->21824K(109248K), 0.0098463 secs] 218612K->149160K(502464K), 0.0098930 secs] [Times: user=0.00 sys=0.02, real=0.01 secs] 
Heap after GC invocations=40 (full 2):
 par new generation   total 109248K, used 21824K [0x00000000e0000000, 0x00000000e8000000, 0x00000000e8000000)
  eden space 87424K,   0% used [0x00000000e0000000, 0x00000000e0000000, 0x00000000e5560000)
  from space 21824K, 100% used [0x00000000e5560000, 0x00000000e6ab0000, 0x00000000e6ab0000)
  to   space 21824K,   0% used [0x00000000e6ab0000, 0x00000000e6ab0000, 0x00000000e8000000)
 concurrent mark-sweep generation total 393216K, used 127336K [0x00000000e8000000, 0x0000000100000000, 0x0000000100000000)
 Metaspace       used 29013K, capacity 29331K, committed 29744K, reserved 1075200K
  class space    used 3450K, capacity 3550K, committed 3632K, reserved 1048576K
}
2015-09-11T13:03:43.146+0200: 43.799: Total time for which application threads were stopped: 0.0100232 seconds, Stopping threads took: 0.0000131 seconds
2015-09-11T13:03:44.146+0200: 44.798: Total time for which application threads were stopped: 0.0001235 seconds, Stopping threads took: 0.0000355 seconds
2015-09-11T13:03:44.308+0200: 44.960: Total time for which application threads were stopped: 0.0003469 seconds, Stopping threads took: 0.0000128 seconds
{Heap before GC invocations=40 (full 2):
 par new generation   total 109248K, used 109248K [0x00000000e0000000, 0x00000000e8000000, 0x00000000e8000000)
  eden space 87424K, 100% used [0x00000000e0000000, 0x00000000e5560000, 0x00000000e5560000)
  from space 21824K, 100% used [0x00000000e5560000, 0x00000000e6ab0000, 0x00000000e6ab0000)
  to   space 21824K,   0% used [0x00000000e6ab0000, 0x00000000e6ab0000, 0x00000000e8000000)
 concurrent mark-sweep generation total 393216K, used 127336K [0x00000000e8000000, 0x0000000100000000, 0x0000000100000000)
 Metaspace       used 29399K, capacity 29747K, committed 30000K, reserved 1075200K
  class space    used 3480K, capacity 3582K, committed 3632K, reserved 1048576K
2015-09-11T13:03:44.592+0200: 45.245: [GC (Allocation Failure) 45.245: [ParNew
Desired survivor size 20112992 bytes, new threshold 8 (max 8)
- age   1:    5359560 bytes,    5359560 total
- age   2:    3768872 bytes,    9128432 total
- age   3:    2936968 bytes,   12065400 total
- age   4:    2026200 bytes,   14091600 total
- age   5:    1069992 bytes,   15161592 total
- age   6:    1989312 bytes,   17150904 total
- age   7:    1996024 bytes,   19146928 total
- age   8:    2156288 bytes,   21303216 total
: 109248K->21824K(109248K), 0.0104703 secs] 236584K->151627K(502464K), 0.0105215 secs] [Times: user=0.06 sys=0.00, real=0.01 secs] 
Heap after GC invocations=41 (full 2):
 par new generation   total 109248K, used 21824K [0x00000000e0000000, 0x00000000e8000000, 0x00000000e8000000)
  eden space 87424K,   0% used [0x00000000e0000000, 0x00000000e0000000, 0x00000000e5560000)
  from space 21824K, 100% used [0x00000000e6ab0000, 0x00000000e8000000, 0x00000000e8000000)
  to   space 21824K,   0% used [0x00000000e5560000, 0x00000000e5560000, 0x00000000e6ab0000)
 concurrent mark-sweep generation total 393216K, used 129803K [0x00000000e8000000, 0x0000000100000000, 0x0000000100000000)
 Metaspace       used 29399K, capacity 29747K, committed 30000K, reserved 1075200K
  class space    used 3480K, capacity 3582K, committed 3632K, reserved 1048576K
}
2015-09-11T13:03:44.603+0200: 45.255: Total time for which application threads were stopped: 0.0107343 seconds, Stopping threads took: 0.0000147 seconds
{Heap before GC invocations=41 (full 2):
 par new generation   total 109248K, used 109248K [0x00000000e0000000, 0x00000000e8000000, 0x00000000e8000000)
  eden space 87424K, 100% used [0x00000000e0000000, 0x00000000e5560000, 0x00000000e5560000)
  from space 21824K, 100% used [0x00000000e6ab0000, 0x00000000e8000000, 0x00000000e8000000)
  to   space 21824K,   0% used [0x00000000e5560000, 0x00000000e5560000, 0x00000000e6ab0000)
 concurrent mark-sweep generation total 393216K, used 129803K [0x00000000e8000000, 0x0000000100000000, 0x0000000100000000)
 Metaspace       used 29409K, capacity 29747K, committed 30000K, reserved 1075200K
  class space    used 3480K, capacity 3582K, committed 3632K, reserved 1048576K
2015-09-11T13:03:44.749+0200: 45.402: [GC (Allocation Failure) 45.402: [ParNew
Desired survivor size 20112992 bytes, new threshold 8 (max 8)
- age   1:      81248 bytes,      81248 total
- age   2:    4559520 bytes,    4640768 total
- age   3:    2025688 bytes,    6666456 total
- age   4:    2182912 bytes,    8849368 total
- age   5:    2026200 bytes,   10875568 total
- age   6:    1069992 bytes,   11945560 total
- age   7:    1989312 bytes,   13934872 total
- age   8:    1996024 bytes,   15930896 total
: 109248K->21824K(109248K), 0.0068959 secs] 239051K->156106K(502464K), 0.0069414 secs] [Times: user=0.06 sys=0.00, real=0.01 secs] 
Heap after GC invocations=42 (full 2):
 par new generation   total 109248K, used 21824K [0x00000000e0000000, 0x00000000e8000000, 0x00000000e8000000)
  eden space 87424K,   0% used [0x00000000e0000000, 0x00000000e0000000, 0x00000000e5560000)
  from space 21824K, 100% used [0x00000000e5560000, 0x00000000e6ab0000, 0x00000000e6ab0000)
  to   space 21824K,   0% used [0x00000000e6ab0000, 0x00000000e6ab0000, 0x00000000e8000000)
 concurrent mark-sweep generation total 393216K, used 134282K [0x00000000e8000000, 0x0000000100000000, 0x0000000100000000)
 Metaspace       used 29409K, capacity 29747K, committed 30000K, reserved 1075200K
  class space    used 3480K, capacity 3582K, committed 3632K, reserved 1048576K
}
2015-09-11T13:03:44.756+0200: 45.409: Total time for which application threads were stopped: 0.0071305 seconds, Stopping threads took: 0.0000224 seconds
{Heap before GC invocations=42 (full 2):
 par new generation   total 109248K, used 109248K [0x00000000e0000000, 0x00000000e8000000, 0x00000000e8000000)
  eden space 87424K, 100% used [0x00000000e0000000, 0x00000000e5560000, 0x00000000e5560000)
  from space 21824K, 100% used [0x00000000e5560000, 0x00000000e6ab0000, 0x00000000e6ab0000)
  to   space 21824K,   0% used [0x00000000e6ab0000, 0x00000000e6ab0000, 0x00000000e8000000)
 concurrent mark-sweep generation total 393216K, used 134282K [0x00000000e8000000, 0x0000000100000000, 0x0000000100000000)
 Metaspace       used 29409K, capacity 29747K, committed 30000K, reserved 1075200K
  class space    used 3480K, capacity 3582K, committed 3632K, reserved 1048576K
2015-09-11T13:03:44.886+0200: 45.538: [GC (Allocation Failure) 45.538: [ParNew
Desired survivor size 20112992 bytes, new threshold 8 (max 8)
- age   1:     111960 bytes,     111960 total
- age   2:      29480 bytes,     141440 total
- age   3:    4557904 bytes,    4699344 total
- age   4:    2025688 bytes,    6725032 total
- age   5:    2182912 bytes,    8907944 total
- age   6:    2026200 bytes,   10934144 total
- age   7:    1069992 bytes,   12004136 total
- age   8:    1989312 bytes,   13993448 total
: 109248K->18753K(109248K), 0.0060255 secs] 243530K->154990K(502464K), 0.0060745 secs] [Times: user=0.00 sys=0.00, real=0.01 secs] 
Heap after GC invocations=43 (full 2):
 par new generation   total 109248K, used 18753K [0x00000000e0000000, 0x00000000e8000000, 0x00000000e8000000)
  eden space 87424K,   0% used [0x00000000e0000000, 0x00000000e0000000, 0x00000000e5560000)
  from space 21824K,  85% used [0x00000000e6ab0000, 0x00000000e7d00550, 0x00000000e8000000)
  to   space 21824K,   0% used [0x00000000e5560000, 0x00000000e5560000, 0x00000000e6ab0000)
 concurrent mark-sweep generation total 393216K, used 136237K [0x00000000e8000000, 0x0000000100000000, 0x0000000100000000)
 Metaspace       used 29409K, capacity 29747K, committed 30000K, reserved 1075200K
  class space    used 3480K, capacity 3582K, committed 3632K, reserved 1048576K
}
2015-09-11T13:03:44.892+0200: 45.544: Total time for which application threads were stopped: 0.0062223 seconds, Stopping threads took: 0.0000163 seconds
{Heap before GC invocations=43 (full 2):
 par new generation   total 109248K, used 106177K [0x00000000e0000000, 0x00000000e8000000, 0x00000000e8000000)
  eden space 87424K, 100% used [0x00000000e0000000, 0x00000000e5560000, 0x00000000e5560000)
  from space 21824K,  85% used [0x00000000e6ab0000, 0x00000000e7d00550, 0x00000000e8000000)
  to   space 21824K,   0% used [0x00000000e5560000, 0x00000000e5560000, 0x00000000e6ab0000)
 concurrent mark-sweep generation total 393216K, used 136237K [0x00000000e8000000, 0x0000000100000000, 0x0000000100000000)
 Metaspace       used 29410K, capacity 29747K, committed 30000K, reserved 1075200K
  class space    used 3480K, capacity 3582K, committed 3632K, reserved 1048576K
2015-09-11T13:03:45.054+0200: 45.707: [GC (Allocation Failure) 45.707: [ParNew
Desired survivor size 20112992 bytes, new threshold 8 (max 8)
- age   1:      72616 bytes,      72616 total
- age   2:      29976 bytes,     102592 total
- age   3:      29480 bytes,     132072 total
- age   4:    4557848 bytes,    4689920 total
- age   5:    2025688 bytes,    6715608 total
- age   6:    2559928 bytes,    9275536 total
- age   7:    2026200 bytes,   11301736 total
- age   8:    1069992 bytes,   12371728 total
: 106177K->17558K(109248K), 0.0050502 secs] 242414K->155745K(502464K), 0.0051078 secs] [Times: user=0.00 sys=0.00, real=0.01 secs] 
Heap after GC invocations=44 (full 2):
 par new generation   total 109248K, used 17558K [0x00000000e0000000, 0x00000000e8000000, 0x00000000e8000000)
  eden space 87424K,   0% used [0x00000000e0000000, 0x00000000e0000000, 0x00000000e5560000)
  from space 21824K,  80% used [0x00000000e5560000, 0x00000000e6685858, 0x00000000e6ab0000)
  to   space 21824K,   0% used [0x00000000e6ab0000, 0x00000000e6ab0000, 0x00000000e8000000)
 concurrent mark-sweep generation total 393216K, used 138187K [0x00000000e8000000, 0x0000000100000000, 0x0000000100000000)
 Metaspace       used 29410K, capacity 29747K, committed 30000K, reserved 1075200K
  class space    used 3480K, capacity 3582K, committed 3632K, reserved 1048576K
}
2015-09-11T13:03:45.059+0200: 45.712: Total time for which application threads were stopped: 0.0052671 seconds, Stopping threads took: 0.0000173 seconds
2015-09-11T13:03:45.103+0200: 45.756: Total time for which application threads were stopped: 0.0000950 seconds, Stopping threads took: 0.0000198 seconds
{Heap before GC invocations=44 (full 2):
 par new generation   total 109248K, used 104982K [0x00000000e0000000, 0x00000000e8000000, 0x00000000e8000000)
  eden space 87424K, 100% used [0x00000000e0000000, 0x00000000e5560000, 0x00000000e5560000)
  from space 21824K,  80% used [0x00000000e5560000, 0x00000000e6685858, 0x00000000e6ab0000)
  to   space 21824K,   0% used [0x00000000e6ab0000, 0x00000000e6ab0000, 0x00000000e8000000)
 concurrent mark-sweep generation total 393216K, used 138187K [0x00000000e8000000, 0x0000000100000000, 0x0000000100000000)
 Metaspace       used 29414K, capacity 29747K, committed 30000K, reserved 1075200K
  class space    used 3481K, capacity 3582K, committed 3632K, reserved 1048576K
2015-09-11T13:03:45.262+0200: 45.914: [GC (Allocation Failure) 45.914: [ParNew
Desired survivor size 20112992 bytes, new threshold 8 (max 8)
- age   1:      88552 bytes,      88552 total
- age   2:       1544 bytes,      90096 total
- age   3:       2272 bytes,      92368 total
- age   4:       3160 bytes,      95528 total
- age   5:    4537288 bytes,    4632816 total
- age   6:    2025688 bytes,    6658504 total
- age   7:    2559928 bytes,    9218432 total
- age   8:    2026200 bytes,   11244632 total
: 104982K->14272K(109248K), 0.0157707 secs] 243169K->153510K(502464K), 0.0158206 secs] [Times: user=0.05 sys=0.00, real=0.02 secs] 
Heap after GC invocations=45 (full 2):
 par new generation   total 109248K, used 14272K [0x00000000e0000000, 0x00000000e8000000, 0x00000000e8000000)
  eden space 87424K,   0% used [0x00000000e0000000, 0x00000000e0000000, 0x00000000e5560000)
  from space 21824K,  65% used [0x00000000e6ab0000, 0x00000000e78a0380, 0x00000000e8000000)
  to   space 21824K,   0% used [0x00000000e5560000, 0x00000000e5560000, 0x00000000e6ab0000)
 concurrent mark-sweep generation total 393216K, used 139237K [0x00000000e8000000, 0x0000000100000000, 0x0000000100000000)
 Metaspace       used 29414K, capacity 29747K, committed 30000K, reserved 1075200K
  class space    used 3481K, capacity 3582K, committed 3632K, reserved 1048576K
}
2015-09-11T13:03:45.278+0200: 45.930: Total time for which application threads were stopped: 0.0159812 seconds, Stopping threads took: 0.0000173 seconds
{Heap before GC invocations=45 (full 2):
 par new generation   total 109248K, used 101696K [0x00000000e0000000, 0x00000000e8000000, 0x00000000e8000000)
  eden space 87424K, 100% used [0x00000000e0000000, 0x00000000e5560000, 0x00000000e5560000)
  from space 21824K,  65% used [0x00000000e6ab0000, 0x00000000e78a0380, 0x00000000e8000000)
  to   space 21824K,   0% used [0x00000000e5560000, 0x00000000e5560000, 0x00000000e6ab0000)
 concurrent mark-sweep generation total 393216K, used 139237K [0x00000000e8000000, 0x0000000100000000, 0x0000000100000000)
 Metaspace       used 29415K, capacity 29747K, committed 30000K, reserved 1075200K
  class space    used 3481K, capacity 3582K, committed 3632K, reserved 1048576K
2015-09-11T13:03:45.379+0200: 46.031: [GC (Allocation Failure) 46.031: [ParNew
Desired survivor size 20112992 bytes, new threshold 8 (max 8)
- age   1:     138400 bytes,     138400 total
- age   2:       1992 bytes,     140392 total
- age   3:       1544 bytes,     141936 total
- age   4:       2272 bytes,     144208 total
- age   5:       3160 bytes,     147368 total
- age   6:    4537288 bytes,    4684656 total
- age   7:    2025688 bytes,    6710344 total
- age   8:    2182912 bytes,    8893256 total
: 101696K->11499K(109248K), 0.0059894 secs] 240934K->152724K(502464K), 0.0060322 secs] [Times: user=0.00 sys=0.00, real=0.01 secs] 
Heap after GC invocations=46 (full 2):
 par new generation   total 109248K, used 11499K [0x00000000e0000000, 0x00000000e8000000, 0x00000000e8000000)
  eden space 87424K,   0% used [0x00000000e0000000, 0x00000000e0000000, 0x00000000e5560000)
  from space 21824K,  52% used [0x00000000e5560000, 0x00000000e609ae78, 0x00000000e6ab0000)
  to   space 21824K,   0% used [0x00000000e6ab0000, 0x00000000e6ab0000, 0x00000000e8000000)
 concurrent mark-sweep generation total 393216K, used 141224K [0x00000000e8000000, 0x0000000100000000, 0x0000000100000000)
 Metaspace       used 29415K, capacity 29747K, committed 30000K, reserved 1075200K
  class space    used 3481K, capacity 3582K, committed 3632K, reserved 1048576K
}
2015-09-11T13:03:45.385+0200: 46.037: Total time for which application threads were stopped: 0.0061932 seconds, Stopping threads took: 0.0000173 seconds
{Heap before GC invocations=46 (full 2):
 par new generation   total 109248K, used 98923K [0x00000000e0000000, 0x00000000e8000000, 0x00000000e8000000)
  eden space 87424K, 100% used [0x00000000e0000000, 0x00000000e5560000, 0x00000000e5560000)
  from space 21824K,  52% used [0x00000000e5560000, 0x00000000e609ae78, 0x00000000e6ab0000)
  to   space 21824K,   0% used [0x00000000e6ab0000, 0x00000000e6ab0000, 0x00000000e8000000)
 concurrent mark-sweep generation total 393216K, used 141224K [0x00000000e8000000, 0x0000000100000000, 0x0000000100000000)
 Metaspace       used 29441K, capacity 29779K, committed 30000K, reserved 1075200K
  class space    used 3486K, capacity 3614K, committed 3632K, reserved 1048576K
2015-09-11T13:03:45.578+0200: 46.230: [GC (Allocation Failure) 46.230: [ParNew
Desired survivor size 20112992 bytes, new threshold 8 (max 8)
- age   1:     946112 bytes,     946112 total
- age   3:        960 bytes,     947072 total
- age   4:       1544 bytes,     948616 total
- age   5:       2272 bytes,     950888 total
- age   6:       3160 bytes,     954048 total
- age   7:    4446448 bytes,    5400496 total
- age   8:    1996360 bytes,    7396856 total
: 98923K->9020K(109248K), 0.0044489 secs] 240148K->152383K(502464K), 0.0044969 secs] [Times: user=0.06 sys=0.00, real=0.00 secs] 
Heap after GC invocations=47 (full 2):
 par new generation   total 109248K, used 9020K [0x00000000e0000000, 0x00000000e8000000, 0x00000000e8000000)
  eden space 87424K,   0% used [0x00000000e0000000, 0x00000000e0000000, 0x00000000e5560000)
  from space 21824K,  41% used [0x00000000e6ab0000, 0x00000000e737f180, 0x00000000e8000000)
  to   space 21824K,   0% used [0x00000000e5560000, 0x00000000e5560000, 0x00000000e6ab0000)
 concurrent mark-sweep generation total 393216K, used 143362K [0x00000000e8000000, 0x0000000100000000, 0x0000000100000000)
 Metaspace       used 29441K, capacity 29779K, committed 30000K, reserved 1075200K
  class space    used 3486K, capacity 3614K, committed 3632K, reserved 1048576K
}
2015-09-11T13:03:45.583+0200: 46.235: Total time for which application threads were stopped: 0.0046668 seconds, Stopping threads took: 0.0000266 seconds
{Heap before GC invocations=47 (full 2):
 par new generation   total 109248K, used 96444K [0x00000000e0000000, 0x00000000e8000000, 0x00000000e8000000)
  eden space 87424K, 100% used [0x00000000e0000000, 0x00000000e5560000, 0x00000000e5560000)
  from space 21824K,  41% used [0x00000000e6ab0000, 0x00000000e737f180, 0x00000000e8000000)
  to   space 21824K,   0% used [0x00000000e5560000, 0x00000000e5560000, 0x00000000e6ab0000)
 concurrent mark-sweep generation total 393216K, used 143362K [0x00000000e8000000, 0x0000000100000000, 0x0000000100000000)
 Metaspace       used 29441K, capacity 29779K, committed 30000K, reserved 1075200K
  class space    used 3486K, capacity 3614K, committed 3632K, reserved 1048576K
2015-09-11T13:03:45.881+0200: 46.533: [GC (Allocation Failure) 46.533: [ParNew
Desired survivor size 20112992 bytes, new threshold 8 (max 8)
- age   1:    4237536 bytes,    4237536 total
- age   2:     639856 bytes,    4877392 total
- age   4:        960 bytes,    4878352 total
- age   5:       1544 bytes,    4879896 total
- age   6:       2272 bytes,    4882168 total
- age   7:       3160 bytes,    4885328 total
- age   8:    4446448 bytes,    9331776 total
: 96444K->11454K(109248K), 0.0051347 secs] 239807K->156775K(502464K), 0.0051862 secs] [Times: user=0.00 sys=0.00, real=0.00 secs] 
Heap after GC invocations=48 (full 2):
 par new generation   total 109248K, used 11454K [0x00000000e0000000, 0x00000000e8000000, 0x00000000e8000000)
  eden space 87424K,   0% used [0x00000000e0000000, 0x00000000e0000000, 0x00000000e5560000)
  from space 21824K,  52% used [0x00000000e5560000, 0x00000000e608f850, 0x00000000e6ab0000)
  to   space 21824K,   0% used [0x00000000e6ab0000, 0x00000000e6ab0000, 0x00000000e8000000)
 concurrent mark-sweep generation total 393216K, used 145321K [0x00000000e8000000, 0x0000000100000000, 0x0000000100000000)
 Metaspace       used 29441K, capacity 29779K, committed 30000K, reserved 1075200K
  class space    used 3486K, capacity 3614K, committed 3632K, reserved 1048576K
}
2015-09-11T13:03:45.886+0200: 46.538: Total time for which application threads were stopped: 0.0053276 seconds, Stopping threads took: 0.0000154 seconds
{Heap before GC invocations=48 (full 2):
 par new generation   total 109248K, used 98878K [0x00000000e0000000, 0x00000000e8000000, 0x00000000e8000000)
  eden space 87424K, 100% used [0x00000000e0000000, 0x00000000e5560000, 0x00000000e5560000)
  from space 21824K,  52% used [0x00000000e5560000, 0x00000000e608f850, 0x00000000e6ab0000)
  to   space 21824K,   0% used [0x00000000e6ab0000, 0x00000000e6ab0000, 0x00000000e8000000)
 concurrent mark-sweep generation total 393216K, used 145321K [0x00000000e8000000, 0x0000000100000000, 0x0000000100000000)
 Metaspace       used 29442K, capacity 29779K, committed 30000K, reserved 1075200K
  class space    used 3486K, capacity 3614K, committed 3632K, reserved 1048576K
2015-09-11T13:03:46.153+0200: 46.806: [GC (Allocation Failure) 46.806: [ParNew
Desired survivor size 20112992 bytes, new threshold 8 (max 8)
- age   1:    6568848 bytes,    6568848 total
- age   2:    2735880 bytes,    9304728 total
- age   3:     639800 bytes,    9944528 total
- age   5:        960 bytes,    9945488 total
- age   6:       1544 bytes,    9947032 total
- age   7:       2272 bytes,    9949304 total
- age   8:       3160 bytes,    9952464 total
: 98878K->14824K(109248K), 0.0066070 secs] 244199K->164501K(502464K), 0.0066540 secs] [Times: user=0.06 sys=0.00, real=0.01 secs] 
Heap after GC invocations=49 (full 2):
 par new generation   total 109248K, used 14824K [0x00000000e0000000, 0x00000000e8000000, 0x00000000e8000000)
  eden space 87424K,   0% used [0x00000000e0000000, 0x00000000e0000000, 0x00000000e5560000)
  from space 21824K,  67% used [0x00000000e6ab0000, 0x00000000e792a1e0, 0x00000000e8000000)
  to   space 21824K,   0% used [0x00000000e5560000, 0x00000000e5560000, 0x00000000e6ab0000)
 concurrent mark-sweep generation total 393216K, used 149677K [0x00000000e8000000, 0x0000000100000000, 0x0000000100000000)
 Metaspace       used 29442K, capacity 29779K, committed 30000K, reserved 1075200K
  class space    used 3486K, capacity 3614K, committed 3632K, reserved 1048576K
}
2015-09-11T13:03:46.160+0200: 46.812: Total time for which application threads were stopped: 0.0067948 seconds, Stopping threads took: 0.0000144 seconds
{Heap before GC invocations=49 (full 2):
 par new generation   total 109248K, used 102248K [0x00000000e0000000, 0x00000000e8000000, 0x00000000e8000000)
  eden space 87424K, 100% used [0x00000000e0000000, 0x00000000e5560000, 0x00000000e5560000)
  from space 21824K,  67% used [0x00000000e6ab0000, 0x00000000e792a1e0, 0x00000000e8000000)
  to   space 21824K,   0% used [0x00000000e5560000, 0x00000000e5560000, 0x00000000e6ab0000)
 concurrent mark-sweep generation total 393216K, used 149677K [0x00000000e8000000, 0x0000000100000000, 0x0000000100000000)
 Metaspace       used 29442K, capacity 29779K, committed 30000K, reserved 1075200K
  class space    used 3486K, capacity 3614K, committed 3632K, reserved 1048576K
2015-09-11T13:03:46.431+0200: 47.083: [GC (Allocation Failure) 47.083: [ParNew
Desired survivor size 20112992 bytes, new threshold 8 (max 8)
- age   1:    5307104 bytes,    5307104 total
- age   2:    3497672 bytes,    8804776 total
- age   3:    2734840 bytes,   11539616 total
- age   4:     639800 bytes,   12179416 total
- age   6:        960 bytes,   12180376 total
- age   7:       1544 bytes,   12181920 total
- age   8:       2272 bytes,   12184192 total
: 102248K->14569K(109248K), 0.0057369 secs] 251925K->164249K(502464K), 0.0057846 secs] [Times: user=0.00 sys=0.00, real=0.01 secs] 
Heap after GC invocations=50 (full 2):
 par new generation   total 109248K, used 14569K [0x00000000e0000000, 0x00000000e8000000, 0x00000000e8000000)
  eden space 87424K,   0% used [0x00000000e0000000, 0x00000000e0000000, 0x00000000e5560000)
  from space 21824K,  66% used [0x00000000e5560000, 0x00000000e639a520, 0x00000000e6ab0000)
  to   space 21824K,   0% used [0x00000000e6ab0000, 0x00000000e6ab0000, 0x00000000e8000000)
 concurrent mark-sweep generation total 393216K, used 149680K [0x00000000e8000000, 0x0000000100000000, 0x0000000100000000)
 Metaspace       used 29442K, capacity 29779K, committed 30000K, reserved 1075200K
  class space    used 3486K, capacity 3614K, committed 3632K, reserved 1048576K
}
2015-09-11T13:03:46.436+0200: 47.089: Total time for which application threads were stopped: 0.0059356 seconds, Stopping threads took: 0.0000246 seconds
{Heap before GC invocations=50 (full 2):
 par new generation   total 109248K, used 101993K [0x00000000e0000000, 0x00000000e8000000, 0x00000000e8000000)
  eden space 87424K, 100% used [0x00000000e0000000, 0x00000000e5560000, 0x00000000e5560000)
  from space 21824K,  66% used [0x00000000e5560000, 0x00000000e639a520, 0x00000000e6ab0000)
  to   space 21824K,   0% used [0x00000000e6ab0000, 0x00000000e6ab0000, 0x00000000e8000000)
 concurrent mark-sweep generation total 393216K, used 149680K [0x00000000e8000000, 0x0000000100000000, 0x0000000100000000)
 Metaspace       used 29442K, capacity 29779K, committed 30000K, reserved 1075200K
  class space    used 3486K, capacity 3614K, committed 3632K, reserved 1048576K
2015-09-11T13:03:46.707+0200: 47.359: [GC (Allocation Failure) 47.359: [ParNew
Desired survivor size 20112992 bytes, new threshold 8 (max 8)
- age   1:    8504088 bytes,    8504088 total
- age   2:    2712272 bytes,   11216360 total
- age   3:    2702928 bytes,   13919288 total
- age   4:    2730184 bytes,   16649472 total
- age   5:     639800 bytes,   17289272 total
- age   7:        960 bytes,   17290232 total
- age   8:       1544 bytes,   17291776 total
: 101993K->18213K(109248K), 0.0073705 secs] 251673K->167895K(502464K), 0.0074146 secs] [Times: user=0.00 sys=0.00, real=0.01 secs] 
Heap after GC invocations=51 (full 2):
 par new generation   total 109248K, used 18213K [0x00000000e0000000, 0x00000000e8000000, 0x00000000e8000000)
  eden space 87424K,   0% used [0x00000000e0000000, 0x00000000e0000000, 0x00000000e5560000)
  from space 21824K,  83% used [0x00000000e6ab0000, 0x00000000e7c79408, 0x00000000e8000000)
  to   space 21824K,   0% used [0x00000000e5560000, 0x00000000e5560000, 0x00000000e6ab0000)
 concurrent mark-sweep generation total 393216K, used 149682K [0x00000000e8000000, 0x0000000100000000, 0x0000000100000000)
 Metaspace       used 29442K, capacity 29779K, committed 30000K, reserved 1075200K
  class space    used 3486K, capacity 3614K, committed 3632K, reserved 1048576K
}
2015-09-11T13:03:46.714+0200: 47.367: Total time for which application threads were stopped: 0.0075484 seconds, Stopping threads took: 0.0000141 seconds
{Heap before GC invocations=51 (full 2):
 par new generation   total 109248K, used 105637K [0x00000000e0000000, 0x00000000e8000000, 0x00000000e8000000)
  eden space 87424K, 100% used [0x00000000e0000000, 0x00000000e5560000, 0x00000000e5560000)
  from space 21824K,  83% used [0x00000000e6ab0000, 0x00000000e7c79408, 0x00000000e8000000)
  to   space 21824K,   0% used [0x00000000e5560000, 0x00000000e5560000, 0x00000000e6ab0000)
 concurrent mark-sweep generation total 393216K, used 149682K [0x00000000e8000000, 0x0000000100000000, 0x0000000100000000)
 Metaspace       used 29442K, capacity 29779K, committed 30000K, reserved 1075200K
  class space    used 3486K, capacity 3614K, committed 3632K, reserved 1048576K
2015-09-11T13:03:46.991+0200: 47.643: [GC (Allocation Failure) 47.644: [ParNew
Desired survivor size 20112992 bytes, new threshold 8 (max 8)
- age   1:    6555896 bytes,    6555896 total
- age   2:    5060784 bytes,   11616680 total
- age   3:    2482824 bytes,   14099504 total
- age   4:    2522512 bytes,   16622016 total
- age   5:    2730152 bytes,   19352168 total
- age   6:     639800 bytes,   19991968 total
- age   8:        960 bytes,   19992928 total
: 105637K->21824K(109248K), 0.0074441 secs] 255319K->172116K(502464K), 0.0074933 secs] [Times: user=0.00 sys=0.00, real=0.01 secs] 
Heap after GC invocations=52 (full 2):
 par new generation   total 109248K, used 21824K [0x00000000e0000000, 0x00000000e8000000, 0x00000000e8000000)
  eden space 87424K,   0% used [0x00000000e0000000, 0x00000000e0000000, 0x00000000e5560000)
  from space 21824K, 100% used [0x00000000e5560000, 0x00000000e6ab0000, 0x00000000e6ab0000)
  to   space 21824K,   0% used [0x00000000e6ab0000, 0x00000000e6ab0000, 0x00000000e8000000)
 concurrent mark-sweep generation total 393216K, used 150292K [0x00000000e8000000, 0x0000000100000000, 0x0000000100000000)
 Metaspace       used 29442K, capacity 29779K, committed 30000K, reserved 1075200K
  class space    used 3486K, capacity 3614K, committed 3632K, reserved 1048576K
}
2015-09-11T13:03:46.999+0200: 47.651: Total time for which application threads were stopped: 0.0076265 seconds, Stopping threads took: 0.0000138 seconds
{Heap before GC invocations=52 (full 2):
 par new generation   total 109248K, used 109248K [0x00000000e0000000, 0x00000000e8000000, 0x00000000e8000000)
  eden space 87424K, 100% used [0x00000000e0000000, 0x00000000e5560000, 0x00000000e5560000)
  from space 21824K, 100% used [0x00000000e5560000, 0x00000000e6ab0000, 0x00000000e6ab0000)
  to   space 21824K,   0% used [0x00000000e6ab0000, 0x00000000e6ab0000, 0x00000000e8000000)
 concurrent mark-sweep generation total 393216K, used 150292K [0x00000000e8000000, 0x0000000100000000, 0x0000000100000000)
 Metaspace       used 29442K, capacity 29779K, committed 30000K, reserved 1075200K
  class space    used 3486K, capacity 3614K, committed 3632K, reserved 1048576K
2015-09-11T13:03:47.279+0200: 47.931: [GC (Allocation Failure) 47.931: [ParNew
Desired survivor size 20112992 bytes, new threshold 8 (max 8)
- age   1:    5190320 bytes,    5190320 total
- age   2:    2510672 bytes,    7700992 total
- age   3:    3872240 bytes,   11573232 total
- age   4:    2480736 bytes,   14053968 total
- age   5:    2522512 bytes,   16576480 total
- age   6:    2730152 bytes,   19306632 total
- age   7:     639800 bytes,   19946432 total
: 109248K->21824K(109248K), 0.0079279 secs] 259540K->175215K(502464K), 0.0079749 secs] [Times: user=0.06 sys=0.00, real=0.01 secs] 
Heap after GC invocations=53 (full 2):
 par new generation   total 109248K, used 21824K [0x00000000e0000000, 0x00000000e8000000, 0x00000000e8000000)
  eden space 87424K,   0% used [0x00000000e0000000, 0x00000000e0000000, 0x00000000e5560000)
  from space 21824K, 100% used [0x00000000e6ab0000, 0x00000000e8000000, 0x00000000e8000000)
  to   space 21824K,   0% used [0x00000000e5560000, 0x00000000e5560000, 0x00000000e6ab0000)
 concurrent mark-sweep generation total 393216K, used 153391K [0x00000000e8000000, 0x0000000100000000, 0x0000000100000000)
 Metaspace       used 29442K, capacity 29779K, committed 30000K, reserved 1075200K
  class space    used 3486K, capacity 3614K, committed 3632K, reserved 1048576K
}
2015-09-11T13:03:47.287+0200: 47.939: Total time for which application threads were stopped: 0.0081186 seconds, Stopping threads took: 0.0000240 seconds
{Heap before GC invocations=53 (full 2):
 par new generation   total 109248K, used 109248K [0x00000000e0000000, 0x00000000e8000000, 0x00000000e8000000)
  eden space 87424K, 100% used [0x00000000e0000000, 0x00000000e5560000, 0x00000000e5560000)
  from space 21824K, 100% used [0x00000000e6ab0000, 0x00000000e8000000, 0x00000000e8000000)
  to   space 21824K,   0% used [0x00000000e5560000, 0x00000000e5560000, 0x00000000e6ab0000)
 concurrent mark-sweep generation total 393216K, used 153391K [0x00000000e8000000, 0x0000000100000000, 0x0000000100000000)
 Metaspace       used 29442K, capacity 29779K, committed 30000K, reserved 1075200K
  class space    used 3486K, capacity 3614K, committed 3632K, reserved 1048576K
2015-09-11T13:03:47.564+0200: 48.216: [GC (Allocation Failure) 48.217: [ParNew
Desired survivor size 20112992 bytes, new threshold 8 (max 8)
- age   1:    4116104 bytes,    4116104 total
- age   2:    1639672 bytes,    5755776 total
- age   3:    2510648 bytes,    8266424 total
- age   4:    3610064 bytes,   11876488 total
- age   5:    2480736 bytes,   14357224 total
- age   6:    2522512 bytes,   16879736 total
- age   7:    2730152 bytes,   19609888 total
- age   8:     639576 bytes,   20249464 total
: 109248K->21824K(109248K), 0.0087381 secs] 262639K->179371K(502464K), 0.0088159 secs] [Times: user=0.00 sys=0.00, real=0.01 secs] 
Heap after GC invocations=54 (full 2):
 par new generation   total 109248K, used 21824K [0x00000000e0000000, 0x00000000e8000000, 0x00000000e8000000)
  eden space 87424K,   0% used [0x00000000e0000000, 0x00000000e0000000, 0x00000000e5560000)
  from space 21824K, 100% used [0x00000000e5560000, 0x00000000e6ab0000, 0x00000000e6ab0000)
  to   space 21824K,   0% used [0x00000000e6ab0000, 0x00000000e6ab0000, 0x00000000e8000000)
 concurrent mark-sweep generation total 393216K, used 157547K [0x00000000e8000000, 0x0000000100000000, 0x0000000100000000)
 Metaspace       used 29442K, capacity 29779K, committed 30000K, reserved 1075200K
  class space    used 3486K, capacity 3614K, committed 3632K, reserved 1048576K
}
2015-09-11T13:03:47.573+0200: 48.225: Total time for which application threads were stopped: 0.0089519 seconds, Stopping threads took: 0.0000147 seconds
{Heap before GC invocations=54 (full 2):
 par new generation   total 109248K, used 109248K [0x00000000e0000000, 0x00000000e8000000, 0x00000000e8000000)
  eden space 87424K, 100% used [0x00000000e0000000, 0x00000000e5560000, 0x00000000e5560000)
  from space 21824K, 100% used [0x00000000e5560000, 0x00000000e6ab0000, 0x00000000e6ab0000)
  to   space 21824K,   0% used [0x00000000e6ab0000, 0x00000000e6ab0000, 0x00000000e8000000)
 concurrent mark-sweep generation total 393216K, used 157547K [0x00000000e8000000, 0x0000000100000000, 0x0000000100000000)
 Metaspace       used 29443K, capacity 29779K, committed 30000K, reserved 1075200K
  class space    used 3486K, capacity 3614K, committed 3632K, reserved 1048576K
2015-09-11T13:03:47.850+0200: 48.502: [GC (Allocation Failure) 48.502: [ParNew
Desired survivor size 20112992 bytes, new threshold 8 (max 8)
- age   1:    5062416 bytes,    5062416 total
- age   2:    2633104 bytes,    7695520 total
- age   3:    1415448 bytes,    9110968 total
- age   4:    1545112 bytes,   10656080 total
- age   5:    2695456 bytes,   13351536 total
- age   6:    2465872 bytes,   15817408 total
- age   7:    2475488 bytes,   18292896 total
- age   8:    2550456 bytes,   20843352 total
: 109248K->21824K(109248K), 0.0118200 secs] 266795K->185963K(502464K), 0.0118722 secs] [Times: user=0.06 sys=0.00, real=0.01 secs] 
Heap after GC invocations=55 (full 2):
 par new generation   total 109248K, used 21824K [0x00000000e0000000, 0x00000000e8000000, 0x00000000e8000000)
  eden space 87424K,   0% used [0x00000000e0000000, 0x00000000e0000000, 0x00000000e5560000)
  from space 21824K, 100% used [0x00000000e6ab0000, 0x00000000e8000000, 0x00000000e8000000)
  to   space 21824K,   0% used [0x00000000e5560000, 0x00000000e5560000, 0x00000000e6ab0000)
 concurrent mark-sweep generation total 393216K, used 164139K [0x00000000e8000000, 0x0000000100000000, 0x0000000100000000)
 Metaspace       used 29443K, capacity 29779K, committed 30000K, reserved 1075200K
  class space    used 3486K, capacity 3614K, committed 3632K, reserved 1048576K
}
2015-09-11T13:03:47.862+0200: 48.514: Total time for which application threads were stopped: 0.0120808 seconds, Stopping threads took: 0.0000438 seconds
2015-09-11T13:03:47.880+0200: 48.532: Total time for which application threads were stopped: 0.0001546 seconds, Stopping threads took: 0.0000259 seconds
2015-09-11T13:03:47.886+0200: 48.538: Total time for which application threads were stopped: 0.0001264 seconds, Stopping threads took: 0.0000483 seconds
2015-09-11T13:03:47.886+0200: 48.539: Total time for which application threads were stopped: 0.0000675 seconds, Stopping threads took: 0.0000115 seconds
{Heap before GC invocations=55 (full 2):
 par new generation   total 109248K, used 109248K [0x00000000e0000000, 0x00000000e8000000, 0x00000000e8000000)
  eden space 87424K, 100% used [0x00000000e0000000, 0x00000000e5560000, 0x00000000e5560000)
  from space 21824K, 100% used [0x00000000e6ab0000, 0x00000000e8000000, 0x00000000e8000000)
  to   space 21824K,   0% used [0x00000000e5560000, 0x00000000e5560000, 0x00000000e6ab0000)
 concurrent mark-sweep generation total 393216K, used 164139K [0x00000000e8000000, 0x0000000100000000, 0x0000000100000000)
 Metaspace       used 29449K, capacity 29779K, committed 30000K, reserved 1075200K
  class space    used 3486K, capacity 3614K, committed 3632K, reserved 1048576K
2015-09-11T13:03:48.149+0200: 48.801: [GC (Allocation Failure) 48.801: [ParNew
Desired survivor size 20112992 bytes, new threshold 8 (max 8)
- age   1:    4854968 bytes,    4854968 total
- age   2:    4327232 bytes,    9182200 total
- age   3:    2047704 bytes,   11229904 total
- age   4:     830112 bytes,   12060016 total
- age   5:     956360 bytes,   13016376 total
- age   6:    2128312 bytes,   15144688 total
- age   7:    1885040 bytes,   17029728 total
- age   8:    2210096 bytes,   19239824 total
: 109248K->21824K(109248K), 0.0130149 secs] 273387K->191229K(502464K), 0.0130648 secs] [Times: user=0.06 sys=0.00, real=0.01 secs] 
Heap after GC invocations=56 (full 2):
 par new generation   total 109248K, used 21824K [0x00000000e0000000, 0x00000000e8000000, 0x00000000e8000000)
  eden space 87424K,   0% used [0x00000000e0000000, 0x00000000e0000000, 0x00000000e5560000)
  from space 21824K, 100% used [0x00000000e5560000, 0x00000000e6ab0000, 0x00000000e6ab0000)
  to   space 21824K,   0% used [0x00000000e6ab0000, 0x00000000e6ab0000, 0x00000000e8000000)
 concurrent mark-sweep generation total 393216K, used 169405K [0x00000000e8000000, 0x0000000100000000, 0x0000000100000000)
 Metaspace       used 29449K, capacity 29779K, committed 30000K, reserved 1075200K
  class space    used 3486K, capacity 3614K, committed 3632K, reserved 1048576K
}
2015-09-11T13:03:48.162+0200: 48.815: Total time for which application threads were stopped: 0.0132104 seconds, Stopping threads took: 0.0000218 seconds
2015-09-11T13:03:48.196+0200: 48.848: Total time for which application threads were stopped: 0.0001053 seconds, Stopping threads took: 0.0000266 seconds
{Heap before GC invocations=56 (full 2):
 par new generation   total 109248K, used 109240K [0x00000000e0000000, 0x00000000e8000000, 0x00000000e8000000)
  eden space 87424K,  99% used [0x00000000e0000000, 0x00000000e555e0e0, 0x00000000e5560000)
  from space 21824K, 100% used [0x00000000e5560000, 0x00000000e6ab0000, 0x00000000e6ab0000)
  to   space 21824K,   0% used [0x00000000e6ab0000, 0x00000000e6ab0000, 0x00000000e8000000)
 concurrent mark-sweep generation total 393216K, used 169405K [0x00000000e8000000, 0x0000000100000000, 0x0000000100000000)
 Metaspace       used 29449K, capacity 29779K, committed 30000K, reserved 1075200K
  class space    used 3486K, capacity 3614K, committed 3632K, reserved 1048576K
2015-09-11T13:03:48.263+0200: 48.916: [GC (Allocation Failure) 48.916: [ParNew
Desired survivor size 20112992 bytes, new threshold 8 (max 8)
- age   1:    2354184 bytes,    2354184 total
- age   2:    3773760 bytes,    6127944 total
- age   3:    4215456 bytes,   10343400 total
- age   4:    2289928 bytes,   12633328 total
- age   5:     810400 bytes,   13443728 total
- age   6:     928872 bytes,   14372600 total
- age   7:    2104800 bytes,   16477400 total
- age   8:    1857568 bytes,   18334968 total
: 109240K->21824K(109248K), 0.0072613 secs] 278645K->193620K(502464K), 0.0073157 secs] [Times: user=0.00 sys=0.00, real=0.01 secs] 
Heap after GC invocations=57 (full 2):
 par new generation   total 109248K, used 21824K [0x00000000e0000000, 0x00000000e8000000, 0x00000000e8000000)
  eden space 87424K,   0% used [0x00000000e0000000, 0x00000000e0000000, 0x00000000e5560000)
  from space 21824K, 100% used [0x00000000e6ab0000, 0x00000000e8000000, 0x00000000e8000000)
  to   space 21824K,   0% used [0x00000000e5560000, 0x00000000e5560000, 0x00000000e6ab0000)
 concurrent mark-sweep generation total 393216K, used 171796K [0x00000000e8000000, 0x0000000100000000, 0x0000000100000000)
 Metaspace       used 29449K, capacity 29779K, committed 30000K, reserved 1075200K
  class space    used 3486K, capacity 3614K, committed 3632K, reserved 1048576K
}
2015-09-11T13:03:48.271+0200: 48.923: Total time for which application threads were stopped: 0.0074953 seconds, Stopping threads took: 0.0000170 seconds
{Heap before GC invocations=57 (full 2):
 par new generation   total 109248K, used 109248K [0x00000000e0000000, 0x00000000e8000000, 0x00000000e8000000)
  eden space 87424K, 100% used [0x00000000e0000000, 0x00000000e5560000, 0x00000000e5560000)
  from space 21824K, 100% used [0x00000000e6ab0000, 0x00000000e8000000, 0x00000000e8000000)
  to   space 21824K,   0% used [0x00000000e5560000, 0x00000000e5560000, 0x00000000e6ab0000)
 concurrent mark-sweep generation total 393216K, used 171796K [0x00000000e8000000, 0x0000000100000000, 0x0000000100000000)
 Metaspace       used 29449K, capacity 29779K, committed 30000K, reserved 1075200K
  class space    used 3486K, capacity 3614K, committed 3632K, reserved 1048576K
2015-09-11T13:03:48.357+0200: 49.010: [GC (Allocation Failure) 49.010: [ParNew
Desired survivor size 20112992 bytes, new threshold 8 (max 8)
- age   1:    3132816 bytes,    3132816 total
- age   2:    1051448 bytes,    4184264 total
- age   3:    3413224 bytes,    7597488 total
- age   4:    4215400 bytes,   11812888 total
- age   5:    2027768 bytes,   13840656 total
- age   6:     810400 bytes,   14651056 total
- age   7:     928872 bytes,   15579928 total
- age   8:    2104800 bytes,   17684728 total
: 109248K->21824K(109248K), 0.0065583 secs] 281044K->195448K(502464K), 0.0066057 secs] [Times: user=0.00 sys=0.00, real=0.01 secs] 
Heap after GC invocations=58 (full 2):
 par new generation   total 109248K, used 21824K [0x00000000e0000000, 0x00000000e8000000, 0x00000000e8000000)
  eden space 87424K,   0% used [0x00000000e0000000, 0x00000000e0000000, 0x00000000e5560000)
  from space 21824K, 100% used [0x00000000e5560000, 0x00000000e6ab0000, 0x00000000e6ab0000)
  to   space 21824K,   0% used [0x00000000e6ab0000, 0x00000000e6ab0000, 0x00000000e8000000)
 concurrent mark-sweep generation total 393216K, used 173624K [0x00000000e8000000, 0x0000000100000000, 0x0000000100000000)
 Metaspace       used 29449K, capacity 29779K, committed 30000K, reserved 1075200K
  class space    used 3486K, capacity 3614K, committed 3632K, reserved 1048576K
}
2015-09-11T13:03:48.364+0200: 49.016: Total time for which application threads were stopped: 0.0067801 seconds, Stopping threads took: 0.0000195 seconds
2015-09-11T13:03:48.408+0200: 49.061: Total time for which application threads were stopped: 0.0000986 seconds, Stopping threads took: 0.0000205 seconds
2015-09-11T13:03:48.411+0200: 49.064: Total time for which application threads were stopped: 0.0000947 seconds, Stopping threads took: 0.0000202 seconds
2015-09-11T13:03:48.411+0200: 49.064: Total time for which application threads were stopped: 0.0000746 seconds, Stopping threads took: 0.0000160 seconds
{Heap before GC invocations=58 (full 2):
 par new generation   total 109248K, used 109248K [0x00000000e0000000, 0x00000000e8000000, 0x00000000e8000000)
  eden space 87424K, 100% used [0x00000000e0000000, 0x00000000e5560000, 0x00000000e5560000)
  from space 21824K, 100% used [0x00000000e5560000, 0x00000000e6ab0000, 0x00000000e6ab0000)
  to   space 21824K,   0% used [0x00000000e6ab0000, 0x00000000e6ab0000, 0x00000000e8000000)
 concurrent mark-sweep generation total 393216K, used 173624K [0x00000000e8000000, 0x0000000100000000, 0x0000000100000000)
 Metaspace       used 29570K, capacity 29907K, committed 30256K, reserved 1075200K
  class space    used 3494K, capacity 3614K, committed 3632K, reserved 1048576K
2015-09-11T13:03:48.589+0200: 49.241: [GC (Allocation Failure) 49.241: [ParNew
Desired survivor size 20112992 bytes, new threshold 8 (max 8)
- age   1:    4382736 bytes,    4382736 total
- age   2:    1461128 bytes,    5843864 total
- age   3:    1004952 bytes,    6848816 total
- age   4:    2670864 bytes,    9519680 total
- age   5:    3882832 bytes,   13402512 total
- age   6:    1966600 bytes,   15369112 total
- age   7:     748624 bytes,   16117736 total
- age   8:     867528 bytes,   16985264 total
: 109248K->21824K(109248K), 0.0089596 secs] 282872K->197723K(502464K), 0.0090117 secs] [Times: user=0.05 sys=0.00, real=0.01 secs] 
Heap after GC invocations=59 (full 2):
 par new generation   total 109248K, used 21824K [0x00000000e0000000, 0x00000000e8000000, 0x00000000e8000000)
  eden space 87424K,   0% used [0x00000000e0000000, 0x00000000e0000000, 0x00000000e5560000)
  from space 21824K, 100% used [0x00000000e6ab0000, 0x00000000e8000000, 0x00000000e8000000)
  to   space 21824K,   0% used [0x00000000e5560000, 0x00000000e5560000, 0x00000000e6ab0000)
 concurrent mark-sweep generation total 393216K, used 175899K [0x00000000e8000000, 0x0000000100000000, 0x0000000100000000)
 Metaspace       used 29570K, capacity 29907K, committed 30256K, reserved 1075200K
  class space    used 3494K, capacity 3614K, committed 3632K, reserved 1048576K
}
2015-09-11T13:03:48.598+0200: 49.250: Total time for which application threads were stopped: 0.0091816 seconds, Stopping threads took: 0.0000163 seconds
{Heap before GC invocations=59 (full 2):
 par new generation   total 109248K, used 109223K [0x00000000e0000000, 0x00000000e8000000, 0x00000000e8000000)
  eden space 87424K,  99% used [0x00000000e0000000, 0x00000000e5559dd0, 0x00000000e5560000)
  from space 21824K, 100% used [0x00000000e6ab0000, 0x00000000e8000000, 0x00000000e8000000)
  to   space 21824K,   0% used [0x00000000e5560000, 0x00000000e5560000, 0x00000000e6ab0000)
 concurrent mark-sweep generation total 393216K, used 175899K [0x00000000e8000000, 0x0000000100000000, 0x0000000100000000)
 Metaspace       used 29570K, capacity 29907K, committed 30256K, reserved 1075200K
  class space    used 3494K, capacity 3614K, committed 3632K, reserved 1048576K
2015-09-11T13:03:48.887+0200: 49.539: [GC (Allocation Failure) 49.539: [ParNew
Desired survivor size 20112992 bytes, new threshold 8 (max 8)
- age   1:    6314480 bytes,    6314480 total
- age   2:    2308800 bytes,    8623280 total
- age   3:     740168 bytes,    9363448 total
- age   4:     906600 bytes,   10270048 total
- age   5:    2670864 bytes,   12940912 total
- age   6:    3882832 bytes,   16823744 total
- age   7:    1966600 bytes,   18790344 total
- age   8:     748624 bytes,   19538968 total
: 109223K->21824K(109248K), 0.0080905 secs] 285122K->199856K(502464K), 0.0081362 secs] [Times: user=0.00 sys=0.00, real=0.01 secs] 
Heap after GC invocations=60 (full 2):
 par new generation   total 109248K, used 21824K [0x00000000e0000000, 0x00000000e8000000, 0x00000000e8000000)
  eden space 87424K,   0% used [0x00000000e0000000, 0x00000000e0000000, 0x00000000e5560000)
  from space 21824K, 100% used [0x00000000e5560000, 0x00000000e6ab0000, 0x00000000e6ab0000)
  to   space 21824K,   0% used [0x00000000e6ab0000, 0x00000000e6ab0000, 0x00000000e8000000)
 concurrent mark-sweep generation total 393216K, used 178032K [0x00000000e8000000, 0x0000000100000000, 0x0000000100000000)
 Metaspace       used 29570K, capacity 29907K, committed 30256K, reserved 1075200K
  class space    used 3494K, capacity 3614K, committed 3632K, reserved 1048576K
}
2015-09-11T13:03:48.895+0200: 49.547: Total time for which application threads were stopped: 0.0082770 seconds, Stopping threads took: 0.0000134 seconds
2015-09-11T13:03:48.991+0200: 49.643: Total time for which application threads were stopped: 0.0000682 seconds, Stopping threads took: 0.0000211 seconds
2015-09-11T13:03:48.991+0200: 49.643: Total time for which application threads were stopped: 0.0000448 seconds, Stopping threads took: 0.0000166 seconds
2015-09-11T13:03:49.069+0200: 49.721: Total time for which application threads were stopped: 0.0001907 seconds, Stopping threads took: 0.0001062 seconds
2015-09-11T13:03:49.083+0200: 49.736: Total time for which application threads were stopped: 0.0000864 seconds, Stopping threads took: 0.0000186 seconds
2015-09-11T13:03:49.083+0200: 49.736: Total time for which application threads were stopped: 0.0000515 seconds, Stopping threads took: 0.0000093 seconds
{Heap before GC invocations=60 (full 2):
 par new generation   total 109248K, used 109248K [0x00000000e0000000, 0x00000000e8000000, 0x00000000e8000000)
  eden space 87424K, 100% used [0x00000000e0000000, 0x00000000e5560000, 0x00000000e5560000)
  from space 21824K, 100% used [0x00000000e5560000, 0x00000000e6ab0000, 0x00000000e6ab0000)
  to   space 21824K,   0% used [0x00000000e6ab0000, 0x00000000e6ab0000, 0x00000000e8000000)
 concurrent mark-sweep generation total 393216K, used 178032K [0x00000000e8000000, 0x0000000100000000, 0x0000000100000000)
 Metaspace       used 29588K, capacity 30003K, committed 30384K, reserved 1075200K
  class space    used 3497K, capacity 3646K, committed 3760K, reserved 1048576K
2015-09-11T13:03:49.166+0200: 49.818: [GC (Allocation Failure) 49.818: [ParNew
Desired survivor size 20112992 bytes, new threshold 8 (max 8)
- age   1:    5902608 bytes,    5902608 total
- age   2:    2758152 bytes,    8660760 total
- age   3:    2120064 bytes,   10780824 total
- age   4:     696968 bytes,   11477792 total
- age   5:     852936 bytes,   12330728 total
- age   6:    2520904 bytes,   14851632 total
- age   7:    3854144 bytes,   18705776 total
- age   8:    1966600 bytes,   20672376 total
: 109248K->21824K(109248K), 0.0068290 secs] 287280K->202197K(502464K), 0.0068751 secs] [Times: user=0.06 sys=0.00, real=0.01 secs] 
Heap after GC invocations=61 (full 2):
 par new generation   total 109248K, used 21824K [0x00000000e0000000, 0x00000000e8000000, 0x00000000e8000000)
  eden space 87424K,   0% used [0x00000000e0000000, 0x00000000e0000000, 0x00000000e5560000)
  from space 21824K, 100% used [0x00000000e6ab0000, 0x00000000e8000000, 0x00000000e8000000)
  to   space 21824K,   0% used [0x00000000e5560000, 0x00000000e5560000, 0x00000000e6ab0000)
 concurrent mark-sweep generation total 393216K, used 180373K [0x00000000e8000000, 0x0000000100000000, 0x0000000100000000)
 Metaspace       used 29588K, capacity 30003K, committed 30384K, reserved 1075200K
  class space    used 3497K, capacity 3646K, committed 3760K, reserved 1048576K
}
2015-09-11T13:03:49.173+0200: 49.825: Total time for which application threads were stopped: 0.0070642 seconds, Stopping threads took: 0.0000387 seconds
{Heap before GC invocations=61 (full 2):
 par new generation   total 109248K, used 109248K [0x00000000e0000000, 0x00000000e8000000, 0x00000000e8000000)
  eden space 87424K, 100% used [0x00000000e0000000, 0x00000000e5560000, 0x00000000e5560000)
  from space 21824K, 100% used [0x00000000e6ab0000, 0x00000000e8000000, 0x00000000e8000000)
  to   space 21824K,   0% used [0x00000000e5560000, 0x00000000e5560000, 0x00000000e6ab0000)
 concurrent mark-sweep generation total 393216K, used 180373K [0x00000000e8000000, 0x0000000100000000, 0x0000000100000000)
 Metaspace       used 29588K, capacity 30003K, committed 30384K, reserved 1075200K
  class space    used 3497K, capacity 3646K, committed 3760K, reserved 1048576K
2015-09-11T13:03:49.248+0200: 49.900: [GC (Allocation Failure) 49.900: [ParNew
Desired survivor size 20112992 bytes, new threshold 8 (max 8)
- age   1:    1864016 bytes,    1864016 total
- age   2:    4542920 bytes,    6406936 total
- age   3:    2524488 bytes,    8931424 total
- age   4:    2117376 bytes,   11048800 total
- age   5:     696072 bytes,   11744872 total
- age   6:     851144 bytes,   12596016 total
- age   7:    2516592 bytes,   15112608 total
- age   8:    3854088 bytes,   18966696 total
: 109248K->21824K(109248K), 0.0057481 secs] 289621K->204938K(502464K), 0.0057945 secs] [Times: user=0.00 sys=0.00, real=0.01 secs] 
Heap after GC invocations=62 (full 2):
 par new generation   total 109248K, used 21824K [0x00000000e0000000, 0x00000000e8000000, 0x00000000e8000000)
  eden space 87424K,   0% used [0x00000000e0000000, 0x00000000e0000000, 0x00000000e5560000)
  from space 21824K, 100% used [0x00000000e5560000, 0x00000000e6ab0000, 0x00000000e6ab0000)
  to   space 21824K,   0% used [0x00000000e6ab0000, 0x00000000e6ab0000, 0x00000000e8000000)
 concurrent mark-sweep generation total 393216K, used 183114K [0x00000000e8000000, 0x0000000100000000, 0x0000000100000000)
 Metaspace       used 29588K, capacity 30003K, committed 30384K, reserved 1075200K
  class space    used 3497K, capacity 3646K, committed 3760K, reserved 1048576K
}
2015-09-11T13:03:49.254+0200: 49.906: Total time for which application threads were stopped: 0.0059513 seconds, Stopping threads took: 0.0000285 seconds
2015-09-11T13:03:49.309+0200: 49.962: Total time for which application threads were stopped: 0.0000909 seconds, Stopping threads took: 0.0000221 seconds
2015-09-11T13:03:49.309+0200: 49.962: Total time for which application threads were stopped: 0.0000618 seconds, Stopping threads took: 0.0000138 seconds
2015-09-11T13:03:49.309+0200: 49.962: Total time for which application threads were stopped: 0.0000483 seconds, Stopping threads took: 0.0000109 seconds
2015-09-11T13:03:49.310+0200: 49.962: Total time for which application threads were stopped: 0.0000384 seconds, Stopping threads took: 0.0000054 seconds
2015-09-11T13:03:49.310+0200: 49.962: Total time for which application threads were stopped: 0.0000371 seconds, Stopping threads took: 0.0000054 seconds
{Heap before GC invocations=62 (full 2):
 par new generation   total 109248K, used 109248K [0x00000000e0000000, 0x00000000e8000000, 0x00000000e8000000)
  eden space 87424K, 100% used [0x00000000e0000000, 0x00000000e5560000, 0x00000000e5560000)
  from space 21824K, 100% used [0x00000000e5560000, 0x00000000e6ab0000, 0x00000000e6ab0000)
  to   space 21824K,   0% used [0x00000000e6ab0000, 0x00000000e6ab0000, 0x00000000e8000000)
 concurrent mark-sweep generation total 393216K, used 183114K [0x00000000e8000000, 0x0000000100000000, 0x0000000100000000)
 Metaspace       used 29608K, capacity 30015K, committed 30384K, reserved 1075200K
  class space    used 3499K, capacity 3648K, committed 3760K, reserved 1048576K
2015-09-11T13:03:49.503+0200: 50.156: [GC (Allocation Failure) 50.156: [ParNew
Desired survivor size 20112992 bytes, new threshold 8 (max 8)
- age   1:    3567704 bytes,    3567704 total
- age   2:     761776 bytes,    4329480 total
- age   3:    3912064 bytes,    8241544 total
- age   4:    2143432 bytes,   10384976 total
- age   5:    1875312 bytes,   12260288 total
- age   6:     604112 bytes,   12864400 total
- age   7:     743264 bytes,   13607664 total
- age   8:    2204064 bytes,   15811728 total
: 109248K->21824K(109248K), 0.0067183 secs] 292362K->210464K(502464K), 0.0067814 secs] [Times: user=0.00 sys=0.00, real=0.01 secs] 
Heap after GC invocations=63 (full 2):
 par new generation   total 109248K, used 21824K [0x00000000e0000000, 0x00000000e8000000, 0x00000000e8000000)
  eden space 87424K,   0% used [0x00000000e0000000, 0x00000000e0000000, 0x00000000e5560000)
  from space 21824K, 100% used [0x00000000e6ab0000, 0x00000000e8000000, 0x00000000e8000000)
  to   space 21824K,   0% used [0x00000000e5560000, 0x00000000e5560000, 0x00000000e6ab0000)
 concurrent mark-sweep generation total 393216K, used 188640K [0x00000000e8000000, 0x0000000100000000, 0x0000000100000000)
 Metaspace       used 29608K, capacity 30015K, committed 30384K, reserved 1075200K
  class space    used 3499K, capacity 3648K, committed 3760K, reserved 1048576K
}
2015-09-11T13:03:49.510+0200: 50.163: Total time for which application threads were stopped: 0.0069887 seconds, Stopping threads took: 0.0000234 seconds
{Heap before GC invocations=63 (full 2):
 par new generation   total 109248K, used 109248K [0x00000000e0000000, 0x00000000e8000000, 0x00000000e8000000)
  eden space 87424K, 100% used [0x00000000e0000000, 0x00000000e5560000, 0x00000000e5560000)
  from space 21824K, 100% used [0x00000000e6ab0000, 0x00000000e8000000, 0x00000000e8000000)
  to   space 21824K,   0% used [0x00000000e5560000, 0x00000000e5560000, 0x00000000e6ab0000)
 concurrent mark-sweep generation total 393216K, used 188640K [0x00000000e8000000, 0x0000000100000000, 0x0000000100000000)
 Metaspace       used 29608K, capacity 30015K, committed 30384K, reserved 1075200K
  class space    used 3499K, capacity 3648K, committed 3760K, reserved 1048576K
2015-09-11T13:03:49.785+0200: 50.437: [GC (Allocation Failure) 50.437: [ParNew
Desired survivor size 20112992 bytes, new threshold 8 (max 8)
- age   1:    5260680 bytes,    5260680 total
- age   2:    2385080 bytes,    7645760 total
- age   3:     760984 bytes,    8406744 total
- age   4:    3910864 bytes,   12317608 total
- age   5:    2143432 bytes,   14461040 total
- age   6:    1875312 bytes,   16336352 total
- age   7:     604112 bytes,   16940464 total
- age   8:     743264 bytes,   17683728 total
: 109248K->21574K(109248K), 0.0060150 secs] 297888K->212368K(502464K), 0.0060636 secs] [Times: user=0.00 sys=0.00, real=0.01 secs] 
Heap after GC invocations=64 (full 2):
 par new generation   total 109248K, used 21574K [0x00000000e0000000, 0x00000000e8000000, 0x00000000e8000000)
  eden space 87424K,   0% used [0x00000000e0000000, 0x00000000e0000000, 0x00000000e5560000)
  from space 21824K,  98% used [0x00000000e5560000, 0x00000000e6a71be0, 0x00000000e6ab0000)
  to   space 21824K,   0% used [0x00000000e6ab0000, 0x00000000e6ab0000, 0x00000000e8000000)
 concurrent mark-sweep generation total 393216K, used 190793K [0x00000000e8000000, 0x0000000100000000, 0x0000000100000000)
 Metaspace       used 29608K, capacity 30015K, committed 30384K, reserved 1075200K
  class space    used 3499K, capacity 3648K, committed 3760K, reserved 1048576K
}
2015-09-11T13:03:49.791+0200: 50.443: Total time for which application threads were stopped: 0.0062111 seconds, Stopping threads took: 0.0000234 seconds
{Heap before GC invocations=64 (full 2):
 par new generation   total 109248K, used 108998K [0x00000000e0000000, 0x00000000e8000000, 0x00000000e8000000)
  eden space 87424K, 100% used [0x00000000e0000000, 0x00000000e5560000, 0x00000000e5560000)
  from space 21824K,  98% used [0x00000000e5560000, 0x00000000e6a71be0, 0x00000000e6ab0000)
  to   space 21824K,   0% used [0x00000000e6ab0000, 0x00000000e6ab0000, 0x00000000e8000000)
 concurrent mark-sweep generation total 393216K, used 190793K [0x00000000e8000000, 0x0000000100000000, 0x0000000100000000)
 Metaspace       used 29608K, capacity 30015K, committed 30384K, reserved 1075200K
  class space    used 3499K, capacity 3648K, committed 3760K, reserved 1048576K
2015-09-11T13:03:50.071+0200: 50.724: [GC (Allocation Failure) 50.724: [ParNew
Desired survivor size 20112992 bytes, new threshold 8 (max 8)
- age   1:    5564632 bytes,    5564632 total
- age   2:    2579776 bytes,    8144408 total
- age   3:    2275808 bytes,   10420216 total
- age   4:     728256 bytes,   11148472 total
- age   5:    3577168 bytes,   14725640 total
- age   6:    1746408 bytes,   16472048 total
- age   7:    1759656 bytes,   18231704 total
- age   8:     577032 bytes,   18808736 total
: 108998K->21824K(109248K), 0.0067682 secs] 299792K->215918K(502464K), 0.0068191 secs] [Times: user=0.06 sys=0.00, real=0.01 secs] 
Heap after GC invocations=65 (full 2):
 par new generation   total 109248K, used 21824K [0x00000000e0000000, 0x00000000e8000000, 0x00000000e8000000)
  eden space 87424K,   0% used [0x00000000e0000000, 0x00000000e0000000, 0x00000000e5560000)
  from space 21824K, 100% used [0x00000000e6ab0000, 0x00000000e8000000, 0x00000000e8000000)
  to   space 21824K,   0% used [0x00000000e5560000, 0x00000000e5560000, 0x00000000e6ab0000)
 concurrent mark-sweep generation total 393216K, used 194094K [0x00000000e8000000, 0x0000000100000000, 0x0000000100000000)
 Metaspace       used 29608K, capacity 30015K, committed 30384K, reserved 1075200K
  class space    used 3499K, capacity 3648K, committed 3760K, reserved 1048576K
}
2015-09-11T13:03:50.078+0200: 50.731: Total time for which application threads were stopped: 0.0069538 seconds, Stopping threads took: 0.0000144 seconds
{Heap before GC invocations=65 (full 2):
 par new generation   total 109248K, used 109248K [0x00000000e0000000, 0x00000000e8000000, 0x00000000e8000000)
  eden space 87424K, 100% used [0x00000000e0000000, 0x00000000e5560000, 0x00000000e5560000)
  from space 21824K, 100% used [0x00000000e6ab0000, 0x00000000e8000000, 0x00000000e8000000)
  to   space 21824K,   0% used [0x00000000e5560000, 0x00000000e5560000, 0x00000000e6ab0000)
 concurrent mark-sweep generation total 393216K, used 194094K [0x00000000e8000000, 0x0000000100000000, 0x0000000100000000)
 Metaspace       used 29608K, capacity 30015K, committed 30384K, reserved 1075200K
  class space    used 3499K, capacity 3648K, committed 3760K, reserved 1048576K
2015-09-11T13:03:50.370+0200: 51.023: [GC (Allocation Failure) 51.023: [ParNew
Desired survivor size 20112992 bytes, new threshold 8 (max 8)
- age   1:    4718704 bytes,    4718704 total
- age   2:    2054280 bytes,    6772984 total
- age   3:    1653408 bytes,    8426392 total
- age   4:    1167880 bytes,    9594272 total
- age   5:     294072 bytes,    9888344 total
- age   6:    3138784 bytes,   13027128 total
- age   7:    1745832 bytes,   14772960 total
- age   8:    1759656 bytes,   16532616 total
: 109248K->21824K(109248K), 0.0075407 secs] 303342K->222163K(502464K), 0.0075868 secs] [Times: user=0.00 sys=0.00, real=0.01 secs] 
Heap after GC invocations=66 (full 2):
 par new generation   total 109248K, used 21824K [0x00000000e0000000, 0x00000000e8000000, 0x00000000e8000000)
  eden space 87424K,   0% used [0x00000000e0000000, 0x00000000e0000000, 0x00000000e5560000)
  from space 21824K, 100% used [0x00000000e5560000, 0x00000000e6ab0000, 0x00000000e6ab0000)
  to   space 21824K,   0% used [0x00000000e6ab0000, 0x00000000e6ab0000, 0x00000000e8000000)
 concurrent mark-sweep generation total 393216K, used 200339K [0x00000000e8000000, 0x0000000100000000, 0x0000000100000000)
 Metaspace       used 29608K, capacity 30015K, committed 30384K, reserved 1075200K
  class space    used 3499K, capacity 3648K, committed 3760K, reserved 1048576K
}
2015-09-11T13:03:50.378+0200: 51.031: Total time for which application threads were stopped: 0.0077209 seconds, Stopping threads took: 0.0000141 seconds
2015-09-11T13:03:50.378+0200: 51.031: [GC (CMS Initial Mark) [1 CMS-initial-mark: 200339K(393216K)] 223779K(502464K), 0.0011827 secs] [Times: user=0.00 sys=0.00, real=0.00 secs] 
2015-09-11T13:03:50.379+0200: 51.032: Total time for which application threads were stopped: 0.0012704 seconds, Stopping threads took: 0.0000259 seconds
2015-09-11T13:03:50.379+0200: 51.032: [CMS-concurrent-mark-start]
2015-09-11T13:03:50.389+0200: 51.041: [CMS-concurrent-mark: 0.009/0.009 secs] [Times: user=0.06 sys=0.00, real=0.01 secs] 
2015-09-11T13:03:50.389+0200: 51.041: [CMS-concurrent-preclean-start]
2015-09-11T13:03:50.389+0200: 51.042: [CMS-concurrent-preclean: 0.001/0.001 secs] [Times: user=0.00 sys=0.00, real=0.00 secs] 
2015-09-11T13:03:50.390+0200: 51.042: [CMS-concurrent-abortable-preclean-start]
2015-09-11T13:03:50.610+0200: 51.263: [CMS-concurrent-abortable-preclean: 0.121/0.220 secs] [Times: user=0.34 sys=0.00, real=0.22 secs] 
2015-09-11T13:03:50.610+0200: 51.263: [GC (CMS Final Remark) [YG occupancy: 94409 K (109248 K)]{Heap before GC invocations=66 (full 3):
 par new generation   total 109248K, used 94409K [0x00000000e0000000, 0x00000000e8000000, 0x00000000e8000000)
  eden space 87424K,  83% used [0x00000000e0000000, 0x00000000e46e25d8, 0x00000000e5560000)
  from space 21824K, 100% used [0x00000000e5560000, 0x00000000e6ab0000, 0x00000000e6ab0000)
  to   space 21824K,   0% used [0x00000000e6ab0000, 0x00000000e6ab0000, 0x00000000e8000000)
 concurrent mark-sweep generation total 393216K, used 200339K [0x00000000e8000000, 0x0000000100000000, 0x0000000100000000)
 Metaspace       used 29608K, capacity 30015K, committed 30384K, reserved 1075200K
  class space    used 3499K, capacity 3648K, committed 3760K, reserved 1048576K
2015-09-11T13:03:50.610+0200: 51.263: [GC (CMS Final Remark) 51.263: [ParNew
Desired survivor size 20112992 bytes, new threshold 8 (max 8)
- age   1:    6460984 bytes,    6460984 total
- age   2:    1291872 bytes,    7752856 total
- age   3:    2020232 bytes,    9773088 total
- age   4:    1523048 bytes,   11296136 total
- age   5:    1147504 bytes,   12443640 total
- age   6:     287040 bytes,   12730680 total
- age   7:    3120840 bytes,   15851520 total
- age   8:    1726992 bytes,   17578512 total
: 94409K->21824K(109248K), 0.0068886 secs] 294748K->224080K(502464K), 0.0069257 secs] [Times: user=0.00 sys=0.00, real=0.01 secs] 
Heap after GC invocations=67 (full 3):
 par new generation   total 109248K, used 21824K [0x00000000e0000000, 0x00000000e8000000, 0x00000000e8000000)
  eden space 87424K,   0% used [0x00000000e0000000, 0x00000000e0000000, 0x00000000e5560000)
  from space 21824K, 100% used [0x00000000e6ab0000, 0x00000000e8000000, 0x00000000e8000000)
  to   space 21824K,   0% used [0x00000000e5560000, 0x00000000e5560000, 0x00000000e6ab0000)
 concurrent mark-sweep generation total 393216K, used 202256K [0x00000000e8000000, 0x0000000100000000, 0x0000000100000000)
 Metaspace       used 29608K, capacity 30015K, committed 30384K, reserved 1075200K
  class space    used 3499K, capacity 3648K, committed 3760K, reserved 1048576K
}
51.270: [Rescan (parallel) , 0.0015545 secs]51.271: [weak refs processing, 0.0002326 secs]51.271: [class unloading, 0.0037078 secs]51.275: [scrub symbol table, 0.0028806 secs]51.278: [scrub string table, 0.0003744 secs][1 CMS-remark: 202256K(393216K)] 224080K(502464K), 0.0163371 secs] [Times: user=0.06 sys=0.00, real=0.02 secs] 
2015-09-11T13:03:50.626+0200: 51.279: Total time for which application threads were stopped: 0.0164283 seconds, Stopping threads took: 0.0000269 seconds
2015-09-11T13:03:50.626+0200: 51.279: [CMS-concurrent-sweep-start]
2015-09-11T13:03:50.659+0200: 51.312: [CMS-concurrent-sweep: 0.032/0.032 secs] [Times: user=0.06 sys=0.00, real=0.03 secs] 
2015-09-11T13:03:50.659+0200: 51.312: [CMS-concurrent-reset-start]
2015-09-11T13:03:50.659+0200: 51.312: [CMS-concurrent-reset: 0.000/0.000 secs] [Times: user=0.00 sys=0.00, real=0.00 secs] 
{Heap before GC invocations=67 (full 3):
 par new generation   total 109248K, used 109248K [0x00000000e0000000, 0x00000000e8000000, 0x00000000e8000000)
  eden space 87424K, 100% used [0x00000000e0000000, 0x00000000e5560000, 0x00000000e5560000)
  from space 21824K, 100% used [0x00000000e6ab0000, 0x00000000e8000000, 0x00000000e8000000)
  to   space 21824K,   0% used [0x00000000e5560000, 0x00000000e5560000, 0x00000000e6ab0000)
 concurrent mark-sweep generation total 393216K, used 46480K [0x00000000e8000000, 0x0000000100000000, 0x0000000100000000)
 Metaspace       used 29608K, capacity 30015K, committed 30384K, reserved 1075200K
  class space    used 3499K, capacity 3648K, committed 3760K, reserved 1048576K
2015-09-11T13:03:50.909+0200: 51.562: [GC (Allocation Failure) 51.562: [ParNew
Desired survivor size 20112992 bytes, new threshold 8 (max 8)
- age   1:    8380072 bytes,    8380072 total
- age   2:    2311808 bytes,   10691880 total
- age   3:    1291616 bytes,   11983496 total
- age   4:    2021120 bytes,   14004616 total
- age   5:    1490840 bytes,   15495456 total
- age   6:    1016992 bytes,   16512448 total
- age   7:     287304 bytes,   16799752 total
- age   8:     790512 bytes,   17590264 total
: 109248K->19904K(109248K), 0.0065519 secs] 155728K->66819K(502464K), 0.0065964 secs] [Times: user=0.06 sys=0.00, real=0.01 secs] 
Heap after GC invocations=68 (full 3):
 par new generation   total 109248K, used 19904K [0x00000000e0000000, 0x00000000e8000000, 0x00000000e8000000)
  eden space 87424K,   0% used [0x00000000e0000000, 0x00000000e0000000, 0x00000000e5560000)
  from space 21824K,  91% used [0x00000000e5560000, 0x00000000e68d0220, 0x00000000e6ab0000)
  to   space 21824K,   0% used [0x00000000e6ab0000, 0x00000000e6ab0000, 0x00000000e8000000)
 concurrent mark-sweep generation total 393216K, used 46914K [0x00000000e8000000, 0x0000000100000000, 0x0000000100000000)
 Metaspace       used 29608K, capacity 30015K, committed 30384K, reserved 1075200K
  class space    used 3499K, capacity 3648K, committed 3760K, reserved 1048576K
}
2015-09-11T13:03:50.916+0200: 51.568: Total time for which application threads were stopped: 0.0067321 seconds, Stopping threads took: 0.0000134 seconds
{Heap before GC invocations=68 (full 3):
 par new generation   total 109248K, used 107328K [0x00000000e0000000, 0x00000000e8000000, 0x00000000e8000000)
  eden space 87424K, 100% used [0x00000000e0000000, 0x00000000e5560000, 0x00000000e5560000)
  from space 21824K,  91% used [0x00000000e5560000, 0x00000000e68d0220, 0x00000000e6ab0000)
  to   space 21824K,   0% used [0x00000000e6ab0000, 0x00000000e6ab0000, 0x00000000e8000000)
 concurrent mark-sweep generation total 393216K, used 46914K [0x00000000e8000000, 0x0000000100000000, 0x0000000100000000)
 Metaspace       used 29608K, capacity 30015K, committed 30384K, reserved 1075200K
  class space    used 3499K, capacity 3648K, committed 3760K, reserved 1048576K
2015-09-11T13:03:51.195+0200: 51.847: [GC (Allocation Failure) 51.847: [ParNew
Desired survivor size 20112992 bytes, new threshold 8 (max 8)
- age   1:    7978432 bytes,    7978432 total
- age   2:    3541200 bytes,   11519632 total
- age   3:    2301120 bytes,   13820752 total
- age   4:    1278168 bytes,   15098920 total
- age   5:    2013136 bytes,   17112056 total
- age   6:    1482320 bytes,   18594376 total
- age   7:    1010944 bytes,   19605320 total
- age   8:     284920 bytes,   19890240 total
: 107328K->21824K(109248K), 0.0072054 secs] 154243K->69605K(502464K), 0.0072527 secs] [Times: user=0.00 sys=0.00, real=0.01 secs] 
Heap after GC invocations=69 (full 3):
 par new generation   total 109248K, used 21824K [0x00000000e0000000, 0x00000000e8000000, 0x00000000e8000000)
  eden space 87424K,   0% used [0x00000000e0000000, 0x00000000e0000000, 0x00000000e5560000)
  from space 21824K, 100% used [0x00000000e6ab0000, 0x00000000e8000000, 0x00000000e8000000)
  to   space 21824K,   0% used [0x00000000e5560000, 0x00000000e5560000, 0x00000000e6ab0000)
 concurrent mark-sweep generation total 393216K, used 47781K [0x00000000e8000000, 0x0000000100000000, 0x0000000100000000)
 Metaspace       used 29608K, capacity 30015K, committed 30384K, reserved 1075200K
  class space    used 3499K, capacity 3648K, committed 3760K, reserved 1048576K
}
2015-09-11T13:03:51.202+0200: 51.855: Total time for which application threads were stopped: 0.0073913 seconds, Stopping threads took: 0.0000144 seconds
{Heap before GC invocations=69 (full 3):
 par new generation   total 109248K, used 109248K [0x00000000e0000000, 0x00000000e8000000, 0x00000000e8000000)
  eden space 87424K, 100% used [0x00000000e0000000, 0x00000000e5560000, 0x00000000e5560000)
  from space 21824K, 100% used [0x00000000e6ab0000, 0x00000000e8000000, 0x00000000e8000000)
  to   space 21824K,   0% used [0x00000000e5560000, 0x00000000e5560000, 0x00000000e6ab0000)
 concurrent mark-sweep generation total 393216K, used 47781K [0x00000000e8000000, 0x0000000100000000, 0x0000000100000000)
 Metaspace       used 29608K, capacity 30015K, committed 30384K, reserved 1075200K
  class space    used 3499K, capacity 3648K, committed 3760K, reserved 1048576K
2015-09-11T13:03:51.499+0200: 52.151: [GC (Allocation Failure) 52.151: [ParNew
Desired survivor size 20112992 bytes, new threshold 8 (max 8)
- age   1:    4967336 bytes,    4967336 total
- age   2:    5671720 bytes,   10639056 total
- age   3:    2517480 bytes,   13156536 total
- age   4:    2276840 bytes,   15433376 total
- age   5:     916776 bytes,   16350152 total
- age   6:     827216 bytes,   17177368 total
- age   7:    1349288 bytes,   18526656 total
- age   8:     903120 bytes,   19429776 total
: 109248K->21824K(109248K), 0.0085743 secs] 157029K->74068K(502464K), 0.0086245 secs] [Times: user=0.02 sys=0.00, real=0.01 secs] 
Heap after GC invocations=70 (full 3):
 par new generation   total 109248K, used 21824K [0x00000000e0000000, 0x00000000e8000000, 0x00000000e8000000)
  eden space 87424K,   0% used [0x00000000e0000000, 0x00000000e0000000, 0x00000000e5560000)
  from space 21824K, 100% used [0x00000000e5560000, 0x00000000e6ab0000, 0x00000000e6ab0000)
  to   space 21824K,   0% used [0x00000000e6ab0000, 0x00000000e6ab0000, 0x00000000e8000000)
 concurrent mark-sweep generation total 393216K, used 52244K [0x00000000e8000000, 0x0000000100000000, 0x0000000100000000)
 Metaspace       used 29608K, capacity 30015K, committed 30384K, reserved 1075200K
  class space    used 3499K, capacity 3648K, committed 3760K, reserved 1048576K
}
2015-09-11T13:03:51.507+0200: 52.160: Total time for which application threads were stopped: 0.0087548 seconds, Stopping threads took: 0.0000147 seconds
{Heap before GC invocations=70 (full 3):
 par new generation   total 109248K, used 109248K [0x00000000e0000000, 0x00000000e8000000, 0x00000000e8000000)
  eden space 87424K, 100% used [0x00000000e0000000, 0x00000000e5560000, 0x00000000e5560000)
  from space 21824K, 100% used [0x00000000e5560000, 0x00000000e6ab0000, 0x00000000e6ab0000)
  to   space 21824K,   0% used [0x00000000e6ab0000, 0x00000000e6ab0000, 0x00000000e8000000)
 concurrent mark-sweep generation total 393216K, used 52244K [0x00000000e8000000, 0x0000000100000000, 0x0000000100000000)
 Metaspace       used 29608K, capacity 30015K, committed 30384K, reserved 1075200K
  class space    used 3499K, capacity 3648K, committed 3760K, reserved 1048576K
2015-09-11T13:03:51.790+0200: 52.442: [GC (Allocation Failure) 52.442: [ParNew
Desired survivor size 20112992 bytes, new threshold 8 (max 8)
- age   1:    7495528 bytes,    7495528 total
- age   2:    3860656 bytes,   11356184 total
- age   3:    1862504 bytes,   13218688 total
- age   4:    2469896 bytes,   15688584 total
- age   5:    2075568 bytes,   17764152 total
- age   6:     839544 bytes,   18603696 total
- age   7:     800664 bytes,   19404360 total
- age   8:    1320672 bytes,   20725032 total
: 109248K->21824K(109248K), 0.0081420 secs] 161492K->76547K(502464K), 0.0081890 secs] [Times: user=0.00 sys=0.00, real=0.01 secs] 
Heap after GC invocations=71 (full 3):
 par new generation   total 109248K, used 21824K [0x00000000e0000000, 0x00000000e8000000, 0x00000000e8000000)
  eden space 87424K,   0% used [0x00000000e0000000, 0x00000000e0000000, 0x00000000e5560000)
  from space 21824K, 100% used [0x00000000e6ab0000, 0x00000000e8000000, 0x00000000e8000000)
  to   space 21824K,   0% used [0x00000000e5560000, 0x00000000e5560000, 0x00000000e6ab0000)
 concurrent mark-sweep generation total 393216K, used 54723K [0x00000000e8000000, 0x0000000100000000, 0x0000000100000000)
 Metaspace       used 29608K, capacity 30015K, committed 30384K, reserved 1075200K
  class space    used 3499K, capacity 3648K, committed 3760K, reserved 1048576K
}
2015-09-11T13:03:51.798+0200: 52.450: Total time for which application threads were stopped: 0.0083708 seconds, Stopping threads took: 0.0000138 seconds
{Heap before GC invocations=71 (full 3):
 par new generation   total 109248K, used 109248K [0x00000000e0000000, 0x00000000e8000000, 0x00000000e8000000)
  eden space 87424K, 100% used [0x00000000e0000000, 0x00000000e5560000, 0x00000000e5560000)
  from space 21824K, 100% used [0x00000000e6ab0000, 0x00000000e8000000, 0x00000000e8000000)
  to   space 21824K,   0% used [0x00000000e5560000, 0x00000000e5560000, 0x00000000e6ab0000)
 concurrent mark-sweep generation total 393216K, used 54723K [0x00000000e8000000, 0x0000000100000000, 0x0000000100000000)
 Metaspace       used 29609K, capacity 30015K, committed 30384K, reserved 1075200K
  class space    used 3499K, capacity 3648K, committed 3760K, reserved 1048576K
2015-09-11T13:03:52.071+0200: 52.724: [GC (Allocation Failure) 52.724: [ParNew
Desired survivor size 20112992 bytes, new threshold 8 (max 8)
- age   1:    7553664 bytes,    7553664 total
- age   2:    1752040 bytes,    9305704 total
- age   3:    3308840 bytes,   12614544 total
- age   4:    1801016 bytes,   14415560 total
- age   5:    2409656 bytes,   16825216 total
- age   6:    1768872 bytes,   18594088 total
- age   7:     782632 bytes,   19376720 total
- age   8:     753784 bytes,   20130504 total
: 109248K->21824K(109248K), 0.0086002 secs] 163971K->81806K(502464K), 0.0086501 secs] [Times: user=0.00 sys=0.00, real=0.01 secs] 
Heap after GC invocations=72 (full 3):
 par new generation   total 109248K, used 21824K [0x00000000e0000000, 0x00000000e8000000, 0x00000000e8000000)
  eden space 87424K,   0% used [0x00000000e0000000, 0x00000000e0000000, 0x00000000e5560000)
  from space 21824K, 100% used [0x00000000e5560000, 0x00000000e6ab0000, 0x00000000e6ab0000)
  to   space 21824K,   0% used [0x00000000e6ab0000, 0x00000000e6ab0000, 0x00000000e8000000)
 concurrent mark-sweep generation total 393216K, used 59982K [0x00000000e8000000, 0x0000000100000000, 0x0000000100000000)
 Metaspace       used 29609K, capacity 30015K, committed 30384K, reserved 1075200K
  class space    used 3499K, capacity 3648K, committed 3760K, reserved 1048576K
}
2015-09-11T13:03:52.080+0200: 52.733: Total time for which application threads were stopped: 0.0087845 seconds, Stopping threads took: 0.0000138 seconds
{Heap before GC invocations=72 (full 3):
 par new generation   total 109248K, used 109248K [0x00000000e0000000, 0x00000000e8000000, 0x00000000e8000000)
  eden space 87424K, 100% used [0x00000000e0000000, 0x00000000e5560000, 0x00000000e5560000)
  from space 21824K, 100% used [0x00000000e5560000, 0x00000000e6ab0000, 0x00000000e6ab0000)
  to   space 21824K,   0% used [0x00000000e6ab0000, 0x00000000e6ab0000, 0x00000000e8000000)
 concurrent mark-sweep generation total 393216K, used 59982K [0x00000000e8000000, 0x0000000100000000, 0x0000000100000000)
 Metaspace       used 29609K, capacity 30015K, committed 30384K, reserved 1075200K
  class space    used 3499K, capacity 3648K, committed 3760K, reserved 1048576K
2015-09-11T13:03:52.374+0200: 53.025: [GC (Allocation Failure) 53.025: [ParNew
Desired survivor size 20112992 bytes, new threshold 8 (max 8)
- age   1:    3813352 bytes,    3813352 total
- age   2:    5042568 bytes,    8855920 total
- age   3:    1336832 bytes,   10192752 total
- age   4:    3295792 bytes,   13488544 total
- age   5:    1786096 bytes,   15274640 total
- age   6:    2397080 bytes,   17671720 total
- age   7:    1758992 bytes,   19430712 total
- age   8:     768520 bytes,   20199232 total
: 109248K->21824K(109248K), 0.0081138 secs] 169230K->85186K(502464K), 0.0081605 secs] [Times: user=0.00 sys=0.00, real=0.01 secs] 
Heap after GC invocations=73 (full 3):
 par new generation   total 109248K, used 21824K [0x00000000e0000000, 0x00000000e8000000, 0x00000000e8000000)
  eden space 87424K,   0% used [0x00000000e0000000, 0x00000000e0000000, 0x00000000e5560000)
  from space 21824K, 100% used [0x00000000e6ab0000, 0x00000000e8000000, 0x00000000e8000000)
  to   space 21824K,   0% used [0x00000000e5560000, 0x00000000e5560000, 0x00000000e6ab0000)
 concurrent mark-sweep generation total 393216K, used 63362K [0x00000000e8000000, 0x0000000100000000, 0x0000000100000000)
 Metaspace       used 29609K, capacity 30015K, committed 30384K, reserved 1075200K
  class space    used 3499K, capacity 3648K, committed 3760K, reserved 1048576K
}
2015-09-11T13:03:52.382+0200: 53.034: Total time for which application threads were stopped: 0.0082953 seconds, Stopping threads took: 0.0000138 seconds
{Heap before GC invocations=73 (full 3):
 par new generation   total 109248K, used 109248K [0x00000000e0000000, 0x00000000e8000000, 0x00000000e8000000)
  eden space 87424K, 100% used [0x00000000e0000000, 0x00000000e5560000, 0x00000000e5560000)
  from space 21824K, 100% used [0x00000000e6ab0000, 0x00000000e8000000, 0x00000000e8000000)
  to   space 21824K,   0% used [0x00000000e5560000, 0x00000000e5560000, 0x00000000e6ab0000)
 concurrent mark-sweep generation total 393216K, used 63362K [0x00000000e8000000, 0x0000000100000000, 0x0000000100000000)
 Metaspace       used 29609K, capacity 30015K, committed 30384K, reserved 1075200K
  class space    used 3499K, capacity 3648K, committed 3760K, reserved 1048576K
2015-09-11T13:03:52.662+0200: 53.314: [GC (Allocation Failure) 53.314: [ParNew
Desired survivor size 20112992 bytes, new threshold 8 (max 8)
- age   1:    5323592 bytes,    5323592 total
- age   2:    3435792 bytes,    8759384 total
- age   3:    1626048 bytes,   10385432 total
- age   4:    1287088 bytes,   11672520 total
- age   5:    3203272 bytes,   14875792 total
- age   6:    1449192 bytes,   16324984 total
- age   7:    2386592 bytes,   18711576 total
- age   8:    1751656 bytes,   20463232 total
: 109248K->21824K(109248K), 0.0084290 secs] 172610K->89356K(502464K), 0.0084764 secs] [Times: user=0.00 sys=0.00, real=0.01 secs] 
Heap after GC invocations=74 (full 3):
 par new generation   total 109248K, used 21824K [0x00000000e0000000, 0x00000000e8000000, 0x00000000e8000000)
  eden space 87424K,   0% used [0x00000000e0000000, 0x00000000e0000000, 0x00000000e5560000)
  from space 21824K, 100% used [0x00000000e5560000, 0x00000000e6ab0000, 0x00000000e6ab0000)
  to   space 21824K,   0% used [0x00000000e6ab0000, 0x00000000e6ab0000, 0x00000000e8000000)
 concurrent mark-sweep generation total 393216K, used 67532K [0x00000000e8000000, 0x0000000100000000, 0x0000000100000000)
 Metaspace       used 29609K, capacity 30015K, committed 30384K, reserved 1075200K
  class space    used 3499K, capacity 3648K, committed 3760K, reserved 1048576K
}
2015-09-11T13:03:52.671+0200: 53.323: Total time for which application threads were stopped: 0.0086101 seconds, Stopping threads took: 0.0000147 seconds
{Heap before GC invocations=74 (full 3):
 par new generation   total 109248K, used 109248K [0x00000000e0000000, 0x00000000e8000000, 0x00000000e8000000)
  eden space 87424K, 100% used [0x00000000e0000000, 0x00000000e5560000, 0x00000000e5560000)
  from space 21824K, 100% used [0x00000000e5560000, 0x00000000e6ab0000, 0x00000000e6ab0000)
  to   space 21824K,   0% used [0x00000000e6ab0000, 0x00000000e6ab0000, 0x00000000e8000000)
 concurrent mark-sweep generation total 393216K, used 67532K [0x00000000e8000000, 0x0000000100000000, 0x0000000100000000)
 Metaspace       used 29609K, capacity 30015K, committed 30384K, reserved 1075200K
  class space    used 3499K, capacity 3648K, committed 3760K, reserved 1048576K
2015-09-11T13:03:52.967+0200: 53.619: [GC (Allocation Failure) 53.619: [ParNew
Desired survivor size 20112992 bytes, new threshold 8 (max 8)
- age   1:    6345384 bytes,    6345384 total
- age   2:    3008096 bytes,    9353480 total
- age   3:    1393864 bytes,   10747344 total
- age   4:    1612672 bytes,   12360016 total
- age   5:    1277800 bytes,   13637816 total
- age   6:    3197624 bytes,   16835440 total
- age   7:    1442960 bytes,   18278400 total
- age   8:    2118928 bytes,   20397328 total
: 109248K->21824K(109248K), 0.0084962 secs] 176780K->94021K(502464K), 0.0085458 secs] [Times: user=0.06 sys=0.00, real=0.01 secs] 
Heap after GC invocations=75 (full 3):
 par new generation   total 109248K, used 21824K [0x00000000e0000000, 0x00000000e8000000, 0x00000000e8000000)
  eden space 87424K,   0% used [0x00000000e0000000, 0x00000000e0000000, 0x00000000e5560000)
  from space 21824K, 100% used [0x00000000e6ab0000, 0x00000000e8000000, 0x00000000e8000000)
  to   space 21824K,   0% used [0x00000000e5560000, 0x00000000e5560000, 0x00000000e6ab0000)
 concurrent mark-sweep generation total 393216K, used 72197K [0x00000000e8000000, 0x0000000100000000, 0x0000000100000000)
 Metaspace       used 29609K, capacity 30015K, committed 30384K, reserved 1075200K
  class space    used 3499K, capacity 3648K, committed 3760K, reserved 1048576K
}
2015-09-11T13:03:52.975+0200: 53.627: Total time for which application threads were stopped: 0.0086921 seconds, Stopping threads took: 0.0000144 seconds
{Heap before GC invocations=75 (full 3):
 par new generation   total 109248K, used 109248K [0x00000000e0000000, 0x00000000e8000000, 0x00000000e8000000)
  eden space 87424K, 100% used [0x00000000e0000000, 0x00000000e5560000, 0x00000000e5560000)
  from space 21824K, 100% used [0x00000000e6ab0000, 0x00000000e8000000, 0x00000000e8000000)
  to   space 21824K,   0% used [0x00000000e5560000, 0x00000000e5560000, 0x00000000e6ab0000)
 concurrent mark-sweep generation total 393216K, used 72197K [0x00000000e8000000, 0x0000000100000000, 0x0000000100000000)
 Metaspace       used 29609K, capacity 30015K, committed 30384K, reserved 1075200K
  class space    used 3499K, capacity 3648K, committed 3760K, reserved 1048576K
2015-09-11T13:03:53.247+0200: 53.899: [GC (Allocation Failure) 53.899: [ParNew
Desired survivor size 20112992 bytes, new threshold 8 (max 8)
- age   1:    7518424 bytes,    7518424 total
- age   2:    3434744 bytes,   10953168 total
- age   3:    1378704 bytes,   12331872 total
- age   4:    1360608 bytes,   13692480 total
- age   5:    1588312 bytes,   15280792 total
- age   6:    1267896 bytes,   16548688 total
- age   7:    3189848 bytes,   19738536 total
- age   8:    1435800 bytes,   21174336 total
: 109248K->21824K(109248K), 0.0089839 secs] 181445K->101077K(502464K), 0.0090293 secs] [Times: user=0.06 sys=0.00, real=0.01 secs] 
Heap after GC invocations=76 (full 3):
 par new generation   total 109248K, used 21824K [0x00000000e0000000, 0x00000000e8000000, 0x00000000e8000000)
  eden space 87424K,   0% used [0x00000000e0000000, 0x00000000e0000000, 0x00000000e5560000)
  from space 21824K, 100% used [0x00000000e5560000, 0x00000000e6ab0000, 0x00000000e6ab0000)
  to   space 21824K,   0% used [0x00000000e6ab0000, 0x00000000e6ab0000, 0x00000000e8000000)
 concurrent mark-sweep generation total 393216K, used 79253K [0x00000000e8000000, 0x0000000100000000, 0x0000000100000000)
 Metaspace       used 29609K, capacity 30015K, committed 30384K, reserved 1075200K
  class space    used 3499K, capacity 3648K, committed 3760K, reserved 1048576K
}
2015-09-11T13:03:53.257+0200: 53.908: Total time for which application threads were stopped: 0.0091717 seconds, Stopping threads took: 0.0000141 seconds
{Heap before GC invocations=76 (full 3):
 par new generation   total 109248K, used 109248K [0x00000000e0000000, 0x00000000e8000000, 0x00000000e8000000)
  eden space 87424K, 100% used [0x00000000e0000000, 0x00000000e5560000, 0x00000000e5560000)
  from space 21824K, 100% used [0x00000000e5560000, 0x00000000e6ab0000, 0x00000000e6ab0000)
  to   space 21824K,   0% used [0x00000000e6ab0000, 0x00000000e6ab0000, 0x00000000e8000000)
 concurrent mark-sweep generation total 393216K, used 79253K [0x00000000e8000000, 0x0000000100000000, 0x0000000100000000)
 Metaspace       used 29609K, capacity 30015K, committed 30384K, reserved 1075200K
  class space    used 3499K, capacity 3648K, committed 3760K, reserved 1048576K
2015-09-11T13:03:53.553+0200: 54.205: [GC (Allocation Failure) 54.205: [ParNew
Desired survivor size 20112992 bytes, new threshold 8 (max 8)
- age   1:    3293264 bytes,    3293264 total
- age   2:    6609064 bytes,    9902328 total
- age   3:    2741104 bytes,   12643432 total
- age   4:    1332112 bytes,   13975544 total
- age   5:    1311600 bytes,   15287144 total
- age   6:    1543944 bytes,   16831088 total
- age   7:    1220040 bytes,   18051128 total
- age   8:    3163832 bytes,   21214960 total
: 109248K->21824K(109248K), 0.0091964 secs] 188501K->104214K(502464K), 0.0092463 secs] [Times: user=0.00 sys=0.00, real=0.01 secs] 
Heap after GC invocations=77 (full 3):
 par new generation   total 109248K, used 21824K [0x00000000e0000000, 0x00000000e8000000, 0x00000000e8000000)
  eden space 87424K,   0% used [0x00000000e0000000, 0x00000000e0000000, 0x00000000e5560000)
  from space 21824K, 100% used [0x00000000e6ab0000, 0x00000000e8000000, 0x00000000e8000000)
  to   space 21824K,   0% used [0x00000000e5560000, 0x00000000e5560000, 0x00000000e6ab0000)
 concurrent mark-sweep generation total 393216K, used 82390K [0x00000000e8000000, 0x0000000100000000, 0x0000000100000000)
 Metaspace       used 29609K, capacity 30015K, committed 30384K, reserved 1075200K
  class space    used 3499K, capacity 3648K, committed 3760K, reserved 1048576K
}
2015-09-11T13:03:53.563+0200: 54.214: Total time for which application threads were stopped: 0.0093816 seconds, Stopping threads took: 0.0000144 seconds
{Heap before GC invocations=77 (full 3):
 par new generation   total 109248K, used 109248K [0x00000000e0000000, 0x00000000e8000000, 0x00000000e8000000)
  eden space 87424K, 100% used [0x00000000e0000000, 0x00000000e5560000, 0x00000000e5560000)
  from space 21824K, 100% used [0x00000000e6ab0000, 0x00000000e8000000, 0x00000000e8000000)
  to   space 21824K,   0% used [0x00000000e5560000, 0x00000000e5560000, 0x00000000e6ab0000)
 concurrent mark-sweep generation total 393216K, used 82390K [0x00000000e8000000, 0x0000000100000000, 0x0000000100000000)
 Metaspace       used 29609K, capacity 30015K, committed 30384K, reserved 1075200K
  class space    used 3499K, capacity 3648K, committed 3760K, reserved 1048576K
2015-09-11T13:03:53.833+0200: 54.485: [GC (Allocation Failure) 54.485: [ParNew
Desired survivor size 20112992 bytes, new threshold 8 (max 8)
- age   1:    7152672 bytes,    7152672 total
- age   2:    3208608 bytes,   10361280 total
- age   3:    1228984 bytes,   11590264 total
- age   4:    2718896 bytes,   14309160 total
- age   5:    1312936 bytes,   15622096 total
- age   6:    1292968 bytes,   16915064 total
- age   7:    1530560 bytes,   18445624 total
- age   8:    1201528 bytes,   19647152 total
: 109248K->21824K(109248K), 0.0090533 secs] 191638K->112348K(502464K), 0.0091010 secs] [Times: user=0.00 sys=0.00, real=0.01 secs] 
Heap after GC invocations=78 (full 3):
 par new generation   total 109248K, used 21824K [0x00000000e0000000, 0x00000000e8000000, 0x00000000e8000000)
  eden space 87424K,   0% used [0x00000000e0000000, 0x00000000e0000000, 0x00000000e5560000)
  from space 21824K, 100% used [0x00000000e5560000, 0x00000000e6ab0000, 0x00000000e6ab0000)
  to   space 21824K,   0% used [0x00000000e6ab0000, 0x00000000e6ab0000, 0x00000000e8000000)
 concurrent mark-sweep generation total 393216K, used 90524K [0x00000000e8000000, 0x0000000100000000, 0x0000000100000000)
 Metaspace       used 29609K, capacity 30015K, committed 30384K, reserved 1075200K
  class space    used 3499K, capacity 3648K, committed 3760K, reserved 1048576K
}
2015-09-11T13:03:53.842+0200: 54.494: Total time for which application threads were stopped: 0.0092348 seconds, Stopping threads took: 0.0000138 seconds
2015-09-11T13:03:53.992+0200: 54.644: Total time for which application threads were stopped: 0.0001466 seconds, Stopping threads took: 0.0000602 seconds
{Heap before GC invocations=78 (full 3):
 par new generation   total 109248K, used 109248K [0x00000000e0000000, 0x00000000e8000000, 0x00000000e8000000)
  eden space 87424K, 100% used [0x00000000e0000000, 0x00000000e5560000, 0x00000000e5560000)
  from space 21824K, 100% used [0x00000000e5560000, 0x00000000e6ab0000, 0x00000000e6ab0000)
  to   space 21824K,   0% used [0x00000000e6ab0000, 0x00000000e6ab0000, 0x00000000e8000000)
 concurrent mark-sweep generation total 393216K, used 90524K [0x00000000e8000000, 0x0000000100000000, 0x0000000100000000)
 Metaspace       used 29610K, capacity 30015K, committed 30384K, reserved 1075200K
  class space    used 3499K, capacity 3648K, committed 3760K, reserved 1048576K
2015-09-11T13:03:54.136+0200: 54.787: [GC (Allocation Failure) 54.787: [ParNew
Desired survivor size 20112992 bytes, new threshold 8 (max 8)
- age   1:    1740496 bytes,    1740496 total
- age   2:    7134816 bytes,    8875312 total
- age   3:    3048232 bytes,   11923544 total
- age   4:    1220072 bytes,   13143616 total
- age   5:    2710792 bytes,   15854408 total
- age   6:    1278280 bytes,   17132688 total
- age   7:    1285016 bytes,   18417704 total
- age   8:    1525328 bytes,   19943032 total
: 109248K->21824K(109248K), 0.0091868 secs] 199772K->114752K(502464K), 0.0092354 secs] [Times: user=0.00 sys=0.00, real=0.01 secs] 
Heap after GC invocations=79 (full 3):
 par new generation   total 109248K, used 21824K [0x00000000e0000000, 0x00000000e8000000, 0x00000000e8000000)
  eden space 87424K,   0% used [0x00000000e0000000, 0x00000000e0000000, 0x00000000e5560000)
  from space 21824K, 100% used [0x00000000e6ab0000, 0x00000000e8000000, 0x00000000e8000000)
  to   space 21824K,   0% used [0x00000000e5560000, 0x00000000e5560000, 0x00000000e6ab0000)
 concurrent mark-sweep generation total 393216K, used 92928K [0x00000000e8000000, 0x0000000100000000, 0x0000000100000000)
 Metaspace       used 29610K, capacity 30015K, committed 30384K, reserved 1075200K
  class space    used 3499K, capacity 3648K, committed 3760K, reserved 1048576K
}
2015-09-11T13:03:54.145+0200: 54.797: Total time for which application threads were stopped: 0.0093896 seconds, Stopping threads took: 0.0000230 seconds
{Heap before GC invocations=79 (full 3):
 par new generation   total 109248K, used 109248K [0x00000000e0000000, 0x00000000e8000000, 0x00000000e8000000)
  eden space 87424K, 100% used [0x00000000e0000000, 0x00000000e5560000, 0x00000000e5560000)
  from space 21824K, 100% used [0x00000000e6ab0000, 0x00000000e8000000, 0x00000000e8000000)
  to   space 21824K,   0% used [0x00000000e5560000, 0x00000000e5560000, 0x00000000e6ab0000)
 concurrent mark-sweep generation total 393216K, used 92928K [0x00000000e8000000, 0x0000000100000000, 0x0000000100000000)
 Metaspace       used 29610K, capacity 30015K, committed 30384K, reserved 1075200K
  class space    used 3499K, capacity 3648K, committed 3760K, reserved 1048576K
2015-09-11T13:03:54.410+0200: 55.062: [GC (Allocation Failure) 55.062: [ParNew
Desired survivor size 20112992 bytes, new threshold 8 (max 8)
- age   1:    8410824 bytes,    8410824 total
- age   2:    1677888 bytes,   10088712 total
- age   3:    1827544 bytes,   11916256 total
- age   4:    2441184 bytes,   14357440 total
- age   5:    1201576 bytes,   15559016 total
- age   6:    2689048 bytes,   18248064 total
- age   7:    1256272 bytes,   19504336 total
- age   8:    1262968 bytes,   20767304 total
: 109248K->21824K(109248K), 0.0094648 secs] 202176K->122006K(502464K), 0.0095135 secs] [Times: user=0.00 sys=0.00, real=0.01 secs] 
Heap after GC invocations=80 (full 3):
 par new generation   total 109248K, used 21824K [0x00000000e0000000, 0x00000000e8000000, 0x00000000e8000000)
  eden space 87424K,   0% used [0x00000000e0000000, 0x00000000e0000000, 0x00000000e5560000)
  from space 21824K, 100% used [0x00000000e5560000, 0x00000000e6ab0000, 0x00000000e6ab0000)
  to   space 21824K,   0% used [0x00000000e6ab0000, 0x00000000e6ab0000, 0x00000000e8000000)
 concurrent mark-sweep generation total 393216K, used 100182K [0x00000000e8000000, 0x0000000100000000, 0x0000000100000000)
 Metaspace       used 29610K, capacity 30015K, committed 30384K, reserved 1075200K
  class space    used 3499K, capacity 3648K, committed 3760K, reserved 1048576K
}
2015-09-11T13:03:54.420+0200: 55.071: Total time for which application threads were stopped: 0.0096645 seconds, Stopping threads took: 0.0000141 seconds
{Heap before GC invocations=80 (full 3):
 par new generation   total 109248K, used 109248K [0x00000000e0000000, 0x00000000e8000000, 0x00000000e8000000)
  eden space 87424K, 100% used [0x00000000e0000000, 0x00000000e5560000, 0x00000000e5560000)
  from space 21824K, 100% used [0x00000000e5560000, 0x00000000e6ab0000, 0x00000000e6ab0000)
  to   space 21824K,   0% used [0x00000000e6ab0000, 0x00000000e6ab0000, 0x00000000e8000000)
 concurrent mark-sweep generation total 393216K, used 100182K [0x00000000e8000000, 0x0000000100000000, 0x0000000100000000)
 Metaspace       used 29610K, capacity 30015K, committed 30384K, reserved 1075200K
  class space    used 3499K, capacity 3648K, committed 3760K, reserved 1048576K
2015-09-11T13:03:54.720+0200: 55.372: [GC (Allocation Failure) 55.372: [ParNew
Desired survivor size 20112992 bytes, new threshold 8 (max 8)
- age   1:    2064704 bytes,    2064704 total
- age   2:    7711336 bytes,    9776040 total
- age   3:    1411656 bytes,   11187696 total
- age   4:    1466832 bytes,   12654528 total
- age   5:    2366768 bytes,   15021296 total
- age   6:    1135984 bytes,   16157280 total
- age   7:    2631640 bytes,   18788920 total
- age   8:    1201472 bytes,   19990392 total
: 109248K->21824K(109248K), 0.0097909 secs] 209430K->126460K(502464K), 0.0098684 secs] [Times: user=0.06 sys=0.00, real=0.01 secs] 
Heap after GC invocations=81 (full 3):
 par new generation   total 109248K, used 21824K [0x00000000e0000000, 0x00000000e8000000, 0x00000000e8000000)
  eden space 87424K,   0% used [0x00000000e0000000, 0x00000000e0000000, 0x00000000e5560000)
  from space 21824K, 100% used [0x00000000e6ab0000, 0x00000000e8000000, 0x00000000e8000000)
  to   space 21824K,   0% used [0x00000000e5560000, 0x00000000e5560000, 0x00000000e6ab0000)
 concurrent mark-sweep generation total 393216K, used 104636K [0x00000000e8000000, 0x0000000100000000, 0x0000000100000000)
 Metaspace       used 29610K, capacity 30015K, committed 30384K, reserved 1075200K
  class space    used 3499K, capacity 3648K, committed 3760K, reserved 1048576K
}
2015-09-11T13:03:54.730+0200: 55.382: Total time for which application threads were stopped: 0.0100069 seconds, Stopping threads took: 0.0000134 seconds
{Heap before GC invocations=81 (full 3):
 par new generation   total 109248K, used 109248K [0x00000000e0000000, 0x00000000e8000000, 0x00000000e8000000)
  eden space 87424K, 100% used [0x00000000e0000000, 0x00000000e5560000, 0x00000000e5560000)
  from space 21824K, 100% used [0x00000000e6ab0000, 0x00000000e8000000, 0x00000000e8000000)
  to   space 21824K,   0% used [0x00000000e5560000, 0x00000000e5560000, 0x00000000e6ab0000)
 concurrent mark-sweep generation total 393216K, used 104636K [0x00000000e8000000, 0x0000000100000000, 0x0000000100000000)
 Metaspace       used 29610K, capacity 30015K, committed 30384K, reserved 1075200K
  class space    used 3499K, capacity 3648K, committed 3760K, reserved 1048576K
2015-09-11T13:03:55.035+0200: 55.687: [GC (Allocation Failure) 55.687: [ParNew
Desired survivor size 20112992 bytes, new threshold 8 (max 8)
- age   1:    6245776 bytes,    6245776 total
- age   2:    1980760 bytes,    8226536 total
- age   3:    4488352 bytes,   12714888 total
- age   4:    1341616 bytes,   14056504 total
- age   5:    1403776 bytes,   15460280 total
- age   6:    2293032 bytes,   17753312 total
- age   7:    1085152 bytes,   18838464 total
- age   8:    2578432 bytes,   21416896 total
: 109248K->21824K(109248K), 0.0097218 secs] 213884K->132800K(502464K), 0.0097695 secs] [Times: user=0.00 sys=0.00, real=0.01 secs] 
Heap after GC invocations=82 (full 3):
 par new generation   total 109248K, used 21824K [0x00000000e0000000, 0x00000000e8000000, 0x00000000e8000000)
  eden space 87424K,   0% used [0x00000000e0000000, 0x00000000e0000000, 0x00000000e5560000)
  from space 21824K, 100% used [0x00000000e5560000, 0x00000000e6ab0000, 0x00000000e6ab0000)
  to   space 21824K,   0% used [0x00000000e6ab0000, 0x00000000e6ab0000, 0x00000000e8000000)
 concurrent mark-sweep generation total 393216K, used 110976K [0x00000000e8000000, 0x0000000100000000, 0x0000000100000000)
 Metaspace       used 29610K, capacity 30015K, committed 30384K, reserved 1075200K
  class space    used 3499K, capacity 3648K, committed 3760K, reserved 1048576K
}
2015-09-11T13:03:55.045+0200: 55.697: Total time for which application threads were stopped: 0.0099074 seconds, Stopping threads took: 0.0000147 seconds
{Heap before GC invocations=82 (full 3):
 par new generation   total 109248K, used 109248K [0x00000000e0000000, 0x00000000e8000000, 0x00000000e8000000)
  eden space 87424K, 100% used [0x00000000e0000000, 0x00000000e5560000, 0x00000000e5560000)
  from space 21824K, 100% used [0x00000000e5560000, 0x00000000e6ab0000, 0x00000000e6ab0000)
  to   space 21824K,   0% used [0x00000000e6ab0000, 0x00000000e6ab0000, 0x00000000e8000000)
 concurrent mark-sweep generation total 393216K, used 110976K [0x00000000e8000000, 0x0000000100000000, 0x0000000100000000)
 Metaspace       used 29610K, capacity 30015K, committed 30384K, reserved 1075200K
  class space    used 3499K, capacity 3648K, committed 3760K, reserved 1048576K
2015-09-11T13:03:55.320+0200: 55.972: [GC (Allocation Failure) 55.972: [ParNew
Desired survivor size 20112992 bytes, new threshold 8 (max 8)
- age   1:    5095344 bytes,    5095344 total
- age   2:    6193216 bytes,   11288560 total
- age   3:    1936544 bytes,   13225104 total
- age   4:    1063144 bytes,   14288248 total
- age   5:    1299872 bytes,   15588120 total
- age   6:    1367680 bytes,   16955800 total
- age   7:    2267280 bytes,   19223080 total
- age   8:    1067976 bytes,   20291056 total
: 109248K->21824K(109248K), 0.0096978 secs] 220224K->141926K(502464K), 0.0097468 secs] [Times: user=0.05 sys=0.00, real=0.01 secs] 
Heap after GC invocations=83 (full 3):
 par new generation   total 109248K, used 21824K [0x00000000e0000000, 0x00000000e8000000, 0x00000000e8000000)
  eden space 87424K,   0% used [0x00000000e0000000, 0x00000000e0000000, 0x00000000e5560000)
  from space 21824K, 100% used [0x00000000e6ab0000, 0x00000000e8000000, 0x00000000e8000000)
  to   space 21824K,   0% used [0x00000000e5560000, 0x00000000e5560000, 0x00000000e6ab0000)
 concurrent mark-sweep generation total 393216K, used 120102K [0x00000000e8000000, 0x0000000100000000, 0x0000000100000000)
 Metaspace       used 29610K, capacity 30015K, committed 30384K, reserved 1075200K
  class space    used 3499K, capacity 3648K, committed 3760K, reserved 1048576K
}
2015-09-11T13:03:55.330+0200: 55.982: Total time for which application threads were stopped: 0.0098847 seconds, Stopping threads took: 0.0000138 seconds
{Heap before GC invocations=83 (full 3):
 par new generation   total 109248K, used 109248K [0x00000000e0000000, 0x00000000e8000000, 0x00000000e8000000)
  eden space 87424K, 100% used [0x00000000e0000000, 0x00000000e5560000, 0x00000000e5560000)
  from space 21824K, 100% used [0x00000000e6ab0000, 0x00000000e8000000, 0x00000000e8000000)
  to   space 21824K,   0% used [0x00000000e5560000, 0x00000000e5560000, 0x00000000e6ab0000)
 concurrent mark-sweep generation total 393216K, used 120102K [0x00000000e8000000, 0x0000000100000000, 0x0000000100000000)
 Metaspace       used 29610K, capacity 30015K, committed 30384K, reserved 1075200K
  class space    used 3499K, capacity 3648K, committed 3760K, reserved 1048576K
2015-09-11T13:03:55.615+0200: 56.267: [GC (Allocation Failure) 56.267: [ParNew
Desired survivor size 20112992 bytes, new threshold 8 (max 8)
- age   1:    5328056 bytes,    5328056 total
- age   2:    3750408 bytes,    9078464 total
- age   3:    3294728 bytes,   12373192 total
- age   4:    1708696 bytes,   14081888 total
- age   5:    1027200 bytes,   15109088 total
- age   6:    1259928 bytes,   16369016 total
- age   7:    1333192 bytes,   17702208 total
- age   8:    2235408 bytes,   19937616 total
: 109248K->21824K(109248K), 0.0097880 secs] 229350K->146358K(502464K), 0.0098351 secs] [Times: user=0.00 sys=0.00, real=0.01 secs] 
Heap after GC invocations=84 (full 3):
 par new generation   total 109248K, used 21824K [0x00000000e0000000, 0x00000000e8000000, 0x00000000e8000000)
  eden space 87424K,   0% used [0x00000000e0000000, 0x00000000e0000000, 0x00000000e5560000)
  from space 21824K, 100% used [0x00000000e5560000, 0x00000000e6ab0000, 0x00000000e6ab0000)
  to   space 21824K,   0% used [0x00000000e6ab0000, 0x00000000e6ab0000, 0x00000000e8000000)
 concurrent mark-sweep generation total 393216K, used 124534K [0x00000000e8000000, 0x0000000100000000, 0x0000000100000000)
 Metaspace       used 29610K, capacity 30015K, committed 30384K, reserved 1075200K
  class space    used 3499K, capacity 3648K, committed 3760K, reserved 1048576K
}
2015-09-11T13:03:55.625+0200: 56.277: Total time for which application threads were stopped: 0.0099704 seconds, Stopping threads took: 0.0000138 seconds
{Heap before GC invocations=84 (full 3):
 par new generation   total 109248K, used 109248K [0x00000000e0000000, 0x00000000e8000000, 0x00000000e8000000)
  eden space 87424K, 100% used [0x00000000e0000000, 0x00000000e5560000, 0x00000000e5560000)
  from space 21824K, 100% used [0x00000000e5560000, 0x00000000e6ab0000, 0x00000000e6ab0000)
  to   space 21824K,   0% used [0x00000000e6ab0000, 0x00000000e6ab0000, 0x00000000e8000000)
 concurrent mark-sweep generation total 393216K, used 124534K [0x00000000e8000000, 0x0000000100000000, 0x0000000100000000)
 Metaspace       used 29610K, capacity 30015K, committed 30384K, reserved 1075200K
  class space    used 3499K, capacity 3648K, committed 3760K, reserved 1048576K
2015-09-11T13:03:55.928+0200: 56.579: [GC (Allocation Failure) 56.579: [ParNew
Desired survivor size 20112992 bytes, new threshold 8 (max 8)
- age   1:    2817024 bytes,    2817024 total
- age   2:    5325584 bytes,    8142608 total
- age   3:    3617352 bytes,   11759960 total
- age   4:    3294728 bytes,   15054688 total
- age   5:    1708696 bytes,   16763384 total
- age   6:    1027200 bytes,   17790584 total
- age   7:    1259928 bytes,   19050512 total
- age   8:    1333192 bytes,   20383704 total
: 109248K->21824K(109248K), 0.0089343 secs] 233782K->148557K(502464K), 0.0089807 secs] [Times: user=0.00 sys=0.00, real=0.01 secs] 
Heap after GC invocations=85 (full 3):
 par new generation   total 109248K, used 21824K [0x00000000e0000000, 0x00000000e8000000, 0x00000000e8000000)
  eden space 87424K,   0% used [0x00000000e0000000, 0x00000000e0000000, 0x00000000e5560000)
  from space 21824K, 100% used [0x00000000e6ab0000, 0x00000000e8000000, 0x00000000e8000000)
  to   space 21824K,   0% used [0x00000000e5560000, 0x00000000e5560000, 0x00000000e6ab0000)
 concurrent mark-sweep generation total 393216K, used 126733K [0x00000000e8000000, 0x0000000100000000, 0x0000000100000000)
 Metaspace       used 29610K, capacity 30015K, committed 30384K, reserved 1075200K
  class space    used 3499K, capacity 3648K, committed 3760K, reserved 1048576K
}
2015-09-11T13:03:55.937+0200: 56.588: Total time for which application threads were stopped: 0.0091544 seconds, Stopping threads took: 0.0000250 seconds
{Heap before GC invocations=85 (full 3):
 par new generation   total 109248K, used 109248K [0x00000000e0000000, 0x00000000e8000000, 0x00000000e8000000)
  eden space 87424K, 100% used [0x00000000e0000000, 0x00000000e5560000, 0x00000000e5560000)
  from space 21824K, 100% used [0x00000000e6ab0000, 0x00000000e8000000, 0x00000000e8000000)
  to   space 21824K,   0% used [0x00000000e5560000, 0x00000000e5560000, 0x00000000e6ab0000)
 concurrent mark-sweep generation total 393216K, used 126733K [0x00000000e8000000, 0x0000000100000000, 0x0000000100000000)
 Metaspace       used 29610K, capacity 30015K, committed 30384K, reserved 1075200K
  class space    used 3499K, capacity 3648K, committed 3760K, reserved 1048576K
2015-09-11T13:03:56.236+0200: 56.888: [GC (Allocation Failure) 56.888: [ParNew
Desired survivor size 20112992 bytes, new threshold 8 (max 8)
- age   1:    2552696 bytes,    2552696 total
- age   2:    2721032 bytes,    5273728 total
- age   3:    4507512 bytes,    9781240 total
- age   4:    3610200 bytes,   13391440 total
- age   5:    2550920 bytes,   15942360 total
- age   6:    1699536 bytes,   17641896 total
- age   7:    1022992 bytes,   18664888 total
- age   8:    1255632 bytes,   19920520 total
: 109248K->21824K(109248K), 0.0092680 secs] 235981K->151686K(502464K), 0.0093173 secs] [Times: user=0.00 sys=0.00, real=0.01 secs] 
Heap after GC invocations=86 (full 3):
 par new generation   total 109248K, used 21824K [0x00000000e0000000, 0x00000000e8000000, 0x00000000e8000000)
  eden space 87424K,   0% used [0x00000000e0000000, 0x00000000e0000000, 0x00000000e5560000)
  from space 21824K, 100% used [0x00000000e5560000, 0x00000000e6ab0000, 0x00000000e6ab0000)
  to   space 21824K,   0% used [0x00000000e6ab0000, 0x00000000e6ab0000, 0x00000000e8000000)
 concurrent mark-sweep generation total 393216K, used 129862K [0x00000000e8000000, 0x0000000100000000, 0x0000000100000000)
 Metaspace       used 29610K, capacity 30015K, committed 30384K, reserved 1075200K
  class space    used 3499K, capacity 3648K, committed 3760K, reserved 1048576K
}
2015-09-11T13:03:56.245+0200: 56.897: Total time for which application threads were stopped: 0.0094581 seconds, Stopping threads took: 0.0000141 seconds
{Heap before GC invocations=86 (full 3):
 par new generation   total 109248K, used 109248K [0x00000000e0000000, 0x00000000e8000000, 0x00000000e8000000)
  eden space 87424K, 100% used [0x00000000e0000000, 0x00000000e5560000, 0x00000000e5560000)
  from space 21824K, 100% used [0x00000000e5560000, 0x00000000e6ab0000, 0x00000000e6ab0000)
  to   space 21824K,   0% used [0x00000000e6ab0000, 0x00000000e6ab0000, 0x00000000e8000000)
 concurrent mark-sweep generation total 393216K, used 129862K [0x00000000e8000000, 0x0000000100000000, 0x0000000100000000)
 Metaspace       used 29610K, capacity 30015K, committed 30384K, reserved 1075200K
  class space    used 3499K, capacity 3648K, committed 3760K, reserved 1048576K
2015-09-11T13:03:56.520+0200: 57.172: [GC (Allocation Failure) 57.172: [ParNew
Desired survivor size 20112992 bytes, new threshold 8 (max 8)
- age   1:    8768896 bytes,    8768896 total
- age   2:    2407392 bytes,   11176288 total
- age   3:    2527184 bytes,   13703472 total
- age   4:    1210136 bytes,   14913608 total
- age   5:    1047040 bytes,   15960648 total
- age   6:    2410640 bytes,   18371288 total
- age   7:    1560288 bytes,   19931576 total
- age   8:     916832 bytes,   20848408 total
: 109248K->21824K(109248K), 0.0107711 secs] 239110K->164550K(502464K), 0.0108171 secs] [Times: user=0.00 sys=0.00, real=0.01 secs] 
Heap after GC invocations=87 (full 3):
 par new generation   total 109248K, used 21824K [0x00000000e0000000, 0x00000000e8000000, 0x00000000e8000000)
  eden space 87424K,   0% used [0x00000000e0000000, 0x00000000e0000000, 0x00000000e5560000)
  from space 21824K, 100% used [0x00000000e6ab0000, 0x00000000e8000000, 0x00000000e8000000)
  to   space 21824K,   0% used [0x00000000e5560000, 0x00000000e5560000, 0x00000000e6ab0000)
 concurrent mark-sweep generation total 393216K, used 142726K [0x00000000e8000000, 0x0000000100000000, 0x0000000100000000)
 Metaspace       used 29610K, capacity 30015K, committed 30384K, reserved 1075200K
  class space    used 3499K, capacity 3648K, committed 3760K, reserved 1048576K
}
2015-09-11T13:03:56.531+0200: 57.183: Total time for which application threads were stopped: 0.0109496 seconds, Stopping threads took: 0.0000147 seconds
{Heap before GC invocations=87 (full 3):
 par new generation   total 109248K, used 109248K [0x00000000e0000000, 0x00000000e8000000, 0x00000000e8000000)
  eden space 87424K, 100% used [0x00000000e0000000, 0x00000000e5560000, 0x00000000e5560000)
  from space 21824K, 100% used [0x00000000e6ab0000, 0x00000000e8000000, 0x00000000e8000000)
  to   space 21824K,   0% used [0x00000000e5560000, 0x00000000e5560000, 0x00000000e6ab0000)
 concurrent mark-sweep generation total 393216K, used 142726K [0x00000000e8000000, 0x0000000100000000, 0x0000000100000000)
 Metaspace       used 29610K, capacity 30015K, committed 30384K, reserved 1075200K
  class space    used 3499K, capacity 3648K, committed 3760K, reserved 1048576K
2015-09-11T13:03:56.830+0200: 57.481: [GC (Allocation Failure) 57.481: [ParNew
Desired survivor size 20112992 bytes, new threshold 8 (max 8)
- age   1:    1664288 bytes,    1664288 total
- age   2:    7142504 bytes,    8806792 total
- age   3:    2400800 bytes,   11207592 total
- age   4:    2368800 bytes,   13576392 total
- age   5:    1205984 bytes,   14782376 total
- age   6:    1044600 bytes,   15826976 total
- age   7:    2408424 bytes,   18235400 total
- age   8:    1557704 bytes,   19793104 total
: 109248K->21824K(109248K), 0.0096236 secs] 251974K->168270K(502464K), 0.0096911 secs] [Times: user=0.00 sys=0.00, real=0.01 secs] 
Heap after GC invocations=88 (full 3):
 par new generation   total 109248K, used 21824K [0x00000000e0000000, 0x00000000e8000000, 0x00000000e8000000)
  eden space 87424K,   0% used [0x00000000e0000000, 0x00000000e0000000, 0x00000000e5560000)
  from space 21824K, 100% used [0x00000000e5560000, 0x00000000e6ab0000, 0x00000000e6ab0000)
  to   space 21824K,   0% used [0x00000000e6ab0000, 0x00000000e6ab0000, 0x00000000e8000000)
 concurrent mark-sweep generation total 393216K, used 146446K [0x00000000e8000000, 0x0000000100000000, 0x0000000100000000)
 Metaspace       used 29610K, capacity 30015K, committed 30384K, reserved 1075200K
  class space    used 3499K, capacity 3648K, committed 3760K, reserved 1048576K
}
2015-09-11T13:03:56.839+0200: 57.491: Total time for which application threads were stopped: 0.0098610 seconds, Stopping threads took: 0.0000227 seconds
{Heap before GC invocations=88 (full 3):
 par new generation   total 109248K, used 109248K [0x00000000e0000000, 0x00000000e8000000, 0x00000000e8000000)
  eden space 87424K, 100% used [0x00000000e0000000, 0x00000000e5560000, 0x00000000e5560000)
  from space 21824K, 100% used [0x00000000e5560000, 0x00000000e6ab0000, 0x00000000e6ab0000)
  to   space 21824K,   0% used [0x00000000e6ab0000, 0x00000000e6ab0000, 0x00000000e8000000)
 concurrent mark-sweep generation total 393216K, used 146446K [0x00000000e8000000, 0x0000000100000000, 0x0000000100000000)
 Metaspace       used 29610K, capacity 30015K, committed 30384K, reserved 1075200K
  class space    used 3499K, capacity 3648K, committed 3760K, reserved 1048576K
2015-09-11T13:03:57.139+0200: 57.791: [GC (Allocation Failure) 57.791: [ParNew
Desired survivor size 20112992 bytes, new threshold 8 (max 8)
- age   1:    1391296 bytes,    1391296 total
- age   2:    1613184 bytes,    3004480 total
- age   3:    7003400 bytes,   10007880 total
- age   4:    2068568 bytes,   12076448 total
- age   5:    2070088 bytes,   14146536 total
- age   6:    1204136 bytes,   15350672 total
- age   7:    1042944 bytes,   16393616 total
- age   8:    2405256 bytes,   18798872 total
: 109248K->21824K(109248K), 0.0097893 secs] 255694K->171895K(502464K), 0.0098354 secs] [Times: user=0.00 sys=0.00, real=0.01 secs] 
Heap after GC invocations=89 (full 3):
 par new generation   total 109248K, used 21824K [0x00000000e0000000, 0x00000000e8000000, 0x00000000e8000000)
  eden space 87424K,   0% used [0x00000000e0000000, 0x00000000e0000000, 0x00000000e5560000)
  from space 21824K, 100% used [0x00000000e6ab0000, 0x00000000e8000000, 0x00000000e8000000)
  to   space 21824K,   0% used [0x00000000e5560000, 0x00000000e5560000, 0x00000000e6ab0000)
 concurrent mark-sweep generation total 393216K, used 150071K [0x00000000e8000000, 0x0000000100000000, 0x0000000100000000)
 Metaspace       used 29610K, capacity 30015K, committed 30384K, reserved 1075200K
  class space    used 3499K, capacity 3648K, committed 3760K, reserved 1048576K
}
2015-09-11T13:03:57.149+0200: 57.801: Total time for which application threads were stopped: 0.0099711 seconds, Stopping threads took: 0.0000147 seconds
{Heap before GC invocations=89 (full 3):
 par new generation   total 109248K, used 109248K [0x00000000e0000000, 0x00000000e8000000, 0x00000000e8000000)
  eden space 87424K, 100% used [0x00000000e0000000, 0x00000000e5560000, 0x00000000e5560000)
  from space 21824K, 100% used [0x00000000e6ab0000, 0x00000000e8000000, 0x00000000e8000000)
  to   space 21824K,   0% used [0x00000000e5560000, 0x00000000e5560000, 0x00000000e6ab0000)
 concurrent mark-sweep generation total 393216K, used 150071K [0x00000000e8000000, 0x0000000100000000, 0x0000000100000000)
 Metaspace       used 29610K, capacity 30015K, committed 30384K, reserved 1075200K
  class space    used 3499K, capacity 3648K, committed 3760K, reserved 1048576K
2015-09-11T13:03:57.431+0200: 58.083: [GC (Allocation Failure) 58.083: [ParNew
Desired survivor size 20112992 bytes, new threshold 8 (max 8)
- age   1:    7115344 bytes,    7115344 total
- age   2:    1324256 bytes,    8439600 total
- age   3:    1558136 bytes,    9997736 total
- age   4:    3745648 bytes,   13743384 total
- age   5:    1178920 bytes,   14922304 total
- age   6:    2010120 bytes,   16932424 total
- age   7:    1192672 bytes,   18125096 total
- age   8:    1035768 bytes,   19160864 total
: 109248K->21824K(109248K), 0.0109922 secs] 259319K->176113K(502464K), 0.0110411 secs] [Times: user=0.06 sys=0.00, real=0.01 secs] 
Heap after GC invocations=90 (full 3):
 par new generation   total 109248K, used 21824K [0x00000000e0000000, 0x00000000e8000000, 0x00000000e8000000)
  eden space 87424K,   0% used [0x00000000e0000000, 0x00000000e0000000, 0x00000000e5560000)
  from space 21824K, 100% used [0x00000000e5560000, 0x00000000e6ab0000, 0x00000000e6ab0000)
  to   space 21824K,   0% used [0x00000000e6ab0000, 0x00000000e6ab0000, 0x00000000e8000000)
 concurrent mark-sweep generation total 393216K, used 154289K [0x00000000e8000000, 0x0000000100000000, 0x0000000100000000)
 Metaspace       used 29610K, capacity 30015K, committed 30384K, reserved 1075200K
  class space    used 3499K, capacity 3648K, committed 3760K, reserved 1048576K
}
2015-09-11T13:03:57.442+0200: 58.094: Total time for which application threads were stopped: 0.0111749 seconds, Stopping threads took: 0.0000141 seconds
{Heap before GC invocations=90 (full 3):
 par new generation   total 109248K, used 109248K [0x00000000e0000000, 0x00000000e8000000, 0x00000000e8000000)
  eden space 87424K, 100% used [0x00000000e0000000, 0x00000000e5560000, 0x00000000e5560000)
  from space 21824K, 100% used [0x00000000e5560000, 0x00000000e6ab0000, 0x00000000e6ab0000)
  to   space 21824K,   0% used [0x00000000e6ab0000, 0x00000000e6ab0000, 0x00000000e8000000)
 concurrent mark-sweep generation total 393216K, used 154289K [0x00000000e8000000, 0x0000000100000000, 0x0000000100000000)
 Metaspace       used 29610K, capacity 30015K, committed 30384K, reserved 1075200K
  class space    used 3499K, capacity 3648K, committed 3760K, reserved 1048576K
2015-09-11T13:03:57.711+0200: 58.363: [GC (Allocation Failure) 58.363: [ParNew
Desired survivor size 20112992 bytes, new threshold 8 (max 8)
- age   1:    4389832 bytes,    4389832 total
- age   2:    6820368 bytes,   11210200 total
- age   3:    1322496 bytes,   12532696 total
- age   4:    1556224 bytes,   14088920 total
- age   5:    2067632 bytes,   16156552 total
- age   6:    1176304 bytes,   17332856 total
- age   7:    2007384 bytes,   19340240 total
- age   8:    1189856 bytes,   20530096 total
: 109248K->21824K(109248K), 0.0107247 secs] 263537K->187668K(502464K), 0.0107707 secs] [Times: user=0.06 sys=0.00, real=0.01 secs] 
Heap after GC invocations=91 (full 3):
 par new generation   total 109248K, used 21824K [0x00000000e0000000, 0x00000000e8000000, 0x00000000e8000000)
  eden space 87424K,   0% used [0x00000000e0000000, 0x00000000e0000000, 0x00000000e5560000)
  from space 21824K, 100% used [0x00000000e6ab0000, 0x00000000e8000000, 0x00000000e8000000)
  to   space 21824K,   0% used [0x00000000e5560000, 0x00000000e5560000, 0x00000000e6ab0000)
 concurrent mark-sweep generation total 393216K, used 165844K [0x00000000e8000000, 0x0000000100000000, 0x0000000100000000)
 Metaspace       used 29610K, capacity 30015K, committed 30384K, reserved 1075200K
  class space    used 3499K, capacity 3648K, committed 3760K, reserved 1048576K
}
2015-09-11T13:03:57.722+0200: 58.374: Total time for which application threads were stopped: 0.0109048 seconds, Stopping threads took: 0.0000138 seconds
{Heap before GC invocations=91 (full 3):
 par new generation   total 109248K, used 109248K [0x00000000e0000000, 0x00000000e8000000, 0x00000000e8000000)
  eden space 87424K, 100% used [0x00000000e0000000, 0x00000000e5560000, 0x00000000e5560000)
  from space 21824K, 100% used [0x00000000e6ab0000, 0x00000000e8000000, 0x00000000e8000000)
  to   space 21824K,   0% used [0x00000000e5560000, 0x00000000e5560000, 0x00000000e6ab0000)
 concurrent mark-sweep generation total 393216K, used 165844K [0x00000000e8000000, 0x0000000100000000, 0x0000000100000000)
 Metaspace       used 29610K, capacity 30015K, committed 30384K, reserved 1075200K
  class space    used 3499K, capacity 3648K, committed 3760K, reserved 1048576K
2015-09-11T13:03:58.024+0200: 58.676: [GC (Allocation Failure) 58.676: [ParNew
Desired survivor size 20112992 bytes, new threshold 8 (max 8)
- age   1:    1865728 bytes,    1865728 total
- age   2:    2826680 bytes,    4692408 total
- age   3:    6814928 bytes,   11507336 total
- age   4:    1320976 bytes,   12828312 total
- age   5:    1386160 bytes,   14214472 total
- age   6:    2066672 bytes,   16281144 total
- age   7:    1174608 bytes,   17455752 total
- age   8:    2005176 bytes,   19460928 total
: 109248K->21824K(109248K), 0.0098479 secs] 275092K->191378K(502464K), 0.0098956 secs] [Times: user=0.06 sys=0.00, real=0.01 secs] 
Heap after GC invocations=92 (full 3):
 par new generation   total 109248K, used 21824K [0x00000000e0000000, 0x00000000e8000000, 0x00000000e8000000)
  eden space 87424K,   0% used [0x00000000e0000000, 0x00000000e0000000, 0x00000000e5560000)
  from space 21824K, 100% used [0x00000000e5560000, 0x00000000e6ab0000, 0x00000000e6ab0000)
  to   space 21824K,   0% used [0x00000000e6ab0000, 0x00000000e6ab0000, 0x00000000e8000000)
 concurrent mark-sweep generation total 393216K, used 169554K [0x00000000e8000000, 0x0000000100000000, 0x0000000100000000)
 Metaspace       used 29610K, capacity 30015K, committed 30384K, reserved 1075200K
  class space    used 3499K, capacity 3648K, committed 3760K, reserved 1048576K
}
2015-09-11T13:03:58.034+0200: 58.686: Total time for which application threads were stopped: 0.0100290 seconds, Stopping threads took: 0.0000141 seconds
{Heap before GC invocations=92 (full 3):
 par new generation   total 109248K, used 109248K [0x00000000e0000000, 0x00000000e8000000, 0x00000000e8000000)
  eden space 87424K, 100% used [0x00000000e0000000, 0x00000000e5560000, 0x00000000e5560000)
  from space 21824K, 100% used [0x00000000e5560000, 0x00000000e6ab0000, 0x00000000e6ab0000)
  to   space 21824K,   0% used [0x00000000e6ab0000, 0x00000000e6ab0000, 0x00000000e8000000)
 concurrent mark-sweep generation total 393216K, used 169554K [0x00000000e8000000, 0x0000000100000000, 0x0000000100000000)
 Metaspace       used 29610K, capacity 30015K, committed 30384K, reserved 1075200K
  class space    used 3499K, capacity 3648K, committed 3760K, reserved 1048576K
2015-09-11T13:03:58.336+0200: 58.988: [GC (Allocation Failure) 58.988: [ParNew
Desired survivor size 20112992 bytes, new threshold 8 (max 8)
- age   1:    2031504 bytes,    2031504 total
- age   2:    1859840 bytes,    3891344 total
- age   3:    2823696 bytes,    6715040 total
- age   4:    6809832 bytes,   13524872 total
- age   5:    1319016 bytes,   14843888 total
- age   6:    1384480 bytes,   16228368 total
- age   7:    2065288 bytes,   18293656 total
- age   8:    1172568 bytes,   19466224 total
: 109248K->21824K(109248K), 0.0099317 secs] 278802K->193970K(502464K), 0.0099797 secs] [Times: user=0.06 sys=0.00, real=0.01 secs] 
Heap after GC invocations=93 (full 3):
 par new generation   total 109248K, used 21824K [0x00000000e0000000, 0x00000000e8000000, 0x00000000e8000000)
  eden space 87424K,   0% used [0x00000000e0000000, 0x00000000e0000000, 0x00000000e5560000)
  from space 21824K, 100% used [0x00000000e6ab0000, 0x00000000e8000000, 0x00000000e8000000)
  to   space 21824K,   0% used [0x00000000e5560000, 0x00000000e5560000, 0x00000000e6ab0000)
 concurrent mark-sweep generation total 393216K, used 172146K [0x00000000e8000000, 0x0000000100000000, 0x0000000100000000)
 Metaspace       used 29610K, capacity 30015K, committed 30384K, reserved 1075200K
  class space    used 3499K, capacity 3648K, committed 3760K, reserved 1048576K
}
2015-09-11T13:03:58.346+0200: 58.998: Total time for which application threads were stopped: 0.0101301 seconds, Stopping threads took: 0.0000147 seconds
{Heap before GC invocations=93 (full 3):
 par new generation   total 109248K, used 109248K [0x00000000e0000000, 0x00000000e8000000, 0x00000000e8000000)
  eden space 87424K, 100% used [0x00000000e0000000, 0x00000000e5560000, 0x00000000e5560000)
  from space 21824K, 100% used [0x00000000e6ab0000, 0x00000000e8000000, 0x00000000e8000000)
  to   space 21824K,   0% used [0x00000000e5560000, 0x00000000e5560000, 0x00000000e6ab0000)
 concurrent mark-sweep generation total 393216K, used 172146K [0x00000000e8000000, 0x0000000100000000, 0x0000000100000000)
 Metaspace       used 29610K, capacity 30015K, committed 30384K, reserved 1075200K
  class space    used 3499K, capacity 3648K, committed 3760K, reserved 1048576K
2015-09-11T13:03:58.628+0200: 59.280: [GC (Allocation Failure) 59.280: [ParNew
Desired survivor size 20112992 bytes, new threshold 8 (max 8)
- age   1:    5825872 bytes,    5825872 total
- age   2:    1855480 bytes,    7681352 total
- age   3:    1853248 bytes,    9534600 total
- age   4:    2818448 bytes,   12353048 total
- age   5:    3200280 bytes,   15553328 total
- age   6:    1316856 bytes,   16870184 total
- age   7:    1382512 bytes,   18252696 total
- age   8:    2064088 bytes,   20316784 total
: 109248K->21824K(109248K), 0.0102661 secs] 281394K->197912K(502464K), 0.0103157 secs] [Times: user=0.06 sys=0.00, real=0.01 secs] 
Heap after GC invocations=94 (full 3):
 par new generation   total 109248K, used 21824K [0x00000000e0000000, 0x00000000e8000000, 0x00000000e8000000)
  eden space 87424K,   0% used [0x00000000e0000000, 0x00000000e0000000, 0x00000000e5560000)
  from space 21824K, 100% used [0x00000000e5560000, 0x00000000e6ab0000, 0x00000000e6ab0000)
  to   space 21824K,   0% used [0x00000000e6ab0000, 0x00000000e6ab0000, 0x00000000e8000000)
 concurrent mark-sweep generation total 393216K, used 176088K [0x00000000e8000000, 0x0000000100000000, 0x0000000100000000)
 Metaspace       used 29610K, capacity 30015K, committed 30384K, reserved 1075200K
  class space    used 3499K, capacity 3648K, committed 3760K, reserved 1048576K
}
2015-09-11T13:03:58.638+0200: 59.290: Total time for which application threads were stopped: 0.0104511 seconds, Stopping threads took: 0.0000141 seconds
{Heap before GC invocations=94 (full 3):
 par new generation   total 109248K, used 109248K [0x00000000e0000000, 0x00000000e8000000, 0x00000000e8000000)
  eden space 87424K, 100% used [0x00000000e0000000, 0x00000000e5560000, 0x00000000e5560000)
  from space 21824K, 100% used [0x00000000e5560000, 0x00000000e6ab0000, 0x00000000e6ab0000)
  to   space 21824K,   0% used [0x00000000e6ab0000, 0x00000000e6ab0000, 0x00000000e8000000)
 concurrent mark-sweep generation total 393216K, used 176088K [0x00000000e8000000, 0x0000000100000000, 0x0000000100000000)
 Metaspace       used 29610K, capacity 30015K, committed 30384K, reserved 1075200K
  class space    used 3499K, capacity 3648K, committed 3760K, reserved 1048576K
2015-09-11T13:03:58.900+0200: 59.552: [GC (Allocation Failure) 59.552: [ParNew
Desired survivor size 20112992 bytes, new threshold 8 (max 8)
- age   1:    6637576 bytes,    6637576 total
- age   2:    5567592 bytes,   12205168 total
- age   3:    1289536 bytes,   13494704 total
- age   4:    1525040 bytes,   15019744 total
- age   5:    1126944 bytes,   16146688 total
- age   6:    1889456 bytes,   18036144 total
- age   7:    1240616 bytes,   19276760 total
- age   8:    1319128 bytes,   20595888 total
: 109248K->21824K(109248K), 0.0120904 secs] 285336K->211432K(502464K), 0.0121397 secs] [Times: user=0.06 sys=0.00, real=0.01 secs] 
Heap after GC invocations=95 (full 3):
 par new generation   total 109248K, used 21824K [0x00000000e0000000, 0x00000000e8000000, 0x00000000e8000000)
  eden space 87424K,   0% used [0x00000000e0000000, 0x00000000e0000000, 0x00000000e5560000)
  from space 21824K, 100% used [0x00000000e6ab0000, 0x00000000e8000000, 0x00000000e8000000)
  to   space 21824K,   0% used [0x00000000e5560000, 0x00000000e5560000, 0x00000000e6ab0000)
 concurrent mark-sweep generation total 393216K, used 189608K [0x00000000e8000000, 0x0000000100000000, 0x0000000100000000)
 Metaspace       used 29610K, capacity 30015K, committed 30384K, reserved 1075200K
  class space    used 3499K, capacity 3648K, committed 3760K, reserved 1048576K
}
2015-09-11T13:03:58.912+0200: 59.564: Total time for which application threads were stopped: 0.0123058 seconds, Stopping threads took: 0.0000266 seconds
2015-09-11T13:03:59.912+0200: 60.564: Total time for which application threads were stopped: 0.0000861 seconds, Stopping threads took: 0.0000384 seconds
2015-09-11T13:03:59.946+0200: 60.598: Total time for which application threads were stopped: 0.0000605 seconds, Stopping threads took: 0.0000227 seconds
{Heap before GC invocations=95 (full 3):
 par new generation   total 109248K, used 109248K [0x00000000e0000000, 0x00000000e8000000, 0x00000000e8000000)
  eden space 87424K, 100% used [0x00000000e0000000, 0x00000000e5560000, 0x00000000e5560000)
  from space 21824K, 100% used [0x00000000e6ab0000, 0x00000000e8000000, 0x00000000e8000000)
  to   space 21824K,   0% used [0x00000000e5560000, 0x00000000e5560000, 0x00000000e6ab0000)
 concurrent mark-sweep generation total 393216K, used 189608K [0x00000000e8000000, 0x0000000100000000, 0x0000000100000000)
 Metaspace       used 29616K, capacity 30015K, committed 30384K, reserved 1075200K
  class space    used 3499K, capacity 3648K, committed 3760K, reserved 1048576K
2015-09-11T13:03:59.977+0200: 60.629: [GC (Allocation Failure) 60.629: [ParNew
Desired survivor size 20112992 bytes, new threshold 7 (max 8)
- age   1:    3246656 bytes,    3246656 total
- age   2:    6557664 bytes,    9804320 total
- age   3:    5109624 bytes,   14913944 total
- age   4:    1204992 bytes,   16118936 total
- age   5:    1248920 bytes,   17367856 total
- age   6:    1066672 bytes,   18434528 total
- age   7:    1837960 bytes,   20272488 total
- age   8:    1193360 bytes,   21465848 total
: 109248K->21824K(109248K), 0.0093285 secs] 298856K->215339K(502464K), 0.0093733 secs] [Times: user=0.06 sys=0.00, real=0.01 secs] 
Heap after GC invocations=96 (full 3):
 par new generation   total 109248K, used 21824K [0x00000000e0000000, 0x00000000e8000000, 0x00000000e8000000)
  eden space 87424K,   0% used [0x00000000e0000000, 0x00000000e0000000, 0x00000000e5560000)
  from space 21824K, 100% used [0x00000000e5560000, 0x00000000e6ab0000, 0x00000000e6ab0000)
  to   space 21824K,   0% used [0x00000000e6ab0000, 0x00000000e6ab0000, 0x00000000e8000000)
 concurrent mark-sweep generation total 393216K, used 193515K [0x00000000e8000000, 0x0000000100000000, 0x0000000100000000)
 Metaspace       used 29616K, capacity 30015K, committed 30384K, reserved 1075200K
  class space    used 3499K, capacity 3648K, committed 3760K, reserved 1048576K
}
2015-09-11T13:03:59.986+0200: 60.638: Total time for which application threads were stopped: 0.0095109 seconds, Stopping threads took: 0.0000141 seconds
{Heap before GC invocations=96 (full 3):
 par new generation   total 109248K, used 109248K [0x00000000e0000000, 0x00000000e8000000, 0x00000000e8000000)
  eden space 87424K, 100% used [0x00000000e0000000, 0x00000000e5560000, 0x00000000e5560000)
  from space 21824K, 100% used [0x00000000e5560000, 0x00000000e6ab0000, 0x00000000e6ab0000)
  to   space 21824K,   0% used [0x00000000e6ab0000, 0x00000000e6ab0000, 0x00000000e8000000)
 concurrent mark-sweep generation total 393216K, used 193515K [0x00000000e8000000, 0x0000000100000000, 0x0000000100000000)
 Metaspace       used 29616K, capacity 30015K, committed 30384K, reserved 1075200K
  class space    used 3499K, capacity 3648K, committed 3760K, reserved 1048576K
2015-09-11T13:04:00.071+0200: 60.723: [GC (Allocation Failure) 60.723: [ParNew
Desired survivor size 20112992 bytes, new threshold 8 (max 8)
- age   1:     103192 bytes,     103192 total
- age   2:    2980984 bytes,    3084176 total
- age   3:    6550296 bytes,    9634472 total
- age   4:    5104424 bytes,   14738896 total
- age   5:    1200160 bytes,   15939056 total
- age   6:    1243384 bytes,   17182440 total
- age   7:    1063224 bytes,   18245664 total
: 109248K->21824K(109248K), 0.0088316 secs] 302763K->218561K(502464K), 0.0088780 secs] [Times: user=0.06 sys=0.00, real=0.01 secs] 
Heap after GC invocations=97 (full 3):
 par new generation   total 109248K, used 21824K [0x00000000e0000000, 0x00000000e8000000, 0x00000000e8000000)
  eden space 87424K,   0% used [0x00000000e0000000, 0x00000000e0000000, 0x00000000e5560000)
  from space 21824K, 100% used [0x00000000e6ab0000, 0x00000000e8000000, 0x00000000e8000000)
  to   space 21824K,   0% used [0x00000000e5560000, 0x00000000e5560000, 0x00000000e6ab0000)
 concurrent mark-sweep generation total 393216K, used 196737K [0x00000000e8000000, 0x0000000100000000, 0x0000000100000000)
 Metaspace       used 29616K, capacity 30015K, committed 30384K, reserved 1075200K
  class space    used 3499K, capacity 3648K, committed 3760K, reserved 1048576K
}
2015-09-11T13:04:00.080+0200: 60.732: Total time for which application threads were stopped: 0.0090261 seconds, Stopping threads took: 0.0000144 seconds
2015-09-11T13:04:00.080+0200: 60.732: [GC (CMS Initial Mark) [1 CMS-initial-mark: 196737K(393216K)] 220338K(502464K), 0.0023683 secs] [Times: user=0.00 sys=0.00, real=0.00 secs] 
2015-09-11T13:04:00.082+0200: 60.734: Total time for which application threads were stopped: 0.0024531 seconds, Stopping threads took: 0.0000250 seconds
2015-09-11T13:04:00.082+0200: 60.734: [CMS-concurrent-mark-start]
2015-09-11T13:04:00.106+0200: 60.758: [CMS-concurrent-mark: 0.023/0.023 secs] [Times: user=0.12 sys=0.00, real=0.02 secs] 
2015-09-11T13:04:00.106+0200: 60.758: [CMS-concurrent-preclean-start]
2015-09-11T13:04:00.106+0200: 60.758: [CMS-concurrent-preclean: 0.001/0.001 secs] [Times: user=0.00 sys=0.00, real=0.00 secs] 
2015-09-11T13:04:00.106+0200: 60.758: [CMS-concurrent-abortable-preclean-start]
{Heap before GC invocations=97 (full 4):
 par new generation   total 109248K, used 109248K [0x00000000e0000000, 0x00000000e8000000, 0x00000000e8000000)
  eden space 87424K, 100% used [0x00000000e0000000, 0x00000000e5560000, 0x00000000e5560000)
  from space 21824K, 100% used [0x00000000e6ab0000, 0x00000000e8000000, 0x00000000e8000000)
  to   space 21824K,   0% used [0x00000000e5560000, 0x00000000e5560000, 0x00000000e6ab0000)
 concurrent mark-sweep generation total 393216K, used 196737K [0x00000000e8000000, 0x0000000100000000, 0x0000000100000000)
 Metaspace       used 29616K, capacity 30015K, committed 30384K, reserved 1075200K
  class space    used 3499K, capacity 3648K, committed 3760K, reserved 1048576K
2015-09-11T13:04:00.177+0200: 60.829: [GC (Allocation Failure) 60.829: [ParNew
Desired survivor size 20112992 bytes, new threshold 8 (max 8)
- age   1:     109240 bytes,     109240 total
- age   2:      28656 bytes,     137896 total
- age   3:    2980848 bytes,    3118744 total
- age   4:    6550296 bytes,    9669040 total
- age   5:    5104424 bytes,   14773464 total
- age   6:    1200160 bytes,   15973624 total
- age   7:    1243384 bytes,   17217008 total
- age   8:    1063224 bytes,   18280232 total
: 109248K->21824K(109248K), 0.0073996 secs] 305985K->218561K(502464K), 0.0074431 secs] [Times: user=0.06 sys=0.00, real=0.01 secs] 
Heap after GC invocations=98 (full 4):
 par new generation   total 109248K, used 21824K [0x00000000e0000000, 0x00000000e8000000, 0x00000000e8000000)
  eden space 87424K,   0% used [0x00000000e0000000, 0x00000000e0000000, 0x00000000e5560000)
  from space 21824K, 100% used [0x00000000e5560000, 0x00000000e6ab0000, 0x00000000e6ab0000)
  to   space 21824K,   0% used [0x00000000e6ab0000, 0x00000000e6ab0000, 0x00000000e8000000)
 concurrent mark-sweep generation total 393216K, used 196737K [0x00000000e8000000, 0x0000000100000000, 0x0000000100000000)
 Metaspace       used 29616K, capacity 30015K, committed 30384K, reserved 1075200K
  class space    used 3499K, capacity 3648K, committed 3760K, reserved 1048576K
}
2015-09-11T13:04:00.185+0200: 60.837: Total time for which application threads were stopped: 0.0075826 seconds, Stopping threads took: 0.0000144 seconds
{Heap before GC invocations=98 (full 4):
 par new generation   total 109248K, used 109248K [0x00000000e0000000, 0x00000000e8000000, 0x00000000e8000000)
  eden space 87424K, 100% used [0x00000000e0000000, 0x00000000e5560000, 0x00000000e5560000)
  from space 21824K, 100% used [0x00000000e5560000, 0x00000000e6ab0000, 0x00000000e6ab0000)
  to   space 21824K,   0% used [0x00000000e6ab0000, 0x00000000e6ab0000, 0x00000000e8000000)
 concurrent mark-sweep generation total 393216K, used 196737K [0x00000000e8000000, 0x0000000100000000, 0x0000000100000000)
 Metaspace       used 29616K, capacity 30015K, committed 30384K, reserved 1075200K
  class space    used 3499K, capacity 3648K, committed 3760K, reserved 1048576K
2015-09-11T13:04:00.325+0200: 60.977: [GC (Allocation Failure) 60.977: [ParNew2015-09-11T13:04:00.332+0200: 60.984: [CMS-concurrent-abortable-preclean: 0.068/0.225 secs] [Times: user=0.31 sys=0.02, real=0.23 secs] 

Desired survivor size 20112992 bytes, new threshold 8 (max 8)
- age   1:      67984 bytes,      67984 total
- age   2:      27872 bytes,      95856 total
- age   3:      26440 bytes,     122296 total
- age   4:    2980792 bytes,    3103088 total
- age   5:    5501704 bytes,    8604792 total
- age   6:    5104424 bytes,   13709216 total
- age   7:    1200160 bytes,   14909376 total
- age   8:    1243384 bytes,   16152760 total
: 109248K->21824K(109248K), 0.0077221 secs] 305985K->220645K(502464K), 0.0077618 secs] [Times: user=0.00 sys=0.00, real=0.01 secs] 
Heap after GC invocations=99 (full 4):
 par new generation   total 109248K, used 21824K [0x00000000e0000000, 0x00000000e8000000, 0x00000000e8000000)
  eden space 87424K,   0% used [0x00000000e0000000, 0x00000000e0000000, 0x00000000e5560000)
  from space 21824K, 100% used [0x00000000e6ab0000, 0x00000000e8000000, 0x00000000e8000000)
  to   space 21824K,   0% used [0x00000000e5560000, 0x00000000e5560000, 0x00000000e6ab0000)
 concurrent mark-sweep generation total 393216K, used 198821K [0x00000000e8000000, 0x0000000100000000, 0x0000000100000000)
 Metaspace       used 29616K, capacity 30015K, committed 30384K, reserved 1075200K
  class space    used 3499K, capacity 3648K, committed 3760K, reserved 1048576K
}
2015-09-11T13:04:00.333+0200: 60.985: Total time for which application threads were stopped: 0.0079055 seconds, Stopping threads took: 0.0000147 seconds
2015-09-11T13:04:00.333+0200: 60.985: [GC (CMS Final Remark) [YG occupancy: 23597 K (109248 K)]{Heap before GC invocations=99 (full 4):
 par new generation   total 109248K, used 23597K [0x00000000e0000000, 0x00000000e8000000, 0x00000000e8000000)
  eden space 87424K,   2% used [0x00000000e0000000, 0x00000000e01bb7b8, 0x00000000e5560000)
  from space 21824K, 100% used [0x00000000e6ab0000, 0x00000000e8000000, 0x00000000e8000000)
  to   space 21824K,   0% used [0x00000000e5560000, 0x00000000e5560000, 0x00000000e6ab0000)
 concurrent mark-sweep generation total 393216K, used 198821K [0x00000000e8000000, 0x0000000100000000, 0x0000000100000000)
 Metaspace       used 29616K, capacity 30015K, committed 30384K, reserved 1075200K
  class space    used 3499K, capacity 3648K, committed 3760K, reserved 1048576K
2015-09-11T13:04:00.333+0200: 60.985: [GC (CMS Final Remark) 60.985: [ParNew
Desired survivor size 20112992 bytes, new threshold 8 (max 8)
- age   1:      34376 bytes,      34376 total
- age   2:      67904 bytes,     102280 total
- age   3:      27872 bytes,     130152 total
- age   4:      26440 bytes,     156592 total
- age   5:    3013576 bytes,    3170168 total
- age   6:    5501704 bytes,    8671872 total
- age   7:    5104472 bytes,   13776344 total
- age   8:    1200160 bytes,   14976504 total
: 23597K->19939K(109248K), 0.0066345 secs] 222419K->219999K(502464K), 0.0066726 secs] [Times: user=0.06 sys=0.00, real=0.01 secs] 
Heap after GC invocations=100 (full 4):
 par new generation   total 109248K, used 19939K [0x00000000e0000000, 0x00000000e8000000, 0x00000000e8000000)
  eden space 87424K,   0% used [0x00000000e0000000, 0x00000000e0000000, 0x00000000e5560000)
  from space 21824K,  91% used [0x00000000e5560000, 0x00000000e68d8fd0, 0x00000000e6ab0000)
  to   space 21824K,   0% used [0x00000000e6ab0000, 0x00000000e6ab0000, 0x00000000e8000000)
 concurrent mark-sweep generation total 393216K, used 200059K [0x00000000e8000000, 0x0000000100000000, 0x0000000100000000)
 Metaspace       used 29616K, capacity 30015K, committed 30384K, reserved 1075200K
  class space    used 3499K, capacity 3648K, committed 3760K, reserved 1048576K
}
60.992: [Rescan (parallel) , 0.0029228 secs]60.995: [weak refs processing, 0.0009798 secs]60.996: [class unloading, 0.0036774 secs]60.999: [scrub symbol table, 0.0028176 secs]61.002: [scrub string table, 0.0003594 secs][1 CMS-remark: 200059K(393216K)] 219999K(502464K), 0.0181150 secs] [Times: user=0.06 sys=0.00, real=0.02 secs] 
2015-09-11T13:04:00.351+0200: 61.003: Total time for which application threads were stopped: 0.0182097 seconds, Stopping threads took: 0.0000256 seconds
2015-09-11T13:04:00.351+0200: 61.003: [CMS-concurrent-sweep-start]
2015-09-11T13:04:00.368+0200: 61.020: [CMS-concurrent-sweep: 0.017/0.017 secs] [Times: user=0.06 sys=0.00, real=0.02 secs] 
2015-09-11T13:04:00.368+0200: 61.020: [CMS-concurrent-reset-start]
2015-09-11T13:04:00.368+0200: 61.020: [CMS-concurrent-reset: 0.000/0.000 secs] [Times: user=0.00 sys=0.00, real=0.00 secs] 
{Heap before GC invocations=100 (full 4):
 par new generation   total 109248K, used 107363K [0x00000000e0000000, 0x00000000e8000000, 0x00000000e8000000)
  eden space 87424K, 100% used [0x00000000e0000000, 0x00000000e5560000, 0x00000000e5560000)
  from space 21824K,  91% used [0x00000000e5560000, 0x00000000e68d8fd0, 0x00000000e6ab0000)
  to   space 21824K,   0% used [0x00000000e6ab0000, 0x00000000e6ab0000, 0x00000000e8000000)
 concurrent mark-sweep generation total 393216K, used 133460K [0x00000000e8000000, 0x0000000100000000, 0x0000000100000000)
 Metaspace       used 29616K, capacity 30015K, committed 30384K, reserved 1075200K
  class space    used 3499K, capacity 3648K, committed 3760K, reserved 1048576K
2015-09-11T13:04:00.471+0200: 61.123: [GC (Allocation Failure) 61.123: [ParNew
Desired survivor size 20112992 bytes, new threshold 8 (max 8)
- age   1:      57848 bytes,      57848 total
- age   5:        224 bytes,      58072 total
- age   6:    2929488 bytes,    2987560 total
- age   7:    5467752 bytes,    8455312 total
- age   8:    5067752 bytes,   13523064 total
: 107363K->15724K(109248K), 0.0058134 secs] 240824K->150336K(502464K), 0.0058585 secs] [Times: user=0.00 sys=0.00, real=0.01 secs] 
Heap after GC invocations=101 (full 4):
 par new generation   total 109248K, used 15724K [0x00000000e0000000, 0x00000000e8000000, 0x00000000e8000000)
  eden space 87424K,   0% used [0x00000000e0000000, 0x00000000e0000000, 0x00000000e5560000)
  from space 21824K,  72% used [0x00000000e6ab0000, 0x00000000e7a0b058, 0x00000000e8000000)
  to   space 21824K,   0% used [0x00000000e5560000, 0x00000000e5560000, 0x00000000e6ab0000)
 concurrent mark-sweep generation total 393216K, used 134612K [0x00000000e8000000, 0x0000000100000000, 0x0000000100000000)
 Metaspace       used 29616K, capacity 30015K, committed 30384K, reserved 1075200K
  class space    used 3499K, capacity 3648K, committed 3760K, reserved 1048576K
}
2015-09-11T13:04:00.477+0200: 61.129: Total time for which application threads were stopped: 0.0060079 seconds, Stopping threads took: 0.0000134 seconds
{Heap before GC invocations=101 (full 4):
 par new generation   total 109248K, used 103148K [0x00000000e0000000, 0x00000000e8000000, 0x00000000e8000000)
  eden space 87424K, 100% used [0x00000000e0000000, 0x00000000e5560000, 0x00000000e5560000)
  from space 21824K,  72% used [0x00000000e6ab0000, 0x00000000e7a0b058, 0x00000000e8000000)
  to   space 21824K,   0% used [0x00000000e5560000, 0x00000000e5560000, 0x00000000e6ab0000)
 concurrent mark-sweep generation total 393216K, used 134612K [0x00000000e8000000, 0x0000000100000000, 0x0000000100000000)
 Metaspace       used 29617K, capacity 30015K, committed 30384K, reserved 1075200K
  class space    used 3499K, capacity 3648K, committed 3760K, reserved 1048576K
2015-09-11T13:04:00.544+0200: 61.196: [GC (Allocation Failure) 61.196: [ParNew
Desired survivor size 20112992 bytes, new threshold 8 (max 8)
- age   1:      99632 bytes,      99632 total
- age   2:       1280 bytes,     100912 total
- age   6:        224 bytes,     101136 total
- age   7:    2929488 bytes,    3030624 total
- age   8:    5467752 bytes,    8498376 total
: 103148K->11055K(109248K), 0.0049631 secs] 237760K->150633K(502464K), 0.0050102 secs] [Times: user=0.00 sys=0.00, real=0.01 secs] 
Heap after GC invocations=102 (full 4):
 par new generation   total 109248K, used 11055K [0x00000000e0000000, 0x00000000e8000000, 0x00000000e8000000)
  eden space 87424K,   0% used [0x00000000e0000000, 0x00000000e0000000, 0x00000000e5560000)
  from space 21824K,  50% used [0x00000000e5560000, 0x00000000e602bce0, 0x00000000e6ab0000)
  to   space 21824K,   0% used [0x00000000e6ab0000, 0x00000000e6ab0000, 0x00000000e8000000)
 concurrent mark-sweep generation total 393216K, used 139578K [0x00000000e8000000, 0x0000000100000000, 0x0000000100000000)
 Metaspace       used 29617K, capacity 30015K, committed 30384K, reserved 1075200K
  class space    used 3499K, capacity 3648K, committed 3760K, reserved 1048576K
}
2015-09-11T13:04:00.549+0200: 61.201: Total time for which application threads were stopped: 0.0051897 seconds, Stopping threads took: 0.0000131 seconds
2015-09-11T13:04:00.641+0200: 61.293: Total time for which application threads were stopped: 0.0000774 seconds, Stopping threads took: 0.0000224 seconds
2015-09-11T13:04:00.641+0200: 61.293: Total time for which application threads were stopped: 0.0000557 seconds, Stopping threads took: 0.0000218 seconds
2015-09-11T13:04:00.641+0200: 61.293: Total time for which application threads were stopped: 0.0000573 seconds, Stopping threads took: 0.0000208 seconds
{Heap before GC invocations=102 (full 4):
 par new generation   total 109248K, used 98479K [0x00000000e0000000, 0x00000000e8000000, 0x00000000e8000000)
  eden space 87424K, 100% used [0x00000000e0000000, 0x00000000e5560000, 0x00000000e5560000)
  from space 21824K,  50% used [0x00000000e5560000, 0x00000000e602bce0, 0x00000000e6ab0000)
  to   space 21824K,   0% used [0x00000000e6ab0000, 0x00000000e6ab0000, 0x00000000e8000000)
 concurrent mark-sweep generation total 393216K, used 139578K [0x00000000e8000000, 0x0000000100000000, 0x0000000100000000)
 Metaspace       used 29619K, capacity 30015K, committed 30384K, reserved 1075200K
  class space    used 3499K, capacity 3648K, committed 3760K, reserved 1048576K
2015-09-11T13:04:00.693+0200: 61.345: [GC (Allocation Failure) 61.345: [ParNew
Desired survivor size 20112992 bytes, new threshold 8 (max 8)
- age   1:    1089448 bytes,    1089448 total
- age   7:        224 bytes,    1089672 total
- age   8:    2809168 bytes,    3898840 total
: 98479K->4997K(109248K), 0.0046019 secs] 238057K->149843K(502464K), 0.0046470 secs] [Times: user=0.06 sys=0.00, real=0.00 secs] 
Heap after GC invocations=103 (full 4):
 par new generation   total 109248K, used 4997K [0x00000000e0000000, 0x00000000e8000000, 0x00000000e8000000)
  eden space 87424K,   0% used [0x00000000e0000000, 0x00000000e0000000, 0x00000000e5560000)
  from space 21824K,  22% used [0x00000000e6ab0000, 0x00000000e6f915c0, 0x00000000e8000000)
  to   space 21824K,   0% used [0x00000000e5560000, 0x00000000e5560000, 0x00000000e6ab0000)
 concurrent mark-sweep generation total 393216K, used 144845K [0x00000000e8000000, 0x0000000100000000, 0x0000000100000000)
 Metaspace       used 29619K, capacity 30015K, committed 30384K, reserved 1075200K
  class space    used 3499K, capacity 3648K, committed 3760K, reserved 1048576K
}
2015-09-11T13:04:00.697+0200: 61.349: Total time for which application threads were stopped: 0.0047913 seconds, Stopping threads took: 0.0000227 seconds
{Heap before GC invocations=103 (full 4):
 par new generation   total 109248K, used 92421K [0x00000000e0000000, 0x00000000e8000000, 0x00000000e8000000)
  eden space 87424K, 100% used [0x00000000e0000000, 0x00000000e5560000, 0x00000000e5560000)
  from space 21824K,  22% used [0x00000000e6ab0000, 0x00000000e6f915c0, 0x00000000e8000000)
  to   space 21824K,   0% used [0x00000000e5560000, 0x00000000e5560000, 0x00000000e6ab0000)
 concurrent mark-sweep generation total 393216K, used 144845K [0x00000000e8000000, 0x0000000100000000, 0x0000000100000000)
 Metaspace       used 29619K, capacity 30015K, committed 30384K, reserved 1075200K
  class space    used 3499K, capacity 3648K, committed 3760K, reserved 1048576K
2015-09-11T13:04:00.954+0200: 61.606: [GC (Allocation Failure) 61.606: [ParNew
Desired survivor size 20112992 bytes, new threshold 8 (max 8)
- age   1:    5025232 bytes,    5025232 total
- age   2:     747688 bytes,    5772920 total
- age   8:        224 bytes,    5773144 total
: 92421K->6948K(109248K), 0.0048268 secs] 237267K->154542K(502464K), 0.0048735 secs] [Times: user=0.00 sys=0.00, real=0.01 secs] 
Heap after GC invocations=104 (full 4):
 par new generation   total 109248K, used 6948K [0x00000000e0000000, 0x00000000e8000000, 0x00000000e8000000)
  eden space 87424K,   0% used [0x00000000e0000000, 0x00000000e0000000, 0x00000000e5560000)
  from space 21824K,  31% used [0x00000000e5560000, 0x00000000e5c290c0, 0x00000000e6ab0000)
  to   space 21824K,   0% used [0x00000000e6ab0000, 0x00000000e6ab0000, 0x00000000e8000000)
 concurrent mark-sweep generation total 393216K, used 147594K [0x00000000e8000000, 0x0000000100000000, 0x0000000100000000)
 Metaspace       used 29619K, capacity 30015K, committed 30384K, reserved 1075200K
  class space    used 3499K, capacity 3648K, committed 3760K, reserved 1048576K
}
2015-09-11T13:04:00.959+0200: 61.611: Total time for which application threads were stopped: 0.0050163 seconds, Stopping threads took: 0.0000144 seconds
2015-09-11T13:04:01.183+0200: 61.835: Total time for which application threads were stopped: 0.0000675 seconds, Stopping threads took: 0.0000285 seconds
2015-09-11T13:04:01.183+0200: 61.836: Total time for which application threads were stopped: 0.0000438 seconds, Stopping threads took: 0.0000186 seconds
2015-09-11T13:04:01.190+0200: 61.842: Total time for which application threads were stopped: 0.0000931 seconds, Stopping threads took: 0.0000374 seconds
2015-09-11T13:04:01.190+0200: 61.842: Total time for which application threads were stopped: 0.0000403 seconds, Stopping threads took: 0.0000166 seconds
2015-09-11T13:04:01.199+0200: 61.851: Total time for which application threads were stopped: 0.0000515 seconds, Stopping threads took: 0.0000141 seconds
2015-09-11T13:04:01.199+0200: 61.851: Total time for which application threads were stopped: 0.0000317 seconds, Stopping threads took: 0.0000077 seconds
2015-09-11T13:04:01.236+0200: 61.888: Total time for which application threads were stopped: 0.0000522 seconds, Stopping threads took: 0.0000141 seconds
{Heap before GC invocations=104 (full 4):
 par new generation   total 109248K, used 94372K [0x00000000e0000000, 0x00000000e8000000, 0x00000000e8000000)
  eden space 87424K, 100% used [0x00000000e0000000, 0x00000000e5560000, 0x00000000e5560000)
  from space 21824K,  31% used [0x00000000e5560000, 0x00000000e5c290c0, 0x00000000e6ab0000)
  to   space 21824K,   0% used [0x00000000e6ab0000, 0x00000000e6ab0000, 0x00000000e8000000)
 concurrent mark-sweep generation total 393216K, used 147594K [0x00000000e8000000, 0x0000000100000000, 0x0000000100000000)
 Metaspace       used 29630K, capacity 30015K, committed 30384K, reserved 1075200K
  class space    used 3500K, capacity 3648K, committed 3760K, reserved 1048576K
2015-09-11T13:04:01.254+0200: 61.906: [GC (Allocation Failure) 61.906: [ParNew
Desired survivor size 20112992 bytes, new threshold 8 (max 8)
- age   1:    4986392 bytes,    4986392 total
- age   2:    2611648 bytes,    7598040 total
- age   3:     702056 bytes,    8300096 total
: 94372K->9502K(109248K), 0.0078492 secs] 241966K->157097K(502464K), 0.0078978 secs] [Times: user=0.06 sys=0.00, real=0.01 secs] 
Heap after GC invocations=105 (full 4):
 par new generation   total 109248K, used 9502K [0x00000000e0000000, 0x00000000e8000000, 0x00000000e8000000)
  eden space 87424K,   0% used [0x00000000e0000000, 0x00000000e0000000, 0x00000000e5560000)
  from space 21824K,  43% used [0x00000000e6ab0000, 0x00000000e73f7bf0, 0x00000000e8000000)
  to   space 21824K,   0% used [0x00000000e5560000, 0x00000000e5560000, 0x00000000e6ab0000)
 concurrent mark-sweep generation total 393216K, used 147594K [0x00000000e8000000, 0x0000000100000000, 0x0000000100000000)
 Metaspace       used 29630K, capacity 30015K, committed 30384K, reserved 1075200K
  class space    used 3500K, capacity 3648K, committed 3760K, reserved 1048576K
}
2015-09-11T13:04:01.262+0200: 61.914: Total time for which application threads were stopped: 0.0080338 seconds, Stopping threads took: 0.0000157 seconds
2015-09-11T13:04:01.309+0200: 61.961: Total time for which application threads were stopped: 0.0000528 seconds, Stopping threads took: 0.0000141 seconds
2015-09-11T13:04:01.310+0200: 61.962: Total time for which application threads were stopped: 0.0000653 seconds, Stopping threads took: 0.0000186 seconds
2015-09-11T13:04:01.311+0200: 61.963: Total time for which application threads were stopped: 0.0000304 seconds, Stopping threads took: 0.0000074 seconds
2015-09-11T13:04:01.312+0200: 61.964: Total time for which application threads were stopped: 0.0000474 seconds, Stopping threads took: 0.0000099 seconds
2015-09-11T13:04:01.370+0200: 62.022: Total time for which application threads were stopped: 0.0000701 seconds, Stopping threads took: 0.0000179 seconds
2015-09-11T13:04:01.984+0200: 62.636: Total time for which application threads were stopped: 0.0000682 seconds, Stopping threads took: 0.0000224 seconds
2015-09-11T13:04:01.984+0200: 62.636: Total time for which application threads were stopped: 0.0000352 seconds, Stopping threads took: 0.0000086 seconds
2015-09-11T13:04:01.984+0200: 62.636: Total time for which application threads were stopped: 0.0000483 seconds, Stopping threads took: 0.0000048 seconds
2015-09-11T13:04:01.986+0200: 62.638: Total time for which application threads were stopped: 0.0000499 seconds, Stopping threads took: 0.0000086 seconds
2015-09-11T13:04:01.986+0200: 62.638: Total time for which application threads were stopped: 0.0001066 seconds, Stopping threads took: 0.0000576 seconds
2015-09-11T13:04:01.986+0200: 62.638: Total time for which application threads were stopped: 0.0001066 seconds, Stopping threads took: 0.0000736 seconds
2015-09-11T13:04:01.986+0200: 62.638: Total time for which application threads were stopped: 0.0000378 seconds, Stopping threads took: 0.0000214 seconds
2015-09-11T13:04:01.992+0200: 62.644: Total time for which application threads were stopped: 0.0000790 seconds, Stopping threads took: 0.0000243 seconds
2015-09-11T13:04:01.993+0200: 62.645: Total time for which application threads were stopped: 0.0000304 seconds, Stopping threads took: 0.0000048 seconds
2015-09-11T13:04:02.993+0200: 63.645: Total time for which application threads were stopped: 0.0000637 seconds, Stopping threads took: 0.0000262 seconds
2015-09-11T13:04:38.533+0200: 99.185: Total time for which application threads were stopped: 0.0000608 seconds, Stopping threads took: 0.0000234 seconds
2015-09-11T13:04:38.533+0200: 99.185: Total time for which application threads were stopped: 0.0000240 seconds, Stopping threads took: 0.0000054 seconds
2015-09-11T13:04:38.533+0200: 99.185: Total time for which application threads were stopped: 0.0000339 seconds, Stopping threads took: 0.0000150 seconds
2015-09-11T13:04:38.861+0200: 99.513: Total time for which application threads were stopped: 0.0000496 seconds, Stopping threads took: 0.0000125 seconds
2015-09-11T13:04:38.902+0200: 99.554: Total time for which application threads were stopped: 0.0000717 seconds, Stopping threads took: 0.0000128 seconds
2015-09-11T13:04:38.902+0200: 99.554: Total time for which application threads were stopped: 0.0000403 seconds, Stopping threads took: 0.0000093 seconds
2015-09-11T13:04:38.902+0200: 99.554: Total time for which application threads were stopped: 0.0000688 seconds, Stopping threads took: 0.0000307 seconds
2015-09-11T13:04:38.902+0200: 99.554: Total time for which application threads were stopped: 0.0000301 seconds, Stopping threads took: 0.0000106 seconds
2015-09-11T13:04:38.903+0200: 99.554: Total time for which application threads were stopped: 0.0000262 seconds, Stopping threads took: 0.0000090 seconds
2015-09-11T13:04:38.903+0200: 99.554: Total time for which application threads were stopped: 0.0000278 seconds, Stopping threads took: 0.0000102 seconds
2015-09-11T13:04:38.903+0200: 99.555: Total time for which application threads were stopped: 0.0002234 seconds, Stopping threads took: 0.0002058 seconds
2015-09-11T13:04:38.903+0200: 99.555: Total time for which application threads were stopped: 0.0000218 seconds, Stopping threads took: 0.0000064 seconds
2015-09-11T13:04:38.903+0200: 99.555: Total time for which application threads were stopped: 0.0000419 seconds, Stopping threads took: 0.0000173 seconds
2015-09-11T13:04:38.904+0200: 99.555: Total time for which application threads were stopped: 0.0000307 seconds, Stopping threads took: 0.0000109 seconds
2015-09-11T13:04:38.904+0200: 99.555: Total time for which application threads were stopped: 0.0000291 seconds, Stopping threads took: 0.0000106 seconds
2015-09-11T13:04:38.904+0200: 99.556: Total time for which application threads were stopped: 0.0000432 seconds, Stopping threads took: 0.0000163 seconds
2015-09-11T13:04:38.905+0200: 99.556: Total time for which application threads were stopped: 0.0000480 seconds, Stopping threads took: 0.0000160 seconds
2015-09-11T13:04:38.905+0200: 99.557: Total time for which application threads were stopped: 0.0000355 seconds, Stopping threads took: 0.0000083 seconds
2015-09-11T13:04:38.906+0200: 99.558: Total time for which application threads were stopped: 0.0001107 seconds, Stopping threads took: 0.0000682 seconds
2015-09-11T13:04:38.909+0200: 99.561: Total time for which application threads were stopped: 0.0000659 seconds, Stopping threads took: 0.0000163 seconds
2015-09-11T13:04:38.909+0200: 99.561: Total time for which application threads were stopped: 0.0001101 seconds, Stopping threads took: 0.0000166 seconds
2015-09-11T13:04:38.911+0200: 99.562: Total time for which application threads were stopped: 0.0000579 seconds, Stopping threads took: 0.0000182 seconds
2015-09-11T13:04:38.912+0200: 99.564: Total time for which application threads were stopped: 0.0000790 seconds, Stopping threads took: 0.0000211 seconds
2015-09-11T13:04:38.913+0200: 99.565: Total time for which application threads were stopped: 0.0000602 seconds, Stopping threads took: 0.0000102 seconds
2015-09-11T13:04:38.913+0200: 99.565: Total time for which application threads were stopped: 0.0000493 seconds, Stopping threads took: 0.0000083 seconds
2015-09-11T13:04:38.915+0200: 99.567: Total time for which application threads were stopped: 0.0000653 seconds, Stopping threads took: 0.0000144 seconds
2015-09-11T13:04:38.916+0200: 99.568: Total time for which application threads were stopped: 0.0000701 seconds, Stopping threads took: 0.0000144 seconds
2015-09-11T13:04:38.917+0200: 99.569: Total time for which application threads were stopped: 0.0003891 seconds, Stopping threads took: 0.0003290 seconds
2015-09-11T13:04:38.918+0200: 99.569: Total time for which application threads were stopped: 0.0000691 seconds, Stopping threads took: 0.0000160 seconds
2015-09-11T13:04:38.920+0200: 99.571: Total time for which application threads were stopped: 0.0000742 seconds, Stopping threads took: 0.0000154 seconds
2015-09-11T13:04:38.920+0200: 99.572: Total time for which application threads were stopped: 0.0000429 seconds, Stopping threads took: 0.0000090 seconds
2015-09-11T13:04:38.921+0200: 99.573: Total time for which application threads were stopped: 0.0001235 seconds, Stopping threads took: 0.0000742 seconds
2015-09-11T13:04:38.922+0200: 99.574: Total time for which application threads were stopped: 0.0000662 seconds, Stopping threads took: 0.0000128 seconds
2015-09-11T13:04:38.923+0200: 99.575: Total time for which application threads were stopped: 0.0000512 seconds, Stopping threads took: 0.0000166 seconds
2015-09-11T13:04:38.924+0200: 99.576: Total time for which application threads were stopped: 0.0000477 seconds, Stopping threads took: 0.0000125 seconds
2015-09-11T13:04:38.997+0200: 99.649: Total time for which application threads were stopped: 0.0000627 seconds, Stopping threads took: 0.0000195 seconds
2015-09-11T13:04:38.998+0200: 99.650: Total time for which application threads were stopped: 0.0001360 seconds, Stopping threads took: 0.0000115 seconds
2015-09-11T13:04:39.004+0200: 99.656: Total time for which application threads were stopped: 0.0001952 seconds, Stopping threads took: 0.0001462 seconds
2015-09-11T13:04:39.006+0200: 99.658: Total time for which application threads were stopped: 0.0001037 seconds, Stopping threads took: 0.0000515 seconds
2015-09-11T13:04:39.006+0200: 99.658: Total time for which application threads were stopped: 0.0000477 seconds, Stopping threads took: 0.0000093 seconds
2015-09-11T13:04:39.006+0200: 99.658: Total time for which application threads were stopped: 0.0000426 seconds, Stopping threads took: 0.0000086 seconds
2015-09-11T13:04:39.008+0200: 99.659: Total time for which application threads were stopped: 0.0000730 seconds, Stopping threads took: 0.0000330 seconds
2015-09-11T13:04:39.010+0200: 99.662: Total time for which application threads were stopped: 0.0002714 seconds, Stopping threads took: 0.0002077 seconds
2015-09-11T13:04:39.010+0200: 99.662: Total time for which application threads were stopped: 0.0000474 seconds, Stopping threads took: 0.0000131 seconds
2015-09-11T13:04:39.012+0200: 99.663: Total time for which application threads were stopped: 0.0001792 seconds, Stopping threads took: 0.0001187 seconds
2015-09-11T13:04:39.012+0200: 99.664: Total time for which application threads were stopped: 0.0000816 seconds, Stopping threads took: 0.0000179 seconds
2015-09-11T13:04:39.013+0200: 99.665: Total time for which application threads were stopped: 0.0000547 seconds, Stopping threads took: 0.0000115 seconds
2015-09-11T13:04:39.018+0200: 99.669: Total time for which application threads were stopped: 0.0017123 seconds, Stopping threads took: 0.0016349 seconds
2015-09-11T13:04:39.018+0200: 99.669: Total time for which application threads were stopped: 0.0000662 seconds, Stopping threads took: 0.0000182 seconds
2015-09-11T13:04:39.018+0200: 99.669: Total time for which application threads were stopped: 0.0000544 seconds, Stopping threads took: 0.0000278 seconds
2015-09-11T13:04:40.018+0200: 100.669: Total time for which application threads were stopped: 0.0000829 seconds, Stopping threads took: 0.0000256 seconds
2015-09-11T13:04:41.018+0200: 101.669: Total time for which application threads were stopped: 0.0000656 seconds, Stopping threads took: 0.0000272 seconds
2015-09-11T13:04:48.813+0200: 109.464: Total time for which application threads were stopped: 0.0003674 seconds, Stopping threads took: 0.0000342 seconds
2015-09-11T13:04:49.813+0200: 110.464: Total time for which application threads were stopped: 0.0000755 seconds, Stopping threads took: 0.0000256 seconds
2015-09-11T13:05:28.805+0200: 149.456: Total time for which application threads were stopped: 0.0000566 seconds, Stopping threads took: 0.0000160 seconds
2015-09-11T13:05:28.805+0200: 149.456: Total time for which application threads were stopped: 0.0000243 seconds, Stopping threads took: 0.0000058 seconds
2015-09-11T13:05:28.816+0200: 149.467: Total time for which application threads were stopped: 0.0000474 seconds, Stopping threads took: 0.0000115 seconds
2015-09-11T13:05:28.835+0200: 149.486: Total time for which application threads were stopped: 0.0000576 seconds, Stopping threads took: 0.0000138 seconds
2015-09-11T13:05:28.836+0200: 149.486: Total time for which application threads were stopped: 0.0000602 seconds, Stopping threads took: 0.0000077 seconds
2015-09-11T13:05:28.836+0200: 149.487: Total time for which application threads were stopped: 0.0000518 seconds, Stopping threads took: 0.0000310 seconds
2015-09-11T13:05:28.839+0200: 149.490: Total time for which application threads were stopped: 0.0000547 seconds, Stopping threads took: 0.0000150 seconds
2015-09-11T13:05:28.839+0200: 149.490: Total time for which application threads were stopped: 0.0000381 seconds, Stopping threads took: 0.0000106 seconds
2015-09-11T13:05:28.840+0200: 149.491: Total time for which application threads were stopped: 0.0000445 seconds, Stopping threads took: 0.0000109 seconds
2015-09-11T13:05:28.840+0200: 149.491: Total time for which application threads were stopped: 0.0000234 seconds, Stopping threads took: 0.0000054 seconds
2015-09-11T13:05:28.841+0200: 149.491: Total time for which application threads were stopped: 0.0000630 seconds, Stopping threads took: 0.0000182 seconds
2015-09-11T13:05:28.843+0200: 149.494: Total time for which application threads were stopped: 0.0000579 seconds, Stopping threads took: 0.0000176 seconds
2015-09-11T13:05:28.843+0200: 149.494: Total time for which application threads were stopped: 0.0000272 seconds, Stopping threads took: 0.0000077 seconds
2015-09-11T13:05:28.924+0200: 149.575: Total time for which application threads were stopped: 0.0000557 seconds, Stopping threads took: 0.0000131 seconds
2015-09-11T13:05:28.924+0200: 149.575: Total time for which application threads were stopped: 0.0000211 seconds, Stopping threads took: 0.0000042 seconds
2015-09-11T13:05:28.925+0200: 149.576: Total time for which application threads were stopped: 0.0000394 seconds, Stopping threads took: 0.0000067 seconds
{Heap before GC invocations=105 (full 4):
 par new generation   total 109248K, used 96926K [0x00000000e0000000, 0x00000000e8000000, 0x00000000e8000000)
  eden space 87424K, 100% used [0x00000000e0000000, 0x00000000e5560000, 0x00000000e5560000)
  from space 21824K,  43% used [0x00000000e6ab0000, 0x00000000e73f7bf0, 0x00000000e8000000)
  to   space 21824K,   0% used [0x00000000e5560000, 0x00000000e5560000, 0x00000000e6ab0000)
 concurrent mark-sweep generation total 393216K, used 147594K [0x00000000e8000000, 0x0000000100000000, 0x0000000100000000)
 Metaspace       used 30544K, capacity 30885K, committed 31152K, reserved 1077248K
  class space    used 3592K, capacity 3745K, committed 3760K, reserved 1048576K
2015-09-11T13:05:28.989+0200: 149.640: [GC (Allocation Failure) 149.640: [ParNew
Desired survivor size 20112992 bytes, new threshold 8 (max 8)
- age   1:    3099112 bytes,    3099112 total
- age   2:     887344 bytes,    3986456 total
- age   3:    1069320 bytes,    5055776 total
- age   4:     215784 bytes,    5271560 total
: 96926K->8251K(109248K), 0.0041980 secs] 244521K->155845K(502464K), 0.0042550 secs] [Times: user=0.06 sys=0.00, real=0.00 secs] 
Heap after GC invocations=106 (full 4):
 par new generation   total 109248K, used 8251K [0x00000000e0000000, 0x00000000e8000000, 0x00000000e8000000)
  eden space 87424K,   0% used [0x00000000e0000000, 0x00000000e0000000, 0x00000000e5560000)
  from space 21824K,  37% used [0x00000000e5560000, 0x00000000e5d6ec50, 0x00000000e6ab0000)
  to   space 21824K,   0% used [0x00000000e6ab0000, 0x00000000e6ab0000, 0x00000000e8000000)
 concurrent mark-sweep generation total 393216K, used 147594K [0x00000000e8000000, 0x0000000100000000, 0x0000000100000000)
 Metaspace       used 30544K, capacity 30885K, committed 31152K, reserved 1077248K
  class space    used 3592K, capacity 3745K, committed 3760K, reserved 1048576K
}
2015-09-11T13:05:28.994+0200: 149.645: Total time for which application threads were stopped: 0.0044710 seconds, Stopping threads took: 0.0000192 seconds
2015-09-11T13:05:28.999+0200: 149.650: Total time for which application threads were stopped: 0.0046067 seconds, Stopping threads took: 0.0045372 seconds
2015-09-11T13:05:28.999+0200: 149.650: Total time for which application threads were stopped: 0.0000890 seconds, Stopping threads took: 0.0000323 seconds
2015-09-11T13:05:29.001+0200: 149.652: Total time for which application threads were stopped: 0.0000896 seconds, Stopping threads took: 0.0000256 seconds
{Heap before GC invocations=106 (full 4):
 par new generation   total 109248K, used 95675K [0x00000000e0000000, 0x00000000e8000000, 0x00000000e8000000)
  eden space 87424K, 100% used [0x00000000e0000000, 0x00000000e5560000, 0x00000000e5560000)
  from space 21824K,  37% used [0x00000000e5560000, 0x00000000e5d6ec50, 0x00000000e6ab0000)
  to   space 21824K,   0% used [0x00000000e6ab0000, 0x00000000e6ab0000, 0x00000000e8000000)
 concurrent mark-sweep generation total 393216K, used 147594K [0x00000000e8000000, 0x0000000100000000, 0x0000000100000000)
 Metaspace       used 30585K, capacity 30955K, committed 31408K, reserved 1077248K
  class space    used 3594K, capacity 3746K, committed 3760K, reserved 1048576K
2015-09-11T13:05:29.041+0200: 149.692: [GC (Allocation Failure) 149.692: [ParNew
Desired survivor size 20112992 bytes, new threshold 8 (max 8)
- age   1:     601088 bytes,     601088 total
- age   2:    2122520 bytes,    2723608 total
- age   3:     887344 bytes,    3610952 total
- age   4:    1069320 bytes,    4680272 total
- age   5:     215784 bytes,    4896056 total
: 95675K->5989K(109248K), 0.0030556 secs] 243269K->153584K(502464K), 0.0031132 secs] [Times: user=0.00 sys=0.00, real=0.00 secs] 
Heap after GC invocations=107 (full 4):
 par new generation   total 109248K, used 5989K [0x00000000e0000000, 0x00000000e8000000, 0x00000000e8000000)
  eden space 87424K,   0% used [0x00000000e0000000, 0x00000000e0000000, 0x00000000e5560000)
  from space 21824K,  27% used [0x00000000e6ab0000, 0x00000000e7089768, 0x00000000e8000000)
  to   space 21824K,   0% used [0x00000000e5560000, 0x00000000e5560000, 0x00000000e6ab0000)
 concurrent mark-sweep generation total 393216K, used 147594K [0x00000000e8000000, 0x0000000100000000, 0x0000000100000000)
 Metaspace       used 30585K, capacity 30955K, committed 31408K, reserved 1077248K
  class space    used 3594K, capacity 3746K, committed 3760K, reserved 1048576K
}
2015-09-11T13:05:29.044+0200: 149.695: Total time for which application threads were stopped: 0.0032633 seconds, Stopping threads took: 0.0000157 seconds
2015-09-11T13:05:29.044+0200: 149.695: Total time for which application threads were stopped: 0.0000723 seconds, Stopping threads took: 0.0000157 seconds
2015-09-11T13:05:29.081+0200: 149.732: Total time for which application threads were stopped: 0.0000870 seconds, Stopping threads took: 0.0000275 seconds
2015-09-11T13:05:29.081+0200: 149.732: Total time for which application threads were stopped: 0.0000691 seconds, Stopping threads took: 0.0000138 seconds
2015-09-11T13:05:29.132+0200: 149.783: Total time for which application threads were stopped: 0.0000957 seconds, Stopping threads took: 0.0000138 seconds
2015-09-11T13:05:29.147+0200: 149.797: Total time for which application threads were stopped: 0.0000730 seconds, Stopping threads took: 0.0000147 seconds
2015-09-11T13:05:29.156+0200: 149.807: Total time for which application threads were stopped: 0.0001325 seconds, Stopping threads took: 0.0000646 seconds
2015-09-11T13:05:29.156+0200: 149.807: Total time for which application threads were stopped: 0.0000634 seconds, Stopping threads took: 0.0000195 seconds
2015-09-11T13:05:29.156+0200: 149.807: Total time for which application threads were stopped: 0.0000502 seconds, Stopping threads took: 0.0000179 seconds
2015-09-11T13:05:29.161+0200: 149.812: Total time for which application threads were stopped: 0.0000627 seconds, Stopping threads took: 0.0000170 seconds
2015-09-11T13:05:29.162+0200: 149.813: Total time for which application threads were stopped: 0.0000499 seconds, Stopping threads took: 0.0000170 seconds
2015-09-11T13:05:29.162+0200: 149.813: Total time for which application threads were stopped: 0.0000381 seconds, Stopping threads took: 0.0000112 seconds
2015-09-11T13:05:29.164+0200: 149.815: Total time for which application threads were stopped: 0.0000637 seconds, Stopping threads took: 0.0000198 seconds
2015-09-11T13:05:29.164+0200: 149.815: Total time for which application threads were stopped: 0.0001021 seconds, Stopping threads took: 0.0000093 seconds
2015-09-11T13:05:30.164+0200: 150.815: Total time for which application threads were stopped: 0.0000752 seconds, Stopping threads took: 0.0000320 seconds
2015-09-11T13:05:30.801+0200: 151.452: Total time for which application threads were stopped: 0.0000576 seconds, Stopping threads took: 0.0000138 seconds
2015-09-11T13:05:30.804+0200: 151.455: Total time for which application threads were stopped: 0.0000541 seconds, Stopping threads took: 0.0000128 seconds
2015-09-11T13:05:30.811+0200: 151.462: Total time for which application threads were stopped: 0.0000749 seconds, Stopping threads took: 0.0000317 seconds
2015-09-11T13:05:38.817+0200: 159.467: Total time for which application threads were stopped: 0.0000509 seconds, Stopping threads took: 0.0000125 seconds
2015-09-11T13:05:38.817+0200: 159.468: Total time for which application threads were stopped: 0.0001088 seconds, Stopping threads took: 0.0000739 seconds
2015-09-11T13:05:47.880+0200: 168.530: Total time for which application threads were stopped: 0.0000595 seconds, Stopping threads took: 0.0000141 seconds
2015-09-11T13:05:47.880+0200: 168.530: Total time for which application threads were stopped: 0.0000259 seconds, Stopping threads took: 0.0000061 seconds
2015-09-11T13:05:47.880+0200: 168.531: Total time for which application threads were stopped: 0.0000237 seconds, Stopping threads took: 0.0000054 seconds
2015-09-11T13:05:47.890+0200: 168.541: Total time for which application threads were stopped: 0.0000509 seconds, Stopping threads took: 0.0000122 seconds
2015-09-11T13:05:47.910+0200: 168.561: Total time for which application threads were stopped: 0.0000717 seconds, Stopping threads took: 0.0000147 seconds
2015-09-11T13:05:47.910+0200: 168.561: Total time for which application threads were stopped: 0.0000378 seconds, Stopping threads took: 0.0000160 seconds
2015-09-11T13:05:47.910+0200: 168.561: Total time for which application threads were stopped: 0.0000275 seconds, Stopping threads took: 0.0000064 seconds
2015-09-11T13:05:47.910+0200: 168.561: Total time for which application threads were stopped: 0.0000486 seconds, Stopping threads took: 0.0000090 seconds
2015-09-11T13:05:47.913+0200: 168.564: Total time for which application threads were stopped: 0.0000576 seconds, Stopping threads took: 0.0000214 seconds
2015-09-11T13:05:47.913+0200: 168.564: Total time for which application threads were stopped: 0.0000349 seconds, Stopping threads took: 0.0000074 seconds
2015-09-11T13:05:47.914+0200: 168.565: Total time for which application threads were stopped: 0.0000394 seconds, Stopping threads took: 0.0000093 seconds
2015-09-11T13:05:47.914+0200: 168.565: Total time for which application threads were stopped: 0.0000243 seconds, Stopping threads took: 0.0000054 seconds
2015-09-11T13:05:47.915+0200: 168.566: Total time for which application threads were stopped: 0.0000298 seconds, Stopping threads took: 0.0000064 seconds
2015-09-11T13:05:47.917+0200: 168.568: Total time for which application threads were stopped: 0.0000627 seconds, Stopping threads took: 0.0000138 seconds
2015-09-11T13:05:47.917+0200: 168.568: Total time for which application threads were stopped: 0.0000442 seconds, Stopping threads took: 0.0000090 seconds
2015-09-11T13:05:47.918+0200: 168.569: Total time for which application threads were stopped: 0.0000499 seconds, Stopping threads took: 0.0000115 seconds
2015-09-11T13:05:47.918+0200: 168.569: Total time for which application threads were stopped: 0.0000307 seconds, Stopping threads took: 0.0000067 seconds
2015-09-11T13:05:57.691+0200: 178.342: Total time for which application threads were stopped: 0.0000534 seconds, Stopping threads took: 0.0000141 seconds
2015-09-11T13:05:57.692+0200: 178.342: Total time for which application threads were stopped: 0.0000218 seconds, Stopping threads took: 0.0000045 seconds
2015-09-11T13:05:57.702+0200: 178.353: Total time for which application threads were stopped: 0.0000621 seconds, Stopping threads took: 0.0000218 seconds
2015-09-11T13:05:57.721+0200: 178.371: Total time for which application threads were stopped: 0.0000762 seconds, Stopping threads took: 0.0000266 seconds
2015-09-11T13:05:57.721+0200: 178.372: Total time for which application threads were stopped: 0.0000483 seconds, Stopping threads took: 0.0000218 seconds
2015-09-11T13:05:57.722+0200: 178.372: Total time for which application threads were stopped: 0.0000550 seconds, Stopping threads took: 0.0000301 seconds
2015-09-11T13:05:57.724+0200: 178.374: Total time for which application threads were stopped: 0.0000624 seconds, Stopping threads took: 0.0000128 seconds
2015-09-11T13:05:57.724+0200: 178.375: Total time for which application threads were stopped: 0.0000272 seconds, Stopping threads took: 0.0000054 seconds
2015-09-11T13:05:57.726+0200: 178.376: Total time for which application threads were stopped: 0.0000378 seconds, Stopping threads took: 0.0000093 seconds
2015-09-11T13:05:57.726+0200: 178.376: Total time for which application threads were stopped: 0.0000205 seconds, Stopping threads took: 0.0000042 seconds
2015-09-11T13:05:57.726+0200: 178.376: Total time for which application threads were stopped: 0.0000525 seconds, Stopping threads took: 0.0000234 seconds
2015-09-11T13:05:57.727+0200: 178.377: Total time for which application threads were stopped: 0.0000438 seconds, Stopping threads took: 0.0000099 seconds
2015-09-11T13:05:57.727+0200: 178.377: Total time for which application threads were stopped: 0.0000320 seconds, Stopping threads took: 0.0000096 seconds
2015-09-11T13:05:57.763+0200: 178.413: Total time for which application threads were stopped: 0.0000547 seconds, Stopping threads took: 0.0000131 seconds
2015-09-11T13:05:57.763+0200: 178.413: Total time for which application threads were stopped: 0.0000246 seconds, Stopping threads took: 0.0000061 seconds
2015-09-11T13:05:57.763+0200: 178.413: Total time for which application threads were stopped: 0.0000390 seconds, Stopping threads took: 0.0000070 seconds
{Heap before GC invocations=107 (full 4):
 par new generation   total 109248K, used 93413K [0x00000000e0000000, 0x00000000e8000000, 0x00000000e8000000)
  eden space 87424K, 100% used [0x00000000e0000000, 0x00000000e5560000, 0x00000000e5560000)
  from space 21824K,  27% used [0x00000000e6ab0000, 0x00000000e7089768, 0x00000000e8000000)
  to   space 21824K,   0% used [0x00000000e5560000, 0x00000000e5560000, 0x00000000e6ab0000)
 concurrent mark-sweep generation total 393216K, used 147594K [0x00000000e8000000, 0x0000000100000000, 0x0000000100000000)
 Metaspace       used 30669K, capacity 31025K, committed 31408K, reserved 1077248K
  class space    used 3596K, capacity 3747K, committed 3760K, reserved 1048576K
2015-09-11T13:05:57.776+0200: 178.426: [GC (Allocation Failure) 178.426: [ParNew
Desired survivor size 20112992 bytes, new threshold 8 (max 8)
- age   1:    2899536 bytes,    2899536 total
- age   2:      73264 bytes,    2972800 total
- age   3:    1242064 bytes,    4214864 total
- age   4:     887344 bytes,    5102208 total
- age   5:    1069320 bytes,    6171528 total
- age   6:     215784 bytes,    6387312 total
: 93413K->8503K(109248K), 0.0056246 secs] 241008K->156097K(502464K), 0.0056822 secs] [Times: user=0.00 sys=0.00, real=0.00 secs] 
Heap after GC invocations=108 (full 4):
 par new generation   total 109248K, used 8503K [0x00000000e0000000, 0x00000000e8000000, 0x00000000e8000000)
  eden space 87424K,   0% used [0x00000000e0000000, 0x00000000e0000000, 0x00000000e5560000)
  from space 21824K,  38% used [0x00000000e5560000, 0x00000000e5dadc40, 0x00000000e6ab0000)
  to   space 21824K,   0% used [0x00000000e6ab0000, 0x00000000e6ab0000, 0x00000000e8000000)
 concurrent mark-sweep generation total 393216K, used 147594K [0x00000000e8000000, 0x0000000100000000, 0x0000000100000000)
 Metaspace       used 30669K, capacity 31025K, committed 31408K, reserved 1077248K
  class space    used 3596K, capacity 3747K, committed 3760K, reserved 1048576K
}
2015-09-11T13:05:57.781+0200: 178.432: Total time for which application threads were stopped: 0.0058594 seconds, Stopping threads took: 0.0000176 seconds
2015-09-11T13:05:57.784+0200: 178.435: Total time for which application threads were stopped: 0.0000810 seconds, Stopping threads took: 0.0000230 seconds
2015-09-11T13:05:57.785+0200: 178.435: Total time for which application threads were stopped: 0.0000333 seconds, Stopping threads took: 0.0000099 seconds
2015-09-11T13:05:57.837+0200: 178.487: Total time for which application threads were stopped: 0.0000918 seconds, Stopping threads took: 0.0000176 seconds
2015-09-11T13:05:57.842+0200: 178.492: Total time for which application threads were stopped: 0.0000867 seconds, Stopping threads took: 0.0000150 seconds
2015-09-11T13:05:57.848+0200: 178.498: Total time for which application threads were stopped: 0.0000781 seconds, Stopping threads took: 0.0000154 seconds
2015-09-11T13:05:57.848+0200: 178.498: Total time for which application threads were stopped: 0.0000589 seconds, Stopping threads took: 0.0000144 seconds
2015-09-11T13:05:57.848+0200: 178.498: Total time for which application threads were stopped: 0.0000454 seconds, Stopping threads took: 0.0000106 seconds
2015-09-11T13:05:57.853+0200: 178.503: Total time for which application threads were stopped: 0.0000627 seconds, Stopping threads took: 0.0000154 seconds
2015-09-11T13:05:57.853+0200: 178.503: Total time for which application threads were stopped: 0.0000355 seconds, Stopping threads took: 0.0000077 seconds
2015-09-11T13:05:57.855+0200: 178.505: Total time for which application threads were stopped: 0.0000592 seconds, Stopping threads took: 0.0000115 seconds
2015-09-11T13:06:43.815+0200: 224.466: Total time for which application threads were stopped: 0.0000582 seconds, Stopping threads took: 0.0000138 seconds
2015-09-11T13:06:43.816+0200: 224.466: Total time for which application threads were stopped: 0.0000918 seconds, Stopping threads took: 0.0000058 seconds
2015-09-11T13:06:43.816+0200: 224.466: Total time for which application threads were stopped: 0.0000419 seconds, Stopping threads took: 0.0000077 seconds
2015-09-11T13:06:43.816+0200: 224.467: Total time for which application threads were stopped: 0.0000387 seconds, Stopping threads took: 0.0000074 seconds
2015-09-11T13:06:43.817+0200: 224.467: Total time for which application threads were stopped: 0.0000458 seconds, Stopping threads took: 0.0000173 seconds
2015-09-11T13:06:44.143+0200: 224.794: Total time for which application threads were stopped: 0.0000957 seconds, Stopping threads took: 0.0000202 seconds
2015-09-11T13:06:44.144+0200: 224.794: Total time for which application threads were stopped: 0.0000317 seconds, Stopping threads took: 0.0000090 seconds
2015-09-11T13:06:44.145+0200: 224.795: Total time for which application threads were stopped: 0.0000672 seconds, Stopping threads took: 0.0000154 seconds
2015-09-11T13:06:44.145+0200: 224.795: Total time for which application threads were stopped: 0.0000358 seconds, Stopping threads took: 0.0000090 seconds
2015-09-11T13:06:44.145+0200: 224.795: Total time for which application threads were stopped: 0.0000352 seconds, Stopping threads took: 0.0000070 seconds
2015-09-11T13:06:44.146+0200: 224.796: Total time for which application threads were stopped: 0.0000390 seconds, Stopping threads took: 0.0000074 seconds
2015-09-11T13:06:44.146+0200: 224.796: Total time for which application threads were stopped: 0.0000512 seconds, Stopping threads took: 0.0000134 seconds
2015-09-11T13:06:45.146+0200: 225.796: Total time for which application threads were stopped: 0.0000781 seconds, Stopping threads took: 0.0000262 seconds
2015-09-11T13:06:50.147+0200: 230.796: Total time for which application threads were stopped: 0.0000730 seconds, Stopping threads took: 0.0000272 seconds
2015-09-11T13:07:22.344+0200: 262.993: Total time for which application threads were stopped: 0.0000557 seconds, Stopping threads took: 0.0000125 seconds
2015-09-11T13:07:22.344+0200: 262.993: Total time for which application threads were stopped: 0.0000253 seconds, Stopping threads took: 0.0000058 seconds
2015-09-11T13:07:22.345+0200: 262.994: Total time for which application threads were stopped: 0.0001507 seconds, Stopping threads took: 0.0000112 seconds
2015-09-11T13:07:22.645+0200: 263.294: Total time for which application threads were stopped: 0.0000739 seconds, Stopping threads took: 0.0000141 seconds
2015-09-11T13:07:22.650+0200: 263.298: Total time for which application threads were stopped: 0.0000512 seconds, Stopping threads took: 0.0000112 seconds
2015-09-11T13:07:22.650+0200: 263.299: Total time for which application threads were stopped: 0.0000234 seconds, Stopping threads took: 0.0000048 seconds
2015-09-11T13:07:22.650+0200: 263.299: Total time for which application threads were stopped: 0.0000230 seconds, Stopping threads took: 0.0000045 seconds
2015-09-11T13:07:22.650+0200: 263.299: Total time for which application threads were stopped: 0.0000211 seconds, Stopping threads took: 0.0000038 seconds
2015-09-11T13:07:22.650+0200: 263.299: Total time for which application threads were stopped: 0.0000214 seconds, Stopping threads took: 0.0000045 seconds
2015-09-11T13:07:22.651+0200: 263.300: Total time for which application threads were stopped: 0.0000317 seconds, Stopping threads took: 0.0000061 seconds
2015-09-11T13:07:22.661+0200: 263.310: Total time for which application threads were stopped: 0.0000685 seconds, Stopping threads took: 0.0000227 seconds
2015-09-11T13:07:34.384+0200: 275.034: Total time for which application threads were stopped: 0.0005331 seconds, Stopping threads took: 0.0000141 seconds
2015-09-11T13:07:34.384+0200: 275.034: Total time for which application threads were stopped: 0.0000502 seconds, Stopping threads took: 0.0000070 seconds
2015-09-11T13:07:34.385+0200: 275.035: Total time for which application threads were stopped: 0.0003542 seconds, Stopping threads took: 0.0000067 seconds
2015-09-11T13:07:34.386+0200: 275.036: Total time for which application threads were stopped: 0.0000634 seconds, Stopping threads took: 0.0000083 seconds
{Heap before GC invocations=108 (full 4):
 par new generation   total 109248K, used 95927K [0x00000000e0000000, 0x00000000e8000000, 0x00000000e8000000)
  eden space 87424K, 100% used [0x00000000e0000000, 0x00000000e5560000, 0x00000000e5560000)
  from space 21824K,  38% used [0x00000000e5560000, 0x00000000e5dadc40, 0x00000000e6ab0000)
  to   space 21824K,   0% used [0x00000000e6ab0000, 0x00000000e6ab0000, 0x00000000e8000000)
 concurrent mark-sweep generation total 393216K, used 147594K [0x00000000e8000000, 0x0000000100000000, 0x0000000100000000)
 Metaspace       used 30886K, capacity 31235K, committed 31664K, reserved 1077248K
  class space    used 3610K, capacity 3750K, committed 3760K, reserved 1048576K
2015-09-11T13:07:34.393+0200: 275.042: [GC (Allocation Failure) 275.042: [ParNew
Desired survivor size 20112992 bytes, new threshold 8 (max 8)
- age   1:    2547096 bytes,    2547096 total
- age   2:    2694848 bytes,    5241944 total
- age   3:      73264 bytes,    5315208 total
- age   4:    1241688 bytes,    6556896 total
- age   5:     887344 bytes,    7444240 total
- age   6:    1069320 bytes,    8513560 total
- age   7:     215784 bytes,    8729344 total
: 95927K->11056K(109248K), 0.0069004 secs] 243521K->158651K(502464K), 0.0069529 secs] [Times: user=0.00 sys=0.00, real=0.01 secs] 
Heap after GC invocations=109 (full 4):
 par new generation   total 109248K, used 11056K [0x00000000e0000000, 0x00000000e8000000, 0x00000000e8000000)
  eden space 87424K,   0% used [0x00000000e0000000, 0x00000000e0000000, 0x00000000e5560000)
  from space 21824K,  50% used [0x00000000e6ab0000, 0x00000000e757c198, 0x00000000e8000000)
  to   space 21824K,   0% used [0x00000000e5560000, 0x00000000e5560000, 0x00000000e6ab0000)
 concurrent mark-sweep generation total 393216K, used 147594K [0x00000000e8000000, 0x0000000100000000, 0x0000000100000000)
 Metaspace       used 30886K, capacity 31235K, committed 31664K, reserved 1077248K
  class space    used 3610K, capacity 3750K, committed 3760K, reserved 1048576K
}
2015-09-11T13:07:34.400+0200: 275.049: Total time for which application threads were stopped: 0.0071702 seconds, Stopping threads took: 0.0000906 seconds
2015-09-11T13:07:34.400+0200: 275.049: Total time for which application threads were stopped: 0.0000563 seconds, Stopping threads took: 0.0000102 seconds
2015-09-11T13:07:34.400+0200: 275.049: Total time for which application threads were stopped: 0.0000282 seconds, Stopping threads took: 0.0000054 seconds
2015-09-11T13:07:34.400+0200: 275.050: Total time for which application threads were stopped: 0.0000352 seconds, Stopping threads took: 0.0000077 seconds
2015-09-11T13:07:34.400+0200: 275.050: Total time for which application threads were stopped: 0.0000330 seconds, Stopping threads took: 0.0000074 seconds
2015-09-11T13:07:34.401+0200: 275.051: Total time for which application threads were stopped: 0.0000362 seconds, Stopping threads took: 0.0000093 seconds
2015-09-11T13:07:34.402+0200: 275.051: Total time for which application threads were stopped: 0.0000336 seconds, Stopping threads took: 0.0000115 seconds
2015-09-11T13:07:34.402+0200: 275.051: Total time for which application threads were stopped: 0.0000259 seconds, Stopping threads took: 0.0000099 seconds
2015-09-11T13:07:34.402+0200: 275.051: Total time for which application threads were stopped: 0.0000298 seconds, Stopping threads took: 0.0000090 seconds
2015-09-11T13:07:34.402+0200: 275.051: Total time for which application threads were stopped: 0.0000368 seconds, Stopping threads took: 0.0000118 seconds
2015-09-11T13:07:34.402+0200: 275.051: Total time for which application threads were stopped: 0.0000323 seconds, Stopping threads took: 0.0000106 seconds
2015-09-11T13:07:34.402+0200: 275.051: Total time for which application threads were stopped: 0.0000355 seconds, Stopping threads took: 0.0000122 seconds
2015-09-11T13:07:34.402+0200: 275.051: Total time for which application threads were stopped: 0.0000198 seconds, Stopping threads took: 0.0000054 seconds
2015-09-11T13:07:34.402+0200: 275.051: Total time for which application threads were stopped: 0.0000278 seconds, Stopping threads took: 0.0000106 seconds
2015-09-11T13:07:34.402+0200: 275.051: Total time for which application threads were stopped: 0.0000278 seconds, Stopping threads took: 0.0000099 seconds
2015-09-11T13:07:34.402+0200: 275.052: Total time for which application threads were stopped: 0.0000355 seconds, Stopping threads took: 0.0000122 seconds
2015-09-11T13:07:34.402+0200: 275.052: Total time for which application threads were stopped: 0.0000256 seconds, Stopping threads took: 0.0000070 seconds
2015-09-11T13:07:34.402+0200: 275.052: Total time for which application threads were stopped: 0.0000246 seconds, Stopping threads took: 0.0000070 seconds
2015-09-11T13:07:34.402+0200: 275.052: Total time for which application threads were stopped: 0.0000867 seconds, Stopping threads took: 0.0000064 seconds
2015-09-11T13:07:34.403+0200: 275.053: Total time for which application threads were stopped: 0.0000400 seconds, Stopping threads took: 0.0000118 seconds
2015-09-11T13:07:34.404+0200: 275.053: Total time for which application threads were stopped: 0.0000397 seconds, Stopping threads took: 0.0000144 seconds
2015-09-11T13:07:34.404+0200: 275.053: Total time for which application threads were stopped: 0.0000310 seconds, Stopping threads took: 0.0000080 seconds
2015-09-11T13:07:34.404+0200: 275.053: Total time for which application threads were stopped: 0.0000298 seconds, Stopping threads took: 0.0000070 seconds
2015-09-11T13:07:34.404+0200: 275.053: Total time for which application threads were stopped: 0.0000256 seconds, Stopping threads took: 0.0000061 seconds
2015-09-11T13:07:34.404+0200: 275.053: Total time for which application threads were stopped: 0.0000240 seconds, Stopping threads took: 0.0000054 seconds
2015-09-11T13:07:34.404+0200: 275.053: Total time for which application threads were stopped: 0.0000240 seconds, Stopping threads took: 0.0000058 seconds
2015-09-11T13:07:34.404+0200: 275.053: Total time for which application threads were stopped: 0.0000237 seconds, Stopping threads took: 0.0000058 seconds
2015-09-11T13:07:34.404+0200: 275.054: Total time for which application threads were stopped: 0.0000314 seconds, Stopping threads took: 0.0000070 seconds
2015-09-11T13:07:34.404+0200: 275.054: Total time for which application threads were stopped: 0.0000301 seconds, Stopping threads took: 0.0000102 seconds
2015-09-11T13:07:34.405+0200: 275.054: Total time for which application threads were stopped: 0.0000339 seconds, Stopping threads took: 0.0000106 seconds
2015-09-11T13:07:34.405+0200: 275.054: Total time for which application threads were stopped: 0.0000397 seconds, Stopping threads took: 0.0000198 seconds
2015-09-11T13:07:34.405+0200: 275.054: Total time for which application threads were stopped: 0.0000362 seconds, Stopping threads took: 0.0000064 seconds
2015-09-11T13:07:34.405+0200: 275.054: Total time for which application threads were stopped: 0.0000400 seconds, Stopping threads took: 0.0000144 seconds
2015-09-11T13:07:34.405+0200: 275.054: Total time for which application threads were stopped: 0.0000358 seconds, Stopping threads took: 0.0000106 seconds
2015-09-11T13:07:34.405+0200: 275.054: Total time for which application threads were stopped: 0.0000253 seconds, Stopping threads took: 0.0000086 seconds
2015-09-11T13:07:34.405+0200: 275.054: Total time for which application threads were stopped: 0.0000355 seconds, Stopping threads took: 0.0000115 seconds
2015-09-11T13:07:34.405+0200: 275.055: Total time for which application threads were stopped: 0.0000266 seconds, Stopping threads took: 0.0000099 seconds
2015-09-11T13:07:34.405+0200: 275.055: Total time for which application threads were stopped: 0.0000288 seconds, Stopping threads took: 0.0000102 seconds
2015-09-11T13:07:34.405+0200: 275.055: Total time for which application threads were stopped: 0.0000262 seconds, Stopping threads took: 0.0000096 seconds
2015-09-11T13:07:34.405+0200: 275.055: Total time for which application threads were stopped: 0.0000269 seconds, Stopping threads took: 0.0000099 seconds
2015-09-11T13:07:34.405+0200: 275.055: Total time for which application threads were stopped: 0.0000298 seconds, Stopping threads took: 0.0000128 seconds
2015-09-11T13:07:34.405+0200: 275.055: Total time for which application threads were stopped: 0.0000266 seconds, Stopping threads took: 0.0000096 seconds
2015-09-11T13:07:34.405+0200: 275.055: Total time for which application threads were stopped: 0.0000262 seconds, Stopping threads took: 0.0000096 seconds
2015-09-11T13:07:34.405+0200: 275.055: Total time for which application threads were stopped: 0.0000730 seconds, Stopping threads took: 0.0000096 seconds
2015-09-11T13:07:34.406+0200: 275.055: Total time for which application threads were stopped: 0.0000381 seconds, Stopping threads took: 0.0000147 seconds
2015-09-11T13:07:34.406+0200: 275.055: Total time for which application threads were stopped: 0.0000262 seconds, Stopping threads took: 0.0000093 seconds
2015-09-11T13:07:34.406+0200: 275.055: Total time for which application threads were stopped: 0.0000253 seconds, Stopping threads took: 0.0000086 seconds
2015-09-11T13:07:34.406+0200: 275.055: Total time for which application threads were stopped: 0.0000246 seconds, Stopping threads took: 0.0000086 seconds
2015-09-11T13:07:34.406+0200: 275.055: Total time for which application threads were stopped: 0.0000250 seconds, Stopping threads took: 0.0000093 seconds
2015-09-11T13:07:34.406+0200: 275.056: Total time for which application threads were stopped: 0.0000291 seconds, Stopping threads took: 0.0000061 seconds
2015-09-11T13:07:34.407+0200: 275.056: Total time for which application threads were stopped: 0.0000230 seconds, Stopping threads took: 0.0000042 seconds
2015-09-11T13:07:34.409+0200: 275.058: Total time for which application threads were stopped: 0.0000576 seconds, Stopping threads took: 0.0000285 seconds
Heap
 par new generation   total 109248K, used 13114K [0x00000000e0000000, 0x00000000e8000000, 0x00000000e8000000)
  eden space 87424K,   2% used [0x00000000e0000000, 0x00000000e0202898, 0x00000000e5560000)
  from space 21824K,  50% used [0x00000000e6ab0000, 0x00000000e757c198, 0x00000000e8000000)
  to   space 21824K,   0% used [0x00000000e5560000, 0x00000000e5560000, 0x00000000e6ab0000)
 concurrent mark-sweep generation total 393216K, used 147594K [0x00000000e8000000, 0x0000000100000000, 0x0000000100000000)
 Metaspace       used 30905K, capacity 31235K, committed 31664K, reserved 1077248K
  class space    used 3612K, capacity 3750K, committed 3760K, reserved 1048576K
