Java HotSpot(TM) 64-Bit Server VM (25.45-b02) for windows-amd64 JRE (1.8.0_45-b15), built on Apr 30 2015 12:40:44 by "java_re" with MS VC++ 10.0 (VS2010)
Memory: 4k page, physical 8247616k(5039332k free), swap 16493392k(12596812k free)
CommandLine flags: -XX:CMSInitiatingOccupancyFraction=50 -XX:CMSMaxAbortablePrecleanTime=6000 -XX:+CMSParallelRemarkEnabled -XX:+CMSScavengeBeforeRemark -XX:ConcGCThreads=4 -XX:InitialHeapSize=536870912 -XX:MaxHeapSize=536870912 -XX:MaxTenuringThreshold=8 -XX:NewRatio=3 -XX:OldPLABSize=16 -XX:ParallelGCThreads=4 -XX:+ParallelRefProcEnabled -XX:PretenureSizeThreshold=67108864 -XX:+PrintGC -XX:+PrintGCApplicationStoppedTime -XX:+PrintGCDateStamps -XX:+PrintGCDetails -XX:+PrintGCTimeStamps -XX:+PrintHeapAtGC -XX:+PrintTenuringDistribution -XX:SurvivorRatio=4 -XX:TargetSurvivorRatio=90 -XX:ThreadStackSize=256 -XX:+UseCMSInitiatingOccupancyOnly -XX:+UseCompressedClassPointers -XX:+UseCompressedOops -XX:+UseConcMarkSweepGC -XX:-UseLargePagesIndividualAllocation -XX:+UseParNewGC 
2015-09-09T15:20:04.833+0200: 0.091: Total time for which application threads were stopped: 0.0000640 seconds, Stopping threads took: 0.0000115 seconds
2015-09-09T15:20:04.963+0200: 0.221: Total time for which application threads were stopped: 0.0001110 seconds, Stopping threads took: 0.0000147 seconds
2015-09-09T15:20:04.971+0200: 0.229: Total time for which application threads were stopped: 0.0000803 seconds, Stopping threads took: 0.0000147 seconds
2015-09-09T15:20:05.075+0200: 0.333: Total time for which application threads were stopped: 0.0001094 seconds, Stopping threads took: 0.0000096 seconds
2015-09-09T15:20:05.108+0200: 0.366: Total time for which application threads were stopped: 0.0001171 seconds, Stopping threads took: 0.0000122 seconds
2015-09-09T15:20:05.125+0200: 0.383: Total time for which application threads were stopped: 0.0001286 seconds, Stopping threads took: 0.0000179 seconds
2015-09-09T15:20:05.134+0200: 0.392: Total time for which application threads were stopped: 0.0001165 seconds, Stopping threads took: 0.0000170 seconds
{Heap before GC invocations=0 (full 0):
 par new generation   total 109248K, used 87424K [0x00000000e0000000, 0x00000000e8000000, 0x00000000e8000000)
  eden space 87424K, 100% used [0x00000000e0000000, 0x00000000e5560000, 0x00000000e5560000)
  from space 21824K,   0% used [0x00000000e5560000, 0x00000000e5560000, 0x00000000e6ab0000)
  to   space 21824K,   0% used [0x00000000e6ab0000, 0x00000000e6ab0000, 0x00000000e8000000)
 concurrent mark-sweep generation total 393216K, used 0K [0x00000000e8000000, 0x0000000100000000, 0x0000000100000000)
 Metaspace       used 9835K, capacity 10024K, committed 10240K, reserved 1058816K
  class space    used 1158K, capacity 1212K, committed 1280K, reserved 1048576K
2015-09-09T15:20:05.330+0200: 0.588: [GC (Allocation Failure) 0.588: [ParNew
Desired survivor size 20112992 bytes, new threshold 8 (max 8)
- age   1:    5353728 bytes,    5353728 total
: 87424K->5285K(109248K), 0.0044630 secs] 87424K->5285K(502464K), 0.0046051 secs] [Times: user=0.00 sys=0.00, real=0.00 secs] 
Heap after GC invocations=1 (full 0):
 par new generation   total 109248K, used 5285K [0x00000000e0000000, 0x00000000e8000000, 0x00000000e8000000)
  eden space 87424K,   0% used [0x00000000e0000000, 0x00000000e0000000, 0x00000000e5560000)
  from space 21824K,  24% used [0x00000000e6ab0000, 0x00000000e6fd95b0, 0x00000000e8000000)
  to   space 21824K,   0% used [0x00000000e5560000, 0x00000000e5560000, 0x00000000e6ab0000)
 concurrent mark-sweep generation total 393216K, used 0K [0x00000000e8000000, 0x0000000100000000, 0x0000000100000000)
 Metaspace       used 9835K, capacity 10024K, committed 10240K, reserved 1058816K
  class space    used 1158K, capacity 1212K, committed 1280K, reserved 1048576K
}
2015-09-09T15:20:05.334+0200: 0.592: Total time for which application threads were stopped: 0.0047593 seconds, Stopping threads took: 0.0000131 seconds
2015-09-09T15:20:05.426+0200: 0.684: Total time for which application threads were stopped: 0.0001366 seconds, Stopping threads took: 0.0000106 seconds
2015-09-09T15:20:05.615+0200: 0.873: Total time for which application threads were stopped: 0.0001856 seconds, Stopping threads took: 0.0000106 seconds
2015-09-09T15:20:05.616+0200: 0.874: Total time for which application threads were stopped: 0.0000710 seconds, Stopping threads took: 0.0000061 seconds
2015-09-09T15:20:05.619+0200: 0.877: Total time for which application threads were stopped: 0.0000976 seconds, Stopping threads took: 0.0000077 seconds
2015-09-09T15:20:05.754+0200: 1.012: Total time for which application threads were stopped: 0.0002525 seconds, Stopping threads took: 0.0000762 seconds
{Heap before GC invocations=1 (full 0):
 par new generation   total 109248K, used 92709K [0x00000000e0000000, 0x00000000e8000000, 0x00000000e8000000)
  eden space 87424K, 100% used [0x00000000e0000000, 0x00000000e5560000, 0x00000000e5560000)
  from space 21824K,  24% used [0x00000000e6ab0000, 0x00000000e6fd95b0, 0x00000000e8000000)
  to   space 21824K,   0% used [0x00000000e5560000, 0x00000000e5560000, 0x00000000e6ab0000)
 concurrent mark-sweep generation total 393216K, used 0K [0x00000000e8000000, 0x0000000100000000, 0x0000000100000000)
 Metaspace       used 18780K, capacity 19076K, committed 19328K, reserved 1067008K
  class space    used 2295K, capacity 2420K, committed 2432K, reserved 1048576K
2015-09-09T15:20:05.807+0200: 1.065: [GC (Allocation Failure) 1.065: [ParNew
Desired survivor size 20112992 bytes, new threshold 8 (max 8)
- age   1:    8477928 bytes,    8477928 total
- age   2:    2510320 bytes,   10988248 total
: 92709K->12573K(109248K), 0.0055615 secs] 92709K->12573K(502464K), 0.0056380 secs] [Times: user=0.06 sys=0.00, real=0.01 secs] 
Heap after GC invocations=2 (full 0):
 par new generation   total 109248K, used 12573K [0x00000000e0000000, 0x00000000e8000000, 0x00000000e8000000)
  eden space 87424K,   0% used [0x00000000e0000000, 0x00000000e0000000, 0x00000000e5560000)
  from space 21824K,  57% used [0x00000000e5560000, 0x00000000e61a77f0, 0x00000000e6ab0000)
  to   space 21824K,   0% used [0x00000000e6ab0000, 0x00000000e6ab0000, 0x00000000e8000000)
 concurrent mark-sweep generation total 393216K, used 0K [0x00000000e8000000, 0x0000000100000000, 0x0000000100000000)
 Metaspace       used 18780K, capacity 19076K, committed 19328K, reserved 1067008K
  class space    used 2295K, capacity 2420K, committed 2432K, reserved 1048576K
}
2015-09-09T15:20:05.812+0200: 1.070: Total time for which application threads were stopped: 0.0058188 seconds, Stopping threads took: 0.0000176 seconds
2015-09-09T15:20:05.865+0200: 1.123: Total time for which application threads were stopped: 0.0002096 seconds, Stopping threads took: 0.0000160 seconds
2015-09-09T15:20:05.883+0200: 1.141: Total time for which application threads were stopped: 0.0002128 seconds, Stopping threads took: 0.0000150 seconds
2015-09-09T15:20:05.897+0200: 1.155: Total time for which application threads were stopped: 0.0002179 seconds, Stopping threads took: 0.0000166 seconds
{Heap before GC invocations=2 (full 0):
 par new generation   total 109248K, used 99990K [0x00000000e0000000, 0x00000000e8000000, 0x00000000e8000000)
  eden space 87424K,  99% used [0x00000000e0000000, 0x00000000e555e3e8, 0x00000000e5560000)
  from space 21824K,  57% used [0x00000000e5560000, 0x00000000e61a77f0, 0x00000000e6ab0000)
  to   space 21824K,   0% used [0x00000000e6ab0000, 0x00000000e6ab0000, 0x00000000e8000000)
 concurrent mark-sweep generation total 393216K, used 0K [0x00000000e8000000, 0x0000000100000000, 0x0000000100000000)
 Metaspace       used 20726K, capacity 21130K, committed 21296K, reserved 1069056K
  class space    used 2527K, capacity 2677K, committed 2688K, reserved 1048576K
2015-09-09T15:20:06.013+0200: 1.271: [GC (Allocation Failure) 1.271: [ParNew
Desired survivor size 20112992 bytes, new threshold 8 (max 8)
- age   1:    2488536 bytes,    2488536 total
- age   2:    2891440 bytes,    5379976 total
- age   3:    2488640 bytes,    7868616 total
: 99990K->13328K(109248K), 0.0057651 secs] 99990K->13328K(502464K), 0.0058227 secs] [Times: user=0.00 sys=0.00, real=0.01 secs] 
Heap after GC invocations=3 (full 0):
 par new generation   total 109248K, used 13328K [0x00000000e0000000, 0x00000000e8000000, 0x00000000e8000000)
  eden space 87424K,   0% used [0x00000000e0000000, 0x00000000e0000000, 0x00000000e5560000)
  from space 21824K,  61% used [0x00000000e6ab0000, 0x00000000e77b43d0, 0x00000000e8000000)
  to   space 21824K,   0% used [0x00000000e5560000, 0x00000000e5560000, 0x00000000e6ab0000)
 concurrent mark-sweep generation total 393216K, used 0K [0x00000000e8000000, 0x0000000100000000, 0x0000000100000000)
 Metaspace       used 20726K, capacity 21130K, committed 21296K, reserved 1069056K
  class space    used 2527K, capacity 2677K, committed 2688K, reserved 1048576K
}
2015-09-09T15:20:06.019+0200: 1.277: Total time for which application threads were stopped: 0.0060278 seconds, Stopping threads took: 0.0000208 seconds
2015-09-09T15:20:06.040+0200: 1.298: Total time for which application threads were stopped: 0.0000608 seconds, Stopping threads took: 0.0000160 seconds
{Heap before GC invocations=3 (full 0):
 par new generation   total 109248K, used 100752K [0x00000000e0000000, 0x00000000e8000000, 0x00000000e8000000)
  eden space 87424K, 100% used [0x00000000e0000000, 0x00000000e5560000, 0x00000000e5560000)
  from space 21824K,  61% used [0x00000000e6ab0000, 0x00000000e77b43d0, 0x00000000e8000000)
  to   space 21824K,   0% used [0x00000000e5560000, 0x00000000e5560000, 0x00000000e6ab0000)
 concurrent mark-sweep generation total 393216K, used 0K [0x00000000e8000000, 0x0000000100000000, 0x0000000100000000)
 Metaspace       used 21116K, capacity 21444K, committed 21628K, reserved 1069056K
  class space    used 2575K, capacity 2714K, committed 2764K, reserved 1048576K
2015-09-09T15:20:06.115+0200: 1.373: [GC (Allocation Failure) 1.373: [ParNew
Desired survivor size 20112992 bytes, new threshold 8 (max 8)
- age   1:     454816 bytes,     454816 total
- age   2:     881392 bytes,    1336208 total
- age   3:    2878272 bytes,    4214480 total
- age   4:    2489336 bytes,    6703816 total
: 100752K->8285K(109248K), 0.0040636 secs] 100752K->8285K(502464K), 0.0041196 secs] [Times: user=0.00 sys=0.00, real=0.00 secs] 
Heap after GC invocations=4 (full 0):
 par new generation   total 109248K, used 8285K [0x00000000e0000000, 0x00000000e8000000, 0x00000000e8000000)
  eden space 87424K,   0% used [0x00000000e0000000, 0x00000000e0000000, 0x00000000e5560000)
  from space 21824K,  37% used [0x00000000e5560000, 0x00000000e5d77400, 0x00000000e6ab0000)
  to   space 21824K,   0% used [0x00000000e6ab0000, 0x00000000e6ab0000, 0x00000000e8000000)
 concurrent mark-sweep generation total 393216K, used 0K [0x00000000e8000000, 0x0000000100000000, 0x0000000100000000)
 Metaspace       used 21116K, capacity 21444K, committed 21628K, reserved 1069056K
  class space    used 2575K, capacity 2714K, committed 2764K, reserved 1048576K
}
2015-09-09T15:20:06.119+0200: 1.377: Total time for which application threads were stopped: 0.0042748 seconds, Stopping threads took: 0.0000157 seconds
2015-09-09T15:20:06.119+0200: 1.377: [GC (CMS Initial Mark) [1 CMS-initial-mark: 0K(393216K)] 9400K(502464K), 0.0013078 secs] [Times: user=0.00 sys=0.00, real=0.00 secs] 
2015-09-09T15:20:06.120+0200: 1.378: Total time for which application threads were stopped: 0.0013798 seconds, Stopping threads took: 0.0000186 seconds
2015-09-09T15:20:06.120+0200: 1.378: [CMS-concurrent-mark-start]
2015-09-09T15:20:06.120+0200: 1.378: [CMS-concurrent-mark: 0.000/0.000 secs] [Times: user=0.00 sys=0.00, real=0.00 secs] 
2015-09-09T15:20:06.120+0200: 1.378: [CMS-concurrent-preclean-start]
2015-09-09T15:20:06.121+0200: 1.379: [CMS-concurrent-preclean: 0.001/0.001 secs] [Times: user=0.00 sys=0.00, real=0.00 secs] 
2015-09-09T15:20:06.121+0200: 1.379: [GC (CMS Final Remark) [YG occupancy: 9400 K (109248 K)]{Heap before GC invocations=4 (full 1):
 par new generation   total 109248K, used 9400K [0x00000000e0000000, 0x00000000e8000000, 0x00000000e8000000)
  eden space 87424K,   1% used [0x00000000e0000000, 0x00000000e0116f28, 0x00000000e5560000)
  from space 21824K,  37% used [0x00000000e5560000, 0x00000000e5d77400, 0x00000000e6ab0000)
  to   space 21824K,   0% used [0x00000000e6ab0000, 0x00000000e6ab0000, 0x00000000e8000000)
 concurrent mark-sweep generation total 393216K, used 0K [0x00000000e8000000, 0x0000000100000000, 0x0000000100000000)
 Metaspace       used 21116K, capacity 21444K, committed 21628K, reserved 1069056K
  class space    used 2575K, capacity 2714K, committed 2764K, reserved 1048576K
2015-09-09T15:20:06.121+0200: 1.379: [GC (CMS Final Remark) 1.379: [ParNew
Desired survivor size 20112992 bytes, new threshold 8 (max 8)
- age   1:        208 bytes,        208 total
- age   2:     144112 bytes,     144320 total
- age   3:     881240 bytes,    1025560 total
- age   4:    2878136 bytes,    3903696 total
- age   5:    2488720 bytes,    6392416 total
: 9400K->8917K(109248K), 0.0038508 secs] 9400K->8917K(502464K), 0.0038902 secs] [Times: user=0.06 sys=0.00, real=0.00 secs] 
Heap after GC invocations=5 (full 1):
 par new generation   total 109248K, used 8917K [0x00000000e0000000, 0x00000000e8000000, 0x00000000e8000000)
  eden space 87424K,   0% used [0x00000000e0000000, 0x00000000e0000000, 0x00000000e5560000)
  from space 21824K,  40% used [0x00000000e6ab0000, 0x00000000e7365570, 0x00000000e8000000)
  to   space 21824K,   0% used [0x00000000e5560000, 0x00000000e5560000, 0x00000000e6ab0000)
 concurrent mark-sweep generation total 393216K, used 0K [0x00000000e8000000, 0x0000000100000000, 0x0000000100000000)
 Metaspace       used 21116K, capacity 21444K, committed 21628K, reserved 1069056K
  class space    used 2575K, capacity 2714K, committed 2764K, reserved 1048576K
}
1.383: [Rescan (parallel) , 0.0013529 secs]1.384: [weak refs processing, 0.0002125 secs]1.385: [class unloading, 0.0022755 secs]1.387: [scrub symbol table, 0.0030800 secs]1.390: [scrub string table, 0.0002480 secs][1 CMS-remark: 0K(393216K)] 8917K(502464K), 0.0117660 secs] [Times: user=0.06 sys=0.00, real=0.01 secs] 
2015-09-09T15:20:06.133+0200: 1.391: Total time for which application threads were stopped: 0.0118367 seconds, Stopping threads took: 0.0000157 seconds
2015-09-09T15:20:06.133+0200: 1.391: [CMS-concurrent-sweep-start]
2015-09-09T15:20:06.133+0200: 1.391: [CMS-concurrent-sweep: 0.000/0.000 secs] [Times: user=0.00 sys=0.00, real=0.00 secs] 
2015-09-09T15:20:06.133+0200: 1.391: [CMS-concurrent-reset-start]
2015-09-09T15:20:06.134+0200: 1.392: [CMS-concurrent-reset: 0.001/0.001 secs] [Times: user=0.00 sys=0.00, real=0.00 secs] 
2015-09-09T15:20:06.169+0200: 1.427: Total time for which application threads were stopped: 0.0002720 seconds, Stopping threads took: 0.0000208 seconds
2015-09-09T15:20:06.179+0200: 1.437: Total time for which application threads were stopped: 0.0002787 seconds, Stopping threads took: 0.0000253 seconds
2015-09-09T15:20:06.212+0200: 1.470: Total time for which application threads were stopped: 0.0002707 seconds, Stopping threads took: 0.0000134 seconds
2015-09-09T15:20:06.298+0200: 1.556: Total time for which application threads were stopped: 0.0002909 seconds, Stopping threads took: 0.0000150 seconds
2015-09-09T15:20:06.307+0200: 1.565: Total time for which application threads were stopped: 0.0002781 seconds, Stopping threads took: 0.0000157 seconds
2015-09-09T15:20:06.405+0200: 1.663: Total time for which application threads were stopped: 0.0003846 seconds, Stopping threads took: 0.0000682 seconds
2015-09-09T15:20:06.516+0200: 1.774: Total time for which application threads were stopped: 0.0002845 seconds, Stopping threads took: 0.0000138 seconds
2015-09-09T15:20:07.516+0200: 2.774: Total time for which application threads were stopped: 0.0001206 seconds, Stopping threads took: 0.0000259 seconds
2015-09-09T15:20:08.915+0200: 4.173: Total time for which application threads were stopped: 0.0002336 seconds, Stopping threads took: 0.0000243 seconds
2015-09-09T15:20:25.388+0200: 20.646: Total time for which application threads were stopped: 0.0000650 seconds, Stopping threads took: 0.0000211 seconds
2015-09-09T15:20:25.388+0200: 20.646: Total time for which application threads were stopped: 0.0000320 seconds, Stopping threads took: 0.0000096 seconds
2015-09-09T15:20:25.397+0200: 20.655: Total time for which application threads were stopped: 0.0003357 seconds, Stopping threads took: 0.0000336 seconds
2015-09-09T15:20:25.398+0200: 20.656: Total time for which application threads were stopped: 0.0000522 seconds, Stopping threads took: 0.0000192 seconds
{Heap before GC invocations=5 (full 1):
 par new generation   total 109248K, used 96341K [0x00000000e0000000, 0x00000000e8000000, 0x00000000e8000000)
  eden space 87424K, 100% used [0x00000000e0000000, 0x00000000e5560000, 0x00000000e5560000)
  from space 21824K,  40% used [0x00000000e6ab0000, 0x00000000e7365570, 0x00000000e8000000)
  to   space 21824K,   0% used [0x00000000e5560000, 0x00000000e5560000, 0x00000000e6ab0000)
 concurrent mark-sweep generation total 393216K, used 0K [0x00000000e8000000, 0x0000000100000000, 0x0000000100000000)
 Metaspace       used 28079K, capacity 28376K, committed 28748K, reserved 1075200K
  class space    used 3425K, capacity 3550K, committed 3660K, reserved 1048576K
2015-09-09T15:20:25.425+0200: 20.683: [GC (Allocation Failure) 20.683: [ParNew
Desired survivor size 20112992 bytes, new threshold 8 (max 8)
- age   1:   10142496 bytes,   10142496 total
- age   2:        104 bytes,   10142600 total
- age   3:     141904 bytes,   10284504 total
- age   4:     333752 bytes,   10618256 total
- age   5:    2838560 bytes,   13456816 total
- age   6:    2487872 bytes,   15944688 total
: 96341K->18307K(109248K), 0.0096220 secs] 96341K->18307K(502464K), 0.0097199 secs] [Times: user=0.03 sys=0.00, real=0.01 secs] 
Heap after GC invocations=6 (full 1):
 par new generation   total 109248K, used 18307K [0x00000000e0000000, 0x00000000e8000000, 0x00000000e8000000)
  eden space 87424K,   0% used [0x00000000e0000000, 0x00000000e0000000, 0x00000000e5560000)
  from space 21824K,  83% used [0x00000000e5560000, 0x00000000e6740c08, 0x00000000e6ab0000)
  to   space 21824K,   0% used [0x00000000e6ab0000, 0x00000000e6ab0000, 0x00000000e8000000)
 concurrent mark-sweep generation total 393216K, used 0K [0x00000000e8000000, 0x0000000100000000, 0x0000000100000000)
 Metaspace       used 28079K, capacity 28376K, committed 28748K, reserved 1075200K
  class space    used 3425K, capacity 3550K, committed 3660K, reserved 1048576K
}
2015-09-09T15:20:25.435+0200: 20.693: Total time for which application threads were stopped: 0.0098745 seconds, Stopping threads took: 0.0000339 seconds
2015-09-09T15:20:25.529+0200: 20.787: Total time for which application threads were stopped: 0.0001168 seconds, Stopping threads took: 0.0000205 seconds
2015-09-09T15:20:25.645+0200: 20.903: Total time for which application threads were stopped: 0.0001155 seconds, Stopping threads took: 0.0000163 seconds
2015-09-09T15:20:25.865+0200: 21.123: Total time for which application threads were stopped: 0.0001219 seconds, Stopping threads took: 0.0000186 seconds
{Heap before GC invocations=6 (full 1):
 par new generation   total 109248K, used 105731K [0x00000000e0000000, 0x00000000e8000000, 0x00000000e8000000)
  eden space 87424K, 100% used [0x00000000e0000000, 0x00000000e5560000, 0x00000000e5560000)
  from space 21824K,  83% used [0x00000000e5560000, 0x00000000e6740c08, 0x00000000e6ab0000)
  to   space 21824K,   0% used [0x00000000e6ab0000, 0x00000000e6ab0000, 0x00000000e8000000)
 concurrent mark-sweep generation total 393216K, used 0K [0x00000000e8000000, 0x0000000100000000, 0x0000000100000000)
 Metaspace       used 28969K, capacity 29304K, committed 29772K, reserved 1075200K
  class space    used 3458K, capacity 3582K, committed 3660K, reserved 1048576K
2015-09-09T15:20:25.955+0200: 21.213: [GC (Allocation Failure) 21.213: [ParNew
Desired survivor size 20112992 bytes, new threshold 8 (max 8)
- age   1:    8548808 bytes,    8548808 total
- age   2:    4587936 bytes,   13136744 total
- age   3:        104 bytes,   13136848 total
- age   4:     141904 bytes,   13278752 total
- age   5:     333440 bytes,   13612192 total
- age   6:    2837784 bytes,   16449976 total
- age   7:    2487888 bytes,   18937864 total
: 105731K->21824K(109248K), 0.0081746 secs] 105731K->21824K(502464K), 0.0082367 secs] [Times: user=0.00 sys=0.00, real=0.01 secs] 
Heap after GC invocations=7 (full 1):
 par new generation   total 109248K, used 21824K [0x00000000e0000000, 0x00000000e8000000, 0x00000000e8000000)
  eden space 87424K,   0% used [0x00000000e0000000, 0x00000000e0000000, 0x00000000e5560000)
  from space 21824K, 100% used [0x00000000e6ab0000, 0x00000000e8000000, 0x00000000e8000000)
  to   space 21824K,   0% used [0x00000000e5560000, 0x00000000e5560000, 0x00000000e6ab0000)
 concurrent mark-sweep generation total 393216K, used 0K [0x00000000e8000000, 0x0000000100000000, 0x0000000100000000)
 Metaspace       used 28969K, capacity 29304K, committed 29772K, reserved 1075200K
  class space    used 3458K, capacity 3582K, committed 3660K, reserved 1048576K
}
2015-09-09T15:20:25.963+0200: 21.221: Total time for which application threads were stopped: 0.0084012 seconds, Stopping threads took: 0.0000154 seconds
{Heap before GC invocations=7 (full 1):
 par new generation   total 109248K, used 109248K [0x00000000e0000000, 0x00000000e8000000, 0x00000000e8000000)
  eden space 87424K, 100% used [0x00000000e0000000, 0x00000000e5560000, 0x00000000e5560000)
  from space 21824K, 100% used [0x00000000e6ab0000, 0x00000000e8000000, 0x00000000e8000000)
  to   space 21824K,   0% used [0x00000000e5560000, 0x00000000e5560000, 0x00000000e6ab0000)
 concurrent mark-sweep generation total 393216K, used 0K [0x00000000e8000000, 0x0000000100000000, 0x0000000100000000)
 Metaspace       used 29005K, capacity 29304K, committed 29772K, reserved 1075200K
  class space    used 3458K, capacity 3582K, committed 3660K, reserved 1048576K
2015-09-09T15:20:26.300+0200: 21.558: [GC (Allocation Failure) 21.558: [ParNew
Desired survivor size 20112992 bytes, new threshold 8 (max 8)
- age   1:    4634320 bytes,    4634320 total
- age   2:    4593216 bytes,    9227536 total
- age   3:    3821088 bytes,   13048624 total
- age   4:         72 bytes,   13048696 total
- age   5:     126536 bytes,   13175232 total
- age   6:     293432 bytes,   13468664 total
- age   7:    2703808 bytes,   16172472 total
- age   8:    2487840 bytes,   18660312 total
: 109248K->21824K(109248K), 0.0111961 secs] 109248K->23394K(502464K), 0.0112549 secs] [Times: user=0.06 sys=0.00, real=0.01 secs] 
Heap after GC invocations=8 (full 1):
 par new generation   total 109248K, used 21824K [0x00000000e0000000, 0x00000000e8000000, 0x00000000e8000000)
  eden space 87424K,   0% used [0x00000000e0000000, 0x00000000e0000000, 0x00000000e5560000)
  from space 21824K, 100% used [0x00000000e5560000, 0x00000000e6ab0000, 0x00000000e6ab0000)
  to   space 21824K,   0% used [0x00000000e6ab0000, 0x00000000e6ab0000, 0x00000000e8000000)
 concurrent mark-sweep generation total 393216K, used 1570K [0x00000000e8000000, 0x0000000100000000, 0x0000000100000000)
 Metaspace       used 29005K, capacity 29304K, committed 29772K, reserved 1075200K
  class space    used 3458K, capacity 3582K, committed 3660K, reserved 1048576K
}
2015-09-09T15:20:26.311+0200: 21.569: Total time for which application threads were stopped: 0.0114249 seconds, Stopping threads took: 0.0000154 seconds
{Heap before GC invocations=8 (full 1):
 par new generation   total 109248K, used 109248K [0x00000000e0000000, 0x00000000e8000000, 0x00000000e8000000)
  eden space 87424K, 100% used [0x00000000e0000000, 0x00000000e5560000, 0x00000000e5560000)
  from space 21824K, 100% used [0x00000000e5560000, 0x00000000e6ab0000, 0x00000000e6ab0000)
  to   space 21824K,   0% used [0x00000000e6ab0000, 0x00000000e6ab0000, 0x00000000e8000000)
 concurrent mark-sweep generation total 393216K, used 1570K [0x00000000e8000000, 0x0000000100000000, 0x0000000100000000)
 Metaspace       used 29016K, capacity 29368K, committed 29772K, reserved 1075200K
  class space    used 3458K, capacity 3582K, committed 3660K, reserved 1048576K
2015-09-09T15:20:26.621+0200: 21.879: [GC (Allocation Failure) 21.879: [ParNew
Desired survivor size 20112992 bytes, new threshold 8 (max 8)
- age   1:    2433720 bytes,    2433720 total
- age   2:    2184824 bytes,    4618544 total
- age   3:    4375912 bytes,    8994456 total
- age   4:    3443064 bytes,   12437520 total
- age   6:      53528 bytes,   12491048 total
- age   7:     234664 bytes,   12725712 total
- age   8:    2651848 bytes,   15377560 total
: 109248K->21824K(109248K), 0.0129160 secs] 110818K->30196K(502464K), 0.0129781 secs] [Times: user=0.00 sys=0.00, real=0.01 secs] 
Heap after GC invocations=9 (full 1):
 par new generation   total 109248K, used 21824K [0x00000000e0000000, 0x00000000e8000000, 0x00000000e8000000)
  eden space 87424K,   0% used [0x00000000e0000000, 0x00000000e0000000, 0x00000000e5560000)
  from space 21824K, 100% used [0x00000000e6ab0000, 0x00000000e8000000, 0x00000000e8000000)
  to   space 21824K,   0% used [0x00000000e5560000, 0x00000000e5560000, 0x00000000e6ab0000)
 concurrent mark-sweep generation total 393216K, used 8372K [0x00000000e8000000, 0x0000000100000000, 0x0000000100000000)
 Metaspace       used 29016K, capacity 29368K, committed 29772K, reserved 1075200K
  class space    used 3458K, capacity 3582K, committed 3660K, reserved 1048576K
}
2015-09-09T15:20:26.634+0200: 21.892: Total time for which application threads were stopped: 0.0131279 seconds, Stopping threads took: 0.0000154 seconds
{Heap before GC invocations=9 (full 1):
 par new generation   total 109248K, used 109248K [0x00000000e0000000, 0x00000000e8000000, 0x00000000e8000000)
  eden space 87424K, 100% used [0x00000000e0000000, 0x00000000e5560000, 0x00000000e5560000)
  from space 21824K, 100% used [0x00000000e6ab0000, 0x00000000e8000000, 0x00000000e8000000)
  to   space 21824K,   0% used [0x00000000e5560000, 0x00000000e5560000, 0x00000000e6ab0000)
 concurrent mark-sweep generation total 393216K, used 8372K [0x00000000e8000000, 0x0000000100000000, 0x0000000100000000)
 Metaspace       used 29038K, capacity 29432K, committed 29772K, reserved 1075200K
  class space    used 3459K, capacity 3582K, committed 3660K, reserved 1048576K
2015-09-09T15:20:26.936+0200: 22.194: [GC (Allocation Failure) 22.194: [ParNew
Desired survivor size 20112992 bytes, new threshold 8 (max 8)
- age   1:    6903968 bytes,    6903968 total
- age   2:    2271224 bytes,    9175192 total
- age   3:    2119272 bytes,   11294464 total
- age   4:    4375912 bytes,   15670376 total
- age   5:    3443040 bytes,   19113416 total
- age   7:      53528 bytes,   19166944 total
- age   8:     234664 bytes,   19401608 total
: 109248K->21824K(109248K), 0.0106306 secs] 117620K->32843K(502464K), 0.0106818 secs] [Times: user=0.00 sys=0.00, real=0.01 secs] 
Heap after GC invocations=10 (full 1):
 par new generation   total 109248K, used 21824K [0x00000000e0000000, 0x00000000e8000000, 0x00000000e8000000)
  eden space 87424K,   0% used [0x00000000e0000000, 0x00000000e0000000, 0x00000000e5560000)
  from space 21824K, 100% used [0x00000000e5560000, 0x00000000e6ab0000, 0x00000000e6ab0000)
  to   space 21824K,   0% used [0x00000000e6ab0000, 0x00000000e6ab0000, 0x00000000e8000000)
 concurrent mark-sweep generation total 393216K, used 11019K [0x00000000e8000000, 0x0000000100000000, 0x0000000100000000)
 Metaspace       used 29038K, capacity 29432K, committed 29772K, reserved 1075200K
  class space    used 3459K, capacity 3582K, committed 3660K, reserved 1048576K
}
2015-09-09T15:20:26.947+0200: 22.205: Total time for which application threads were stopped: 0.0108370 seconds, Stopping threads took: 0.0000150 seconds
{Heap before GC invocations=10 (full 1):
 par new generation   total 109248K, used 109248K [0x00000000e0000000, 0x00000000e8000000, 0x00000000e8000000)
  eden space 87424K, 100% used [0x00000000e0000000, 0x00000000e5560000, 0x00000000e5560000)
  from space 21824K, 100% used [0x00000000e5560000, 0x00000000e6ab0000, 0x00000000e6ab0000)
  to   space 21824K,   0% used [0x00000000e6ab0000, 0x00000000e6ab0000, 0x00000000e8000000)
 concurrent mark-sweep generation total 393216K, used 11019K [0x00000000e8000000, 0x0000000100000000, 0x0000000100000000)
 Metaspace       used 29038K, capacity 29432K, committed 29772K, reserved 1075200K
  class space    used 3459K, capacity 3582K, committed 3660K, reserved 1048576K
2015-09-09T15:20:27.238+0200: 22.496: [GC (Allocation Failure) 22.496: [ParNew
Desired survivor size 20112992 bytes, new threshold 6 (max 8)
- age   1:    6307864 bytes,    6307864 total
- age   2:    3898992 bytes,   10206856 total
- age   3:    2208216 bytes,   12415072 total
- age   4:    2057608 bytes,   14472680 total
- age   5:    4255280 bytes,   18727960 total
- age   6:    3319864 bytes,   22047824 total
- age   8:      50168 bytes,   22097992 total
: 109248K->21824K(109248K), 0.0142581 secs] 120267K->33619K(502464K), 0.0143218 secs] [Times: user=0.06 sys=0.00, real=0.01 secs] 
Heap after GC invocations=11 (full 1):
 par new generation   total 109248K, used 21824K [0x00000000e0000000, 0x00000000e8000000, 0x00000000e8000000)
  eden space 87424K,   0% used [0x00000000e0000000, 0x00000000e0000000, 0x00000000e5560000)
  from space 21824K, 100% used [0x00000000e6ab0000, 0x00000000e8000000, 0x00000000e8000000)
  to   space 21824K,   0% used [0x00000000e5560000, 0x00000000e5560000, 0x00000000e6ab0000)
 concurrent mark-sweep generation total 393216K, used 11795K [0x00000000e8000000, 0x0000000100000000, 0x0000000100000000)
 Metaspace       used 29038K, capacity 29432K, committed 29772K, reserved 1075200K
  class space    used 3459K, capacity 3582K, committed 3660K, reserved 1048576K
}
2015-09-09T15:20:27.252+0200: 22.510: Total time for which application threads were stopped: 0.0144808 seconds, Stopping threads took: 0.0000166 seconds
{Heap before GC invocations=11 (full 1):
 par new generation   total 109248K, used 109248K [0x00000000e0000000, 0x00000000e8000000, 0x00000000e8000000)
  eden space 87424K, 100% used [0x00000000e0000000, 0x00000000e5560000, 0x00000000e5560000)
  from space 21824K, 100% used [0x00000000e6ab0000, 0x00000000e8000000, 0x00000000e8000000)
  to   space 21824K,   0% used [0x00000000e5560000, 0x00000000e5560000, 0x00000000e6ab0000)
 concurrent mark-sweep generation total 393216K, used 11795K [0x00000000e8000000, 0x0000000100000000, 0x0000000100000000)
 Metaspace       used 29042K, capacity 29432K, committed 29772K, reserved 1075200K
  class space    used 3459K, capacity 3582K, committed 3660K, reserved 1048576K
2015-09-09T15:20:27.538+0200: 22.796: [GC (Allocation Failure) 22.796: [ParNew
Desired survivor size 20112992 bytes, new threshold 8 (max 8)
- age   1:    3847880 bytes,    3847880 total
- age   2:    2389920 bytes,    6237800 total
- age   3:    2401080 bytes,    8638880 total
- age   4:    1963792 bytes,   10602672 total
- age   5:    1910664 bytes,   12513336 total
- age   6:    4036016 bytes,   16549352 total
: 109248K->21824K(109248K), 0.0114421 secs] 121043K->42695K(502464K), 0.0115001 secs] [Times: user=0.05 sys=0.01, real=0.01 secs] 
Heap after GC invocations=12 (full 1):
 par new generation   total 109248K, used 21824K [0x00000000e0000000, 0x00000000e8000000, 0x00000000e8000000)
  eden space 87424K,   0% used [0x00000000e0000000, 0x00000000e0000000, 0x00000000e5560000)
  from space 21824K, 100% used [0x00000000e5560000, 0x00000000e6ab0000, 0x00000000e6ab0000)
  to   space 21824K,   0% used [0x00000000e6ab0000, 0x00000000e6ab0000, 0x00000000e8000000)
 concurrent mark-sweep generation total 393216K, used 20871K [0x00000000e8000000, 0x0000000100000000, 0x0000000100000000)
 Metaspace       used 29042K, capacity 29432K, committed 29772K, reserved 1075200K
  class space    used 3459K, capacity 3582K, committed 3660K, reserved 1048576K
}
2015-09-09T15:20:27.549+0200: 22.808: Total time for which application threads were stopped: 0.0116418 seconds, Stopping threads took: 0.0000138 seconds
{Heap before GC invocations=12 (full 1):
 par new generation   total 109248K, used 109248K [0x00000000e0000000, 0x00000000e8000000, 0x00000000e8000000)
  eden space 87424K, 100% used [0x00000000e0000000, 0x00000000e5560000, 0x00000000e5560000)
  from space 21824K, 100% used [0x00000000e5560000, 0x00000000e6ab0000, 0x00000000e6ab0000)
  to   space 21824K,   0% used [0x00000000e6ab0000, 0x00000000e6ab0000, 0x00000000e8000000)
 concurrent mark-sweep generation total 393216K, used 20871K [0x00000000e8000000, 0x0000000100000000, 0x0000000100000000)
 Metaspace       used 29042K, capacity 29432K, committed 29772K, reserved 1075200K
  class space    used 3459K, capacity 3582K, committed 3660K, reserved 1048576K
2015-09-09T15:20:27.837+0200: 23.095: [GC (Allocation Failure) 23.095: [ParNew
Desired survivor size 20112992 bytes, new threshold 7 (max 8)
- age   1:    6359392 bytes,    6359392 total
- age   2:    2600896 bytes,    8960288 total
- age   3:    2205048 bytes,   11165336 total
- age   4:    2079176 bytes,   13244512 total
- age   5:    1777552 bytes,   15022064 total
- age   6:    1728144 bytes,   16750208 total
- age   7:    3873256 bytes,   20623464 total
: 109248K->21824K(109248K), 0.0090719 secs] 130119K->45781K(502464K), 0.0091462 secs] [Times: user=0.06 sys=0.00, real=0.01 secs] 
Heap after GC invocations=13 (full 1):
 par new generation   total 109248K, used 21824K [0x00000000e0000000, 0x00000000e8000000, 0x00000000e8000000)
  eden space 87424K,   0% used [0x00000000e0000000, 0x00000000e0000000, 0x00000000e5560000)
  from space 21824K, 100% used [0x00000000e6ab0000, 0x00000000e8000000, 0x00000000e8000000)
  to   space 21824K,   0% used [0x00000000e5560000, 0x00000000e5560000, 0x00000000e6ab0000)
 concurrent mark-sweep generation total 393216K, used 23957K [0x00000000e8000000, 0x0000000100000000, 0x0000000100000000)
 Metaspace       used 29042K, capacity 29432K, committed 29772K, reserved 1075200K
  class space    used 3459K, capacity 3582K, committed 3660K, reserved 1048576K
}
2015-09-09T15:20:27.846+0200: 23.104: Total time for which application threads were stopped: 0.0092889 seconds, Stopping threads took: 0.0000134 seconds
{Heap before GC invocations=13 (full 1):
 par new generation   total 109248K, used 109248K [0x00000000e0000000, 0x00000000e8000000, 0x00000000e8000000)
  eden space 87424K, 100% used [0x00000000e0000000, 0x00000000e5560000, 0x00000000e5560000)
  from space 21824K, 100% used [0x00000000e6ab0000, 0x00000000e8000000, 0x00000000e8000000)
  to   space 21824K,   0% used [0x00000000e5560000, 0x00000000e5560000, 0x00000000e6ab0000)
 concurrent mark-sweep generation total 393216K, used 23957K [0x00000000e8000000, 0x0000000100000000, 0x0000000100000000)
 Metaspace       used 29045K, capacity 29432K, committed 29772K, reserved 1075200K
  class space    used 3459K, capacity 3582K, committed 3660K, reserved 1048576K
2015-09-09T15:20:28.133+0200: 23.391: [GC (Allocation Failure) 23.391: [ParNew
Desired survivor size 20112992 bytes, new threshold 8 (max 8)
- age   1:    6307056 bytes,    6307056 total
- age   2:    2850576 bytes,    9157632 total
- age   3:    2566200 bytes,   11723832 total
- age   4:    2173432 bytes,   13897264 total
- age   5:    2048160 bytes,   15945424 total
- age   6:    1745120 bytes,   17690544 total
- age   7:    1696472 bytes,   19387016 total
: 109248K->21824K(109248K), 0.0088498 secs] 133205K->51419K(502464K), 0.0088982 secs] [Times: user=0.02 sys=0.05, real=0.01 secs] 
Heap after GC invocations=14 (full 1):
 par new generation   total 109248K, used 21824K [0x00000000e0000000, 0x00000000e8000000, 0x00000000e8000000)
  eden space 87424K,   0% used [0x00000000e0000000, 0x00000000e0000000, 0x00000000e5560000)
  from space 21824K, 100% used [0x00000000e5560000, 0x00000000e6ab0000, 0x00000000e6ab0000)
  to   space 21824K,   0% used [0x00000000e6ab0000, 0x00000000e6ab0000, 0x00000000e8000000)
 concurrent mark-sweep generation total 393216K, used 29595K [0x00000000e8000000, 0x0000000100000000, 0x0000000100000000)
 Metaspace       used 29045K, capacity 29432K, committed 29772K, reserved 1075200K
  class space    used 3459K, capacity 3582K, committed 3660K, reserved 1048576K
}
2015-09-09T15:20:28.142+0200: 23.400: Total time for which application threads were stopped: 0.0090815 seconds, Stopping threads took: 0.0000128 seconds
{Heap before GC invocations=14 (full 1):
 par new generation   total 109248K, used 109248K [0x00000000e0000000, 0x00000000e8000000, 0x00000000e8000000)
  eden space 87424K, 100% used [0x00000000e0000000, 0x00000000e5560000, 0x00000000e5560000)
  from space 21824K, 100% used [0x00000000e5560000, 0x00000000e6ab0000, 0x00000000e6ab0000)
  to   space 21824K,   0% used [0x00000000e6ab0000, 0x00000000e6ab0000, 0x00000000e8000000)
 concurrent mark-sweep generation total 393216K, used 29595K [0x00000000e8000000, 0x0000000100000000, 0x0000000100000000)
 Metaspace       used 29046K, capacity 29432K, committed 29772K, reserved 1075200K
  class space    used 3459K, capacity 3582K, committed 3660K, reserved 1048576K
2015-09-09T15:20:28.430+0200: 23.688: [GC (Allocation Failure) 23.688: [ParNew
Desired survivor size 20112992 bytes, new threshold 8 (max 8)
- age   1:    4646552 bytes,    4646552 total
- age   2:    2262592 bytes,    6909144 total
- age   3:    2717800 bytes,    9626944 total
- age   4:    2433552 bytes,   12060496 total
- age   5:    1938376 bytes,   13998872 total
- age   6:    1947240 bytes,   15946112 total
- age   7:    1635960 bytes,   17582072 total
- age   8:    1597720 bytes,   19179792 total
: 109248K->21824K(109248K), 0.0096937 secs] 138843K->58521K(502464K), 0.0097420 secs] [Times: user=0.00 sys=0.00, real=0.01 secs] 
Heap after GC invocations=15 (full 1):
 par new generation   total 109248K, used 21824K [0x00000000e0000000, 0x00000000e8000000, 0x00000000e8000000)
  eden space 87424K,   0% used [0x00000000e0000000, 0x00000000e0000000, 0x00000000e5560000)
  from space 21824K, 100% used [0x00000000e6ab0000, 0x00000000e8000000, 0x00000000e8000000)
  to   space 21824K,   0% used [0x00000000e5560000, 0x00000000e5560000, 0x00000000e6ab0000)
 concurrent mark-sweep generation total 393216K, used 36697K [0x00000000e8000000, 0x0000000100000000, 0x0000000100000000)
 Metaspace       used 29046K, capacity 29432K, committed 29772K, reserved 1075200K
  class space    used 3459K, capacity 3582K, committed 3660K, reserved 1048576K
}
2015-09-09T15:20:28.439+0200: 23.697: Total time for which application threads were stopped: 0.0099314 seconds, Stopping threads took: 0.0000138 seconds
{Heap before GC invocations=15 (full 1):
 par new generation   total 109248K, used 109248K [0x00000000e0000000, 0x00000000e8000000, 0x00000000e8000000)
  eden space 87424K, 100% used [0x00000000e0000000, 0x00000000e5560000, 0x00000000e5560000)
  from space 21824K, 100% used [0x00000000e6ab0000, 0x00000000e8000000, 0x00000000e8000000)
  to   space 21824K,   0% used [0x00000000e5560000, 0x00000000e5560000, 0x00000000e6ab0000)
 concurrent mark-sweep generation total 393216K, used 36697K [0x00000000e8000000, 0x0000000100000000, 0x0000000100000000)
 Metaspace       used 29047K, capacity 29432K, committed 29772K, reserved 1075200K
  class space    used 3459K, capacity 3582K, committed 3660K, reserved 1048576K
2015-09-09T15:20:28.729+0200: 23.987: [GC (Allocation Failure) 23.987: [ParNew
Desired survivor size 20112992 bytes, new threshold 8 (max 8)
- age   1:    3712664 bytes,    3712664 total
- age   2:    3559872 bytes,    7272536 total
- age   3:    2106528 bytes,    9379064 total
- age   4:    2612608 bytes,   11991672 total
- age   5:    1928376 bytes,   13920048 total
- age   6:    1859808 bytes,   15779856 total
- age   7:    1867096 bytes,   17646952 total
- age   8:    1558440 bytes,   19205392 total
: 109248K->21824K(109248K), 0.0100034 secs] 145945K->62699K(502464K), 0.0100498 secs] [Times: user=0.00 sys=0.00, real=0.01 secs] 
Heap after GC invocations=16 (full 1):
 par new generation   total 109248K, used 21824K [0x00000000e0000000, 0x00000000e8000000, 0x00000000e8000000)
  eden space 87424K,   0% used [0x00000000e0000000, 0x00000000e0000000, 0x00000000e5560000)
  from space 21824K, 100% used [0x00000000e5560000, 0x00000000e6ab0000, 0x00000000e6ab0000)
  to   space 21824K,   0% used [0x00000000e6ab0000, 0x00000000e6ab0000, 0x00000000e8000000)
 concurrent mark-sweep generation total 393216K, used 40875K [0x00000000e8000000, 0x0000000100000000, 0x0000000100000000)
 Metaspace       used 29047K, capacity 29432K, committed 29772K, reserved 1075200K
  class space    used 3459K, capacity 3582K, committed 3660K, reserved 1048576K
}
2015-09-09T15:20:28.739+0200: 23.997: Total time for which application threads were stopped: 0.0102114 seconds, Stopping threads took: 0.0000253 seconds
{Heap before GC invocations=16 (full 1):
 par new generation   total 109248K, used 109248K [0x00000000e0000000, 0x00000000e8000000, 0x00000000e8000000)
  eden space 87424K, 100% used [0x00000000e0000000, 0x00000000e5560000, 0x00000000e5560000)
  from space 21824K, 100% used [0x00000000e5560000, 0x00000000e6ab0000, 0x00000000e6ab0000)
  to   space 21824K,   0% used [0x00000000e6ab0000, 0x00000000e6ab0000, 0x00000000e8000000)
 concurrent mark-sweep generation total 393216K, used 40875K [0x00000000e8000000, 0x0000000100000000, 0x0000000100000000)
 Metaspace       used 29047K, capacity 29432K, committed 29772K, reserved 1075200K
  class space    used 3459K, capacity 3582K, committed 3660K, reserved 1048576K
2015-09-09T15:20:29.015+0200: 24.273: [GC (Allocation Failure) 24.273: [ParNew
Desired survivor size 20112992 bytes, new threshold 8 (max 8)
- age   1:    5719088 bytes,    5719088 total
- age   2:    2838912 bytes,    8558000 total
- age   3:    1078584 bytes,    9636584 total
- age   4:    2092144 bytes,   11728728 total
- age   5:    2600808 bytes,   14329536 total
- age   6:    1920168 bytes,   16249704 total
- age   7:    1851656 bytes,   18101360 total
- age   8:    1737464 bytes,   19838824 total
: 109248K->21824K(109248K), 0.0091794 secs] 150123K->68144K(502464K), 0.0092278 secs] [Times: user=0.02 sys=0.00, real=0.01 secs] 
Heap after GC invocations=17 (full 1):
 par new generation   total 109248K, used 21824K [0x00000000e0000000, 0x00000000e8000000, 0x00000000e8000000)
  eden space 87424K,   0% used [0x00000000e0000000, 0x00000000e0000000, 0x00000000e5560000)
  from space 21824K, 100% used [0x00000000e6ab0000, 0x00000000e8000000, 0x00000000e8000000)
  to   space 21824K,   0% used [0x00000000e5560000, 0x00000000e5560000, 0x00000000e6ab0000)
 concurrent mark-sweep generation total 393216K, used 46320K [0x00000000e8000000, 0x0000000100000000, 0x0000000100000000)
 Metaspace       used 29047K, capacity 29432K, committed 29772K, reserved 1075200K
  class space    used 3459K, capacity 3582K, committed 3660K, reserved 1048576K
}
2015-09-09T15:20:29.025+0200: 24.283: Total time for which application threads were stopped: 0.0093711 seconds, Stopping threads took: 0.0000138 seconds
{Heap before GC invocations=17 (full 1):
 par new generation   total 109248K, used 109248K [0x00000000e0000000, 0x00000000e8000000, 0x00000000e8000000)
  eden space 87424K, 100% used [0x00000000e0000000, 0x00000000e5560000, 0x00000000e5560000)
  from space 21824K, 100% used [0x00000000e6ab0000, 0x00000000e8000000, 0x00000000e8000000)
  to   space 21824K,   0% used [0x00000000e5560000, 0x00000000e5560000, 0x00000000e6ab0000)
 concurrent mark-sweep generation total 393216K, used 46320K [0x00000000e8000000, 0x0000000100000000, 0x0000000100000000)
 Metaspace       used 29047K, capacity 29432K, committed 29772K, reserved 1075200K
  class space    used 3459K, capacity 3582K, committed 3660K, reserved 1048576K
2015-09-09T15:20:29.298+0200: 24.556: [GC (Allocation Failure) 24.556: [ParNew
Desired survivor size 20112992 bytes, new threshold 8 (max 8)
- age   1:    6163680 bytes,    6163680 total
- age   2:    2207752 bytes,    8371432 total
- age   3:    2727864 bytes,   11099296 total
- age   4:    1051600 bytes,   12150896 total
- age   5:    2082560 bytes,   14233456 total
- age   6:    2592328 bytes,   16825784 total
- age   7:    1908528 bytes,   18734312 total
- age   8:    1841352 bytes,   20575664 total
: 109248K->21824K(109248K), 0.0093878 secs] 155568K->74146K(502464K), 0.0094402 secs] [Times: user=0.06 sys=0.00, real=0.01 secs] 
Heap after GC invocations=18 (full 1):
 par new generation   total 109248K, used 21824K [0x00000000e0000000, 0x00000000e8000000, 0x00000000e8000000)
  eden space 87424K,   0% used [0x00000000e0000000, 0x00000000e0000000, 0x00000000e5560000)
  from space 21824K, 100% used [0x00000000e5560000, 0x00000000e6ab0000, 0x00000000e6ab0000)
  to   space 21824K,   0% used [0x00000000e6ab0000, 0x00000000e6ab0000, 0x00000000e8000000)
 concurrent mark-sweep generation total 393216K, used 52322K [0x00000000e8000000, 0x0000000100000000, 0x0000000100000000)
 Metaspace       used 29047K, capacity 29432K, committed 29772K, reserved 1075200K
  class space    used 3459K, capacity 3582K, committed 3660K, reserved 1048576K
}
2015-09-09T15:20:29.307+0200: 24.566: Total time for which application threads were stopped: 0.0095823 seconds, Stopping threads took: 0.0000138 seconds
{Heap before GC invocations=18 (full 1):
 par new generation   total 109248K, used 109248K [0x00000000e0000000, 0x00000000e8000000, 0x00000000e8000000)
  eden space 87424K, 100% used [0x00000000e0000000, 0x00000000e5560000, 0x00000000e5560000)
  from space 21824K, 100% used [0x00000000e5560000, 0x00000000e6ab0000, 0x00000000e6ab0000)
  to   space 21824K,   0% used [0x00000000e6ab0000, 0x00000000e6ab0000, 0x00000000e8000000)
 concurrent mark-sweep generation total 393216K, used 52322K [0x00000000e8000000, 0x0000000100000000, 0x0000000100000000)
 Metaspace       used 29048K, capacity 29432K, committed 29772K, reserved 1075200K
  class space    used 3459K, capacity 3582K, committed 3660K, reserved 1048576K
2015-09-09T15:20:29.605+0200: 24.863: [GC (Allocation Failure) 24.863: [ParNew
Desired survivor size 20112992 bytes, new threshold 8 (max 8)
- age   1:    3813016 bytes,    3813016 total
- age   2:    4665192 bytes,    8478208 total
- age   3:    2108848 bytes,   10587056 total
- age   4:    2694528 bytes,   13281584 total
- age   5:    1032640 bytes,   14314224 total
- age   6:    2065880 bytes,   16380104 total
- age   7:    2057304 bytes,   18437408 total
- age   8:    1896648 bytes,   20334056 total
: 109248K->21824K(109248K), 0.0096770 secs] 161570K->79507K(502464K), 0.0097263 secs] [Times: user=0.00 sys=0.00, real=0.01 secs] 
Heap after GC invocations=19 (full 1):
 par new generation   total 109248K, used 21824K [0x00000000e0000000, 0x00000000e8000000, 0x00000000e8000000)
  eden space 87424K,   0% used [0x00000000e0000000, 0x00000000e0000000, 0x00000000e5560000)
  from space 21824K, 100% used [0x00000000e6ab0000, 0x00000000e8000000, 0x00000000e8000000)
  to   space 21824K,   0% used [0x00000000e5560000, 0x00000000e5560000, 0x00000000e6ab0000)
 concurrent mark-sweep generation total 393216K, used 57683K [0x00000000e8000000, 0x0000000100000000, 0x0000000100000000)
 Metaspace       used 29048K, capacity 29432K, committed 29772K, reserved 1075200K
  class space    used 3459K, capacity 3582K, committed 3660K, reserved 1048576K
}
2015-09-09T15:20:29.614+0200: 24.872: Total time for which application threads were stopped: 0.0099173 seconds, Stopping threads took: 0.0000138 seconds
{Heap before GC invocations=19 (full 1):
 par new generation   total 109248K, used 109248K [0x00000000e0000000, 0x00000000e8000000, 0x00000000e8000000)
  eden space 87424K, 100% used [0x00000000e0000000, 0x00000000e5560000, 0x00000000e5560000)
  from space 21824K, 100% used [0x00000000e6ab0000, 0x00000000e8000000, 0x00000000e8000000)
  to   space 21824K,   0% used [0x00000000e5560000, 0x00000000e5560000, 0x00000000e6ab0000)
 concurrent mark-sweep generation total 393216K, used 57683K [0x00000000e8000000, 0x0000000100000000, 0x0000000100000000)
 Metaspace       used 29048K, capacity 29432K, committed 29772K, reserved 1075200K
  class space    used 3459K, capacity 3582K, committed 3660K, reserved 1048576K
2015-09-09T15:20:29.894+0200: 25.152: [GC (Allocation Failure) 25.152: [ParNew
Desired survivor size 20112992 bytes, new threshold 8 (max 8)
- age   1:    5366952 bytes,    5366952 total
- age   2:    3613072 bytes,    8980024 total
- age   3:    1903416 bytes,   10883440 total
- age   4:    2058896 bytes,   12942336 total
- age   5:    2678008 bytes,   15620344 total
- age   6:    1023264 bytes,   16643608 total
- age   7:    2056064 bytes,   18699672 total
- age   8:    2048752 bytes,   20748424 total
: 109248K->21824K(109248K), 0.0096236 secs] 166931K->85712K(502464K), 0.0096754 secs] [Times: user=0.06 sys=0.00, real=0.01 secs] 
Heap after GC invocations=20 (full 1):
 par new generation   total 109248K, used 21824K [0x00000000e0000000, 0x00000000e8000000, 0x00000000e8000000)
  eden space 87424K,   0% used [0x00000000e0000000, 0x00000000e0000000, 0x00000000e5560000)
  from space 21824K, 100% used [0x00000000e5560000, 0x00000000e6ab0000, 0x00000000e6ab0000)
  to   space 21824K,   0% used [0x00000000e6ab0000, 0x00000000e6ab0000, 0x00000000e8000000)
 concurrent mark-sweep generation total 393216K, used 63888K [0x00000000e8000000, 0x0000000100000000, 0x0000000100000000)
 Metaspace       used 29048K, capacity 29432K, committed 29772K, reserved 1075200K
  class space    used 3459K, capacity 3582K, committed 3660K, reserved 1048576K
}
2015-09-09T15:20:29.904+0200: 25.162: Total time for which application threads were stopped: 0.0098121 seconds, Stopping threads took: 0.0000141 seconds
{Heap before GC invocations=20 (full 1):
 par new generation   total 109248K, used 109248K [0x00000000e0000000, 0x00000000e8000000, 0x00000000e8000000)
  eden space 87424K, 100% used [0x00000000e0000000, 0x00000000e5560000, 0x00000000e5560000)
  from space 21824K, 100% used [0x00000000e5560000, 0x00000000e6ab0000, 0x00000000e6ab0000)
  to   space 21824K,   0% used [0x00000000e6ab0000, 0x00000000e6ab0000, 0x00000000e8000000)
 concurrent mark-sweep generation total 393216K, used 63888K [0x00000000e8000000, 0x0000000100000000, 0x0000000100000000)
 Metaspace       used 29048K, capacity 29432K, committed 29772K, reserved 1075200K
  class space    used 3459K, capacity 3582K, committed 3660K, reserved 1048576K
2015-09-09T15:20:30.194+0200: 25.452: [GC (Allocation Failure) 25.452: [ParNew
Desired survivor size 20112992 bytes, new threshold 8 (max 8)
- age   1:    3150064 bytes,    3150064 total
- age   2:    4839592 bytes,    7989656 total
- age   3:    2738672 bytes,   10728328 total
- age   4:    1864160 bytes,   12592488 total
- age   5:    2035920 bytes,   14628408 total
- age   6:    2672688 bytes,   17301096 total
- age   7:    1019448 bytes,   18320544 total
- age   8:    2051152 bytes,   20371696 total
: 109248K->21824K(109248K), 0.0097228 secs] 173136K->90445K(502464K), 0.0097711 secs] [Times: user=0.00 sys=0.00, real=0.01 secs] 
Heap after GC invocations=21 (full 1):
 par new generation   total 109248K, used 21824K [0x00000000e0000000, 0x00000000e8000000, 0x00000000e8000000)
  eden space 87424K,   0% used [0x00000000e0000000, 0x00000000e0000000, 0x00000000e5560000)
  from space 21824K, 100% used [0x00000000e6ab0000, 0x00000000e8000000, 0x00000000e8000000)
  to   space 21824K,   0% used [0x00000000e5560000, 0x00000000e5560000, 0x00000000e6ab0000)
 concurrent mark-sweep generation total 393216K, used 68621K [0x00000000e8000000, 0x0000000100000000, 0x0000000100000000)
 Metaspace       used 29048K, capacity 29432K, committed 29772K, reserved 1075200K
  class space    used 3459K, capacity 3582K, committed 3660K, reserved 1048576K
}
2015-09-09T15:20:30.204+0200: 25.462: Total time for which application threads were stopped: 0.0099266 seconds, Stopping threads took: 0.0000138 seconds
{Heap before GC invocations=21 (full 1):
 par new generation   total 109248K, used 109248K [0x00000000e0000000, 0x00000000e8000000, 0x00000000e8000000)
  eden space 87424K, 100% used [0x00000000e0000000, 0x00000000e5560000, 0x00000000e5560000)
  from space 21824K, 100% used [0x00000000e6ab0000, 0x00000000e8000000, 0x00000000e8000000)
  to   space 21824K,   0% used [0x00000000e5560000, 0x00000000e5560000, 0x00000000e6ab0000)
 concurrent mark-sweep generation total 393216K, used 68621K [0x00000000e8000000, 0x0000000100000000, 0x0000000100000000)
 Metaspace       used 29048K, capacity 29432K, committed 29772K, reserved 1075200K
  class space    used 3459K, capacity 3582K, committed 3660K, reserved 1048576K
2015-09-09T15:20:30.480+0200: 25.738: [GC (Allocation Failure) 25.738: [ParNew
Desired survivor size 20112992 bytes, new threshold 8 (max 8)
- age   1:    4835720 bytes,    4835720 total
- age   2:    3117168 bytes,    7952888 total
- age   3:    2112752 bytes,   10065640 total
- age   4:    2698496 bytes,   12764136 total
- age   5:    1820632 bytes,   14584768 total
- age   6:    2006608 bytes,   16591376 total
- age   7:    2672408 bytes,   19263784 total
- age   8:    1019144 bytes,   20282928 total
: 109248K->21824K(109248K), 0.0098114 secs] 177869K->97517K(502464K), 0.0098620 secs] [Times: user=0.02 sys=0.00, real=0.01 secs] 
Heap after GC invocations=22 (full 1):
 par new generation   total 109248K, used 21824K [0x00000000e0000000, 0x00000000e8000000, 0x00000000e8000000)
  eden space 87424K,   0% used [0x00000000e0000000, 0x00000000e0000000, 0x00000000e5560000)
  from space 21824K, 100% used [0x00000000e5560000, 0x00000000e6ab0000, 0x00000000e6ab0000)
  to   space 21824K,   0% used [0x00000000e6ab0000, 0x00000000e6ab0000, 0x00000000e8000000)
 concurrent mark-sweep generation total 393216K, used 75693K [0x00000000e8000000, 0x0000000100000000, 0x0000000100000000)
 Metaspace       used 29048K, capacity 29432K, committed 29772K, reserved 1075200K
  class space    used 3459K, capacity 3582K, committed 3660K, reserved 1048576K
}
2015-09-09T15:20:30.490+0200: 25.748: Total time for which application threads were stopped: 0.0099983 seconds, Stopping threads took: 0.0000134 seconds
{Heap before GC invocations=22 (full 1):
 par new generation   total 109248K, used 109248K [0x00000000e0000000, 0x00000000e8000000, 0x00000000e8000000)
  eden space 87424K, 100% used [0x00000000e0000000, 0x00000000e5560000, 0x00000000e5560000)
  from space 21824K, 100% used [0x00000000e5560000, 0x00000000e6ab0000, 0x00000000e6ab0000)
  to   space 21824K,   0% used [0x00000000e6ab0000, 0x00000000e6ab0000, 0x00000000e8000000)
 concurrent mark-sweep generation total 393216K, used 75693K [0x00000000e8000000, 0x0000000100000000, 0x0000000100000000)
 Metaspace       used 29049K, capacity 29432K, committed 29772K, reserved 1075200K
  class space    used 3459K, capacity 3582K, committed 3660K, reserved 1048576K
2015-09-09T15:20:30.782+0200: 26.040: [GC (Allocation Failure) 26.040: [ParNew
Desired survivor size 20112992 bytes, new threshold 8 (max 8)
- age   1:    2751096 bytes,    2751096 total
- age   2:    4648936 bytes,    7400032 total
- age   3:    1874072 bytes,    9274104 total
- age   4:    2084048 bytes,   11358152 total
- age   5:    2675112 bytes,   14033264 total
- age   6:    1801040 bytes,   15834304 total
- age   7:    1991504 bytes,   17825808 total
- age   8:    2662464 bytes,   20488272 total
: 109248K->21824K(109248K), 0.0098377 secs] 184941K->101824K(502464K), 0.0098863 secs] [Times: user=0.06 sys=0.00, real=0.01 secs] 
Heap after GC invocations=23 (full 1):
 par new generation   total 109248K, used 21824K [0x00000000e0000000, 0x00000000e8000000, 0x00000000e8000000)
  eden space 87424K,   0% used [0x00000000e0000000, 0x00000000e0000000, 0x00000000e5560000)
  from space 21824K, 100% used [0x00000000e6ab0000, 0x00000000e8000000, 0x00000000e8000000)
  to   space 21824K,   0% used [0x00000000e5560000, 0x00000000e5560000, 0x00000000e6ab0000)
 concurrent mark-sweep generation total 393216K, used 80000K [0x00000000e8000000, 0x0000000100000000, 0x0000000100000000)
 Metaspace       used 29049K, capacity 29432K, committed 29772K, reserved 1075200K
  class space    used 3459K, capacity 3582K, committed 3660K, reserved 1048576K
}
2015-09-09T15:20:30.792+0200: 26.050: Total time for which application threads were stopped: 0.0100351 seconds, Stopping threads took: 0.0000144 seconds
{Heap before GC invocations=23 (full 1):
 par new generation   total 109248K, used 109248K [0x00000000e0000000, 0x00000000e8000000, 0x00000000e8000000)
  eden space 87424K, 100% used [0x00000000e0000000, 0x00000000e5560000, 0x00000000e5560000)
  from space 21824K, 100% used [0x00000000e6ab0000, 0x00000000e8000000, 0x00000000e8000000)
  to   space 21824K,   0% used [0x00000000e5560000, 0x00000000e5560000, 0x00000000e6ab0000)
 concurrent mark-sweep generation total 393216K, used 80000K [0x00000000e8000000, 0x0000000100000000, 0x0000000100000000)
 Metaspace       used 29049K, capacity 29432K, committed 29772K, reserved 1075200K
  class space    used 3459K, capacity 3582K, committed 3660K, reserved 1048576K
2015-09-09T15:20:31.082+0200: 26.340: [GC (Allocation Failure) 26.340: [ParNew
Desired survivor size 20112992 bytes, new threshold 8 (max 8)
- age   1:    3655824 bytes,    3655824 total
- age   2:    1772616 bytes,    5428440 total
- age   3:    4029160 bytes,    9457600 total
- age   4:    1861960 bytes,   11319560 total
- age   5:    2074000 bytes,   13393560 total
- age   6:    2665896 bytes,   16059456 total
- age   7:    1766280 bytes,   17825736 total
- age   8:    1984648 bytes,   19810384 total
: 109248K->21824K(109248K), 0.0098799 secs] 189248K->107334K(502464K), 0.0099282 secs] [Times: user=0.00 sys=0.00, real=0.01 secs] 
Heap after GC invocations=24 (full 1):
 par new generation   total 109248K, used 21824K [0x00000000e0000000, 0x00000000e8000000, 0x00000000e8000000)
  eden space 87424K,   0% used [0x00000000e0000000, 0x00000000e0000000, 0x00000000e5560000)
  from space 21824K, 100% used [0x00000000e5560000, 0x00000000e6ab0000, 0x00000000e6ab0000)
  to   space 21824K,   0% used [0x00000000e6ab0000, 0x00000000e6ab0000, 0x00000000e8000000)
 concurrent mark-sweep generation total 393216K, used 85510K [0x00000000e8000000, 0x0000000100000000, 0x0000000100000000)
 Metaspace       used 29049K, capacity 29432K, committed 29772K, reserved 1075200K
  class space    used 3459K, capacity 3582K, committed 3660K, reserved 1048576K
}
2015-09-09T15:20:31.092+0200: 26.350: Total time for which application threads were stopped: 0.0100636 seconds, Stopping threads took: 0.0000138 seconds
{Heap before GC invocations=24 (full 1):
 par new generation   total 109248K, used 109248K [0x00000000e0000000, 0x00000000e8000000, 0x00000000e8000000)
  eden space 87424K, 100% used [0x00000000e0000000, 0x00000000e5560000, 0x00000000e5560000)
  from space 21824K, 100% used [0x00000000e5560000, 0x00000000e6ab0000, 0x00000000e6ab0000)
  to   space 21824K,   0% used [0x00000000e6ab0000, 0x00000000e6ab0000, 0x00000000e8000000)
 concurrent mark-sweep generation total 393216K, used 85510K [0x00000000e8000000, 0x0000000100000000, 0x0000000100000000)
 Metaspace       used 29049K, capacity 29432K, committed 29772K, reserved 1075200K
  class space    used 3459K, capacity 3582K, committed 3660K, reserved 1048576K
2015-09-09T15:20:31.370+0200: 26.628: [GC (Allocation Failure) 26.628: [ParNew
Desired survivor size 20112992 bytes, new threshold 8 (max 8)
- age   1:    3536656 bytes,    3536656 total
- age   2:    3113456 bytes,    6650112 total
- age   3:    1669712 bytes,    8319824 total
- age   4:    2080504 bytes,   10400328 total
- age   5:    1849992 bytes,   12250320 total
- age   6:    2063104 bytes,   14313424 total
- age   7:    2654080 bytes,   16967504 total
- age   8:    1756600 bytes,   18724104 total
: 109248K->21824K(109248K), 0.0111676 secs] 194758K->116341K(502464K), 0.0112159 secs] [Times: user=0.06 sys=0.00, real=0.01 secs] 
Heap after GC invocations=25 (full 1):
 par new generation   total 109248K, used 21824K [0x00000000e0000000, 0x00000000e8000000, 0x00000000e8000000)
  eden space 87424K,   0% used [0x00000000e0000000, 0x00000000e0000000, 0x00000000e5560000)
  from space 21824K, 100% used [0x00000000e6ab0000, 0x00000000e8000000, 0x00000000e8000000)
  to   space 21824K,   0% used [0x00000000e5560000, 0x00000000e5560000, 0x00000000e6ab0000)
 concurrent mark-sweep generation total 393216K, used 94517K [0x00000000e8000000, 0x0000000100000000, 0x0000000100000000)
 Metaspace       used 29049K, capacity 29432K, committed 29772K, reserved 1075200K
  class space    used 3459K, capacity 3582K, committed 3660K, reserved 1048576K
}
2015-09-09T15:20:31.381+0200: 26.639: Total time for which application threads were stopped: 0.0113513 seconds, Stopping threads took: 0.0000144 seconds
{Heap before GC invocations=25 (full 1):
 par new generation   total 109248K, used 109248K [0x00000000e0000000, 0x00000000e8000000, 0x00000000e8000000)
  eden space 87424K, 100% used [0x00000000e0000000, 0x00000000e5560000, 0x00000000e5560000)
  from space 21824K, 100% used [0x00000000e6ab0000, 0x00000000e8000000, 0x00000000e8000000)
  to   space 21824K,   0% used [0x00000000e5560000, 0x00000000e5560000, 0x00000000e6ab0000)
 concurrent mark-sweep generation total 393216K, used 94517K [0x00000000e8000000, 0x0000000100000000, 0x0000000100000000)
 Metaspace       used 29049K, capacity 29432K, committed 29772K, reserved 1075200K
  class space    used 3459K, capacity 3582K, committed 3660K, reserved 1048576K
2015-09-09T15:20:31.681+0200: 26.940: [GC (Allocation Failure) 26.940: [ParNew
Desired survivor size 20112992 bytes, new threshold 8 (max 8)
- age   1:    3600728 bytes,    3600728 total
- age   2:    3304664 bytes,    6905392 total
- age   3:    2698792 bytes,    9604184 total
- age   4:    1441488 bytes,   11045672 total
- age   5:    2024008 bytes,   13069680 total
- age   6:    1795544 bytes,   14865224 total
- age   7:    2001328 bytes,   16866552 total
- age   8:    2581696 bytes,   19448248 total
: 109248K->21824K(109248K), 0.0112521 secs] 203765K->119873K(502464K), 0.0113026 secs] [Times: user=0.06 sys=0.00, real=0.01 secs] 
Heap after GC invocations=26 (full 1):
 par new generation   total 109248K, used 21824K [0x00000000e0000000, 0x00000000e8000000, 0x00000000e8000000)
  eden space 87424K,   0% used [0x00000000e0000000, 0x00000000e0000000, 0x00000000e5560000)
  from space 21824K, 100% used [0x00000000e5560000, 0x00000000e6ab0000, 0x00000000e6ab0000)
  to   space 21824K,   0% used [0x00000000e6ab0000, 0x00000000e6ab0000, 0x00000000e8000000)
 concurrent mark-sweep generation total 393216K, used 98049K [0x00000000e8000000, 0x0000000100000000, 0x0000000100000000)
 Metaspace       used 29049K, capacity 29432K, committed 29772K, reserved 1075200K
  class space    used 3459K, capacity 3582K, committed 3660K, reserved 1048576K
}
2015-09-09T15:20:31.693+0200: 26.951: Total time for which application threads were stopped: 0.0114393 seconds, Stopping threads took: 0.0000134 seconds
{Heap before GC invocations=26 (full 1):
 par new generation   total 109248K, used 109248K [0x00000000e0000000, 0x00000000e8000000, 0x00000000e8000000)
  eden space 87424K, 100% used [0x00000000e0000000, 0x00000000e5560000, 0x00000000e5560000)
  from space 21824K, 100% used [0x00000000e5560000, 0x00000000e6ab0000, 0x00000000e6ab0000)
  to   space 21824K,   0% used [0x00000000e6ab0000, 0x00000000e6ab0000, 0x00000000e8000000)
 concurrent mark-sweep generation total 393216K, used 98049K [0x00000000e8000000, 0x0000000100000000, 0x0000000100000000)
 Metaspace       used 29049K, capacity 29432K, committed 29772K, reserved 1075200K
  class space    used 3459K, capacity 3582K, committed 3660K, reserved 1048576K
2015-09-09T15:20:32.004+0200: 27.262: [GC (Allocation Failure) 27.262: [ParNew
Desired survivor size 20112992 bytes, new threshold 8 (max 8)
- age   1:    4281584 bytes,    4281584 total
- age   2:    2377080 bytes,    6658664 total
- age   3:    2412976 bytes,    9071640 total
- age   4:    1831808 bytes,   10903448 total
- age   5:    1431408 bytes,   12334856 total
- age   6:    2015856 bytes,   14350712 total
- age   7:    1787336 bytes,   16138048 total
- age   8:    1994752 bytes,   18132800 total
: 109248K->21824K(109248K), 0.0110796 secs] 207297K->131504K(502464K), 0.0111266 secs] [Times: user=0.00 sys=0.00, real=0.01 secs] 
Heap after GC invocations=27 (full 1):
 par new generation   total 109248K, used 21824K [0x00000000e0000000, 0x00000000e8000000, 0x00000000e8000000)
  eden space 87424K,   0% used [0x00000000e0000000, 0x00000000e0000000, 0x00000000e5560000)
  from space 21824K, 100% used [0x00000000e6ab0000, 0x00000000e8000000, 0x00000000e8000000)
  to   space 21824K,   0% used [0x00000000e5560000, 0x00000000e5560000, 0x00000000e6ab0000)
 concurrent mark-sweep generation total 393216K, used 109680K [0x00000000e8000000, 0x0000000100000000, 0x0000000100000000)
 Metaspace       used 29049K, capacity 29432K, committed 29772K, reserved 1075200K
  class space    used 3459K, capacity 3582K, committed 3660K, reserved 1048576K
}
2015-09-09T15:20:32.015+0200: 27.273: Total time for which application threads were stopped: 0.0112642 seconds, Stopping threads took: 0.0000134 seconds
{Heap before GC invocations=27 (full 1):
 par new generation   total 109248K, used 109248K [0x00000000e0000000, 0x00000000e8000000, 0x00000000e8000000)
  eden space 87424K, 100% used [0x00000000e0000000, 0x00000000e5560000, 0x00000000e5560000)
  from space 21824K, 100% used [0x00000000e6ab0000, 0x00000000e8000000, 0x00000000e8000000)
  to   space 21824K,   0% used [0x00000000e5560000, 0x00000000e5560000, 0x00000000e6ab0000)
 concurrent mark-sweep generation total 393216K, used 109680K [0x00000000e8000000, 0x0000000100000000, 0x0000000100000000)
 Metaspace       used 29049K, capacity 29432K, committed 29772K, reserved 1075200K
  class space    used 3459K, capacity 3582K, committed 3660K, reserved 1048576K
2015-09-09T15:20:32.289+0200: 27.547: [GC (Allocation Failure) 27.547: [ParNew
Desired survivor size 20112992 bytes, new threshold 8 (max 8)
- age   1:    3829408 bytes,    3829408 total
- age   2:    3159328 bytes,    6988736 total
- age   3:    2164896 bytes,    9153632 total
- age   4:    1303248 bytes,   10456880 total
- age   5:    1825984 bytes,   12282864 total
- age   6:    1427192 bytes,   13710056 total
- age   7:    2011624 bytes,   15721680 total
- age   8:    1783272 bytes,   17504952 total
: 109248K->21824K(109248K), 0.0100517 secs] 218928K->141817K(502464K), 0.0101282 secs] [Times: user=0.02 sys=0.00, real=0.01 secs] 
Heap after GC invocations=28 (full 1):
 par new generation   total 109248K, used 21824K [0x00000000e0000000, 0x00000000e8000000, 0x00000000e8000000)
  eden space 87424K,   0% used [0x00000000e0000000, 0x00000000e0000000, 0x00000000e5560000)
  from space 21824K, 100% used [0x00000000e5560000, 0x00000000e6ab0000, 0x00000000e6ab0000)
  to   space 21824K,   0% used [0x00000000e6ab0000, 0x00000000e6ab0000, 0x00000000e8000000)
 concurrent mark-sweep generation total 393216K, used 119993K [0x00000000e8000000, 0x0000000100000000, 0x0000000100000000)
 Metaspace       used 29049K, capacity 29432K, committed 29772K, reserved 1075200K
  class space    used 3459K, capacity 3582K, committed 3660K, reserved 1048576K
}
2015-09-09T15:20:32.299+0200: 27.558: Total time for which application threads were stopped: 0.0102786 seconds, Stopping threads took: 0.0000134 seconds
{Heap before GC invocations=28 (full 1):
 par new generation   total 109248K, used 109248K [0x00000000e0000000, 0x00000000e8000000, 0x00000000e8000000)
  eden space 87424K, 100% used [0x00000000e0000000, 0x00000000e5560000, 0x00000000e5560000)
  from space 21824K, 100% used [0x00000000e5560000, 0x00000000e6ab0000, 0x00000000e6ab0000)
  to   space 21824K,   0% used [0x00000000e6ab0000, 0x00000000e6ab0000, 0x00000000e8000000)
 concurrent mark-sweep generation total 393216K, used 119993K [0x00000000e8000000, 0x0000000100000000, 0x0000000100000000)
 Metaspace       used 29049K, capacity 29432K, committed 29772K, reserved 1075200K
  class space    used 3459K, capacity 3582K, committed 3660K, reserved 1048576K
2015-09-09T15:20:32.586+0200: 27.844: [GC (Allocation Failure) 27.844: [ParNew
Desired survivor size 20112992 bytes, new threshold 8 (max 8)
- age   1:    4838304 bytes,    4838304 total
- age   2:    2567504 bytes,    7405808 total
- age   3:    1723408 bytes,    9129216 total
- age   4:    2146208 bytes,   11275424 total
- age   5:    1294896 bytes,   12570320 total
- age   6:    1817032 bytes,   14387352 total
- age   7:    1420136 bytes,   15807488 total
- age   8:    2005768 bytes,   17813256 total
: 109248K->21824K(109248K), 0.0097781 secs] 229241K->146543K(502464K), 0.0098290 secs] [Times: user=0.02 sys=0.00, real=0.01 secs] 
Heap after GC invocations=29 (full 1):
 par new generation   total 109248K, used 21824K [0x00000000e0000000, 0x00000000e8000000, 0x00000000e8000000)
  eden space 87424K,   0% used [0x00000000e0000000, 0x00000000e0000000, 0x00000000e5560000)
  from space 21824K, 100% used [0x00000000e6ab0000, 0x00000000e8000000, 0x00000000e8000000)
  to   space 21824K,   0% used [0x00000000e5560000, 0x00000000e5560000, 0x00000000e6ab0000)
 concurrent mark-sweep generation total 393216K, used 124719K [0x00000000e8000000, 0x0000000100000000, 0x0000000100000000)
 Metaspace       used 29049K, capacity 29432K, committed 29772K, reserved 1075200K
  class space    used 3459K, capacity 3582K, committed 3660K, reserved 1048576K
}
2015-09-09T15:20:32.596+0200: 27.854: Total time for which application threads were stopped: 0.0099628 seconds, Stopping threads took: 0.0000138 seconds
{Heap before GC invocations=29 (full 1):
 par new generation   total 109248K, used 109248K [0x00000000e0000000, 0x00000000e8000000, 0x00000000e8000000)
  eden space 87424K, 100% used [0x00000000e0000000, 0x00000000e5560000, 0x00000000e5560000)
  from space 21824K, 100% used [0x00000000e6ab0000, 0x00000000e8000000, 0x00000000e8000000)
  to   space 21824K,   0% used [0x00000000e5560000, 0x00000000e5560000, 0x00000000e6ab0000)
 concurrent mark-sweep generation total 393216K, used 124719K [0x00000000e8000000, 0x0000000100000000, 0x0000000100000000)
 Metaspace       used 29050K, capacity 29432K, committed 29772K, reserved 1075200K
  class space    used 3459K, capacity 3582K, committed 3660K, reserved 1048576K
2015-09-09T15:20:32.896+0200: 28.154: [GC (Allocation Failure) 28.154: [ParNew
Desired survivor size 20112992 bytes, new threshold 8 (max 8)
- age   1:    2546424 bytes,    2546424 total
- age   2:    4705984 bytes,    7252408 total
- age   3:    2442760 bytes,    9695168 total
- age   4:    1578872 bytes,   11274040 total
- age   5:    2128680 bytes,   13402720 total
- age   6:    1280328 bytes,   14683048 total
- age   7:    1805280 bytes,   16488328 total
- age   8:    1411792 bytes,   17900120 total
: 109248K->21824K(109248K), 0.0101919 secs] 233967K->149117K(502464K), 0.0102412 secs] [Times: user=0.00 sys=0.00, real=0.01 secs] 
Heap after GC invocations=30 (full 1):
 par new generation   total 109248K, used 21824K [0x00000000e0000000, 0x00000000e8000000, 0x00000000e8000000)
  eden space 87424K,   0% used [0x00000000e0000000, 0x00000000e0000000, 0x00000000e5560000)
  from space 21824K, 100% used [0x00000000e5560000, 0x00000000e6ab0000, 0x00000000e6ab0000)
  to   space 21824K,   0% used [0x00000000e6ab0000, 0x00000000e6ab0000, 0x00000000e8000000)
 concurrent mark-sweep generation total 393216K, used 127293K [0x00000000e8000000, 0x0000000100000000, 0x0000000100000000)
 Metaspace       used 29050K, capacity 29432K, committed 29772K, reserved 1075200K
  class space    used 3459K, capacity 3582K, committed 3660K, reserved 1048576K
}
2015-09-09T15:20:32.906+0200: 28.165: Total time for which application threads were stopped: 0.0103801 seconds, Stopping threads took: 0.0000147 seconds
{Heap before GC invocations=30 (full 1):
 par new generation   total 109248K, used 109248K [0x00000000e0000000, 0x00000000e8000000, 0x00000000e8000000)
  eden space 87424K, 100% used [0x00000000e0000000, 0x00000000e5560000, 0x00000000e5560000)
  from space 21824K, 100% used [0x00000000e5560000, 0x00000000e6ab0000, 0x00000000e6ab0000)
  to   space 21824K,   0% used [0x00000000e6ab0000, 0x00000000e6ab0000, 0x00000000e8000000)
 concurrent mark-sweep generation total 393216K, used 127293K [0x00000000e8000000, 0x0000000100000000, 0x0000000100000000)
 Metaspace       used 29050K, capacity 29432K, committed 29772K, reserved 1075200K
  class space    used 3459K, capacity 3582K, committed 3660K, reserved 1048576K
2015-09-09T15:20:33.174+0200: 28.432: [GC (Allocation Failure) 28.432: [ParNew
Desired survivor size 20112992 bytes, new threshold 8 (max 8)
- age   1:    3764880 bytes,    3764880 total
- age   2:    2463720 bytes,    6228600 total
- age   3:    4114520 bytes,   10343120 total
- age   4:    1119744 bytes,   11462864 total
- age   5:    1373824 bytes,   12836688 total
- age   6:    2118728 bytes,   14955416 total
- age   7:    1266560 bytes,   16221976 total
- age   8:    1786312 bytes,   18008288 total
: 109248K->21824K(109248K), 0.0114425 secs] 236541K->160340K(502464K), 0.0114924 secs] [Times: user=0.00 sys=0.00, real=0.01 secs] 
Heap after GC invocations=31 (full 1):
 par new generation   total 109248K, used 21824K [0x00000000e0000000, 0x00000000e8000000, 0x00000000e8000000)
  eden space 87424K,   0% used [0x00000000e0000000, 0x00000000e0000000, 0x00000000e5560000)
  from space 21824K, 100% used [0x00000000e6ab0000, 0x00000000e8000000, 0x00000000e8000000)
  to   space 21824K,   0% used [0x00000000e5560000, 0x00000000e5560000, 0x00000000e6ab0000)
 concurrent mark-sweep generation total 393216K, used 138516K [0x00000000e8000000, 0x0000000100000000, 0x0000000100000000)
 Metaspace       used 29050K, capacity 29432K, committed 29772K, reserved 1075200K
  class space    used 3459K, capacity 3582K, committed 3660K, reserved 1048576K
}
2015-09-09T15:20:33.186+0200: 28.444: Total time for which application threads were stopped: 0.0116332 seconds, Stopping threads took: 0.0000138 seconds
{Heap before GC invocations=31 (full 1):
 par new generation   total 109248K, used 109248K [0x00000000e0000000, 0x00000000e8000000, 0x00000000e8000000)
  eden space 87424K, 100% used [0x00000000e0000000, 0x00000000e5560000, 0x00000000e5560000)
  from space 21824K, 100% used [0x00000000e6ab0000, 0x00000000e8000000, 0x00000000e8000000)
  to   space 21824K,   0% used [0x00000000e5560000, 0x00000000e5560000, 0x00000000e6ab0000)
 concurrent mark-sweep generation total 393216K, used 138516K [0x00000000e8000000, 0x0000000100000000, 0x0000000100000000)
 Metaspace       used 29050K, capacity 29432K, committed 29772K, reserved 1075200K
  class space    used 3459K, capacity 3582K, committed 3660K, reserved 1048576K
2015-09-09T15:20:33.489+0200: 28.748: [GC (Allocation Failure) 28.748: [ParNew
Desired survivor size 20112992 bytes, new threshold 8 (max 8)
- age   1:    5415736 bytes,    5415736 total
- age   2:    3462392 bytes,    8878128 total
- age   3:    2395168 bytes,   11273296 total
- age   4:    2224128 bytes,   13497424 total
- age   5:    1087944 bytes,   14585368 total
- age   6:    1367736 bytes,   15953104 total
- age   7:    2112976 bytes,   18066080 total
- age   8:    1263336 bytes,   19329416 total
: 109248K->21824K(109248K), 0.0104933 secs] 247764K->167117K(502464K), 0.0105372 secs] [Times: user=0.02 sys=0.00, real=0.01 secs] 
Heap after GC invocations=32 (full 1):
 par new generation   total 109248K, used 21824K [0x00000000e0000000, 0x00000000e8000000, 0x00000000e8000000)
  eden space 87424K,   0% used [0x00000000e0000000, 0x00000000e0000000, 0x00000000e5560000)
  from space 21824K, 100% used [0x00000000e5560000, 0x00000000e6ab0000, 0x00000000e6ab0000)
  to   space 21824K,   0% used [0x00000000e6ab0000, 0x00000000e6ab0000, 0x00000000e8000000)
 concurrent mark-sweep generation total 393216K, used 145293K [0x00000000e8000000, 0x0000000100000000, 0x0000000100000000)
 Metaspace       used 29050K, capacity 29432K, committed 29772K, reserved 1075200K
  class space    used 3459K, capacity 3582K, committed 3660K, reserved 1048576K
}
2015-09-09T15:20:33.500+0200: 28.758: Total time for which application threads were stopped: 0.0106709 seconds, Stopping threads took: 0.0000141 seconds
{Heap before GC invocations=32 (full 1):
 par new generation   total 109248K, used 109248K [0x00000000e0000000, 0x00000000e8000000, 0x00000000e8000000)
  eden space 87424K, 100% used [0x00000000e0000000, 0x00000000e5560000, 0x00000000e5560000)
  from space 21824K, 100% used [0x00000000e5560000, 0x00000000e6ab0000, 0x00000000e6ab0000)
  to   space 21824K,   0% used [0x00000000e6ab0000, 0x00000000e6ab0000, 0x00000000e8000000)
 concurrent mark-sweep generation total 393216K, used 145293K [0x00000000e8000000, 0x0000000100000000, 0x0000000100000000)
 Metaspace       used 29050K, capacity 29432K, committed 29772K, reserved 1075200K
  class space    used 3459K, capacity 3582K, committed 3660K, reserved 1048576K
2015-09-09T15:20:33.796+0200: 29.055: [GC (Allocation Failure) 29.055: [ParNew
Desired survivor size 20112992 bytes, new threshold 8 (max 8)
- age   1:    2694760 bytes,    2694760 total
- age   2:    4905992 bytes,    7600752 total
- age   3:    3774016 bytes,   11374768 total
- age   4:    2642312 bytes,   14017080 total
- age   5:    2572416 bytes,   16589496 total
- age   6:    1420200 bytes,   18009696 total
- age   7:    1470544 bytes,   19480240 total
- age   8:    1953320 bytes,   21433560 total
: 109248K->21824K(109248K), 0.0103173 secs] 254541K->169973K(502464K), 0.0103900 secs] [Times: user=0.00 sys=0.01, real=0.01 secs] 
Heap after GC invocations=33 (full 1):
 par new generation   total 109248K, used 21824K [0x00000000e0000000, 0x00000000e8000000, 0x00000000e8000000)
  eden space 87424K,   0% used [0x00000000e0000000, 0x00000000e0000000, 0x00000000e5560000)
  from space 21824K, 100% used [0x00000000e6ab0000, 0x00000000e8000000, 0x00000000e8000000)
  to   space 21824K,   0% used [0x00000000e5560000, 0x00000000e5560000, 0x00000000e6ab0000)
 concurrent mark-sweep generation total 393216K, used 148149K [0x00000000e8000000, 0x0000000100000000, 0x0000000100000000)
 Metaspace       used 29050K, capacity 29432K, committed 29772K, reserved 1075200K
  class space    used 3459K, capacity 3582K, committed 3660K, reserved 1048576K
}
2015-09-09T15:20:33.807+0200: 29.065: Total time for which application threads were stopped: 0.0105314 seconds, Stopping threads took: 0.0000147 seconds
{Heap before GC invocations=33 (full 1):
 par new generation   total 109248K, used 109248K [0x00000000e0000000, 0x00000000e8000000, 0x00000000e8000000)
  eden space 87424K, 100% used [0x00000000e0000000, 0x00000000e5560000, 0x00000000e5560000)
  from space 21824K, 100% used [0x00000000e6ab0000, 0x00000000e8000000, 0x00000000e8000000)
  to   space 21824K,   0% used [0x00000000e5560000, 0x00000000e5560000, 0x00000000e6ab0000)
 concurrent mark-sweep generation total 393216K, used 148149K [0x00000000e8000000, 0x0000000100000000, 0x0000000100000000)
 Metaspace       used 29056K, capacity 29432K, committed 29772K, reserved 1075200K
  class space    used 3459K, capacity 3582K, committed 3660K, reserved 1048576K
2015-09-09T15:20:34.109+0200: 29.367: [GC (Allocation Failure) 29.367: [ParNew
Desired survivor size 20112992 bytes, new threshold 8 (max 8)
- age   1:    2563928 bytes,    2563928 total
- age   2:    2540112 bytes,    5104040 total
- age   3:    3217712 bytes,    8321752 total
- age   4:    2057936 bytes,   10379688 total
- age   5:    2256840 bytes,   12636528 total
- age   6:    2194352 bytes,   14830880 total
- age   7:    1071992 bytes,   15902872 total
- age   8:    1120432 bytes,   17023304 total
: 109248K->21824K(109248K), 0.0104812 secs] 257397K->174642K(502464K), 0.0105298 secs] [Times: user=0.00 sys=0.00, real=0.01 secs] 
Heap after GC invocations=34 (full 1):
 par new generation   total 109248K, used 21824K [0x00000000e0000000, 0x00000000e8000000, 0x00000000e8000000)
  eden space 87424K,   0% used [0x00000000e0000000, 0x00000000e0000000, 0x00000000e5560000)
  from space 21824K, 100% used [0x00000000e5560000, 0x00000000e6ab0000, 0x00000000e6ab0000)
  to   space 21824K,   0% used [0x00000000e6ab0000, 0x00000000e6ab0000, 0x00000000e8000000)
 concurrent mark-sweep generation total 393216K, used 152818K [0x00000000e8000000, 0x0000000100000000, 0x0000000100000000)
 Metaspace       used 29056K, capacity 29432K, committed 29772K, reserved 1075200K
  class space    used 3459K, capacity 3582K, committed 3660K, reserved 1048576K
}
2015-09-09T15:20:34.119+0200: 29.378: Total time for which application threads were stopped: 0.0106700 seconds, Stopping threads took: 0.0000141 seconds
{Heap before GC invocations=34 (full 1):
 par new generation   total 109248K, used 109248K [0x00000000e0000000, 0x00000000e8000000, 0x00000000e8000000)
  eden space 87424K, 100% used [0x00000000e0000000, 0x00000000e5560000, 0x00000000e5560000)
  from space 21824K, 100% used [0x00000000e5560000, 0x00000000e6ab0000, 0x00000000e6ab0000)
  to   space 21824K,   0% used [0x00000000e6ab0000, 0x00000000e6ab0000, 0x00000000e8000000)
 concurrent mark-sweep generation total 393216K, used 152818K [0x00000000e8000000, 0x0000000100000000, 0x0000000100000000)
 Metaspace       used 29058K, capacity 29432K, committed 29772K, reserved 1075200K
  class space    used 3459K, capacity 3582K, committed 3660K, reserved 1048576K
2015-09-09T15:20:34.367+0200: 29.626: [GC (Allocation Failure) 29.626: [ParNew
Desired survivor size 20112992 bytes, new threshold 8 (max 8)
- age   1:    4928104 bytes,    4928104 total
- age   2:    2350584 bytes,    7278688 total
- age   3:    2502224 bytes,    9780912 total
- age   4:    2884248 bytes,   12665160 total
- age   5:    2021984 bytes,   14687144 total
- age   6:    2246968 bytes,   16934112 total
- age   7:    2191584 bytes,   19125696 total
- age   8:    1068968 bytes,   20194664 total
: 109248K->21824K(109248K), 0.0126882 secs] 262066K->190511K(502464K), 0.0127394 secs] [Times: user=0.06 sys=0.00, real=0.01 secs] 
Heap after GC invocations=35 (full 1):
 par new generation   total 109248K, used 21824K [0x00000000e0000000, 0x00000000e8000000, 0x00000000e8000000)
  eden space 87424K,   0% used [0x00000000e0000000, 0x00000000e0000000, 0x00000000e5560000)
  from space 21824K, 100% used [0x00000000e6ab0000, 0x00000000e8000000, 0x00000000e8000000)
  to   space 21824K,   0% used [0x00000000e5560000, 0x00000000e5560000, 0x00000000e6ab0000)
 concurrent mark-sweep generation total 393216K, used 168687K [0x00000000e8000000, 0x0000000100000000, 0x0000000100000000)
 Metaspace       used 29058K, capacity 29432K, committed 29772K, reserved 1075200K
  class space    used 3459K, capacity 3582K, committed 3660K, reserved 1048576K
}
2015-09-09T15:20:34.380+0200: 29.639: Total time for which application threads were stopped: 0.0128802 seconds, Stopping threads took: 0.0000141 seconds
{Heap before GC invocations=35 (full 1):
 par new generation   total 109248K, used 109248K [0x00000000e0000000, 0x00000000e8000000, 0x00000000e8000000)
  eden space 87424K, 100% used [0x00000000e0000000, 0x00000000e5560000, 0x00000000e5560000)
  from space 21824K, 100% used [0x00000000e6ab0000, 0x00000000e8000000, 0x00000000e8000000)
  to   space 21824K,   0% used [0x00000000e5560000, 0x00000000e5560000, 0x00000000e6ab0000)
 concurrent mark-sweep generation total 393216K, used 168687K [0x00000000e8000000, 0x0000000100000000, 0x0000000100000000)
 Metaspace       used 29058K, capacity 29432K, committed 29772K, reserved 1075200K
  class space    used 3459K, capacity 3582K, committed 3660K, reserved 1048576K
2015-09-09T15:20:34.680+0200: 29.939: [GC (Allocation Failure) 29.939: [ParNew
Desired survivor size 20112992 bytes, new threshold 8 (max 8)
- age   1:    2098560 bytes,    2098560 total
- age   2:    4714088 bytes,    6812648 total
- age   3:    2321768 bytes,    9134416 total
- age   4:    2470504 bytes,   11604920 total
- age   5:    2858480 bytes,   14463400 total
- age   6:    1996280 bytes,   16459680 total
- age   7:    2224200 bytes,   18683880 total
- age   8:    2169576 bytes,   20853456 total
: 109248K->21824K(109248K), 0.0110978 secs] 277935K->192255K(502464K), 0.0111458 secs] [Times: user=0.06 sys=0.00, real=0.01 secs] 
Heap after GC invocations=36 (full 1):
 par new generation   total 109248K, used 21824K [0x00000000e0000000, 0x00000000e8000000, 0x00000000e8000000)
  eden space 87424K,   0% used [0x00000000e0000000, 0x00000000e0000000, 0x00000000e5560000)
  from space 21824K, 100% used [0x00000000e5560000, 0x00000000e6ab0000, 0x00000000e6ab0000)
  to   space 21824K,   0% used [0x00000000e6ab0000, 0x00000000e6ab0000, 0x00000000e8000000)
 concurrent mark-sweep generation total 393216K, used 170431K [0x00000000e8000000, 0x0000000100000000, 0x0000000100000000)
 Metaspace       used 29058K, capacity 29432K, committed 29772K, reserved 1075200K
  class space    used 3459K, capacity 3582K, committed 3660K, reserved 1048576K
}
2015-09-09T15:20:34.691+0200: 29.950: Total time for which application threads were stopped: 0.0112818 seconds, Stopping threads took: 0.0000157 seconds
{Heap before GC invocations=36 (full 1):
 par new generation   total 109248K, used 109248K [0x00000000e0000000, 0x00000000e8000000, 0x00000000e8000000)
  eden space 87424K, 100% used [0x00000000e0000000, 0x00000000e5560000, 0x00000000e5560000)
  from space 21824K, 100% used [0x00000000e5560000, 0x00000000e6ab0000, 0x00000000e6ab0000)
  to   space 21824K,   0% used [0x00000000e6ab0000, 0x00000000e6ab0000, 0x00000000e8000000)
 concurrent mark-sweep generation total 393216K, used 170431K [0x00000000e8000000, 0x0000000100000000, 0x0000000100000000)
 Metaspace       used 29058K, capacity 29432K, committed 29772K, reserved 1075200K
  class space    used 3459K, capacity 3582K, committed 3660K, reserved 1048576K
2015-09-09T15:20:34.993+0200: 30.252: [GC (Allocation Failure) 30.252: [ParNew
Desired survivor size 20112992 bytes, new threshold 8 (max 8)
- age   1:    1631216 bytes,    1631216 total
- age   2:    1471648 bytes,    3102864 total
- age   3:    4713104 bytes,    7815968 total
- age   4:    1402568 bytes,    9218536 total
- age   5:    1747976 bytes,   10966512 total
- age   6:    2857584 bytes,   13824096 total
- age   7:    1995376 bytes,   15819472 total
- age   8:    2223304 bytes,   18042776 total
: 109248K->21824K(109248K), 0.0108220 secs] 279679K->197706K(502464K), 0.0108681 secs] [Times: user=0.06 sys=0.00, real=0.01 secs] 
Heap after GC invocations=37 (full 1):
 par new generation   total 109248K, used 21824K [0x00000000e0000000, 0x00000000e8000000, 0x00000000e8000000)
  eden space 87424K,   0% used [0x00000000e0000000, 0x00000000e0000000, 0x00000000e5560000)
  from space 21824K, 100% used [0x00000000e6ab0000, 0x00000000e8000000, 0x00000000e8000000)
  to   space 21824K,   0% used [0x00000000e5560000, 0x00000000e5560000, 0x00000000e6ab0000)
 concurrent mark-sweep generation total 393216K, used 175882K [0x00000000e8000000, 0x0000000100000000, 0x0000000100000000)
 Metaspace       used 29058K, capacity 29432K, committed 29772K, reserved 1075200K
  class space    used 3459K, capacity 3582K, committed 3660K, reserved 1048576K
}
2015-09-09T15:20:35.004+0200: 30.263: Total time for which application threads were stopped: 0.0110009 seconds, Stopping threads took: 0.0000134 seconds
{Heap before GC invocations=37 (full 1):
 par new generation   total 109248K, used 109235K [0x00000000e0000000, 0x00000000e8000000, 0x00000000e8000000)
  eden space 87424K,  99% used [0x00000000e0000000, 0x00000000e555cd08, 0x00000000e5560000)
  from space 21824K, 100% used [0x00000000e6ab0000, 0x00000000e8000000, 0x00000000e8000000)
  to   space 21824K,   0% used [0x00000000e5560000, 0x00000000e5560000, 0x00000000e6ab0000)
 concurrent mark-sweep generation total 393216K, used 175882K [0x00000000e8000000, 0x0000000100000000, 0x0000000100000000)
 Metaspace       used 29058K, capacity 29432K, committed 29772K, reserved 1075200K
  class space    used 3459K, capacity 3582K, committed 3660K, reserved 1048576K
2015-09-09T15:20:35.303+0200: 30.562: [GC (Allocation Failure) 30.562: [ParNew
Desired survivor size 20112992 bytes, new threshold 8 (max 8)
- age   1:    2117184 bytes,    2117184 total
- age   2:    1558424 bytes,    3675608 total
- age   3:    1392512 bytes,    5068120 total
- age   4:    4306176 bytes,    9374296 total
- age   5:    1302680 bytes,   10676976 total
- age   6:    1690784 bytes,   12367760 total
- age   7:    2850960 bytes,   15218720 total
- age   8:    1989272 bytes,   17207992 total
: 109235K->21824K(109248K), 0.0115042 secs] 285117K->202237K(502464K), 0.0115535 secs] [Times: user=0.06 sys=0.00, real=0.01 secs] 
Heap after GC invocations=38 (full 1):
 par new generation   total 109248K, used 21824K [0x00000000e0000000, 0x00000000e8000000, 0x00000000e8000000)
  eden space 87424K,   0% used [0x00000000e0000000, 0x00000000e0000000, 0x00000000e5560000)
  from space 21824K, 100% used [0x00000000e5560000, 0x00000000e6ab0000, 0x00000000e6ab0000)
  to   space 21824K,   0% used [0x00000000e6ab0000, 0x00000000e6ab0000, 0x00000000e8000000)
 concurrent mark-sweep generation total 393216K, used 180413K [0x00000000e8000000, 0x0000000100000000, 0x0000000100000000)
 Metaspace       used 29058K, capacity 29432K, committed 29772K, reserved 1075200K
  class space    used 3459K, capacity 3582K, committed 3660K, reserved 1048576K
}
2015-09-09T15:20:35.315+0200: 30.573: Total time for which application threads were stopped: 0.0116933 seconds, Stopping threads took: 0.0000144 seconds
{Heap before GC invocations=38 (full 1):
 par new generation   total 109248K, used 109248K [0x00000000e0000000, 0x00000000e8000000, 0x00000000e8000000)
  eden space 87424K, 100% used [0x00000000e0000000, 0x00000000e5560000, 0x00000000e5560000)
  from space 21824K, 100% used [0x00000000e5560000, 0x00000000e6ab0000, 0x00000000e6ab0000)
  to   space 21824K,   0% used [0x00000000e6ab0000, 0x00000000e6ab0000, 0x00000000e8000000)
 concurrent mark-sweep generation total 393216K, used 180413K [0x00000000e8000000, 0x0000000100000000, 0x0000000100000000)
 Metaspace       used 29059K, capacity 29432K, committed 29772K, reserved 1075200K
  class space    used 3459K, capacity 3582K, committed 3660K, reserved 1048576K
2015-09-09T15:20:35.603+0200: 30.861: [GC (Allocation Failure) 30.861: [ParNew
Desired survivor size 20112992 bytes, new threshold 8 (max 8)
- age   1:    7496376 bytes,    7496376 total
- age   2:    2093856 bytes,    9590232 total
- age   3:    1536992 bytes,   11127224 total
- age   4:    1366872 bytes,   12494096 total
- age   5:    1087544 bytes,   13581640 total
- age   6:    1296088 bytes,   14877728 total
- age   7:    1684928 bytes,   16562656 total
- age   8:    2943792 bytes,   19506448 total
: 109248K->21824K(109248K), 0.0110441 secs] 289661K->205069K(502464K), 0.0110911 secs] [Times: user=0.05 sys=0.02, real=0.01 secs] 
Heap after GC invocations=39 (full 1):
 par new generation   total 109248K, used 21824K [0x00000000e0000000, 0x00000000e8000000, 0x00000000e8000000)
  eden space 87424K,   0% used [0x00000000e0000000, 0x00000000e0000000, 0x00000000e5560000)
  from space 21824K, 100% used [0x00000000e6ab0000, 0x00000000e8000000, 0x00000000e8000000)
  to   space 21824K,   0% used [0x00000000e5560000, 0x00000000e5560000, 0x00000000e6ab0000)
 concurrent mark-sweep generation total 393216K, used 183245K [0x00000000e8000000, 0x0000000100000000, 0x0000000100000000)
 Metaspace       used 29059K, capacity 29432K, committed 29772K, reserved 1075200K
  class space    used 3459K, capacity 3582K, committed 3660K, reserved 1048576K
}
2015-09-09T15:20:35.614+0200: 30.873: Total time for which application threads were stopped: 0.0112313 seconds, Stopping threads took: 0.0000138 seconds
{Heap before GC invocations=39 (full 1):
 par new generation   total 109248K, used 109248K [0x00000000e0000000, 0x00000000e8000000, 0x00000000e8000000)
  eden space 87424K, 100% used [0x00000000e0000000, 0x00000000e5560000, 0x00000000e5560000)
  from space 21824K, 100% used [0x00000000e6ab0000, 0x00000000e8000000, 0x00000000e8000000)
  to   space 21824K,   0% used [0x00000000e5560000, 0x00000000e5560000, 0x00000000e6ab0000)
 concurrent mark-sweep generation total 393216K, used 183245K [0x00000000e8000000, 0x0000000100000000, 0x0000000100000000)
 Metaspace       used 29060K, capacity 29432K, committed 29772K, reserved 1075200K
  class space    used 3459K, capacity 3582K, committed 3660K, reserved 1048576K
2015-09-09T15:20:35.876+0200: 31.135: [GC (Allocation Failure) 31.135: [ParNew
Desired survivor size 20112992 bytes, new threshold 8 (max 8)
- age   1:    4070784 bytes,    4070784 total
- age   2:    6447488 bytes,   10518272 total
- age   3:    2093240 bytes,   12611512 total
- age   4:    1536312 bytes,   14147824 total
- age   5:    1366216 bytes,   15514040 total
- age   6:    1087128 bytes,   16601168 total
- age   7:    1295944 bytes,   17897112 total
- age   8:    1684664 bytes,   19581776 total
: 109248K->21824K(109248K), 0.0129410 secs] 292493K->219117K(502464K), 0.0129896 secs] [Times: user=0.05 sys=0.00, real=0.01 secs] 
Heap after GC invocations=40 (full 1):
 par new generation   total 109248K, used 21824K [0x00000000e0000000, 0x00000000e8000000, 0x00000000e8000000)
  eden space 87424K,   0% used [0x00000000e0000000, 0x00000000e0000000, 0x00000000e5560000)
  from space 21824K, 100% used [0x00000000e5560000, 0x00000000e6ab0000, 0x00000000e6ab0000)
  to   space 21824K,   0% used [0x00000000e6ab0000, 0x00000000e6ab0000, 0x00000000e8000000)
 concurrent mark-sweep generation total 393216K, used 197293K [0x00000000e8000000, 0x0000000100000000, 0x0000000100000000)
 Metaspace       used 29060K, capacity 29432K, committed 29772K, reserved 1075200K
  class space    used 3459K, capacity 3582K, committed 3660K, reserved 1048576K
}
2015-09-09T15:20:35.890+0200: 31.148: Total time for which application threads were stopped: 0.0131295 seconds, Stopping threads took: 0.0000134 seconds
2015-09-09T15:20:35.890+0200: 31.148: [GC (CMS Initial Mark) [1 CMS-initial-mark: 197293K(393216K)] 220898K(502464K), 0.0011101 secs] [Times: user=0.00 sys=0.00, real=0.00 secs] 
2015-09-09T15:20:35.891+0200: 31.149: Total time for which application threads were stopped: 0.0012093 seconds, Stopping threads took: 0.0000355 seconds
2015-09-09T15:20:35.891+0200: 31.149: [CMS-concurrent-mark-start]
2015-09-09T15:20:35.910+0200: 31.168: [CMS-concurrent-mark: 0.019/0.019 secs] [Times: user=0.06 sys=0.00, real=0.02 secs] 
2015-09-09T15:20:35.910+0200: 31.168: [CMS-concurrent-preclean-start]
2015-09-09T15:20:35.911+0200: 31.169: [CMS-concurrent-preclean: 0.001/0.001 secs] [Times: user=0.00 sys=0.00, real=0.00 secs] 
2015-09-09T15:20:35.911+0200: 31.169: [GC (CMS Final Remark) [YG occupancy: 23605 K (109248 K)]{Heap before GC invocations=40 (full 2):
 par new generation   total 109248K, used 23605K [0x00000000e0000000, 0x00000000e8000000, 0x00000000e8000000)
  eden space 87424K,   2% used [0x00000000e0000000, 0x00000000e01bd4e8, 0x00000000e5560000)
  from space 21824K, 100% used [0x00000000e5560000, 0x00000000e6ab0000, 0x00000000e6ab0000)
  to   space 21824K,   0% used [0x00000000e6ab0000, 0x00000000e6ab0000, 0x00000000e8000000)
 concurrent mark-sweep generation total 393216K, used 197293K [0x00000000e8000000, 0x0000000100000000, 0x0000000100000000)
 Metaspace       used 29060K, capacity 29432K, committed 29772K, reserved 1075200K
  class space    used 3459K, capacity 3582K, committed 3660K, reserved 1048576K
2015-09-09T15:20:35.911+0200: 31.169: [GC (CMS Final Remark) 31.169: [ParNew
Desired survivor size 20112992 bytes, new threshold 8 (max 8)
- age   1:     183880 bytes,     183880 total
- age   2:    4046480 bytes,    4230360 total
- age   3:    4934304 bytes,    9164664 total
- age   4:    2089448 bytes,   11254112 total
- age   5:    1342304 bytes,   12596416 total
- age   6:    1362536 bytes,   13958952 total
- age   7:    1084664 bytes,   15043616 total
- age   8:    1295400 bytes,   16339016 total
: 23605K->21824K(109248K), 0.0096367 secs] 220898K->222305K(502464K), 0.0096710 secs] [Times: user=0.05 sys=0.02, real=0.01 secs] 
Heap after GC invocations=41 (full 2):
 par new generation   total 109248K, used 21824K [0x00000000e0000000, 0x00000000e8000000, 0x00000000e8000000)
  eden space 87424K,   0% used [0x00000000e0000000, 0x00000000e0000000, 0x00000000e5560000)
  from space 21824K, 100% used [0x00000000e6ab0000, 0x00000000e8000000, 0x00000000e8000000)
  to   space 21824K,   0% used [0x00000000e5560000, 0x00000000e5560000, 0x00000000e6ab0000)
 concurrent mark-sweep generation total 393216K, used 200481K [0x00000000e8000000, 0x0000000100000000, 0x0000000100000000)
 Metaspace       used 29060K, capacity 29432K, committed 29772K, reserved 1075200K
  class space    used 3459K, capacity 3582K, committed 3660K, reserved 1048576K
}
31.179: [Rescan (parallel) , 0.0037289 secs]31.183: [weak refs processing, 0.0005603 secs]31.183: [class unloading, 0.0048992 secs]31.188: [scrub symbol table, 0.0030057 secs]31.191: [scrub string table, 0.0003485 secs][1 CMS-remark: 200481K(393216K)] 222305K(502464K), 0.0235252 secs] [Times: user=0.06 sys=0.02, real=0.02 secs] 
2015-09-09T15:20:35.934+0200: 31.193: Total time for which application threads were stopped: 0.0236254 seconds, Stopping threads took: 0.0000432 seconds
2015-09-09T15:20:35.935+0200: 31.193: [CMS-concurrent-sweep-start]
2015-09-09T15:20:35.946+0200: 31.204: [CMS-concurrent-sweep: 0.011/0.011 secs] [Times: user=0.00 sys=0.00, real=0.01 secs] 
2015-09-09T15:20:35.946+0200: 31.204: [CMS-concurrent-reset-start]
2015-09-09T15:20:35.946+0200: 31.205: [CMS-concurrent-reset: 0.000/0.000 secs] [Times: user=0.00 sys=0.00, real=0.00 secs] 
2015-09-09T15:20:36.935+0200: 32.192: Total time for which application threads were stopped: 0.0002013 seconds, Stopping threads took: 0.0000957 seconds
2015-09-09T15:20:37.058+0200: 32.315: Total time for which application threads were stopped: 0.0003382 seconds, Stopping threads took: 0.0000128 seconds
{Heap before GC invocations=41 (full 2):
 par new generation   total 109248K, used 109248K [0x00000000e0000000, 0x00000000e8000000, 0x00000000e8000000)
  eden space 87424K, 100% used [0x00000000e0000000, 0x00000000e5560000, 0x00000000e5560000)
  from space 21824K, 100% used [0x00000000e6ab0000, 0x00000000e8000000, 0x00000000e8000000)
  to   space 21824K,   0% used [0x00000000e5560000, 0x00000000e5560000, 0x00000000e6ab0000)
 concurrent mark-sweep generation total 393216K, used 109829K [0x00000000e8000000, 0x0000000100000000, 0x0000000100000000)
 Metaspace       used 29433K, capacity 29784K, committed 30028K, reserved 1075200K
  class space    used 3486K, capacity 3614K, committed 3660K, reserved 1048576K
2015-09-09T15:20:37.377+0200: 32.634: [GC (Allocation Failure) 32.634: [ParNew
Desired survivor size 20112992 bytes, new threshold 8 (max 8)
- age   1:    4659104 bytes,    4659104 total
- age   2:     180488 bytes,    4839592 total
- age   3:    3981296 bytes,    8820888 total
- age   4:    4863168 bytes,   13684056 total
- age   5:    2030800 bytes,   15714856 total
- age   6:    1281488 bytes,   16996344 total
- age   7:    1301816 bytes,   18298160 total
- age   8:    1035080 bytes,   19333240 total
: 109248K->21824K(109248K), 0.0113433 secs] 219077K->132888K(502464K), 0.0113900 secs] [Times: user=0.06 sys=0.00, real=0.01 secs] 
Heap after GC invocations=42 (full 2):
 par new generation   total 109248K, used 21824K [0x00000000e0000000, 0x00000000e8000000, 0x00000000e8000000)
  eden space 87424K,   0% used [0x00000000e0000000, 0x00000000e0000000, 0x00000000e5560000)
  from space 21824K, 100% used [0x00000000e5560000, 0x00000000e6ab0000, 0x00000000e6ab0000)
  to   space 21824K,   0% used [0x00000000e6ab0000, 0x00000000e6ab0000, 0x00000000e8000000)
 concurrent mark-sweep generation total 393216K, used 111064K [0x00000000e8000000, 0x0000000100000000, 0x0000000100000000)
 Metaspace       used 29433K, capacity 29784K, committed 30028K, reserved 1075200K
  class space    used 3486K, capacity 3614K, committed 3660K, reserved 1048576K
}
2015-09-09T15:20:37.388+0200: 32.646: Total time for which application threads were stopped: 0.0116089 seconds, Stopping threads took: 0.0000173 seconds
{Heap before GC invocations=42 (full 2):
 par new generation   total 109248K, used 109248K [0x00000000e0000000, 0x00000000e8000000, 0x00000000e8000000)
  eden space 87424K, 100% used [0x00000000e0000000, 0x00000000e5560000, 0x00000000e5560000)
  from space 21824K, 100% used [0x00000000e5560000, 0x00000000e6ab0000, 0x00000000e6ab0000)
  to   space 21824K,   0% used [0x00000000e6ab0000, 0x00000000e6ab0000, 0x00000000e8000000)
 concurrent mark-sweep generation total 393216K, used 111064K [0x00000000e8000000, 0x0000000100000000, 0x0000000100000000)
 Metaspace       used 29441K, capacity 29784K, committed 30028K, reserved 1075200K
  class space    used 3486K, capacity 3614K, committed 3660K, reserved 1048576K
2015-09-09T15:20:37.526+0200: 32.783: [GC (Allocation Failure) 32.783: [ParNew
Desired survivor size 20112992 bytes, new threshold 8 (max 8)
- age   1:     110064 bytes,     110064 total
- age   2:    4291952 bytes,    4402016 total
- age   3:     180488 bytes,    4582504 total
- age   4:    3981296 bytes,    8563800 total
- age   5:    4863168 bytes,   13426968 total
- age   6:    2030800 bytes,   15457768 total
- age   7:    1281488 bytes,   16739256 total
- age   8:    1301816 bytes,   18041072 total
: 109248K->21824K(109248K), 0.0075279 secs] 220312K->134091K(502464K), 0.0075769 secs] [Times: user=0.00 sys=0.00, real=0.01 secs] 
Heap after GC invocations=43 (full 2):
 par new generation   total 109248K, used 21824K [0x00000000e0000000, 0x00000000e8000000, 0x00000000e8000000)
  eden space 87424K,   0% used [0x00000000e0000000, 0x00000000e0000000, 0x00000000e5560000)
  from space 21824K, 100% used [0x00000000e6ab0000, 0x00000000e8000000, 0x00000000e8000000)
  to   space 21824K,   0% used [0x00000000e5560000, 0x00000000e5560000, 0x00000000e6ab0000)
 concurrent mark-sweep generation total 393216K, used 112267K [0x00000000e8000000, 0x0000000100000000, 0x0000000100000000)
 Metaspace       used 29441K, capacity 29784K, committed 30028K, reserved 1075200K
  class space    used 3486K, capacity 3614K, committed 3660K, reserved 1048576K
}
2015-09-09T15:20:37.533+0200: 32.791: Total time for which application threads were stopped: 0.0077506 seconds, Stopping threads took: 0.0000253 seconds
{Heap before GC invocations=43 (full 2):
 par new generation   total 109248K, used 109248K [0x00000000e0000000, 0x00000000e8000000, 0x00000000e8000000)
  eden space 87424K, 100% used [0x00000000e0000000, 0x00000000e5560000, 0x00000000e5560000)
  from space 21824K, 100% used [0x00000000e6ab0000, 0x00000000e8000000, 0x00000000e8000000)
  to   space 21824K,   0% used [0x00000000e5560000, 0x00000000e5560000, 0x00000000e6ab0000)
 concurrent mark-sweep generation total 393216K, used 112267K [0x00000000e8000000, 0x0000000100000000, 0x0000000100000000)
 Metaspace       used 29442K, capacity 29784K, committed 30028K, reserved 1075200K
  class space    used 3486K, capacity 3614K, committed 3660K, reserved 1048576K
2015-09-09T15:20:37.671+0200: 32.929: [GC (Allocation Failure) 32.929: [ParNew
Desired survivor size 20112992 bytes, new threshold 8 (max 8)
- age   1:      97984 bytes,      97984 total
- age   2:      30944 bytes,     128928 total
- age   3:    4291760 bytes,    4420688 total
- age   4:     180488 bytes,    4601176 total
- age   5:    3981296 bytes,    8582472 total
- age   6:    4863168 bytes,   13445640 total
- age   7:    2030800 bytes,   15476440 total
- age   8:    1281488 bytes,   16757928 total
: 109248K->18731K(109248K), 0.0175330 secs] 221515K->132300K(502464K), 0.0175803 secs] [Times: user=0.06 sys=0.00, real=0.02 secs] 
Heap after GC invocations=44 (full 2):
 par new generation   total 109248K, used 18731K [0x00000000e0000000, 0x00000000e8000000, 0x00000000e8000000)
  eden space 87424K,   0% used [0x00000000e0000000, 0x00000000e0000000, 0x00000000e5560000)
  from space 21824K,  85% used [0x00000000e5560000, 0x00000000e67aaff0, 0x00000000e6ab0000)
  to   space 21824K,   0% used [0x00000000e6ab0000, 0x00000000e6ab0000, 0x00000000e8000000)
 concurrent mark-sweep generation total 393216K, used 113568K [0x00000000e8000000, 0x0000000100000000, 0x0000000100000000)
 Metaspace       used 29442K, capacity 29784K, committed 30028K, reserved 1075200K
  class space    used 3486K, capacity 3614K, committed 3660K, reserved 1048576K
}
2015-09-09T15:20:37.689+0200: 32.946: Total time for which application threads were stopped: 0.0177371 seconds, Stopping threads took: 0.0000160 seconds
2015-09-09T15:20:37.869+0200: 33.126: Total time for which application threads were stopped: 0.0001088 seconds, Stopping threads took: 0.0000160 seconds
{Heap before GC invocations=44 (full 2):
 par new generation   total 109248K, used 106155K [0x00000000e0000000, 0x00000000e8000000, 0x00000000e8000000)
  eden space 87424K, 100% used [0x00000000e0000000, 0x00000000e5560000, 0x00000000e5560000)
  from space 21824K,  85% used [0x00000000e5560000, 0x00000000e67aaff0, 0x00000000e6ab0000)
  to   space 21824K,   0% used [0x00000000e6ab0000, 0x00000000e6ab0000, 0x00000000e8000000)
 concurrent mark-sweep generation total 393216K, used 113568K [0x00000000e8000000, 0x0000000100000000, 0x0000000100000000)
 Metaspace       used 29446K, capacity 29784K, committed 30028K, reserved 1075200K
  class space    used 3487K, capacity 3614K, committed 3660K, reserved 1048576K
2015-09-09T15:20:37.879+0200: 33.136: [GC (Allocation Failure) 33.136: [ParNew
Desired survivor size 20112992 bytes, new threshold 8 (max 8)
- age   1:     224704 bytes,     224704 total
- age   3:        896 bytes,     225600 total
- age   4:    4271264 bytes,    4496864 total
- age   5:     180488 bytes,    4677352 total
- age   6:    3981296 bytes,    8658648 total
- age   7:    4863168 bytes,   13521816 total
- age   8:    2030824 bytes,   15552640 total
: 106155K->21824K(109248K), 0.0076306 secs] 219724K->136673K(502464K), 0.0076822 secs] [Times: user=0.06 sys=0.00, real=0.01 secs] 
Heap after GC invocations=45 (full 2):
 par new generation   total 109248K, used 21824K [0x00000000e0000000, 0x00000000e8000000, 0x00000000e8000000)
  eden space 87424K,   0% used [0x00000000e0000000, 0x00000000e0000000, 0x00000000e5560000)
  from space 21824K, 100% used [0x00000000e6ab0000, 0x00000000e8000000, 0x00000000e8000000)
  to   space 21824K,   0% used [0x00000000e5560000, 0x00000000e5560000, 0x00000000e6ab0000)
 concurrent mark-sweep generation total 393216K, used 114849K [0x00000000e8000000, 0x0000000100000000, 0x0000000100000000)
 Metaspace       used 29446K, capacity 29784K, committed 30028K, reserved 1075200K
  class space    used 3487K, capacity 3614K, committed 3660K, reserved 1048576K
}
2015-09-09T15:20:37.886+0200: 33.144: Total time for which application threads were stopped: 0.0078329 seconds, Stopping threads took: 0.0000150 seconds
{Heap before GC invocations=45 (full 2):
 par new generation   total 109248K, used 109248K [0x00000000e0000000, 0x00000000e8000000, 0x00000000e8000000)
  eden space 87424K, 100% used [0x00000000e0000000, 0x00000000e5560000, 0x00000000e5560000)
  from space 21824K, 100% used [0x00000000e6ab0000, 0x00000000e8000000, 0x00000000e8000000)
  to   space 21824K,   0% used [0x00000000e5560000, 0x00000000e5560000, 0x00000000e6ab0000)
 concurrent mark-sweep generation total 393216K, used 114849K [0x00000000e8000000, 0x0000000100000000, 0x0000000100000000)
 Metaspace       used 29447K, capacity 29784K, committed 30028K, reserved 1075200K
  class space    used 3487K, capacity 3614K, committed 3660K, reserved 1048576K
2015-09-09T15:20:38.061+0200: 33.318: [GC (Allocation Failure) 33.318: [ParNew
Desired survivor size 20112992 bytes, new threshold 8 (max 8)
- age   1:      91216 bytes,      91216 total
- age   2:       4128 bytes,      95344 total
- age   4:        896 bytes,      96240 total
- age   5:    4271200 bytes,    4367440 total
- age   6:     180488 bytes,    4547928 total
- age   7:    5724480 bytes,   10272408 total
- age   8:    4863192 bytes,   15135600 total
: 109248K->14631K(109248K), 0.0095039 secs] 224097K->131493K(502464K), 0.0095519 secs] [Times: user=0.00 sys=0.00, real=0.01 secs] 
Heap after GC invocations=46 (full 2):
 par new generation   total 109248K, used 14631K [0x00000000e0000000, 0x00000000e8000000, 0x00000000e8000000)
  eden space 87424K,   0% used [0x00000000e0000000, 0x00000000e0000000, 0x00000000e5560000)
  from space 21824K,  67% used [0x00000000e5560000, 0x00000000e63a9fd8, 0x00000000e6ab0000)
  to   space 21824K,   0% used [0x00000000e6ab0000, 0x00000000e6ab0000, 0x00000000e8000000)
 concurrent mark-sweep generation total 393216K, used 116861K [0x00000000e8000000, 0x0000000100000000, 0x0000000100000000)
 Metaspace       used 29447K, capacity 29784K, committed 30028K, reserved 1075200K
  class space    used 3487K, capacity 3614K, committed 3660K, reserved 1048576K
}
2015-09-09T15:20:38.070+0200: 33.328: Total time for which application threads were stopped: 0.0097157 seconds, Stopping threads took: 0.0000163 seconds
{Heap before GC invocations=46 (full 2):
 par new generation   total 109248K, used 102055K [0x00000000e0000000, 0x00000000e8000000, 0x00000000e8000000)
  eden space 87424K, 100% used [0x00000000e0000000, 0x00000000e5560000, 0x00000000e5560000)
  from space 21824K,  67% used [0x00000000e5560000, 0x00000000e63a9fd8, 0x00000000e6ab0000)
  to   space 21824K,   0% used [0x00000000e6ab0000, 0x00000000e6ab0000, 0x00000000e8000000)
 concurrent mark-sweep generation total 393216K, used 116861K [0x00000000e8000000, 0x0000000100000000, 0x0000000100000000)
 Metaspace       used 29447K, capacity 29784K, committed 30028K, reserved 1075200K
  class space    used 3487K, capacity 3614K, committed 3660K, reserved 1048576K
2015-09-09T15:20:38.176+0200: 33.434: [GC (Allocation Failure) 33.434: [ParNew
Desired survivor size 20112992 bytes, new threshold 8 (max 8)
- age   1:     107672 bytes,     107672 total
- age   2:       1720 bytes,     109392 total
- age   3:       4128 bytes,     113520 total
- age   5:        896 bytes,     114416 total
- age   6:    4271200 bytes,    4385616 total
- age   7:     180488 bytes,    4566104 total
- age   8:    3981296 bytes,    8547400 total
: 102055K->13612K(109248K), 0.0069955 secs] 218917K->135251K(502464K), 0.0070486 secs] [Times: user=0.06 sys=0.00, real=0.01 secs] 
Heap after GC invocations=47 (full 2):
 par new generation   total 109248K, used 13612K [0x00000000e0000000, 0x00000000e8000000, 0x00000000e8000000)
  eden space 87424K,   0% used [0x00000000e0000000, 0x00000000e0000000, 0x00000000e5560000)
  from space 21824K,  62% used [0x00000000e6ab0000, 0x00000000e77fb190, 0x00000000e8000000)
  to   space 21824K,   0% used [0x00000000e5560000, 0x00000000e5560000, 0x00000000e6ab0000)
 concurrent mark-sweep generation total 393216K, used 121639K [0x00000000e8000000, 0x0000000100000000, 0x0000000100000000)
 Metaspace       used 29447K, capacity 29784K, committed 30028K, reserved 1075200K
  class space    used 3487K, capacity 3614K, committed 3660K, reserved 1048576K
}
2015-09-09T15:20:38.183+0200: 33.441: Total time for which application threads were stopped: 0.0072079 seconds, Stopping threads took: 0.0000170 seconds
{Heap before GC invocations=47 (full 2):
 par new generation   total 109248K, used 101036K [0x00000000e0000000, 0x00000000e8000000, 0x00000000e8000000)
  eden space 87424K, 100% used [0x00000000e0000000, 0x00000000e5560000, 0x00000000e5560000)
  from space 21824K,  62% used [0x00000000e6ab0000, 0x00000000e77fb190, 0x00000000e8000000)
  to   space 21824K,   0% used [0x00000000e5560000, 0x00000000e5560000, 0x00000000e6ab0000)
 concurrent mark-sweep generation total 393216K, used 121639K [0x00000000e8000000, 0x0000000100000000, 0x0000000100000000)
 Metaspace       used 29485K, capacity 29784K, committed 30028K, reserved 1075200K
  class space    used 3491K, capacity 3614K, committed 3660K, reserved 1048576K
2015-09-09T15:20:38.417+0200: 33.674: [GC (Allocation Failure) 33.675: [ParNew
Desired survivor size 20112992 bytes, new threshold 8 (max 8)
- age   1:    1656920 bytes,    1656920 total
- age   2:        128 bytes,    1657048 total
- age   3:        696 bytes,    1657744 total
- age   4:       3832 bytes,    1661576 total
- age   6:        896 bytes,    1662472 total
- age   7:    4163632 bytes,    5826104 total
- age   8:     180128 bytes,    6006232 total
: 101036K->8245K(109248K), 0.0056697 secs] 222675K->133705K(502464K), 0.0057276 secs] [Times: user=0.00 sys=0.00, real=0.01 secs] 
Heap after GC invocations=48 (full 2):
 par new generation   total 109248K, used 8245K [0x00000000e0000000, 0x00000000e8000000, 0x00000000e8000000)
  eden space 87424K,   0% used [0x00000000e0000000, 0x00000000e0000000, 0x00000000e5560000)
  from space 21824K,  37% used [0x00000000e5560000, 0x00000000e5d6d6e0, 0x00000000e6ab0000)
  to   space 21824K,   0% used [0x00000000e6ab0000, 0x00000000e6ab0000, 0x00000000e8000000)
 concurrent mark-sweep generation total 393216K, used 125459K [0x00000000e8000000, 0x0000000100000000, 0x0000000100000000)
 Metaspace       used 29485K, capacity 29784K, committed 30028K, reserved 1075200K
  class space    used 3491K, capacity 3614K, committed 3660K, reserved 1048576K
}
2015-09-09T15:20:38.423+0200: 33.680: Total time for which application threads were stopped: 0.0059007 seconds, Stopping threads took: 0.0000179 seconds
{Heap before GC invocations=48 (full 2):
 par new generation   total 109248K, used 95669K [0x00000000e0000000, 0x00000000e8000000, 0x00000000e8000000)
  eden space 87424K, 100% used [0x00000000e0000000, 0x00000000e5560000, 0x00000000e5560000)
  from space 21824K,  37% used [0x00000000e5560000, 0x00000000e5d6d6e0, 0x00000000e6ab0000)
  to   space 21824K,   0% used [0x00000000e6ab0000, 0x00000000e6ab0000, 0x00000000e8000000)
 concurrent mark-sweep generation total 393216K, used 125459K [0x00000000e8000000, 0x0000000100000000, 0x0000000100000000)
 Metaspace       used 29485K, capacity 29784K, committed 30028K, reserved 1075200K
  class space    used 3491K, capacity 3614K, committed 3660K, reserved 1048576K
2015-09-09T15:20:38.709+0200: 33.966: [GC (Allocation Failure) 33.966: [ParNew
Desired survivor size 20112992 bytes, new threshold 8 (max 8)
- age   1:    4400840 bytes,    4400840 total
- age   2:    1100880 bytes,    5501720 total
- age   3:        128 bytes,    5501848 total
- age   4:        696 bytes,    5502544 total
- age   5:       3832 bytes,    5506376 total
- age   7:        896 bytes,    5507272 total
- age   8:    4163632 bytes,    9670904 total
: 95669K->10699K(109248K), 0.0058201 secs] 221129K->136335K(502464K), 0.0058748 secs] [Times: user=0.06 sys=0.00, real=0.00 secs] 
Heap after GC invocations=49 (full 2):
 par new generation   total 109248K, used 10699K [0x00000000e0000000, 0x00000000e8000000, 0x00000000e8000000)
  eden space 87424K,   0% used [0x00000000e0000000, 0x00000000e0000000, 0x00000000e5560000)
  from space 21824K,  49% used [0x00000000e6ab0000, 0x00000000e7522f70, 0x00000000e8000000)
  to   space 21824K,   0% used [0x00000000e5560000, 0x00000000e5560000, 0x00000000e6ab0000)
 concurrent mark-sweep generation total 393216K, used 125635K [0x00000000e8000000, 0x0000000100000000, 0x0000000100000000)
 Metaspace       used 29485K, capacity 29784K, committed 30028K, reserved 1075200K
  class space    used 3491K, capacity 3614K, committed 3660K, reserved 1048576K
}
2015-09-09T15:20:38.715+0200: 33.972: Total time for which application threads were stopped: 0.0060271 seconds, Stopping threads took: 0.0000160 seconds
{Heap before GC invocations=49 (full 2):
 par new generation   total 109248K, used 98123K [0x00000000e0000000, 0x00000000e8000000, 0x00000000e8000000)
  eden space 87424K, 100% used [0x00000000e0000000, 0x00000000e5560000, 0x00000000e5560000)
  from space 21824K,  49% used [0x00000000e6ab0000, 0x00000000e7522f70, 0x00000000e8000000)
  to   space 21824K,   0% used [0x00000000e5560000, 0x00000000e5560000, 0x00000000e6ab0000)
 concurrent mark-sweep generation total 393216K, used 125635K [0x00000000e8000000, 0x0000000100000000, 0x0000000100000000)
 Metaspace       used 29485K, capacity 29784K, committed 30028K, reserved 1075200K
  class space    used 3491K, capacity 3614K, committed 3660K, reserved 1048576K
2015-09-09T15:20:38.995+0200: 34.252: [GC (Allocation Failure) 34.252: [ParNew
Desired survivor size 20112992 bytes, new threshold 8 (max 8)
- age   1:    5455768 bytes,    5455768 total
- age   2:    2771656 bytes,    8227424 total
- age   3:    1100824 bytes,    9328248 total
- age   4:        128 bytes,    9328376 total
- age   5:        696 bytes,    9329072 total
- age   6:       3832 bytes,    9332904 total
- age   8:        896 bytes,    9333800 total
: 98123K->13350K(109248K), 0.0066911 secs] 223759K->143062K(502464K), 0.0067603 secs] [Times: user=0.00 sys=0.00, real=0.01 secs] 
Heap after GC invocations=50 (full 2):
 par new generation   total 109248K, used 13350K [0x00000000e0000000, 0x00000000e8000000, 0x00000000e8000000)
  eden space 87424K,   0% used [0x00000000e0000000, 0x00000000e0000000, 0x00000000e5560000)
  from space 21824K,  61% used [0x00000000e5560000, 0x00000000e6269a78, 0x00000000e6ab0000)
  to   space 21824K,   0% used [0x00000000e6ab0000, 0x00000000e6ab0000, 0x00000000e8000000)
 concurrent mark-sweep generation total 393216K, used 129711K [0x00000000e8000000, 0x0000000100000000, 0x0000000100000000)
 Metaspace       used 29485K, capacity 29784K, committed 30028K, reserved 1075200K
  class space    used 3491K, capacity 3614K, committed 3660K, reserved 1048576K
}
2015-09-09T15:20:39.002+0200: 34.259: Total time for which application threads were stopped: 0.0068931 seconds, Stopping threads took: 0.0000138 seconds
{Heap before GC invocations=50 (full 2):
 par new generation   total 109248K, used 100774K [0x00000000e0000000, 0x00000000e8000000, 0x00000000e8000000)
  eden space 87424K, 100% used [0x00000000e0000000, 0x00000000e5560000, 0x00000000e5560000)
  from space 21824K,  61% used [0x00000000e5560000, 0x00000000e6269a78, 0x00000000e6ab0000)
  to   space 21824K,   0% used [0x00000000e6ab0000, 0x00000000e6ab0000, 0x00000000e8000000)
 concurrent mark-sweep generation total 393216K, used 129711K [0x00000000e8000000, 0x0000000100000000, 0x0000000100000000)
 Metaspace       used 29485K, capacity 29784K, committed 30028K, reserved 1075200K
  class space    used 3491K, capacity 3614K, committed 3660K, reserved 1048576K
2015-09-09T15:20:39.279+0200: 34.537: [GC (Allocation Failure) 34.537: [ParNew
Desired survivor size 20112992 bytes, new threshold 8 (max 8)
- age   1:    6748704 bytes,    6748704 total
- age   2:    3258536 bytes,   10007240 total
- age   3:    2737832 bytes,   12745072 total
- age   4:    1100824 bytes,   13845896 total
- age   5:        128 bytes,   13846024 total
- age   6:        696 bytes,   13846720 total
- age   7:       3832 bytes,   13850552 total
: 100774K->15738K(109248K), 0.0065478 secs] 230486K->145450K(502464K), 0.0065961 secs] [Times: user=0.00 sys=0.00, real=0.01 secs] 
Heap after GC invocations=51 (full 2):
 par new generation   total 109248K, used 15738K [0x00000000e0000000, 0x00000000e8000000, 0x00000000e8000000)
  eden space 87424K,   0% used [0x00000000e0000000, 0x00000000e0000000, 0x00000000e5560000)
  from space 21824K,  72% used [0x00000000e6ab0000, 0x00000000e7a0e830, 0x00000000e8000000)
  to   space 21824K,   0% used [0x00000000e5560000, 0x00000000e5560000, 0x00000000e6ab0000)
 concurrent mark-sweep generation total 393216K, used 129712K [0x00000000e8000000, 0x0000000100000000, 0x0000000100000000)
 Metaspace       used 29485K, capacity 29784K, committed 30028K, reserved 1075200K
  class space    used 3491K, capacity 3614K, committed 3660K, reserved 1048576K
}
2015-09-09T15:20:39.286+0200: 34.543: Total time for which application threads were stopped: 0.0067324 seconds, Stopping threads took: 0.0000144 seconds
{Heap before GC invocations=51 (full 2):
 par new generation   total 109248K, used 103162K [0x00000000e0000000, 0x00000000e8000000, 0x00000000e8000000)
  eden space 87424K, 100% used [0x00000000e0000000, 0x00000000e5560000, 0x00000000e5560000)
  from space 21824K,  72% used [0x00000000e6ab0000, 0x00000000e7a0e830, 0x00000000e8000000)
  to   space 21824K,   0% used [0x00000000e5560000, 0x00000000e5560000, 0x00000000e6ab0000)
 concurrent mark-sweep generation total 393216K, used 129712K [0x00000000e8000000, 0x0000000100000000, 0x0000000100000000)
 Metaspace       used 29485K, capacity 29784K, committed 30028K, reserved 1075200K
  class space    used 3491K, capacity 3614K, committed 3660K, reserved 1048576K
2015-09-09T15:20:39.559+0200: 34.817: [GC (Allocation Failure) 34.817: [ParNew
Desired survivor size 20112992 bytes, new threshold 8 (max 8)
- age   1:    7202440 bytes,    7202440 total
- age   2:    4133912 bytes,   11336352 total
- age   3:    2643944 bytes,   13980296 total
- age   4:    2737832 bytes,   16718128 total
- age   5:    1096168 bytes,   17814296 total
- age   6:        128 bytes,   17814424 total
- age   7:        696 bytes,   17815120 total
- age   8:       3832 bytes,   17818952 total
: 103162K->21502K(109248K), 0.0067747 secs] 232874K->151215K(502464K), 0.0068275 secs] [Times: user=0.00 sys=0.00, real=0.01 secs] 
Heap after GC invocations=52 (full 2):
 par new generation   total 109248K, used 21502K [0x00000000e0000000, 0x00000000e8000000, 0x00000000e8000000)
  eden space 87424K,   0% used [0x00000000e0000000, 0x00000000e0000000, 0x00000000e5560000)
  from space 21824K,  98% used [0x00000000e5560000, 0x00000000e6a5fac0, 0x00000000e6ab0000)
  to   space 21824K,   0% used [0x00000000e6ab0000, 0x00000000e6ab0000, 0x00000000e8000000)
 concurrent mark-sweep generation total 393216K, used 129712K [0x00000000e8000000, 0x0000000100000000, 0x0000000100000000)
 Metaspace       used 29485K, capacity 29784K, committed 30028K, reserved 1075200K
  class space    used 3491K, capacity 3614K, committed 3660K, reserved 1048576K
}
2015-09-09T15:20:39.566+0200: 34.824: Total time for which application threads were stopped: 0.0069647 seconds, Stopping threads took: 0.0000141 seconds
{Heap before GC invocations=52 (full 2):
 par new generation   total 109248K, used 108926K [0x00000000e0000000, 0x00000000e8000000, 0x00000000e8000000)
  eden space 87424K, 100% used [0x00000000e0000000, 0x00000000e5560000, 0x00000000e5560000)
  from space 21824K,  98% used [0x00000000e5560000, 0x00000000e6a5fac0, 0x00000000e6ab0000)
  to   space 21824K,   0% used [0x00000000e6ab0000, 0x00000000e6ab0000, 0x00000000e8000000)
 concurrent mark-sweep generation total 393216K, used 129712K [0x00000000e8000000, 0x0000000100000000, 0x0000000100000000)
 Metaspace       used 29486K, capacity 29784K, committed 30028K, reserved 1075200K
  class space    used 3491K, capacity 3614K, committed 3660K, reserved 1048576K
2015-09-09T15:20:39.845+0200: 35.103: [GC (Allocation Failure) 35.103: [ParNew
Desired survivor size 20112992 bytes, new threshold 6 (max 8)
- age   1:    6483376 bytes,    6483376 total
- age   2:    3674528 bytes,   10157904 total
- age   3:    4024872 bytes,   14182776 total
- age   4:    2634776 bytes,   16817552 total
- age   5:    2729864 bytes,   19547416 total
- age   6:    1093640 bytes,   20641056 total
- age   7:        128 bytes,   20641184 total
- age   8:        696 bytes,   20641880 total
: 108926K->21824K(109248K), 0.0078383 secs] 238639K->151880K(502464K), 0.0078898 secs] [Times: user=0.05 sys=0.00, real=0.01 secs] 
Heap after GC invocations=53 (full 2):
 par new generation   total 109248K, used 21824K [0x00000000e0000000, 0x00000000e8000000, 0x00000000e8000000)
  eden space 87424K,   0% used [0x00000000e0000000, 0x00000000e0000000, 0x00000000e5560000)
  from space 21824K, 100% used [0x00000000e6ab0000, 0x00000000e8000000, 0x00000000e8000000)
  to   space 21824K,   0% used [0x00000000e5560000, 0x00000000e5560000, 0x00000000e6ab0000)
 concurrent mark-sweep generation total 393216K, used 130056K [0x00000000e8000000, 0x0000000100000000, 0x0000000100000000)
 Metaspace       used 29486K, capacity 29784K, committed 30028K, reserved 1075200K
  class space    used 3491K, capacity 3614K, committed 3660K, reserved 1048576K
}
2015-09-09T15:20:39.853+0200: 35.110: Total time for which application threads were stopped: 0.0080476 seconds, Stopping threads took: 0.0000227 seconds
{Heap before GC invocations=53 (full 2):
 par new generation   total 109248K, used 109248K [0x00000000e0000000, 0x00000000e8000000, 0x00000000e8000000)
  eden space 87424K, 100% used [0x00000000e0000000, 0x00000000e5560000, 0x00000000e5560000)
  from space 21824K, 100% used [0x00000000e6ab0000, 0x00000000e8000000, 0x00000000e8000000)
  to   space 21824K,   0% used [0x00000000e5560000, 0x00000000e5560000, 0x00000000e6ab0000)
 concurrent mark-sweep generation total 393216K, used 130056K [0x00000000e8000000, 0x0000000100000000, 0x0000000100000000)
 Metaspace       used 29486K, capacity 29784K, committed 30028K, reserved 1075200K
  class space    used 3491K, capacity 3614K, committed 3660K, reserved 1048576K
2015-09-09T15:20:40.123+0200: 35.381: [GC (Allocation Failure) 35.381: [ParNew
Desired survivor size 20112992 bytes, new threshold 8 (max 8)
- age   1:    5343464 bytes,    5343464 total
- age   2:    2245352 bytes,    7588816 total
- age   3:    2605848 bytes,   10194664 total
- age   4:    3742296 bytes,   13936960 total
- age   5:    2418992 bytes,   16355952 total
- age   6:    2481688 bytes,   18837640 total
: 109248K->21824K(109248K), 0.0090633 secs] 239304K->157089K(502464K), 0.0091145 secs] [Times: user=0.00 sys=0.00, real=0.01 secs] 
Heap after GC invocations=54 (full 2):
 par new generation   total 109248K, used 21824K [0x00000000e0000000, 0x00000000e8000000, 0x00000000e8000000)
  eden space 87424K,   0% used [0x00000000e0000000, 0x00000000e0000000, 0x00000000e5560000)
  from space 21824K, 100% used [0x00000000e5560000, 0x00000000e6ab0000, 0x00000000e6ab0000)
  to   space 21824K,   0% used [0x00000000e6ab0000, 0x00000000e6ab0000, 0x00000000e8000000)
 concurrent mark-sweep generation total 393216K, used 135265K [0x00000000e8000000, 0x0000000100000000, 0x0000000100000000)
 Metaspace       used 29486K, capacity 29784K, committed 30028K, reserved 1075200K
  class space    used 3491K, capacity 3614K, committed 3660K, reserved 1048576K
}
2015-09-09T15:20:40.132+0200: 35.390: Total time for which application threads were stopped: 0.0092486 seconds, Stopping threads took: 0.0000141 seconds
{Heap before GC invocations=54 (full 2):
 par new generation   total 109248K, used 109248K [0x00000000e0000000, 0x00000000e8000000, 0x00000000e8000000)
  eden space 87424K, 100% used [0x00000000e0000000, 0x00000000e5560000, 0x00000000e5560000)
  from space 21824K, 100% used [0x00000000e5560000, 0x00000000e6ab0000, 0x00000000e6ab0000)
  to   space 21824K,   0% used [0x00000000e6ab0000, 0x00000000e6ab0000, 0x00000000e8000000)
 concurrent mark-sweep generation total 393216K, used 135265K [0x00000000e8000000, 0x0000000100000000, 0x0000000100000000)
 Metaspace       used 29486K, capacity 29784K, committed 30028K, reserved 1075200K
  class space    used 3491K, capacity 3614K, committed 3660K, reserved 1048576K
2015-09-09T15:20:40.416+0200: 35.673: [GC (Allocation Failure) 35.673: [ParNew
Desired survivor size 20112992 bytes, new threshold 7 (max 8)
- age   1:    6808680 bytes,    6808680 total
- age   2:    1026440 bytes,    7835120 total
- age   3:    2072752 bytes,    9907872 total
- age   4:    2431136 bytes,   12339008 total
- age   5:    3284968 bytes,   15623976 total
- age   6:    2225312 bytes,   17849288 total
- age   7:    2276536 bytes,   20125824 total
: 109248K->21824K(109248K), 0.0101637 secs] 244513K->160379K(502464K), 0.0102127 secs] [Times: user=0.00 sys=0.00, real=0.01 secs] 
Heap after GC invocations=55 (full 2):
 par new generation   total 109248K, used 21824K [0x00000000e0000000, 0x00000000e8000000, 0x00000000e8000000)
  eden space 87424K,   0% used [0x00000000e0000000, 0x00000000e0000000, 0x00000000e5560000)
  from space 21824K, 100% used [0x00000000e6ab0000, 0x00000000e8000000, 0x00000000e8000000)
  to   space 21824K,   0% used [0x00000000e5560000, 0x00000000e5560000, 0x00000000e6ab0000)
 concurrent mark-sweep generation total 393216K, used 138555K [0x00000000e8000000, 0x0000000100000000, 0x0000000100000000)
 Metaspace       used 29486K, capacity 29784K, committed 30028K, reserved 1075200K
  class space    used 3491K, capacity 3614K, committed 3660K, reserved 1048576K
}
2015-09-09T15:20:40.426+0200: 35.683: Total time for which application threads were stopped: 0.0103737 seconds, Stopping threads took: 0.0000147 seconds
2015-09-09T15:20:40.456+0200: 35.714: Total time for which application threads were stopped: 0.0004362 seconds, Stopping threads took: 0.0000746 seconds
2015-09-09T15:20:40.490+0200: 35.748: Total time for which application threads were stopped: 0.0001299 seconds, Stopping threads took: 0.0000205 seconds
2015-09-09T15:20:40.497+0200: 35.755: Total time for which application threads were stopped: 0.0001101 seconds, Stopping threads took: 0.0000253 seconds
2015-09-09T15:20:40.497+0200: 35.755: Total time for which application threads were stopped: 0.0000915 seconds, Stopping threads took: 0.0000243 seconds
{Heap before GC invocations=55 (full 2):
 par new generation   total 109248K, used 109248K [0x00000000e0000000, 0x00000000e8000000, 0x00000000e8000000)
  eden space 87424K, 100% used [0x00000000e0000000, 0x00000000e5560000, 0x00000000e5560000)
  from space 21824K, 100% used [0x00000000e6ab0000, 0x00000000e8000000, 0x00000000e8000000)
  to   space 21824K,   0% used [0x00000000e5560000, 0x00000000e5560000, 0x00000000e6ab0000)
 concurrent mark-sweep generation total 393216K, used 138555K [0x00000000e8000000, 0x0000000100000000, 0x0000000100000000)
 Metaspace       used 29498K, capacity 29912K, committed 30284K, reserved 1075200K
  class space    used 3493K, capacity 3614K, committed 3660K, reserved 1048576K
2015-09-09T15:20:40.756+0200: 36.013: [GC (Allocation Failure) 36.013: [ParNew
Desired survivor size 20112992 bytes, new threshold 8 (max 8)
- age   1:    3727328 bytes,    3727328 total
- age   2:    5742304 bytes,    9469632 total
- age   3:     851080 bytes,   10320712 total
- age   4:    1268720 bytes,   11589432 total
- age   5:    1238656 bytes,   12828088 total
- age   6:    2449064 bytes,   15277152 total
- age   7:    2113184 bytes,   17390336 total
: 109248K->21824K(109248K), 0.0086934 secs] 247803K->167500K(502464K), 0.0088050 secs] [Times: user=0.00 sys=0.00, real=0.01 secs] 
Heap after GC invocations=56 (full 2):
 par new generation   total 109248K, used 21824K [0x00000000e0000000, 0x00000000e8000000, 0x00000000e8000000)
  eden space 87424K,   0% used [0x00000000e0000000, 0x00000000e0000000, 0x00000000e5560000)
  from space 21824K, 100% used [0x00000000e5560000, 0x00000000e6ab0000, 0x00000000e6ab0000)
  to   space 21824K,   0% used [0x00000000e6ab0000, 0x00000000e6ab0000, 0x00000000e8000000)
 concurrent mark-sweep generation total 393216K, used 145676K [0x00000000e8000000, 0x0000000100000000, 0x0000000100000000)
 Metaspace       used 29498K, capacity 29912K, committed 30284K, reserved 1075200K
  class space    used 3493K, capacity 3614K, committed 3660K, reserved 1048576K
}
2015-09-09T15:20:40.764+0200: 36.022: Total time for which application threads were stopped: 0.0090313 seconds, Stopping threads took: 0.0000272 seconds
{Heap before GC invocations=56 (full 2):
 par new generation   total 109248K, used 109248K [0x00000000e0000000, 0x00000000e8000000, 0x00000000e8000000)
  eden space 87424K, 100% used [0x00000000e0000000, 0x00000000e5560000, 0x00000000e5560000)
  from space 21824K, 100% used [0x00000000e5560000, 0x00000000e6ab0000, 0x00000000e6ab0000)
  to   space 21824K,   0% used [0x00000000e6ab0000, 0x00000000e6ab0000, 0x00000000e8000000)
 concurrent mark-sweep generation total 393216K, used 145676K [0x00000000e8000000, 0x0000000100000000, 0x0000000100000000)
 Metaspace       used 29504K, capacity 29912K, committed 30284K, reserved 1075200K
  class space    used 3493K, capacity 3614K, committed 3660K, reserved 1048576K
2015-09-09T15:20:40.908+0200: 36.166: [GC (Allocation Failure) 36.166: [ParNew
Desired survivor size 20112992 bytes, new threshold 8 (max 8)
- age   1:    2491496 bytes,    2491496 total
- age   2:    3336008 bytes,    5827504 total
- age   3:    5706640 bytes,   11534144 total
- age   4:     818632 bytes,   12352776 total
- age   5:    1236336 bytes,   13589112 total
- age   6:    1210832 bytes,   14799944 total
- age   7:    2418648 bytes,   17218592 total
- age   8:    2081432 bytes,   19300024 total
: 109248K->21824K(109248K), 0.0068323 secs] 254924K->168084K(502464K), 0.0068793 secs] [Times: user=0.06 sys=0.00, real=0.01 secs] 
Heap after GC invocations=57 (full 2):
 par new generation   total 109248K, used 21824K [0x00000000e0000000, 0x00000000e8000000, 0x00000000e8000000)
  eden space 87424K,   0% used [0x00000000e0000000, 0x00000000e0000000, 0x00000000e5560000)
  from space 21824K, 100% used [0x00000000e6ab0000, 0x00000000e8000000, 0x00000000e8000000)
  to   space 21824K,   0% used [0x00000000e5560000, 0x00000000e5560000, 0x00000000e6ab0000)
 concurrent mark-sweep generation total 393216K, used 146260K [0x00000000e8000000, 0x0000000100000000, 0x0000000100000000)
 Metaspace       used 29504K, capacity 29912K, committed 30284K, reserved 1075200K
  class space    used 3493K, capacity 3614K, committed 3660K, reserved 1048576K
}
2015-09-09T15:20:40.915+0200: 36.173: Total time for which application threads were stopped: 0.0070921 seconds, Stopping threads took: 0.0000570 seconds
{Heap before GC invocations=57 (full 2):
 par new generation   total 109248K, used 109248K [0x00000000e0000000, 0x00000000e8000000, 0x00000000e8000000)
  eden space 87424K, 100% used [0x00000000e0000000, 0x00000000e5560000, 0x00000000e5560000)
  from space 21824K, 100% used [0x00000000e6ab0000, 0x00000000e8000000, 0x00000000e8000000)
  to   space 21824K,   0% used [0x00000000e5560000, 0x00000000e5560000, 0x00000000e6ab0000)
 concurrent mark-sweep generation total 393216K, used 146260K [0x00000000e8000000, 0x0000000100000000, 0x0000000100000000)
 Metaspace       used 29508K, capacity 29912K, committed 30284K, reserved 1075200K
  class space    used 3493K, capacity 3614K, committed 3660K, reserved 1048576K
2015-09-09T15:20:41.012+0200: 36.270: [GC (Allocation Failure) 36.270: [ParNew
Desired survivor size 20112992 bytes, new threshold 8 (max 8)
- age   1:    3077288 bytes,    3077288 total
- age   2:    1188608 bytes,    4265896 total
- age   3:    3302392 bytes,    7568288 total
- age   4:    5706640 bytes,   13274928 total
- age   5:     818632 bytes,   14093560 total
- age   6:    1236336 bytes,   15329896 total
- age   7:    1210832 bytes,   16540728 total
- age   8:    2418648 bytes,   18959376 total
: 109248K->19406K(109248K), 0.0091122 secs] 255508K->167713K(502464K), 0.0091609 secs] [Times: user=0.06 sys=0.00, real=0.01 secs] 
Heap after GC invocations=58 (full 2):
 par new generation   total 109248K, used 19406K [0x00000000e0000000, 0x00000000e8000000, 0x00000000e8000000)
  eden space 87424K,   0% used [0x00000000e0000000, 0x00000000e0000000, 0x00000000e5560000)
  from space 21824K,  88% used [0x00000000e5560000, 0x00000000e6853bc8, 0x00000000e6ab0000)
  to   space 21824K,   0% used [0x00000000e6ab0000, 0x00000000e6ab0000, 0x00000000e8000000)
 concurrent mark-sweep generation total 393216K, used 148306K [0x00000000e8000000, 0x0000000100000000, 0x0000000100000000)
 Metaspace       used 29508K, capacity 29912K, committed 30284K, reserved 1075200K
  class space    used 3493K, capacity 3614K, committed 3660K, reserved 1048576K
}
2015-09-09T15:20:41.021+0200: 36.279: Total time for which application threads were stopped: 0.0093430 seconds, Stopping threads took: 0.0000291 seconds
2015-09-09T15:20:41.071+0200: 36.328: Total time for which application threads were stopped: 0.0000880 seconds, Stopping threads took: 0.0000192 seconds
2015-09-09T15:20:41.074+0200: 36.332: Total time for which application threads were stopped: 0.0000982 seconds, Stopping threads took: 0.0000202 seconds
2015-09-09T15:20:41.075+0200: 36.332: Total time for which application threads were stopped: 0.0001018 seconds, Stopping threads took: 0.0000224 seconds
2015-09-09T15:20:41.078+0200: 36.335: Total time for which application threads were stopped: 0.0000858 seconds, Stopping threads took: 0.0000176 seconds
{Heap before GC invocations=58 (full 2):
 par new generation   total 109248K, used 106830K [0x00000000e0000000, 0x00000000e8000000, 0x00000000e8000000)
  eden space 87424K, 100% used [0x00000000e0000000, 0x00000000e5560000, 0x00000000e5560000)
  from space 21824K,  88% used [0x00000000e5560000, 0x00000000e6853bc8, 0x00000000e6ab0000)
  to   space 21824K,   0% used [0x00000000e6ab0000, 0x00000000e6ab0000, 0x00000000e8000000)
 concurrent mark-sweep generation total 393216K, used 148306K [0x00000000e8000000, 0x0000000100000000, 0x0000000100000000)
 Metaspace       used 29608K, capacity 29976K, committed 30284K, reserved 1075200K
  class space    used 3501K, capacity 3614K, committed 3660K, reserved 1048576K
2015-09-09T15:20:41.256+0200: 36.514: [GC (Allocation Failure) 36.514: [ParNew
Desired survivor size 20112992 bytes, new threshold 8 (max 8)
- age   1:    4128280 bytes,    4128280 total
- age   2:    1418632 bytes,    5546912 total
- age   3:    1129192 bytes,    6676104 total
- age   4:    2703064 bytes,    9379168 total
- age   5:    5624000 bytes,   15003168 total
- age   6:     744776 bytes,   15747944 total
- age   7:    1162704 bytes,   16910648 total
- age   8:    1139840 bytes,   18050488 total
: 106830K->21824K(109248K), 0.0067452 secs] 255137K->172722K(502464K), 0.0067974 secs] [Times: user=0.00 sys=0.00, real=0.01 secs] 
Heap after GC invocations=59 (full 2):
 par new generation   total 109248K, used 21824K [0x00000000e0000000, 0x00000000e8000000, 0x00000000e8000000)
  eden space 87424K,   0% used [0x00000000e0000000, 0x00000000e0000000, 0x00000000e5560000)
  from space 21824K, 100% used [0x00000000e6ab0000, 0x00000000e8000000, 0x00000000e8000000)
  to   space 21824K,   0% used [0x00000000e5560000, 0x00000000e5560000, 0x00000000e6ab0000)
 concurrent mark-sweep generation total 393216K, used 150898K [0x00000000e8000000, 0x0000000100000000, 0x0000000100000000)
 Metaspace       used 29608K, capacity 29976K, committed 30284K, reserved 1075200K
  class space    used 3501K, capacity 3614K, committed 3660K, reserved 1048576K
}
2015-09-09T15:20:41.263+0200: 36.521: Total time for which application threads were stopped: 0.0069535 seconds, Stopping threads took: 0.0000179 seconds
{Heap before GC invocations=59 (full 2):
 par new generation   total 109248K, used 109248K [0x00000000e0000000, 0x00000000e8000000, 0x00000000e8000000)
  eden space 87424K, 100% used [0x00000000e0000000, 0x00000000e5560000, 0x00000000e5560000)
  from space 21824K, 100% used [0x00000000e6ab0000, 0x00000000e8000000, 0x00000000e8000000)
  to   space 21824K,   0% used [0x00000000e5560000, 0x00000000e5560000, 0x00000000e6ab0000)
 concurrent mark-sweep generation total 393216K, used 150898K [0x00000000e8000000, 0x0000000100000000, 0x0000000100000000)
 Metaspace       used 29609K, capacity 29976K, committed 30284K, reserved 1075200K
  class space    used 3501K, capacity 3614K, committed 3660K, reserved 1048576K
2015-09-09T15:20:41.557+0200: 36.815: [GC (Allocation Failure) 36.815: [ParNew
Desired survivor size 20112992 bytes, new threshold 8 (max 8)
- age   1:    5269664 bytes,    5269664 total
- age   2:    1620568 bytes,    6890232 total
- age   3:    1345288 bytes,    8235520 total
- age   4:    1021888 bytes,    9257408 total
- age   5:    2637656 bytes,   11895064 total
- age   6:    5471112 bytes,   17366176 total
- age   7:     578192 bytes,   17944368 total
- age   8:     755496 bytes,   18699864 total
: 109248K->21824K(109248K), 0.0076991 secs] 260146K->175432K(502464K), 0.0077458 secs] [Times: user=0.00 sys=0.00, real=0.01 secs] 
Heap after GC invocations=60 (full 2):
 par new generation   total 109248K, used 21824K [0x00000000e0000000, 0x00000000e8000000, 0x00000000e8000000)
  eden space 87424K,   0% used [0x00000000e0000000, 0x00000000e0000000, 0x00000000e5560000)
  from space 21824K, 100% used [0x00000000e5560000, 0x00000000e6ab0000, 0x00000000e6ab0000)
  to   space 21824K,   0% used [0x00000000e6ab0000, 0x00000000e6ab0000, 0x00000000e8000000)
 concurrent mark-sweep generation total 393216K, used 153608K [0x00000000e8000000, 0x0000000100000000, 0x0000000100000000)
 Metaspace       used 29609K, capacity 29976K, committed 30284K, reserved 1075200K
  class space    used 3501K, capacity 3614K, committed 3660K, reserved 1048576K
}
2015-09-09T15:20:41.565+0200: 36.822: Total time for which application threads were stopped: 0.0078870 seconds, Stopping threads took: 0.0000134 seconds
{Heap before GC invocations=60 (full 2):
 par new generation   total 109248K, used 109248K [0x00000000e0000000, 0x00000000e8000000, 0x00000000e8000000)
  eden space 87424K, 100% used [0x00000000e0000000, 0x00000000e5560000, 0x00000000e5560000)
  from space 21824K, 100% used [0x00000000e5560000, 0x00000000e6ab0000, 0x00000000e6ab0000)
  to   space 21824K,   0% used [0x00000000e6ab0000, 0x00000000e6ab0000, 0x00000000e8000000)
 concurrent mark-sweep generation total 393216K, used 153608K [0x00000000e8000000, 0x0000000100000000, 0x0000000100000000)
 Metaspace       used 29609K, capacity 29976K, committed 30284K, reserved 1075200K
  class space    used 3501K, capacity 3614K, committed 3660K, reserved 1048576K
2015-09-09T15:20:41.844+0200: 37.102: [GC (Allocation Failure) 37.102: [ParNew
Desired survivor size 20112992 bytes, new threshold 8 (max 8)
- age   1:    5989592 bytes,    5989592 total
- age   2:    2113160 bytes,    8102752 total
- age   3:    1072480 bytes,    9175232 total
- age   4:     446632 bytes,    9621864 total
- age   5:    1004216 bytes,   10626080 total
- age   6:    2601712 bytes,   13227792 total
- age   7:    5471112 bytes,   18698904 total
- age   8:     578192 bytes,   19277096 total
: 109248K->21824K(109248K), 0.0077842 secs] 262856K->179206K(502464K), 0.0078294 secs] [Times: user=0.06 sys=0.00, real=0.01 secs] 
Heap after GC invocations=61 (full 2):
 par new generation   total 109248K, used 21824K [0x00000000e0000000, 0x00000000e8000000, 0x00000000e8000000)
  eden space 87424K,   0% used [0x00000000e0000000, 0x00000000e0000000, 0x00000000e5560000)
  from space 21824K, 100% used [0x00000000e6ab0000, 0x00000000e8000000, 0x00000000e8000000)
  to   space 21824K,   0% used [0x00000000e5560000, 0x00000000e5560000, 0x00000000e6ab0000)
 concurrent mark-sweep generation total 393216K, used 157382K [0x00000000e8000000, 0x0000000100000000, 0x0000000100000000)
 Metaspace       used 29609K, capacity 29976K, committed 30284K, reserved 1075200K
  class space    used 3501K, capacity 3614K, committed 3660K, reserved 1048576K
}
2015-09-09T15:20:41.852+0200: 37.110: Total time for which application threads were stopped: 0.0079673 seconds, Stopping threads took: 0.0000144 seconds
2015-09-09T15:20:41.990+0200: 37.248: Total time for which application threads were stopped: 0.0001062 seconds, Stopping threads took: 0.0000198 seconds
2015-09-09T15:20:41.997+0200: 37.254: Total time for which application threads were stopped: 0.0000909 seconds, Stopping threads took: 0.0000160 seconds
2015-09-09T15:20:41.997+0200: 37.255: Total time for which application threads were stopped: 0.0000771 seconds, Stopping threads took: 0.0000150 seconds
{Heap before GC invocations=61 (full 2):
 par new generation   total 109248K, used 109248K [0x00000000e0000000, 0x00000000e8000000, 0x00000000e8000000)
  eden space 87424K, 100% used [0x00000000e0000000, 0x00000000e5560000, 0x00000000e5560000)
  from space 21824K, 100% used [0x00000000e6ab0000, 0x00000000e8000000, 0x00000000e8000000)
  to   space 21824K,   0% used [0x00000000e5560000, 0x00000000e5560000, 0x00000000e6ab0000)
 concurrent mark-sweep generation total 393216K, used 157382K [0x00000000e8000000, 0x0000000100000000, 0x0000000100000000)
 Metaspace       used 29628K, capacity 30008K, committed 30284K, reserved 1075200K
  class space    used 3504K, capacity 3646K, committed 3660K, reserved 1048576K
2015-09-09T15:20:42.120+0200: 37.377: [GC (Allocation Failure) 37.377: [ParNew
Desired survivor size 20112992 bytes, new threshold 8 (max 8)
- age   1:    5611840 bytes,    5611840 total
- age   2:    2593224 bytes,    8205064 total
- age   3:    1536608 bytes,    9741672 total
- age   4:     889560 bytes,   10631232 total
- age   5:     370640 bytes,   11001872 total
- age   6:     889432 bytes,   11891304 total
- age   7:    2390264 bytes,   14281568 total
- age   8:    5471112 bytes,   19752680 total
: 109248K->21824K(109248K), 0.0071529 secs] 266630K->182667K(502464K), 0.0072115 secs] [Times: user=0.00 sys=0.00, real=0.01 secs] 
Heap after GC invocations=62 (full 2):
 par new generation   total 109248K, used 21824K [0x00000000e0000000, 0x00000000e8000000, 0x00000000e8000000)
  eden space 87424K,   0% used [0x00000000e0000000, 0x00000000e0000000, 0x00000000e5560000)
  from space 21824K, 100% used [0x00000000e5560000, 0x00000000e6ab0000, 0x00000000e6ab0000)
  to   space 21824K,   0% used [0x00000000e6ab0000, 0x00000000e6ab0000, 0x00000000e8000000)
 concurrent mark-sweep generation total 393216K, used 160843K [0x00000000e8000000, 0x0000000100000000, 0x0000000100000000)
 Metaspace       used 29628K, capacity 30008K, committed 30284K, reserved 1075200K
  class space    used 3504K, capacity 3646K, committed 3660K, reserved 1048576K
}
2015-09-09T15:20:42.127+0200: 37.385: Total time for which application threads were stopped: 0.0073699 seconds, Stopping threads took: 0.0000227 seconds
{Heap before GC invocations=62 (full 2):
 par new generation   total 109248K, used 109248K [0x00000000e0000000, 0x00000000e8000000, 0x00000000e8000000)
  eden space 87424K, 100% used [0x00000000e0000000, 0x00000000e5560000, 0x00000000e5560000)
  from space 21824K, 100% used [0x00000000e5560000, 0x00000000e6ab0000, 0x00000000e6ab0000)
  to   space 21824K,   0% used [0x00000000e6ab0000, 0x00000000e6ab0000, 0x00000000e8000000)
 concurrent mark-sweep generation total 393216K, used 160843K [0x00000000e8000000, 0x0000000100000000, 0x0000000100000000)
 Metaspace       used 29632K, capacity 30008K, committed 30284K, reserved 1075200K
  class space    used 3504K, capacity 3646K, committed 3660K, reserved 1048576K
2015-09-09T15:20:42.224+0200: 37.482: [GC (Allocation Failure) 37.482: [ParNew
Desired survivor size 20112992 bytes, new threshold 8 (max 8)
- age   1:    2292984 bytes,    2292984 total
- age   2:    5323888 bytes,    7616872 total
- age   3:    2267392 bytes,    9884264 total
- age   4:    1533464 bytes,   11417728 total
- age   5:     887016 bytes,   12304744 total
- age   6:     369584 bytes,   12674328 total
- age   7:     887896 bytes,   13562224 total
- age   8:    2387288 bytes,   15949512 total
: 109248K->21824K(109248K), 0.0057567 secs] 270091K->188513K(502464K), 0.0058086 secs] [Times: user=0.00 sys=0.00, real=0.01 secs] 
Heap after GC invocations=63 (full 2):
 par new generation   total 109248K, used 21824K [0x00000000e0000000, 0x00000000e8000000, 0x00000000e8000000)
  eden space 87424K,   0% used [0x00000000e0000000, 0x00000000e0000000, 0x00000000e5560000)
  from space 21824K, 100% used [0x00000000e6ab0000, 0x00000000e8000000, 0x00000000e8000000)
  to   space 21824K,   0% used [0x00000000e5560000, 0x00000000e5560000, 0x00000000e6ab0000)
 concurrent mark-sweep generation total 393216K, used 166689K [0x00000000e8000000, 0x0000000100000000, 0x0000000100000000)
 Metaspace       used 29632K, capacity 30008K, committed 30284K, reserved 1075200K
  class space    used 3504K, capacity 3646K, committed 3660K, reserved 1048576K
}
2015-09-09T15:20:42.230+0200: 37.488: Total time for which application threads were stopped: 0.0060035 seconds, Stopping threads took: 0.0000189 seconds
2015-09-09T15:20:42.311+0200: 37.569: Total time for which application threads were stopped: 0.0001325 seconds, Stopping threads took: 0.0000278 seconds
2015-09-09T15:20:42.312+0200: 37.570: Total time for which application threads were stopped: 0.0001216 seconds, Stopping threads took: 0.0000131 seconds
2015-09-09T15:20:42.314+0200: 37.571: Total time for which application threads were stopped: 0.0016544 seconds, Stopping threads took: 0.0015878 seconds
2015-09-09T15:20:42.314+0200: 37.572: Total time for which application threads were stopped: 0.0000573 seconds, Stopping threads took: 0.0000102 seconds
2015-09-09T15:20:42.314+0200: 37.572: Total time for which application threads were stopped: 0.0000547 seconds, Stopping threads took: 0.0000090 seconds
{Heap before GC invocations=63 (full 2):
 par new generation   total 109248K, used 109248K [0x00000000e0000000, 0x00000000e8000000, 0x00000000e8000000)
  eden space 87424K, 100% used [0x00000000e0000000, 0x00000000e5560000, 0x00000000e5560000)
  from space 21824K, 100% used [0x00000000e6ab0000, 0x00000000e8000000, 0x00000000e8000000)
  to   space 21824K,   0% used [0x00000000e5560000, 0x00000000e5560000, 0x00000000e6ab0000)
 concurrent mark-sweep generation total 393216K, used 166689K [0x00000000e8000000, 0x0000000100000000, 0x0000000100000000)
 Metaspace       used 29649K, capacity 30008K, committed 30284K, reserved 1075200K
  class space    used 3505K, capacity 3646K, committed 3660K, reserved 1048576K
2015-09-09T15:20:42.426+0200: 37.684: [GC (Allocation Failure) 37.684: [ParNew
Desired survivor size 20112992 bytes, new threshold 8 (max 8)
- age   1:    3777360 bytes,    3777360 total
- age   2:    1034024 bytes,    4811384 total
- age   3:    5302744 bytes,   10114128 total
- age   4:    2235696 bytes,   12349824 total
- age   5:    1504416 bytes,   13854240 total
- age   6:     865544 bytes,   14719784 total
- age   7:     360760 bytes,   15080544 total
- age   8:     874280 bytes,   15954824 total
: 109248K->18587K(109248K), 0.0067964 secs] 275937K->187583K(502464K), 0.0068447 secs] [Times: user=0.00 sys=0.00, real=0.01 secs] 
Heap after GC invocations=64 (full 2):
 par new generation   total 109248K, used 18587K [0x00000000e0000000, 0x00000000e8000000, 0x00000000e8000000)
  eden space 87424K,   0% used [0x00000000e0000000, 0x00000000e0000000, 0x00000000e5560000)
  from space 21824K,  85% used [0x00000000e5560000, 0x00000000e6786eb8, 0x00000000e6ab0000)
  to   space 21824K,   0% used [0x00000000e6ab0000, 0x00000000e6ab0000, 0x00000000e8000000)
 concurrent mark-sweep generation total 393216K, used 168995K [0x00000000e8000000, 0x0000000100000000, 0x0000000100000000)
 Metaspace       used 29649K, capacity 30008K, committed 30284K, reserved 1075200K
  class space    used 3505K, capacity 3646K, committed 3660K, reserved 1048576K
}
2015-09-09T15:20:42.433+0200: 37.691: Total time for which application threads were stopped: 0.0069913 seconds, Stopping threads took: 0.0000246 seconds
{Heap before GC invocations=64 (full 2):
 par new generation   total 109248K, used 106011K [0x00000000e0000000, 0x00000000e8000000, 0x00000000e8000000)
  eden space 87424K, 100% used [0x00000000e0000000, 0x00000000e5560000, 0x00000000e5560000)
  from space 21824K,  85% used [0x00000000e5560000, 0x00000000e6786eb8, 0x00000000e6ab0000)
  to   space 21824K,   0% used [0x00000000e6ab0000, 0x00000000e6ab0000, 0x00000000e8000000)
 concurrent mark-sweep generation total 393216K, used 168995K [0x00000000e8000000, 0x0000000100000000, 0x0000000100000000)
 Metaspace       used 29649K, capacity 30008K, committed 30284K, reserved 1075200K
  class space    used 3505K, capacity 3646K, committed 3660K, reserved 1048576K
2015-09-09T15:20:42.694+0200: 37.951: [GC (Allocation Failure) 37.951: [ParNew
Desired survivor size 20112992 bytes, new threshold 8 (max 8)
- age   1:    5261848 bytes,    5261848 total
- age   2:    2325440 bytes,    7587288 total
- age   3:     904400 bytes,    8491688 total
- age   4:    5304760 bytes,   13796448 total
- age   5:    2235696 bytes,   16032144 total
- age   6:    1504416 bytes,   17536560 total
- age   7:     865544 bytes,   18402104 total
- age   8:     360760 bytes,   18762864 total
: 106011K->21824K(109248K), 0.0064502 secs] 275007K->191673K(502464K), 0.0064982 secs] [Times: user=0.00 sys=0.00, real=0.01 secs] 
Heap after GC invocations=65 (full 2):
 par new generation   total 109248K, used 21824K [0x00000000e0000000, 0x00000000e8000000, 0x00000000e8000000)
  eden space 87424K,   0% used [0x00000000e0000000, 0x00000000e0000000, 0x00000000e5560000)
  from space 21824K, 100% used [0x00000000e6ab0000, 0x00000000e8000000, 0x00000000e8000000)
  to   space 21824K,   0% used [0x00000000e5560000, 0x00000000e5560000, 0x00000000e6ab0000)
 concurrent mark-sweep generation total 393216K, used 169849K [0x00000000e8000000, 0x0000000100000000, 0x0000000100000000)
 Metaspace       used 29649K, capacity 30008K, committed 30284K, reserved 1075200K
  class space    used 3505K, capacity 3646K, committed 3660K, reserved 1048576K
}
2015-09-09T15:20:42.700+0200: 37.958: Total time for which application threads were stopped: 0.0066713 seconds, Stopping threads took: 0.0000138 seconds
{Heap before GC invocations=65 (full 2):
 par new generation   total 109248K, used 109248K [0x00000000e0000000, 0x00000000e8000000, 0x00000000e8000000)
  eden space 87424K, 100% used [0x00000000e0000000, 0x00000000e5560000, 0x00000000e5560000)
  from space 21824K, 100% used [0x00000000e6ab0000, 0x00000000e8000000, 0x00000000e8000000)
  to   space 21824K,   0% used [0x00000000e5560000, 0x00000000e5560000, 0x00000000e6ab0000)
 concurrent mark-sweep generation total 393216K, used 169849K [0x00000000e8000000, 0x0000000100000000, 0x0000000100000000)
 Metaspace       used 29649K, capacity 30008K, committed 30284K, reserved 1075200K
  class space    used 3505K, capacity 3646K, committed 3660K, reserved 1048576K
2015-09-09T15:20:42.972+0200: 38.230: [GC (Allocation Failure) 38.230: [ParNew
Desired survivor size 20112992 bytes, new threshold 8 (max 8)
- age   1:    5530600 bytes,    5530600 total
- age   2:    2358320 bytes,    7888920 total
- age   3:    1504080 bytes,    9393000 total
- age   4:     750464 bytes,   10143464 total
- age   5:    2508032 bytes,   12651496 total
- age   6:    2025688 bytes,   14677184 total
- age   7:    1454424 bytes,   16131608 total
- age   8:     827528 bytes,   16959136 total
: 109248K->21824K(109248K), 0.0071180 secs] 279097K->197289K(502464K), 0.0071686 secs] [Times: user=0.00 sys=0.00, real=0.01 secs] 
Heap after GC invocations=66 (full 2):
 par new generation   total 109248K, used 21824K [0x00000000e0000000, 0x00000000e8000000, 0x00000000e8000000)
  eden space 87424K,   0% used [0x00000000e0000000, 0x00000000e0000000, 0x00000000e5560000)
  from space 21824K, 100% used [0x00000000e5560000, 0x00000000e6ab0000, 0x00000000e6ab0000)
  to   space 21824K,   0% used [0x00000000e6ab0000, 0x00000000e6ab0000, 0x00000000e8000000)
 concurrent mark-sweep generation total 393216K, used 175465K [0x00000000e8000000, 0x0000000100000000, 0x0000000100000000)
 Metaspace       used 29649K, capacity 30008K, committed 30284K, reserved 1075200K
  class space    used 3505K, capacity 3646K, committed 3660K, reserved 1048576K
}
2015-09-09T15:20:42.979+0200: 38.237: Total time for which application threads were stopped: 0.0073055 seconds, Stopping threads took: 0.0000141 seconds
{Heap before GC invocations=66 (full 2):
 par new generation   total 109248K, used 109248K [0x00000000e0000000, 0x00000000e8000000, 0x00000000e8000000)
  eden space 87424K, 100% used [0x00000000e0000000, 0x00000000e5560000, 0x00000000e5560000)
  from space 21824K, 100% used [0x00000000e5560000, 0x00000000e6ab0000, 0x00000000e6ab0000)
  to   space 21824K,   0% used [0x00000000e6ab0000, 0x00000000e6ab0000, 0x00000000e8000000)
 concurrent mark-sweep generation total 393216K, used 175465K [0x00000000e8000000, 0x0000000100000000, 0x0000000100000000)
 Metaspace       used 29649K, capacity 30008K, committed 30284K, reserved 1075200K
  class space    used 3505K, capacity 3646K, committed 3660K, reserved 1048576K
2015-09-09T15:20:43.257+0200: 38.515: [GC (Allocation Failure) 38.515: [ParNew
Desired survivor size 20112992 bytes, new threshold 8 (max 8)
- age   1:    6010576 bytes,    6010576 total
- age   2:    3404816 bytes,    9415392 total
- age   3:    2252688 bytes,   11668080 total
- age   4:    1496864 bytes,   13164944 total
- age   5:     745648 bytes,   13910592 total
- age   6:    2502016 bytes,   16412608 total
- age   7:    2019752 bytes,   18432360 total
- age   8:    1446904 bytes,   19879264 total
: 109248K->21824K(109248K), 0.0069075 secs] 284713K->198317K(502464K), 0.0069500 secs] [Times: user=0.00 sys=0.00, real=0.01 secs] 
Heap after GC invocations=67 (full 2):
 par new generation   total 109248K, used 21824K [0x00000000e0000000, 0x00000000e8000000, 0x00000000e8000000)
  eden space 87424K,   0% used [0x00000000e0000000, 0x00000000e0000000, 0x00000000e5560000)
  from space 21824K, 100% used [0x00000000e6ab0000, 0x00000000e8000000, 0x00000000e8000000)
  to   space 21824K,   0% used [0x00000000e5560000, 0x00000000e5560000, 0x00000000e6ab0000)
 concurrent mark-sweep generation total 393216K, used 176493K [0x00000000e8000000, 0x0000000100000000, 0x0000000100000000)
 Metaspace       used 29649K, capacity 30008K, committed 30284K, reserved 1075200K
  class space    used 3505K, capacity 3646K, committed 3660K, reserved 1048576K
}
2015-09-09T15:20:43.264+0200: 38.522: Total time for which application threads were stopped: 0.0070854 seconds, Stopping threads took: 0.0000141 seconds
{Heap before GC invocations=67 (full 2):
 par new generation   total 109248K, used 109248K [0x00000000e0000000, 0x00000000e8000000, 0x00000000e8000000)
  eden space 87424K, 100% used [0x00000000e0000000, 0x00000000e5560000, 0x00000000e5560000)
  from space 21824K, 100% used [0x00000000e6ab0000, 0x00000000e8000000, 0x00000000e8000000)
  to   space 21824K,   0% used [0x00000000e5560000, 0x00000000e5560000, 0x00000000e6ab0000)
 concurrent mark-sweep generation total 393216K, used 176493K [0x00000000e8000000, 0x0000000100000000, 0x0000000100000000)
 Metaspace       used 29649K, capacity 30008K, committed 30284K, reserved 1075200K
  class space    used 3505K, capacity 3646K, committed 3660K, reserved 1048576K
2015-09-09T15:20:43.538+0200: 38.795: [GC (Allocation Failure) 38.796: [ParNew
Desired survivor size 20112992 bytes, new threshold 8 (max 8)
- age   1:    6239864 bytes,    6239864 total
- age   2:    1590560 bytes,    7830424 total
- age   3:    2277136 bytes,   10107560 total
- age   4:     960864 bytes,   11068424 total
- age   5:     815736 bytes,   11884160 total
- age   6:     728688 bytes,   12612848 total
- age   7:    2347144 bytes,   14959992 total
- age   8:    2004176 bytes,   16964168 total
: 109248K->21824K(109248K), 0.0079321 secs] 285741K->204882K(502464K), 0.0079823 secs] [Times: user=0.00 sys=0.00, real=0.01 secs] 
Heap after GC invocations=68 (full 2):
 par new generation   total 109248K, used 21824K [0x00000000e0000000, 0x00000000e8000000, 0x00000000e8000000)
  eden space 87424K,   0% used [0x00000000e0000000, 0x00000000e0000000, 0x00000000e5560000)
  from space 21824K, 100% used [0x00000000e5560000, 0x00000000e6ab0000, 0x00000000e6ab0000)
  to   space 21824K,   0% used [0x00000000e6ab0000, 0x00000000e6ab0000, 0x00000000e8000000)
 concurrent mark-sweep generation total 393216K, used 183058K [0x00000000e8000000, 0x0000000100000000, 0x0000000100000000)
 Metaspace       used 29649K, capacity 30008K, committed 30284K, reserved 1075200K
  class space    used 3505K, capacity 3646K, committed 3660K, reserved 1048576K
}
2015-09-09T15:20:43.546+0200: 38.804: Total time for which application threads were stopped: 0.0081257 seconds, Stopping threads took: 0.0000141 seconds
{Heap before GC invocations=68 (full 2):
 par new generation   total 109248K, used 109248K [0x00000000e0000000, 0x00000000e8000000, 0x00000000e8000000)
  eden space 87424K, 100% used [0x00000000e0000000, 0x00000000e5560000, 0x00000000e5560000)
  from space 21824K, 100% used [0x00000000e5560000, 0x00000000e6ab0000, 0x00000000e6ab0000)
  to   space 21824K,   0% used [0x00000000e6ab0000, 0x00000000e6ab0000, 0x00000000e8000000)
 concurrent mark-sweep generation total 393216K, used 183058K [0x00000000e8000000, 0x0000000100000000, 0x0000000100000000)
 Metaspace       used 29649K, capacity 30008K, committed 30284K, reserved 1075200K
  class space    used 3505K, capacity 3646K, committed 3660K, reserved 1048576K
2015-09-09T15:20:43.824+0200: 39.082: [GC (Allocation Failure) 39.082: [ParNew
Desired survivor size 20112992 bytes, new threshold 8 (max 8)
- age   1:    8141688 bytes,    8141688 total
- age   2:    1979488 bytes,   10121176 total
- age   3:    1585072 bytes,   11706248 total
- age   4:    2012560 bytes,   13718808 total
- age   5:     958008 bytes,   14676816 total
- age   6:     813960 bytes,   15490776 total
- age   7:     727872 bytes,   16218648 total
- age   8:    2346112 bytes,   18564760 total
: 109248K->21824K(109248K), 0.0074918 secs] 292306K->206840K(502464K), 0.0075420 secs] [Times: user=0.06 sys=0.00, real=0.01 secs] 
Heap after GC invocations=69 (full 2):
 par new generation   total 109248K, used 21824K [0x00000000e0000000, 0x00000000e8000000, 0x00000000e8000000)
  eden space 87424K,   0% used [0x00000000e0000000, 0x00000000e0000000, 0x00000000e5560000)
  from space 21824K, 100% used [0x00000000e6ab0000, 0x00000000e8000000, 0x00000000e8000000)
  to   space 21824K,   0% used [0x00000000e5560000, 0x00000000e5560000, 0x00000000e6ab0000)
 concurrent mark-sweep generation total 393216K, used 185016K [0x00000000e8000000, 0x0000000100000000, 0x0000000100000000)
 Metaspace       used 29649K, capacity 30008K, committed 30284K, reserved 1075200K
  class space    used 3505K, capacity 3646K, committed 3660K, reserved 1048576K
}
2015-09-09T15:20:43.831+0200: 39.089: Total time for which application threads were stopped: 0.0076873 seconds, Stopping threads took: 0.0000144 seconds
{Heap before GC invocations=69 (full 2):
 par new generation   total 109248K, used 109248K [0x00000000e0000000, 0x00000000e8000000, 0x00000000e8000000)
  eden space 87424K, 100% used [0x00000000e0000000, 0x00000000e5560000, 0x00000000e5560000)
  from space 21824K, 100% used [0x00000000e6ab0000, 0x00000000e8000000, 0x00000000e8000000)
  to   space 21824K,   0% used [0x00000000e5560000, 0x00000000e5560000, 0x00000000e6ab0000)
 concurrent mark-sweep generation total 393216K, used 185016K [0x00000000e8000000, 0x0000000100000000, 0x0000000100000000)
 Metaspace       used 29649K, capacity 30008K, committed 30284K, reserved 1075200K
  class space    used 3505K, capacity 3646K, committed 3660K, reserved 1048576K
2015-09-09T15:20:44.112+0200: 39.370: [GC (Allocation Failure) 39.370: [ParNew
Desired survivor size 20112992 bytes, new threshold 8 (max 8)
- age   1:    7602440 bytes,    7602440 total
- age   2:    3266072 bytes,   10868512 total
- age   3:    1929848 bytes,   12798360 total
- age   4:    1541064 bytes,   14339424 total
- age   5:    1977160 bytes,   16316584 total
- age   6:     924936 bytes,   17241520 total
- age   7:     790424 bytes,   18031944 total
- age   8:     717304 bytes,   18749248 total
: 109248K->21824K(109248K), 0.0078972 secs] 294264K->209754K(502464K), 0.0079436 secs] [Times: user=0.00 sys=0.00, real=0.01 secs] 
Heap after GC invocations=70 (full 2):
 par new generation   total 109248K, used 21824K [0x00000000e0000000, 0x00000000e8000000, 0x00000000e8000000)
  eden space 87424K,   0% used [0x00000000e0000000, 0x00000000e0000000, 0x00000000e5560000)
  from space 21824K, 100% used [0x00000000e5560000, 0x00000000e6ab0000, 0x00000000e6ab0000)
  to   space 21824K,   0% used [0x00000000e6ab0000, 0x00000000e6ab0000, 0x00000000e8000000)
 concurrent mark-sweep generation total 393216K, used 187930K [0x00000000e8000000, 0x0000000100000000, 0x0000000100000000)
 Metaspace       used 29649K, capacity 30008K, committed 30284K, reserved 1075200K
  class space    used 3505K, capacity 3646K, committed 3660K, reserved 1048576K
}
2015-09-09T15:20:44.120+0200: 39.378: Total time for which application threads were stopped: 0.0080812 seconds, Stopping threads took: 0.0000141 seconds
{Heap before GC invocations=70 (full 2):
 par new generation   total 109248K, used 108970K [0x00000000e0000000, 0x00000000e8000000, 0x00000000e8000000)
  eden space 87424K,  99% used [0x00000000e0000000, 0x00000000e551aa58, 0x00000000e5560000)
  from space 21824K, 100% used [0x00000000e5560000, 0x00000000e6ab0000, 0x00000000e6ab0000)
  to   space 21824K,   0% used [0x00000000e6ab0000, 0x00000000e6ab0000, 0x00000000e8000000)
 concurrent mark-sweep generation total 393216K, used 187930K [0x00000000e8000000, 0x0000000100000000, 0x0000000100000000)
 Metaspace       used 29649K, capacity 30008K, committed 30284K, reserved 1075200K
  class space    used 3505K, capacity 3646K, committed 3660K, reserved 1048576K
2015-09-09T15:20:44.403+0200: 39.661: [GC (Allocation Failure) 39.661: [ParNew
Desired survivor size 20112992 bytes, new threshold 8 (max 8)
- age   1:    7049008 bytes,    7049008 total
- age   2:    3217200 bytes,   10266208 total
- age   3:    3219536 bytes,   13485744 total
- age   4:    1883488 bytes,   15369232 total
- age   5:    1484104 bytes,   16853336 total
- age   6:     891992 bytes,   17745328 total
- age   7:     889072 bytes,   18634400 total
- age   8:     768632 bytes,   19403032 total
: 108970K->21824K(109248K), 0.0083410 secs] 296901K->216329K(502464K), 0.0083935 secs] [Times: user=0.06 sys=0.00, real=0.01 secs] 
Heap after GC invocations=71 (full 2):
 par new generation   total 109248K, used 21824K [0x00000000e0000000, 0x00000000e8000000, 0x00000000e8000000)
  eden space 87424K,   0% used [0x00000000e0000000, 0x00000000e0000000, 0x00000000e5560000)
  from space 21824K, 100% used [0x00000000e6ab0000, 0x00000000e8000000, 0x00000000e8000000)
  to   space 21824K,   0% used [0x00000000e5560000, 0x00000000e5560000, 0x00000000e6ab0000)
 concurrent mark-sweep generation total 393216K, used 194505K [0x00000000e8000000, 0x0000000100000000, 0x0000000100000000)
 Metaspace       used 29649K, capacity 30008K, committed 30284K, reserved 1075200K
  class space    used 3505K, capacity 3646K, committed 3660K, reserved 1048576K
}
2015-09-09T15:20:44.412+0200: 39.670: Total time for which application threads were stopped: 0.0085391 seconds, Stopping threads took: 0.0000150 seconds
{Heap before GC invocations=71 (full 2):
 par new generation   total 109248K, used 109248K [0x00000000e0000000, 0x00000000e8000000, 0x00000000e8000000)
  eden space 87424K, 100% used [0x00000000e0000000, 0x00000000e5560000, 0x00000000e5560000)
  from space 21824K, 100% used [0x00000000e6ab0000, 0x00000000e8000000, 0x00000000e8000000)
  to   space 21824K,   0% used [0x00000000e5560000, 0x00000000e5560000, 0x00000000e6ab0000)
 concurrent mark-sweep generation total 393216K, used 194505K [0x00000000e8000000, 0x0000000100000000, 0x0000000100000000)
 Metaspace       used 29649K, capacity 30008K, committed 30284K, reserved 1075200K
  class space    used 3505K, capacity 3646K, committed 3660K, reserved 1048576K
2015-09-09T15:20:44.705+0200: 39.963: [GC (Allocation Failure) 39.963: [ParNew
Desired survivor size 20112992 bytes, new threshold 8 (max 8)
- age   1:    3829888 bytes,    3829888 total
- age   2:    5117896 bytes,    8947784 total
- age   3:    2038616 bytes,   10986400 total
- age   4:    2872152 bytes,   13858552 total
- age   5:    1543200 bytes,   15401752 total
- age   6:    1237248 bytes,   16639000 total
- age   7:     807816 bytes,   17446816 total
- age   8:     802920 bytes,   18249736 total
: 109248K->21824K(109248K), 0.0086934 secs] 303753K->220873K(502464K), 0.0087394 secs] [Times: user=0.00 sys=0.00, real=0.01 secs] 
Heap after GC invocations=72 (full 2):
 par new generation   total 109248K, used 21824K [0x00000000e0000000, 0x00000000e8000000, 0x00000000e8000000)
  eden space 87424K,   0% used [0x00000000e0000000, 0x00000000e0000000, 0x00000000e5560000)
  from space 21824K, 100% used [0x00000000e5560000, 0x00000000e6ab0000, 0x00000000e6ab0000)
  to   space 21824K,   0% used [0x00000000e6ab0000, 0x00000000e6ab0000, 0x00000000e8000000)
 concurrent mark-sweep generation total 393216K, used 199049K [0x00000000e8000000, 0x0000000100000000, 0x0000000100000000)
 Metaspace       used 29649K, capacity 30008K, committed 30284K, reserved 1075200K
  class space    used 3505K, capacity 3646K, committed 3660K, reserved 1048576K
}
2015-09-09T15:20:44.714+0200: 39.972: Total time for which application threads were stopped: 0.0088793 seconds, Stopping threads took: 0.0000134 seconds
2015-09-09T15:20:44.714+0200: 39.972: [GC (CMS Initial Mark) [1 CMS-initial-mark: 199049K(393216K)] 222595K(502464K), 0.0017401 secs] [Times: user=0.00 sys=0.00, real=0.00 secs] 
2015-09-09T15:20:44.716+0200: 39.973: Total time for which application threads were stopped: 0.0018189 seconds, Stopping threads took: 0.0000182 seconds
2015-09-09T15:20:44.716+0200: 39.973: [CMS-concurrent-mark-start]
2015-09-09T15:20:44.727+0200: 39.985: [CMS-concurrent-mark: 0.012/0.012 secs] [Times: user=0.06 sys=0.00, real=0.01 secs] 
2015-09-09T15:20:44.728+0200: 39.985: [CMS-concurrent-preclean-start]
2015-09-09T15:20:44.728+0200: 39.986: [CMS-concurrent-preclean: 0.001/0.001 secs] [Times: user=0.00 sys=0.00, real=0.00 secs] 
2015-09-09T15:20:44.728+0200: 39.986: [CMS-concurrent-abortable-preclean-start]
2015-09-09T15:20:44.848+0200: 40.106: [CMS-concurrent-abortable-preclean: 0.120/0.120 secs] [Times: user=0.25 sys=0.00, real=0.12 secs] 
2015-09-09T15:20:44.848+0200: 40.106: [GC (CMS Final Remark) [YG occupancy: 67803 K (109248 K)]{Heap before GC invocations=72 (full 3):
 par new generation   total 109248K, used 67803K [0x00000000e0000000, 0x00000000e8000000, 0x00000000e8000000)
  eden space 87424K,  52% used [0x00000000e0000000, 0x00000000e2ce6fc8, 0x00000000e5560000)
  from space 21824K, 100% used [0x00000000e5560000, 0x00000000e6ab0000, 0x00000000e6ab0000)
  to   space 21824K,   0% used [0x00000000e6ab0000, 0x00000000e6ab0000, 0x00000000e8000000)
 concurrent mark-sweep generation total 393216K, used 199049K [0x00000000e8000000, 0x0000000100000000, 0x0000000100000000)
 Metaspace       used 29649K, capacity 30008K, committed 30284K, reserved 1075200K
  class space    used 3505K, capacity 3646K, committed 3660K, reserved 1048576K
2015-09-09T15:20:44.848+0200: 40.106: [GC (CMS Final Remark) 40.106: [ParNew
Desired survivor size 20112992 bytes, new threshold 8 (max 8)
- age   1:    2718608 bytes,    2718608 total
- age   2:    3829400 bytes,    6548008 total
- age   3:    3020728 bytes,    9568736 total
- age   4:    2038616 bytes,   11607352 total
- age   5:    2871936 bytes,   14479288 total
- age   6:    1543200 bytes,   16022488 total
- age   7:    1237248 bytes,   17259736 total
- age   8:     807792 bytes,   18067528 total
: 67803K->21824K(109248K), 0.0080786 secs] 266853K->229095K(502464K), 0.0081145 secs] [Times: user=0.00 sys=0.00, real=0.01 secs] 
Heap after GC invocations=73 (full 3):
 par new generation   total 109248K, used 21824K [0x00000000e0000000, 0x00000000e8000000, 0x00000000e8000000)
  eden space 87424K,   0% used [0x00000000e0000000, 0x00000000e0000000, 0x00000000e5560000)
  from space 21824K, 100% used [0x00000000e6ab0000, 0x00000000e8000000, 0x00000000e8000000)
  to   space 21824K,   0% used [0x00000000e5560000, 0x00000000e5560000, 0x00000000e6ab0000)
 concurrent mark-sweep generation total 393216K, used 207271K [0x00000000e8000000, 0x0000000100000000, 0x0000000100000000)
 Metaspace       used 29649K, capacity 30008K, committed 30284K, reserved 1075200K
  class space    used 3505K, capacity 3646K, committed 3660K, reserved 1048576K
}
40.114: [Rescan (parallel) , 0.0022790 secs]40.117: [weak refs processing, 0.0003984 secs]40.117: [class unloading, 0.0037964 secs]40.121: [scrub symbol table, 0.0042908 secs]40.125: [scrub string table, 0.0003738 secs][1 CMS-remark: 207271K(393216K)] 229095K(502464K), 0.0198430 secs] [Times: user=0.06 sys=0.00, real=0.02 secs] 
2015-09-09T15:20:44.868+0200: 40.126: Total time for which application threads were stopped: 0.0199393 seconds, Stopping threads took: 0.0000368 seconds
2015-09-09T15:20:44.868+0200: 40.126: [CMS-concurrent-sweep-start]
2015-09-09T15:20:44.900+0200: 40.158: [CMS-concurrent-sweep: 0.032/0.032 secs] [Times: user=0.06 sys=0.00, real=0.03 secs] 
2015-09-09T15:20:44.900+0200: 40.158: [CMS-concurrent-reset-start]
2015-09-09T15:20:44.901+0200: 40.158: [CMS-concurrent-reset: 0.000/0.000 secs] [Times: user=0.00 sys=0.00, real=0.00 secs] 
{Heap before GC invocations=73 (full 3):
 par new generation   total 109248K, used 109248K [0x00000000e0000000, 0x00000000e8000000, 0x00000000e8000000)
  eden space 87424K, 100% used [0x00000000e0000000, 0x00000000e5560000, 0x00000000e5560000)
  from space 21824K, 100% used [0x00000000e6ab0000, 0x00000000e8000000, 0x00000000e8000000)
  to   space 21824K,   0% used [0x00000000e5560000, 0x00000000e5560000, 0x00000000e6ab0000)
 concurrent mark-sweep generation total 393216K, used 58446K [0x00000000e8000000, 0x0000000100000000, 0x0000000100000000)
 Metaspace       used 29649K, capacity 30008K, committed 30284K, reserved 1075200K
  class space    used 3505K, capacity 3646K, committed 3660K, reserved 1048576K
2015-09-09T15:20:45.168+0200: 40.426: [GC (Allocation Failure) 40.426: [ParNew
Desired survivor size 20112992 bytes, new threshold 8 (max 8)
- age   1:    2477784 bytes,    2477784 total
- age   2:    2081184 bytes,    4558968 total
- age   3:    3754784 bytes,    8313752 total
- age   4:    2933088 bytes,   11246840 total
- age   5:    1989544 bytes,   13236384 total
- age   6:    2556464 bytes,   15792848 total
- age   7:    1493760 bytes,   17286608 total
- age   8:    1184472 bytes,   18471080 total
: 109248K->21824K(109248K), 0.0082089 secs] 167694K->82650K(502464K), 0.0082556 secs] [Times: user=0.06 sys=0.00, real=0.01 secs] 
Heap after GC invocations=74 (full 3):
 par new generation   total 109248K, used 21824K [0x00000000e0000000, 0x00000000e8000000, 0x00000000e8000000)
  eden space 87424K,   0% used [0x00000000e0000000, 0x00000000e0000000, 0x00000000e5560000)
  from space 21824K, 100% used [0x00000000e5560000, 0x00000000e6ab0000, 0x00000000e6ab0000)
  to   space 21824K,   0% used [0x00000000e6ab0000, 0x00000000e6ab0000, 0x00000000e8000000)
 concurrent mark-sweep generation total 393216K, used 60826K [0x00000000e8000000, 0x0000000100000000, 0x0000000100000000)
 Metaspace       used 29649K, capacity 30008K, committed 30284K, reserved 1075200K
  class space    used 3505K, capacity 3646K, committed 3660K, reserved 1048576K
}
2015-09-09T15:20:45.176+0200: 40.434: Total time for which application threads were stopped: 0.0083948 seconds, Stopping threads took: 0.0000147 seconds
{Heap before GC invocations=74 (full 3):
 par new generation   total 109248K, used 109248K [0x00000000e0000000, 0x00000000e8000000, 0x00000000e8000000)
  eden space 87424K, 100% used [0x00000000e0000000, 0x00000000e5560000, 0x00000000e5560000)
  from space 21824K, 100% used [0x00000000e5560000, 0x00000000e6ab0000, 0x00000000e6ab0000)
  to   space 21824K,   0% used [0x00000000e6ab0000, 0x00000000e6ab0000, 0x00000000e8000000)
 concurrent mark-sweep generation total 393216K, used 60826K [0x00000000e8000000, 0x0000000100000000, 0x0000000100000000)
 Metaspace       used 29649K, capacity 30008K, committed 30284K, reserved 1075200K
  class space    used 3505K, capacity 3646K, committed 3660K, reserved 1048576K
2015-09-09T15:20:45.449+0200: 40.707: [GC (Allocation Failure) 40.707: [ParNew
Desired survivor size 20112992 bytes, new threshold 8 (max 8)
- age   1:    2459296 bytes,    2459296 total
- age   2:    2447216 bytes,    4906512 total
- age   3:    2071736 bytes,    6978248 total
- age   4:    3411896 bytes,   10390144 total
- age   5:    2902192 bytes,   13292336 total
- age   6:    1977944 bytes,   15270280 total
- age   7:    2540504 bytes,   17810784 total
- age   8:    1480560 bytes,   19291344 total
: 109248K->21824K(109248K), 0.0085039 secs] 170074K->91956K(502464K), 0.0085506 secs] [Times: user=0.02 sys=0.00, real=0.01 secs] 
Heap after GC invocations=75 (full 3):
 par new generation   total 109248K, used 21824K [0x00000000e0000000, 0x00000000e8000000, 0x00000000e8000000)
  eden space 87424K,   0% used [0x00000000e0000000, 0x00000000e0000000, 0x00000000e5560000)
  from space 21824K, 100% used [0x00000000e6ab0000, 0x00000000e8000000, 0x00000000e8000000)
  to   space 21824K,   0% used [0x00000000e5560000, 0x00000000e5560000, 0x00000000e6ab0000)
 concurrent mark-sweep generation total 393216K, used 70132K [0x00000000e8000000, 0x0000000100000000, 0x0000000100000000)
 Metaspace       used 29649K, capacity 30008K, committed 30284K, reserved 1075200K
  class space    used 3505K, capacity 3646K, committed 3660K, reserved 1048576K
}
2015-09-09T15:20:45.458+0200: 40.716: Total time for which application threads were stopped: 0.0086889 seconds, Stopping threads took: 0.0000141 seconds
{Heap before GC invocations=75 (full 3):
 par new generation   total 109248K, used 109248K [0x00000000e0000000, 0x00000000e8000000, 0x00000000e8000000)
  eden space 87424K, 100% used [0x00000000e0000000, 0x00000000e5560000, 0x00000000e5560000)
  from space 21824K, 100% used [0x00000000e6ab0000, 0x00000000e8000000, 0x00000000e8000000)
  to   space 21824K,   0% used [0x00000000e5560000, 0x00000000e5560000, 0x00000000e6ab0000)
 concurrent mark-sweep generation total 393216K, used 70132K [0x00000000e8000000, 0x0000000100000000, 0x0000000100000000)
 Metaspace       used 29649K, capacity 30008K, committed 30284K, reserved 1075200K
  class space    used 3505K, capacity 3646K, committed 3660K, reserved 1048576K
2015-09-09T15:20:45.762+0200: 41.020: [GC (Allocation Failure) 41.020: [ParNew
Desired survivor size 20112992 bytes, new threshold 8 (max 8)
- age   1:    1955216 bytes,    1955216 total
- age   2:    1915616 bytes,    3870832 total
- age   3:    2407216 bytes,    6278048 total
- age   4:    2055168 bytes,    8333216 total
- age   5:    3376296 bytes,   11709512 total
- age   6:    2874016 bytes,   14583528 total
- age   7:    1951320 bytes,   16534848 total
- age   8:    2248088 bytes,   18782936 total
: 109248K->21824K(109248K), 0.0090095 secs] 179380K->98951K(502464K), 0.0090604 secs] [Times: user=0.00 sys=0.00, real=0.01 secs] 
Heap after GC invocations=76 (full 3):
 par new generation   total 109248K, used 21824K [0x00000000e0000000, 0x00000000e8000000, 0x00000000e8000000)
  eden space 87424K,   0% used [0x00000000e0000000, 0x00000000e0000000, 0x00000000e5560000)
  from space 21824K, 100% used [0x00000000e5560000, 0x00000000e6ab0000, 0x00000000e6ab0000)
  to   space 21824K,   0% used [0x00000000e6ab0000, 0x00000000e6ab0000, 0x00000000e8000000)
 concurrent mark-sweep generation total 393216K, used 77127K [0x00000000e8000000, 0x0000000100000000, 0x0000000100000000)
 Metaspace       used 29649K, capacity 30008K, committed 30284K, reserved 1075200K
  class space    used 3505K, capacity 3646K, committed 3660K, reserved 1048576K
}
2015-09-09T15:20:45.771+0200: 41.029: Total time for which application threads were stopped: 0.0092159 seconds, Stopping threads took: 0.0000144 seconds
{Heap before GC invocations=76 (full 3):
 par new generation   total 109248K, used 109248K [0x00000000e0000000, 0x00000000e8000000, 0x00000000e8000000)
  eden space 87424K, 100% used [0x00000000e0000000, 0x00000000e5560000, 0x00000000e5560000)
  from space 21824K, 100% used [0x00000000e5560000, 0x00000000e6ab0000, 0x00000000e6ab0000)
  to   space 21824K,   0% used [0x00000000e6ab0000, 0x00000000e6ab0000, 0x00000000e8000000)
 concurrent mark-sweep generation total 393216K, used 77127K [0x00000000e8000000, 0x0000000100000000, 0x0000000100000000)
 Metaspace       used 29649K, capacity 30008K, committed 30284K, reserved 1075200K
  class space    used 3505K, capacity 3646K, committed 3660K, reserved 1048576K
2015-09-09T15:20:46.055+0200: 41.313: [GC (Allocation Failure) 41.313: [ParNew
Desired survivor size 20112992 bytes, new threshold 8 (max 8)
- age   1:    4159184 bytes,    4159184 total
- age   2:    1564208 bytes,    5723392 total
- age   3:    1548928 bytes,    7272320 total
- age   4:    2098712 bytes,    9371032 total
- age   5:    1889808 bytes,   11260840 total
- age   6:    3098072 bytes,   14358912 total
- age   7:    2870784 bytes,   17229696 total
- age   8:    1947048 bytes,   19176744 total
: 109248K->21824K(109248K), 0.0092438 secs] 186375K->106989K(502464K), 0.0092924 secs] [Times: user=0.06 sys=0.00, real=0.01 secs] 
Heap after GC invocations=77 (full 3):
 par new generation   total 109248K, used 21824K [0x00000000e0000000, 0x00000000e8000000, 0x00000000e8000000)
  eden space 87424K,   0% used [0x00000000e0000000, 0x00000000e0000000, 0x00000000e5560000)
  from space 21824K, 100% used [0x00000000e6ab0000, 0x00000000e8000000, 0x00000000e8000000)
  to   space 21824K,   0% used [0x00000000e5560000, 0x00000000e5560000, 0x00000000e6ab0000)
 concurrent mark-sweep generation total 393216K, used 85165K [0x00000000e8000000, 0x0000000100000000, 0x0000000100000000)
 Metaspace       used 29649K, capacity 30008K, committed 30284K, reserved 1075200K
  class space    used 3505K, capacity 3646K, committed 3660K, reserved 1048576K
}
2015-09-09T15:20:46.065+0200: 41.323: Total time for which application threads were stopped: 0.0094290 seconds, Stopping threads took: 0.0000138 seconds
{Heap before GC invocations=77 (full 3):
 par new generation   total 109248K, used 109248K [0x00000000e0000000, 0x00000000e8000000, 0x00000000e8000000)
  eden space 87424K, 100% used [0x00000000e0000000, 0x00000000e5560000, 0x00000000e5560000)
  from space 21824K, 100% used [0x00000000e6ab0000, 0x00000000e8000000, 0x00000000e8000000)
  to   space 21824K,   0% used [0x00000000e5560000, 0x00000000e5560000, 0x00000000e6ab0000)
 concurrent mark-sweep generation total 393216K, used 85165K [0x00000000e8000000, 0x0000000100000000, 0x0000000100000000)
 Metaspace       used 29649K, capacity 30008K, committed 30284K, reserved 1075200K
  class space    used 3505K, capacity 3646K, committed 3660K, reserved 1048576K
2015-09-09T15:20:46.357+0200: 41.615: [GC (Allocation Failure) 41.615: [ParNew
Desired survivor size 20112992 bytes, new threshold 8 (max 8)
- age   1:    5187288 bytes,    5187288 total
- age   2:    2286928 bytes,    7474216 total
- age   3:    1416456 bytes,    8890672 total
- age   4:    1408384 bytes,   10299056 total
- age   5:    1910328 bytes,   12209384 total
- age   6:    1813856 bytes,   14023240 total
- age   7:    2825816 bytes,   16849056 total
- age   8:    2360920 bytes,   19209976 total
: 109248K->21824K(109248K), 0.0095961 secs] 194413K->113280K(502464K), 0.0096466 secs] [Times: user=0.00 sys=0.00, real=0.01 secs] 
Heap after GC invocations=78 (full 3):
 par new generation   total 109248K, used 21824K [0x00000000e0000000, 0x00000000e8000000, 0x00000000e8000000)
  eden space 87424K,   0% used [0x00000000e0000000, 0x00000000e0000000, 0x00000000e5560000)
  from space 21824K, 100% used [0x00000000e5560000, 0x00000000e6ab0000, 0x00000000e6ab0000)
  to   space 21824K,   0% used [0x00000000e6ab0000, 0x00000000e6ab0000, 0x00000000e8000000)
 concurrent mark-sweep generation total 393216K, used 91456K [0x00000000e8000000, 0x0000000100000000, 0x0000000100000000)
 Metaspace       used 29649K, capacity 30008K, committed 30284K, reserved 1075200K
  class space    used 3505K, capacity 3646K, committed 3660K, reserved 1048576K
}
2015-09-09T15:20:46.367+0200: 41.625: Total time for which application threads were stopped: 0.0097829 seconds, Stopping threads took: 0.0000141 seconds
{Heap before GC invocations=78 (full 3):
 par new generation   total 109248K, used 109248K [0x00000000e0000000, 0x00000000e8000000, 0x00000000e8000000)
  eden space 87424K, 100% used [0x00000000e0000000, 0x00000000e5560000, 0x00000000e5560000)
  from space 21824K, 100% used [0x00000000e5560000, 0x00000000e6ab0000, 0x00000000e6ab0000)
  to   space 21824K,   0% used [0x00000000e6ab0000, 0x00000000e6ab0000, 0x00000000e8000000)
 concurrent mark-sweep generation total 393216K, used 91456K [0x00000000e8000000, 0x0000000100000000, 0x0000000100000000)
 Metaspace       used 29649K, capacity 30008K, committed 30284K, reserved 1075200K
  class space    used 3505K, capacity 3646K, committed 3660K, reserved 1048576K
2015-09-09T15:20:46.638+0200: 41.896: [GC (Allocation Failure) 41.896: [ParNew
Desired survivor size 20112992 bytes, new threshold 8 (max 8)
- age   1:    5344664 bytes,    5344664 total
- age   2:    3260184 bytes,    8604848 total
- age   3:    1398304 bytes,   10003152 total
- age   4:    1399184 bytes,   11402336 total
- age   5:    1390680 bytes,   12793016 total
- age   6:    1889208 bytes,   14682224 total
- age   7:    1804504 bytes,   16486728 total
- age   8:    2816336 bytes,   19303064 total
: 109248K->21824K(109248K), 0.0094975 secs] 200704K->122362K(502464K), 0.0095465 secs] [Times: user=0.00 sys=0.00, real=0.01 secs] 
Heap after GC invocations=79 (full 3):
 par new generation   total 109248K, used 21824K [0x00000000e0000000, 0x00000000e8000000, 0x00000000e8000000)
  eden space 87424K,   0% used [0x00000000e0000000, 0x00000000e0000000, 0x00000000e5560000)
  from space 21824K, 100% used [0x00000000e6ab0000, 0x00000000e8000000, 0x00000000e8000000)
  to   space 21824K,   0% used [0x00000000e5560000, 0x00000000e5560000, 0x00000000e6ab0000)
 concurrent mark-sweep generation total 393216K, used 100538K [0x00000000e8000000, 0x0000000100000000, 0x0000000100000000)
 Metaspace       used 29649K, capacity 30008K, committed 30284K, reserved 1075200K
  class space    used 3505K, capacity 3646K, committed 3660K, reserved 1048576K
}
2015-09-09T15:20:46.648+0200: 41.906: Total time for which application threads were stopped: 0.0096815 seconds, Stopping threads took: 0.0000138 seconds
{Heap before GC invocations=79 (full 3):
 par new generation   total 109248K, used 109248K [0x00000000e0000000, 0x00000000e8000000, 0x00000000e8000000)
  eden space 87424K, 100% used [0x00000000e0000000, 0x00000000e5560000, 0x00000000e5560000)
  from space 21824K, 100% used [0x00000000e6ab0000, 0x00000000e8000000, 0x00000000e8000000)
  to   space 21824K,   0% used [0x00000000e5560000, 0x00000000e5560000, 0x00000000e6ab0000)
 concurrent mark-sweep generation total 393216K, used 100538K [0x00000000e8000000, 0x0000000100000000, 0x0000000100000000)
 Metaspace       used 29649K, capacity 30008K, committed 30284K, reserved 1075200K
  class space    used 3505K, capacity 3646K, committed 3660K, reserved 1048576K
2015-09-09T15:20:46.949+0200: 42.207: [GC (Allocation Failure) 42.207: [ParNew
Desired survivor size 20112992 bytes, new threshold 8 (max 8)
- age   1:    2805760 bytes,    2805760 total
- age   2:    3365304 bytes,    6171064 total
- age   3:    2628368 bytes,    8799432 total
- age   4:    1387872 bytes,   10187304 total
- age   5:    1393432 bytes,   11580736 total
- age   6:    1383624 bytes,   12964360 total
- age   7:    1882968 bytes,   14847328 total
- age   8:    1801744 bytes,   16649072 total
: 109248K->21824K(109248K), 0.0095282 secs] 209786K->127719K(502464K), 0.0095778 secs] [Times: user=0.00 sys=0.00, real=0.01 secs] 
Heap after GC invocations=80 (full 3):
 par new generation   total 109248K, used 21824K [0x00000000e0000000, 0x00000000e8000000, 0x00000000e8000000)
  eden space 87424K,   0% used [0x00000000e0000000, 0x00000000e0000000, 0x00000000e5560000)
  from space 21824K, 100% used [0x00000000e5560000, 0x00000000e6ab0000, 0x00000000e6ab0000)
  to   space 21824K,   0% used [0x00000000e6ab0000, 0x00000000e6ab0000, 0x00000000e8000000)
 concurrent mark-sweep generation total 393216K, used 105895K [0x00000000e8000000, 0x0000000100000000, 0x0000000100000000)
 Metaspace       used 29649K, capacity 30008K, committed 30284K, reserved 1075200K
  class space    used 3505K, capacity 3646K, committed 3660K, reserved 1048576K
}
2015-09-09T15:20:46.959+0200: 42.217: Total time for which application threads were stopped: 0.0097145 seconds, Stopping threads took: 0.0000141 seconds
{Heap before GC invocations=80 (full 3):
 par new generation   total 109248K, used 109248K [0x00000000e0000000, 0x00000000e8000000, 0x00000000e8000000)
  eden space 87424K, 100% used [0x00000000e0000000, 0x00000000e5560000, 0x00000000e5560000)
  from space 21824K, 100% used [0x00000000e5560000, 0x00000000e6ab0000, 0x00000000e6ab0000)
  to   space 21824K,   0% used [0x00000000e6ab0000, 0x00000000e6ab0000, 0x00000000e8000000)
 concurrent mark-sweep generation total 393216K, used 105895K [0x00000000e8000000, 0x0000000100000000, 0x0000000100000000)
 Metaspace       used 29649K, capacity 30008K, committed 30284K, reserved 1075200K
  class space    used 3505K, capacity 3646K, committed 3660K, reserved 1048576K
2015-09-09T15:20:47.245+0200: 42.503: [GC (Allocation Failure) 42.503: [ParNew
Desired survivor size 20112992 bytes, new threshold 8 (max 8)
- age   1:    6113600 bytes,    6113600 total
- age   2:    2716896 bytes,    8830496 total
- age   3:    2395368 bytes,   11225864 total
- age   4:    2469536 bytes,   13695400 total
- age   5:    1347040 bytes,   15042440 total
- age   6:    1349520 bytes,   16391960 total
- age   7:    1343736 bytes,   17735696 total
- age   8:    1838592 bytes,   19574288 total
: 109248K->21824K(109248K), 0.0095801 secs] 215143K->130127K(502464K), 0.0096332 secs] [Times: user=0.00 sys=0.00, real=0.01 secs] 
Heap after GC invocations=81 (full 3):
 par new generation   total 109248K, used 21824K [0x00000000e0000000, 0x00000000e8000000, 0x00000000e8000000)
  eden space 87424K,   0% used [0x00000000e0000000, 0x00000000e0000000, 0x00000000e5560000)
  from space 21824K, 100% used [0x00000000e6ab0000, 0x00000000e8000000, 0x00000000e8000000)
  to   space 21824K,   0% used [0x00000000e5560000, 0x00000000e5560000, 0x00000000e6ab0000)
 concurrent mark-sweep generation total 393216K, used 108303K [0x00000000e8000000, 0x0000000100000000, 0x0000000100000000)
 Metaspace       used 29649K, capacity 30008K, committed 30284K, reserved 1075200K
  class space    used 3505K, capacity 3646K, committed 3660K, reserved 1048576K
}
2015-09-09T15:20:47.255+0200: 42.513: Total time for which application threads were stopped: 0.0097749 seconds, Stopping threads took: 0.0000144 seconds
{Heap before GC invocations=81 (full 3):
 par new generation   total 109248K, used 109248K [0x00000000e0000000, 0x00000000e8000000, 0x00000000e8000000)
  eden space 87424K, 100% used [0x00000000e0000000, 0x00000000e5560000, 0x00000000e5560000)
  from space 21824K, 100% used [0x00000000e6ab0000, 0x00000000e8000000, 0x00000000e8000000)
  to   space 21824K,   0% used [0x00000000e5560000, 0x00000000e5560000, 0x00000000e6ab0000)
 concurrent mark-sweep generation total 393216K, used 108303K [0x00000000e8000000, 0x0000000100000000, 0x0000000100000000)
 Metaspace       used 29649K, capacity 30008K, committed 30284K, reserved 1075200K
  class space    used 3505K, capacity 3646K, committed 3660K, reserved 1048576K
2015-09-09T15:20:47.531+0200: 42.789: [GC (Allocation Failure) 42.789: [ParNew
Desired survivor size 20112992 bytes, new threshold 8 (max 8)
- age   1:    4751544 bytes,    4751544 total
- age   2:    4846696 bytes,    9598240 total
- age   3:    2669176 bytes,   12267416 total
- age   4:    2372136 bytes,   14639552 total
- age   5:    2447120 bytes,   17086672 total
- age   6:    1325928 bytes,   18412600 total
- age   7:    1327928 bytes,   19740528 total
- age   8:    1322368 bytes,   21062896 total
: 109248K->21824K(109248K), 0.0103321 secs] 217551K->139836K(502464K), 0.0103801 secs] [Times: user=0.02 sys=0.02, real=0.01 secs] 
Heap after GC invocations=82 (full 3):
 par new generation   total 109248K, used 21824K [0x00000000e0000000, 0x00000000e8000000, 0x00000000e8000000)
  eden space 87424K,   0% used [0x00000000e0000000, 0x00000000e0000000, 0x00000000e5560000)
  from space 21824K, 100% used [0x00000000e5560000, 0x00000000e6ab0000, 0x00000000e6ab0000)
  to   space 21824K,   0% used [0x00000000e6ab0000, 0x00000000e6ab0000, 0x00000000e8000000)
 concurrent mark-sweep generation total 393216K, used 118012K [0x00000000e8000000, 0x0000000100000000, 0x0000000100000000)
 Metaspace       used 29649K, capacity 30008K, committed 30284K, reserved 1075200K
  class space    used 3505K, capacity 3646K, committed 3660K, reserved 1048576K
}
2015-09-09T15:20:47.541+0200: 42.799: Total time for which application threads were stopped: 0.0105177 seconds, Stopping threads took: 0.0000144 seconds
{Heap before GC invocations=82 (full 3):
 par new generation   total 109248K, used 109248K [0x00000000e0000000, 0x00000000e8000000, 0x00000000e8000000)
  eden space 87424K, 100% used [0x00000000e0000000, 0x00000000e5560000, 0x00000000e5560000)
  from space 21824K, 100% used [0x00000000e5560000, 0x00000000e6ab0000, 0x00000000e6ab0000)
  to   space 21824K,   0% used [0x00000000e6ab0000, 0x00000000e6ab0000, 0x00000000e8000000)
 concurrent mark-sweep generation total 393216K, used 118012K [0x00000000e8000000, 0x0000000100000000, 0x0000000100000000)
 Metaspace       used 29649K, capacity 30008K, committed 30284K, reserved 1075200K
  class space    used 3505K, capacity 3646K, committed 3660K, reserved 1048576K
2015-09-09T15:20:47.829+0200: 43.087: [GC (Allocation Failure) 43.087: [ParNew
Desired survivor size 20112992 bytes, new threshold 7 (max 8)
- age   1:    4340240 bytes,    4340240 total
- age   2:    4072304 bytes,    8412544 total
- age   3:    3559560 bytes,   11972104 total
- age   4:    2495680 bytes,   14467784 total
- age   5:    2292144 bytes,   16759928 total
- age   6:    2358928 bytes,   19118856 total
- age   7:    1253264 bytes,   20372120 total
- age   8:    1229784 bytes,   21601904 total
: 109248K->21824K(109248K), 0.0104313 secs] 227260K->144542K(502464K), 0.0105189 secs] [Times: user=0.06 sys=0.00, real=0.01 secs] 
Heap after GC invocations=83 (full 3):
 par new generation   total 109248K, used 21824K [0x00000000e0000000, 0x00000000e8000000, 0x00000000e8000000)
  eden space 87424K,   0% used [0x00000000e0000000, 0x00000000e0000000, 0x00000000e5560000)
  from space 21824K, 100% used [0x00000000e6ab0000, 0x00000000e8000000, 0x00000000e8000000)
  to   space 21824K,   0% used [0x00000000e5560000, 0x00000000e5560000, 0x00000000e6ab0000)
 concurrent mark-sweep generation total 393216K, used 122718K [0x00000000e8000000, 0x0000000100000000, 0x0000000100000000)
 Metaspace       used 29649K, capacity 30008K, committed 30284K, reserved 1075200K
  class space    used 3505K, capacity 3646K, committed 3660K, reserved 1048576K
}
2015-09-09T15:20:47.840+0200: 43.098: Total time for which application threads were stopped: 0.0106610 seconds, Stopping threads took: 0.0000141 seconds
{Heap before GC invocations=83 (full 3):
 par new generation   total 109248K, used 109248K [0x00000000e0000000, 0x00000000e8000000, 0x00000000e8000000)
  eden space 87424K, 100% used [0x00000000e0000000, 0x00000000e5560000, 0x00000000e5560000)
  from space 21824K, 100% used [0x00000000e6ab0000, 0x00000000e8000000, 0x00000000e8000000)
  to   space 21824K,   0% used [0x00000000e5560000, 0x00000000e5560000, 0x00000000e6ab0000)
 concurrent mark-sweep generation total 393216K, used 122718K [0x00000000e8000000, 0x0000000100000000, 0x0000000100000000)
 Metaspace       used 29649K, capacity 30008K, committed 30284K, reserved 1075200K
  class space    used 3505K, capacity 3646K, committed 3660K, reserved 1048576K
2015-09-09T15:20:48.160+0200: 43.418: [GC (Allocation Failure) 43.418: [ParNew
Desired survivor size 20112992 bytes, new threshold 8 (max 8)
- age   1:    2313368 bytes,    2313368 total
- age   2:    3332016 bytes,    5645384 total
- age   3:    3565800 bytes,    9211184 total
- age   4:    2860792 bytes,   12071976 total
- age   5:    1941864 bytes,   14013840 total
- age   6:    2100072 bytes,   16113912 total
- age   7:    2343864 bytes,   18457776 total
: 109248K->21824K(109248K), 0.0102729 secs] 231966K->155436K(502464K), 0.0103218 secs] [Times: user=0.06 sys=0.00, real=0.01 secs] 
Heap after GC invocations=84 (full 3):
 par new generation   total 109248K, used 21824K [0x00000000e0000000, 0x00000000e8000000, 0x00000000e8000000)
  eden space 87424K,   0% used [0x00000000e0000000, 0x00000000e0000000, 0x00000000e5560000)
  from space 21824K, 100% used [0x00000000e5560000, 0x00000000e6ab0000, 0x00000000e6ab0000)
  to   space 21824K,   0% used [0x00000000e6ab0000, 0x00000000e6ab0000, 0x00000000e8000000)
 concurrent mark-sweep generation total 393216K, used 133612K [0x00000000e8000000, 0x0000000100000000, 0x0000000100000000)
 Metaspace       used 29649K, capacity 30008K, committed 30284K, reserved 1075200K
  class space    used 3505K, capacity 3646K, committed 3660K, reserved 1048576K
}
2015-09-09T15:20:48.170+0200: 43.428: Total time for which application threads were stopped: 0.0104607 seconds, Stopping threads took: 0.0000144 seconds
{Heap before GC invocations=84 (full 3):
 par new generation   total 109248K, used 109248K [0x00000000e0000000, 0x00000000e8000000, 0x00000000e8000000)
  eden space 87424K, 100% used [0x00000000e0000000, 0x00000000e5560000, 0x00000000e5560000)
  from space 21824K, 100% used [0x00000000e5560000, 0x00000000e6ab0000, 0x00000000e6ab0000)
  to   space 21824K,   0% used [0x00000000e6ab0000, 0x00000000e6ab0000, 0x00000000e8000000)
 concurrent mark-sweep generation total 393216K, used 133612K [0x00000000e8000000, 0x0000000100000000, 0x0000000100000000)
 Metaspace       used 29649K, capacity 30008K, committed 30284K, reserved 1075200K
  class space    used 3505K, capacity 3646K, committed 3660K, reserved 1048576K
2015-09-09T15:20:48.443+0200: 43.701: [GC (Allocation Failure) 43.701: [ParNew
Desired survivor size 20112992 bytes, new threshold 8 (max 8)
- age   1:    2614168 bytes,    2614168 total
- age   2:    1088576 bytes,    3702744 total
- age   3:    3299440 bytes,    7002184 total
- age   4:    3545480 bytes,   10547664 total
- age   5:    2844616 bytes,   13392280 total
- age   6:    1920352 bytes,   15312632 total
- age   7:    2096504 bytes,   17409136 total
- age   8:    2340088 bytes,   19749224 total
: 109248K->21824K(109248K), 0.0099017 secs] 242860K->165127K(502464K), 0.0099535 secs] [Times: user=0.06 sys=0.00, real=0.01 secs] 
Heap after GC invocations=85 (full 3):
 par new generation   total 109248K, used 21824K [0x00000000e0000000, 0x00000000e8000000, 0x00000000e8000000)
  eden space 87424K,   0% used [0x00000000e0000000, 0x00000000e0000000, 0x00000000e5560000)
  from space 21824K, 100% used [0x00000000e6ab0000, 0x00000000e8000000, 0x00000000e8000000)
  to   space 21824K,   0% used [0x00000000e5560000, 0x00000000e5560000, 0x00000000e6ab0000)
 concurrent mark-sweep generation total 393216K, used 143303K [0x00000000e8000000, 0x0000000100000000, 0x0000000100000000)
 Metaspace       used 29649K, capacity 30008K, committed 30284K, reserved 1075200K
  class space    used 3505K, capacity 3646K, committed 3660K, reserved 1048576K
}
2015-09-09T15:20:48.453+0200: 43.711: Total time for which application threads were stopped: 0.0101010 seconds, Stopping threads took: 0.0000150 seconds
{Heap before GC invocations=85 (full 3):
 par new generation   total 109248K, used 109248K [0x00000000e0000000, 0x00000000e8000000, 0x00000000e8000000)
  eden space 87424K, 100% used [0x00000000e0000000, 0x00000000e5560000, 0x00000000e5560000)
  from space 21824K, 100% used [0x00000000e6ab0000, 0x00000000e8000000, 0x00000000e8000000)
  to   space 21824K,   0% used [0x00000000e5560000, 0x00000000e5560000, 0x00000000e6ab0000)
 concurrent mark-sweep generation total 393216K, used 143303K [0x00000000e8000000, 0x0000000100000000, 0x0000000100000000)
 Metaspace       used 29649K, capacity 30008K, committed 30284K, reserved 1075200K
  class space    used 3505K, capacity 3646K, committed 3660K, reserved 1048576K
2015-09-09T15:20:48.739+0200: 43.997: [GC (Allocation Failure) 43.997: [ParNew
Desired survivor size 20112992 bytes, new threshold 8 (max 8)
- age   1:    5800232 bytes,    5800232 total
- age   2:    2219512 bytes,    8019744 total
- age   3:     844616 bytes,    8864360 total
- age   4:    1836064 bytes,   10700424 total
- age   5:    3515280 bytes,   14215704 total
- age   6:    2811384 bytes,   17027088 total
- age   7:    1900392 bytes,   18927480 total
- age   8:    2048704 bytes,   20976184 total
: 109248K->21824K(109248K), 0.0101161 secs] 252551K->169243K(502464K), 0.0101653 secs] [Times: user=0.06 sys=0.00, real=0.01 secs] 
Heap after GC invocations=86 (full 3):
 par new generation   total 109248K, used 21824K [0x00000000e0000000, 0x00000000e8000000, 0x00000000e8000000)
  eden space 87424K,   0% used [0x00000000e0000000, 0x00000000e0000000, 0x00000000e5560000)
  from space 21824K, 100% used [0x00000000e5560000, 0x00000000e6ab0000, 0x00000000e6ab0000)
  to   space 21824K,   0% used [0x00000000e6ab0000, 0x00000000e6ab0000, 0x00000000e8000000)
 concurrent mark-sweep generation total 393216K, used 147419K [0x00000000e8000000, 0x0000000100000000, 0x0000000100000000)
 Metaspace       used 29649K, capacity 30008K, committed 30284K, reserved 1075200K
  class space    used 3505K, capacity 3646K, committed 3660K, reserved 1048576K
}
2015-09-09T15:20:48.749+0200: 44.007: Total time for which application threads were stopped: 0.0103013 seconds, Stopping threads took: 0.0000141 seconds
{Heap before GC invocations=86 (full 3):
 par new generation   total 109248K, used 109248K [0x00000000e0000000, 0x00000000e8000000, 0x00000000e8000000)
  eden space 87424K, 100% used [0x00000000e0000000, 0x00000000e5560000, 0x00000000e5560000)
  from space 21824K, 100% used [0x00000000e5560000, 0x00000000e6ab0000, 0x00000000e6ab0000)
  to   space 21824K,   0% used [0x00000000e6ab0000, 0x00000000e6ab0000, 0x00000000e8000000)
 concurrent mark-sweep generation total 393216K, used 147419K [0x00000000e8000000, 0x0000000100000000, 0x0000000100000000)
 Metaspace       used 29649K, capacity 30008K, committed 30284K, reserved 1075200K
  class space    used 3505K, capacity 3646K, committed 3660K, reserved 1048576K
2015-09-09T15:20:49.044+0200: 44.302: [GC (Allocation Failure) 44.302: [ParNew
Desired survivor size 20112992 bytes, new threshold 8 (max 8)
- age   1:    2662984 bytes,    2662984 total
- age   2:    4435424 bytes,    7098408 total
- age   3:    2178952 bytes,    9277360 total
- age   4:     796784 bytes,   10074144 total
- age   5:    1800544 bytes,   11874688 total
- age   6:    2955816 bytes,   14830504 total
- age   7:    2770040 bytes,   17600544 total
- age   8:    1862176 bytes,   19462720 total
: 109248K->21824K(109248K), 0.0098943 secs] 256667K->174247K(502464K), 0.0099449 secs] [Times: user=0.01 sys=0.00, real=0.01 secs] 
Heap after GC invocations=87 (full 3):
 par new generation   total 109248K, used 21824K [0x00000000e0000000, 0x00000000e8000000, 0x00000000e8000000)
  eden space 87424K,   0% used [0x00000000e0000000, 0x00000000e0000000, 0x00000000e5560000)
  from space 21824K, 100% used [0x00000000e6ab0000, 0x00000000e8000000, 0x00000000e8000000)
  to   space 21824K,   0% used [0x00000000e5560000, 0x00000000e5560000, 0x00000000e6ab0000)
 concurrent mark-sweep generation total 393216K, used 152423K [0x00000000e8000000, 0x0000000100000000, 0x0000000100000000)
 Metaspace       used 29649K, capacity 30008K, committed 30284K, reserved 1075200K
  class space    used 3505K, capacity 3646K, committed 3660K, reserved 1048576K
}
2015-09-09T15:20:49.054+0200: 44.312: Total time for which application threads were stopped: 0.0101228 seconds, Stopping threads took: 0.0000138 seconds
{Heap before GC invocations=87 (full 3):
 par new generation   total 109248K, used 109248K [0x00000000e0000000, 0x00000000e8000000, 0x00000000e8000000)
  eden space 87424K, 100% used [0x00000000e0000000, 0x00000000e5560000, 0x00000000e5560000)
  from space 21824K, 100% used [0x00000000e6ab0000, 0x00000000e8000000, 0x00000000e8000000)
  to   space 21824K,   0% used [0x00000000e5560000, 0x00000000e5560000, 0x00000000e6ab0000)
 concurrent mark-sweep generation total 393216K, used 152423K [0x00000000e8000000, 0x0000000100000000, 0x0000000100000000)
 Metaspace       used 29649K, capacity 30008K, committed 30284K, reserved 1075200K
  class space    used 3505K, capacity 3646K, committed 3660K, reserved 1048576K
2015-09-09T15:20:49.343+0200: 44.601: [GC (Allocation Failure) 44.601: [ParNew
Desired survivor size 20112992 bytes, new threshold 8 (max 8)
- age   1:    3311696 bytes,    3311696 total
- age   2:    2438856 bytes,    5750552 total
- age   3:    2534272 bytes,    8284824 total
- age   4:    2163232 bytes,   10448056 total
- age   5:     782736 bytes,   11230792 total
- age   6:    1080232 bytes,   12311024 total
- age   7:    2941192 bytes,   15252216 total
- age   8:    2755368 bytes,   18007584 total
: 109248K->21824K(109248K), 0.0113359 secs] 261671K->190484K(502464K), 0.0113855 secs] [Times: user=0.06 sys=0.00, real=0.01 secs] 
Heap after GC invocations=88 (full 3):
 par new generation   total 109248K, used 21824K [0x00000000e0000000, 0x00000000e8000000, 0x00000000e8000000)
  eden space 87424K,   0% used [0x00000000e0000000, 0x00000000e0000000, 0x00000000e5560000)
  from space 21824K, 100% used [0x00000000e5560000, 0x00000000e6ab0000, 0x00000000e6ab0000)
  to   space 21824K,   0% used [0x00000000e6ab0000, 0x00000000e6ab0000, 0x00000000e8000000)
 concurrent mark-sweep generation total 393216K, used 168660K [0x00000000e8000000, 0x0000000100000000, 0x0000000100000000)
 Metaspace       used 29649K, capacity 30008K, committed 30284K, reserved 1075200K
  class space    used 3505K, capacity 3646K, committed 3660K, reserved 1048576K
}
2015-09-09T15:20:49.354+0200: 44.612: Total time for which application threads were stopped: 0.0115199 seconds, Stopping threads took: 0.0000138 seconds
{Heap before GC invocations=88 (full 3):
 par new generation   total 109248K, used 109248K [0x00000000e0000000, 0x00000000e8000000, 0x00000000e8000000)
  eden space 87424K, 100% used [0x00000000e0000000, 0x00000000e5560000, 0x00000000e5560000)
  from space 21824K, 100% used [0x00000000e5560000, 0x00000000e6ab0000, 0x00000000e6ab0000)
  to   space 21824K,   0% used [0x00000000e6ab0000, 0x00000000e6ab0000, 0x00000000e8000000)
 concurrent mark-sweep generation total 393216K, used 168660K [0x00000000e8000000, 0x0000000100000000, 0x0000000100000000)
 Metaspace       used 29649K, capacity 30008K, committed 30284K, reserved 1075200K
  class space    used 3505K, capacity 3646K, committed 3660K, reserved 1048576K
2015-09-09T15:20:49.639+0200: 44.897: [GC (Allocation Failure) 44.897: [ParNew
Desired survivor size 20112992 bytes, new threshold 8 (max 8)
- age   1:    5186016 bytes,    5186016 total
- age   2:    3249400 bytes,    8435416 total
- age   3:    1682872 bytes,   10118288 total
- age   4:    2263744 bytes,   12382032 total
- age   5:    2157520 bytes,   14539552 total
- age   6:     776976 bytes,   15316528 total
- age   7:    1071232 bytes,   16387760 total
- age   8:    2932576 bytes,   19320336 total
: 109248K->21824K(109248K), 0.0103580 secs] 277908K->196291K(502464K), 0.0104076 secs] [Times: user=0.06 sys=0.00, real=0.01 secs] 
Heap after GC invocations=89 (full 3):
 par new generation   total 109248K, used 21824K [0x00000000e0000000, 0x00000000e8000000, 0x00000000e8000000)
  eden space 87424K,   0% used [0x00000000e0000000, 0x00000000e0000000, 0x00000000e5560000)
  from space 21824K, 100% used [0x00000000e6ab0000, 0x00000000e8000000, 0x00000000e8000000)
  to   space 21824K,   0% used [0x00000000e5560000, 0x00000000e5560000, 0x00000000e6ab0000)
 concurrent mark-sweep generation total 393216K, used 174467K [0x00000000e8000000, 0x0000000100000000, 0x0000000100000000)
 Metaspace       used 29649K, capacity 30008K, committed 30284K, reserved 1075200K
  class space    used 3505K, capacity 3646K, committed 3660K, reserved 1048576K
}
2015-09-09T15:20:49.649+0200: 44.907: Total time for which application threads were stopped: 0.0105884 seconds, Stopping threads took: 0.0000141 seconds
{Heap before GC invocations=89 (full 3):
 par new generation   total 109248K, used 109248K [0x00000000e0000000, 0x00000000e8000000, 0x00000000e8000000)
  eden space 87424K, 100% used [0x00000000e0000000, 0x00000000e5560000, 0x00000000e5560000)
  from space 21824K, 100% used [0x00000000e6ab0000, 0x00000000e8000000, 0x00000000e8000000)
  to   space 21824K,   0% used [0x00000000e5560000, 0x00000000e5560000, 0x00000000e6ab0000)
 concurrent mark-sweep generation total 393216K, used 174467K [0x00000000e8000000, 0x0000000100000000, 0x0000000100000000)
 Metaspace       used 29649K, capacity 30008K, committed 30284K, reserved 1075200K
  class space    used 3505K, capacity 3646K, committed 3660K, reserved 1048576K
2015-09-09T15:20:49.952+0200: 45.210: [GC (Allocation Failure) 45.210: [ParNew
Desired survivor size 20112992 bytes, new threshold 8 (max 8)
- age   1:    2394488 bytes,    2394488 total
- age   2:    4582632 bytes,    6977120 total
- age   3:    3245184 bytes,   10222304 total
- age   4:    1678704 bytes,   11901008 total
- age   5:    2259504 bytes,   14160512 total
- age   6:    2154032 bytes,   16314544 total
- age   7:     776016 bytes,   17090560 total
- age   8:    1070160 bytes,   18160720 total
: 109248K->21824K(109248K), 0.0097679 secs] 283715K->200288K(502464K), 0.0098149 secs] [Times: user=0.06 sys=0.00, real=0.01 secs] 
Heap after GC invocations=90 (full 3):
 par new generation   total 109248K, used 21824K [0x00000000e0000000, 0x00000000e8000000, 0x00000000e8000000)
  eden space 87424K,   0% used [0x00000000e0000000, 0x00000000e0000000, 0x00000000e5560000)
  from space 21824K, 100% used [0x00000000e5560000, 0x00000000e6ab0000, 0x00000000e6ab0000)
  to   space 21824K,   0% used [0x00000000e6ab0000, 0x00000000e6ab0000, 0x00000000e8000000)
 concurrent mark-sweep generation total 393216K, used 178464K [0x00000000e8000000, 0x0000000100000000, 0x0000000100000000)
 Metaspace       used 29649K, capacity 30008K, committed 30284K, reserved 1075200K
  class space    used 3505K, capacity 3646K, committed 3660K, reserved 1048576K
}
2015-09-09T15:20:49.962+0200: 45.220: Total time for which application threads were stopped: 0.0100044 seconds, Stopping threads took: 0.0000256 seconds
{Heap before GC invocations=90 (full 3):
 par new generation   total 109248K, used 109248K [0x00000000e0000000, 0x00000000e8000000, 0x00000000e8000000)
  eden space 87424K, 100% used [0x00000000e0000000, 0x00000000e5560000, 0x00000000e5560000)
  from space 21824K, 100% used [0x00000000e5560000, 0x00000000e6ab0000, 0x00000000e6ab0000)
  to   space 21824K,   0% used [0x00000000e6ab0000, 0x00000000e6ab0000, 0x00000000e8000000)
 concurrent mark-sweep generation total 393216K, used 178464K [0x00000000e8000000, 0x0000000100000000, 0x0000000100000000)
 Metaspace       used 29650K, capacity 30008K, committed 30284K, reserved 1075200K
  class space    used 3505K, capacity 3646K, committed 3660K, reserved 1048576K
2015-09-09T15:20:50.259+0200: 45.517: [GC (Allocation Failure) 45.517: [ParNew
Desired survivor size 20112992 bytes, new threshold 8 (max 8)
- age   1:    2297224 bytes,    2297224 total
- age   2:    2184552 bytes,    4481776 total
- age   3:    4283200 bytes,    8764976 total
- age   4:    3239600 bytes,   12004576 total
- age   5:    1677504 bytes,   13682080 total
- age   6:    2258336 bytes,   15940416 total
- age   7:    2152800 bytes,   18093216 total
- age   8:     774880 bytes,   18868096 total
: 109248K->21824K(109248K), 0.0098585 secs] 287712K->203121K(502464K), 0.0099077 secs] [Times: user=0.00 sys=0.00, real=0.01 secs] 
Heap after GC invocations=91 (full 3):
 par new generation   total 109248K, used 21824K [0x00000000e0000000, 0x00000000e8000000, 0x00000000e8000000)
  eden space 87424K,   0% used [0x00000000e0000000, 0x00000000e0000000, 0x00000000e5560000)
  from space 21824K, 100% used [0x00000000e6ab0000, 0x00000000e8000000, 0x00000000e8000000)
  to   space 21824K,   0% used [0x00000000e5560000, 0x00000000e5560000, 0x00000000e6ab0000)
 concurrent mark-sweep generation total 393216K, used 181297K [0x00000000e8000000, 0x0000000100000000, 0x0000000100000000)
 Metaspace       used 29650K, capacity 30008K, committed 30284K, reserved 1075200K
  class space    used 3505K, capacity 3646K, committed 3660K, reserved 1048576K
}
2015-09-09T15:20:50.269+0200: 45.527: Total time for which application threads were stopped: 0.0100738 seconds, Stopping threads took: 0.0000259 seconds
{Heap before GC invocations=91 (full 3):
 par new generation   total 109248K, used 109248K [0x00000000e0000000, 0x00000000e8000000, 0x00000000e8000000)
  eden space 87424K, 100% used [0x00000000e0000000, 0x00000000e5560000, 0x00000000e5560000)
  from space 21824K, 100% used [0x00000000e6ab0000, 0x00000000e8000000, 0x00000000e8000000)
  to   space 21824K,   0% used [0x00000000e5560000, 0x00000000e5560000, 0x00000000e6ab0000)
 concurrent mark-sweep generation total 393216K, used 181297K [0x00000000e8000000, 0x0000000100000000, 0x0000000100000000)
 Metaspace       used 29650K, capacity 30008K, committed 30284K, reserved 1075200K
  class space    used 3505K, capacity 3646K, committed 3660K, reserved 1048576K
2015-09-09T15:20:50.518+0200: 45.777: [GC (Allocation Failure) 45.777: [ParNew
Desired survivor size 20112992 bytes, new threshold 8 (max 8)
- age   1:    5882584 bytes,    5882584 total
- age   2:    1189768 bytes,    7072352 total
- age   3:    1046632 bytes,    8118984 total
- age   4:    2616200 bytes,   10735184 total
- age   5:    3151248 bytes,   13886432 total
- age   6:    1671680 bytes,   15558112 total
- age   7:    2252368 bytes,   17810480 total
- age   8:    2147536 bytes,   19958016 total
: 109248K->21824K(109248K), 0.0112245 secs] 290545K->219414K(502464K), 0.0112741 secs] [Times: user=0.06 sys=0.00, real=0.01 secs] 
Heap after GC invocations=92 (full 3):
 par new generation   total 109248K, used 21824K [0x00000000e0000000, 0x00000000e8000000, 0x00000000e8000000)
  eden space 87424K,   0% used [0x00000000e0000000, 0x00000000e0000000, 0x00000000e5560000)
  from space 21824K, 100% used [0x00000000e5560000, 0x00000000e6ab0000, 0x00000000e6ab0000)
  to   space 21824K,   0% used [0x00000000e6ab0000, 0x00000000e6ab0000, 0x00000000e8000000)
 concurrent mark-sweep generation total 393216K, used 197590K [0x00000000e8000000, 0x0000000100000000, 0x0000000100000000)
 Metaspace       used 29650K, capacity 30008K, committed 30284K, reserved 1075200K
  class space    used 3505K, capacity 3646K, committed 3660K, reserved 1048576K
}
2015-09-09T15:20:50.530+0200: 45.788: Total time for which application threads were stopped: 0.0114146 seconds, Stopping threads took: 0.0000141 seconds
2015-09-09T15:20:50.530+0200: 45.788: [GC (CMS Initial Mark) [1 CMS-initial-mark: 197590K(393216K)] 221163K(502464K), 0.0013133 secs] [Times: user=0.00 sys=0.00, real=0.00 secs] 
2015-09-09T15:20:50.531+0200: 45.789: Total time for which application threads were stopped: 0.0013881 seconds, Stopping threads took: 0.0000122 seconds
2015-09-09T15:20:50.531+0200: 45.789: [CMS-concurrent-mark-start]
2015-09-09T15:20:50.552+0200: 45.810: [CMS-concurrent-mark: 0.021/0.021 secs] [Times: user=0.13 sys=0.00, real=0.02 secs] 
2015-09-09T15:20:50.552+0200: 45.810: [CMS-concurrent-preclean-start]
2015-09-09T15:20:50.553+0200: 45.811: [CMS-concurrent-preclean: 0.001/0.001 secs] [Times: user=0.00 sys=0.00, real=0.00 secs] 
2015-09-09T15:20:50.553+0200: 45.811: [CMS-concurrent-abortable-preclean-start]
2015-09-09T15:20:50.709+0200: 45.967: [CMS-concurrent-abortable-preclean: 0.156/0.156 secs] [Times: user=0.31 sys=0.00, real=0.16 secs] 
2015-09-09T15:20:50.709+0200: 45.967: [GC (CMS Final Remark) [YG occupancy: 72550 K (109248 K)]{Heap before GC invocations=92 (full 4):
 par new generation   total 109248K, used 72550K [0x00000000e0000000, 0x00000000e8000000, 0x00000000e8000000)
  eden space 87424K,  58% used [0x00000000e0000000, 0x00000000e3189890, 0x00000000e5560000)
  from space 21824K, 100% used [0x00000000e5560000, 0x00000000e6ab0000, 0x00000000e6ab0000)
  to   space 21824K,   0% used [0x00000000e6ab0000, 0x00000000e6ab0000, 0x00000000e8000000)
 concurrent mark-sweep generation total 393216K, used 197590K [0x00000000e8000000, 0x0000000100000000, 0x0000000100000000)
 Metaspace       used 29650K, capacity 30008K, committed 30284K, reserved 1075200K
  class space    used 3505K, capacity 3646K, committed 3660K, reserved 1048576K
2015-09-09T15:20:50.709+0200: 45.968: [GC (CMS Final Remark) 45.968: [ParNew
Desired survivor size 20112992 bytes, new threshold 8 (max 8)
- age   1:    1464896 bytes,    1464896 total
- age   2:    5658256 bytes,    7123152 total
- age   3:    1136304 bytes,    8259456 total
- age   4:    1020352 bytes,    9279808 total
- age   5:    2564840 bytes,   11844648 total
- age   6:    3134784 bytes,   14979432 total
- age   7:    1651672 bytes,   16631104 total
- age   8:    2233744 bytes,   18864848 total
: 72550K->21824K(109248K), 0.0109324 secs] 270140K->223576K(502464K), 0.0109673 secs] [Times: user=0.00 sys=0.00, real=0.01 secs] 
Heap after GC invocations=93 (full 4):
 par new generation   total 109248K, used 21824K [0x00000000e0000000, 0x00000000e8000000, 0x00000000e8000000)
  eden space 87424K,   0% used [0x00000000e0000000, 0x00000000e0000000, 0x00000000e5560000)
  from space 21824K, 100% used [0x00000000e6ab0000, 0x00000000e8000000, 0x00000000e8000000)
  to   space 21824K,   0% used [0x00000000e5560000, 0x00000000e5560000, 0x00000000e6ab0000)
 concurrent mark-sweep generation total 393216K, used 201752K [0x00000000e8000000, 0x0000000100000000, 0x0000000100000000)
 Metaspace       used 29650K, capacity 30008K, committed 30284K, reserved 1075200K
  class space    used 3505K, capacity 3646K, committed 3660K, reserved 1048576K
}
45.979: [Rescan (parallel) , 0.0036006 secs]45.982: [weak refs processing, 0.0007837 secs]45.983: [class unloading, 0.0037139 secs]45.987: [scrub symbol table, 0.0027789 secs]45.989: [scrub string table, 0.0003690 secs][1 CMS-remark: 201752K(393216K)] 223576K(502464K), 0.0227246 secs] [Times: user=0.06 sys=0.00, real=0.02 secs] 
2015-09-09T15:20:50.732+0200: 45.990: Total time for which application threads were stopped: 0.0228292 seconds, Stopping threads took: 0.0000278 seconds
2015-09-09T15:20:50.732+0200: 45.990: [CMS-concurrent-sweep-start]
2015-09-09T15:20:50.746+0200: 46.004: [CMS-concurrent-sweep: 0.014/0.014 secs] [Times: user=0.03 sys=0.00, real=0.01 secs] 
2015-09-09T15:20:50.746+0200: 46.004: [CMS-concurrent-reset-start]
2015-09-09T15:20:50.746+0200: 46.004: [CMS-concurrent-reset: 0.000/0.000 secs] [Times: user=0.00 sys=0.00, real=0.00 secs] 
{Heap before GC invocations=93 (full 4):
 par new generation   total 109248K, used 109248K [0x00000000e0000000, 0x00000000e8000000, 0x00000000e8000000)
  eden space 87424K, 100% used [0x00000000e0000000, 0x00000000e5560000, 0x00000000e5560000)
  from space 21824K, 100% used [0x00000000e6ab0000, 0x00000000e8000000, 0x00000000e8000000)
  to   space 21824K,   0% used [0x00000000e5560000, 0x00000000e5560000, 0x00000000e6ab0000)
 concurrent mark-sweep generation total 393216K, used 118743K [0x00000000e8000000, 0x0000000100000000, 0x0000000100000000)
 Metaspace       used 29650K, capacity 30008K, committed 30284K, reserved 1075200K
  class space    used 3505K, capacity 3646K, committed 3660K, reserved 1048576K
2015-09-09T15:20:51.028+0200: 46.286: [GC (Allocation Failure) 46.286: [ParNew
Desired survivor size 20112992 bytes, new threshold 8 (max 8)
- age   1:    2899080 bytes,    2899080 total
- age   2:    1461264 bytes,    4360344 total
- age   3:    5658640 bytes,   10018984 total
- age   4:    1136520 bytes,   11155504 total
- age   5:    1020672 bytes,   12176176 total
- age   6:    1328408 bytes,   13504584 total
- age   7:    3135240 bytes,   16639824 total
- age   8:    1481840 bytes,   18121664 total
: 109248K->21824K(109248K), 0.0112610 secs] 227991K->142768K(502464K), 0.0113055 secs] [Times: user=0.06 sys=0.00, real=0.01 secs] 
Heap after GC invocations=94 (full 4):
 par new generation   total 109248K, used 21824K [0x00000000e0000000, 0x00000000e8000000, 0x00000000e8000000)
  eden space 87424K,   0% used [0x00000000e0000000, 0x00000000e0000000, 0x00000000e5560000)
  from space 21824K, 100% used [0x00000000e5560000, 0x00000000e6ab0000, 0x00000000e6ab0000)
  to   space 21824K,   0% used [0x00000000e6ab0000, 0x00000000e6ab0000, 0x00000000e8000000)
 concurrent mark-sweep generation total 393216K, used 120944K [0x00000000e8000000, 0x0000000100000000, 0x0000000100000000)
 Metaspace       used 29650K, capacity 30008K, committed 30284K, reserved 1075200K
  class space    used 3505K, capacity 3646K, committed 3660K, reserved 1048576K
}
2015-09-09T15:20:51.039+0200: 46.297: Total time for which application threads were stopped: 0.0114421 seconds, Stopping threads took: 0.0000144 seconds
{Heap before GC invocations=94 (full 4):
 par new generation   total 109248K, used 109248K [0x00000000e0000000, 0x00000000e8000000, 0x00000000e8000000)
  eden space 87424K, 100% used [0x00000000e0000000, 0x00000000e5560000, 0x00000000e5560000)
  from space 21824K, 100% used [0x00000000e5560000, 0x00000000e6ab0000, 0x00000000e6ab0000)
  to   space 21824K,   0% used [0x00000000e6ab0000, 0x00000000e6ab0000, 0x00000000e8000000)
 concurrent mark-sweep generation total 393216K, used 120944K [0x00000000e8000000, 0x0000000100000000, 0x0000000100000000)
 Metaspace       used 29650K, capacity 30008K, committed 30284K, reserved 1075200K
  class space    used 3505K, capacity 3646K, committed 3660K, reserved 1048576K
2015-09-09T15:20:51.333+0200: 46.591: [GC (Allocation Failure) 46.591: [ParNew
Desired survivor size 20112992 bytes, new threshold 8 (max 8)
- age   1:    2651960 bytes,    2651960 total
- age   2:    2895384 bytes,    5547344 total
- age   3:    1461384 bytes,    7008728 total
- age   4:    4109120 bytes,   11117848 total
- age   5:    1132504 bytes,   12250352 total
- age   6:    1020888 bytes,   13271240 total
- age   7:    1328696 bytes,   14599936 total
- age   8:    3135312 bytes,   17735248 total
: 109248K->21824K(109248K), 0.0107602 secs] 230192K->144244K(502464K), 0.0108076 secs] [Times: user=0.00 sys=0.00, real=0.01 secs] 
Heap after GC invocations=95 (full 4):
 par new generation   total 109248K, used 21824K [0x00000000e0000000, 0x00000000e8000000, 0x00000000e8000000)
  eden space 87424K,   0% used [0x00000000e0000000, 0x00000000e0000000, 0x00000000e5560000)
  from space 21824K, 100% used [0x00000000e6ab0000, 0x00000000e8000000, 0x00000000e8000000)
  to   space 21824K,   0% used [0x00000000e5560000, 0x00000000e5560000, 0x00000000e6ab0000)
 concurrent mark-sweep generation total 393216K, used 122420K [0x00000000e8000000, 0x0000000100000000, 0x0000000100000000)
 Metaspace       used 29650K, capacity 30008K, committed 30284K, reserved 1075200K
  class space    used 3505K, capacity 3646K, committed 3660K, reserved 1048576K
}
2015-09-09T15:20:51.344+0200: 46.602: Total time for which application threads were stopped: 0.0109394 seconds, Stopping threads took: 0.0000131 seconds
{Heap before GC invocations=95 (full 4):
 par new generation   total 109248K, used 109248K [0x00000000e0000000, 0x00000000e8000000, 0x00000000e8000000)
  eden space 87424K, 100% used [0x00000000e0000000, 0x00000000e5560000, 0x00000000e5560000)
  from space 21824K, 100% used [0x00000000e6ab0000, 0x00000000e8000000, 0x00000000e8000000)
  to   space 21824K,   0% used [0x00000000e5560000, 0x00000000e5560000, 0x00000000e6ab0000)
 concurrent mark-sweep generation total 393216K, used 122420K [0x00000000e8000000, 0x0000000100000000, 0x0000000100000000)
 Metaspace       used 29650K, capacity 30008K, committed 30284K, reserved 1075200K
  class space    used 3505K, capacity 3646K, committed 3660K, reserved 1048576K
2015-09-09T15:20:51.622+0200: 46.880: [GC (Allocation Failure) 46.880: [ParNew
Desired survivor size 20112992 bytes, new threshold 8 (max 8)
- age   1:    4920496 bytes,    4920496 total
- age   2:    2646824 bytes,    7567320 total
- age   3:    2768008 bytes,   10335328 total
- age   4:    1461096 bytes,   11796424 total
- age   5:    5607824 bytes,   17404248 total
- age   6:    1127648 bytes,   18531896 total
- age   7:    1010200 bytes,   19542096 total
- age   8:     940536 bytes,   20482632 total
: 109248K->21824K(109248K), 0.0110863 secs] 231668K->152353K(502464K), 0.0111337 secs] [Times: user=0.06 sys=0.00, real=0.01 secs] 
Heap after GC invocations=96 (full 4):
 par new generation   total 109248K, used 21824K [0x00000000e0000000, 0x00000000e8000000, 0x00000000e8000000)
  eden space 87424K,   0% used [0x00000000e0000000, 0x00000000e0000000, 0x00000000e5560000)
  from space 21824K, 100% used [0x00000000e5560000, 0x00000000e6ab0000, 0x00000000e6ab0000)
  to   space 21824K,   0% used [0x00000000e6ab0000, 0x00000000e6ab0000, 0x00000000e8000000)
 concurrent mark-sweep generation total 393216K, used 130529K [0x00000000e8000000, 0x0000000100000000, 0x0000000100000000)
 Metaspace       used 29650K, capacity 30008K, committed 30284K, reserved 1075200K
  class space    used 3505K, capacity 3646K, committed 3660K, reserved 1048576K
}
2015-09-09T15:20:51.633+0200: 46.891: Total time for which application threads were stopped: 0.0112658 seconds, Stopping threads took: 0.0000141 seconds
{Heap before GC invocations=96 (full 4):
 par new generation   total 109248K, used 109248K [0x00000000e0000000, 0x00000000e8000000, 0x00000000e8000000)
  eden space 87424K, 100% used [0x00000000e0000000, 0x00000000e5560000, 0x00000000e5560000)
  from space 21824K, 100% used [0x00000000e5560000, 0x00000000e6ab0000, 0x00000000e6ab0000)
  to   space 21824K,   0% used [0x00000000e6ab0000, 0x00000000e6ab0000, 0x00000000e8000000)
 concurrent mark-sweep generation total 393216K, used 130529K [0x00000000e8000000, 0x0000000100000000, 0x0000000100000000)
 Metaspace       used 29650K, capacity 30008K, committed 30284K, reserved 1075200K
  class space    used 3505K, capacity 3646K, committed 3660K, reserved 1048576K
2015-09-09T15:20:51.891+0200: 47.149: [GC (Allocation Failure) 47.149: [ParNew
Desired survivor size 20112992 bytes, new threshold 8 (max 8)
- age   1:    2518896 bytes,    2518896 total
- age   2:    4536832 bytes,    7055728 total
- age   3:    2645456 bytes,    9701184 total
- age   4:    2765856 bytes,   12467040 total
- age   5:    1460056 bytes,   13927096 total
- age   6:    4057704 bytes,   17984800 total
- age   7:    1127224 bytes,   19112024 total
- age   8:    1009728 bytes,   20121752 total
: 109248K->21824K(109248K), 0.0116764 secs] 239777K->166415K(502464K), 0.0117253 secs] [Times: user=0.06 sys=0.00, real=0.01 secs] 
Heap after GC invocations=97 (full 4):
 par new generation   total 109248K, used 21824K [0x00000000e0000000, 0x00000000e8000000, 0x00000000e8000000)
  eden space 87424K,   0% used [0x00000000e0000000, 0x00000000e0000000, 0x00000000e5560000)
  from space 21824K, 100% used [0x00000000e6ab0000, 0x00000000e8000000, 0x00000000e8000000)
  to   space 21824K,   0% used [0x00000000e5560000, 0x00000000e5560000, 0x00000000e6ab0000)
 concurrent mark-sweep generation total 393216K, used 144591K [0x00000000e8000000, 0x0000000100000000, 0x0000000100000000)
 Metaspace       used 29650K, capacity 30008K, committed 30284K, reserved 1075200K
  class space    used 3505K, capacity 3646K, committed 3660K, reserved 1048576K
}
2015-09-09T15:20:51.903+0200: 47.161: Total time for which application threads were stopped: 0.0118607 seconds, Stopping threads took: 0.0000144 seconds
2015-09-09T15:20:52.903+0200: 48.161: Total time for which application threads were stopped: 0.0000870 seconds, Stopping threads took: 0.0000285 seconds
{Heap before GC invocations=97 (full 4):
 par new generation   total 109248K, used 109248K [0x00000000e0000000, 0x00000000e8000000, 0x00000000e8000000)
  eden space 87424K, 100% used [0x00000000e0000000, 0x00000000e5560000, 0x00000000e5560000)
  from space 21824K, 100% used [0x00000000e6ab0000, 0x00000000e8000000, 0x00000000e8000000)
  to   space 21824K,   0% used [0x00000000e5560000, 0x00000000e5560000, 0x00000000e6ab0000)
 concurrent mark-sweep generation total 393216K, used 144591K [0x00000000e8000000, 0x0000000100000000, 0x0000000100000000)
 Metaspace       used 29651K, capacity 30008K, committed 30284K, reserved 1075200K
  class space    used 3505K, capacity 3646K, committed 3660K, reserved 1048576K
2015-09-09T15:20:52.976+0200: 48.234: [GC (Allocation Failure) 48.234: [ParNew
Desired survivor size 20112992 bytes, new threshold 8 (max 8)
- age   1:    3166752 bytes,    3166752 total
- age   2:    2438080 bytes,    5604832 total
- age   3:    4434744 bytes,   10039576 total
- age   4:    2155408 bytes,   12194984 total
- age   5:    2242768 bytes,   14437752 total
- age   6:    1178280 bytes,   15616032 total
- age   7:    3660104 bytes,   19276136 total
- age   8:    1050360 bytes,   20326496 total
: 109248K->21824K(109248K), 0.0103337 secs] 253839K->170787K(502464K), 0.0103804 secs] [Times: user=0.06 sys=0.00, real=0.01 secs] 
Heap after GC invocations=98 (full 4):
 par new generation   total 109248K, used 21824K [0x00000000e0000000, 0x00000000e8000000, 0x00000000e8000000)
  eden space 87424K,   0% used [0x00000000e0000000, 0x00000000e0000000, 0x00000000e5560000)
  from space 21824K, 100% used [0x00000000e5560000, 0x00000000e6ab0000, 0x00000000e6ab0000)
  to   space 21824K,   0% used [0x00000000e6ab0000, 0x00000000e6ab0000, 0x00000000e8000000)
 concurrent mark-sweep generation total 393216K, used 148963K [0x00000000e8000000, 0x0000000100000000, 0x0000000100000000)
 Metaspace       used 29651K, capacity 30008K, committed 30284K, reserved 1075200K
  class space    used 3505K, capacity 3646K, committed 3660K, reserved 1048576K
}
2015-09-09T15:20:52.986+0200: 48.245: Total time for which application threads were stopped: 0.0105215 seconds, Stopping threads took: 0.0000144 seconds
{Heap before GC invocations=98 (full 4):
 par new generation   total 109248K, used 109248K [0x00000000e0000000, 0x00000000e8000000, 0x00000000e8000000)
  eden space 87424K, 100% used [0x00000000e0000000, 0x00000000e5560000, 0x00000000e5560000)
  from space 21824K, 100% used [0x00000000e5560000, 0x00000000e6ab0000, 0x00000000e6ab0000)
  to   space 21824K,   0% used [0x00000000e6ab0000, 0x00000000e6ab0000, 0x00000000e8000000)
 concurrent mark-sweep generation total 393216K, used 148963K [0x00000000e8000000, 0x0000000100000000, 0x0000000100000000)
 Metaspace       used 29651K, capacity 30008K, committed 30284K, reserved 1075200K
  class space    used 3505K, capacity 3646K, committed 3660K, reserved 1048576K
2015-09-09T15:20:53.066+0200: 48.325: [GC (Allocation Failure) 48.325: [ParNew
Desired survivor size 20112992 bytes, new threshold 8 (max 8)
- age   1:     195488 bytes,     195488 total
- age   2:    2369248 bytes,    2564736 total
- age   3:    2423216 bytes,    4987952 total
- age   4:    4419896 bytes,    9407848 total
- age   5:    2139216 bytes,   11547064 total
- age   6:    2226432 bytes,   13773496 total
- age   7:    1169048 bytes,   14942544 total
- age   8:    3648400 bytes,   18590944 total
: 109248K->21824K(109248K), 0.0090930 secs] 258211K->172702K(502464K), 0.0091407 secs] [Times: user=0.00 sys=0.00, real=0.01 secs] 
Heap after GC invocations=99 (full 4):
 par new generation   total 109248K, used 21824K [0x00000000e0000000, 0x00000000e8000000, 0x00000000e8000000)
  eden space 87424K,   0% used [0x00000000e0000000, 0x00000000e0000000, 0x00000000e5560000)
  from space 21824K, 100% used [0x00000000e6ab0000, 0x00000000e8000000, 0x00000000e8000000)
  to   space 21824K,   0% used [0x00000000e5560000, 0x00000000e5560000, 0x00000000e6ab0000)
 concurrent mark-sweep generation total 393216K, used 150878K [0x00000000e8000000, 0x0000000100000000, 0x0000000100000000)
 Metaspace       used 29651K, capacity 30008K, committed 30284K, reserved 1075200K
  class space    used 3505K, capacity 3646K, committed 3660K, reserved 1048576K
}
2015-09-09T15:20:53.075+0200: 48.334: Total time for which application threads were stopped: 0.0092950 seconds, Stopping threads took: 0.0000147 seconds
{Heap before GC invocations=99 (full 4):
 par new generation   total 109248K, used 109248K [0x00000000e0000000, 0x00000000e8000000, 0x00000000e8000000)
  eden space 87424K, 100% used [0x00000000e0000000, 0x00000000e5560000, 0x00000000e5560000)
  from space 21824K, 100% used [0x00000000e6ab0000, 0x00000000e8000000, 0x00000000e8000000)
  to   space 21824K,   0% used [0x00000000e5560000, 0x00000000e5560000, 0x00000000e6ab0000)
 concurrent mark-sweep generation total 393216K, used 150878K [0x00000000e8000000, 0x0000000100000000, 0x0000000100000000)
 Metaspace       used 29651K, capacity 30008K, committed 30284K, reserved 1075200K
  class space    used 3505K, capacity 3646K, committed 3660K, reserved 1048576K
2015-09-09T15:20:53.164+0200: 48.422: [GC (Allocation Failure) 48.422: [ParNew
Desired survivor size 20112992 bytes, new threshold 8 (max 8)
- age   1:     109696 bytes,     109696 total
- age   2:     124176 bytes,     233872 total
- age   3:    2369248 bytes,    2603120 total
- age   4:    2423216 bytes,    5026336 total
- age   5:    4419896 bytes,    9446232 total
- age   6:    2139216 bytes,   11585448 total
- age   7:    2226432 bytes,   13811880 total
- age   8:    1169048 bytes,   14980928 total
: 109248K->21824K(109248K), 0.0081740 secs] 260126K->176287K(502464K), 0.0082204 secs] [Times: user=0.00 sys=0.00, real=0.01 secs] 
Heap after GC invocations=100 (full 4):
 par new generation   total 109248K, used 21824K [0x00000000e0000000, 0x00000000e8000000, 0x00000000e8000000)
  eden space 87424K,   0% used [0x00000000e0000000, 0x00000000e0000000, 0x00000000e5560000)
  from space 21824K, 100% used [0x00000000e5560000, 0x00000000e6ab0000, 0x00000000e6ab0000)
  to   space 21824K,   0% used [0x00000000e6ab0000, 0x00000000e6ab0000, 0x00000000e8000000)
 concurrent mark-sweep generation total 393216K, used 154463K [0x00000000e8000000, 0x0000000100000000, 0x0000000100000000)
 Metaspace       used 29651K, capacity 30008K, committed 30284K, reserved 1075200K
  class space    used 3505K, capacity 3646K, committed 3660K, reserved 1048576K
}
2015-09-09T15:20:53.172+0200: 48.430: Total time for which application threads were stopped: 0.0083631 seconds, Stopping threads took: 0.0000147 seconds
{Heap before GC invocations=100 (full 4):
 par new generation   total 109248K, used 109248K [0x00000000e0000000, 0x00000000e8000000, 0x00000000e8000000)
  eden space 87424K, 100% used [0x00000000e0000000, 0x00000000e5560000, 0x00000000e5560000)
  from space 21824K, 100% used [0x00000000e5560000, 0x00000000e6ab0000, 0x00000000e6ab0000)
  to   space 21824K,   0% used [0x00000000e6ab0000, 0x00000000e6ab0000, 0x00000000e8000000)
 concurrent mark-sweep generation total 393216K, used 154463K [0x00000000e8000000, 0x0000000100000000, 0x0000000100000000)
 Metaspace       used 29651K, capacity 30008K, committed 30284K, reserved 1075200K
  class space    used 3505K, capacity 3646K, committed 3660K, reserved 1048576K
2015-09-09T15:20:53.299+0200: 48.557: [GC (Allocation Failure) 48.557: [ParNew
Desired survivor size 20112992 bytes, new threshold 8 (max 8)
- age   1:      61744 bytes,      61744 total
- age   2:      27680 bytes,      89424 total
- age   3:     121960 bytes,     211384 total
- age   4:    2369248 bytes,    2580632 total
- age   5:    2423216 bytes,    5003848 total
- age   6:    4419896 bytes,    9423744 total
- age   7:    2139216 bytes,   11562960 total
- age   8:    2226432 bytes,   13789392 total
: 109248K->16147K(109248K), 0.0074127 secs] 263711K->171770K(502464K), 0.0074563 secs] [Times: user=0.00 sys=0.00, real=0.01 secs] 
Heap after GC invocations=101 (full 4):
 par new generation   total 109248K, used 16147K [0x00000000e0000000, 0x00000000e8000000, 0x00000000e8000000)
  eden space 87424K,   0% used [0x00000000e0000000, 0x00000000e0000000, 0x00000000e5560000)
  from space 21824K,  73% used [0x00000000e6ab0000, 0x00000000e7a74ee0, 0x00000000e8000000)
  to   space 21824K,   0% used [0x00000000e5560000, 0x00000000e5560000, 0x00000000e6ab0000)
 concurrent mark-sweep generation total 393216K, used 155622K [0x00000000e8000000, 0x0000000100000000, 0x0000000100000000)
 Metaspace       used 29651K, capacity 30008K, committed 30284K, reserved 1075200K
  class space    used 3505K, capacity 3646K, committed 3660K, reserved 1048576K
}
2015-09-09T15:20:53.306+0200: 48.565: Total time for which application threads were stopped: 0.0075932 seconds, Stopping threads took: 0.0000134 seconds
{Heap before GC invocations=101 (full 4):
 par new generation   total 109248K, used 103571K [0x00000000e0000000, 0x00000000e8000000, 0x00000000e8000000)
  eden space 87424K, 100% used [0x00000000e0000000, 0x00000000e5560000, 0x00000000e5560000)
  from space 21824K,  73% used [0x00000000e6ab0000, 0x00000000e7a74ee0, 0x00000000e8000000)
  to   space 21824K,   0% used [0x00000000e5560000, 0x00000000e5560000, 0x00000000e6ab0000)
 concurrent mark-sweep generation total 393216K, used 155622K [0x00000000e8000000, 0x0000000100000000, 0x0000000100000000)
 Metaspace       used 29651K, capacity 30008K, committed 30284K, reserved 1075200K
  class space    used 3505K, capacity 3646K, committed 3660K, reserved 1048576K
2015-09-09T15:20:53.413+0200: 48.671: [GC (Allocation Failure) 48.671: [ParNew
Desired survivor size 20112992 bytes, new threshold 8 (max 8)
- age   1:     210472 bytes,     210472 total
- age   2:       9416 bytes,     219888 total
- age   4:     118544 bytes,     338432 total
- age   5:    2369040 bytes,    2707472 total
- age   6:    2423216 bytes,    5130688 total
- age   7:    4419896 bytes,    9550584 total
- age   8:    2139216 bytes,   11689800 total
: 103571K->17778K(109248K), 0.0084332 secs] 259194K->175605K(502464K), 0.0084860 secs] [Times: user=0.00 sys=0.00, real=0.01 secs] 
Heap after GC invocations=102 (full 4):
 par new generation   total 109248K, used 17778K [0x00000000e0000000, 0x00000000e8000000, 0x00000000e8000000)
  eden space 87424K,   0% used [0x00000000e0000000, 0x00000000e0000000, 0x00000000e5560000)
  from space 21824K,  81% used [0x00000000e5560000, 0x00000000e66bc9b0, 0x00000000e6ab0000)
  to   space 21824K,   0% used [0x00000000e6ab0000, 0x00000000e6ab0000, 0x00000000e8000000)
 concurrent mark-sweep generation total 393216K, used 157827K [0x00000000e8000000, 0x0000000100000000, 0x0000000100000000)
 Metaspace       used 29651K, capacity 30008K, committed 30284K, reserved 1075200K
  class space    used 3505K, capacity 3646K, committed 3660K, reserved 1048576K
}
2015-09-09T15:20:53.421+0200: 48.679: Total time for which application threads were stopped: 0.0086684 seconds, Stopping threads took: 0.0000125 seconds
{Heap before GC invocations=102 (full 4):
 par new generation   total 109248K, used 105202K [0x00000000e0000000, 0x00000000e8000000, 0x00000000e8000000)
  eden space 87424K, 100% used [0x00000000e0000000, 0x00000000e5560000, 0x00000000e5560000)
  from space 21824K,  81% used [0x00000000e5560000, 0x00000000e66bc9b0, 0x00000000e6ab0000)
  to   space 21824K,   0% used [0x00000000e6ab0000, 0x00000000e6ab0000, 0x00000000e8000000)
 concurrent mark-sweep generation total 393216K, used 157827K [0x00000000e8000000, 0x0000000100000000, 0x0000000100000000)
 Metaspace       used 29651K, capacity 30008K, committed 30284K, reserved 1075200K
  class space    used 3505K, capacity 3646K, committed 3660K, reserved 1048576K
2015-09-09T15:20:53.487+0200: 48.745: [GC (Allocation Failure) 48.745: [ParNew
Desired survivor size 20112992 bytes, new threshold 8 (max 8)
- age   1:     115752 bytes,     115752 total
- age   2:      94144 bytes,     209896 total
- age   3:       9416 bytes,     219312 total
- age   5:     118544 bytes,     337856 total
- age   6:    2369040 bytes,    2706896 total
- age   7:    2423216 bytes,    5130112 total
- age   8:    4419896 bytes,    9550008 total
: 105202K->11203K(109248K), 0.0065593 secs] 263029K->171150K(502464K), 0.0066054 secs] [Times: user=0.00 sys=0.00, real=0.01 secs] 
Heap after GC invocations=103 (full 4):
 par new generation   total 109248K, used 11203K [0x00000000e0000000, 0x00000000e8000000, 0x00000000e8000000)
  eden space 87424K,   0% used [0x00000000e0000000, 0x00000000e0000000, 0x00000000e5560000)
  from space 21824K,  51% used [0x00000000e6ab0000, 0x00000000e75a0f48, 0x00000000e8000000)
  to   space 21824K,   0% used [0x00000000e5560000, 0x00000000e5560000, 0x00000000e6ab0000)
 concurrent mark-sweep generation total 393216K, used 159946K [0x00000000e8000000, 0x0000000100000000, 0x0000000100000000)
 Metaspace       used 29651K, capacity 30008K, committed 30284K, reserved 1075200K
  class space    used 3505K, capacity 3646K, committed 3660K, reserved 1048576K
}
2015-09-09T15:20:53.493+0200: 48.752: Total time for which application threads were stopped: 0.0067449 seconds, Stopping threads took: 0.0000150 seconds
2015-09-09T15:20:53.577+0200: 48.836: Total time for which application threads were stopped: 0.0000602 seconds, Stopping threads took: 0.0000118 seconds
2015-09-09T15:20:53.577+0200: 48.836: Total time for which application threads were stopped: 0.0000384 seconds, Stopping threads took: 0.0000157 seconds
2015-09-09T15:20:53.578+0200: 48.836: Total time for which application threads were stopped: 0.0000403 seconds, Stopping threads took: 0.0000064 seconds
{Heap before GC invocations=103 (full 4):
 par new generation   total 109248K, used 98627K [0x00000000e0000000, 0x00000000e8000000, 0x00000000e8000000)
  eden space 87424K, 100% used [0x00000000e0000000, 0x00000000e5560000, 0x00000000e5560000)
  from space 21824K,  51% used [0x00000000e6ab0000, 0x00000000e75a0f48, 0x00000000e8000000)
  to   space 21824K,   0% used [0x00000000e5560000, 0x00000000e5560000, 0x00000000e6ab0000)
 concurrent mark-sweep generation total 393216K, used 159946K [0x00000000e8000000, 0x0000000100000000, 0x0000000100000000)
 Metaspace       used 29653K, capacity 30008K, committed 30284K, reserved 1075200K
  class space    used 3505K, capacity 3646K, committed 3660K, reserved 1048576K
2015-09-09T15:20:53.630+0200: 48.888: [GC (Allocation Failure) 48.888: [ParNew
Desired survivor size 20112992 bytes, new threshold 8 (max 8)
- age   1:    1139744 bytes,    1139744 total
- age   2:        600 bytes,    1140344 total
- age   3:      94144 bytes,    1234488 total
- age   4:       9416 bytes,    1243904 total
- age   6:     118544 bytes,    1362448 total
- age   7:    2320248 bytes,    3682696 total
- age   8:    2361680 bytes,    6044376 total
: 98627K->9601K(109248K), 0.0065222 secs] 258574K->173815K(502464K), 0.0065724 secs] [Times: user=0.00 sys=0.00, real=0.01 secs] 
Heap after GC invocations=104 (full 4):
 par new generation   total 109248K, used 9601K [0x00000000e0000000, 0x00000000e8000000, 0x00000000e8000000)
  eden space 87424K,   0% used [0x00000000e0000000, 0x00000000e0000000, 0x00000000e5560000)
  from space 21824K,  43% used [0x00000000e5560000, 0x00000000e5ec0488, 0x00000000e6ab0000)
  to   space 21824K,   0% used [0x00000000e6ab0000, 0x00000000e6ab0000, 0x00000000e8000000)
 concurrent mark-sweep generation total 393216K, used 164214K [0x00000000e8000000, 0x0000000100000000, 0x0000000100000000)
 Metaspace       used 29653K, capacity 30008K, committed 30284K, reserved 1075200K
  class space    used 3505K, capacity 3646K, committed 3660K, reserved 1048576K
}
2015-09-09T15:20:53.638+0200: 48.895: Total time for which application threads were stopped: 0.0067065 seconds, Stopping threads took: 0.0000144 seconds
{Heap before GC invocations=104 (full 4):
 par new generation   total 109248K, used 97025K [0x00000000e0000000, 0x00000000e8000000, 0x00000000e8000000)
  eden space 87424K, 100% used [0x00000000e0000000, 0x00000000e5560000, 0x00000000e5560000)
  from space 21824K,  43% used [0x00000000e5560000, 0x00000000e5ec0488, 0x00000000e6ab0000)
  to   space 21824K,   0% used [0x00000000e6ab0000, 0x00000000e6ab0000, 0x00000000e8000000)
 concurrent mark-sweep generation total 393216K, used 164214K [0x00000000e8000000, 0x0000000100000000, 0x0000000100000000)
 Metaspace       used 29653K, capacity 30008K, committed 30284K, reserved 1075200K
  class space    used 3505K, capacity 3646K, committed 3660K, reserved 1048576K
2015-09-09T15:20:53.895+0200: 49.152: [GC (Allocation Failure) 49.152: [ParNew
Desired survivor size 20112992 bytes, new threshold 8 (max 8)
- age   1:    4598688 bytes,    4598688 total
- age   2:     786720 bytes,    5385408 total
- age   3:        600 bytes,    5386008 total
- age   4:      94144 bytes,    5480152 total
- age   5:       9416 bytes,    5489568 total
- age   7:     118544 bytes,    5608112 total
- age   8:    2320248 bytes,    7928360 total
: 97025K->9821K(109248K), 0.0064579 secs] 261239K->176358K(502464K), 0.0065065 secs] [Times: user=0.00 sys=0.00, real=0.01 secs] 
Heap after GC invocations=105 (full 4):
 par new generation   total 109248K, used 9821K [0x00000000e0000000, 0x00000000e8000000, 0x00000000e8000000)
  eden space 87424K,   0% used [0x00000000e0000000, 0x00000000e0000000, 0x00000000e5560000)
  from space 21824K,  45% used [0x00000000e6ab0000, 0x00000000e74475b0, 0x00000000e8000000)
  to   space 21824K,   0% used [0x00000000e5560000, 0x00000000e5560000, 0x00000000e6ab0000)
 concurrent mark-sweep generation total 393216K, used 166537K [0x00000000e8000000, 0x0000000100000000, 0x0000000100000000)
 Metaspace       used 29653K, capacity 30008K, committed 30284K, reserved 1075200K
  class space    used 3505K, capacity 3646K, committed 3660K, reserved 1048576K
}
2015-09-09T15:20:53.901+0200: 49.158: Total time for which application threads were stopped: 0.0066691 seconds, Stopping threads took: 0.0000141 seconds
2015-09-09T15:20:54.102+0200: 49.359: Total time for which application threads were stopped: 0.0000621 seconds, Stopping threads took: 0.0000131 seconds
2015-09-09T15:20:54.106+0200: 49.363: Total time for which application threads were stopped: 0.0000554 seconds, Stopping threads took: 0.0000189 seconds
2015-09-09T15:20:54.106+0200: 49.363: Total time for which application threads were stopped: 0.0000358 seconds, Stopping threads took: 0.0000154 seconds
2015-09-09T15:20:54.112+0200: 49.369: Total time for which application threads were stopped: 0.0000435 seconds, Stopping threads took: 0.0000096 seconds
2015-09-09T15:20:54.117+0200: 49.374: Total time for which application threads were stopped: 0.0000624 seconds, Stopping threads took: 0.0000118 seconds
2015-09-09T15:20:54.117+0200: 49.374: Total time for which application threads were stopped: 0.0000368 seconds, Stopping threads took: 0.0000154 seconds
2015-09-09T15:20:54.149+0200: 49.407: Total time for which application threads were stopped: 0.0000534 seconds, Stopping threads took: 0.0000131 seconds
{Heap before GC invocations=105 (full 4):
 par new generation   total 109248K, used 97245K [0x00000000e0000000, 0x00000000e8000000, 0x00000000e8000000)
  eden space 87424K, 100% used [0x00000000e0000000, 0x00000000e5560000, 0x00000000e5560000)
  from space 21824K,  45% used [0x00000000e6ab0000, 0x00000000e74475b0, 0x00000000e8000000)
  to   space 21824K,   0% used [0x00000000e5560000, 0x00000000e5560000, 0x00000000e6ab0000)
 concurrent mark-sweep generation total 393216K, used 166537K [0x00000000e8000000, 0x0000000100000000, 0x0000000100000000)
 Metaspace       used 29659K, capacity 30008K, committed 30284K, reserved 1075200K
  class space    used 3505K, capacity 3646K, committed 3660K, reserved 1048576K
2015-09-09T15:20:54.168+0200: 49.425: [GC (Allocation Failure) 49.425: [ParNew
Desired survivor size 20112992 bytes, new threshold 8 (max 8)
- age   1:    5400696 bytes,    5400696 total
- age   2:    2577216 bytes,    7977912 total
- age   3:     740416 bytes,    8718328 total
- age   4:        600 bytes,    8718928 total
- age   5:      94144 bytes,    8813072 total
- age   6:       9416 bytes,    8822488 total
- age   8:     118544 bytes,    8941032 total
: 97245K->11922K(109248K), 0.0074617 secs] 263782K->180737K(502464K), 0.0075084 secs] [Times: user=0.06 sys=0.00, real=0.01 secs] 
Heap after GC invocations=106 (full 4):
 par new generation   total 109248K, used 11922K [0x00000000e0000000, 0x00000000e8000000, 0x00000000e8000000)
  eden space 87424K,   0% used [0x00000000e0000000, 0x00000000e0000000, 0x00000000e5560000)
  from space 21824K,  54% used [0x00000000e5560000, 0x00000000e61048e0, 0x00000000e6ab0000)
  to   space 21824K,   0% used [0x00000000e6ab0000, 0x00000000e6ab0000, 0x00000000e8000000)
 concurrent mark-sweep generation total 393216K, used 168815K [0x00000000e8000000, 0x0000000100000000, 0x0000000100000000)
 Metaspace       used 29659K, capacity 30008K, committed 30284K, reserved 1075200K
  class space    used 3505K, capacity 3646K, committed 3660K, reserved 1048576K
}
2015-09-09T15:20:54.175+0200: 49.433: Total time for which application threads were stopped: 0.0076495 seconds, Stopping threads took: 0.0000160 seconds
2015-09-09T15:20:54.211+0200: 49.468: Total time for which application threads were stopped: 0.0000512 seconds, Stopping threads took: 0.0000118 seconds
2015-09-09T15:20:54.212+0200: 49.470: Total time for which application threads were stopped: 0.0000406 seconds, Stopping threads took: 0.0000160 seconds
2015-09-09T15:20:54.213+0200: 49.470: Total time for which application threads were stopped: 0.0000461 seconds, Stopping threads took: 0.0000150 seconds
2015-09-09T15:20:54.214+0200: 49.471: Total time for which application threads were stopped: 0.0000448 seconds, Stopping threads took: 0.0000179 seconds
2015-09-09T15:20:54.295+0200: 49.553: Total time for which application threads were stopped: 0.0000883 seconds, Stopping threads took: 0.0000221 seconds
2015-09-09T15:20:54.331+0200: 49.588: Total time for which application threads were stopped: 0.0000605 seconds, Stopping threads took: 0.0000157 seconds
2015-09-09T15:20:54.333+0200: 49.591: Total time for which application threads were stopped: 0.0000672 seconds, Stopping threads took: 0.0000176 seconds
2015-09-09T15:20:55.057+0200: 50.314: Total time for which application threads were stopped: 0.0001344 seconds, Stopping threads took: 0.0000701 seconds
2015-09-09T15:20:55.057+0200: 50.314: Total time for which application threads were stopped: 0.0000288 seconds, Stopping threads took: 0.0000074 seconds
2015-09-09T15:20:55.057+0200: 50.315: Total time for which application threads were stopped: 0.0001139 seconds, Stopping threads took: 0.0000813 seconds
2015-09-09T15:20:55.059+0200: 50.316: Total time for which application threads were stopped: 0.0000592 seconds, Stopping threads took: 0.0000189 seconds
2015-09-09T15:20:55.059+0200: 50.316: Total time for which application threads were stopped: 0.0000483 seconds, Stopping threads took: 0.0000038 seconds
2015-09-09T15:20:55.059+0200: 50.316: Total time for which application threads were stopped: 0.0000419 seconds, Stopping threads took: 0.0000131 seconds
2015-09-09T15:20:55.059+0200: 50.317: Total time for which application threads were stopped: 0.0001046 seconds, Stopping threads took: 0.0000669 seconds
2015-09-09T15:20:55.065+0200: 50.322: Total time for which application threads were stopped: 0.0000698 seconds, Stopping threads took: 0.0000195 seconds
2015-09-09T15:20:55.066+0200: 50.323: Total time for which application threads were stopped: 0.0000314 seconds, Stopping threads took: 0.0000051 seconds
2015-09-09T15:20:55.077+0200: 50.335: Total time for which application threads were stopped: 0.0000701 seconds, Stopping threads took: 0.0000221 seconds
2015-09-09T15:21:06.077+0200: 61.335: Total time for which application threads were stopped: 0.0000621 seconds, Stopping threads took: 0.0000262 seconds
2015-09-09T15:21:07.077+0200: 62.335: Total time for which application threads were stopped: 0.0000611 seconds, Stopping threads took: 0.0000256 seconds
2015-09-09T15:21:32.079+0200: 87.336: Total time for which application threads were stopped: 0.0000691 seconds, Stopping threads took: 0.0000230 seconds
2015-09-09T15:21:47.620+0200: 102.877: Total time for which application threads were stopped: 0.0000522 seconds, Stopping threads took: 0.0000128 seconds
2015-09-09T15:21:47.620+0200: 102.877: Total time for which application threads were stopped: 0.0000518 seconds, Stopping threads took: 0.0000157 seconds
2015-09-09T15:21:48.621+0200: 103.878: Total time for which application threads were stopped: 0.0000512 seconds, Stopping threads took: 0.0000144 seconds
2015-09-09T15:21:52.620+0200: 107.877: Total time for which application threads were stopped: 0.0000483 seconds, Stopping threads took: 0.0000115 seconds
2015-09-09T15:21:52.620+0200: 107.877: Total time for which application threads were stopped: 0.0000640 seconds, Stopping threads took: 0.0000214 seconds
2015-09-09T15:22:10.940+0200: 126.196: Total time for which application threads were stopped: 0.0000691 seconds, Stopping threads took: 0.0000314 seconds
2015-09-09T15:22:10.940+0200: 126.197: Total time for which application threads were stopped: 0.0000310 seconds, Stopping threads took: 0.0000054 seconds
2015-09-09T15:22:12.680+0200: 127.937: Total time for which application threads were stopped: 0.0000726 seconds, Stopping threads took: 0.0000275 seconds
2015-09-09T15:22:12.701+0200: 127.958: Total time for which application threads were stopped: 0.0000662 seconds, Stopping threads took: 0.0000147 seconds
2015-09-09T15:22:12.702+0200: 127.959: Total time for which application threads were stopped: 0.0000429 seconds, Stopping threads took: 0.0000109 seconds
2015-09-09T15:22:12.702+0200: 127.959: Total time for which application threads were stopped: 0.0000214 seconds, Stopping threads took: 0.0000054 seconds
2015-09-09T15:22:12.704+0200: 127.961: Total time for which application threads were stopped: 0.0000528 seconds, Stopping threads took: 0.0000131 seconds
2015-09-09T15:22:12.704+0200: 127.961: Total time for which application threads were stopped: 0.0000701 seconds, Stopping threads took: 0.0000323 seconds
2015-09-09T15:22:12.705+0200: 127.962: Total time for which application threads were stopped: 0.0000826 seconds, Stopping threads took: 0.0000074 seconds
2015-09-09T15:22:12.708+0200: 127.965: Total time for which application threads were stopped: 0.0001286 seconds, Stopping threads took: 0.0000739 seconds
2015-09-09T15:22:12.708+0200: 127.965: Total time for which application threads were stopped: 0.0000352 seconds, Stopping threads took: 0.0000090 seconds
2015-09-09T15:22:12.709+0200: 127.966: Total time for which application threads were stopped: 0.0000790 seconds, Stopping threads took: 0.0000490 seconds
2015-09-09T15:22:12.709+0200: 127.966: Total time for which application threads were stopped: 0.0000410 seconds, Stopping threads took: 0.0000128 seconds
2015-09-09T15:22:12.713+0200: 127.970: Total time for which application threads were stopped: 0.0004954 seconds, Stopping threads took: 0.0004448 seconds
2015-09-09T15:22:12.716+0200: 127.973: Total time for which application threads were stopped: 0.0017913 seconds, Stopping threads took: 0.0017398 seconds
2015-09-09T15:22:12.716+0200: 127.973: Total time for which application threads were stopped: 0.0000739 seconds, Stopping threads took: 0.0000170 seconds
2015-09-09T15:22:12.716+0200: 127.973: Total time for which application threads were stopped: 0.0000467 seconds, Stopping threads took: 0.0000128 seconds
2015-09-09T15:22:12.717+0200: 127.974: Total time for which application threads were stopped: 0.0000787 seconds, Stopping threads took: 0.0000445 seconds
2015-09-09T15:22:12.718+0200: 127.975: Total time for which application threads were stopped: 0.0001011 seconds, Stopping threads took: 0.0000179 seconds
2015-09-09T15:22:12.719+0200: 127.976: Total time for which application threads were stopped: 0.0000541 seconds, Stopping threads took: 0.0000115 seconds
2015-09-09T15:22:12.720+0200: 127.977: Total time for which application threads were stopped: 0.0000685 seconds, Stopping threads took: 0.0000138 seconds
2015-09-09T15:22:12.720+0200: 127.977: Total time for which application threads were stopped: 0.0000528 seconds, Stopping threads took: 0.0000099 seconds
2015-09-09T15:22:12.721+0200: 127.978: Total time for which application threads were stopped: 0.0000605 seconds, Stopping threads took: 0.0000141 seconds
2015-09-09T15:22:12.722+0200: 127.979: Total time for which application threads were stopped: 0.0000922 seconds, Stopping threads took: 0.0000320 seconds
2015-09-09T15:22:12.723+0200: 127.980: Total time for which application threads were stopped: 0.0000669 seconds, Stopping threads took: 0.0000208 seconds
2015-09-09T15:22:12.793+0200: 128.050: Total time for which application threads were stopped: 0.0000682 seconds, Stopping threads took: 0.0000154 seconds
2015-09-09T15:22:12.794+0200: 128.051: Total time for which application threads were stopped: 0.0000378 seconds, Stopping threads took: 0.0000115 seconds
2015-09-09T15:22:12.794+0200: 128.051: Total time for which application threads were stopped: 0.0000470 seconds, Stopping threads took: 0.0000125 seconds
2015-09-09T15:22:12.795+0200: 128.052: Total time for which application threads were stopped: 0.0001587 seconds, Stopping threads took: 0.0001184 seconds
2015-09-09T15:22:12.796+0200: 128.053: Total time for which application threads were stopped: 0.0000346 seconds, Stopping threads took: 0.0000080 seconds
2015-09-09T15:22:12.797+0200: 128.054: Total time for which application threads were stopped: 0.0001600 seconds, Stopping threads took: 0.0000486 seconds
2015-09-09T15:22:12.797+0200: 128.054: Total time for which application threads were stopped: 0.0000653 seconds, Stopping threads took: 0.0000314 seconds
2015-09-09T15:22:12.802+0200: 128.059: Total time for which application threads were stopped: 0.0000947 seconds, Stopping threads took: 0.0000160 seconds
2015-09-09T15:22:12.803+0200: 128.060: Total time for which application threads were stopped: 0.0000563 seconds, Stopping threads took: 0.0000109 seconds
2015-09-09T15:22:12.804+0200: 128.061: Total time for which application threads were stopped: 0.0002397 seconds, Stopping threads took: 0.0001965 seconds
2015-09-09T15:22:12.805+0200: 128.062: Total time for which application threads were stopped: 0.0000653 seconds, Stopping threads took: 0.0000179 seconds
2015-09-09T15:22:12.806+0200: 128.063: Total time for which application threads were stopped: 0.0002090 seconds, Stopping threads took: 0.0001498 seconds
2015-09-09T15:22:12.809+0200: 128.066: Total time for which application threads were stopped: 0.0001021 seconds, Stopping threads took: 0.0000413 seconds
2015-09-09T15:22:12.810+0200: 128.067: Total time for which application threads were stopped: 0.0000531 seconds, Stopping threads took: 0.0000157 seconds
2015-09-09T15:22:12.810+0200: 128.067: Total time for which application threads were stopped: 0.0000560 seconds, Stopping threads took: 0.0000131 seconds
2015-09-09T15:22:12.810+0200: 128.067: Total time for which application threads were stopped: 0.0000483 seconds, Stopping threads took: 0.0000134 seconds
2015-09-09T15:22:12.811+0200: 128.068: Total time for which application threads were stopped: 0.0000611 seconds, Stopping threads took: 0.0000346 seconds
2015-09-09T15:22:12.811+0200: 128.068: Total time for which application threads were stopped: 0.0000608 seconds, Stopping threads took: 0.0000128 seconds
2015-09-09T15:22:13.811+0200: 129.068: Total time for which application threads were stopped: 0.0000880 seconds, Stopping threads took: 0.0000342 seconds
2015-09-09T15:22:14.508+0200: 129.765: Total time for which application threads were stopped: 0.0000890 seconds, Stopping threads took: 0.0000339 seconds
2015-09-09T15:22:14.530+0200: 129.787: Total time for which application threads were stopped: 0.0001043 seconds, Stopping threads took: 0.0000573 seconds
2015-09-09T15:22:19.530+0200: 134.787: Total time for which application threads were stopped: 0.0000794 seconds, Stopping threads took: 0.0000333 seconds
2015-09-09T15:22:25.531+0200: 140.787: Total time for which application threads were stopped: 0.0000634 seconds, Stopping threads took: 0.0000256 seconds
2015-09-09T15:22:39.532+0200: 154.788: Total time for which application threads were stopped: 0.0000611 seconds, Stopping threads took: 0.0000250 seconds
2015-09-09T15:23:02.815+0200: 178.071: Total time for which application threads were stopped: 0.0000755 seconds, Stopping threads took: 0.0000221 seconds
2015-09-09T15:23:04.532+0200: 179.788: Total time for which application threads were stopped: 0.0000682 seconds, Stopping threads took: 0.0000342 seconds
2015-09-09T15:23:04.536+0200: 179.792: Total time for which application threads were stopped: 0.0000598 seconds, Stopping threads took: 0.0000250 seconds
2015-09-09T15:23:04.536+0200: 179.793: Total time for which application threads were stopped: 0.0000509 seconds, Stopping threads took: 0.0000186 seconds
2015-09-09T15:23:14.873+0200: 190.129: Total time for which application threads were stopped: 0.0000502 seconds, Stopping threads took: 0.0000138 seconds
2015-09-09T15:23:15.873+0200: 191.129: Total time for which application threads were stopped: 0.0000691 seconds, Stopping threads took: 0.0000240 seconds
2015-09-09T15:24:05.875+0200: 241.131: Total time for which application threads were stopped: 0.0000637 seconds, Stopping threads took: 0.0000243 seconds
2015-09-09T15:25:23.737+0200: 318.992: Total time for which application threads were stopped: 0.0000819 seconds, Stopping threads took: 0.0000131 seconds
2015-09-09T15:25:23.737+0200: 318.992: Total time for which application threads were stopped: 0.0000362 seconds, Stopping threads took: 0.0000054 seconds
2015-09-09T15:25:23.737+0200: 318.992: Total time for which application threads were stopped: 0.0000413 seconds, Stopping threads took: 0.0000077 seconds
2015-09-09T15:25:24.737+0200: 319.992: Total time for which application threads were stopped: 0.0001056 seconds, Stopping threads took: 0.0000288 seconds
2015-09-09T15:25:28.737+0200: 323.992: Total time for which application threads were stopped: 0.0000909 seconds, Stopping threads took: 0.0000128 seconds
2015-09-09T15:27:04.578+0200: 419.831: Total time for which application threads were stopped: 0.0000534 seconds, Stopping threads took: 0.0000128 seconds
2015-09-09T15:27:04.578+0200: 419.831: Total time for which application threads were stopped: 0.0000349 seconds, Stopping threads took: 0.0000099 seconds
2015-09-09T15:27:04.578+0200: 419.832: Total time for which application threads were stopped: 0.0000368 seconds, Stopping threads took: 0.0000086 seconds
2015-09-09T15:27:04.591+0200: 419.845: Total time for which application threads were stopped: 0.0004128 seconds, Stopping threads took: 0.0000115 seconds
2015-09-09T15:27:04.603+0200: 419.857: Total time for which application threads were stopped: 0.0003411 seconds, Stopping threads took: 0.0000333 seconds
2015-09-09T15:27:05.603+0200: 420.856: Total time for which application threads were stopped: 0.0000774 seconds, Stopping threads took: 0.0000259 seconds
2015-09-09T15:27:54.606+0200: 469.859: Total time for which application threads were stopped: 0.0000970 seconds, Stopping threads took: 0.0000125 seconds
2015-09-09T15:27:54.606+0200: 469.859: Total time for which application threads were stopped: 0.0000710 seconds, Stopping threads took: 0.0000154 seconds
2015-09-09T15:30:07.489+0200: 602.742: Total time for which application threads were stopped: 0.0000922 seconds, Stopping threads took: 0.0000246 seconds
2015-09-09T15:30:07.489+0200: 602.742: Total time for which application threads were stopped: 0.0000451 seconds, Stopping threads took: 0.0000077 seconds
2015-09-09T15:30:07.490+0200: 602.742: Total time for which application threads were stopped: 0.0000531 seconds, Stopping threads took: 0.0000080 seconds
2015-09-09T15:30:07.501+0200: 602.753: Total time for which application threads were stopped: 0.0000938 seconds, Stopping threads took: 0.0000195 seconds
2015-09-09T15:30:07.501+0200: 602.753: Total time for which application threads were stopped: 0.0000470 seconds, Stopping threads took: 0.0000106 seconds
2015-09-09T15:30:07.504+0200: 602.757: Total time for which application threads were stopped: 0.0001280 seconds, Stopping threads took: 0.0000768 seconds
2015-09-09T15:30:08.504+0200: 603.756: Total time for which application threads were stopped: 0.0000637 seconds, Stopping threads took: 0.0000250 seconds
{Heap before GC invocations=106 (full 4):
 par new generation   total 109248K, used 99346K [0x00000000e0000000, 0x00000000e8000000, 0x00000000e8000000)
  eden space 87424K, 100% used [0x00000000e0000000, 0x00000000e5560000, 0x00000000e5560000)
  from space 21824K,  54% used [0x00000000e5560000, 0x00000000e61048e0, 0x00000000e6ab0000)
  to   space 21824K,   0% used [0x00000000e6ab0000, 0x00000000e6ab0000, 0x00000000e8000000)
 concurrent mark-sweep generation total 393216K, used 168815K [0x00000000e8000000, 0x0000000100000000, 0x0000000100000000)
 Metaspace       used 30749K, capacity 31070K, committed 31436K, reserved 1077248K
  class space    used 3612K, capacity 3743K, committed 3788K, reserved 1048576K
2015-09-09T15:30:09.029+0200: 604.281: [GC (Allocation Failure) 604.281: [ParNew
Desired survivor size 20112992 bytes, new threshold 8 (max 8)
- age   1:    2940328 bytes,    2940328 total
- age   2:     826320 bytes,    3766648 total
- age   3:    1068144 bytes,    4834792 total
- age   4:     220720 bytes,    5055512 total
- age   5:        600 bytes,    5056112 total
- age   6:      94144 bytes,    5150256 total
- age   7:       9416 bytes,    5159672 total
: 99346K->6472K(109248K), 0.0049209 secs] 268161K->175404K(502464K), 0.0049856 secs] [Times: user=0.00 sys=0.00, real=0.00 secs] 
Heap after GC invocations=107 (full 4):
 par new generation   total 109248K, used 6472K [0x00000000e0000000, 0x00000000e8000000, 0x00000000e8000000)
  eden space 87424K,   0% used [0x00000000e0000000, 0x00000000e0000000, 0x00000000e5560000)
  from space 21824K,  29% used [0x00000000e6ab0000, 0x00000000e7102350, 0x00000000e8000000)
  to   space 21824K,   0% used [0x00000000e5560000, 0x00000000e5560000, 0x00000000e6ab0000)
 concurrent mark-sweep generation total 393216K, used 168931K [0x00000000e8000000, 0x0000000100000000, 0x0000000100000000)
 Metaspace       used 30749K, capacity 31070K, committed 31436K, reserved 1077248K
  class space    used 3612K, capacity 3743K, committed 3788K, reserved 1048576K
}
2015-09-09T15:30:09.034+0200: 604.286: Total time for which application threads were stopped: 0.0051836 seconds, Stopping threads took: 0.0000170 seconds
2015-09-09T15:30:09.038+0200: 604.290: Total time for which application threads were stopped: 0.0000883 seconds, Stopping threads took: 0.0000166 seconds
2015-09-09T15:30:09.038+0200: 604.290: Total time for which application threads were stopped: 0.0000838 seconds, Stopping threads took: 0.0000326 seconds
2015-09-09T15:30:09.038+0200: 604.290: Total time for which application threads were stopped: 0.0000672 seconds, Stopping threads took: 0.0000176 seconds
2015-09-09T15:30:09.038+0200: 604.290: Total time for which application threads were stopped: 0.0001072 seconds, Stopping threads took: 0.0000147 seconds
{Heap before GC invocations=107 (full 4):
 par new generation   total 109248K, used 93896K [0x00000000e0000000, 0x00000000e8000000, 0x00000000e8000000)
  eden space 87424K, 100% used [0x00000000e0000000, 0x00000000e5560000, 0x00000000e5560000)
  from space 21824K,  29% used [0x00000000e6ab0000, 0x00000000e7102350, 0x00000000e8000000)
  to   space 21824K,   0% used [0x00000000e5560000, 0x00000000e5560000, 0x00000000e6ab0000)
 concurrent mark-sweep generation total 393216K, used 168931K [0x00000000e8000000, 0x0000000100000000, 0x0000000100000000)
 Metaspace       used 30776K, capacity 31076K, committed 31436K, reserved 1077248K
  class space    used 3612K, capacity 3744K, committed 3788K, reserved 1048576K
2015-09-09T15:30:09.075+0200: 604.328: [GC (Allocation Failure) 604.328: [ParNew
Desired survivor size 20112992 bytes, new threshold 8 (max 8)
- age   1:     209840 bytes,     209840 total
- age   2:    1892336 bytes,    2102176 total
- age   3:     826344 bytes,    2928520 total
- age   4:    1068144 bytes,    3996664 total
- age   5:     220720 bytes,    4217384 total
- age   6:        600 bytes,    4217984 total
- age   7:      94144 bytes,    4312128 total
- age   8:       9416 bytes,    4321544 total
: 93896K->7286K(109248K), 0.0033500 secs] 262828K->176218K(502464K), 0.0034073 secs] [Times: user=0.00 sys=0.00, real=0.00 secs] 
Heap after GC invocations=108 (full 4):
 par new generation   total 109248K, used 7286K [0x00000000e0000000, 0x00000000e8000000, 0x00000000e8000000)
  eden space 87424K,   0% used [0x00000000e0000000, 0x00000000e0000000, 0x00000000e5560000)
  from space 21824K,  33% used [0x00000000e5560000, 0x00000000e5c7db10, 0x00000000e6ab0000)
  to   space 21824K,   0% used [0x00000000e6ab0000, 0x00000000e6ab0000, 0x00000000e8000000)
 concurrent mark-sweep generation total 393216K, used 168931K [0x00000000e8000000, 0x0000000100000000, 0x0000000100000000)
 Metaspace       used 30776K, capacity 31076K, committed 31436K, reserved 1077248K
  class space    used 3612K, capacity 3744K, committed 3788K, reserved 1048576K
}
2015-09-09T15:30:09.079+0200: 604.331: Total time for which application threads were stopped: 0.0035664 seconds, Stopping threads took: 0.0000154 seconds
2015-09-09T15:30:09.079+0200: 604.331: Total time for which application threads were stopped: 0.0000899 seconds, Stopping threads took: 0.0000269 seconds
2015-09-09T15:30:09.107+0200: 604.360: Total time for which application threads were stopped: 0.0000890 seconds, Stopping threads took: 0.0000170 seconds
2015-09-09T15:30:09.146+0200: 604.398: Total time for which application threads were stopped: 0.0000931 seconds, Stopping threads took: 0.0000221 seconds
2015-09-09T15:30:09.205+0200: 604.457: Total time for which application threads were stopped: 0.0001398 seconds, Stopping threads took: 0.0000691 seconds
2015-09-09T15:30:09.205+0200: 604.458: Total time for which application threads were stopped: 0.0001008 seconds, Stopping threads took: 0.0000442 seconds
2015-09-09T15:30:09.206+0200: 604.458: Total time for which application threads were stopped: 0.0000816 seconds, Stopping threads took: 0.0000522 seconds
2015-09-09T15:30:09.206+0200: 604.458: Total time for which application threads were stopped: 0.0000778 seconds, Stopping threads took: 0.0000506 seconds
2015-09-09T15:30:09.206+0200: 604.458: Total time for which application threads were stopped: 0.0000406 seconds, Stopping threads took: 0.0000125 seconds
2015-09-09T15:30:09.211+0200: 604.464: Total time for which application threads were stopped: 0.0001443 seconds, Stopping threads took: 0.0000845 seconds
2015-09-09T15:30:09.211+0200: 604.464: Total time for which application threads were stopped: 0.0000614 seconds, Stopping threads took: 0.0000320 seconds
2015-09-09T15:30:09.211+0200: 604.464: Total time for which application threads were stopped: 0.0000458 seconds, Stopping threads took: 0.0000115 seconds
2015-09-09T15:30:09.244+0200: 604.497: Total time for which application threads were stopped: 0.0000934 seconds, Stopping threads took: 0.0000307 seconds
2015-09-09T15:30:09.245+0200: 604.497: Total time for which application threads were stopped: 0.0000426 seconds, Stopping threads took: 0.0000093 seconds
2015-09-09T15:30:09.245+0200: 604.497: Total time for which application threads were stopped: 0.0000304 seconds, Stopping threads took: 0.0000080 seconds
2015-09-09T15:30:09.245+0200: 604.497: Total time for which application threads were stopped: 0.0000317 seconds, Stopping threads took: 0.0000086 seconds
2015-09-09T15:30:09.245+0200: 604.497: Total time for which application threads were stopped: 0.0000234 seconds, Stopping threads took: 0.0000061 seconds
2015-09-09T15:30:09.245+0200: 604.497: Total time for which application threads were stopped: 0.0000202 seconds, Stopping threads took: 0.0000064 seconds
2015-09-09T15:30:09.245+0200: 604.497: Total time for which application threads were stopped: 0.0000195 seconds, Stopping threads took: 0.0000061 seconds
2015-09-09T15:30:09.245+0200: 604.498: Total time for which application threads were stopped: 0.0000192 seconds, Stopping threads took: 0.0000058 seconds
2015-09-09T15:30:09.245+0200: 604.498: Total time for which application threads were stopped: 0.0000272 seconds, Stopping threads took: 0.0000070 seconds
2015-09-09T15:30:09.245+0200: 604.498: Total time for which application threads were stopped: 0.0000314 seconds, Stopping threads took: 0.0000128 seconds
2015-09-09T15:30:09.246+0200: 604.498: Total time for which application threads were stopped: 0.0000368 seconds, Stopping threads took: 0.0000086 seconds
2015-09-09T15:30:09.246+0200: 604.498: Total time for which application threads were stopped: 0.0000365 seconds, Stopping threads took: 0.0000125 seconds
2015-09-09T15:30:09.246+0200: 604.498: Total time for which application threads were stopped: 0.0000848 seconds, Stopping threads took: 0.0000102 seconds
2015-09-09T15:30:09.252+0200: 604.505: Total time for which application threads were stopped: 0.0000570 seconds, Stopping threads took: 0.0000147 seconds
2015-09-09T15:30:09.885+0200: 605.137: Total time for which application threads were stopped: 0.0000534 seconds, Stopping threads took: 0.0000122 seconds
2015-09-09T15:30:09.894+0200: 605.146: Total time for which application threads were stopped: 0.0000880 seconds, Stopping threads took: 0.0000157 seconds
{Heap before GC invocations=108 (full 4):
 par new generation   total 109248K, used 94710K [0x00000000e0000000, 0x00000000e8000000, 0x00000000e8000000)
  eden space 87424K, 100% used [0x00000000e0000000, 0x00000000e5560000, 0x00000000e5560000)
  from space 21824K,  33% used [0x00000000e5560000, 0x00000000e5c7db10, 0x00000000e6ab0000)
  to   space 21824K,   0% used [0x00000000e6ab0000, 0x00000000e6ab0000, 0x00000000e8000000)
 concurrent mark-sweep generation total 393216K, used 168931K [0x00000000e8000000, 0x0000000100000000, 0x0000000100000000)
 Metaspace       used 30932K, capacity 31280K, committed 31692K, reserved 1077248K
  class space    used 3614K, capacity 3746K, committed 3788K, reserved 1048576K
2015-09-09T15:30:09.921+0200: 605.174: [GC (Allocation Failure) 605.174: [ParNew
Desired survivor size 20112992 bytes, new threshold 8 (max 8)
- age   1:    2900192 bytes,    2900192 total
- age   2:      84864 bytes,    2985056 total
- age   3:    1130872 bytes,    4115928 total
- age   4:     826320 bytes,    4942248 total
- age   5:    1068144 bytes,    6010392 total
- age   6:     220720 bytes,    6231112 total
- age   7:        600 bytes,    6231712 total
- age   8:      94144 bytes,    6325856 total
: 94710K->6808K(109248K), 0.0048790 secs] 263642K->175749K(502464K), 0.0049366 secs] [Times: user=0.06 sys=0.00, real=0.01 secs] 
Heap after GC invocations=109 (full 4):
 par new generation   total 109248K, used 6808K [0x00000000e0000000, 0x00000000e8000000, 0x00000000e8000000)
  eden space 87424K,   0% used [0x00000000e0000000, 0x00000000e0000000, 0x00000000e5560000)
  from space 21824K,  31% used [0x00000000e6ab0000, 0x00000000e7156260, 0x00000000e8000000)
  to   space 21824K,   0% used [0x00000000e5560000, 0x00000000e5560000, 0x00000000e6ab0000)
 concurrent mark-sweep generation total 393216K, used 168940K [0x00000000e8000000, 0x0000000100000000, 0x0000000100000000)
 Metaspace       used 30932K, capacity 31280K, committed 31692K, reserved 1077248K
  class space    used 3614K, capacity 3746K, committed 3788K, reserved 1048576K
}
2015-09-09T15:30:09.926+0200: 605.179: Total time for which application threads were stopped: 0.0050905 seconds, Stopping threads took: 0.0000205 seconds
2015-09-09T15:30:09.926+0200: 605.179: Total time for which application threads were stopped: 0.0000912 seconds, Stopping threads took: 0.0000256 seconds
2015-09-09T15:30:09.927+0200: 605.179: Total time for which application threads were stopped: 0.0000330 seconds, Stopping threads took: 0.0000112 seconds
2015-09-09T15:30:09.927+0200: 605.179: Total time for which application threads were stopped: 0.0000294 seconds, Stopping threads took: 0.0000112 seconds
2015-09-09T15:30:09.927+0200: 605.179: Total time for which application threads were stopped: 0.0000454 seconds, Stopping threads took: 0.0000109 seconds
2015-09-09T15:30:09.927+0200: 605.179: Total time for which application threads were stopped: 0.0000445 seconds, Stopping threads took: 0.0000106 seconds
2015-09-09T15:30:09.927+0200: 605.179: Total time for which application threads were stopped: 0.0000275 seconds, Stopping threads took: 0.0000099 seconds
2015-09-09T15:30:09.927+0200: 605.179: Total time for which application threads were stopped: 0.0000269 seconds, Stopping threads took: 0.0000102 seconds
2015-09-09T15:30:09.927+0200: 605.179: Total time for which application threads were stopped: 0.0000243 seconds, Stopping threads took: 0.0000083 seconds
2015-09-09T15:30:09.928+0200: 605.180: Total time for which application threads were stopped: 0.0001520 seconds, Stopping threads took: 0.0001219 seconds
2015-09-09T15:30:09.928+0200: 605.180: Total time for which application threads were stopped: 0.0000333 seconds, Stopping threads took: 0.0000125 seconds
2015-09-09T15:30:09.928+0200: 605.180: Total time for which application threads were stopped: 0.0000314 seconds, Stopping threads took: 0.0000122 seconds
2015-09-09T15:30:09.928+0200: 605.180: Total time for which application threads were stopped: 0.0000314 seconds, Stopping threads took: 0.0000128 seconds
2015-09-09T15:30:09.928+0200: 605.180: Total time for which application threads were stopped: 0.0000314 seconds, Stopping threads took: 0.0000125 seconds
2015-09-09T15:30:09.928+0200: 605.180: Total time for which application threads were stopped: 0.0000269 seconds, Stopping threads took: 0.0000106 seconds
2015-09-09T15:30:09.928+0200: 605.180: Total time for which application threads were stopped: 0.0000330 seconds, Stopping threads took: 0.0000125 seconds
2015-09-09T15:30:09.928+0200: 605.180: Total time for which application threads were stopped: 0.0000285 seconds, Stopping threads took: 0.0000106 seconds
2015-09-09T15:30:09.928+0200: 605.180: Total time for which application threads were stopped: 0.0000307 seconds, Stopping threads took: 0.0000115 seconds
2015-09-09T15:30:09.928+0200: 605.180: Total time for which application threads were stopped: 0.0000323 seconds, Stopping threads took: 0.0000128 seconds
2015-09-09T15:30:09.928+0200: 605.181: Total time for which application threads were stopped: 0.0000272 seconds, Stopping threads took: 0.0000099 seconds
2015-09-09T15:30:09.928+0200: 605.181: Total time for which application threads were stopped: 0.0000333 seconds, Stopping threads took: 0.0000131 seconds
2015-09-09T15:30:09.928+0200: 605.181: Total time for which application threads were stopped: 0.0000963 seconds, Stopping threads took: 0.0000099 seconds
{Heap before GC invocations=109 (full 4):
 par new generation   total 109248K, used 94232K [0x00000000e0000000, 0x00000000e8000000, 0x00000000e8000000)
  eden space 87424K, 100% used [0x00000000e0000000, 0x00000000e5560000, 0x00000000e5560000)
  from space 21824K,  31% used [0x00000000e6ab0000, 0x00000000e7156260, 0x00000000e8000000)
  to   space 21824K,   0% used [0x00000000e5560000, 0x00000000e5560000, 0x00000000e6ab0000)
 concurrent mark-sweep generation total 393216K, used 168940K [0x00000000e8000000, 0x0000000100000000, 0x0000000100000000)
 Metaspace       used 30938K, capacity 31280K, committed 31692K, reserved 1077248K
  class space    used 3614K, capacity 3746K, committed 3788K, reserved 1048576K
2015-09-09T15:30:09.966+0200: 605.218: [GC (Allocation Failure) 605.218: [ParNew
Desired survivor size 20112992 bytes, new threshold 8 (max 8)
- age   1:     812080 bytes,     812080 total
- age   2:    2516168 bytes,    3328248 total
- age   3:      84864 bytes,    3413112 total
- age   4:    1130552 bytes,    4543664 total
- age   5:     826320 bytes,    5369984 total
- age   6:    1068144 bytes,    6438128 total
- age   7:     220720 bytes,    6658848 total
- age   8:        600 bytes,    6659448 total
: 94232K->9100K(109248K), 0.0044979 secs] 263173K->178133K(502464K), 0.0045513 secs] [Times: user=0.00 sys=0.00, real=0.00 secs] 
Heap after GC invocations=110 (full 4):
 par new generation   total 109248K, used 9100K [0x00000000e0000000, 0x00000000e8000000, 0x00000000e8000000)
  eden space 87424K,   0% used [0x00000000e0000000, 0x00000000e0000000, 0x00000000e5560000)
  from space 21824K,  41% used [0x00000000e5560000, 0x00000000e5e433f0, 0x00000000e6ab0000)
  to   space 21824K,   0% used [0x00000000e6ab0000, 0x00000000e6ab0000, 0x00000000e8000000)
 concurrent mark-sweep generation total 393216K, used 169032K [0x00000000e8000000, 0x0000000100000000, 0x0000000100000000)
 Metaspace       used 30938K, capacity 31280K, committed 31692K, reserved 1077248K
  class space    used 3614K, capacity 3746K, committed 3788K, reserved 1048576K
}
2015-09-09T15:30:09.970+0200: 605.223: Total time for which application threads were stopped: 0.0047536 seconds, Stopping threads took: 0.0000186 seconds
2015-09-09T15:30:09.970+0200: 605.223: Total time for which application threads were stopped: 0.0002000 seconds, Stopping threads took: 0.0001446 seconds
2015-09-09T15:30:10.034+0200: 605.287: Total time for which application threads were stopped: 0.0000989 seconds, Stopping threads took: 0.0000182 seconds
2015-09-09T15:30:10.040+0200: 605.293: Total time for which application threads were stopped: 0.0001043 seconds, Stopping threads took: 0.0000570 seconds
2015-09-09T15:30:10.041+0200: 605.293: Total time for which application threads were stopped: 0.0000390 seconds, Stopping threads took: 0.0000086 seconds
2015-09-09T15:30:10.041+0200: 605.293: Total time for which application threads were stopped: 0.0000237 seconds, Stopping threads took: 0.0000067 seconds
2015-09-09T15:30:10.041+0200: 605.293: Total time for which application threads were stopped: 0.0000230 seconds, Stopping threads took: 0.0000061 seconds
2015-09-09T15:30:10.041+0200: 605.293: Total time for which application threads were stopped: 0.0000221 seconds, Stopping threads took: 0.0000064 seconds
2015-09-09T15:30:10.041+0200: 605.293: Total time for which application threads were stopped: 0.0000218 seconds, Stopping threads took: 0.0000064 seconds
2015-09-09T15:30:10.041+0200: 605.293: Total time for which application threads were stopped: 0.0000237 seconds, Stopping threads took: 0.0000067 seconds
2015-09-09T15:30:10.041+0200: 605.293: Total time for which application threads were stopped: 0.0000211 seconds, Stopping threads took: 0.0000061 seconds
2015-09-09T15:30:10.041+0200: 605.293: Total time for which application threads were stopped: 0.0000218 seconds, Stopping threads took: 0.0000064 seconds
2015-09-09T15:30:10.041+0200: 605.293: Total time for which application threads were stopped: 0.0000208 seconds, Stopping threads took: 0.0000061 seconds
2015-09-09T15:30:10.041+0200: 605.293: Total time for which application threads were stopped: 0.0000208 seconds, Stopping threads took: 0.0000064 seconds
2015-09-09T15:30:10.041+0200: 605.293: Total time for which application threads were stopped: 0.0000208 seconds, Stopping threads took: 0.0000061 seconds
2015-09-09T15:30:10.041+0200: 605.294: Total time for which application threads were stopped: 0.0000208 seconds, Stopping threads took: 0.0000061 seconds
2015-09-09T15:30:10.041+0200: 605.294: Total time for which application threads were stopped: 0.0000208 seconds, Stopping threads took: 0.0000061 seconds
2015-09-09T15:30:10.041+0200: 605.294: Total time for which application threads were stopped: 0.0000208 seconds, Stopping threads took: 0.0000064 seconds
2015-09-09T15:30:10.041+0200: 605.294: Total time for which application threads were stopped: 0.0000211 seconds, Stopping threads took: 0.0000061 seconds
2015-09-09T15:30:10.041+0200: 605.294: Total time for which application threads were stopped: 0.0000224 seconds, Stopping threads took: 0.0000064 seconds
2015-09-09T15:30:10.046+0200: 605.299: Total time for which application threads were stopped: 0.0000810 seconds, Stopping threads took: 0.0000218 seconds
2015-09-09T15:30:10.046+0200: 605.299: Total time for which application threads were stopped: 0.0000374 seconds, Stopping threads took: 0.0000074 seconds
2015-09-09T15:30:10.051+0200: 605.303: Total time for which application threads were stopped: 0.0000675 seconds, Stopping threads took: 0.0000176 seconds
2015-09-09T15:30:10.051+0200: 605.303: Total time for which application threads were stopped: 0.0000365 seconds, Stopping threads took: 0.0000096 seconds
2015-09-09T15:30:10.070+0200: 605.322: Total time for which application threads were stopped: 0.0000714 seconds, Stopping threads took: 0.0000141 seconds
2015-09-09T15:30:10.071+0200: 605.324: Total time for which application threads were stopped: 0.0000477 seconds, Stopping threads took: 0.0000125 seconds
2015-09-09T15:30:10.071+0200: 605.324: Total time for which application threads were stopped: 0.0000246 seconds, Stopping threads took: 0.0000058 seconds
2015-09-09T15:30:10.071+0200: 605.324: Total time for which application threads were stopped: 0.0000394 seconds, Stopping threads took: 0.0000125 seconds
2015-09-09T15:30:10.071+0200: 605.324: Total time for which application threads were stopped: 0.0000384 seconds, Stopping threads took: 0.0000102 seconds
2015-09-09T15:30:10.071+0200: 605.324: Total time for which application threads were stopped: 0.0000272 seconds, Stopping threads took: 0.0000074 seconds
2015-09-09T15:30:10.071+0200: 605.324: Total time for which application threads were stopped: 0.0000230 seconds, Stopping threads took: 0.0000067 seconds
2015-09-09T15:30:10.072+0200: 605.324: Total time for which application threads were stopped: 0.0000227 seconds, Stopping threads took: 0.0000067 seconds
2015-09-09T15:30:10.072+0200: 605.324: Total time for which application threads were stopped: 0.0000301 seconds, Stopping threads took: 0.0000112 seconds
2015-09-09T15:30:10.072+0200: 605.324: Total time for which application threads were stopped: 0.0000237 seconds, Stopping threads took: 0.0000061 seconds
2015-09-09T15:30:10.072+0200: 605.324: Total time for which application threads were stopped: 0.0000192 seconds, Stopping threads took: 0.0000067 seconds
2015-09-09T15:30:10.072+0200: 605.324: Total time for which application threads were stopped: 0.0000218 seconds, Stopping threads took: 0.0000061 seconds
2015-09-09T15:30:10.072+0200: 605.324: Total time for which application threads were stopped: 0.0000205 seconds, Stopping threads took: 0.0000064 seconds
2015-09-09T15:30:10.072+0200: 605.324: Total time for which application threads were stopped: 0.0000205 seconds, Stopping threads took: 0.0000064 seconds
2015-09-09T15:30:10.072+0200: 605.324: Total time for which application threads were stopped: 0.0000218 seconds, Stopping threads took: 0.0000064 seconds
2015-09-09T15:30:10.072+0200: 605.324: Total time for which application threads were stopped: 0.0000502 seconds, Stopping threads took: 0.0000339 seconds
2015-09-09T15:30:10.072+0200: 605.324: Total time for which application threads were stopped: 0.0000790 seconds, Stopping threads took: 0.0000112 seconds
2015-09-09T15:30:10.077+0200: 605.330: Total time for which application threads were stopped: 0.0000669 seconds, Stopping threads took: 0.0000224 seconds
2015-09-09T15:30:11.125+0200: 606.378: Total time for which application threads were stopped: 0.0000538 seconds, Stopping threads took: 0.0000128 seconds
2015-09-09T15:30:11.125+0200: 606.378: Total time for which application threads were stopped: 0.0000534 seconds, Stopping threads took: 0.0000189 seconds
2015-09-09T15:30:11.126+0200: 606.378: Total time for which application threads were stopped: 0.0000634 seconds, Stopping threads took: 0.0000202 seconds
2015-09-09T15:30:11.126+0200: 606.378: Total time for which application threads were stopped: 0.0000378 seconds, Stopping threads took: 0.0000061 seconds
2015-09-09T15:30:11.126+0200: 606.378: Total time for which application threads were stopped: 0.0000355 seconds, Stopping threads took: 0.0000080 seconds
2015-09-09T15:30:11.126+0200: 606.378: Total time for which application threads were stopped: 0.0000442 seconds, Stopping threads took: 0.0000154 seconds
2015-09-09T15:30:11.126+0200: 606.379: Total time for which application threads were stopped: 0.0000432 seconds, Stopping threads took: 0.0000173 seconds
2015-09-09T15:30:11.126+0200: 606.379: Total time for which application threads were stopped: 0.0000400 seconds, Stopping threads took: 0.0000074 seconds
2015-09-09T15:30:11.126+0200: 606.379: Total time for which application threads were stopped: 0.0000304 seconds, Stopping threads took: 0.0000074 seconds
2015-09-09T15:30:11.127+0200: 606.379: Total time for which application threads were stopped: 0.0000406 seconds, Stopping threads took: 0.0000166 seconds
2015-09-09T15:30:11.127+0200: 606.380: Total time for which application threads were stopped: 0.0001117 seconds, Stopping threads took: 0.0000771 seconds
2015-09-09T15:30:11.128+0200: 606.380: Total time for which application threads were stopped: 0.0001338 seconds, Stopping threads took: 0.0000157 seconds
2015-09-09T15:30:11.130+0200: 606.383: Total time for which application threads were stopped: 0.0000963 seconds, Stopping threads took: 0.0000461 seconds
2015-09-09T15:30:11.131+0200: 606.383: Total time for which application threads were stopped: 0.0000483 seconds, Stopping threads took: 0.0000173 seconds
2015-09-09T15:30:11.131+0200: 606.384: Total time for which application threads were stopped: 0.0001152 seconds, Stopping threads took: 0.0000749 seconds
2015-09-09T15:30:11.131+0200: 606.384: Total time for which application threads were stopped: 0.0000848 seconds, Stopping threads took: 0.0000314 seconds
2015-09-09T15:30:11.131+0200: 606.384: Total time for which application threads were stopped: 0.0001126 seconds, Stopping threads took: 0.0000733 seconds
2015-09-09T15:30:11.132+0200: 606.384: Total time for which application threads were stopped: 0.0001168 seconds, Stopping threads took: 0.0000774 seconds
2015-09-09T15:30:11.132+0200: 606.384: Total time for which application threads were stopped: 0.0001110 seconds, Stopping threads took: 0.0000710 seconds
2015-09-09T15:30:11.134+0200: 606.386: Total time for which application threads were stopped: 0.0000486 seconds, Stopping threads took: 0.0000083 seconds
2015-09-09T15:30:11.134+0200: 606.386: Total time for which application threads were stopped: 0.0000307 seconds, Stopping threads took: 0.0000086 seconds
{Heap before GC invocations=110 (full 4):
 par new generation   total 109248K, used 96524K [0x00000000e0000000, 0x00000000e8000000, 0x00000000e8000000)
  eden space 87424K, 100% used [0x00000000e0000000, 0x00000000e5560000, 0x00000000e5560000)
  from space 21824K,  41% used [0x00000000e5560000, 0x00000000e5e433f0, 0x00000000e6ab0000)
  to   space 21824K,   0% used [0x00000000e6ab0000, 0x00000000e6ab0000, 0x00000000e8000000)
 concurrent mark-sweep generation total 393216K, used 169032K [0x00000000e8000000, 0x0000000100000000, 0x0000000100000000)
 Metaspace       used 31207K, capacity 31574K, committed 31948K, reserved 1077248K
  class space    used 3634K, capacity 3779K, committed 3788K, reserved 1048576K
2015-09-09T15:30:11.567+0200: 606.819: [GC (Allocation Failure) 606.819: [ParNew
Desired survivor size 20112992 bytes, new threshold 8 (max 8)
- age   1:    2220584 bytes,    2220584 total
- age   2:     134320 bytes,    2354904 total
- age   3:    1449304 bytes,    3804208 total
- age   4:      84864 bytes,    3889072 total
- age   5:    1081008 bytes,    4970080 total
- age   6:     826320 bytes,    5796400 total
- age   7:    1068144 bytes,    6864544 total
- age   8:     220720 bytes,    7085264 total
: 96524K->8412K(109248K), 0.0057590 secs] 265557K->177445K(502464K), 0.0058108 secs] [Times: user=0.00 sys=0.00, real=0.01 secs] 
Heap after GC invocations=111 (full 4):
 par new generation   total 109248K, used 8412K [0x00000000e0000000, 0x00000000e8000000, 0x00000000e8000000)
  eden space 87424K,   0% used [0x00000000e0000000, 0x00000000e0000000, 0x00000000e5560000)
  from space 21824K,  38% used [0x00000000e6ab0000, 0x00000000e72e7228, 0x00000000e8000000)
  to   space 21824K,   0% used [0x00000000e5560000, 0x00000000e5560000, 0x00000000e6ab0000)
 concurrent mark-sweep generation total 393216K, used 169033K [0x00000000e8000000, 0x0000000100000000, 0x0000000100000000)
 Metaspace       used 31207K, capacity 31574K, committed 31948K, reserved 1077248K
  class space    used 3634K, capacity 3779K, committed 3788K, reserved 1048576K
}
2015-09-09T15:30:11.573+0200: 606.825: Total time for which application threads were stopped: 0.0059987 seconds, Stopping threads took: 0.0000163 seconds
2015-09-09T15:30:11.573+0200: 606.825: Total time for which application threads were stopped: 0.0002000 seconds, Stopping threads took: 0.0000125 seconds
2015-09-09T15:30:11.573+0200: 606.826: Total time for which application threads were stopped: 0.0001114 seconds, Stopping threads took: 0.0000250 seconds
2015-09-09T15:30:11.573+0200: 606.826: Total time for which application threads were stopped: 0.0000374 seconds, Stopping threads took: 0.0000112 seconds
{Heap before GC invocations=111 (full 4):
 par new generation   total 109248K, used 95832K [0x00000000e0000000, 0x00000000e8000000, 0x00000000e8000000)
  eden space 87424K,  99% used [0x00000000e0000000, 0x00000000e555ee40, 0x00000000e5560000)
  from space 21824K,  38% used [0x00000000e6ab0000, 0x00000000e72e7228, 0x00000000e8000000)
  to   space 21824K,   0% used [0x00000000e5560000, 0x00000000e5560000, 0x00000000e6ab0000)
 concurrent mark-sweep generation total 393216K, used 169033K [0x00000000e8000000, 0x0000000100000000, 0x0000000100000000)
 Metaspace       used 31209K, capacity 31574K, committed 31948K, reserved 1077248K
  class space    used 3634K, capacity 3779K, committed 3788K, reserved 1048576K
2015-09-09T15:30:11.827+0200: 607.080: [GC (Allocation Failure) 607.080: [ParNew
Desired survivor size 20112992 bytes, new threshold 8 (max 8)
- age   1:     119632 bytes,     119632 total
- age   2:    2042792 bytes,    2162424 total
- age   3:     134024 bytes,    2296448 total
- age   4:     783120 bytes,    3079568 total
- age   5:       5600 bytes,    3085168 total
- age   6:     523640 bytes,    3608808 total
- age   7:     826320 bytes,    4435128 total
- age   8:    1068144 bytes,    5503272 total
: 95832K->7655K(109248K), 0.0046371 secs] 264865K->176903K(502464K), 0.0046896 secs] [Times: user=0.00 sys=0.00, real=0.01 secs] 
Heap after GC invocations=112 (full 4):
 par new generation   total 109248K, used 7655K [0x00000000e0000000, 0x00000000e8000000, 0x00000000e8000000)
  eden space 87424K,   0% used [0x00000000e0000000, 0x00000000e0000000, 0x00000000e5560000)
  from space 21824K,  35% used [0x00000000e5560000, 0x00000000e5cd9cc8, 0x00000000e6ab0000)
  to   space 21824K,   0% used [0x00000000e6ab0000, 0x00000000e6ab0000, 0x00000000e8000000)
 concurrent mark-sweep generation total 393216K, used 169248K [0x00000000e8000000, 0x0000000100000000, 0x0000000100000000)
 Metaspace       used 31209K, capacity 31574K, committed 31948K, reserved 1077248K
  class space    used 3634K, capacity 3779K, committed 3788K, reserved 1048576K
}
2015-09-09T15:30:11.832+0200: 607.085: Total time for which application threads were stopped: 0.0048483 seconds, Stopping threads took: 0.0000176 seconds
{Heap before GC invocations=112 (full 4):
 par new generation   total 109248K, used 95079K [0x00000000e0000000, 0x00000000e8000000, 0x00000000e8000000)
  eden space 87424K, 100% used [0x00000000e0000000, 0x00000000e5560000, 0x00000000e5560000)
  from space 21824K,  35% used [0x00000000e5560000, 0x00000000e5cd9cc8, 0x00000000e6ab0000)
  to   space 21824K,   0% used [0x00000000e6ab0000, 0x00000000e6ab0000, 0x00000000e8000000)
 concurrent mark-sweep generation total 393216K, used 169248K [0x00000000e8000000, 0x0000000100000000, 0x0000000100000000)
 Metaspace       used 31209K, capacity 31574K, committed 31948K, reserved 1077248K
  class space    used 3634K, capacity 3779K, committed 3788K, reserved 1048576K
2015-09-09T15:30:11.924+0200: 607.176: [GC (Allocation Failure) 607.176: [ParNew
Desired survivor size 20112992 bytes, new threshold 8 (max 8)
- age   1:      71272 bytes,      71272 total
- age   2:      64592 bytes,     135864 total
- age   3:    2042792 bytes,    2178656 total
- age   4:     134024 bytes,    2312680 total
- age   5:     783120 bytes,    3095800 total
- age   6:       5600 bytes,    3101400 total
- age   7:     523640 bytes,    3625040 total
- age   8:     826320 bytes,    4451360 total
: 95079K->6206K(109248K), 0.0048614 secs] 264327K->176498K(502464K), 0.0049158 secs] [Times: user=0.00 sys=0.00, real=0.00 secs] 
Heap after GC invocations=113 (full 4):
 par new generation   total 109248K, used 6206K [0x00000000e0000000, 0x00000000e8000000, 0x00000000e8000000)
  eden space 87424K,   0% used [0x00000000e0000000, 0x00000000e0000000, 0x00000000e5560000)
  from space 21824K,  28% used [0x00000000e6ab0000, 0x00000000e70bf8d8, 0x00000000e8000000)
  to   space 21824K,   0% used [0x00000000e5560000, 0x00000000e5560000, 0x00000000e6ab0000)
 concurrent mark-sweep generation total 393216K, used 170291K [0x00000000e8000000, 0x0000000100000000, 0x0000000100000000)
 Metaspace       used 31209K, capacity 31574K, committed 31948K, reserved 1077248K
  class space    used 3634K, capacity 3779K, committed 3788K, reserved 1048576K
}
2015-09-09T15:30:11.928+0200: 607.181: Total time for which application threads were stopped: 0.0050812 seconds, Stopping threads took: 0.0000269 seconds
{Heap before GC invocations=113 (full 4):
 par new generation   total 109248K, used 93630K [0x00000000e0000000, 0x00000000e8000000, 0x00000000e8000000)
  eden space 87424K, 100% used [0x00000000e0000000, 0x00000000e5560000, 0x00000000e5560000)
  from space 21824K,  28% used [0x00000000e6ab0000, 0x00000000e70bf8d8, 0x00000000e8000000)
  to   space 21824K,   0% used [0x00000000e5560000, 0x00000000e5560000, 0x00000000e6ab0000)
 concurrent mark-sweep generation total 393216K, used 170291K [0x00000000e8000000, 0x0000000100000000, 0x0000000100000000)
 Metaspace       used 31209K, capacity 31574K, committed 31948K, reserved 1077248K
  class space    used 3634K, capacity 3779K, committed 3788K, reserved 1048576K
2015-09-09T15:30:12.014+0200: 607.267: [GC (Allocation Failure) 607.267: [ParNew
Desired survivor size 20112992 bytes, new threshold 8 (max 8)
- age   1:      58896 bytes,      58896 total
- age   2:      52040 bytes,     110936 total
- age   3:      61920 bytes,     172856 total
- age   4:    2129848 bytes,    2302704 total
- age   5:     134232 bytes,    2436936 total
- age   6:     783120 bytes,    3220056 total
- age   7:       5600 bytes,    3225656 total
- age   8:     523640 bytes,    3749296 total
: 93630K->4574K(109248K), 0.0032755 secs] 263922K->175673K(502464K), 0.0033328 secs] [Times: user=0.00 sys=0.00, real=0.00 secs] 
Heap after GC invocations=114 (full 4):
 par new generation   total 109248K, used 4574K [0x00000000e0000000, 0x00000000e8000000, 0x00000000e8000000)
  eden space 87424K,   0% used [0x00000000e0000000, 0x00000000e0000000, 0x00000000e5560000)
  from space 21824K,  20% used [0x00000000e5560000, 0x00000000e59d7a58, 0x00000000e6ab0000)
  to   space 21824K,   0% used [0x00000000e6ab0000, 0x00000000e6ab0000, 0x00000000e8000000)
 concurrent mark-sweep generation total 393216K, used 171098K [0x00000000e8000000, 0x0000000100000000, 0x0000000100000000)
 Metaspace       used 31209K, capacity 31574K, committed 31948K, reserved 1077248K
  class space    used 3634K, capacity 3779K, committed 3788K, reserved 1048576K
}
2015-09-09T15:30:12.018+0200: 607.270: Total time for which application threads were stopped: 0.0034921 seconds, Stopping threads took: 0.0000256 seconds
{Heap before GC invocations=114 (full 4):
 par new generation   total 109248K, used 91998K [0x00000000e0000000, 0x00000000e8000000, 0x00000000e8000000)
  eden space 87424K, 100% used [0x00000000e0000000, 0x00000000e5560000, 0x00000000e5560000)
  from space 21824K,  20% used [0x00000000e5560000, 0x00000000e59d7a58, 0x00000000e6ab0000)
  to   space 21824K,   0% used [0x00000000e6ab0000, 0x00000000e6ab0000, 0x00000000e8000000)
 concurrent mark-sweep generation total 393216K, used 171098K [0x00000000e8000000, 0x0000000100000000, 0x0000000100000000)
 Metaspace       used 31210K, capacity 31574K, committed 31948K, reserved 1077248K
  class space    used 3634K, capacity 3779K, committed 3788K, reserved 1048576K
2015-09-09T15:30:12.227+0200: 607.479: [GC (Allocation Failure) 607.479: [ParNew
Desired survivor size 20112992 bytes, new threshold 8 (max 8)
- age   1:     170760 bytes,     170760 total
- age   2:       5544 bytes,     176304 total
- age   3:       9088 bytes,     185392 total
- age   4:      44640 bytes,     230032 total
- age   5:    2041032 bytes,    2271064 total
- age   6:     134232 bytes,    2405296 total
- age   7:     783120 bytes,    3188416 total
- age   8:       5600 bytes,    3194016 total
: 91998K->3898K(109248K), 0.0038579 secs] 263097K->175515K(502464K), 0.0039142 secs] [Times: user=0.00 sys=0.00, real=0.00 secs] 
Heap after GC invocations=115 (full 4):
 par new generation   total 109248K, used 3898K [0x00000000e0000000, 0x00000000e8000000, 0x00000000e8000000)
  eden space 87424K,   0% used [0x00000000e0000000, 0x00000000e0000000, 0x00000000e5560000)
  from space 21824K,  17% used [0x00000000e6ab0000, 0x00000000e6e7e818, 0x00000000e8000000)
  to   space 21824K,   0% used [0x00000000e5560000, 0x00000000e5560000, 0x00000000e6ab0000)
 concurrent mark-sweep generation total 393216K, used 171617K [0x00000000e8000000, 0x0000000100000000, 0x0000000100000000)
 Metaspace       used 31210K, capacity 31574K, committed 31948K, reserved 1077248K
  class space    used 3634K, capacity 3779K, committed 3788K, reserved 1048576K
}
2015-09-09T15:30:12.231+0200: 607.483: Total time for which application threads were stopped: 0.0040704 seconds, Stopping threads took: 0.0000163 seconds
{Heap before GC invocations=115 (full 4):
 par new generation   total 109248K, used 91322K [0x00000000e0000000, 0x00000000e8000000, 0x00000000e8000000)
  eden space 87424K, 100% used [0x00000000e0000000, 0x00000000e5560000, 0x00000000e5560000)
  from space 21824K,  17% used [0x00000000e6ab0000, 0x00000000e6e7e818, 0x00000000e8000000)
  to   space 21824K,   0% used [0x00000000e5560000, 0x00000000e5560000, 0x00000000e6ab0000)
 concurrent mark-sweep generation total 393216K, used 171617K [0x00000000e8000000, 0x0000000100000000, 0x0000000100000000)
 Metaspace       used 31210K, capacity 31574K, committed 31948K, reserved 1077248K
  class space    used 3634K, capacity 3779K, committed 3788K, reserved 1048576K
2015-09-09T15:30:12.484+0200: 607.737: [GC (Allocation Failure) 607.737: [ParNew
Desired survivor size 20112992 bytes, new threshold 8 (max 8)
- age   1:      68656 bytes,      68656 total
- age   2:     103552 bytes,     172208 total
- age   3:       5544 bytes,     177752 total
- age   4:       9088 bytes,     186840 total
- age   5:      44640 bytes,     231480 total
- age   6:    2126392 bytes,    2357872 total
- age   7:     134232 bytes,    2492104 total
- age   8:     783120 bytes,    3275224 total
: 91322K->4128K(109248K), 0.0031059 secs] 262939K->175751K(502464K), 0.0031513 secs] [Times: user=0.00 sys=0.00, real=0.00 secs] 
Heap after GC invocations=116 (full 4):
 par new generation   total 109248K, used 4128K [0x00000000e0000000, 0x00000000e8000000, 0x00000000e8000000)
  eden space 87424K,   0% used [0x00000000e0000000, 0x00000000e0000000, 0x00000000e5560000)
  from space 21824K,  18% used [0x00000000e5560000, 0x00000000e5968060, 0x00000000e6ab0000)
  to   space 21824K,   0% used [0x00000000e6ab0000, 0x00000000e6ab0000, 0x00000000e8000000)
 concurrent mark-sweep generation total 393216K, used 171623K [0x00000000e8000000, 0x0000000100000000, 0x0000000100000000)
 Metaspace       used 31210K, capacity 31574K, committed 31948K, reserved 1077248K
  class space    used 3634K, capacity 3779K, committed 3788K, reserved 1048576K
}
2015-09-09T15:30:12.488+0200: 607.740: Total time for which application threads were stopped: 0.0033097 seconds, Stopping threads took: 0.0000150 seconds
{Heap before GC invocations=116 (full 4):
 par new generation   total 109248K, used 91552K [0x00000000e0000000, 0x00000000e8000000, 0x00000000e8000000)
  eden space 87424K, 100% used [0x00000000e0000000, 0x00000000e5560000, 0x00000000e5560000)
  from space 21824K,  18% used [0x00000000e5560000, 0x00000000e5968060, 0x00000000e6ab0000)
  to   space 21824K,   0% used [0x00000000e6ab0000, 0x00000000e6ab0000, 0x00000000e8000000)
 concurrent mark-sweep generation total 393216K, used 171623K [0x00000000e8000000, 0x0000000100000000, 0x0000000100000000)
 Metaspace       used 31210K, capacity 31574K, committed 31948K, reserved 1077248K
  class space    used 3634K, capacity 3779K, committed 3788K, reserved 1048576K
2015-09-09T15:30:12.750+0200: 608.003: [GC (Allocation Failure) 608.003: [ParNew
Desired survivor size 20112992 bytes, new threshold 8 (max 8)
- age   1:     125320 bytes,     125320 total
- age   2:      43528 bytes,     168848 total
- age   3:     102752 bytes,     271600 total
- age   4:       5136 bytes,     276736 total
- age   5:       8704 bytes,     285440 total
- age   6:      43648 bytes,     329088 total
- age   7:    2037184 bytes,    2366272 total
- age   8:     134232 bytes,    2500504 total
: 91552K->3710K(109248K), 0.0032822 secs] 263175K->176104K(502464K), 0.0033251 secs] [Times: user=0.00 sys=0.00, real=0.00 secs] 
Heap after GC invocations=117 (full 4):
 par new generation   total 109248K, used 3710K [0x00000000e0000000, 0x00000000e8000000, 0x00000000e8000000)
  eden space 87424K,   0% used [0x00000000e0000000, 0x00000000e0000000, 0x00000000e5560000)
  from space 21824K,  17% used [0x00000000e6ab0000, 0x00000000e6e4fb40, 0x00000000e8000000)
  to   space 21824K,   0% used [0x00000000e5560000, 0x00000000e5560000, 0x00000000e6ab0000)
 concurrent mark-sweep generation total 393216K, used 172393K [0x00000000e8000000, 0x0000000100000000, 0x0000000100000000)
 Metaspace       used 31210K, capacity 31574K, committed 31948K, reserved 1077248K
  class space    used 3634K, capacity 3779K, committed 3788K, reserved 1048576K
}
2015-09-09T15:30:12.754+0200: 608.006: Total time for which application threads were stopped: 0.0034620 seconds, Stopping threads took: 0.0000144 seconds
{Heap before GC invocations=117 (full 4):
 par new generation   total 109248K, used 91134K [0x00000000e0000000, 0x00000000e8000000, 0x00000000e8000000)
  eden space 87424K, 100% used [0x00000000e0000000, 0x00000000e5560000, 0x00000000e5560000)
  from space 21824K,  17% used [0x00000000e6ab0000, 0x00000000e6e4fb40, 0x00000000e8000000)
  to   space 21824K,   0% used [0x00000000e5560000, 0x00000000e5560000, 0x00000000e6ab0000)
 concurrent mark-sweep generation total 393216K, used 172393K [0x00000000e8000000, 0x0000000100000000, 0x0000000100000000)
 Metaspace       used 31210K, capacity 31574K, committed 31948K, reserved 1077248K
  class space    used 3634K, capacity 3779K, committed 3788K, reserved 1048576K
2015-09-09T15:30:13.002+0200: 608.254: [GC (Allocation Failure) 608.254: [ParNew
Desired survivor size 20112992 bytes, new threshold 8 (max 8)
- age   1:     106808 bytes,     106808 total
- age   2:      32592 bytes,     139400 total
- age   3:      43224 bytes,     182624 total
- age   4:     102144 bytes,     284768 total
- age   5:       5136 bytes,     289904 total
- age   6:       8600 bytes,     298504 total
- age   7:      43104 bytes,     341608 total
- age   8:    2037064 bytes,    2378672 total
: 91134K->2798K(109248K), 0.0029907 secs] 263528K->175324K(502464K), 0.0030361 secs] [Times: user=0.00 sys=0.00, real=0.00 secs] 
Heap after GC invocations=118 (full 4):
 par new generation   total 109248K, used 2798K [0x00000000e0000000, 0x00000000e8000000, 0x00000000e8000000)
  eden space 87424K,   0% used [0x00000000e0000000, 0x00000000e0000000, 0x00000000e5560000)
  from space 21824K,  12% used [0x00000000e5560000, 0x00000000e581b8f0, 0x00000000e6ab0000)
  to   space 21824K,   0% used [0x00000000e6ab0000, 0x00000000e6ab0000, 0x00000000e8000000)
 concurrent mark-sweep generation total 393216K, used 172526K [0x00000000e8000000, 0x0000000100000000, 0x0000000100000000)
 Metaspace       used 31210K, capacity 31574K, committed 31948K, reserved 1077248K
  class space    used 3634K, capacity 3779K, committed 3788K, reserved 1048576K
}
2015-09-09T15:30:13.005+0200: 608.257: Total time for which application threads were stopped: 0.0031939 seconds, Stopping threads took: 0.0000147 seconds
{Heap before GC invocations=118 (full 4):
 par new generation   total 109248K, used 90222K [0x00000000e0000000, 0x00000000e8000000, 0x00000000e8000000)
  eden space 87424K, 100% used [0x00000000e0000000, 0x00000000e5560000, 0x00000000e5560000)
  from space 21824K,  12% used [0x00000000e5560000, 0x00000000e581b8f0, 0x00000000e6ab0000)
  to   space 21824K,   0% used [0x00000000e6ab0000, 0x00000000e6ab0000, 0x00000000e8000000)
 concurrent mark-sweep generation total 393216K, used 172526K [0x00000000e8000000, 0x0000000100000000, 0x0000000100000000)
 Metaspace       used 31210K, capacity 31574K, committed 31948K, reserved 1077248K
  class space    used 3634K, capacity 3779K, committed 3788K, reserved 1048576K
2015-09-09T15:30:13.460+0200: 608.711: [GC (Allocation Failure) 608.711: [ParNew
Desired survivor size 20112992 bytes, new threshold 8 (max 8)
- age   1:      57816 bytes,      57816 total
- age   2:      42032 bytes,      99848 total
- age   3:      31720 bytes,     131568 total
- age   4:      43168 bytes,     174736 total
- age   5:     101000 bytes,     275736 total
- age   6:       5136 bytes,     280872 total
- age   7:       8600 bytes,     289472 total
- age   8:      41136 bytes,     330608 total
: 90222K->1926K(109248K), 0.0033104 secs] 262748K->176454K(502464K), 0.0033545 secs] [Times: user=0.00 sys=0.00, real=0.00 secs] 
Heap after GC invocations=119 (full 4):
 par new generation   total 109248K, used 1926K [0x00000000e0000000, 0x00000000e8000000, 0x00000000e8000000)
  eden space 87424K,   0% used [0x00000000e0000000, 0x00000000e0000000, 0x00000000e5560000)
  from space 21824K,   8% used [0x00000000e6ab0000, 0x00000000e6c919e0, 0x00000000e8000000)
  to   space 21824K,   0% used [0x00000000e5560000, 0x00000000e5560000, 0x00000000e6ab0000)
 concurrent mark-sweep generation total 393216K, used 174528K [0x00000000e8000000, 0x0000000100000000, 0x0000000100000000)
 Metaspace       used 31210K, capacity 31574K, committed 31948K, reserved 1077248K
  class space    used 3634K, capacity 3779K, committed 3788K, reserved 1048576K
}
2015-09-09T15:30:13.463+0200: 608.715: Total time for which application threads were stopped: 0.0034921 seconds, Stopping threads took: 0.0000141 seconds
{Heap before GC invocations=119 (full 4):
 par new generation   total 109248K, used 89350K [0x00000000e0000000, 0x00000000e8000000, 0x00000000e8000000)
  eden space 87424K, 100% used [0x00000000e0000000, 0x00000000e5560000, 0x00000000e5560000)
  from space 21824K,   8% used [0x00000000e6ab0000, 0x00000000e6c919e0, 0x00000000e8000000)
  to   space 21824K,   0% used [0x00000000e5560000, 0x00000000e5560000, 0x00000000e6ab0000)
 concurrent mark-sweep generation total 393216K, used 174528K [0x00000000e8000000, 0x0000000100000000, 0x0000000100000000)
 Metaspace       used 31223K, capacity 31638K, committed 31948K, reserved 1077248K
  class space    used 3634K, capacity 3779K, committed 3788K, reserved 1048576K
2015-09-09T15:30:13.712+0200: 608.964: [GC (Allocation Failure) 608.964: [ParNew
Desired survivor size 20112992 bytes, new threshold 8 (max 8)
- age   1:     406584 bytes,     406584 total
- age   2:       5704 bytes,     412288 total
- age   3:       1808 bytes,     414096 total
- age   4:       4544 bytes,     418640 total
- age   5:       2640 bytes,     421280 total
- age   6:       7600 bytes,     428880 total
- age   7:       5136 bytes,     434016 total
- age   8:       8600 bytes,     442616 total
: 89350K->826K(109248K), 0.0023014 secs] 263878K->175386K(502464K), 0.0023398 secs] [Times: user=0.00 sys=0.00, real=0.00 secs] 
Heap after GC invocations=120 (full 4):
 par new generation   total 109248K, used 826K [0x00000000e0000000, 0x00000000e8000000, 0x00000000e8000000)
  eden space 87424K,   0% used [0x00000000e0000000, 0x00000000e0000000, 0x00000000e5560000)
  from space 21824K,   3% used [0x00000000e5560000, 0x00000000e562e920, 0x00000000e6ab0000)
  to   space 21824K,   0% used [0x00000000e6ab0000, 0x00000000e6ab0000, 0x00000000e8000000)
 concurrent mark-sweep generation total 393216K, used 174560K [0x00000000e8000000, 0x0000000100000000, 0x0000000100000000)
 Metaspace       used 31223K, capacity 31638K, committed 31948K, reserved 1077248K
  class space    used 3634K, capacity 3779K, committed 3788K, reserved 1048576K
}
2015-09-09T15:30:13.715+0200: 608.966: Total time for which application threads were stopped: 0.0024861 seconds, Stopping threads took: 0.0000138 seconds
{Heap before GC invocations=120 (full 4):
 par new generation   total 109248K, used 88250K [0x00000000e0000000, 0x00000000e8000000, 0x00000000e8000000)
  eden space 87424K, 100% used [0x00000000e0000000, 0x00000000e5560000, 0x00000000e5560000)
  from space 21824K,   3% used [0x00000000e5560000, 0x00000000e562e920, 0x00000000e6ab0000)
  to   space 21824K,   0% used [0x00000000e6ab0000, 0x00000000e6ab0000, 0x00000000e8000000)
 concurrent mark-sweep generation total 393216K, used 174560K [0x00000000e8000000, 0x0000000100000000, 0x0000000100000000)
 Metaspace       used 31225K, capacity 31638K, committed 31948K, reserved 1077248K
  class space    used 3634K, capacity 3779K, committed 3788K, reserved 1048576K
2015-09-09T15:30:13.914+0200: 609.166: [GC (Allocation Failure) 609.166: [ParNew
Desired survivor size 20112992 bytes, new threshold 8 (max 8)
- age   1:     272256 bytes,     272256 total
- age   2:     257104 bytes,     529360 total
- age   3:       5704 bytes,     535064 total
- age   4:       1808 bytes,     536872 total
- age   5:       4544 bytes,     541416 total
- age   6:       2640 bytes,     544056 total
- age   7:       7600 bytes,     551656 total
- age   8:       5136 bytes,     556792 total
: 88250K->661K(109248K), 0.0019190 secs] 262810K->175230K(502464K), 0.0019568 secs] [Times: user=0.00 sys=0.00, real=0.00 secs] 
Heap after GC invocations=121 (full 4):
 par new generation   total 109248K, used 661K [0x00000000e0000000, 0x00000000e8000000, 0x00000000e8000000)
  eden space 87424K,   0% used [0x00000000e0000000, 0x00000000e0000000, 0x00000000e5560000)
  from space 21824K,   3% used [0x00000000e6ab0000, 0x00000000e6b55730, 0x00000000e8000000)
  to   space 21824K,   0% used [0x00000000e5560000, 0x00000000e5560000, 0x00000000e6ab0000)
 concurrent mark-sweep generation total 393216K, used 174568K [0x00000000e8000000, 0x0000000100000000, 0x0000000100000000)
 Metaspace       used 31225K, capacity 31638K, committed 31948K, reserved 1077248K
  class space    used 3634K, capacity 3779K, committed 3788K, reserved 1048576K
}
2015-09-09T15:30:13.916+0200: 609.168: Total time for which application threads were stopped: 0.0020979 seconds, Stopping threads took: 0.0000154 seconds
{Heap before GC invocations=121 (full 4):
 par new generation   total 109248K, used 88085K [0x00000000e0000000, 0x00000000e8000000, 0x00000000e8000000)
  eden space 87424K, 100% used [0x00000000e0000000, 0x00000000e5560000, 0x00000000e5560000)
  from space 21824K,   3% used [0x00000000e6ab0000, 0x00000000e6b55730, 0x00000000e8000000)
  to   space 21824K,   0% used [0x00000000e5560000, 0x00000000e5560000, 0x00000000e6ab0000)
 concurrent mark-sweep generation total 393216K, used 174568K [0x00000000e8000000, 0x0000000100000000, 0x0000000100000000)
 Metaspace       used 31226K, capacity 31638K, committed 31948K, reserved 1077248K
  class space    used 3634K, capacity 3779K, committed 3788K, reserved 1048576K
2015-09-09T15:30:14.031+0200: 609.283: [GC (Allocation Failure) 609.283: [ParNew
Desired survivor size 20112992 bytes, new threshold 8 (max 8)
- age   1:     217712 bytes,     217712 total
- age   2:       1664 bytes,     219376 total
- age   3:     240288 bytes,     459664 total
- age   4:       5704 bytes,     465368 total
- age   5:       1808 bytes,     467176 total
- age   6:       4544 bytes,     471720 total
- age   7:       2640 bytes,     474360 total
- age   8:       7600 bytes,     481960 total
: 88085K->584K(109248K), 0.0022409 secs] 262654K->175158K(502464K), 0.0022768 secs] [Times: user=0.00 sys=0.00, real=0.00 secs] 
Heap after GC invocations=122 (full 4):
 par new generation   total 109248K, used 584K [0x00000000e0000000, 0x00000000e8000000, 0x00000000e8000000)
  eden space 87424K,   0% used [0x00000000e0000000, 0x00000000e0000000, 0x00000000e5560000)
  from space 21824K,   2% used [0x00000000e5560000, 0x00000000e55f21a0, 0x00000000e6ab0000)
  to   space 21824K,   0% used [0x00000000e6ab0000, 0x00000000e6ab0000, 0x00000000e8000000)
 concurrent mark-sweep generation total 393216K, used 174573K [0x00000000e8000000, 0x0000000100000000, 0x0000000100000000)
 Metaspace       used 31226K, capacity 31638K, committed 31948K, reserved 1077248K
  class space    used 3634K, capacity 3779K, committed 3788K, reserved 1048576K
}
2015-09-09T15:30:14.034+0200: 609.285: Total time for which application threads were stopped: 0.0024128 seconds, Stopping threads took: 0.0000150 seconds
{Heap before GC invocations=122 (full 4):
 par new generation   total 109248K, used 88008K [0x00000000e0000000, 0x00000000e8000000, 0x00000000e8000000)
  eden space 87424K, 100% used [0x00000000e0000000, 0x00000000e5560000, 0x00000000e5560000)
  from space 21824K,   2% used [0x00000000e5560000, 0x00000000e55f21a0, 0x00000000e6ab0000)
  to   space 21824K,   0% used [0x00000000e6ab0000, 0x00000000e6ab0000, 0x00000000e8000000)
 concurrent mark-sweep generation total 393216K, used 174573K [0x00000000e8000000, 0x0000000100000000, 0x0000000100000000)
 Metaspace       used 31226K, capacity 31638K, committed 31948K, reserved 1077248K
  class space    used 3634K, capacity 3779K, committed 3788K, reserved 1048576K
2015-09-09T15:30:14.136+0200: 609.388: [GC (Allocation Failure) 609.388: [ParNew
Desired survivor size 20112992 bytes, new threshold 8 (max 8)
- age   1:     144160 bytes,     144160 total
- age   2:     165000 bytes,     309160 total
- age   3:       1664 bytes,     310824 total
- age   4:     240288 bytes,     551112 total
- age   5:       5704 bytes,     556816 total
- age   6:       1808 bytes,     558624 total
- age   7:       4544 bytes,     563168 total
- age   8:       2640 bytes,     565808 total
: 88008K->605K(109248K), 0.0023520 secs] 262582K->175186K(502464K), 0.0023910 secs] [Times: user=0.06 sys=0.00, real=0.00 secs] 
Heap after GC invocations=123 (full 4):
 par new generation   total 109248K, used 605K [0x00000000e0000000, 0x00000000e8000000, 0x00000000e8000000)
  eden space 87424K,   0% used [0x00000000e0000000, 0x00000000e0000000, 0x00000000e5560000)
  from space 21824K,   2% used [0x00000000e6ab0000, 0x00000000e6b47640, 0x00000000e8000000)
  to   space 21824K,   0% used [0x00000000e5560000, 0x00000000e5560000, 0x00000000e6ab0000)
 concurrent mark-sweep generation total 393216K, used 174581K [0x00000000e8000000, 0x0000000100000000, 0x0000000100000000)
 Metaspace       used 31226K, capacity 31638K, committed 31948K, reserved 1077248K
  class space    used 3634K, capacity 3779K, committed 3788K, reserved 1048576K
}
2015-09-09T15:30:14.138+0200: 609.390: Total time for which application threads were stopped: 0.0025280 seconds, Stopping threads took: 0.0000144 seconds
{Heap before GC invocations=123 (full 4):
 par new generation   total 109248K, used 88029K [0x00000000e0000000, 0x00000000e8000000, 0x00000000e8000000)
  eden space 87424K, 100% used [0x00000000e0000000, 0x00000000e5560000, 0x00000000e5560000)
  from space 21824K,   2% used [0x00000000e6ab0000, 0x00000000e6b47640, 0x00000000e8000000)
  to   space 21824K,   0% used [0x00000000e5560000, 0x00000000e5560000, 0x00000000e6ab0000)
 concurrent mark-sweep generation total 393216K, used 174581K [0x00000000e8000000, 0x0000000100000000, 0x0000000100000000)
 Metaspace       used 31226K, capacity 31638K, committed 31948K, reserved 1077248K
  class space    used 3634K, capacity 3779K, committed 3788K, reserved 1048576K
2015-09-09T15:30:14.238+0200: 609.490: [GC (Allocation Failure) 609.490: [ParNew
Desired survivor size 20112992 bytes, new threshold 8 (max 8)
- age   1:     118592 bytes,     118592 total
- age   2:      38856 bytes,     157448 total
- age   3:     164576 bytes,     322024 total
- age   4:       1664 bytes,     323688 total
- age   5:     240288 bytes,     563976 total
- age   6:       5704 bytes,     569680 total
- age   7:       1808 bytes,     571488 total
- age   8:       4544 bytes,     576032 total
: 88029K->684K(109248K), 0.0023664 secs] 262610K->175268K(502464K), 0.0024019 secs] [Times: user=0.00 sys=0.00, real=0.00 secs] 
Heap after GC invocations=124 (full 4):
 par new generation   total 109248K, used 684K [0x00000000e0000000, 0x00000000e8000000, 0x00000000e8000000)
  eden space 87424K,   0% used [0x00000000e0000000, 0x00000000e0000000, 0x00000000e5560000)
  from space 21824K,   3% used [0x00000000e5560000, 0x00000000e560b250, 0x00000000e6ab0000)
  to   space 21824K,   0% used [0x00000000e6ab0000, 0x00000000e6ab0000, 0x00000000e8000000)
 concurrent mark-sweep generation total 393216K, used 174583K [0x00000000e8000000, 0x0000000100000000, 0x0000000100000000)
 Metaspace       used 31226K, capacity 31638K, committed 31948K, reserved 1077248K
  class space    used 3634K, capacity 3779K, committed 3788K, reserved 1048576K
}
2015-09-09T15:30:14.241+0200: 609.493: Total time for which application threads were stopped: 0.0025360 seconds, Stopping threads took: 0.0000144 seconds
{Heap before GC invocations=124 (full 4):
 par new generation   total 109248K, used 88108K [0x00000000e0000000, 0x00000000e8000000, 0x00000000e8000000)
  eden space 87424K, 100% used [0x00000000e0000000, 0x00000000e5560000, 0x00000000e5560000)
  from space 21824K,   3% used [0x00000000e5560000, 0x00000000e560b250, 0x00000000e6ab0000)
  to   space 21824K,   0% used [0x00000000e6ab0000, 0x00000000e6ab0000, 0x00000000e8000000)
 concurrent mark-sweep generation total 393216K, used 174583K [0x00000000e8000000, 0x0000000100000000, 0x0000000100000000)
 Metaspace       used 31226K, capacity 31638K, committed 31948K, reserved 1077248K
  class space    used 3634K, capacity 3779K, committed 3788K, reserved 1048576K
2015-09-09T15:30:14.348+0200: 609.600: [GC (Allocation Failure) 609.600: [ParNew
Desired survivor size 20112992 bytes, new threshold 8 (max 8)
- age   1:     702624 bytes,     702624 total
- age   4:       1672 bytes,     704296 total
- age   5:        512 bytes,     704808 total
- age   6:     240288 bytes,     945096 total
- age   7:       5704 bytes,     950800 total
- age   8:       1808 bytes,     952608 total
: 88108K->984K(109248K), 0.0019913 secs] 262692K->175573K(502464K), 0.0020512 secs] [Times: user=0.00 sys=0.00, real=0.00 secs] 
Heap after GC invocations=125 (full 4):
 par new generation   total 109248K, used 984K [0x00000000e0000000, 0x00000000e8000000, 0x00000000e8000000)
  eden space 87424K,   0% used [0x00000000e0000000, 0x00000000e0000000, 0x00000000e5560000)
  from space 21824K,   4% used [0x00000000e6ab0000, 0x00000000e6ba63c0, 0x00000000e8000000)
  to   space 21824K,   0% used [0x00000000e5560000, 0x00000000e5560000, 0x00000000e6ab0000)
 concurrent mark-sweep generation total 393216K, used 174588K [0x00000000e8000000, 0x0000000100000000, 0x0000000100000000)
 Metaspace       used 31226K, capacity 31638K, committed 31948K, reserved 1077248K
  class space    used 3634K, capacity 3779K, committed 3788K, reserved 1048576K
}
2015-09-09T15:30:14.350+0200: 609.602: Total time for which application threads were stopped: 0.0022064 seconds, Stopping threads took: 0.0000150 seconds
{Heap before GC invocations=125 (full 4):
 par new generation   total 109248K, used 88408K [0x00000000e0000000, 0x00000000e8000000, 0x00000000e8000000)
  eden space 87424K, 100% used [0x00000000e0000000, 0x00000000e5560000, 0x00000000e5560000)
  from space 21824K,   4% used [0x00000000e6ab0000, 0x00000000e6ba63c0, 0x00000000e8000000)
  to   space 21824K,   0% used [0x00000000e5560000, 0x00000000e5560000, 0x00000000e6ab0000)
 concurrent mark-sweep generation total 393216K, used 174588K [0x00000000e8000000, 0x0000000100000000, 0x0000000100000000)
 Metaspace       used 31226K, capacity 31638K, committed 31948K, reserved 1077248K
  class space    used 3634K, capacity 3779K, committed 3788K, reserved 1048576K
2015-09-09T15:30:14.457+0200: 609.709: [GC (Allocation Failure) 609.709: [ParNew
Desired survivor size 20112992 bytes, new threshold 8 (max 8)
- age   1:     196232 bytes,     196232 total
- age   2:     631680 bytes,     827912 total
- age   5:       1608 bytes,     829520 total
- age   6:        448 bytes,     829968 total
- age   7:     240288 bytes,    1070256 total
- age   8:       5704 bytes,    1075960 total
: 88408K->1330K(109248K), 0.0023472 secs] 262997K->175920K(502464K), 0.0023853 secs] [Times: user=0.00 sys=0.00, real=0.00 secs] 
Heap after GC invocations=126 (full 4):
 par new generation   total 109248K, used 1330K [0x00000000e0000000, 0x00000000e8000000, 0x00000000e8000000)
  eden space 87424K,   0% used [0x00000000e0000000, 0x00000000e0000000, 0x00000000e5560000)
  from space 21824K,   6% used [0x00000000e5560000, 0x00000000e56acb50, 0x00000000e6ab0000)
  to   space 21824K,   0% used [0x00000000e6ab0000, 0x00000000e6ab0000, 0x00000000e8000000)
 concurrent mark-sweep generation total 393216K, used 174590K [0x00000000e8000000, 0x0000000100000000, 0x0000000100000000)
 Metaspace       used 31226K, capacity 31638K, committed 31948K, reserved 1077248K
  class space    used 3634K, capacity 3779K, committed 3788K, reserved 1048576K
}
2015-09-09T15:30:14.460+0200: 609.711: Total time for which application threads were stopped: 0.0025248 seconds, Stopping threads took: 0.0000144 seconds
{Heap before GC invocations=126 (full 4):
 par new generation   total 109248K, used 88754K [0x00000000e0000000, 0x00000000e8000000, 0x00000000e8000000)
  eden space 87424K, 100% used [0x00000000e0000000, 0x00000000e5560000, 0x00000000e5560000)
  from space 21824K,   6% used [0x00000000e5560000, 0x00000000e56acb50, 0x00000000e6ab0000)
  to   space 21824K,   0% used [0x00000000e6ab0000, 0x00000000e6ab0000, 0x00000000e8000000)
 concurrent mark-sweep generation total 393216K, used 174590K [0x00000000e8000000, 0x0000000100000000, 0x0000000100000000)
 Metaspace       used 31226K, capacity 31638K, committed 31948K, reserved 1077248K
  class space    used 3634K, capacity 3779K, committed 3788K, reserved 1048576K
2015-09-09T15:30:14.567+0200: 609.819: [GC (Allocation Failure) 609.819: [ParNew
Desired survivor size 20112992 bytes, new threshold 8 (max 8)
- age   1:     200624 bytes,     200624 total
- age   2:     122952 bytes,     323576 total
- age   3:     622896 bytes,     946472 total
- age   6:       1608 bytes,     948080 total
- age   7:        448 bytes,     948528 total
- age   8:     240288 bytes,    1188816 total
: 88754K->1344K(109248K), 0.0023705 secs] 263344K->175940K(502464K), 0.0024294 secs] [Times: user=0.00 sys=0.00, real=0.00 secs] 
Heap after GC invocations=127 (full 4):
 par new generation   total 109248K, used 1344K [0x00000000e0000000, 0x00000000e8000000, 0x00000000e8000000)
  eden space 87424K,   0% used [0x00000000e0000000, 0x00000000e0000000, 0x00000000e5560000)
  from space 21824K,   6% used [0x00000000e6ab0000, 0x00000000e6c00260, 0x00000000e8000000)
  to   space 21824K,   0% used [0x00000000e5560000, 0x00000000e5560000, 0x00000000e6ab0000)
 concurrent mark-sweep generation total 393216K, used 174595K [0x00000000e8000000, 0x0000000100000000, 0x0000000100000000)
 Metaspace       used 31226K, capacity 31638K, committed 31948K, reserved 1077248K
  class space    used 3634K, capacity 3779K, committed 3788K, reserved 1048576K
}
2015-09-09T15:30:14.569+0200: 609.821: Total time for which application threads were stopped: 0.0026099 seconds, Stopping threads took: 0.0000262 seconds
2015-09-09T15:30:14.799+0200: 610.051: Total time for which application threads were stopped: 0.0001059 seconds, Stopping threads took: 0.0000266 seconds
2015-09-09T15:30:15.799+0200: 611.050: Total time for which application threads were stopped: 0.0000637 seconds, Stopping threads took: 0.0000141 seconds
2015-09-09T15:30:16.146+0200: 611.398: Total time for which application threads were stopped: 0.0000810 seconds, Stopping threads took: 0.0000118 seconds
2015-09-09T15:30:16.149+0200: 611.401: Total time for which application threads were stopped: 0.0000666 seconds, Stopping threads took: 0.0000176 seconds
2015-09-09T15:30:16.149+0200: 611.401: Total time for which application threads were stopped: 0.0001040 seconds, Stopping threads took: 0.0000726 seconds
2015-09-09T15:30:16.150+0200: 611.402: Total time for which application threads were stopped: 0.0000362 seconds, Stopping threads took: 0.0000099 seconds
2015-09-09T15:30:16.151+0200: 611.403: Total time for which application threads were stopped: 0.0000486 seconds, Stopping threads took: 0.0000192 seconds
2015-09-09T15:30:16.151+0200: 611.403: Total time for which application threads were stopped: 0.0000522 seconds, Stopping threads took: 0.0000182 seconds
2015-09-09T15:30:16.152+0200: 611.403: Total time for which application threads were stopped: 0.0000394 seconds, Stopping threads took: 0.0000176 seconds
2015-09-09T15:30:16.152+0200: 611.404: Total time for which application threads were stopped: 0.0000509 seconds, Stopping threads took: 0.0000182 seconds
2015-09-09T15:30:16.152+0200: 611.404: Total time for which application threads were stopped: 0.0000506 seconds, Stopping threads took: 0.0000182 seconds
2015-09-09T15:30:16.152+0200: 611.404: Total time for which application threads were stopped: 0.0000480 seconds, Stopping threads took: 0.0000186 seconds
2015-09-09T15:30:16.153+0200: 611.405: Total time for which application threads were stopped: 0.0001059 seconds, Stopping threads took: 0.0000758 seconds
2015-09-09T15:30:16.153+0200: 611.405: Total time for which application threads were stopped: 0.0000509 seconds, Stopping threads took: 0.0000189 seconds
2015-09-09T15:30:16.153+0200: 611.405: Total time for which application threads were stopped: 0.0000429 seconds, Stopping threads took: 0.0000045 seconds
2015-09-09T15:30:16.153+0200: 611.405: Total time for which application threads were stopped: 0.0000426 seconds, Stopping threads took: 0.0000045 seconds
2015-09-09T15:30:16.153+0200: 611.405: Total time for which application threads were stopped: 0.0000413 seconds, Stopping threads took: 0.0000042 seconds
2015-09-09T15:30:16.154+0200: 611.406: Total time for which application threads were stopped: 0.0000406 seconds, Stopping threads took: 0.0000042 seconds
2015-09-09T15:30:16.154+0200: 611.406: Total time for which application threads were stopped: 0.0000400 seconds, Stopping threads took: 0.0000042 seconds
2015-09-09T15:30:16.154+0200: 611.406: Total time for which application threads were stopped: 0.0000419 seconds, Stopping threads took: 0.0000045 seconds
2015-09-09T15:30:16.154+0200: 611.406: Total time for which application threads were stopped: 0.0000288 seconds, Stopping threads took: 0.0000141 seconds
2015-09-09T15:30:16.154+0200: 611.406: Total time for which application threads were stopped: 0.0000422 seconds, Stopping threads took: 0.0000042 seconds
2015-09-09T15:30:16.154+0200: 611.406: Total time for which application threads were stopped: 0.0000406 seconds, Stopping threads took: 0.0000042 seconds
2015-09-09T15:30:16.155+0200: 611.407: Total time for which application threads were stopped: 0.0000406 seconds, Stopping threads took: 0.0000042 seconds
2015-09-09T15:30:16.156+0200: 611.407: Total time for which application threads were stopped: 0.0000406 seconds, Stopping threads took: 0.0000042 seconds
2015-09-09T15:30:16.157+0200: 611.409: Total time for which application threads were stopped: 0.0000397 seconds, Stopping threads took: 0.0000042 seconds
2015-09-09T15:30:16.157+0200: 611.409: Total time for which application threads were stopped: 0.0000416 seconds, Stopping threads took: 0.0000042 seconds
2015-09-09T15:30:16.157+0200: 611.409: Total time for which application threads were stopped: 0.0000416 seconds, Stopping threads took: 0.0000042 seconds
2015-09-09T15:30:16.157+0200: 611.409: Total time for which application threads were stopped: 0.0000416 seconds, Stopping threads took: 0.0000042 seconds
2015-09-09T15:30:16.157+0200: 611.409: Total time for which application threads were stopped: 0.0000410 seconds, Stopping threads took: 0.0000042 seconds
2015-09-09T15:30:16.158+0200: 611.410: Total time for which application threads were stopped: 0.0000397 seconds, Stopping threads took: 0.0000042 seconds
2015-09-09T15:30:16.158+0200: 611.410: Total time for which application threads were stopped: 0.0000416 seconds, Stopping threads took: 0.0000042 seconds
2015-09-09T15:30:16.158+0200: 611.410: Total time for which application threads were stopped: 0.0000419 seconds, Stopping threads took: 0.0000042 seconds
2015-09-09T15:30:16.158+0200: 611.410: Total time for which application threads were stopped: 0.0000291 seconds, Stopping threads took: 0.0000144 seconds
2015-09-09T15:30:16.158+0200: 611.410: Total time for which application threads were stopped: 0.0000179 seconds, Stopping threads took: 0.0000045 seconds
2015-09-09T15:30:16.159+0200: 611.411: Total time for which application threads were stopped: 0.0000176 seconds, Stopping threads took: 0.0000042 seconds
2015-09-09T15:30:16.161+0200: 611.412: Total time for which application threads were stopped: 0.0000422 seconds, Stopping threads took: 0.0000048 seconds
2015-09-09T15:30:16.161+0200: 611.413: Total time for which application threads were stopped: 0.0000477 seconds, Stopping threads took: 0.0000323 seconds
2015-09-09T15:30:16.161+0200: 611.413: Total time for which application threads were stopped: 0.0000294 seconds, Stopping threads took: 0.0000074 seconds
2015-09-09T15:30:16.161+0200: 611.413: Total time for which application threads were stopped: 0.0001651 seconds, Stopping threads took: 0.0000765 seconds
2015-09-09T15:30:16.162+0200: 611.413: Total time for which application threads were stopped: 0.0000765 seconds, Stopping threads took: 0.0000429 seconds
2015-09-09T15:30:16.162+0200: 611.414: Total time for which application threads were stopped: 0.0000758 seconds, Stopping threads took: 0.0000432 seconds
2015-09-09T15:30:16.162+0200: 611.414: Total time for which application threads were stopped: 0.0000816 seconds, Stopping threads took: 0.0000480 seconds
2015-09-09T15:30:16.163+0200: 611.415: Total time for which application threads were stopped: 0.0000349 seconds, Stopping threads took: 0.0000170 seconds
2015-09-09T15:30:16.163+0200: 611.415: Total time for which application threads were stopped: 0.0001091 seconds, Stopping threads took: 0.0000778 seconds
2015-09-09T15:30:16.164+0200: 611.416: Total time for which application threads were stopped: 0.0000474 seconds, Stopping threads took: 0.0000166 seconds
2015-09-09T15:30:16.165+0200: 611.417: Total time for which application threads were stopped: 0.0000406 seconds, Stopping threads took: 0.0000045 seconds
2015-09-09T15:30:16.166+0200: 611.417: Total time for which application threads were stopped: 0.0000304 seconds, Stopping threads took: 0.0000166 seconds
2015-09-09T15:30:16.166+0200: 611.417: Total time for which application threads were stopped: 0.0000413 seconds, Stopping threads took: 0.0000045 seconds
2015-09-09T15:30:16.166+0200: 611.418: Total time for which application threads were stopped: 0.0000403 seconds, Stopping threads took: 0.0000042 seconds
2015-09-09T15:30:16.166+0200: 611.418: Total time for which application threads were stopped: 0.0000397 seconds, Stopping threads took: 0.0000042 seconds
2015-09-09T15:30:17.166+0200: 612.417: Total time for which application threads were stopped: 0.0000653 seconds, Stopping threads took: 0.0000253 seconds
2015-09-09T15:30:17.832+0200: 613.083: Total time for which application threads were stopped: 0.0000656 seconds, Stopping threads took: 0.0000141 seconds
{Heap before GC invocations=127 (full 4):
 par new generation   total 109248K, used 88768K [0x00000000e0000000, 0x00000000e8000000, 0x00000000e8000000)
  eden space 87424K, 100% used [0x00000000e0000000, 0x00000000e5560000, 0x00000000e5560000)
  from space 21824K,   6% used [0x00000000e6ab0000, 0x00000000e6c00260, 0x00000000e8000000)
  to   space 21824K,   0% used [0x00000000e5560000, 0x00000000e5560000, 0x00000000e6ab0000)
 concurrent mark-sweep generation total 393216K, used 174595K [0x00000000e8000000, 0x0000000100000000, 0x0000000100000000)
 Metaspace       used 31281K, capacity 31638K, committed 31948K, reserved 1077248K
  class space    used 3636K, capacity 3779K, committed 3788K, reserved 1048576K
2015-09-09T15:30:17.875+0200: 613.127: [GC (Allocation Failure) 613.127: [ParNew
Desired survivor size 20112992 bytes, new threshold 8 (max 8)
- age   1:    2316352 bytes,    2316352 total
- age   4:        904 bytes,    2317256 total
- age   7:        904 bytes,    2318160 total
- age   8:        384 bytes,    2318544 total
: 88768K->2614K(109248K), 0.0032668 secs] 263364K->177444K(502464K), 0.0033209 secs] [Times: user=0.00 sys=0.00, real=0.00 secs] 
Heap after GC invocations=128 (full 4):
 par new generation   total 109248K, used 2614K [0x00000000e0000000, 0x00000000e8000000, 0x00000000e8000000)
  eden space 87424K,   0% used [0x00000000e0000000, 0x00000000e0000000, 0x00000000e5560000)
  from space 21824K,  11% used [0x00000000e5560000, 0x00000000e57eda70, 0x00000000e6ab0000)
  to   space 21824K,   0% used [0x00000000e6ab0000, 0x00000000e6ab0000, 0x00000000e8000000)
 concurrent mark-sweep generation total 393216K, used 174830K [0x00000000e8000000, 0x0000000100000000, 0x0000000100000000)
 Metaspace       used 31281K, capacity 31638K, committed 31948K, reserved 1077248K
  class space    used 3636K, capacity 3779K, committed 3788K, reserved 1048576K
}
2015-09-09T15:30:17.878+0200: 613.130: Total time for which application threads were stopped: 0.0034908 seconds, Stopping threads took: 0.0000256 seconds
2015-09-09T15:30:17.878+0200: 613.130: Total time for which application threads were stopped: 0.0000906 seconds, Stopping threads took: 0.0000272 seconds
{Heap before GC invocations=128 (full 4):
 par new generation   total 109248K, used 90038K [0x00000000e0000000, 0x00000000e8000000, 0x00000000e8000000)
  eden space 87424K, 100% used [0x00000000e0000000, 0x00000000e5560000, 0x00000000e5560000)
  from space 21824K,  11% used [0x00000000e5560000, 0x00000000e57eda70, 0x00000000e6ab0000)
  to   space 21824K,   0% used [0x00000000e6ab0000, 0x00000000e6ab0000, 0x00000000e8000000)
 concurrent mark-sweep generation total 393216K, used 174830K [0x00000000e8000000, 0x0000000100000000, 0x0000000100000000)
 Metaspace       used 31316K, capacity 31668K, committed 31948K, reserved 1077248K
  class space    used 3639K, capacity 3784K, committed 3788K, reserved 1048576K
2015-09-09T15:30:17.910+0200: 613.162: [GC (Allocation Failure) 613.162: [ParNew
Desired survivor size 20112992 bytes, new threshold 8 (max 8)
- age   1:     595024 bytes,     595024 total
- age   2:    1913040 bytes,    2508064 total
- age   5:        904 bytes,    2508968 total
- age   8:        904 bytes,    2509872 total
: 90038K->3790K(109248K), 0.0017776 secs] 264868K->178620K(502464K), 0.0018285 secs] [Times: user=0.06 sys=0.00, real=0.00 secs] 
Heap after GC invocations=129 (full 4):
 par new generation   total 109248K, used 3790K [0x00000000e0000000, 0x00000000e8000000, 0x00000000e8000000)
  eden space 87424K,   0% used [0x00000000e0000000, 0x00000000e0000000, 0x00000000e5560000)
  from space 21824K,  17% used [0x00000000e6ab0000, 0x00000000e6e638c8, 0x00000000e8000000)
  to   space 21824K,   0% used [0x00000000e5560000, 0x00000000e5560000, 0x00000000e6ab0000)
 concurrent mark-sweep generation total 393216K, used 174830K [0x00000000e8000000, 0x0000000100000000, 0x0000000100000000)
 Metaspace       used 31316K, capacity 31668K, committed 31948K, reserved 1077248K
  class space    used 3639K, capacity 3784K, committed 3788K, reserved 1048576K
}
2015-09-09T15:30:17.912+0200: 613.164: Total time for which application threads were stopped: 0.0019907 seconds, Stopping threads took: 0.0000218 seconds
2015-09-09T15:30:17.919+0200: 613.171: Total time for which application threads were stopped: 0.0001363 seconds, Stopping threads took: 0.0000611 seconds
2015-09-09T15:30:17.967+0200: 613.219: Total time for which application threads were stopped: 0.0000890 seconds, Stopping threads took: 0.0000214 seconds
2015-09-09T15:30:17.975+0200: 613.227: Total time for which application threads were stopped: 0.0000954 seconds, Stopping threads took: 0.0000208 seconds
2015-09-09T15:30:17.975+0200: 613.227: Total time for which application threads were stopped: 0.0000374 seconds, Stopping threads took: 0.0000099 seconds
2015-09-09T15:30:17.981+0200: 613.233: Total time for which application threads were stopped: 0.0001350 seconds, Stopping threads took: 0.0000250 seconds
2015-09-09T15:30:17.982+0200: 613.234: Total time for which application threads were stopped: 0.0000867 seconds, Stopping threads took: 0.0000397 seconds
2015-09-09T15:30:17.987+0200: 613.239: Total time for which application threads were stopped: 0.0000592 seconds, Stopping threads took: 0.0000160 seconds
2015-09-09T15:30:17.988+0200: 613.240: Total time for which application threads were stopped: 0.0000400 seconds, Stopping threads took: 0.0000102 seconds
2015-09-09T15:30:17.992+0200: 613.244: Total time for which application threads were stopped: 0.0000621 seconds, Stopping threads took: 0.0000192 seconds
2015-09-09T15:30:28.040+0200: 623.292: Total time for which application threads were stopped: 0.0000630 seconds, Stopping threads took: 0.0000147 seconds
2015-09-09T15:30:28.042+0200: 623.294: Total time for which application threads were stopped: 0.0000694 seconds, Stopping threads took: 0.0000227 seconds
2015-09-09T15:30:28.044+0200: 623.296: Total time for which application threads were stopped: 0.0001114 seconds, Stopping threads took: 0.0000518 seconds
2015-09-09T15:30:28.045+0200: 623.298: Total time for which application threads were stopped: 0.0000736 seconds, Stopping threads took: 0.0000227 seconds
2015-09-09T15:30:29.045+0200: 624.297: Total time for which application threads were stopped: 0.0000678 seconds, Stopping threads took: 0.0000224 seconds
2015-09-09T15:30:37.953+0200: 633.205: Total time for which application threads were stopped: 0.0000490 seconds, Stopping threads took: 0.0000118 seconds
2015-09-09T15:30:37.954+0200: 633.206: Total time for which application threads were stopped: 0.0004528 seconds, Stopping threads took: 0.0000256 seconds
2015-09-09T15:30:38.954+0200: 634.205: Total time for which application threads were stopped: 0.0000707 seconds, Stopping threads took: 0.0000150 seconds
2015-09-09T15:31:18.956+0200: 674.207: Total time for which application threads were stopped: 0.0000717 seconds, Stopping threads took: 0.0000301 seconds
2015-09-09T15:31:20.956+0200: 676.208: Total time for which application threads were stopped: 0.0000640 seconds, Stopping threads took: 0.0000141 seconds
2015-09-09T15:31:22.221+0200: 677.473: Total time for which application threads were stopped: 0.0001264 seconds, Stopping threads took: 0.0000851 seconds
2015-09-09T15:31:22.221+0200: 677.473: Total time for which application threads were stopped: 0.0000326 seconds, Stopping threads took: 0.0000102 seconds
2015-09-09T15:31:22.222+0200: 677.474: Total time for which application threads were stopped: 0.0000864 seconds, Stopping threads took: 0.0000560 seconds
2015-09-09T15:31:23.223+0200: 678.474: Total time for which application threads were stopped: 0.0000925 seconds, Stopping threads took: 0.0000387 seconds
2015-09-09T15:31:32.172+0200: 687.423: Total time for which application threads were stopped: 0.0000861 seconds, Stopping threads took: 0.0000240 seconds
2015-09-09T15:31:40.665+0200: 695.916: Total time for which application threads were stopped: 0.0001158 seconds, Stopping threads took: 0.0000525 seconds
2015-09-09T15:31:40.665+0200: 695.916: Total time for which application threads were stopped: 0.0000371 seconds, Stopping threads took: 0.0000122 seconds
2015-09-09T15:31:40.668+0200: 695.919: Total time for which application threads were stopped: 0.0000800 seconds, Stopping threads took: 0.0000250 seconds
2015-09-09T15:31:40.668+0200: 695.919: Total time for which application threads were stopped: 0.0000621 seconds, Stopping threads took: 0.0000227 seconds
2015-09-09T15:31:41.668+0200: 696.918: Total time for which application threads were stopped: 0.0000794 seconds, Stopping threads took: 0.0000211 seconds
2015-09-09T15:32:10.358+0200: 725.609: Total time for which application threads were stopped: 0.0000678 seconds, Stopping threads took: 0.0000202 seconds
2015-09-09T15:32:10.359+0200: 725.610: Total time for which application threads were stopped: 0.0000470 seconds, Stopping threads took: 0.0000157 seconds
2015-09-09T15:32:55.362+0200: 770.612: Total time for which application threads were stopped: 0.0000669 seconds, Stopping threads took: 0.0000259 seconds
2015-09-09T15:33:40.364+0200: 815.614: Total time for which application threads were stopped: 0.0000666 seconds, Stopping threads took: 0.0000237 seconds
2015-09-09T15:33:58.976+0200: 834.226: Total time for which application threads were stopped: 0.0000624 seconds, Stopping threads took: 0.0000138 seconds
2015-09-09T15:34:02.415+0200: 837.664: Total time for which application threads were stopped: 0.0000531 seconds, Stopping threads took: 0.0000115 seconds
2015-09-09T15:34:07.569+0200: 842.819: Total time for which application threads were stopped: 0.0000589 seconds, Stopping threads took: 0.0000138 seconds
2015-09-09T15:34:07.579+0200: 842.829: Total time for which application threads were stopped: 0.0000714 seconds, Stopping threads took: 0.0000166 seconds
2015-09-09T15:34:07.581+0200: 842.830: Total time for which application threads were stopped: 0.0001203 seconds, Stopping threads took: 0.0000157 seconds
2015-09-09T15:34:07.581+0200: 842.831: Total time for which application threads were stopped: 0.0000320 seconds, Stopping threads took: 0.0000093 seconds
2015-09-09T15:34:07.581+0200: 842.831: Total time for which application threads were stopped: 0.0000250 seconds, Stopping threads took: 0.0000051 seconds
2015-09-09T15:34:08.581+0200: 843.830: Total time for which application threads were stopped: 0.0000669 seconds, Stopping threads took: 0.0000256 seconds
2015-09-09T15:34:57.584+0200: 892.833: Total time for which application threads were stopped: 0.0000685 seconds, Stopping threads took: 0.0000269 seconds
2015-09-09T15:35:35.971+0200: 931.220: Total time for which application threads were stopped: 0.0000624 seconds, Stopping threads took: 0.0000157 seconds
2015-09-09T15:35:35.997+0200: 931.246: Total time for which application threads were stopped: 0.0000768 seconds, Stopping threads took: 0.0000154 seconds
2015-09-09T15:35:36.997+0200: 932.246: Total time for which application threads were stopped: 0.0000579 seconds, Stopping threads took: 0.0000154 seconds
2015-09-09T15:35:38.359+0200: 933.608: Total time for which application threads were stopped: 0.0001101 seconds, Stopping threads took: 0.0000621 seconds
{Heap before GC invocations=129 (full 4):
 par new generation   total 109248K, used 91214K [0x00000000e0000000, 0x00000000e8000000, 0x00000000e8000000)
  eden space 87424K, 100% used [0x00000000e0000000, 0x00000000e5560000, 0x00000000e5560000)
  from space 21824K,  17% used [0x00000000e6ab0000, 0x00000000e6e638c8, 0x00000000e8000000)
  to   space 21824K,   0% used [0x00000000e5560000, 0x00000000e5560000, 0x00000000e6ab0000)
 concurrent mark-sweep generation total 393216K, used 174830K [0x00000000e8000000, 0x0000000100000000, 0x0000000100000000)
 Metaspace       used 31587K, capacity 32028K, committed 32332K, reserved 1077248K
  class space    used 3659K, capacity 3828K, committed 3916K, reserved 1048576K
2015-09-09T15:35:38.387+0200: 933.636: [GC (Allocation Failure) 933.636: [ParNew
Desired survivor size 20112992 bytes, new threshold 8 (max 8)
- age   1:    2580704 bytes,    2580704 total
- age   2:      85856 bytes,    2666560 total
- age   3:     874016 bytes,    3540576 total
- age   6:        840 bytes,    3541416 total
: 91214K->3893K(109248K), 0.0047164 secs] 266044K->178724K(502464K), 0.0047564 secs] [Times: user=0.00 sys=0.00, real=0.00 secs] 
Heap after GC invocations=130 (full 4):
 par new generation   total 109248K, used 3893K [0x00000000e0000000, 0x00000000e8000000, 0x00000000e8000000)
  eden space 87424K,   0% used [0x00000000e0000000, 0x00000000e0000000, 0x00000000e5560000)
  from space 21824K,  17% used [0x00000000e5560000, 0x00000000e592d558, 0x00000000e6ab0000)
  to   space 21824K,   0% used [0x00000000e6ab0000, 0x00000000e6ab0000, 0x00000000e8000000)
 concurrent mark-sweep generation total 393216K, used 174831K [0x00000000e8000000, 0x0000000100000000, 0x0000000100000000)
 Metaspace       used 31587K, capacity 32028K, committed 32332K, reserved 1077248K
  class space    used 3659K, capacity 3828K, committed 3916K, reserved 1048576K
}
2015-09-09T15:35:38.392+0200: 933.641: Total time for which application threads were stopped: 0.0049235 seconds, Stopping threads took: 0.0000144 seconds
2015-09-09T15:35:38.392+0200: 933.641: Total time for which application threads were stopped: 0.0000720 seconds, Stopping threads took: 0.0000291 seconds
2015-09-09T15:35:38.393+0200: 933.642: Total time for which application threads were stopped: 0.0000592 seconds, Stopping threads took: 0.0000157 seconds
{Heap before GC invocations=130 (full 4):
 par new generation   total 109248K, used 91317K [0x00000000e0000000, 0x00000000e8000000, 0x00000000e8000000)
  eden space 87424K, 100% used [0x00000000e0000000, 0x00000000e5560000, 0x00000000e5560000)
  from space 21824K,  17% used [0x00000000e5560000, 0x00000000e592d558, 0x00000000e6ab0000)
  to   space 21824K,   0% used [0x00000000e6ab0000, 0x00000000e6ab0000, 0x00000000e8000000)
 concurrent mark-sweep generation total 393216K, used 174831K [0x00000000e8000000, 0x0000000100000000, 0x0000000100000000)
 Metaspace       used 31589K, capacity 32028K, committed 32332K, reserved 1077248K
  class space    used 3659K, capacity 3828K, committed 3916K, reserved 1048576K
2015-09-09T15:35:38.426+0200: 933.675: [GC (Allocation Failure) 933.675: [ParNew
Desired survivor size 20112992 bytes, new threshold 8 (max 8)
- age   1:    1078200 bytes,    1078200 total
- age   2:    2086424 bytes,    3164624 total
- age   3:      85856 bytes,    3250480 total
- age   4:     873720 bytes,    4124200 total
- age   7:        840 bytes,    4125040 total
: 91317K->5292K(109248K), 0.0042076 secs] 266148K->180123K(502464K), 0.0042608 secs] [Times: user=0.00 sys=0.00, real=0.00 secs] 
Heap after GC invocations=131 (full 4):
 par new generation   total 109248K, used 5292K [0x00000000e0000000, 0x00000000e8000000, 0x00000000e8000000)
  eden space 87424K,   0% used [0x00000000e0000000, 0x00000000e0000000, 0x00000000e5560000)
  from space 21824K,  24% used [0x00000000e6ab0000, 0x00000000e6fdb140, 0x00000000e8000000)
  to   space 21824K,   0% used [0x00000000e5560000, 0x00000000e5560000, 0x00000000e6ab0000)
 concurrent mark-sweep generation total 393216K, used 174831K [0x00000000e8000000, 0x0000000100000000, 0x0000000100000000)
 Metaspace       used 31589K, capacity 32028K, committed 32332K, reserved 1077248K
  class space    used 3659K, capacity 3828K, committed 3916K, reserved 1048576K
}
2015-09-09T15:35:38.430+0200: 933.679: Total time for which application threads were stopped: 0.0044214 seconds, Stopping threads took: 0.0000253 seconds
2015-09-09T15:35:38.431+0200: 933.680: Total time for which application threads were stopped: 0.0001059 seconds, Stopping threads took: 0.0000410 seconds
2015-09-09T15:35:38.489+0200: 933.738: Total time for which application threads were stopped: 0.0001203 seconds, Stopping threads took: 0.0000400 seconds
2015-09-09T15:35:38.507+0200: 933.756: Total time for which application threads were stopped: 0.0001011 seconds, Stopping threads took: 0.0000205 seconds
2015-09-09T15:35:38.507+0200: 933.756: Total time for which application threads were stopped: 0.0000435 seconds, Stopping threads took: 0.0000150 seconds
2015-09-09T15:35:38.507+0200: 933.756: Total time for which application threads were stopped: 0.0000381 seconds, Stopping threads took: 0.0000128 seconds
2015-09-09T15:35:38.507+0200: 933.756: Total time for which application threads were stopped: 0.0000282 seconds, Stopping threads took: 0.0000102 seconds
2015-09-09T15:35:38.507+0200: 933.756: Total time for which application threads were stopped: 0.0000230 seconds, Stopping threads took: 0.0000064 seconds
2015-09-09T15:35:38.507+0200: 933.756: Total time for which application threads were stopped: 0.0000310 seconds, Stopping threads took: 0.0000112 seconds
2015-09-09T15:35:38.507+0200: 933.756: Total time for which application threads were stopped: 0.0000253 seconds, Stopping threads took: 0.0000061 seconds
2015-09-09T15:35:38.507+0200: 933.756: Total time for which application threads were stopped: 0.0000262 seconds, Stopping threads took: 0.0000074 seconds
2015-09-09T15:35:38.514+0200: 933.763: Total time for which application threads were stopped: 0.0000669 seconds, Stopping threads took: 0.0000144 seconds
2015-09-09T15:35:38.514+0200: 933.763: Total time for which application threads were stopped: 0.0000419 seconds, Stopping threads took: 0.0000083 seconds
2015-09-09T15:35:38.519+0200: 933.768: Total time for which application threads were stopped: 0.0000723 seconds, Stopping threads took: 0.0000298 seconds
2015-09-09T15:35:38.519+0200: 933.768: Total time for which application threads were stopped: 0.0000509 seconds, Stopping threads took: 0.0000154 seconds
2015-09-09T15:35:38.524+0200: 933.773: Total time for which application threads were stopped: 0.0000739 seconds, Stopping threads took: 0.0000154 seconds
2015-09-09T15:35:40.461+0200: 935.711: Total time for which application threads were stopped: 0.0002099 seconds, Stopping threads took: 0.0001603 seconds
2015-09-09T15:35:40.462+0200: 935.711: Total time for which application threads were stopped: 0.0000611 seconds, Stopping threads took: 0.0000323 seconds
2015-09-09T15:35:40.462+0200: 935.711: Total time for which application threads were stopped: 0.0001021 seconds, Stopping threads took: 0.0000602 seconds
2015-09-09T15:35:40.463+0200: 935.712: Total time for which application threads were stopped: 0.0000595 seconds, Stopping threads took: 0.0000166 seconds
2015-09-09T15:35:43.463+0200: 938.712: Total time for which application threads were stopped: 0.0000765 seconds, Stopping threads took: 0.0000374 seconds
2015-09-09T15:35:54.464+0200: 949.712: Total time for which application threads were stopped: 0.0000698 seconds, Stopping threads took: 0.0000275 seconds
2015-09-09T15:35:57.464+0200: 952.713: Total time for which application threads were stopped: 0.0000726 seconds, Stopping threads took: 0.0000282 seconds
2015-09-09T15:36:21.466+0200: 976.714: Total time for which application threads were stopped: 0.0000720 seconds, Stopping threads took: 0.0000323 seconds
2015-09-09T15:36:23.189+0200: 978.437: Total time for which application threads were stopped: 0.0000762 seconds, Stopping threads took: 0.0000234 seconds
{Heap before GC invocations=131 (full 4):
 par new generation   total 109248K, used 92716K [0x00000000e0000000, 0x00000000e8000000, 0x00000000e8000000)
  eden space 87424K, 100% used [0x00000000e0000000, 0x00000000e5560000, 0x00000000e5560000)
  from space 21824K,  24% used [0x00000000e6ab0000, 0x00000000e6fdb140, 0x00000000e8000000)
  to   space 21824K,   0% used [0x00000000e5560000, 0x00000000e5560000, 0x00000000e6ab0000)
 concurrent mark-sweep generation total 393216K, used 174831K [0x00000000e8000000, 0x0000000100000000, 0x0000000100000000)
 Metaspace       used 31655K, capacity 32034K, committed 32332K, reserved 1077248K
  class space    used 3660K, capacity 3829K, committed 3916K, reserved 1048576K
2015-09-09T15:36:23.206+0200: 978.454: [GC (Allocation Failure) 978.454: [ParNew
Desired survivor size 20112992 bytes, new threshold 8 (max 8)
- age   1:    2368080 bytes,    2368080 total
- age   2:     136584 bytes,    2504664 total
- age   3:    1439456 bytes,    3944120 total
- age   4:      85856 bytes,    4029976 total
- age   5:     873744 bytes,    4903720 total
- age   8:        840 bytes,    4904560 total
: 92716K->5973K(109248K), 0.0057212 secs] 267547K->180805K(502464K), 0.0057756 secs] [Times: user=0.00 sys=0.00, real=0.01 secs] 
Heap after GC invocations=132 (full 4):
 par new generation   total 109248K, used 5973K [0x00000000e0000000, 0x00000000e8000000, 0x00000000e8000000)
  eden space 87424K,   0% used [0x00000000e0000000, 0x00000000e0000000, 0x00000000e5560000)
  from space 21824K,  27% used [0x00000000e5560000, 0x00000000e5b355b8, 0x00000000e6ab0000)
  to   space 21824K,   0% used [0x00000000e6ab0000, 0x00000000e6ab0000, 0x00000000e8000000)
 concurrent mark-sweep generation total 393216K, used 174831K [0x00000000e8000000, 0x0000000100000000, 0x0000000100000000)
 Metaspace       used 31655K, capacity 32034K, committed 32332K, reserved 1077248K
  class space    used 3660K, capacity 3829K, committed 3916K, reserved 1048576K
}
2015-09-09T15:36:23.212+0200: 978.460: Total time for which application threads were stopped: 0.0059155 seconds, Stopping threads took: 0.0000150 seconds
2015-09-09T15:36:23.212+0200: 978.460: Total time for which application threads were stopped: 0.0000739 seconds, Stopping threads took: 0.0000285 seconds
2015-09-09T15:36:23.212+0200: 978.460: Total time for which application threads were stopped: 0.0000797 seconds, Stopping threads took: 0.0000314 seconds
{Heap before GC invocations=132 (full 4):
 par new generation   total 109248K, used 93397K [0x00000000e0000000, 0x00000000e8000000, 0x00000000e8000000)
  eden space 87424K, 100% used [0x00000000e0000000, 0x00000000e5560000, 0x00000000e5560000)
  from space 21824K,  27% used [0x00000000e5560000, 0x00000000e5b355b8, 0x00000000e6ab0000)
  to   space 21824K,   0% used [0x00000000e6ab0000, 0x00000000e6ab0000, 0x00000000e8000000)
 concurrent mark-sweep generation total 393216K, used 174831K [0x00000000e8000000, 0x0000000100000000, 0x0000000100000000)
 Metaspace       used 31677K, capacity 32052K, committed 32332K, reserved 1077248K
  class space    used 3662K, capacity 3832K, committed 3916K, reserved 1048576K
2015-09-09T15:36:23.248+0200: 978.496: [GC (Allocation Failure) 978.496: [ParNew
Desired survivor size 20112992 bytes, new threshold 8 (max 8)
- age   1:    1012432 bytes,    1012432 total
- age   2:    1958408 bytes,    2970840 total
- age   3:     136288 bytes,    3107128 total
- age   4:     834536 bytes,    3941664 total
- age   5:       6968 bytes,    3948632 total
- age   6:     315976 bytes,    4264608 total
: 93397K->6202K(109248K), 0.0041196 secs] 268229K->181035K(502464K), 0.0041734 secs] [Times: user=0.06 sys=0.00, real=0.00 secs] 
Heap after GC invocations=133 (full 4):
 par new generation   total 109248K, used 6202K [0x00000000e0000000, 0x00000000e8000000, 0x00000000e8000000)
  eden space 87424K,   0% used [0x00000000e0000000, 0x00000000e0000000, 0x00000000e5560000)
  from space 21824K,  28% used [0x00000000e6ab0000, 0x00000000e70beb80, 0x00000000e8000000)
  to   space 21824K,   0% used [0x00000000e5560000, 0x00000000e5560000, 0x00000000e6ab0000)
 concurrent mark-sweep generation total 393216K, used 174832K [0x00000000e8000000, 0x0000000100000000, 0x0000000100000000)
 Metaspace       used 31677K, capacity 32052K, committed 32332K, reserved 1077248K
  class space    used 3662K, capacity 3832K, committed 3916K, reserved 1048576K
}
2015-09-09T15:36:23.252+0200: 978.500: Total time for which application threads were stopped: 0.0043388 seconds, Stopping threads took: 0.0000179 seconds
2015-09-09T15:36:23.252+0200: 978.500: Total time for which application threads were stopped: 0.0000797 seconds, Stopping threads took: 0.0000118 seconds
2015-09-09T15:36:23.316+0200: 978.564: Total time for which application threads were stopped: 0.0000918 seconds, Stopping threads took: 0.0000214 seconds
2015-09-09T15:36:23.322+0200: 978.570: Total time for which application threads were stopped: 0.0000902 seconds, Stopping threads took: 0.0000262 seconds
2015-09-09T15:36:23.323+0200: 978.571: Total time for which application threads were stopped: 0.0000493 seconds, Stopping threads took: 0.0000211 seconds
2015-09-09T15:36:23.323+0200: 978.571: Total time for which application threads were stopped: 0.0000406 seconds, Stopping threads took: 0.0000080 seconds
2015-09-09T15:36:23.323+0200: 978.571: Total time for which application threads were stopped: 0.0000358 seconds, Stopping threads took: 0.0000086 seconds
2015-09-09T15:36:23.323+0200: 978.571: Total time for which application threads were stopped: 0.0000326 seconds, Stopping threads took: 0.0000061 seconds
2015-09-09T15:36:23.323+0200: 978.571: Total time for which application threads were stopped: 0.0000304 seconds, Stopping threads took: 0.0000051 seconds
2015-09-09T15:36:23.323+0200: 978.571: Total time for which application threads were stopped: 0.0000518 seconds, Stopping threads took: 0.0000214 seconds
2015-09-09T15:36:23.323+0200: 978.571: Total time for which application threads were stopped: 0.0000323 seconds, Stopping threads took: 0.0000061 seconds
2015-09-09T15:36:23.329+0200: 978.578: Total time for which application threads were stopped: 0.0000656 seconds, Stopping threads took: 0.0000141 seconds
2015-09-09T15:36:23.330+0200: 978.578: Total time for which application threads were stopped: 0.0000426 seconds, Stopping threads took: 0.0000086 seconds
2015-09-09T15:36:23.341+0200: 978.589: Total time for which application threads were stopped: 0.0000598 seconds, Stopping threads took: 0.0000150 seconds
{Heap before GC invocations=133 (full 4):
 par new generation   total 109248K, used 93626K [0x00000000e0000000, 0x00000000e8000000, 0x00000000e8000000)
  eden space 87424K, 100% used [0x00000000e0000000, 0x00000000e5560000, 0x00000000e5560000)
  from space 21824K,  28% used [0x00000000e6ab0000, 0x00000000e70beb80, 0x00000000e8000000)
  to   space 21824K,   0% used [0x00000000e5560000, 0x00000000e5560000, 0x00000000e6ab0000)
 concurrent mark-sweep generation total 393216K, used 174832K [0x00000000e8000000, 0x0000000100000000, 0x0000000100000000)
 Metaspace       used 31712K, capacity 32116K, committed 32332K, reserved 1077248K
  class space    used 3662K, capacity 3832K, committed 3916K, reserved 1048576K
2015-09-09T15:36:24.960+0200: 980.208: [GC (Allocation Failure) 980.208: [ParNew
Desired survivor size 20112992 bytes, new threshold 8 (max 8)
- age   1:    1213056 bytes,    1213056 total
- age   2:     143352 bytes,    1356408 total
- age   3:    1386184 bytes,    2742592 total
- age   4:     136288 bytes,    2878880 total
- age   5:     834096 bytes,    3712976 total
- age   6:       6968 bytes,    3719944 total
- age   7:     315976 bytes,    4035920 total
: 93626K->5191K(109248K), 0.0050368 secs] 268459K->180023K(502464K), 0.0050915 secs] [Times: user=0.00 sys=0.00, real=0.00 secs] 
Heap after GC invocations=134 (full 4):
 par new generation   total 109248K, used 5191K [0x00000000e0000000, 0x00000000e8000000, 0x00000000e8000000)
  eden space 87424K,   0% used [0x00000000e0000000, 0x00000000e0000000, 0x00000000e5560000)
  from space 21824K,  23% used [0x00000000e5560000, 0x00000000e5a71c80, 0x00000000e6ab0000)
  to   space 21824K,   0% used [0x00000000e6ab0000, 0x00000000e6ab0000, 0x00000000e8000000)
 concurrent mark-sweep generation total 393216K, used 174832K [0x00000000e8000000, 0x0000000100000000, 0x0000000100000000)
 Metaspace       used 31712K, capacity 32116K, committed 32332K, reserved 1077248K
  class space    used 3662K, capacity 3832K, committed 3916K, reserved 1048576K
}
2015-09-09T15:36:24.965+0200: 980.213: Total time for which application threads were stopped: 0.0052332 seconds, Stopping threads took: 0.0000246 seconds
2015-09-09T15:36:24.965+0200: 980.213: Total time for which application threads were stopped: 0.0000611 seconds, Stopping threads took: 0.0000224 seconds
2015-09-09T15:36:25.504+0200: 980.752: Total time for which application threads were stopped: 0.0000851 seconds, Stopping threads took: 0.0000269 seconds
2015-09-09T15:36:25.508+0200: 980.757: Total time for which application threads were stopped: 0.0001242 seconds, Stopping threads took: 0.0000710 seconds
2015-09-09T15:36:25.509+0200: 980.757: Total time for which application threads were stopped: 0.0000966 seconds, Stopping threads took: 0.0000650 seconds
2015-09-09T15:36:26.511+0200: 981.759: Total time for which application threads were stopped: 0.0000877 seconds, Stopping threads took: 0.0000307 seconds
2015-09-09T15:36:36.511+0200: 991.759: Total time for which application threads were stopped: 0.0000685 seconds, Stopping threads took: 0.0000256 seconds
2015-09-09T15:36:53.074+0200: 1008.323: Total time for which application threads were stopped: 0.0000595 seconds, Stopping threads took: 0.0000224 seconds
2015-09-09T15:37:07.976+0200: 1023.225: Total time for which application threads were stopped: 0.0000707 seconds, Stopping threads took: 0.0000141 seconds
2015-09-09T15:37:07.977+0200: 1023.225: Total time for which application threads were stopped: 0.0000582 seconds, Stopping threads took: 0.0000202 seconds
2015-09-09T15:37:25.978+0200: 1041.226: Total time for which application threads were stopped: 0.0000678 seconds, Stopping threads took: 0.0000256 seconds
2015-09-09T15:40:35.989+0200: 1231.235: Total time for which application threads were stopped: 0.0000662 seconds, Stopping threads took: 0.0000266 seconds
2015-09-09T15:42:33.591+0200: 1348.835: Total time for which application threads were stopped: 0.0000598 seconds, Stopping threads took: 0.0000125 seconds
2015-09-09T15:42:41.968+0200: 1357.213: Total time for which application threads were stopped: 0.0000573 seconds, Stopping threads took: 0.0000141 seconds
2015-09-09T15:42:42.968+0200: 1358.213: Total time for which application threads were stopped: 0.0000768 seconds, Stopping threads took: 0.0000250 seconds
2015-09-09T15:43:09.970+0200: 1385.214: Total time for which application threads were stopped: 0.0000896 seconds, Stopping threads took: 0.0000259 seconds
2015-09-09T15:46:32.403+0200: 1587.645: Total time for which application threads were stopped: 0.0000643 seconds, Stopping threads took: 0.0000214 seconds
2015-09-09T15:46:32.422+0200: 1587.664: Total time for which application threads were stopped: 0.0000755 seconds, Stopping threads took: 0.0000240 seconds
2015-09-09T15:46:32.427+0200: 1587.668: Total time for which application threads were stopped: 0.0000576 seconds, Stopping threads took: 0.0000131 seconds
2015-09-09T15:46:32.455+0200: 1587.697: Total time for which application threads were stopped: 0.0000573 seconds, Stopping threads took: 0.0000125 seconds
{Heap before GC invocations=134 (full 4):
 par new generation   total 109248K, used 92615K [0x00000000e0000000, 0x00000000e8000000, 0x00000000e8000000)
  eden space 87424K, 100% used [0x00000000e0000000, 0x00000000e5560000, 0x00000000e5560000)
  from space 21824K,  23% used [0x00000000e5560000, 0x00000000e5a71c80, 0x00000000e6ab0000)
  to   space 21824K,   0% used [0x00000000e6ab0000, 0x00000000e6ab0000, 0x00000000e8000000)
 concurrent mark-sweep generation total 393216K, used 174832K [0x00000000e8000000, 0x0000000100000000, 0x0000000100000000)
 Metaspace       used 32050K, capacity 32538K, committed 32588K, reserved 1077248K
  class space    used 3695K, capacity 3897K, committed 3916K, reserved 1048576K
2015-09-09T15:46:32.531+0200: 1587.772: [GC (Allocation Failure) 1587.772: [ParNew
Desired survivor size 20112992 bytes, new threshold 8 (max 8)
- age   1:     931152 bytes,     931152 total
- age   2:    1170600 bytes,    2101752 total
- age   3:     143056 bytes,    2244808 total
- age   4:     716288 bytes,    2961096 total
- age   5:       6392 bytes,    2967488 total
- age   6:     332344 bytes,    3299832 total
- age   7:       6968 bytes,    3306800 total
- age   8:     315856 bytes,    3622656 total
: 92615K->5085K(109248K), 0.0069251 secs] 267447K->179917K(502464K), 0.0069606 secs] [Times: user=0.00 sys=0.00, real=0.01 secs] 
Heap after GC invocations=135 (full 4):
 par new generation   total 109248K, used 5085K [0x00000000e0000000, 0x00000000e8000000, 0x00000000e8000000)
  eden space 87424K,   0% used [0x00000000e0000000, 0x00000000e0000000, 0x00000000e5560000)
  from space 21824K,  23% used [0x00000000e6ab0000, 0x00000000e6fa7548, 0x00000000e8000000)
  to   space 21824K,   0% used [0x00000000e5560000, 0x00000000e5560000, 0x00000000e6ab0000)
 concurrent mark-sweep generation total 393216K, used 174832K [0x00000000e8000000, 0x0000000100000000, 0x0000000100000000)
 Metaspace       used 32050K, capacity 32538K, committed 32588K, reserved 1077248K
  class space    used 3695K, capacity 3897K, committed 3916K, reserved 1048576K
}
2015-09-09T15:46:32.538+0200: 1587.779: Total time for which application threads were stopped: 0.0072854 seconds, Stopping threads took: 0.0001424 seconds
2015-09-09T15:46:32.538+0200: 1587.780: Total time for which application threads were stopped: 0.0000816 seconds, Stopping threads took: 0.0000269 seconds
2015-09-09T15:46:32.559+0200: 1587.801: Total time for which application threads were stopped: 0.0000970 seconds, Stopping threads took: 0.0000246 seconds
2015-09-09T15:46:33.559+0200: 1588.801: Total time for which application threads were stopped: 0.0000698 seconds, Stopping threads took: 0.0000150 seconds
2015-09-09T15:46:55.108+0200: 1610.350: Total time for which application threads were stopped: 0.0000614 seconds, Stopping threads took: 0.0000138 seconds
2015-09-09T15:46:55.108+0200: 1610.350: Total time for which application threads were stopped: 0.0000390 seconds, Stopping threads took: 0.0000061 seconds
2015-09-09T15:46:55.416+0200: 1610.658: Total time for which application threads were stopped: 0.0001030 seconds, Stopping threads took: 0.0000202 seconds
2015-09-09T15:46:55.417+0200: 1610.659: Total time for which application threads were stopped: 0.0000464 seconds, Stopping threads took: 0.0000099 seconds
2015-09-09T15:46:55.417+0200: 1610.659: Total time for which application threads were stopped: 0.0000326 seconds, Stopping threads took: 0.0000070 seconds
2015-09-09T15:46:55.417+0200: 1610.659: Total time for which application threads were stopped: 0.0000368 seconds, Stopping threads took: 0.0000077 seconds
2015-09-09T15:46:55.418+0200: 1610.659: Total time for which application threads were stopped: 0.0000352 seconds, Stopping threads took: 0.0000070 seconds
2015-09-09T15:46:56.418+0200: 1611.660: Total time for which application threads were stopped: 0.0000698 seconds, Stopping threads took: 0.0000266 seconds
2015-09-09T15:56:26.450+0200: 2181.686: Total time for which application threads were stopped: 0.0000691 seconds, Stopping threads took: 0.0000272 seconds
2015-09-09T15:57:36.454+0200: 2251.690: Total time for which application threads were stopped: 0.0000704 seconds, Stopping threads took: 0.0000266 seconds
2015-09-09T16:20:21.533+0200: 3616.754: Total time for which application threads were stopped: 0.0000662 seconds, Stopping threads took: 0.0000246 seconds
2015-09-09T16:20:40.534+0200: 3635.755: Total time for which application threads were stopped: 0.0000688 seconds, Stopping threads took: 0.0000266 seconds
2015-09-09T16:23:08.887+0200: 3784.107: Total time for which application threads were stopped: 0.0000819 seconds, Stopping threads took: 0.0000131 seconds
2015-09-09T16:23:09.245+0200: 3784.465: Total time for which application threads were stopped: 0.0000579 seconds, Stopping threads took: 0.0000128 seconds
2015-09-09T16:23:10.245+0200: 3785.465: Total time for which application threads were stopped: 0.0000659 seconds, Stopping threads took: 0.0000237 seconds
2015-09-09T16:27:15.290+0200: 4030.508: Total time for which application threads were stopped: 0.0000637 seconds, Stopping threads took: 0.0000163 seconds
2015-09-09T16:27:15.586+0200: 4030.804: Total time for which application threads were stopped: 0.0001053 seconds, Stopping threads took: 0.0000118 seconds
2015-09-09T16:27:15.586+0200: 4030.804: Total time for which application threads were stopped: 0.0000426 seconds, Stopping threa