Java HotSpot(TM) 64-Bit Server VM (25.45-b02) for windows-amd64 JRE (1.8.0_45-b15), built on Apr 30 2015 12:40:44 by "java_re" with MS VC++ 10.0 (VS2010)
Memory: 4k page, physical 8247616k(5074696k free), swap 16493392k(12844288k free)
CommandLine flags: -XX:CMSInitiatingOccupancyFraction=50 -XX:CMSMaxAbortablePrecleanTime=6000 -XX:+CMSParallelRemarkEnabled -XX:+CMSScavengeBeforeRemark -XX:ConcGCThreads=4 -XX:InitialHeapSize=536870912 -XX:MaxHeapSize=536870912 -XX:MaxTenuringThreshold=8 -XX:NewRatio=3 -XX:OldPLABSize=16 -XX:ParallelGCThreads=4 -XX:+ParallelRefProcEnabled -XX:PretenureSizeThreshold=67108864 -XX:+PrintGC -XX:+PrintGCApplicationStoppedTime -XX:+PrintGCDateStamps -XX:+PrintGCDetails -XX:+PrintGCTimeStamps -XX:+PrintHeapAtGC -XX:+PrintTenuringDistribution -XX:SurvivorRatio=4 -XX:TargetSurvivorRatio=90 -XX:ThreadStackSize=256 -XX:+UseCMSInitiatingOccupancyOnly -XX:+UseCompressedClassPointers -XX:+UseCompressedOops -XX:+UseConcMarkSweepGC -XX:-UseLargePagesIndividualAllocation -XX:+UseParNewGC 
2015-09-09T11:25:33.009+0200: 0.089: Total time for which application threads were stopped: 0.0000621 seconds, Stopping threads took: 0.0000122 seconds
2015-09-09T11:25:33.134+0200: 0.214: Total time for which application threads were stopped: 0.0001155 seconds, Stopping threads took: 0.0000118 seconds
2015-09-09T11:25:33.253+0200: 0.333: Total time for which application threads were stopped: 0.0000989 seconds, Stopping threads took: 0.0000099 seconds
2015-09-09T11:25:33.288+0200: 0.368: Total time for which application threads were stopped: 0.0001162 seconds, Stopping threads took: 0.0000118 seconds
2015-09-09T11:25:33.302+0200: 0.382: Total time for which application threads were stopped: 0.0001238 seconds, Stopping threads took: 0.0000189 seconds
2015-09-09T11:25:33.310+0200: 0.390: Total time for which application threads were stopped: 0.0001082 seconds, Stopping threads took: 0.0000163 seconds
{Heap before GC invocations=0 (full 0):
 par new generation   total 109248K, used 87424K [0x00000000e0000000, 0x00000000e8000000, 0x00000000e8000000)
  eden space 87424K, 100% used [0x00000000e0000000, 0x00000000e5560000, 0x00000000e5560000)
  from space 21824K,   0% used [0x00000000e5560000, 0x00000000e5560000, 0x00000000e6ab0000)
  to   space 21824K,   0% used [0x00000000e6ab0000, 0x00000000e6ab0000, 0x00000000e8000000)
 concurrent mark-sweep generation total 393216K, used 0K [0x00000000e8000000, 0x0000000100000000, 0x0000000100000000)
 Metaspace       used 9808K, capacity 10024K, committed 10240K, reserved 1058816K
  class space    used 1158K, capacity 1212K, committed 1280K, reserved 1048576K
2015-09-09T11:25:33.515+0200: 0.595: [GC (Allocation Failure) 0.595: [ParNew
Desired survivor size 20112992 bytes, new threshold 8 (max 8)
- age   1:    5316008 bytes,    5316008 total
: 87424K->5251K(109248K), 0.0048291 secs] 87424K->5251K(502464K), 0.0049728 secs] [Times: user=0.00 sys=0.00, real=0.00 secs] 
Heap after GC invocations=1 (full 0):
 par new generation   total 109248K, used 5251K [0x00000000e0000000, 0x00000000e8000000, 0x00000000e8000000)
  eden space 87424K,   0% used [0x00000000e0000000, 0x00000000e0000000, 0x00000000e5560000)
  from space 21824K,  24% used [0x00000000e6ab0000, 0x00000000e6fd0d70, 0x00000000e8000000)
  to   space 21824K,   0% used [0x00000000e5560000, 0x00000000e5560000, 0x00000000e6ab0000)
 concurrent mark-sweep generation total 393216K, used 0K [0x00000000e8000000, 0x0000000100000000, 0x0000000100000000)
 Metaspace       used 9808K, capacity 10024K, committed 10240K, reserved 1058816K
  class space    used 1158K, capacity 1212K, committed 1280K, reserved 1048576K
}
2015-09-09T11:25:33.520+0200: 0.600: Total time for which application threads were stopped: 0.0051196 seconds, Stopping threads took: 0.0000134 seconds
2015-09-09T11:25:33.618+0200: 0.698: Total time for which application threads were stopped: 0.0001370 seconds, Stopping threads took: 0.0000106 seconds
2015-09-09T11:25:33.808+0200: 0.888: Total time for which application threads were stopped: 0.0001770 seconds, Stopping threads took: 0.0000122 seconds
2015-09-09T11:25:33.809+0200: 0.889: Total time for which application threads were stopped: 0.0000720 seconds, Stopping threads took: 0.0000070 seconds
2015-09-09T11:25:33.811+0200: 0.891: Total time for which application threads were stopped: 0.0000778 seconds, Stopping threads took: 0.0000061 seconds
2015-09-09T11:25:34.344+0200: 1.425: Total time for which application threads were stopped: 0.0002083 seconds, Stopping threads took: 0.0000330 seconds
{Heap before GC invocations=1 (full 0):
 par new generation   total 109248K, used 92675K [0x00000000e0000000, 0x00000000e8000000, 0x00000000e8000000)
  eden space 87424K, 100% used [0x00000000e0000000, 0x00000000e5560000, 0x00000000e5560000)
  from space 21824K,  24% used [0x00000000e6ab0000, 0x00000000e6fd0d70, 0x00000000e8000000)
  to   space 21824K,   0% used [0x00000000e5560000, 0x00000000e5560000, 0x00000000e6ab0000)
 concurrent mark-sweep generation total 393216K, used 0K [0x00000000e8000000, 0x0000000100000000, 0x0000000100000000)
 Metaspace       used 18751K, capacity 19044K, committed 19456K, reserved 1067008K
  class space    used 2321K, capacity 2452K, committed 2560K, reserved 1048576K
2015-09-09T11:25:34.360+0200: 1.440: [GC (Allocation Failure) 1.440: [ParNew
Desired survivor size 20112992 bytes, new threshold 8 (max 8)
- age   1:    7900096 bytes,    7900096 total
- age   2:    2506968 bytes,   10407064 total
: 92675K->11634K(109248K), 0.0077862 secs] 92675K->11634K(502464K), 0.0078607 secs] [Times: user=0.06 sys=0.00, real=0.01 secs] 
Heap after GC invocations=2 (full 0):
 par new generation   total 109248K, used 11634K [0x00000000e0000000, 0x00000000e8000000, 0x00000000e8000000)
  eden space 87424K,   0% used [0x00000000e0000000, 0x00000000e0000000, 0x00000000e5560000)
  from space 21824K,  53% used [0x00000000e5560000, 0x00000000e60bc950, 0x00000000e6ab0000)
  to   space 21824K,   0% used [0x00000000e6ab0000, 0x00000000e6ab0000, 0x00000000e8000000)
 concurrent mark-sweep generation total 393216K, used 0K [0x00000000e8000000, 0x0000000100000000, 0x0000000100000000)
 Metaspace       used 18751K, capacity 19044K, committed 19456K, reserved 1067008K
  class space    used 2321K, capacity 2452K, committed 2560K, reserved 1048576K
}
2015-09-09T11:25:34.368+0200: 1.448: Total time for which application threads were stopped: 0.0079874 seconds, Stopping threads took: 0.0000115 seconds
2015-09-09T11:25:34.375+0200: 1.455: Total time for which application threads were stopped: 0.0001872 seconds, Stopping threads took: 0.0000314 seconds
2015-09-09T11:25:35.375+0200: 2.455: Total time for which application threads were stopped: 0.0000640 seconds, Stopping threads took: 0.0000282 seconds
2015-09-09T11:25:37.138+0200: 4.218: Total time for which application threads were stopped: 0.0001821 seconds, Stopping threads took: 0.0000246 seconds
2015-09-09T11:25:42.190+0200: 9.270: Total time for which application threads were stopped: 0.0000454 seconds, Stopping threads took: 0.0000125 seconds
2015-09-09T11:25:42.190+0200: 9.270: Total time for which application threads were stopped: 0.0000224 seconds, Stopping threads took: 0.0000054 seconds
2015-09-09T11:25:42.201+0200: 9.281: Total time for which application threads were stopped: 0.0000682 seconds, Stopping threads took: 0.0000106 seconds
2015-09-09T11:25:42.221+0200: 9.302: Total time for which application threads were stopped: 0.0000746 seconds, Stopping threads took: 0.0000131 seconds
2015-09-09T11:25:42.221+0200: 9.302: Total time for which application threads were stopped: 0.0000253 seconds, Stopping threads took: 0.0000061 seconds
2015-09-09T11:25:42.222+0200: 9.302: Total time for which application threads were stopped: 0.0000266 seconds, Stopping threads took: 0.0000061 seconds
2015-09-09T11:25:42.225+0200: 9.305: Total time for which application threads were stopped: 0.0000550 seconds, Stopping threads took: 0.0000211 seconds
2015-09-09T11:25:42.225+0200: 9.305: Total time for which application threads were stopped: 0.0000310 seconds, Stopping threads took: 0.0000077 seconds
2015-09-09T11:25:42.226+0200: 9.307: Total time for which application threads were stopped: 0.0000403 seconds, Stopping threads took: 0.0000170 seconds
2015-09-09T11:25:42.226+0200: 9.307: Total time for which application threads were stopped: 0.0000362 seconds, Stopping threads took: 0.0000166 seconds
2015-09-09T11:25:42.227+0200: 9.307: Total time for which application threads were stopped: 0.0000387 seconds, Stopping threads took: 0.0000192 seconds
2015-09-09T11:25:42.229+0200: 9.310: Total time for which application threads were stopped: 0.0000595 seconds, Stopping threads took: 0.0000170 seconds
2015-09-09T11:25:42.230+0200: 9.310: Total time for which application threads were stopped: 0.0000288 seconds, Stopping threads took: 0.0000083 seconds
2015-09-09T11:25:42.309+0200: 9.390: Total time for which application threads were stopped: 0.0000541 seconds, Stopping threads took: 0.0000192 seconds
2015-09-09T11:25:42.309+0200: 9.390: Total time for which application threads were stopped: 0.0000211 seconds, Stopping threads took: 0.0000058 seconds
2015-09-09T11:25:42.310+0200: 9.390: Total time for which application threads were stopped: 0.0000358 seconds, Stopping threads took: 0.0000138 seconds
2015-09-09T11:25:42.320+0200: 9.400: Total time for which application threads were stopped: 0.0001798 seconds, Stopping threads took: 0.0000122 seconds
2015-09-09T11:25:42.368+0200: 9.449: Total time for which application threads were stopped: 0.0001146 seconds, Stopping threads took: 0.0000134 seconds
2015-09-09T11:25:42.424+0200: 9.504: Total time for which application threads were stopped: 0.0002454 seconds, Stopping threads took: 0.0000154 seconds
2015-09-09T11:25:42.445+0200: 9.525: Total time for which application threads were stopped: 0.0002205 seconds, Stopping threads took: 0.0000147 seconds
2015-09-09T11:25:42.504+0200: 9.584: Total time for which application threads were stopped: 0.0001053 seconds, Stopping threads took: 0.0000218 seconds
{Heap before GC invocations=2 (full 0):
 par new generation   total 109248K, used 99058K [0x00000000e0000000, 0x00000000e8000000, 0x00000000e8000000)
  eden space 87424K, 100% used [0x00000000e0000000, 0x00000000e5560000, 0x00000000e5560000)
  from space 21824K,  53% used [0x00000000e5560000, 0x00000000e60bc950, 0x00000000e6ab0000)
  to   space 21824K,   0% used [0x00000000e6ab0000, 0x00000000e6ab0000, 0x00000000e8000000)
 concurrent mark-sweep generation total 393216K, used 0K [0x00000000e8000000, 0x0000000100000000, 0x0000000100000000)
 Metaspace       used 21007K, capacity 21322K, committed 21552K, reserved 1069056K
  class space    used 2560K, capacity 2677K, committed 2688K, reserved 1048576K
2015-09-09T11:25:42.533+0200: 9.613: [GC (Allocation Failure) 9.613: [ParNew
Desired survivor size 20112992 bytes, new threshold 8 (max 8)
- age   1:    3456200 bytes,    3456200 total
- age   2:    2533264 bytes,    5989464 total
- age   3:    2485480 bytes,    8474944 total
: 99058K->12680K(109248K), 0.0060787 secs] 99058K->12680K(502464K), 0.0061286 secs] [Times: user=0.05 sys=0.00, real=0.01 secs] 
Heap after GC invocations=3 (full 0):
 par new generation   total 109248K, used 12680K [0x00000000e0000000, 0x00000000e8000000, 0x00000000e8000000)
  eden space 87424K,   0% used [0x00000000e0000000, 0x00000000e0000000, 0x00000000e5560000)
  from space 21824K,  58% used [0x00000000e6ab0000, 0x00000000e7712070, 0x00000000e8000000)
  to   space 21824K,   0% used [0x00000000e5560000, 0x00000000e5560000, 0x00000000e6ab0000)
 concurrent mark-sweep generation total 393216K, used 0K [0x00000000e8000000, 0x0000000100000000, 0x0000000100000000)
 Metaspace       used 21007K, capacity 21322K, committed 21552K, reserved 1069056K
  class space    used 2560K, capacity 2677K, committed 2688K, reserved 1048576K
}
2015-09-09T11:25:42.539+0200: 9.620: Total time for which application threads were stopped: 0.0062633 seconds, Stopping threads took: 0.0000157 seconds
2015-09-09T11:25:42.542+0200: 9.623: [GC (CMS Initial Mark) [1 CMS-initial-mark: 0K(393216K)] 14982K(502464K), 0.0015120 secs] [Times: user=0.00 sys=0.00, real=0.00 secs] 
2015-09-09T11:25:42.544+0200: 9.624: Total time for which application threads were stopped: 0.0016867 seconds, Stopping threads took: 0.0001024 seconds
2015-09-09T11:25:42.544+0200: 9.624: [CMS-concurrent-mark-start]
2015-09-09T11:25:42.545+0200: 9.625: Total time for which application threads were stopped: 0.0000675 seconds, Stopping threads took: 0.0000118 seconds
2015-09-09T11:25:42.545+0200: 9.625: Total time for which application threads were stopped: 0.0000445 seconds, Stopping threads took: 0.0000109 seconds
2015-09-09T11:25:42.545+0200: 9.625: Total time for which application threads were stopped: 0.0000438 seconds, Stopping threads took: 0.0000106 seconds
2015-09-09T11:25:42.546+0200: 9.626: [CMS-concurrent-mark: 0.001/0.002 secs] [Times: user=0.00 sys=0.00, real=0.00 secs] 
2015-09-09T11:25:42.546+0200: 9.626: [CMS-concurrent-preclean-start]
2015-09-09T11:25:42.546+0200: 9.627: [CMS-concurrent-preclean: 0.001/0.001 secs] [Times: user=0.00 sys=0.00, real=0.00 secs] 
2015-09-09T11:25:42.546+0200: 9.627: [CMS-concurrent-abortable-preclean-start]
2015-09-09T11:25:42.556+0200: 9.637: Total time for which application threads were stopped: 0.0000851 seconds, Stopping threads took: 0.0000243 seconds
2015-09-09T11:25:42.599+0200: 9.680: Total time for which application threads were stopped: 0.0000819 seconds, Stopping threads took: 0.0000131 seconds
2015-09-09T11:25:42.611+0200: 9.691: Total time for which application threads were stopped: 0.0000666 seconds, Stopping threads took: 0.0000195 seconds
2015-09-09T11:25:42.620+0200: 9.701: Total time for which application threads were stopped: 0.0001651 seconds, Stopping threads took: 0.0001027 seconds
{Heap before GC invocations=3 (full 1):
 par new generation   total 109248K, used 100104K [0x00000000e0000000, 0x00000000e8000000, 0x00000000e8000000)
  eden space 87424K, 100% used [0x00000000e0000000, 0x00000000e5560000, 0x00000000e5560000)
  from space 21824K,  58% used [0x00000000e6ab0000, 0x00000000e7712070, 0x00000000e8000000)
  to   space 21824K,   0% used [0x00000000e5560000, 0x00000000e5560000, 0x00000000e6ab0000)
 concurrent mark-sweep generation total 393216K, used 0K [0x00000000e8000000, 0x0000000100000000, 0x0000000100000000)
 Metaspace       used 21934K, capacity 22306K, committed 22548K, reserved 1069056K
  class space    used 2684K, capacity 2809K, committed 2840K, reserved 1048576K
2015-09-09T11:25:42.658+0200: 9.738: [GC (Allocation Failure) 9.738: [ParNew
Desired survivor size 20112992 bytes, new threshold 8 (max 8)
- age   1:     908896 bytes,     908896 total
- age   2:    1794112 bytes,    2703008 total
- age   3:    2497032 bytes,    5200040 total
- age   4:    2485856 bytes,    7685896 total
: 100104K->10456K(109248K), 0.0042547 secs] 100104K->10456K(502464K), 0.0042982 secs] [Times: user=0.00 sys=0.00, real=0.00 secs] 
Heap after GC invocations=4 (full 1):
 par new generation   total 109248K, used 10456K [0x00000000e0000000, 0x00000000e8000000, 0x00000000e8000000)
  eden space 87424K,   0% used [0x00000000e0000000, 0x00000000e0000000, 0x00000000e5560000)
  from space 21824K,  47% used [0x00000000e5560000, 0x00000000e5f96060, 0x00000000e6ab0000)
  to   space 21824K,   0% used [0x00000000e6ab0000, 0x00000000e6ab0000, 0x00000000e8000000)
 concurrent mark-sweep generation total 393216K, used 0K [0x00000000e8000000, 0x0000000100000000, 0x0000000100000000)
 Metaspace       used 21934K, capacity 22306K, committed 22548K, reserved 1069056K
  class space    used 2684K, capacity 2809K, committed 2840K, reserved 1048576K
}
2015-09-09T11:25:42.662+0200: 9.743: Total time for which application threads were stopped: 0.0044336 seconds, Stopping threads took: 0.0000138 seconds
2015-09-09T11:25:42.662+0200: 9.743: [CMS-concurrent-abortable-preclean: 0.050/0.116 secs] [Times: user=0.31 sys=0.00, real=0.12 secs] 
2015-09-09T11:25:42.662+0200: 9.743: [GC (CMS Final Remark) [YG occupancy: 11805 K (109248 K)]{Heap before GC invocations=4 (full 1):
 par new generation   total 109248K, used 11805K [0x00000000e0000000, 0x00000000e8000000, 0x00000000e8000000)
  eden space 87424K,   1% used [0x00000000e0000000, 0x00000000e0151680, 0x00000000e5560000)
  from space 21824K,  47% used [0x00000000e5560000, 0x00000000e5f96060, 0x00000000e6ab0000)
  to   space 21824K,   0% used [0x00000000e6ab0000, 0x00000000e6ab0000, 0x00000000e8000000)
 concurrent mark-sweep generation total 393216K, used 0K [0x00000000e8000000, 0x0000000100000000, 0x0000000100000000)
 Metaspace       used 21934K, capacity 22306K, committed 22548K, reserved 1069056K
  class space    used 2684K, capacity 2809K, committed 2840K, reserved 1048576K
2015-09-09T11:25:42.662+0200: 9.743: [GC (CMS Final Remark) 9.743: [ParNew
Desired survivor size 20112992 bytes, new threshold 8 (max 8)
- age   1:      86496 bytes,      86496 total
- age   2:     858440 bytes,     944936 total
- age   3:    1794032 bytes,    2738968 total
- age   4:    2496800 bytes,    5235768 total
- age   5:    2485760 bytes,    7721528 total
: 11805K->9650K(109248K), 0.0040947 secs] 11805K->9650K(502464K), 0.0041619 secs] [Times: user=0.02 sys=0.00, real=0.01 secs] 
Heap after GC invocations=5 (full 1):
 par new generation   total 109248K, used 9650K [0x00000000e0000000, 0x00000000e8000000, 0x00000000e8000000)
  eden space 87424K,   0% used [0x00000000e0000000, 0x00000000e0000000, 0x00000000e5560000)
  from space 21824K,  44% used [0x00000000e6ab0000, 0x00000000e741c800, 0x00000000e8000000)
  to   space 21824K,   0% used [0x00000000e5560000, 0x00000000e5560000, 0x00000000e6ab0000)
 concurrent mark-sweep generation total 393216K, used 0K [0x00000000e8000000, 0x0000000100000000, 0x0000000100000000)
 Metaspace       used 21934K, capacity 22306K, committed 22548K, reserved 1069056K
  class space    used 2684K, capacity 2809K, committed 2840K, reserved 1048576K
}
9.747: [Rescan (parallel) , 0.0013081 secs]9.748: [weak refs processing, 0.0002179 secs]9.749: [class unloading, 0.0022262 secs]9.751: [scrub symbol table, 0.0020569 secs]9.753: [scrub string table, 0.0002278 secs][1 CMS-remark: 0K(393216K)] 9650K(502464K), 0.0109100 secs] [Times: user=0.02 sys=0.00, real=0.01 secs] 
2015-09-09T11:25:42.673+0200: 9.754: Total time for which application threads were stopped: 0.0109801 seconds, Stopping threads took: 0.0000173 seconds
2015-09-09T11:25:42.673+0200: 9.754: [CMS-concurrent-sweep-start]
2015-09-09T11:25:42.673+0200: 9.754: [CMS-concurrent-sweep: 0.000/0.000 secs] [Times: user=0.00 sys=0.00, real=0.00 secs] 
2015-09-09T11:25:42.673+0200: 9.754: [CMS-concurrent-reset-start]
2015-09-09T11:25:42.674+0200: 9.754: Total time for which application threads were stopped: 0.0000720 seconds, Stopping threads took: 0.0000166 seconds
2015-09-09T11:25:42.674+0200: 9.754: Total time for which application threads were stopped: 0.0000416 seconds, Stopping threads took: 0.0000077 seconds
2015-09-09T11:25:42.675+0200: 9.755: [CMS-concurrent-reset: 0.001/0.001 secs] [Times: user=0.00 sys=0.00, real=0.00 secs] 
2015-09-09T11:25:42.723+0200: 9.804: Total time for which application threads were stopped: 0.0000819 seconds, Stopping threads took: 0.0000157 seconds
2015-09-09T11:25:42.728+0200: 9.808: Total time for which application threads were stopped: 0.0000813 seconds, Stopping threads took: 0.0000259 seconds
2015-09-09T11:25:42.729+0200: 9.809: Total time for which application threads were stopped: 0.0000618 seconds, Stopping threads took: 0.0000144 seconds
2015-09-09T11:25:42.729+0200: 9.810: Total time for which application threads were stopped: 0.0000656 seconds, Stopping threads took: 0.0000138 seconds
2015-09-09T11:25:42.731+0200: 9.811: Total time for which application threads were stopped: 0.0000717 seconds, Stopping threads took: 0.0000182 seconds
2015-09-09T11:25:42.795+0200: 9.875: Total time for which application threads were stopped: 0.0003162 seconds, Stopping threads took: 0.0000147 seconds
2015-09-09T11:25:42.887+0200: 9.967: Total time for which application threads were stopped: 0.0003184 seconds, Stopping threads took: 0.0000170 seconds
2015-09-09T11:25:42.900+0200: 9.980: Total time for which application threads were stopped: 0.0002746 seconds, Stopping threads took: 0.0000186 seconds
2015-09-09T11:25:42.950+0200: 10.031: Total time for which application threads were stopped: 0.0000947 seconds, Stopping threads took: 0.0000141 seconds
2015-09-09T11:25:43.035+0200: 10.116: Total time for which application threads were stopped: 0.0003283 seconds, Stopping threads took: 0.0000269 seconds
2015-09-09T11:25:43.090+0200: 10.170: Total time for which application threads were stopped: 0.0000931 seconds, Stopping threads took: 0.0000131 seconds
{Heap before GC invocations=5 (full 1):
 par new generation   total 109248K, used 97074K [0x00000000e0000000, 0x00000000e8000000, 0x00000000e8000000)
  eden space 87424K, 100% used [0x00000000e0000000, 0x00000000e5560000, 0x00000000e5560000)
  from space 21824K,  44% used [0x00000000e6ab0000, 0x00000000e741c800, 0x00000000e8000000)
  to   space 21824K,   0% used [0x00000000e5560000, 0x00000000e5560000, 0x00000000e6ab0000)
 concurrent mark-sweep generation total 393216K, used 0K [0x00000000e8000000, 0x0000000100000000, 0x0000000100000000)
 Metaspace       used 26507K, capacity 26886K, committed 27284K, reserved 1073152K
  class space    used 3239K, capacity 3355K, committed 3480K, reserved 1048576K
2015-09-09T11:25:43.121+0200: 10.201: [GC (Allocation Failure) 10.201: [ParNew
Desired survivor size 20112992 bytes, new threshold 8 (max 8)
- age   1:    7132264 bytes,    7132264 total
- age   3:     180976 bytes,    7313240 total
- age   4:    1088480 bytes,    8401720 total
- age   5:    2483656 bytes,   10885376 total
- age   6:    2485232 bytes,   13370608 total
: 97074K->16550K(109248K), 0.0085849 secs] 97074K->16550K(502464K), 0.0086358 secs] [Times: user=0.00 sys=0.00, real=0.01 secs] 
Heap after GC invocations=6 (full 1):
 par new generation   total 109248K, used 16550K [0x00000000e0000000, 0x00000000e8000000, 0x00000000e8000000)
  eden space 87424K,   0% used [0x00000000e0000000, 0x00000000e0000000, 0x00000000e5560000)
  from space 21824K,  75% used [0x00000000e5560000, 0x00000000e65899e0, 0x00000000e6ab0000)
  to   space 21824K,   0% used [0x00000000e6ab0000, 0x00000000e6ab0000, 0x00000000e8000000)
 concurrent mark-sweep generation total 393216K, used 0K [0x00000000e8000000, 0x0000000100000000, 0x0000000100000000)
 Metaspace       used 26507K, capacity 26886K, committed 27284K, reserved 1073152K
  class space    used 3239K, capacity 3355K, committed 3480K, reserved 1048576K
}
2015-09-09T11:25:43.129+0200: 10.210: Total time for which application threads were stopped: 0.0087817 seconds, Stopping threads took: 0.0000147 seconds
2015-09-09T11:25:43.131+0200: 10.211: Total time for which application threads were stopped: 0.0000954 seconds, Stopping threads took: 0.0000342 seconds
2015-09-09T11:25:43.131+0200: 10.211: Total time for which application threads were stopped: 0.0000624 seconds, Stopping threads took: 0.0000205 seconds
2015-09-09T11:25:43.131+0200: 10.211: Total time for which application threads were stopped: 0.0000576 seconds, Stopping threads took: 0.0000189 seconds
2015-09-09T11:25:43.131+0200: 10.211: Total time for which application threads were stopped: 0.0001165 seconds, Stopping threads took: 0.0000131 seconds
2015-09-09T11:25:43.161+0200: 10.241: Total time for which application threads were stopped: 0.0000986 seconds, Stopping threads took: 0.0000221 seconds
2015-09-09T11:25:43.161+0200: 10.241: Total time for which application threads were stopped: 0.0000678 seconds, Stopping threads took: 0.0000246 seconds
2015-09-09T11:25:43.161+0200: 10.242: Total time for which application threads were stopped: 0.0000666 seconds, Stopping threads took: 0.0000202 seconds
2015-09-09T11:25:43.161+0200: 10.242: Total time for which application threads were stopped: 0.0000672 seconds, Stopping threads took: 0.0000141 seconds
2015-09-09T11:25:43.171+0200: 10.252: Total time for which application threads were stopped: 0.0000646 seconds, Stopping threads took: 0.0000179 seconds
2015-09-09T11:25:44.171+0200: 11.251: Total time for which application threads were stopped: 0.0000614 seconds, Stopping threads took: 0.0000256 seconds
2015-09-09T11:26:38.289+0200: 65.368: Total time for which application threads were stopped: 0.0000534 seconds, Stopping threads took: 0.0000211 seconds
2015-09-09T11:26:38.289+0200: 65.368: Total time for which application threads were stopped: 0.0000224 seconds, Stopping threads took: 0.0000054 seconds
2015-09-09T11:26:38.289+0200: 65.368: Total time for which application threads were stopped: 0.0000205 seconds, Stopping threads took: 0.0000048 seconds
2015-09-09T11:26:38.290+0200: 65.369: Total time for which application threads were stopped: 0.0000618 seconds, Stopping threads took: 0.0000237 seconds
2015-09-09T11:26:38.293+0200: 65.372: Total time for which application threads were stopped: 0.0000483 seconds, Stopping threads took: 0.0000205 seconds
2015-09-09T11:26:38.298+0200: 65.377: Total time for which application threads were stopped: 0.0002605 seconds, Stopping threads took: 0.0000198 seconds
2015-09-09T11:26:38.299+0200: 65.378: Total time for which application threads were stopped: 0.0000346 seconds, Stopping threads took: 0.0000058 seconds
2015-09-09T11:26:38.301+0200: 65.380: Total time for which application threads were stopped: 0.0000374 seconds, Stopping threads took: 0.0000070 seconds
2015-09-09T11:26:38.301+0200: 65.380: Total time for which application threads were stopped: 0.0000272 seconds, Stopping threads took: 0.0000051 seconds
2015-09-09T11:26:38.304+0200: 65.383: Total time for which application threads were stopped: 0.0000435 seconds, Stopping threads took: 0.0000109 seconds
2015-09-09T11:26:38.307+0200: 65.386: Total time for which application threads were stopped: 0.0000355 seconds, Stopping threads took: 0.0000090 seconds
2015-09-09T11:26:38.307+0200: 65.386: Total time for which application threads were stopped: 0.0000554 seconds, Stopping threads took: 0.0000080 seconds
2015-09-09T11:26:38.308+0200: 65.387: Total time for which application threads were stopped: 0.0000390 seconds, Stopping threads took: 0.0000080 seconds
2015-09-09T11:26:38.308+0200: 65.387: Total time for which application threads were stopped: 0.0000314 seconds, Stopping threads took: 0.0000077 seconds
2015-09-09T11:26:38.350+0200: 65.429: Total time for which application threads were stopped: 0.0000810 seconds, Stopping threads took: 0.0000205 seconds
2015-09-09T11:26:38.359+0200: 65.438: Total time for which application threads were stopped: 0.0000458 seconds, Stopping threads took: 0.0000131 seconds
2015-09-09T11:26:38.364+0200: 65.443: Total time for which application threads were stopped: 0.0000394 seconds, Stopping threads took: 0.0000106 seconds
2015-09-09T11:26:38.364+0200: 65.443: Total time for which application threads were stopped: 0.0000198 seconds, Stopping threads took: 0.0000045 seconds
2015-09-09T11:26:38.370+0200: 65.450: Total time for which application threads were stopped: 0.0000275 seconds, Stopping threads took: 0.0000070 seconds
2015-09-09T11:26:38.370+0200: 65.450: Total time for which application threads were stopped: 0.0000189 seconds, Stopping threads took: 0.0000042 seconds
2015-09-09T11:26:38.380+0200: 65.459: Total time for which application threads were stopped: 0.0002496 seconds, Stopping threads took: 0.0000134 seconds
2015-09-09T11:26:38.382+0200: 65.461: Total time for which application threads were stopped: 0.0001136 seconds, Stopping threads took: 0.0000051 seconds
2015-09-09T11:26:38.390+0200: 65.469: Total time for which application threads were stopped: 0.0000614 seconds, Stopping threads took: 0.0000224 seconds
2015-09-09T11:26:38.391+0200: 65.470: Total time for which application threads were stopped: 0.0000256 seconds, Stopping threads took: 0.0000074 seconds
2015-09-09T11:26:38.392+0200: 65.471: Total time for which application threads were stopped: 0.0000330 seconds, Stopping threads took: 0.0000080 seconds
2015-09-09T11:26:38.393+0200: 65.472: Total time for which application threads were stopped: 0.0000227 seconds, Stopping threads took: 0.0000058 seconds
2015-09-09T11:26:38.394+0200: 65.473: Total time for which application threads were stopped: 0.0000230 seconds, Stopping threads took: 0.0000058 seconds
2015-09-09T11:26:38.395+0200: 65.474: Total time for which application threads were stopped: 0.0000250 seconds, Stopping threads took: 0.0000099 seconds
2015-09-09T11:26:38.396+0200: 65.475: Total time for which application threads were stopped: 0.0000205 seconds, Stopping threads took: 0.0000051 seconds
2015-09-09T11:26:38.397+0200: 65.476: Total time for which application threads were stopped: 0.0000275 seconds, Stopping threads took: 0.0000109 seconds
2015-09-09T11:26:38.398+0200: 65.477: Total time for which application threads were stopped: 0.0000387 seconds, Stopping threads took: 0.0000131 seconds
2015-09-09T11:26:38.399+0200: 65.478: Total time for which application threads were stopped: 0.0000435 seconds, Stopping threads took: 0.0000186 seconds
2015-09-09T11:26:38.400+0200: 65.479: Total time for which application threads were stopped: 0.0000355 seconds, Stopping threads took: 0.0000141 seconds
2015-09-09T11:26:38.401+0200: 65.480: Total time for which application threads were stopped: 0.0000358 seconds, Stopping threads took: 0.0000064 seconds
2015-09-09T11:26:38.402+0200: 65.481: Total time for which application threads were stopped: 0.0000291 seconds, Stopping threads took: 0.0000115 seconds
2015-09-09T11:26:38.403+0200: 65.482: Total time for which application threads were stopped: 0.0000320 seconds, Stopping threads took: 0.0000064 seconds
2015-09-09T11:26:38.404+0200: 65.483: Total time for which application threads were stopped: 0.0000266 seconds, Stopping threads took: 0.0000090 seconds
2015-09-09T11:26:38.405+0200: 65.484: Total time for which application threads were stopped: 0.0000202 seconds, Stopping threads took: 0.0000051 seconds
2015-09-09T11:26:38.406+0200: 65.485: Total time for which application threads were stopped: 0.0000224 seconds, Stopping threads took: 0.0000061 seconds
2015-09-09T11:26:38.407+0200: 65.486: Total time for which application threads were stopped: 0.0000218 seconds, Stopping threads took: 0.0000054 seconds
2015-09-09T11:26:38.408+0200: 65.487: Total time for which application threads were stopped: 0.0000717 seconds, Stopping threads took: 0.0000070 seconds
2015-09-09T11:26:38.486+0200: 65.565: Total time for which application threads were stopped: 0.0001088 seconds, Stopping threads took: 0.0000160 seconds
2015-09-09T11:26:38.648+0200: 65.727: Total time for which application threads were stopped: 0.0001213 seconds, Stopping threads took: 0.0000224 seconds
{Heap before GC invocations=6 (full 1):
 par new generation   total 109248K, used 103974K [0x00000000e0000000, 0x00000000e8000000, 0x00000000e8000000)
  eden space 87424K, 100% used [0x00000000e0000000, 0x00000000e5560000, 0x00000000e5560000)
  from space 21824K,  75% used [0x00000000e5560000, 0x00000000e65899e0, 0x00000000e6ab0000)
  to   space 21824K,   0% used [0x00000000e6ab0000, 0x00000000e6ab0000, 0x00000000e8000000)
 concurrent mark-sweep generation total 393216K, used 0K [0x00000000e8000000, 0x0000000100000000, 0x0000000100000000)
 Metaspace       used 28677K, capacity 29030K, committed 29204K, reserved 1075200K
  class space    used 3433K, capacity 3579K, committed 3608K, reserved 1048576K
2015-09-09T11:26:38.806+0200: 65.885: [GC (Allocation Failure) 65.885: [ParNew
Desired survivor size 20112992 bytes, new threshold 8 (max 8)
- age   1:    7259032 bytes,    7259032 total
- age   2:    2860704 bytes,   10119736 total
- age   4:     180016 bytes,   10299752 total
- age   5:    1058296 bytes,   11358048 total
- age   6:    2482304 bytes,   13840352 total
- age   7:    2484528 bytes,   16324880 total
: 103974K->21824K(109248K), 0.0103148 secs] 103974K->21824K(502464K), 0.0103637 secs] [Times: user=0.06 sys=0.00, real=0.01 secs] 
Heap after GC invocations=7 (full 1):
 par new generation   total 109248K, used 21824K [0x00000000e0000000, 0x00000000e8000000, 0x00000000e8000000)
  eden space 87424K,   0% used [0x00000000e0000000, 0x00000000e0000000, 0x00000000e5560000)
  from space 21824K, 100% used [0x00000000e6ab0000, 0x00000000e8000000, 0x00000000e8000000)
  to   space 21824K,   0% used [0x00000000e5560000, 0x00000000e5560000, 0x00000000e6ab0000)
 concurrent mark-sweep generation total 393216K, used 0K [0x00000000e8000000, 0x0000000100000000, 0x0000000100000000)
 Metaspace       used 28677K, capacity 29030K, committed 29204K, reserved 1075200K
  class space    used 3433K, capacity 3579K, committed 3608K, reserved 1048576K
}
2015-09-09T11:26:38.816+0200: 65.895: Total time for which application threads were stopped: 0.0105404 seconds, Stopping threads took: 0.0000157 seconds
2015-09-09T11:26:38.817+0200: 65.896: Total time for which application threads were stopped: 0.0000752 seconds, Stopping threads took: 0.0000173 seconds
2015-09-09T11:26:38.817+0200: 65.896: Total time for which application threads were stopped: 0.0000378 seconds, Stopping threads took: 0.0000134 seconds
2015-09-09T11:26:38.817+0200: 65.896: Total time for which application threads were stopped: 0.0000429 seconds, Stopping threads took: 0.0000182 seconds
2015-09-09T11:26:38.817+0200: 65.896: Total time for which application threads were stopped: 0.0000278 seconds, Stopping threads took: 0.0000051 seconds
2015-09-09T11:26:38.817+0200: 65.896: Total time for which application threads were stopped: 0.0000646 seconds, Stopping threads took: 0.0000122 seconds
2015-09-09T11:26:38.817+0200: 65.896: Total time for which application threads were stopped: 0.0000570 seconds, Stopping threads took: 0.0000128 seconds
2015-09-09T11:26:38.817+0200: 65.896: Total time for which application threads were stopped: 0.0000541 seconds, Stopping threads took: 0.0000118 seconds
2015-09-09T11:26:38.817+0200: 65.896: Total time for which application threads were stopped: 0.0000534 seconds, Stopping threads took: 0.0000122 seconds
2015-09-09T11:26:38.817+0200: 65.896: Total time for which application threads were stopped: 0.0000566 seconds, Stopping threads took: 0.0000128 seconds
2015-09-09T11:26:38.817+0200: 65.896: Total time for which application threads were stopped: 0.0000528 seconds, Stopping threads took: 0.0000112 seconds
2015-09-09T11:26:38.817+0200: 65.896: Total time for which application threads were stopped: 0.0000538 seconds, Stopping threads took: 0.0000122 seconds
2015-09-09T11:26:38.817+0200: 65.896: Total time for which application threads were stopped: 0.0000563 seconds, Stopping threads took: 0.0000122 seconds
2015-09-09T11:26:38.817+0200: 65.897: Total time for which application threads were stopped: 0.0000566 seconds, Stopping threads took: 0.0000128 seconds
2015-09-09T11:26:38.818+0200: 65.897: Total time for which application threads were stopped: 0.0000310 seconds, Stopping threads took: 0.0000099 seconds
2015-09-09T11:26:38.818+0200: 65.897: Total time for which application threads were stopped: 0.0000314 seconds, Stopping threads took: 0.0000109 seconds
2015-09-09T11:26:38.818+0200: 65.897: Total time for which application threads were stopped: 0.0000438 seconds, Stopping threads took: 0.0000128 seconds
2015-09-09T11:26:38.818+0200: 65.897: Total time for which application threads were stopped: 0.0000918 seconds, Stopping threads took: 0.0000131 seconds
{Heap before GC invocations=7 (full 1):
 par new generation   total 109248K, used 109248K [0x00000000e0000000, 0x00000000e8000000, 0x00000000e8000000)
  eden space 87424K, 100% used [0x00000000e0000000, 0x00000000e5560000, 0x00000000e5560000)
  from space 21824K, 100% used [0x00000000e6ab0000, 0x00000000e8000000, 0x00000000e8000000)
  to   space 21824K,   0% used [0x00000000e5560000, 0x00000000e5560000, 0x00000000e6ab0000)
 concurrent mark-sweep generation total 393216K, used 0K [0x00000000e8000000, 0x0000000100000000, 0x0000000100000000)
 Metaspace       used 28715K, capacity 29030K, committed 29204K, reserved 1075200K
  class space    used 3433K, capacity 3579K, committed 3608K, reserved 1048576K
2015-09-09T11:26:39.175+0200: 66.254: [GC (Allocation Failure) 66.254: [ParNew
Desired survivor size 20112992 bytes, new threshold 8 (max 8)
- age   1:    4704248 bytes,    4704248 total
- age   2:    5045304 bytes,    9749552 total
- age   3:    2796208 bytes,   12545760 total
- age   5:     180016 bytes,   12725776 total
- age   6:    1058296 bytes,   13784072 total
- age   7:    2482304 bytes,   16266376 total
- age   8:    2484496 bytes,   18750872 total
: 109248K->20742K(109248K), 0.0088454 secs] 109248K->20742K(502464K), 0.0088857 secs] [Times: user=0.06 sys=0.00, real=0.01 secs] 
Heap after GC invocations=8 (full 1):
 par new generation   total 109248K, used 20742K [0x00000000e0000000, 0x00000000e8000000, 0x00000000e8000000)
  eden space 87424K,   0% used [0x00000000e0000000, 0x00000000e0000000, 0x00000000e5560000)
  from space 21824K,  95% used [0x00000000e5560000, 0x00000000e69a1b38, 0x00000000e6ab0000)
  to   space 21824K,   0% used [0x00000000e6ab0000, 0x00000000e6ab0000, 0x00000000e8000000)
 concurrent mark-sweep generation total 393216K, used 0K [0x00000000e8000000, 0x0000000100000000, 0x0000000100000000)
 Metaspace       used 28715K, capacity 29030K, committed 29204K, reserved 1075200K
  class space    used 3433K, capacity 3579K, committed 3608K, reserved 1048576K
}
2015-09-09T11:26:39.184+0200: 66.263: Total time for which application threads were stopped: 0.0091218 seconds, Stopping threads took: 0.0000157 seconds
{Heap before GC invocations=8 (full 1):
 par new generation   total 109248K, used 108166K [0x00000000e0000000, 0x00000000e8000000, 0x00000000e8000000)
  eden space 87424K, 100% used [0x00000000e0000000, 0x00000000e5560000, 0x00000000e5560000)
  from space 21824K,  95% used [0x00000000e5560000, 0x00000000e69a1b38, 0x00000000e6ab0000)
  to   space 21824K,   0% used [0x00000000e6ab0000, 0x00000000e6ab0000, 0x00000000e8000000)
 concurrent mark-sweep generation total 393216K, used 0K [0x00000000e8000000, 0x0000000100000000, 0x0000000100000000)
 Metaspace       used 28727K, capacity 29030K, committed 29204K, reserved 1075200K
  class space    used 3433K, capacity 3579K, committed 3608K, reserved 1048576K
2015-09-09T11:26:39.496+0200: 66.575: [GC (Allocation Failure) 66.575: [ParNew
Desired survivor size 20112992 bytes, new threshold 8 (max 8)
- age   1:    4711208 bytes,    4711208 total
- age   2:    2182360 bytes,    6893568 total
- age   3:    4333280 bytes,   11226848 total
- age   4:    2592552 bytes,   13819400 total
- age   6:     103248 bytes,   13922648 total
- age   7:     994008 bytes,   14916656 total
- age   8:    2482304 bytes,   17398960 total
: 108166K->21824K(109248K), 0.0163762 secs] 108166K->26996K(502464K), 0.0164238 secs] [Times: user=0.02 sys=0.00, real=0.02 secs] 
Heap after GC invocations=9 (full 1):
 par new generation   total 109248K, used 21824K [0x00000000e0000000, 0x00000000e8000000, 0x00000000e8000000)
  eden space 87424K,   0% used [0x00000000e0000000, 0x00000000e0000000, 0x00000000e5560000)
  from space 21824K, 100% used [0x00000000e6ab0000, 0x00000000e8000000, 0x00000000e8000000)
  to   space 21824K,   0% used [0x00000000e5560000, 0x00000000e5560000, 0x00000000e6ab0000)
 concurrent mark-sweep generation total 393216K, used 5172K [0x00000000e8000000, 0x0000000100000000, 0x0000000100000000)
 Metaspace       used 28727K, capacity 29030K, committed 29204K, reserved 1075200K
  class space    used 3433K, capacity 3579K, committed 3608K, reserved 1048576K
}
2015-09-09T11:26:39.512+0200: 66.591: Total time for which application threads were stopped: 0.0165918 seconds, Stopping threads took: 0.0000147 seconds
{Heap before GC invocations=9 (full 1):
 par new generation   total 109248K, used 109248K [0x00000000e0000000, 0x00000000e8000000, 0x00000000e8000000)
  eden space 87424K, 100% used [0x00000000e0000000, 0x00000000e5560000, 0x00000000e5560000)
  from space 21824K, 100% used [0x00000000e6ab0000, 0x00000000e8000000, 0x00000000e8000000)
  to   space 21824K,   0% used [0x00000000e5560000, 0x00000000e5560000, 0x00000000e6ab0000)
 concurrent mark-sweep generation total 393216K, used 5172K [0x00000000e8000000, 0x0000000100000000, 0x0000000100000000)
 Metaspace       used 28745K, capacity 29158K, committed 29460K, reserved 1075200K
  class space    used 3433K, capacity 3579K, committed 3608K, reserved 1048576K
2015-09-09T11:26:39.810+0200: 66.889: [GC (Allocation Failure) 66.889: [ParNew
Desired survivor size 20112992 bytes, new threshold 8 (max 8)
- age   1:    4018928 bytes,    4018928 total
- age   2:    2375720 bytes,    6394648 total
- age   3:    2133040 bytes,    8527688 total
- age   4:    4190776 bytes,   12718464 total
- age   5:    2368824 bytes,   15087288 total
- age   7:      98528 bytes,   15185816 total
- age   8:     782688 bytes,   15968504 total
: 109248K->21824K(109248K), 0.0209371 secs] 114420K->33105K(502464K), 0.0209886 secs] [Times: user=0.06 sys=0.00, real=0.02 secs] 
Heap after GC invocations=10 (full 1):
 par new generation   total 109248K, used 21824K [0x00000000e0000000, 0x00000000e8000000, 0x00000000e8000000)
  eden space 87424K,   0% used [0x00000000e0000000, 0x00000000e0000000, 0x00000000e5560000)
  from space 21824K, 100% used [0x00000000e5560000, 0x00000000e6ab0000, 0x00000000e6ab0000)
  to   space 21824K,   0% used [0x00000000e6ab0000, 0x00000000e6ab0000, 0x00000000e8000000)
 concurrent mark-sweep generation total 393216K, used 11281K [0x00000000e8000000, 0x0000000100000000, 0x0000000100000000)
 Metaspace       used 28745K, capacity 29158K, committed 29460K, reserved 1075200K
  class space    used 3433K, capacity 3579K, committed 3608K, reserved 1048576K
}
2015-09-09T11:26:39.831+0200: 66.910: Total time for which application threads were stopped: 0.0211576 seconds, Stopping threads took: 0.0000150 seconds
{Heap before GC invocations=10 (full 1):
 par new generation   total 109248K, used 109248K [0x00000000e0000000, 0x00000000e8000000, 0x00000000e8000000)
  eden space 87424K, 100% used [0x00000000e0000000, 0x00000000e5560000, 0x00000000e5560000)
  from space 21824K, 100% used [0x00000000e5560000, 0x00000000e6ab0000, 0x00000000e6ab0000)
  to   space 21824K,   0% used [0x00000000e6ab0000, 0x00000000e6ab0000, 0x00000000e8000000)
 concurrent mark-sweep generation total 393216K, used 11281K [0x00000000e8000000, 0x0000000100000000, 0x0000000100000000)
 Metaspace       used 28748K, capacity 29158K, committed 29460K, reserved 1075200K
  class space    used 3433K, capacity 3579K, committed 3608K, reserved 1048576K
2015-09-09T11:26:40.118+0200: 67.197: [GC (Allocation Failure) 67.197: [ParNew
Desired survivor size 20112992 bytes, new threshold 8 (max 8)
- age   1:    4535584 bytes,    4535584 total
- age   2:    2934120 bytes,    7469704 total
- age   3:    2300688 bytes,    9770392 total
- age   4:    2133040 bytes,   11903432 total
- age   5:    4190776 bytes,   16094208 total
- age   6:    2322480 bytes,   18416688 total
- age   8:      98528 bytes,   18515216 total
: 109248K->21824K(109248K), 0.0078812 secs] 120529K->35511K(502464K), 0.0079276 secs] [Times: user=0.06 sys=0.00, real=0.01 secs] 
Heap after GC invocations=11 (full 1):
 par new generation   total 109248K, used 21824K [0x00000000e0000000, 0x00000000e8000000, 0x00000000e8000000)
  eden space 87424K,   0% used [0x00000000e0000000, 0x00000000e0000000, 0x00000000e5560000)
  from space 21824K, 100% used [0x00000000e6ab0000, 0x00000000e8000000, 0x00000000e8000000)
  to   space 21824K,   0% used [0x00000000e5560000, 0x00000000e5560000, 0x00000000e6ab0000)
 concurrent mark-sweep generation total 393216K, used 13687K [0x00000000e8000000, 0x0000000100000000, 0x0000000100000000)
 Metaspace       used 28748K, capacity 29158K, committed 29460K, reserved 1075200K
  class space    used 3433K, capacity 3579K, committed 3608K, reserved 1048576K
}
2015-09-09T11:26:40.126+0200: 67.205: Total time for which application threads were stopped: 0.0080710 seconds, Stopping threads took: 0.0000128 seconds
{Heap before GC invocations=11 (full 1):
 par new generation   total 109248K, used 109248K [0x00000000e0000000, 0x00000000e8000000, 0x00000000e8000000)
  eden space 87424K, 100% used [0x00000000e0000000, 0x00000000e5560000, 0x00000000e5560000)
  from space 21824K, 100% used [0x00000000e6ab0000, 0x00000000e8000000, 0x00000000e8000000)
  to   space 21824K,   0% used [0x00000000e5560000, 0x00000000e5560000, 0x00000000e6ab0000)
 concurrent mark-sweep generation total 393216K, used 13687K [0x00000000e8000000, 0x0000000100000000, 0x0000000100000000)
 Metaspace       used 28753K, capacity 29158K, committed 29460K, reserved 1075200K
  class space    used 3434K, capacity 3579K, committed 3608K, reserved 1048576K
2015-09-09T11:26:40.392+0200: 67.472: [GC (Allocation Failure) 67.472: [ParNew
Desired survivor size 20112992 bytes, new threshold 8 (max 8)
- age   1:    3616976 bytes,    3616976 total
- age   2:    2538640 bytes,    6155616 total
- age   3:    2827976 bytes,    8983592 total
- age   4:    2064824 bytes,   11048416 total
- age   5:    2035944 bytes,   13084360 total
- age   6:    4109000 bytes,   17193360 total
- age   7:    1752824 bytes,   18946184 total
: 109248K->21824K(109248K), 0.0096735 secs] 122935K->40408K(502464K), 0.0097196 secs] [Times: user=0.06 sys=0.00, real=0.01 secs] 
Heap after GC invocations=12 (full 1):
 par new generation   total 109248K, used 21824K [0x00000000e0000000, 0x00000000e8000000, 0x00000000e8000000)
  eden space 87424K,   0% used [0x00000000e0000000, 0x00000000e0000000, 0x00000000e5560000)
  from space 21824K, 100% used [0x00000000e5560000, 0x00000000e6ab0000, 0x00000000e6ab0000)
  to   space 21824K,   0% used [0x00000000e6ab0000, 0x00000000e6ab0000, 0x00000000e8000000)
 concurrent mark-sweep generation total 393216K, used 18584K [0x00000000e8000000, 0x0000000100000000, 0x0000000100000000)
 Metaspace       used 28753K, capacity 29158K, committed 29460K, reserved 1075200K
  class space    used 3434K, capacity 3579K, committed 3608K, reserved 1048576K
}
2015-09-09T11:26:40.402+0200: 67.481: Total time for which application threads were stopped: 0.0098521 seconds, Stopping threads took: 0.0000131 seconds
{Heap before GC invocations=12 (full 1):
 par new generation   total 109248K, used 109248K [0x00000000e0000000, 0x00000000e8000000, 0x00000000e8000000)
  eden space 87424K, 100% used [0x00000000e0000000, 0x00000000e5560000, 0x00000000e5560000)
  from space 21824K, 100% used [0x00000000e5560000, 0x00000000e6ab0000, 0x00000000e6ab0000)
  to   space 21824K,   0% used [0x00000000e6ab0000, 0x00000000e6ab0000, 0x00000000e8000000)
 concurrent mark-sweep generation total 393216K, used 18584K [0x00000000e8000000, 0x0000000100000000, 0x0000000100000000)
 Metaspace       used 28754K, capacity 29158K, committed 29460K, reserved 1075200K
  class space    used 3434K, capacity 3579K, committed 3608K, reserved 1048576K
2015-09-09T11:26:40.674+0200: 67.753: [GC (Allocation Failure) 67.753: [ParNew
Desired survivor size 20112992 bytes, new threshold 8 (max 8)
- age   1:    2013640 bytes,    2013640 total
- age   2:    2325688 bytes,    4339328 total
- age   3:    2273928 bytes,    6613256 total
- age   4:    2322576 bytes,    8935832 total
- age   5:    1954912 bytes,   10890744 total
- age   6:    1932456 bytes,   12823200 total
- age   7:    3959592 bytes,   16782792 total
- age   8:    1720008 bytes,   18502800 total
: 109248K->21824K(109248K), 0.0098649 secs] 127832K->47306K(502464K), 0.0099097 secs] [Times: user=0.06 sys=0.00, real=0.01 secs] 
Heap after GC invocations=13 (full 1):
 par new generation   total 109248K, used 21824K [0x00000000e0000000, 0x00000000e8000000, 0x00000000e8000000)
  eden space 87424K,   0% used [0x00000000e0000000, 0x00000000e0000000, 0x00000000e5560000)
  from space 21824K, 100% used [0x00000000e6ab0000, 0x00000000e8000000, 0x00000000e8000000)
  to   space 21824K,   0% used [0x00000000e5560000, 0x00000000e5560000, 0x00000000e6ab0000)
 concurrent mark-sweep generation total 393216K, used 25482K [0x00000000e8000000, 0x0000000100000000, 0x0000000100000000)
 Metaspace       used 28754K, capacity 29158K, committed 29460K, reserved 1075200K
  class space    used 3434K, capacity 3579K, committed 3608K, reserved 1048576K
}
2015-09-09T11:26:40.684+0200: 67.763: Total time for which application threads were stopped: 0.0100492 seconds, Stopping threads took: 0.0000128 seconds
{Heap before GC invocations=13 (full 1):
 par new generation   total 109248K, used 109248K [0x00000000e0000000, 0x00000000e8000000, 0x00000000e8000000)
  eden space 87424K, 100% used [0x00000000e0000000, 0x00000000e5560000, 0x00000000e5560000)
  from space 21824K, 100% used [0x00000000e6ab0000, 0x00000000e8000000, 0x00000000e8000000)
  to   space 21824K,   0% used [0x00000000e5560000, 0x00000000e5560000, 0x00000000e6ab0000)
 concurrent mark-sweep generation total 393216K, used 25482K [0x00000000e8000000, 0x0000000100000000, 0x0000000100000000)
 Metaspace       used 28755K, capacity 29158K, committed 29460K, reserved 1075200K
  class space    used 3434K, capacity 3579K, committed 3608K, reserved 1048576K
2015-09-09T11:26:40.961+0200: 68.040: [GC (Allocation Failure) 68.040: [ParNew
Desired survivor size 20112992 bytes, new threshold 8 (max 8)
- age   1:    3806640 bytes,    3806640 total
- age   2:    1805712 bytes,    5612352 total
- age   3:    2220872 bytes,    7833224 total
- age   4:    2169640 bytes,   10002864 total
- age   5:    2232160 bytes,   12235024 total
- age   6:    1864112 bytes,   14099136 total
- age   7:    1846896 bytes,   15946032 total
- age   8:    3895904 bytes,   19841936 total
: 109248K->21824K(109248K), 0.0105100 secs] 134730K->53799K(502464K), 0.0105577 secs] [Times: user=0.00 sys=0.00, real=0.01 secs] 
Heap after GC invocations=14 (full 1):
 par new generation   total 109248K, used 21824K [0x00000000e0000000, 0x00000000e8000000, 0x00000000e8000000)
  eden space 87424K,   0% used [0x00000000e0000000, 0x00000000e0000000, 0x00000000e5560000)
  from space 21824K, 100% used [0x00000000e5560000, 0x00000000e6ab0000, 0x00000000e6ab0000)
  to   space 21824K,   0% used [0x00000000e6ab0000, 0x00000000e6ab0000, 0x00000000e8000000)
 concurrent mark-sweep generation total 393216K, used 31975K [0x00000000e8000000, 0x0000000100000000, 0x0000000100000000)
 Metaspace       used 28755K, capacity 29158K, committed 29460K, reserved 1075200K
  class space    used 3434K, capacity 3579K, committed 3608K, reserved 1048576K
}
2015-09-09T11:26:40.972+0200: 68.051: Total time for which application threads were stopped: 0.0106953 seconds, Stopping threads took: 0.0000138 seconds
{Heap before GC invocations=14 (full 1):
 par new generation   total 109248K, used 108854K [0x00000000e0000000, 0x00000000e8000000, 0x00000000e8000000)
  eden space 87424K,  99% used [0x00000000e0000000, 0x00000000e54fd970, 0x00000000e5560000)
  from space 21824K, 100% used [0x00000000e5560000, 0x00000000e6ab0000, 0x00000000e6ab0000)
  to   space 21824K,   0% used [0x00000000e6ab0000, 0x00000000e6ab0000, 0x00000000e8000000)
 concurrent mark-sweep generation total 393216K, used 31975K [0x00000000e8000000, 0x0000000100000000, 0x0000000100000000)
 Metaspace       used 28758K, capacity 29158K, committed 29460K, reserved 1075200K
  class space    used 3434K, capacity 3579K, committed 3608K, reserved 1048576K
2015-09-09T11:26:41.251+0200: 68.331: [GC (Allocation Failure) 68.331: [ParNew
Desired survivor size 20112992 bytes, new threshold 8 (max 8)
- age   1:    7615136 bytes,    7615136 total
- age   2:    2701384 bytes,   10316520 total
- age   3:    1645952 bytes,   11962472 total
- age   4:    1949000 bytes,   13911472 total
- age   5:    2034296 bytes,   15945768 total
- age   6:    2082408 bytes,   18028176 total
- age   7:    1724648 bytes,   19752824 total
- age   8:    1710352 bytes,   21463176 total
: 108854K->21824K(109248K), 0.0105775 secs] 140830K->62139K(502464K), 0.0106261 secs] [Times: user=0.06 sys=0.00, real=0.01 secs] 
Heap after GC invocations=15 (full 1):
 par new generation   total 109248K, used 21824K [0x00000000e0000000, 0x00000000e8000000, 0x00000000e8000000)
  eden space 87424K,   0% used [0x00000000e0000000, 0x00000000e0000000, 0x00000000e5560000)
  from space 21824K, 100% used [0x00000000e6ab0000, 0x00000000e8000000, 0x00000000e8000000)
  to   space 21824K,   0% used [0x00000000e5560000, 0x00000000e5560000, 0x00000000e6ab0000)
 concurrent mark-sweep generation total 393216K, used 40315K [0x00000000e8000000, 0x0000000100000000, 0x0000000100000000)
 Metaspace       used 28758K, capacity 29158K, committed 29460K, reserved 1075200K
  class space    used 3434K, capacity 3579K, committed 3608K, reserved 1048576K
}
2015-09-09T11:26:41.262+0200: 68.341: Total time for which application threads were stopped: 0.0107666 seconds, Stopping threads took: 0.0000141 seconds
{Heap before GC invocations=15 (full 1):
 par new generation   total 109248K, used 109248K [0x00000000e0000000, 0x00000000e8000000, 0x00000000e8000000)
  eden space 87424K, 100% used [0x00000000e0000000, 0x00000000e5560000, 0x00000000e5560000)
  from space 21824K, 100% used [0x00000000e6ab0000, 0x00000000e8000000, 0x00000000e8000000)
  to   space 21824K,   0% used [0x00000000e5560000, 0x00000000e5560000, 0x00000000e6ab0000)
 concurrent mark-sweep generation total 393216K, used 40315K [0x00000000e8000000, 0x0000000100000000, 0x0000000100000000)
 Metaspace       used 28758K, capacity 29158K, committed 29460K, reserved 1075200K
  class space    used 3434K, capacity 3579K, committed 3608K, reserved 1048576K
2015-09-09T11:26:41.549+0200: 68.628: [GC (Allocation Failure) 68.628: [ParNew
Desired survivor size 20112992 bytes, new threshold 8 (max 8)
- age   1:    3618016 bytes,    3618016 total
- age   2:    3271416 bytes,    6889432 total
- age   3:    1989064 bytes,    8878496 total
- age   4:    1586272 bytes,   10464768 total
- age   5:    1897408 bytes,   12362176 total
- age   6:    1949536 bytes,   14311712 total
- age   7:    2034800 bytes,   16346512 total
- age   8:    1675792 bytes,   18022304 total
: 109248K->21824K(109248K), 0.0090290 secs] 149563K->69632K(502464K), 0.0090764 secs] [Times: user=0.06 sys=0.00, real=0.01 secs] 
Heap after GC invocations=16 (full 1):
 par new generation   total 109248K, used 21824K [0x00000000e0000000, 0x00000000e8000000, 0x00000000e8000000)
  eden space 87424K,   0% used [0x00000000e0000000, 0x00000000e0000000, 0x00000000e5560000)
  from space 21824K, 100% used [0x00000000e5560000, 0x00000000e6ab0000, 0x00000000e6ab0000)
  to   space 21824K,   0% used [0x00000000e6ab0000, 0x00000000e6ab0000, 0x00000000e8000000)
 concurrent mark-sweep generation total 393216K, used 47808K [0x00000000e8000000, 0x0000000100000000, 0x0000000100000000)
 Metaspace       used 28758K, capacity 29158K, committed 29460K, reserved 1075200K
  class space    used 3434K, capacity 3579K, committed 3608K, reserved 1048576K
}
2015-09-09T11:26:41.558+0200: 68.637: Total time for which application threads were stopped: 0.0092047 seconds, Stopping threads took: 0.0000134 seconds
{Heap before GC invocations=16 (full 1):
 par new generation   total 109248K, used 109248K [0x00000000e0000000, 0x00000000e8000000, 0x00000000e8000000)
  eden space 87424K, 100% used [0x00000000e0000000, 0x00000000e5560000, 0x00000000e5560000)
  from space 21824K, 100% used [0x00000000e5560000, 0x00000000e6ab0000, 0x00000000e6ab0000)
  to   space 21824K,   0% used [0x00000000e6ab0000, 0x00000000e6ab0000, 0x00000000e8000000)
 concurrent mark-sweep generation total 393216K, used 47808K [0x00000000e8000000, 0x0000000100000000, 0x0000000100000000)
 Metaspace       used 28759K, capacity 29158K, committed 29460K, reserved 1075200K
  class space    used 3434K, capacity 3579K, committed 3608K, reserved 1048576K
2015-09-09T11:26:41.824+0200: 68.904: [GC (Allocation Failure) 68.904: [ParNew
Desired survivor size 20112992 bytes, new threshold 8 (max 8)
- age   1:    5718096 bytes,    5718096 total
- age   2:    2156440 bytes,    7874536 total
- age   3:    2562464 bytes,   10437000 total
- age   4:    1922640 bytes,   12359640 total
- age   5:    1534592 bytes,   13894232 total
- age   6:    1853640 bytes,   15747872 total
- age   7:    1906576 bytes,   17654448 total
- age   8:    1996464 bytes,   19650912 total
: 109248K->21824K(109248K), 0.0091186 secs] 157056K->76754K(502464K), 0.0091663 secs] [Times: user=0.00 sys=0.00, real=0.01 secs] 
Heap after GC invocations=17 (full 1):
 par new generation   total 109248K, used 21824K [0x00000000e0000000, 0x00000000e8000000, 0x00000000e8000000)
  eden space 87424K,   0% used [0x00000000e0000000, 0x00000000e0000000, 0x00000000e5560000)
  from space 21824K, 100% used [0x00000000e6ab0000, 0x00000000e8000000, 0x00000000e8000000)
  to   space 21824K,   0% used [0x00000000e5560000, 0x00000000e5560000, 0x00000000e6ab0000)
 concurrent mark-sweep generation total 393216K, used 54930K [0x00000000e8000000, 0x0000000100000000, 0x0000000100000000)
 Metaspace       used 28759K, capacity 29158K, committed 29460K, reserved 1075200K
  class space    used 3434K, capacity 3579K, committed 3608K, reserved 1048576K
}
2015-09-09T11:26:41.834+0200: 68.913: Total time for which application threads were stopped: 0.0092982 seconds, Stopping threads took: 0.0000134 seconds
{Heap before GC invocations=17 (full 1):
 par new generation   total 109248K, used 109248K [0x00000000e0000000, 0x00000000e8000000, 0x00000000e8000000)
  eden space 87424K, 100% used [0x00000000e0000000, 0x00000000e5560000, 0x00000000e5560000)
  from space 21824K, 100% used [0x00000000e6ab0000, 0x00000000e8000000, 0x00000000e8000000)
  to   space 21824K,   0% used [0x00000000e5560000, 0x00000000e5560000, 0x00000000e6ab0000)
 concurrent mark-sweep generation total 393216K, used 54930K [0x00000000e8000000, 0x0000000100000000, 0x0000000100000000)
 Metaspace       used 28759K, capacity 29158K, committed 29460K, reserved 1075200K
  class space    used 3434K, capacity 3579K, committed 3608K, reserved 1048576K
2015-09-09T11:26:42.118+0200: 69.198: [GC (Allocation Failure) 69.198: [ParNew
Desired survivor size 20112992 bytes, new threshold 8 (max 8)
- age   1:    3387512 bytes,    3387512 total
- age   2:    4928144 bytes,    8315656 total
- age   3:    1783872 bytes,   10099528 total
- age   4:    1919488 bytes,   12019016 total
- age   5:    1906800 bytes,   13925816 total
- age   6:    1530432 bytes,   15456248 total
- age   7:    1851552 bytes,   17307800 total
- age   8:    1904216 bytes,   19212016 total
: 109248K->21824K(109248K), 0.0087353 secs] 164178K->82169K(502464K), 0.0087804 secs] [Times: user=0.00 sys=0.00, real=0.01 secs] 
Heap after GC invocations=18 (full 1):
 par new generation   total 109248K, used 21824K [0x00000000e0000000, 0x00000000e8000000, 0x00000000e8000000)
  eden space 87424K,   0% used [0x00000000e0000000, 0x00000000e0000000, 0x00000000e5560000)
  from space 21824K, 100% used [0x00000000e5560000, 0x00000000e6ab0000, 0x00000000e6ab0000)
  to   space 21824K,   0% used [0x00000000e6ab0000, 0x00000000e6ab0000, 0x00000000e8000000)
 concurrent mark-sweep generation total 393216K, used 60345K [0x00000000e8000000, 0x0000000100000000, 0x0000000100000000)
 Metaspace       used 28759K, capacity 29158K, committed 29460K, reserved 1075200K
  class space    used 3434K, capacity 3579K, committed 3608K, reserved 1048576K
}
2015-09-09T11:26:42.127+0200: 69.206: Total time for which application threads were stopped: 0.0089106 seconds, Stopping threads took: 0.0000134 seconds
{Heap before GC invocations=18 (full 1):
 par new generation   total 109248K, used 109146K [0x00000000e0000000, 0x00000000e8000000, 0x00000000e8000000)
  eden space 87424K,  99% used [0x00000000e0000000, 0x00000000e5546840, 0x00000000e5560000)
  from space 21824K, 100% used [0x00000000e5560000, 0x00000000e6ab0000, 0x00000000e6ab0000)
  to   space 21824K,   0% used [0x00000000e6ab0000, 0x00000000e6ab0000, 0x00000000e8000000)
 concurrent mark-sweep generation total 393216K, used 60345K [0x00000000e8000000, 0x0000000100000000, 0x0000000100000000)
 Metaspace       used 28760K, capacity 29158K, committed 29460K, reserved 1075200K
  class space    used 3434K, capacity 3579K, committed 3608K, reserved 1048576K
2015-09-09T11:26:42.401+0200: 69.480: [GC (Allocation Failure) 69.480: [ParNew
Desired survivor size 20112992 bytes, new threshold 8 (max 8)
- age   1:    6389776 bytes,    6389776 total
- age   2:    2913376 bytes,    9303152 total
- age   3:    2120960 bytes,   11424112 total
- age   4:    1717144 bytes,   13141256 total
- age   5:    1858912 bytes,   15000168 total
- age   6:    1889976 bytes,   16890144 total
- age   7:    1523392 bytes,   18413536 total
- age   8:    1847496 bytes,   20261032 total
: 109146K->21824K(109248K), 0.0090447 secs] 169491K->87154K(502464K), 0.0090927 secs] [Times: user=0.00 sys=0.00, real=0.01 secs] 
Heap after GC invocations=19 (full 1):
 par new generation   total 109248K, used 21824K [0x00000000e0000000, 0x00000000e8000000, 0x00000000e8000000)
  eden space 87424K,   0% used [0x00000000e0000000, 0x00000000e0000000, 0x00000000e5560000)
  from space 21824K, 100% used [0x00000000e6ab0000, 0x00000000e8000000, 0x00000000e8000000)
  to   space 21824K,   0% used [0x00000000e5560000, 0x00000000e5560000, 0x00000000e6ab0000)
 concurrent mark-sweep generation total 393216K, used 65330K [0x00000000e8000000, 0x0000000100000000, 0x0000000100000000)
 Metaspace       used 28760K, capacity 29158K, committed 29460K, reserved 1075200K
  class space    used 3434K, capacity 3579K, committed 3608K, reserved 1048576K
}
2015-09-09T11:26:42.410+0200: 69.489: Total time for which application threads were stopped: 0.0092310 seconds, Stopping threads took: 0.0000138 seconds
{Heap before GC invocations=19 (full 1):
 par new generation   total 109248K, used 109248K [0x00000000e0000000, 0x00000000e8000000, 0x00000000e8000000)
  eden space 87424K, 100% used [0x00000000e0000000, 0x00000000e5560000, 0x00000000e5560000)
  from space 21824K, 100% used [0x00000000e6ab0000, 0x00000000e8000000, 0x00000000e8000000)
  to   space 21824K,   0% used [0x00000000e5560000, 0x00000000e5560000, 0x00000000e6ab0000)
 concurrent mark-sweep generation total 393216K, used 65330K [0x00000000e8000000, 0x0000000100000000, 0x0000000100000000)
 Metaspace       used 28760K, capacity 29158K, committed 29460K, reserved 1075200K
  class space    used 3434K, capacity 3579K, committed 3608K, reserved 1048576K
2015-09-09T11:26:42.683+0200: 69.763: [GC (Allocation Failure) 69.763: [ParNew
Desired survivor size 20112992 bytes, new threshold 8 (max 8)
- age   1:    7442872 bytes,    7442872 total
- age   2:    2466184 bytes,    9909056 total
- age   3:    2213936 bytes,   12122992 total
- age   4:    2049648 bytes,   14172640 total
- age   5:    1398640 bytes,   15571280 total
- age   6:    1837896 bytes,   17409176 total
- age   7:    1866944 bytes,   19276120 total
- age   8:    1502992 bytes,   20779112 total
: 109248K->21824K(109248K), 0.0093388 secs] 174578K->95233K(502464K), 0.0093929 secs] [Times: user=0.00 sys=0.02, real=0.01 secs] 
Heap after GC invocations=20 (full 1):
 par new generation   total 109248K, used 21824K [0x00000000e0000000, 0x00000000e8000000, 0x00000000e8000000)
  eden space 87424K,   0% used [0x00000000e0000000, 0x00000000e0000000, 0x00000000e5560000)
  from space 21824K, 100% used [0x00000000e5560000, 0x00000000e6ab0000, 0x00000000e6ab0000)
  to   space 21824K,   0% used [0x00000000e6ab0000, 0x00000000e6ab0000, 0x00000000e8000000)
 concurrent mark-sweep generation total 393216K, used 73409K [0x00000000e8000000, 0x0000000100000000, 0x0000000100000000)
 Metaspace       used 28760K, capacity 29158K, committed 29460K, reserved 1075200K
  class space    used 3434K, capacity 3579K, committed 3608K, reserved 1048576K
}
2015-09-09T11:26:42.693+0200: 69.772: Total time for which application threads were stopped: 0.0095353 seconds, Stopping threads took: 0.0000134 seconds
{Heap before GC invocations=20 (full 1):
 par new generation   total 109248K, used 109248K [0x00000000e0000000, 0x00000000e8000000, 0x00000000e8000000)
  eden space 87424K, 100% used [0x00000000e0000000, 0x00000000e5560000, 0x00000000e5560000)
  from space 21824K, 100% used [0x00000000e5560000, 0x00000000e6ab0000, 0x00000000e6ab0000)
  to   space 21824K,   0% used [0x00000000e6ab0000, 0x00000000e6ab0000, 0x00000000e8000000)
 concurrent mark-sweep generation total 393216K, used 73409K [0x00000000e8000000, 0x0000000100000000, 0x0000000100000000)
 Metaspace       used 28760K, capacity 29158K, committed 29460K, reserved 1075200K
  class space    used 3434K, capacity 3579K, committed 3608K, reserved 1048576K
2015-09-09T11:26:42.976+0200: 70.055: [GC (Allocation Failure) 70.055: [ParNew
Desired survivor size 20112992 bytes, new threshold 8 (max 8)
- age   1:    3734600 bytes,    3734600 total
- age   2:    5488344 bytes,    9222944 total
- age   3:    2046024 bytes,   11268968 total
- age   4:    2129736 bytes,   13398704 total
- age   5:    1982656 bytes,   15381360 total
- age   6:    1070280 bytes,   16451640 total
- age   7:    1194056 bytes,   17645696 total
- age   8:    1857704 bytes,   19503400 total
: 109248K->21824K(109248K), 0.0095423 secs] 182657K->100034K(502464K), 0.0096137 secs] [Times: user=0.00 sys=0.00, real=0.01 secs] 
Heap after GC invocations=21 (full 1):
 par new generation   total 109248K, used 21824K [0x00000000e0000000, 0x00000000e8000000, 0x00000000e8000000)
  eden space 87424K,   0% used [0x00000000e0000000, 0x00000000e0000000, 0x00000000e5560000)
  from space 21824K, 100% used [0x00000000e6ab0000, 0x00000000e8000000, 0x00000000e8000000)
  to   space 21824K,   0% used [0x00000000e5560000, 0x00000000e5560000, 0x00000000e6ab0000)
 concurrent mark-sweep generation total 393216K, used 78210K [0x00000000e8000000, 0x0000000100000000, 0x0000000100000000)
 Metaspace       used 28760K, capacity 29158K, committed 29460K, reserved 1075200K
  class space    used 3434K, capacity 3579K, committed 3608K, reserved 1048576K
}
2015-09-09T11:26:42.986+0200: 70.065: Total time for which application threads were stopped: 0.0097407 seconds, Stopping threads took: 0.0000131 seconds
{Heap before GC invocations=21 (full 1):
 par new generation   total 109248K, used 109248K [0x00000000e0000000, 0x00000000e8000000, 0x00000000e8000000)
  eden space 87424K, 100% used [0x00000000e0000000, 0x00000000e5560000, 0x00000000e5560000)
  from space 21824K, 100% used [0x00000000e6ab0000, 0x00000000e8000000, 0x00000000e8000000)
  to   space 21824K,   0% used [0x00000000e5560000, 0x00000000e5560000, 0x00000000e6ab0000)
 concurrent mark-sweep generation total 393216K, used 78210K [0x00000000e8000000, 0x0000000100000000, 0x0000000100000000)
 Metaspace       used 28760K, capacity 29158K, committed 29460K, reserved 1075200K
  class space    used 3434K, capacity 3579K, committed 3608K, reserved 1048576K
2015-09-09T11:26:43.281+0200: 70.360: [GC (Allocation Failure) 70.360: [ParNew
Desired survivor size 20112992 bytes, new threshold 8 (max 8)
- age   1:    2559224 bytes,    2559224 total
- age   2:    3530568 bytes,    6089792 total
- age   3:    5233176 bytes,   11322968 total
- age   4:    1927520 bytes,   13250488 total
- age   5:    1957992 bytes,   15208480 total
- age   6:    1816288 bytes,   17024768 total
- age   7:     919736 bytes,   17944504 total
- age   8:     819824 bytes,   18764328 total
: 109248K->21824K(109248K), 0.0089167 secs] 187458K->103960K(502464K), 0.0089702 secs] [Times: user=0.06 sys=0.00, real=0.01 secs] 
Heap after GC invocations=22 (full 1):
 par new generation   total 109248K, used 21824K [0x00000000e0000000, 0x00000000e8000000, 0x00000000e8000000)
  eden space 87424K,   0% used [0x00000000e0000000, 0x00000000e0000000, 0x00000000e5560000)
  from space 21824K, 100% used [0x00000000e5560000, 0x00000000e6ab0000, 0x00000000e6ab0000)
  to   space 21824K,   0% used [0x00000000e6ab0000, 0x00000000e6ab0000, 0x00000000e8000000)
 concurrent mark-sweep generation total 393216K, used 82136K [0x00000000e8000000, 0x0000000100000000, 0x0000000100000000)
 Metaspace       used 28760K, capacity 29158K, committed 29460K, reserved 1075200K
  class space    used 3434K, capacity 3579K, committed 3608K, reserved 1048576K
}
2015-09-09T11:26:43.290+0200: 70.369: Total time for which application threads were stopped: 0.0091190 seconds, Stopping threads took: 0.0000250 seconds
{Heap before GC invocations=22 (full 1):
 par new generation   total 109248K, used 109248K [0x00000000e0000000, 0x00000000e8000000, 0x00000000e8000000)
  eden space 87424K, 100% used [0x00000000e0000000, 0x00000000e5560000, 0x00000000e5560000)
  from space 21824K, 100% used [0x00000000e5560000, 0x00000000e6ab0000, 0x00000000e6ab0000)
  to   space 21824K,   0% used [0x00000000e6ab0000, 0x00000000e6ab0000, 0x00000000e8000000)
 concurrent mark-sweep generation total 393216K, used 82136K [0x00000000e8000000, 0x0000000100000000, 0x0000000100000000)
 Metaspace       used 28761K, capacity 29158K, committed 29460K, reserved 1075200K
  class space    used 3434K, capacity 3579K, committed 3608K, reserved 1048576K
2015-09-09T11:26:43.553+0200: 70.632: [GC (Allocation Failure) 70.632: [ParNew
Desired survivor size 20112992 bytes, new threshold 8 (max 8)
- age   1:    4398072 bytes,    4398072 total
- age   2:    2142080 bytes,    6540152 total
- age   3:    3200136 bytes,    9740288 total
- age   4:    3428872 bytes,   13169160 total
- age   5:    1789432 bytes,   14958592 total
- age   6:    1940152 bytes,   16898744 total
- age   7:    1601272 bytes,   18500016 total
- age   8:     663872 bytes,   19163888 total
: 109248K->21824K(109248K), 0.0100700 secs] 191384K->113606K(502464K), 0.0101167 secs] [Times: user=0.00 sys=0.00, real=0.01 secs] 
Heap after GC invocations=23 (full 1):
 par new generation   total 109248K, used 21824K [0x00000000e0000000, 0x00000000e8000000, 0x00000000e8000000)
  eden space 87424K,   0% used [0x00000000e0000000, 0x00000000e0000000, 0x00000000e5560000)
  from space 21824K, 100% used [0x00000000e6ab0000, 0x00000000e8000000, 0x00000000e8000000)
  to   space 21824K,   0% used [0x00000000e5560000, 0x00000000e5560000, 0x00000000e6ab0000)
 concurrent mark-sweep generation total 393216K, used 91782K [0x00000000e8000000, 0x0000000100000000, 0x0000000100000000)
 Metaspace       used 28761K, capacity 29158K, committed 29460K, reserved 1075200K
  class space    used 3434K, capacity 3579K, committed 3608K, reserved 1048576K
}
2015-09-09T11:26:43.563+0200: 70.642: Total time for which application threads were stopped: 0.0102549 seconds, Stopping threads took: 0.0000218 seconds
{Heap before GC invocations=23 (full 1):
 par new generation   total 109248K, used 109248K [0x00000000e0000000, 0x00000000e8000000, 0x00000000e8000000)
  eden space 87424K, 100% used [0x00000000e0000000, 0x00000000e5560000, 0x00000000e5560000)
  from space 21824K, 100% used [0x00000000e6ab0000, 0x00000000e8000000, 0x00000000e8000000)
  to   space 21824K,   0% used [0x00000000e5560000, 0x00000000e5560000, 0x00000000e6ab0000)
 concurrent mark-sweep generation total 393216K, used 91782K [0x00000000e8000000, 0x0000000100000000, 0x0000000100000000)
 Metaspace       used 28761K, capacity 29158K, committed 29460K, reserved 1075200K
  class space    used 3434K, capacity 3579K, committed 3608K, reserved 1048576K
2015-09-09T11:26:43.857+0200: 70.937: [GC (Allocation Failure) 70.937: [ParNew
Desired survivor size 20112992 bytes, new threshold 8 (max 8)
- age   1:    1373400 bytes,    1373400 total
- age   2:    3888768 bytes,    5262168 total
- age   3:    1938048 bytes,    7200216 total
- age   4:    3049512 bytes,   10249728 total
- age   5:    3347640 bytes,   13597368 total
- age   6:    1601672 bytes,   15199040 total
- age   7:    1714440 bytes,   16913480 total
- age   8:    1594888 bytes,   18508368 total
: 109248K->21824K(109248K), 0.0089871 secs] 201030K->117565K(502464K), 0.0090297 secs] [Times: user=0.06 sys=0.00, real=0.01 secs] 
Heap after GC invocations=24 (full 1):
 par new generation   total 109248K, used 21824K [0x00000000e0000000, 0x00000000e8000000, 0x00000000e8000000)
  eden space 87424K,   0% used [0x00000000e0000000, 0x00000000e0000000, 0x00000000e5560000)
  from space 21824K, 100% used [0x00000000e5560000, 0x00000000e6ab0000, 0x00000000e6ab0000)
  to   space 21824K,   0% used [0x00000000e6ab0000, 0x00000000e6ab0000, 0x00000000e8000000)
 concurrent mark-sweep generation total 393216K, used 95741K [0x00000000e8000000, 0x0000000100000000, 0x0000000100000000)
 Metaspace       used 28761K, capacity 29158K, committed 29460K, reserved 1075200K
  class space    used 3434K, capacity 3579K, committed 3608K, reserved 1048576K
}
2015-09-09T11:26:43.866+0200: 70.946: Total time for which application threads were stopped: 0.0091762 seconds, Stopping threads took: 0.0000230 seconds
{Heap before GC invocations=24 (full 1):
 par new generation   total 109248K, used 109248K [0x00000000e0000000, 0x00000000e8000000, 0x00000000e8000000)
  eden space 87424K, 100% used [0x00000000e0000000, 0x00000000e5560000, 0x00000000e5560000)
  from space 21824K, 100% used [0x00000000e5560000, 0x00000000e6ab0000, 0x00000000e6ab0000)
  to   space 21824K,   0% used [0x00000000e6ab0000, 0x00000000e6ab0000, 0x00000000e8000000)
 concurrent mark-sweep generation total 393216K, used 95741K [0x00000000e8000000, 0x0000000100000000, 0x0000000100000000)
 Metaspace       used 28761K, capacity 29158K, committed 29460K, reserved 1075200K
  class space    used 3434K, capacity 3579K, committed 3608K, reserved 1048576K
2015-09-09T11:26:44.127+0200: 71.206: [GC (Allocation Failure) 71.206: [ParNew
Desired survivor size 20112992 bytes, new threshold 8 (max 8)
- age   1:    3336728 bytes,    3336728 total
- age   2:    1364184 bytes,    4700912 total
- age   3:    1949336 bytes,    6650248 total
- age   4:    1935272 bytes,    8585520 total
- age   5:    2881856 bytes,   11467376 total
- age   6:    3345216 bytes,   14812592 total
- age   7:    1599712 bytes,   16412304 total
- age   8:    1710088 bytes,   18122392 total
: 109248K->21824K(109248K), 0.0104793 secs] 204989K->128990K(502464K), 0.0105269 secs] [Times: user=0.05 sys=0.01, real=0.01 secs] 
Heap after GC invocations=25 (full 1):
 par new generation   total 109248K, used 21824K [0x00000000e0000000, 0x00000000e8000000, 0x00000000e8000000)
  eden space 87424K,   0% used [0x00000000e0000000, 0x00000000e0000000, 0x00000000e5560000)
  from space 21824K, 100% used [0x00000000e6ab0000, 0x00000000e8000000, 0x00000000e8000000)
  to   space 21824K,   0% used [0x00000000e5560000, 0x00000000e5560000, 0x00000000e6ab0000)
 concurrent mark-sweep generation total 393216K, used 107166K [0x00000000e8000000, 0x0000000100000000, 0x0000000100000000)
 Metaspace       used 28761K, capacity 29158K, committed 29460K, reserved 1075200K
  class space    used 3434K, capacity 3579K, committed 3608K, reserved 1048576K
}
2015-09-09T11:26:44.137+0200: 71.217: Total time for which application threads were stopped: 0.0106607 seconds, Stopping threads took: 0.0000141 seconds
{Heap before GC invocations=25 (full 1):
 par new generation   total 109248K, used 109248K [0x00000000e0000000, 0x00000000e8000000, 0x00000000e8000000)
  eden space 87424K, 100% used [0x00000000e0000000, 0x00000000e5560000, 0x00000000e5560000)
  from space 21824K, 100% used [0x00000000e6ab0000, 0x00000000e8000000, 0x00000000e8000000)
  to   space 21824K,   0% used [0x00000000e5560000, 0x00000000e5560000, 0x00000000e6ab0000)
 concurrent mark-sweep generation total 393216K, used 107166K [0x00000000e8000000, 0x0000000100000000, 0x0000000100000000)
 Metaspace       used 28761K, capacity 29158K, committed 29460K, reserved 1075200K
  class space    used 3434K, capacity 3579K, committed 3608K, reserved 1048576K
2015-09-09T11:26:44.433+0200: 71.512: [GC (Allocation Failure) 71.512: [ParNew
Desired survivor size 20112992 bytes, new threshold 8 (max 8)
- age   1:    4344640 bytes,    4344640 total
- age   2:    3207416 bytes,    7552056 total
- age   3:    1306968 bytes,    8859024 total
- age   4:    1653064 bytes,   10512088 total
- age   5:    1884232 bytes,   12396320 total
- age   6:    2832056 bytes,   15228376 total
- age   7:    3312832 bytes,   18541208 total
- age   8:    1560016 bytes,   20101224 total
: 109248K->21824K(109248K), 0.0101452 secs] 216414K->131447K(502464K), 0.0101906 secs] [Times: user=0.06 sys=0.00, real=0.01 secs] 
Heap after GC invocations=26 (full 1):
 par new generation   total 109248K, used 21824K [0x00000000e0000000, 0x00000000e8000000, 0x00000000e8000000)
  eden space 87424K,   0% used [0x00000000e0000000, 0x00000000e0000000, 0x00000000e5560000)
  from space 21824K, 100% used [0x00000000e5560000, 0x00000000e6ab0000, 0x00000000e6ab0000)
  to   space 21824K,   0% used [0x00000000e6ab0000, 0x00000000e6ab0000, 0x00000000e8000000)
 concurrent mark-sweep generation total 393216K, used 109623K [0x00000000e8000000, 0x0000000100000000, 0x0000000100000000)
 Metaspace       used 28761K, capacity 29158K, committed 29460K, reserved 1075200K
  class space    used 3434K, capacity 3579K, committed 3608K, reserved 1048576K
}
2015-09-09T11:26:44.443+0200: 71.522: Total time for which application threads were stopped: 0.0103353 seconds, Stopping threads took: 0.0000125 seconds
{Heap before GC invocations=26 (full 1):
 par new generation   total 109248K, used 109248K [0x00000000e0000000, 0x00000000e8000000, 0x00000000e8000000)
  eden space 87424K, 100% used [0x00000000e0000000, 0x00000000e5560000, 0x00000000e5560000)
  from space 21824K, 100% used [0x00000000e5560000, 0x00000000e6ab0000, 0x00000000e6ab0000)
  to   space 21824K,   0% used [0x00000000e6ab0000, 0x00000000e6ab0000, 0x00000000e8000000)
 concurrent mark-sweep generation total 393216K, used 109623K [0x00000000e8000000, 0x0000000100000000, 0x0000000100000000)
 Metaspace       used 28761K, capacity 29158K, committed 29460K, reserved 1075200K
  class space    used 3434K, capacity 3579K, committed 3608K, reserved 1048576K
2015-09-09T11:26:44.745+0200: 71.825: [GC (Allocation Failure) 71.825: [ParNew
Desired survivor size 20112992 bytes, new threshold 8 (max 8)
- age   1:    5639920 bytes,    5639920 total
- age   2:    3606384 bytes,    9246304 total
- age   3:    2610704 bytes,   11857008 total
- age   4:    1137288 bytes,   12994296 total
- age   5:    1490344 bytes,   14484640 total
- age   6:    1757464 bytes,   16242104 total
- age   7:    2716304 bytes,   18958408 total
- age   8:    3241504 bytes,   22199912 total
: 109248K->21824K(109248K), 0.0111282 secs] 218871K->140446K(502464K), 0.0111785 secs] [Times: user=0.06 sys=0.00, real=0.01 secs] 
Heap after GC invocations=27 (full 1):
 par new generation   total 109248K, used 21824K [0x00000000e0000000, 0x00000000e8000000, 0x00000000e8000000)
  eden space 87424K,   0% used [0x00000000e0000000, 0x00000000e0000000, 0x00000000e5560000)
  from space 21824K, 100% used [0x00000000e6ab0000, 0x00000000e8000000, 0x00000000e8000000)
  to   space 21824K,   0% used [0x00000000e5560000, 0x00000000e5560000, 0x00000000e6ab0000)
 concurrent mark-sweep generation total 393216K, used 118622K [0x00000000e8000000, 0x0000000100000000, 0x0000000100000000)
 Metaspace       used 28761K, capacity 29158K, committed 29460K, reserved 1075200K
  class space    used 3434K, capacity 3579K, committed 3608K, reserved 1048576K
}
2015-09-09T11:26:44.757+0200: 71.836: Total time for which application threads were stopped: 0.0113029 seconds, Stopping threads took: 0.0000138 seconds
{Heap before GC invocations=27 (full 1):
 par new generation   total 109248K, used 109248K [0x00000000e0000000, 0x00000000e8000000, 0x00000000e8000000)
  eden space 87424K, 100% used [0x00000000e0000000, 0x00000000e5560000, 0x00000000e5560000)
  from space 21824K, 100% used [0x00000000e6ab0000, 0x00000000e8000000, 0x00000000e8000000)
  to   space 21824K,   0% used [0x00000000e5560000, 0x00000000e5560000, 0x00000000e6ab0000)
 concurrent mark-sweep generation total 393216K, used 118622K [0x00000000e8000000, 0x0000000100000000, 0x0000000100000000)
 Metaspace       used 28761K, capacity 29158K, committed 29460K, reserved 1075200K
  class space    used 3434K, capacity 3579K, committed 3608K, reserved 1048576K
2015-09-09T11:26:45.023+0200: 72.103: [GC (Allocation Failure) 72.103: [ParNew
Desired survivor size 20112992 bytes, new threshold 8 (max 8)
- age   1:    3629264 bytes,    3629264 total
- age   2:    4866040 bytes,    8495304 total
- age   3:    3284272 bytes,   11779576 total
- age   4:    1492352 bytes,   13271928 total
- age   5:    1131416 bytes,   14403344 total
- age   6:    1485528 bytes,   15888872 total
- age   7:    1755320 bytes,   17644192 total
- age   8:    2713784 bytes,   20357976 total
: 109248K->21824K(109248K), 0.0108697 secs] 227870K->151993K(502464K), 0.0109170 secs] [Times: user=0.02 sys=0.00, real=0.01 secs] 
Heap after GC invocations=28 (full 1):
 par new generation   total 109248K, used 21824K [0x00000000e0000000, 0x00000000e8000000, 0x00000000e8000000)
  eden space 87424K,   0% used [0x00000000e0000000, 0x00000000e0000000, 0x00000000e5560000)
  from space 21824K, 100% used [0x00000000e5560000, 0x00000000e6ab0000, 0x00000000e6ab0000)
  to   space 21824K,   0% used [0x00000000e6ab0000, 0x00000000e6ab0000, 0x00000000e8000000)
 concurrent mark-sweep generation total 393216K, used 130169K [0x00000000e8000000, 0x0000000100000000, 0x0000000100000000)
 Metaspace       used 28761K, capacity 29158K, committed 29460K, reserved 1075200K
  class space    used 3434K, capacity 3579K, committed 3608K, reserved 1048576K
}
2015-09-09T11:26:45.034+0200: 72.113: Total time for which application threads were stopped: 0.0110453 seconds, Stopping threads took: 0.0000125 seconds
{Heap before GC invocations=28 (full 1):
 par new generation   total 109248K, used 109248K [0x00000000e0000000, 0x00000000e8000000, 0x00000000e8000000)
  eden space 87424K, 100% used [0x00000000e0000000, 0x00000000e5560000, 0x00000000e5560000)
  from space 21824K, 100% used [0x00000000e5560000, 0x00000000e6ab0000, 0x00000000e6ab0000)
  to   space 21824K,   0% used [0x00000000e6ab0000, 0x00000000e6ab0000, 0x00000000e8000000)
 concurrent mark-sweep generation total 393216K, used 130169K [0x00000000e8000000, 0x0000000100000000, 0x0000000100000000)
 Metaspace       used 28761K, capacity 29158K, committed 29460K, reserved 1075200K
  class space    used 3434K, capacity 3579K, committed 3608K, reserved 1048576K
2015-09-09T11:26:45.316+0200: 72.396: [GC (Allocation Failure) 72.396: [ParNew
Desired survivor size 20112992 bytes, new threshold 8 (max 8)
- age   1:    5646312 bytes,    5646312 total
- age   2:    2374328 bytes,    8020640 total
- age   3:    2033000 bytes,   10053640 total
- age   4:    3271112 bytes,   13324752 total
- age   5:    1490648 bytes,   14815400 total
- age   6:    1129568 bytes,   15944968 total
- age   7:    1484056 bytes,   17429024 total
- age   8:    1754264 bytes,   19183288 total
: 109248K->21824K(109248K), 0.0097218 secs] 239417K->156948K(502464K), 0.0097669 secs] [Times: user=0.00 sys=0.00, real=0.01 secs] 
Heap after GC invocations=29 (full 1):
 par new generation   total 109248K, used 21824K [0x00000000e0000000, 0x00000000e8000000, 0x00000000e8000000)
  eden space 87424K,   0% used [0x00000000e0000000, 0x00000000e0000000, 0x00000000e5560000)
  from space 21824K, 100% used [0x00000000e6ab0000, 0x00000000e8000000, 0x00000000e8000000)
  to   space 21824K,   0% used [0x00000000e5560000, 0x00000000e5560000, 0x00000000e6ab0000)
 concurrent mark-sweep generation total 393216K, used 135124K [0x00000000e8000000, 0x0000000100000000, 0x0000000100000000)
 Metaspace       used 28761K, capacity 29158K, committed 29460K, reserved 1075200K
  class space    used 3434K, capacity 3579K, committed 3608K, reserved 1048576K
}
2015-09-09T11:26:45.326+0200: 72.405: Total time for which application threads were stopped: 0.0099010 seconds, Stopping threads took: 0.0000138 seconds
{Heap before GC invocations=29 (full 1):
 par new generation   total 109248K, used 109248K [0x00000000e0000000, 0x00000000e8000000, 0x00000000e8000000)
  eden space 87424K, 100% used [0x00000000e0000000, 0x00000000e5560000, 0x00000000e5560000)
  from space 21824K, 100% used [0x00000000e6ab0000, 0x00000000e8000000, 0x00000000e8000000)
  to   space 21824K,   0% used [0x00000000e5560000, 0x00000000e5560000, 0x00000000e6ab0000)
 concurrent mark-sweep generation total 393216K, used 135124K [0x00000000e8000000, 0x0000000100000000, 0x0000000100000000)
 Metaspace       used 28762K, capacity 29158K, committed 29460K, reserved 1075200K
  class space    used 3434K, capacity 3579K, committed 3608K, reserved 1048576K
2015-09-09T11:26:45.616+0200: 72.695: [GC (Allocation Failure) 72.695: [ParNew
Desired survivor size 20112992 bytes, new threshold 8 (max 8)
- age   1:    2447648 bytes,    2447648 total
- age   2:    4483176 bytes,    6930824 total
- age   3:    2223760 bytes,    9154584 total
- age   4:    1931672 bytes,   11086256 total
- age   5:    3179944 bytes,   14266200 total
- age   6:    1426448 bytes,   15692648 total
- age   7:    1099080 bytes,   16791728 total
- age   8:    1452848 bytes,   18244576 total
: 109248K->21824K(109248K), 0.0098773 secs] 244372K->160626K(502464K), 0.0099237 secs] [Times: user=0.02 sys=0.00, real=0.01 secs] 
Heap after GC invocations=30 (full 1):
 par new generation   total 109248K, used 21824K [0x00000000e0000000, 0x00000000e8000000, 0x00000000e8000000)
  eden space 87424K,   0% used [0x00000000e0000000, 0x00000000e0000000, 0x00000000e5560000)
  from space 21824K, 100% used [0x00000000e5560000, 0x00000000e6ab0000, 0x00000000e6ab0000)
  to   space 21824K,   0% used [0x00000000e6ab0000, 0x00000000e6ab0000, 0x00000000e8000000)
 concurrent mark-sweep generation total 393216K, used 138802K [0x00000000e8000000, 0x0000000100000000, 0x0000000100000000)
 Metaspace       used 28762K, capacity 29158K, committed 29460K, reserved 1075200K
  class space    used 3434K, capacity 3579K, committed 3608K, reserved 1048576K
}
2015-09-09T11:26:45.626+0200: 72.705: Total time for which application threads were stopped: 0.0100789 seconds, Stopping threads took: 0.0000128 seconds
{Heap before GC invocations=30 (full 1):
 par new generation   total 109248K, used 109248K [0x00000000e0000000, 0x00000000e8000000, 0x00000000e8000000)
  eden space 87424K, 100% used [0x00000000e0000000, 0x00000000e5560000, 0x00000000e5560000)
  from space 21824K, 100% used [0x00000000e5560000, 0x00000000e6ab0000, 0x00000000e6ab0000)
  to   space 21824K,   0% used [0x00000000e6ab0000, 0x00000000e6ab0000, 0x00000000e8000000)
 concurrent mark-sweep generation total 393216K, used 138802K [0x00000000e8000000, 0x0000000100000000, 0x0000000100000000)
 Metaspace       used 28763K, capacity 29158K, committed 29460K, reserved 1075200K
  class space    used 3434K, capacity 3579K, committed 3608K, reserved 1048576K
2015-09-09T11:26:45.914+0200: 72.994: [GC (Allocation Failure) 72.994: [ParNew
Desired survivor size 20112992 bytes, new threshold 8 (max 8)
- age   1:    3418328 bytes,    3418328 total
- age   2:    2431848 bytes,    5850176 total
- age   3:    2614400 bytes,    8464576 total
- age   4:    2212112 bytes,   10676688 total
- age   5:    1926616 bytes,   12603304 total
- age   6:    2126912 bytes,   14730216 total
- age   7:    1423264 bytes,   16153480 total
- age   8:    1096040 bytes,   17249520 total
: 109248K->21824K(109248K), 0.0096210 secs] 248050K->164975K(502464K), 0.0096665 secs] [Times: user=0.06 sys=0.00, real=0.01 secs] 
Heap after GC invocations=31 (full 1):
 par new generation   total 109248K, used 21824K [0x00000000e0000000, 0x00000000e8000000, 0x00000000e8000000)
  eden space 87424K,   0% used [0x00000000e0000000, 0x00000000e0000000, 0x00000000e5560000)
  from space 21824K, 100% used [0x00000000e6ab0000, 0x00000000e8000000, 0x00000000e8000000)
  to   space 21824K,   0% used [0x00000000e5560000, 0x00000000e5560000, 0x00000000e6ab0000)
 concurrent mark-sweep generation total 393216K, used 143151K [0x00000000e8000000, 0x0000000100000000, 0x0000000100000000)
 Metaspace       used 28763K, capacity 29158K, committed 29460K, reserved 1075200K
  class space    used 3434K, capacity 3579K, committed 3608K, reserved 1048576K
}
2015-09-09T11:26:45.924+0200: 73.003: Total time for which application threads were stopped: 0.0098002 seconds, Stopping threads took: 0.0000138 seconds
{Heap before GC invocations=31 (full 1):
 par new generation   total 109248K, used 109248K [0x00000000e0000000, 0x00000000e8000000, 0x00000000e8000000)
  eden space 87424K, 100% used [0x00000000e0000000, 0x00000000e5560000, 0x00000000e5560000)
  from space 21824K, 100% used [0x00000000e6ab0000, 0x00000000e8000000, 0x00000000e8000000)
  to   space 21824K,   0% used [0x00000000e5560000, 0x00000000e5560000, 0x00000000e6ab0000)
 concurrent mark-sweep generation total 393216K, used 143151K [0x00000000e8000000, 0x0000000100000000, 0x0000000100000000)
 Metaspace       used 28763K, capacity 29158K, committed 29460K, reserved 1075200K
  class space    used 3434K, capacity 3579K, committed 3608K, reserved 1048576K
2015-09-09T11:26:46.190+0200: 73.270: [GC (Allocation Failure) 73.270: [ParNew
Desired survivor size 20112992 bytes, new threshold 8 (max 8)
- age   1:    5769032 bytes,    5769032 total
- age   2:    3259528 bytes,    9028560 total
- age   3:    2362032 bytes,   11390592 total
- age   4:    2444048 bytes,   13834640 total
- age   5:    2198528 bytes,   16033168 total
- age   6:    1907960 bytes,   17941128 total
- age   7:    2109512 bytes,   20050640 total
- age   8:    1418768 bytes,   21469408 total
: 109248K->21824K(109248K), 0.0130866 secs] 252399K->179999K(502464K), 0.0131439 secs] [Times: user=0.00 sys=0.00, real=0.01 secs] 
Heap after GC invocations=32 (full 1):
 par new generation   total 109248K, used 21824K [0x00000000e0000000, 0x00000000e8000000, 0x00000000e8000000)
  eden space 87424K,   0% used [0x00000000e0000000, 0x00000000e0000000, 0x00000000e5560000)
  from space 21824K, 100% used [0x00000000e5560000, 0x00000000e6ab0000, 0x00000000e6ab0000)
  to   space 21824K,   0% used [0x00000000e6ab0000, 0x00000000e6ab0000, 0x00000000e8000000)
 concurrent mark-sweep generation total 393216K, used 158175K [0x00000000e8000000, 0x0000000100000000, 0x0000000100000000)
 Metaspace       used 28763K, capacity 29158K, committed 29460K, reserved 1075200K
  class space    used 3434K, capacity 3579K, committed 3608K, reserved 1048576K
}
2015-09-09T11:26:46.204+0200: 73.283: Total time for which application threads were stopped: 0.0132764 seconds, Stopping threads took: 0.0000138 seconds
{Heap before GC invocations=32 (full 1):
 par new generation   total 109248K, used 109248K [0x00000000e0000000, 0x00000000e8000000, 0x00000000e8000000)
  eden space 87424K, 100% used [0x00000000e0000000, 0x00000000e5560000, 0x00000000e5560000)
  from space 21824K, 100% used [0x00000000e5560000, 0x00000000e6ab0000, 0x00000000e6ab0000)
  to   space 21824K,   0% used [0x00000000e6ab0000, 0x00000000e6ab0000, 0x00000000e8000000)
 concurrent mark-sweep generation total 393216K, used 158175K [0x00000000e8000000, 0x0000000100000000, 0x0000000100000000)
 Metaspace       used 28767K, capacity 29158K, committed 29460K, reserved 1075200K
  class space    used 3434K, capacity 3579K, committed 3608K, reserved 1048576K
2015-09-09T11:26:46.495+0200: 73.574: [GC (Allocation Failure) 73.574: [ParNew
Desired survivor size 20112992 bytes, new threshold 8 (max 8)
- age   1:    2245944 bytes,    2245944 total
- age   2:    3098504 bytes,    5344448 total
- age   3:    2994800 bytes,    8339248 total
- age   4:    2231144 bytes,   10570392 total
- age   5:    2319960 bytes,   12890352 total
- age   6:    2089112 bytes,   14979464 total
- age   7:    1821088 bytes,   16800552 total
- age   8:    2030280 bytes,   18830832 total
: 109248K->21824K(109248K), 0.0109113 secs] 267423K->185422K(502464K), 0.0109564 secs] [Times: user=0.06 sys=0.00, real=0.01 secs] 
Heap after GC invocations=33 (full 1):
 par new generation   total 109248K, used 21824K [0x00000000e0000000, 0x00000000e8000000, 0x00000000e8000000)
  eden space 87424K,   0% used [0x00000000e0000000, 0x00000000e0000000, 0x00000000e5560000)
  from space 21824K, 100% used [0x00000000e6ab0000, 0x00000000e8000000, 0x00000000e8000000)
  to   space 21824K,   0% used [0x00000000e5560000, 0x00000000e5560000, 0x00000000e6ab0000)
 concurrent mark-sweep generation total 393216K, used 163598K [0x00000000e8000000, 0x0000000100000000, 0x0000000100000000)
 Metaspace       used 28767K, capacity 29158K, committed 29460K, reserved 1075200K
  class space    used 3434K, capacity 3579K, committed 3608K, reserved 1048576K
}
2015-09-09T11:26:46.506+0200: 73.585: Total time for which application threads were stopped: 0.0110908 seconds, Stopping threads took: 0.0000141 seconds
{Heap before GC invocations=33 (full 1):
 par new generation   total 109248K, used 109248K [0x00000000e0000000, 0x00000000e8000000, 0x00000000e8000000)
  eden space 87424K, 100% used [0x00000000e0000000, 0x00000000e5560000, 0x00000000e5560000)
  from space 21824K, 100% used [0x00000000e6ab0000, 0x00000000e8000000, 0x00000000e8000000)
  to   space 21824K,   0% used [0x00000000e5560000, 0x00000000e5560000, 0x00000000e6ab0000)
 concurrent mark-sweep generation total 393216K, used 163598K [0x00000000e8000000, 0x0000000100000000, 0x0000000100000000)
 Metaspace       used 28769K, capacity 29158K, committed 29460K, reserved 1075200K
  class space    used 3434K, capacity 3579K, committed 3608K, reserved 1048576K
2015-09-09T11:26:46.797+0200: 73.876: [GC (Allocation Failure) 73.876: [ParNew
Desired survivor size 20112992 bytes, new threshold 8 (max 8)
- age   1:    2326688 bytes,    2326688 total
- age   2:    2025808 bytes,    4352496 total
- age   3:    3093608 bytes,    7446104 total
- age   4:    2988424 bytes,   10434528 total
- age   5:    2225960 bytes,   12660488 total
- age   6:    2314272 bytes,   14974760 total
- age   7:    2084600 bytes,   17059360 total
- age   8:    1815128 bytes,   18874488 total
: 109248K->21824K(109248K), 0.0097641 secs] 272846K->188004K(502464K), 0.0098124 secs] [Times: user=0.00 sys=0.00, real=0.01 secs] 
Heap after GC invocations=34 (full 1):
 par new generation   total 109248K, used 21824K [0x00000000e0000000, 0x00000000e8000000, 0x00000000e8000000)
  eden space 87424K,   0% used [0x00000000e0000000, 0x00000000e0000000, 0x00000000e5560000)
  from space 21824K, 100% used [0x00000000e5560000, 0x00000000e6ab0000, 0x00000000e6ab0000)
  to   space 21824K,   0% used [0x00000000e6ab0000, 0x00000000e6ab0000, 0x00000000e8000000)
 concurrent mark-sweep generation total 393216K, used 166180K [0x00000000e8000000, 0x0000000100000000, 0x0000000100000000)
 Metaspace       used 28769K, capacity 29158K, committed 29460K, reserved 1075200K
  class space    used 3434K, capacity 3579K, committed 3608K, reserved 1048576K
}
2015-09-09T11:26:46.806+0200: 73.886: Total time for which application threads were stopped: 0.0099849 seconds, Stopping threads took: 0.0000134 seconds
{Heap before GC invocations=34 (full 1):
 par new generation   total 109248K, used 109248K [0x00000000e0000000, 0x00000000e8000000, 0x00000000e8000000)
  eden space 87424K, 100% used [0x00000000e0000000, 0x00000000e5560000, 0x00000000e5560000)
  from space 21824K, 100% used [0x00000000e5560000, 0x00000000e6ab0000, 0x00000000e6ab0000)
  to   space 21824K,   0% used [0x00000000e6ab0000, 0x00000000e6ab0000, 0x00000000e8000000)
 concurrent mark-sweep generation total 393216K, used 166180K [0x00000000e8000000, 0x0000000100000000, 0x0000000100000000)
 Metaspace       used 28771K, capacity 29158K, committed 29460K, reserved 1075200K
  class space    used 3434K, capacity 3579K, committed 3608K, reserved 1048576K
2015-09-09T11:26:47.080+0200: 74.159: [GC (Allocation Failure) 74.159: [ParNew
Desired survivor size 20112992 bytes, new threshold 8 (max 8)
- age   1:    2941168 bytes,    2941168 total
- age   2:    1823336 bytes,    4764504 total
- age   3:    1897536 bytes,    6662040 total
- age   4:    2676408 bytes,    9338448 total
- age   5:    2869424 bytes,   12207872 total
- age   6:    2081384 bytes,   14289256 total
- age   7:    2171488 bytes,   16460744 total
- age   8:    1973600 bytes,   18434344 total
: 109248K->21824K(109248K), 0.0105711 secs] 275428K->196935K(502464K), 0.0106169 secs] [Times: user=0.00 sys=0.00, real=0.01 secs] 
Heap after GC invocations=35 (full 1):
 par new generation   total 109248K, used 21824K [0x00000000e0000000, 0x00000000e8000000, 0x00000000e8000000)
  eden space 87424K,   0% used [0x00000000e0000000, 0x00000000e0000000, 0x00000000e5560000)
  from space 21824K, 100% used [0x00000000e6ab0000, 0x00000000e8000000, 0x00000000e8000000)
  to   space 21824K,   0% used [0x00000000e5560000, 0x00000000e5560000, 0x00000000e6ab0000)
 concurrent mark-sweep generation total 393216K, used 175111K [0x00000000e8000000, 0x0000000100000000, 0x0000000100000000)
 Metaspace       used 28771K, capacity 29158K, committed 29460K, reserved 1075200K
  class space    used 3434K, capacity 3579K, committed 3608K, reserved 1048576K
}
2015-09-09T11:26:47.090+0200: 74.170: Total time for which application threads were stopped: 0.0107893 seconds, Stopping threads took: 0.0000134 seconds
{Heap before GC invocations=35 (full 1):
 par new generation   total 109248K, used 109248K [0x00000000e0000000, 0x00000000e8000000, 0x00000000e8000000)
  eden space 87424K, 100% used [0x00000000e0000000, 0x00000000e5560000, 0x00000000e5560000)
  from space 21824K, 100% used [0x00000000e6ab0000, 0x00000000e8000000, 0x00000000e8000000)
  to   space 21824K,   0% used [0x00000000e5560000, 0x00000000e5560000, 0x00000000e6ab0000)
 concurrent mark-sweep generation total 393216K, used 175111K [0x00000000e8000000, 0x0000000100000000, 0x0000000100000000)
 Metaspace       used 28772K, capacity 29158K, committed 29460K, reserved 1075200K
  class space    used 3434K, capacity 3579K, committed 3608K, reserved 1048576K
2015-09-09T11:26:47.353+0200: 74.433: [GC (Allocation Failure) 74.433: [ParNew
Desired survivor size 20112992 bytes, new threshold 8 (max 8)
- age   1:    3749648 bytes,    3749648 total
- age   2:    2075424 bytes,    5825072 total
- age   3:    1811392 bytes,    7636464 total
- age   4:    1895216 bytes,    9531680 total
- age   5:    2673808 bytes,   12205488 total
- age   6:    2866352 bytes,   15071840 total
- age   7:    2073168 bytes,   17145008 total
- age   8:    2164856 bytes,   19309864 total
: 109248K->21824K(109248K), 0.0115561 secs] 284359K->208917K(502464K), 0.0116015 secs] [Times: user=0.06 sys=0.00, real=0.01 secs] 
Heap after GC invocations=36 (full 1):
 par new generation   total 109248K, used 21824K [0x00000000e0000000, 0x00000000e8000000, 0x00000000e8000000)
  eden space 87424K,   0% used [0x00000000e0000000, 0x00000000e0000000, 0x00000000e5560000)
  from space 21824K, 100% used [0x00000000e5560000, 0x00000000e6ab0000, 0x00000000e6ab0000)
  to   space 21824K,   0% used [0x00000000e6ab0000, 0x00000000e6ab0000, 0x00000000e8000000)
 concurrent mark-sweep generation total 393216K, used 187093K [0x00000000e8000000, 0x0000000100000000, 0x0000000100000000)
 Metaspace       used 28772K, capacity 29158K, committed 29460K, reserved 1075200K
  class space    used 3434K, capacity 3579K, committed 3608K, reserved 1048576K
}
2015-09-09T11:26:47.365+0200: 74.445: Total time for which application threads were stopped: 0.0117298 seconds, Stopping threads took: 0.0000125 seconds
{Heap before GC invocations=36 (full 1):
 par new generation   total 109248K, used 109248K [0x00000000e0000000, 0x00000000e8000000, 0x00000000e8000000)
  eden space 87424K, 100% used [0x00000000e0000000, 0x00000000e5560000, 0x00000000e5560000)
  from space 21824K, 100% used [0x00000000e5560000, 0x00000000e6ab0000, 0x00000000e6ab0000)
  to   space 21824K,   0% used [0x00000000e6ab0000, 0x00000000e6ab0000, 0x00000000e8000000)
 concurrent mark-sweep generation total 393216K, used 187093K [0x00000000e8000000, 0x0000000100000000, 0x0000000100000000)
 Metaspace       used 28772K, capacity 29158K, committed 29460K, reserved 1075200K
  class space    used 3434K, capacity 3579K, committed 3608K, reserved 1048576K
2015-09-09T11:26:47.656+0200: 74.735: [GC (Allocation Failure) 74.735: [ParNew
Desired survivor size 20112992 bytes, new threshold 8 (max 8)
- age   1:    1953728 bytes,    1953728 total
- age   2:    3187640 bytes,    5141368 total
- age   3:    2033184 bytes,    7174552 total
- age   4:    1772992 bytes,    8947544 total
- age   5:    1888464 bytes,   10836008 total
- age   6:    2667904 bytes,   13503912 total
- age   7:    2859872 bytes,   16363784 total
- age   8:    2067976 bytes,   18431760 total
: 109248K->21824K(109248K), 0.0105215 secs] 296341K->212582K(502464K), 0.0105685 secs] [Times: user=0.00 sys=0.00, real=0.01 secs] 
Heap after GC invocations=37 (full 1):
 par new generation   total 109248K, used 21824K [0x00000000e0000000, 0x00000000e8000000, 0x00000000e8000000)
  eden space 87424K,   0% used [0x00000000e0000000, 0x00000000e0000000, 0x00000000e5560000)
  from space 21824K, 100% used [0x00000000e6ab0000, 0x00000000e8000000, 0x00000000e8000000)
  to   space 21824K,   0% used [0x00000000e5560000, 0x00000000e5560000, 0x00000000e6ab0000)
 concurrent mark-sweep generation total 393216K, used 190758K [0x00000000e8000000, 0x0000000100000000, 0x0000000100000000)
 Metaspace       used 28772K, capacity 29158K, committed 29460K, reserved 1075200K
  class space    used 3434K, capacity 3579K, committed 3608K, reserved 1048576K
}
2015-09-09T11:26:47.666+0200: 74.746: Total time for which application threads were stopped: 0.0107132 seconds, Stopping threads took: 0.0000134 seconds
{Heap before GC invocations=37 (full 1):
 par new generation   total 109248K, used 109248K [0x00000000e0000000, 0x00000000e8000000, 0x00000000e8000000)
  eden space 87424K, 100% used [0x00000000e0000000, 0x00000000e5560000, 0x00000000e5560000)
  from space 21824K, 100% used [0x00000000e6ab0000, 0x00000000e8000000, 0x00000000e8000000)
  to   space 21824K,   0% used [0x00000000e5560000, 0x00000000e5560000, 0x00000000e6ab0000)
 concurrent mark-sweep generation total 393216K, used 190758K [0x00000000e8000000, 0x0000000100000000, 0x0000000100000000)
 Metaspace       used 28772K, capacity 29158K, committed 29460K, reserved 1075200K
  class space    used 3434K, capacity 3579K, committed 3608K, reserved 1048576K
2015-09-09T11:26:47.959+0200: 75.039: [GC (Allocation Failure) 75.039: [ParNew
Desired survivor size 20112992 bytes, new threshold 8 (max 8)
- age   1:    2532808 bytes,    2532808 total
- age   2:    1879344 bytes,    4412152 total
- age   3:    3186112 bytes,    7598264 total
- age   4:    2027200 bytes,    9625464 total
- age   5:    1770920 bytes,   11396384 total
- age   6:    1887128 bytes,   13283512 total
- age   7:    2666672 bytes,   15950184 total
- age   8:    2858800 bytes,   18808984 total
: 109248K->21824K(109248K), 0.0103253 secs] 300006K->214762K(502464K), 0.0103689 secs] [Times: user=0.06 sys=0.00, real=0.01 secs] 
Heap after GC invocations=38 (full 1):
 par new generation   total 109248K, used 21824K [0x00000000e0000000, 0x00000000e8000000, 0x00000000e8000000)
  eden space 87424K,   0% used [0x00000000e0000000, 0x00000000e0000000, 0x00000000e5560000)
  from space 21824K, 100% used [0x00000000e5560000, 0x00000000e6ab0000, 0x00000000e6ab0000)
  to   space 21824K,   0% used [0x00000000e6ab0000, 0x00000000e6ab0000, 0x00000000e8000000)
 concurrent mark-sweep generation total 393216K, used 192938K [0x00000000e8000000, 0x0000000100000000, 0x0000000100000000)
 Metaspace       used 28772K, capacity 29158K, committed 29460K, reserved 1075200K
  class space    used 3434K, capacity 3579K, committed 3608K, reserved 1048576K
}
2015-09-09T11:26:47.969+0200: 75.049: Total time for which application threads were stopped: 0.0104975 seconds, Stopping threads took: 0.0000138 seconds
{Heap before GC invocations=38 (full 1):
 par new generation   total 109248K, used 109248K [0x00000000e0000000, 0x00000000e8000000, 0x00000000e8000000)
  eden space 87424K, 100% used [0x00000000e0000000, 0x00000000e5560000, 0x00000000e5560000)
  from space 21824K, 100% used [0x00000000e5560000, 0x00000000e6ab0000, 0x00000000e6ab0000)
  to   space 21824K,   0% used [0x00000000e6ab0000, 0x00000000e6ab0000, 0x00000000e8000000)
 concurrent mark-sweep generation total 393216K, used 192938K [0x00000000e8000000, 0x0000000100000000, 0x0000000100000000)
 Metaspace       used 28773K, capacity 29158K, committed 29460K, reserved 1075200K
  class space    used 3434K, capacity 3579K, committed 3608K, reserved 1048576K
2015-09-09T11:26:48.245+0200: 75.325: [GC (Allocation Failure) 75.325: [ParNew
Desired survivor size 20112992 bytes, new threshold 8 (max 8)
- age   1:    4859224 bytes,    4859224 total
- age   2:    2059056 bytes,    6918280 total
- age   3:    1865400 bytes,    8783680 total
- age   4:    3175592 bytes,   11959272 total
- age   5:    1427144 bytes,   13386416 total
- age   6:    1760744 bytes,   15147160 total
- age   7:    1881168 bytes,   17028328 total
- age   8:    2661680 bytes,   19690008 total
: 109248K->21824K(109248K), 0.0111436 secs] 302186K->221901K(502464K), 0.0111986 secs] [Times: user=0.06 sys=0.00, real=0.01 secs] 
Heap after GC invocations=39 (full 1):
 par new generation   total 109248K, used 21824K [0x00000000e0000000, 0x00000000e8000000, 0x00000000e8000000)
  eden space 87424K,   0% used [0x00000000e0000000, 0x00000000e0000000, 0x00000000e5560000)
  from space 21824K, 100% used [0x00000000e6ab0000, 0x00000000e8000000, 0x00000000e8000000)
  to   space 21824K,   0% used [0x00000000e5560000, 0x00000000e5560000, 0x00000000e6ab0000)
 concurrent mark-sweep generation total 393216K, used 200077K [0x00000000e8000000, 0x0000000100000000, 0x0000000100000000)
 Metaspace       used 28773K, capacity 29158K, committed 29460K, reserved 1075200K
  class space    used 3434K, capacity 3579K, committed 3608K, reserved 1048576K
}
2015-09-09T11:26:48.257+0200: 75.336: Total time for which application threads were stopped: 0.0113548 seconds, Stopping threads took: 0.0000259 seconds
2015-09-09T11:26:48.257+0200: 75.336: [GC (CMS Initial Mark) [1 CMS-initial-mark: 200077K(393216K)] 223650K(502464K), 0.0014109 secs] [Times: user=0.00 sys=0.00, real=0.00 secs] 
2015-09-09T11:26:48.258+0200: 75.338: Total time for which application threads were stopped: 0.0014761 seconds, Stopping threads took: 0.0000122 seconds
2015-09-09T11:26:48.258+0200: 75.338: [CMS-concurrent-mark-start]
2015-09-09T11:26:48.280+0200: 75.360: [CMS-concurrent-mark: 0.022/0.022 secs] [Times: user=0.12 sys=0.00, real=0.02 secs] 
2015-09-09T11:26:48.280+0200: 75.360: [CMS-concurrent-preclean-start]
2015-09-09T11:26:48.282+0200: 75.361: [CMS-concurrent-preclean: 0.001/0.001 secs] [Times: user=0.00 sys=0.00, real=0.00 secs] 
2015-09-09T11:26:48.282+0200: 75.361: [CMS-concurrent-abortable-preclean-start]
2015-09-09T11:26:48.424+0200: 75.504: [CMS-concurrent-abortable-preclean: 0.142/0.142 secs] [Times: user=0.28 sys=0.00, real=0.14 secs] 
2015-09-09T11:26:48.424+0200: 75.504: [GC (CMS Final Remark) [YG occupancy: 81345 K (109248 K)]{Heap before GC invocations=39 (full 2):
 par new generation   total 109248K, used 81345K [0x00000000e0000000, 0x00000000e8000000, 0x00000000e8000000)
  eden space 87424K,  68% used [0x00000000e0000000, 0x00000000e3a20448, 0x00000000e5560000)
  from space 21824K, 100% used [0x00000000e6ab0000, 0x00000000e8000000, 0x00000000e8000000)
  to   space 21824K,   0% used [0x00000000e5560000, 0x00000000e5560000, 0x00000000e6ab0000)
 concurrent mark-sweep generation total 393216K, used 200077K [0x00000000e8000000, 0x0000000100000000, 0x0000000100000000)
 Metaspace       used 28778K, capacity 29158K, committed 29460K, reserved 1075200K
  class space    used 3435K, capacity 3579K, committed 3608K, reserved 1048576K
2015-09-09T11:26:48.424+0200: 75.504: [GC (CMS Final Remark) 75.504: [ParNew
Desired survivor size 20112992 bytes, new threshold 8 (max 8)
- age   1:    2795536 bytes,    2795536 total
- age   2:    4737800 bytes,    7533336 total
- age   3:    1938720 bytes,    9472056 total
- age   4:    1850088 bytes,   11322144 total
- age   5:    1614808 bytes,   12936952 total
- age   6:    1413408 bytes,   14350360 total
- age   7:    1747384 bytes,   16097744 total
- age   8:    1873320 bytes,   17971064 total
: 81345K->21824K(109248K), 0.0109657 secs] 281422K->236403K(502464K), 0.0110015 secs] [Times: user=0.06 sys=0.00, real=0.01 secs] 
Heap after GC invocations=40 (full 2):
 par new generation   total 109248K, used 21824K [0x00000000e0000000, 0x00000000e8000000, 0x00000000e8000000)
  eden space 87424K,   0% used [0x00000000e0000000, 0x00000000e0000000, 0x00000000e5560000)
  from space 21824K, 100% used [0x00000000e5560000, 0x00000000e6ab0000, 0x00000000e6ab0000)
  to   space 21824K,   0% used [0x00000000e6ab0000, 0x00000000e6ab0000, 0x00000000e8000000)
 concurrent mark-sweep generation total 393216K, used 214579K [0x00000000e8000000, 0x0000000100000000, 0x0000000100000000)
 Metaspace       used 28778K, capacity 29158K, committed 29460K, reserved 1075200K
  class space    used 3435K, capacity 3579K, committed 3608K, reserved 1048576K
}
75.515: [Rescan (parallel) , 0.0035225 secs]75.518: [weak refs processing, 0.0008205 secs]75.519: [class unloading, 0.0044736 secs]75.524: [scrub symbol table, 0.0027827 secs]75.526: [scrub string table, 0.0003632 secs][1 CMS-remark: 214579K(393216K)] 236403K(502464K), 0.0241681 secs] [Times: user=0.06 sys=0.00, real=0.02 secs] 
2015-09-09T11:26:48.448+0200: 75.528: Total time for which application threads were stopped: 0.0242484 seconds, Stopping threads took: 0.0000150 seconds
2015-09-09T11:26:48.448+0200: 75.528: [CMS-concurrent-sweep-start]
2015-09-09T11:26:48.459+0200: 75.539: [CMS-concurrent-sweep: 0.011/0.011 secs] [Times: user=0.03 sys=0.00, real=0.01 secs] 
2015-09-09T11:26:48.459+0200: 75.539: [CMS-concurrent-reset-start]
2015-09-09T11:26:48.460+0200: 75.539: [CMS-concurrent-reset: 0.000/0.000 secs] [Times: user=0.00 sys=0.00, real=0.00 secs] 
{Heap before GC invocations=40 (full 2):
 par new generation   total 109248K, used 109248K [0x00000000e0000000, 0x00000000e8000000, 0x00000000e8000000)
  eden space 87424K, 100% used [0x00000000e0000000, 0x00000000e5560000, 0x00000000e5560000)
  from space 21824K, 100% used [0x00000000e5560000, 0x00000000e6ab0000, 0x00000000e6ab0000)
  to   space 21824K,   0% used [0x00000000e6ab0000, 0x00000000e6ab0000, 0x00000000e8000000)
 concurrent mark-sweep generation total 393216K, used 116187K [0x00000000e8000000, 0x0000000100000000, 0x0000000100000000)
 Metaspace       used 28778K, capacity 29158K, committed 29460K, reserved 1075200K
  class space    used 3435K, capacity 3579K, committed 3608K, reserved 1048576K
2015-09-09T11:26:48.737+0200: 75.817: [GC (Allocation Failure) 75.817: [ParNew
Desired survivor size 20112992 bytes, new threshold 8 (max 8)
- age   1:    2757008 bytes,    2757008 total
- age   2:    1035760 bytes,    3792768 total
- age   3:    4709288 bytes,    8502056 total
- age   4:    1907616 bytes,   10409672 total
- age   5:    1685176 bytes,   12094848 total
- age   6:    1608344 bytes,   13703192 total
- age   7:    1407416 bytes,   15110608 total
- age   8:    1740744 bytes,   16851352 total
: 109248K->21824K(109248K), 0.0092905 secs] 225435K->141692K(502464K), 0.0093353 secs] [Times: user=0.06 sys=0.00, real=0.01 secs] 
Heap after GC invocations=41 (full 2):
 par new generation   total 109248K, used 21824K [0x00000000e0000000, 0x00000000e8000000, 0x00000000e8000000)
  eden space 87424K,   0% used [0x00000000e0000000, 0x00000000e0000000, 0x00000000e5560000)
  from space 21824K, 100% used [0x00000000e6ab0000, 0x00000000e8000000, 0x00000000e8000000)
  to   space 21824K,   0% used [0x00000000e5560000, 0x00000000e5560000, 0x00000000e6ab0000)
 concurrent mark-sweep generation total 393216K, used 119868K [0x00000000e8000000, 0x0000000100000000, 0x0000000100000000)
 Metaspace       used 28778K, capacity 29158K, committed 29460K, reserved 1075200K
  class space    used 3435K, capacity 3579K, committed 3608K, reserved 1048576K
}
2015-09-09T11:26:48.747+0200: 75.826: Total time for which application threads were stopped: 0.0094854 seconds, Stopping threads took: 0.0000138 seconds
2015-09-09T11:26:48.758+0200: 75.838: Total time for which application threads were stopped: 0.0000451 seconds, Stopping threads took: 0.0000115 seconds
2015-09-09T11:26:49.758+0200: 76.837: Total time for which application threads were stopped: 0.0001120 seconds, Stopping threads took: 0.0000288 seconds
2015-09-09T11:26:49.798+0200: 76.877: Total time for which application threads were stopped: 0.0003376 seconds, Stopping threads took: 0.0000128 seconds
{Heap before GC invocations=41 (full 2):
 par new generation   total 109248K, used 109248K [0x00000000e0000000, 0x00000000e8000000, 0x00000000e8000000)
  eden space 87424K, 100% used [0x00000000e0000000, 0x00000000e5560000, 0x00000000e5560000)
  from space 21824K, 100% used [0x00000000e6ab0000, 0x00000000e8000000, 0x00000000e8000000)
  to   space 21824K,   0% used [0x00000000e5560000, 0x00000000e5560000, 0x00000000e6ab0000)
 concurrent mark-sweep generation total 393216K, used 119868K [0x00000000e8000000, 0x0000000100000000, 0x0000000100000000)
 Metaspace       used 29201K, capacity 29574K, committed 29844K, reserved 1075200K
  class space    used 3468K, capacity 3611K, committed 3736K, reserved 1048576K
2015-09-09T11:26:50.186+0200: 77.265: [GC (Allocation Failure) 77.265: [ParNew
Desired survivor size 20112992 bytes, new threshold 8 (max 8)
- age   1:    3619480 bytes,    3619480 total
- age   2:    2678680 bytes,    6298160 total
- age   3:    1001632 bytes,    7299792 total
- age   4:    4649288 bytes,   11949080 total
- age   5:    1841376 bytes,   13790456 total
- age   6:    1630168 bytes,   15420624 total
- age   7:    1558088 bytes,   16978712 total
- age   8:    1357208 bytes,   18335920 total
: 109248K->21824K(109248K), 0.0152671 secs] 229116K->143353K(502464K), 0.0153189 secs] [Times: user=0.06 sys=0.00, real=0.01 secs] 
Heap after GC invocations=42 (full 2):
 par new generation   total 109248K, used 21824K [0x00000000e0000000, 0x00000000e8000000, 0x00000000e8000000)
  eden space 87424K,   0% used [0x00000000e0000000, 0x00000000e0000000, 0x00000000e5560000)
  from space 21824K, 100% used [0x00000000e5560000, 0x00000000e6ab0000, 0x00000000e6ab0000)
  to   space 21824K,   0% used [0x00000000e6ab0000, 0x00000000e6ab0000, 0x00000000e8000000)
 concurrent mark-sweep generation total 393216K, used 121529K [0x00000000e8000000, 0x0000000100000000, 0x0000000100000000)
 Metaspace       used 29201K, capacity 29574K, committed 29844K, reserved 1075200K
  class space    used 3468K, capacity 3611K, committed 3736K, reserved 1048576K
}
2015-09-09T11:26:50.201+0200: 77.281: Total time for which application threads were stopped: 0.0155138 seconds, Stopping threads took: 0.0000166 seconds
{Heap before GC invocations=42 (full 2):
 par new generation   total 109248K, used 109248K [0x00000000e0000000, 0x00000000e8000000, 0x00000000e8000000)
  eden space 87424K, 100% used [0x00000000e0000000, 0x00000000e5560000, 0x00000000e5560000)
  from space 21824K, 100% used [0x00000000e5560000, 0x00000000e6ab0000, 0x00000000e6ab0000)
  to   space 21824K,   0% used [0x00000000e6ab0000, 0x00000000e6ab0000, 0x00000000e8000000)
 concurrent mark-sweep generation total 393216K, used 121529K [0x00000000e8000000, 0x0000000100000000, 0x0000000100000000)
 Metaspace       used 29201K, capacity 29574K, committed 29844K, reserved 1075200K
  class space    used 3468K, capacity 3611K, committed 3736K, reserved 1048576K
2015-09-09T11:26:50.335+0200: 77.414: [GC (Allocation Failure) 77.414: [ParNew
Desired survivor size 20112992 bytes, new threshold 8 (max 8)
- age   1:      78016 bytes,      78016 total
- age   2:    3436096 bytes,    3514112 total
- age   3:    2678680 bytes,    6192792 total
- age   4:    1001632 bytes,    7194424 total
- age   5:    4649288 bytes,   11843712 total
- age   6:    1841376 bytes,   13685088 total
- age   7:    1630168 bytes,   15315256 total
- age   8:    1558088 bytes,   16873344 total
: 109248K->21824K(109248K), 0.0088847 secs] 230777K->144692K(502464K), 0.0089359 secs] [Times: user=0.05 sys=0.00, real=0.01 secs] 
Heap after GC invocations=43 (full 2):
 par new generation   total 109248K, used 21824K [0x00000000e0000000, 0x00000000e8000000, 0x00000000e8000000)
  eden space 87424K,   0% used [0x00000000e0000000, 0x00000000e0000000, 0x00000000e5560000)
  from space 21824K, 100% used [0x00000000e6ab0000, 0x00000000e8000000, 0x00000000e8000000)
  to   space 21824K,   0% used [0x00000000e5560000, 0x00000000e5560000, 0x00000000e6ab0000)
 concurrent mark-sweep generation total 393216K, used 122868K [0x00000000e8000000, 0x0000000100000000, 0x0000000100000000)
 Metaspace       used 29201K, capacity 29574K, committed 29844K, reserved 1075200K
  class space    used 3468K, capacity 3611K, committed 3736K, reserved 1048576K
}
2015-09-09T11:26:50.344+0200: 77.423: Total time for which application threads were stopped: 0.0091033 seconds, Stopping threads took: 0.0000173 seconds
{Heap before GC invocations=43 (full 2):
 par new generation   total 109248K, used 109248K [0x00000000e0000000, 0x00000000e8000000, 0x00000000e8000000)
  eden space 87424K, 100% used [0x00000000e0000000, 0x00000000e5560000, 0x00000000e5560000)
  from space 21824K, 100% used [0x00000000e6ab0000, 0x00000000e8000000, 0x00000000e8000000)
  to   space 21824K,   0% used [0x00000000e5560000, 0x00000000e5560000, 0x00000000e6ab0000)
 concurrent mark-sweep generation total 393216K, used 122868K [0x00000000e8000000, 0x0000000100000000, 0x0000000100000000)
 Metaspace       used 29202K, capacity 29574K, committed 29844K, reserved 1075200K
  class space    used 3468K, capacity 3611K, committed 3736K, reserved 1048576K
2015-09-09T11:26:50.475+0200: 77.555: [GC (Allocation Failure) 77.555: [ParNew
Desired survivor size 20112992 bytes, new threshold 8 (max 8)
- age   1:      71464 bytes,      71464 total
- age   2:      43432 bytes,     114896 total
- age   3:    3435904 bytes,    3550800 total
- age   4:    2678680 bytes,    6229480 total
- age   5:    1001632 bytes,    7231112 total
- age   6:    4649288 bytes,   11880400 total
- age   7:    1841376 bytes,   13721776 total
- age   8:    1630168 bytes,   15351944 total
: 109248K->18964K(109248K), 0.0105903 secs] 232116K->143366K(502464K), 0.0106437 secs] [Times: user=0.06 sys=0.00, real=0.01 secs] 
Heap after GC invocations=44 (full 2):
 par new generation   total 109248K, used 18964K [0x00000000e0000000, 0x00000000e8000000, 0x00000000e8000000)
  eden space 87424K,   0% used [0x00000000e0000000, 0x00000000e0000000, 0x00000000e5560000)
  from space 21824K,  86% used [0x00000000e5560000, 0x00000000e67e5088, 0x00000000e6ab0000)
  to   space 21824K,   0% used [0x00000000e6ab0000, 0x00000000e6ab0000, 0x00000000e8000000)
 concurrent mark-sweep generation total 393216K, used 124402K [0x00000000e8000000, 0x0000000100000000, 0x0000000100000000)
 Metaspace       used 29202K, capacity 29574K, committed 29844K, reserved 1075200K
  class space    used 3468K, capacity 3611K, committed 3736K, reserved 1048576K
}
2015-09-09T11:26:50.486+0200: 77.566: Total time for which application threads were stopped: 0.0107945 seconds, Stopping threads took: 0.0000157 seconds
2015-09-09T11:26:50.600+0200: 77.679: Total time for which application threads were stopped: 0.0000928 seconds, Stopping threads took: 0.0000186 seconds
{Heap before GC invocations=44 (full 2):
 par new generation   total 109248K, used 106388K [0x00000000e0000000, 0x00000000e8000000, 0x00000000e8000000)
  eden space 87424K, 100% used [0x00000000e0000000, 0x00000000e5560000, 0x00000000e5560000)
  from space 21824K,  86% used [0x00000000e5560000, 0x00000000e67e5088, 0x00000000e6ab0000)
  to   space 21824K,   0% used [0x00000000e6ab0000, 0x00000000e6ab0000, 0x00000000e8000000)
 concurrent mark-sweep generation total 393216K, used 124402K [0x00000000e8000000, 0x0000000100000000, 0x0000000100000000)
 Metaspace       used 29206K, capacity 29574K, committed 29844K, reserved 1075200K
  class space    used 3468K, capacity 3611K, committed 3736K, reserved 1048576K
2015-09-09T11:26:50.723+0200: 77.803: [GC (Allocation Failure) 77.803: [ParNew
Desired survivor size 20112992 bytes, new threshold 8 (max 8)
- age   1:      84896 bytes,      84896 total
- age   2:       3696 bytes,      88592 total
- age   4:    3415304 bytes,    3503896 total
- age   5:    2678680 bytes,    6182576 total
- age   6:    1001632 bytes,    7184208 total
- age   7:    4649288 bytes,   11833496 total
- age   8:    1841376 bytes,   13674872 total
: 106388K->16609K(109248K), 0.0067868 secs] 230790K->142620K(502464K), 0.0068303 secs] [Times: user=0.06 sys=0.00, real=0.01 secs] 
Heap after GC invocations=45 (full 2):
 par new generation   total 109248K, used 16609K [0x00000000e0000000, 0x00000000e8000000, 0x00000000e8000000)
  eden space 87424K,   0% used [0x00000000e0000000, 0x00000000e0000000, 0x00000000e5560000)
  from space 21824K,  76% used [0x00000000e6ab0000, 0x00000000e7ae8760, 0x00000000e8000000)
  to   space 21824K,   0% used [0x00000000e5560000, 0x00000000e5560000, 0x00000000e6ab0000)
 concurrent mark-sweep generation total 393216K, used 126010K [0x00000000e8000000, 0x0000000100000000, 0x0000000100000000)
 Metaspace       used 29206K, capacity 29574K, committed 29844K, reserved 1075200K
  class space    used 3468K, capacity 3611K, committed 3736K, reserved 1048576K
}
2015-09-09T11:26:50.730+0200: 77.810: Total time for which application threads were stopped: 0.0069948 seconds, Stopping threads took: 0.0000176 seconds
{Heap before GC invocations=45 (full 2):
 par new generation   total 109248K, used 104033K [0x00000000e0000000, 0x00000000e8000000, 0x00000000e8000000)
  eden space 87424K, 100% used [0x00000000e0000000, 0x00000000e5560000, 0x00000000e5560000)
  from space 21824K,  76% used [0x00000000e6ab0000, 0x00000000e7ae8760, 0x00000000e8000000)
  to   space 21824K,   0% used [0x00000000e5560000, 0x00000000e5560000, 0x00000000e6ab0000)
 concurrent mark-sweep generation total 393216K, used 126010K [0x00000000e8000000, 0x0000000100000000, 0x0000000100000000)
 Metaspace       used 29207K, capacity 29574K, committed 29844K, reserved 1075200K
  class space    used 3468K, capacity 3611K, committed 3736K, reserved 1048576K
2015-09-09T11:26:50.830+0200: 77.910: [GC (Allocation Failure) 77.910: [ParNew
Desired survivor size 20112992 bytes, new threshold 8 (max 8)
- age   1:     152272 bytes,     152272 total
- age   2:       1568 bytes,     153840 total
- age   3:       3696 bytes,     157536 total
- age   5:    3415240 bytes,    3572776 total
- age   6:    2678680 bytes,    6251456 total
- age   7:    1001632 bytes,    7253088 total
- age   8:    4649288 bytes,   11902376 total
: 104033K->18905K(109248K), 0.0080690 secs] 230044K->146732K(502464K), 0.0081180 secs] [Times: user=0.06 sys=0.00, real=0.01 secs] 
Heap after GC invocations=46 (full 2):
 par new generation   total 109248K, used 18905K [0x00000000e0000000, 0x00000000e8000000, 0x00000000e8000000)
  eden space 87424K,   0% used [0x00000000e0000000, 0x00000000e0000000, 0x00000000e5560000)
  from space 21824K,  86% used [0x00000000e5560000, 0x00000000e67d67d8, 0x00000000e6ab0000)
  to   space 21824K,   0% used [0x00000000e6ab0000, 0x00000000e6ab0000, 0x00000000e8000000)
 concurrent mark-sweep generation total 393216K, used 127826K [0x00000000e8000000, 0x0000000100000000, 0x0000000100000000)
 Metaspace       used 29207K, capacity 29574K, committed 29844K, reserved 1075200K
  class space    used 3468K, capacity 3611K, committed 3736K, reserved 1048576K
}
2015-09-09T11:26:50.839+0200: 77.918: Total time for which application threads were stopped: 0.0082716 seconds, Stopping threads took: 0.0000176 seconds
{Heap before GC invocations=46 (full 2):
 par new generation   total 109248K, used 106329K [0x00000000e0000000, 0x00000000e8000000, 0x00000000e8000000)
  eden space 87424K, 100% used [0x00000000e0000000, 0x00000000e5560000, 0x00000000e5560000)
  from space 21824K,  86% used [0x00000000e5560000, 0x00000000e67d67d8, 0x00000000e6ab0000)
  to   space 21824K,   0% used [0x00000000e6ab0000, 0x00000000e6ab0000, 0x00000000e8000000)
 concurrent mark-sweep generation total 393216K, used 127826K [0x00000000e8000000, 0x0000000100000000, 0x0000000100000000)
 Metaspace       used 29208K, capacity 29574K, committed 29844K, reserved 1075200K
  class space    used 3468K, capacity 3611K, committed 3736K, reserved 1048576K
2015-09-09T11:26:50.948+0200: 78.028: [GC (Allocation Failure) 78.028: [ParNew
Desired survivor size 20112992 bytes, new threshold 8 (max 8)
- age   1:     168976 bytes,     168976 total
- age   2:        560 bytes,     169536 total
- age   3:       1568 bytes,     171104 total
- age   4:       3696 bytes,     174800 total
- age   6:    3415240 bytes,    3590040 total
- age   7:    2678680 bytes,    6268720 total
- age   8:    1001632 bytes,    7270352 total
: 106329K->9811K(109248K), 0.0052684 secs] 234156K->142193K(502464K), 0.0053174 secs] [Times: user=0.00 sys=0.00, real=0.01 secs] 
Heap after GC invocations=47 (full 2):
 par new generation   total 109248K, used 9811K [0x00000000e0000000, 0x00000000e8000000, 0x00000000e8000000)
  eden space 87424K,   0% used [0x00000000e0000000, 0x00000000e0000000, 0x00000000e5560000)
  from space 21824K,  44% used [0x00000000e6ab0000, 0x00000000e7444ed0, 0x00000000e8000000)
  to   space 21824K,   0% used [0x00000000e5560000, 0x00000000e5560000, 0x00000000e6ab0000)
 concurrent mark-sweep generation total 393216K, used 132382K [0x00000000e8000000, 0x0000000100000000, 0x0000000100000000)
 Metaspace       used 29208K, capacity 29574K, committed 29844K, reserved 1075200K
  class space    used 3468K, capacity 3611K, committed 3736K, reserved 1048576K
}
2015-09-09T11:26:50.953+0200: 78.033: Total time for which application threads were stopped: 0.0054915 seconds, Stopping threads took: 0.0000176 seconds
2015-09-09T11:26:51.027+0200: 78.106: Total time for which application threads were stopped: 0.0000998 seconds, Stopping threads took: 0.0000246 seconds
2015-09-09T11:26:51.027+0200: 78.106: Total time for which application threads were stopped: 0.0000262 seconds, Stopping threads took: 0.0000090 seconds
{Heap before GC invocations=47 (full 2):
 par new generation   total 109248K, used 97235K [0x00000000e0000000, 0x00000000e8000000, 0x00000000e8000000)
  eden space 87424K, 100% used [0x00000000e0000000, 0x00000000e5560000, 0x00000000e5560000)
  from space 21824K,  44% used [0x00000000e6ab0000, 0x00000000e7444ed0, 0x00000000e8000000)
  to   space 21824K,   0% used [0x00000000e5560000, 0x00000000e5560000, 0x00000000e6ab0000)
 concurrent mark-sweep generation total 393216K, used 132382K [0x00000000e8000000, 0x0000000100000000, 0x0000000100000000)
 Metaspace       used 29238K, capacity 29574K, committed 29844K, reserved 1075200K
  class space    used 3472K, capacity 3611K, committed 3736K, reserved 1048576K
2015-09-09T11:26:51.258+0200: 78.338: [GC (Allocation Failure) 78.338: [ParNew
Desired survivor size 20112992 bytes, new threshold 8 (max 8)
- age   1:    3452488 bytes,    3452488 total
- age   2:        120 bytes,    3452608 total
- age   4:        808 bytes,    3453416 total
- age   5:       3696 bytes,    3457112 total
- age   7:    3355360 bytes,    6812472 total
- age   8:    2601352 bytes,    9413824 total
: 97235K->12192K(109248K), 0.0057801 secs] 229617K->145537K(502464K), 0.0058268 secs] [Times: user=0.00 sys=0.00, real=0.01 secs] 
Heap after GC invocations=48 (full 2):
 par new generation   total 109248K, used 12192K [0x00000000e0000000, 0x00000000e8000000, 0x00000000e8000000)
  eden space 87424K,   0% used [0x00000000e0000000, 0x00000000e0000000, 0x00000000e5560000)
  from space 21824K,  55% used [0x00000000e5560000, 0x00000000e61481e0, 0x00000000e6ab0000)
  to   space 21824K,   0% used [0x00000000e6ab0000, 0x00000000e6ab0000, 0x00000000e8000000)
 concurrent mark-sweep generation total 393216K, used 133345K [0x00000000e8000000, 0x0000000100000000, 0x0000000100000000)
 Metaspace       used 29238K, capacity 29574K, committed 29844K, reserved 1075200K
  class space    used 3472K, capacity 3611K, committed 3736K, reserved 1048576K
}
2015-09-09T11:26:51.264+0200: 78.344: Total time for which application threads were stopped: 0.0059910 seconds, Stopping threads took: 0.0000163 seconds
{Heap before GC invocations=48 (full 2):
 par new generation   total 109248K, used 99616K [0x00000000e0000000, 0x00000000e8000000, 0x00000000e8000000)
  eden space 87424K, 100% used [0x00000000e0000000, 0x00000000e5560000, 0x00000000e5560000)
  from space 21824K,  55% used [0x00000000e5560000, 0x00000000e61481e0, 0x00000000e6ab0000)
  to   space 21824K,   0% used [0x00000000e6ab0000, 0x00000000e6ab0000, 0x00000000e8000000)
 concurrent mark-sweep generation total 393216K, used 133345K [0x00000000e8000000, 0x0000000100000000, 0x0000000100000000)
 Metaspace       used 29238K, capacity 29574K, committed 29844K, reserved 1075200K
  class space    used 3472K, capacity 3611K, committed 3736K, reserved 1048576K
2015-09-09T11:26:51.541+0200: 78.621: [GC (Allocation Failure) 78.621: [ParNew
Desired survivor size 20112992 bytes, new threshold 8 (max 8)
- age   1:    5051952 bytes,    5051952 total
- age   2:    2320424 bytes,    7372376 total
- age   3:        120 bytes,    7372496 total
- age   5:        808 bytes,    7373304 total
- age   6:       3696 bytes,    7377000 total
- age   8:    3355360 bytes,   10732360 total
: 99616K->11804K(109248K), 0.0067315 secs] 232961K->147713K(502464K), 0.0068252 secs] [Times: user=0.00 sys=0.00, real=0.01 secs] 
Heap after GC invocations=49 (full 2):
 par new generation   total 109248K, used 11804K [0x00000000e0000000, 0x00000000e8000000, 0x00000000e8000000)
  eden space 87424K,   0% used [0x00000000e0000000, 0x00000000e0000000, 0x00000000e5560000)
  from space 21824K,  54% used [0x00000000e6ab0000, 0x00000000e76371e0, 0x00000000e8000000)
  to   space 21824K,   0% used [0x00000000e5560000, 0x00000000e5560000, 0x00000000e6ab0000)
 concurrent mark-sweep generation total 393216K, used 135908K [0x00000000e8000000, 0x0000000100000000, 0x0000000100000000)
 Metaspace       used 29238K, capacity 29574K, committed 29844K, reserved 1075200K
  class space    used 3472K, capacity 3611K, committed 3736K, reserved 1048576K
}
2015-09-09T11:26:51.548+0200: 78.627: Total time for which application threads were stopped: 0.0069609 seconds, Stopping threads took: 0.0000141 seconds
{Heap before GC invocations=49 (full 2):
 par new generation   total 109248K, used 99228K [0x00000000e0000000, 0x00000000e8000000, 0x00000000e8000000)
  eden space 87424K, 100% used [0x00000000e0000000, 0x00000000e5560000, 0x00000000e5560000)
  from space 21824K,  54% used [0x00000000e6ab0000, 0x00000000e76371e0, 0x00000000e8000000)
  to   space 21824K,   0% used [0x00000000e5560000, 0x00000000e5560000, 0x00000000e6ab0000)
 concurrent mark-sweep generation total 393216K, used 135908K [0x00000000e8000000, 0x0000000100000000, 0x0000000100000000)
 Metaspace       used 29238K, capacity 29574K, committed 29844K, reserved 1075200K
  class space    used 3472K, capacity 3611K, committed 3736K, reserved 1048576K
2015-09-09T11:26:51.818+0200: 78.898: [GC (Allocation Failure) 78.898: [ParNew
Desired survivor size 20112992 bytes, new threshold 8 (max 8)
- age   1:    5157840 bytes,    5157840 total
- age   2:    3392096 bytes,    8549936 total
- age   3:    2319496 bytes,   10869432 total
- age   4:        120 bytes,   10869552 total
- age   6:        808 bytes,   10870360 total
- age   7:       3696 bytes,   10874056 total
: 99228K->14347K(109248K), 0.0064275 secs] 235137K->153533K(502464K), 0.0064716 secs] [Times: user=0.00 sys=0.00, real=0.01 secs] 
Heap after GC invocations=50 (full 2):
 par new generation   total 109248K, used 14347K [0x00000000e0000000, 0x00000000e8000000, 0x00000000e8000000)
  eden space 87424K,   0% used [0x00000000e0000000, 0x00000000e0000000, 0x00000000e5560000)
  from space 21824K,  65% used [0x00000000e5560000, 0x00000000e6362d28, 0x00000000e6ab0000)
  to   space 21824K,   0% used [0x00000000e6ab0000, 0x00000000e6ab0000, 0x00000000e8000000)
 concurrent mark-sweep generation total 393216K, used 139186K [0x00000000e8000000, 0x0000000100000000, 0x0000000100000000)
 Metaspace       used 29238K, capacity 29574K, committed 29844K, reserved 1075200K
  class space    used 3472K, capacity 3611K, committed 3736K, reserved 1048576K
}
2015-09-09T11:26:51.825+0200: 78.905: Total time for which application threads were stopped: 0.0066009 seconds, Stopping threads took: 0.0000141 seconds
{Heap before GC invocations=50 (full 2):
 par new generation   total 109248K, used 101771K [0x00000000e0000000, 0x00000000e8000000, 0x00000000e8000000)
  eden space 87424K, 100% used [0x00000000e0000000, 0x00000000e5560000, 0x00000000e5560000)
  from space 21824K,  65% used [0x00000000e5560000, 0x00000000e6362d28, 0x00000000e6ab0000)
  to   space 21824K,   0% used [0x00000000e6ab0000, 0x00000000e6ab0000, 0x00000000e8000000)
 concurrent mark-sweep generation total 393216K, used 139186K [0x00000000e8000000, 0x0000000100000000, 0x0000000100000000)
 Metaspace       used 29238K, capacity 29574K, committed 29844K, reserved 1075200K
  class space    used 3472K, capacity 3611K, committed 3736K, reserved 1048576K
2015-09-09T11:26:52.107+0200: 79.186: [GC (Allocation Failure) 79.186: [ParNew
Desired survivor size 20112992 bytes, new threshold 8 (max 8)
- age   1:    8008264 bytes,    8008264 total
- age   2:    2849456 bytes,   10857720 total
- age   3:    2671136 bytes,   13528856 total
- age   4:    2319496 bytes,   15848352 total
- age   5:        120 bytes,   15848472 total
- age   7:        808 bytes,   15849280 total
- age   8:       3696 bytes,   15852976 total
: 101771K->17839K(109248K), 0.0084252 secs] 240957K->157025K(502464K), 0.0084732 secs] [Times: user=0.02 sys=0.01, real=0.01 secs] 
Heap after GC invocations=51 (full 2):
 par new generation   total 109248K, used 17839K [0x00000000e0000000, 0x00000000e8000000, 0x00000000e8000000)
  eden space 87424K,   0% used [0x00000000e0000000, 0x00000000e0000000, 0x00000000e5560000)
  from space 21824K,  81% used [0x00000000e6ab0000, 0x00000000e7c1bc40, 0x00000000e8000000)
  to   space 21824K,   0% used [0x00000000e5560000, 0x00000000e5560000, 0x00000000e6ab0000)
 concurrent mark-sweep generation total 393216K, used 139186K [0x00000000e8000000, 0x0000000100000000, 0x0000000100000000)
 Metaspace       used 29238K, capacity 29574K, committed 29844K, reserved 1075200K
  class space    used 3472K, capacity 3611K, committed 3736K, reserved 1048576K
}
2015-09-09T11:26:52.115+0200: 79.195: Total time for which application threads were stopped: 0.0086044 seconds, Stopping threads took: 0.0000154 seconds
{Heap before GC invocations=51 (full 2):
 par new generation   total 109248K, used 105263K [0x00000000e0000000, 0x00000000e8000000, 0x00000000e8000000)
  eden space 87424K, 100% used [0x00000000e0000000, 0x00000000e5560000, 0x00000000e5560000)
  from space 21824K,  81% used [0x00000000e6ab0000, 0x00000000e7c1bc40, 0x00000000e8000000)
  to   space 21824K,   0% used [0x00000000e5560000, 0x00000000e5560000, 0x00000000e6ab0000)
 concurrent mark-sweep generation total 393216K, used 139186K [0x00000000e8000000, 0x0000000100000000, 0x0000000100000000)
 Metaspace       used 29238K, capacity 29574K, committed 29844K, reserved 1075200K
  class space    used 3472K, capacity 3611K, committed 3736K, reserved 1048576K
2015-09-09T11:26:52.387+0200: 79.467: [GC (Allocation Failure) 79.467: [ParNew
Desired survivor size 20112992 bytes, new threshold 8 (max 8)
- age   1:    6495168 bytes,    6495168 total
- age   2:    5073848 bytes,   11569016 total
- age   3:    2759296 bytes,   14328312 total
- age   4:    2671136 bytes,   16999448 total
- age   5:    2314840 bytes,   19314288 total
- age   6:        120 bytes,   19314408 total
- age   8:        808 bytes,   19315216 total
: 105263K->21319K(109248K), 0.0070345 secs] 244449K->160509K(502464K), 0.0070969 secs] [Times: user=0.00 sys=0.00, real=0.01 secs] 
Heap after GC invocations=52 (full 2):
 par new generation   total 109248K, used 21319K [0x00000000e0000000, 0x00000000e8000000, 0x00000000e8000000)
  eden space 87424K,   0% used [0x00000000e0000000, 0x00000000e0000000, 0x00000000e5560000)
  from space 21824K,  97% used [0x00000000e5560000, 0x00000000e6a31d20, 0x00000000e6ab0000)
  to   space 21824K,   0% used [0x00000000e6ab0000, 0x00000000e6ab0000, 0x00000000e8000000)
 concurrent mark-sweep generation total 393216K, used 139190K [0x00000000e8000000, 0x0000000100000000, 0x0000000100000000)
 Metaspace       used 29238K, capacity 29574K, committed 29844K, reserved 1075200K
  class space    used 3472K, capacity 3611K, committed 3736K, reserved 1048576K
}
2015-09-09T11:26:52.394+0200: 79.474: Total time for which application threads were stopped: 0.0072444 seconds, Stopping threads took: 0.0000138 seconds
{Heap before GC invocations=52 (full 2):
 par new generation   total 109248K, used 108743K [0x00000000e0000000, 0x00000000e8000000, 0x00000000e8000000)
  eden space 87424K, 100% used [0x00000000e0000000, 0x00000000e5560000, 0x00000000e5560000)
  from space 21824K,  97% used [0x00000000e5560000, 0x00000000e6a31d20, 0x00000000e6ab0000)
  to   space 21824K,   0% used [0x00000000e6ab0000, 0x00000000e6ab0000, 0x00000000e8000000)
 concurrent mark-sweep generation total 393216K, used 139190K [0x00000000e8000000, 0x0000000100000000, 0x0000000100000000)
 Metaspace       used 29238K, capacity 29574K, committed 29844K, reserved 1075200K
  class space    used 3472K, capacity 3611K, committed 3736K, reserved 1048576K
2015-09-09T11:26:52.665+0200: 79.745: [GC (Allocation Failure) 79.745: [ParNew
Desired survivor size 20112992 bytes, new threshold 6 (max 8)
- age   1:    6117272 bytes,    6117272 total
- age   2:    2770760 bytes,    8888032 total
- age   3:    4913296 bytes,   13801328 total
- age   4:    2671968 bytes,   16473296 total
- age   5:    2650480 bytes,   19123776 total
- age   6:    2288688 bytes,   21412464 total
- age   7:        120 bytes,   21412584 total
: 108743K->21824K(109248K), 0.0078726 secs] 247933K->162155K(502464K), 0.0079209 secs] [Times: user=0.00 sys=0.00, real=0.01 secs] 
Heap after GC invocations=53 (full 2):
 par new generation   total 109248K, used 21824K [0x00000000e0000000, 0x00000000e8000000, 0x00000000e8000000)
  eden space 87424K,   0% used [0x00000000e0000000, 0x00000000e0000000, 0x00000000e5560000)
  from space 21824K, 100% used [0x00000000e6ab0000, 0x00000000e8000000, 0x00000000e8000000)
  to   space 21824K,   0% used [0x00000000e5560000, 0x00000000e5560000, 0x00000000e6ab0000)
 concurrent mark-sweep generation total 393216K, used 140331K [0x00000000e8000000, 0x0000000100000000, 0x0000000100000000)
 Metaspace       used 29238K, capacity 29574K, committed 29844K, reserved 1075200K
  class space    used 3472K, capacity 3611K, committed 3736K, reserved 1048576K
}
2015-09-09T11:26:52.673+0200: 79.753: Total time for which application threads were stopped: 0.0080486 seconds, Stopping threads took: 0.0000134 seconds
{Heap before GC invocations=53 (full 2):
 par new generation   total 109248K, used 109248K [0x00000000e0000000, 0x00000000e8000000, 0x00000000e8000000)
  eden space 87424K, 100% used [0x00000000e0000000, 0x00000000e5560000, 0x00000000e5560000)
  from space 21824K, 100% used [0x00000000e6ab0000, 0x00000000e8000000, 0x00000000e8000000)
  to   space 21824K,   0% used [0x00000000e5560000, 0x00000000e5560000, 0x00000000e6ab0000)
 concurrent mark-sweep generation total 393216K, used 140331K [0x00000000e8000000, 0x0000000100000000, 0x0000000100000000)
 Metaspace       used 29238K, capacity 29574K, committed 29844K, reserved 1075200K
  class space    used 3472K, capacity 3611K, committed 3736K, reserved 1048576K
2015-09-09T11:26:52.951+0200: 80.031: [GC (Allocation Failure) 80.031: [ParNew
Desired survivor size 20112992 bytes, new threshold 8 (max 8)
- age   1:    5488472 bytes,    5488472 total
- age   2:    2496312 bytes,    7984784 total
- age   3:    2651824 bytes,   10636608 total
- age   4:    3524288 bytes,   14160896 total
- age   5:    2591824 bytes,   16752720 total
- age   6:    2569632 bytes,   19322352 total
: 109248K->21824K(109248K), 0.0095865 secs] 249579K->168838K(502464K), 0.0096319 secs] [Times: user=0.06 sys=0.00, real=0.01 secs] 
Heap after GC invocations=54 (full 2):
 par new generation   total 109248K, used 21824K [0x00000000e0000000, 0x00000000e8000000, 0x00000000e8000000)
  eden space 87424K,   0% used [0x00000000e0000000, 0x00000000e0000000, 0x00000000e5560000)
  from space 21824K, 100% used [0x00000000e5560000, 0x00000000e6ab0000, 0x00000000e6ab0000)
  to   space 21824K,   0% used [0x00000000e6ab0000, 0x00000000e6ab0000, 0x00000000e8000000)
 concurrent mark-sweep generation total 393216K, used 147014K [0x00000000e8000000, 0x0000000100000000, 0x0000000100000000)
 Metaspace       used 29238K, capacity 29574K, committed 29844K, reserved 1075200K
  class space    used 3472K, capacity 3611K, committed 3736K, reserved 1048576K
}
2015-09-09T11:26:52.961+0200: 80.040: Total time for which application threads were stopped: 0.0097705 seconds, Stopping threads took: 0.0000134 seconds
{Heap before GC invocations=54 (full 2):
 par new generation   total 109248K, used 109248K [0x00000000e0000000, 0x00000000e8000000, 0x00000000e8000000)
  eden space 87424K, 100% used [0x00000000e0000000, 0x00000000e5560000, 0x00000000e5560000)
  from space 21824K, 100% used [0x00000000e5560000, 0x00000000e6ab0000, 0x00000000e6ab0000)
  to   space 21824K,   0% used [0x00000000e6ab0000, 0x00000000e6ab0000, 0x00000000e8000000)
 concurrent mark-sweep generation total 393216K, used 147014K [0x00000000e8000000, 0x0000000100000000, 0x0000000100000000)
 Metaspace       used 29238K, capacity 29574K, committed 29844K, reserved 1075200K
  class space    used 3472K, capacity 3611K, committed 3736K, reserved 1048576K
2015-09-09T11:26:53.237+0200: 80.317: [GC (Allocation Failure) 80.317: [ParNew
Desired survivor size 20112992 bytes, new threshold 8 (max 8)
- age   1:    4272960 bytes,    4272960 total
- age   2:    2224776 bytes,    6497736 total
- age   3:    1441208 bytes,    7938944 total
- age   4:    1562976 bytes,    9501920 total
- age   5:    3026864 bytes,   12528784 total
- age   6:    2586416 bytes,   15115200 total
- age   7:    2564672 bytes,   17679872 total
: 109248K->21824K(109248K), 0.0084703 secs] 256262K->175983K(502464K), 0.0085154 secs] [Times: user=0.06 sys=0.00, real=0.01 secs] 
Heap after GC invocations=55 (full 2):
 par new generation   total 109248K, used 21824K [0x00000000e0000000, 0x00000000e8000000, 0x00000000e8000000)
  eden space 87424K,   0% used [0x00000000e0000000, 0x00000000e0000000, 0x00000000e5560000)
  from space 21824K, 100% used [0x00000000e6ab0000, 0x00000000e8000000, 0x00000000e8000000)
  to   space 21824K,   0% used [0x00000000e5560000, 0x00000000e5560000, 0x00000000e6ab0000)
 concurrent mark-sweep generation total 393216K, used 154159K [0x00000000e8000000, 0x0000000100000000, 0x0000000100000000)
 Metaspace       used 29238K, capacity 29574K, committed 29844K, reserved 1075200K
  class space    used 3472K, capacity 3611K, committed 3736K, reserved 1048576K
}
2015-09-09T11:26:53.246+0200: 80.326: Total time for which application threads were stopped: 0.0086409 seconds, Stopping threads took: 0.0000131 seconds
2015-09-09T11:26:53.389+0200: 80.468: Total time for which application threads were stopped: 0.0000954 seconds, Stopping threads took: 0.0000253 seconds
2015-09-09T11:26:53.389+0200: 80.469: Total time for which application threads were stopped: 0.0000547 seconds, Stopping threads took: 0.0000291 seconds
2015-09-09T11:26:53.389+0200: 80.469: Total time for which application threads were stopped: 0.0000582 seconds, Stopping threads took: 0.0000298 seconds
2015-09-09T11:26:53.421+0200: 80.500: Total time for which application threads were stopped: 0.0001094 seconds, Stopping threads took: 0.0000227 seconds
2015-09-09T11:26:53.422+0200: 80.501: Total time for which application threads were stopped: 0.0001370 seconds, Stopping threads took: 0.0000624 seconds
2015-09-09T11:26:53.428+0200: 80.508: Total time for which application threads were stopped: 0.0001043 seconds, Stopping threads took: 0.0000253 seconds
2015-09-09T11:26:53.428+0200: 80.508: Total time for which application threads were stopped: 0.0000502 seconds, Stopping threads took: 0.0000067 seconds
{Heap before GC invocations=55 (full 2):
 par new generation   total 109248K, used 109248K [0x00000000e0000000, 0x00000000e8000000, 0x00000000e8000000)
  eden space 87424K, 100% used [0x00000000e0000000, 0x00000000e5560000, 0x00000000e5560000)
  from space 21824K, 100% used [0x00000000e6ab0000, 0x00000000e8000000, 0x00000000e8000000)
  to   space 21824K,   0% used [0x00000000e5560000, 0x00000000e5560000, 0x00000000e6ab0000)
 concurrent mark-sweep generation total 393216K, used 154159K [0x00000000e8000000, 0x0000000100000000, 0x0000000100000000)
 Metaspace       used 29244K, capacity 29574K, committed 29844K, reserved 1075200K
  class space    used 3472K, capacity 3611K, committed 3736K, reserved 1048576K
2015-09-09T11:26:53.550+0200: 80.630: [GC (Allocation Failure) 80.630: [ParNew
Desired survivor size 20112992 bytes, new threshold 8 (max 8)
- age   1:    7409640 bytes,    7409640 total
- age   2:    2252376 bytes,    9662016 total
- age   3:    1935640 bytes,   11597656 total
- age   4:    1173184 bytes,   12770840 total
- age   5:    1276224 bytes,   14047064 total
- age   6:    2709008 bytes,   16756072 total
- age   7:    1151648 bytes,   17907720 total
- age   8:    2444528 bytes,   20352248 total
: 109248K->21824K(109248K), 0.0070079 secs] 263407K->178941K(502464K), 0.0070633 secs] [Times: user=0.00 sys=0.00, real=0.01 secs] 
Heap after GC invocations=56 (full 2):
 par new generation   total 109248K, used 21824K [0x00000000e0000000, 0x00000000e8000000, 0x00000000e8000000)
  eden space 87424K,   0% used [0x00000000e0000000, 0x00000000e0000000, 0x00000000e5560000)
  from space 21824K, 100% used [0x00000000e5560000, 0x00000000e6ab0000, 0x00000000e6ab0000)
  to   space 21824K,   0% used [0x00000000e6ab0000, 0x00000000e6ab0000, 0x00000000e8000000)
 concurrent mark-sweep generation total 393216K, used 157117K [0x00000000e8000000, 0x0000000100000000, 0x0000000100000000)
 Metaspace       used 29244K, capacity 29574K, committed 29844K, reserved 1075200K
  class space    used 3472K, capacity 3611K, committed 3736K, reserved 1048576K
}
2015-09-09T11:26:53.558+0200: 80.637: Total time for which application threads were stopped: 0.0072419 seconds, Stopping threads took: 0.0000221 seconds
2015-09-09T11:26:53.762+0200: 80.842: Total time for which application threads were stopped: 0.0003389 seconds, Stopping threads took: 0.0002314 seconds
{Heap before GC invocations=56 (full 2):
 par new generation   total 109248K, used 109248K [0x00000000e0000000, 0x00000000e8000000, 0x00000000e8000000)
  eden space 87424K, 100% used [0x00000000e0000000, 0x00000000e5560000, 0x00000000e5560000)
  from space 21824K, 100% used [0x00000000e5560000, 0x00000000e6ab0000, 0x00000000e6ab0000)
  to   space 21824K,   0% used [0x00000000e6ab0000, 0x00000000e6ab0000, 0x00000000e8000000)
 concurrent mark-sweep generation total 393216K, used 157117K [0x00000000e8000000, 0x0000000100000000, 0x0000000100000000)
 Metaspace       used 29256K, capacity 29574K, committed 29844K, reserved 1075200K
  class space    used 3472K, capacity 3611K, committed 3736K, reserved 1048576K
2015-09-09T11:26:53.793+0200: 80.873: [GC (Allocation Failure) 80.873: [ParNew
Desired survivor size 20112992 bytes, new threshold 8 (max 8)
- age   1:    3229888 bytes,    3229888 total
- age   2:    3941704 bytes,    7171592 total
- age   3:    1918968 bytes,    9090560 total
- age   4:    1927296 bytes,   11017856 total
- age   5:    1166392 bytes,   12184248 total
- age   6:    1270368 bytes,   13454616 total
- age   7:    2703080 bytes,   16157696 total
- age   8:    1143520 bytes,   17301216 total
: 109248K->21824K(109248K), 0.0076457 secs] 266365K->184883K(502464K), 0.0077068 secs] [Times: user=0.06 sys=0.00, real=0.01 secs] 
Heap after GC invocations=57 (full 2):
 par new generation   total 109248K, used 21824K [0x00000000e0000000, 0x00000000e8000000, 0x00000000e8000000)
  eden space 87424K,   0% used [0x00000000e0000000, 0x00000000e0000000, 0x00000000e5560000)
  from space 21824K, 100% used [0x00000000e6ab0000, 0x00000000e8000000, 0x00000000e8000000)
  to   space 21824K,   0% used [0x00000000e5560000, 0x00000000e5560000, 0x00000000e6ab0000)
 concurrent mark-sweep generation total 393216K, used 163059K [0x00000000e8000000, 0x0000000100000000, 0x0000000100000000)
 Metaspace       used 29256K, capacity 29574K, committed 29844K, reserved 1075200K
  class space    used 3472K, capacity 3611K, committed 3736K, reserved 1048576K
}
2015-09-09T11:26:53.801+0200: 80.881: Total time for which application threads were stopped: 0.0079071 seconds, Stopping threads took: 0.0000227 seconds
{Heap before GC invocations=57 (full 2):
 par new generation   total 109248K, used 109248K [0x00000000e0000000, 0x00000000e8000000, 0x00000000e8000000)
  eden space 87424K, 100% used [0x00000000e0000000, 0x00000000e5560000, 0x00000000e5560000)
  from space 21824K, 100% used [0x00000000e6ab0000, 0x00000000e8000000, 0x00000000e8000000)
  to   space 21824K,   0% used [0x00000000e5560000, 0x00000000e5560000, 0x00000000e6ab0000)
 concurrent mark-sweep generation total 393216K, used 163059K [0x00000000e8000000, 0x0000000100000000, 0x0000000100000000)
 Metaspace       used 29256K, capacity 29574K, committed 29844K, reserved 1075200K
  class space    used 3472K, capacity 3611K, committed 3736K, reserved 1048576K
2015-09-09T11:26:53.891+0200: 80.971: [GC (Allocation Failure) 80.971: [ParNew
Desired survivor size 20112992 bytes, new threshold 8 (max 8)
- age   1:    2743440 bytes,    2743440 total
- age   2:    2275648 bytes,    5019088 total
- age   3:    3941648 bytes,    8960736 total
- age   4:    1918968 bytes,   10879704 total
- age   5:    1927296 bytes,   12807000 total
- age   6:    1166392 bytes,   13973392 total
- age   7:    1270368 bytes,   15243760 total
- age   8:    2703080 bytes,   17946840 total
: 109248K->21824K(109248K), 0.0071763 secs] 272307K->186007K(502464K), 0.0072239 secs] [Times: user=0.06 sys=0.00, real=0.01 secs] 
Heap after GC invocations=58 (full 2):
 par new generation   total 109248K, used 21824K [0x00000000e0000000, 0x00000000e8000000, 0x00000000e8000000)
  eden space 87424K,   0% used [0x00000000e0000000, 0x00000000e0000000, 0x00000000e5560000)
  from space 21824K, 100% used [0x00000000e5560000, 0x00000000e6ab0000, 0x00000000e6ab0000)
  to   space 21824K,   0% used [0x00000000e6ab0000, 0x00000000e6ab0000, 0x00000000e8000000)
 concurrent mark-sweep generation total 393216K, used 164183K [0x00000000e8000000, 0x0000000100000000, 0x0000000100000000)
 Metaspace       used 29256K, capacity 29574K, committed 29844K, reserved 1075200K
  class space    used 3472K, capacity 3611K, committed 3736K, reserved 1048576K
}
2015-09-09T11:26:53.898+0200: 80.978: Total time for which application threads were stopped: 0.0073881 seconds, Stopping threads took: 0.0000256 seconds
{Heap before GC invocations=58 (full 2):
 par new generation   total 109248K, used 109248K [0x00000000e0000000, 0x00000000e8000000, 0x00000000e8000000)
  eden space 87424K, 100% used [0x00000000e0000000, 0x00000000e5560000, 0x00000000e5560000)
  from space 21824K, 100% used [0x00000000e5560000, 0x00000000e6ab0000, 0x00000000e6ab0000)
  to   space 21824K,   0% used [0x00000000e6ab0000, 0x00000000e6ab0000, 0x00000000e8000000)
 concurrent mark-sweep generation total 393216K, used 164183K [0x00000000e8000000, 0x0000000100000000, 0x0000000100000000)
 Metaspace       used 29256K, capacity 29574K, committed 29844K, reserved 1075200K
  class space    used 3472K, capacity 3611K, committed 3736K, reserved 1048576K
2015-09-09T11:26:53.994+0200: 81.074: [GC (Allocation Failure) 81.074: [ParNew
Desired survivor size 20112992 bytes, new threshold 8 (max 8)
- age   1:    3428832 bytes,    3428832 total
- age   2:    1298464 bytes,    4727296 total
- age   3:    2119616 bytes,    6846912 total
- age   4:    3941648 bytes,   10788560 total
- age   5:    1918968 bytes,   12707528 total
- age   6:    1927296 bytes,   14634824 total
- age   7:    1166392 bytes,   15801216 total
- age   8:    1270368 bytes,   17071584 total
: 109248K->21824K(109248K), 0.0334822 secs] 273431K->188654K(502464K), 0.0335357 secs] [Times: user=0.09 sys=0.03, real=0.03 secs] 
Heap after GC invocations=59 (full 2):
 par new generation   total 109248K, used 21824K [0x00000000e0000000, 0x00000000e8000000, 0x00000000e8000000)
  eden space 87424K,   0% used [0x00000000e0000000, 0x00000000e0000000, 0x00000000e5560000)
  from space 21824K, 100% used [0x00000000e6ab0000, 0x00000000e8000000, 0x00000000e8000000)
  to   space 21824K,   0% used [0x00000000e5560000, 0x00000000e5560000, 0x00000000e6ab0000)
 concurrent mark-sweep generation total 393216K, used 166830K [0x00000000e8000000, 0x0000000100000000, 0x0000000100000000)
 Metaspace       used 29256K, capacity 29574K, committed 29844K, reserved 1075200K
  class space    used 3472K, capacity 3611K, committed 3736K, reserved 1048576K
}
2015-09-09T11:26:54.028+0200: 81.108: Total time for which application threads were stopped: 0.0337037 seconds, Stopping threads took: 0.0000163 seconds
2015-09-09T11:26:54.034+0200: 81.113: Total time for which application threads were stopped: 0.0001126 seconds, Stopping threads took: 0.0000259 seconds
2015-09-09T11:26:54.036+0200: 81.115: Total time for which application threads were stopped: 0.0003734 seconds, Stopping threads took: 0.0000189 seconds
2015-09-09T11:26:54.037+0200: 81.117: Total time for which application threads were stopped: 0.0000758 seconds, Stopping threads took: 0.0000173 seconds
2015-09-09T11:26:54.040+0200: 81.119: Total time for which application threads were stopped: 0.0000611 seconds, Stopping threads took: 0.0000208 seconds
2015-09-09T11:26:54.045+0200: 81.125: Total time for which application threads were stopped: 0.0004698 seconds, Stopping threads took: 0.0001088 seconds
2015-09-09T11:26:54.048+0200: 81.128: Total time for which application threads were stopped: 0.0000864 seconds, Stopping threads took: 0.0000154 seconds
2015-09-09T11:26:54.050+0200: 81.130: Total time for which application threads were stopped: 0.0000893 seconds, Stopping threads took: 0.0000230 seconds
2015-09-09T11:26:54.096+0200: 81.176: Total time for which application threads were stopped: 0.0002278 seconds, Stopping threads took: 0.0001392 seconds
2015-09-09T11:26:54.096+0200: 81.176: Total time for which application threads were stopped: 0.0001130 seconds, Stopping threads took: 0.0000662 seconds
{Heap before GC invocations=59 (full 2):
 par new generation   total 109248K, used 109248K [0x00000000e0000000, 0x00000000e8000000, 0x00000000e8000000)
  eden space 87424K, 100% used [0x00000000e0000000, 0x00000000e5560000, 0x00000000e5560000)
  from space 21824K, 100% used [0x00000000e6ab0000, 0x00000000e8000000, 0x00000000e8000000)
  to   space 21824K,   0% used [0x00000000e5560000, 0x00000000e5560000, 0x00000000e6ab0000)
 concurrent mark-sweep generation total 393216K, used 166830K [0x00000000e8000000, 0x0000000100000000, 0x0000000100000000)
 Metaspace       used 29555K, capacity 29926K, committed 30356K, reserved 1075200K
  class space    used 3495K, capacity 3643K, committed 3736K, reserved 1048576K
2015-09-09T11:26:54.329+0200: 81.409: [GC (Allocation Failure) 81.409: [ParNew
Desired survivor size 20112992 bytes, new threshold 8 (max 8)
- age   1:    5519264 bytes,    5519264 total
- age   2:    1095712 bytes,    6614976 total
- age   3:    1298352 bytes,    7913328 total
- age   4:    1970176 bytes,    9883504 total
- age   5:    3137160 bytes,   13020664 total
- age   6:    1839816 bytes,   14860480 total
- age   7:    1891616 bytes,   16752096 total
- age   8:    1135512 bytes,   17887608 total
: 109248K->21824K(109248K), 0.0098453 secs] 276078K->189868K(502464K), 0.0098959 secs] [Times: user=0.06 sys=0.00, real=0.01 secs] 
Heap after GC invocations=60 (full 2):
 par new generation   total 109248K, used 21824K [0x00000000e0000000, 0x00000000e8000000, 0x00000000e8000000)
  eden space 87424K,   0% used [0x00000000e0000000, 0x00000000e0000000, 0x00000000e5560000)
  from space 21824K, 100% used [0x00000000e5560000, 0x00000000e6ab0000, 0x00000000e6ab0000)
  to   space 21824K,   0% used [0x00000000e6ab0000, 0x00000000e6ab0000, 0x00000000e8000000)
 concurrent mark-sweep generation total 393216K, used 168044K [0x00000000e8000000, 0x0000000100000000, 0x0000000100000000)
 Metaspace       used 29555K, capacity 29926K, committed 30356K, reserved 1075200K
  class space    used 3495K, capacity 3643K, committed 3736K, reserved 1048576K
}
2015-09-09T11:26:54.339+0200: 81.419: Total time for which application threads were stopped: 0.0100338 seconds, Stopping threads took: 0.0000170 seconds
{Heap before GC invocations=60 (full 2):
 par new generation   total 109248K, used 109248K [0x00000000e0000000, 0x00000000e8000000, 0x00000000e8000000)
  eden space 87424K, 100% used [0x00000000e0000000, 0x00000000e5560000, 0x00000000e5560000)
  from space 21824K, 100% used [0x00000000e5560000, 0x00000000e6ab0000, 0x00000000e6ab0000)
  to   space 21824K,   0% used [0x00000000e6ab0000, 0x00000000e6ab0000, 0x00000000e8000000)
 concurrent mark-sweep generation total 393216K, used 168044K [0x00000000e8000000, 0x0000000100000000, 0x0000000100000000)
 Metaspace       used 29555K, capacity 29926K, committed 30356K, reserved 1075200K
  class space    used 3495K, capacity 3643K, committed 3736K, reserved 1048576K
2015-09-09T11:26:54.613+0200: 81.692: [GC (Allocation Failure) 81.692: [ParNew
Desired survivor size 20112992 bytes, new threshold 8 (max 8)
- age   1:    6893584 bytes,    6893584 total
- age   2:    2966232 bytes,    9859816 total
- age   3:     826328 bytes,   10686144 total
- age   4:     769784 bytes,   11455928 total
- age   5:    1958472 bytes,   13414400 total
- age   6:    3129168 bytes,   16543568 total
- age   7:    1839784 bytes,   18383352 total
- age   8:    1891616 bytes,   20274968 total
: 109248K->21824K(109248K), 0.0075951 secs] 277292K->191227K(502464K), 0.0076431 secs] [Times: user=0.00 sys=0.00, real=0.01 secs] 
Heap after GC invocations=61 (full 2):
 par new generation   total 109248K, used 21824K [0x00000000e0000000, 0x00000000e8000000, 0x00000000e8000000)
  eden space 87424K,   0% used [0x00000000e0000000, 0x00000000e0000000, 0x00000000e5560000)
  from space 21824K, 100% used [0x00000000e6ab0000, 0x00000000e8000000, 0x00000000e8000000)
  to   space 21824K,   0% used [0x00000000e5560000, 0x00000000e5560000, 0x00000000e6ab0000)
 concurrent mark-sweep generation total 393216K, used 169403K [0x00000000e8000000, 0x0000000100000000, 0x0000000100000000)
 Metaspace       used 29555K, capacity 29926K, committed 30356K, reserved 1075200K
  class space    used 3495K, capacity 3643K, committed 3736K, reserved 1048576K
}
2015-09-09T11:26:54.621+0200: 81.700: Total time for which application threads were stopped: 0.0077743 seconds, Stopping threads took: 0.0000138 seconds
2015-09-09T11:26:54.678+0200: 81.757: Total time for which application threads were stopped: 0.0000643 seconds, Stopping threads took: 0.0000243 seconds
2015-09-09T11:26:54.679+0200: 81.758: Total time for which application threads were stopped: 0.0000467 seconds, Stopping threads took: 0.0000218 seconds
2015-09-09T11:26:54.680+0200: 81.758: Total time for which application threads were stopped: 0.0000486 seconds, Stopping threads took: 0.0000141 seconds
2015-09-09T11:26:54.691+0200: 81.770: Total time for which application threads were stopped: 0.0001373 seconds, Stopping threads took: 0.0000307 seconds
2015-09-09T11:26:54.696+0200: 81.775: Total time for which application threads were stopped: 0.0000906 seconds, Stopping threads took: 0.0000205 seconds
2015-09-09T11:26:54.697+0200: 81.775: Total time for which application threads were stopped: 0.0000768 seconds, Stopping threads took: 0.0000192 seconds
{Heap before GC invocations=61 (full 2):
 par new generation   total 109248K, used 109248K [0x00000000e0000000, 0x00000000e8000000, 0x00000000e8000000)
  eden space 87424K, 100% used [0x00000000e0000000, 0x00000000e5560000, 0x00000000e5560000)
  from space 21824K, 100% used [0x00000000e6ab0000, 0x00000000e8000000, 0x00000000e8000000)
  to   space 21824K,   0% used [0x00000000e5560000, 0x00000000e5560000, 0x00000000e6ab0000)
 concurrent mark-sweep generation total 393216K, used 169403K [0x00000000e8000000, 0x0000000100000000, 0x0000000100000000)
 Metaspace       used 29560K, capacity 29926K, committed 30356K, reserved 1075200K
  class space    used 3496K, capacity 3643K, committed 3736K, reserved 1048576K
2015-09-09T11:26:54.810+0200: 81.889: [GC (Allocation Failure) 81.889: [ParNew
Desired survivor size 20112992 bytes, new threshold 8 (max 8)
- age   1:    6116840 bytes,    6116840 total
- age   2:    3773320 bytes,    9890160 total
- age   3:    2486448 bytes,   12376608 total
- age   4:     684864 bytes,   13061472 total
- age   5:     629720 bytes,   13691192 total
- age   6:    1645272 bytes,   15336464 total
- age   7:    2248168 bytes,   17584632 total
- age   8:    1205584 bytes,   18790216 total
: 109248K->21824K(109248K), 0.0064428 secs] 278651K->195770K(502464K), 0.0064915 secs] [Times: user=0.06 sys=0.00, real=0.01 secs] 
Heap after GC invocations=62 (full 2):
 par new generation   total 109248K, used 21824K [0x00000000e0000000, 0x00000000e8000000, 0x00000000e8000000)
  eden space 87424K,   0% used [0x00000000e0000000, 0x00000000e0000000, 0x00000000e5560000)
  from space 21824K, 100% used [0x00000000e5560000, 0x00000000e6ab0000, 0x00000000e6ab0000)
  to   space 21824K,   0% used [0x00000000e6ab0000, 0x00000000e6ab0000, 0x00000000e8000000)
 concurrent mark-sweep generation total 393216K, used 173946K [0x00000000e8000000, 0x0000000100000000, 0x0000000100000000)
 Metaspace       used 29560K, capacity 29926K, committed 30356K, reserved 1075200K
  class space    used 3496K, capacity 3643K, committed 3736K, reserved 1048576K
}
2015-09-09T11:26:54.817+0200: 81.896: Total time for which application threads were stopped: 0.0066505 seconds, Stopping threads took: 0.0000211 seconds
2015-09-09T11:26:54.923+0200: 82.002: Total time for which application threads were stopped: 0.0000992 seconds, Stopping threads took: 0.0000182 seconds
2015-09-09T11:26:54.924+0200: 82.003: Total time for which application threads were stopped: 0.0000662 seconds, Stopping threads took: 0.0000138 seconds
2015-09-09T11:26:54.924+0200: 82.003: Total time for which application threads were stopped: 0.0000429 seconds, Stopping threads took: 0.0000074 seconds
2015-09-09T11:26:54.924+0200: 82.003: Total time for which application threads were stopped: 0.0000474 seconds, Stopping threads took: 0.0000086 seconds
2015-09-09T11:26:54.924+0200: 82.003: Total time for which application threads were stopped: 0.0000442 seconds, Stopping threads took: 0.0000099 seconds
2015-09-09T11:26:54.925+0200: 82.003: Total time for which application threads were stopped: 0.0000467 seconds, Stopping threads took: 0.0000086 seconds
{Heap before GC invocations=62 (full 2):
 par new generation   total 109248K, used 109248K [0x00000000e0000000, 0x00000000e8000000, 0x00000000e8000000)
  eden space 87424K, 100% used [0x00000000e0000000, 0x00000000e5560000, 0x00000000e5560000)
  from space 21824K, 100% used [0x00000000e5560000, 0x00000000e6ab0000, 0x00000000e6ab0000)
  to   space 21824K,   0% used [0x00000000e6ab0000, 0x00000000e6ab0000, 0x00000000e8000000)
 concurrent mark-sweep generation total 393216K, used 173946K [0x00000000e8000000, 0x0000000100000000, 0x0000000100000000)
 Metaspace       used 29590K, capacity 29996K, committed 30356K, reserved 1075200K
  class space    used 3499K, capacity 3644K, committed 3736K, reserved 1048576K
2015-09-09T11:26:54.929+0200: 82.008: [GC (Allocation Failure) 82.008: [ParNew
Desired survivor size 20112992 bytes, new threshold 8 (max 8)
- age   1:    2454584 bytes,    2454584 total
- age   2:    4845392 bytes,    7299976 total
- age   3:    3610720 bytes,   10910696 total
- age   4:    2325216 bytes,   13235912 total
- age   5:     632128 bytes,   13868040 total
- age   6:     579104 bytes,   14447144 total
- age   7:    1524504 bytes,   15971648 total
- age   8:    2167376 bytes,   18139024 total
: 109248K->21824K(109248K), 0.0052470 secs] 283194K->197034K(502464K), 0.0052988 secs] [Times: user=0.00 sys=0.00, real=0.01 secs] 
Heap after GC invocations=63 (full 2):
 par new generation   total 109248K, used 21824K [0x00000000e0000000, 0x00000000e8000000, 0x00000000e8000000)
  eden space 87424K,   0% used [0x00000000e0000000, 0x00000000e0000000, 0x00000000e5560000)
  from space 21824K, 100% used [0x00000000e6ab0000, 0x00000000e8000000, 0x00000000e8000000)
  to   space 21824K,   0% used [0x00000000e5560000, 0x00000000e5560000, 0x00000000e6ab0000)
 concurrent mark-sweep generation total 393216K, used 175210K [0x00000000e8000000, 0x0000000100000000, 0x0000000100000000)
 Metaspace       used 29590K, capacity 29996K, committed 30356K, reserved 1075200K
  class space    used 3499K, capacity 3644K, committed 3736K, reserved 1048576K
}
2015-09-09T11:26:54.934+0200: 82.013: Total time for which application threads were stopped: 0.0055321 seconds, Stopping threads took: 0.0000179 seconds
{Heap before GC invocations=63 (full 2):
 par new generation   total 109248K, used 109139K [0x00000000e0000000, 0x00000000e8000000, 0x00000000e8000000)
  eden space 87424K,  99% used [0x00000000e0000000, 0x00000000e5544e68, 0x00000000e5560000)
  from space 21824K, 100% used [0x00000000e6ab0000, 0x00000000e8000000, 0x00000000e8000000)
  to   space 21824K,   0% used [0x00000000e5560000, 0x00000000e5560000, 0x00000000e6ab0000)
 concurrent mark-sweep generation total 393216K, used 175210K [0x00000000e8000000, 0x0000000100000000, 0x0000000100000000)
 Metaspace       used 29590K, capacity 29996K, committed 30356K, reserved 1075200K
  class space    used 3499K, capacity 3644K, committed 3736K, reserved 1048576K
2015-09-09T11:26:55.195+0200: 82.274: [GC (Allocation Failure) 82.274: [ParNew
Desired survivor size 20112992 bytes, new threshold 8 (max 8)
- age   1:    3282368 bytes,    3282368 total
- age   2:    1097280 bytes,    4379648 total
- age   3:    4505272 bytes,    8884920 total
- age   4:    3576304 bytes,   12461224 total
- age   5:    2287832 bytes,   14749056 total
- age   6:     618520 bytes,   15367576 total
- age   7:     568016 bytes,   15935592 total
- age   8:    1497216 bytes,   17432808 total
: 109139K->21824K(109248K), 0.0066217 secs] 284349K->202611K(502464K), 0.0066691 secs] [Times: user=0.00 sys=0.00, real=0.01 secs] 
Heap after GC invocations=64 (full 2):
 par new generation   total 109248K, used 21824K [0x00000000e0000000, 0x00000000e8000000, 0x00000000e8000000)
  eden space 87424K,   0% used [0x00000000e0000000, 0x00000000e0000000, 0x00000000e5560000)
  from space 21824K, 100% used [0x00000000e5560000, 0x00000000e6ab0000, 0x00000000e6ab0000)
  to   space 21824K,   0% used [0x00000000e6ab0000, 0x00000000e6ab0000, 0x00000000e8000000)
 concurrent mark-sweep generation total 393216K, used 180787K [0x00000000e8000000, 0x0000000100000000, 0x0000000100000000)
 Metaspace       used 29590K, capacity 29996K, committed 30356K, reserved 1075200K
  class space    used 3499K, capacity 3644K, committed 3736K, reserved 1048576K
}
2015-09-09T11:26:55.202+0200: 82.281: Total time for which application threads were stopped: 0.0068073 seconds, Stopping threads took: 0.0000134 seconds
{Heap before GC invocations=64 (full 2):
 par new generation   total 109248K, used 109248K [0x00000000e0000000, 0x00000000e8000000, 0x00000000e8000000)
  eden space 87424K, 100% used [0x00000000e0000000, 0x00000000e5560000, 0x00000000e5560000)
  from space 21824K, 100% used [0x00000000e5560000, 0x00000000e6ab0000, 0x00000000e6ab0000)
  to   space 21824K,   0% used [0x00000000e6ab0000, 0x00000000e6ab0000, 0x00000000e8000000)
 concurrent mark-sweep generation total 393216K, used 180787K [0x00000000e8000000, 0x0000000100000000, 0x0000000100000000)
 Metaspace       used 29590K, capacity 29996K, committed 30356K, reserved 1075200K
  class space    used 3499K, capacity 3644K, committed 3736K, reserved 1048576K
2015-09-09T11:26:55.475+0200: 82.554: [GC (Allocation Failure) 82.554: [ParNew
Desired survivor size 20112992 bytes, new threshold 8 (max 8)
- age   1:    5089584 bytes,    5089584 total
- age   2:    2129864 bytes,    7219448 total
- age   3:    1097280 bytes,    8316728 total
- age   4:    4505272 bytes,   12822000 total
- age   5:    2461648 bytes,   15283648 total
- age   6:    1271528 bytes,   16555176 total
- age   7:     356248 bytes,   16911424 total
- age   8:     568016 bytes,   17479440 total
: 109248K->21824K(109248K), 0.0061955 secs] 290035K->206411K(502464K), 0.0062409 secs] [Times: user=0.00 sys=0.00, real=0.01 secs] 
Heap after GC invocations=65 (full 2):
 par new generation   total 109248K, used 21824K [0x00000000e0000000, 0x00000000e8000000, 0x00000000e8000000)
  eden space 87424K,   0% used [0x00000000e0000000, 0x00000000e0000000, 0x00000000e5560000)
  from space 21824K, 100% used [0x00000000e6ab0000, 0x00000000e8000000, 0x00000000e8000000)
  to   space 21824K,   0% used [0x00000000e5560000, 0x00000000e5560000, 0x00000000e6ab0000)
 concurrent mark-sweep generation total 393216K, used 184587K [0x00000000e8000000, 0x0000000100000000, 0x0000000100000000)
 Metaspace       used 29590K, capacity 29996K, committed 30356K, reserved 1075200K
  class space    used 3499K, capacity 3644K, committed 3736K, reserved 1048576K
}
2015-09-09T11:26:55.481+0200: 82.560: Total time for which application threads were stopped: 0.0063718 seconds, Stopping threads took: 0.0000128 seconds
{Heap before GC invocations=65 (full 2):
 par new generation   total 109248K, used 109248K [0x00000000e0000000, 0x00000000e8000000, 0x00000000e8000000)
  eden space 87424K, 100% used [0x00000000e0000000, 0x00000000e5560000, 0x00000000e5560000)
  from space 21824K, 100% used [0x00000000e6ab0000, 0x00000000e8000000, 0x00000000e8000000)
  to   space 21824K,   0% used [0x00000000e5560000, 0x00000000e5560000, 0x00000000e6ab0000)
 concurrent mark-sweep generation total 393216K, used 184587K [0x00000000e8000000, 0x0000000100000000, 0x0000000100000000)
 Metaspace       used 29590K, capacity 29996K, committed 30356K, reserved 1075200K
  class space    used 3499K, capacity 3644K, committed 3736K, reserved 1048576K
2015-09-09T11:26:55.757+0200: 82.836: [GC (Allocation Failure) 82.836: [ParNew
Desired survivor size 20112992 bytes, new threshold 8 (max 8)
- age   1:    5098824 bytes,    5098824 total
- age   2:    2535992 bytes,    7634816 total
- age   3:    2130248 bytes,    9765064 total
- age   4:    1097472 bytes,   10862536 total
- age   5:    4505320 bytes,   15367856 total
- age   6:    2461648 bytes,   17829504 total
- age   7:    1271528 bytes,   19101032 total
- age   8:     356248 bytes,   19457280 total
: 109248K->21824K(109248K), 0.0062313 secs] 293835K->209087K(502464K), 0.0062783 secs] [Times: user=0.00 sys=0.00, real=0.01 secs] 
Heap after GC invocations=66 (full 2):
 par new generation   total 109248K, used 21824K [0x00000000e0000000, 0x00000000e8000000, 0x00000000e8000000)
  eden space 87424K,   0% used [0x00000000e0000000, 0x00000000e0000000, 0x00000000e5560000)
  from space 21824K, 100% used [0x00000000e5560000, 0x00000000e6ab0000, 0x00000000e6ab0000)
  to   space 21824K,   0% used [0x00000000e6ab0000, 0x00000000e6ab0000, 0x00000000e8000000)
 concurrent mark-sweep generation total 393216K, used 187263K [0x00000000e8000000, 0x0000000100000000, 0x0000000100000000)
 Metaspace       used 29590K, capacity 29996K, committed 30356K, reserved 1075200K
  class space    used 3499K, capacity 3644K, committed 3736K, reserved 1048576K
}
2015-09-09T11:26:55.763+0200: 82.842: Total time for which application threads were stopped: 0.0064070 seconds, Stopping threads took: 0.0000138 seconds
{Heap before GC invocations=66 (full 2):
 par new generation   total 109248K, used 109248K [0x00000000e0000000, 0x00000000e8000000, 0x00000000e8000000)
  eden space 87424K, 100% used [0x00000000e0000000, 0x00000000e5560000, 0x00000000e5560000)
  from space 21824K, 100% used [0x00000000e5560000, 0x00000000e6ab0000, 0x00000000e6ab0000)
  to   space 21824K,   0% used [0x00000000e6ab0000, 0x00000000e6ab0000, 0x00000000e8000000)
 concurrent mark-sweep generation total 393216K, used 187263K [0x00000000e8000000, 0x0000000100000000, 0x0000000100000000)
 Metaspace       used 29590K, capacity 29996K, committed 30356K, reserved 1075200K
  class space    used 3499K, capacity 3644K, committed 3736K, reserved 1048576K
2015-09-09T11:26:56.030+0200: 83.109: [GC (Allocation Failure) 83.109: [ParNew
Desired survivor size 20112992 bytes, new threshold 8 (max 8)
- age   1:    6220832 bytes,    6220832 total
- age   2:    2909440 bytes,    9130272 total
- age   3:    2363208 bytes,   11493480 total
- age   4:    2110200 bytes,   13603680 total
- age   5:    1084528 bytes,   14688208 total
- age   6:    3826200 bytes,   18514408 total
- age   7:    1398232 bytes,   19912640 total
- age   8:    1240912 bytes,   21153552 total
: 109248K->21824K(109248K), 0.0068921 secs] 296511K->211711K(502464K), 0.0069385 secs] [Times: user=0.05 sys=0.00, real=0.01 secs] 
Heap after GC invocations=67 (full 2):
 par new generation   total 109248K, used 21824K [0x00000000e0000000, 0x00000000e8000000, 0x00000000e8000000)
  eden space 87424K,   0% used [0x00000000e0000000, 0x00000000e0000000, 0x00000000e5560000)
  from space 21824K, 100% used [0x00000000e6ab0000, 0x00000000e8000000, 0x00000000e8000000)
  to   space 21824K,   0% used [0x00000000e5560000, 0x00000000e5560000, 0x00000000e6ab0000)
 concurrent mark-sweep generation total 393216K, used 189887K [0x00000000e8000000, 0x0000000100000000, 0x0000000100000000)
 Metaspace       used 29590K, capacity 29996K, committed 30356K, reserved 1075200K
  class space    used 3499K, capacity 3644K, committed 3736K, reserved 1048576K
}
2015-09-09T11:26:56.037+0200: 83.116: Total time for which application threads were stopped: 0.0070687 seconds, Stopping threads took: 0.0000134 seconds
{Heap before GC invocations=67 (full 2):
 par new generation   total 109248K, used 109248K [0x00000000e0000000, 0x00000000e8000000, 0x00000000e8000000)
  eden space 87424K, 100% used [0x00000000e0000000, 0x00000000e5560000, 0x00000000e5560000)
  from space 21824K, 100% used [0x00000000e6ab0000, 0x00000000e8000000, 0x00000000e8000000)
  to   space 21824K,   0% used [0x00000000e5560000, 0x00000000e5560000, 0x00000000e6ab0000)
 concurrent mark-sweep generation total 393216K, used 189887K [0x00000000e8000000, 0x0000000100000000, 0x0000000100000000)
 Metaspace       used 29590K, capacity 29996K, committed 30356K, reserved 1075200K
  class space    used 3499K, capacity 3644K, committed 3736K, reserved 1048576K
2015-09-09T11:26:56.313+0200: 83.392: [GC (Allocation Failure) 83.392: [ParNew
Desired survivor size 20112992 bytes, new threshold 8 (max 8)
- age   1:    5450328 bytes,    5450328 total
- age   2:    2346312 bytes,    7796640 total
- age   3:    2086944 bytes,    9883584 total
- age   4:    2094688 bytes,   11978272 total
- age   5:    2067384 bytes,   14045656 total
- age   6:     927248 bytes,   14972904 total
- age   7:    1225776 bytes,   16198680 total
- age   8:     413944 bytes,   16612624 total
: 109248K->21824K(109248K), 0.0085657 secs] 299135K->219654K(502464K), 0.0086105 secs] [Times: user=0.00 sys=0.00, real=0.01 secs] 
Heap after GC invocations=68 (full 2):
 par new generation   total 109248K, used 21824K [0x00000000e0000000, 0x00000000e8000000, 0x00000000e8000000)
  eden space 87424K,   0% used [0x00000000e0000000, 0x00000000e0000000, 0x00000000e5560000)
  from space 21824K, 100% used [0x00000000e5560000, 0x00000000e6ab0000, 0x00000000e6ab0000)
  to   space 21824K,   0% used [0x00000000e6ab0000, 0x00000000e6ab0000, 0x00000000e8000000)
 concurrent mark-sweep generation total 393216K, used 197830K [0x00000000e8000000, 0x0000000100000000, 0x0000000100000000)
 Metaspace       used 29590K, capacity 29996K, committed 30356K, reserved 1075200K
  class space    used 3499K, capacity 3644K, committed 3736K, reserved 1048576K
}
2015-09-09T11:26:56.321+0200: 83.400: Total time for which application threads were stopped: 0.0087417 seconds, Stopping threads took: 0.0000131 seconds
2015-09-09T11:26:56.321+0200: 83.400: [GC (CMS Initial Mark) [1 CMS-initial-mark: 197830K(393216K)] 221329K(502464K), 0.0014403 secs] [Times: user=0.00 sys=0.00, real=0.00 secs] 
2015-09-09T11:26:56.323+0200: 83.402: Total time for which application threads were stopped: 0.0015257 seconds, Stopping threads took: 0.0000227 seconds
2015-09-09T11:26:56.323+0200: 83.402: [CMS-concurrent-mark-start]
2015-09-09T11:26:56.330+0200: 83.409: [CMS-concurrent-mark: 0.008/0.008 secs] [Times: user=0.06 sys=0.00, real=0.01 secs] 
2015-09-09T11:26:56.331+0200: 83.409: [CMS-concurrent-preclean-start]
2015-09-09T11:26:56.331+0200: 83.410: [CMS-concurrent-preclean: 0.001/0.001 secs] [Times: user=0.00 sys=0.00, real=0.00 secs] 
2015-09-09T11:26:56.331+0200: 83.410: [CMS-concurrent-abortable-preclean-start]
2015-09-09T11:26:56.472+0200: 83.551: [CMS-concurrent-abortable-preclean: 0.140/0.141 secs] [Times: user=0.28 sys=0.00, real=0.14 secs] 
2015-09-09T11:26:56.472+0200: 83.551: [GC (CMS Final Remark) [YG occupancy: 70106 K (109248 K)]{Heap before GC invocations=68 (full 3):
 par new generation   total 109248K, used 70106K [0x00000000e0000000, 0x00000000e8000000, 0x00000000e8000000)
  eden space 87424K,  55% used [0x00000000e0000000, 0x00000000e2f268a0, 0x00000000e5560000)
  from space 21824K, 100% used [0x00000000e5560000, 0x00000000e6ab0000, 0x00000000e6ab0000)
  to   space 21824K,   0% used [0x00000000e6ab0000, 0x00000000e6ab0000, 0x00000000e8000000)
 concurrent mark-sweep generation total 393216K, used 197830K [0x00000000e8000000, 0x0000000100000000, 0x0000000100000000)
 Metaspace       used 29590K, capacity 29996K, committed 30356K, reserved 1075200K
  class space    used 3499K, capacity 3644K, committed 3736K, reserved 1048576K
2015-09-09T11:26:56.472+0200: 83.551: [GC (CMS Final Remark) 83.551: [ParNew
Desired survivor size 20112992 bytes, new threshold 8 (max 8)
- age   1:    6836704 bytes,    6836704 total
- age   2:    2473568 bytes,    9310272 total
- age   3:    2344464 bytes,   11654736 total
- age   4:    1036112 bytes,   12690848 total
- age   5:    2092576 bytes,   14783424 total
- age   6:    2066568 bytes,   16849992 total
- age   7:     926888 bytes,   17776880 total
- age   8:    1225200 bytes,   19002080 total
: 70106K->21764K(109248K), 0.0060988 secs] 267936K->221022K(502464K), 0.0061347 secs] [Times: user=0.00 sys=0.00, real=0.01 secs] 
Heap after GC invocations=69 (full 3):
 par new generation   total 109248K, used 21764K [0x00000000e0000000, 0x00000000e8000000, 0x00000000e8000000)
  eden space 87424K,   0% used [0x00000000e0000000, 0x00000000e0000000, 0x00000000e5560000)
  from space 21824K,  99% used [0x00000000e6ab0000, 0x00000000e7ff1208, 0x00000000e8000000)
  to   space 21824K,   0% used [0x00000000e5560000, 0x00000000e5560000, 0x00000000e6ab0000)
 concurrent mark-sweep generation total 393216K, used 199258K [0x00000000e8000000, 0x0000000100000000, 0x0000000100000000)
 Metaspace       used 29590K, capacity 29996K, committed 30356K, reserved 1075200K
  class space    used 3499K, capacity 3644K, committed 3736K, reserved 1048576K
}
83.557: [Rescan (parallel) , 0.0015833 secs]83.559: [weak refs processing, 0.0002157 secs]83.559: [class unloading, 0.0036521 secs]83.563: [scrub symbol table, 0.0027312 secs]83.565: [scrub string table, 0.0003670 secs][1 CMS-remark: 199258K(393216K)] 221022K(502464K), 0.0153051 secs] [Times: user=0.02 sys=0.00, real=0.02 secs] 
2015-09-09T11:26:56.487+0200: 83.566: Total time for which application threads were stopped: 0.0154095 seconds, Stopping threads took: 0.0000272 seconds
2015-09-09T11:26:56.487+0200: 83.566: [CMS-concurrent-sweep-start]
2015-09-09T11:26:56.518+0200: 83.597: [CMS-concurrent-sweep: 0.030/0.030 secs] [Times: user=0.06 sys=0.00, real=0.03 secs] 
2015-09-09T11:26:56.518+0200: 83.597: [CMS-concurrent-reset-start]
2015-09-09T11:26:56.518+0200: 83.597: [CMS-concurrent-reset: 0.000/0.000 secs] [Times: user=0.00 sys=0.00, real=0.00 secs] 
{Heap before GC invocations=69 (full 3):
 par new generation   total 109248K, used 109188K [0x00000000e0000000, 0x00000000e8000000, 0x00000000e8000000)
  eden space 87424K, 100% used [0x00000000e0000000, 0x00000000e5560000, 0x00000000e5560000)
  from space 21824K,  99% used [0x00000000e6ab0000, 0x00000000e7ff1208, 0x00000000e8000000)
  to   space 21824K,   0% used [0x00000000e5560000, 0x00000000e5560000, 0x00000000e6ab0000)
 concurrent mark-sweep generation total 393216K, used 39369K [0x00000000e8000000, 0x0000000100000000, 0x0000000100000000)
 Metaspace       used 29590K, capacity 29996K, committed 30356K, reserved 1075200K
  class space    used 3499K, capacity 3644K, committed 3736K, reserved 1048576K
2015-09-09T11:26:56.768+0200: 83.847: [GC (Allocation Failure) 83.847: [ParNew
Desired survivor size 20112992 bytes, new threshold 8 (max 8)
- age   1:    7156552 bytes,    7156552 total
- age   2:    1935936 bytes,    9092488 total
- age   3:    2224360 bytes,   11316848 total
- age   4:    2093272 bytes,   13410120 total
- age   5:     917336 bytes,   14327456 total
- age   6:    1973480 bytes,   16300936 total
- age   7:    2002560 bytes,   18303496 total
- age   8:     893448 bytes,   19196944 total
: 109188K->21824K(109248K), 0.0075436 secs] 148557K->64187K(502464K), 0.0075890 secs] [Times: user=0.00 sys=0.00, real=0.01 secs] 
Heap after GC invocations=70 (full 3):
 par new generation   total 109248K, used 21824K [0x00000000e0000000, 0x00000000e8000000, 0x00000000e8000000)
  eden space 87424K,   0% used [0x00000000e0000000, 0x00000000e0000000, 0x00000000e5560000)
  from space 21824K, 100% used [0x00000000e5560000, 0x00000000e6ab0000, 0x00000000e6ab0000)
  to   space 21824K,   0% used [0x00000000e6ab0000, 0x00000000e6ab0000, 0x00000000e8000000)
 concurrent mark-sweep generation total 393216K, used 42363K [0x00000000e8000000, 0x0000000100000000, 0x0000000100000000)
 Metaspace       used 29590K, capacity 29996K, committed 30356K, reserved 1075200K
  class space    used 3499K, capacity 3644K, committed 3736K, reserved 1048576K
}
2015-09-09T11:26:56.776+0200: 83.855: Total time for which application threads were stopped: 0.0077225 seconds, Stopping threads took: 0.0000134 seconds
{Heap before GC invocations=70 (full 3):
 par new generation   total 109248K, used 109248K [0x00000000e0000000, 0x00000000e8000000, 0x00000000e8000000)
  eden space 87424K, 100% used [0x00000000e0000000, 0x00000000e5560000, 0x00000000e5560000)
  from space 21824K, 100% used [0x00000000e5560000, 0x00000000e6ab0000, 0x00000000e6ab0000)
  to   space 21824K,   0% used [0x00000000e6ab0000, 0x00000000e6ab0000, 0x00000000e8000000)
 concurrent mark-sweep generation total 393216K, used 42363K [0x00000000e8000000, 0x0000000100000000, 0x0000000100000000)
 Metaspace       used 29590K, capacity 29996K, committed 30356K, reserved 1075200K
  class space    used 3499K, capacity 3644K, committed 3736K, reserved 1048576K
2015-09-09T11:26:57.072+0200: 84.151: [GC (Allocation Failure) 84.151: [ParNew
Desired survivor size 20112992 bytes, new threshold 8 (max 8)
- age   1:    5164576 bytes,    5164576 total
- age   2:    4644168 bytes,    9808744 total
- age   3:    1728088 bytes,   11536832 total
- age   4:    2177872 bytes,   13714704 total
- age   5:    2058864 bytes,   15773568 total
- age   6:     881936 bytes,   16655504 total
- age   7:    1780120 bytes,   18435624 total
- age   8:    1847472 bytes,   20283096 total
: 109248K->21824K(109248K), 0.0077615 secs] 151611K->68626K(502464K), 0.0078086 secs] [Times: user=0.06 sys=0.00, real=0.01 secs] 
Heap after GC invocations=71 (full 3):
 par new generation   total 109248K, used 21824K [0x00000000e0000000, 0x00000000e8000000, 0x00000000e8000000)
  eden space 87424K,   0% used [0x00000000e0000000, 0x00000000e0000000, 0x00000000e5560000)
  from space 21824K, 100% used [0x00000000e6ab0000, 0x00000000e8000000, 0x00000000e8000000)
  to   space 21824K,   0% used [0x00000000e5560000, 0x00000000e5560000, 0x00000000e6ab0000)
 concurrent mark-sweep generation total 393216K, used 46802K [0x00000000e8000000, 0x0000000100000000, 0x0000000100000000)
 Metaspace       used 29590K, capacity 29996K, committed 30356K, reserved 1075200K
  class space    used 3499K, capacity 3644K, committed 3736K, reserved 1048576K
}
2015-09-09T11:26:57.080+0200: 84.159: Total time for which application threads were stopped: 0.0079398 seconds, Stopping threads took: 0.0000134 seconds
{Heap before GC invocations=71 (full 3):
 par new generation   total 109248K, used 109248K [0x00000000e0000000, 0x00000000e8000000, 0x00000000e8000000)
  eden space 87424K, 100% used [0x00000000e0000000, 0x00000000e5560000, 0x00000000e5560000)
  from space 21824K, 100% used [0x00000000e6ab0000, 0x00000000e8000000, 0x00000000e8000000)
  to   space 21824K,   0% used [0x00000000e5560000, 0x00000000e5560000, 0x00000000e6ab0000)
 concurrent mark-sweep generation total 393216K, used 46802K [0x00000000e8000000, 0x0000000100000000, 0x0000000100000000)
 Metaspace       used 29590K, capacity 29996K, committed 30356K, reserved 1075200K
  class space    used 3499K, capacity 3644K, committed 3736K, reserved 1048576K
2015-09-09T11:26:57.358+0200: 84.437: [GC (Allocation Failure) 84.437: [ParNew
Desired survivor size 20112992 bytes, new threshold 8 (max 8)
- age   1:    6332288 bytes,    6332288 total
- age   2:    4135976 bytes,   10468264 total
- age   3:    1806352 bytes,   12274616 total
- age   4:    1670072 bytes,   13944688 total
- age   5:    1980048 bytes,   15924736 total
- age   6:    1791040 bytes,   17715776 total
- age   7:     648120 bytes,   18363896 total
- age   8:    1576024 bytes,   19939920 total
: 109248K->21824K(109248K), 0.0079327 secs] 156050K->74173K(502464K), 0.0079798 secs] [Times: user=0.00 sys=0.00, real=0.01 secs] 
Heap after GC invocations=72 (full 3):
 par new generation   total 109248K, used 21824K [0x00000000e0000000, 0x00000000e8000000, 0x00000000e8000000)
  eden space 87424K,   0% used [0x00000000e0000000, 0x00000000e0000000, 0x00000000e5560000)
  from space 21824K, 100% used [0x00000000e5560000, 0x00000000e6ab0000, 0x00000000e6ab0000)
  to   space 21824K,   0% used [0x00000000e6ab0000, 0x00000000e6ab0000, 0x00000000e8000000)
 concurrent mark-sweep generation total 393216K, used 52349K [0x00000000e8000000, 0x0000000100000000, 0x0000000100000000)
 Metaspace       used 29590K, capacity 29996K, committed 30356K, reserved 1075200K
  class space    used 3499K, capacity 3644K, committed 3736K, reserved 1048576K
}
2015-09-09T11:26:57.366+0200: 84.445: Total time for which application threads were stopped: 0.0081513 seconds, Stopping threads took: 0.0000134 seconds
{Heap before GC invocations=72 (full 3):
 par new generation   total 109248K, used 109248K [0x00000000e0000000, 0x00000000e8000000, 0x00000000e8000000)
  eden space 87424K, 100% used [0x00000000e0000000, 0x00000000e5560000, 0x00000000e5560000)
  from space 21824K, 100% used [0x00000000e5560000, 0x00000000e6ab0000, 0x00000000e6ab0000)
  to   space 21824K,   0% used [0x00000000e6ab0000, 0x00000000e6ab0000, 0x00000000e8000000)
 concurrent mark-sweep generation total 393216K, used 52349K [0x00000000e8000000, 0x0000000100000000, 0x0000000100000000)
 Metaspace       used 29590K, capacity 29996K, committed 30356K, reserved 1075200K
  class space    used 3499K, capacity 3644K, committed 3736K, reserved 1048576K
2015-09-09T11:26:57.646+0200: 84.724: [GC (Allocation Failure) 84.725: [ParNew
Desired survivor size 20112992 bytes, new threshold 8 (max 8)
- age   1:    4144576 bytes,    4144576 total
- age   2:    1817304 bytes,    5961880 total
- age   3:    1887840 bytes,    7849720 total
- age   4:    1682968 bytes,    9532688 total
- age   5:     868032 bytes,   10400720 total
- age   6:    1948264 bytes,   12348984 total
- age   7:    1628880 bytes,   13977864 total
- age   8:     618120 bytes,   14595984 total
: 109248K->21824K(109248K), 0.0072927 secs] 161597K->85328K(502464K), 0.0073385 secs] [Times: user=0.00 sys=0.02, real=0.01 secs] 
Heap after GC invocations=73 (full 3):
 par new generation   total 109248K, used 21824K [0x00000000e0000000, 0x00000000e8000000, 0x00000000e8000000)
  eden space 87424K,   0% used [0x00000000e0000000, 0x00000000e0000000, 0x00000000e5560000)
  from space 21824K, 100% used [0x00000000e6ab0000, 0x00000000e8000000, 0x00000000e8000000)
  to   space 21824K,   0% used [0x00000000e5560000, 0x00000000e5560000, 0x00000000e6ab0000)
 concurrent mark-sweep generation total 393216K, used 63504K [0x00000000e8000000, 0x0000000100000000, 0x0000000100000000)
 Metaspace       used 29590K, capacity 29996K, committed 30356K, reserved 1075200K
  class space    used 3499K, capacity 3644K, committed 3736K, reserved 1048576K
}
2015-09-09T11:26:57.653+0200: 84.732: Total time for which application threads were stopped: 0.0074713 seconds, Stopping threads took: 0.0000141 seconds
{Heap before GC invocations=73 (full 3):
 par new generation   total 109248K, used 109248K [0x00000000e0000000, 0x00000000e8000000, 0x00000000e8000000)
  eden space 87424K, 100% used [0x00000000e0000000, 0x00000000e5560000, 0x00000000e5560000)
  from space 21824K, 100% used [0x00000000e6ab0000, 0x00000000e8000000, 0x00000000e8000000)
  to   space 21824K,   0% used [0x00000000e5560000, 0x00000000e5560000, 0x00000000e6ab0000)
 concurrent mark-sweep generation total 393216K, used 63504K [0x00000000e8000000, 0x0000000100000000, 0x0000000100000000)
 Metaspace       used 29590K, capacity 29996K, committed 30356K, reserved 1075200K
  class space    used 3499K, capacity 3644K, committed 3736K, reserved 1048576K
2015-09-09T11:26:57.946+0200: 85.025: [GC (Allocation Failure) 85.025: [ParNew
Desired survivor size 20112992 bytes, new threshold 8 (max 8)
- age   1:    5285048 bytes,    5285048 total
- age   2:    4044664 bytes,    9329712 total
- age   3:    1817304 bytes,   11147016 total
- age   4:    1887840 bytes,   13034856 total
- age   5:    1682968 bytes,   14717824 total
- age   6:     868032 bytes,   15585856 total
- age   7:    1948264 bytes,   17534120 total
- age   8:    1628880 bytes,   19163000 total
: 109248K->21824K(109248K), 0.0082262 secs] 172752K->85940K(502464K), 0.0082850 secs] [Times: user=0.06 sys=0.00, real=0.01 secs] 
Heap after GC invocations=74 (full 3):
 par new generation   total 109248K, used 21824K [0x00000000e0000000, 0x00000000e8000000, 0x00000000e8000000)
  eden space 87424K,   0% used [0x00000000e0000000, 0x00000000e0000000, 0x00000000e5560000)
  from space 21824K, 100% used [0x00000000e5560000, 0x00000000e6ab0000, 0x00000000e6ab0000)
  to   space 21824K,   0% used [0x00000000e6ab0000, 0x00000000e6ab0000, 0x00000000e8000000)
 concurrent mark-sweep generation total 393216K, used 64116K [0x00000000e8000000, 0x0000000100000000, 0x0000000100000000)
 Metaspace       used 29590K, capacity 29996K, committed 30356K, reserved 1075200K
  class space    used 3499K, capacity 3644K, committed 3736K, reserved 1048576K
}
2015-09-09T11:26:57.955+0200: 85.034: Total time for which application threads were stopped: 0.0084207 seconds, Stopping threads took: 0.0000134 seconds
{Heap before GC invocations=74 (full 3):
 par new generation   total 109248K, used 109248K [0x00000000e0000000, 0x00000000e8000000, 0x00000000e8000000)
  eden space 87424K, 100% used [0x00000000e0000000, 0x00000000e5560000, 0x00000000e5560000)
  from space 21824K, 100% used [0x00000000e5560000, 0x00000000e6ab0000, 0x00000000e6ab0000)
  to   space 21824K,   0% used [0x00000000e6ab0000, 0x00000000e6ab0000, 0x00000000e8000000)
 concurrent mark-sweep generation total 393216K, used 64116K [0x00000000e8000000, 0x0000000100000000, 0x0000000100000000)
 Metaspace       used 29590K, capacity 29996K, committed 30356K, reserved 1075200K
  class space    used 3499K, capacity 3644K, committed 3736K, reserved 1048576K
2015-09-09T11:26:58.240+0200: 85.319: [GC (Allocation Failure) 85.319: [ParNew
Desired survivor size 20112992 bytes, new threshold 8 (max 8)
- age   1:    3325416 bytes,    3325416 total
- age   2:    4084592 bytes,    7410008 total
- age   3:    4011600 bytes,   11421608 total
- age   4:    1796464 bytes,   13218072 total
- age   5:    1871736 bytes,   15089808 total
- age   6:    1669368 bytes,   16759176 total
- age   7:     860880 bytes,   17620056 total
- age   8:    1935152 bytes,   19555208 total
: 109248K->21824K(109248K), 0.0089263 secs] 173364K->93361K(502464K), 0.0089705 secs] [Times: user=0.06 sys=0.00, real=0.01 secs] 
Heap after GC invocations=75 (full 3):
 par new generation   total 109248K, used 21824K [0x00000000e0000000, 0x00000000e8000000, 0x00000000e8000000)
  eden space 87424K,   0% used [0x00000000e0000000, 0x00000000e0000000, 0x00000000e5560000)
  from space 21824K, 100% used [0x00000000e6ab0000, 0x00000000e8000000, 0x00000000e8000000)
  to   space 21824K,   0% used [0x00000000e5560000, 0x00000000e5560000, 0x00000000e6ab0000)
 concurrent mark-sweep generation total 393216K, used 71537K [0x00000000e8000000, 0x0000000100000000, 0x0000000100000000)
 Metaspace       used 29590K, capacity 29996K, committed 30356K, reserved 1075200K
  class space    used 3499K, capacity 3644K, committed 3736K, reserved 1048576K
}
2015-09-09T11:26:58.249+0200: 85.328: Total time for which application threads were stopped: 0.0091170 seconds, Stopping threads took: 0.0000240 seconds
{Heap before GC invocations=75 (full 3):
 par new generation   total 109248K, used 109248K [0x00000000e0000000, 0x00000000e8000000, 0x00000000e8000000)
  eden space 87424K, 100% used [0x00000000e0000000, 0x00000000e5560000, 0x00000000e5560000)
  from space 21824K, 100% used [0x00000000e6ab0000, 0x00000000e8000000, 0x00000000e8000000)
  to   space 21824K,   0% used [0x00000000e5560000, 0x00000000e5560000, 0x00000000e6ab0000)
 concurrent mark-sweep generation total 393216K, used 71537K [0x00000000e8000000, 0x0000000100000000, 0x0000000100000000)
 Metaspace       used 29590K, capacity 29996K, committed 30356K, reserved 1075200K
  class space    used 3499K, capacity 3644K, committed 3736K, reserved 1048576K
2015-09-09T11:26:58.546+0200: 85.625: [GC (Allocation Failure) 85.625: [ParNew
Desired survivor size 20112992 bytes, new threshold 8 (max 8)
- age   1:    2107352 bytes,    2107352 total
- age   2:    2191328 bytes,    4298680 total
- age   3:    3394880 bytes,    7693560 total
- age   4:    3969520 bytes,   11663080 total
- age   5:    1761536 bytes,   13424616 total
- age   6:    1838064 bytes,   15262680 total
- age   7:    1654504 bytes,   16917184 total
- age   8:     855128 bytes,   17772312 total
: 109248K->21824K(109248K), 0.0090553 secs] 180785K->101969K(502464K), 0.0091260 secs] [Times: user=0.00 sys=0.00, real=0.01 secs] 
Heap after GC invocations=76 (full 3):
 par new generation   total 109248K, used 21824K [0x00000000e0000000, 0x00000000e8000000, 0x00000000e8000000)
  eden space 87424K,   0% used [0x00000000e0000000, 0x00000000e0000000, 0x00000000e5560000)
  from space 21824K, 100% used [0x00000000e5560000, 0x00000000e6ab0000, 0x00000000e6ab0000)
  to   space 21824K,   0% used [0x00000000e6ab0000, 0x00000000e6ab0000, 0x00000000e8000000)
 concurrent mark-sweep generation total 393216K, used 80145K [0x00000000e8000000, 0x0000000100000000, 0x0000000100000000)
 Metaspace       used 29590K, capacity 29996K, committed 30356K, reserved 1075200K
  class space    used 3499K, capacity 3644K, committed 3736K, reserved 1048576K
}
2015-09-09T11:26:58.555+0200: 85.634: Total time for which application threads were stopped: 0.0092575 seconds, Stopping threads took: 0.0000141 seconds
{Heap before GC invocations=76 (full 3):
 par new generation   total 109248K, used 109248K [0x00000000e0000000, 0x00000000e8000000, 0x00000000e8000000)
  eden space 87424K, 100% used [0x00000000e0000000, 0x00000000e5560000, 0x00000000e5560000)
  from space 21824K, 100% used [0x00000000e5560000, 0x00000000e6ab0000, 0x00000000e6ab0000)
  to   space 21824K,   0% used [0x00000000e6ab0000, 0x00000000e6ab0000, 0x00000000e8000000)
 concurrent mark-sweep generation total 393216K, used 80145K [0x00000000e8000000, 0x0000000100000000, 0x0000000100000000)
 Metaspace       used 29590K, capacity 29996K, committed 30356K, reserved 1075200K
  class space    used 3499K, capacity 3644K, committed 3736K, reserved 1048576K
2015-09-09T11:26:58.824+0200: 85.903: [GC (Allocation Failure) 85.903: [ParNew
Desired survivor size 20112992 bytes, new threshold 8 (max 8)
- age   1:    3637888 bytes,    3637888 total
- age   2:    2032536 bytes,    5670424 total
- age   3:    2107936 bytes,    7778360 total
- age   4:    3176608 bytes,   10954968 total
- age   5:    3889120 bytes,   14844088 total
- age   6:    1743488 bytes,   16587576 total
- age   7:    1824320 bytes,   18411896 total
- age   8:    1643064 bytes,   20054960 total
: 109248K->21824K(109248K), 0.0091516 secs] 189393K->110544K(502464K), 0.0091961 secs] [Times: user=0.00 sys=0.00, real=0.01 secs] 
Heap after GC invocations=77 (full 3):
 par new generation   total 109248K, used 21824K [0x00000000e0000000, 0x00000000e8000000, 0x00000000e8000000)
  eden space 87424K,   0% used [0x00000000e0000000, 0x00000000e0000000, 0x00000000e5560000)
  from space 21824K, 100% used [0x00000000e6ab0000, 0x00000000e8000000, 0x00000000e8000000)
  to   space 21824K,   0% used [0x00000000e5560000, 0x00000000e5560000, 0x00000000e6ab0000)
 concurrent mark-sweep generation total 393216K, used 88720K [0x00000000e8000000, 0x0000000100000000, 0x0000000100000000)
 Metaspace       used 29590K, capacity 29996K, committed 30356K, reserved 1075200K
  class space    used 3499K, capacity 3644K, committed 3736K, reserved 1048576K
}
2015-09-09T11:26:58.834+0200: 85.913: Total time for which application threads were stopped: 0.0093286 seconds, Stopping threads took: 0.0000131 seconds
{Heap before GC invocations=77 (full 3):
 par new generation   total 109248K, used 109248K [0x00000000e0000000, 0x00000000e8000000, 0x00000000e8000000)
  eden space 87424K, 100% used [0x00000000e0000000, 0x00000000e5560000, 0x00000000e5560000)
  from space 21824K, 100% used [0x00000000e6ab0000, 0x00000000e8000000, 0x00000000e8000000)
  to   space 21824K,   0% used [0x00000000e5560000, 0x00000000e5560000, 0x00000000e6ab0000)
 concurrent mark-sweep generation total 393216K, used 88720K [0x00000000e8000000, 0x0000000100000000, 0x0000000100000000)
 Metaspace       used 29590K, capacity 29996K, committed 30356K, reserved 1075200K
  class space    used 3499K, capacity 3644K, committed 3736K, reserved 1048576K
2015-09-09T11:26:59.127+0200: 86.206: [GC (Allocation Failure) 86.206: [ParNew
Desired survivor size 20112992 bytes, new threshold 8 (max 8)
- age   1:    2885656 bytes,    2885656 total
- age   2:    2822832 bytes,    5708488 total
- age   3:    1831408 bytes,    7539896 total
- age   4:    2003728 bytes,    9543624 total
- age   5:    2333528 bytes,   11877152 total
- age   6:    3641968 bytes,   15519120 total
- age   7:    1655784 bytes,   17174904 total
- age   8:    1749560 bytes,   18924464 total
: 109248K->21824K(109248K), 0.0094758 secs] 197968K->115451K(502464K), 0.0095241 secs] [Times: user=0.06 sys=0.00, real=0.01 secs] 
Heap after GC invocations=78 (full 3):
 par new generation   total 109248K, used 21824K [0x00000000e0000000, 0x00000000e8000000, 0x00000000e8000000)
  eden space 87424K,   0% used [0x00000000e0000000, 0x00000000e0000000, 0x00000000e5560000)
  from space 21824K, 100% used [0x00000000e5560000, 0x00000000e6ab0000, 0x00000000e6ab0000)
  to   space 21824K,   0% used [0x00000000e6ab0000, 0x00000000e6ab0000, 0x00000000e8000000)
 concurrent mark-sweep generation total 393216K, used 93627K [0x00000000e8000000, 0x0000000100000000, 0x0000000100000000)
 Metaspace       used 29590K, capacity 29996K, committed 30356K, reserved 1075200K
  class space    used 3499K, capacity 3644K, committed 3736K, reserved 1048576K
}
2015-09-09T11:26:59.137+0200: 86.216: Total time for which application threads were stopped: 0.0096540 seconds, Stopping threads took: 0.0000138 seconds
{Heap before GC invocations=78 (full 3):
 par new generation   total 109248K, used 109248K [0x00000000e0000000, 0x00000000e8000000, 0x00000000e8000000)
  eden space 87424K, 100% used [0x00000000e0000000, 0x00000000e5560000, 0x00000000e5560000)
  from space 21824K, 100% used [0x00000000e5560000, 0x00000000e6ab0000, 0x00000000e6ab0000)
  to   space 21824K,   0% used [0x00000000e6ab0000, 0x00000000e6ab0000, 0x00000000e8000000)
 concurrent mark-sweep generation total 393216K, used 93627K [0x00000000e8000000, 0x0000000100000000, 0x0000000100000000)
 Metaspace       used 29590K, capacity 29996K, committed 30356K, reserved 1075200K
  class space    used 3499K, capacity 3644K, committed 3736K, reserved 1048576K
2015-09-09T11:26:59.407+0200: 86.486: [GC (Allocation Failure) 86.486: [ParNew
Desired survivor size 20112992 bytes, new threshold 7 (max 8)
- age   1:    6399944 bytes,    6399944 total
- age   2:    2390824 bytes,    8790768 total
- age   3:    2484128 bytes,   11274896 total
- age   4:    1827616 bytes,   13102512 total
- age   5:    2001200 bytes,   15103712 total
- age   6:    2330808 bytes,   17434520 total
- age   7:    3046928 bytes,   20481448 total
- age   8:    1654584 bytes,   22136032 total
: 109248K->21824K(109248K), 0.0093260 secs] 202875K->124129K(502464K), 0.0093737 secs] [Times: user=0.00 sys=0.00, real=0.01 secs] 
Heap after GC invocations=79 (full 3):
 par new generation   total 109248K, used 21824K [0x00000000e0000000, 0x00000000e8000000, 0x00000000e8000000)
  eden space 87424K,   0% used [0x00000000e0000000, 0x00000000e0000000, 0x00000000e5560000)
  from space 21824K, 100% used [0x00000000e6ab0000, 0x00000000e8000000, 0x00000000e8000000)
  to   space 21824K,   0% used [0x00000000e5560000, 0x00000000e5560000, 0x00000000e6ab0000)
 concurrent mark-sweep generation total 393216K, used 102305K [0x00000000e8000000, 0x0000000100000000, 0x0000000100000000)
 Metaspace       used 29590K, capacity 29996K, committed 30356K, reserved 1075200K
  class space    used 3499K, capacity 3644K, committed 3736K, reserved 1048576K
}
2015-09-09T11:26:59.416+0200: 86.496: Total time for which application threads were stopped: 0.0095238 seconds, Stopping threads took: 0.0000144 seconds
{Heap before GC invocations=79 (full 3):
 par new generation   total 109248K, used 109248K [0x00000000e0000000, 0x00000000e8000000, 0x00000000e8000000)
  eden space 87424K, 100% used [0x00000000e0000000, 0x00000000e5560000, 0x00000000e5560000)
  from space 21824K, 100% used [0x00000000e6ab0000, 0x00000000e8000000, 0x00000000e8000000)
  to   space 21824K,   0% used [0x00000000e5560000, 0x00000000e5560000, 0x00000000e6ab0000)
 concurrent mark-sweep generation total 393216K, used 102305K [0x00000000e8000000, 0x0000000100000000, 0x0000000100000000)
 Metaspace       used 29590K, capacity 29996K, committed 30356K, reserved 1075200K
  class space    used 3499K, capacity 3644K, committed 3736K, reserved 1048576K
2015-09-09T11:26:59.709+0200: 86.789: [GC (Allocation Failure) 86.789: [ParNew
Desired survivor size 20112992 bytes, new threshold 8 (max 8)
- age   1:    1971488 bytes,    1971488 total
- age   2:    3985168 bytes,    5956656 total
- age   3:    1817664 bytes,    7774320 total
- age   4:    2089008 bytes,    9863328 total
- age   5:    1795072 bytes,   11658400 total
- age   6:    1958560 bytes,   13616960 total
- age   7:    2301184 bytes,   15918144 total
: 109248K->21824K(109248K), 0.0096438 secs] 211553K->133039K(502464K), 0.0096873 secs] [Times: user=0.06 sys=0.00, real=0.01 secs] 
Heap after GC invocations=80 (full 3):
 par new generation   total 109248K, used 21824K [0x00000000e0000000, 0x00000000e8000000, 0x00000000e8000000)
  eden space 87424K,   0% used [0x00000000e0000000, 0x00000000e0000000, 0x00000000e5560000)
  from space 21824K, 100% used [0x00000000e5560000, 0x00000000e6ab0000, 0x00000000e6ab0000)
  to   space 21824K,   0% used [0x00000000e6ab0000, 0x00000000e6ab0000, 0x00000000e8000000)
 concurrent mark-sweep generation total 393216K, used 111215K [0x00000000e8000000, 0x0000000100000000, 0x0000000100000000)
 Metaspace       used 29590K, capacity 29996K, committed 30356K, reserved 1075200K
  class space    used 3499K, capacity 3644K, committed 3736K, reserved 1048576K
}
2015-09-09T11:26:59.719+0200: 86.798: Total time for which application threads were stopped: 0.0098229 seconds, Stopping threads took: 0.0000138 seconds
{Heap before GC invocations=80 (full 3):
 par new generation   total 109248K, used 109248K [0x00000000e0000000, 0x00000000e8000000, 0x00000000e8000000)
  eden space 87424K, 100% used [0x00000000e0000000, 0x00000000e5560000, 0x00000000e5560000)
  from space 21824K, 100% used [0x00000000e5560000, 0x00000000e6ab0000, 0x00000000e6ab0000)
  to   space 21824K,   0% used [0x00000000e6ab0000, 0x00000000e6ab0000, 0x00000000e8000000)
 concurrent mark-sweep generation total 393216K, used 111215K [0x00000000e8000000, 0x0000000100000000, 0x0000000100000000)
 Metaspace       used 29591K, capacity 29996K, committed 30356K, reserved 1075200K
  class space    used 3499K, capacity 3644K, committed 3736K, reserved 1048576K
2015-09-09T11:26:59.979+0200: 87.059: [GC (Allocation Failure) 87.059: [ParNew
Desired survivor size 20112992 bytes, new threshold 8 (max 8)
- age   1:    6136968 bytes,    6136968 total
- age   2:    1968512 bytes,    8105480 total
- age   3:    1901776 bytes,   10007256 total
- age   4:    1701520 bytes,   11708776 total
- age   5:    2089008 bytes,   13797784 total
- age   6:    1795072 bytes,   15592856 total
- age   7:    1958584 bytes,   17551440 total
- age   8:    2301184 bytes,   19852624 total
: 109248K->21824K(109248K), 0.0085366 secs] 220463K->140574K(502464K), 0.0085932 secs] [Times: user=0.00 sys=0.00, real=0.01 secs] 
Heap after GC invocations=81 (full 3):
 par new generation   total 109248K, used 21824K [0x00000000e0000000, 0x00000000e8000000, 0x00000000e8000000)
  eden space 87424K,   0% used [0x00000000e0000000, 0x00000000e0000000, 0x00000000e5560000)
  from space 21824K, 100% used [0x00000000e6ab0000, 0x00000000e8000000, 0x00000000e8000000)
  to   space 21824K,   0% used [0x00000000e5560000, 0x00000000e5560000, 0x00000000e6ab0000)
 concurrent mark-sweep generation total 393216K, used 118750K [0x00000000e8000000, 0x0000000100000000, 0x0000000100000000)
 Metaspace       used 29591K, capacity 29996K, committed 30356K, reserved 1075200K
  class space    used 3499K, capacity 3644K, committed 3736K, reserved 1048576K
}
2015-09-09T11:26:59.988+0200: 87.067: Total time for which application threads were stopped: 0.0087276 seconds, Stopping threads took: 0.0000138 seconds
{Heap before GC invocations=81 (full 3):
 par new generation   total 109248K, used 109248K [0x00000000e0000000, 0x00000000e8000000, 0x00000000e8000000)
  eden space 87424K, 100% used [0x00000000e0000000, 0x00000000e5560000, 0x00000000e5560000)
  from space 21824K, 100% used [0x00000000e6ab0000, 0x00000000e8000000, 0x00000000e8000000)
  to   space 21824K,   0% used [0x00000000e5560000, 0x00000000e5560000, 0x00000000e6ab0000)
 concurrent mark-sweep generation total 393216K, used 118750K [0x00000000e8000000, 0x0000000100000000, 0x0000000100000000)
 Metaspace       used 29591K, capacity 29996K, committed 30356K, reserved 1075200K
  class space    used 3499K, capacity 3644K, committed 3736K, reserved 1048576K
2015-09-09T11:27:00.282+0200: 87.361: [GC (Allocation Failure) 87.361: [ParNew
Desired survivor size 20112992 bytes, new threshold 8 (max 8)
- age   1:    3883984 bytes,    3883984 total
- age   2:    4053992 bytes,    7937976 total
- age   3:    1784432 bytes,    9722408 total
- age   4:    1882968 bytes,   11605376 total
- age   5:    1689584 bytes,   13294960 total
- age   6:    1754080 bytes,   15049040 total
- age   7:    1789592 bytes,   16838632 total
- age   8:    1954968 bytes,   18793600 total
: 109248K->21824K(109248K), 0.0111993 secs] 227998K->145332K(502464K), 0.0112399 secs] [Times: user=0.06 sys=0.00, real=0.01 secs] 
Heap after GC invocations=82 (full 3):
 par new generation   total 109248K, used 21824K [0x00000000e0000000, 0x00000000e8000000, 0x00000000e8000000)
  eden space 87424K,   0% used [0x00000000e0000000, 0x00000000e0000000, 0x00000000e5560000)
  from space 21824K, 100% used [0x00000000e5560000, 0x00000000e6ab0000, 0x00000000e6ab0000)
  to   space 21824K,   0% used [0x00000000e6ab0000, 0x00000000e6ab0000, 0x00000000e8000000)
 concurrent mark-sweep generation total 393216K, used 123508K [0x00000000e8000000, 0x0000000100000000, 0x0000000100000000)
 Metaspace       used 29591K, capacity 29996K, committed 30356K, reserved 1075200K
  class space    used 3499K, capacity 3644K, committed 3736K, reserved 1048576K
}
2015-09-09T11:27:00.294+0200: 87.373: Total time for which application threads were stopped: 0.0113993 seconds, Stopping threads took: 0.0000128 seconds
{Heap before GC invocations=82 (full 3):
 par new generation   total 109248K, used 109248K [0x00000000e0000000, 0x00000000e8000000, 0x00000000e8000000)
  eden space 87424K, 100% used [0x00000000e0000000, 0x00000000e5560000, 0x00000000e5560000)
  from space 21824K, 100% used [0x00000000e5560000, 0x00000000e6ab0000, 0x00000000e6ab0000)
  to   space 21824K,   0% used [0x00000000e6ab0000, 0x00000000e6ab0000, 0x00000000e8000000)
 concurrent mark-sweep generation total 393216K, used 123508K [0x00000000e8000000, 0x0000000100000000, 0x0000000100000000)
 Metaspace       used 29591K, capacity 29996K, committed 30356K, reserved 1075200K
  class space    used 3499K, capacity 3644K, committed 3736K, reserved 1048576K
2015-09-09T11:27:00.618+0200: 87.697: [GC (Allocation Failure) 87.697: [ParNew
Desired survivor size 20112992 bytes, new threshold 8 (max 8)
- age   1:    4089480 bytes,    4089480 total
- age   2:    3668480 bytes,    7757960 total
- age   3:    2127296 bytes,    9885256 total
- age   4:    1759200 bytes,   11644456 total
- age   5:    1864808 bytes,   13509264 total
- age   6:    1676272 bytes,   15185536 total
- age   7:    1730312 bytes,   16915848 total
- age   8:    1763344 bytes,   18679192 total
: 109248K->21824K(109248K), 0.0100719 secs] 232756K->155564K(502464K), 0.0101189 secs] [Times: user=0.00 sys=0.00, real=0.01 secs] 
Heap after GC invocations=83 (full 3):
 par new generation   total 109248K, used 21824K [0x00000000e0000000, 0x00000000e8000000, 0x00000000e8000000)
  eden space 87424K,   0% used [0x00000000e0000000, 0x00000000e0000000, 0x00000000e5560000)
  from space 21824K, 100% used [0x00000000e6ab0000, 0x00000000e8000000, 0x00000000e8000000)
  to   space 21824K,   0% used [0x00000000e5560000, 0x00000000e5560000, 0x00000000e6ab0000)
 concurrent mark-sweep generation total 393216K, used 133740K [0x00000000e8000000, 0x0000000100000000, 0x0000000100000000)
 Metaspace       used 29591K, capacity 29996K, committed 30356K, reserved 1075200K
  class space    used 3499K, capacity 3644K, committed 3736K, reserved 1048576K
}
2015-09-09T11:27:00.628+0200: 87.707: Total time for which application threads were stopped: 0.0102665 seconds, Stopping threads took: 0.0000134 seconds
{Heap before GC invocations=83 (full 3):
 par new generation   total 109248K, used 109248K [0x00000000e0000000, 0x00000000e8000000, 0x00000000e8000000)
  eden space 87424K, 100% used [0x00000000e0000000, 0x00000000e5560000, 0x00000000e5560000)
  from space 21824K, 100% used [0x00000000e6ab0000, 0x00000000e8000000, 0x00000000e8000000)
  to   space 21824K,   0% used [0x00000000e5560000, 0x00000000e5560000, 0x00000000e6ab0000)
 concurrent mark-sweep generation total 393216K, used 133740K [0x00000000e8000000, 0x0000000100000000, 0x0000000100000000)
 Metaspace       used 29591K, capacity 29996K, committed 30356K, reserved 1075200K
  class space    used 3499K, capacity 3644K, committed 3736K, reserved 1048576K
2015-09-09T11:27:00.897+0200: 87.976: [GC (Allocation Failure) 87.976: [ParNew
Desired survivor size 20112992 bytes, new threshold 8 (max 8)
- age   1:    2622568 bytes,    2622568 total
- age   2:    3720192 bytes,    6342760 total
- age   3:    3502704 bytes,    9845464 total
- age   4:    2106080 bytes,   11951544 total
- age   5:    1734864 bytes,   13686408 total
- age   6:    1846856 bytes,   15533264 total
- age   7:    1659600 bytes,   17192864 total
- age   8:    1699224 bytes,   18892088 total
: 109248K->21824K(109248K), 0.0098498 secs] 242988K->167476K(502464K), 0.0098949 secs] [Times: user=0.06 sys=0.00, real=0.01 secs] 
Heap after GC invocations=84 (full 3):
 par new generation   total 109248K, used 21824K [0x00000000e0000000, 0x00000000e8000000, 0x00000000e8000000)
  eden space 87424K,   0% used [0x00000000e0000000, 0x00000000e0000000, 0x00000000e5560000)
  from space 21824K, 100% used [0x00000000e5560000, 0x00000000e6ab0000, 0x00000000e6ab0000)
  to   space 21824K,   0% used [0x00000000e6ab0000, 0x00000000e6ab0000, 0x00000000e8000000)
 concurrent mark-sweep generation total 393216K, used 145652K [0x00000000e8000000, 0x0000000100000000, 0x0000000100000000)
 Metaspace       used 29591K, capacity 29996K, committed 30356K, reserved 1075200K
  class space    used 3499K, capacity 3644K, committed 3736K, reserved 1048576K
}
2015-09-09T11:27:00.907+0200: 87.986: Total time for which application threads were stopped: 0.0100325 seconds, Stopping threads took: 0.0000147 seconds
{Heap before GC invocations=84 (full 3):
 par new generation   total 109248K, used 109248K [0x00000000e0000000, 0x00000000e8000000, 0x00000000e8000000)
  eden space 87424K, 100% used [0x00000000e0000000, 0x00000000e5560000, 0x00000000e5560000)
  from space 21824K, 100% used [0x00000000e5560000, 0x00000000e6ab0000, 0x00000000e6ab0000)
  to   space 21824K,   0% used [0x00000000e6ab0000, 0x00000000e6ab0000, 0x00000000e8000000)
 concurrent mark-sweep generation total 393216K, used 145652K [0x00000000e8000000, 0x0000000100000000, 0x0000000100000000)
 Metaspace       used 29591K, capacity 29996K, committed 30356K, reserved 1075200K
  class space    used 3499K, capacity 3644K, committed 3736K, reserved 1048576K
2015-09-09T11:27:01.201+0200: 88.281: [GC (Allocation Failure) 88.281: [ParNew
Desired survivor size 20112992 bytes, new threshold 8 (max 8)
- age   1:    2575952 bytes,    2575952 total
- age   2:    2519504 bytes,    5095456 total
- age   3:    2976872 bytes,    8072328 total
- age   4:    2988800 bytes,   11061128 total
- age   5:    1734512 bytes,   12795640 total
- age   6:    1720016 bytes,   14515656 total
- age   7:    1836504 bytes,   16352160 total
- age   8:    1650960 bytes,   18003120 total
: 109248K->21824K(109248K), 0.0092873 secs] 254900K->171040K(502464K), 0.0093340 secs] [Times: user=0.02 sys=0.00, real=0.01 secs] 
Heap after GC invocations=85 (full 3):
 par new generation   total 109248K, used 21824K [0x00000000e0000000, 0x00000000e8000000, 0x00000000e8000000)
  eden space 87424K,   0% used [0x00000000e0000000, 0x00000000e0000000, 0x00000000e5560000)
  from space 21824K, 100% used [0x00000000e6ab0000, 0x00000000e8000000, 0x00000000e8000000)
  to   space 21824K,   0% used [0x00000000e5560000, 0x00000000e5560000, 0x00000000e6ab0000)
 concurrent mark-sweep generation total 393216K, used 149216K [0x00000000e8000000, 0x0000000100000000, 0x0000000100000000)
 Metaspace       used 29591K, capacity 29996K, committed 30356K, reserved 1075200K
  class space    used 3499K, capacity 3644K, committed 3736K, reserved 1048576K
}
2015-09-09T11:27:01.211+0200: 88.290: Total time for which application threads were stopped: 0.0094722 seconds, Stopping threads took: 0.0000134 seconds
{Heap before GC invocations=85 (full 3):
 par new generation   total 109248K, used 109248K [0x00000000e0000000, 0x00000000e8000000, 0x00000000e8000000)
  eden space 87424K, 100% used [0x00000000e0000000, 0x00000000e5560000, 0x00000000e5560000)
  from space 21824K, 100% used [0x00000000e6ab0000, 0x00000000e8000000, 0x00000000e8000000)
  to   space 21824K,   0% used [0x00000000e5560000, 0x00000000e5560000, 0x00000000e6ab0000)
 concurrent mark-sweep generation total 393216K, used 149216K [0x00000000e8000000, 0x0000000100000000, 0x0000000100000000)
 Metaspace       used 29591K, capacity 29996K, committed 30356K, reserved 1075200K
  class space    used 3499K, capacity 3644K, committed 3736K, reserved 1048576K
2015-09-09T11:27:01.499+0200: 88.578: [GC (Allocation Failure) 88.578: [ParNew
Desired survivor size 20112992 bytes, new threshold 8 (max 8)
- age   1:    3857928 bytes,    3857928 total
- age   2:    2099024 bytes,    5956952 total
- age   3:    1966544 bytes,    7923496 total
- age   4:    2481536 bytes,   10405032 total
- age   5:    2963000 bytes,   13368032 total
- age   6:    1699648 bytes,   15067680 total
- age   7:    1714256 bytes,   16781936 total
- age   8:    1831592 bytes,   18613528 total
: 109248K->21824K(109248K), 0.0094559 secs] 258464K->176585K(502464K), 0.0095020 secs] [Times: user=0.06 sys=0.00, real=0.01 secs] 
Heap after GC invocations=86 (full 3):
 par new generation   total 109248K, used 21824K [0x00000000e0000000, 0x00000000e8000000, 0x00000000e8000000)
  eden space 87424K,   0% used [0x00000000e0000000, 0x00000000e0000000, 0x00000000e5560000)
  from space 21824K, 100% used [0x00000000e5560000, 0x00000000e6ab0000, 0x00000000e6ab0000)
  to   space 21824K,   0% used [0x00000000e6ab0000, 0x00000000e6ab0000, 0x00000000e8000000)
 concurrent mark-sweep generation total 393216K, used 154761K [0x00000000e8000000, 0x0000000100000000, 0x0000000100000000)
 Metaspace       used 29591K, capacity 29996K, committed 30356K, reserved 1075200K
  class space    used 3499K, capacity 3644K, committed 3736K, reserved 1048576K
}
2015-09-09T11:27:01.509+0200: 88.588: Total time for which application threads were stopped: 0.0096338 seconds, Stopping threads took: 0.0000134 seconds
{Heap before GC invocations=86 (full 3):
 par new generation   total 109248K, used 109248K [0x00000000e0000000, 0x00000000e8000000, 0x00000000e8000000)
  eden space 87424K, 100% used [0x00000000e0000000, 0x00000000e5560000, 0x00000000e5560000)
  from space 21824K, 100% used [0x00000000e5560000, 0x00000000e6ab0000, 0x00000000e6ab0000)
  to   space 21824K,   0% used [0x00000000e6ab0000, 0x00000000e6ab0000, 0x00000000e8000000)
 concurrent mark-sweep generation total 393216K, used 154761K [0x00000000e8000000, 0x0000000100000000, 0x0000000100000000)
 Metaspace       used 29591K, capacity 29996K, committed 30356K, reserved 1075200K
  class space    used 3499K, capacity 3644K, committed 3736K, reserved 1048576K
2015-09-09T11:27:01.801+0200: 88.881: [GC (Allocation Failure) 88.881: [ParNew
Desired survivor size 20112992 bytes, new threshold 8 (max 8)
- age   1:    2574504 bytes,    2574504 total
- age   2:    3722520 bytes,    6297024 total
- age   3:    1987072 bytes,    8284096 total
- age   4:    1873744 bytes,   10157840 total
- age   5:    2385536 bytes,   12543376 total
- age   6:    2874736 bytes,   15418112 total
- age   7:    1573360 bytes,   16991472 total
- age   8:    1591296 bytes,   18582768 total
: 109248K->21824K(109248K), 0.0114373 secs] 264009K->180157K(502464K), 0.0114847 secs] [Times: user=0.06 sys=0.00, real=0.01 secs] 
Heap after GC invocations=87 (full 3):
 par new generation   total 109248K, used 21824K [0x00000000e0000000, 0x00000000e8000000, 0x00000000e8000000)
  eden space 87424K,   0% used [0x00000000e0000000, 0x00000000e0000000, 0x00000000e5560000)
  from space 21824K, 100% used [0x00000000e6ab0000, 0x00000000e8000000, 0x00000000e8000000)
  to   space 21824K,   0% used [0x00000000e5560000, 0x00000000e5560000, 0x00000000e6ab0000)
 concurrent mark-sweep generation total 393216K, used 158333K [0x00000000e8000000, 0x0000000100000000, 0x0000000100000000)
 Metaspace       used 29591K, capacity 29996K, committed 30356K, reserved 1075200K
  class space    used 3499K, capacity 3644K, committed 3736K, reserved 1048576K
}
2015-09-09T11:27:01.813+0200: 88.892: Total time for which application threads were stopped: 0.0116172 seconds, Stopping threads took: 0.0000131 seconds
{Heap before GC invocations=87 (full 3):
 par new generation   total 109248K, used 109248K [0x00000000e0000000, 0x00000000e8000000, 0x00000000e8000000)
  eden space 87424K, 100% used [0x00000000e0000000, 0x00000000e5560000, 0x00000000e5560000)
  from space 21824K, 100% used [0x00000000e6ab0000, 0x00000000e8000000, 0x00000000e8000000)
  to   space 21824K,   0% used [0x00000000e5560000, 0x00000000e5560000, 0x00000000e6ab0000)
 concurrent mark-sweep generation total 393216K, used 158333K [0x00000000e8000000, 0x0000000100000000, 0x0000000100000000)
 Metaspace       used 29591K, capacity 29996K, committed 30356K, reserved 1075200K
  class space    used 3499K, capacity 3644K, committed 3736K, reserved 1048576K
2015-09-09T11:27:02.094+0200: 89.173: [GC (Allocation Failure) 89.173: [ParNew
Desired survivor size 20112992 bytes, new threshold 8 (max 8)
- age   1:    4091912 bytes,    4091912 total
- age   2:    1821896 bytes,    5913808 total
- age   3:    3672376 bytes,    9586184 total
- age   4:    1692936 bytes,   11279120 total
- age   5:    1764776 bytes,   13043896 total
- age   6:    2240984 bytes,   15284880 total
- age   7:    2862152 bytes,   18147032 total
- age   8:    1562416 bytes,   19709448 total
: 109248K->21824K(109248K), 0.0101740 secs] 267581K->198166K(502464K), 0.0102268 secs] [Times: user=0.06 sys=0.00, real=0.01 secs] 
Heap after GC invocations=88 (full 3):
 par new generation   total 109248K, used 21824K [0x00000000e0000000, 0x00000000e8000000, 0x00000000e8000000)
  eden space 87424K,   0% used [0x00000000e0000000, 0x00000000e0000000, 0x00000000e5560000)
  from space 21824K, 100% used [0x00000000e5560000, 0x00000000e6ab0000, 0x00000000e6ab0000)
  to   space 21824K,   0% used [0x00000000e6ab0000, 0x00000000e6ab0000, 0x00000000e8000000)
 concurrent mark-sweep generation total 393216K, used 176342K [0x00000000e8000000, 0x0000000100000000, 0x0000000100000000)
 Metaspace       used 29591K, capacity 29996K, committed 30356K, reserved 1075200K
  class space    used 3499K, capacity 3644K, committed 3736K, reserved 1048576K
}
2015-09-09T11:27:02.104+0200: 89.183: Total time for which application threads were stopped: 0.0103551 seconds, Stopping threads took: 0.0000131 seconds
{Heap before GC invocations=88 (full 3):
 par new generation   total 109248K, used 109248K [0x00000000e0000000, 0x00000000e8000000, 0x00000000e8000000)
  eden space 87424K, 100% used [0x00000000e0000000, 0x00000000e5560000, 0x00000000e5560000)
  from space 21824K, 100% used [0x00000000e5560000, 0x00000000e6ab0000, 0x00000000e6ab0000)
  to   space 21824K,   0% used [0x00000000e6ab0000, 0x00000000e6ab0000, 0x00000000e8000000)
 concurrent mark-sweep generation total 393216K, used 176342K [0x00000000e8000000, 0x0000000100000000, 0x0000000100000000)
 Metaspace       used 29591K, capacity 29996K, committed 30356K, reserved 1075200K
  class space    used 3499K, capacity 3644K, committed 3736K, reserved 1048576K
2015-09-09T11:27:02.408+0200: 89.488: [GC (Allocation Failure) 89.488: [ParNew
Desired survivor size 20112992 bytes, new threshold 8 (max 8)
- age   1:    1154840 bytes,    1154840 total
- age   2:    3195648 bytes,    4350488 total
- age   3:    1673968 bytes,    6024456 total
- age   4:    3624696 bytes,    9649152 total
- age   5:    1638296 bytes,   11287448 total
- age   6:    1714768 bytes,   13002216 total
- age   7:    2224016 bytes,   15226232 total
- age   8:    2836712 bytes,   18062944 total
: 109248K->21824K(109248K), 0.0094130 secs] 285590K->202651K(502464K), 0.0094668 secs] [Times: user=0.06 sys=0.00, real=0.01 secs] 
Heap after GC invocations=89 (full 3):
 par new generation   total 109248K, used 21824K [0x00000000e0000000, 0x00000000e8000000, 0x00000000e8000000)
  eden space 87424K,   0% used [0x00000000e0000000, 0x00000000e0000000, 0x00000000e5560000)
  from space 21824K, 100% used [0x00000000e6ab0000, 0x00000000e8000000, 0x00000000e8000000)
  to   space 21824K,   0% used [0x00000000e5560000, 0x00000000e5560000, 0x00000000e6ab0000)
 concurrent mark-sweep generation total 393216K, used 180827K [0x00000000e8000000, 0x0000000100000000, 0x0000000100000000)
 Metaspace       used 29591K, capacity 29996K, committed 30356K, reserved 1075200K
  class space    used 3499K, capacity 3644K, committed 3736K, reserved 1048576K
}
2015-09-09T11:27:02.418+0200: 89.497: Total time for which application threads were stopped: 0.0095967 seconds, Stopping threads took: 0.0000134 seconds
{Heap before GC invocations=89 (full 3):
 par new generation   total 109248K, used 109248K [0x00000000e0000000, 0x00000000e8000000, 0x00000000e8000000)
  eden space 87424K, 100% used [0x00000000e0000000, 0x00000000e5560000, 0x00000000e5560000)
  from space 21824K, 100% used [0x00000000e6ab0000, 0x00000000e8000000, 0x00000000e8000000)
  to   space 21824K,   0% used [0x00000000e5560000, 0x00000000e5560000, 0x00000000e6ab0000)
 concurrent mark-sweep generation total 393216K, used 180827K [0x00000000e8000000, 0x0000000100000000, 0x0000000100000000)
 Metaspace       used 29591K, capacity 29996K, committed 30356K, reserved 1075200K
  class space    used 3499K, capacity 3644K, committed 3736K, reserved 1048576K
2015-09-09T11:27:02.731+0200: 89.810: [GC (Allocation Failure) 89.810: [ParNew
Desired survivor size 20112992 bytes, new threshold 8 (max 8)
- age   1:    2261872 bytes,    2261872 total
- age   2:     892864 bytes,    3154736 total
- age   3:    3168192 bytes,    6322928 total
- age   4:    1639520 bytes,    7962448 total
- age   5:    2549992 bytes,   10512440 total
- age   6:    1626872 bytes,   12139312 total
- age   7:    1707032 bytes,   13846344 total
- age   8:    2216208 bytes,   16062552 total
: 109248K->21824K(109248K), 0.0092002 secs] 290075K->207314K(502464K), 0.0092639 secs] [Times: user=0.06 sys=0.00, real=0.01 secs] 
Heap after GC invocations=90 (full 3):
 par new generation   total 109248K, used 21824K [0x00000000e0000000, 0x00000000e8000000, 0x00000000e8000000)
  eden space 87424K,   0% used [0x00000000e0000000, 0x00000000e0000000, 0x00000000e5560000)
  from space 21824K, 100% used [0x00000000e5560000, 0x00000000e6ab0000, 0x00000000e6ab0000)
  to   space 21824K,   0% used [0x00000000e6ab0000, 0x00000000e6ab0000, 0x00000000e8000000)
 concurrent mark-sweep generation total 393216K, used 185490K [0x00000000e8000000, 0x0000000100000000, 0x0000000100000000)
 Metaspace       used 29591K, capacity 29996K, committed 30356K, reserved 1075200K
  class space    used 3499K, capacity 3644K, committed 3736K, reserved 1048576K
}
2015-09-09T11:27:02.740+0200: 89.819: Total time for which application threads were stopped: 0.0094028 seconds, Stopping threads took: 0.0000128 seconds
{Heap before GC invocations=90 (full 3):
 par new generation   total 109248K, used 109248K [0x00000000e0000000, 0x00000000e8000000, 0x00000000e8000000)
  eden space 87424K, 100% used [0x00000000e0000000, 0x00000000e5560000, 0x00000000e5560000)
  from space 21824K, 100% used [0x00000000e5560000, 0x00000000e6ab0000, 0x00000000e6ab0000)
  to   space 21824K,   0% used [0x00000000e6ab0000, 0x00000000e6ab0000, 0x00000000e8000000)
 concurrent mark-sweep generation total 393216K, used 185490K [0x00000000e8000000, 0x0000000100000000, 0x0000000100000000)
 Metaspace       used 29591K, capacity 29996K, committed 30356K, reserved 1075200K
  class space    used 3499K, capacity 3644K, committed 3736K, reserved 1048576K
2015-09-09T11:27:03.027+0200: 90.106: [GC (Allocation Failure) 90.106: [ParNew
Desired survivor size 20112992 bytes, new threshold 8 (max 8)
- age   1:    6772128 bytes,    6772128 total
- age   2:    2258816 bytes,    9030944 total
- age   3:     892736 bytes,    9923680 total
- age   4:    2865736 bytes,   12789416 total
- age   5:    1639520 bytes,   14428936 total
- age   6:    2549992 bytes,   16978928 total
- age   7:    1626872 bytes,   18605800 total
- age   8:    1707032 bytes,   20312832 total
: 109248K->21824K(109248K), 0.0108495 secs] 294738K->211131K(502464K), 0.0108949 secs] [Times: user=0.06 sys=0.00, real=0.01 secs] 
Heap after GC invocations=91 (full 3):
 par new generation   total 109248K, used 21824K [0x00000000e0000000, 0x00000000e8000000, 0x00000000e8000000)
  eden space 87424K,   0% used [0x00000000e0000000, 0x00000000e0000000, 0x00000000e5560000)
  from space 21824K, 100% used [0x00000000e6ab0000, 0x00000000e8000000, 0x00000000e8000000)
  to   space 21824K,   0% used [0x00000000e5560000, 0x00000000e5560000, 0x00000000e6ab0000)
 concurrent mark-sweep generation total 393216K, used 189307K [0x00000000e8000000, 0x0000000100000000, 0x0000000100000000)
 Metaspace       used 29591K, capacity 29996K, committed 30356K, reserved 1075200K
  class space    used 3499K, capacity 3644K, committed 3736K, reserved 1048576K
}
2015-09-09T11:27:03.038+0200: 90.117: Total time for which application threads were stopped: 0.0110261 seconds, Stopping threads took: 0.0000131 seconds
{Heap before GC invocations=91 (full 3):
 par new generation   total 109248K, used 109248K [0x00000000e0000000, 0x00000000e8000000, 0x00000000e8000000)
  eden space 87424K, 100% used [0x00000000e0000000, 0x00000000e5560000, 0x00000000e5560000)
  from space 21824K, 100% used [0x00000000e6ab0000, 0x00000000e8000000, 0x00000000e8000000)
  to   space 21824K,   0% used [0x00000000e5560000, 0x00000000e5560000, 0x00000000e6ab0000)
 concurrent mark-sweep generation total 393216K, used 189307K [0x00000000e8000000, 0x0000000100000000, 0x0000000100000000)
 Metaspace       used 29591K, capacity 29996K, committed 30356K, reserved 1075200K
  class space    used 3499K, capacity 3644K, committed 3736K, reserved 1048576K
2015-09-09T11:27:03.304+0200: 90.384: [GC (Allocation Failure) 90.384: [ParNew
Desired survivor size 20112992 bytes, new threshold 8 (max 8)
- age   1:    3807256 bytes,    3807256 total
- age   2:    5390904 bytes,    9198160 total
- age   3:    2247616 bytes,   11445776 total
- age   4:     883904 bytes,   12329680 total
- age   5:    2635112 bytes,   14964792 total
- age   6:    1634192 bytes,   16598984 total
- age   7:    2545608 bytes,   19144592 total
- age   8:    1622080 bytes,   20766672 total
: 109248K->21824K(109248K), 0.0121775 secs] 298555K->223648K(502464K), 0.0122242 secs] [Times: user=0.06 sys=0.00, real=0.01 secs] 
Heap after GC invocations=92 (full 3):
 par new generation   total 109248K, used 21824K [0x00000000e0000000, 0x00000000e8000000, 0x00000000e8000000)
  eden space 87424K,   0% used [0x00000000e0000000, 0x00000000e0000000, 0x00000000e5560000)
  from space 21824K, 100% used [0x00000000e5560000, 0x00000000e6ab0000, 0x00000000e6ab0000)
  to   space 21824K,   0% used [0x00000000e6ab0000, 0x00000000e6ab0000, 0x00000000e8000000)
 concurrent mark-sweep generation total 393216K, used 201824K [0x00000000e8000000, 0x0000000100000000, 0x0000000100000000)
 Metaspace       used 29591K, capacity 29996K, committed 30356K, reserved 1075200K
  class space    used 3499K, capacity 3644K, committed 3736K, reserved 1048576K
}
2015-09-09T11:27:03.317+0200: 90.396: Total time for which application threads were stopped: 0.0123548 seconds, Stopping threads took: 0.0000134 seconds
2015-09-09T11:27:03.317+0200: 90.396: [GC (CMS Initial Mark) [1 CMS-initial-mark: 201824K(393216K)] 225396K(502464K), 0.0011117 secs] [Times: user=0.00 sys=0.00, real=0.00 secs] 
2015-09-09T11:27:03.318+0200: 90.397: Total time for which application threads were stopped: 0.0011763 seconds, Stopping threads took: 0.0000125 seconds
2015-09-09T11:27:03.318+0200: 90.397: [CMS-concurrent-mark-start]
2015-09-09T11:27:03.339+0200: 90.419: [CMS-concurrent-mark: 0.021/0.021 secs] [Times: user=0.06 sys=0.00, real=0.02 secs] 
2015-09-09T11:27:03.339+0200: 90.419: [CMS-concurrent-preclean-start]
2015-09-09T11:27:03.341+0200: 90.420: [CMS-concurrent-preclean: 0.001/0.001 secs] [Times: user=0.00 sys=0.00, real=0.00 secs] 
2015-09-09T11:27:03.341+0200: 90.420: [CMS-concurrent-abortable-preclean-start]
2015-09-09T11:27:03.478+0200: 90.557: [CMS-concurrent-abortable-preclean: 0.137/0.138 secs] [Times: user=0.28 sys=0.00, real=0.14 secs] 
2015-09-09T11:27:03.478+0200: 90.557: [GC (CMS Final Remark) [YG occupancy: 67320 K (109248 K)]{Heap before GC invocations=92 (full 4):
 par new generation   total 109248K, used 67320K [0x00000000e0000000, 0x00000000e8000000, 0x00000000e8000000)
  eden space 87424K,  52% used [0x00000000e0000000, 0x00000000e2c6e3a8, 0x00000000e5560000)
  from space 21824K, 100% used [0x00000000e5560000, 0x00000000e6ab0000, 0x00000000e6ab0000)
  to   space 21824K,   0% used [0x00000000e6ab0000, 0x00000000e6ab0000, 0x00000000e8000000)
 concurrent mark-sweep generation total 393216K, used 201824K [0x00000000e8000000, 0x0000000100000000, 0x0000000100000000)
 Metaspace       used 29591K, capacity 29996K, committed 30356K, reserved 1075200K
  class space    used 3499K, capacity 3644K, committed 3736K, reserved 1048576K
2015-09-09T11:27:03.478+0200: 90.558: [GC (CMS Final Remark) 90.558: [ParNew
Desired survivor size 20112992 bytes, new threshold 8 (max 8)
- age   1:    1571640 bytes,    1571640 total
- age   2:    3797824 bytes,    5369464 total
- age   3:    4305224 bytes,    9674688 total
- age   4:    2236880 bytes,   11911568 total
- age   5:     878672 bytes,   12790240 total
- age   6:    2631352 bytes,   15421592 total
- age   7:    1629728 bytes,   17051320 total
- age   8:    2541944 bytes,   19593264 total
: 67320K->21824K(109248K), 0.0098642 secs] 269145K->226361K(502464K), 0.0099001 secs] [Times: user=0.00 sys=0.00, real=0.01 secs] 
Heap after GC invocations=93 (full 4):
 par new generation   total 109248K, used 21824K [0x00000000e0000000, 0x00000000e8000000, 0x00000000e8000000)
  eden space 87424K,   0% used [0x00000000e0000000, 0x00000000e0000000, 0x00000000e5560000)
  from space 21824K, 100% used [0x00000000e6ab0000, 0x00000000e8000000, 0x00000000e8000000)
  to   space 21824K,   0% used [0x00000000e5560000, 0x00000000e5560000, 0x00000000e6ab0000)
 concurrent mark-sweep generation total 393216K, used 204537K [0x00000000e8000000, 0x0000000100000000, 0x0000000100000000)
 Metaspace       used 29591K, capacity 29996K, committed 30356K, reserved 1075200K
  class space    used 3499K, capacity 3644K, committed 3736K, reserved 1048576K
}
90.567: [Rescan (parallel) , 0.0035644 secs]90.571: [weak refs processing, 0.0008198 secs]90.572: [class unloading, 0.0036796 secs]90.576: [scrub symbol table, 0.0028224 secs]90.578: [scrub string table, 0.0004042 secs][1 CMS-remark: 204537K(393216K)] 226361K(502464K), 0.0217892 secs] [Times: user=0.00 sys=0.00, real=0.02 secs] 
2015-09-09T11:27:03.500+0200: 90.579: Total time for which application threads were stopped: 0.0218862 seconds, Stopping threads took: 0.0000262 seconds
2015-09-09T11:27:03.500+0200: 90.579: [CMS-concurrent-sweep-start]
2015-09-09T11:27:03.512+0200: 90.591: [CMS-concurrent-sweep: 0.012/0.012 secs] [Times: user=0.03 sys=0.00, real=0.01 secs] 
2015-09-09T11:27:03.512+0200: 90.592: [CMS-concurrent-reset-start]
2015-09-09T11:27:03.513+0200: 90.592: [CMS-concurrent-reset: 0.000/0.000 secs] [Times: user=0.00 sys=0.00, real=0.00 secs] 
{Heap before GC invocations=93 (full 4):
 par new generation   total 109248K, used 109248K [0x00000000e0000000, 0x00000000e8000000, 0x00000000e8000000)
  eden space 87424K, 100% used [0x00000000e0000000, 0x00000000e5560000, 0x00000000e5560000)
  from space 21824K, 100% used [0x00000000e6ab0000, 0x00000000e8000000, 0x00000000e8000000)
  to   space 21824K,   0% used [0x00000000e5560000, 0x00000000e5560000, 0x00000000e6ab0000)
 concurrent mark-sweep generation total 393216K, used 116750K [0x00000000e8000000, 0x0000000100000000, 0x0000000100000000)
 Metaspace       used 29591K, capacity 29996K, committed 30356K, reserved 1075200K
  class space    used 3499K, capacity 3644K, committed 3736K, reserved 1048576K
2015-09-09T11:27:03.793+0200: 90.872: [GC (Allocation Failure) 90.872: [ParNew
Desired survivor size 20112992 bytes, new threshold 8 (max 8)
- age   1:    2592080 bytes,    2592080 total
- age   2:    1564472 bytes,    4156552 total
- age   3:    2248264 bytes,    6404816 total
- age   4:    4288552 bytes,   10693368 total
- age   5:    2236816 bytes,   12930184 total
- age   6:     878640 bytes,   13808824 total
- age   7:    2035544 bytes,   15844368 total
- age   8:    1459608 bytes,   17303976 total
: 109248K->21824K(109248K), 0.0109925 secs] 225998K->141846K(502464K), 0.0110380 secs] [Times: user=0.06 sys=0.00, real=0.01 secs] 
Heap after GC invocations=94 (full 4):
 par new generation   total 109248K, used 21824K [0x00000000e0000000, 0x00000000e8000000, 0x00000000e8000000)
  eden space 87424K,   0% used [0x00000000e0000000, 0x00000000e0000000, 0x00000000e5560000)
  from space 21824K, 100% used [0x00000000e5560000, 0x00000000e6ab0000, 0x00000000e6ab0000)
  to   space 21824K,   0% used [0x00000000e6ab0000, 0x00000000e6ab0000, 0x00000000e8000000)
 concurrent mark-sweep generation total 393216K, used 120022K [0x00000000e8000000, 0x0000000100000000, 0x0000000100000000)
 Metaspace       used 29591K, capacity 29996K, committed 30356K, reserved 1075200K
  class space    used 3499K, capacity 3644K, committed 3736K, reserved 1048576K
}
2015-09-09T11:27:03.804+0200: 90.883: Total time for which application threads were stopped: 0.0111695 seconds, Stopping threads took: 0.0000131 seconds
{Heap before GC invocations=94 (full 4):
 par new generation   total 109248K, used 109248K [0x00000000e0000000, 0x00000000e8000000, 0x00000000e8000000)
  eden space 87424K, 100% used [0x00000000e0000000, 0x00000000e5560000, 0x00000000e5560000)
  from space 21824K, 100% used [0x00000000e5560000, 0x00000000e6ab0000, 0x00000000e6ab0000)
  to   space 21824K,   0% used [0x00000000e6ab0000, 0x00000000e6ab0000, 0x00000000e8000000)
 concurrent mark-sweep generation total 393216K, used 120022K [0x00000000e8000000, 0x0000000100000000, 0x0000000100000000)
 Metaspace       used 29591K, capacity 29996K, committed 30356K, reserved 1075200K
  class space    used 3499K, capacity 3644K, committed 3736K, reserved 1048576K
2015-09-09T11:27:04.088+0200: 91.167: [GC (Allocation Failure) 91.167: [ParNew
Desired survivor size 20112992 bytes, new threshold 8 (max 8)
- age   1:    6301016 bytes,    6301016 total
- age   2:    2588592 bytes,    8889608 total
- age   3:    1564408 bytes,   10454016 total
- age   4:    2248040 bytes,   12702056 total
- age   5:    2273472 bytes,   14975528 total
- age   6:    2236608 bytes,   17212136 total
- age   7:     878432 bytes,   18090568 total
- age   8:    2035512 bytes,   20126080 total
: 109248K->21824K(109248K), 0.0119532 secs] 229270K->145133K(502464K), 0.0120072 secs] [Times: user=0.06 sys=0.00, real=0.01 secs] 
Heap after GC invocations=95 (full 4):
 par new generation   total 109248K, used 21824K [0x00000000e0000000, 0x00000000e8000000, 0x00000000e8000000)
  eden space 87424K,   0% used [0x00000000e0000000, 0x00000000e0000000, 0x00000000e5560000)
  from space 21824K, 100% used [0x00000000e6ab0000, 0x00000000e8000000, 0x00000000e8000000)
  to   space 21824K,   0% used [0x00000000e5560000, 0x00000000e5560000, 0x00000000e6ab0000)
 concurrent mark-sweep generation total 393216K, used 123309K [0x00000000e8000000, 0x0000000100000000, 0x0000000100000000)
 Metaspace       used 29591K, capacity 29996K, committed 30356K, reserved 1075200K
  class space    used 3499K, capacity 3644K, committed 3736K, reserved 1048576K
}
2015-09-09T11:27:04.100+0200: 91.179: Total time for which application threads were stopped: 0.0121410 seconds, Stopping threads took: 0.0000134 seconds
{Heap before GC invocations=95 (full 4):
 par new generation   total 109248K, used 109248K [0x00000000e0000000, 0x00000000e8000000, 0x00000000e8000000)
  eden space 87424K, 100% used [0x00000000e0000000, 0x00000000e5560000, 0x00000000e5560000)
  from space 21824K, 100% used [0x00000000e6ab0000, 0x00000000e8000000, 0x00000000e8000000)
  to   space 21824K,   0% used [0x00000000e5560000, 0x00000000e5560000, 0x00000000e6ab0000)
 concurrent mark-sweep generation total 393216K, used 123309K [0x00000000e8000000, 0x0000000100000000, 0x0000000100000000)
 Metaspace       used 29591K, capacity 29996K, committed 30356K, reserved 1075200K
  class space    used 3499K, capacity 3644K, committed 3736K, reserved 1048576K
2015-09-09T11:27:04.396+0200: 91.475: [GC (Allocation Failure) 91.475: [ParNew
Desired survivor size 20112992 bytes, new threshold 8 (max 8)
- age   1:    2717328 bytes,    2717328 total
- age   2:    3992912 bytes,    6710240 total
- age   3:    2260272 bytes,    8970512 total
- age   4:    1302784 bytes,   10273296 total
- age   5:    1964616 bytes,   12237912 total
- age   6:    2055432 bytes,   14293344 total
- age   7:    2209792 bytes,   16503136 total
- age   8:     855072 bytes,   17358208 total
: 109248K->21824K(109248K), 0.0115129 secs] 232557K->151325K(502464K), 0.0115577 secs] [Times: user=0.00 sys=0.00, real=0.01 secs] 
Heap after GC invocations=96 (full 4):
 par new generation   total 109248K, used 21824K [0x00000000e0000000, 0x00000000e8000000, 0x00000000e8000000)
  eden space 87424K,   0% used [0x00000000e0000000, 0x00000000e0000000, 0x00000000e5560000)
  from space 21824K, 100% used [0x00000000e5560000, 0x00000000e6ab0000, 0x00000000e6ab0000)
  to   space 21824K,   0% used [0x00000000e6ab0000, 0x00000000e6ab0000, 0x00000000e8000000)
 concurrent mark-sweep generation total 393216K, used 129501K [0x00000000e8000000, 0x0000000100000000, 0x0000000100000000)
 Metaspace       used 29591K, capacity 29996K, committed 30356K, reserved 1075200K
  class space    used 3499K, capacity 3644K, committed 3736K, reserved 1048576K
}
2015-09-09T11:27:04.408+0200: 91.487: Total time for which application threads were stopped: 0.0117241 seconds, Stopping threads took: 0.0000253 seconds
{Heap before GC invocations=96 (full 4):
 par new generation   total 109248K, used 109248K [0x00000000e0000000, 0x00000000e8000000, 0x00000000e8000000)
  eden space 87424K, 100% used [0x00000000e0000000, 0x00000000e5560000, 0x00000000e5560000)
  from space 21824K, 100% used [0x00000000e5560000, 0x00000000e6ab0000, 0x00000000e6ab0000)
  to   space 21824K,   0% used [0x00000000e6ab0000, 0x00000000e6ab0000, 0x00000000e8000000)
 concurrent mark-sweep generation total 393216K, used 129501K [0x00000000e8000000, 0x0000000100000000, 0x0000000100000000)
 Metaspace       used 29591K, capacity 29996K, committed 30356K, reserved 1075200K
  class space    used 3499K, capacity 3644K, committed 3736K, reserved 1048576K
2015-09-09T11:27:04.670+0200: 91.749: [GC (Allocation Failure) 91.749: [ParNew
Desired survivor size 20112992 bytes, new threshold 8 (max 8)
- age   1:    4757480 bytes,    4757480 total
- age   2:    2407856 bytes,    7165336 total
- age   3:    3137336 bytes,   10302672 total
- age   4:    2111440 bytes,   12414112 total
- age   5:    1058968 bytes,   13473080 total
- age   6:    1777408 bytes,   15250488 total
- age   7:    1991128 bytes,   17241616 total
- age   8:    2185024 bytes,   19426640 total
: 109248K->21824K(109248K), 0.0127183 secs] 238749K->164570K(502464K), 0.0127624 secs] [Times: user=0.06 sys=0.00, real=0.01 secs] 
Heap after GC invocations=97 (full 4):
 par new generation   total 109248K, used 21824K [0x00000000e0000000, 0x00000000e8000000, 0x00000000e8000000)
  eden space 87424K,   0% used [0x00000000e0000000, 0x00000000e0000000, 0x00000000e5560000)
  from space 21824K, 100% used [0x00000000e6ab0000, 0x00000000e8000000, 0x00000000e8000000)
  to   space 21824K,   0% used [0x00000000e5560000, 0x00000000e5560000, 0x00000000e6ab0000)
 concurrent mark-sweep generation total 393216K, used 142746K [0x00000000e8000000, 0x0000000100000000, 0x0000000100000000)
 Metaspace       used 29591K, capacity 29996K, committed 30356K, reserved 1075200K
  class space    used 3499K, capacity 3644K, committed 3736K, reserved 1048576K
}
2015-09-09T11:27:04.683+0200: 91.762: Total time for which application threads were stopped: 0.0128943 seconds, Stopping threads took: 0.0000131 seconds
2015-09-09T11:27:05.643+0200: 92.722: Total time for which application threads were stopped: 0.0000947 seconds, Stopping threads took: 0.0000394 seconds
{Heap before GC invocations=97 (full 4):
 par new generation   total 109248K, used 109248K [0x00000000e0000000, 0x00000000e8000000, 0x00000000e8000000)
  eden space 87424K, 100% used [0x00000000e0000000, 0x00000000e5560000, 0x00000000e5560000)
  from space 21824K, 100% used [0x00000000e6ab0000, 0x00000000e8000000, 0x00000000e8000000)
  to   space 21824K,   0% used [0x00000000e5560000, 0x00000000e5560000, 0x00000000e6ab0000)
 concurrent mark-sweep generation total 393216K, used 142746K [0x00000000e8000000, 0x0000000100000000, 0x0000000100000000)
 Metaspace       used 29593K, capacity 29996K, committed 30356K, reserved 1075200K
  class space    used 3499K, capacity 3644K, committed 3736K, reserved 1048576K
2015-09-09T11:27:05.691+0200: 92.771: [GC (Allocation Failure) 92.771: [ParNew
Desired survivor size 20112992 bytes, new threshold 8 (max 8)
- age   1:    3836784 bytes,    3836784 total
- age   2:    2930352 bytes,    6767136 total
- age   3:    2329344 bytes,    9096480 total
- age   4:    3063992 bytes,   12160472 total
- age   5:    2030736 bytes,   14191208 total
- age   6:    1019496 bytes,   15210704 total
- age   7:    1706040 bytes,   16916744 total
- age   8:    1912304 bytes,   18829048 total
: 109248K->21824K(109248K), 0.0104130 secs] 251994K->168883K(502464K), 0.0104559 secs] [Times: user=0.00 sys=0.00, real=0.01 secs] 
Heap after GC invocations=98 (full 4):
 par new generation   total 109248K, used 21824K [0x00000000e0000000, 0x00000000e8000000, 0x00000000e8000000)
  eden space 87424K,   0% used [0x00000000e0000000, 0x00000000e0000000, 0x00000000e5560000)
  from space 21824K, 100% used [0x00000000e5560000, 0x00000000e6ab0000, 0x00000000e6ab0000)
  to   space 21824K,   0% used [0x00000000e6ab0000, 0x00000000e6ab0000, 0x00000000e8000000)
 concurrent mark-sweep generation total 393216K, used 147059K [0x00000000e8000000, 0x0000000100000000, 0x0000000100000000)
 Metaspace       used 29593K, capacity 29996K, committed 30356K, reserved 1075200K
  class space    used 3499K, capacity 3644K, committed 3736K, reserved 1048576K
}
2015-09-09T11:27:05.702+0200: 92.781: Total time for which application threads were stopped: 0.0105954 seconds, Stopping threads took: 0.0000128 seconds
{Heap before GC invocations=98 (full 4):
 par new generation   total 109248K, used 109248K [0x00000000e0000000, 0x00000000e8000000, 0x00000000e8000000)
  eden space 87424K, 100% used [0x00000000e0000000, 0x00000000e5560000, 0x00000000e5560000)
  from space 21824K, 100% used [0x00000000e5560000, 0x00000000e6ab0000, 0x00000000e6ab0000)
  to   space 21824K,   0% used [0x00000000e6ab0000, 0x00000000e6ab0000, 0x00000000e8000000)
 concurrent mark-sweep generation total 393216K, used 147059K [0x00000000e8000000, 0x0000000100000000, 0x0000000100000000)
 Metaspace       used 29593K, capacity 29996K, committed 30356K, reserved 1075200K
  class space    used 3499K, capacity 3644K, committed 3736K, reserved 1048576K
2015-09-09T11:27:05.792+0200: 92.871: [GC (Allocation Failure) 92.871: [ParNew
Desired survivor size 20112992 bytes, new threshold 8 (max 8)
- age   1:     156520 bytes,     156520 total
- age   2:    2791360 bytes,    2947880 total
- age   3:    2919952 bytes,    5867832 total
- age   4:    2318672 bytes,    8186504 total
- age   5:    3052712 bytes,   11239216 total
- age   6:    2020000 bytes,   13259216 total
- age   7:    1013816 bytes,   14273032 total
- age   8:    1695528 bytes,   15968560 total
: 109248K->21824K(109248K), 0.0084825 secs] 256307K->171852K(502464K), 0.0085292 secs] [Times: user=0.06 sys=0.00, real=0.01 secs] 
Heap after GC invocations=99 (full 4):
 par new generation   total 109248K, used 21824K [0x00000000e0000000, 0x00000000e8000000, 0x00000000e8000000)
  eden space 87424K,   0% used [0x00000000e0000000, 0x00000000e0000000, 0x00000000e5560000)
  from space 21824K, 100% used [0x00000000e6ab0000, 0x00000000e8000000, 0x00000000e8000000)
  to   space 21824K,   0% used [0x00000000e5560000, 0x00000000e5560000, 0x00000000e6ab0000)
 concurrent mark-sweep generation total 393216K, used 150028K [0x00000000e8000000, 0x0000000100000000, 0x0000000100000000)
 Metaspace       used 29593K, capacity 29996K, committed 30356K, reserved 1075200K
  class space    used 3499K, capacity 3644K, committed 3736K, reserved 1048576K
}
2015-09-09T11:27:05.800+0200: 92.880: Total time for which application threads were stopped: 0.0086879 seconds, Stopping threads took: 0.0000147 seconds
{Heap before GC invocations=99 (full 4):
 par new generation   total 109248K, used 109248K [0x00000000e0000000, 0x00000000e8000000, 0x00000000e8000000)
  eden space 87424K, 100% used [0x00000000e0000000, 0x00000000e5560000, 0x00000000e5560000)
  from space 21824K, 100% used [0x00000000e6ab0000, 0x00000000e8000000, 0x00000000e8000000)
  to   space 21824K,   0% used [0x00000000e5560000, 0x00000000e5560000, 0x00000000e6ab0000)
 concurrent mark-sweep generation total 393216K, used 150028K [0x00000000e8000000, 0x0000000100000000, 0x0000000100000000)
 Metaspace       used 29593K, capacity 29996K, committed 30356K, reserved 1075200K
  class space    used 3499K, capacity 3644K, committed 3736K, reserved 1048576K
2015-09-09T11:27:05.901+0200: 92.981: [GC (Allocation Failure) 92.981: [ParNew
Desired survivor size 20112992 bytes, new threshold 8 (max 8)
- age   1:      97584 bytes,      97584 total
- age   2:     131752 bytes,     229336 total
- age   3:    2791360 bytes,    3020696 total
- age   4:    2919952 bytes,    5940648 total
- age   5:    2318672 bytes,    8259320 total
- age   6:    3052712 bytes,   11312032 total
- age   7:    2020000 bytes,   13332032 total
- age   8:    1013816 bytes,   14345848 total
: 109248K->19016K(109248K), 0.0106559 secs] 259276K->170721K(502464K), 0.0106981 secs] [Times: user=0.05 sys=0.00, real=0.01 secs] 
Heap after GC invocations=100 (full 4):
 par new generation   total 109248K, used 19016K [0x00000000e0000000, 0x00000000e8000000, 0x00000000e8000000)
  eden space 87424K,   0% used [0x00000000e0000000, 0x00000000e0000000, 0x00000000e5560000)
  from space 21824K,  87% used [0x00000000e5560000, 0x00000000e67f2178, 0x00000000e6ab0000)
  to   space 21824K,   0% used [0x00000000e6ab0000, 0x00000000e6ab0000, 0x00000000e8000000)
 concurrent mark-sweep generation total 393216K, used 151704K [0x00000000e8000000, 0x0000000100000000, 0x0000000100000000)
 Metaspace       used 29593K, capacity 29996K, committed 30356K, reserved 1075200K
  class space    used 3499K, capacity 3644K, committed 3736K, reserved 1048576K
}
2015-09-09T11:27:05.912+0200: 92.991: Total time for which application threads were stopped: 0.0108476 seconds, Stopping threads took: 0.0000170 seconds
{Heap before GC invocations=100 (full 4):
 par new generation   total 109248K, used 106440K [0x00000000e0000000, 0x00000000e8000000, 0x00000000e8000000)
  eden space 87424K, 100% used [0x00000000e0000000, 0x00000000e5560000, 0x00000000e5560000)
  from space 21824K,  87% used [0x00000000e5560000, 0x00000000e67f2178, 0x00000000e6ab0000)
  to   space 21824K,   0% used [0x00000000e6ab0000, 0x00000000e6ab0000, 0x00000000e8000000)
 concurrent mark-sweep generation total 393216K, used 151704K [0x00000000e8000000, 0x0000000100000000, 0x0000000100000000)
 Metaspace       used 29593K, capacity 29996K, committed 30356K, reserved 1075200K
  class space    used 3499K, capacity 3644K, committed 3736K, reserved 1048576K
2015-09-09T11:27:06.076+0200: 93.155: [GC (Allocation Failure) 93.155: [ParNew
Desired survivor size 20112992 bytes, new threshold 8 (max 8)
- age   1:     153728 bytes,     153728 total
- age   2:       9376 bytes,     163104 total
- age   3:     118032 bytes,     281136 total
- age   4:    2791152 bytes,    3072288 total
- age   5:    2919952 bytes,    5992240 total
- age   6:    2318672 bytes,    8310912 total
- age   7:    3052712 bytes,   11363624 total
- age   8:    2020000 bytes,   13383624 total
: 106440K->16201K(109248K), 0.0071369 secs] 258145K->168909K(502464K), 0.0071811 secs] [Times: user=0.06 sys=0.00, real=0.01 secs] 
Heap after GC invocations=101 (full 4):
 par new generation   total 109248K, used 16201K [0x00000000e0000000, 0x00000000e8000000, 0x00000000e8000000)
  eden space 87424K,   0% used [0x00000000e0000000, 0x00000000e0000000, 0x00000000e5560000)
  from space 21824K,  74% used [0x00000000e6ab0000, 0x00000000e7a82710, 0x00000000e8000000)
  to   space 21824K,   0% used [0x00000000e5560000, 0x00000000e5560000, 0x00000000e6ab0000)
 concurrent mark-sweep generation total 393216K, used 152707K [0x00000000e8000000, 0x0000000100000000, 0x0000000100000000)
 Metaspace       used 29593K, capacity 29996K, committed 30356K, reserved 1075200K
  class space    used 3499K, capacity 3644K, committed 3736K, reserved 1048576K
}
2015-09-09T11:27:06.083+0200: 93.163: Total time for which application threads were stopped: 0.0073215 seconds, Stopping threads took: 0.0000122 seconds
{Heap before GC invocations=101 (full 4):
 par new generation   total 109248K, used 103625K [0x00000000e0000000, 0x00000000e8000000, 0x00000000e8000000)
  eden space 87424K, 100% used [0x00000000e0000000, 0x00000000e5560000, 0x00000000e5560000)
  from space 21824K,  74% used [0x00000000e6ab0000, 0x00000000e7a82710, 0x00000000e8000000)
  to   space 21824K,   0% used [0x00000000e5560000, 0x00000000e5560000, 0x00000000e6ab0000)
 concurrent mark-sweep generation total 393216K, used 152707K [0x00000000e8000000, 0x0000000100000000, 0x0000000100000000)
 Metaspace       used 29593K, capacity 29996K, committed 30356K, reserved 1075200K
  class space    used 3499K, capacity 3644K, committed 3736K, reserved 1048576K
2015-09-09T11:27:06.168+0200: 93.248: [GC (Allocation Failure) 93.248: [ParNew
Desired survivor size 20112992 bytes, new threshold 8 (max 8)
- age   1:      89112 bytes,      89112 total
- age   2:      93480 bytes,     182592 total
- age   3:       9376 bytes,     191968 total
- age   4:     118032 bytes,     310000 total
- age   5:    2791152 bytes,    3101152 total
- age   6:    2919952 bytes,    6021104 total
- age   7:    2318672 bytes,    8339776 total
- age   8:    3052712 bytes,   11392488 total
: 103625K->16397K(109248K), 0.0060761 secs] 256333K->171104K(502464K), 0.0061231 secs] [Times: user=0.06 sys=0.00, real=0.01 secs] 
Heap after GC invocations=102 (full 4):
 par new generation   total 109248K, used 16397K [0x00000000e0000000, 0x00000000e8000000, 0x00000000e8000000)
  eden space 87424K,   0% used [0x00000000e0000000, 0x00000000e0000000, 0x00000000e5560000)
  from space 21824K,  75% used [0x00000000e5560000, 0x00000000e6563620, 0x00000000e6ab0000)
  to   space 21824K,   0% used [0x00000000e6ab0000, 0x00000000e6ab0000, 0x00000000e8000000)
 concurrent mark-sweep generation total 393216K, used 154706K [0x00000000e8000000, 0x0000000100000000, 0x0000000100000000)
 Metaspace       used 29593K, capacity 29996K, committed 30356K, reserved 1075200K
  class space    used 3499K, capacity 3644K, committed 3736K, reserved 1048576K
}
2015-09-09T11:27:06.174+0200: 93.254: Total time for which application threads were stopped: 0.0062713 seconds, Stopping threads took: 0.0000147 seconds
{Heap before GC invocations=102 (full 4):
 par new generation   total 109248K, used 103821K [0x00000000e0000000, 0x00000000e8000000, 0x00000000e8000000)
  eden space 87424K, 100% used [0x00000000e0000000, 0x00000000e5560000, 0x00000000e5560000)
  from space 21824K,  75% used [0x00000000e5560000, 0x00000000e6563620, 0x00000000e6ab0000)
  to   space 21824K,   0% used [0x00000000e6ab0000, 0x00000000e6ab0000, 0x00000000e8000000)
 concurrent mark-sweep generation total 393216K, used 154706K [0x00000000e8000000, 0x0000000100000000, 0x0000000100000000)
 Metaspace       used 29594K, capacity 29996K, committed 30356K, reserved 1075200K
  class space    used 3499K, capacity 3644K, committed 3736K, reserved 1048576K
2015-09-09T11:27:06.253+0200: 93.333: [GC (Allocation Failure) 93.333: [ParNew
Desired survivor size 20112992 bytes, new threshold 8 (max 8)
- age   1:     132864 bytes,     132864 total
- age   2:        752 bytes,     133616 total
- age   3:      93480 bytes,     227096 total
- age   4:       9376 bytes,     236472 total
- age   5:     118032 bytes,     354504 total
- age   6:    2791152 bytes,    3145656 total
- age   7:    2919952 bytes,    6065608 total
- age   8:    2318672 bytes,    8384280 total
: 103821K->11381K(109248K), 0.0054585 secs] 258528K->169094K(502464K), 0.0055004 secs] [Times: user=0.00 sys=0.00, real=0.01 secs] 
Heap after GC invocations=103 (full 4):
 par new generation   total 109248K, used 11381K [0x00000000e0000000, 0x00000000e8000000, 0x00000000e8000000)
  eden space 87424K,   0% used [0x00000000e0000000, 0x00000000e0000000, 0x00000000e5560000)
  from space 21824K,  52% used [0x00000000e6ab0000, 0x00000000e75cd5e0, 0x00000000e8000000)
  to   space 21824K,   0% used [0x00000000e5560000, 0x00000000e5560000, 0x00000000e6ab0000)
 concurrent mark-sweep generation total 393216K, used 157713K [0x00000000e8000000, 0x0000000100000000, 0x0000000100000000)
 Metaspace       used 29594K, capacity 29996K, committed 30356K, reserved 1075200K
  class space    used 3499K, capacity 3644K, committed 3736K, reserved 1048576K
}
2015-09-09T11:27:06.259+0200: 93.338: Total time for which application threads were stopped: 0.0056441 seconds, Stopping threads took: 0.0000150 seconds
2015-09-09T11:27:06.325+0200: 93.405: Total time for which application threads were stopped: 0.0000563 seconds, Stopping threads took: 0.0000128 seconds
2015-09-09T11:27:06.326+0200: 93.405: Total time for which application threads were stopped: 0.0000240 seconds, Stopping threads took: 0.0000051 seconds
2015-09-09T11:27:06.326+0200: 93.405: Total time for which application threads were stopped: 0.0000221 seconds, Stopping threads took: 0.0000045 seconds
{Heap before GC invocations=103 (full 4):
 par new generation   total 109248K, used 98805K [0x00000000e0000000, 0x00000000e8000000, 0x00000000e8000000)
  eden space 87424K, 100% used [0x00000000e0000000, 0x00000000e5560000, 0x00000000e5560000)
  from space 21824K,  52% used [0x00000000e6ab0000, 0x00000000e75cd5e0, 0x00000000e8000000)
  to   space 21824K,   0% used [0x00000000e5560000, 0x00000000e5560000, 0x00000000e6ab0000)
 concurrent mark-sweep generation total 393216K, used 157713K [0x00000000e8000000, 0x0000000100000000, 0x0000000100000000)
 Metaspace       used 29599K, capacity 29996K, committed 30356K, reserved 1075200K
  class space    used 3499K, capacity 3644K, committed 3736K, reserved 1048576K
2015-09-09T11:27:06.455+0200: 93.534: [GC (Allocation Failure) 93.534: [ParNew
Desired survivor size 20112992 bytes, new threshold 8 (max 8)
- age   1:    2578744 bytes,    2578744 total
- age   2:        600 bytes,    2579344 total
- age   3:        752 bytes,    2580096 total
- age   4:      93480 bytes,    2673576 total
- age   5:       9376 bytes,    2682952 total
- age   6:     118032 bytes,    2800984 total
- age   7:    2763872 bytes,    5564856 total
- age   8:    2878928 bytes,    8443784 total
: 98805K->9849K(109248K), 0.0065795 secs] 256518K->169813K(502464K), 0.0066822 secs] [Times: user=0.00 sys=0.00, real=0.01 secs] 
Heap after GC invocations=104 (full 4):
 par new generation   total 109248K, used 9849K [0x00000000e0000000, 0x00000000e8000000, 0x00000000e8000000)
  eden space 87424K,   0% used [0x00000000e0000000, 0x00000000e0000000, 0x00000000e5560000)
  from space 21824K,  45% used [0x00000000e5560000, 0x00000000e5efe550, 0x00000000e6ab0000)
  to   space 21824K,   0% used [0x00000000e6ab0000, 0x00000000e6ab0000, 0x00000000e8000000)
 concurrent mark-sweep generation total 393216K, used 159964K [0x00000000e8000000, 0x0000000100000000, 0x0000000100000000)
 Metaspace       used 29599K, capacity 29996K, committed 30356K, reserved 1075200K
  class space    used 3499K, capacity 3644K, committed 3736K, reserved 1048576K
}
2015-09-09T11:27:06.462+0200: 93.541: Total time for which application threads were stopped: 0.0068287 seconds, Stopping threads took: 0.0000154 seconds
{Heap before GC invocations=104 (full 4):
 par new generation   total 109248K, used 97273K [0x00000000e0000000, 0x00000000e8000000, 0x00000000e8000000)
  eden space 87424K, 100% used [0x00000000e0000000, 0x00000000e5560000, 0x00000000e5560000)
  from space 21824K,  45% used [0x00000000e5560000, 0x00000000e5efe550, 0x00000000e6ab0000)
  to   space 21824K,   0% used [0x00000000e6ab0000, 0x00000000e6ab0000, 0x00000000e8000000)
 concurrent mark-sweep generation total 393216K, used 159964K [0x00000000e8000000, 0x0000000100000000, 0x0000000100000000)
 Metaspace       used 29599K, capacity 29996K, committed 30356K, reserved 1075200K
  class space    used 3499K, capacity 3644K, committed 3736K, reserved 1048576K
2015-09-09T11:27:06.724+0200: 93.804: [GC (Allocation Failure) 93.804: [ParNew
Desired survivor size 20112992 bytes, new threshold 8 (max 8)
- age   1:    4728816 bytes,    4728816 total
- age   2:    1647728 bytes,    6376544 total
- age   3:        600 bytes,    6377144 total
- age   4:        752 bytes,    6377896 total
- age   5:      93480 bytes,    6471376 total
- age   6:       9376 bytes,    6480752 total
- age   7:     118032 bytes,    6598784 total
- age   8:    2763872 bytes,    9362656 total
: 97273K->13039K(109248K), 0.0068089 secs] 257237K->175831K(502464K), 0.0068553 secs] [Times: user=0.00 sys=0.00, real=0.01 secs] 
Heap after GC invocations=105 (full 4):
 par new generation   total 109248K, used 13039K [0x00000000e0000000, 0x00000000e8000000, 0x00000000e8000000)
  eden space 87424K,   0% used [0x00000000e0000000, 0x00000000e0000000, 0x00000000e5560000)
  from space 21824K,  59% used [0x00000000e6ab0000, 0x00000000e776bcc0, 0x00000000e8000000)
  to   space 21824K,   0% used [0x00000000e5560000, 0x00000000e5560000, 0x00000000e6ab0000)
 concurrent mark-sweep generation total 393216K, used 162792K [0x00000000e8000000, 0x0000000100000000, 0x0000000100000000)
 Metaspace       used 29599K, capacity 29996K, committed 30356K, reserved 1075200K
  class space    used 3499K, capacity 3644K, committed 3736K, reserved 1048576K
}
2015-09-09T11:27:06.731+0200: 93.811: Total time for which application threads were stopped: 0.0069942 seconds, Stopping threads took: 0.0000144 seconds
2015-09-09T11:27:06.826+0200: 93.906: Total time for which application threads were stopped: 0.0000474 seconds, Stopping threads took: 0.0000106 seconds
2015-09-09T11:27:06.826+0200: 93.906: Total time for which application threads were stopped: 0.0000189 seconds, Stopping threads took: 0.0000045 seconds
2015-09-09T11:27:06.827+0200: 93.906: Total time for which application threads were stopped: 0.0000198 seconds, Stopping threads took: 0.0000042 seconds
2015-09-09T11:27:06.827+0200: 93.907: Total time for which application threads were stopped: 0.0000182 seconds, Stopping threads took: 0.0000042 seconds
2015-09-09T11:27:06.827+0200: 93.907: Total time for which application threads were stopped: 0.0000179 seconds, Stopping threads took: 0.0000038 seconds
2015-09-09T11:27:06.832+0200: 93.911: Total time for which application threads were stopped: 0.0000304 seconds, Stopping threads took: 0.0000070 seconds
2015-09-09T11:27:06.833+0200: 93.912: Total time for which application threads were stopped: 0.0000243 seconds, Stopping threads took: 0.0000048 seconds
2015-09-09T11:27:06.842+0200: 93.921: Total time for which application threads were stopped: 0.0000678 seconds, Stopping threads took: 0.0000224 seconds
2015-09-09T11:27:06.842+0200: 93.921: Total time for which application threads were stopped: 0.0000390 seconds, Stopping threads took: 0.0000166 seconds
2015-09-09T11:27:06.874+0200: 93.954: Total time for which application threads were stopped: 0.0000637 seconds, Stopping threads took: 0.0000285 seconds
2015-09-09T11:27:06.925+0200: 94.005: Total time for which application threads were stopped: 0.0000816 seconds, Stopping threads took: 0.0000352 seconds
2015-09-09T11:27:06.927+0200: 94.006: Total time for which application threads were stopped: 0.0001363 seconds, Stopping threads took: 0.0000896 seconds
2015-09-09T11:27:06.927+0200: 94.006: Total time for which application threads were stopped: 0.0000298 seconds, Stopping threads took: 0.0000080 seconds
2015-09-09T11:27:06.928+0200: 94.008: Total time for which application threads were stopped: 0.0000586 seconds, Stopping threads took: 0.0000099 seconds
2015-09-09T11:27:06.985+0200: 94.065: Total time for which application threads were stopped: 0.0000637 seconds, Stopping threads took: 0.0000154 seconds
2015-09-09T11:27:06.986+0200: 94.066: Total time for which application threads were stopped: 0.0000608 seconds, Stopping threads took: 0.0000230 seconds
2015-09-09T11:27:07.477+0200: 94.556: Total time for which application threads were stopped: 0.0000685 seconds, Stopping threads took: 0.0000336 seconds
2015-09-09T11:27:07.477+0200: 94.556: Total time for which application threads were stopped: 0.0000506 seconds, Stopping threads took: 0.0000192 seconds
2015-09-09T11:27:07.477+0200: 94.556: Total time for which application threads were stopped: 0.0000502 seconds, Stopping threads took: 0.0000179 seconds
2015-09-09T11:27:07.478+0200: 94.558: Total time for which application threads were stopped: 0.0000915 seconds, Stopping threads took: 0.0000454 seconds
2015-09-09T11:27:07.479+0200: 94.558: Total time for which application threads were stopped: 0.0001126 seconds, Stopping threads took: 0.0000650 seconds
2015-09-09T11:27:07.479+0200: 94.558: Total time for which application threads were stopped: 0.0000554 seconds, Stopping threads took: 0.0000211 seconds
2015-09-09T11:27:07.479+0200: 94.558: Total time for which application threads were stopped: 0.0001085 seconds, Stopping threads took: 0.0000758 seconds
2015-09-09T11:27:07.484+0200: 94.564: Total time for which application threads were stopped: 0.0000678 seconds, Stopping threads took: 0.0000125 seconds
2015-09-09T11:27:07.486+0200: 94.565: Total time for which application threads were stopped: 0.0000445 seconds, Stopping threads took: 0.0000090 seconds
2015-09-09T11:27:08.486+0200: 95.565: Total time for which application threads were stopped: 0.0000624 seconds, Stopping threads took: 0.0000250 seconds
2015-09-09T11:27:34.770+0200: 121.849: Total time for which application threads were stopped: 0.0000541 seconds, Stopping threads took: 0.0000131 seconds
2015-09-09T11:27:34.770+0200: 121.849: Total time for which application threads were stopped: 0.0000224 seconds, Stopping threads took: 0.0000048 seconds
2015-09-09T11:27:34.781+0200: 121.860: Total time for which application threads were stopped: 0.0000701 seconds, Stopping threads took: 0.0000346 seconds
2015-09-09T11:27:34.801+0200: 121.879: Total time for which application threads were stopped: 0.0000534 seconds, Stopping threads took: 0.0000147 seconds
2015-09-09T11:27:34.801+0200: 121.879: Total time for which application threads were stopped: 0.0000326 seconds, Stopping threads took: 0.0000054 seconds
2015-09-09T11:27:34.801+0200: 121.880: Total time for which application threads were stopped: 0.0000397 seconds, Stopping threads took: 0.0000074 seconds
2015-09-09T11:27:34.801+0200: 121.880: Total time for which application threads were stopped: 0.0000326 seconds, Stopping threads took: 0.0000054 seconds
2015-09-09T11:27:34.804+0200: 121.883: Total time for which application threads were stopped: 0.0000576 seconds, Stopping threads took: 0.0000138 seconds
2015-09-09T11:27:34.804+0200: 121.883: Total time for which application threads were stopped: 0.0000442 seconds, Stopping threads took: 0.0000096 seconds
2015-09-09T11:27:34.805+0200: 121.884: Total time for which application threads were stopped: 0.0000390 seconds, Stopping threads took: 0.0000096 seconds
2015-09-09T11:27:34.805+0200: 121.884: Total time for which application threads were stopped: 0.0000301 seconds, Stopping threads took: 0.0000070 seconds
2015-09-09T11:27:34.806+0200: 121.885: Total time for which application threads were stopped: 0.0000259 seconds, Stopping threads took: 0.0000054 seconds
2015-09-09T11:27:34.807+0200: 121.886: Total time for which application threads were stopped: 0.0000496 seconds, Stopping threads took: 0.0000122 seconds
2015-09-09T11:27:34.807+0200: 121.886: Total time for which application threads were stopped: 0.0000346 seconds, Stopping threads took: 0.0000083 seconds
2015-09-09T11:27:34.831+0200: 121.910: Total time for which application threads were stopped: 0.0000579 seconds, Stopping threads took: 0.0000189 seconds
2015-09-09T11:27:34.831+0200: 121.910: Total time for which application threads were stopped: 0.0000765 seconds, Stopping threads took: 0.0000067 seconds
2015-09-09T11:27:34.831+0200: 121.910: Total time for which application threads were stopped: 0.0000339 seconds, Stopping threads took: 0.0000070 seconds
2015-09-09T11:27:34.832+0200: 121.910: Total time for which application threads were stopped: 0.0000253 seconds, Stopping threads took: 0.0000058 seconds
2015-09-09T11:27:34.833+0200: 121.912: Total time for which application threads were stopped: 0.0000493 seconds, Stopping threads took: 0.0000102 seconds
2015-09-09T11:27:34.833+0200: 121.912: Total time for which application threads were stopped: 0.0000435 seconds, Stopping threads took: 0.0000083 seconds
2015-09-09T11:27:34.834+0200: 121.912: Total time for which application threads were stopped: 0.0000339 seconds, Stopping threads took: 0.0000077 seconds
2015-09-09T11:27:34.834+0200: 121.913: Total time for which application threads were stopped: 0.0000419 seconds, Stopping threads took: 0.0000144 seconds
2015-09-09T11:27:34.835+0200: 121.914: Total time for which application threads were stopped: 0.0000307 seconds, Stopping threads took: 0.0000067 seconds
2015-09-09T11:27:34.835+0200: 121.914: Total time for which application threads were stopped: 0.0000218 seconds, Stopping threads took: 0.0000045 seconds
2015-09-09T11:27:34.835+0200: 121.914: Total time for which application threads were stopped: 0.0000208 seconds, Stopping threads took: 0.0000045 seconds
2015-09-09T11:27:34.836+0200: 121.914: Total time for which application threads were stopped: 0.0000208 seconds, Stopping threads took: 0.0000042 seconds
2015-09-09T11:27:34.836+0200: 121.915: Total time for which application threads were stopped: 0.0000467 seconds, Stopping threads took: 0.0000211 seconds
2015-09-09T11:27:34.836+0200: 121.915: Total time for which application threads were stopped: 0.0000989 seconds, Stopping threads took: 0.0000195 seconds
{Heap before GC invocations=105 (full 4):
 par new generation   total 109248K, used 100463K [0x00000000e0000000, 0x00000000e8000000, 0x00000000e8000000)
  eden space 87424K, 100% used [0x00000000e0000000, 0x00000000e5560000, 0x00000000e5560000)
  from space 21824K,  59% used [0x00000000e6ab0000, 0x00000000e776bcc0, 0x00000000e8000000)
  to   space 21824K,   0% used [0x00000000e5560000, 0x00000000e5560000, 0x00000000e6ab0000)
 concurrent mark-sweep generation total 393216K, used 162792K [0x00000000e8000000, 0x0000000100000000, 0x0000000100000000)
 Metaspace       used 29700K, capacity 30060K, committed 30356K, reserved 1075200K
  class space    used 3503K, capacity 3644K, committed 3736K, reserved 1048576K
2015-09-09T11:27:34.846+0200: 121.925: [GC (Allocation Failure) 121.925: [ParNew
Desired survivor size 20112992 bytes, new threshold 8 (max 8)
- age   1:    1115864 bytes,    1115864 total
- age   2:    1069576 bytes,    2185440 total
- age   3:     545032 bytes,    2730472 total
- age   4:        600 bytes,    2731072 total
- age   5:        752 bytes,    2731824 total
- age   6:      93480 bytes,    2825304 total
- age   7:       9376 bytes,    2834680 total
- age   8:     118032 bytes,    2952712 total
: 100463K->6323K(109248K), 0.0067583 secs] 263255K->169979K(502464K), 0.0068076 secs] [Times: user=0.00 sys=0.00, real=0.01 secs] 
Heap after GC invocations=106 (full 4):
 par new generation   total 109248K, used 6323K [0x00000000e0000000, 0x00000000e8000000, 0x00000000e8000000)
  eden space 87424K,   0% used [0x00000000e0000000, 0x00000000e0000000, 0x00000000e5560000)
  from space 21824K,  28% used [0x00000000e5560000, 0x00000000e5b8ccf8, 0x00000000e6ab0000)
  to   space 21824K,   0% used [0x00000000e6ab0000, 0x00000000e6ab0000, 0x00000000e8000000)
 concurrent mark-sweep generation total 393216K, used 163656K [0x00000000e8000000, 0x0000000100000000, 0x0000000100000000)
 Metaspace       used 29700K, capacity 30060K, committed 30356K, reserved 1075200K
  class space    used 3503K, capacity 3644K, committed 3736K, reserved 1048576K
}
2015-09-09T11:27:34.853+0200: 121.931: Total time for which application threads were stopped: 0.0069814 seconds, Stopping threads took: 0.0000166 seconds
2015-09-09T11:27:34.854+0200: 121.933: Total time for which application threads were stopped: 0.0000912 seconds, Stopping threads took: 0.0000218 seconds
2015-09-09T11:27:34.865+0200: 121.944: Total time for which application threads were stopped: 0.0000637 seconds, Stopping threads took: 0.0000176 seconds
2015-09-09T11:27:34.872+0200: 121.951: Total time for which application threads were stopped: 0.0000726 seconds, Stopping threads took: 0.0000163 seconds
2015-09-09T11:27:34.898+0200: 121.976: Total time for which application threads were stopped: 0.0000749 seconds, Stopping threads took: 0.0000182 seconds
2015-09-09T11:27:34.900+0200: 121.979: Total time for which application threads were stopped: 0.0000717 seconds, Stopping threads took: 0.0000186 seconds
2015-09-09T11:27:34.904+0200: 121.983: Total time for which application threads were stopped: 0.0000589 seconds, Stopping threads took: 0.0000141 seconds
2015-09-09T11:27:34.909+0200: 121.987: Total time for which application threads were stopped: 0.0000624 seconds, Stopping threads took: 0.0000147 seconds
2015-09-09T11:27:34.909+0200: 121.988: Total time for which application threads were stopped: 0.0000384 seconds, Stopping threads took: 0.0000096 seconds
2015-09-09T11:27:34.909+0200: 121.988: Total time for which application threads were stopped: 0.0000406 seconds, Stopping threads took: 0.0000147 seconds
2015-09-09T11:27:34.910+0200: 121.989: Total time for which application threads were stopped: 0.0000371 seconds, Stopping threads took: 0.0000099 seconds
2015-09-09T11:27:34.911+0200: 121.990: Total time for which application threads were stopped: 0.0000509 seconds, Stopping threads took: 0.0000125 seconds
2015-09-09T11:27:34.928+0200: 122.007: Total time for which application threads were stopped: 0.0002272 seconds, Stopping threads took: 0.0001862 seconds
2015-09-09T11:27:34.929+0200: 122.008: Total time for which application threads were stopped: 0.0002496 seconds, Stopping threads took: 0.0002154 seconds
2015-09-09T11:27:34.929+0200: 122.008: Total time for which application threads were stopped: 0.0000563 seconds, Stopping threads took: 0.0000138 seconds
2015-09-09T11:27:34.935+0200: 122.013: Total time for which application threads were stopped: 0.0011248 seconds, Stopping threads took: 0.0010733 seconds
2015-09-09T11:27:34.935+0200: 122.013: Total time for which application threads were stopped: 0.0000448 seconds, Stopping threads took: 0.0000102 seconds
2015-09-09T11:27:34.938+0200: 122.017: Total time for which application threads were stopped: 0.0000637 seconds, Stopping threads took: 0.0000189 seconds
2015-09-09T11:27:34.938+0200: 122.017: Total time for which application threads were stopped: 0.0000291 seconds, Stopping threads took: 0.0000102 seconds
2015-09-09T11:27:34.940+0200: 122.019: Total time for which application threads were stopped: 0.0000544 seconds, Stopping threads took: 0.0000134 seconds
2015-09-09T11:27:34.941+0200: 122.019: Total time for which application threads were stopped: 0.0001398 seconds, Stopping threads took: 0.0001085 seconds
2015-09-09T11:27:34.941+0200: 122.020: Total time for which application threads were stopped: 0.0000659 seconds, Stopping threads took: 0.0000173 seconds
2015-09-09T11:27:34.941+0200: 122.020: Total time for which application threads were stopped: 0.0000416 seconds, Stopping threads took: 0.0000109 seconds
2015-09-09T11:27:34.941+0200: 122.020: Total time for which application threads were stopped: 0.0000477 seconds, Stopping threads took: 0.0000118 seconds
2015-09-09T11:27:34.945+0200: 122.024: Total time for which application threads were stopped: 0.0000586 seconds, Stopping threads took: 0.0000179 seconds
2015-09-09T11:29:54.949+0200: 262.026: Total time for which application threads were stopped: 0.0001155 seconds, Stopping threads took: 0.0000214 seconds
2015-09-09T11:29:54.949+0200: 262.027: Total time for which application threads were stopped: 0.0000496 seconds, Stopping threads took: 0.0000154 seconds
2015-09-09T11:29:54.949+0200: 262.027: Total time for which application threads were stopped: 0.0000410 seconds, Stopping threads took: 0.0000074 seconds
2015-09-09T11:29:54.950+0200: 262.027: Total time for which application threads were stopped: 0.0000538 seconds, Stopping threads took: 0.0000182 seconds
2015-09-09T11:29:54.958+0200: 262.035: Total time for which application threads were stopped: 0.0000637 seconds, Stopping threads took: 0.0000144 seconds
2015-09-09T11:29:54.958+0200: 262.035: Total time for which application threads were stopped: 0.0000458 seconds, Stopping threads took: 0.0000118 seconds
2015-09-09T11:29:54.958+0200: 262.036: Total time for which application threads were stopped: 0.0000387 seconds, Stopping threads took: 0.0000118 seconds
2015-09-09T11:29:54.958+0200: 262.036: Total time for which application threads were stopped: 0.0000454 seconds, Stopping threads took: 0.0000240 seconds
2015-09-09T11:29:54.958+0200: 262.036: Total time for which application threads were stopped: 0.0000285 seconds, Stopping threads took: 0.0000090 seconds
2015-09-09T11:29:54.959+0200: 262.036: Total time for which application threads were stopped: 0.0000534 seconds, Stopping threads took: 0.0000214 seconds
2015-09-09T11:29:54.959+0200: 262.036: Total time for which application threads were stopped: 0.0000384 seconds, Stopping threads took: 0.0000166 seconds
2015-09-09T11:29:54.959+0200: 262.037: Total time for which application threads were stopped: 0.0000589 seconds, Stopping threads took: 0.0000336 seconds
2015-09-09T11:29:54.959+0200: 262.037: Total time for which application threads were stopped: 0.0000838 seconds, Stopping threads took: 0.0000650 seconds
2015-09-09T11:29:54.960+0200: 262.037: Total time for which application threads were stopped: 0.0000397 seconds, Stopping threads took: 0.0000154 seconds
2015-09-09T11:29:54.960+0200: 262.037: Total time for which application threads were stopped: 0.0000448 seconds, Stopping threads took: 0.0000134 seconds
2015-09-09T11:29:54.962+0200: 262.039: Total time for which application threads were stopped: 0.0001994 seconds, Stopping threads took: 0.0001443 seconds
2015-09-09T11:29:54.962+0200: 262.039: Total time for which application threads were stopped: 0.0001126 seconds, Stopping threads took: 0.0000870 seconds
2015-09-09T11:29:54.964+0200: 262.041: Total time for which application threads were stopped: 0.0000710 seconds, Stopping threads took: 0.0000221 seconds
2015-09-09T11:29:55.964+0200: 263.041: Total time for which application threads were stopped: 0.0001018 seconds, Stopping threads took: 0.0000246 seconds
2015-09-09T11:30:24.344+0200: 291.421: Total time for which application threads were stopped: 0.0000579 seconds, Stopping threads took: 0.0000134 seconds
2015-09-09T11:30:24.344+0200: 291.421: Total time for which application threads were stopped: 0.0000240 seconds, Stopping threads took: 0.0000051 seconds
2015-09-09T11:30:24.345+0200: 291.421: Total time for which application threads were stopped: 0.0000410 seconds, Stopping threads took: 0.0000096 seconds
2015-09-09T11:30:24.377+0200: 291.454: Total time for which application threads were stopped: 0.0004381 seconds, Stopping threads took: 0.0000253 seconds
2015-09-09T11:30:24.419+0200: 291.495: Total time for which application threads were stopped: 0.0003949 seconds, Stopping threads took: 0.0000150 seconds
2015-09-09T11:30:25.419+0200: 292.495: Total time for which application threads were stopped: 0.0000624 seconds, Stopping threads took: 0.0000144 seconds
{Heap before GC invocations=106 (full 4):
 par new generation   total 109248K, used 93747K [0x00000000e0000000, 0x00000000e8000000, 0x00000000e8000000)
  eden space 87424K, 100% used [0x00000000e0000000, 0x00000000e5560000, 0x00000000e5560000)
  from space 21824K,  28% used [0x00000000e5560000, 0x00000000e5b8ccf8, 0x00000000e6ab0000)
  to   space 21824K,   0% used [0x00000000e6ab0000, 0x00000000e6ab0000, 0x00000000e8000000)
 concurrent mark-sweep generation total 393216K, used 163656K [0x00000000e8000000, 0x0000000100000000, 0x0000000100000000)
 Metaspace       used 30693K, capacity 31006K, committed 31508K, reserved 1077248K
  class space    used 3616K, capacity 3743K, committed 3864K, reserved 1048576K
2015-09-09T11:30:30.634+0200: 297.711: [GC (Allocation Failure) 297.711: [ParNew
Desired survivor size 20112992 bytes, new threshold 8 (max 8)
- age   1:    3252544 bytes,    3252544 total
- age   2:     866072 bytes,    4118616 total
- age   3:    1069576 bytes,    5188192 total
- age   4:     545032 bytes,    5733224 total
- age   5:        600 bytes,    5733824 total
- age   6:        752 bytes,    5734576 total
- age   7:      93480 bytes,    5828056 total
- age   8:       9376 bytes,    5837432 total
: 93747K->7025K(109248K), 0.0127391 secs] 257403K->170797K(502464K), 0.0127970 secs] [Times: user=0.05 sys=0.00, real=0.01 secs] 
Heap after GC invocations=107 (full 4):
 par new generation   total 109248K, used 7025K [0x00000000e0000000, 0x00000000e8000000, 0x00000000e8000000)
  eden space 87424K,   0% used [0x00000000e0000000, 0x00000000e0000000, 0x00000000e5560000)
  from space 21824K,  32% used [0x00000000e6ab0000, 0x00000000e718c748, 0x00000000e8000000)
  to   space 21824K,   0% used [0x00000000e5560000, 0x00000000e5560000, 0x00000000e6ab0000)
 concurrent mark-sweep generation total 393216K, used 163771K [0x00000000e8000000, 0x0000000100000000, 0x0000000100000000)
 Metaspace       used 30693K, capacity 31006K, committed 31508K, reserved 1077248K
  class space    used 3616K, capacity 3743K, committed 3864K, reserved 1048576K
}
2015-09-09T11:30:30.646+0200: 297.723: Total time for which application threads were stopped: 0.0129596 seconds, Stopping threads took: 0.0000288 seconds
2015-09-09T11:30:30.647+0200: 297.724: Total time for which application threads were stopped: 0.0000925 seconds, Stopping threads took: 0.0000160 seconds
2015-09-09T11:30:30.647+0200: 297.724: Total time for which application threads were stopped: 0.0000902 seconds, Stopping threads took: 0.0000352 seconds
2015-09-09T11:30:30.648+0200: 297.725: Total time for which application threads were stopped: 0.0001018 seconds, Stopping threads took: 0.0000282 seconds
2015-09-09T11:30:30.648+0200: 297.725: Total time for which application threads were stopped: 0.0001766 seconds, Stopping threads took: 0.0000109 seconds
2015-09-09T11:30:31.648+0200: 298.725: Total time for which application threads were stopped: 0.0000979 seconds, Stopping threads took: 0.0000230 seconds
2015-09-09T11:30:36.367+0200: 303.444: Total time for which application threads were stopped: 0.0001110 seconds, Stopping threads took: 0.0000227 seconds
2015-09-09T11:30:36.367+0200: 303.444: Total time for which application threads were stopped: 0.0000390 seconds, Stopping threads took: 0.0000160 seconds
2015-09-09T11:30:36.370+0200: 303.447: Total time for which application threads were stopped: 0.0000675 seconds, Stopping threads took: 0.0000150 seconds
2015-09-09T11:30:36.373+0200: 303.450: Total time for which application threads were stopped: 0.0000845 seconds, Stopping threads took: 0.0000285 seconds
2015-09-09T11:30:36.382+0200: 303.459: Total time for which application threads were stopped: 0.0000989 seconds, Stopping threads took: 0.0000192 seconds
2015-09-09T11:30:36.384+0200: 303.461: Total time for which application threads were stopped: 0.0000646 seconds, Stopping threads took: 0.0000173 seconds
2015-09-09T11:30:36.384+0200: 303.461: Total time for which application threads were stopped: 0.0000288 seconds, Stopping threads took: 0.0000083 seconds
2015-09-09T11:30:36.387+0200: 303.465: Total time for which application threads were stopped: 0.0000666 seconds, Stopping threads took: 0.0000186 seconds
2015-09-09T11:30:36.388+0200: 303.465: Total time for which application threads were stopped: 0.0000534 seconds, Stopping threads took: 0.0000154 seconds
2015-09-09T11:30:45.389+0200: 312.465: Total time for which application threads were stopped: 0.0000682 seconds, Stopping threads took: 0.0000253 seconds
2015-09-09T11:30:47.695+0200: 314.772: Total time for which application threads were stopped: 0.0000595 seconds, Stopping threads took: 0.0000147 seconds
2015-09-09T11:30:48.695+0200: 315.772: Total time for which application threads were stopped: 0.0000656 seconds, Stopping threads took: 0.0000253 seconds
2015-09-09T11:30:51.695+0200: 318.772: Total time for which application threads were stopped: 0.0000909 seconds, Stopping threads took: 0.0000227 seconds
2015-09-09T11:30:54.787+0200: 321.864: Total time for which application threads were stopped: 0.0000547 seconds, Stopping threads took: 0.0000166 seconds
2015-09-09T11:30:54.787+0200: 321.864: Total time for which application threads were stopped: 0.0000477 seconds, Stopping threads took: 0.0000131 seconds
2015-09-09T11:30:55.787+0200: 322.864: Total time for which application threads were stopped: 0.0000998 seconds, Stopping threads took: 0.0000374 seconds
2015-09-09T11:31:40.714+0200: 367.790: Total time for which application threads were stopped: 0.0000640 seconds, Stopping threads took: 0.0000243 seconds
2015-09-09T11:33:40.721+0200: 487.796: Total time for which application threads were stopped: 0.0001379 seconds, Stopping threads took: 0.0000867 seconds
2015-09-09T11:34:39.904+0200: 546.978: Total time for which application threads were stopped: 0.0000701 seconds, Stopping threads took: 0.0000128 seconds
2015-09-09T11:34:39.904+0200: 546.978: Total time for which application threads were stopped: 0.0000602 seconds, Stopping threads took: 0.0000166 seconds
2015-09-09T11:34:39.904+0200: 546.979: Total time for which application threads were stopped: 0.0000314 seconds, Stopping threads took: 0.0000070 seconds
2015-09-09T11:34:39.904+0200: 546.979: Total time for which application threads were stopped: 0.0000240 seconds, Stopping threads took: 0.0000051 seconds
2015-09-09T11:34:39.904+0200: 546.979: Total time for which application threads were stopped: 0.0000464 seconds, Stopping threads took: 0.0000138 seconds
2015-09-09T11:34:40.904+0200: 547.979: Total time for which application threads were stopped: 0.0001152 seconds, Stopping threads took: 0.0000336 seconds
2015-09-09T11:35:29.909+0200: 596.983: Total time for which application threads were stopped: 0.0001040 seconds, Stopping threads took: 0.0000227 seconds
2015-09-09T11:35:29.909+0200: 596.983: Total time for which application threads were stopped: 0.0000723 seconds, Stopping threads took: 0.0000304 seconds
2015-09-09T11:36:59.231+0200: 686.305: Total time for which application threads were stopped: 0.0000781 seconds, Stopping threads took: 0.0000122 seconds
2015-09-09T11:36:59.232+0200: 686.305: Total time for which application threads were stopped: 0.0000528 seconds, Stopping threads took: 0.0000173 seconds
2015-09-09T11:36:59.232+0200: 686.305: Total time for which application threads were stopped: 0.0000294 seconds, Stopping threads took: 0.0000064 seconds
2015-09-09T11:36:59.232+0200: 686.305: Total time for which application threads were stopped: 0.0000438 seconds, Stopping threads took: 0.0000096 seconds
2015-09-09T11:37:04.244+0200: 691.318: Total time for which application threads were stopped: 0.0000893 seconds, Stopping threads took: 0.0000240 seconds
2015-09-09T11:37:04.244+0200: 691.318: Total time for which application threads were stopped: 0.0000381 seconds, Stopping threads took: 0.0000157 seconds
2015-09-09T11:37:04.247+0200: 691.320: Total time for which application threads were stopped: 0.0000694 seconds, Stopping threads took: 0.0000144 seconds
2015-09-09T11:37:54.247+0200: 741.320: Total time for which application threads were stopped: 0.0000992 seconds, Stopping threads took: 0.0000243 seconds
2015-09-09T11:42:04.262+0200: 991.331: Total time for which application threads were stopped: 0.0000666 seconds, Stopping threads took: 0.0000266 seconds
2015-09-09T11:44:53.176+0200: 1160.244: Total time for which application threads were stopped: 0.0000938 seconds, Stopping threads took: 0.0000205 seconds
2015-09-09T11:44:53.176+0200: 1160.244: Total time for which application threads were stopped: 0.0000602 seconds, Stopping threads took: 0.0000157 seconds
2015-09-09T11:44:53.176+0200: 1160.245: Total time for which application threads were stopped: 0.0000374 seconds, Stopping threads took: 0.0000093 seconds
2015-09-09T11:44:53.184+0200: 1160.253: Total time for which application threads were stopped: 0.0000694 seconds, Stopping threads took: 0.0000208 seconds
2015-09-09T11:44:54.184+0200: 1161.252: Total time for which application threads were stopped: 0.0000774 seconds, Stopping threads took: 0.0000262 seconds
2015-09-09T11:45:43.187+0200: 1210.255: Total time for which application threads were stopped: 0.0000982 seconds, Stopping threads took: 0.0000128 seconds
2015-09-09T11:45:43.187+0200: 1210.255: Total time for which application threads were stopped: 0.0000595 seconds, Stopping threads took: 0.0000173 seconds
2015-09-09T11:45:46.478+0200: 1213.546: Total time for which application threads were stopped: 0.0000762 seconds, Stopping threads took: 0.0000147 seconds
2015-09-09T11:45:46.478+0200: 1213.546: Total time for which application threads were stopped: 0.0000320 seconds, Stopping threads took: 0.0000042 seconds
2015-09-09T11:45:46.478+0200: 1213.546: Total time for which application threads were stopped: 0.0000374 seconds, Stopping threads took: 0.0000122 seconds
2015-09-09T11:45:47.478+0200: 1214.546: Total time for which application threads were stopped: 0.0001245 seconds, Stopping threads took: 0.0000387 seconds
2015-09-09T11:46:03.710+0200: 1230.778: Total time for which application threads were stopped: 0.0001946 seconds, Stopping threads took: 0.0000275 seconds
2015-09-09T11:46:03.711+0200: 1230.779: Total time for which application threads were stopped: 0.0000634 seconds, Stopping threads took: 0.0000173 seconds
2015-09-09T11:46:03.714+0200: 1230.782: Total time for which application threads were stopped: 0.0000598 seconds, Stopping threads took: 0.0000205 seconds
2015-09-09T11:46:03.716+0200: 1230.784: Total time for which application threads were stopped: 0.0000541 seconds, Stopping threads took: 0.0000131 seconds
2015-09-09T11:46:03.718+0200: 1230.786: Total time for which application threads were stopped: 0.0000701 seconds, Stopping threads took: 0.0000227 seconds
2015-09-09T11:46:03.718+0200: 1230.786: Total time for which application threads were stopped: 0.0000336 seconds, Stopping threads took: 0.0000064 seconds
2015-09-09T11:46:04.718+0200: 1231.786: Total time for which application threads were stopped: 0.0000570 seconds, Stopping threads took: 0.0000144 seconds
2015-09-09T11:46:07.067+0200: 1234.135: Total time for which application threads were stopped: 0.0001088 seconds, Stopping threads took: 0.0000224 seconds
2015-09-09T11:46:07.073+0200: 1234.141: Total time for which application threads were stopped: 0.0000669 seconds, Stopping threads took: 0.0000186 seconds
2015-09-09T11:46:07.073+0200: 1234.141: Total time for which application threads were stopped: 0.0000291 seconds, Stopping threads took: 0.0000077 seconds
2015-09-09T11:46:07.074+0200: 1234.143: Total time for which application threads were stopped: 0.0000541 seconds, Stopping threads took: 0.0000157 seconds
2015-09-09T11:46:07.080+0200: 1234.148: Total time for which application threads were stopped: 0.0000650 seconds, Stopping threads took: 0.0000221 seconds
2015-09-09T11:46:07.081+0200: 1234.149: Total time for which application threads were stopped: 0.0000682 seconds, Stopping threads took: 0.0000221 seconds
2015-09-09T11:46:08.081+0200: 1235.149: Total time for which application threads were stopped: 0.0000765 seconds, Stopping threads took: 0.0000269 seconds
2015-09-09T11:47:49.769+0200: 1336.836: Total time for which application threads were stopped: 0.0000566 seconds, Stopping threads took: 0.0000134 seconds
2015-09-09T11:47:49.769+0200: 1336.836: Total time for which application threads were stopped: 0.0000634 seconds, Stopping threads took: 0.0000336 seconds
2015-09-09T11:47:49.770+0200: 1336.837: Total time for which application threads were stopped: 0.0001670 seconds, Stopping threads took: 0.0000771 seconds
2015-09-09T11:47:50.770+0200: 1337.837: Total time for which application threads were stopped: 0.0000563 seconds, Stopping threads took: 0.0000138 seconds
2015-09-09T11:48:24.758+0200: 1371.825: Total time for which application threads were stopped: 0.0000755 seconds, Stopping threads took: 0.0000144 seconds
2015-09-09T11:48:24.758+0200: 1371.825: Total time for which application threads were stopped: 0.0000320 seconds, Stopping threads took: 0.0000051 seconds
2015-09-09T11:48:24.759+0200: 1371.825: Total time for which application threads were stopped: 0.0000314 seconds, Stopping threads took: 0.0000051 seconds
2015-09-09T11:48:24.759+0200: 1371.825: Total time for which application threads were stopped: 0.0000301 seconds, Stopping threads took: 0.0000048 seconds
2015-09-09T11:48:24.759+0200: 1371.825: Total time for which application threads were stopped: 0.0000214 seconds, Stopping threads took: 0.0000048 seconds
2015-09-09T11:48:24.759+0200: 1371.825: Total time for which application threads were stopped: 0.0000243 seconds, Stopping threads took: 0.0000048 seconds
2015-09-09T11:48:24.759+0200: 1371.825: Total time for which application threads were stopped: 0.0000208 seconds, Stopping threads took: 0.0000048 seconds
2015-09-09T11:48:24.759+0200: 1371.825: Total time for which application threads were stopped: 0.0000205 seconds, Stopping threads took: 0.0000048 seconds
2015-09-09T11:48:24.763+0200: 1371.829: Total time for which application threads were stopped: 0.0001997 seconds, Stopping threads took: 0.0000867 seconds
2015-09-09T11:48:25.763+0200: 1372.829: Total time for which application threads were stopped: 0.0000698 seconds, Stopping threads took: 0.0000262 seconds
2015-09-09T11:48:38.764+0200: 1385.830: Total time for which application threads were stopped: 0.0000803 seconds, Stopping threads took: 0.0000266 seconds
2015-09-09T11:49:27.990+0200: 1435.056: Total time for which application threads were stopped: 0.0000531 seconds, Stopping threads took: 0.0000125 seconds
2015-09-09T11:49:27.990+0200: 1435.056: Total time for which application threads were stopped: 0.0000531 seconds, Stopping threads took: 0.0000192 seconds
2015-09-09T11:50:24.474+0200: 1491.539: Total time for which application threads were stopped: 0.0000851 seconds, Stopping threads took: 0.0000221 seconds
2015-09-09T11:50:24.474+0200: 1491.539: Total time for which application threads were stopped: 0.0000336 seconds, Stopping threads took: 0.0000070 seconds
2015-09-09T11:50:24.474+0200: 1491.539: Total time for which application threads were stopped: 0.0000211 seconds, Stopping threads took: 0.0000042 seconds
2015-09-09T11:50:24.475+0200: 1491.540: Total time for which application threads were stopped: 0.0000458 seconds, Stopping threads took: 0.0000090 seconds
2015-09-09T11:50:24.480+0200: 1491.545: Total time for which application threads were stopped: 0.0000547 seconds, Stopping threads took: 0.0000125 seconds
2015-09-09T11:50:24.483+0200: 1491.548: Total time for which application threads were stopped: 0.0000653 seconds, Stopping threads took: 0.0000198 seconds
2015-09-09T11:50:25.483+0200: 1492.548: Total time for which application threads were stopped: 0.0000682 seconds, Stopping threads took: 0.0000262 seconds
2015-09-09T11:50:27.773+0200: 1494.839: Total time for which application threads were stopped: 0.0000787 seconds, Stopping threads took: 0.0000154 seconds
2015-09-09T11:50:27.774+0200: 1494.839: Total time for which application threads were stopped: 0.0000518 seconds, Stopping threads took: 0.0000186 seconds
2015-09-09T11:50:27.782+0200: 1494.848: Total time for which application threads were stopped: 0.0000723 seconds, Stopping threads took: 0.0000154 seconds
2015-09-09T11:50:27.783+0200: 1494.849: Total time for which application threads were stopped: 0.0000528 seconds, Stopping threads took: 0.0000173 seconds
2015-09-09T11:51:17.784+0200: 1544.849: Total time for which application threads were stopped: 0.0001120 seconds, Stopping threads took: 0.0000240 seconds
2015-09-09T11:51:26.945+0200: 1554.009: Total time for which application threads were stopped: 0.0000576 seconds, Stopping threads took: 0.0000144 seconds
2015-09-09T11:51:26.945+0200: 1554.009: Total time for which application threads were stopped: 0.0000218 seconds, Stopping threads took: 0.0000042 seconds
2015-09-09T11:51:26.945+0200: 1554.009: Total time for which application threads were stopped: 0.0000352 seconds, Stopping threads took: 0.0000067 seconds
2015-09-09T11:51:27.923+0200: 1554.988: Total time for which application threads were stopped: 0.0000771 seconds, Stopping threads took: 0.0000240 seconds
2015-09-09T11:51:27.924+0200: 1554.988: Total time for which application threads were stopped: 0.0000374 seconds, Stopping threads took: 0.0000154 seconds
2015-09-09T11:51:27.924+0200: 1554.988: Total time for which application threads were stopped: 0.0000467 seconds, Stopping threads took: 0.0000144 seconds
2015-09-09T11:51:27.924+0200: 1554.989: Total time for which application threads were stopped: 0.0000726 seconds, Stopping threads took: 0.0000410 seconds
2015-09-09T11:51:27.925+0200: 1554.989: Total time for which application threads were stopped: 0.0000758 seconds, Stopping threads took: 0.0000243 seconds
2015-09-09T11:51:27.927+0200: 1554.991: Total time for which application threads were stopped: 0.0000755 seconds, Stopping threads took: 0.0000224 seconds
2015-09-09T11:52:16.691+0200: 1603.755: Total time for which application threads were stopped: 0.0000730 seconds, Stopping threads took: 0.0000134 seconds
2015-09-09T11:52:16.691+0200: 1603.755: Total time for which application threads were stopped: 0.0000883 seconds, Stopping threads took: 0.0000627 seconds
2015-09-09T11:52:16.692+0200: 1603.755: Total time for which application threads were stopped: 0.0000701 seconds, Stopping threads took: 0.0000211 seconds
2015-09-09T11:52:17.692+0200: 1604.755: Total time for which application threads were stopped: 0.0000704 seconds, Stopping threads took: 0.0000266 seconds
2015-09-09T11:52:17.929+0200: 1604.993: Total time for which application threads were stopped: 0.0001194 seconds, Stopping threads took: 0.0000326 seconds
2015-09-09T11:53:02.931+0200: 1649.994: Total time for which application threads were stopped: 0.0000688 seconds, Stopping threads took: 0.0000262 seconds
2015-09-09T11:53:06.701+0200: 1653.765: Total time for which application threads were stopped: 0.0000675 seconds, Stopping threads took: 0.0000250 seconds
2015-09-09T11:54:23.803+0200: 1730.865: Total time for which application threads were stopped: 0.0000630 seconds, Stopping threads took: 0.0000157 seconds
2015-09-09T11:54:23.803+0200: 1730.865: Total time for which application threads were stopped: 0.0000918 seconds, Stopping threads took: 0.0000048 seconds
2015-09-09T11:54:23.803+0200: 1730.866: Total time for which application threads were stopped: 0.0000646 seconds, Stopping threads took: 0.0000189 seconds
2015-09-09T11:54:23.803+0200: 1730.866: Total time for which application threads were stopped: 0.0000406 seconds, Stopping threads took: 0.0000096 seconds
2015-09-09T11:54:29.013+0200: 1736.076: Total time for which application threads were stopped: 0.0000976 seconds, Stopping threads took: 0.0000141 seconds
2015-09-09T11:54:29.013+0200: 1736.076: Total time for which application threads were stopped: 0.0000394 seconds, Stopping threads took: 0.0000160 seconds
2015-09-09T11:54:29.015+0200: 1736.078: Total time for which application threads were stopped: 0.0000662 seconds, Stopping threads took: 0.0000202 seconds
2015-09-09T11:54:32.049+0200: 1739.112: Total time for which application threads were stopped: 0.0001536 seconds, Stopping threads took: 0.0000803 seconds
2015-09-09T11:54:32.051+0200: 1739.114: Total time for which application threads were stopped: 0.0000749 seconds, Stopping threads took: 0.0000166 seconds
2015-09-09T11:54:32.051+0200: 1739.114: Total time for which application threads were stopped: 0.0000301 seconds, Stopping threads took: 0.0000070 seconds
2015-09-09T11:54:32.052+0200: 1739.115: Total time for which application threads were stopped: 0.0001184 seconds, Stopping threads took: 0.0000822 seconds
2015-09-09T11:54:32.056+0200: 1739.119: Total time for which application threads were stopped: 0.0000784 seconds, Stopping threads took: 0.0000214 seconds
2015-09-09T11:54:32.056+0200: 1739.119: Total time for which application threads were stopped: 0.0000400 seconds, Stopping threads took: 0.0000154 seconds
2015-09-09T11:54:32.057+0200: 1739.120: Total time for which application threads were stopped: 0.0000400 seconds, Stopping threads took: 0.0000154 seconds
2015-09-09T11:54:33.057+0200: 1740.120: Total time for which application threads were stopped: 0.0000714 seconds, Stopping threads took: 0.0000259 seconds
2015-09-09T11:54:38.958+0200: 1746.020: Total time for which application threads were stopped: 0.0000800 seconds, Stopping threads took: 0.0000211 seconds
2015-09-09T11:54:38.959+0200: 1746.021: Total time for which application threads were stopped: 0.0000512 seconds, Stopping threads took: 0.0000170 seconds
2015-09-09T11:54:38.959+0200: 1746.021: Total time for which application threads were stopped: 0.0000397 seconds, Stopping threads took: 0.0000154 seconds
2015-09-09T11:54:38.959+0200: 1746.021: Total time for which application threads were stopped: 0.0000394 seconds, Stopping threads took: 0.0000154 seconds
2015-09-09T11:54:38.959+0200: 1746.022: Total time for which application threads were stopped: 0.0000390 seconds, Stopping threads took: 0.0000154 seconds
2015-09-09T11:54:38.959+0200: 1746.022: Total time for which application threads were stopped: 0.0000394 seconds, Stopping threads took: 0.0000154 seconds
2015-09-09T11:54:38.960+0200: 1746.022: Total time for which application threads were stopped: 0.0001034 seconds, Stopping threads took: 0.0000154 seconds
2015-09-09T11:54:39.960+0200: 1747.022: Total time for which application threads were stopped: 0.0000579 seconds, Stopping threads took: 0.0000141 seconds
2015-09-09T11:54:44.960+0200: 1752.022: Total time for which application threads were stopped: 0.0000653 seconds, Stopping threads took: 0.0000227 seconds
2015-09-09T11:57:41.482+0200: 1928.543: Total time for which application threads were stopped: 0.0000816 seconds, Stopping threads took: 0.0000208 seconds
2015-09-09T11:57:41.482+0200: 1928.543: Total time for which application threads were stopped: 0.0000291 seconds, Stopping threads took: 0.0000061 seconds
2015-09-09T11:57:41.483+0200: 1928.543: Total time for which application threads were stopped: 0.0000419 seconds, Stopping threads took: 0.0000166 seconds
2015-09-09T11:57:42.483+0200: 1929.543: Total time for which application threads were stopped: 0.0000550 seconds, Stopping threads took: 0.0000128 seconds
2015-09-09T11:57:48.711+0200: 1935.771: Total time for which application threads were stopped: 0.0000752 seconds, Stopping threads took: 0.0000147 seconds
2015-09-09T11:57:48.711+0200: 1935.771: Total time for which application threads were stopped: 0.0000522 seconds, Stopping threads took: 0.0000195 seconds
2015-09-09T11:57:48.713+0200: 1935.773: Total time for which application threads were stopped: 0.0000669 seconds, Stopping threads took: 0.0000221 seconds
2015-09-09T11:58:38.714+0200: 1985.775: Total time for which application threads were stopped: 0.0001168 seconds, Stopping threads took: 0.0000355 seconds
2015-09-09T11:59:22.903+0200: 2029.962: Total time for which application threads were stopped: 0.0000602 seconds, Stopping threads took: 0.0000134 seconds
2015-09-09T11:59:22.903+0200: 2029.963: Total time for which application threads were stopped: 0.0000534 seconds, Stopping threads took: 0.0000070 seconds
2015-09-09T11:59:22.903+0200: 2029.963: Total time for which application threads were stopped: 0.0000294 seconds, Stopping threads took: 0.0000064 seconds
2015-09-09T11:59:22.904+0200: 2029.963: Total time for which application threads were stopped: 0.0000525 seconds, Stopping threads took: 0.0000077 seconds
2015-09-09T11:59:29.338+0200: 2036.398: Total time for which application threads were stopped: 0.0000973 seconds, Stopping threads took: 0.0000234 seconds
2015-09-09T11:59:29.338+0200: 2036.398: Total time for which application threads were stopped: 0.0000461 seconds, Stopping threads took: 0.0000179 seconds
2015-09-09T11:59:29.340+0200: 2036.400: Total time for which application threads were stopped: 0.0001226 seconds, Stopping threads took: 0.0000762 seconds
2015-09-09T11:59:44.341+0200: 2051.400: Total time for which application threads were stopped: 0.0000717 seconds, Stopping threads took: 0.0000275 seconds
2015-09-09T12:00:33.889+0200: 2100.948: Total time for which application threads were stopped: 0.0000672 seconds, Stopping threads took: 0.0000246 seconds
2015-09-09T12:00:41.600+0200: 2108.659: Total time for which application threads were stopped: 0.0000573 seconds, Stopping threads took: 0.0000128 seconds
2015-09-09T12:00:41.600+0200: 2108.659: Total time for which application threads were stopped: 0.0000253 seconds, Stopping threads took: 0.0000058 seconds
2015-09-09T12:00:41.600+0200: 2108.659: Total time for which application threads were stopped: 0.0000624 seconds, Stopping threads took: 0.0000160 seconds
2015-09-09T12:00:42.601+0200: 2109.659: Total time for which application threads were stopped: 0.0001120 seconds, Stopping threads took: 0.0000250 seconds
2015-09-09T12:01:31.603+0200: 2158.662: Total time for which application threads were stopped: 0.0001098 seconds, Stopping threads took: 0.0000221 seconds
2015-09-09T12:01:31.603+0200: 2158.662: Total time for which application threads were stopped: 0.0000627 seconds, Stopping threads took: 0.0000058 seconds
2015-09-09T12:02:32.743+0200: 2219.801: Total time for which application threads were stopped: 0.0000816 seconds, Stopping threads took: 0.0000125 seconds
2015-09-09T12:02:32.743+0200: 2219.801: Total time for which application threads were stopped: 0.0000221 seconds, Stopping threads took: 0.0000045 seconds
2015-09-09T12:02:32.744+0200: 2219.801: Total time for which application threads were stopped: 0.0000339 seconds, Stopping threads took: 0.0000070 seconds
2015-09-09T12:02:33.744+0200: 2220.801: Total time for which application threads were stopped: 0.0001280 seconds, Stopping threads took: 0.0000397 seconds
2015-09-09T12:02:37.942+0200: 2224.999: Total time for which application threads were stopped: 0.0001005 seconds, Stopping threads took: 0.0000259 seconds
2015-09-09T12:02:37.942+0200: 2225.000: Total time for which application threads were stopped: 0.0000387 seconds, Stopping threads took: 0.0000157 seconds
2015-09-09T12:02:37.944+0200: 2225.002: Total time for which application threads were stopped: 0.0000784 seconds, Stopping threads took: 0.0000125 seconds
2015-09-09T12:02:45.945+0200: 2233.002: Total time for which application threads were stopped: 0.0000739 seconds, Stopping threads took: 0.0000304 seconds
2015-09-09T12:03:24.417+0200: 2271.474: Total time for which application threads were stopped: 0.0001360 seconds, Stopping threads took: 0.0000867 seconds
2015-09-09T12:03:24.420+0200: 2271.477: Total time for which application threads were stopped: 0.0000608 seconds, Stopping threads took: 0.0000301 seconds
2015-09-09T12:03:25.420+0200: 2272.477: Total time for which application threads were stopped: 0.0000704 seconds, Stopping threads took: 0.0000259 seconds
2015-09-09T12:03:29.420+0200: 2276.477: Total time for which application threads were stopped: 0.0000678 seconds, Stopping threads took: 0.0000262 seconds
2015-09-09T12:04:21.944+0200: 2329.001: Total time for which application threads were stopped: 0.0001187 seconds, Stopping threads took: 0.0000246 seconds
2015-09-09T12:04:45.383+0200: 2352.440: Total time for which application threads were stopped: 0.0000922 seconds, Stopping threads took: 0.0000310 seconds
2015-09-09T12:04:45.384+0200: 2352.440: Total time for which application threads were stopped: 0.0000355 seconds, Stopping threads took: 0.0000080 seconds
2015-09-09T12:04:45.384+0200: 2352.441: Total time for which application threads were stopped: 0.0000346 seconds, Stopping threads took: 0.0000090 seconds
2015-09-09T12:05:35.387+0200: 2402.443: Total time for which application threads were stopped: 0.0000915 seconds, Stopping threads took: 0.0000122 seconds
2015-09-09T12:05:35.387+0200: 2402.444: Total time for which application threads were stopped: 0.0000634 seconds, Stopping threads took: 0.0000157 seconds
2015-09-09T12:06:57.514+0200: 2484.569: Total time for which application threads were stopped: 0.0001043 seconds, Stopping threads took: 0.0000131 seconds
2015-09-09T12:06:57.514+0200: 2484.569: Total time for which application threads were stopped: 0.0000362 seconds, Stopping threads took: 0.0000080 seconds
2015-09-09T12:06:57.514+0200: 2484.569: Total time for which application threads were stopped: 0.0000266 seconds, Stopping threads took: 0.0000058 seconds
2015-09-09T12:06:57.515+0200: 2484.570: Total time for which application threads were stopped: 0.0000416 seconds, Stopping threads took: 0.0000160 seconds
2015-09-09T12:06:58.515+0200: 2485.570: Total time for which application threads were stopped: 0.0001136 seconds, Stopping threads took: 0.0000298 seconds
2015-09-09T12:07:09.510+0200: 2496.565: Total time for which application threads were stopped: 0.0000573 seconds, Stopping threads took: 0.0000131 seconds
2015-09-09T12:07:09.511+0200: 2496.565: Total time for which application threads were stopped: 0.0000483 seconds, Stopping threads took: 0.0000154 seconds
2015-09-09T12:07:09.512+0200: 2496.567: Total time for which application threads were stopped: 0.0000480 seconds, Stopping threads took: 0.0000173 seconds
2015-09-09T12:07:55.954+0200: 2543.009: Total time for which application threads were stopped: 0.0000701 seconds, Stopping threads took: 0.0000141 seconds
2015-09-09T12:07:55.954+0200: 2543.009: Total time for which application threads were stopped: 0.0000458 seconds, Stopping threads took: 0.0000173 seconds
2015-09-09T12:07:55.955+0200: 2543.010: Total time for which application threads were stopped: 0.0001174 seconds, Stopping threads took: 0.0000707 seconds
2015-09-09T12:08:07.695+0200: 2554.749: Total time for which application threads were stopped: 0.0001274 seconds, Stopping threads took: 0.0000826 seconds
2015-09-09T12:08:07.695+0200: 2554.749: Total time for which application threads were stopped: 0.0000691 seconds, Stopping threads took: 0.0000317 seconds
2015-09-09T12:08:07.695+0200: 2554.749: Total time for which application threads were stopped: 0.0000429 seconds, Stopping threads took: 0.0000173 seconds
2015-09-09T12:08:07.695+0200: 2554.750: Total time for which application threads were stopped: 0.0000714 seconds, Stopping threads took: 0.0000371 seconds
2015-09-09T12:08:07.696+0200: 2554.750: Total time for which application threads were stopped: 0.0000704 seconds, Stopping threads took: 0.0000227 seconds
2015-09-09T12:08:49.698+0200: 2596.752: Total time for which application threads were stopped: 0.0000749 seconds, Stopping threads took: 0.0000237 seconds
2015-09-09T12:09:09.752+0200: 2616.805: Total time for which application threads were stopped: 0.0001043 seconds, Stopping threads took: 0.0000208 seconds
2015-09-09T12:09:09.752+0200: 2616.806: Total time for which application threads were stopped: 0.0000643 seconds, Stopping threads took: 0.0000160 seconds
2015-09-09T12:09:09.753+0200: 2616.806: Total time for which application threads were stopped: 0.0000400 seconds, Stopping threads took: 0.0000157 seconds
2015-09-09T12:09:13.336+0200: 2620.389: Total time for which application threads were stopped: 0.0000586 seconds, Stopping threads took: 0.0000134 seconds
2015-09-09T12:09:13.336+0200: 2620.389: Total time for which application threads were stopped: 0.0000522 seconds, Stopping threads took: 0.0000189 seconds
2015-09-09T12:09:13.337+0200: 2620.391: Total time for which application threads were stopped: 0.0000816 seconds, Stopping threads took: 0.0000166 seconds
2015-09-09T12:09:53.595+0200: 2660.648: Total time for which application threads were stopped: 0.0000653 seconds, Stopping threads took: 0.0000246 seconds
2015-09-09T12:10:03.341+0200: 2670.394: Total time for which application threads were stopped: 0.0001315 seconds, Stopping threads took: 0.0000630 seconds
2015-09-09T12:26:43.398+0200: 3670.441: Total time for which application threads were stopped: 0.0000682 seconds, Stopping threads took: 0.0000266 seconds
2015-09-09T12:27:06.399+0200: 3693.442: Total time for which application threads were stopped: 0.0000678 seconds, Stopping threads took: 0.0000269 seconds
2015-09-09T13:01:34.517+0200: 5761.539: Total time for which application threads were stopped: 0.0000790 seconds, Stopping threads took: 0.0000278 seconds
2015-09-09T13:06:34.535+0200: 6061.553: Total time for which application threads were stopped: 0.0000822 seconds, Stopping threads took: 0.0000282 seconds
2015-09-09T13:08:34.541+0200: 6181.559: Total time for which application threads were stopped: 0.0000662 seconds, Stopping threads took: 0.0000246 seconds
2015-09-09T13:33:34.627+0200: 7681.630: Total time for which application threads were stopped: 0.0000691 seconds, Stopping threads took: 0.0000272 seconds
2015-09-09T13:34:04.629+0200: 7711.631: Total time for which application threads were stopped: 0.0001251 seconds, Stopping threads took: 0.0000288 seconds
2015-09-09T14:03:53.038+0200: 9500.023: Total time for which application threads were stopped: 0.0001088 seconds, Stopping threads took: 0.0000218 seconds
2015-09-09T14:03:53.039+0200: 9500.023: Total time for which application threads were stopped: 0.0000438 seconds, Stopping threads took: 0.0000173 seconds
2015-09-09T14:03:53.039+0200: 9500.024: Total time for which application threads were stopped: 0.0000371 seconds, Stopping threads took: 0.0000093 seconds
2015-09-09T14:03:54.039+0200: 9501.023: Total time for which application threads were stopped: 0.0001274 seconds, Stopping threads took: 0.0000272 seconds
2015-09-09T14:03:59.966+0200: 9506.950: Total time for which application threads were stopped: 0.0000605 seconds, Stopping threads took: 0.0000131 seconds
2015-09-09T14:03:59.966+0200: 9506.950: Total time for which application threads were stopped: 0.0000304 seconds, Stopping threads took: 0.0000093 seconds
2015-09-09T14:03:59.968+0200: 9506.952: Total time for which application threads were stopped: 0.0000554 seconds, Stopping threads took: 0.0000189 seconds
2015-09-09T14:04:00.968+0200: 9507.952: Total time for which application threads were stopped: 0.0000685 seconds, Stopping threads took: 0.0000262 seconds
2015-09-09T14:04:03.968+0200: 9510.952: Total time for which application threads were stopped: 0.0000688 seconds, Stopping threads took: 0.0000262 seconds
2015-09-09T14:04:13.587+0200: 9520.571: Total time for which application threads were stopped: 0.0000944 seconds, Stopping threads took: 0.0000317 seconds
2015-09-09T14:04:13.587+0200: 9520.571: Total time for which application threads were stopped: 0.0000669 seconds, Stopping threads took: 0.0000170 seconds
2015-09-09T14:04:13.587+0200: 9520.572: Total time for which application threads were stopped: 0.0000541 seconds, Stopping threads took: 0.0000106 seconds
2015-09-09T14:04:13.637+0200: 9520.622: Total time for which application threads were stopped: 0.0001699 seconds, Stopping threads took: 0.0000224 seconds
2015-09-09T14:04:13.638+0200: 9520.622: Total time for which application threads were stopped: 0.0000304 seconds, Stopping threads took: 0.0000080 seconds
2015-09-09T14:04:13.650+0200: 9520.635: Total time for which application threads were stopped: 0.0000602 seconds, Stopping threads took: 0.0000141 seconds
2015-09-09T14:04:13.652+0200: 9520.636: Total time for which application threads were stopped: 0.0000499 seconds, Stopping threads took: 0.0000086 seconds
2015-09-09T14:04:13.657+0200: 9520.641: Total time for which application threads were stopped: 0.0000662 seconds, Stopping threads took: 0.0000227 seconds
2015-09-09T14:04:16.297+0200: 9523.281: Total time for which application threads were stopped: 0.0000998 seconds, Stopping threads took: 0.0000221 seconds
2015-09-09T14:04:16.298+0200: 9523.282: Total time for which application threads were stopped: 0.0001466 seconds, Stopping threads took: 0.0001139 seconds
2015-09-09T14:04:16.298+0200: 9523.282: Total time for which application threads were stopped: 0.0000237 seconds, Stopping threads took: 0.0000058 seconds
2015-09-09T14:04:16.298+0200: 9523.282: Total time for which application threads were stopped: 0.0000326 seconds, Stopping threads took: 0.0000109 seconds
2015-09-09T14:04:16.298+0200: 9523.282: Total time for which application threads were stopped: 0.0000298 seconds, Stopping threads took: 0.0000118 seconds
2015-09-09T14:04:16.299+0200: 9523.282: Total time for which application threads were stopped: 0.0000563 seconds, Stopping threads took: 0.0000166 seconds
2015-09-09T14:04:16.299+0200: 9523.283: Total time for which application threads were stopped: 0.0000512 seconds, Stopping threads took: 0.0000134 seconds
2015-09-09T14:04:16.306+0200: 9523.290: Total time for which application threads were stopped: 0.0000797 seconds, Stopping threads took: 0.0000125 seconds
2015-09-09T14:04:16.306+0200: 9523.290: Total time for which application threads were stopped: 0.0000563 seconds, Stopping threads took: 0.0000179 seconds
2015-09-09T14:04:16.307+0200: 9523.291: Total time for which application threads were stopped: 0.0000541 seconds, Stopping threads took: 0.0000141 seconds
2015-09-09T14:04:16.308+0200: 9523.291: Total time for which application threads were stopped: 0.0000470 seconds, Stopping threads took: 0.0000144 seconds
2015-09-09T14:04:16.308+0200: 9523.291: Total time for which application threads were stopped: 0.0000269 seconds, Stopping threads took: 0.0000077 seconds
2015-09-09T14:04:16.311+0200: 9523.295: Total time for which application threads were stopped: 0.0000685 seconds, Stopping threads took: 0.0000202 seconds
2015-09-09T14:04:16.311+0200: 9523.295: Total time for which application threads were stopped: 0.0000237 seconds, Stopping threads took: 0.0000045 seconds
2015-09-09T14:04:16.312+0200: 9523.296: Total time for which application threads were stopped: 0.0000579 seconds, Stopping threads took: 0.0000138 seconds
2015-09-09T14:04:16.313+0200: 9523.297: Total time for which application threads were stopped: 0.0000790 seconds, Stopping threads took: 0.0000285 seconds
2015-09-09T14:04:24.153+0200: 9531.137: Total time for which application threads were stopped: 0.0000950 seconds, Stopping threads took: 0.0000141 seconds
2015-09-09T14:04:24.154+0200: 9531.138: Total time for which application threads were stopped: 0.0000595 seconds, Stopping threads took: 0.0000093 seconds
2015-09-09T14:04:32.920+0200: 9539.904: Total time for which application threads were stopped: 0.0000598 seconds, Stopping threads took: 0.0000118 seconds
2015-09-09T14:04:32.920+0200: 9539.905: Total time for which application threads were stopped: 0.0000400 seconds, Stopping threads took: 0.0000154 seconds
2015-09-09T14:04:32.920+0200: 9539.905: Total time for which application threads were stopped: 0.0000397 seconds, Stopping threads took: 0.0000154 seconds
2015-09-09T14:04:32.920+0200: 9539.905: Total time for which application threads were stopped: 0.0000394 seconds, Stopping threads took: 0.0000154 seconds
2015-09-09T14:04:32.921+0200: 9539.905: Total time for which application threads were stopped: 0.0000592 seconds, Stopping threads took: 0.0000157 seconds
2015-09-09T14:04:32.921+0200: 9539.905: Total time for which application threads were stopped: 0.0000394 seconds, Stopping threads took: 0.0000154 seconds
2015-09-09T14:04:32.921+0200: 9539.905: Total time for which application threads were stopped: 0.0000586 seconds, Stopping threads took: 0.0000150 seconds
2015-09-09T14:04:32.921+0200: 9539.906: Total time for which application threads were stopped: 0.0001290 seconds, Stopping threads took: 0.0000150 seconds
2015-09-09T14:04:33.922+0200: 9540.905: Total time for which application threads were stopped: 0.0000726 seconds, Stopping threads took: 0.0000266 seconds
2015-09-09T14:04:43.922+0200: 9550.906: Total time for which application threads were stopped: 0.0000698 seconds, Stopping threads took: 0.0000269 seconds
2015-09-09T14:04:50.923+0200: 9557.906: Total time for which application threads were stopped: 0.0000707 seconds, Stopping threads took: 0.0000266 seconds
2015-09-09T14:05:00.295+0200: 9567.279: Total time for which application threads were stopped: 0.0000765 seconds, Stopping threads took: 0.0000131 seconds
2015-09-09T14:05:01.295+0200: 9568.278: Total time for which application threads were stopped: 0.0000765 seconds, Stopping threads took: 0.0000304 seconds
2015-09-09T14:05:04.295+0200: 9571.279: Total time for which application threads were stopped: 0.0000691 seconds, Stopping threads took: 0.0000259 seconds
2015-09-09T14:05:06.314+0200: 9573.298: Total time for which application threads were stopped: 0.0001293 seconds, Stopping threads took: 0.0000362 seconds
2015-09-09T14:05:16.315+0200: 9583.298: Total time for which application threads were stopped: 0.0000627 seconds, Stopping threads took: 0.0000141 seconds
2015-09-09T14:05:16.315+0200: 9583.298: Total time for which application threads were stopped: 0.0000390 seconds, Stopping threads took: 0.0000077 seconds
2015-09-09T14:05:34.316+0200: 9601.299: Total time for which application threads were stopped: 0.0000691 seconds, Stopping threads took: 0.0000259 seconds
2015-09-09T14:05:44.706+0200: 9611.689: Total time for which application threads were stopped: 0.0000646 seconds, Stopping threads took: 0.0000157 seconds
2015-09-09T14:05:44.706+0200: 9611.689: Total time for which application threads were stopped: 0.0000269 seconds, Stopping threads took: 0.0000058 seconds
2015-09-09T14:05:44.706+0200: 9611.689: Total time for which application threads were stopped: 0.0000237 seconds, Stopping threads took: 0.0000051 seconds
2015-09-09T14:05:44.707+0200: 9611.690: Total time for which application threads were stopped: 0.0000454 seconds, Stopping threads took: 0.0000163 seconds
2015-09-09T14:05:45.707+0200: 9612.690: Total time for which application threads were stopped: 0.0001187 seconds, Stopping threads took: 0.0000400 seconds
2015-09-09T14:05:49.982+0200: 9616.965: Total time for which application threads were stopped: 0.0000720 seconds, Stopping threads took: 0.0000134 seconds
2015-09-09T14:05:49.982+0200: 9616.966: Total time for which application threads were stopped: 0.0000672 seconds, Stopping threads took: 0.0000320 seconds
2015-09-09T14:05:49.984+0200: 9616.967: Total time for which application threads were stopped: 0.0001270 seconds, Stopping threads took: 0.0000768 seconds
2015-09-09T14:05:56.317+0200: 9623.300: Total time for which application threads were stopped: 0.0001069 seconds, Stopping threads took: 0.0000240 seconds
2015-09-09T14:06:39.985+0200: 9666.968: Total time for which application threads were stopped: 0.0001005 seconds, Stopping threads took: 0.0000243 seconds
2015-09-09T14:07:56.679+0200: 9743.661: Total time for which application threads were stopped: 0.0001062 seconds, Stopping threads took: 0.0000224 seconds
2015-09-09T14:07:56.679+0200: 9743.661: Total time for which application threads were stopped: 0.0000355 seconds, Stopping threads took: 0.0000077 seconds
2015-09-09T14:07:56.680+0200: 9743.662: Total time for which application threads were stopped: 0.0000451 seconds, Stopping threads took: 0.0000163 seconds
2015-09-09T14:07:57.680+0200: 9744.662: Total time for which application threads were stopped: 0.0000739 seconds, Stopping threads took: 0.0000227 seconds
2015-09-09T14:07:59.823+0200: 9746.805: Total time for which application threads were stopped: 0.0000925 seconds, Stopping threads took: 0.0000144 seconds
2015-09-09T14:07:59.823+0200: 9746.805: Total time for which application threads were stopped: 0.0000387 seconds, Stopping threads took: 0.0000154 seconds
2015-09-09T14:07:59.824+0200: 9746.806: Total time for which application threads were stopped: 0.0000602 seconds, Stopping threads took: 0.0000202 seconds
2015-09-09T14:09:06.984+0200: 9813.966: Total time for which application threads were stopped: 0.0001261 seconds, Stopping threads took: 0.0000717 seconds
2015-09-09T14:10:16.056+0200: 9883.037: Total time for which application threads were stopped: 0.0001034 seconds, Stopping threads took: 0.0000227 seconds
2015-09-09T14:10:16.057+0200: 9883.037: Total time for which application threads were stopped: 0.0000352 seconds, Stopping threads took: 0.0000080 seconds
2015-09-09T14:10:16.057+0200: 9883.038: Total time for which application threads were stopped: 0.0000387 seconds, Stopping threads took: 0.0000080 seconds
2015-09-09T14:10:16.058+0200: 9883.038: Total time for which application threads were stopped: 0.0000336 seconds, Stopping threads took: 0.0000058 seconds
2015-09-09T14:10:16.387+0200: 9883.367: Total time for which application threads were stopped: 0.0000861 seconds, Stopping threads took: 0.0000160 seconds
2015-09-09T14:10:16.387+0200: 9883.367: Total time for which application threads were stopped: 0.0000867 seconds, Stopping threads took: 0.0000093 seconds
2015-09-09T14:10:16.387+0200: 9883.368: Total time for which application threads were stopped: 0.0000352 seconds, Stopping threads took: 0.0000102 seconds
2015-09-09T14:10:16.387+0200: 9883.368: Total time for which application threads were stopped: 0.0000278 seconds, Stopping threads took: 0.0000080 seconds
2015-09-09T14:10:16.388+0200: 9883.368: Total time for which application threads were stopped: 0.0000346 seconds, Stopping threads took: 0.0000096 seconds
2015-09-09T14:10:16.388+0200: 9883.369: Total time for which application threads were stopped: 0.0000397 seconds, Stopping threads took: 0.0000102 seconds
2015-09-09T14:10:16.389+0200: 9883.369: Total time for which application threads were stopped: 0.0001232 seconds, Stopping threads took: 0.0000093 seconds
2015-09-09T14:10:17.389+0200: 9884.369: Total time for which application threads were stopped: 0.0000701 seconds, Stopping threads took: 0.0000262 seconds
2015-09-09T14:19:51.244+0200: 10458.219: Total time for which application threads were stopped: 0.0000621 seconds, Stopping threads took: 0.0000122 seconds
2015-09-09T14:19:51.244+0200: 10458.219: Total time for which application threads were stopped: 0.0000589 seconds, Stopping threads took: 0.0000208 seconds
2015-09-09T14:19:51.244+0200: 10458.219: Total time for which application threads were stopped: 0.0000317 seconds, Stopping threads took: 0.0000064 seconds
2015-09-09T14:19:51.244+0200: 10458.219: Total time for which application threads were stopped: 0.0000240 seconds, Stopping threads took: 0.0000058 seconds
2015-09-09T14:19:51.245+0200: 10458.220: Total time for which application threads were stopped: 0.0000298 seconds, Stopping threads took: 0.0000064 seconds
2015-09-09T14:19:51.379+0200: 10458.353: Total time for which application threads were stopped: 0.0001552 seconds, Stopping threads took: 0.0000122 seconds
2015-09-09T14:19:52.379+0200: 10459.353: Total time for which application threads were stopped: 0.0000746 seconds, Stopping threads took: 0.0000275 seconds
2015-09-09T14:20:02.491+0200: 10469.465: Total time for which application threads were stopped: 0.0000570 seconds, Stopping threads took: 0.0000141 seconds
2015-09-09T14:20:02.491+0200: 10469.465: Total time for which application threads were stopped: 0.0000397 seconds, Stopping threads took: 0.0000067 seconds
2015-09-09T14:20:02.491+0200: 10469.465: Total time for which application threads were stopped: 0.0000304 seconds, Stopping threads took: 0.0000045 seconds
2015-09-09T14:20:02.493+0200: 10469.467: Total time for which application threads were stopped: 0.0000643 seconds, Stopping threads took: 0.0000176 seconds
2015-09-09T14:20:02.493+0200: 10469.467: Total time for which application threads were stopped: 0.0000320 seconds, Stopping threads took: 0.0000045 seconds
2015-09-09T14:20:02.493+0200: 10469.467: Total time for which application threads were stopped: 0.0000346 seconds, Stopping threads took: 0.0000054 seconds
2015-09-09T14:20:02.494+0200: 10469.468: Total time for which application threads were stopped: 0.0001411 seconds, Stopping threads took: 0.0001226 seconds
2015-09-09T14:20:02.494+0200: 10469.468: Total time for which application threads were stopped: 0.0000406 seconds, Stopping threads took: 0.0000186 seconds
2015-09-09T14:20:02.494+0200: 10469.468: Total time for which application threads were stopped: 0.0000400 seconds, Stopping threads took: 0.0000186 seconds
2015-09-09T14:20:02.494+0200: 10469.468: Total time for which application threads were stopped: 0.0000349 seconds, Stopping threads took: 0.0000048 seconds
2015-09-09T14:20:02.494+0200: 10469.469: Total time for which application threads were stopped: 0.0000349 seconds, Stopping threads took: 0.0000051 seconds
2015-09-09T14:20:02.495+0200: 10469.469: Total time for which application threads were stopped: 0.0000355 seconds, Stopping threads took: 0.0000054 seconds
2015-09-09T14:20:02.495+0200: 10469.469: Total time for which application threads were stopped: 0.0000355 seconds, Stopping threads took: 0.0000051 seconds
2015-09-09T14:20:02.495+0200: 10469.470: Total time for which application threads were stopped: 0.0000349 seconds, Stopping threads took: 0.0000051 seconds
2015-09-09T14:20:02.505+0200: 10469.479: Total time for which application threads were stopped: 0.0001014 seconds, Stopping threads took: 0.0000163 seconds
{Heap before GC invocations=107 (full 4):
 par new generation   total 109248K, used 94436K [0x00000000e0000000, 0x00000000e8000000, 0x00000000e8000000)
  eden space 87424K,  99% used [0x00000000e0000000, 0x00000000e555cbf8, 0x00000000e5560000)
  from space 21824K,  32% used [0x00000000e6ab0000, 0x00000000e718c748, 0x00000000e8000000)
  to   space 21824K,   0% used [0x00000000e5560000, 0x00000000e5560000, 0x00000000e6ab0000)
 concurrent mark-sweep generation total 393216K, used 163771K [0x00000000e8000000, 0x0000000100000000, 0x0000000100000000)
 Metaspace       used 31358K, capacity 31684K, committed 32020K, reserved 1077248K
  class space    used 3638K, capacity 3776K, committed 3864K, reserved 1048576K
2015-09-09T14:20:02.553+0200: 10469.527: [GC (Allocation Failure) 10469.527: [ParNew
Desired survivor size 20112992 bytes, new threshold 8 (max 8)
- age   1:    2806192 bytes,    2806192 total
- age   2:    2425552 bytes,    5231744 total
- age   3:     854976 bytes,    6086720 total
- age   4:    1069576 bytes,    7156296 total
- age   5:     545032 bytes,    7701328 total
- age   6:        600 bytes,    7701928 total
- age   7:        752 bytes,    7702680 total
- age   8:      93480 bytes,    7796160 total
: 94436K->10203K(109248K), 0.0079295 secs] 258208K->173984K(502464K), 0.0079942 secs] [Times: user=0.00 sys=0.00, real=0.01 secs] 
Heap after GC invocations=108 (full 4):
 par new generation   total 109248K, used 10203K [0x00000000e0000000, 0x00000000e8000000, 0x00000000e8000000)
  eden space 87424K,   0% used [0x00000000e0000000, 0x00000000e0000000, 0x00000000e5560000)
  from space 21824K,  46% used [0x00000000e5560000, 0x00000000e5f56d50, 0x00000000e6ab0000)
  to   space 21824K,   0% used [0x00000000e6ab0000, 0x00000000e6ab0000, 0x00000000e8000000)
 concurrent mark-sweep generation total 393216K, used 163781K [0x00000000e8000000, 0x0000000100000000, 0x0000000100000000)
 Metaspace       used 31358K, capacity 31684K, committed 32020K, reserved 1077248K
  class space    used 3638K, capacity 3776K, committed 3864K, reserved 1048576K
}
2015-09-09T14:20:02.561+0200: 10469.535: Total time for which application threads were stopped: 0.0081734 seconds, Stopping threads took: 0.0000182 seconds
2015-09-09T14:20:02.561+0200: 10469.535: Total time for which application threads were stopped: 0.0000880 seconds, Stopping threads took: 0.0000227 seconds
2015-09-09T14:20:02.561+0200: 10469.535: Total time for which application threads were stopped: 0.0000666 seconds, Stopping threads took: 0.0000134 seconds
2015-09-09T14:20:02.561+0200: 10469.536: Total time for which application threads were stopped: 0.0000672 seconds, Stopping threads took: 0.0000307 seconds
2015-09-09T14:20:02.561+0200: 10469.536: Total time for which application threads were stopped: 0.0000506 seconds, Stopping threads took: 0.0000054 seconds
{Heap before GC invocations=108 (full 4):
 par new generation   total 109248K, used 97627K [0x00000000e0000000, 0x00000000e8000000, 0x00000000e8000000)
  eden space 87424K, 100% used [0x00000000e0000000, 0x00000000e5560000, 0x00000000e5560000)
  from space 21824K,  46% used [0x00000000e5560000, 0x00000000e5f56d50, 0x00000000e6ab0000)
  to   space 21824K,   0% used [0x00000000e6ab0000, 0x00000000e6ab0000, 0x00000000e8000000)
 concurrent mark-sweep generation total 393216K, used 163781K [0x00000000e8000000, 0x0000000100000000, 0x0000000100000000)
 Metaspace       used 31387K, capacity 31690K, committed 32020K, reserved 1077248K
  class space    used 3638K, capacity 3777K, committed 3864K, reserved 1048576K
2015-09-09T14:20:02.598+0200: 10469.572: [GC (Allocation Failure) 10469.573: [ParNew
Desired survivor size 20112992 bytes, new threshold 8 (max 8)
- age   1:     268200 bytes,     268200 total
- age   2:    2403312 bytes,    2671512 total
- age   3:    2422328 bytes,    5093840 total
- age   4:     830328 bytes,    5924168 total
- age   5:    1069576 bytes,    6993744 total
- age   6:     545032 bytes,    7538776 total
- age   7:        600 bytes,    7539376 total
- age   8:        752 bytes,    7540128 total
: 97627K->9971K(109248K), 0.0047152 secs] 261408K->173844K(502464K), 0.0047737 secs] [Times: user=0.00 sys=0.00, real=0.00 secs] 
Heap after GC invocations=109 (full 4):
 par new generation   total 109248K, used 9971K [0x00000000e0000000, 0x00000000e8000000, 0x00000000e8000000)
  eden space 87424K,   0% used [0x00000000e0000000, 0x00000000e0000000, 0x00000000e5560000)
  from space 21824K,  45% used [0x00000000e6ab0000, 0x00000000e746cf80, 0x00000000e8000000)
  to   space 21824K,   0% used [0x00000000e5560000, 0x00000000e5560000, 0x00000000e6ab0000)
 concurrent mark-sweep generation total 393216K, used 163872K [0x00000000e8000000, 0x0000000100000000, 0x0000000100000000)
 Metaspace       used 31387K, capacity 31690K, committed 32020K, reserved 1077248K
  class space    used 3638K, capacity 3777K, committed 3864K, reserved 1048576K
}
2015-09-09T14:20:02.603+0200: 10469.577: Total time for which application threads were stopped: 0.0049299 seconds, Stopping threads took: 0.0000176 seconds
2015-09-09T14:20:02.603+0200: 10469.577: Total time for which application threads were stopped: 0.0001088 seconds, Stopping threads took: 0.0000314 seconds
2015-09-09T14:20:02.629+0200: 10469.603: Total time for which application threads were stopped: 0.0000755 seconds, Stopping threads took: 0.0000166 seconds
2015-09-09T14:20:02.630+0200: 10469.605: Total time for which application threads were stopped: 0.0000656 seconds, Stopping threads took: 0.0000147 seconds
2015-09-09T14:20:02.632+0200: 10469.606: Total time for which application threads were stopped: 0.0000742 seconds, Stopping threads took: 0.0000211 seconds
2015-09-09T14:20:02.633+0200: 10469.607: Total time for which application threads were stopped: 0.0000637 seconds, Stopping threads took: 0.0000176 seconds
2015-09-09T14:20:02.633+0200: 10469.608: Total time for which application threads were stopped: 0.0000490 seconds, Stopping threads took: 0.0000106 seconds
2015-09-09T14:20:02.634+0200: 10469.608: Total time for which application threads were stopped: 0.0000445 seconds, Stopping threads took: 0.0000102 seconds
2015-09-09T14:20:02.638+0200: 10469.612: Total time for which application threads were stopped: 0.0000710 seconds, Stopping threads took: 0.0000205 seconds
2015-09-09T14:20:02.639+0200: 10469.613: Total time for which application threads were stopped: 0.0000589 seconds, Stopping threads took: 0.0000160 seconds
2015-09-09T14:20:02.659+0200: 10469.633: Total time for which application threads were stopped: 0.0001469 seconds, Stopping threads took: 0.0000154 seconds
2015-09-09T14:20:02.660+0200: 10469.634: Total time for which application threads were stopped: 0.0000547 seconds, Stopping threads took: 0.0000125 seconds
2015-09-09T14:20:02.660+0200: 10469.634: Total time for which application threads were stopped: 0.0000384 seconds, Stopping threads took: 0.0000115 seconds
2015-09-09T14:20:02.660+0200: 10469.634: Total time for which application threads were stopped: 0.0000470 seconds, Stopping threads took: 0.0000064 seconds
2015-09-09T14:20:02.660+0200: 10469.634: Total time for which application threads were stopped: 0.0000269 seconds, Stopping threads took: 0.0000061 seconds
2015-09-09T14:20:02.660+0200: 10469.634: Total time for which application threads were stopped: 0.0000390 seconds, Stopping threads took: 0.0000096 seconds
2015-09-09T14:20:02.660+0200: 10469.634: Total time for which application threads were stopped: 0.0000259 seconds, Stopping threads took: 0.0000058 seconds
2015-09-09T14:20:02.660+0200: 10469.635: Total time for which application threads were stopped: 0.0000282 seconds, Stopping threads took: 0.0000064 seconds
2015-09-09T14:20:02.660+0200: 10469.635: Total time for which application threads were stopped: 0.0000291 seconds, Stopping threads took: 0.0000067 seconds
2015-09-09T14:20:02.660+0200: 10469.635: Total time for which application threads were stopped: 0.0000288 seconds, Stopping threads took: 0.0000067 seconds
2015-09-09T14:20:02.661+0200: 10469.635: Total time for which application threads were stopped: 0.0000278 seconds, Stopping threads took: 0.0000064 seconds
2015-09-09T14:20:02.661+0200: 10469.635: Total time for which application threads were stopped: 0.0000291 seconds, Stopping threads took: 0.0000070 seconds
2015-09-09T14:20:02.661+0200: 10469.635: Total time for which application threads were stopped: 0.0000272 seconds, Stopping threads took: 0.0000061 seconds
2015-09-09T14:20:02.661+0200: 10469.635: Total time for which application threads were stopped: 0.0000275 seconds, Stopping threads took: 0.0000064 seconds
2015-09-09T14:20:02.661+0200: 10469.635: Total time for which application threads were stopped: 0.0000272 seconds, Stopping threads took: 0.0000067 seconds
2015-09-09T14:20:02.661+0200: 10469.635: Total time for which application threads were stopped: 0.0000266 seconds, Stopping threads took: 0.0000061 seconds
2015-09-09T14:20:02.661+0200: 10469.635: Total time for which application threads were stopped: 0.0000266 seconds, Stopping threads took: 0.0000061 seconds
2015-09-09T14:20:02.661+0200: 10469.635: Total time for which application threads were stopped: 0.0000259 seconds, Stopping threads took: 0.0000061 seconds
2015-09-09T14:20:02.661+0200: 10469.635: Total time for which application threads were stopped: 0.0000272 seconds, Stopping threads took: 0.0000064 seconds
2015-09-09T14:20:02.661+0200: 10469.635: Total time for which application threads were stopped: 0.0000266 seconds, Stopping threads took: 0.0000061 seconds
2015-09-09T14:20:02.661+0200: 10469.635: Total time for which application threads were stopped: 0.0000262 seconds, Stopping threads took: 0.0000058 seconds
2015-09-09T14:20:02.661+0200: 10469.636: Total time for which application threads were stopped: 0.0000947 seconds, Stopping threads took: 0.0000061 seconds
2015-09-09T14:20:02.662+0200: 10469.636: Total time for which application threads were stopped: 0.0000422 seconds, Stopping threads took: 0.0000138 seconds
2015-09-09T14:20:02.662+0200: 10469.637: Total time for which application threads were stopped: 0.0000400 seconds, Stopping threads took: 0.0000086 seconds
2015-09-09T14:20:02.680+0200: 10469.654: Total time for which application threads were stopped: 0.0001130 seconds, Stopping threads took: 0.0000282 seconds
2015-09-09T14:20:02.680+0200: 10469.655: Total time for which application threads were stopped: 0.0000349 seconds, Stopping threads took: 0.0000080 seconds
2015-09-09T14:20:02.680+0200: 10469.655: Total time for which application threads were stopped: 0.0000387 seconds, Stopping threads took: 0.0000096 seconds
2015-09-09T14:20:02.681+0200: 10469.655: Total time for which application threads were stopped: 0.0000266 seconds, Stopping threads took: 0.0000058 seconds
2015-09-09T14:20:02.681+0200: 10469.655: Total time for which application threads were stopped: 0.0000294 seconds, Stopping threads took: 0.0000067 seconds
2015-09-09T14:20:02.682+0200: 10469.656: Total time for which application threads were stopped: 0.0000614 seconds, Stopping threads took: 0.0000182 seconds
2015-09-09T14:20:02.682+0200: 10469.656: Total time for which application threads were stopped: 0.0000362 seconds, Stopping threads took: 0.0000102 seconds
2015-09-09T14:20:02.682+0200: 10469.656: Total time for which application threads were stopped: 0.0000346 seconds, Stopping threads took: 0.0000093 seconds
2015-09-09T14:20:02.682+0200: 10469.657: Total time for which application threads were stopped: 0.0001091 seconds, Stopping threads took: 0.0000106 seconds
2015-09-09T14:20:02.685+0200: 10469.660: Total time for which application threads were stopped: 0.0000720 seconds, Stopping threads took: 0.0000176 seconds
2015-09-09T14:20:02.685+0200: 10469.660: Total time for which application threads were stopped: 0.0000298 seconds, Stopping threads took: 0.0000067 seconds
2015-09-09T14:20:02.686+0200: 10469.660: Total time for which application threads were stopped: 0.0000355 seconds, Stopping threads took: 0.0000115 seconds
2015-09-09T14:20:02.686+0200: 10469.660: Total time for which application threads were stopped: 0.0000365 seconds, Stopping threads took: 0.0000115 seconds
2015-09-09T14:20:02.686+0200: 10469.660: Total time for which application threads were stopped: 0.0000339 seconds, Stopping threads took: 0.0000109 seconds
2015-09-09T14:20:02.686+0200: 10469.660: Total time for which application threads were stopped: 0.0000339 seconds, Stopping threads took: 0.0000109 seconds
2015-09-09T14:20:02.686+0200: 10469.660: Total time for which application threads were stopped: 0.0001027 seconds, Stopping threads took: 0.0000099 seconds
2015-09-09T14:20:02.687+0200: 10469.661: Total time for which application threads were stopped: 0.0000650 seconds, Stopping threads took: 0.0000240 seconds
2015-09-09T14:20:02.687+0200: 10469.662: Total time for which application threads were stopped: 0.0004003 seconds, Stopping threads took: 0.0000074 seconds
2015-09-09T14:20:02.690+0200: 10469.664: Total time for which application threads were stopped: 0.0004534 seconds, Stopping threads took: 0.0000214 seconds
2015-09-09T14:20:02.695+0200: 10469.669: Total time for which application threads were stopped: 0.0000845 seconds, Stopping threads took: 0.0000253 seconds
2015-09-09T14:20:02.695+0200: 10469.669: Total time for which application threads were stopped: 0.0000323 seconds, Stopping threads took: 0.0000112 seconds
2015-09-09T14:20:02.695+0200: 10469.669: Total time for which application threads were stopped: 0.0000246 seconds, Stopping threads took: 0.0000070 seconds
2015-09-09T14:20:02.695+0200: 10469.670: Total time for which application threads were stopped: 0.0000403 seconds, Stopping threads took: 0.0000083 seconds
2015-09-09T14:20:02.695+0200: 10469.670: Total time for which application threads were stopped: 0.0000294 seconds, Stopping threads took: 0.0000099 seconds
2015-09-09T14:20:02.695+0200: 10469.670: Total time for which application threads were stopped: 0.0000285 seconds, Stopping threads took: 0.0000093 seconds
2015-09-09T14:20:02.695+0200: 10469.670: Total time for which application threads were stopped: 0.0000259 seconds, Stopping threads took: 0.0000077 seconds
2015-09-09T14:20:02.695+0200: 10469.670: Total time for which application threads were stopped: 0.0000214 seconds, Stopping threads took: 0.0000051 seconds
2015-09-09T14:20:02.695+0200: 10469.670: Total time for which application threads were stopped: 0.0000272 seconds, Stopping threads took: 0.0000090 seconds
2015-09-09T14:20:02.695+0200: 10469.670: Total time for which application threads were stopped: 0.0000275 seconds, Stopping threads took: 0.0000090 seconds
2015-09-09T14:20:02.696+0200: 10469.670: Total time for which application threads were stopped: 0.0000358 seconds, Stopping threads took: 0.0000112 seconds
2015-09-09T14:20:02.696+0200: 10469.670: Total time for which application threads were stopped: 0.0000291 seconds, Stopping threads took: 0.0000099 seconds
2015-09-09T14:20:02.696+0200: 10469.670: Total time for which application threads were stopped: 0.0000214 seconds, Stopping threads took: 0.0000051 seconds
2015-09-09T14:20:02.696+0200: 10469.670: Total time for which application threads were stopped: 0.0000269 seconds, Stopping threads took: 0.0000077 seconds
2015-09-09T14:20:02.696+0200: 10469.670: Total time for which application threads were stopped: 0.0000224 seconds, Stopping threads took: 0.0000051 seconds
2015-09-09T14:20:02.696+0200: 10469.670: Total time for which application threads were stopped: 0.0000275 seconds, Stopping threads took: 0.0000090 seconds
2015-09-09T14:20:02.696+0200: 10469.670: Total time for which application threads were stopped: 0.0000275 seconds, Stopping threads took: 0.0000093 seconds
2015-09-09T14:20:02.696+0200: 10469.670: Total time for which application threads were stopped: 0.0000320 seconds, Stopping threads took: 0.0000077 seconds
2015-09-09T14:20:02.696+0200: 10469.670: Total time for which application threads were stopped: 0.0000291 seconds, Stopping threads took: 0.0000099 seconds
2015-09-09T14:20:02.696+0200: 10469.670: Total time for which application threads were stopped: 0.0000938 seconds, Stopping threads took: 0.0000090 seconds
2015-09-09T14:20:02.698+0200: 10469.672: Total time for which application threads were stopped: 0.0000678 seconds, Stopping threads took: 0.0000221 seconds
2015-09-09T14:20:02.712+0200: 10469.687: Total time for which application threads were stopped: 0.0001632 seconds, Stopping threads took: 0.0000816 seconds
2015-09-09T14:20:02.712+0200: 10469.687: Total time for which application threads were stopped: 0.0000310 seconds, Stopping threads took: 0.0000090 seconds
2015-09-09T14:20:02.715+0200: 10469.689: Total time for which application threads were stopped: 0.0000611 seconds, Stopping threads took: 0.0000173 seconds
2015-09-09T14:20:02.715+0200: 10469.690: Total time for which application threads were stopped: 0.0000426 seconds, Stopping threads took: 0.0000102 seconds
2015-09-09T14:20:02.715+0200: 10469.690: Total time for which application threads were stopped: 0.0000285 seconds, Stopping threads took: 0.0000083 seconds
2015-09-09T14:20:02.715+0200: 10469.690: Total time for which application threads were stopped: 0.0000240 seconds, Stopping threads took: 0.0000064 seconds
2015-09-09T14:20:02.715+0200: 10469.690: Total time for which application threads were stopped: 0.0000218 seconds, Stopping threads took: 0.0000064 seconds
2015-09-09T14:20:02.715+0200: 10469.690: Total time for which application threads were stopped: 0.0000214 seconds, Stopping threads took: 0.0000064 seconds
2015-09-09T14:20:02.716+0200: 10469.690: Total time for which application threads were stopped: 0.0000218 seconds, Stopping threads took: 0.0000061 seconds
2015-09-09T14:20:02.716+0200: 10469.690: Total time for which application threads were stopped: 0.0000211 seconds, Stopping threads took: 0.0000061 seconds
2015-09-09T14:20:02.716+0200: 10469.690: Total time for which application threads were stopped: 0.0000214 seconds, Stopping threads took: 0.0000064 seconds
2015-09-09T14:20:02.716+0200: 10469.690: Total time for which application threads were stopped: 0.0000218 seconds, Stopping threads took: 0.0000061 seconds
2015-09-09T14:20:02.716+0200: 10469.690: Total time for which application threads were stopped: 0.0000794 seconds, Stopping threads took: 0.0000061 seconds
2015-09-09T14:20:02.718+0200: 10469.692: Total time for which application threads were stopped: 0.0000624 seconds, Stopping threads took: 0.0000170 seconds
2015-09-09T14:20:03.718+0200: 10470.692: Total time for which application threads were stopped: 0.0000682 seconds, Stopping threads took: 0.0000256 seconds
2015-09-09T14:20:09.745+0200: 10476.720: Total time for which application threads were stopped: 0.0001139 seconds, Stopping threads took: 0.0000349 seconds
{Heap before GC invocations=109 (full 4):
 par new generation   total 109248K, used 97395K [0x00000000e0000000, 0x00000000e8000000, 0x00000000e8000000)
  eden space 87424K, 100% used [0x00000000e0000000, 0x00000000e5560000, 0x00000000e5560000)
  from space 21824K,  45% used [0x00000000e6ab0000, 0x00000000e746cf80, 0x00000000e8000000)
  to   space 21824K,   0% used [0x00000000e5560000, 0x00000000e5560000, 0x00000000e6ab0000)
 concurrent mark-sweep generation total 393216K, used 163872K [0x00000000e8000000, 0x0000000100000000, 0x0000000100000000)
 Metaspace       used 31541K, capacity 31900K, committed 32276K, reserved 1077248K
  class space    used 3649K, capacity 3780K, committed 3864K, reserved 1048576K
2015-09-09T14:20:09.747+0200: 10476.722: [GC (Allocation Failure) 10476.722: [ParNew
Desired survivor size 20112992 bytes, new threshold 8 (max 8)
- age   1:    1627232 bytes,    1627232 total
- age   2:      88552 bytes,    1715784 total
- age   3:    1713600 bytes,    3429384 total
- age   4:    2420792 bytes,    5850176 total
- age   5:     633648 bytes,    6483824 total
- age   6:    1069576 bytes,    7553400 total
- age   7:     545032 bytes,    8098432 total
- age   8:        600 bytes,    8099032 total
: 97395K->9396K(109248K), 0.0071014 secs] 261268K->173269K(502464K), 0.0071571 secs] [Times: user=0.02 sys=0.00, real=0.01 secs] 
Heap after GC invocations=110 (full 4):
 par new generation   total 109248K, used 9396K [0x00000000e0000000, 0x00000000e8000000, 0x00000000e8000000)
  eden space 87424K,   0% used [0x00000000e0000000, 0x00000000e0000000, 0x00000000e5560000)
  from space 21824K,  43% used [0x00000000e5560000, 0x00000000e5e8d0b0, 0x00000000e6ab0000)
  to   space 21824K,   0% used [0x00000000e6ab0000, 0x00000000e6ab0000, 0x00000000e8000000)
 concurrent mark-sweep generation total 393216K, used 163873K [0x00000000e8000000, 0x0000000100000000, 0x0000000100000000)
 Metaspace       used 31541K, capacity 31900K, committed 32276K, reserved 1077248K
  class space    used 3649K, capacity 3780K, committed 3864K, reserved 1048576K
}
2015-09-09T14:20:09.754+0200: 10476.729: Total time for which application threads were stopped: 0.0072943 seconds, Stopping threads took: 0.0000192 seconds
2015-09-09T14:20:09.755+0200: 10476.729: Total time for which application threads were stopped: 0.0000659 seconds, Stopping threads took: 0.0000157 seconds
2015-09-09T14:20:09.755+0200: 10476.729: Total time for which application threads were stopped: 0.0000480 seconds, Stopping threads took: 0.0000109 seconds
2015-09-09T14:20:09.755+0200: 10476.729: Total time for which application threads were stopped: 0.0000349 seconds, Stopping threads took: 0.0000096 seconds
2015-09-09T14:20:09.758+0200: 10476.733: Total time for which application threads were stopped: 0.0000925 seconds, Stopping threads took: 0.0000253 seconds
2015-09-09T14:20:09.760+0200: 10476.734: Total time for which application threads were stopped: 0.0000880 seconds, Stopping threads took: 0.0000470 seconds
2015-09-09T14:20:09.761+0200: 10476.736: Total time for which application threads were stopped: 0.0000547 seconds, Stopping threads took: 0.0000115 seconds
2015-09-09T14:20:09.762+0200: 10476.737: Total time for which application threads were stopped: 0.0000480 seconds, Stopping threads took: 0.0000106 seconds
2015-09-09T14:20:09.762+0200: 10476.737: Total time for which application threads were stopped: 0.0000429 seconds, Stopping threads took: 0.0000173 seconds
2015-09-09T14:20:09.764+0200: 10476.739: Total time for which application threads were stopped: 0.0000490 seconds, Stopping threads took: 0.0000189 seconds
2015-09-09T14:20:09.764+0200: 10476.739: Total time for which application threads were stopped: 0.0000413 seconds, Stopping threads took: 0.0000170 seconds
2015-09-09T14:20:09.765+0200: 10476.739: Total time for which application threads were stopped: 0.0000333 seconds, Stopping threads took: 0.0000074 seconds
2015-09-09T14:20:10.765+0200: 10477.739: Total time for which application threads were stopped: 0.0000800 seconds, Stopping threads took: 0.0000246 seconds
2015-09-09T14:20:22.266+0200: 10489.240: Total time for which application threads were stopped: 0.0000563 seconds, Stopping threads took: 0.0000125 seconds
2015-09-09T14:20:22.266+0200: 10489.240: Total time for which application threads were stopped: 0.0000262 seconds, Stopping threads took: 0.0000054 seconds
2015-09-09T14:20:22.266+0200: 10489.240: Total time for which application threads were stopped: 0.0000378 seconds, Stopping threads took: 0.0000157 seconds
2015-09-09T14:20:22.267+0200: 10489.241: Total time for which application threads were stopped: 0.0000442 seconds, Stopping threads took: 0.0000122 seconds
2015-09-09T14:20:22.267+0200: 10489.241: Total time for which application threads were stopped: 0.0000451 seconds, Stopping threads took: 0.0000096 seconds
2015-09-09T14:20:22.584+0200: 10489.558: Total time for which application threads were stopped: 0.0000672 seconds, Stopping threads took: 0.0000115 seconds
2015-09-09T14:20:22.584+0200: 10489.558: Total time for which application threads were stopped: 0.0000227 seconds, Stopping threads took: 0.0000045 seconds
2015-09-09T14:20:22.585+0200: 10489.559: Total time for which application threads were stopped: 0.0000291 seconds, Stopping threads took: 0.0000058 seconds
2015-09-09T14:20:22.595+0200: 10489.569: Total time for which application threads were stopped: 0.0000685 seconds, Stopping threads took: 0.0000218 seconds
2015-09-09T14:20:36.519+0200: 10503.493: Total time for which application threads were stopped: 0.0000704 seconds, Stopping threads took: 0.0000224 seconds
2015-09-09T14:20:36.519+0200: 10503.493: Total time for which application threads were stopped: 0.0001082 seconds, Stopping threads took: 0.0000656 seconds
2015-09-09T14:20:36.522+0200: 10503.496: Total time for which application threads were stopped: 0.0000653 seconds, Stopping threads took: 0.0000234 seconds
2015-09-09T14:20:37.522+0200: 10504.496: Total time for which application threads were stopped: 0.0001155 seconds, Stopping threads took: 0.0000269 seconds
2015-09-09T14:20:40.850+0200: 10507.824: Total time for which application threads were stopped: 0.0001021 seconds, Stopping threads took: 0.0000224 seconds
2015-09-09T14:20:40.851+0200: 10507.826: Total time for which application threads were stopped: 0.0000694 seconds, Stopping threads took: 0.0000173 seconds
2015-09-09T14:20:40.852+0200: 10507.826: Total time for which application threads were stopped: 0.0000525 seconds, Stopping threads took: 0.0000115 seconds
2015-09-09T14:20:40.852+0200: 10507.826: Total time for which application threads were stopped: 0.0000461 seconds, Stopping threads took: 0.0000090 seconds
2015-09-09T14:20:40.852+0200: 10507.826: Total time for which application threads were stopped: 0.0000282 seconds, Stopping threads took: 0.0000061 seconds
2015-09-09T14:20:40.852+0200: 10507.827: Total time for which application threads were stopped: 0.0000237 seconds, Stopping threads took: 0.0000048 seconds
2015-09-09T14:20:40.852+0200: 10507.827: Total time for which application threads were stopped: 0.0000550 seconds, Stopping threads took: 0.0000269 seconds
2015-09-09T14:20:40.853+0200: 10507.827: Total time for which application threads were stopped: 0.0000346 seconds, Stopping threads took: 0.0000125 seconds
2015-09-09T14:20:40.853+0200: 10507.827: Total time for which application threads were stopped: 0.0000438 seconds, Stopping threads took: 0.0000198 seconds
2015-09-09T14:20:40.854+0200: 10507.828: Total time for which application threads were stopped: 0.0000432 seconds, Stopping threads took: 0.0000099 seconds
2015-09-09T14:20:40.854+0200: 10507.828: Total time for which application threads were stopped: 0.0001302 seconds, Stopping threads took: 0.0000704 seconds
2015-09-09T14:20:40.854+0200: 10507.829: Total time for which application threads were stopped: 0.0000560 seconds, Stopping threads took: 0.0000182 seconds
2015-09-09T14:20:40.855+0200: 10507.829: Total time for which application threads were stopped: 0.0000464 seconds, Stopping threads took: 0.0000173 seconds
2015-09-09T14:20:40.855+0200: 10507.829: Total time for which application threads were stopped: 0.0000285 seconds, Stopping threads took: 0.0000042 seconds
2015-09-09T14:20:40.855+0200: 10507.829: Total time for which application threads were stopped: 0.0000282 seconds, Stopping threads took: 0.0000038 seconds
2015-09-09T14:20:40.855+0200: 10507.829: Total time for which application threads were stopped: 0.0000326 seconds, Stopping threads took: 0.0000070 seconds
2015-09-09T14:20:40.855+0200: 10507.829: Total time for which application threads were stopped: 0.0000237 seconds, Stopping threads took: 0.0000054 seconds
2015-09-09T14:20:42.766+0200: 10509.740: Total time for which application threads were stopped: 0.0000579 seconds, Stopping threads took: 0.0000150 seconds
2015-09-09T14:20:42.766+0200: 10509.740: Total time for which application threads were stopped: 0.0000346 seconds, Stopping threads took: 0.0000080 seconds
2015-09-09T14:20:42.767+0200: 10509.741: Total time for which application threads were stopped: 0.0000534 seconds, Stopping threads took: 0.0000128 seconds
2015-09-09T14:20:42.767+0200: 10509.742: Total time for which application threads were stopped: 0.0000422 seconds, Stopping threads took: 0.0000150 seconds
2015-09-09T14:20:42.767+0200: 10509.742: Total time for which application threads were stopped: 0.0000336 seconds, Stopping threads took: 0.0000125 seconds
2015-09-09T14:20:42.768+0200: 10509.742: Total time for which application threads were stopped: 0.0000378 seconds, Stopping threads took: 0.0000074 seconds
2015-09-09T14:20:42.768+0200: 10509.743: Total time for which application threads were stopped: 0.0003440 seconds, Stopping threads took: 0.0003094 seconds
2015-09-09T14:20:42.769+0200: 10509.744: Total time for which application threads were stopped: 0.0000800 seconds, Stopping threads took: 0.0000208 seconds
2015-09-09T14:20:42.770+0200: 10509.744: Total time for which application threads were stopped: 0.0000621 seconds, Stopping threads took: 0.0000160 seconds
2015-09-09T14:20:43.771+0200: 10510.745: Total time for which application threads were stopped: 0.0000621 seconds, Stopping threads took: 0.0000227 seconds
2015-09-09T14:20:44.717+0200: 10511.692: Total time for which application threads were stopped: 0.0000688 seconds, Stopping threads took: 0.0000179 seconds
2015-09-09T14:20:44.718+0200: 10511.692: Total time for which application threads were stopped: 0.0000282 seconds, Stopping threads took: 0.0000077 seconds
2015-09-09T14:20:44.719+0200: 10511.693: Total time for which application threads were stopped: 0.0001322 seconds, Stopping threads took: 0.0000640 seconds
2015-09-09T14:20:45.719+0200: 10512.693: Total time for which application threads were stopped: 0.0000810 seconds, Stopping threads took: 0.0000237 seconds
2015-09-09T14:20:46.794+0200: 10513.768: Total time for which application threads were stopped: 0.0000611 seconds, Stopping threads took: 0.0000157 seconds
2015-09-09T14:20:46.794+0200: 10513.769: Total time for which application threads were stopped: 0.0000310 seconds, Stopping threads took: 0.0000090 seconds
2015-09-09T14:20:46.794+0200: 10513.769: Total time for which application threads were stopped: 0.0000256 seconds, Stopping threads took: 0.0000093 seconds
2015-09-09T14:20:46.794+0200: 10513.769: Total time for which application threads were stopped: 0.0000259 seconds, Stopping threads took: 0.0000058 seconds
2015-09-09T14:20:46.794+0200: 10513.769: Total time for which application threads were stopped: 0.0000298 seconds, Stopping threads took: 0.0000070 seconds
2015-09-09T14:20:46.794+0200: 10513.769: Total time for which application threads were stopped: 0.0000227 seconds, Stopping threads took: 0.0000058 seconds
2015-09-09T14:20:46.795+0200: 10513.769: Total time for which application threads were stopped: 0.0000410 seconds, Stopping threads took: 0.0000093 seconds
2015-09-09T14:20:46.795+0200: 10513.769: Total time for which application threads were stopped: 0.0000432 seconds, Stopping threads took: 0.0000086 seconds
2015-09-09T14:20:46.795+0200: 10513.769: Total time for which application threads were stopped: 0.0000451 seconds, Stopping threads took: 0.0000218 seconds
2015-09-09T14:20:46.795+0200: 10513.769: Total time for which application threads were stopped: 0.0000275 seconds, Stopping threads took: 0.0000086 seconds
2015-09-09T14:20:46.795+0200: 10513.770: Total time for which application threads were stopped: 0.0000410 seconds, Stopping threads took: 0.0000115 seconds
2015-09-09T14:20:46.795+0200: 10513.770: Total time for which application threads were stopped: 0.0000390 seconds, Stopping threads took: 0.0000112 seconds
2015-09-09T14:20:47.795+0200: 10514.769: Total time for which application threads were stopped: 0.0001053 seconds, Stopping threads took: 0.0000250 seconds
2015-09-09T14:20:54.725+0200: 10521.699: Total time for which application threads were stopped: 0.0005165 seconds, Stopping threads took: 0.0000173 seconds
2015-09-09T14:20:54.725+0200: 10521.699: Total time for which application threads were stopped: 0.0000371 seconds, Stopping threads took: 0.0000067 seconds
2015-09-09T14:20:54.726+0200: 10521.700: Total time for which application threads were stopped: 0.0004051 seconds, Stopping threads took: 0.0000064 seconds
2015-09-09T14:20:54.728+0200: 10521.701: Total time for which application threads were stopped: 0.0000595 seconds, Stopping threads took: 0.0000086 seconds
2015-09-09T14:20:54.728+0200: 10521.702: Total time for which application threads were stopped: 0.0000528 seconds, Stopping threads took: 0.0000051 seconds
2015-09-09T14:20:54.728+0200: 10521.702: Total time for which application threads were stopped: 0.0000346 seconds, Stopping threads took: 0.0000051 seconds
2015-09-09T14:20:54.728+0200: 10521.702: Total time for which application threads were stopped: 0.0000352 seconds, Stopping threads took: 0.0000070 seconds
2015-09-09T14:20:54.729+0200: 10521.702: Total time for which application threads were stopped: 0.0000666 seconds, Stopping threads took: 0.0000189 seconds
2015-09-09T14:20:54.732+0200: 10521.706: Total time for which application threads were stopped: 0.0000810 seconds, Stopping threads took: 0.0000560 seconds
2015-09-09T14:20:54.732+0200: 10521.706: Total time for which application threads were stopped: 0.0000294 seconds, Stopping threads took: 0.0000144 seconds
2015-09-09T14:20:54.732+0200: 10521.706: Total time for which application threads were stopped: 0.0000262 seconds, Stopping threads took: 0.0000134 seconds
2015-09-09T14:20:54.733+0200: 10521.706: Total time for which application threads were stopped: 0.0000173 seconds, Stopping threads took: 0.0000058 seconds
2015-09-09T14:20:54.733+0200: 10521.706: Total time for which application threads were stopped: 0.0000182 seconds, Stopping threads took: 0.0000054 seconds
Heap
 par new generation   total 109248K, used 25049K [0x00000000e0000000, 0x00000000e8000000, 0x00000000e8000000)
  eden space 87424K,  17% used [0x00000000e0000000, 0x00000000e0f49488, 0x00000000e5560000)
  from space 21824K,  43% used [0x00000000e5560000, 0x00000000e5e8d0b0, 0x00000000e6ab0000)
  to   space 21824K,   0% used [0x00000000e6ab0000, 0x00000000e6ab0000, 0x00000000e8000000)
 concurrent mark-sweep generation total 393216K, used 163873K [0x00000000e8000000, 0x0000000100000000, 0x0000000100000000)
 Metaspace       used 31654K, capacity 32078K, committed 32276K, reserved 1077248K
  class space    used 3660K, capacity 3815K, committed 3864K, reserved 1048576K
