Java HotSpot(TM) 64-Bit Server VM (25.45-b02) for windows-amd64 JRE (1.8.0_45-b15), built on Apr 30 2015 12:40:44 by "java_re" with MS VC++ 10.0 (VS2010)
Memory: 4k page, physical 8247616k(5042440k free), swap 16493392k(12828672k free)
CommandLine flags: -XX:CMSInitiatingOccupancyFraction=50 -XX:CMSMaxAbortablePrecleanTime=6000 -XX:+CMSParallelRemarkEnabled -XX:+CMSScavengeBeforeRemark -XX:ConcGCThreads=4 -XX:InitialHeapSize=536870912 -XX:MaxHeapSize=536870912 -XX:MaxTenuringThreshold=8 -XX:NewRatio=3 -XX:OldPLABSize=16 -XX:ParallelGCThreads=4 -XX:+ParallelRefProcEnabled -XX:PretenureSizeThreshold=67108864 -XX:+PrintGC -XX:+PrintGCApplicationStoppedTime -XX:+PrintGCDateStamps -XX:+PrintGCDetails -XX:+PrintGCTimeStamps -XX:+PrintHeapAtGC -XX:+PrintTenuringDistribution -XX:SurvivorRatio=4 -XX:TargetSurvivorRatio=90 -XX:ThreadStackSize=256 -XX:+UseCMSInitiatingOccupancyOnly -XX:+UseCompressedClassPointers -XX:+UseCompressedOops -XX:+UseConcMarkSweepGC -XX:-UseLargePagesIndividualAllocation -XX:+UseParNewGC 
2015-09-09T11:10:46.505+0200: 0.091: Total time for which application threads were stopped: 0.0000646 seconds, Stopping threads took: 0.0000128 seconds
2015-09-09T11:10:46.635+0200: 0.220: Total time for which application threads were stopped: 0.0001149 seconds, Stopping threads took: 0.0000150 seconds
2015-09-09T11:10:46.643+0200: 0.228: Total time for which application threads were stopped: 0.0001696 seconds, Stopping threads took: 0.0000125 seconds
2015-09-09T11:10:46.760+0200: 0.346: Total time for which application threads were stopped: 0.0001085 seconds, Stopping threads took: 0.0000102 seconds
2015-09-09T11:10:46.796+0200: 0.382: Total time for which application threads were stopped: 0.0001184 seconds, Stopping threads took: 0.0000125 seconds
2015-09-09T11:10:46.811+0200: 0.397: Total time for which application threads were stopped: 0.0001258 seconds, Stopping threads took: 0.0000141 seconds
2015-09-09T11:10:46.818+0200: 0.404: Total time for which application threads were stopped: 0.0001107 seconds, Stopping threads took: 0.0000138 seconds
{Heap before GC invocations=0 (full 0):
 par new generation   total 109248K, used 87424K [0x00000000e0000000, 0x00000000e8000000, 0x00000000e8000000)
  eden space 87424K, 100% used [0x00000000e0000000, 0x00000000e5560000, 0x00000000e5560000)
  from space 21824K,   0% used [0x00000000e5560000, 0x00000000e5560000, 0x00000000e6ab0000)
  to   space 21824K,   0% used [0x00000000e6ab0000, 0x00000000e6ab0000, 0x00000000e8000000)
 concurrent mark-sweep generation total 393216K, used 0K [0x00000000e8000000, 0x0000000100000000, 0x0000000100000000)
 Metaspace       used 9814K, capacity 10024K, committed 10240K, reserved 1058816K
  class space    used 1158K, capacity 1212K, committed 1280K, reserved 1048576K
2015-09-09T11:10:47.014+0200: 0.600: [GC (Allocation Failure) 0.600: [ParNew
Desired survivor size 20112992 bytes, new threshold 8 (max 8)
- age   1:    5454952 bytes,    5454952 total
: 87424K->5387K(109248K), 0.0176610 secs] 87424K->5387K(502464K), 0.0178219 secs] [Times: user=0.13 sys=0.00, real=0.02 secs] 
Heap after GC invocations=1 (full 0):
 par new generation   total 109248K, used 5387K [0x00000000e0000000, 0x00000000e8000000, 0x00000000e8000000)
  eden space 87424K,   0% used [0x00000000e0000000, 0x00000000e0000000, 0x00000000e5560000)
  from space 21824K,  24% used [0x00000000e6ab0000, 0x00000000e6ff2fc8, 0x00000000e8000000)
  to   space 21824K,   0% used [0x00000000e5560000, 0x00000000e5560000, 0x00000000e6ab0000)
 concurrent mark-sweep generation total 393216K, used 0K [0x00000000e8000000, 0x0000000100000000, 0x0000000100000000)
 Metaspace       used 9814K, capacity 10024K, committed 10240K, reserved 1058816K
  class space    used 1158K, capacity 1212K, committed 1280K, reserved 1048576K
}
2015-09-09T11:10:47.032+0200: 0.617: Total time for which application threads were stopped: 0.0180443 seconds, Stopping threads took: 0.0000502 seconds
2015-09-09T11:10:47.118+0200: 0.704: Total time for which application threads were stopped: 0.0001347 seconds, Stopping threads took: 0.0000115 seconds
2015-09-09T11:10:47.310+0200: 0.896: Total time for which application threads were stopped: 0.0001818 seconds, Stopping threads took: 0.0000128 seconds
2015-09-09T11:10:47.311+0200: 0.897: Total time for which application threads were stopped: 0.0000806 seconds, Stopping threads took: 0.0000170 seconds
2015-09-09T11:10:47.313+0200: 0.899: Total time for which application threads were stopped: 0.0000870 seconds, Stopping threads took: 0.0000070 seconds
2015-09-09T11:10:47.830+0200: 1.416: Total time for which application threads were stopped: 0.0002096 seconds, Stopping threads took: 0.0000333 seconds
2015-09-09T11:10:47.852+0200: 1.438: Total time for which application threads were stopped: 0.0001914 seconds, Stopping threads took: 0.0000330 seconds
2015-09-09T11:10:48.852+0200: 2.437: Total time for which application threads were stopped: 0.0000694 seconds, Stopping threads took: 0.0000259 seconds
2015-09-09T11:10:50.642+0200: 4.228: Total time for which application threads were stopped: 0.0001773 seconds, Stopping threads took: 0.0000246 seconds
{Heap before GC invocations=1 (full 0):
 par new generation   total 109248K, used 92811K [0x00000000e0000000, 0x00000000e8000000, 0x00000000e8000000)
  eden space 87424K, 100% used [0x00000000e0000000, 0x00000000e5560000, 0x00000000e5560000)
  from space 21824K,  24% used [0x00000000e6ab0000, 0x00000000e6ff2fc8, 0x00000000e8000000)
  to   space 21824K,   0% used [0x00000000e5560000, 0x00000000e5560000, 0x00000000e6ab0000)
 concurrent mark-sweep generation total 393216K, used 0K [0x00000000e8000000, 0x0000000100000000, 0x0000000100000000)
 Metaspace       used 19485K, capacity 19812K, committed 19968K, reserved 1067008K
  class space    used 2415K, capacity 2516K, committed 2560K, reserved 1048576K
2015-09-09T11:10:51.765+0200: 5.351: [GC (Allocation Failure) 5.351: [ParNew
Desired survivor size 20112992 bytes, new threshold 8 (max 8)
- age   1:    8426480 bytes,    8426480 total
- age   2:    2496384 bytes,   10922864 total
: 92811K->12023K(109248K), 0.0079078 secs] 92811K->12023K(502464K), 0.0080140 secs] [Times: user=0.00 sys=0.00, real=0.01 secs] 
Heap after GC invocations=2 (full 0):
 par new generation   total 109248K, used 12023K [0x00000000e0000000, 0x00000000e8000000, 0x00000000e8000000)
  eden space 87424K,   0% used [0x00000000e0000000, 0x00000000e0000000, 0x00000000e5560000)
  from space 21824K,  55% used [0x00000000e5560000, 0x00000000e611dca0, 0x00000000e6ab0000)
  to   space 21824K,   0% used [0x00000000e6ab0000, 0x00000000e6ab0000, 0x00000000e8000000)
 concurrent mark-sweep generation total 393216K, used 0K [0x00000000e8000000, 0x0000000100000000, 0x0000000100000000)
 Metaspace       used 19485K, capacity 19812K, committed 19968K, reserved 1067008K
  class space    used 2415K, capacity 2516K, committed 2560K, reserved 1048576K
}
2015-09-09T11:10:51.773+0200: 5.359: Total time for which application threads were stopped: 0.0081321 seconds, Stopping threads took: 0.0000122 seconds
2015-09-09T11:10:52.773+0200: 6.359: Total time for which application threads were stopped: 0.0000736 seconds, Stopping threads took: 0.0000256 seconds
2015-09-09T11:10:57.379+0200: 10.965: Total time for which application threads were stopped: 0.0000512 seconds, Stopping threads took: 0.0000138 seconds
2015-09-09T11:10:57.379+0200: 10.965: Total time for which application threads were stopped: 0.0000224 seconds, Stopping threads took: 0.0000054 seconds
2015-09-09T11:10:57.390+0200: 10.975: Total time for which application threads were stopped: 0.0000426 seconds, Stopping threads took: 0.0000112 seconds
2015-09-09T11:10:57.410+0200: 10.995: Total time for which application threads were stopped: 0.0000614 seconds, Stopping threads took: 0.0000134 seconds
2015-09-09T11:10:57.410+0200: 10.995: Total time for which application threads were stopped: 0.0000352 seconds, Stopping threads took: 0.0000160 seconds
2015-09-09T11:10:57.410+0200: 10.995: Total time for which application threads were stopped: 0.0000365 seconds, Stopping threads took: 0.0000160 seconds
2015-09-09T11:10:57.414+0200: 10.999: Total time for which application threads were stopped: 0.0000541 seconds, Stopping threads took: 0.0000131 seconds
2015-09-09T11:10:57.414+0200: 10.999: Total time for which application threads were stopped: 0.0000410 seconds, Stopping threads took: 0.0000096 seconds
2015-09-09T11:10:57.415+0200: 11.000: Total time for which application threads were stopped: 0.0000474 seconds, Stopping threads took: 0.0000128 seconds
2015-09-09T11:10:57.415+0200: 11.000: Total time for which application threads were stopped: 0.0000214 seconds, Stopping threads took: 0.0000061 seconds
2015-09-09T11:10:57.415+0200: 11.001: Total time for which application threads were stopped: 0.0000518 seconds, Stopping threads took: 0.0000301 seconds
2015-09-09T11:10:57.418+0200: 11.004: Total time for which application threads were stopped: 0.0000486 seconds, Stopping threads took: 0.0000109 seconds
2015-09-09T11:10:57.419+0200: 11.004: Total time for which application threads were stopped: 0.0000278 seconds, Stopping threads took: 0.0000064 seconds
2015-09-09T11:10:57.499+0200: 11.085: Total time for which application threads were stopped: 0.0000512 seconds, Stopping threads took: 0.0000173 seconds
2015-09-09T11:10:57.499+0200: 11.085: Total time for which application threads were stopped: 0.0000259 seconds, Stopping threads took: 0.0000074 seconds
2015-09-09T11:10:57.500+0200: 11.085: Total time for which application threads were stopped: 0.0000285 seconds, Stopping threads took: 0.0000070 seconds
2015-09-09T11:10:57.510+0200: 11.096: Total time for which application threads were stopped: 0.0001910 seconds, Stopping threads took: 0.0000115 seconds
2015-09-09T11:10:57.558+0200: 11.144: Total time for which application threads were stopped: 0.0001152 seconds, Stopping threads took: 0.0000128 seconds
2015-09-09T11:10:57.611+0200: 11.196: Total time for which application threads were stopped: 0.0002221 seconds, Stopping threads took: 0.0000202 seconds
2015-09-09T11:10:57.628+0200: 11.213: Total time for which application threads were stopped: 0.0002074 seconds, Stopping threads took: 0.0000157 seconds
2015-09-09T11:10:57.676+0200: 11.261: Total time for which application threads were stopped: 0.0002848 seconds, Stopping threads took: 0.0000230 seconds
2015-09-09T11:10:57.685+0200: 11.270: Total time for which application threads were stopped: 0.0000640 seconds, Stopping threads took: 0.0000160 seconds
{Heap before GC invocations=2 (full 0):
 par new generation   total 109248K, used 99447K [0x00000000e0000000, 0x00000000e8000000, 0x00000000e8000000)
  eden space 87424K, 100% used [0x00000000e0000000, 0x00000000e5560000, 0x00000000e5560000)
  from space 21824K,  55% used [0x00000000e5560000, 0x00000000e611dca0, 0x00000000e6ab0000)
  to   space 21824K,   0% used [0x00000000e6ab0000, 0x00000000e6ab0000, 0x00000000e8000000)
 concurrent mark-sweep generation total 393216K, used 0K [0x00000000e8000000, 0x0000000100000000, 0x0000000100000000)
 Metaspace       used 21071K, capacity 21418K, committed 21628K, reserved 1069056K
  class space    used 2574K, capacity 2709K, committed 2764K, reserved 1048576K
2015-09-09T11:10:57.723+0200: 11.309: [GC (Allocation Failure) 11.309: [ParNew
Desired survivor size 20112992 bytes, new threshold 8 (max 8)
- age   1:    3111464 bytes,    3111464 total
- age   2:    2609488 bytes,    5720952 total
- age   3:    2492840 bytes,    8213792 total
: 99447K->11073K(109248K), 0.0048028 secs] 99447K->11073K(502464K), 0.0048569 secs] [Times: user=0.00 sys=0.00, real=0.00 secs] 
Heap after GC invocations=3 (full 0):
 par new generation   total 109248K, used 11073K [0x00000000e0000000, 0x00000000e8000000, 0x00000000e8000000)
  eden space 87424K,   0% used [0x00000000e0000000, 0x00000000e0000000, 0x00000000e5560000)
  from space 21824K,  50% used [0x00000000e6ab0000, 0x00000000e7580610, 0x00000000e8000000)
  to   space 21824K,   0% used [0x00000000e5560000, 0x00000000e5560000, 0x00000000e6ab0000)
 concurrent mark-sweep generation total 393216K, used 0K [0x00000000e8000000, 0x0000000100000000, 0x0000000100000000)
 Metaspace       used 21071K, capacity 21418K, committed 21628K, reserved 1069056K
  class space    used 2574K, capacity 2709K, committed 2764K, reserved 1048576K
}
2015-09-09T11:10:57.728+0200: 11.313: Total time for which application threads were stopped: 0.0050220 seconds, Stopping threads took: 0.0000170 seconds
2015-09-09T11:10:57.728+0200: 11.314: [GC (CMS Initial Mark) [1 CMS-initial-mark: 0K(393216K)] 12787K(502464K), 0.0016694 secs] [Times: user=0.00 sys=0.00, real=0.00 secs] 
2015-09-09T11:10:57.730+0200: 11.315: Total time for which application threads were stopped: 0.0017405 seconds, Stopping threads took: 0.0000176 seconds
2015-09-09T11:10:57.730+0200: 11.315: [CMS-concurrent-mark-start]
2015-09-09T11:10:57.739+0200: 11.324: [CMS-concurrent-mark: 0.008/0.008 secs] [Times: user=0.06 sys=0.00, real=0.01 secs] 
2015-09-09T11:10:57.739+0200: 11.324: Total time for which application threads were stopped: 0.0000730 seconds, Stopping threads took: 0.0000214 seconds
2015-09-09T11:10:57.739+0200: 11.324: [CMS-concurrent-preclean-start]
2015-09-09T11:10:57.739+0200: 11.325: [CMS-concurrent-preclean: 0.001/0.001 secs] [Times: user=0.00 sys=0.00, real=0.00 secs] 
2015-09-09T11:10:57.739+0200: 11.325: [CMS-concurrent-abortable-preclean-start]
2015-09-09T11:10:57.741+0200: 11.326: Total time for which application threads were stopped: 0.0000611 seconds, Stopping threads took: 0.0000160 seconds
2015-09-09T11:10:57.742+0200: 11.327: Total time for which application threads were stopped: 0.0000698 seconds, Stopping threads took: 0.0000131 seconds
2015-09-09T11:10:57.742+0200: 11.327: Total time for which application threads were stopped: 0.0000458 seconds, Stopping threads took: 0.0000061 seconds
2015-09-09T11:10:57.788+0200: 11.373: Total time for which application threads were stopped: 0.0000598 seconds, Stopping threads took: 0.0000118 seconds
2015-09-09T11:10:57.798+0200: 11.383: Total time for which application threads were stopped: 0.0000525 seconds, Stopping threads took: 0.0000122 seconds
2015-09-09T11:10:57.808+0200: 11.393: Total time for which application threads were stopped: 0.0000774 seconds, Stopping threads took: 0.0000227 seconds
2015-09-09T11:10:57.819+0200: 11.404: Total time for which application threads were stopped: 0.0000723 seconds, Stopping threads took: 0.0000170 seconds
2015-09-09T11:10:57.819+0200: 11.404: [CMS-concurrent-abortable-preclean: 0.057/0.080 secs] [Times: user=0.25 sys=0.02, real=0.08 secs] 
2015-09-09T11:10:57.819+0200: 11.404: [GC (CMS Final Remark) [YG occupancy: 61933 K (109248 K)]{Heap before GC invocations=3 (full 1):
 par new generation   total 109248K, used 61933K [0x00000000e0000000, 0x00000000e8000000, 0x00000000e8000000)
  eden space 87424K,  58% used [0x00000000e0000000, 0x00000000e31aae40, 0x00000000e5560000)
  from space 21824K,  50% used [0x00000000e6ab0000, 0x00000000e7580610, 0x00000000e8000000)
  to   space 21824K,   0% used [0x00000000e5560000, 0x00000000e5560000, 0x00000000e6ab0000)
 concurrent mark-sweep generation total 393216K, used 0K [0x00000000e8000000, 0x0000000100000000, 0x0000000100000000)
 Metaspace       used 21856K, capacity 22230K, committed 22548K, reserved 1069056K
  class space    used 2674K, capacity 2807K, committed 2840K, reserved 1048576K
2015-09-09T11:10:57.819+0200: 11.404: [GC (CMS Final Remark) 11.404: [ParNew
Desired survivor size 20112992 bytes, new threshold 8 (max 8)
- age   1:     820208 bytes,     820208 total
- age   2:    1682576 bytes,    2502784 total
- age   3:    2609104 bytes,    5111888 total
- age   4:    2492816 bytes,    7604704 total
: 61933K->9139K(109248K), 0.0044000 secs] 61933K->9139K(502464K), 0.0044371 secs] [Times: user=0.00 sys=0.00, real=0.00 secs] 
Heap after GC invocations=4 (full 1):
 par new generation   total 109248K, used 9139K [0x00000000e0000000, 0x00000000e8000000, 0x00000000e8000000)
  eden space 87424K,   0% used [0x00000000e0000000, 0x00000000e0000000, 0x00000000e5560000)
  from space 21824K,  41% used [0x00000000e5560000, 0x00000000e5e4ce60, 0x00000000e6ab0000)
  to   space 21824K,   0% used [0x00000000e6ab0000, 0x00000000e6ab0000, 0x00000000e8000000)
 concurrent mark-sweep generation total 393216K, used 0K [0x00000000e8000000, 0x0000000100000000, 0x0000000100000000)
 Metaspace       used 21856K, capacity 22230K, committed 22548K, reserved 1069056K
  class space    used 2674K, capacity 2807K, committed 2840K, reserved 1048576K
}
11.409: [Rescan (parallel) , 0.0016051 secs]11.410: [weak refs processing, 0.0002221 secs]11.410: [class unloading, 0.0023753 secs]11.413: [scrub symbol table, 0.0029961 secs]11.416: [scrub string table, 0.0002240 secs][1 CMS-remark: 0K(393216K)] 9139K(502464K), 0.0125480 secs] [Times: user=0.02 sys=0.00, real=0.01 secs] 
2015-09-09T11:10:57.831+0200: 11.417: Total time for which application threads were stopped: 0.0126146 seconds, Stopping threads took: 0.0000170 seconds
2015-09-09T11:10:57.832+0200: 11.417: [CMS-concurrent-sweep-start]
2015-09-09T11:10:57.832+0200: 11.417: [CMS-concurrent-sweep: 0.000/0.000 secs] [Times: user=0.00 sys=0.00, real=0.00 secs] 
2015-09-09T11:10:57.832+0200: 11.417: [CMS-concurrent-reset-start]
2015-09-09T11:10:57.833+0200: 11.418: [CMS-concurrent-reset: 0.001/0.001 secs] [Times: user=0.00 sys=0.00, real=0.00 secs] 
2015-09-09T11:10:57.834+0200: 11.419: Total time for which application threads were stopped: 0.0000835 seconds, Stopping threads took: 0.0000282 seconds
2015-09-09T11:10:57.834+0200: 11.419: Total time for which application threads were stopped: 0.0000509 seconds, Stopping threads took: 0.0000166 seconds
2015-09-09T11:10:57.907+0200: 11.493: Total time for which application threads were stopped: 0.0000755 seconds, Stopping threads took: 0.0000150 seconds
2015-09-09T11:10:57.913+0200: 11.498: Total time for which application threads were stopped: 0.0000726 seconds, Stopping threads took: 0.0000192 seconds
2015-09-09T11:10:57.914+0200: 11.499: Total time for which application threads were stopped: 0.0000602 seconds, Stopping threads took: 0.0000170 seconds
2015-09-09T11:10:57.915+0200: 11.500: Total time for which application threads were stopped: 0.0000522 seconds, Stopping threads took: 0.0000109 seconds
2015-09-09T11:10:57.915+0200: 11.501: Total time for which application threads were stopped: 0.0000605 seconds, Stopping threads took: 0.0000099 seconds
2015-09-09T11:10:57.980+0200: 11.565: Total time for which application threads were stopped: 0.0003024 seconds, Stopping threads took: 0.0000157 seconds
2015-09-09T11:10:58.067+0200: 11.652: Total time for which application threads were stopped: 0.0003107 seconds, Stopping threads took: 0.0000147 seconds
2015-09-09T11:10:58.078+0200: 11.663: Total time for which application threads were stopped: 0.0002512 seconds, Stopping threads took: 0.0000122 seconds
2015-09-09T11:10:58.126+0200: 11.712: Total time for which application threads were stopped: 0.0000726 seconds, Stopping threads took: 0.0000192 seconds
{Heap before GC invocations=4 (full 1):
 par new generation   total 109248K, used 96563K [0x00000000e0000000, 0x00000000e8000000, 0x00000000e8000000)
  eden space 87424K, 100% used [0x00000000e0000000, 0x00000000e5560000, 0x00000000e5560000)
  from space 21824K,  41% used [0x00000000e5560000, 0x00000000e5e4ce60, 0x00000000e6ab0000)
  to   space 21824K,   0% used [0x00000000e6ab0000, 0x00000000e6ab0000, 0x00000000e8000000)
 concurrent mark-sweep generation total 393216K, used 0K [0x00000000e8000000, 0x0000000100000000, 0x0000000100000000)
 Metaspace       used 24366K, capacity 24710K, committed 24980K, reserved 1071104K
  class space    used 2962K, capacity 3099K, committed 3224K, reserved 1048576K
2015-09-09T11:10:58.135+0200: 11.720: [GC (Allocation Failure) 11.720: [ParNew
Desired survivor size 20112992 bytes, new threshold 8 (max 8)
- age   1:    2834288 bytes,    2834288 total
- age   2:     125096 bytes,    2959384 total
- age   3:     984232 bytes,    3943616 total
- age   4:    2600384 bytes,    6544000 total
- age   5:    2492560 bytes,    9036560 total
: 96563K->12032K(109248K), 0.0046876 secs] 96563K->12032K(502464K), 0.0047324 secs] [Times: user=0.06 sys=0.00, real=0.01 secs] 
Heap after GC invocations=5 (full 1):
 par new generation   total 109248K, used 12032K [0x00000000e0000000, 0x00000000e8000000, 0x00000000e8000000)
  eden space 87424K,   0% used [0x00000000e0000000, 0x00000000e0000000, 0x00000000e5560000)
  from space 21824K,  55% used [0x00000000e6ab0000, 0x00000000e7670048, 0x00000000e8000000)
  to   space 21824K,   0% used [0x00000000e5560000, 0x00000000e5560000, 0x00000000e6ab0000)
 concurrent mark-sweep generation total 393216K, used 0K [0x00000000e8000000, 0x0000000100000000, 0x0000000100000000)
 Metaspace       used 24366K, capacity 24710K, committed 24980K, reserved 1071104K
  class space    used 2962K, capacity 3099K, committed 3224K, reserved 1048576K
}
2015-09-09T11:10:58.140+0200: 11.725: Total time for which application threads were stopped: 0.0048668 seconds, Stopping threads took: 0.0000122 seconds
2015-09-09T11:10:58.140+0200: 11.725: Total time for which application threads were stopped: 0.0000733 seconds, Stopping threads took: 0.0000125 seconds
2015-09-09T11:10:58.140+0200: 11.725: Total time for which application threads were stopped: 0.0000534 seconds, Stopping threads took: 0.0000106 seconds
2015-09-09T11:10:58.140+0200: 11.725: Total time for which application threads were stopped: 0.0000429 seconds, Stopping threads took: 0.0000102 seconds
2015-09-09T11:10:58.140+0200: 11.725: Total time for which application threads were stopped: 0.0000406 seconds, Stopping threads took: 0.0000118 seconds
2015-09-09T11:10:58.140+0200: 11.725: Total time for which application threads were stopped: 0.0000867 seconds, Stopping threads took: 0.0000115 seconds
2015-09-09T11:10:58.219+0200: 11.804: Total time for which application threads were stopped: 0.0002982 seconds, Stopping threads took: 0.0000160 seconds
2015-09-09T11:10:58.274+0200: 11.859: Total time for which application threads were stopped: 0.0001901 seconds, Stopping threads took: 0.0001168 seconds
2015-09-09T11:10:58.342+0200: 11.927: Total time for which application threads were stopped: 0.0000902 seconds, Stopping threads took: 0.0000243 seconds
2015-09-09T11:10:58.342+0200: 11.927: Total time for which application threads were stopped: 0.0000522 seconds, Stopping threads took: 0.0000163 seconds
2015-09-09T11:10:58.342+0200: 11.927: Total time for which application threads were stopped: 0.0000426 seconds, Stopping threads took: 0.0000115 seconds
2015-09-09T11:10:58.342+0200: 11.927: Total time for which application threads were stopped: 0.0000362 seconds, Stopping threads took: 0.0000099 seconds
2015-09-09T11:10:59.342+0200: 12.927: Total time for which application threads were stopped: 0.0000653 seconds, Stopping threads took: 0.0000230 seconds
2015-09-09T11:11:19.839+0200: 33.425: Total time for which application threads were stopped: 0.0000637 seconds, Stopping threads took: 0.0000122 seconds
2015-09-09T11:11:19.839+0200: 33.425: Total time for which application threads were stopped: 0.0000211 seconds, Stopping threads took: 0.0000048 seconds
2015-09-09T11:11:19.839+0200: 33.425: Total time for which application threads were stopped: 0.0000218 seconds, Stopping threads took: 0.0000051 seconds
2015-09-09T11:11:19.840+0200: 33.426: Total time for which application threads were stopped: 0.0000560 seconds, Stopping threads took: 0.0000102 seconds
2015-09-09T11:11:19.844+0200: 33.429: Total time for which application threads were stopped: 0.0000589 seconds, Stopping threads took: 0.0000096 seconds
2015-09-09T11:11:19.849+0200: 33.434: Total time for which application threads were stopped: 0.0003709 seconds, Stopping threads took: 0.0000090 seconds
2015-09-09T11:11:19.850+0200: 33.435: Total time for which application threads were stopped: 0.0000502 seconds, Stopping threads took: 0.0000051 seconds
2015-09-09T11:11:19.852+0200: 33.437: Total time for which application threads were stopped: 0.0000400 seconds, Stopping threads took: 0.0000077 seconds
2015-09-09T11:11:19.852+0200: 33.437: Total time for which application threads were stopped: 0.0000288 seconds, Stopping threads took: 0.0000045 seconds
2015-09-09T11:11:19.854+0200: 33.439: Total time for which application threads were stopped: 0.0000618 seconds, Stopping threads took: 0.0000077 seconds
2015-09-09T11:11:19.857+0200: 33.442: Total time for which application threads were stopped: 0.0000445 seconds, Stopping threads took: 0.0000074 seconds
2015-09-09T11:11:19.858+0200: 33.443: Total time for which application threads were stopped: 0.0000301 seconds, Stopping threads took: 0.0000074 seconds
2015-09-09T11:11:19.858+0200: 33.443: Total time for which application threads were stopped: 0.0000413 seconds, Stopping threads took: 0.0000182 seconds
2015-09-09T11:11:19.859+0200: 33.444: Total time for which application threads were stopped: 0.0000368 seconds, Stopping threads took: 0.0000128 seconds
2015-09-09T11:11:19.899+0200: 33.484: Total time for which application threads were stopped: 0.0000755 seconds, Stopping threads took: 0.0000150 seconds
2015-09-09T11:11:19.911+0200: 33.496: Total time for which application threads were stopped: 0.0000544 seconds, Stopping threads took: 0.0000138 seconds
2015-09-09T11:11:19.916+0200: 33.501: Total time for which application threads were stopped: 0.0000474 seconds, Stopping threads took: 0.0000131 seconds
2015-09-09T11:11:19.916+0200: 33.501: Total time for which application threads were stopped: 0.0000304 seconds, Stopping threads took: 0.0000080 seconds
2015-09-09T11:11:19.923+0200: 33.508: Total time for which application threads were stopped: 0.0000486 seconds, Stopping threads took: 0.0000147 seconds
2015-09-09T11:11:19.923+0200: 33.508: Total time for which application threads were stopped: 0.0000259 seconds, Stopping threads took: 0.0000067 seconds
2015-09-09T11:11:19.935+0200: 33.521: Total time for which application threads were stopped: 0.0002877 seconds, Stopping threads took: 0.0000147 seconds
2015-09-09T11:11:19.943+0200: 33.529: Total time for which application threads were stopped: 0.0000608 seconds, Stopping threads took: 0.0000179 seconds
2015-09-09T11:11:19.945+0200: 33.530: Total time for which application threads were stopped: 0.0000493 seconds, Stopping threads took: 0.0000176 seconds
2015-09-09T11:11:19.946+0200: 33.531: Total time for which application threads were stopped: 0.0000390 seconds, Stopping threads took: 0.0000086 seconds
2015-09-09T11:11:19.947+0200: 33.533: Total time for which application threads were stopped: 0.0000387 seconds, Stopping threads took: 0.0000096 seconds
2015-09-09T11:11:19.948+0200: 33.534: Total time for which application threads were stopped: 0.0000339 seconds, Stopping threads took: 0.0000118 seconds
2015-09-09T11:11:19.950+0200: 33.535: Total time for which application threads were stopped: 0.0000352 seconds, Stopping threads took: 0.0000086 seconds
2015-09-09T11:11:19.951+0200: 33.536: Total time for which application threads were stopped: 0.0000384 seconds, Stopping threads took: 0.0000093 seconds
2015-09-09T11:11:19.952+0200: 33.537: Total time for which application threads were stopped: 0.0000358 seconds, Stopping threads took: 0.0000090 seconds
2015-09-09T11:11:19.953+0200: 33.538: Total time for which application threads were stopped: 0.0000339 seconds, Stopping threads took: 0.0000077 seconds
2015-09-09T11:11:19.954+0200: 33.539: Total time for which application threads were stopped: 0.0000304 seconds, Stopping threads took: 0.0000083 seconds
2015-09-09T11:11:19.955+0200: 33.540: Total time for which application threads were stopped: 0.0000333 seconds, Stopping threads took: 0.0000112 seconds
2015-09-09T11:11:19.955+0200: 33.541: Total time for which application threads were stopped: 0.0000368 seconds, Stopping threads took: 0.0000112 seconds
2015-09-09T11:11:19.956+0200: 33.542: Total time for which application threads were stopped: 0.0000298 seconds, Stopping threads took: 0.0000099 seconds
2015-09-09T11:11:19.957+0200: 33.543: Total time for which application threads were stopped: 0.0000234 seconds, Stopping threads took: 0.0000058 seconds
2015-09-09T11:11:19.958+0200: 33.544: Total time for which application threads were stopped: 0.0000339 seconds, Stopping threads took: 0.0000147 seconds
2015-09-09T11:11:19.959+0200: 33.544: Total time for which application threads were stopped: 0.0000294 seconds, Stopping threads took: 0.0000109 seconds
2015-09-09T11:11:19.960+0200: 33.545: Total time for which application threads were stopped: 0.0000269 seconds, Stopping threads took: 0.0000099 seconds
2015-09-09T11:11:19.961+0200: 33.546: Total time for which application threads were stopped: 0.0000234 seconds, Stopping threads took: 0.0000061 seconds
2015-09-09T11:11:19.962+0200: 33.547: Total time for which application threads were stopped: 0.0000842 seconds, Stopping threads took: 0.0000061 seconds
2015-09-09T11:11:20.034+0200: 33.619: Total time for which application threads were stopped: 0.0001184 seconds, Stopping threads took: 0.0000214 seconds
2015-09-09T11:11:20.152+0200: 33.737: Total time for which application threads were stopped: 0.0001110 seconds, Stopping threads took: 0.0000150 seconds
{Heap before GC invocations=5 (full 1):
 par new generation   total 109248K, used 99456K [0x00000000e0000000, 0x00000000e8000000, 0x00000000e8000000)
  eden space 87424K, 100% used [0x00000000e0000000, 0x00000000e5560000, 0x00000000e5560000)
  from space 21824K,  55% used [0x00000000e6ab0000, 0x00000000e7670048, 0x00000000e8000000)
  to   space 21824K,   0% used [0x00000000e5560000, 0x00000000e5560000, 0x00000000e6ab0000)
 concurrent mark-sweep generation total 393216K, used 0K [0x00000000e8000000, 0x0000000100000000, 0x0000000100000000)
 Metaspace       used 28627K, capacity 28966K, committed 29204K, reserved 1075200K
  class space    used 3433K, capacity 3579K, committed 3608K, reserved 1048576K
2015-09-09T11:11:20.215+0200: 33.800: [GC (Allocation Failure) 33.800: [ParNew
Desired survivor size 20112992 bytes, new threshold 8 (max 8)
- age   1:   10222040 bytes,   10222040 total
- age   2:     620040 bytes,   10842080 total
- age   3:     124824 bytes,   10966904 total
- age   4:     946632 bytes,   11913536 total
- age   5:    2595000 bytes,   14508536 total
- age   6:    2491752 bytes,   17000288 total
: 99456K->18517K(109248K), 0.0115826 secs] 99456K->18517K(502464K), 0.0116329 secs] [Times: user=0.03 sys=0.00, real=0.01 secs] 
Heap after GC invocations=6 (full 1):
 par new generation   total 109248K, used 18517K [0x00000000e0000000, 0x00000000e8000000, 0x00000000e8000000)
  eden space 87424K,   0% used [0x00000000e0000000, 0x00000000e0000000, 0x00000000e5560000)
  from space 21824K,  84% used [0x00000000e5560000, 0x00000000e6775618, 0x00000000e6ab0000)
  to   space 21824K,   0% used [0x00000000e6ab0000, 0x00000000e6ab0000, 0x00000000e8000000)
 concurrent mark-sweep generation total 393216K, used 0K [0x00000000e8000000, 0x0000000100000000, 0x0000000100000000)
 Metaspace       used 28627K, capacity 28966K, committed 29204K, reserved 1075200K
  class space    used 3433K, capacity 3579K, committed 3608K, reserved 1048576K
}
2015-09-09T11:11:20.227+0200: 33.812: Total time for which application threads were stopped: 0.0118034 seconds, Stopping threads took: 0.0000246 seconds
2015-09-09T11:11:20.232+0200: 33.818: Total time for which application threads were stopped: 0.0000858 seconds, Stopping threads took: 0.0000262 seconds
2015-09-09T11:11:20.232+0200: 33.818: Total time for which application threads were stopped: 0.0000442 seconds, Stopping threads took: 0.0000106 seconds
2015-09-09T11:11:20.233+0200: 33.818: Total time for which application threads were stopped: 0.0000442 seconds, Stopping threads took: 0.0000125 seconds
2015-09-09T11:11:20.233+0200: 33.818: Total time for which application threads were stopped: 0.0000390 seconds, Stopping threads took: 0.0000080 seconds
2015-09-09T11:11:20.233+0200: 33.818: Total time for which application threads were stopped: 0.0000381 seconds, Stopping threads took: 0.0000077 seconds
2015-09-09T11:11:20.233+0200: 33.818: Total time for which application threads were stopped: 0.0000400 seconds, Stopping threads took: 0.0000096 seconds
2015-09-09T11:11:20.233+0200: 33.818: Total time for which application threads were stopped: 0.0000416 seconds, Stopping threads took: 0.0000106 seconds
2015-09-09T11:11:20.233+0200: 33.818: Total time for which application threads were stopped: 0.0000429 seconds, Stopping threads took: 0.0000080 seconds
2015-09-09T11:11:20.233+0200: 33.818: Total time for which application threads were stopped: 0.0000384 seconds, Stopping threads took: 0.0000080 seconds
2015-09-09T11:11:20.233+0200: 33.818: Total time for which application threads were stopped: 0.0000413 seconds, Stopping threads took: 0.0000096 seconds
2015-09-09T11:11:20.233+0200: 33.818: Total time for which application threads were stopped: 0.0000394 seconds, Stopping threads took: 0.0000080 seconds
2015-09-09T11:11:20.233+0200: 33.818: Total time for which application threads were stopped: 0.0000406 seconds, Stopping threads took: 0.0000102 seconds
2015-09-09T11:11:20.233+0200: 33.818: Total time for which application threads were stopped: 0.0000394 seconds, Stopping threads took: 0.0000077 seconds
2015-09-09T11:11:20.233+0200: 33.818: Total time for which application threads were stopped: 0.0000893 seconds, Stopping threads took: 0.0000093 seconds
2015-09-09T11:11:20.233+0200: 33.819: Total time for which application threads were stopped: 0.0000493 seconds, Stopping threads took: 0.0000262 seconds
{Heap before GC invocations=6 (full 1):
 par new generation   total 109248K, used 105941K [0x00000000e0000000, 0x00000000e8000000, 0x00000000e8000000)
  eden space 87424K, 100% used [0x00000000e0000000, 0x00000000e5560000, 0x00000000e5560000)
  from space 21824K,  84% used [0x00000000e5560000, 0x00000000e6775618, 0x00000000e6ab0000)
  to   space 21824K,   0% used [0x00000000e6ab0000, 0x00000000e6ab0000, 0x00000000e8000000)
 concurrent mark-sweep generation total 393216K, used 0K [0x00000000e8000000, 0x0000000100000000, 0x0000000100000000)
 Metaspace       used 28699K, capacity 29030K, committed 29204K, reserved 1075200K
  class space    used 3433K, capacity 3579K, committed 3608K, reserved 1048576K
2015-09-09T11:11:20.600+0200: 34.185: [GC (Allocation Failure) 34.185: [ParNew
Desired survivor size 20112992 bytes, new threshold 8 (max 8)
- age   1:    4328936 bytes,    4328936 total
- age   2:    6390984 bytes,   10719920 total
- age   3:     620040 bytes,   11339960 total
- age   4:     124824 bytes,   11464784 total
- age   5:     946632 bytes,   12411416 total
- age   6:    2595000 bytes,   15006416 total
- age   7:    2491776 bytes,   17498192 total
: 105941K->21824K(109248K), 0.0096146 secs] 105941K->21824K(502464K), 0.0097010 secs] [Times: user=0.06 sys=0.00, real=0.01 secs] 
Heap after GC invocations=7 (full 1):
 par new generation   total 109248K, used 21824K [0x00000000e0000000, 0x00000000e8000000, 0x00000000e8000000)
  eden space 87424K,   0% used [0x00000000e0000000, 0x00000000e0000000, 0x00000000e5560000)
  from space 21824K, 100% used [0x00000000e6ab0000, 0x00000000e8000000, 0x00000000e8000000)
  to   space 21824K,   0% used [0x00000000e5560000, 0x00000000e5560000, 0x00000000e6ab0000)
 concurrent mark-sweep generation total 393216K, used 0K [0x00000000e8000000, 0x0000000100000000, 0x0000000100000000)
 Metaspace       used 28699K, capacity 29030K, committed 29204K, reserved 1075200K
  class space    used 3433K, capacity 3579K, committed 3608K, reserved 1048576K
}
2015-09-09T11:11:20.610+0200: 34.195: Total time for which application threads were stopped: 0.0098930 seconds, Stopping threads took: 0.0000166 seconds
{Heap before GC invocations=7 (full 1):
 par new generation   total 109248K, used 109248K [0x00000000e0000000, 0x00000000e8000000, 0x00000000e8000000)
  eden space 87424K, 100% used [0x00000000e0000000, 0x00000000e5560000, 0x00000000e5560000)
  from space 21824K, 100% used [0x00000000e6ab0000, 0x00000000e8000000, 0x00000000e8000000)
  to   space 21824K,   0% used [0x00000000e5560000, 0x00000000e5560000, 0x00000000e6ab0000)
 concurrent mark-sweep generation total 393216K, used 0K [0x00000000e8000000, 0x0000000100000000, 0x0000000100000000)
 Metaspace       used 28746K, capacity 29030K, committed 29204K, reserved 1075200K
  class space    used 3434K, capacity 3579K, committed 3608K, reserved 1048576K
2015-09-09T11:11:20.925+0200: 34.511: [GC (Allocation Failure) 34.511: [ParNew
Desired survivor size 20112992 bytes, new threshold 8 (max 8)
- age   1:    4407720 bytes,    4407720 total
- age   2:    2686832 bytes,    7094552 total
- age   3:    6338544 bytes,   13433096 total
- age   4:     620040 bytes,   14053136 total
- age   5:     124824 bytes,   14177960 total
- age   6:     946632 bytes,   15124592 total
- age   7:    2594968 bytes,   17719560 total
- age   8:    2491752 bytes,   20211312 total
: 109248K->21824K(109248K), 0.0110316 secs] 109248K->22847K(502464K), 0.0110815 secs] [Times: user=0.06 sys=0.00, real=0.01 secs] 
Heap after GC invocations=8 (full 1):
 par new generation   total 109248K, used 21824K [0x00000000e0000000, 0x00000000e8000000, 0x00000000e8000000)
  eden space 87424K,   0% used [0x00000000e0000000, 0x00000000e0000000, 0x00000000e5560000)
  from space 21824K, 100% used [0x00000000e5560000, 0x00000000e6ab0000, 0x00000000e6ab0000)
  to   space 21824K,   0% used [0x00000000e6ab0000, 0x00000000e6ab0000, 0x00000000e8000000)
 concurrent mark-sweep generation total 393216K, used 1023K [0x00000000e8000000, 0x0000000100000000, 0x0000000100000000)
 Metaspace       used 28746K, capacity 29030K, committed 29204K, reserved 1075200K
  class space    used 3434K, capacity 3579K, committed 3608K, reserved 1048576K
}
2015-09-09T11:11:20.936+0200: 34.522: Total time for which application threads were stopped: 0.0112703 seconds, Stopping threads took: 0.0000176 seconds
{Heap before GC invocations=8 (full 1):
 par new generation   total 109248K, used 109248K [0x00000000e0000000, 0x00000000e8000000, 0x00000000e8000000)
  eden space 87424K, 100% used [0x00000000e0000000, 0x00000000e5560000, 0x00000000e5560000)
  from space 21824K, 100% used [0x00000000e5560000, 0x00000000e6ab0000, 0x00000000e6ab0000)
  to   space 21824K,   0% used [0x00000000e6ab0000, 0x00000000e6ab0000, 0x00000000e8000000)
 concurrent mark-sweep generation total 393216K, used 1023K [0x00000000e8000000, 0x0000000100000000, 0x0000000100000000)
 Metaspace       used 28770K, capacity 29158K, committed 29460K, reserved 1075200K
  class space    used 3434K, capacity 3579K, committed 3608K, reserved 1048576K
2015-09-09T11:11:21.235+0200: 34.820: [GC (Allocation Failure) 34.820: [ParNew
Desired survivor size 20112992 bytes, new threshold 8 (max 8)
- age   1:    5421840 bytes,    5421840 total
- age   2:    2676328 bytes,    8098168 total
- age   3:    2556904 bytes,   10655072 total
- age   4:    6250800 bytes,   16905872 total
- age   5:     620040 bytes,   17525912 total
- age   6:     124824 bytes,   17650736 total
- age   7:     946632 bytes,   18597368 total
- age   8:    2594968 bytes,   21192336 total
: 109248K->21824K(109248K), 0.0144754 secs] 110271K->26549K(502464K), 0.0145215 secs] [Times: user=0.06 sys=0.00, real=0.02 secs] 
Heap after GC invocations=9 (full 1):
 par new generation   total 109248K, used 21824K [0x00000000e0000000, 0x00000000e8000000, 0x00000000e8000000)
  eden space 87424K,   0% used [0x00000000e0000000, 0x00000000e0000000, 0x00000000e5560000)
  from space 21824K, 100% used [0x00000000e6ab0000, 0x00000000e8000000, 0x00000000e8000000)
  to   space 21824K,   0% used [0x00000000e5560000, 0x00000000e5560000, 0x00000000e6ab0000)
 concurrent mark-sweep generation total 393216K, used 4725K [0x00000000e8000000, 0x0000000100000000, 0x0000000100000000)
 Metaspace       used 28770K, capacity 29158K, committed 29460K, reserved 1075200K
  class space    used 3434K, capacity 3579K, committed 3608K, reserved 1048576K
}
2015-09-09T11:11:21.250+0200: 34.835: Total time for which application threads were stopped: 0.0146879 seconds, Stopping threads took: 0.0000131 seconds
{Heap before GC invocations=9 (full 1):
 par new generation   total 109248K, used 109248K [0x00000000e0000000, 0x00000000e8000000, 0x00000000e8000000)
  eden space 87424K, 100% used [0x00000000e0000000, 0x00000000e5560000, 0x00000000e5560000)
  from space 21824K, 100% used [0x00000000e6ab0000, 0x00000000e8000000, 0x00000000e8000000)
  to   space 21824K,   0% used [0x00000000e5560000, 0x00000000e5560000, 0x00000000e6ab0000)
 concurrent mark-sweep generation total 393216K, used 4725K [0x00000000e8000000, 0x0000000100000000, 0x0000000100000000)
 Metaspace       used 28773K, capacity 29158K, committed 29460K, reserved 1075200K
  class space    used 3434K, capacity 3579K, committed 3608K, reserved 1048576K
2015-09-09T11:11:21.544+0200: 35.130: [GC (Allocation Failure) 35.130: [ParNew
Desired survivor size 20112992 bytes, new threshold 8 (max 8)
- age   1:    5093832 bytes,    5093832 total
- age   2:    2681040 bytes,    7774872 total
- age   3:    2181488 bytes,    9956360 total
- age   4:    2168104 bytes,   12124464 total
- age   5:    5212552 bytes,   17337016 total
- age   6:     614176 bytes,   17951192 total
- age   7:     124824 bytes,   18076016 total
- age   8:     890112 bytes,   18966128 total
: 109248K->21824K(109248K), 0.0142920 secs] 113973K->33561K(502464K), 0.0143528 secs] [Times: user=0.05 sys=0.02, real=0.02 secs] 
Heap after GC invocations=10 (full 1):
 par new generation   total 109248K, used 21824K [0x00000000e0000000, 0x00000000e8000000, 0x00000000e8000000)
  eden space 87424K,   0% used [0x00000000e0000000, 0x00000000e0000000, 0x00000000e5560000)
  from space 21824K, 100% used [0x00000000e5560000, 0x00000000e6ab0000, 0x00000000e6ab0000)
  to   space 21824K,   0% used [0x00000000e6ab0000, 0x00000000e6ab0000, 0x00000000e8000000)
 concurrent mark-sweep generation total 393216K, used 11737K [0x00000000e8000000, 0x0000000100000000, 0x0000000100000000)
 Metaspace       used 28773K, capacity 29158K, committed 29460K, reserved 1075200K
  class space    used 3434K, capacity 3579K, committed 3608K, reserved 1048576K
}
2015-09-09T11:11:21.559+0200: 35.144: Total time for which application threads were stopped: 0.0145010 seconds, Stopping threads took: 0.0000154 seconds
{Heap before GC invocations=10 (full 1):
 par new generation   total 109248K, used 109248K [0x00000000e0000000, 0x00000000e8000000, 0x00000000e8000000)
  eden space 87424K, 100% used [0x00000000e0000000, 0x00000000e5560000, 0x00000000e5560000)
  from space 21824K, 100% used [0x00000000e5560000, 0x00000000e6ab0000, 0x00000000e6ab0000)
  to   space 21824K,   0% used [0x00000000e6ab0000, 0x00000000e6ab0000, 0x00000000e8000000)
 concurrent mark-sweep generation total 393216K, used 11737K [0x00000000e8000000, 0x0000000100000000, 0x0000000100000000)
 Metaspace       used 28775K, capacity 29158K, committed 29460K, reserved 1075200K
  class space    used 3434K, capacity 3579K, committed 3608K, reserved 1048576K
2015-09-09T11:11:21.846+0200: 35.432: [GC (Allocation Failure) 35.434: [ParNew
Desired survivor size 20112992 bytes, new threshold 7 (max 8)
- age   1:    6707208 bytes,    6707208 total
- age   2:    2026216 bytes,    8733424 total
- age   3:    2188728 bytes,   10922152 total
- age   4:    2030160 bytes,   12952312 total
- age   5:    2025880 bytes,   14978192 total
- age   6:    5092344 bytes,   20070536 total
- age   7:     612592 bytes,   20683128 total
- age   8:     124584 bytes,   20807712 total
: 109248K->21824K(109248K), 0.0096364 secs] 120985K->35535K(502464K), 0.0119077 secs] [Times: user=0.06 sys=0.00, real=0.01 secs] 
Heap after GC invocations=11 (full 1):
 par new generation   total 109248K, used 21824K [0x00000000e0000000, 0x00000000e8000000, 0x00000000e8000000)
  eden space 87424K,   0% used [0x00000000e0000000, 0x00000000e0000000, 0x00000000e5560000)
  from space 21824K, 100% used [0x00000000e6ab0000, 0x00000000e8000000, 0x00000000e8000000)
  to   space 21824K,   0% used [0x00000000e5560000, 0x00000000e5560000, 0x00000000e6ab0000)
 concurrent mark-sweep generation total 393216K, used 13711K [0x00000000e8000000, 0x0000000100000000, 0x0000000100000000)
 Metaspace       used 28775K, capacity 29158K, committed 29460K, reserved 1075200K
  class space    used 3434K, capacity 3579K, committed 3608K, reserved 1048576K
}
2015-09-09T11:11:21.858+0200: 35.444: Total time for which application threads were stopped: 0.0120655 seconds, Stopping threads took: 0.0000253 seconds
{Heap before GC invocations=11 (full 1):
 par new generation   total 109248K, used 109248K [0x00000000e0000000, 0x00000000e8000000, 0x00000000e8000000)
  eden space 87424K, 100% used [0x00000000e0000000, 0x00000000e5560000, 0x00000000e5560000)
  from space 21824K, 100% used [0x00000000e6ab0000, 0x00000000e8000000, 0x00000000e8000000)
  to   space 21824K,   0% used [0x00000000e5560000, 0x00000000e5560000, 0x00000000e6ab0000)
 concurrent mark-sweep generation total 393216K, used 13711K [0x00000000e8000000, 0x0000000100000000, 0x0000000100000000)
 Metaspace       used 28777K, capacity 29158K, committed 29460K, reserved 1075200K
  class space    used 3434K, capacity 3579K, committed 3608K, reserved 1048576K
2015-09-09T11:11:22.137+0200: 35.722: [GC (Allocation Failure) 35.722: [ParNew
Desired survivor size 20112992 bytes, new threshold 8 (max 8)
- age   1:    2784568 bytes,    2784568 total
- age   2:    2390448 bytes,    5175016 total
- age   3:    1938224 bytes,    7113240 total
- age   4:    2100664 bytes,    9213904 total
- age   5:    1941088 bytes,   11154992 total
- age   6:    1941232 bytes,   13096224 total
- age   7:    4405712 bytes,   17501936 total
: 109248K->21824K(109248K), 0.0101682 secs] 122959K->41817K(502464K), 0.0102153 secs] [Times: user=0.00 sys=0.00, real=0.01 secs] 
Heap after GC invocations=12 (full 1):
 par new generation   total 109248K, used 21824K [0x00000000e0000000, 0x00000000e8000000, 0x00000000e8000000)
  eden space 87424K,   0% used [0x00000000e0000000, 0x00000000e0000000, 0x00000000e5560000)
  from space 21824K, 100% used [0x00000000e5560000, 0x00000000e6ab0000, 0x00000000e6ab0000)
  to   space 21824K,   0% used [0x00000000e6ab0000, 0x00000000e6ab0000, 0x00000000e8000000)
 concurrent mark-sweep generation total 393216K, used 19993K [0x00000000e8000000, 0x0000000100000000, 0x0000000100000000)
 Metaspace       used 28777K, capacity 29158K, committed 29460K, reserved 1075200K
  class space    used 3434K, capacity 3579K, committed 3608K, reserved 1048576K
}
2015-09-09T11:11:22.147+0200: 35.733: Total time for which application threads were stopped: 0.0103548 seconds, Stopping threads took: 0.0000144 seconds
{Heap before GC invocations=12 (full 1):
 par new generation   total 109248K, used 109248K [0x00000000e0000000, 0x00000000e8000000, 0x00000000e8000000)
  eden space 87424K, 100% used [0x00000000e0000000, 0x00000000e5560000, 0x00000000e5560000)
  from space 21824K, 100% used [0x00000000e5560000, 0x00000000e6ab0000, 0x00000000e6ab0000)
  to   space 21824K,   0% used [0x00000000e6ab0000, 0x00000000e6ab0000, 0x00000000e8000000)
 concurrent mark-sweep generation total 393216K, used 19993K [0x00000000e8000000, 0x0000000100000000, 0x0000000100000000)
 Metaspace       used 28777K, capacity 29158K, committed 29460K, reserved 1075200K
  class space    used 3434K, capacity 3579K, committed 3608K, reserved 1048576K
2015-09-09T11:11:22.419+0200: 36.004: [GC (Allocation Failure) 36.004: [ParNew
Desired survivor size 20112992 bytes, new threshold 8 (max 8)
- age   1:    2999296 bytes,    2999296 total
- age   2:    1632352 bytes,    4631648 total
- age   3:    2172152 bytes,    6803800 total
- age   4:    1727264 bytes,    8531064 total
- age   5:    1758608 bytes,   10289672 total
- age   6:    1762416 bytes,   12052088 total
- age   7:    1895584 bytes,   13947672 total
- age   8:    4297616 bytes,   18245288 total
: 109248K->21824K(109248K), 0.0102921 secs] 129241K->48212K(502464K), 0.0103372 secs] [Times: user=0.02 sys=0.00, real=0.01 secs] 
Heap after GC invocations=13 (full 1):
 par new generation   total 109248K, used 21824K [0x00000000e0000000, 0x00000000e8000000, 0x00000000e8000000)
  eden space 87424K,   0% used [0x00000000e0000000, 0x00000000e0000000, 0x00000000e5560000)
  from space 21824K, 100% used [0x00000000e6ab0000, 0x00000000e8000000, 0x00000000e8000000)
  to   space 21824K,   0% used [0x00000000e5560000, 0x00000000e5560000, 0x00000000e6ab0000)
 concurrent mark-sweep generation total 393216K, used 26388K [0x00000000e8000000, 0x0000000100000000, 0x0000000100000000)
 Metaspace       used 28777K, capacity 29158K, committed 29460K, reserved 1075200K
  class space    used 3434K, capacity 3579K, committed 3608K, reserved 1048576K
}
2015-09-09T11:11:22.429+0200: 36.014: Total time for which application threads were stopped: 0.0104889 seconds, Stopping threads took: 0.0000237 seconds
{Heap before GC invocations=13 (full 1):
 par new generation   total 109248K, used 109248K [0x00000000e0000000, 0x00000000e8000000, 0x00000000e8000000)
  eden space 87424K, 100% used [0x00000000e0000000, 0x00000000e5560000, 0x00000000e5560000)
  from space 21824K, 100% used [0x00000000e6ab0000, 0x00000000e8000000, 0x00000000e8000000)
  to   space 21824K,   0% used [0x00000000e5560000, 0x00000000e5560000, 0x00000000e6ab0000)
 concurrent mark-sweep generation total 393216K, used 26388K [0x00000000e8000000, 0x0000000100000000, 0x0000000100000000)
 Metaspace       used 28780K, capacity 29158K, committed 29460K, reserved 1075200K
  class space    used 3434K, capacity 3579K, committed 3608K, reserved 1048576K
2015-09-09T11:11:22.705+0200: 36.290: [GC (Allocation Failure) 36.290: [ParNew
Desired survivor size 20112992 bytes, new threshold 8 (max 8)
- age   1:    3223400 bytes,    3223400 total
- age   2:    2164144 bytes,    5387544 total
- age   3:    1573240 bytes,    6960784 total
- age   4:    2137168 bytes,    9097952 total
- age   5:    1676688 bytes,   10774640 total
- age   6:    1721440 bytes,   12496080 total
- age   7:    1728272 bytes,   14224352 total
- age   8:    1866728 bytes,   16091080 total
: 109248K->21824K(109248K), 0.0104626 secs] 135636K->57746K(502464K), 0.0105090 secs] [Times: user=0.06 sys=0.00, real=0.01 secs] 
Heap after GC invocations=14 (full 1):
 par new generation   total 109248K, used 21824K [0x00000000e0000000, 0x00000000e8000000, 0x00000000e8000000)
  eden space 87424K,   0% used [0x00000000e0000000, 0x00000000e0000000, 0x00000000e5560000)
  from space 21824K, 100% used [0x00000000e5560000, 0x00000000e6ab0000, 0x00000000e6ab0000)
  to   space 21824K,   0% used [0x00000000e6ab0000, 0x00000000e6ab0000, 0x00000000e8000000)
 concurrent mark-sweep generation total 393216K, used 35922K [0x00000000e8000000, 0x0000000100000000, 0x0000000100000000)
 Metaspace       used 28780K, capacity 29158K, committed 29460K, reserved 1075200K
  class space    used 3434K, capacity 3579K, committed 3608K, reserved 1048576K
}
2015-09-09T11:11:22.715+0200: 36.301: Total time for which application threads were stopped: 0.0106479 seconds, Stopping threads took: 0.0000138 seconds
{Heap before GC invocations=14 (full 1):
 par new generation   total 109248K, used 109248K [0x00000000e0000000, 0x00000000e8000000, 0x00000000e8000000)
  eden space 87424K, 100% used [0x00000000e0000000, 0x00000000e5560000, 0x00000000e5560000)
  from space 21824K, 100% used [0x00000000e5560000, 0x00000000e6ab0000, 0x00000000e6ab0000)
  to   space 21824K,   0% used [0x00000000e6ab0000, 0x00000000e6ab0000, 0x00000000e8000000)
 concurrent mark-sweep generation total 393216K, used 35922K [0x00000000e8000000, 0x0000000100000000, 0x0000000100000000)
 Metaspace       used 28781K, capacity 29158K, committed 29460K, reserved 1075200K
  class space    used 3434K, capacity 3579K, committed 3608K, reserved 1048576K
2015-09-09T11:11:22.999+0200: 36.584: [GC (Allocation Failure) 36.584: [ParNew
Desired survivor size 20112992 bytes, new threshold 8 (max 8)
- age   1:    8405200 bytes,    8405200 total
- age   2:    1952264 bytes,   10357464 total
- age   3:    2095216 bytes,   12452680 total
- age   4:    1512992 bytes,   13965672 total
- age   5:    1968288 bytes,   15933960 total
- age   6:    1641792 bytes,   17575752 total
- age   7:    1683160 bytes,   19258912 total
- age   8:    1687104 bytes,   20946016 total
: 109248K->21824K(109248K), 0.0094345 secs] 145170K->62816K(502464K), 0.0094831 secs] [Times: user=0.06 sys=0.00, real=0.01 secs] 
Heap after GC invocations=15 (full 1):
 par new generation   total 109248K, used 21824K [0x00000000e0000000, 0x00000000e8000000, 0x00000000e8000000)
  eden space 87424K,   0% used [0x00000000e0000000, 0x00000000e0000000, 0x00000000e5560000)
  from space 21824K, 100% used [0x00000000e6ab0000, 0x00000000e8000000, 0x00000000e8000000)
  to   space 21824K,   0% used [0x00000000e5560000, 0x00000000e5560000, 0x00000000e6ab0000)
 concurrent mark-sweep generation total 393216K, used 40992K [0x00000000e8000000, 0x0000000100000000, 0x0000000100000000)
 Metaspace       used 28781K, capacity 29158K, committed 29460K, reserved 1075200K
  class space    used 3434K, capacity 3579K, committed 3608K, reserved 1048576K
}
2015-09-09T11:11:23.008+0200: 36.594: Total time for which application threads were stopped: 0.0096326 seconds, Stopping threads took: 0.0000230 seconds
{Heap before GC invocations=15 (full 1):
 par new generation   total 109248K, used 109248K [0x00000000e0000000, 0x00000000e8000000, 0x00000000e8000000)
  eden space 87424K, 100% used [0x00000000e0000000, 0x00000000e5560000, 0x00000000e5560000)
  from space 21824K, 100% used [0x00000000e6ab0000, 0x00000000e8000000, 0x00000000e8000000)
  to   space 21824K,   0% used [0x00000000e5560000, 0x00000000e5560000, 0x00000000e6ab0000)
 concurrent mark-sweep generation total 393216K, used 40992K [0x00000000e8000000, 0x0000000100000000, 0x0000000100000000)
 Metaspace       used 28782K, capacity 29158K, committed 29460K, reserved 1075200K
  class space    used 3434K, capacity 3579K, committed 3608K, reserved 1048576K
2015-09-09T11:11:23.280+0200: 36.866: [GC (Allocation Failure) 36.866: [ParNew
Desired survivor size 20112992 bytes, new threshold 8 (max 8)
- age   1:    8054208 bytes,    8054208 total
- age   2:    2061816 bytes,   10116024 total
- age   3:    1702200 bytes,   11818224 total
- age   4:    1855464 bytes,   13673688 total
- age   5:    1299488 bytes,   14973176 total
- age   6:    1554344 bytes,   16527520 total
- age   7:    1517880 bytes,   18045400 total
- age   8:    1562408 bytes,   19607808 total
: 109248K->21824K(109248K), 0.0100274 secs] 150240K->68331K(502464K), 0.0100757 secs] [Times: user=0.05 sys=0.01, real=0.01 secs] 
Heap after GC invocations=16 (full 1):
 par new generation   total 109248K, used 21824K [0x00000000e0000000, 0x00000000e8000000, 0x00000000e8000000)
  eden space 87424K,   0% used [0x00000000e0000000, 0x00000000e0000000, 0x00000000e5560000)
  from space 21824K, 100% used [0x00000000e5560000, 0x00000000e6ab0000, 0x00000000e6ab0000)
  to   space 21824K,   0% used [0x00000000e6ab0000, 0x00000000e6ab0000, 0x00000000e8000000)
 concurrent mark-sweep generation total 393216K, used 46507K [0x00000000e8000000, 0x0000000100000000, 0x0000000100000000)
 Metaspace       used 28782K, capacity 29158K, committed 29460K, reserved 1075200K
  class space    used 3434K, capacity 3579K, committed 3608K, reserved 1048576K
}
2015-09-09T11:11:23.291+0200: 36.876: Total time for which application threads were stopped: 0.0102127 seconds, Stopping threads took: 0.0000134 seconds
{Heap before GC invocations=16 (full 1):
 par new generation   total 109248K, used 109248K [0x00000000e0000000, 0x00000000e8000000, 0x00000000e8000000)
  eden space 87424K, 100% used [0x00000000e0000000, 0x00000000e5560000, 0x00000000e5560000)
  from space 21824K, 100% used [0x00000000e5560000, 0x00000000e6ab0000, 0x00000000e6ab0000)
  to   space 21824K,   0% used [0x00000000e6ab0000, 0x00000000e6ab0000, 0x00000000e8000000)
 concurrent mark-sweep generation total 393216K, used 46507K [0x00000000e8000000, 0x0000000100000000, 0x0000000100000000)
 Metaspace       used 28782K, capacity 29158K, committed 29460K, reserved 1075200K
  class space    used 3434K, capacity 3579K, committed 3608K, reserved 1048576K
2015-09-09T11:11:23.576+0200: 37.161: [GC (Allocation Failure) 37.161: [ParNew
Desired survivor size 20112992 bytes, new threshold 8 (max 8)
- age   1:    3564968 bytes,    3564968 total
- age   2:    6849608 bytes,   10414576 total
- age   3:     950120 bytes,   11364696 total
- age   4:     731296 bytes,   12095992 total
- age   5:    1811992 bytes,   13907984 total
- age   6:    1249072 bytes,   15157056 total
- age   7:    1501328 bytes,   16658384 total
- age   8:    1472248 bytes,   18130632 total
: 109248K->21824K(109248K), 0.0088777 secs] 155755K->73936K(502464K), 0.0089215 secs] [Times: user=0.06 sys=0.00, real=0.01 secs] 
Heap after GC invocations=17 (full 1):
 par new generation   total 109248K, used 21824K [0x00000000e0000000, 0x00000000e8000000, 0x00000000e8000000)
  eden space 87424K,   0% used [0x00000000e0000000, 0x00000000e0000000, 0x00000000e5560000)
  from space 21824K, 100% used [0x00000000e6ab0000, 0x00000000e8000000, 0x00000000e8000000)
  to   space 21824K,   0% used [0x00000000e5560000, 0x00000000e5560000, 0x00000000e6ab0000)
 concurrent mark-sweep generation total 393216K, used 52112K [0x00000000e8000000, 0x0000000100000000, 0x0000000100000000)
 Metaspace       used 28782K, capacity 29158K, committed 29460K, reserved 1075200K
  class space    used 3434K, capacity 3579K, committed 3608K, reserved 1048576K
}
2015-09-09T11:11:23.585+0200: 37.170: Total time for which application threads were stopped: 0.0090534 seconds, Stopping threads took: 0.0000141 seconds
{Heap before GC invocations=17 (full 1):
 par new generation   total 109248K, used 109248K [0x00000000e0000000, 0x00000000e8000000, 0x00000000e8000000)
  eden space 87424K, 100% used [0x00000000e0000000, 0x00000000e5560000, 0x00000000e5560000)
  from space 21824K, 100% used [0x00000000e6ab0000, 0x00000000e8000000, 0x00000000e8000000)
  to   space 21824K,   0% used [0x00000000e5560000, 0x00000000e5560000, 0x00000000e6ab0000)
 concurrent mark-sweep generation total 393216K, used 52112K [0x00000000e8000000, 0x0000000100000000, 0x0000000100000000)
 Metaspace       used 28784K, capacity 29158K, committed 29460K, reserved 1075200K
  class space    used 3435K, capacity 3579K, committed 3608K, reserved 1048576K
2015-09-09T11:11:23.860+0200: 37.445: [GC (Allocation Failure) 37.445: [ParNew
Desired survivor size 20112992 bytes, new threshold 8 (max 8)
- age   1:    8171768 bytes,    8171768 total
- age   2:    3374680 bytes,   11546448 total
- age   3:    1581504 bytes,   13127952 total
- age   4:     868864 bytes,   13996816 total
- age   5:     671656 bytes,   14668472 total
- age   6:    1756728 bytes,   16425200 total
- age   7:    1192376 bytes,   17617576 total
- age   8:    1457616 bytes,   19075192 total
: 109248K->21824K(109248K), 0.0087551 secs] 161360K->76169K(502464K), 0.0088095 secs] [Times: user=0.06 sys=0.00, real=0.01 secs] 
Heap after GC invocations=18 (full 1):
 par new generation   total 109248K, used 21824K [0x00000000e0000000, 0x00000000e8000000, 0x00000000e8000000)
  eden space 87424K,   0% used [0x00000000e0000000, 0x00000000e0000000, 0x00000000e5560000)
  from space 21824K, 100% used [0x00000000e5560000, 0x00000000e6ab0000, 0x00000000e6ab0000)
  to   space 21824K,   0% used [0x00000000e6ab0000, 0x00000000e6ab0000, 0x00000000e8000000)
 concurrent mark-sweep generation total 393216K, used 54345K [0x00000000e8000000, 0x0000000100000000, 0x0000000100000000)
 Metaspace       used 28784K, capacity 29158K, committed 29460K, reserved 1075200K
  class space    used 3435K, capacity 3579K, committed 3608K, reserved 1048576K
}
2015-09-09T11:11:23.868+0200: 37.454: Total time for which application threads were stopped: 0.0089750 seconds, Stopping threads took: 0.0000243 seconds
{Heap before GC invocations=18 (full 1):
 par new generation   total 109248K, used 109248K [0x00000000e0000000, 0x00000000e8000000, 0x00000000e8000000)
  eden space 87424K, 100% used [0x00000000e0000000, 0x00000000e5560000, 0x00000000e5560000)
  from space 21824K, 100% used [0x00000000e5560000, 0x00000000e6ab0000, 0x00000000e6ab0000)
  to   space 21824K,   0% used [0x00000000e6ab0000, 0x00000000e6ab0000, 0x00000000e8000000)
 concurrent mark-sweep generation total 393216K, used 54345K [0x00000000e8000000, 0x0000000100000000, 0x0000000100000000)
 Metaspace       used 28784K, capacity 29158K, committed 29460K, reserved 1075200K
  class space    used 3435K, capacity 3579K, committed 3608K, reserved 1048576K
2015-09-09T11:11:24.161+0200: 37.746: [GC (Allocation Failure) 37.746: [ParNew
Desired survivor size 20112992 bytes, new threshold 8 (max 8)
- age   1:    6548200 bytes,    6548200 total
- age   2:    7588856 bytes,   14137056 total
- age   3:    1218936 bytes,   15355992 total
- age   4:    1415192 bytes,   16771184 total
- age   5:     841216 bytes,   17612400 total
- age   6:     646232 bytes,   18258632 total
- age   7:    1481096 bytes,   19739728 total
- age   8:    1175320 bytes,   20915048 total
: 109248K->21824K(109248K), 0.0090543 secs] 163593K->78610K(502464K), 0.0091026 secs] [Times: user=0.00 sys=0.00, real=0.01 secs] 
Heap after GC invocations=19 (full 1):
 par new generation   total 109248K, used 21824K [0x00000000e0000000, 0x00000000e8000000, 0x00000000e8000000)
  eden space 87424K,   0% used [0x00000000e0000000, 0x00000000e0000000, 0x00000000e5560000)
  from space 21824K, 100% used [0x00000000e6ab0000, 0x00000000e8000000, 0x00000000e8000000)
  to   space 21824K,   0% used [0x00000000e5560000, 0x00000000e5560000, 0x00000000e6ab0000)
 concurrent mark-sweep generation total 393216K, used 56786K [0x00000000e8000000, 0x0000000100000000, 0x0000000100000000)
 Metaspace       used 28784K, capacity 29158K, committed 29460K, reserved 1075200K
  class space    used 3435K, capacity 3579K, committed 3608K, reserved 1048576K
}
2015-09-09T11:11:24.170+0200: 37.755: Total time for which application threads were stopped: 0.0092348 seconds, Stopping threads took: 0.0000144 seconds
{Heap before GC invocations=19 (full 1):
 par new generation   total 109248K, used 109248K [0x00000000e0000000, 0x00000000e8000000, 0x00000000e8000000)
  eden space 87424K, 100% used [0x00000000e0000000, 0x00000000e5560000, 0x00000000e5560000)
  from space 21824K, 100% used [0x00000000e6ab0000, 0x00000000e8000000, 0x00000000e8000000)
  to   space 21824K,   0% used [0x00000000e5560000, 0x00000000e5560000, 0x00000000e6ab0000)
 concurrent mark-sweep generation total 393216K, used 56786K [0x00000000e8000000, 0x0000000100000000, 0x0000000100000000)
 Metaspace       used 28784K, capacity 29158K, committed 29460K, reserved 1075200K
  class space    used 3435K, capacity 3579K, committed 3608K, reserved 1048576K
2015-09-09T11:11:24.439+0200: 38.025: [GC (Allocation Failure) 38.025: [ParNew
Desired survivor size 20112992 bytes, new threshold 8 (max 8)
- age   1:    9677088 bytes,    9677088 total
- age   2:    3163440 bytes,   12840528 total
- age   3:    1921024 bytes,   14761552 total
- age   4:     953656 bytes,   15715208 total
- age   5:    1221624 bytes,   16936832 total
- age   6:     645008 bytes,   17581840 total
- age   7:     436432 bytes,   18018272 total
- age   8:    1388024 bytes,   19406296 total
: 109248K->21824K(109248K), 0.0093305 secs] 166034K->83743K(502464K), 0.0093785 secs] [Times: user=0.00 sys=0.00, real=0.01 secs] 
Heap after GC invocations=20 (full 1):
 par new generation   total 109248K, used 21824K [0x00000000e0000000, 0x00000000e8000000, 0x00000000e8000000)
  eden space 87424K,   0% used [0x00000000e0000000, 0x00000000e0000000, 0x00000000e5560000)
  from space 21824K, 100% used [0x00000000e5560000, 0x00000000e6ab0000, 0x00000000e6ab0000)
  to   space 21824K,   0% used [0x00000000e6ab0000, 0x00000000e6ab0000, 0x00000000e8000000)
 concurrent mark-sweep generation total 393216K, used 61919K [0x00000000e8000000, 0x0000000100000000, 0x0000000100000000)
 Metaspace       used 28784K, capacity 29158K, committed 29460K, reserved 1075200K
  class space    used 3435K, capacity 3579K, committed 3608K, reserved 1048576K
}
2015-09-09T11:11:24.449+0200: 38.034: Total time for which application threads were stopped: 0.0095145 seconds, Stopping threads took: 0.0000138 seconds
{Heap before GC invocations=20 (full 1):
 par new generation   total 109248K, used 109248K [0x00000000e0000000, 0x00000000e8000000, 0x00000000e8000000)
  eden space 87424K, 100% used [0x00000000e0000000, 0x00000000e5560000, 0x00000000e5560000)
  from space 21824K, 100% used [0x00000000e5560000, 0x00000000e6ab0000, 0x00000000e6ab0000)
  to   space 21824K,   0% used [0x00000000e6ab0000, 0x00000000e6ab0000, 0x00000000e8000000)
 concurrent mark-sweep generation total 393216K, used 61919K [0x00000000e8000000, 0x0000000100000000, 0x0000000100000000)
 Metaspace       used 28784K, capacity 29158K, committed 29460K, reserved 1075200K
  class space    used 3435K, capacity 3579K, committed 3608K, reserved 1048576K
2015-09-09T11:11:24.737+0200: 38.323: [GC (Allocation Failure) 38.323: [ParNew
Desired survivor size 20112992 bytes, new threshold 8 (max 8)
- age   1:    2482712 bytes,    2482712 total
- age   2:    8770120 bytes,   11252832 total
- age   3:    2770384 bytes,   14023216 total
- age   4:    1744640 bytes,   15767856 total
- age   5:     925008 bytes,   16692864 total
- age   6:    1211792 bytes,   17904656 total
- age   7:     636640 bytes,   18541296 total
- age   8:     426480 bytes,   18967776 total
: 109248K->21824K(109248K), 0.0087692 secs] 171167K->87259K(502464K), 0.0088703 secs] [Times: user=0.00 sys=0.00, real=0.01 secs] 
Heap after GC invocations=21 (full 1):
 par new generation   total 109248K, used 21824K [0x00000000e0000000, 0x00000000e8000000, 0x00000000e8000000)
  eden space 87424K,   0% used [0x00000000e0000000, 0x00000000e0000000, 0x00000000e5560000)
  from space 21824K, 100% used [0x00000000e6ab0000, 0x00000000e8000000, 0x00000000e8000000)
  to   space 21824K,   0% used [0x00000000e5560000, 0x00000000e5560000, 0x00000000e6ab0000)
 concurrent mark-sweep generation total 393216K, used 65435K [0x00000000e8000000, 0x0000000100000000, 0x0000000100000000)
 Metaspace       used 28784K, capacity 29158K, committed 29460K, reserved 1075200K
  class space    used 3435K, capacity 3579K, committed 3608K, reserved 1048576K
}
2015-09-09T11:11:24.746+0200: 38.332: Total time for which application threads were stopped: 0.0090025 seconds, Stopping threads took: 0.0000138 seconds
{Heap before GC invocations=21 (full 1):
 par new generation   total 109248K, used 109248K [0x00000000e0000000, 0x00000000e8000000, 0x00000000e8000000)
  eden space 87424K, 100% used [0x00000000e0000000, 0x00000000e5560000, 0x00000000e5560000)
  from space 21824K, 100% used [0x00000000e6ab0000, 0x00000000e8000000, 0x00000000e8000000)
  to   space 21824K,   0% used [0x00000000e5560000, 0x00000000e5560000, 0x00000000e6ab0000)
 concurrent mark-sweep generation total 393216K, used 65435K [0x00000000e8000000, 0x0000000100000000, 0x0000000100000000)
 Metaspace       used 28784K, capacity 29158K, committed 29460K, reserved 1075200K
  class space    used 3435K, capacity 3579K, committed 3608K, reserved 1048576K
2015-09-09T11:11:25.012+0200: 38.598: [GC (Allocation Failure) 38.598: [ParNew
Desired survivor size 20112992 bytes, new threshold 8 (max 8)
- age   1:    8356280 bytes,    8356280 total
- age   2:    1993384 bytes,   10349664 total
- age   3:    1912496 bytes,   12262160 total
- age   4:    2758208 bytes,   15020368 total
- age   5:    1731424 bytes,   16751792 total
- age   6:     912552 bytes,   17664344 total
- age   7:    1204296 bytes,   18868640 total
- age   8:     629568 bytes,   19498208 total
: 109248K->21824K(109248K), 0.0097573 secs] 174683K->91803K(502464K), 0.0098041 secs] [Times: user=0.06 sys=0.00, real=0.01 secs] 
Heap after GC invocations=22 (full 1):
 par new generation   total 109248K, used 21824K [0x00000000e0000000, 0x00000000e8000000, 0x00000000e8000000)
  eden space 87424K,   0% used [0x00000000e0000000, 0x00000000e0000000, 0x00000000e5560000)
  from space 21824K, 100% used [0x00000000e5560000, 0x00000000e6ab0000, 0x00000000e6ab0000)
  to   space 21824K,   0% used [0x00000000e6ab0000, 0x00000000e6ab0000, 0x00000000e8000000)
 concurrent mark-sweep generation total 393216K, used 69979K [0x00000000e8000000, 0x0000000100000000, 0x0000000100000000)
 Metaspace       used 28784K, capacity 29158K, committed 29460K, reserved 1075200K
  class space    used 3435K, capacity 3579K, committed 3608K, reserved 1048576K
}
2015-09-09T11:11:25.022+0200: 38.608: Total time for which application threads were stopped: 0.0099391 seconds, Stopping threads took: 0.0000141 seconds
{Heap before GC invocations=22 (full 1):
 par new generation   total 109248K, used 109248K [0x00000000e0000000, 0x00000000e8000000, 0x00000000e8000000)
  eden space 87424K, 100% used [0x00000000e0000000, 0x00000000e5560000, 0x00000000e5560000)
  from space 21824K, 100% used [0x00000000e5560000, 0x00000000e6ab0000, 0x00000000e6ab0000)
  to   space 21824K,   0% used [0x00000000e6ab0000, 0x00000000e6ab0000, 0x00000000e8000000)
 concurrent mark-sweep generation total 393216K, used 69979K [0x00000000e8000000, 0x0000000100000000, 0x0000000100000000)
 Metaspace       used 28785K, capacity 29158K, committed 29460K, reserved 1075200K
  class space    used 3435K, capacity 3579K, committed 3608K, reserved 1048576K
2015-09-09T11:11:25.318+0200: 38.904: [GC (Allocation Failure) 38.904: [ParNew
Desired survivor size 20112992 bytes, new threshold 8 (max 8)
- age   1:    2570904 bytes,    2570904 total
- age   2:    7240824 bytes,    9811728 total
- age   3:    1808048 bytes,   11619776 total
- age   4:    1859128 bytes,   13478904 total
- age   5:    2736784 bytes,   16215688 total
- age   6:    1714440 bytes,   17930128 total
- age   7:     897320 bytes,   18827448 total
- age   8:    1192072 bytes,   20019520 total
: 109248K->21824K(109248K), 0.0090617 secs] 179227K->94177K(502464K), 0.0091129 secs] [Times: user=0.00 sys=0.00, real=0.01 secs] 
Heap after GC invocations=23 (full 1):
 par new generation   total 109248K, used 21824K [0x00000000e0000000, 0x00000000e8000000, 0x00000000e8000000)
  eden space 87424K,   0% used [0x00000000e0000000, 0x00000000e0000000, 0x00000000e5560000)
  from space 21824K, 100% used [0x00000000e6ab0000, 0x00000000e8000000, 0x00000000e8000000)
  to   space 21824K,   0% used [0x00000000e5560000, 0x00000000e5560000, 0x00000000e6ab0000)
 concurrent mark-sweep generation total 393216K, used 72353K [0x00000000e8000000, 0x0000000100000000, 0x0000000100000000)
 Metaspace       used 28785K, capacity 29158K, committed 29460K, reserved 1075200K
  class space    used 3435K, capacity 3579K, committed 3608K, reserved 1048576K
}
2015-09-09T11:11:25.327+0200: 38.913: Total time for which application threads were stopped: 0.0092466 seconds, Stopping threads took: 0.0000144 seconds
{Heap before GC invocations=23 (full 1):
 par new generation   total 109248K, used 109248K [0x00000000e0000000, 0x00000000e8000000, 0x00000000e8000000)
  eden space 87424K, 100% used [0x00000000e0000000, 0x00000000e5560000, 0x00000000e5560000)
  from space 21824K, 100% used [0x00000000e6ab0000, 0x00000000e8000000, 0x00000000e8000000)
  to   space 21824K,   0% used [0x00000000e5560000, 0x00000000e5560000, 0x00000000e6ab0000)
 concurrent mark-sweep generation total 393216K, used 72353K [0x00000000e8000000, 0x0000000100000000, 0x0000000100000000)
 Metaspace       used 28785K, capacity 29158K, committed 29460K, reserved 1075200K
  class space    used 3435K, capacity 3579K, committed 3608K, reserved 1048576K
2015-09-09T11:11:25.613+0200: 39.199: [GC (Allocation Failure) 39.199: [ParNew
Desired survivor size 20112992 bytes, new threshold 8 (max 8)
- age   1:    3619512 bytes,    3619512 total
- age   2:    1783240 bytes,    5402752 total
- age   3:    5473072 bytes,   10875824 total
- age   4:    1416792 bytes,   12292616 total
- age   5:    1564136 bytes,   13856752 total
- age   6:    2692920 bytes,   16549672 total
- age   7:    1678352 bytes,   18228024 total
- age   8:     865872 bytes,   19093896 total
: 109248K->21824K(109248K), 0.0104383 secs] 181601K->100315K(502464K), 0.0104837 secs] [Times: user=0.00 sys=0.00, real=0.01 secs] 
Heap after GC invocations=24 (full 1):
 par new generation   total 109248K, used 21824K [0x00000000e0000000, 0x00000000e8000000, 0x00000000e8000000)
  eden space 87424K,   0% used [0x00000000e0000000, 0x00000000e0000000, 0x00000000e5560000)
  from space 21824K, 100% used [0x00000000e5560000, 0x00000000e6ab0000, 0x00000000e6ab0000)
  to   space 21824K,   0% used [0x00000000e6ab0000, 0x00000000e6ab0000, 0x00000000e8000000)
 concurrent mark-sweep generation total 393216K, used 78491K [0x00000000e8000000, 0x0000000100000000, 0x0000000100000000)
 Metaspace       used 28785K, capacity 29158K, committed 29460K, reserved 1075200K
  class space    used 3435K, capacity 3579K, committed 3608K, reserved 1048576K
}
2015-09-09T11:11:25.624+0200: 39.209: Total time for which application threads were stopped: 0.0106229 seconds, Stopping threads took: 0.0000134 seconds
{Heap before GC invocations=24 (full 1):
 par new generation   total 109248K, used 109248K [0x00000000e0000000, 0x00000000e8000000, 0x00000000e8000000)
  eden space 87424K, 100% used [0x00000000e0000000, 0x00000000e5560000, 0x00000000e5560000)
  from space 21824K, 100% used [0x00000000e5560000, 0x00000000e6ab0000, 0x00000000e6ab0000)
  to   space 21824K,   0% used [0x00000000e6ab0000, 0x00000000e6ab0000, 0x00000000e8000000)
 concurrent mark-sweep generation total 393216K, used 78491K [0x00000000e8000000, 0x0000000100000000, 0x0000000100000000)
 Metaspace       used 28785K, capacity 29158K, committed 29460K, reserved 1075200K
  class space    used 3435K, capacity 3579K, committed 3608K, reserved 1048576K
2015-09-09T11:11:25.894+0200: 39.480: [GC (Allocation Failure) 39.480: [ParNew
Desired survivor size 20112992 bytes, new threshold 7 (max 8)
- age   1:    9707392 bytes,    9707392 total
- age   2:    3056320 bytes,   12763712 total
- age   3:    1474776 bytes,   14238488 total
- age   4:    1350384 bytes,   15588872 total
- age   5:    1142656 bytes,   16731528 total
- age   6:    1349904 bytes,   18081432 total
- age   7:    2473392 bytes,   20554824 total
- age   8:    1333936 bytes,   21888760 total
: 109248K->21824K(109248K), 0.0111087 secs] 187739K->105423K(502464K), 0.0111593 secs] [Times: user=0.00 sys=0.00, real=0.01 secs] 
Heap after GC invocations=25 (full 1):
 par new generation   total 109248K, used 21824K [0x00000000e0000000, 0x00000000e8000000, 0x00000000e8000000)
  eden space 87424K,   0% used [0x00000000e0000000, 0x00000000e0000000, 0x00000000e5560000)
  from space 21824K, 100% used [0x00000000e6ab0000, 0x00000000e8000000, 0x00000000e8000000)
  to   space 21824K,   0% used [0x00000000e5560000, 0x00000000e5560000, 0x00000000e6ab0000)
 concurrent mark-sweep generation total 393216K, used 83599K [0x00000000e8000000, 0x0000000100000000, 0x0000000100000000)
 Metaspace       used 28785K, capacity 29158K, committed 29460K, reserved 1075200K
  class space    used 3435K, capacity 3579K, committed 3608K, reserved 1048576K
}
2015-09-09T11:11:25.905+0200: 39.491: Total time for which application threads were stopped: 0.0112943 seconds, Stopping threads took: 0.0000134 seconds
{Heap before GC invocations=25 (full 1):
 par new generation   total 109248K, used 109248K [0x00000000e0000000, 0x00000000e8000000, 0x00000000e8000000)
  eden space 87424K, 100% used [0x00000000e0000000, 0x00000000e5560000, 0x00000000e5560000)
  from space 21824K, 100% used [0x00000000e6ab0000, 0x00000000e8000000, 0x00000000e8000000)
  to   space 21824K,   0% used [0x00000000e5560000, 0x00000000e5560000, 0x00000000e6ab0000)
 concurrent mark-sweep generation total 393216K, used 83599K [0x00000000e8000000, 0x0000000100000000, 0x0000000100000000)
 Metaspace       used 28785K, capacity 29158K, committed 29460K, reserved 1075200K
  class space    used 3435K, capacity 3579K, committed 3608K, reserved 1048576K
2015-09-09T11:11:26.191+0200: 39.777: [GC (Allocation Failure) 39.777: [ParNew
Desired survivor size 20112992 bytes, new threshold 8 (max 8)
- age   1:    2113680 bytes,    2113680 total
- age   2:    8585632 bytes,   10699312 total
- age   3:    1762792 bytes,   12462104 total
- age   4:    1444968 bytes,   13907072 total
- age   5:    1331392 bytes,   15238464 total
- age   6:    1114304 bytes,   16352768 total
- age   7:    1327464 bytes,   17680232 total
: 109248K->21824K(109248K), 0.0092562 secs] 192847K->114587K(502464K), 0.0093030 secs] [Times: user=0.00 sys=0.00, real=0.01 secs] 
Heap after GC invocations=26 (full 1):
 par new generation   total 109248K, used 21824K [0x00000000e0000000, 0x00000000e8000000, 0x00000000e8000000)
  eden space 87424K,   0% used [0x00000000e0000000, 0x00000000e0000000, 0x00000000e5560000)
  from space 21824K, 100% used [0x00000000e5560000, 0x00000000e6ab0000, 0x00000000e6ab0000)
  to   space 21824K,   0% used [0x00000000e6ab0000, 0x00000000e6ab0000, 0x00000000e8000000)
 concurrent mark-sweep generation total 393216K, used 92763K [0x00000000e8000000, 0x0000000100000000, 0x0000000100000000)
 Metaspace       used 28785K, capacity 29158K, committed 29460K, reserved 1075200K
  class space    used 3435K, capacity 3579K, committed 3608K, reserved 1048576K
}
2015-09-09T11:11:26.201+0200: 39.786: Total time for which application threads were stopped: 0.0094620 seconds, Stopping threads took: 0.0000144 seconds
{Heap before GC invocations=26 (full 1):
 par new generation   total 109248K, used 109248K [0x00000000e0000000, 0x00000000e8000000, 0x00000000e8000000)
  eden space 87424K, 100% used [0x00000000e0000000, 0x00000000e5560000, 0x00000000e5560000)
  from space 21824K, 100% used [0x00000000e5560000, 0x00000000e6ab0000, 0x00000000e6ab0000)
  to   space 21824K,   0% used [0x00000000e6ab0000, 0x00000000e6ab0000, 0x00000000e8000000)
 concurrent mark-sweep generation total 393216K, used 92763K [0x00000000e8000000, 0x0000000100000000, 0x0000000100000000)
 Metaspace       used 28785K, capacity 29158K, committed 29460K, reserved 1075200K
  class space    used 3435K, capacity 3579K, committed 3608K, reserved 1048576K
2015-09-09T11:11:26.512+0200: 40.097: [GC (Allocation Failure) 40.097: [ParNew
Desired survivor size 20112992 bytes, new threshold 8 (max 8)
- age   1:    3747528 bytes,    3747528 total
- age   2:    2003888 bytes,    5751416 total
- age   3:    7993712 bytes,   13745128 total
- age   4:    1311640 bytes,   15056768 total
- age   5:    1389816 bytes,   16446584 total
- age   6:    1281016 bytes,   17727600 total
- age   7:    1045992 bytes,   18773592 total
- age   8:    1267632 bytes,   20041224 total
: 109248K->21824K(109248K), 0.0092511 secs] 202011K->119903K(502464K), 0.0092982 secs] [Times: user=0.06 sys=0.00, real=0.01 secs] 
Heap after GC invocations=27 (full 1):
 par new generation   total 109248K, used 21824K [0x00000000e0000000, 0x00000000e8000000, 0x00000000e8000000)
  eden space 87424K,   0% used [0x00000000e0000000, 0x00000000e0000000, 0x00000000e5560000)
  from space 21824K, 100% used [0x00000000e6ab0000, 0x00000000e8000000, 0x00000000e8000000)
  to   space 21824K,   0% used [0x00000000e5560000, 0x00000000e5560000, 0x00000000e6ab0000)
 concurrent mark-sweep generation total 393216K, used 98079K [0x00000000e8000000, 0x0000000100000000, 0x0000000100000000)
 Metaspace       used 28785K, capacity 29158K, committed 29460K, reserved 1075200K
  class space    used 3435K, capacity 3579K, committed 3608K, reserved 1048576K
}
2015-09-09T11:11:26.521+0200: 40.107: Total time for which application threads were stopped: 0.0094482 seconds, Stopping threads took: 0.0000227 seconds
{Heap before GC invocations=27 (full 1):
 par new generation   total 109248K, used 109248K [0x00000000e0000000, 0x00000000e8000000, 0x00000000e8000000)
  eden space 87424K, 100% used [0x00000000e0000000, 0x00000000e5560000, 0x00000000e5560000)
  from space 21824K, 100% used [0x00000000e6ab0000, 0x00000000e8000000, 0x00000000e8000000)
  to   space 21824K,   0% used [0x00000000e5560000, 0x00000000e5560000, 0x00000000e6ab0000)
 concurrent mark-sweep generation total 393216K, used 98079K [0x00000000e8000000, 0x0000000100000000, 0x0000000100000000)
 Metaspace       used 28785K, capacity 29158K, committed 29460K, reserved 1075200K
  class space    used 3435K, capacity 3579K, committed 3608K, reserved 1048576K
2015-09-09T11:11:26.788+0200: 40.374: [GC (Allocation Failure) 40.374: [ParNew
Desired survivor size 20112992 bytes, new threshold 8 (max 8)
- age   1:    8602440 bytes,    8602440 total
- age   2:    3577176 bytes,   12179616 total
- age   3:    1996632 bytes,   14176248 total
- age   4:    1462048 bytes,   15638296 total
- age   5:    1310736 bytes,   16949032 total
- age   6:    1388648 bytes,   18337680 total
- age   7:    1280456 bytes,   19618136 total
- age   8:    1045128 bytes,   20663264 total
: 109248K->21824K(109248K), 0.0091487 secs] 207327K->123873K(502464K), 0.0091974 secs] [Times: user=0.06 sys=0.00, real=0.01 secs] 
Heap after GC invocations=28 (full 1):
 par new generation   total 109248K, used 21824K [0x00000000e0000000, 0x00000000e8000000, 0x00000000e8000000)
  eden space 87424K,   0% used [0x00000000e0000000, 0x00000000e0000000, 0x00000000e5560000)
  from space 21824K, 100% used [0x00000000e5560000, 0x00000000e6ab0000, 0x00000000e6ab0000)
  to   space 21824K,   0% used [0x00000000e6ab0000, 0x00000000e6ab0000, 0x00000000e8000000)
 concurrent mark-sweep generation total 393216K, used 102049K [0x00000000e8000000, 0x0000000100000000, 0x0000000100000000)
 Metaspace       used 28785K, capacity 29158K, committed 29460K, reserved 1075200K
  class space    used 3435K, capacity 3579K, committed 3608K, reserved 1048576K
}
2015-09-09T11:11:26.797+0200: 40.383: Total time for which application threads were stopped: 0.0093362 seconds, Stopping threads took: 0.0000141 seconds
{Heap before GC invocations=28 (full 1):
 par new generation   total 109248K, used 109248K [0x00000000e0000000, 0x00000000e8000000, 0x00000000e8000000)
  eden space 87424K, 100% used [0x00000000e0000000, 0x00000000e5560000, 0x00000000e5560000)
  from space 21824K, 100% used [0x00000000e5560000, 0x00000000e6ab0000, 0x00000000e6ab0000)
  to   space 21824K,   0% used [0x00000000e6ab0000, 0x00000000e6ab0000, 0x00000000e8000000)
 concurrent mark-sweep generation total 393216K, used 102049K [0x00000000e8000000, 0x0000000100000000, 0x0000000100000000)
 Metaspace       used 28785K, capacity 29158K, committed 29460K, reserved 1075200K
  class space    used 3435K, capacity 3579K, committed 3608K, reserved 1048576K
2015-09-09T11:11:27.081+0200: 40.667: [GC (Allocation Failure) 40.667: [ParNew
Desired survivor size 20112992 bytes, new threshold 7 (max 8)
- age   1:    5895336 bytes,    5895336 total
- age   2:    8153440 bytes,   14048776 total
- age   3:    2233304 bytes,   16282080 total
- age   4:     523504 bytes,   16805584 total
- age   5:     914184 bytes,   17719768 total
- age   6:    1297392 bytes,   19017160 total
- age   7:    1378776 bytes,   20395936 total
- age   8:    1272952 bytes,   21668888 total
: 109248K->21824K(109248K), 0.0094614 secs] 211297K->128145K(502464K), 0.0095090 secs] [Times: user=0.02 sys=0.02, real=0.01 secs] 
Heap after GC invocations=29 (full 1):
 par new generation   total 109248K, used 21824K [0x00000000e0000000, 0x00000000e8000000, 0x00000000e8000000)
  eden space 87424K,   0% used [0x00000000e0000000, 0x00000000e0000000, 0x00000000e5560000)
  from space 21824K, 100% used [0x00000000e6ab0000, 0x00000000e8000000, 0x00000000e8000000)
  to   space 21824K,   0% used [0x00000000e5560000, 0x00000000e5560000, 0x00000000e6ab0000)
 concurrent mark-sweep generation total 393216K, used 106321K [0x00000000e8000000, 0x0000000100000000, 0x0000000100000000)
 Metaspace       used 28785K, capacity 29158K, committed 29460K, reserved 1075200K
  class space    used 3435K, capacity 3579K, committed 3608K, reserved 1048576K
}
2015-09-09T11:11:27.091+0200: 40.677: Total time for which application threads were stopped: 0.0096457 seconds, Stopping threads took: 0.0000144 seconds
{Heap before GC invocations=29 (full 1):
 par new generation   total 109248K, used 109248K [0x00000000e0000000, 0x00000000e8000000, 0x00000000e8000000)
  eden space 87424K, 100% used [0x00000000e0000000, 0x00000000e5560000, 0x00000000e5560000)
  from space 21824K, 100% used [0x00000000e6ab0000, 0x00000000e8000000, 0x00000000e8000000)
  to   space 21824K,   0% used [0x00000000e5560000, 0x00000000e5560000, 0x00000000e6ab0000)
 concurrent mark-sweep generation total 393216K, used 106321K [0x00000000e8000000, 0x0000000100000000, 0x0000000100000000)
 Metaspace       used 28787K, capacity 29158K, committed 29460K, reserved 1075200K
  class space    used 3435K, capacity 3579K, committed 3608K, reserved 1048576K
2015-09-09T11:11:27.382+0200: 40.968: [GC (Allocation Failure) 40.968: [ParNew
Desired survivor size 20112992 bytes, new threshold 7 (max 8)
- age   1:    2518640 bytes,    2518640 total
- age   2:    5708592 bytes,    8227232 total
- age   3:    7940800 bytes,   16168032 total
- age   4:    2088952 bytes,   18256984 total
- age   5:     385128 bytes,   18642112 total
- age   6:     858472 bytes,   19500584 total
- age   7:    1286336 bytes,   20786920 total
: 109248K->21824K(109248K), 0.0094978 secs] 215569K->132578K(502464K), 0.0095458 secs] [Times: user=0.06 sys=0.00, real=0.01 secs] 
Heap after GC invocations=30 (full 1):
 par new generation   total 109248K, used 21824K [0x00000000e0000000, 0x00000000e8000000, 0x00000000e8000000)
  eden space 87424K,   0% used [0x00000000e0000000, 0x00000000e0000000, 0x00000000e5560000)
  from space 21824K, 100% used [0x00000000e5560000, 0x00000000e6ab0000, 0x00000000e6ab0000)
  to   space 21824K,   0% used [0x00000000e6ab0000, 0x00000000e6ab0000, 0x00000000e8000000)
 concurrent mark-sweep generation total 393216K, used 110754K [0x00000000e8000000, 0x0000000100000000, 0x0000000100000000)
 Metaspace       used 28787K, capacity 29158K, committed 29460K, reserved 1075200K
  class space    used 3435K, capacity 3579K, committed 3608K, reserved 1048576K
}
2015-09-09T11:11:27.392+0200: 40.978: Total time for which application threads were stopped: 0.0096854 seconds, Stopping threads took: 0.0000131 seconds
{Heap before GC invocations=30 (full 1):
 par new generation   total 109248K, used 109248K [0x00000000e0000000, 0x00000000e8000000, 0x00000000e8000000)
  eden space 87424K, 100% used [0x00000000e0000000, 0x00000000e5560000, 0x00000000e5560000)
  from space 21824K, 100% used [0x00000000e5560000, 0x00000000e6ab0000, 0x00000000e6ab0000)
  to   space 21824K,   0% used [0x00000000e6ab0000, 0x00000000e6ab0000, 0x00000000e8000000)
 concurrent mark-sweep generation total 393216K, used 110754K [0x00000000e8000000, 0x0000000100000000, 0x0000000100000000)
 Metaspace       used 28787K, capacity 29158K, committed 29460K, reserved 1075200K
  class space    used 3435K, capacity 3579K, committed 3608K, reserved 1048576K
2015-09-09T11:11:27.671+0200: 41.257: [GC (Allocation Failure) 41.257: [ParNew
Desired survivor size 20112992 bytes, new threshold 7 (max 8)
- age   1:    9555624 bytes,    9555624 total
- age   2:    1462056 bytes,   11017680 total
- age   3:    5425976 bytes,   16443656 total
- age   4:    1603712 bytes,   18047368 total
- age   5:    1552280 bytes,   19599648 total
- age   6:     379416 bytes,   19979064 total
- age   7:     855040 bytes,   20834104 total
: 109248K->21824K(109248K), 0.0097177 secs] 220002K->141321K(502464K), 0.0097855 secs] [Times: user=0.00 sys=0.00, real=0.01 secs] 
Heap after GC invocations=31 (full 1):
 par new generation   total 109248K, used 21824K [0x00000000e0000000, 0x00000000e8000000, 0x00000000e8000000)
  eden space 87424K,   0% used [0x00000000e0000000, 0x00000000e0000000, 0x00000000e5560000)
  from space 21824K, 100% used [0x00000000e6ab0000, 0x00000000e8000000, 0x00000000e8000000)
  to   space 21824K,   0% used [0x00000000e5560000, 0x00000000e5560000, 0x00000000e6ab0000)
 concurrent mark-sweep generation total 393216K, used 119497K [0x00000000e8000000, 0x0000000100000000, 0x0000000100000000)
 Metaspace       used 28787K, capacity 29158K, committed 29460K, reserved 1075200K
  class space    used 3435K, capacity 3579K, committed 3608K, reserved 1048576K
}
2015-09-09T11:11:27.681+0200: 41.267: Total time for which application threads were stopped: 0.0099177 seconds, Stopping threads took: 0.0000138 seconds
{Heap before GC invocations=31 (full 1):
 par new generation   total 109248K, used 109248K [0x00000000e0000000, 0x00000000e8000000, 0x00000000e8000000)
  eden space 87424K, 100% used [0x00000000e0000000, 0x00000000e5560000, 0x00000000e5560000)
  from space 21824K, 100% used [0x00000000e6ab0000, 0x00000000e8000000, 0x00000000e8000000)
  to   space 21824K,   0% used [0x00000000e5560000, 0x00000000e5560000, 0x00000000e6ab0000)
 concurrent mark-sweep generation total 393216K, used 119497K [0x00000000e8000000, 0x0000000100000000, 0x0000000100000000)
 Metaspace       used 28791K, capacity 29158K, committed 29460K, reserved 1075200K
  class space    used 3435K, capacity 3579K, committed 3608K, reserved 1048576K
2015-09-09T11:11:27.963+0200: 41.548: [GC (Allocation Failure) 41.548: [ParNew
Desired survivor size 20112992 bytes, new threshold 8 (max 8)
- age   1:    3552296 bytes,    3552296 total
- age   2:    9158448 bytes,   12710744 total
- age   3:    1155824 bytes,   13866568 total
- age   4:    1655752 bytes,   15522320 total
- age   5:    1539520 bytes,   17061840 total
- age   6:    1519632 bytes,   18581472 total
- age   7:     363152 bytes,   18944624 total
: 109248K->21824K(109248K), 0.0100466 secs] 228745K->146488K(502464K), 0.0100956 secs] [Times: user=0.06 sys=0.00, real=0.01 secs] 
Heap after GC invocations=32 (full 1):
 par new generation   total 109248K, used 21824K [0x00000000e0000000, 0x00000000e8000000, 0x00000000e8000000)
  eden space 87424K,   0% used [0x00000000e0000000, 0x00000000e0000000, 0x00000000e5560000)
  from space 21824K, 100% used [0x00000000e5560000, 0x00000000e6ab0000, 0x00000000e6ab0000)
  to   space 21824K,   0% used [0x00000000e6ab0000, 0x00000000e6ab0000, 0x00000000e8000000)
 concurrent mark-sweep generation total 393216K, used 124664K [0x00000000e8000000, 0x0000000100000000, 0x0000000100000000)
 Metaspace       used 28791K, capacity 29158K, committed 29460K, reserved 1075200K
  class space    used 3435K, capacity 3579K, committed 3608K, reserved 1048576K
}
2015-09-09T11:11:27.973+0200: 41.558: Total time for which application threads were stopped: 0.0102290 seconds, Stopping threads took: 0.0000144 seconds
{Heap before GC invocations=32 (full 1):
 par new generation   total 109248K, used 109248K [0x00000000e0000000, 0x00000000e8000000, 0x00000000e8000000)
  eden space 87424K, 100% used [0x00000000e0000000, 0x00000000e5560000, 0x00000000e5560000)
  from space 21824K, 100% used [0x00000000e5560000, 0x00000000e6ab0000, 0x00000000e6ab0000)
  to   space 21824K,   0% used [0x00000000e6ab0000, 0x00000000e6ab0000, 0x00000000e8000000)
 concurrent mark-sweep generation total 393216K, used 124664K [0x00000000e8000000, 0x0000000100000000, 0x0000000100000000)
 Metaspace       used 28793K, capacity 29158K, committed 29460K, reserved 1075200K
  class space    used 3435K, capacity 3579K, committed 3608K, reserved 1048576K
2015-09-09T11:11:28.265+0200: 41.850: [GC (Allocation Failure) 41.850: [ParNew
Desired survivor size 20112992 bytes, new threshold 8 (max 8)
- age   1:    2447024 bytes,    2447024 total
- age   2:    3428104 bytes,    5875128 total
- age   3:    7665000 bytes,   13540128 total
- age   4:    1074528 bytes,   14614656 total
- age   5:    1551200 bytes,   16165856 total
- age   6:    1437208 bytes,   17603064 total
- age   7:    1422824 bytes,   19025888 total
- age   8:     270800 bytes,   19296688 total
: 109248K->21824K(109248K), 0.0103673 secs] 233912K->148977K(502464K), 0.0104149 secs] [Times: user=0.00 sys=0.00, real=0.01 secs] 
Heap after GC invocations=33 (full 1):
 par new generation   total 109248K, used 21824K [0x00000000e0000000, 0x00000000e8000000, 0x00000000e8000000)
  eden space 87424K,   0% used [0x00000000e0000000, 0x00000000e0000000, 0x00000000e5560000)
  from space 21824K, 100% used [0x00000000e6ab0000, 0x00000000e8000000, 0x00000000e8000000)
  to   space 21824K,   0% used [0x00000000e5560000, 0x00000000e5560000, 0x00000000e6ab0000)
 concurrent mark-sweep generation total 393216K, used 127153K [0x00000000e8000000, 0x0000000100000000, 0x0000000100000000)
 Metaspace       used 28793K, capacity 29158K, committed 29460K, reserved 1075200K
  class space    used 3435K, capacity 3579K, committed 3608K, reserved 1048576K
}
2015-09-09T11:11:28.275+0200: 41.860: Total time for which application threads were stopped: 0.0105615 seconds, Stopping threads took: 0.0000138 seconds
{Heap before GC invocations=33 (full 1):
 par new generation   total 109248K, used 109248K [0x00000000e0000000, 0x00000000e8000000, 0x00000000e8000000)
  eden space 87424K, 100% used [0x00000000e0000000, 0x00000000e5560000, 0x00000000e5560000)
  from space 21824K, 100% used [0x00000000e6ab0000, 0x00000000e8000000, 0x00000000e8000000)
  to   space 21824K,   0% used [0x00000000e5560000, 0x00000000e5560000, 0x00000000e6ab0000)
 concurrent mark-sweep generation total 393216K, used 127153K [0x00000000e8000000, 0x0000000100000000, 0x0000000100000000)
 Metaspace       used 28795K, capacity 29158K, committed 29460K, reserved 1075200K
  class space    used 3435K, capacity 3579K, committed 3608K, reserved 1048576K
2015-09-09T11:11:28.566+0200: 42.151: [GC (Allocation Failure) 42.151: [ParNew
Desired survivor size 20112992 bytes, new threshold 8 (max 8)
- age   1:    2036200 bytes,    2036200 total
- age   2:    1893312 bytes,    3929512 total
- age   3:    3254488 bytes,    7184000 total
- age   4:    7522704 bytes,   14706704 total
- age   5:     679792 bytes,   15386496 total
- age   6:    1474224 bytes,   16860720 total
- age   7:    1373112 bytes,   18233832 total
- age   8:    1387560 bytes,   19621392 total
: 109248K->21824K(109248K), 0.0101404 secs] 236401K->151886K(502464K), 0.0101897 secs] [Times: user=0.06 sys=0.00, real=0.01 secs] 
Heap after GC invocations=34 (full 1):
 par new generation   total 109248K, used 21824K [0x00000000e0000000, 0x00000000e8000000, 0x00000000e8000000)
  eden space 87424K,   0% used [0x00000000e0000000, 0x00000000e0000000, 0x00000000e5560000)
  from space 21824K, 100% used [0x00000000e5560000, 0x00000000e6ab0000, 0x00000000e6ab0000)
  to   space 21824K,   0% used [0x00000000e6ab0000, 0x00000000e6ab0000, 0x00000000e8000000)
 concurrent mark-sweep generation total 393216K, used 130062K [0x00000000e8000000, 0x0000000100000000, 0x0000000100000000)
 Metaspace       used 28795K, capacity 29158K, committed 29460K, reserved 1075200K
  class space    used 3435K, capacity 3579K, committed 3608K, reserved 1048576K
}
2015-09-09T11:11:28.577+0200: 42.161: Total time for which application threads were stopped: 0.0103257 seconds, Stopping threads took: 0.0000141 seconds
{Heap before GC invocations=34 (full 1):
 par new generation   total 109248K, used 109248K [0x00000000e0000000, 0x00000000e8000000, 0x00000000e8000000)
  eden space 87424K, 100% used [0x00000000e0000000, 0x00000000e5560000, 0x00000000e5560000)
  from space 21824K, 100% used [0x00000000e5560000, 0x00000000e6ab0000, 0x00000000e6ab0000)
  to   space 21824K,   0% used [0x00000000e6ab0000, 0x00000000e6ab0000, 0x00000000e8000000)
 concurrent mark-sweep generation total 393216K, used 130062K [0x00000000e8000000, 0x0000000100000000, 0x0000000100000000)
 Metaspace       used 28795K, capacity 29158K, committed 29460K, reserved 1075200K
  class space    used 3435K, capacity 3579K, committed 3608K, reserved 1048576K
2015-09-09T11:11:28.822+0200: 42.407: [GC (Allocation Failure) 42.407: [ParNew
Desired survivor size 20112992 bytes, new threshold 8 (max 8)
- age   1:    9660880 bytes,    9660880 total
- age   2:    1459456 bytes,   11120336 total
- age   3:    1047944 bytes,   12168280 total
- age   4:    1411288 bytes,   13579568 total
- age   5:    3367872 bytes,   16947440 total
- age   6:     655352 bytes,   17602792 total
- age   7:    1449720 bytes,   19052512 total
- age   8:    1350024 bytes,   20402536 total
: 109248K->21824K(109248K), 0.0108738 secs] 239310K->163546K(502464K), 0.0109330 secs] [Times: user=0.06 sys=0.00, real=0.01 secs] 
Heap after GC invocations=35 (full 1):
 par new generation   total 109248K, used 21824K [0x00000000e0000000, 0x00000000e8000000, 0x00000000e8000000)
  eden space 87424K,   0% used [0x00000000e0000000, 0x00000000e0000000, 0x00000000e5560000)
  from space 21824K, 100% used [0x00000000e6ab0000, 0x00000000e8000000, 0x00000000e8000000)
  to   space 21824K,   0% used [0x00000000e5560000, 0x00000000e5560000, 0x00000000e6ab0000)
 concurrent mark-sweep generation total 393216K, used 141722K [0x00000000e8000000, 0x0000000100000000, 0x0000000100000000)
 Metaspace       used 28795K, capacity 29158K, committed 29460K, reserved 1075200K
  class space    used 3435K, capacity 3579K, committed 3608K, reserved 1048576K
}
2015-09-09T11:11:28.833+0200: 42.418: Total time for which application threads were stopped: 0.0110677 seconds, Stopping threads took: 0.0000147 seconds
{Heap before GC invocations=35 (full 1):
 par new generation   total 109248K, used 109248K [0x00000000e0000000, 0x00000000e8000000, 0x00000000e8000000)
  eden space 87424K, 100% used [0x00000000e0000000, 0x00000000e5560000, 0x00000000e5560000)
  from space 21824K, 100% used [0x00000000e6ab0000, 0x00000000e8000000, 0x00000000e8000000)
  to   space 21824K,   0% used [0x00000000e5560000, 0x00000000e5560000, 0x00000000e6ab0000)
 concurrent mark-sweep generation total 393216K, used 141722K [0x00000000e8000000, 0x0000000100000000, 0x0000000100000000)
 Metaspace       used 28795K, capacity 29158K, committed 29460K, reserved 1075200K
  class space    used 3435K, capacity 3579K, committed 3608K, reserved 1048576K
2015-09-09T11:11:29.128+0200: 42.712: [GC (Allocation Failure) 42.712: [ParNew
Desired survivor size 20112992 bytes, new threshold 8 (max 8)
- age   1:    2226752 bytes,    2226752 total
- age   2:    8643144 bytes,   10869896 total
- age   3:    1363952 bytes,   12233848 total
- age   4:     937512 bytes,   13171360 total
- age   5:    1402064 bytes,   14573424 total
- age   6:    3365024 bytes,   17938448 total
- age   7:     650000 bytes,   18588448 total
- age   8:    1447344 bytes,   20035792 total
: 109248K->21824K(109248K), 0.0093814 secs] 250970K->166725K(502464K), 0.0094284 secs] [Times: user=0.03 sys=0.00, real=0.01 secs] 
Heap after GC invocations=36 (full 1):
 par new generation   total 109248K, used 21824K [0x00000000e0000000, 0x00000000e8000000, 0x00000000e8000000)
  eden space 87424K,   0% used [0x00000000e0000000, 0x00000000e0000000, 0x00000000e5560000)
  from space 21824K, 100% used [0x00000000e5560000, 0x00000000e6ab0000, 0x00000000e6ab0000)
  to   space 21824K,   0% used [0x00000000e6ab0000, 0x00000000e6ab0000, 0x00000000e8000000)
 concurrent mark-sweep generation total 393216K, used 144901K [0x00000000e8000000, 0x0000000100000000, 0x0000000100000000)
 Metaspace       used 28795K, capacity 29158K, committed 29460K, reserved 1075200K
  class space    used 3435K, capacity 3579K, committed 3608K, reserved 1048576K
}
2015-09-09T11:11:29.137+0200: 42.722: Total time for which application threads were stopped: 0.0095798 seconds, Stopping threads took: 0.0000138 seconds
{Heap before GC invocations=36 (full 1):
 par new generation   total 109248K, used 109248K [0x00000000e0000000, 0x00000000e8000000, 0x00000000e8000000)
  eden space 87424K, 100% used [0x00000000e0000000, 0x00000000e5560000, 0x00000000e5560000)
  from space 21824K, 100% used [0x00000000e5560000, 0x00000000e6ab0000, 0x00000000e6ab0000)
  to   space 21824K,   0% used [0x00000000e6ab0000, 0x00000000e6ab0000, 0x00000000e8000000)
 concurrent mark-sweep generation total 393216K, used 144901K [0x00000000e8000000, 0x0000000100000000, 0x0000000100000000)
 Metaspace       used 28795K, capacity 29158K, committed 29460K, reserved 1075200K
  class space    used 3435K, capacity 3579K, committed 3608K, reserved 1048576K
2015-09-09T11:11:29.431+0200: 43.016: [GC (Allocation Failure) 43.016: [ParNew
Desired survivor size 20112992 bytes, new threshold 8 (max 8)
- age   1:    2005208 bytes,    2005208 total
- age   2:    2169072 bytes,    4174280 total
- age   3:    8586840 bytes,   12761120 total
- age   4:    1148408 bytes,   13909528 total
- age   5:     923296 bytes,   14832824 total
- age   6:    1386760 bytes,   16219584 total
- age   7:    3358968 bytes,   19578552 total
- age   8:     646776 bytes,   20225328 total
: 109248K->21824K(109248K), 0.0100405 secs] 254149K->169176K(502464K), 0.0100885 secs] [Times: user=0.06 sys=0.00, real=0.01 secs] 
Heap after GC invocations=37 (full 1):
 par new generation   total 109248K, used 21824K [0x00000000e0000000, 0x00000000e8000000, 0x00000000e8000000)
  eden space 87424K,   0% used [0x00000000e0000000, 0x00000000e0000000, 0x00000000e5560000)
  from space 21824K, 100% used [0x00000000e6ab0000, 0x00000000e8000000, 0x00000000e8000000)
  to   space 21824K,   0% used [0x00000000e5560000, 0x00000000e5560000, 0x00000000e6ab0000)
 concurrent mark-sweep generation total 393216K, used 147352K [0x00000000e8000000, 0x0000000100000000, 0x0000000100000000)
 Metaspace       used 28795K, capacity 29158K, committed 29460K, reserved 1075200K
  class space    used 3435K, capacity 3579K, committed 3608K, reserved 1048576K
}
2015-09-09T11:11:29.441+0200: 43.026: Total time for which application threads were stopped: 0.0102255 seconds, Stopping threads took: 0.0000138 seconds
{Heap before GC invocations=37 (full 1):
 par new generation   total 109248K, used 109248K [0x00000000e0000000, 0x00000000e8000000, 0x00000000e8000000)
  eden space 87424K, 100% used [0x00000000e0000000, 0x00000000e5560000, 0x00000000e5560000)
  from space 21824K, 100% used [0x00000000e6ab0000, 0x00000000e8000000, 0x00000000e8000000)
  to   space 21824K,   0% used [0x00000000e5560000, 0x00000000e5560000, 0x00000000e6ab0000)
 concurrent mark-sweep generation total 393216K, used 147352K [0x00000000e8000000, 0x0000000100000000, 0x0000000100000000)
 Metaspace       used 28795K, capacity 29158K, committed 29460K, reserved 1075200K
  class space    used 3435K, capacity 3579K, committed 3608K, reserved 1048576K
2015-09-09T11:11:29.717+0200: 43.302: [GC (Allocation Failure) 43.302: [ParNew
Desired survivor size 20112992 bytes, new threshold 8 (max 8)
- age   1:    4566464 bytes,    4566464 total
- age   2:    1893152 bytes,    6459616 total
- age   3:    1932056 bytes,    8391672 total
- age   4:    5008328 bytes,   13400000 total
- age   5:    1139496 bytes,   14539496 total
- age   6:     914448 bytes,   15453944 total
- age   7:    1381560 bytes,   16835504 total
- age   8:    3352264 bytes,   20187768 total
: 109248K->21824K(109248K), 0.0109493 secs] 256600K->175573K(502464K), 0.0109957 secs] [Times: user=0.00 sys=0.00, real=0.01 secs] 
Heap after GC invocations=38 (full 1):
 par new generation   total 109248K, used 21824K [0x00000000e0000000, 0x00000000e8000000, 0x00000000e8000000)
  eden space 87424K,   0% used [0x00000000e0000000, 0x00000000e0000000, 0x00000000e5560000)
  from space 21824K, 100% used [0x00000000e5560000, 0x00000000e6ab0000, 0x00000000e6ab0000)
  to   space 21824K,   0% used [0x00000000e6ab0000, 0x00000000e6ab0000, 0x00000000e8000000)
 concurrent mark-sweep generation total 393216K, used 153749K [0x00000000e8000000, 0x0000000100000000, 0x0000000100000000)
 Metaspace       used 28795K, capacity 29158K, committed 29460K, reserved 1075200K
  class space    used 3435K, capacity 3579K, committed 3608K, reserved 1048576K
}
2015-09-09T11:11:29.728+0200: 43.313: Total time for which application threads were stopped: 0.0111282 seconds, Stopping threads took: 0.0000141 seconds
{Heap before GC invocations=38 (full 1):
 par new generation   total 109248K, used 108333K [0x00000000e0000000, 0x00000000e8000000, 0x00000000e8000000)
  eden space 87424K,  98% used [0x00000000e0000000, 0x00000000e547b5d8, 0x00000000e5560000)
  from space 21824K, 100% used [0x00000000e5560000, 0x00000000e6ab0000, 0x00000000e6ab0000)
  to   space 21824K,   0% used [0x00000000e6ab0000, 0x00000000e6ab0000, 0x00000000e8000000)
 concurrent mark-sweep generation total 393216K, used 153749K [0x00000000e8000000, 0x0000000100000000, 0x0000000100000000)
 Metaspace       used 28795K, capacity 29158K, committed 29460K, reserved 1075200K
  class space    used 3435K, capacity 3579K, committed 3608K, reserved 1048576K
2015-09-09T11:11:29.993+0200: 43.578: [GC (Allocation Failure) 43.578: [ParNew
Desired survivor size 20112992 bytes, new threshold 8 (max 8)
- age   1:    5436672 bytes,    5436672 total
- age   2:    4563608 bytes,   10000280 total
- age   3:    1893152 bytes,   11893432 total
- age   4:    1932056 bytes,   13825488 total
- age   5:     358800 bytes,   14184288 total
- age   6:     395576 bytes,   14579864 total
- age   7:     914448 bytes,   15494312 total
- age   8:    1381560 bytes,   16875872 total
: 108333K->20396K(109248K), 0.0106210 secs] 262082K->187073K(502464K), 0.0106709 secs] [Times: user=0.06 sys=0.00, real=0.01 secs] 
Heap after GC invocations=39 (full 1):
 par new generation   total 109248K, used 20396K [0x00000000e0000000, 0x00000000e8000000, 0x00000000e8000000)
  eden space 87424K,   0% used [0x00000000e0000000, 0x00000000e0000000, 0x00000000e5560000)
  from space 21824K,  93% used [0x00000000e6ab0000, 0x00000000e7e9b1a0, 0x00000000e8000000)
  to   space 21824K,   0% used [0x00000000e5560000, 0x00000000e5560000, 0x00000000e6ab0000)
 concurrent mark-sweep generation total 393216K, used 166676K [0x00000000e8000000, 0x0000000100000000, 0x0000000100000000)
 Metaspace       used 28795K, capacity 29158K, committed 29460K, reserved 1075200K
  class space    used 3435K, capacity 3579K, committed 3608K, reserved 1048576K
}
2015-09-09T11:11:30.004+0200: 43.589: Total time for which application threads were stopped: 0.0108156 seconds, Stopping threads took: 0.0000154 seconds
2015-09-09T11:11:30.148+0200: 43.733: Total time for which application threads were stopped: 0.0000506 seconds, Stopping threads took: 0.0000131 seconds
2015-09-09T11:11:31.100+0200: 44.685: Total time for which application threads were stopped: 0.0003571 seconds, Stopping threads took: 0.0000128 seconds
{Heap before GC invocations=39 (full 1):
 par new generation   total 109248K, used 107820K [0x00000000e0000000, 0x00000000e8000000, 0x00000000e8000000)
  eden space 87424K, 100% used [0x00000000e0000000, 0x00000000e5560000, 0x00000000e5560000)
  from space 21824K,  93% used [0x00000000e6ab0000, 0x00000000e7e9b1a0, 0x00000000e8000000)
  to   space 21824K,   0% used [0x00000000e5560000, 0x00000000e5560000, 0x00000000e6ab0000)
 concurrent mark-sweep generation total 393216K, used 166676K [0x00000000e8000000, 0x0000000100000000, 0x0000000100000000)
 Metaspace       used 29213K, capacity 29574K, committed 29844K, reserved 1075200K
  class space    used 3468K, capacity 3611K, committed 3736K, reserved 1048576K
2015-09-09T11:11:31.409+0200: 44.994: [GC (Allocation Failure) 44.994: [ParNew
Desired survivor size 20112992 bytes, new threshold 5 (max 8)
- age   1:    7543704 bytes,    7543704 total
- age   2:    5271056 bytes,   12814760 total
- age   3:    4420736 bytes,   17235496 total
- age   4:    1789488 bytes,   19024984 total
- age   5:    1832424 bytes,   20857408 total
- age   6:     298680 bytes,   21156088 total
- age   7:     307296 bytes,   21463384 total
- age   8:     849840 bytes,   22313224 total
: 107820K->21824K(109248K), 0.0133496 secs] 274497K->192748K(502464K), 0.0133973 secs] [Times: user=0.06 sys=0.00, real=0.01 secs] 
Heap after GC invocations=40 (full 1):
 par new generation   total 109248K, used 21824K [0x00000000e0000000, 0x00000000e8000000, 0x00000000e8000000)
  eden space 87424K,   0% used [0x00000000e0000000, 0x00000000e0000000, 0x00000000e5560000)
  from space 21824K, 100% used [0x00000000e5560000, 0x00000000e6ab0000, 0x00000000e6ab0000)
  to   space 21824K,   0% used [0x00000000e6ab0000, 0x00000000e6ab0000, 0x00000000e8000000)
 concurrent mark-sweep generation total 393216K, used 170924K [0x00000000e8000000, 0x0000000100000000, 0x0000000100000000)
 Metaspace       used 29213K, capacity 29574K, committed 29844K, reserved 1075200K
  class space    used 3468K, capacity 3611K, committed 3736K, reserved 1048576K
}
2015-09-09T11:11:31.422+0200: 45.007: Total time for which application threads were stopped: 0.0135855 seconds, Stopping threads took: 0.0000173 seconds
{Heap before GC invocations=40 (full 1):
 par new generation   total 109248K, used 109248K [0x00000000e0000000, 0x00000000e8000000, 0x00000000e8000000)
  eden space 87424K, 100% used [0x00000000e0000000, 0x00000000e5560000, 0x00000000e5560000)
  from space 21824K, 100% used [0x00000000e5560000, 0x00000000e6ab0000, 0x00000000e6ab0000)
  to   space 21824K,   0% used [0x00000000e6ab0000, 0x00000000e6ab0000, 0x00000000e8000000)
 concurrent mark-sweep generation total 393216K, used 170924K [0x00000000e8000000, 0x0000000100000000, 0x0000000100000000)
 Metaspace       used 29220K, capacity 29574K, committed 29844K, reserved 1075200K
  class space    used 3468K, capacity 3611K, committed 3736K, reserved 1048576K
2015-09-09T11:11:31.602+0200: 45.187: [GC (Allocation Failure) 45.187: [ParNew
Desired survivor size 20112992 bytes, new threshold 8 (max 8)
- age   1:      89560 bytes,      89560 total
- age   2:    7008280 bytes,    7097840 total
- age   3:    4578888 bytes,   11676728 total
- age   4:    3828088 bytes,   15504816 total
- age   5:    1623864 bytes,   17128680 total
: 109248K->21824K(109248K), 0.0079932 secs] 280172K->197898K(502464K), 0.0080534 secs] [Times: user=0.00 sys=0.00, real=0.01 secs] 
Heap after GC invocations=41 (full 1):
 par new generation   total 109248K, used 21824K [0x00000000e0000000, 0x00000000e8000000, 0x00000000e8000000)
  eden space 87424K,   0% used [0x00000000e0000000, 0x00000000e0000000, 0x00000000e5560000)
  from space 21824K, 100% used [0x00000000e6ab0000, 0x00000000e8000000, 0x00000000e8000000)
  to   space 21824K,   0% used [0x00000000e5560000, 0x00000000e5560000, 0x00000000e6ab0000)
 concurrent mark-sweep generation total 393216K, used 176074K [0x00000000e8000000, 0x0000000100000000, 0x0000000100000000)
 Metaspace       used 29220K, capacity 29574K, committed 29844K, reserved 1075200K
  class space    used 3468K, capacity 3611K, committed 3736K, reserved 1048576K
}
2015-09-09T11:11:31.610+0200: 45.195: Total time for which application threads were stopped: 0.0082290 seconds, Stopping threads took: 0.0000269 seconds
{Heap before GC invocations=41 (full 1):
 par new generation   total 109248K, used 109248K [0x00000000e0000000, 0x00000000e8000000, 0x00000000e8000000)
  eden space 87424K, 100% used [0x00000000e0000000, 0x00000000e5560000, 0x00000000e5560000)
  from space 21824K, 100% used [0x00000000e6ab0000, 0x00000000e8000000, 0x00000000e8000000)
  to   space 21824K,   0% used [0x00000000e5560000, 0x00000000e5560000, 0x00000000e6ab0000)
 concurrent mark-sweep generation total 393216K, used 176074K [0x00000000e8000000, 0x0000000100000000, 0x0000000100000000)
 Metaspace       used 29221K, capacity 29574K, committed 29844K, reserved 1075200K
  class space    used 3468K, capacity 3611K, committed 3736K, reserved 1048576K
2015-09-09T11:11:31.747+0200: 45.332: [GC (Allocation Failure) 45.332: [ParNew
Desired survivor size 20112992 bytes, new threshold 8 (max 8)
- age   1:      89000 bytes,      89000 total
- age   2:      31840 bytes,     120840 total
- age   3:    7008088 bytes,    7128928 total
- age   4:    4578888 bytes,   11707816 total
- age   5:    3828088 bytes,   15535904 total
- age   6:    1623864 bytes,   17159768 total
: 109248K->19313K(109248K), 0.0061100 secs] 285322K->195387K(502464K), 0.0061609 secs] [Times: user=0.00 sys=0.00, real=0.01 secs] 
Heap after GC invocations=42 (full 1):
 par new generation   total 109248K, used 19313K [0x00000000e0000000, 0x00000000e8000000, 0x00000000e8000000)
  eden space 87424K,   0% used [0x00000000e0000000, 0x00000000e0000000, 0x00000000e5560000)
  from space 21824K,  88% used [0x00000000e5560000, 0x00000000e683c440, 0x00000000e6ab0000)
  to   space 21824K,   0% used [0x00000000e6ab0000, 0x00000000e6ab0000, 0x00000000e8000000)
 concurrent mark-sweep generation total 393216K, used 176074K [0x00000000e8000000, 0x0000000100000000, 0x0000000100000000)
 Metaspace       used 29221K, capacity 29574K, committed 29844K, reserved 1075200K
  class space    used 3468K, capacity 3611K, committed 3736K, reserved 1048576K
}
2015-09-09T11:11:31.753+0200: 45.338: Total time for which application threads were stopped: 0.0063286 seconds, Stopping threads took: 0.0000301 seconds
{Heap before GC invocations=42 (full 1):
 par new generation   total 109248K, used 106737K [0x00000000e0000000, 0x00000000e8000000, 0x00000000e8000000)
  eden space 87424K, 100% used [0x00000000e0000000, 0x00000000e5560000, 0x00000000e5560000)
  from space 21824K,  88% used [0x00000000e5560000, 0x00000000e683c440, 0x00000000e6ab0000)
  to   space 21824K,   0% used [0x00000000e6ab0000, 0x00000000e6ab0000, 0x00000000e8000000)
 concurrent mark-sweep generation total 393216K, used 176074K [0x00000000e8000000, 0x0000000100000000, 0x0000000100000000)
 Metaspace       used 29221K, capacity 29574K, committed 29844K, reserved 1075200K
  class space    used 3468K, capacity 3611K, committed 3736K, reserved 1048576K
2015-09-09T11:11:31.926+0200: 45.511: [GC (Allocation Failure) 45.511: [ParNew
Desired survivor size 20112992 bytes, new threshold 8 (max 8)
- age   1:      41384 bytes,      41384 total
- age   2:      36056 bytes,      77440 total
- age   3:      31840 bytes,     109280 total
- age   4:    6981016 bytes,    7090296 total
- age   5:    4578888 bytes,   11669184 total
- age   6:    3828112 bytes,   15497296 total
- age   7:    1623864 bytes,   17121160 total
: 106737K->21824K(109248K), 0.0059583 secs] 282811K->197924K(502464K), 0.0060070 secs] [Times: user=0.06 sys=0.00, real=0.01 secs] 
Heap after GC invocations=43 (full 1):
 par new generation   total 109248K, used 21824K [0x00000000e0000000, 0x00000000e8000000, 0x00000000e8000000)
  eden space 87424K,   0% used [0x00000000e0000000, 0x00000000e0000000, 0x00000000e5560000)
  from space 21824K, 100% used [0x00000000e6ab0000, 0x00000000e8000000, 0x00000000e8000000)
  to   space 21824K,   0% used [0x00000000e5560000, 0x00000000e5560000, 0x00000000e6ab0000)
 concurrent mark-sweep generation total 393216K, used 176100K [0x00000000e8000000, 0x0000000100000000, 0x0000000100000000)
 Metaspace       used 29221K, capacity 29574K, committed 29844K, reserved 1075200K
  class space    used 3468K, capacity 3611K, committed 3736K, reserved 1048576K
}
2015-09-09T11:11:31.932+0200: 45.517: Total time for which application threads were stopped: 0.0061603 seconds, Stopping threads took: 0.0000166 seconds
2015-09-09T11:11:31.940+0200: 45.524: Total time for which application threads were stopped: 0.0000922 seconds, Stopping threads took: 0.0000246 seconds
{Heap before GC invocations=43 (full 1):
 par new generation   total 109248K, used 109248K [0x00000000e0000000, 0x00000000e8000000, 0x00000000e8000000)
  eden space 87424K, 100% used [0x00000000e0000000, 0x00000000e5560000, 0x00000000e5560000)
  from space 21824K, 100% used [0x00000000e6ab0000, 0x00000000e8000000, 0x00000000e8000000)
  to   space 21824K,   0% used [0x00000000e5560000, 0x00000000e5560000, 0x00000000e6ab0000)
 concurrent mark-sweep generation total 393216K, used 176100K [0x00000000e8000000, 0x0000000100000000, 0x0000000100000000)
 Metaspace       used 29226K, capacity 29574K, committed 29844K, reserved 1075200K
  class space    used 3469K, capacity 3611K, committed 3736K, reserved 1048576K
2015-09-09T11:11:32.103+0200: 45.688: [GC (Allocation Failure) 45.688: [ParNew
Desired survivor size 20112992 bytes, new threshold 8 (max 8)
- age   1:     165448 bytes,     165448 total
- age   2:       1328 bytes,     166776 total
- age   3:       3816 bytes,     170592 total
- age   4:       2504 bytes,     173096 total
- age   5:    6960656 bytes,    7133752 total
- age   6:    4578888 bytes,   11712640 total
- age   7:    3828088 bytes,   15540728 total
- age   8:    1623864 bytes,   17164592 total
: 109248K->20761K(109248K), 0.0082207 secs] 285348K->196862K(502464K), 0.0082678 secs] [Times: user=0.00 sys=0.00, real=0.01 secs] 
Heap after GC invocations=44 (full 1):
 par new generation   total 109248K, used 20761K [0x00000000e0000000, 0x00000000e8000000, 0x00000000e8000000)
  eden space 87424K,   0% used [0x00000000e0000000, 0x00000000e0000000, 0x00000000e5560000)
  from space 21824K,  95% used [0x00000000e5560000, 0x00000000e69a66a8, 0x00000000e6ab0000)
  to   space 21824K,   0% used [0x00000000e6ab0000, 0x00000000e6ab0000, 0x00000000e8000000)
 concurrent mark-sweep generation total 393216K, used 176100K [0x00000000e8000000, 0x0000000100000000, 0x0000000100000000)
 Metaspace       used 29226K, capacity 29574K, committed 29844K, reserved 1075200K
  class space    used 3469K, capacity 3611K, committed 3736K, reserved 1048576K
}
2015-09-09T11:11:32.111+0200: 45.696: Total time for which application threads were stopped: 0.0084844 seconds, Stopping threads took: 0.0000154 seconds
{Heap before GC invocations=44 (full 1):
 par new generation   total 109248K, used 108185K [0x00000000e0000000, 0x00000000e8000000, 0x00000000e8000000)
  eden space 87424K, 100% used [0x00000000e0000000, 0x00000000e5560000, 0x00000000e5560000)
  from space 21824K,  95% used [0x00000000e5560000, 0x00000000e69a66a8, 0x00000000e6ab0000)
  to   space 21824K,   0% used [0x00000000e6ab0000, 0x00000000e6ab0000, 0x00000000e8000000)
 concurrent mark-sweep generation total 393216K, used 176100K [0x00000000e8000000, 0x0000000100000000, 0x0000000100000000)
 Metaspace       used 29226K, capacity 29574K, committed 29844K, reserved 1075200K
  class space    used 3469K, capacity 3611K, committed 3736K, reserved 1048576K
2015-09-09T11:11:32.205+0200: 45.790: [GC (Allocation Failure) 45.790: [ParNew
Desired survivor size 20112992 bytes, new threshold 8 (max 8)
- age   1:     142744 bytes,     142744 total
- age   2:       1464 bytes,     144208 total
- age   3:       1328 bytes,     145536 total
- age   4:       3816 bytes,     149352 total
- age   5:       2504 bytes,     151856 total
- age   6:    6960680 bytes,    7112536 total
- age   7:    4611672 bytes,   11724208 total
- age   8:    3828088 bytes,   15552296 total
: 108185K->18521K(109248K), 0.0052944 secs] 284286K->196221K(502464K), 0.0053436 secs] [Times: user=0.06 sys=0.00, real=0.01 secs] 
Heap after GC invocations=45 (full 1):
 par new generation   total 109248K, used 18521K [0x00000000e0000000, 0x00000000e8000000, 0x00000000e8000000)
  eden space 87424K,   0% used [0x00000000e0000000, 0x00000000e0000000, 0x00000000e5560000)
  from space 21824K,  84% used [0x00000000e6ab0000, 0x00000000e7cc6518, 0x00000000e8000000)
  to   space 21824K,   0% used [0x00000000e5560000, 0x00000000e5560000, 0x00000000e6ab0000)
 concurrent mark-sweep generation total 393216K, used 177700K [0x00000000e8000000, 0x0000000100000000, 0x0000000100000000)
 Metaspace       used 29226K, capacity 29574K, committed 29844K, reserved 1075200K
  class space    used 3469K, capacity 3611K, committed 3736K, reserved 1048576K
}
2015-09-09T11:11:32.210+0200: 45.795: Total time for which application threads were stopped: 0.0054902 seconds, Stopping threads took: 0.0000163 seconds
2015-09-09T11:11:32.303+0200: 45.888: Total time for which application threads were stopped: 0.0000698 seconds, Stopping threads took: 0.0000182 seconds
2015-09-09T11:11:32.303+0200: 45.888: Total time for which application threads were stopped: 0.0000352 seconds, Stopping threads took: 0.0000067 seconds
{Heap before GC invocations=45 (full 1):
 par new generation   total 109248K, used 105945K [0x00000000e0000000, 0x00000000e8000000, 0x00000000e8000000)
  eden space 87424K, 100% used [0x00000000e0000000, 0x00000000e5560000, 0x00000000e5560000)
  from space 21824K,  84% used [0x00000000e6ab0000, 0x00000000e7cc6518, 0x00000000e8000000)
  to   space 21824K,   0% used [0x00000000e5560000, 0x00000000e5560000, 0x00000000e6ab0000)
 concurrent mark-sweep generation total 393216K, used 177700K [0x00000000e8000000, 0x0000000100000000, 0x0000000100000000)
 Metaspace       used 29257K, capacity 29638K, committed 30100K, reserved 1075200K
  class space    used 3472K, capacity 3611K, committed 3736K, reserved 1048576K
2015-09-09T11:11:32.422+0200: 46.007: [GC (Allocation Failure) 46.007: [ParNew
Desired survivor size 20112992 bytes, new threshold 8 (max 8)
- age   1:    1910720 bytes,    1910720 total
- age   3:        168 bytes,    1910888 total
- age   4:       1304 bytes,    1912192 total
- age   5:       3816 bytes,    1916008 total
- age   6:       2504 bytes,    1918512 total
- age   7:    6862208 bytes,    8780720 total
- age   8:    4496928 bytes,   13277648 total
: 105945K->15319K(109248K), 0.0056591 secs] 283645K->196721K(502464K), 0.0057203 secs] [Times: user=0.06 sys=0.00, real=0.01 secs] 
Heap after GC invocations=46 (full 1):
 par new generation   total 109248K, used 15319K [0x00000000e0000000, 0x00000000e8000000, 0x00000000e8000000)
  eden space 87424K,   0% used [0x00000000e0000000, 0x00000000e0000000, 0x00000000e5560000)
  from space 21824K,  70% used [0x00000000e5560000, 0x00000000e6455e40, 0x00000000e6ab0000)
  to   space 21824K,   0% used [0x00000000e6ab0000, 0x00000000e6ab0000, 0x00000000e8000000)
 concurrent mark-sweep generation total 393216K, used 181401K [0x00000000e8000000, 0x0000000100000000, 0x0000000100000000)
 Metaspace       used 29257K, capacity 29638K, committed 30100K, reserved 1075200K
  class space    used 3472K, capacity 3611K, committed 3736K, reserved 1048576K
}
2015-09-09T11:11:32.428+0200: 46.013: Total time for which application threads were stopped: 0.0061715 seconds, Stopping threads took: 0.0002848 seconds
{Heap before GC invocations=46 (full 1):
 par new generation   total 109248K, used 102743K [0x00000000e0000000, 0x00000000e8000000, 0x00000000e8000000)
  eden space 87424K, 100% used [0x00000000e0000000, 0x00000000e5560000, 0x00000000e5560000)
  from space 21824K,  70% used [0x00000000e5560000, 0x00000000e6455e40, 0x00000000e6ab0000)
  to   space 21824K,   0% used [0x00000000e6ab0000, 0x00000000e6ab0000, 0x00000000e8000000)
 concurrent mark-sweep generation total 393216K, used 181401K [0x00000000e8000000, 0x0000000100000000, 0x0000000100000000)
 Metaspace       used 29257K, capacity 29638K, committed 30100K, reserved 1075200K
  class space    used 3472K, capacity 3611K, committed 3736K, reserved 1048576K
2015-09-09T11:11:32.697+0200: 46.282: [GC (Allocation Failure) 46.282: [ParNew
Desired survivor size 20112992 bytes, new threshold 8 (max 8)
- age   1:    4386984 bytes,    4386984 total
- age   2:    1307160 bytes,    5694144 total
- age   4:        168 bytes,    5694312 total
- age   5:       1304 bytes,    5695616 total
- age   6:       3816 bytes,    5699432 total
- age   7:       2504 bytes,    5701936 total
- age   8:    6862208 bytes,   12564144 total
: 102743K->13794K(109248K), 0.0067779 secs] 284145K->199596K(502464K), 0.0068233 secs] [Times: user=0.00 sys=0.00, real=0.01 secs] 
Heap after GC invocations=47 (full 1):
 par new generation   total 109248K, used 13794K [0x00000000e0000000, 0x00000000e8000000, 0x00000000e8000000)
  eden space 87424K,   0% used [0x00000000e0000000, 0x00000000e0000000, 0x00000000e5560000)
  from space 21824K,  63% used [0x00000000e6ab0000, 0x00000000e78289b0, 0x00000000e8000000)
  to   space 21824K,   0% used [0x00000000e5560000, 0x00000000e5560000, 0x00000000e6ab0000)
 concurrent mark-sweep generation total 393216K, used 185802K [0x00000000e8000000, 0x0000000100000000, 0x0000000100000000)
 Metaspace       used 29257K, capacity 29638K, committed 30100K, reserved 1075200K
  class space    used 3472K, capacity 3611K, committed 3736K, reserved 1048576K
}
2015-09-09T11:11:32.704+0200: 46.289: Total time for which application threads were stopped: 0.0069827 seconds, Stopping threads took: 0.0000141 seconds
{Heap before GC invocations=47 (full 1):
 par new generation   total 109248K, used 101218K [0x00000000e0000000, 0x00000000e8000000, 0x00000000e8000000)
  eden space 87424K, 100% used [0x00000000e0000000, 0x00000000e5560000, 0x00000000e5560000)
  from space 21824K,  63% used [0x00000000e6ab0000, 0x00000000e78289b0, 0x00000000e8000000)
  to   space 21824K,   0% used [0x00000000e5560000, 0x00000000e5560000, 0x00000000e6ab0000)
 concurrent mark-sweep generation total 393216K, used 185802K [0x00000000e8000000, 0x0000000100000000, 0x0000000100000000)
 Metaspace       used 29257K, capacity 29638K, committed 30100K, reserved 1075200K
  class space    used 3472K, capacity 3611K, committed 3736K, reserved 1048576K
2015-09-09T11:11:32.970+0200: 46.555: [GC (Allocation Failure) 46.555: [ParNew
Desired survivor size 20112992 bytes, new threshold 8 (max 8)
- age   1:    5537128 bytes,    5537128 total
- age   2:    2729256 bytes,    8266384 total
- age   3:    1306480 bytes,    9572864 total
- age   5:        168 bytes,    9573032 total
- age   6:       1304 bytes,    9574336 total
- age   7:       3816 bytes,    9578152 total
- age   8:       2504 bytes,    9580656 total
: 101218K->12103K(109248K), 0.0081145 secs] 287020K->204611K(502464K), 0.0081628 secs] [Times: user=0.06 sys=0.00, real=0.01 secs] 
Heap after GC invocations=48 (full 1):
 par new generation   total 109248K, used 12103K [0x00000000e0000000, 0x00000000e8000000, 0x00000000e8000000)
  eden space 87424K,   0% used [0x00000000e0000000, 0x00000000e0000000, 0x00000000e5560000)
  from space 21824K,  55% used [0x00000000e5560000, 0x00000000e6131d38, 0x00000000e6ab0000)
  to   space 21824K,   0% used [0x00000000e6ab0000, 0x00000000e6ab0000, 0x00000000e8000000)
 concurrent mark-sweep generation total 393216K, used 192508K [0x00000000e8000000, 0x0000000100000000, 0x0000000100000000)
 Metaspace       used 29257K, capacity 29638K, committed 30100K, reserved 1075200K
  class space    used 3472K, capacity 3611K, committed 3736K, reserved 1048576K
}
2015-09-09T11:11:32.978+0200: 46.563: Total time for which application threads were stopped: 0.0082998 seconds, Stopping threads took: 0.0000147 seconds
{Heap before GC invocations=48 (full 1):
 par new generation   total 109248K, used 99527K [0x00000000e0000000, 0x00000000e8000000, 0x00000000e8000000)
  eden space 87424K, 100% used [0x00000000e0000000, 0x00000000e5560000, 0x00000000e5560000)
  from space 21824K,  55% used [0x00000000e5560000, 0x00000000e6131d38, 0x00000000e6ab0000)
  to   space 21824K,   0% used [0x00000000e6ab0000, 0x00000000e6ab0000, 0x00000000e8000000)
 concurrent mark-sweep generation total 393216K, used 192508K [0x00000000e8000000, 0x0000000100000000, 0x0000000100000000)
 Metaspace       used 29257K, capacity 29638K, committed 30100K, reserved 1075200K
  class space    used 3472K, capacity 3611K, committed 3736K, reserved 1048576K
2015-09-09T11:11:33.254+0200: 46.839: [GC (Allocation Failure) 46.839: [ParNew
Desired survivor size 20112992 bytes, new threshold 8 (max 8)
- age   1:    6772424 bytes,    6772424 total
- age   2:    2819872 bytes,    9592296 total
- age   3:    2695424 bytes,   12287720 total
- age   4:    1306480 bytes,   13594200 total
- age   6:        168 bytes,   13594368 total
- age   7:       1304 bytes,   13595672 total
- age   8:       3816 bytes,   13599488 total
: 99527K->16587K(109248K), 0.0069398 secs] 292035K->209098K(502464K), 0.0069862 secs] [Times: user=0.00 sys=0.00, real=0.01 secs] 
Heap after GC invocations=49 (full 1):
 par new generation   total 109248K, used 16587K [0x00000000e0000000, 0x00000000e8000000, 0x00000000e8000000)
  eden space 87424K,   0% used [0x00000000e0000000, 0x00000000e0000000, 0x00000000e5560000)
  from space 21824K,  76% used [0x00000000e6ab0000, 0x00000000e7ae2dd0, 0x00000000e8000000)
  to   space 21824K,   0% used [0x00000000e5560000, 0x00000000e5560000, 0x00000000e6ab0000)
 concurrent mark-sweep generation total 393216K, used 192511K [0x00000000e8000000, 0x0000000100000000, 0x0000000100000000)
 Metaspace       used 29257K, capacity 29638K, committed 30100K, reserved 1075200K
  class space    used 3472K, capacity 3611K, committed 3736K, reserved 1048576K
}
2015-09-09T11:11:33.261+0200: 46.846: Total time for which application threads were stopped: 0.0071270 seconds, Stopping threads took: 0.0000144 seconds
{Heap before GC invocations=49 (full 1):
 par new generation   total 109248K, used 104011K [0x00000000e0000000, 0x00000000e8000000, 0x00000000e8000000)
  eden space 87424K, 100% used [0x00000000e0000000, 0x00000000e5560000, 0x00000000e5560000)
  from space 21824K,  76% used [0x00000000e6ab0000, 0x00000000e7ae2dd0, 0x00000000e8000000)
  to   space 21824K,   0% used [0x00000000e5560000, 0x00000000e5560000, 0x00000000e6ab0000)
 concurrent mark-sweep generation total 393216K, used 192511K [0x00000000e8000000, 0x0000000100000000, 0x0000000100000000)
 Metaspace       used 29257K, capacity 29638K, committed 30100K, reserved 1075200K
  class space    used 3472K, capacity 3611K, committed 3736K, reserved 1048576K
2015-09-09T11:11:33.530+0200: 47.114: [GC (Allocation Failure) 47.115: [ParNew
Desired survivor size 20112992 bytes, new threshold 8 (max 8)
- age   1:    7187640 bytes,    7187640 total
- age   2:    4160960 bytes,   11348600 total
- age   3:    2724656 bytes,   14073256 total
- age   4:    2695424 bytes,   16768680 total
- age   5:    1306480 bytes,   18075160 total
- age   7:        168 bytes,   18075328 total
- age   8:       1304 bytes,   18076632 total
: 104011K->19875K(109248K), 0.0084674 secs] 296522K->212389K(502464K), 0.0085574 secs] [Times: user=0.06 sys=0.00, real=0.01 secs] 
Heap after GC invocations=50 (full 1):
 par new generation   total 109248K, used 19875K [0x00000000e0000000, 0x00000000e8000000, 0x00000000e8000000)
  eden space 87424K,   0% used [0x00000000e0000000, 0x00000000e0000000, 0x00000000e5560000)
  from space 21824K,  91% used [0x00000000e5560000, 0x00000000e68c8cf0, 0x00000000e6ab0000)
  to   space 21824K,   0% used [0x00000000e6ab0000, 0x00000000e6ab0000, 0x00000000e8000000)
 concurrent mark-sweep generation total 393216K, used 192514K [0x00000000e8000000, 0x0000000100000000, 0x0000000100000000)
 Metaspace       used 29257K, capacity 29638K, committed 30100K, reserved 1075200K
  class space    used 3472K, capacity 3611K, committed 3736K, reserved 1048576K
}
2015-09-09T11:11:33.538+0200: 47.123: Total time for which application threads were stopped: 0.0087206 seconds, Stopping threads took: 0.0000147 seconds
{Heap before GC invocations=50 (full 1):
 par new generation   total 109248K, used 107103K [0x00000000e0000000, 0x00000000e8000000, 0x00000000e8000000)
  eden space 87424K,  99% used [0x00000000e0000000, 0x00000000e552f188, 0x00000000e5560000)
  from space 21824K,  91% used [0x00000000e5560000, 0x00000000e68c8cf0, 0x00000000e6ab0000)
  to   space 21824K,   0% used [0x00000000e6ab0000, 0x00000000e6ab0000, 0x00000000e8000000)
 concurrent mark-sweep generation total 393216K, used 192514K [0x00000000e8000000, 0x0000000100000000, 0x0000000100000000)
 Metaspace       used 29257K, capacity 29638K, committed 30100K, reserved 1075200K
  class space    used 3472K, capacity 3611K, committed 3736K, reserved 1048576K
2015-09-09T11:11:33.803+0200: 47.388: [GC (Allocation Failure) 47.388: [ParNew
Desired survivor size 20112992 bytes, new threshold 8 (max 8)
- age   1:    7327984 bytes,    7327984 total
- age   2:    2653968 bytes,    9981952 total
- age   3:    3507176 bytes,   13489128 total
- age   4:    2497704 bytes,   15986832 total
- age   5:    2631432 bytes,   18618264 total
- age   6:    1141920 bytes,   19760184 total
- age   8:        168 bytes,   19760352 total
: 107103K->21824K(109248K), 0.0094367 secs] 299618K->217890K(502464K), 0.0094841 secs] [Times: user=0.00 sys=0.00, real=0.01 secs] 
Heap after GC invocations=51 (full 1):
 par new generation   total 109248K, used 21824K [0x00000000e0000000, 0x00000000e8000000, 0x00000000e8000000)
  eden space 87424K,   0% used [0x00000000e0000000, 0x00000000e0000000, 0x00000000e5560000)
  from space 21824K, 100% used [0x00000000e6ab0000, 0x00000000e8000000, 0x00000000e8000000)
  to   space 21824K,   0% used [0x00000000e5560000, 0x00000000e5560000, 0x00000000e6ab0000)
 concurrent mark-sweep generation total 393216K, used 196066K [0x00000000e8000000, 0x0000000100000000, 0x0000000100000000)
 Metaspace       used 29257K, capacity 29638K, committed 30100K, reserved 1075200K
  class space    used 3472K, capacity 3611K, committed 3736K, reserved 1048576K
}
2015-09-09T11:11:33.812+0200: 47.397: Total time for which application threads were stopped: 0.0096246 seconds, Stopping threads took: 0.0000147 seconds
{Heap before GC invocations=51 (full 1):
 par new generation   total 109248K, used 109248K [0x00000000e0000000, 0x00000000e8000000, 0x00000000e8000000)
  eden space 87424K, 100% used [0x00000000e0000000, 0x00000000e5560000, 0x00000000e5560000)
  from space 21824K, 100% used [0x00000000e6ab0000, 0x00000000e8000000, 0x00000000e8000000)
  to   space 21824K,   0% used [0x00000000e5560000, 0x00000000e5560000, 0x00000000e6ab0000)
 concurrent mark-sweep generation total 393216K, used 196066K [0x00000000e8000000, 0x0000000100000000, 0x0000000100000000)
 Metaspace       used 29257K, capacity 29638K, committed 30100K, reserved 1075200K
  class space    used 3472K, capacity 3611K, committed 3736K, reserved 1048576K
2015-09-09T11:11:34.083+0200: 47.668: [GC (Allocation Failure) 47.668: [ParNew
Desired survivor size 20112992 bytes, new threshold 8 (max 8)
- age   1:    5662392 bytes,    5662392 total
- age   2:    2347696 bytes,    8010088 total
- age   3:    2459128 bytes,   10469216 total
- age   4:    2312128 bytes,   12781344 total
- age   5:    2359816 bytes,   15141160 total
- age   6:    2508528 bytes,   17649688 total
- age   7:    1098128 bytes,   18747816 total
: 109248K->21824K(109248K), 0.0103554 secs] 305314K->221784K(502464K), 0.0104050 secs] [Times: user=0.00 sys=0.00, real=0.01 secs] 
Heap after GC invocations=52 (full 1):
 par new generation   total 109248K, used 21824K [0x00000000e0000000, 0x00000000e8000000, 0x00000000e8000000)
  eden space 87424K,   0% used [0x00000000e0000000, 0x00000000e0000000, 0x00000000e5560000)
  from space 21824K, 100% used [0x00000000e5560000, 0x00000000e6ab0000, 0x00000000e6ab0000)
  to   space 21824K,   0% used [0x00000000e6ab0000, 0x00000000e6ab0000, 0x00000000e8000000)
 concurrent mark-sweep generation total 393216K, used 199960K [0x00000000e8000000, 0x0000000100000000, 0x0000000100000000)
 Metaspace       used 29257K, capacity 29638K, committed 30100K, reserved 1075200K
  class space    used 3472K, capacity 3611K, committed 3736K, reserved 1048576K
}
2015-09-09T11:11:34.093+0200: 47.678: Total time for which application threads were stopped: 0.0105413 seconds, Stopping threads took: 0.0000138 seconds
2015-09-09T11:11:34.093+0200: 47.678: [GC (CMS Initial Mark) [1 CMS-initial-mark: 199960K(393216K)] 222040K(502464K), 0.0029785 secs] [Times: user=0.02 sys=0.00, real=0.00 secs] 
2015-09-09T11:11:34.096+0200: 47.681: Total time for which application threads were stopped: 0.0030573 seconds, Stopping threads took: 0.0000208 seconds
2015-09-09T11:11:34.097+0200: 47.681: [CMS-concurrent-mark-start]
2015-09-09T11:11:34.114+0200: 47.698: [CMS-concurrent-mark: 0.017/0.017 secs] [Times: user=0.06 sys=0.00, real=0.02 secs] 
2015-09-09T11:11:34.114+0200: 47.699: [CMS-concurrent-preclean-start]
2015-09-09T11:11:34.114+0200: 47.699: [CMS-concurrent-preclean: 0.001/0.001 secs] [Times: user=0.00 sys=0.00, real=0.00 secs] 
2015-09-09T11:11:34.114+0200: 47.699: [CMS-concurrent-abortable-preclean-start]
2015-09-09T11:11:34.263+0200: 47.848: [CMS-concurrent-abortable-preclean: 0.148/0.148 secs] [Times: user=0.28 sys=0.00, real=0.15 secs] 
2015-09-09T11:11:34.263+0200: 47.848: [GC (CMS Final Remark) [YG occupancy: 70781 K (109248 K)]{Heap before GC invocations=52 (full 2):
 par new generation   total 109248K, used 70781K [0x00000000e0000000, 0x00000000e8000000, 0x00000000e8000000)
  eden space 87424K,  56% used [0x00000000e0000000, 0x00000000e2fcf5f8, 0x00000000e5560000)
  from space 21824K, 100% used [0x00000000e5560000, 0x00000000e6ab0000, 0x00000000e6ab0000)
  to   space 21824K,   0% used [0x00000000e6ab0000, 0x00000000e6ab0000, 0x00000000e8000000)
 concurrent mark-sweep generation total 393216K, used 199960K [0x00000000e8000000, 0x0000000100000000, 0x0000000100000000)
 Metaspace       used 29258K, capacity 29638K, committed 30100K, reserved 1075200K
  class space    used 3472K, capacity 3611K, committed 3736K, reserved 1048576K
2015-09-09T11:11:34.263+0200: 47.848: [GC (CMS Final Remark) 47.848: [ParNew
Desired survivor size 20112992 bytes, new threshold 8 (max 8)
- age   1:    1924912 bytes,    1924912 total
- age   2:    2811024 bytes,    4735936 total
- age   3:    2342320 bytes,    7078256 total
- age   4:    2454096 bytes,    9532352 total
- age   5:    2308064 bytes,   11840416 total
- age   6:    2354952 bytes,   14195368 total
- age   7:    2503160 bytes,   16698528 total
- age   8:    1096448 bytes,   17794976 total
: 70781K->21824K(109248K), 0.0095878 secs] 270742K->224785K(502464K), 0.0096278 secs] [Times: user=0.06 sys=0.00, real=0.01 secs] 
Heap after GC invocations=53 (full 2):
 par new generation   total 109248K, used 21824K [0x00000000e0000000, 0x00000000e8000000, 0x00000000e8000000)
  eden space 87424K,   0% used [0x00000000e0000000, 0x00000000e0000000, 0x00000000e5560000)
  from space 21824K, 100% used [0x00000000e6ab0000, 0x00000000e8000000, 0x00000000e8000000)
  to   space 21824K,   0% used [0x00000000e5560000, 0x00000000e5560000, 0x00000000e6ab0000)
 concurrent mark-sweep generation total 393216K, used 202961K [0x00000000e8000000, 0x0000000100000000, 0x0000000100000000)
 Metaspace       used 29258K, capacity 29638K, committed 30100K, reserved 1075200K
  class space    used 3472K, capacity 3611K, committed 3736K, reserved 1048576K
}
47.857: [Rescan (parallel) , 0.0028089 secs]47.860: [weak refs processing, 0.0008656 secs]47.861: [class unloading, 0.0049824 secs]47.866: [scrub symbol table, 0.0041126 secs]47.870: [scrub string table, 0.0003843 secs][1 CMS-remark: 202961K(393216K)] 224785K(502464K), 0.0240583 secs] [Times: user=0.08 sys=0.00, real=0.02 secs] 
2015-09-09T11:11:34.287+0200: 47.872: Total time for which application threads were stopped: 0.0241643 seconds, Stopping threads took: 0.0000381 seconds
2015-09-09T11:11:34.287+0200: 47.872: [CMS-concurrent-sweep-start]
2015-09-09T11:11:34.307+0200: 47.892: [CMS-concurrent-sweep: 0.020/0.020 secs] [Times: user=0.03 sys=0.00, real=0.02 secs] 
2015-09-09T11:11:34.307+0200: 47.892: [CMS-concurrent-reset-start]
2015-09-09T11:11:34.307+0200: 47.892: [CMS-concurrent-reset: 0.000/0.000 secs] [Times: user=0.00 sys=0.00, real=0.00 secs] 
{Heap before GC invocations=53 (full 2):
 par new generation   total 109248K, used 109248K [0x00000000e0000000, 0x00000000e8000000, 0x00000000e8000000)
  eden space 87424K, 100% used [0x00000000e0000000, 0x00000000e5560000, 0x00000000e5560000)
  from space 21824K, 100% used [0x00000000e6ab0000, 0x00000000e8000000, 0x00000000e8000000)
  to   space 21824K,   0% used [0x00000000e5560000, 0x00000000e5560000, 0x00000000e6ab0000)
 concurrent mark-sweep generation total 393216K, used 57782K [0x00000000e8000000, 0x0000000100000000, 0x0000000100000000)
 Metaspace       used 29258K, capacity 29638K, committed 30100K, reserved 1075200K
  class space    used 3472K, capacity 3611K, committed 3736K, reserved 1048576K
2015-09-09T11:11:34.558+0200: 48.143: [GC (Allocation Failure) 48.143: [ParNew
Desired survivor size 20112992 bytes, new threshold 8 (max 8)
- age   1:    2979280 bytes,    2979280 total
- age   2:    1445608 bytes,    4424888 total
- age   3:    2569600 bytes,    6994488 total
- age   4:    2240872 bytes,    9235360 total
- age   5:    2326040 bytes,   11561400 total
- age   6:    2144008 bytes,   13705408 total
- age   7:    2191648 bytes,   15897056 total
- age   8:    2343184 bytes,   18240240 total
: 109248K->21824K(109248K), 0.0093071 secs] 167030K->86641K(502464K), 0.0093519 secs] [Times: user=0.06 sys=0.00, real=0.01 secs] 
Heap after GC invocations=54 (full 2):
 par new generation   total 109248K, used 21824K [0x00000000e0000000, 0x00000000e8000000, 0x00000000e8000000)
  eden space 87424K,   0% used [0x00000000e0000000, 0x00000000e0000000, 0x00000000e5560000)
  from space 21824K, 100% used [0x00000000e5560000, 0x00000000e6ab0000, 0x00000000e6ab0000)
  to   space 21824K,   0% used [0x00000000e6ab0000, 0x00000000e6ab0000, 0x00000000e8000000)
 concurrent mark-sweep generation total 393216K, used 64817K [0x00000000e8000000, 0x0000000100000000, 0x0000000100000000)
 Metaspace       used 29258K, capacity 29638K, committed 30100K, reserved 1075200K
  class space    used 3472K, capacity 3611K, committed 3736K, reserved 1048576K
}
2015-09-09T11:11:34.567+0200: 48.152: Total time for which application threads were stopped: 0.0095014 seconds, Stopping threads took: 0.0000144 seconds
{Heap before GC invocations=54 (full 2):
 par new generation   total 109248K, used 109248K [0x00000000e0000000, 0x00000000e8000000, 0x00000000e8000000)
  eden space 87424K, 100% used [0x00000000e0000000, 0x00000000e5560000, 0x00000000e5560000)
  from space 21824K, 100% used [0x00000000e5560000, 0x00000000e6ab0000, 0x00000000e6ab0000)
  to   space 21824K,   0% used [0x00000000e6ab0000, 0x00000000e6ab0000, 0x00000000e8000000)
 concurrent mark-sweep generation total 393216K, used 64817K [0x00000000e8000000, 0x0000000100000000, 0x0000000100000000)
 Metaspace       used 29258K, capacity 29638K, committed 30100K, reserved 1075200K
  class space    used 3472K, capacity 3611K, committed 3736K, reserved 1048576K
2015-09-09T11:11:34.844+0200: 48.429: [GC (Allocation Failure) 48.429: [ParNew
Desired survivor size 20112992 bytes, new threshold 8 (max 8)
- age   1:    8013400 bytes,    8013400 total
- age   2:    2022168 bytes,   10035568 total
- age   3:    1164296 bytes,   11199864 total
- age   4:    2090000 bytes,   13289864 total
- age   5:    1755816 bytes,   15045680 total
- age   6:     784720 bytes,   15830400 total
- age   7:    1637952 bytes,   17468352 total
- age   8:    2022184 bytes,   19490536 total
: 109248K->21824K(109248K), 0.0103913 secs] 174065K->95988K(502464K), 0.0104402 secs] [Times: user=0.06 sys=0.00, real=0.01 secs] 
Heap after GC invocations=55 (full 2):
 par new generation   total 109248K, used 21824K [0x00000000e0000000, 0x00000000e8000000, 0x00000000e8000000)
  eden space 87424K,   0% used [0x00000000e0000000, 0x00000000e0000000, 0x00000000e5560000)
  from space 21824K, 100% used [0x00000000e6ab0000, 0x00000000e8000000, 0x00000000e8000000)
  to   space 21824K,   0% used [0x00000000e5560000, 0x00000000e5560000, 0x00000000e6ab0000)
 concurrent mark-sweep generation total 393216K, used 74164K [0x00000000e8000000, 0x0000000100000000, 0x0000000100000000)
 Metaspace       used 29258K, capacity 29638K, committed 30100K, reserved 1075200K
  class space    used 3472K, capacity 3611K, committed 3736K, reserved 1048576K
}
2015-09-09T11:11:34.854+0200: 48.439: Total time for which application threads were stopped: 0.0105708 seconds, Stopping threads took: 0.0000144 seconds
2015-09-09T11:11:34.944+0200: 48.529: Total time for which application threads were stopped: 0.0000986 seconds, Stopping threads took: 0.0000282 seconds
2015-09-09T11:11:34.944+0200: 48.529: Total time for which application threads were stopped: 0.0000611 seconds, Stopping threads took: 0.0000253 seconds
2015-09-09T11:11:34.944+0200: 48.529: Total time for which application threads were stopped: 0.0000592 seconds, Stopping threads took: 0.0000214 seconds
2015-09-09T11:11:34.980+0200: 48.565: Total time for which application threads were stopped: 0.0001187 seconds, Stopping threads took: 0.0000179 seconds
2015-09-09T11:11:34.986+0200: 48.571: Total time for which application threads were stopped: 0.0001059 seconds, Stopping threads took: 0.0000237 seconds
2015-09-09T11:11:34.993+0200: 48.578: Total time for which application threads were stopped: 0.0001760 seconds, Stopping threads took: 0.0001005 seconds
{Heap before GC invocations=55 (full 2):
 par new generation   total 109248K, used 109248K [0x00000000e0000000, 0x00000000e8000000, 0x00000000e8000000)
  eden space 87424K, 100% used [0x00000000e0000000, 0x00000000e5560000, 0x00000000e5560000)
  from space 21824K, 100% used [0x00000000e6ab0000, 0x00000000e8000000, 0x00000000e8000000)
  to   space 21824K,   0% used [0x00000000e5560000, 0x00000000e5560000, 0x00000000e6ab0000)
 concurrent mark-sweep generation total 393216K, used 74164K [0x00000000e8000000, 0x0000000100000000, 0x0000000100000000)
 Metaspace       used 29267K, capacity 29638K, committed 30100K, reserved 1075200K
  class space    used 3472K, capacity 3611K, committed 3736K, reserved 1048576K
2015-09-09T11:11:35.146+0200: 48.731: [GC (Allocation Failure) 48.731: [ParNew
Desired survivor size 20112992 bytes, new threshold 8 (max 8)
- age   1:    2673520 bytes,    2673520 total
- age   2:    4214168 bytes,    6887688 total
- age   3:    1958592 bytes,    8846280 total
- age   4:    1126680 bytes,    9972960 total
- age   5:    2025528 bytes,   11998488 total
- age   6:    1681832 bytes,   13680320 total
- age   7:     715640 bytes,   14395960 total
- age   8:    1567744 bytes,   15963704 total
: 109248K->21824K(109248K), 0.0080559 secs] 183412K->103752K(502464K), 0.0081231 secs] [Times: user=0.00 sys=0.00, real=0.01 secs] 
Heap after GC invocations=56 (full 2):
 par new generation   total 109248K, used 21824K [0x00000000e0000000, 0x00000000e8000000, 0x00000000e8000000)
  eden space 87424K,   0% used [0x00000000e0000000, 0x00000000e0000000, 0x00000000e5560000)
  from space 21824K, 100% used [0x00000000e5560000, 0x00000000e6ab0000, 0x00000000e6ab0000)
  to   space 21824K,   0% used [0x00000000e6ab0000, 0x00000000e6ab0000, 0x00000000e8000000)
 concurrent mark-sweep generation total 393216K, used 81928K [0x00000000e8000000, 0x0000000100000000, 0x0000000100000000)
 Metaspace       used 29267K, capacity 29638K, committed 30100K, reserved 1075200K
  class space    used 3472K, capacity 3611K, committed 3736K, reserved 1048576K
}
2015-09-09T11:11:35.154+0200: 48.739: Total time for which application threads were stopped: 0.0083170 seconds, Stopping threads took: 0.0000246 seconds
2015-09-09T11:11:35.377+0200: 48.962: Total time for which application threads were stopped: 0.0001011 seconds, Stopping threads took: 0.0000157 seconds
{Heap before GC invocations=56 (full 2):
 par new generation   total 109248K, used 109248K [0x00000000e0000000, 0x00000000e8000000, 0x00000000e8000000)
  eden space 87424K, 100% used [0x00000000e0000000, 0x00000000e5560000, 0x00000000e5560000)
  from space 21824K, 100% used [0x00000000e5560000, 0x00000000e6ab0000, 0x00000000e6ab0000)
  to   space 21824K,   0% used [0x00000000e6ab0000, 0x00000000e6ab0000, 0x00000000e8000000)
 concurrent mark-sweep generation total 393216K, used 81928K [0x00000000e8000000, 0x0000000100000000, 0x0000000100000000)
 Metaspace       used 29306K, capacity 29702K, committed 30100K, reserved 1075200K
  class space    used 3472K, capacity 3611K, committed 3736K, reserved 1048576K
2015-09-09T11:11:35.403+0200: 48.988: [GC (Allocation Failure) 48.988: [ParNew
Desired survivor size 20112992 bytes, new threshold 8 (max 8)
- age   1:    4186616 bytes,    4186616 total
- age   2:    2207736 bytes,    6394352 total
- age   3:    4081376 bytes,   10475728 total
- age   4:    1907208 bytes,   12382936 total
- age   5:    1101536 bytes,   13484472 total
- age   6:    2004648 bytes,   15489120 total
- age   7:    1672816 bytes,   17161936 total
- age   8:     702472 bytes,   17864408 total
: 109248K->21824K(109248K), 0.0166379 secs] 191176K->106044K(502464K), 0.0166866 secs] [Times: user=0.06 sys=0.00, real=0.02 secs] 
Heap after GC invocations=57 (full 2):
 par new generation   total 109248K, used 21824K [0x00000000e0000000, 0x00000000e8000000, 0x00000000e8000000)
  eden space 87424K,   0% used [0x00000000e0000000, 0x00000000e0000000, 0x00000000e5560000)
  from space 21824K, 100% used [0x00000000e6ab0000, 0x00000000e8000000, 0x00000000e8000000)
  to   space 21824K,   0% used [0x00000000e5560000, 0x00000000e5560000, 0x00000000e6ab0000)
 concurrent mark-sweep generation total 393216K, used 84220K [0x00000000e8000000, 0x0000000100000000, 0x0000000100000000)
 Metaspace       used 29306K, capacity 29702K, committed 30100K, reserved 1075200K
  class space    used 3472K, capacity 3611K, committed 3736K, reserved 1048576K
}
2015-09-09T11:11:35.419+0200: 49.004: Total time for which application threads were stopped: 0.0168475 seconds, Stopping threads took: 0.0000173 seconds
{Heap before GC invocations=57 (full 2):
 par new generation   total 109248K, used 109248K [0x00000000e0000000, 0x00000000e8000000, 0x00000000e8000000)
  eden space 87424K, 100% used [0x00000000e0000000, 0x00000000e5560000, 0x00000000e5560000)
  from space 21824K, 100% used [0x00000000e6ab0000, 0x00000000e8000000, 0x00000000e8000000)
  to   space 21824K,   0% used [0x00000000e5560000, 0x00000000e5560000, 0x00000000e6ab0000)
 concurrent mark-sweep generation total 393216K, used 84220K [0x00000000e8000000, 0x0000000100000000, 0x0000000100000000)
 Metaspace       used 29306K, capacity 29702K, committed 30100K, reserved 1075200K
  class space    used 3472K, capacity 3611K, committed 3736K, reserved 1048576K
2015-09-09T11:11:35.495+0200: 49.080: [GC (Allocation Failure) 49.080: [ParNew
Desired survivor size 20112992 bytes, new threshold 8 (max 8)
- age   1:    2502864 bytes,    2502864 total
- age   2:    2722680 bytes,    5225544 total
- age   3:    2207736 bytes,    7433280 total
- age   4:    4081376 bytes,   11514656 total
- age   5:    1907208 bytes,   13421864 total
- age   6:    1101536 bytes,   14523400 total
- age   7:    2004648 bytes,   16528048 total
- age   8:    1672816 bytes,   18200864 total
: 109248K->21824K(109248K), 0.0069478 secs] 193468K->106732K(502464K), 0.0069945 secs] [Times: user=0.06 sys=0.00, real=0.01 secs] 
Heap after GC invocations=58 (full 2):
 par new generation   total 109248K, used 21824K [0x00000000e0000000, 0x00000000e8000000, 0x00000000e8000000)
  eden space 87424K,   0% used [0x00000000e0000000, 0x00000000e0000000, 0x00000000e5560000)
  from space 21824K, 100% used [0x00000000e5560000, 0x00000000e6ab0000, 0x00000000e6ab0000)
  to   space 21824K,   0% used [0x00000000e6ab0000, 0x00000000e6ab0000, 0x00000000e8000000)
 concurrent mark-sweep generation total 393216K, used 84908K [0x00000000e8000000, 0x0000000100000000, 0x0000000100000000)
 Metaspace       used 29306K, capacity 29702K, committed 30100K, reserved 1075200K
  class space    used 3472K, capacity 3611K, committed 3736K, reserved 1048576K
}
2015-09-09T11:11:35.502+0200: 49.087: Total time for which application threads were stopped: 0.0071535 seconds, Stopping threads took: 0.0000211 seconds
{Heap before GC invocations=58 (full 2):
 par new generation   total 109248K, used 109248K [0x00000000e0000000, 0x00000000e8000000, 0x00000000e8000000)
  eden space 87424K, 100% used [0x00000000e0000000, 0x00000000e5560000, 0x00000000e5560000)
  from space 21824K, 100% used [0x00000000e5560000, 0x00000000e6ab0000, 0x00000000e6ab0000)
  to   space 21824K,   0% used [0x00000000e6ab0000, 0x00000000e6ab0000, 0x00000000e8000000)
 concurrent mark-sweep generation total 393216K, used 84908K [0x00000000e8000000, 0x0000000100000000, 0x0000000100000000)
 Metaspace       used 29306K, capacity 29702K, committed 30100K, reserved 1075200K
  class space    used 3472K, capacity 3611K, committed 3736K, reserved 1048576K
2015-09-09T11:11:35.578+0200: 49.163: [GC (Allocation Failure) 49.163: [ParNew
Desired survivor size 20112992 bytes, new threshold 8 (max 8)
- age   1:    2727992 bytes,    2727992 total
- age   2:     936080 bytes,    3664072 total
- age   3:    2685576 bytes,    6349648 total
- age   4:    2207560 bytes,    8557208 total
- age   5:    4081376 bytes,   12638584 total
- age   6:    1907208 bytes,   14545792 total
- age   7:    1101536 bytes,   15647328 total
- age   8:    2004648 bytes,   17651976 total
: 109248K->21824K(109248K), 0.0066243 secs] 194156K->108368K(502464K), 0.0066681 secs] [Times: user=0.00 sys=0.00, real=0.01 secs] 
Heap after GC invocations=59 (full 2):
 par new generation   total 109248K, used 21824K [0x00000000e0000000, 0x00000000e8000000, 0x00000000e8000000)
  eden space 87424K,   0% used [0x00000000e0000000, 0x00000000e0000000, 0x00000000e5560000)
  from space 21824K, 100% used [0x00000000e6ab0000, 0x00000000e8000000, 0x00000000e8000000)
  to   space 21824K,   0% used [0x00000000e5560000, 0x00000000e5560000, 0x00000000e6ab0000)
 concurrent mark-sweep generation total 393216K, used 86544K [0x00000000e8000000, 0x0000000100000000, 0x0000000100000000)
 Metaspace       used 29306K, capacity 29702K, committed 30100K, reserved 1075200K
  class space    used 3472K, capacity 3611K, committed 3736K, reserved 1048576K
}
2015-09-09T11:11:35.584+0200: 49.169: Total time for which application threads were stopped: 0.0068303 seconds, Stopping threads took: 0.0000285 seconds
2015-09-09T11:11:35.613+0200: 49.198: Total time for which application threads were stopped: 0.0001078 seconds, Stopping threads took: 0.0000230 seconds
2015-09-09T11:11:35.615+0200: 49.200: Total time for which application threads were stopped: 0.0003629 seconds, Stopping threads took: 0.0000250 seconds
2015-09-09T11:11:35.616+0200: 49.201: Total time for which application threads were stopped: 0.0000797 seconds, Stopping threads took: 0.0000240 seconds
2015-09-09T11:11:35.618+0200: 49.203: Total time for which application threads were stopped: 0.0000435 seconds, Stopping threads took: 0.0000166 seconds
2015-09-09T11:11:35.621+0200: 49.206: Total time for which application threads were stopped: 0.0003558 seconds, Stopping threads took: 0.0000416 seconds
2015-09-09T11:11:35.624+0200: 49.209: Total time for which application threads were stopped: 0.0001088 seconds, Stopping threads took: 0.0000480 seconds
2015-09-09T11:11:35.625+0200: 49.210: Total time for which application threads were stopped: 0.0001187 seconds, Stopping threads took: 0.0000474 seconds
2015-09-09T11:11:35.667+0200: 49.252: Total time for which application threads were stopped: 0.0002038 seconds, Stopping threads took: 0.0001194 seconds
{Heap before GC invocations=59 (full 2):
 par new generation   total 109248K, used 109248K [0x00000000e0000000, 0x00000000e8000000, 0x00000000e8000000)
  eden space 87424K, 100% used [0x00000000e0000000, 0x00000000e5560000, 0x00000000e5560000)
  from space 21824K, 100% used [0x00000000e6ab0000, 0x00000000e8000000, 0x00000000e8000000)
  to   space 21824K,   0% used [0x00000000e5560000, 0x00000000e5560000, 0x00000000e6ab0000)
 concurrent mark-sweep generation total 393216K, used 86544K [0x00000000e8000000, 0x0000000100000000, 0x0000000100000000)
 Metaspace       used 29609K, capacity 29990K, committed 30356K, reserved 1075200K
  class space    used 3495K, capacity 3643K, committed 3736K, reserved 1048576K
2015-09-09T11:11:35.822+0200: 49.407: [GC (Allocation Failure) 49.407: [ParNew
Desired survivor size 20112992 bytes, new threshold 8 (max 8)
- age   1:    5107760 bytes,    5107760 total
- age   2:     848488 bytes,    5956248 total
- age   3:     932744 bytes,    6888992 total
- age   4:    2577656 bytes,    9466648 total
- age   5:    1340944 bytes,   10807592 total
- age   6:    3907568 bytes,   14715160 total
- age   7:    1732344 bytes,   16447504 total
- age   8:    1028960 bytes,   17476464 total
: 109248K->21824K(109248K), 0.0081884 secs] 195792K->111057K(502464K), 0.0082569 secs] [Times: user=0.05 sys=0.02, real=0.01 secs] 
Heap after GC invocations=60 (full 2):
 par new generation   total 109248K, used 21824K [0x00000000e0000000, 0x00000000e8000000, 0x00000000e8000000)
  eden space 87424K,   0% used [0x00000000e0000000, 0x00000000e0000000, 0x00000000e5560000)
  from space 21824K, 100% used [0x00000000e5560000, 0x00000000e6ab0000, 0x00000000e6ab0000)
  to   space 21824K,   0% used [0x00000000e6ab0000, 0x00000000e6ab0000, 0x00000000e8000000)
 concurrent mark-sweep generation total 393216K, used 89233K [0x00000000e8000000, 0x0000000100000000, 0x0000000100000000)
 Metaspace       used 29609K, capacity 29990K, committed 30356K, reserved 1075200K
  class space    used 3495K, capacity 3643K, committed 3736K, reserved 1048576K
}
2015-09-09T11:11:35.830+0200: 49.415: Total time for which application threads were stopped: 0.0084086 seconds, Stopping threads took: 0.0000157 seconds
2015-09-09T11:11:36.104+0200: 49.689: Total time for which application threads were stopped: 0.0000858 seconds, Stopping threads took: 0.0000330 seconds
2015-09-09T11:11:36.104+0200: 49.689: Total time for which application threads were stopped: 0.0000912 seconds, Stopping threads took: 0.0000483 seconds
2015-09-09T11:11:36.105+0200: 49.690: Total time for which application threads were stopped: 0.0000522 seconds, Stopping threads took: 0.0000227 seconds
{Heap before GC invocations=60 (full 2):
 par new generation   total 109248K, used 109248K [0x00000000e0000000, 0x00000000e8000000, 0x00000000e8000000)
  eden space 87424K, 100% used [0x00000000e0000000, 0x00000000e5560000, 0x00000000e5560000)
  from space 21824K, 100% used [0x00000000e5560000, 0x00000000e6ab0000, 0x00000000e6ab0000)
  to   space 21824K,   0% used [0x00000000e6ab0000, 0x00000000e6ab0000, 0x00000000e8000000)
 concurrent mark-sweep generation total 393216K, used 89233K [0x00000000e8000000, 0x0000000100000000, 0x0000000100000000)
 Metaspace       used 29614K, capacity 29990K, committed 30356K, reserved 1075200K
  class space    used 3496K, capacity 3643K, committed 3736K, reserved 1048576K
2015-09-09T11:11:36.108+0200: 49.693: [GC (Allocation Failure) 49.693: [ParNew
Desired survivor size 20112992 bytes, new threshold 8 (max 8)
- age   1:    7204152 bytes,    7204152 total
- age   2:    2618544 bytes,    9822696 total
- age   3:     848488 bytes,   10671184 total
- age   4:     736088 bytes,   11407272 total
- age   5:    2053352 bytes,   13460624 total
- age   6:    1340464 bytes,   14801088 total
- age   7:    3907568 bytes,   18708656 total
- age   8:    1732344 bytes,   20441000 total
: 109248K->21824K(109248K), 0.0077148 secs] 198481K->112065K(502464K), 0.0077628 secs] [Times: user=0.00 sys=0.00, real=0.01 secs] 
Heap after GC invocations=61 (full 2):
 par new generation   total 109248K, used 21824K [0x00000000e0000000, 0x00000000e8000000, 0x00000000e8000000)
  eden space 87424K,   0% used [0x00000000e0000000, 0x00000000e0000000, 0x00000000e5560000)
  from space 21824K, 100% used [0x00000000e6ab0000, 0x00000000e8000000, 0x00000000e8000000)
  to   space 21824K,   0% used [0x00000000e5560000, 0x00000000e5560000, 0x00000000e6ab0000)
 concurrent mark-sweep generation total 393216K, used 90241K [0x00000000e8000000, 0x0000000100000000, 0x0000000100000000)
 Metaspace       used 29614K, capacity 29990K, committed 30356K, reserved 1075200K
  class space    used 3496K, capacity 3643K, committed 3736K, reserved 1048576K
}
2015-09-09T11:11:36.116+0200: 49.701: Total time for which application threads were stopped: 0.0079151 seconds, Stopping threads took: 0.0000218 seconds
2015-09-09T11:11:36.125+0200: 49.710: Total time for which application threads were stopped: 0.0001613 seconds, Stopping threads took: 0.0000627 seconds
2015-09-09T11:11:36.130+0200: 49.715: Total time for which application threads were stopped: 0.0000992 seconds, Stopping threads took: 0.0000250 seconds
2015-09-09T11:11:36.130+0200: 49.716: Total time for which application threads were stopped: 0.0001062 seconds, Stopping threads took: 0.0000243 seconds
{Heap before GC invocations=61 (full 2):
 par new generation   total 109248K, used 109248K [0x00000000e0000000, 0x00000000e8000000, 0x00000000e8000000)
  eden space 87424K, 100% used [0x00000000e0000000, 0x00000000e5560000, 0x00000000e5560000)
  from space 21824K, 100% used [0x00000000e6ab0000, 0x00000000e8000000, 0x00000000e8000000)
  to   space 21824K,   0% used [0x00000000e5560000, 0x00000000e5560000, 0x00000000e6ab0000)
 concurrent mark-sweep generation total 393216K, used 90241K [0x00000000e8000000, 0x0000000100000000, 0x0000000100000000)
 Metaspace       used 29617K, capacity 29990K, committed 30356K, reserved 1075200K
  class space    used 3496K, capacity 3643K, committed 3736K, reserved 1048576K
2015-09-09T11:11:36.284+0200: 49.869: [GC (Allocation Failure) 49.869: [ParNew
Desired survivor size 20112992 bytes, new threshold 8 (max 8)
- age   1:    3207152 bytes,    3207152 total
- age   2:    5964144 bytes,    9171296 total
- age   3:    1567336 bytes,   10738632 total
- age   4:     486560 bytes,   11225192 total
- age   5:     406512 bytes,   11631704 total
- age   6:    1435752 bytes,   13067456 total
- age   7:    1252856 bytes,   14320312 total
- age   8:    3888336 bytes,   18208648 total
: 109248K->21824K(109248K), 0.0083375 secs] 199489K->116864K(502464K), 0.0083849 secs] [Times: user=0.00 sys=0.00, real=0.01 secs] 
Heap after GC invocations=62 (full 2):
 par new generation   total 109248K, used 21824K [0x00000000e0000000, 0x00000000e8000000, 0x00000000e8000000)
  eden space 87424K,   0% used [0x00000000e0000000, 0x00000000e0000000, 0x00000000e5560000)
  from space 21824K, 100% used [0x00000000e5560000, 0x00000000e6ab0000, 0x00000000e6ab0000)
  to   space 21824K,   0% used [0x00000000e6ab0000, 0x00000000e6ab0000, 0x00000000e8000000)
 concurrent mark-sweep generation total 393216K, used 95040K [0x00000000e8000000, 0x0000000100000000, 0x0000000100000000)
 Metaspace       used 29617K, capacity 29990K, committed 30356K, reserved 1075200K
  class space    used 3496K, capacity 3643K, committed 3736K, reserved 1048576K
}
2015-09-09T11:11:36.292+0200: 49.877: Total time for which application threads were stopped: 0.0085804 seconds, Stopping threads took: 0.0000320 seconds
2015-09-09T11:11:36.382+0200: 49.967: Total time for which application threads were stopped: 0.0000752 seconds, Stopping threads took: 0.0000192 seconds
2015-09-09T11:11:36.382+0200: 49.967: Total time for which application threads were stopped: 0.0000893 seconds, Stopping threads took: 0.0000198 seconds
2015-09-09T11:11:36.383+0200: 49.968: Total time for which application threads were stopped: 0.0000646 seconds, Stopping threads took: 0.0000102 seconds
2015-09-09T11:11:36.383+0200: 49.968: Total time for which application threads were stopped: 0.0000634 seconds, Stopping threads took: 0.0000138 seconds
2015-09-09T11:11:36.383+0200: 49.968: Total time for which application threads were stopped: 0.0000522 seconds, Stopping threads took: 0.0000074 seconds
{Heap before GC invocations=62 (full 2):
 par new generation   total 109248K, used 109248K [0x00000000e0000000, 0x00000000e8000000, 0x00000000e8000000)
  eden space 87424K, 100% used [0x00000000e0000000, 0x00000000e5560000, 0x00000000e5560000)
  from space 21824K, 100% used [0x00000000e5560000, 0x00000000e6ab0000, 0x00000000e6ab0000)
  to   space 21824K,   0% used [0x00000000e6ab0000, 0x00000000e6ab0000, 0x00000000e8000000)
 concurrent mark-sweep generation total 393216K, used 95040K [0x00000000e8000000, 0x0000000100000000, 0x0000000100000000)
 Metaspace       used 29656K, capacity 29996K, committed 30356K, reserved 1075200K
  class space    used 3499K, capacity 3644K, committed 3736K, reserved 1048576K
2015-09-09T11:11:36.450+0200: 50.035: [GC (Allocation Failure) 50.035: [ParNew
Desired survivor size 20112992 bytes, new threshold 8 (max 8)
- age   1:    2964120 bytes,    2964120 total
- age   2:    1945632 bytes,    4909752 total
- age   3:    5777192 bytes,   10686944 total
- age   4:    1347800 bytes,   12034744 total
- age   5:     400984 bytes,   12435728 total
- age   6:     357840 bytes,   12793568 total
- age   7:    1067600 bytes,   13861168 total
- age   8:    1242112 bytes,   15103280 total
: 109248K->21824K(109248K), 0.0079794 secs] 204288K->121005K(502464K), 0.0080342 secs] [Times: user=0.05 sys=0.00, real=0.01 secs] 
Heap after GC invocations=63 (full 2):
 par new generation   total 109248K, used 21824K [0x00000000e0000000, 0x00000000e8000000, 0x00000000e8000000)
  eden space 87424K,   0% used [0x00000000e0000000, 0x00000000e0000000, 0x00000000e5560000)
  from space 21824K, 100% used [0x00000000e6ab0000, 0x00000000e8000000, 0x00000000e8000000)
  to   space 21824K,   0% used [0x00000000e5560000, 0x00000000e5560000, 0x00000000e6ab0000)
 concurrent mark-sweep generation total 393216K, used 99181K [0x00000000e8000000, 0x0000000100000000, 0x0000000100000000)
 Metaspace       used 29656K, capacity 29996K, committed 30356K, reserved 1075200K
  class space    used 3499K, capacity 3644K, committed 3736K, reserved 1048576K
}
2015-09-09T11:11:36.458+0200: 50.043: Total time for which application threads were stopped: 0.0081852 seconds, Stopping threads took: 0.0000182 seconds
{Heap before GC invocations=63 (full 2):
 par new generation   total 109248K, used 109248K [0x00000000e0000000, 0x00000000e8000000, 0x00000000e8000000)
  eden space 87424K, 100% used [0x00000000e0000000, 0x00000000e5560000, 0x00000000e5560000)
  from space 21824K, 100% used [0x00000000e6ab0000, 0x00000000e8000000, 0x00000000e8000000)
  to   space 21824K,   0% used [0x00000000e5560000, 0x00000000e5560000, 0x00000000e6ab0000)
 concurrent mark-sweep generation total 393216K, used 99181K [0x00000000e8000000, 0x0000000100000000, 0x0000000100000000)
 Metaspace       used 29656K, capacity 29996K, committed 30356K, reserved 1075200K
  class space    used 3499K, capacity 3644K, committed 3736K, reserved 1048576K
2015-09-09T11:11:36.717+0200: 50.302: [GC (Allocation Failure) 50.302: [ParNew
Desired survivor size 20112992 bytes, new threshold 8 (max 8)
- age   1:    5457016 bytes,    5457016 total
- age   2:    1701392 bytes,    7158408 total
- age   3:    1682104 bytes,    8840512 total
- age   4:    5777184 bytes,   14617696 total
- age   5:    1347800 bytes,   15965496 total
- age   6:     400984 bytes,   16366480 total
- age   7:     357840 bytes,   16724320 total
- age   8:    1067600 bytes,   17791920 total
: 109248K->21451K(109248K), 0.0065513 secs] 208429K->121848K(502464K), 0.0065951 secs] [Times: user=0.00 sys=0.00, real=0.01 secs] 
Heap after GC invocations=64 (full 2):
 par new generation   total 109248K, used 21451K [0x00000000e0000000, 0x00000000e8000000, 0x00000000e8000000)
  eden space 87424K,   0% used [0x00000000e0000000, 0x00000000e0000000, 0x00000000e5560000)
  from space 21824K,  98% used [0x00000000e5560000, 0x00000000e6a52cf0, 0x00000000e6ab0000)
  to   space 21824K,   0% used [0x00000000e6ab0000, 0x00000000e6ab0000, 0x00000000e8000000)
 concurrent mark-sweep generation total 393216K, used 100397K [0x00000000e8000000, 0x0000000100000000, 0x0000000100000000)
 Metaspace       used 29656K, capacity 29996K, committed 30356K, reserved 1075200K
  class space    used 3499K, capacity 3644K, committed 3736K, reserved 1048576K
}
2015-09-09T11:11:36.724+0200: 50.309: Total time for which application threads were stopped: 0.0067315 seconds, Stopping threads took: 0.0000134 seconds
{Heap before GC invocations=64 (full 2):
 par new generation   total 109248K, used 108875K [0x00000000e0000000, 0x00000000e8000000, 0x00000000e8000000)
  eden space 87424K, 100% used [0x00000000e0000000, 0x00000000e5560000, 0x00000000e5560000)
  from space 21824K,  98% used [0x00000000e5560000, 0x00000000e6a52cf0, 0x00000000e6ab0000)
  to   space 21824K,   0% used [0x00000000e6ab0000, 0x00000000e6ab0000, 0x00000000e8000000)
 concurrent mark-sweep generation total 393216K, used 100397K [0x00000000e8000000, 0x0000000100000000, 0x0000000100000000)
 Metaspace       used 29656K, capacity 29996K, committed 30356K, reserved 1075200K
  class space    used 3499K, capacity 3644K, committed 3736K, reserved 1048576K
2015-09-09T11:11:36.992+0200: 50.577: [GC (Allocation Failure) 50.577: [ParNew
Desired survivor size 20112992 bytes, new threshold 8 (max 8)
- age   1:    2746264 bytes,    2746264 total
- age   2:    2496296 bytes,    5242560 total
- age   3:    1652848 bytes,    6895408 total
- age   4:    1615968 bytes,    8511376 total
- age   5:    5587016 bytes,   14098392 total
- age   6:    1288080 bytes,   15386472 total
- age   7:     382840 bytes,   15769312 total
- age   8:     340456 bytes,   16109768 total
: 108875K->21824K(109248K), 0.0066550 secs] 209272K->127140K(502464K), 0.0067007 secs] [Times: user=0.00 sys=0.00, real=0.01 secs] 
Heap after GC invocations=65 (full 2):
 par new generation   total 109248K, used 21824K [0x00000000e0000000, 0x00000000e8000000, 0x00000000e8000000)
  eden space 87424K,   0% used [0x00000000e0000000, 0x00000000e0000000, 0x00000000e5560000)
  from space 21824K, 100% used [0x00000000e6ab0000, 0x00000000e8000000, 0x00000000e8000000)
  to   space 21824K,   0% used [0x00000000e5560000, 0x00000000e5560000, 0x00000000e6ab0000)
 concurrent mark-sweep generation total 393216K, used 105316K [0x00000000e8000000, 0x0000000100000000, 0x0000000100000000)
 Metaspace       used 29656K, capacity 29996K, committed 30356K, reserved 1075200K
  class space    used 3499K, capacity 3644K, committed 3736K, reserved 1048576K
}
2015-09-09T11:11:36.999+0200: 50.584: Total time for which application threads were stopped: 0.0068425 seconds, Stopping threads took: 0.0000150 seconds
{Heap before GC invocations=65 (full 2):
 par new generation   total 109248K, used 109248K [0x00000000e0000000, 0x00000000e8000000, 0x00000000e8000000)
  eden space 87424K, 100% used [0x00000000e0000000, 0x00000000e5560000, 0x00000000e5560000)
  from space 21824K, 100% used [0x00000000e6ab0000, 0x00000000e8000000, 0x00000000e8000000)
  to   space 21824K,   0% used [0x00000000e5560000, 0x00000000e5560000, 0x00000000e6ab0000)
 concurrent mark-sweep generation total 393216K, used 105316K [0x00000000e8000000, 0x0000000100000000, 0x0000000100000000)
 Metaspace       used 29656K, capacity 29996K, committed 30356K, reserved 1075200K
  class space    used 3499K, capacity 3644K, committed 3736K, reserved 1048576K
2015-09-09T11:11:37.266+0200: 50.851: [GC (Allocation Failure) 50.851: [ParNew
Desired survivor size 20112992 bytes, new threshold 7 (max 8)
- age   1:    6241632 bytes,    6241632 total
- age   2:    2381944 bytes,    8623576 total
- age   3:    2296616 bytes,   10920192 total
- age   4:    1572072 bytes,   12492264 total
- age   5:    1531672 bytes,   14023936 total
- age   6:    5411888 bytes,   19435824 total
- age   7:    1184448 bytes,   20620272 total
- age   8:     345072 bytes,   20965344 total
: 109248K->21824K(109248K), 0.0071887 secs] 214564K->129470K(502464K), 0.0072377 secs] [Times: user=0.00 sys=0.00, real=0.01 secs] 
Heap after GC invocations=66 (full 2):
 par new generation   total 109248K, used 21824K [0x00000000e0000000, 0x00000000e8000000, 0x00000000e8000000)
  eden space 87424K,   0% used [0x00000000e0000000, 0x00000000e0000000, 0x00000000e5560000)
  from space 21824K, 100% used [0x00000000e5560000, 0x00000000e6ab0000, 0x00000000e6ab0000)
  to   space 21824K,   0% used [0x00000000e6ab0000, 0x00000000e6ab0000, 0x00000000e8000000)
 concurrent mark-sweep generation total 393216K, used 107646K [0x00000000e8000000, 0x0000000100000000, 0x0000000100000000)
 Metaspace       used 29656K, capacity 29996K, committed 30356K, reserved 1075200K
  class space    used 3499K, capacity 3644K, committed 3736K, reserved 1048576K
}
2015-09-09T11:11:37.273+0200: 50.858: Total time for which application threads were stopped: 0.0073916 seconds, Stopping threads took: 0.0000243 seconds
{Heap before GC invocations=66 (full 2):
 par new generation   total 109248K, used 109248K [0x00000000e0000000, 0x00000000e8000000, 0x00000000e8000000)
  eden space 87424K, 100% used [0x00000000e0000000, 0x00000000e5560000, 0x00000000e5560000)
  from space 21824K, 100% used [0x00000000e5560000, 0x00000000e6ab0000, 0x00000000e6ab0000)
  to   space 21824K,   0% used [0x00000000e6ab0000, 0x00000000e6ab0000, 0x00000000e8000000)
 concurrent mark-sweep generation total 393216K, used 107646K [0x00000000e8000000, 0x0000000100000000, 0x0000000100000000)
 Metaspace       used 29656K, capacity 29996K, committed 30356K, reserved 1075200K
  class space    used 3499K, capacity 3644K, committed 3736K, reserved 1048576K
2015-09-09T11:11:37.535+0200: 51.120: [GC (Allocation Failure) 51.120: [ParNew
Desired survivor size 20112992 bytes, new threshold 8 (max 8)
- age   1:    4972400 bytes,    4972400 total
- age   2:    2627744 bytes,    7600144 total
- age   3:    1439432 bytes,    9039576 total
- age   4:    2209720 bytes,   11249296 total
- age   5:    1522088 bytes,   12771384 total
- age   6:    1485432 bytes,   14256816 total
- age   7:    5367488 bytes,   19624304 total
: 109248K->21824K(109248K), 0.0077122 secs] 216894K->133928K(502464K), 0.0077599 secs] [Times: user=0.00 sys=0.00, real=0.01 secs] 
Heap after GC invocations=67 (full 2):
 par new generation   total 109248K, used 21824K [0x00000000e0000000, 0x00000000e8000000, 0x00000000e8000000)
  eden space 87424K,   0% used [0x00000000e0000000, 0x00000000e0000000, 0x00000000e5560000)
  from space 21824K, 100% used [0x00000000e6ab0000, 0x00000000e8000000, 0x00000000e8000000)
  to   space 21824K,   0% used [0x00000000e5560000, 0x00000000e5560000, 0x00000000e6ab0000)
 concurrent mark-sweep generation total 393216K, used 112104K [0x00000000e8000000, 0x0000000100000000, 0x0000000100000000)
 Metaspace       used 29656K, capacity 29996K, committed 30356K, reserved 1075200K
  class space    used 3499K, capacity 3644K, committed 3736K, reserved 1048576K
}
2015-09-09T11:11:37.543+0200: 51.128: Total time for which application threads were stopped: 0.0078978 seconds, Stopping threads took: 0.0000147 seconds
{Heap before GC invocations=67 (full 2):
 par new generation   total 109248K, used 109248K [0x00000000e0000000, 0x00000000e8000000, 0x00000000e8000000)
  eden space 87424K, 100% used [0x00000000e0000000, 0x00000000e5560000, 0x00000000e5560000)
  from space 21824K, 100% used [0x00000000e6ab0000, 0x00000000e8000000, 0x00000000e8000000)
  to   space 21824K,   0% used [0x00000000e5560000, 0x00000000e5560000, 0x00000000e6ab0000)
 concurrent mark-sweep generation total 393216K, used 112104K [0x00000000e8000000, 0x0000000100000000, 0x0000000100000000)
 Metaspace       used 29656K, capacity 29996K, committed 30356K, reserved 1075200K
  class space    used 3499K, capacity 3644K, committed 3736K, reserved 1048576K
2015-09-09T11:11:37.817+0200: 51.402: [GC (Allocation Failure) 51.402: [ParNew
Desired survivor size 20112992 bytes, new threshold 8 (max 8)
- age   1:    6971016 bytes,    6971016 total
- age   2:    1159184 bytes,    8130200 total
- age   3:    2574768 bytes,   10704968 total
- age   4:    1401608 bytes,   12106576 total
- age   5:    2174760 bytes,   14281336 total
- age   6:    1369160 bytes,   15650496 total
- age   7:    1464360 bytes,   17114856 total
- age   8:    4008544 bytes,   21123400 total
: 109248K->21824K(109248K), 0.0074655 secs] 221352K->135964K(502464K), 0.0075155 secs] [Times: user=0.00 sys=0.00, real=0.01 secs] 
Heap after GC invocations=68 (full 2):
 par new generation   total 109248K, used 21824K [0x00000000e0000000, 0x00000000e8000000, 0x00000000e8000000)
  eden space 87424K,   0% used [0x00000000e0000000, 0x00000000e0000000, 0x00000000e5560000)
  from space 21824K, 100% used [0x00000000e5560000, 0x00000000e6ab0000, 0x00000000e6ab0000)
  to   space 21824K,   0% used [0x00000000e6ab0000, 0x00000000e6ab0000, 0x00000000e8000000)
 concurrent mark-sweep generation total 393216K, used 114140K [0x00000000e8000000, 0x0000000100000000, 0x0000000100000000)
 Metaspace       used 29656K, capacity 29996K, committed 30356K, reserved 1075200K
  class space    used 3499K, capacity 3644K, committed 3736K, reserved 1048576K
}
2015-09-09T11:11:37.825+0200: 51.410: Total time for which application threads were stopped: 0.0076585 seconds, Stopping threads took: 0.0000144 seconds
{Heap before GC invocations=68 (full 2):
 par new generation   total 109248K, used 109248K [0x00000000e0000000, 0x00000000e8000000, 0x00000000e8000000)
  eden space 87424K, 100% used [0x00000000e0000000, 0x00000000e5560000, 0x00000000e5560000)
  from space 21824K, 100% used [0x00000000e5560000, 0x00000000e6ab0000, 0x00000000e6ab0000)
  to   space 21824K,   0% used [0x00000000e6ab0000, 0x00000000e6ab0000, 0x00000000e8000000)
 concurrent mark-sweep generation total 393216K, used 114140K [0x00000000e8000000, 0x0000000100000000, 0x0000000100000000)
 Metaspace       used 29656K, capacity 29996K, committed 30356K, reserved 1075200K
  class space    used 3499K, capacity 3644K, committed 3736K, reserved 1048576K
2015-09-09T11:11:38.102+0200: 51.687: [GC (Allocation Failure) 51.687: [ParNew
Desired survivor size 20112992 bytes, new threshold 8 (max 8)
- age   1:    8237896 bytes,    8237896 total
- age   2:    2176056 bytes,   10413952 total
- age   3:    1126448 bytes,   11540400 total
- age   4:    2312520 bytes,   13852920 total
- age   5:    1008176 bytes,   14861096 total
- age   6:    1453344 bytes,   16314440 total
- age   7:    1369256 bytes,   17683696 total
- age   8:    1464456 bytes,   19148152 total
: 109248K->21824K(109248K), 0.0077625 secs] 223388K->142088K(502464K), 0.0078313 secs] [Times: user=0.06 sys=0.00, real=0.01 secs] 
Heap after GC invocations=69 (full 2):
 par new generation   total 109248K, used 21824K [0x00000000e0000000, 0x00000000e8000000, 0x00000000e8000000)
  eden space 87424K,   0% used [0x00000000e0000000, 0x00000000e0000000, 0x00000000e5560000)
  from space 21824K, 100% used [0x00000000e6ab0000, 0x00000000e8000000, 0x00000000e8000000)
  to   space 21824K,   0% used [0x00000000e5560000, 0x00000000e5560000, 0x00000000e6ab0000)
 concurrent mark-sweep generation total 393216K, used 120264K [0x00000000e8000000, 0x0000000100000000, 0x0000000100000000)
 Metaspace       used 29656K, capacity 29996K, committed 30356K, reserved 1075200K
  class space    used 3499K, capacity 3644K, committed 3736K, reserved 1048576K
}
2015-09-09T11:11:38.109+0200: 51.695: Total time for which application threads were stopped: 0.0079890 seconds, Stopping threads took: 0.0000150 seconds
{Heap before GC invocations=69 (full 2):
 par new generation   total 109248K, used 109248K [0x00000000e0000000, 0x00000000e8000000, 0x00000000e8000000)
  eden space 87424K, 100% used [0x00000000e0000000, 0x00000000e5560000, 0x00000000e5560000)
  from space 21824K, 100% used [0x00000000e6ab0000, 0x00000000e8000000, 0x00000000e8000000)
  to   space 21824K,   0% used [0x00000000e5560000, 0x00000000e5560000, 0x00000000e6ab0000)
 concurrent mark-sweep generation total 393216K, used 120264K [0x00000000e8000000, 0x0000000100000000, 0x0000000100000000)
 Metaspace       used 29656K, capacity 29996K, committed 30356K, reserved 1075200K
  class space    used 3499K, capacity 3644K, committed 3736K, reserved 1048576K
2015-09-09T11:11:38.375+0200: 51.961: [GC (Allocation Failure) 51.961: [ParNew
Desired survivor size 20112992 bytes, new threshold 8 (max 8)
- age   1:    7152032 bytes,    7152032 total
- age   2:    2096064 bytes,    9248096 total
- age   3:    1505352 bytes,   10753448 total
- age   4:    1092392 bytes,   11845840 total
- age   5:    2196768 bytes,   14042608 total
- age   6:    1007160 bytes,   15049768 total
- age   7:    1452176 bytes,   16501944 total
- age   8:    1368672 bytes,   17870616 total
: 109248K->21824K(109248K), 0.0074399 secs] 229512K->146793K(502464K), 0.0074857 secs] [Times: user=0.00 sys=0.00, real=0.01 secs] 
Heap after GC invocations=70 (full 2):
 par new generation   total 109248K, used 21824K [0x00000000e0000000, 0x00000000e8000000, 0x00000000e8000000)
  eden space 87424K,   0% used [0x00000000e0000000, 0x00000000e0000000, 0x00000000e5560000)
  from space 21824K, 100% used [0x00000000e5560000, 0x00000000e6ab0000, 0x00000000e6ab0000)
  to   space 21824K,   0% used [0x00000000e6ab0000, 0x00000000e6ab0000, 0x00000000e8000000)
 concurrent mark-sweep generation total 393216K, used 124969K [0x00000000e8000000, 0x0000000100000000, 0x0000000100000000)
 Metaspace       used 29656K, capacity 29996K, committed 30356K, reserved 1075200K
  class space    used 3499K, capacity 3644K, committed 3736K, reserved 1048576K
}
2015-09-09T11:11:38.383+0200: 51.968: Total time for which application threads were stopped: 0.0076226 seconds, Stopping threads took: 0.0000147 seconds
{Heap before GC invocations=70 (full 2):
 par new generation   total 109248K, used 109248K [0x00000000e0000000, 0x00000000e8000000, 0x00000000e8000000)
  eden space 87424K, 100% used [0x00000000e0000000, 0x00000000e5560000, 0x00000000e5560000)
  from space 21824K, 100% used [0x00000000e5560000, 0x00000000e6ab0000, 0x00000000e6ab0000)
  to   space 21824K,   0% used [0x00000000e6ab0000, 0x00000000e6ab0000, 0x00000000e8000000)
 concurrent mark-sweep generation total 393216K, used 124969K [0x00000000e8000000, 0x0000000100000000, 0x0000000100000000)
 Metaspace       used 29656K, capacity 29996K, committed 30356K, reserved 1075200K
  class space    used 3499K, capacity 3644K, committed 3736K, reserved 1048576K
2015-09-09T11:11:38.662+0200: 52.247: [GC (Allocation Failure) 52.247: [ParNew
Desired survivor size 20112992 bytes, new threshold 8 (max 8)
- age   1:   10230488 bytes,   10230488 total
- age   2:    1995480 bytes,   12225968 total
- age   3:    2095936 bytes,   14321904 total
- age   4:    1505352 bytes,   15827256 total
- age   5:    1059680 bytes,   16886936 total
- age   6:    1017136 bytes,   17904072 total
- age   7:    1007208 bytes,   18911280 total
- age   8:    1452152 bytes,   20363432 total
: 109248K->21824K(109248K), 0.0079727 secs] 234217K->149480K(502464K), 0.0080242 secs] [Times: user=0.06 sys=0.00, real=0.01 secs] 
Heap after GC invocations=71 (full 2):
 par new generation   total 109248K, used 21824K [0x00000000e0000000, 0x00000000e8000000, 0x00000000e8000000)
  eden space 87424K,   0% used [0x00000000e0000000, 0x00000000e0000000, 0x00000000e5560000)
  from space 21824K, 100% used [0x00000000e6ab0000, 0x00000000e8000000, 0x00000000e8000000)
  to   space 21824K,   0% used [0x00000000e5560000, 0x00000000e5560000, 0x00000000e6ab0000)
 concurrent mark-sweep generation total 393216K, used 127656K [0x00000000e8000000, 0x0000000100000000, 0x0000000100000000)
 Metaspace       used 29656K, capacity 29996K, committed 30356K, reserved 1075200K
  class space    used 3499K, capacity 3644K, committed 3736K, reserved 1048576K
}
2015-09-09T11:11:38.670+0200: 52.255: Total time for which application threads were stopped: 0.0081641 seconds, Stopping threads took: 0.0000138 seconds
{Heap before GC invocations=71 (full 2):
 par new generation   total 109248K, used 109248K [0x00000000e0000000, 0x00000000e8000000, 0x00000000e8000000)
  eden space 87424K, 100% used [0x00000000e0000000, 0x00000000e5560000, 0x00000000e5560000)
  from space 21824K, 100% used [0x00000000e6ab0000, 0x00000000e8000000, 0x00000000e8000000)
  to   space 21824K,   0% used [0x00000000e5560000, 0x00000000e5560000, 0x00000000e6ab0000)
 concurrent mark-sweep generation total 393216K, used 127656K [0x00000000e8000000, 0x0000000100000000, 0x0000000100000000)
 Metaspace       used 29657K, capacity 29996K, committed 30356K, reserved 1075200K
  class space    used 3499K, capacity 3644K, committed 3736K, reserved 1048576K
2015-09-09T11:11:38.941+0200: 52.526: [GC (Allocation Failure) 52.526: [ParNew
Desired survivor size 20112992 bytes, new threshold 8 (max 8)
- age   1:    8560640 bytes,    8560640 total
- age   2:    3666568 bytes,   12227208 total
- age   3:    1766552 bytes,   13993760 total
- age   4:    1854576 bytes,   15848336 total
- age   5:    1347992 bytes,   17196328 total
- age   6:     956208 bytes,   18152536 total
- age   7:     947432 bytes,   19099968 total
- age   8:     946104 bytes,   20046072 total
: 109248K->21824K(109248K), 0.0094086 secs] 236904K->153631K(502464K), 0.0094550 secs] [Times: user=0.06 sys=0.00, real=0.01 secs] 
Heap after GC invocations=72 (full 2):
 par new generation   total 109248K, used 21824K [0x00000000e0000000, 0x00000000e8000000, 0x00000000e8000000)
  eden space 87424K,   0% used [0x00000000e0000000, 0x00000000e0000000, 0x00000000e5560000)
  from space 21824K, 100% used [0x00000000e5560000, 0x00000000e6ab0000, 0x00000000e6ab0000)
  to   space 21824K,   0% used [0x00000000e6ab0000, 0x00000000e6ab0000, 0x00000000e8000000)
 concurrent mark-sweep generation total 393216K, used 131807K [0x00000000e8000000, 0x0000000100000000, 0x0000000100000000)
 Metaspace       used 29657K, capacity 29996K, committed 30356K, reserved 1075200K
  class space    used 3499K, capacity 3644K, committed 3736K, reserved 1048576K
}
2015-09-09T11:11:38.950+0200: 52.535: Total time for which application threads were stopped: 0.0095951 seconds, Stopping threads took: 0.0000157 seconds
{Heap before GC invocations=72 (full 2):
 par new generation   total 109248K, used 109248K [0x00000000e0000000, 0x00000000e8000000, 0x00000000e8000000)
  eden space 87424K, 100% used [0x00000000e0000000, 0x00000000e5560000, 0x00000000e5560000)
  from space 21824K, 100% used [0x00000000e5560000, 0x00000000e6ab0000, 0x00000000e6ab0000)
  to   space 21824K,   0% used [0x00000000e6ab0000, 0x00000000e6ab0000, 0x00000000e8000000)
 concurrent mark-sweep generation total 393216K, used 131807K [0x00000000e8000000, 0x0000000100000000, 0x0000000100000000)
 Metaspace       used 29657K, capacity 29996K, committed 30356K, reserved 1075200K
  class space    used 3499K, capacity 3644K, committed 3736K, reserved 1048576K
2015-09-09T11:11:39.239+0200: 52.824: [GC (Allocation Failure) 52.824: [ParNew
Desired survivor size 20112992 bytes, new threshold 8 (max 8)
- age   1:    2552288 bytes,    2552288 total
- age   2:    7161432 bytes,    9713720 total
- age   3:    3501640 bytes,   13215360 total
- age   4:    1700552 bytes,   14915912 total
- age   5:    1820416 bytes,   16736328 total
- age   6:    1313040 bytes,   18049368 total
- age   7:     935936 bytes,   18985304 total
- age   8:     867048 bytes,   19852352 total
: 109248K->21824K(109248K), 0.0082671 secs] 241055K->156492K(502464K), 0.0083170 secs] [Times: user=0.06 sys=0.00, real=0.01 secs] 
Heap after GC invocations=73 (full 2):
 par new generation   total 109248K, used 21824K [0x00000000e0000000, 0x00000000e8000000, 0x00000000e8000000)
  eden space 87424K,   0% used [0x00000000e0000000, 0x00000000e0000000, 0x00000000e5560000)
  from space 21824K, 100% used [0x00000000e6ab0000, 0x00000000e8000000, 0x00000000e8000000)
  to   space 21824K,   0% used [0x00000000e5560000, 0x00000000e5560000, 0x00000000e6ab0000)
 concurrent mark-sweep generation total 393216K, used 134668K [0x00000000e8000000, 0x0000000100000000, 0x0000000100000000)
 Metaspace       used 29657K, capacity 29996K, committed 30356K, reserved 1075200K
  class space    used 3499K, capacity 3644K, committed 3736K, reserved 1048576K
}
2015-09-09T11:11:39.247+0200: 52.832: Total time for which application threads were stopped: 0.0084822 seconds, Stopping threads took: 0.0000336 seconds
{Heap before GC invocations=73 (full 2):
 par new generation   total 109248K, used 109248K [0x00000000e0000000, 0x00000000e8000000, 0x00000000e8000000)
  eden space 87424K, 100% used [0x00000000e0000000, 0x00000000e5560000, 0x00000000e5560000)
  from space 21824K, 100% used [0x00000000e6ab0000, 0x00000000e8000000, 0x00000000e8000000)
  to   space 21824K,   0% used [0x00000000e5560000, 0x00000000e5560000, 0x00000000e6ab0000)
 concurrent mark-sweep generation total 393216K, used 134668K [0x00000000e8000000, 0x0000000100000000, 0x0000000100000000)
 Metaspace       used 29657K, capacity 29996K, committed 30356K, reserved 1075200K
  class space    used 3499K, capacity 3644K, committed 3736K, reserved 1048576K
2015-09-09T11:11:39.514+0200: 53.099: [GC (Allocation Failure) 53.099: [ParNew
Desired survivor size 20112992 bytes, new threshold 7 (max 8)
- age   1:    7409592 bytes,    7409592 total
- age   2:    1890832 bytes,    9300424 total
- age   3:    2626576 bytes,   11927000 total
- age   4:    3481024 bytes,   15408024 total
- age   5:    1664776 bytes,   17072800 total
- age   6:    1799928 bytes,   18872728 total
- age   7:    1296000 bytes,   20168728 total
- age   8:     921088 bytes,   21089816 total
: 109248K->21824K(109248K), 0.0087932 secs] 243916K->161043K(502464K), 0.0088374 secs] [Times: user=0.00 sys=0.00, real=0.01 secs] 
Heap after GC invocations=74 (full 2):
 par new generation   total 109248K, used 21824K [0x00000000e0000000, 0x00000000e8000000, 0x00000000e8000000)
  eden space 87424K,   0% used [0x00000000e0000000, 0x00000000e0000000, 0x00000000e5560000)
  from space 21824K, 100% used [0x00000000e5560000, 0x00000000e6ab0000, 0x00000000e6ab0000)
  to   space 21824K,   0% used [0x00000000e6ab0000, 0x00000000e6ab0000, 0x00000000e8000000)
 concurrent mark-sweep generation total 393216K, used 139219K [0x00000000e8000000, 0x0000000100000000, 0x0000000100000000)
 Metaspace       used 29657K, capacity 29996K, committed 30356K, reserved 1075200K
  class space    used 3499K, capacity 3644K, committed 3736K, reserved 1048576K
}
2015-09-09T11:11:39.523+0200: 53.108: Total time for which application threads were stopped: 0.0089823 seconds, Stopping threads took: 0.0000259 seconds
{Heap before GC invocations=74 (full 2):
 par new generation   total 109248K, used 109248K [0x00000000e0000000, 0x00000000e8000000, 0x00000000e8000000)
  eden space 87424K, 100% used [0x00000000e0000000, 0x00000000e5560000, 0x00000000e5560000)
  from space 21824K, 100% used [0x00000000e5560000, 0x00000000e6ab0000, 0x00000000e6ab0000)
  to   space 21824K,   0% used [0x00000000e6ab0000, 0x00000000e6ab0000, 0x00000000e8000000)
 concurrent mark-sweep generation total 393216K, used 139219K [0x00000000e8000000, 0x0000000100000000, 0x0000000100000000)
 Metaspace       used 29657K, capacity 29996K, committed 30356K, reserved 1075200K
  class space    used 3499K, capacity 3644K, committed 3736K, reserved 1048576K
2015-09-09T11:11:39.810+0200: 53.395: [GC (Allocation Failure) 53.395: [ParNew
Desired survivor size 20112992 bytes, new threshold 6 (max 8)
- age   1:    7055200 bytes,    7055200 total
- age   2:    5195504 bytes,   12250704 total
- age   3:    1806848 bytes,   14057552 total
- age   4:    1600584 bytes,   15658136 total
- age   5:    3372880 bytes,   19031016 total
- age   6:    1589432 bytes,   20620448 total
- age   7:    1005008 bytes,   21625456 total
: 109248K->21824K(109248K), 0.0089497 secs] 248467K->164512K(502464K), 0.0089977 secs] [Times: user=0.00 sys=0.00, real=0.01 secs] 
Heap after GC invocations=75 (full 2):
 par new generation   total 109248K, used 21824K [0x00000000e0000000, 0x00000000e8000000, 0x00000000e8000000)
  eden space 87424K,   0% used [0x00000000e0000000, 0x00000000e0000000, 0x00000000e5560000)
  from space 21824K, 100% used [0x00000000e6ab0000, 0x00000000e8000000, 0x00000000e8000000)
  to   space 21824K,   0% used [0x00000000e5560000, 0x00000000e5560000, 0x00000000e6ab0000)
 concurrent mark-sweep generation total 393216K, used 142688K [0x00000000e8000000, 0x0000000100000000, 0x0000000100000000)
 Metaspace       used 29657K, capacity 29996K, committed 30356K, reserved 1075200K
  class space    used 3499K, capacity 3644K, committed 3736K, reserved 1048576K
}
2015-09-09T11:11:39.819+0200: 53.405: Total time for which application threads were stopped: 0.0091327 seconds, Stopping threads took: 0.0000147 seconds
{Heap before GC invocations=75 (full 2):
 par new generation   total 109248K, used 109139K [0x00000000e0000000, 0x00000000e8000000, 0x00000000e8000000)
  eden space 87424K,  99% used [0x00000000e0000000, 0x00000000e5544e50, 0x00000000e5560000)
  from space 21824K, 100% used [0x00000000e6ab0000, 0x00000000e8000000, 0x00000000e8000000)
  to   space 21824K,   0% used [0x00000000e5560000, 0x00000000e5560000, 0x00000000e6ab0000)
 concurrent mark-sweep generation total 393216K, used 142688K [0x00000000e8000000, 0x0000000100000000, 0x0000000100000000)
 Metaspace       used 29657K, capacity 29996K, committed 30356K, reserved 1075200K
  class space    used 3499K, capacity 3644K, committed 3736K, reserved 1048576K
2015-09-09T11:11:40.086+0200: 53.671: [GC (Allocation Failure) 53.671: [ParNew
Desired survivor size 20112992 bytes, new threshold 6 (max 8)
- age   1:    9402504 bytes,    9402504 total
- age   2:    4315904 bytes,   13718408 total
- age   3:    1258952 bytes,   14977360 total
- age   4:    1518896 bytes,   16496256 total
- age   5:    1193328 bytes,   17689584 total
- age   6:    2925688 bytes,   20615272 total
: 109139K->21824K(109248K), 0.0090777 secs] 251828K->170890K(502464K), 0.0091244 secs] [Times: user=0.00 sys=0.00, real=0.01 secs] 
Heap after GC invocations=76 (full 2):
 par new generation   total 109248K, used 21824K [0x00000000e0000000, 0x00000000e8000000, 0x00000000e8000000)
  eden space 87424K,   0% used [0x00000000e0000000, 0x00000000e0000000, 0x00000000e5560000)
  from space 21824K, 100% used [0x00000000e5560000, 0x00000000e6ab0000, 0x00000000e6ab0000)
  to   space 21824K,   0% used [0x00000000e6ab0000, 0x00000000e6ab0000, 0x00000000e8000000)
 concurrent mark-sweep generation total 393216K, used 149066K [0x00000000e8000000, 0x0000000100000000, 0x0000000100000000)
 Metaspace       used 29657K, capacity 29996K, committed 30356K, reserved 1075200K
  class space    used 3499K, capacity 3644K, committed 3736K, reserved 1048576K
}
2015-09-09T11:11:40.095+0200: 53.680: Total time for which application threads were stopped: 0.0092998 seconds, Stopping threads took: 0.0000144 seconds
{Heap before GC invocations=76 (full 2):
 par new generation   total 109248K, used 109248K [0x00000000e0000000, 0x00000000e8000000, 0x00000000e8000000)
  eden space 87424K, 100% used [0x00000000e0000000, 0x00000000e5560000, 0x00000000e5560000)
  from space 21824K, 100% used [0x00000000e5560000, 0x00000000e6ab0000, 0x00000000e6ab0000)
  to   space 21824K,   0% used [0x00000000e6ab0000, 0x00000000e6ab0000, 0x00000000e8000000)
 concurrent mark-sweep generation total 393216K, used 149066K [0x00000000e8000000, 0x0000000100000000, 0x0000000100000000)
 Metaspace       used 29657K, capacity 29996K, committed 30356K, reserved 1075200K
  class space    used 3499K, capacity 3644K, committed 3736K, reserved 1048576K
2015-09-09T11:11:40.382+0200: 53.967: [GC (Allocation Failure) 53.967: [ParNew
Desired survivor size 20112992 bytes, new threshold 8 (max 8)
- age   1:    2217504 bytes,    2217504 total
- age   2:    9177976 bytes,   11395480 total
- age   3:    1931024 bytes,   13326504 total
- age   4:     925992 bytes,   14252496 total
- age   5:    1017624 bytes,   15270120 total
- age   6:    1186424 bytes,   16456544 total
: 109248K->21824K(109248K), 0.0079417 secs] 258314K->177133K(502464K), 0.0080220 secs] [Times: user=0.06 sys=0.00, real=0.01 secs] 
Heap after GC invocations=77 (full 2):
 par new generation   total 109248K, used 21824K [0x00000000e0000000, 0x00000000e8000000, 0x00000000e8000000)
  eden space 87424K,   0% used [0x00000000e0000000, 0x00000000e0000000, 0x00000000e5560000)
  from space 21824K, 100% used [0x00000000e6ab0000, 0x00000000e8000000, 0x00000000e8000000)
  to   space 21824K,   0% used [0x00000000e5560000, 0x00000000e5560000, 0x00000000e6ab0000)
 concurrent mark-sweep generation total 393216K, used 155309K [0x00000000e8000000, 0x0000000100000000, 0x0000000100000000)
 Metaspace       used 29657K, capacity 29996K, committed 30356K, reserved 1075200K
  class space    used 3499K, capacity 3644K, committed 3736K, reserved 1048576K
}
2015-09-09T11:11:40.390+0200: 53.975: Total time for which application threads were stopped: 0.0081798 seconds, Stopping threads took: 0.0000144 seconds
{Heap before GC invocations=77 (full 2):
 par new generation   total 109248K, used 109248K [0x00000000e0000000, 0x00000000e8000000, 0x00000000e8000000)
  eden space 87424K, 100% used [0x00000000e0000000, 0x00000000e5560000, 0x00000000e5560000)
  from space 21824K, 100% used [0x00000000e6ab0000, 0x00000000e8000000, 0x00000000e8000000)
  to   space 21824K,   0% used [0x00000000e5560000, 0x00000000e5560000, 0x00000000e6ab0000)
 concurrent mark-sweep generation total 393216K, used 155309K [0x00000000e8000000, 0x0000000100000000, 0x0000000100000000)
 Metaspace       used 29657K, capacity 29996K, committed 30356K, reserved 1075200K
  class space    used 3499K, capacity 3644K, committed 3736K, reserved 1048576K
2015-09-09T11:11:40.653+0200: 54.238: [GC (Allocation Failure) 54.238: [ParNew
Desired survivor size 20112992 bytes, new threshold 8 (max 8)
- age   1:   11423928 bytes,   11423928 total
- age   2:    1896448 bytes,   13320376 total
- age   3:     767528 bytes,   14087904 total
- age   4:    1873560 bytes,   15961464 total
- age   5:     887304 bytes,   16848768 total
- age   6:     970552 bytes,   17819320 total
- age   7:    1141064 bytes,   18960384 total
: 109248K->21824K(109248K), 0.0083471 secs] 264557K->178587K(502464K), 0.0083935 secs] [Times: user=0.00 sys=0.00, real=0.01 secs] 
Heap after GC invocations=78 (full 2):
 par new generation   total 109248K, used 21824K [0x00000000e0000000, 0x00000000e8000000, 0x00000000e8000000)
  eden space 87424K,   0% used [0x00000000e0000000, 0x00000000e0000000, 0x00000000e5560000)
  from space 21824K, 100% used [0x00000000e5560000, 0x00000000e6ab0000, 0x00000000e6ab0000)
  to   space 21824K,   0% used [0x00000000e6ab0000, 0x00000000e6ab0000, 0x00000000e8000000)
 concurrent mark-sweep generation total 393216K, used 156763K [0x00000000e8000000, 0x0000000100000000, 0x0000000100000000)
 Metaspace       used 29657K, capacity 29996K, committed 30356K, reserved 1075200K
  class space    used 3499K, capacity 3644K, committed 3736K, reserved 1048576K
}
2015-09-09T11:11:40.661+0200: 54.246: Total time for which application threads were stopped: 0.0085305 seconds, Stopping threads took: 0.0000141 seconds
{Heap before GC invocations=78 (full 2):
 par new generation   total 109248K, used 109248K [0x00000000e0000000, 0x00000000e8000000, 0x00000000e8000000)
  eden space 87424K, 100% used [0x00000000e0000000, 0x00000000e5560000, 0x00000000e5560000)
  from space 21824K, 100% used [0x00000000e5560000, 0x00000000e6ab0000, 0x00000000e6ab0000)
  to   space 21824K,   0% used [0x00000000e6ab0000, 0x00000000e6ab0000, 0x00000000e8000000)
 concurrent mark-sweep generation total 393216K, used 156763K [0x00000000e8000000, 0x0000000100000000, 0x0000000100000000)
 Metaspace       used 29657K, capacity 29996K, committed 30356K, reserved 1075200K
  class space    used 3499K, capacity 3644K, committed 3736K, reserved 1048576K
2015-09-09T11:11:40.952+0200: 54.537: [GC (Allocation Failure) 54.537: [ParNew
Desired survivor size 20112992 bytes, new threshold 8 (max 8)
- age   1:    1682248 bytes,    1682248 total
- age   2:   11128208 bytes,   12810456 total
- age   3:    1618680 bytes,   14429136 total
- age   4:     758952 bytes,   15188088 total
- age   5:    1339688 bytes,   16527776 total
- age   6:     766456 bytes,   17294232 total
- age   7:     818408 bytes,   18112640 total
- age   8:    1140008 bytes,   19252648 total
: 109248K->21824K(109248K), 0.0082991 secs] 266011K->181041K(502464K), 0.0083478 secs] [Times: user=0.00 sys=0.00, real=0.01 secs] 
Heap after GC invocations=79 (full 2):
 par new generation   total 109248K, used 21824K [0x00000000e0000000, 0x00000000e8000000, 0x00000000e8000000)
  eden space 87424K,   0% used [0x00000000e0000000, 0x00000000e0000000, 0x00000000e5560000)
  from space 21824K, 100% used [0x00000000e6ab0000, 0x00000000e8000000, 0x00000000e8000000)
  to   space 21824K,   0% used [0x00000000e5560000, 0x00000000e5560000, 0x00000000e6ab0000)
 concurrent mark-sweep generation total 393216K, used 159217K [0x00000000e8000000, 0x0000000100000000, 0x0000000100000000)
 Metaspace       used 29657K, capacity 29996K, committed 30356K, reserved 1075200K
  class space    used 3499K, capacity 3644K, committed 3736K, reserved 1048576K
}
2015-09-09T11:11:40.960+0200: 54.545: Total time for which application threads were stopped: 0.0085039 seconds, Stopping threads took: 0.0000150 seconds
{Heap before GC invocations=79 (full 2):
 par new generation   total 109248K, used 109248K [0x00000000e0000000, 0x00000000e8000000, 0x00000000e8000000)
  eden space 87424K, 100% used [0x00000000e0000000, 0x00000000e5560000, 0x00000000e5560000)
  from space 21824K, 100% used [0x00000000e6ab0000, 0x00000000e8000000, 0x00000000e8000000)
  to   space 21824K,   0% used [0x00000000e5560000, 0x00000000e5560000, 0x00000000e6ab0000)
 concurrent mark-sweep generation total 393216K, used 159217K [0x00000000e8000000, 0x0000000100000000, 0x0000000100000000)
 Metaspace       used 29657K, capacity 29996K, committed 30356K, reserved 1075200K
  class space    used 3499K, capacity 3644K, committed 3736K, reserved 1048576K
2015-09-09T11:11:41.238+0200: 54.823: [GC (Allocation Failure) 54.823: [ParNew
Desired survivor size 20112992 bytes, new threshold 8 (max 8)
- age   1:    6175128 bytes,    6175128 total
- age   2:    1297952 bytes,    7473080 total
- age   3:    7810568 bytes,   15283648 total
- age   4:     958496 bytes,   16242144 total
- age   5:     685424 bytes,   16927568 total
- age   6:    1261152 bytes,   18188720 total
- age   7:     683816 bytes,   18872536 total
- age   8:     770080 bytes,   19642616 total
: 109248K->21824K(109248K), 0.0090754 secs] 268465K->183641K(502464K), 0.0091228 secs] [Times: user=0.06 sys=0.00, real=0.01 secs] 
Heap after GC invocations=80 (full 2):
 par new generation   total 109248K, used 21824K [0x00000000e0000000, 0x00000000e8000000, 0x00000000e8000000)
  eden space 87424K,   0% used [0x00000000e0000000, 0x00000000e0000000, 0x00000000e5560000)
  from space 21824K, 100% used [0x00000000e5560000, 0x00000000e6ab0000, 0x00000000e6ab0000)
  to   space 21824K,   0% used [0x00000000e6ab0000, 0x00000000e6ab0000, 0x00000000e8000000)
 concurrent mark-sweep generation total 393216K, used 161817K [0x00000000e8000000, 0x0000000100000000, 0x0000000100000000)
 Metaspace       used 29657K, capacity 29996K, committed 30356K, reserved 1075200K
  class space    used 3499K, capacity 3644K, committed 3736K, reserved 1048576K
}
2015-09-09T11:11:41.247+0200: 54.833: Total time for which application threads were stopped: 0.0092588 seconds, Stopping threads took: 0.0000147 seconds
{Heap before GC invocations=80 (full 2):
 par new generation   total 109248K, used 109248K [0x00000000e0000000, 0x00000000e8000000, 0x00000000e8000000)
  eden space 87424K, 100% used [0x00000000e0000000, 0x00000000e5560000, 0x00000000e5560000)
  from space 21824K, 100% used [0x00000000e5560000, 0x00000000e6ab0000, 0x00000000e6ab0000)
  to   space 21824K,   0% used [0x00000000e6ab0000, 0x00000000e6ab0000, 0x00000000e8000000)
 concurrent mark-sweep generation total 393216K, used 161817K [0x00000000e8000000, 0x0000000100000000, 0x0000000100000000)
 Metaspace       used 29657K, capacity 29996K, committed 30356K, reserved 1075200K
  class space    used 3499K, capacity 3644K, committed 3736K, reserved 1048576K
2015-09-09T11:11:41.515+0200: 55.100: [GC (Allocation Failure) 55.100: [ParNew
Desired survivor size 20112992 bytes, new threshold 8 (max 8)
- age   1:   10204376 bytes,   10204376 total
- age   2:    5263384 bytes,   15467760 total
- age   3:     990328 bytes,   16458088 total
- age   4:     921928 bytes,   17380016 total
- age   5:     841600 bytes,   18221616 total
- age   6:     609936 bytes,   18831552 total
- age   7:    1185480 bytes,   20017032 total
- age   8:     620880 bytes,   20637912 total
: 109248K->21824K(109248K), 0.0097161 secs] 271065K->186949K(502464K), 0.0097602 secs] [Times: user=0.06 sys=0.00, real=0.01 secs] 
Heap after GC invocations=81 (full 2):
 par new generation   total 109248K, used 21824K [0x00000000e0000000, 0x00000000e8000000, 0x00000000e8000000)
  eden space 87424K,   0% used [0x00000000e0000000, 0x00000000e0000000, 0x00000000e5560000)
  from space 21824K, 100% used [0x00000000e6ab0000, 0x00000000e8000000, 0x00000000e8000000)
  to   space 21824K,   0% used [0x00000000e5560000, 0x00000000e5560000, 0x00000000e6ab0000)
 concurrent mark-sweep generation total 393216K, used 165125K [0x00000000e8000000, 0x0000000100000000, 0x0000000100000000)
 Metaspace       used 29657K, capacity 29996K, committed 30356K, reserved 1075200K
  class space    used 3499K, capacity 3644K, committed 3736K, reserved 1048576K
}
2015-09-09T11:11:41.525+0200: 55.110: Total time for which application threads were stopped: 0.0098940 seconds, Stopping threads took: 0.0000144 seconds
{Heap before GC invocations=81 (full 2):
 par new generation   total 109248K, used 109248K [0x00000000e0000000, 0x00000000e8000000, 0x00000000e8000000)
  eden space 87424K, 100% used [0x00000000e0000000, 0x00000000e5560000, 0x00000000e5560000)
  from space 21824K, 100% used [0x00000000e6ab0000, 0x00000000e8000000, 0x00000000e8000000)
  to   space 21824K,   0% used [0x00000000e5560000, 0x00000000e5560000, 0x00000000e6ab0000)
 concurrent mark-sweep generation total 393216K, used 165125K [0x00000000e8000000, 0x0000000100000000, 0x0000000100000000)
 Metaspace       used 29657K, capacity 29996K, committed 30356K, reserved 1075200K
  class space    used 3499K, capacity 3644K, committed 3736K, reserved 1048576K
2015-09-09T11:11:41.806+0200: 55.392: [GC (Allocation Failure) 55.392: [ParNew
Desired survivor size 20112992 bytes, new threshold 8 (max 8)
- age   1:    5667392 bytes,    5667392 total
- age   2:    9130736 bytes,   14798128 total
- age   3:    1718752 bytes,   16516880 total
- age   4:     780608 bytes,   17297488 total
- age   5:     750048 bytes,   18047536 total
- age   6:     661480 bytes,   18709016 total
- age   7:     469528 bytes,   19178544 total
- age   8:    1046880 bytes,   20225424 total
: 109248K->21824K(109248K), 0.0097141 secs] 274373K->190535K(502464K), 0.0097609 secs] [Times: user=0.00 sys=0.00, real=0.01 secs] 
Heap after GC invocations=82 (full 2):
 par new generation   total 109248K, used 21824K [0x00000000e0000000, 0x00000000e8000000, 0x00000000e8000000)
  eden space 87424K,   0% used [0x00000000e0000000, 0x00000000e0000000, 0x00000000e5560000)
  from space 21824K, 100% used [0x00000000e5560000, 0x00000000e6ab0000, 0x00000000e6ab0000)
  to   space 21824K,   0% used [0x00000000e6ab0000, 0x00000000e6ab0000, 0x00000000e8000000)
 concurrent mark-sweep generation total 393216K, used 168711K [0x00000000e8000000, 0x0000000100000000, 0x0000000100000000)
 Metaspace       used 29657K, capacity 29996K, committed 30356K, reserved 1075200K
  class space    used 3499K, capacity 3644K, committed 3736K, reserved 1048576K
}
2015-09-09T11:11:41.816+0200: 55.401: Total time for which application threads were stopped: 0.0098943 seconds, Stopping threads took: 0.0000144 seconds
{Heap before GC invocations=82 (full 2):
 par new generation   total 109248K, used 109248K [0x00000000e0000000, 0x00000000e8000000, 0x00000000e8000000)
  eden space 87424K, 100% used [0x00000000e0000000, 0x00000000e5560000, 0x00000000e5560000)
  from space 21824K, 100% used [0x00000000e5560000, 0x00000000e6ab0000, 0x00000000e6ab0000)
  to   space 21824K,   0% used [0x00000000e6ab0000, 0x00000000e6ab0000, 0x00000000e8000000)
 concurrent mark-sweep generation total 393216K, used 168711K [0x00000000e8000000, 0x0000000100000000, 0x0000000100000000)
 Metaspace       used 29657K, capacity 29996K, committed 30356K, reserved 1075200K
  class space    used 3499K, capacity 3644K, committed 3736K, reserved 1048576K
2015-09-09T11:11:42.126+0200: 55.711: [GC (Allocation Failure) 55.711: [ParNew
Desired survivor size 20112992 bytes, new threshold 8 (max 8)
- age   1:    2703512 bytes,    2703512 total
- age   2:    5323440 bytes,    8026952 total
- age   3:    9051208 bytes,   17078160 total
- age   4:     924544 bytes,   18002704 total
- age   5:     740808 bytes,   18743512 total
- age   6:     707544 bytes,   19451056 total
- age   7:     617216 bytes,   20068272 total
- age   8:     428128 bytes,   20496400 total
: 109248K->21824K(109248K), 0.0094943 secs] 277959K->197430K(502464K), 0.0095385 secs] [Times: user=0.06 sys=0.00, real=0.01 secs] 
Heap after GC invocations=83 (full 2):
 par new generation   total 109248K, used 21824K [0x00000000e0000000, 0x00000000e8000000, 0x00000000e8000000)
  eden space 87424K,   0% used [0x00000000e0000000, 0x00000000e0000000, 0x00000000e5560000)
  from space 21824K, 100% used [0x00000000e6ab0000, 0x00000000e8000000, 0x00000000e8000000)
  to   space 21824K,   0% used [0x00000000e5560000, 0x00000000e5560000, 0x00000000e6ab0000)
 concurrent mark-sweep generation total 393216K, used 175606K [0x00000000e8000000, 0x0000000100000000, 0x0000000100000000)
 Metaspace       used 29657K, capacity 29996K, committed 30356K, reserved 1075200K
  class space    used 3499K, capacity 3644K, committed 3736K, reserved 1048576K
}
2015-09-09T11:11:42.135+0200: 55.720: Total time for which application threads were stopped: 0.0096991 seconds, Stopping threads took: 0.0000141 seconds
{Heap before GC invocations=83 (full 2):
 par new generation   total 109248K, used 109248K [0x00000000e0000000, 0x00000000e8000000, 0x00000000e8000000)
  eden space 87424K, 100% used [0x00000000e0000000, 0x00000000e5560000, 0x00000000e5560000)
  from space 21824K, 100% used [0x00000000e6ab0000, 0x00000000e8000000, 0x00000000e8000000)
  to   space 21824K,   0% used [0x00000000e5560000, 0x00000000e5560000, 0x00000000e6ab0000)
 concurrent mark-sweep generation total 393216K, used 175606K [0x00000000e8000000, 0x0000000100000000, 0x0000000100000000)
 Metaspace       used 29657K, capacity 29996K, committed 30356K, reserved 1075200K
  class space    used 3499K, capacity 3644K, committed 3736K, reserved 1048576K
2015-09-09T11:11:42.398+0200: 55.983: [GC (Allocation Failure) 55.983: [ParNew
Desired survivor size 20112992 bytes, new threshold 7 (max 8)
- age   1:    9955696 bytes,    9955696 total
- age   2:    1706304 bytes,   11662000 total
- age   3:    5001808 bytes,   16663808 total
- age   4:    1219392 bytes,   17883200 total
- age   5:     888768 bytes,   18771968 total
- age   6:     701824 bytes,   19473792 total
- age   7:     674760 bytes,   20148552 total
- age   8:     570736 bytes,   20719288 total
: 109248K->21824K(109248K), 0.0088105 secs] 284854K->200554K(502464K), 0.0088594 secs] [Times: user=0.00 sys=0.00, real=0.01 secs] 
Heap after GC invocations=84 (full 2):
 par new generation   total 109248K, used 21824K [0x00000000e0000000, 0x00000000e8000000, 0x00000000e8000000)
  eden space 87424K,   0% used [0x00000000e0000000, 0x00000000e0000000, 0x00000000e5560000)
  from space 21824K, 100% used [0x00000000e5560000, 0x00000000e6ab0000, 0x00000000e6ab0000)
  to   space 21824K,   0% used [0x00000000e6ab0000, 0x00000000e6ab0000, 0x00000000e8000000)
 concurrent mark-sweep generation total 393216K, used 178730K [0x00000000e8000000, 0x0000000100000000, 0x0000000100000000)
 Metaspace       used 29657K, capacity 29996K, committed 30356K, reserved 1075200K
  class space    used 3499K, capacity 3644K, committed 3736K, reserved 1048576K
}
2015-09-09T11:11:42.407+0200: 55.992: Total time for which application threads were stopped: 0.0089935 seconds, Stopping threads took: 0.0000144 seconds
{Heap before GC invocations=84 (full 2):
 par new generation   total 109248K, used 109248K [0x00000000e0000000, 0x00000000e8000000, 0x00000000e8000000)
  eden space 87424K, 100% used [0x00000000e0000000, 0x00000000e5560000, 0x00000000e5560000)
  from space 21824K, 100% used [0x00000000e5560000, 0x00000000e6ab0000, 0x00000000e6ab0000)
  to   space 21824K,   0% used [0x00000000e6ab0000, 0x00000000e6ab0000, 0x00000000e8000000)
 concurrent mark-sweep generation total 393216K, used 178730K [0x00000000e8000000, 0x0000000100000000, 0x0000000100000000)
 Metaspace       used 29657K, capacity 29996K, committed 30356K, reserved 1075200K
  class space    used 3499K, capacity 3644K, committed 3736K, reserved 1048576K
2015-09-09T11:11:42.682+0200: 56.267: [GC (Allocation Failure) 56.267: [ParNew
Desired survivor size 20112992 bytes, new threshold 8 (max 8)
- age   1:    4995728 bytes,    4995728 total
- age   2:    9706496 bytes,   14702224 total
- age   3:    1453920 bytes,   16156144 total
- age   4:    1147520 bytes,   17303664 total
- age   5:    1160248 bytes,   18463912 total
- age   6:     843504 bytes,   19307416 total
- age   7:     587464 bytes,   19894880 total
: 109248K->21824K(109248K), 0.0089762 secs] 287978K->204411K(502464K), 0.0090239 secs] [Times: user=0.01 sys=0.00, real=0.01 secs] 
Heap after GC invocations=85 (full 2):
 par new generation   total 109248K, used 21824K [0x00000000e0000000, 0x00000000e8000000, 0x00000000e8000000)
  eden space 87424K,   0% used [0x00000000e0000000, 0x00000000e0000000, 0x00000000e5560000)
  from space 21824K, 100% used [0x00000000e6ab0000, 0x00000000e8000000, 0x00000000e8000000)
  to   space 21824K,   0% used [0x00000000e5560000, 0x00000000e5560000, 0x00000000e6ab0000)
 concurrent mark-sweep generation total 393216K, used 182587K [0x00000000e8000000, 0x0000000100000000, 0x0000000100000000)
 Metaspace       used 29657K, capacity 29996K, committed 30356K, reserved 1075200K
  class space    used 3499K, capacity 3644K, committed 3736K, reserved 1048576K
}
2015-09-09T11:11:42.691+0200: 56.276: Total time for which application threads were stopped: 0.0091593 seconds, Stopping threads took: 0.0000147 seconds
{Heap before GC invocations=85 (full 2):
 par new generation   total 109248K, used 109248K [0x00000000e0000000, 0x00000000e8000000, 0x00000000e8000000)
  eden space 87424K, 100% used [0x00000000e0000000, 0x00000000e5560000, 0x00000000e5560000)
  from space 21824K, 100% used [0x00000000e6ab0000, 0x00000000e8000000, 0x00000000e8000000)
  to   space 21824K,   0% used [0x00000000e5560000, 0x00000000e5560000, 0x00000000e6ab0000)
 concurrent mark-sweep generation total 393216K, used 182587K [0x00000000e8000000, 0x0000000100000000, 0x0000000100000000)
 Metaspace       used 29657K, capacity 29996K, committed 30356K, reserved 1075200K
  class space    used 3499K, capacity 3644K, committed 3736K, reserved 1048576K
2015-09-09T11:11:42.979+0200: 56.565: [GC (Allocation Failure) 56.565: [ParNew
Desired survivor size 20112992 bytes, new threshold 7 (max 8)
- age   1:    2696752 bytes,    2696752 total
- age   2:    4163296 bytes,    6860048 total
- age   3:    9702976 bytes,   16563024 total
- age   4:     583952 bytes,   17146976 total
- age   5:    1144752 bytes,   18291728 total
- age   6:    1157824 bytes,   19449552 total
- age   7:     842968 bytes,   20292520 total
- age   8:     587088 bytes,   20879608 total
: 109248K->21824K(109248K), 0.0075183 secs] 291835K->206098K(502464K), 0.0075641 secs] [Times: user=0.00 sys=0.00, real=0.01 secs] 
Heap after GC invocations=86 (full 2):
 par new generation   total 109248K, used 21824K [0x00000000e0000000, 0x00000000e8000000, 0x00000000e8000000)
  eden space 87424K,   0% used [0x00000000e0000000, 0x00000000e0000000, 0x00000000e5560000)
  from space 21824K, 100% used [0x00000000e5560000, 0x00000000e6ab0000, 0x00000000e6ab0000)
  to   space 21824K,   0% used [0x00000000e6ab0000, 0x00000000e6ab0000, 0x00000000e8000000)
 concurrent mark-sweep generation total 393216K, used 184274K [0x00000000e8000000, 0x0000000100000000, 0x0000000100000000)
 Metaspace       used 29657K, capacity 29996K, committed 30356K, reserved 1075200K
  class space    used 3499K, capacity 3644K, committed 3736K, reserved 1048576K
}
2015-09-09T11:11:42.987+0200: 56.572: Total time for which application threads were stopped: 0.0076946 seconds, Stopping threads took: 0.0000141 seconds
{Heap before GC invocations=86 (full 2):
 par new generation   total 109248K, used 109248K [0x00000000e0000000, 0x00000000e8000000, 0x00000000e8000000)
  eden space 87424K, 100% used [0x00000000e0000000, 0x00000000e5560000, 0x00000000e5560000)
  from space 21824K, 100% used [0x00000000e5560000, 0x00000000e6ab0000, 0x00000000e6ab0000)
  to   space 21824K,   0% used [0x00000000e6ab0000, 0x00000000e6ab0000, 0x00000000e8000000)
 concurrent mark-sweep generation total 393216K, used 184274K [0x00000000e8000000, 0x0000000100000000, 0x0000000100000000)
 Metaspace       used 29657K, capacity 29996K, committed 30356K, reserved 1075200K
  class space    used 3499K, capacity 3644K, committed 3736K, reserved 1048576K
2015-09-09T11:11:43.268+0200: 56.853: [GC (Allocation Failure) 56.853: [ParNew
Desired survivor size 20112992 bytes, new threshold 6 (max 8)
- age   1:   12473624 bytes,   12473624 total
- age   2:    1510216 bytes,   13983840 total
- age   3:    3807152 bytes,   17790992 total
- age   4:     910288 bytes,   18701280 total
- age   5:     565864 bytes,   19267144 total
- age   6:    1133336 bytes,   20400480 total
- age   7:    1148888 bytes,   21549368 total
: 109248K->21824K(109248K), 0.0088489 secs] 293522K->211865K(502464K), 0.0088937 secs] [Times: user=0.00 sys=0.00, real=0.01 secs] 
Heap after GC invocations=87 (full 2):
 par new generation   total 109248K, used 21824K [0x00000000e0000000, 0x00000000e8000000, 0x00000000e8000000)
  eden space 87424K,   0% used [0x00000000e0000000, 0x00000000e0000000, 0x00000000e5560000)
  from space 21824K, 100% used [0x00000000e6ab0000, 0x00000000e8000000, 0x00000000e8000000)
  to   space 21824K,   0% used [0x00000000e5560000, 0x00000000e5560000, 0x00000000e6ab0000)
 concurrent mark-sweep generation total 393216K, used 190041K [0x00000000e8000000, 0x0000000100000000, 0x0000000100000000)
 Metaspace       used 29657K, capacity 29996K, committed 30356K, reserved 1075200K
  class space    used 3499K, capacity 3644K, committed 3736K, reserved 1048576K
}
2015-09-09T11:11:43.277+0200: 56.862: Total time for which application threads were stopped: 0.0090265 seconds, Stopping threads took: 0.0000138 seconds
{Heap before GC invocations=87 (full 2):
 par new generation   total 109248K, used 109248K [0x00000000e0000000, 0x00000000e8000000, 0x00000000e8000000)
  eden space 87424K, 100% used [0x00000000e0000000, 0x00000000e5560000, 0x00000000e5560000)
  from space 21824K, 100% used [0x00000000e6ab0000, 0x00000000e8000000, 0x00000000e8000000)
  to   space 21824K,   0% used [0x00000000e5560000, 0x00000000e5560000, 0x00000000e6ab0000)
 concurrent mark-sweep generation total 393216K, used 190041K [0x00000000e8000000, 0x0000000100000000, 0x0000000100000000)
 Metaspace       used 29657K, capacity 29996K, committed 30356K, reserved 1075200K
  class space    used 3499K, capacity 3644K, committed 3736K, reserved 1048576K
2015-09-09T11:11:43.551+0200: 57.136: [GC (Allocation Failure) 57.136: [ParNew
Desired survivor size 20112992 bytes, new threshold 8 (max 8)
- age   1:    6071072 bytes,    6071072 total
- age   2:   10047400 bytes,   16118472 total
- age   3:    1510216 bytes,   17628688 total
- age   4:     629600 bytes,   18258288 total
- age   5:     910288 bytes,   19168576 total
- age   6:     565864 bytes,   19734440 total
: 109248K->21824K(109248K), 0.0084543 secs] 299289K->217343K(502464K), 0.0085010 secs] [Times: user=0.00 sys=0.00, real=0.01 secs] 
Heap after GC invocations=88 (full 2):
 par new generation   total 109248K, used 21824K [0x00000000e0000000, 0x00000000e8000000, 0x00000000e8000000)
  eden space 87424K,   0% used [0x00000000e0000000, 0x00000000e0000000, 0x00000000e5560000)
  from space 21824K, 100% used [0x00000000e5560000, 0x00000000e6ab0000, 0x00000000e6ab0000)
  to   space 21824K,   0% used [0x00000000e6ab0000, 0x00000000e6ab0000, 0x00000000e8000000)
 concurrent mark-sweep generation total 393216K, used 195519K [0x00000000e8000000, 0x0000000100000000, 0x0000000100000000)
 Metaspace       used 29657K, capacity 29996K, committed 30356K, reserved 1075200K
  class space    used 3499K, capacity 3644K, committed 3736K, reserved 1048576K
}
2015-09-09T11:11:43.559+0200: 57.145: Total time for which application threads were stopped: 0.0086326 seconds, Stopping threads took: 0.0000141 seconds
{Heap before GC invocations=88 (full 2):
 par new generation   total 109248K, used 109248K [0x00000000e0000000, 0x00000000e8000000, 0x00000000e8000000)
  eden space 87424K, 100% used [0x00000000e0000000, 0x00000000e5560000, 0x00000000e5560000)
  from space 21824K, 100% used [0x00000000e5560000, 0x00000000e6ab0000, 0x00000000e6ab0000)
  to   space 21824K,   0% used [0x00000000e6ab0000, 0x00000000e6ab0000, 0x00000000e8000000)
 concurrent mark-sweep generation total 393216K, used 195519K [0x00000000e8000000, 0x0000000100000000, 0x0000000100000000)
 Metaspace       used 29657K, capacity 29996K, committed 30356K, reserved 1075200K
  class space    used 3499K, capacity 3644K, committed 3736K, reserved 1048576K
2015-09-09T11:11:43.851+0200: 57.437: [GC (Allocation Failure) 57.437: [ParNew
Desired survivor size 20112992 bytes, new threshold 7 (max 8)
- age   1:    1793576 bytes,    1793576 total
- age   2:    6040936 bytes,    7834512 total
- age   3:    8976440 bytes,   16810952 total
- age   4:    1350464 bytes,   18161416 total
- age   5:     618376 bytes,   18779792 total
- age   6:     901536 bytes,   19681328 total
- age   7:     556808 bytes,   20238136 total
: 109248K->21824K(109248K), 0.0085583 secs] 304767K->219560K(502464K), 0.0086162 secs] [Times: user=0.00 sys=0.00, real=0.01 secs] 
Heap after GC invocations=89 (full 2):
 par new generation   total 109248K, used 21824K [0x00000000e0000000, 0x00000000e8000000, 0x00000000e8000000)
  eden space 87424K,   0% used [0x00000000e0000000, 0x00000000e0000000, 0x00000000e5560000)
  from space 21824K, 100% used [0x00000000e6ab0000, 0x00000000e8000000, 0x00000000e8000000)
  to   space 21824K,   0% used [0x00000000e5560000, 0x00000000e5560000, 0x00000000e6ab0000)
 concurrent mark-sweep generation total 393216K, used 197736K [0x00000000e8000000, 0x0000000100000000, 0x0000000100000000)
 Metaspace       used 29657K, capacity 29996K, committed 30356K, reserved 1075200K
  class space    used 3499K, capacity 3644K, committed 3736K, reserved 1048576K
}
2015-09-09T11:11:43.860+0200: 57.445: Total time for which application threads were stopped: 0.0087564 seconds, Stopping threads took: 0.0000147 seconds
2015-09-09T11:11:43.860+0200: 57.446: [GC (CMS Initial Mark) [1 CMS-initial-mark: 197736K(393216K)] 219560K(502464K), 0.0008992 secs] [Times: user=0.06 sys=0.00, real=0.00 secs] 
2015-09-09T11:11:43.861+0200: 57.446: Total time for which application threads were stopped: 0.0009731 seconds, Stopping threads took: 0.0000179 seconds
2015-09-09T11:11:43.861+0200: 57.446: [CMS-concurrent-mark-start]
2015-09-09T11:11:43.878+0200: 57.464: [CMS-concurrent-mark: 0.017/0.017 secs] [Times: user=0.06 sys=0.00, real=0.02 secs] 
2015-09-09T11:11:43.878+0200: 57.464: [CMS-concurrent-preclean-start]
2015-09-09T11:11:43.879+0200: 57.465: [CMS-concurrent-preclean: 0.001/0.001 secs] [Times: user=0.00 sys=0.00, real=0.00 secs] 
2015-09-09T11:11:43.879+0200: 57.465: [GC (CMS Final Remark) [YG occupancy: 23563 K (109248 K)]{Heap before GC invocations=89 (full 3):
 par new generation   total 109248K, used 23563K [0x00000000e0000000, 0x00000000e8000000, 0x00000000e8000000)
  eden space 87424K,   1% used [0x00000000e0000000, 0x00000000e01b2c60, 0x00000000e5560000)
  from space 21824K, 100% used [0x00000000e6ab0000, 0x00000000e8000000, 0x00000000e8000000)
  to   space 21824K,   0% used [0x00000000e5560000, 0x00000000e5560000, 0x00000000e6ab0000)
 concurrent mark-sweep generation total 393216K, used 197736K [0x00000000e8000000, 0x0000000100000000, 0x0000000100000000)
 Metaspace       used 29657K, capacity 29996K, committed 30356K, reserved 1075200K
  class space    used 3499K, capacity 3644K, committed 3736K, reserved 1048576K
2015-09-09T11:11:43.879+0200: 57.465: [GC (CMS Final Remark) 57.465: [ParNew
Desired survivor size 20112992 bytes, new threshold 8 (max 8)
- age   1:       4888 bytes,       4888 total
- age   2:    1711128 bytes,    1716016 total
- age   3:    6028840 bytes,    7744856 total
- age   4:    8974664 bytes,   16719520 total
- age   5:    1348320 bytes,   18067840 total
- age   6:     614144 bytes,   18681984 total
- age   7:     900192 bytes,   19582176 total
: 23563K->21824K(109248K), 0.0075382 secs] 221299K->220218K(502464K), 0.0075862 secs] [Times: user=0.00 sys=0.00, real=0.01 secs] 
Heap after GC invocations=90 (full 3):
 par new generation   total 109248K, used 21824K [0x00000000e0000000, 0x00000000e8000000, 0x00000000e8000000)
  eden space 87424K,   0% used [0x00000000e0000000, 0x00000000e0000000, 0x00000000e5560000)
  from space 21824K, 100% used [0x00000000e5560000, 0x00000000e6ab0000, 0x00000000e6ab0000)
  to   space 21824K,   0% used [0x00000000e6ab0000, 0x00000000e6ab0000, 0x00000000e8000000)
 concurrent mark-sweep generation total 393216K, used 198394K [0x00000000e8000000, 0x0000000100000000, 0x0000000100000000)
 Metaspace       used 29657K, capacity 29996K, committed 30356K, reserved 1075200K
  class space    used 3499K, capacity 3644K, committed 3736K, reserved 1048576K
}
57.472: [Rescan (parallel) , 0.0028825 secs]57.475: [weak refs processing, 0.0008970 secs]57.476: [class unloading, 0.0038160 secs]57.480: [scrub symbol table, 0.0030275 secs]57.483: [scrub string table, 0.0003594 secs][1 CMS-remark: 198394K(393216K)] 220218K(502464K), 0.0192382 secs] [Times: user=0.02 sys=0.00, real=0.02 secs] 
2015-09-09T11:11:43.899+0200: 57.484: Total time for which application threads were stopped: 0.0193733 seconds, Stopping threads took: 0.0000691 seconds
2015-09-09T11:11:43.899+0200: 57.484: [CMS-concurrent-sweep-start]
2015-09-09T11:11:43.925+0200: 57.511: [CMS-concurrent-sweep: 0.027/0.027 secs] [Times: user=0.06 sys=0.00, real=0.03 secs] 
2015-09-09T11:11:43.925+0200: 57.511: [CMS-concurrent-reset-start]
2015-09-09T11:11:43.926+0200: 57.511: [CMS-concurrent-reset: 0.000/0.000 secs] [Times: user=0.00 sys=0.00, real=0.00 secs] 
{Heap before GC invocations=90 (full 3):
 par new generation   total 109248K, used 109248K [0x00000000e0000000, 0x00000000e8000000, 0x00000000e8000000)
  eden space 87424K, 100% used [0x00000000e0000000, 0x00000000e5560000, 0x00000000e5560000)
  from space 21824K, 100% used [0x00000000e5560000, 0x00000000e6ab0000, 0x00000000e6ab0000)
  to   space 21824K,   0% used [0x00000000e6ab0000, 0x00000000e6ab0000, 0x00000000e8000000)
 concurrent mark-sweep generation total 393216K, used 106540K [0x00000000e8000000, 0x0000000100000000, 0x0000000100000000)
 Metaspace       used 29657K, capacity 29996K, committed 30356K, reserved 1075200K
  class space    used 3499K, capacity 3644K, committed 3736K, reserved 1048576K
2015-09-09T11:11:44.189+0200: 57.774: [GC (Allocation Failure) 57.774: [ParNew
Desired survivor size 20112992 bytes, new threshold 8 (max 8)
- age   1:    2033872 bytes,    2033872 total
- age   2:       1248 bytes,    2035120 total
- age   3:    1509792 bytes,    3544912 total
- age   4:    5650304 bytes,    9195216 total
- age   5:    8847272 bytes,   18042488 total
- age   6:     818920 bytes,   18861408 total
- age   7:     590520 bytes,   19451928 total
- age   8:     880208 bytes,   20332136 total
: 109248K->21824K(109248K), 0.0087814 secs] 215788K->131190K(502464K), 0.0088358 secs] [Times: user=0.00 sys=0.00, real=0.01 secs] 
Heap after GC invocations=91 (full 3):
 par new generation   total 109248K, used 21824K [0x00000000e0000000, 0x00000000e8000000, 0x00000000e8000000)
  eden space 87424K,   0% used [0x00000000e0000000, 0x00000000e0000000, 0x00000000e5560000)
  from space 21824K, 100% used [0x00000000e6ab0000, 0x00000000e8000000, 0x00000000e8000000)
  to   space 21824K,   0% used [0x00000000e5560000, 0x00000000e5560000, 0x00000000e6ab0000)
 concurrent mark-sweep generation total 393216K, used 109366K [0x00000000e8000000, 0x0000000100000000, 0x0000000100000000)
 Metaspace       used 29657K, capacity 29996K, committed 30356K, reserved 1075200K
  class space    used 3499K, capacity 3644K, committed 3736K, reserved 1048576K
}
2015-09-09T11:11:44.198+0200: 57.783: Total time for which application threads were stopped: 0.0089730 seconds, Stopping threads took: 0.0000150 seconds
{Heap before GC invocations=91 (full 3):
 par new generation   total 109248K, used 109248K [0x00000000e0000000, 0x00000000e8000000, 0x00000000e8000000)
  eden space 87424K, 100% used [0x00000000e0000000, 0x00000000e5560000, 0x00000000e5560000)
  from space 21824K, 100% used [0x00000000e6ab0000, 0x00000000e8000000, 0x00000000e8000000)
  to   space 21824K,   0% used [0x00000000e5560000, 0x00000000e5560000, 0x00000000e6ab0000)
 concurrent mark-sweep generation total 393216K, used 109366K [0x00000000e8000000, 0x0000000100000000, 0x0000000100000000)
 Metaspace       used 29657K, capacity 29996K, committed 30356K, reserved 1075200K
  class space    used 3499K, capacity 3644K, committed 3736K, reserved 1048576K
2015-09-09T11:11:44.440+0200: 58.026: [GC (Allocation Failure) 58.026: [ParNew
Desired survivor size 20112992 bytes, new threshold 8 (max 8)
- age   1:   12554864 bytes,   12554864 total
- age   2:    1943944 bytes,   14498808 total
- age   3:       1136 bytes,   14499944 total
- age   4:    1445824 bytes,   15945768 total
- age   5:    1122896 bytes,   17068664 total
- age   6:    1689336 bytes,   18758000 total
- age   7:     766712 bytes,   19524712 total
- age   8:     577352 bytes,   20102064 total
: 109248K->21824K(109248K), 0.0087289 secs] 218614K->138033K(502464K), 0.0087743 secs] [Times: user=0.00 sys=0.00, real=0.01 secs] 
Heap after GC invocations=92 (full 3):
 par new generation   total 109248K, used 21824K [0x00000000e0000000, 0x00000000e8000000, 0x00000000e8000000)
  eden space 87424K,   0% used [0x00000000e0000000, 0x00000000e0000000, 0x00000000e5560000)
  from space 21824K, 100% used [0x00000000e5560000, 0x00000000e6ab0000, 0x00000000e6ab0000)
  to   space 21824K,   0% used [0x00000000e6ab0000, 0x00000000e6ab0000, 0x00000000e8000000)
 concurrent mark-sweep generation total 393216K, used 116209K [0x00000000e8000000, 0x0000000100000000, 0x0000000100000000)
 Metaspace       used 29657K, capacity 29996K, committed 30356K, reserved 1075200K
  class space    used 3499K, capacity 3644K, committed 3736K, reserved 1048576K
}
2015-09-09T11:11:44.449+0200: 58.035: Total time for which application threads were stopped: 0.0089100 seconds, Stopping threads took: 0.0000147 seconds
{Heap before GC invocations=92 (full 3):
 par new generation   total 109248K, used 109248K [0x00000000e0000000, 0x00000000e8000000, 0x00000000e8000000)
  eden space 87424K, 100% used [0x00000000e0000000, 0x00000000e5560000, 0x00000000e5560000)
  from space 21824K, 100% used [0x00000000e5560000, 0x00000000e6ab0000, 0x00000000e6ab0000)
  to   space 21824K,   0% used [0x00000000e6ab0000, 0x00000000e6ab0000, 0x00000000e8000000)
 concurrent mark-sweep generation total 393216K, used 116209K [0x00000000e8000000, 0x0000000100000000, 0x0000000100000000)
 Metaspace       used 29657K, capacity 29996K, committed 30356K, reserved 1075200K
  class space    used 3499K, capacity 3644K, committed 3736K, reserved 1048576K
2015-09-09T11:11:44.741+0200: 58.326: [GC (Allocation Failure) 58.326: [ParNew
Desired survivor size 20112992 bytes, new threshold 8 (max 8)
- age   1:    1718432 bytes,    1718432 total
- age   2:    9189944 bytes,   10908376 total
- age   3:    1910208 bytes,   12818584 total
- age   4:       1136 bytes,   12819720 total
- age   5:    1276144 bytes,   14095864 total
- age   6:    1121632 bytes,   15217496 total
- age   7:    1688008 bytes,   16905504 total
- age   8:     764336 bytes,   17669840 total
: 109248K->21824K(109248K), 0.0087452 secs] 225457K->143056K(502464K), 0.0087926 secs] [Times: user=0.02 sys=0.00, real=0.01 secs] 
Heap after GC invocations=93 (full 3):
 par new generation   total 109248K, used 21824K [0x00000000e0000000, 0x00000000e8000000, 0x00000000e8000000)
  eden space 87424K,   0% used [0x00000000e0000000, 0x00000000e0000000, 0x00000000e5560000)
  from space 21824K, 100% used [0x00000000e6ab0000, 0x00000000e8000000, 0x00000000e8000000)
  to   space 21824K,   0% used [0x00000000e5560000, 0x00000000e5560000, 0x00000000e6ab0000)
 concurrent mark-sweep generation total 393216K, used 121232K [0x00000000e8000000, 0x0000000100000000, 0x0000000100000000)
 Metaspace       used 29657K, capacity 29996K, committed 30356K, reserved 1075200K
  class space    used 3499K, capacity 3644K, committed 3736K, reserved 1048576K
}
2015-09-09T11:11:44.750+0200: 58.335: Total time for which application threads were stopped: 0.0089270 seconds, Stopping threads took: 0.0000141 seconds
{Heap before GC invocations=93 (full 3):
 par new generation   total 109248K, used 109248K [0x00000000e0000000, 0x00000000e8000000, 0x00000000e8000000)
  eden space 87424K, 100% used [0x00000000e0000000, 0x00000000e5560000, 0x00000000e5560000)
  from space 21824K, 100% used [0x00000000e6ab0000, 0x00000000e8000000, 0x00000000e8000000)
  to   space 21824K,   0% used [0x00000000e5560000, 0x00000000e5560000, 0x00000000e6ab0000)
 concurrent mark-sweep generation total 393216K, used 121232K [0x00000000e8000000, 0x0000000100000000, 0x0000000100000000)
 Metaspace       used 29657K, capacity 29996K, committed 30356K, reserved 1075200K
  class space    used 3499K, capacity 3644K, committed 3736K, reserved 1048576K
2015-09-09T11:11:45.041+0200: 58.627: [GC (Allocation Failure) 58.627: [ParNew
Desired survivor size 20112992 bytes, new threshold 8 (max 8)
- age   1:    1556560 bytes,    1556560 total
- age   2:    1704888 bytes,    3261448 total
- age   3:    9188944 bytes,   12450392 total
- age   4:    1909896 bytes,   14360288 total
- age   5:       1136 bytes,   14361424 total
- age   6:    1276112 bytes,   15637536 total
- age   7:    1121600 bytes,   16759136 total
- age   8:    1688008 bytes,   18447144 total
: 109248K->21824K(109248K), 0.0089382 secs] 230480K->144903K(502464K), 0.0089862 secs] [Times: user=0.06 sys=0.00, real=0.01 secs] 
Heap after GC invocations=94 (full 3):
 par new generation   total 109248K, used 21824K [0x00000000e0000000, 0x00000000e8000000, 0x00000000e8000000)
  eden space 87424K,   0% used [0x00000000e0000000, 0x00000000e0000000, 0x00000000e5560000)
  from space 21824K, 100% used [0x00000000e5560000, 0x00000000e6ab0000, 0x00000000e6ab0000)
  to   space 21824K,   0% used [0x00000000e6ab0000, 0x00000000e6ab0000, 0x00000000e8000000)
 concurrent mark-sweep generation total 393216K, used 123079K [0x00000000e8000000, 0x0000000100000000, 0x0000000100000000)
 Metaspace       used 29657K, capacity 29996K, committed 30356K, reserved 1075200K
  class space    used 3499K, capacity 3644K, committed 3736K, reserved 1048576K
}
2015-09-09T11:11:45.050+0200: 58.636: Total time for which application threads were stopped: 0.0091212 seconds, Stopping threads took: 0.0000144 seconds
{Heap before GC invocations=94 (full 3):
 par new generation   total 109248K, used 109248K [0x00000000e0000000, 0x00000000e8000000, 0x00000000e8000000)
  eden space 87424K, 100% used [0x00000000e0000000, 0x00000000e5560000, 0x00000000e5560000)
  from space 21824K, 100% used [0x00000000e5560000, 0x00000000e6ab0000, 0x00000000e6ab0000)
  to   space 21824K,   0% used [0x00000000e6ab0000, 0x00000000e6ab0000, 0x00000000e8000000)
 concurrent mark-sweep generation total 393216K, used 123079K [0x00000000e8000000, 0x0000000100000000, 0x0000000100000000)
 Metaspace       used 29657K, capacity 29996K, committed 30356K, reserved 1075200K
  class space    used 3499K, capacity 3644K, committed 3736K, reserved 1048576K
2015-09-09T11:11:45.326+0200: 58.910: [GC (Allocation Failure) 58.910: [ParNew
Desired survivor size 20112992 bytes, new threshold 8 (max 8)
- age   1:    7339136 bytes,    7339136 total
- age   2:    1529888 bytes,    8869024 total
- age   3:    1682264 bytes,   10551288 total
- age   4:    4159352 bytes,   14710640 total
- age   5:    1907768 bytes,   16618408 total
- age   6:       1136 bytes,   16619544 total
- age   7:    1272848 bytes,   17892392 total
- age   8:    1119616 bytes,   19012008 total
: 109248K->21824K(109248K), 0.0091292 secs] 232327K->147457K(502464K), 0.0091727 secs] [Times: user=0.06 sys=0.00, real=0.01 secs] 
Heap after GC invocations=95 (full 3):
 par new generation   total 109248K, used 21824K [0x00000000e0000000, 0x00000000e8000000, 0x00000000e8000000)
  eden space 87424K,   0% used [0x00000000e0000000, 0x00000000e0000000, 0x00000000e5560000)
  from space 21824K, 100% used [0x00000000e6ab0000, 0x00000000e8000000, 0x00000000e8000000)
  to   space 21824K,   0% used [0x00000000e5560000, 0x00000000e5560000, 0x00000000e6ab0000)
 concurrent mark-sweep generation total 393216K, used 125633K [0x00000000e8000000, 0x0000000100000000, 0x0000000100000000)
 Metaspace       used 29657K, capacity 29996K, committed 30356K, reserved 1075200K
  class space    used 3499K, capacity 3644K, committed 3736K, reserved 1048576K
}
2015-09-09T11:11:45.335+0200: 58.919: Total time for which application threads were stopped: 0.0093142 seconds, Stopping threads took: 0.0000147 seconds
{Heap before GC invocations=95 (full 3):
 par new generation   total 109248K, used 109178K [0x00000000e0000000, 0x00000000e8000000, 0x00000000e8000000)
  eden space 87424K,  99% used [0x00000000e0000000, 0x00000000e554e9d0, 0x00000000e5560000)
  from space 21824K, 100% used [0x00000000e6ab0000, 0x00000000e8000000, 0x00000000e8000000)
  to   space 21824K,   0% used [0x00000000e5560000, 0x00000000e5560000, 0x00000000e6ab0000)
 concurrent mark-sweep generation total 393216K, used 125633K [0x00000000e8000000, 0x0000000100000000, 0x0000000100000000)
 Metaspace       used 29657K, capacity 29996K, committed 30356K, reserved 1075200K
  class space    used 3499K, capacity 3644K, committed 3736K, reserved 1048576K
2015-09-09T11:11:45.623+0200: 59.207: [GC (Allocation Failure) 59.207: [ParNew
Desired survivor size 20112992 bytes, new threshold 8 (max 8)
- age   1:    2741784 bytes,    2741784 total
- age   2:    6959936 bytes,    9701720 total
- age   3:    1347696 bytes,   11049416 total
- age   4:    1566312 bytes,   12615728 total
- age   5:    2342760 bytes,   14958488 total
- age   6:     975792 bytes,   15934280 total
- age   7:       1136 bytes,   15935416 total
- age   8:    1270296 bytes,   17205712 total
: 109178K->21824K(109248K), 0.0096905 secs] 234812K->151920K(502464K), 0.0097375 secs] [Times: user=0.06 sys=0.00, real=0.01 secs] 
Heap after GC invocations=96 (full 3):
 par new generation   total 109248K, used 21824K [0x00000000e0000000, 0x00000000e8000000, 0x00000000e8000000)
  eden space 87424K,   0% used [0x00000000e0000000, 0x00000000e0000000, 0x00000000e5560000)
  from space 21824K, 100% used [0x00000000e5560000, 0x00000000e6ab0000, 0x00000000e6ab0000)
  to   space 21824K,   0% used [0x00000000e6ab0000, 0x00000000e6ab0000, 0x00000000e8000000)
 concurrent mark-sweep generation total 393216K, used 130096K [0x00000000e8000000, 0x0000000100000000, 0x0000000100000000)
 Metaspace       used 29657K, capacity 29996K, committed 30356K, reserved 1075200K
  class space    used 3499K, capacity 3644K, committed 3736K, reserved 1048576K
}
2015-09-09T11:11:45.633+0200: 59.217: Total time for which application threads were stopped: 0.0098850 seconds, Stopping threads took: 0.0000144 seconds
2015-09-09T11:11:46.619+0200: 60.204: Total time for which application threads were stopped: 0.0000698 seconds, Stopping threads took: 0.0000125 seconds
{Heap before GC invocations=96 (full 3):
 par new generation   total 109248K, used 109248K [0x00000000e0000000, 0x00000000e8000000, 0x00000000e8000000)
  eden space 87424K, 100% used [0x00000000e0000000, 0x00000000e5560000, 0x00000000e5560000)
  from space 21824K, 100% used [0x00000000e5560000, 0x00000000e6ab0000, 0x00000000e6ab0000)
  to   space 21824K,   0% used [0x00000000e6ab0000, 0x00000000e6ab0000, 0x00000000e8000000)
 concurrent mark-sweep generation total 393216K, used 130096K [0x00000000e8000000, 0x0000000100000000, 0x0000000100000000)
 Metaspace       used 29659K, capacity 29996K, committed 30356K, reserved 1075200K
  class space    used 3499K, capacity 3644K, committed 3736K, reserved 1048576K
2015-09-09T11:11:46.648+0200: 60.233: [GC (Allocation Failure) 60.233: [ParNew
Desired survivor size 20112992 bytes, new threshold 5 (max 8)
- age   1:    9566048 bytes,    9566048 total
- age   2:    1953720 bytes,   11519768 total
- age   3:    6604480 bytes,   18124248 total
- age   4:     983648 bytes,   19107896 total
- age   5:    1187872 bytes,   20295768 total
- age   6:     595744 bytes,   20891512 total
- age   7:     772680 bytes,   21664192 total
- age   8:        800 bytes,   21664992 total
: 109248K->21824K(109248K), 0.0110789 secs] 239344K->163249K(502464K), 0.0111241 secs] [Times: user=0.06 sys=0.00, real=0.01 secs] 
Heap after GC invocations=97 (full 3):
 par new generation   total 109248K, used 21824K [0x00000000e0000000, 0x00000000e8000000, 0x00000000e8000000)
  eden space 87424K,   0% used [0x00000000e0000000, 0x00000000e0000000, 0x00000000e5560000)
  from space 21824K, 100% used [0x00000000e6ab0000, 0x00000000e8000000, 0x00000000e8000000)
  to   space 21824K,   0% used [0x00000000e5560000, 0x00000000e5560000, 0x00000000e6ab0000)
 concurrent mark-sweep generation total 393216K, used 141425K [0x00000000e8000000, 0x0000000100000000, 0x0000000100000000)
 Metaspace       used 29659K, capacity 29996K, committed 30356K, reserved 1075200K
  class space    used 3499K, capacity 3644K, committed 3736K, reserved 1048576K
}
2015-09-09T11:11:46.659+0200: 60.244: Total time for which application threads were stopped: 0.0112652 seconds, Stopping threads took: 0.0000141 seconds
{Heap before GC invocations=97 (full 3):
 par new generation   total 109248K, used 109248K [0x00000000e0000000, 0x00000000e8000000, 0x00000000e8000000)
  eden space 87424K, 100% used [0x00000000e0000000, 0x00000000e5560000, 0x00000000e5560000)
  from space 21824K, 100% used [0x00000000e6ab0000, 0x00000000e8000000, 0x00000000e8000000)
  to   space 21824K,   0% used [0x00000000e5560000, 0x00000000e5560000, 0x00000000e6ab0000)
 concurrent mark-sweep generation total 393216K, used 141425K [0x00000000e8000000, 0x0000000100000000, 0x0000000100000000)
 Metaspace       used 29659K, capacity 29996K, committed 30356K, reserved 1075200K
  class space    used 3499K, capacity 3644K, committed 3736K, reserved 1048576K
2015-09-09T11:11:46.742+0200: 60.327: [GC (Allocation Failure) 60.327: [ParNew
Desired survivor size 20112992 bytes, new threshold 8 (max 8)
- age   1:     108032 bytes,     108032 total
- age   2:    9498136 bytes,    9606168 total
- age   3:    1889920 bytes,   11496088 total
- age   4:    6547888 bytes,   18043976 total
- age   5:     935008 bytes,   18978984 total
: 109248K->21824K(109248K), 0.0073452 secs] 250673K->165973K(502464K), 0.0073935 secs] [Times: user=0.06 sys=0.00, real=0.01 secs] 
Heap after GC invocations=98 (full 3):
 par new generation   total 109248K, used 21824K [0x00000000e0000000, 0x00000000e8000000, 0x00000000e8000000)
  eden space 87424K,   0% used [0x00000000e0000000, 0x00000000e0000000, 0x00000000e5560000)
  from space 21824K, 100% used [0x00000000e5560000, 0x00000000e6ab0000, 0x00000000e6ab0000)
  to   space 21824K,   0% used [0x00000000e6ab0000, 0x00000000e6ab0000, 0x00000000e8000000)
 concurrent mark-sweep generation total 393216K, used 144149K [0x00000000e8000000, 0x0000000100000000, 0x0000000100000000)
 Metaspace       used 29659K, capacity 29996K, committed 30356K, reserved 1075200K
  class space    used 3499K, capacity 3644K, committed 3736K, reserved 1048576K
}
2015-09-09T11:11:46.750+0200: 60.334: Total time for which application threads were stopped: 0.0075375 seconds, Stopping threads took: 0.0000147 seconds
{Heap before GC invocations=98 (full 3):
 par new generation   total 109248K, used 109248K [0x00000000e0000000, 0x00000000e8000000, 0x00000000e8000000)
  eden space 87424K, 100% used [0x00000000e0000000, 0x00000000e5560000, 0x00000000e5560000)
  from space 21824K, 100% used [0x00000000e5560000, 0x00000000e6ab0000, 0x00000000e6ab0000)
  to   space 21824K,   0% used [0x00000000e6ab0000, 0x00000000e6ab0000, 0x00000000e8000000)
 concurrent mark-sweep generation total 393216K, used 144149K [0x00000000e8000000, 0x0000000100000000, 0x0000000100000000)
 Metaspace       used 29659K, capacity 29996K, committed 30356K, reserved 1075200K
  class space    used 3499K, capacity 3644K, committed 3736K, reserved 1048576K
2015-09-09T11:11:46.841+0200: 60.426: [GC (Allocation Failure) 60.426: [ParNew
Desired survivor size 20112992 bytes, new threshold 8 (max 8)
- age   1:     111016 bytes,     111016 total
- age   2:      27808 bytes,     138824 total
- age   3:    9483792 bytes,    9622616 total
- age   4:    1887928 bytes,   11510544 total
- age   5:    6546848 bytes,   18057392 total
- age   6:     934192 bytes,   18991584 total
: 109248K->21824K(109248K), 0.0053958 secs] 253397K->165991K(502464K), 0.0054425 secs] [Times: user=0.02 sys=0.00, real=0.01 secs] 
Heap after GC invocations=99 (full 3):
 par new generation   total 109248K, used 21824K [0x00000000e0000000, 0x00000000e8000000, 0x00000000e8000000)
  eden space 87424K,   0% used [0x00000000e0000000, 0x00000000e0000000, 0x00000000e5560000)
  from space 21824K, 100% used [0x00000000e6ab0000, 0x00000000e8000000, 0x00000000e8000000)
  to   space 21824K,   0% used [0x00000000e5560000, 0x00000000e5560000, 0x00000000e6ab0000)
 concurrent mark-sweep generation total 393216K, used 144167K [0x00000000e8000000, 0x0000000100000000, 0x0000000100000000)
 Metaspace       used 29659K, capacity 29996K, committed 30356K, reserved 1075200K
  class space    used 3499K, capacity 3644K, committed 3736K, reserved 1048576K
}
2015-09-09T11:11:46.847+0200: 60.431: Total time for which application threads were stopped: 0.0055862 seconds, Stopping threads took: 0.0000150 seconds
{Heap before GC invocations=99 (full 3):
 par new generation   total 109248K, used 109248K [0x00000000e0000000, 0x00000000e8000000, 0x00000000e8000000)
  eden space 87424K, 100% used [0x00000000e0000000, 0x00000000e5560000, 0x00000000e5560000)
  from space 21824K, 100% used [0x00000000e6ab0000, 0x00000000e8000000, 0x00000000e8000000)
  to   space 21824K,   0% used [0x00000000e5560000, 0x00000000e5560000, 0x00000000e6ab0000)
 concurrent mark-sweep generation total 393216K, used 144167K [0x00000000e8000000, 0x0000000100000000, 0x0000000100000000)
 Metaspace       used 29659K, capacity 29996K, committed 30356K, reserved 1075200K
  class space    used 3499K, capacity 3644K, committed 3736K, reserved 1048576K
2015-09-09T11:11:46.985+0200: 60.570: [GC (Allocation Failure) 60.570: [ParNew
Desired survivor size 20112992 bytes, new threshold 8 (max 8)
- age   1:      63608 bytes,      63608 total
- age   2:      27416 bytes,      91024 total
- age   3:      25592 bytes,     116616 total
- age   4:    9483736 bytes,    9600352 total
- age   5:    1887928 bytes,   11488280 total
- age   6:    6546848 bytes,   18035128 total
- age   7:     934192 bytes,   18969320 total
: 109248K->21478K(109248K), 0.0053382 secs] 253415K->165646K(502464K), 0.0053840 secs] [Times: user=0.00 sys=0.00, real=0.01 secs] 
Heap after GC invocations=100 (full 3):
 par new generation   total 109248K, used 21478K [0x00000000e0000000, 0x00000000e8000000, 0x00000000e8000000)
  eden space 87424K,   0% used [0x00000000e0000000, 0x00000000e0000000, 0x00000000e5560000)
  from space 21824K,  98% used [0x00000000e5560000, 0x00000000e6a599e8, 0x00000000e6ab0000)
  to   space 21824K,   0% used [0x00000000e6ab0000, 0x00000000e6ab0000, 0x00000000e8000000)
 concurrent mark-sweep generation total 393216K, used 144167K [0x00000000e8000000, 0x0000000100000000, 0x0000000100000000)
 Metaspace       used 29659K, capacity 29996K, committed 30356K, reserved 1075200K
  class space    used 3499K, capacity 3644K, committed 3736K, reserved 1048576K
}
2015-09-09T11:11:46.990+0200: 60.575: Total time for which application threads were stopped: 0.0055292 seconds, Stopping threads took: 0.0000150 seconds
{Heap before GC invocations=100 (full 3):
 par new generation   total 109248K, used 108902K [0x00000000e0000000, 0x00000000e8000000, 0x00000000e8000000)
  eden space 87424K, 100% used [0x00000000e0000000, 0x00000000e5560000, 0x00000000e5560000)
  from space 21824K,  98% used [0x00000000e5560000, 0x00000000e6a599e8, 0x00000000e6ab0000)
  to   space 21824K,   0% used [0x00000000e6ab0000, 0x00000000e6ab0000, 0x00000000e8000000)
 concurrent mark-sweep generation total 393216K, used 144167K [0x00000000e8000000, 0x0000000100000000, 0x0000000100000000)
 Metaspace       used 29659K, capacity 29996K, committed 30356K, reserved 1075200K
  class space    used 3499K, capacity 3644K, committed 3736K, reserved 1048576K
2015-09-09T11:11:47.111+0200: 60.696: [GC (Allocation Failure) 60.696: [ParNew
Desired survivor size 20112992 bytes, new threshold 8 (max 8)
- age   1:      83032 bytes,      83032 total
- age   5:    9474480 bytes,    9557512 total
- age   6:    1887928 bytes,   11445440 total
- age   7:    6546848 bytes,   17992288 total
- age   8:     934192 bytes,   18926480 total
: 108902K->20083K(109248K), 0.0053632 secs] 253070K->164251K(502464K), 0.0054095 secs] [Times: user=0.00 sys=0.00, real=0.01 secs] 
Heap after GC invocations=101 (full 3):
 par new generation   total 109248K, used 20083K [0x00000000e0000000, 0x00000000e8000000, 0x00000000e8000000)
  eden space 87424K,   0% used [0x00000000e0000000, 0x00000000e0000000, 0x00000000e5560000)
  from space 21824K,  92% used [0x00000000e6ab0000, 0x00000000e7e4cdf8, 0x00000000e8000000)
  to   space 21824K,   0% used [0x00000000e5560000, 0x00000000e5560000, 0x00000000e6ab0000)
 concurrent mark-sweep generation total 393216K, used 144167K [0x00000000e8000000, 0x0000000100000000, 0x0000000100000000)
 Metaspace       used 29659K, capacity 29996K, committed 30356K, reserved 1075200K
  class space    used 3499K, capacity 3644K, committed 3736K, reserved 1048576K
}
2015-09-09T11:11:47.117+0200: 60.701: Total time for which application threads were stopped: 0.0055583 seconds, Stopping threads took: 0.0000154 seconds
{Heap before GC invocations=101 (full 3):
 par new generation   total 109248K, used 107507K [0x00000000e0000000, 0x00000000e8000000, 0x00000000e8000000)
  eden space 87424K, 100% used [0x00000000e0000000, 0x00000000e5560000, 0x00000000e5560000)
  from space 21824K,  92% used [0x00000000e6ab0000, 0x00000000e7e4cdf8, 0x00000000e8000000)
  to   space 21824K,   0% used [0x00000000e5560000, 0x00000000e5560000, 0x00000000e6ab0000)
 concurrent mark-sweep generation total 393216K, used 144167K [0x00000000e8000000, 0x0000000100000000, 0x0000000100000000)
 Metaspace       used 29659K, capacity 29996K, committed 30356K, reserved 1075200K
  class space    used 3499K, capacity 3644K, committed 3736K, reserved 1048576K
2015-09-09T11:11:47.184+0200: 60.768: [GC (Allocation Failure) 60.768: [ParNew
Desired survivor size 20112992 bytes, new threshold 8 (max 8)
- age   1:     109192 bytes,     109192 total
- age   2:       1272 bytes,     110464 total
- age   6:    9474480 bytes,    9584944 total
- age   7:    1887928 bytes,   11472872 total
- age   8:    6546848 bytes,   18019720 total
: 107507K->18346K(109248K), 0.0055721 secs] 251675K->163438K(502464K), 0.0056207 secs] [Times: user=0.06 sys=0.00, real=0.00 secs] 
Heap after GC invocations=102 (full 3):
 par new generation   total 109248K, used 18346K [0x00000000e0000000, 0x00000000e8000000, 0x00000000e8000000)
  eden space 87424K,   0% used [0x00000000e0000000, 0x00000000e0000000, 0x00000000e5560000)
  from space 21824K,  84% used [0x00000000e5560000, 0x00000000e674a928, 0x00000000e6ab0000)
  to   space 21824K,   0% used [0x00000000e6ab0000, 0x00000000e6ab0000, 0x00000000e8000000)
 concurrent mark-sweep generation total 393216K, used 145092K [0x00000000e8000000, 0x0000000100000000, 0x0000000100000000)
 Metaspace       used 29659K, capacity 29996K, committed 30356K, reserved 1075200K
  class space    used 3499K, capacity 3644K, committed 3736K, reserved 1048576K
}
2015-09-09T11:11:47.189+0200: 60.774: Total time for which application threads were stopped: 0.0057651 seconds, Stopping threads took: 0.0000141 seconds
2015-09-09T11:11:47.270+0200: 60.855: Total time for which application threads were stopped: 0.0000800 seconds, Stopping threads took: 0.0000122 seconds
2015-09-09T11:11:47.270+0200: 60.855: Total time for which application threads were stopped: 0.0000477 seconds, Stopping threads took: 0.0000080 seconds
2015-09-09T11:11:47.270+0200: 60.855: Total time for which application threads were stopped: 0.0000653 seconds, Stopping threads took: 0.0000170 seconds
{Heap before GC invocations=102 (full 3):
 par new generation   total 109248K, used 105770K [0x00000000e0000000, 0x00000000e8000000, 0x00000000e8000000)
  eden space 87424K, 100% used [0x00000000e0000000, 0x00000000e5560000, 0x00000000e5560000)
  from space 21824K,  84% used [0x00000000e5560000, 0x00000000e674a928, 0x00000000e6ab0000)
  to   space 21824K,   0% used [0x00000000e6ab0000, 0x00000000e6ab0000, 0x00000000e8000000)
 concurrent mark-sweep generation total 393216K, used 145092K [0x00000000e8000000, 0x0000000100000000, 0x0000000100000000)
 Metaspace       used 29664K, capacity 29996K, committed 30356K, reserved 1075200K
  class space    used 3499K, capacity 3644K, committed 3736K, reserved 1048576K
2015-09-09T11:11:47.344+0200: 60.929: [GC (Allocation Failure) 60.929: [ParNew
Desired survivor size 20112992 bytes, new threshold 8 (max 8)
- age   1:    1552656 bytes,    1552656 total
- age   2:        752 bytes,    1553408 total
- age   3:       1272 bytes,    1554680 total
- age   7:    9452424 bytes,   11007104 total
- age   8:    1843960 bytes,   12851064 total
: 105770K->14987K(109248K), 0.0055734 secs] 250862K->166441K(502464K), 0.0056214 secs] [Times: user=0.00 sys=0.00, real=0.01 secs] 
Heap after GC invocations=103 (full 3):
 par new generation   total 109248K, used 14987K [0x00000000e0000000, 0x00000000e8000000, 0x00000000e8000000)
  eden space 87424K,   0% used [0x00000000e0000000, 0x00000000e0000000, 0x00000000e5560000)
  from space 21824K,  68% used [0x00000000e6ab0000, 0x00000000e7952e50, 0x00000000e8000000)
  to   space 21824K,   0% used [0x00000000e5560000, 0x00000000e5560000, 0x00000000e6ab0000)
 concurrent mark-sweep generation total 393216K, used 151453K [0x00000000e8000000, 0x0000000100000000, 0x0000000100000000)
 Metaspace       used 29664K, capacity 29996K, committed 30356K, reserved 1075200K
  class space    used 3499K, capacity 3644K, committed 3736K, reserved 1048576K
}
2015-09-09T11:11:47.350+0200: 60.934: Total time for which application threads were stopped: 0.0057603 seconds, Stopping threads took: 0.0000154 seconds
{Heap before GC invocations=103 (full 3):
 par new generation   total 109248K, used 102411K [0x00000000e0000000, 0x00000000e8000000, 0x00000000e8000000)
  eden space 87424K, 100% used [0x00000000e0000000, 0x00000000e5560000, 0x00000000e5560000)
  from space 21824K,  68% used [0x00000000e6ab0000, 0x00000000e7952e50, 0x00000000e8000000)
  to   space 21824K,   0% used [0x00000000e5560000, 0x00000000e5560000, 0x00000000e6ab0000)
 concurrent mark-sweep generation total 393216K, used 151453K [0x00000000e8000000, 0x0000000100000000, 0x0000000100000000)
 Metaspace       used 29665K, capacity 29996K, committed 30356K, reserved 1075200K
  class space    used 3499K, capacity 3644K, committed 3736K, reserved 1048576K
2015-09-09T11:11:47.599+0200: 61.184: [GC (Allocation Failure) 61.184: [ParNew
Desired survivor size 20112992 bytes, new threshold 8 (max 8)
- age   1:    4403104 bytes,    4403104 total
- age   2:    1025312 bytes,    5428416 total
- age   3:        752 bytes,    5429168 total
- age   4:       1272 bytes,    5430440 total
- age   8:    9452424 bytes,   14882864 total
: 102411K->15652K(109248K), 0.0057708 secs] 253865K->168916K(502464K), 0.0058207 secs] [Times: user=0.00 sys=0.00, real=0.01 secs] 
Heap after GC invocations=104 (full 3):
 par new generation   total 109248K, used 15652K [0x00000000e0000000, 0x00000000e8000000, 0x00000000e8000000)
  eden space 87424K,   0% used [0x00000000e0000000, 0x00000000e0000000, 0x00000000e5560000)
  from space 21824K,  71% used [0x00000000e5560000, 0x00000000e64a90c0, 0x00000000e6ab0000)
  to   space 21824K,   0% used [0x00000000e6ab0000, 0x00000000e6ab0000, 0x00000000e8000000)
 concurrent mark-sweep generation total 393216K, used 153263K [0x00000000e8000000, 0x0000000100000000, 0x0000000100000000)
 Metaspace       used 29665K, capacity 29996K, committed 30356K, reserved 1075200K
  class space    used 3499K, capacity 3644K, committed 3736K, reserved 1048576K
}
2015-09-09T11:11:47.605+0200: 61.190: Total time for which application threads were stopped: 0.0059635 seconds, Stopping threads took: 0.0000144 seconds
{Heap before GC invocations=104 (full 3):
 par new generation   total 109248K, used 103076K [0x00000000e0000000, 0x00000000e8000000, 0x00000000e8000000)
  eden space 87424K, 100% used [0x00000000e0000000, 0x00000000e5560000, 0x00000000e5560000)
  from space 21824K,  71% used [0x00000000e5560000, 0x00000000e64a90c0, 0x00000000e6ab0000)
  to   space 21824K,   0% used [0x00000000e6ab0000, 0x00000000e6ab0000, 0x00000000e8000000)
 concurrent mark-sweep generation total 393216K, used 153263K [0x00000000e8000000, 0x0000000100000000, 0x0000000100000000)
 Metaspace       used 29665K, capacity 29996K, committed 30356K, reserved 1075200K
  class space    used 3499K, capacity 3644K, committed 3736K, reserved 1048576K
2015-09-09T11:11:47.866+0200: 61.450: [GC (Allocation Failure) 61.450: [ParNew
Desired survivor size 20112992 bytes, new threshold 8 (max 8)
- age   1:    5456040 bytes,    5456040 total
- age   2:    2781472 bytes,    8237512 total
- age   3:    1025256 bytes,    9262768 total
- age   4:        752 bytes,    9263520 total
- age   5:       1272 bytes,    9264792 total
: 103076K->10920K(109248K), 0.0070329 secs] 256340K->173421K(502464K), 0.0070739 secs] [Times: user=0.06 sys=0.00, real=0.01 secs] 
Heap after GC invocations=105 (full 3):
 par new generation   total 109248K, used 10920K [0x00000000e0000000, 0x00000000e8000000, 0x00000000e8000000)
  eden space 87424K,   0% used [0x00000000e0000000, 0x00000000e0000000, 0x00000000e5560000)
  from space 21824K,  50% used [0x00000000e6ab0000, 0x00000000e755a380, 0x00000000e8000000)
  to   space 21824K,   0% used [0x00000000e5560000, 0x00000000e5560000, 0x00000000e6ab0000)
 concurrent mark-sweep generation total 393216K, used 162500K [0x00000000e8000000, 0x0000000100000000, 0x0000000100000000)
 Metaspace       used 29665K, capacity 29996K, committed 30356K, reserved 1075200K
  class space    used 3499K, capacity 3644K, committed 3736K, reserved 1048576K
}
2015-09-09T11:11:47.873+0200: 61.457: Total time for which application threads were stopped: 0.0072643 seconds, Stopping threads took: 0.0000230 seconds
2015-09-09T11:11:47.903+0200: 61.487: Total time for which application threads were stopped: 0.0000832 seconds, Stopping threads took: 0.0000246 seconds
2015-09-09T11:11:47.907+0200: 61.492: Total time for which application threads were stopped: 0.0000502 seconds, Stopping threads took: 0.0000115 seconds
2015-09-09T11:11:47.913+0200: 61.498: Total time for which application threads were stopped: 0.0000582 seconds, Stopping threads took: 0.0000118 seconds
2015-09-09T11:11:47.914+0200: 61.499: Total time for which application threads were stopped: 0.0000403 seconds, Stopping threads took: 0.0000083 seconds
2015-09-09T11:11:47.923+0200: 61.507: Total time for which application threads were stopped: 0.0000502 seconds, Stopping threads took: 0.0000112 seconds
2015-09-09T11:11:47.923+0200: 61.507: Total time for which application threads were stopped: 0.0000410 seconds, Stopping threads took: 0.0000083 seconds
2015-09-09T11:11:47.963+0200: 61.548: Total time for which application threads were stopped: 0.0000541 seconds, Stopping threads took: 0.0000147 seconds
2015-09-09T11:11:48.037+0200: 61.621: Total time for which application threads were stopped: 0.0001264 seconds, Stopping threads took: 0.0000781 seconds
2015-09-09T11:11:48.038+0200: 61.623: Total time for which application threads were stopped: 0.0000640 seconds, Stopping threads took: 0.0000086 seconds
2015-09-09T11:11:48.039+0200: 61.623: Total time for which application threads were stopped: 0.0000611 seconds, Stopping threads took: 0.0000106 seconds
2015-09-09T11:11:48.040+0200: 61.625: Total time for which application threads were stopped: 0.0000467 seconds, Stopping threads took: 0.0000102 seconds
2015-09-09T11:11:48.095+0200: 61.680: Total time for which application threads were stopped: 0.0000816 seconds, Stopping threads took: 0.0000253 seconds
2015-09-09T11:11:48.663+0200: 62.248: Total time for which application threads were stopped: 0.0000570 seconds, Stopping threads took: 0.0000131 seconds
2015-09-09T11:11:48.663+0200: 62.248: Total time for which application threads were stopped: 0.0000467 seconds, Stopping threads took: 0.0000173 seconds
2015-09-09T11:11:48.663+0200: 62.248: Total time for which application threads were stopped: 0.0000429 seconds, Stopping threads took: 0.0000163 seconds
2015-09-09T11:11:48.665+0200: 62.250: Total time for which application threads were stopped: 0.0000710 seconds, Stopping threads took: 0.0000243 seconds
2015-09-09T11:11:48.665+0200: 62.250: Total time for which application threads were stopped: 0.0001107 seconds, Stopping threads took: 0.0000694 seconds
2015-09-09T11:11:48.666+0200: 62.250: Total time for which application threads were stopped: 0.0000957 seconds, Stopping threads took: 0.0000403 seconds
2015-09-09T11:11:48.672+0200: 62.256: Total time for which application threads were stopped: 0.0000726 seconds, Stopping threads took: 0.0000253 seconds
2015-09-09T11:11:49.672+0200: 63.256: Total time for which application threads were stopped: 0.0000694 seconds, Stopping threads took: 0.0000166 seconds
2015-09-09T11:11:57.240+0200: 70.825: Total time for which application threads were stopped: 0.0000995 seconds, Stopping threads took: 0.0000269 seconds
2015-09-09T11:11:57.271+0200: 70.856: Total time for which application threads were stopped: 0.0004371 seconds, Stopping threads took: 0.0000186 seconds
2015-09-09T11:11:57.308+0200: 70.893: Total time for which application threads were stopped: 0.0003888 seconds, Stopping threads took: 0.0000154 seconds
2015-09-09T11:11:58.308+0200: 71.893: Total time for which application threads were stopped: 0.0000563 seconds, Stopping threads took: 0.0000154 seconds
2015-09-09T11:12:01.308+0200: 74.893: Total time for which application threads were stopped: 0.0000605 seconds, Stopping threads took: 0.0000173 seconds
2015-09-09T11:12:41.311+0200: 114.895: Total time for which application threads were stopped: 0.0001107 seconds, Stopping threads took: 0.0000374 seconds
2015-09-09T11:12:57.196+0200: 130.780: Total time for which application threads were stopped: 0.0000624 seconds, Stopping threads took: 0.0000240 seconds
2015-09-09T11:12:58.196+0200: 131.780: Total time for which application threads were stopped: 0.0000765 seconds, Stopping threads took: 0.0000362 seconds
2015-09-09T11:13:03.079+0200: 136.663: Total time for which application threads were stopped: 0.0000477 seconds, Stopping threads took: 0.0000122 seconds
2015-09-09T11:13:03.092+0200: 136.677: Total time for which application threads were stopped: 0.0000602 seconds, Stopping threads took: 0.0000147 seconds
2015-09-09T11:13:03.093+0200: 136.677: Total time for which application threads were stopped: 0.0000413 seconds, Stopping threads took: 0.0000189 seconds
2015-09-09T11:13:04.093+0200: 137.677: Total time for which application threads were stopped: 0.0000886 seconds, Stopping threads took: 0.0000262 seconds
2015-09-09T11:13:05.833+0200: 139.417: Total time for which application threads were stopped: 0.0000710 seconds, Stopping threads took: 0.0000192 seconds
2015-09-09T11:13:05.836+0200: 139.420: Total time for which application threads were stopped: 0.0001318 seconds, Stopping threads took: 0.0000176 seconds
2015-09-09T11:13:06.836+0200: 140.420: Total time for which application threads were stopped: 0.0000557 seconds, Stopping threads took: 0.0000160 seconds
2015-09-09T11:13:13.837+0200: 147.420: Total time for which application threads were stopped: 0.0001443 seconds, Stopping threads took: 0.0000374 seconds
2015-09-09T11:13:21.837+0200: 155.421: Total time for which application threads were stopped: 0.0001184 seconds, Stopping threads took: 0.0000358 seconds
2015-09-09T11:13:30.838+0200: 164.421: Total time for which application threads were stopped: 0.0000982 seconds, Stopping threads took: 0.0000275 seconds
2015-09-09T11:13:33.838+0200: 167.421: Total time for which application threads were stopped: 0.0000768 seconds, Stopping threads took: 0.0000285 seconds
2015-09-09T11:13:39.770+0200: 173.353: Total time for which application threads were stopped: 0.0000669 seconds, Stopping threads took: 0.0000144 seconds
2015-09-09T11:13:39.824+0200: 173.408: Total time for which application threads were stopped: 0.0000976 seconds, Stopping threads took: 0.0000237 seconds
2015-09-09T11:13:39.840+0200: 173.424: Total time for which application threads were stopped: 0.0000643 seconds, Stopping threads took: 0.0000147 seconds
2015-09-09T11:13:40.840+0200: 174.424: Total time for which application threads were stopped: 0.0000595 seconds, Stopping threads took: 0.0000154 seconds
2015-09-09T11:13:41.138+0200: 174.722: Total time for which application threads were stopped: 0.0003814 seconds, Stopping threads took: 0.0003280 seconds
2015-09-09T11:13:41.138+0200: 174.722: Total time for which application threads were stopped: 0.0000362 seconds, Stopping threads took: 0.0000099 seconds
2015-09-09T11:13:41.145+0200: 174.729: Total time for which application threads were stopped: 0.0000800 seconds, Stopping threads took: 0.0000141 seconds
2015-09-09T11:13:41.147+0200: 174.731: Total time for which application threads were stopped: 0.0001248 seconds, Stopping threads took: 0.0000310 seconds
2015-09-09T11:13:41.150+0200: 174.734: Total time for which application threads were stopped: 0.0000963 seconds, Stopping threads took: 0.0000192 seconds
2015-09-09T11:13:41.150+0200: 174.734: Total time for which application threads were stopped: 0.0001117 seconds, Stopping threads took: 0.0000509 seconds
2015-09-09T11:13:42.150+0200: 175.734: Total time for which application threads were stopped: 0.0000765 seconds, Stopping threads took: 0.0000266 seconds
2015-09-09T11:13:50.624+0200: 184.207: Total time for which application threads were stopped: 0.0000710 seconds, Stopping threads took: 0.0000176 seconds
2015-09-09T11:13:50.624+0200: 184.207: Total time for which application threads were stopped: 0.0001392 seconds, Stopping threads took: 0.0000982 seconds
2015-09-09T11:13:50.624+0200: 184.207: Total time for which application threads were stopped: 0.0000358 seconds, Stopping threads took: 0.0000086 seconds
2015-09-09T11:13:50.629+0200: 184.212: Total time for which application threads were stopped: 0.0000656 seconds, Stopping threads took: 0.0000157 seconds
2015-09-09T11:13:51.629+0200: 185.212: Total time for which application threads were stopped: 0.0001434 seconds, Stopping threads took: 0.0000429 seconds
2015-09-09T11:14:00.629+0200: 194.212: Total time for which application threads were stopped: 0.0001130 seconds, Stopping threads took: 0.0000282 seconds
2015-09-09T11:14:31.631+0200: 225.214: Total time for which application threads were stopped: 0.0000554 seconds, Stopping threads took: 0.0000163 seconds
2015-09-09T11:15:10.633+0200: 264.216: Total time for which application threads were stopped: 0.0000762 seconds, Stopping threads took: 0.0000362 seconds
2015-09-09T11:15:35.080+0200: 288.662: Total time for which application threads were stopped: 0.0000531 seconds, Stopping threads took: 0.0000128 seconds
2015-09-09T11:16:25.198+0200: 338.780: Total time for which application threads were stopped: 0.0000634 seconds, Stopping threads took: 0.0000125 seconds
2015-09-09T11:16:26.198+0200: 339.779: Total time for which application threads were stopped: 0.0001107 seconds, Stopping threads took: 0.0000294 seconds
2015-09-09T11:16:26.452+0200: 340.033: Total time for which application threads were stopped: 0.0001136 seconds, Stopping threads took: 0.0000726 seconds
2015-09-09T11:16:26.468+0200: 340.050: Total time for which application threads were stopped: 0.0000582 seconds, Stopping threads took: 0.0000131 seconds
2015-09-09T11:16:28.438+0200: 342.020: Total time for which application threads were stopped: 0.0001014 seconds, Stopping threads took: 0.0000563 seconds
2015-09-09T11:16:28.438+0200: 342.020: Total time for which application threads were stopped: 0.0000454 seconds, Stopping threads took: 0.0000090 seconds
2015-09-09T11:16:28.438+0200: 342.020: Total time for which application threads were stopped: 0.0000525 seconds, Stopping threads took: 0.0000160 seconds
2015-09-09T11:16:28.438+0200: 342.020: Total time for which application threads were stopped: 0.0000285 seconds, Stopping threads took: 0.0000080 seconds
2015-09-09T11:16:28.439+0200: 342.020: Total time for which application threads were stopped: 0.0000371 seconds, Stopping threads took: 0.0000102 seconds
2015-09-09T11:16:28.439+0200: 342.021: Total time for which application threads were stopped: 0.0001120 seconds, Stopping threads took: 0.0000742 seconds
2015-09-09T11:16:28.440+0200: 342.021: Total time for which application threads were stopped: 0.0000374 seconds, Stopping threads took: 0.0000086 seconds
2015-09-09T11:16:28.440+0200: 342.022: Total time for which application threads were stopped: 0.0000950 seconds, Stopping threads took: 0.0000592 seconds
2015-09-09T11:16:28.440+0200: 342.022: Total time for which application threads were stopped: 0.0000774 seconds, Stopping threads took: 0.0000086 seconds
2015-09-09T11:16:28.442+0200: 342.024: Total time for which application threads were stopped: 0.0000675 seconds, Stopping threads took: 0.0000160 seconds
2015-09-09T11:16:28.442+0200: 342.024: Total time for which application threads were stopped: 0.0000195 seconds, Stopping threads took: 0.0000048 seconds
2015-09-09T11:16:28.442+0200: 342.024: Total time for which application threads were stopped: 0.0000454 seconds, Stopping threads took: 0.0000134 seconds
2015-09-09T11:16:28.442+0200: 342.024: Total time for which application threads were stopped: 0.0000413 seconds, Stopping threads took: 0.0000070 seconds
2015-09-09T11:16:28.442+0200: 342.024: Total time for which application threads were stopped: 0.0000202 seconds, Stopping threads took: 0.0000038 seconds
2015-09-09T11:16:28.442+0200: 342.024: Total time for which application threads were stopped: 0.0000374 seconds, Stopping threads took: 0.0000134 seconds
2015-09-09T11:16:28.443+0200: 342.024: Total time for which application threads were stopped: 0.0000186 seconds, Stopping threads took: 0.0000038 seconds
2015-09-09T11:16:28.443+0200: 342.025: Total time for which application threads were stopped: 0.0000342 seconds, Stopping threads took: 0.0000160 seconds
2015-09-09T11:16:28.443+0200: 342.025: Total time for which application threads were stopped: 0.0000490 seconds, Stopping threads took: 0.0000070 seconds
2015-09-09T11:16:28.443+0200: 342.025: Total time for which application threads were stopped: 0.0000317 seconds, Stopping threads took: 0.0000051 seconds
2015-09-09T11:16:28.443+0200: 342.025: Total time for which application threads were stopped: 0.0000282 seconds, Stopping threads took: 0.0000042 seconds
2015-09-09T11:16:28.443+0200: 342.025: Total time for which application threads were stopped: 0.0000282 seconds, Stopping threads took: 0.0000067 seconds
2015-09-09T11:16:28.444+0200: 342.026: Total time for which application threads were stopped: 0.0001370 seconds, Stopping threads took: 0.0000102 seconds
2015-09-09T11:16:28.445+0200: 342.027: Total time for which application threads were stopped: 0.0001341 seconds, Stopping threads took: 0.0000550 seconds
2015-09-09T11:16:29.445+0200: 343.026: Total time for which application threads were stopped: 0.0000518 seconds, Stopping threads took: 0.0000141 seconds
2015-09-09T11:16:42.122+0200: 355.705: Total time for which application threads were stopped: 0.0004643 seconds, Stopping threads took: 0.0000147 seconds
2015-09-09T11:16:42.122+0200: 355.705: Total time for which application threads were stopped: 0.0000378 seconds, Stopping threads took: 0.0000070 seconds
2015-09-09T11:16:42.123+0200: 355.706: Total time for which application threads were stopped: 0.0003648 seconds, Stopping threads took: 0.0000070 seconds
2015-09-09T11:16:42.129+0200: 355.711: Total time for which application threads were stopped: 0.0000371 seconds, Stopping threads took: 0.0000093 seconds
2015-09-09T11:16:42.129+0200: 355.711: Total time for which application threads were stopped: 0.0000349 seconds, Stopping threads took: 0.0000163 seconds
2015-09-09T11:16:42.129+0200: 355.711: Total time for which application threads were stopped: 0.0000170 seconds, Stopping threads took: 0.0000093 seconds
2015-09-09T11:16:42.129+0200: 355.711: Total time for which application threads were stopped: 0.0000352 seconds, Stopping threads took: 0.0000160 seconds
2015-09-09T11:16:42.129+0200: 355.711: Total time for which application threads were stopped: 0.0000467 seconds, Stopping threads took: 0.0000301 seconds
Heap
 par new generation   total 109248K, used 93151K [0x00000000e0000000, 0x00000000e8000000, 0x00000000e8000000)
  eden space 87424K,  94% used [0x00000000e0000000, 0x00000000e504dae0, 0x00000000e5560000)
  from space 21824K,  50% used [0x00000000e6ab0000, 0x00000000e755a380, 0x00000000e8000000)
  to   space 21824K,   0% used [0x00000000e5560000, 0x00000000e5560000, 0x00000000e6ab0000)
 concurrent mark-sweep generation total 393216K, used 162500K [0x00000000e8000000, 0x0000000100000000, 0x0000000100000000)
 Metaspace       used 30966K, capacity 31326K, committed 31764K, reserved 1077248K
  class space    used 3635K, capacity 3807K, committed 3864K, reserved 1048576K
