Java HotSpot(TM) 64-Bit Server VM (25.45-b02) for windows-amd64 JRE (1.8.0_45-b15), built on Apr 30 2015 12:40:44 by "java_re" with MS VC++ 10.0 (VS2010)
Memory: 4k page, physical 8247616k(5623608k free), swap 16493392k(13526132k free)
CommandLine flags: -XX:CMSInitiatingOccupancyFraction=50 -XX:CMSMaxAbortablePrecleanTime=6000 -XX:+CMSParallelRemarkEnabled -XX:+CMSScavengeBeforeRemark -XX:ConcGCThreads=4 -XX:InitialHeapSize=536870912 -XX:MaxHeapSize=536870912 -XX:MaxTenuringThreshold=8 -XX:NewRatio=3 -XX:OldPLABSize=16 -XX:ParallelGCThreads=4 -XX:+ParallelRefProcEnabled -XX:PretenureSizeThreshold=67108864 -XX:+PrintGC -XX:+PrintGCApplicationStoppedTime -XX:+PrintGCDateStamps -XX:+PrintGCDetails -XX:+PrintGCTimeStamps -XX:+PrintHeapAtGC -XX:+PrintTenuringDistribution -XX:SurvivorRatio=4 -XX:TargetSurvivorRatio=90 -XX:ThreadStackSize=256 -XX:+UseCMSInitiatingOccupancyOnly -XX:+UseCompressedClassPointers -XX:+UseCompressedOops -XX:+UseConcMarkSweepGC -XX:-UseLargePagesIndividualAllocation -XX:+UseParNewGC 
2015-09-08T12:27:45.010+0200: 0.112: Total time for which application threads were stopped: 0.0000682 seconds, Stopping threads took: 0.0000198 seconds
2015-09-08T12:27:45.151+0200: 0.249: Total time for which application threads were stopped: 0.0001174 seconds, Stopping threads took: 0.0000144 seconds
2015-09-08T12:27:45.276+0200: 0.375: Total time for which application threads were stopped: 0.0000989 seconds, Stopping threads took: 0.0000093 seconds
2015-09-08T12:27:45.307+0200: 0.409: Total time for which application threads were stopped: 0.0001158 seconds, Stopping threads took: 0.0000118 seconds
2015-09-08T12:27:45.322+0200: 0.421: Total time for which application threads were stopped: 0.0001258 seconds, Stopping threads took: 0.0000154 seconds
2015-09-08T12:27:45.338+0200: 0.436: Total time for which application threads were stopped: 0.0001155 seconds, Stopping threads took: 0.0000176 seconds
{Heap before GC invocations=0 (full 0):
 par new generation   total 109248K, used 87424K [0x00000000e0000000, 0x00000000e8000000, 0x00000000e8000000)
  eden space 87424K, 100% used [0x00000000e0000000, 0x00000000e5560000, 0x00000000e5560000)
  from space 21824K,   0% used [0x00000000e5560000, 0x00000000e5560000, 0x00000000e6ab0000)
  to   space 21824K,   0% used [0x00000000e6ab0000, 0x00000000e6ab0000, 0x00000000e8000000)
 concurrent mark-sweep generation total 393216K, used 0K [0x00000000e8000000, 0x0000000100000000, 0x0000000100000000)
 Metaspace       used 9832K, capacity 10024K, committed 10240K, reserved 1058816K
  class space    used 1158K, capacity 1212K, committed 1280K, reserved 1048576K
2015-09-08T12:27:45.541+0200: 0.643: [GC (Allocation Failure) 0.643: [ParNew
Desired survivor size 20112992 bytes, new threshold 8 (max 8)
- age   1:    5454544 bytes,    5454544 total
: 87424K->5393K(109248K), 0.0043283 secs] 87424K->5393K(502464K), 0.0044665 secs] [Times: user=0.03 sys=0.03, real=0.02 secs] 
Heap after GC invocations=1 (full 0):
 par new generation   total 109248K, used 5393K [0x00000000e0000000, 0x00000000e8000000, 0x00000000e8000000)
  eden space 87424K,   0% used [0x00000000e0000000, 0x00000000e0000000, 0x00000000e5560000)
  from space 21824K,  24% used [0x00000000e6ab0000, 0x00000000e6ff46e8, 0x00000000e8000000)
  to   space 21824K,   0% used [0x00000000e5560000, 0x00000000e5560000, 0x00000000e6ab0000)
 concurrent mark-sweep generation total 393216K, used 0K [0x00000000e8000000, 0x0000000100000000, 0x0000000100000000)
 Metaspace       used 9832K, capacity 10024K, committed 10240K, reserved 1058816K
  class space    used 1158K, capacity 1212K, committed 1280K, reserved 1048576K
}
2015-09-08T12:27:45.556+0200: 0.648: Total time for which application threads were stopped: 0.0046221 seconds, Stopping threads took: 0.0000150 seconds
2015-09-08T12:27:45.634+0200: 0.739: Total time for which application threads were stopped: 0.0001402 seconds, Stopping threads took: 0.0000112 seconds
2015-09-08T12:27:45.822+0200: 0.925: Total time for which application threads were stopped: 0.0001808 seconds, Stopping threads took: 0.0000118 seconds
2015-09-08T12:27:45.822+0200: 0.926: Total time for which application threads were stopped: 0.0001296 seconds, Stopping threads took: 0.0000179 seconds
2015-09-08T12:27:45.837+0200: 0.928: Total time for which application threads were stopped: 0.0001242 seconds, Stopping threads took: 0.0000160 seconds
2015-09-08T12:27:45.993+0200: 1.094: Total time for which application threads were stopped: 0.0003056 seconds, Stopping threads took: 0.0001338 seconds
{Heap before GC invocations=1 (full 0):
 par new generation   total 109248K, used 92817K [0x00000000e0000000, 0x00000000e8000000, 0x00000000e8000000)
  eden space 87424K, 100% used [0x00000000e0000000, 0x00000000e5560000, 0x00000000e5560000)
  from space 21824K,  24% used [0x00000000e6ab0000, 0x00000000e6ff46e8, 0x00000000e8000000)
  to   space 21824K,   0% used [0x00000000e5560000, 0x00000000e5560000, 0x00000000e6ab0000)
 concurrent mark-sweep generation total 393216K, used 0K [0x00000000e8000000, 0x0000000100000000, 0x0000000100000000)
 Metaspace       used 18851K, capacity 19204K, committed 19328K, reserved 1067008K
  class space    used 2294K, capacity 2420K, committed 2432K, reserved 1048576K
2015-09-08T12:27:46.056+0200: 1.160: [GC (Allocation Failure) 1.160: [ParNew
Desired survivor size 20112992 bytes, new threshold 8 (max 8)
- age   1:    9195616 bytes,    9195616 total
- age   2:    2534416 bytes,   11730032 total
: 92817K->12918K(109248K), 0.0066198 secs] 92817K->12918K(502464K), 0.0066998 secs] [Times: user=0.06 sys=0.00, real=0.02 secs] 
Heap after GC invocations=2 (full 0):
 par new generation   total 109248K, used 12918K [0x00000000e0000000, 0x00000000e8000000, 0x00000000e8000000)
  eden space 87424K,   0% used [0x00000000e0000000, 0x00000000e0000000, 0x00000000e5560000)
  from space 21824K,  59% used [0x00000000e5560000, 0x00000000e61fd920, 0x00000000e6ab0000)
  to   space 21824K,   0% used [0x00000000e6ab0000, 0x00000000e6ab0000, 0x00000000e8000000)
 concurrent mark-sweep generation total 393216K, used 0K [0x00000000e8000000, 0x0000000100000000, 0x0000000100000000)
 Metaspace       used 18851K, capacity 19204K, committed 19328K, reserved 1067008K
  class space    used 2294K, capacity 2420K, committed 2432K, reserved 1048576K
}
2015-09-08T12:27:46.071+0200: 1.167: Total time for which application threads were stopped: 0.0069571 seconds, Stopping threads took: 0.0000419 seconds
2015-09-08T12:27:46.149+0200: 1.243: Total time for which application threads were stopped: 0.0002349 seconds, Stopping threads took: 0.0000186 seconds
2015-09-08T12:27:46.165+0200: 1.265: Total time for which application threads were stopped: 0.0002541 seconds, Stopping threads took: 0.0000330 seconds
2015-09-08T12:27:46.180+0200: 1.278: Total time for which application threads were stopped: 0.0002870 seconds, Stopping threads took: 0.0000214 seconds
{Heap before GC invocations=2 (full 0):
 par new generation   total 109248K, used 100342K [0x00000000e0000000, 0x00000000e8000000, 0x00000000e8000000)
  eden space 87424K, 100% used [0x00000000e0000000, 0x00000000e5560000, 0x00000000e5560000)
  from space 21824K,  59% used [0x00000000e5560000, 0x00000000e61fd920, 0x00000000e6ab0000)
  to   space 21824K,   0% used [0x00000000e6ab0000, 0x00000000e6ab0000, 0x00000000e8000000)
 concurrent mark-sweep generation total 393216K, used 0K [0x00000000e8000000, 0x0000000100000000, 0x0000000100000000)
 Metaspace       used 20063K, capacity 20452K, committed 20864K, reserved 1067008K
  class space    used 2425K, capacity 2580K, committed 2688K, reserved 1048576K
2015-09-08T12:27:46.243+0200: 1.345: [GC (Allocation Failure) 1.345: [ParNew
Desired survivor size 20112992 bytes, new threshold 8 (max 8)
- age   1:    2403224 bytes,    2403224 total
- age   2:    3446264 bytes,    5849488 total
- age   3:    2492928 bytes,    8342416 total
: 100342K->14176K(109248K), 0.0353028 secs] 100342K->14176K(502464K), 0.0353681 secs] [Times: user=0.13 sys=0.00, real=0.05 secs] 
Heap after GC invocations=3 (full 0):
 par new generation   total 109248K, used 14176K [0x00000000e0000000, 0x00000000e8000000, 0x00000000e8000000)
  eden space 87424K,   0% used [0x00000000e0000000, 0x00000000e0000000, 0x00000000e5560000)
  from space 21824K,  64% used [0x00000000e6ab0000, 0x00000000e78882c0, 0x00000000e8000000)
  to   space 21824K,   0% used [0x00000000e5560000, 0x00000000e5560000, 0x00000000e6ab0000)
 concurrent mark-sweep generation total 393216K, used 0K [0x00000000e8000000, 0x0000000100000000, 0x0000000100000000)
 Metaspace       used 20063K, capacity 20452K, committed 20864K, reserved 1067008K
  class space    used 2425K, capacity 2580K, committed 2688K, reserved 1048576K
}
2015-09-08T12:27:46.290+0200: 1.380: Total time for which application threads were stopped: 0.0358369 seconds, Stopping threads took: 0.0002976 seconds
2015-09-08T12:27:46.352+0200: 1.454: Total time for which application threads were stopped: 0.0001053 seconds, Stopping threads took: 0.0000266 seconds
{Heap before GC invocations=3 (full 0):
 par new generation   total 109248K, used 101600K [0x00000000e0000000, 0x00000000e8000000, 0x00000000e8000000)
  eden space 87424K, 100% used [0x00000000e0000000, 0x00000000e5560000, 0x00000000e5560000)
  from space 21824K,  64% used [0x00000000e6ab0000, 0x00000000e78882c0, 0x00000000e8000000)
  to   space 21824K,   0% used [0x00000000e5560000, 0x00000000e5560000, 0x00000000e6ab0000)
 concurrent mark-sweep generation total 393216K, used 0K [0x00000000e8000000, 0x0000000100000000, 0x0000000100000000)
 Metaspace       used 20939K, capacity 21322K, committed 21552K, reserved 1069056K
  class space    used 2538K, capacity 2677K, committed 2688K, reserved 1048576K
2015-09-08T12:27:46.383+0200: 1.476: [GC (Allocation Failure) 1.477: [ParNew
Desired survivor size 20112992 bytes, new threshold 8 (max 8)
- age   1:    1587696 bytes,    1587696 total
- age   2:    1154544 bytes,    2742240 total
- age   3:    3445000 bytes,    6187240 total
- age   4:    2492664 bytes,    8679904 total
: 101600K->10998K(109248K), 0.0060272 secs] 101600K->10998K(502464K), 0.0060860 secs] [Times: user=0.00 sys=0.00, real=0.00 secs] 
Heap after GC invocations=4 (full 0):
 par new generation   total 109248K, used 10998K [0x00000000e0000000, 0x00000000e8000000, 0x00000000e8000000)
  eden space 87424K,   0% used [0x00000000e0000000, 0x00000000e0000000, 0x00000000e5560000)
  from space 21824K,  50% used [0x00000000e5560000, 0x00000000e601db00, 0x00000000e6ab0000)
  to   space 21824K,   0% used [0x00000000e6ab0000, 0x00000000e6ab0000, 0x00000000e8000000)
 concurrent mark-sweep generation total 393216K, used 0K [0x00000000e8000000, 0x0000000100000000, 0x0000000100000000)
 Metaspace       used 20939K, capacity 21322K, committed 21552K, reserved 1069056K
  class space    used 2538K, capacity 2677K, committed 2688K, reserved 1048576K
}
2015-09-08T12:27:46.383+0200: 1.483: Total time for which application threads were stopped: 0.0064256 seconds, Stopping threads took: 0.0002077 seconds
2015-09-08T12:27:46.399+0200: 1.491: [GC (CMS Initial Mark) [1 CMS-initial-mark: 0K(393216K)] 25502K(502464K), 0.0028102 secs] [Times: user=0.00 sys=0.00, real=0.00 secs] 
2015-09-08T12:27:46.399+0200: 1.494: Total time for which application threads were stopped: 0.0029517 seconds, Stopping threads took: 0.0000531 seconds
2015-09-08T12:27:46.399+0200: 1.494: [CMS-concurrent-mark-start]
2015-09-08T12:27:46.399+0200: 1.496: [CMS-concurrent-mark: 0.001/0.001 secs] [Times: user=0.00 sys=0.00, real=0.00 secs] 
2015-09-08T12:27:46.399+0200: 1.496: [CMS-concurrent-preclean-start]
2015-09-08T12:27:46.399+0200: 1.496: [CMS-concurrent-preclean: 0.001/0.001 secs] [Times: user=0.00 sys=0.00, real=0.00 secs] 
2015-09-08T12:27:46.399+0200: 1.496: [CMS-concurrent-abortable-preclean-start]
2015-09-08T12:27:46.399+0200: 1.503: Total time for which application threads were stopped: 0.0003651 seconds, Stopping threads took: 0.0003178 seconds
2015-09-08T12:27:46.414+0200: 1.515: Total time for which application threads were stopped: 0.0004368 seconds, Stopping threads took: 0.0000819 seconds
2015-09-08T12:27:46.414+0200: 1.519: Total time for which application threads were stopped: 0.0003254 seconds, Stopping threads took: 0.0000262 seconds
2015-09-08T12:27:46.430+0200: 1.525: Total time for which application threads were stopped: 0.0000765 seconds, Stopping threads took: 0.0000173 seconds
2015-09-08T12:27:46.446+0200: 1.551: Total time for which application threads were stopped: 0.0000938 seconds, Stopping threads took: 0.0000317 seconds
{Heap before GC invocations=4 (full 1):
 par new generation   total 109248K, used 98422K [0x00000000e0000000, 0x00000000e8000000, 0x00000000e8000000)
  eden space 87424K, 100% used [0x00000000e0000000, 0x00000000e5560000, 0x00000000e5560000)
  from space 21824K,  50% used [0x00000000e5560000, 0x00000000e601db00, 0x00000000e6ab0000)
  to   space 21824K,   0% used [0x00000000e6ab0000, 0x00000000e6ab0000, 0x00000000e8000000)
 concurrent mark-sweep generation total 393216K, used 0K [0x00000000e8000000, 0x0000000100000000, 0x0000000100000000)
 Metaspace       used 21950K, capacity 22306K, committed 22548K, reserved 1069056K
  class space    used 2672K, capacity 2809K, committed 2892K, reserved 1048576K
2015-09-08T12:27:46.477+0200: 1.576: [GC (Allocation Failure) 1.576: [ParNew
Desired survivor size 20112992 bytes, new threshold 8 (max 8)
- age   1:    1811120 bytes,    1811120 total
- age   2:     721384 bytes,    2532504 total
- age   3:    1147160 bytes,    3679664 total
- age   4:    3444648 bytes,    7124312 total
- age   5:    2492520 bytes,    9616832 total
: 98422K->11766K(109248K), 0.0052092 secs] 98422K->11766K(502464K), 0.0052636 secs] [Times: user=0.00 sys=0.00, real=0.00 secs] 
Heap after GC invocations=5 (full 1):
 par new generation   total 109248K, used 11766K [0x00000000e0000000, 0x00000000e8000000, 0x00000000e8000000)
  eden space 87424K,   0% used [0x00000000e0000000, 0x00000000e0000000, 0x00000000e5560000)
  from space 21824K,  53% used [0x00000000e6ab0000, 0x00000000e762d830, 0x00000000e8000000)
  to   space 21824K,   0% used [0x00000000e5560000, 0x00000000e5560000, 0x00000000e6ab0000)
 concurrent mark-sweep generation total 393216K, used 0K [0x00000000e8000000, 0x0000000100000000, 0x0000000100000000)
 Metaspace       used 21950K, capacity 22306K, committed 22548K, reserved 1069056K
  class space    used 2672K, capacity 2809K, committed 2892K, reserved 1048576K
}
2015-09-08T12:27:46.477+0200: 1.582: Total time for which application threads were stopped: 0.0054307 seconds, Stopping threads took: 0.0000285 seconds
2015-09-08T12:27:46.524+0200: 1.624: Total time for which application threads were stopped: 0.0001059 seconds, Stopping threads took: 0.0000262 seconds
{Heap before GC invocations=5 (full 1):
 par new generation   total 109248K, used 99190K [0x00000000e0000000, 0x00000000e8000000, 0x00000000e8000000)
  eden space 87424K, 100% used [0x00000000e0000000, 0x00000000e5560000, 0x00000000e5560000)
  from space 21824K,  53% used [0x00000000e6ab0000, 0x00000000e762d830, 0x00000000e8000000)
  to   space 21824K,   0% used [0x00000000e5560000, 0x00000000e5560000, 0x00000000e6ab0000)
 concurrent mark-sweep generation total 393216K, used 0K [0x00000000e8000000, 0x0000000100000000, 0x0000000100000000)
 Metaspace       used 22221K, capacity 22602K, committed 22880K, reserved 1069056K
  class space    used 2712K, capacity 2843K, committed 2892K, reserved 1048576K
2015-09-08T12:27:46.539+0200: 1.640: [GC (Allocation Failure) 1.640: [ParNew
Desired survivor size 20112992 bytes, new threshold 8 (max 8)
- age   1:     516168 bytes,     516168 total
- age   2:     453152 bytes,     969320 total
- age   3:     721096 bytes,    1690416 total
- age   4:    1144616 bytes,    2835032 total
- age   5:    3441608 bytes,    6276640 total
- age   6:    2492736 bytes,    8769376 total
: 99190K->12166K(109248K), 0.0046022 secs] 99190K->12166K(502464K), 0.0046502 secs] [Times: user=0.00 sys=0.00, real=0.00 secs] 
Heap after GC invocations=6 (full 1):
 par new generation   total 109248K, used 12166K [0x00000000e0000000, 0x00000000e8000000, 0x00000000e8000000)
  eden space 87424K,   0% used [0x00000000e0000000, 0x00000000e0000000, 0x00000000e5560000)
  from space 21824K,  55% used [0x00000000e5560000, 0x00000000e6141bb0, 0x00000000e6ab0000)
  to   space 21824K,   0% used [0x00000000e6ab0000, 0x00000000e6ab0000, 0x00000000e8000000)
 concurrent mark-sweep generation total 393216K, used 0K [0x00000000e8000000, 0x0000000100000000, 0x0000000100000000)
 Metaspace       used 22221K, capacity 22602K, committed 22880K, reserved 1069056K
  class space    used 2712K, capacity 2843K, committed 2892K, reserved 1048576K
}
2015-09-08T12:27:46.539+0200: 1.644: Total time for which application threads were stopped: 0.0048662 seconds, Stopping threads took: 0.0000701 seconds
2015-09-08T12:27:46.586+0200: 1.677: Total time for which application threads were stopped: 0.0003914 seconds, Stopping threads took: 0.0003072 seconds
2015-09-08T12:27:46.586+0200: 1.677: [CMS-concurrent-abortable-preclean: 0.076/0.181 secs] [Times: user=0.67 sys=0.02, real=0.19 secs] 
2015-09-08T12:27:46.586+0200: 1.690: Total time for which application threads were stopped: 0.0001546 seconds, Stopping threads took: 0.0000602 seconds
2015-09-08T12:27:46.602+0200: 1.696: [GC (CMS Final Remark) [YG occupancy: 35668 K (109248 K)]{Heap before GC invocations=6 (full 1):
 par new generation   total 109248K, used 35668K [0x00000000e0000000, 0x00000000e8000000, 0x00000000e8000000)
  eden space 87424K,  26% used [0x00000000e0000000, 0x00000000e16f37b0, 0x00000000e5560000)
  from space 21824K,  55% used [0x00000000e5560000, 0x00000000e6141bb0, 0x00000000e6ab0000)
  to   space 21824K,   0% used [0x00000000e6ab0000, 0x00000000e6ab0000, 0x00000000e8000000)
 concurrent mark-sweep generation total 393216K, used 0K [0x00000000e8000000, 0x0000000100000000, 0x0000000100000000)
 Metaspace       used 22913K, capacity 23244K, committed 23448K, reserved 1069056K
  class space    used 2799K, capacity 2908K, committed 2968K, reserved 1048576K
2015-09-08T12:27:46.602+0200: 1.696: [GC (CMS Final Remark) 1.696: [ParNew
Desired survivor size 20112992 bytes, new threshold 8 (max 8)
- age   1:     851048 bytes,     851048 total
- age   2:     156408 bytes,    1007456 total
- age   3:     452144 bytes,    1459600 total
- age   4:     719504 bytes,    2179104 total
- age   5:    1144096 bytes,    3323200 total
- age   6:    3436360 bytes,    6759560 total
- age   7:    2492456 bytes,    9252016 total
: 35668K->11788K(109248K), 0.0054537 secs] 35668K->11788K(502464K), 0.0054947 secs] [Times: user=0.00 sys=0.00, real=0.00 secs] 
Heap after GC invocations=7 (full 1):
 par new generation   total 109248K, used 11788K [0x00000000e0000000, 0x00000000e8000000, 0x00000000e8000000)
  eden space 87424K,   0% used [0x00000000e0000000, 0x00000000e0000000, 0x00000000e5560000)
  from space 21824K,  54% used [0x00000000e6ab0000, 0x00000000e7633068, 0x00000000e8000000)
  to   space 21824K,   0% used [0x00000000e5560000, 0x00000000e5560000, 0x00000000e6ab0000)
 concurrent mark-sweep generation total 393216K, used 0K [0x00000000e8000000, 0x0000000100000000, 0x0000000100000000)
 Metaspace       used 22913K, capacity 23244K, committed 23448K, reserved 1069056K
  class space    used 2799K, capacity 2908K, committed 2968K, reserved 1048576K
}
1.702: [Rescan (parallel) , 0.0016931 secs]1.704: [weak refs processing, 0.0003027 secs]1.704: [class unloading, 0.0037184 secs]1.708: [scrub symbol table, 0.0023929 secs]1.710: [scrub string table, 0.0002307 secs][1 CMS-remark: 0K(393216K)] 11788K(502464K), 0.0146985 secs] [Times: user=0.03 sys=0.00, real=0.02 secs] 
2015-09-08T12:27:46.617+0200: 1.711: Total time for which application threads were stopped: 0.0147926 seconds, Stopping threads took: 0.0000141 seconds
2015-09-08T12:27:46.617+0200: 1.711: [CMS-concurrent-sweep-start]
2015-09-08T12:27:46.617+0200: 1.711: [CMS-concurrent-sweep: 0.000/0.000 secs] [Times: user=0.00 sys=0.00, real=0.00 secs] 
2015-09-08T12:27:46.617+0200: 1.711: [CMS-concurrent-reset-start]
2015-09-08T12:27:46.617+0200: 1.713: [CMS-concurrent-reset: 0.001/0.001 secs] [Times: user=0.00 sys=0.00, real=0.00 secs] 
2015-09-08T12:27:46.633+0200: 1.728: Total time for which application threads were stopped: 0.0003328 seconds, Stopping threads took: 0.0000189 seconds
2015-09-08T12:27:46.711+0200: 1.811: Total time for which application threads were stopped: 0.0006646 seconds, Stopping threads took: 0.0002592 seconds
2015-09-08T12:27:46.726+0200: 1.821: Total time for which application threads were stopped: 0.0005693 seconds, Stopping threads took: 0.0002282 seconds
2015-09-08T12:27:46.836+0200: 1.940: Total time for which application threads were stopped: 0.0003664 seconds, Stopping threads took: 0.0000179 seconds
2015-09-08T12:27:46.960+0200: 2.055: Total time for which application threads were stopped: 0.0003434 seconds, Stopping threads took: 0.0000211 seconds
2015-09-08T12:27:46.976+0200: 2.068: Total time for which application threads were stopped: 0.0003427 seconds, Stopping threads took: 0.0000166 seconds
{Heap before GC invocations=7 (full 1):
 par new generation   total 109248K, used 99212K [0x00000000e0000000, 0x00000000e8000000, 0x00000000e8000000)
  eden space 87424K, 100% used [0x00000000e0000000, 0x00000000e5560000, 0x00000000e5560000)
  from space 21824K,  54% used [0x00000000e6ab0000, 0x00000000e7633068, 0x00000000e8000000)
  to   space 21824K,   0% used [0x00000000e5560000, 0x00000000e5560000, 0x00000000e6ab0000)
 concurrent mark-sweep generation total 393216K, used 0K [0x00000000e8000000, 0x0000000100000000, 0x0000000100000000)
 Metaspace       used 27258K, capacity 27562K, committed 28056K, reserved 1073152K
  class space    used 3296K, capacity 3425K, committed 3480K, reserved 1048576K
2015-09-08T12:27:46.992+0200: 2.085: [GC (Allocation Failure) 2.085: [ParNew
Desired survivor size 20112992 bytes, new threshold 8 (max 8)
- age   1:    9690392 bytes,    9690392 total
- age   2:     147352 bytes,    9837744 total
- age   3:     156296 bytes,    9994040 total
- age   4:     452016 bytes,   10446056 total
- age   5:     188808 bytes,   10634864 total
- age   6:     427936 bytes,   11062800 total
- age   7:    3431720 bytes,   14494520 total
- age   8:    2492264 bytes,   16986784 total
: 99212K->19966K(109248K), 0.0093913 secs] 99212K->19966K(502464K), 0.0094441 secs] [Times: user=0.00 sys=0.00, real=0.00 secs] 
Heap after GC invocations=8 (full 1):
 par new generation   total 109248K, used 19966K [0x00000000e0000000, 0x00000000e8000000, 0x00000000e8000000)
  eden space 87424K,   0% used [0x00000000e0000000, 0x00000000e0000000, 0x00000000e5560000)
  from space 21824K,  91% used [0x00000000e5560000, 0x00000000e68df978, 0x00000000e6ab0000)
  to   space 21824K,   0% used [0x00000000e6ab0000, 0x00000000e6ab0000, 0x00000000e8000000)
 concurrent mark-sweep generation total 393216K, used 0K [0x00000000e8000000, 0x0000000100000000, 0x0000000100000000)
 Metaspace       used 27258K, capacity 27562K, committed 28056K, reserved 1073152K
  class space    used 3296K, capacity 3425K, committed 3480K, reserved 1048576K
}
2015-09-08T12:27:46.992+0200: 2.094: Total time for which application threads were stopped: 0.0096131 seconds, Stopping threads took: 0.0000198 seconds
2015-09-08T12:27:48.006+0200: 3.096: Total time for which application threads were stopped: 0.0001302 seconds, Stopping threads took: 0.0000230 seconds
2015-09-08T12:27:49.004+0200: 4.095: Total time for which application threads were stopped: 0.0002787 seconds, Stopping threads took: 0.0000384 seconds
2015-09-08T12:27:56.563+0200: 11.657: Total time for which application threads were stopped: 0.0000566 seconds, Stopping threads took: 0.0000144 seconds
2015-09-08T12:27:56.563+0200: 11.657: Total time for which application threads were stopped: 0.0000243 seconds, Stopping threads took: 0.0000067 seconds
2015-09-08T12:27:56.563+0200: 11.658: Total time for which application threads were stopped: 0.0000429 seconds, Stopping threads took: 0.0000102 seconds
2015-09-08T12:27:56.595+0200: 11.685: Total time for which application threads were stopped: 0.0000835 seconds, Stopping threads took: 0.0000304 seconds
2015-09-08T12:27:56.595+0200: 11.685: Total time for which application threads were stopped: 0.0000307 seconds, Stopping threads took: 0.0000115 seconds
2015-09-08T12:27:56.595+0200: 11.686: Total time for which application threads were stopped: 0.0000416 seconds, Stopping threads took: 0.0000112 seconds
2015-09-08T12:27:56.595+0200: 11.686: Total time for which application threads were stopped: 0.0000272 seconds, Stopping threads took: 0.0000064 seconds
2015-09-08T12:27:56.596+0200: 11.686: Total time for which application threads were stopped: 0.0000419 seconds, Stopping threads took: 0.0000141 seconds
2015-09-08T12:27:56.596+0200: 11.686: Total time for which application threads were stopped: 0.0000973 seconds, Stopping threads took: 0.0000746 seconds
2015-09-08T12:27:56.596+0200: 11.687: Total time for which application threads were stopped: 0.0000368 seconds, Stopping threads took: 0.0000083 seconds
2015-09-08T12:27:56.597+0200: 11.687: Total time for which application threads were stopped: 0.0000618 seconds, Stopping threads took: 0.0000125 seconds
2015-09-08T12:27:56.597+0200: 11.688: Total time for which application threads were stopped: 0.0000317 seconds, Stopping threads took: 0.0000077 seconds
2015-09-08T12:27:56.598+0200: 11.688: Total time for which application threads were stopped: 0.0001178 seconds, Stopping threads took: 0.0000333 seconds
2015-09-08T12:27:56.598+0200: 11.689: Total time for which application threads were stopped: 0.0001398 seconds, Stopping threads took: 0.0001158 seconds
2015-09-08T12:27:56.598+0200: 11.689: Total time for which application threads were stopped: 0.0000675 seconds, Stopping threads took: 0.0000365 seconds
2015-09-08T12:27:56.598+0200: 11.689: Total time for which application threads were stopped: 0.0000685 seconds, Stopping threads took: 0.0000150 seconds
2015-09-08T12:27:56.599+0200: 11.689: Total time for which application threads were stopped: 0.0000541 seconds, Stopping threads took: 0.0000176 seconds
2015-09-08T12:27:56.599+0200: 11.690: Total time for which application threads were stopped: 0.0001475 seconds, Stopping threads took: 0.0000938 seconds
2015-09-08T12:27:56.616+0200: 11.707: Total time for which application threads were stopped: 0.0000781 seconds, Stopping threads took: 0.0000160 seconds
2015-09-08T12:27:56.617+0200: 11.707: Total time for which application threads were stopped: 0.0002518 seconds, Stopping threads took: 0.0002144 seconds
2015-09-08T12:27:56.617+0200: 11.708: Total time for which application threads were stopped: 0.0000275 seconds, Stopping threads took: 0.0000080 seconds
2015-09-08T12:27:56.617+0200: 11.708: Total time for which application threads were stopped: 0.0000333 seconds, Stopping threads took: 0.0000083 seconds
2015-09-08T12:27:56.618+0200: 11.708: Total time for which application threads were stopped: 0.0000672 seconds, Stopping threads took: 0.0000256 seconds
2015-09-08T12:27:56.618+0200: 11.709: Total time for which application threads were stopped: 0.0000678 seconds, Stopping threads took: 0.0000406 seconds
2015-09-08T12:27:56.618+0200: 11.709: Total time for which application threads were stopped: 0.0000509 seconds, Stopping threads took: 0.0000131 seconds
2015-09-08T12:27:56.620+0200: 11.710: Total time for which application threads were stopped: 0.0000726 seconds, Stopping threads took: 0.0000144 seconds
2015-09-08T12:27:56.620+0200: 11.710: Total time for which application threads were stopped: 0.0000458 seconds, Stopping threads took: 0.0000176 seconds
2015-09-08T12:27:56.620+0200: 11.710: Total time for which application threads were stopped: 0.0000330 seconds, Stopping threads took: 0.0000118 seconds
2015-09-08T12:27:56.620+0200: 11.711: Total time for which application threads were stopped: 0.0000470 seconds, Stopping threads took: 0.0000122 seconds
2015-09-08T12:27:56.620+0200: 11.711: Total time for which application threads were stopped: 0.0000362 seconds, Stopping threads took: 0.0000058 seconds
2015-09-08T12:27:56.621+0200: 11.711: Total time for which application threads were stopped: 0.0000406 seconds, Stopping threads took: 0.0000106 seconds
2015-09-08T12:27:56.622+0200: 11.713: Total time for which application threads were stopped: 0.0004659 seconds, Stopping threads took: 0.0003200 seconds
2015-09-08T12:27:56.626+0200: 11.717: Total time for which application threads were stopped: 0.0000627 seconds, Stopping threads took: 0.0000147 seconds
2015-09-08T12:27:56.627+0200: 11.717: Total time for which application threads were stopped: 0.0000669 seconds, Stopping threads took: 0.0000131 seconds
2015-09-08T12:27:56.632+0200: 11.723: Total time for which application threads were stopped: 0.0000714 seconds, Stopping threads took: 0.0000173 seconds
2015-09-08T12:27:56.633+0200: 11.724: Total time for which application threads were stopped: 0.0000480 seconds, Stopping threads took: 0.0000122 seconds
2015-09-08T12:27:56.633+0200: 11.724: Total time for which application threads were stopped: 0.0000790 seconds, Stopping threads took: 0.0000115 seconds
2015-09-08T12:27:56.635+0200: 11.726: Total time for which application threads were stopped: 0.0000618 seconds, Stopping threads took: 0.0000166 seconds
2015-09-08T12:27:56.635+0200: 11.726: Total time for which application threads were stopped: 0.0000378 seconds, Stopping threads took: 0.0000070 seconds
2015-09-08T12:27:56.653+0200: 11.744: Total time for which application threads were stopped: 0.0000813 seconds, Stopping threads took: 0.0000250 seconds
2015-09-08T12:27:56.654+0200: 11.744: Total time for which application threads were stopped: 0.0000560 seconds, Stopping threads took: 0.0000157 seconds
2015-09-08T12:27:56.654+0200: 11.745: Total time for which application threads were stopped: 0.0000474 seconds, Stopping threads took: 0.0000077 seconds
2015-09-08T12:27:56.656+0200: 11.747: Total time for which application threads were stopped: 0.0000592 seconds, Stopping threads took: 0.0000131 seconds
2015-09-08T12:27:56.656+0200: 11.747: Total time for which application threads were stopped: 0.0000323 seconds, Stopping threads took: 0.0000061 seconds
2015-09-08T12:27:56.656+0200: 11.747: Total time for which application threads were stopped: 0.0000304 seconds, Stopping threads took: 0.0000054 seconds
2015-09-08T12:27:56.656+0200: 11.747: Total time for which application threads were stopped: 0.0000250 seconds, Stopping threads took: 0.0000054 seconds
2015-09-08T12:27:56.659+0200: 11.750: Total time for which application threads were stopped: 0.0000614 seconds, Stopping threads took: 0.0000131 seconds
2015-09-08T12:27:56.660+0200: 11.751: Total time for which application threads were stopped: 0.0000755 seconds, Stopping threads took: 0.0000189 seconds
2015-09-08T12:27:56.661+0200: 11.751: Total time for which application threads were stopped: 0.0002138 seconds, Stopping threads took: 0.0001792 seconds
2015-09-08T12:27:56.731+0200: 11.821: Total time for which application threads were stopped: 0.0000730 seconds, Stopping threads took: 0.0000195 seconds
2015-09-08T12:27:56.736+0200: 11.826: Total time for which application threads were stopped: 0.0001507 seconds, Stopping threads took: 0.0000202 seconds
2015-09-08T12:27:56.763+0200: 11.854: Total time for which application threads were stopped: 0.0000634 seconds, Stopping threads took: 0.0000138 seconds
2015-09-08T12:27:56.764+0200: 11.854: Total time for which application threads were stopped: 0.0000474 seconds, Stopping threads took: 0.0000125 seconds
2015-09-08T12:27:56.764+0200: 11.854: Total time for which application threads were stopped: 0.0000336 seconds, Stopping threads took: 0.0000086 seconds
2015-09-08T12:27:56.765+0200: 11.856: Total time for which application threads were stopped: 0.0000701 seconds, Stopping threads took: 0.0000147 seconds
2015-09-08T12:27:56.769+0200: 11.860: Total time for which application threads were stopped: 0.0001686 seconds, Stopping threads took: 0.0000339 seconds
2015-09-08T12:27:56.769+0200: 11.860: Total time for which application threads were stopped: 0.0000378 seconds, Stopping threads took: 0.0000067 seconds
2015-09-08T12:27:56.769+0200: 11.860: Total time for which application threads were stopped: 0.0000333 seconds, Stopping threads took: 0.0000093 seconds
2015-09-08T12:27:56.770+0200: 11.861: Total time for which application threads were stopped: 0.0005792 seconds, Stopping threads took: 0.0005453 seconds
2015-09-08T12:27:56.775+0200: 11.865: Total time for which application threads were stopped: 0.0000778 seconds, Stopping threads took: 0.0000176 seconds
2015-09-08T12:27:56.776+0200: 11.866: Total time for which application threads were stopped: 0.0000502 seconds, Stopping threads took: 0.0000128 seconds
2015-09-08T12:27:56.777+0200: 11.868: Total time for which application threads were stopped: 0.0000637 seconds, Stopping threads took: 0.0000131 seconds
2015-09-08T12:27:56.813+0200: 11.903: Total time for which application threads were stopped: 0.0000646 seconds, Stopping threads took: 0.0000179 seconds
2015-09-08T12:27:56.813+0200: 11.904: Total time for which application threads were stopped: 0.0000397 seconds, Stopping threads took: 0.0000090 seconds
2015-09-08T12:27:57.813+0200: 12.904: Total time for which application threads were stopped: 0.0000797 seconds, Stopping threads took: 0.0000250 seconds
2015-09-08T12:28:05.709+0200: 20.800: Total time for which application threads were stopped: 0.0001549 seconds, Stopping threads took: 0.0000704 seconds
2015-09-08T12:28:05.717+0200: 20.808: Total time for which application threads were stopped: 0.0000726 seconds, Stopping threads took: 0.0000141 seconds
2015-09-08T12:28:06.725+0200: 21.816: Total time for which application threads were stopped: 0.0000810 seconds, Stopping threads took: 0.0000205 seconds
2015-09-08T12:28:32.910+0200: 48.001: Total time for which application threads were stopped: 0.0001018 seconds, Stopping threads took: 0.0000355 seconds
2015-09-08T12:28:41.937+0200: 57.027: Total time for which application threads were stopped: 0.0001050 seconds, Stopping threads took: 0.0000170 seconds
2015-09-08T12:28:52.988+0200: 68.087: Total time for which application threads were stopped: 0.0000957 seconds, Stopping threads took: 0.0000259 seconds
2015-09-08T12:28:52.988+0200: 68.092: Total time for which application threads were stopped: 0.0004118 seconds, Stopping threads took: 0.0000243 seconds
2015-09-08T12:28:53.991+0200: 69.081: Total time for which application threads were stopped: 0.0000794 seconds, Stopping threads took: 0.0000288 seconds
2015-09-08T12:28:55.999+0200: 71.089: Total time for which application threads were stopped: 0.0000646 seconds, Stopping threads took: 0.0000259 seconds
2015-09-08T12:29:05.052+0200: 80.142: Total time for which application threads were stopped: 0.0000774 seconds, Stopping threads took: 0.0000304 seconds
2015-09-08T12:29:42.069+0200: 117.168: Total time for which application threads were stopped: 0.0000736 seconds, Stopping threads took: 0.0000250 seconds
2015-09-08T12:29:42.069+0200: 117.168: Total time for which application threads were stopped: 0.0000224 seconds, Stopping threads took: 0.0000051 seconds
2015-09-08T12:29:42.069+0200: 117.168: Total time for which application threads were stopped: 0.0000262 seconds, Stopping threads took: 0.0000048 seconds
2015-09-08T12:29:42.069+0200: 117.168: Total time for which application threads were stopped: 0.0000339 seconds, Stopping threads took: 0.0000080 seconds
2015-09-08T12:29:42.069+0200: 117.168: Total time for which application threads were stopped: 0.0000275 seconds, Stopping threads took: 0.0000070 seconds
2015-09-08T12:29:42.069+0200: 117.169: Total time for which application threads were stopped: 0.0000512 seconds, Stopping threads took: 0.0000304 seconds
2015-09-08T12:29:42.069+0200: 117.169: Total time for which application threads were stopped: 0.0000314 seconds, Stopping threads took: 0.0000080 seconds
2015-09-08T12:29:42.069+0200: 117.169: Total time for which application threads were stopped: 0.0000272 seconds, Stopping threads took: 0.0000070 seconds
2015-09-08T12:29:44.074+0200: 119.164: Total time for which application threads were stopped: 0.0000778 seconds, Stopping threads took: 0.0000179 seconds
2015-09-08T12:29:44.496+0200: 119.594: Total time for which application threads were stopped: 0.0000822 seconds, Stopping threads took: 0.0000250 seconds
2015-09-08T12:29:54.512+0200: 129.602: Total time for which application threads were stopped: 0.0000986 seconds, Stopping threads took: 0.0000282 seconds
2015-09-08T12:29:54.512+0200: 129.602: Total time for which application threads were stopped: 0.0000470 seconds, Stopping threads took: 0.0000211 seconds
2015-09-08T12:29:54.512+0200: 129.603: Total time for which application threads were stopped: 0.0001136 seconds, Stopping threads took: 0.0000560 seconds
2015-09-08T12:29:54.512+0200: 129.603: Total time for which application threads were stopped: 0.0000474 seconds, Stopping threads took: 0.0000090 seconds
2015-09-08T12:29:54.512+0200: 129.603: Total time for which application threads were stopped: 0.0000362 seconds, Stopping threads took: 0.0000070 seconds
2015-09-08T12:30:54.991+0200: 190.081: Total time for which application threads were stopped: 0.0001018 seconds, Stopping threads took: 0.0000349 seconds
2015-09-08T12:30:56.032+0200: 191.131: Total time for which application threads were stopped: 0.0000838 seconds, Stopping threads took: 0.0000317 seconds
2015-09-08T12:30:56.032+0200: 191.131: Total time for which application threads were stopped: 0.0000352 seconds, Stopping threads took: 0.0000099 seconds
2015-09-08T12:30:56.032+0200: 191.132: Total time for which application threads were stopped: 0.0000576 seconds, Stopping threads took: 0.0000106 seconds
2015-09-08T12:30:56.939+0200: 192.041: Total time for which application threads were stopped: 0.0000979 seconds, Stopping threads took: 0.0000144 seconds
2015-09-08T12:30:56.939+0200: 192.041: Total time for which application threads were stopped: 0.0000352 seconds, Stopping threads took: 0.0000093 seconds
2015-09-08T12:30:56.954+0200: 192.046: Total time for which application threads were stopped: 0.0000659 seconds, Stopping threads took: 0.0000227 seconds
2015-09-08T12:31:01.249+0200: 196.339: Total time for which application threads were stopped: 0.0001670 seconds, Stopping threads took: 0.0000147 seconds
2015-09-08T12:31:11.251+0200: 206.340: Total time for which application threads were stopped: 0.0001606 seconds, Stopping threads took: 0.0000816 seconds
2015-09-08T12:31:11.251+0200: 206.340: Total time for which application threads were stopped: 0.0000454 seconds, Stopping threads took: 0.0000099 seconds
2015-09-08T12:31:12.255+0200: 207.344: Total time for which application threads were stopped: 0.0000861 seconds, Stopping threads took: 0.0000214 seconds
2015-09-08T12:31:51.269+0200: 246.358: Total time for which application threads were stopped: 0.0000704 seconds, Stopping threads took: 0.0000285 seconds
2015-09-08T12:33:55.305+0200: 370.393: Total time for which application threads were stopped: 0.0000672 seconds, Stopping threads took: 0.0000208 seconds
2015-09-08T12:33:55.305+0200: 370.393: Total time for which application threads were stopped: 0.0000378 seconds, Stopping threads took: 0.0000147 seconds
2015-09-08T12:33:55.305+0200: 370.393: Total time for which application threads were stopped: 0.0000307 seconds, Stopping threads took: 0.0000109 seconds
2015-09-08T12:33:55.305+0200: 370.394: Total time for which application threads were stopped: 0.0000352 seconds, Stopping threads took: 0.0000080 seconds
2015-09-08T12:34:06.072+0200: 381.161: Total time for which application threads were stopped: 0.0000758 seconds, Stopping threads took: 0.0000237 seconds
2015-09-08T12:34:06.072+0200: 381.161: Total time for which application threads were stopped: 0.0000653 seconds, Stopping threads took: 0.0000291 seconds
2015-09-08T12:34:06.073+0200: 381.162: Total time for which application threads were stopped: 0.0001018 seconds, Stopping threads took: 0.0000237 seconds
2015-09-08T12:34:07.074+0200: 382.162: Total time for which application threads were stopped: 0.0000845 seconds, Stopping threads took: 0.0000246 seconds
2015-09-08T12:34:58.989+0200: 434.078: Total time for which application threads were stopped: 0.0000608 seconds, Stopping threads took: 0.0000224 seconds
2015-09-08T12:34:59.990+0200: 435.077: Total time for which application threads were stopped: 0.0000538 seconds, Stopping threads took: 0.0000144 seconds
2015-09-08T12:41:57.197+0200: 852.283: Total time for which application threads were stopped: 0.0000573 seconds, Stopping threads took: 0.0000141 seconds
2015-09-08T12:41:57.197+0200: 852.283: Total time for which application threads were stopped: 0.0000211 seconds, Stopping threads took: 0.0000042 seconds
2015-09-08T12:41:57.209+0200: 852.294: Total time for which application threads were stopped: 0.0000906 seconds, Stopping threads took: 0.0000224 seconds
2015-09-08T12:41:57.233+0200: 852.318: Total time for which application threads were stopped: 0.0001030 seconds, Stopping threads took: 0.0000234 seconds
2015-09-08T12:41:57.233+0200: 852.318: Total time for which application threads were stopped: 0.0000496 seconds, Stopping threads took: 0.0000163 seconds
2015-09-08T12:41:57.233+0200: 852.319: Total time for which application threads were stopped: 0.0000387 seconds, Stopping threads took: 0.0000154 seconds
2015-09-08T12:41:57.236+0200: 852.321: Total time for which application threads were stopped: 0.0000602 seconds, Stopping threads took: 0.0000112 seconds
2015-09-08T12:41:57.236+0200: 852.321: Total time for which application threads were stopped: 0.0000317 seconds, Stopping threads took: 0.0000064 seconds
2015-09-08T12:41:57.237+0200: 852.323: Total time for which application threads were stopped: 0.0000342 seconds, Stopping threads took: 0.0000080 seconds
2015-09-08T12:41:57.237+0200: 852.323: Total time for which application threads were stopped: 0.0000214 seconds, Stopping threads took: 0.0000045 seconds
2015-09-08T12:41:57.237+0200: 852.323: Total time for which application threads were stopped: 0.0000291 seconds, Stopping threads took: 0.0000061 seconds
2015-09-08T12:41:57.239+0200: 852.325: Total time for which application threads were stopped: 0.0000576 seconds, Stopping threads took: 0.0000147 seconds
2015-09-08T12:41:57.240+0200: 852.325: Total time for which application threads were stopped: 0.0000333 seconds, Stopping threads took: 0.0000080 seconds
2015-09-08T12:41:57.394+0200: 852.479: Total time for which application threads were stopped: 0.0000637 seconds, Stopping threads took: 0.0000131 seconds
2015-09-08T12:41:57.394+0200: 852.479: Total time for which application threads were stopped: 0.0000362 seconds, Stopping threads took: 0.0000074 seconds
2015-09-08T12:41:57.394+0200: 852.480: Total time for which application threads were stopped: 0.0000560 seconds, Stopping threads took: 0.0000173 seconds
{Heap before GC invocations=8 (full 1):
 par new generation   total 109248K, used 107390K [0x00000000e0000000, 0x00000000e8000000, 0x00000000e8000000)
  eden space 87424K, 100% used [0x00000000e0000000, 0x00000000e5560000, 0x00000000e5560000)
  from space 21824K,  91% used [0x00000000e5560000, 0x00000000e68df978, 0x00000000e6ab0000)
  to   space 21824K,   0% used [0x00000000e6ab0000, 0x00000000e6ab0000, 0x00000000e8000000)
 concurrent mark-sweep generation total 393216K, used 0K [0x00000000e8000000, 0x0000000100000000, 0x0000000100000000)
 Metaspace       used 28290K, capacity 28656K, committed 29208K, reserved 1075200K
  class space    used 3375K, capacity 3490K, committed 3608K, reserved 1048576K
2015-09-08T12:41:57.458+0200: 852.544: [GC (Allocation Failure) 852.544: [ParNew
Desired survivor size 20112992 bytes, new threshold 8 (max 8)
- age   1:    3763336 bytes,    3763336 total
- age   2:    6026680 bytes,    9790016 total
- age   3:     146856 bytes,    9936872 total
- age   4:     155968 bytes,   10092840 total
- age   5:     438792 bytes,   10531632 total
- age   6:     188432 bytes,   10720064 total
- age   7:     420168 bytes,   11140232 total
- age   8:    3371240 bytes,   14511472 total
: 107390K->20424K(109248K), 0.0211733 secs] 107390K->23083K(502464K), 0.0212370 secs] [Times: user=0.06 sys=0.00, real=0.02 secs] 
Heap after GC invocations=9 (full 1):
 par new generation   total 109248K, used 20424K [0x00000000e0000000, 0x00000000e8000000, 0x00000000e8000000)
  eden space 87424K,   0% used [0x00000000e0000000, 0x00000000e0000000, 0x00000000e5560000)
  from space 21824K,  93% used [0x00000000e6ab0000, 0x00000000e7ea2000, 0x00000000e8000000)
  to   space 21824K,   0% used [0x00000000e5560000, 0x00000000e5560000, 0x00000000e6ab0000)
 concurrent mark-sweep generation total 393216K, used 2659K [0x00000000e8000000, 0x0000000100000000, 0x0000000100000000)
 Metaspace       used 28290K, capacity 28656K, committed 29208K, reserved 1075200K
  class space    used 3375K, capacity 3490K, committed 3608K, reserved 1048576K
}
2015-09-08T12:41:57.480+0200: 852.565: Total time for which application threads were stopped: 0.0214066 seconds, Stopping threads took: 0.0000166 seconds
2015-09-08T12:41:57.480+0200: 852.566: Total time for which application threads were stopped: 0.0000717 seconds, Stopping threads took: 0.0000294 seconds
2015-09-08T12:41:57.480+0200: 852.566: Total time for which application threads were stopped: 0.0000678 seconds, Stopping threads took: 0.0000166 seconds
2015-09-08T12:41:57.481+0200: 852.566: Total time for which application threads were stopped: 0.0001216 seconds, Stopping threads took: 0.0000157 seconds
{Heap before GC invocations=9 (full 1):
 par new generation   total 109248K, used 107848K [0x00000000e0000000, 0x00000000e8000000, 0x00000000e8000000)
  eden space 87424K, 100% used [0x00000000e0000000, 0x00000000e5560000, 0x00000000e5560000)
  from space 21824K,  93% used [0x00000000e6ab0000, 0x00000000e7ea2000, 0x00000000e8000000)
  to   space 21824K,   0% used [0x00000000e5560000, 0x00000000e5560000, 0x00000000e6ab0000)
 concurrent mark-sweep generation total 393216K, used 2659K [0x00000000e8000000, 0x0000000100000000, 0x0000000100000000)
 Metaspace       used 28321K, capacity 28656K, committed 29208K, reserved 1075200K
  class space    used 3375K, capacity 3490K, committed 3608K, reserved 1048576K
2015-09-08T12:41:57.530+0200: 852.616: [GC (Allocation Failure) 852.616: [ParNew
Desired survivor size 20112992 bytes, new threshold 8 (max 8)
- age   1:     253648 bytes,     253648 total
- age   2:    2907176 bytes,    3160824 total
- age   3:    5946512 bytes,    9107336 total
- age   4:     138168 bytes,    9245504 total
- age   5:     149880 bytes,    9395384 total
- age   6:     432440 bytes,    9827824 total
- age   7:     180304 bytes,   10008128 total
- age   8:     409632 bytes,   10417760 total
: 107848K->13077K(109248K), 0.0107974 secs] 110507K->19204K(502464K), 0.0108463 secs] [Times: user=0.06 sys=0.00, real=0.01 secs] 
Heap after GC invocations=10 (full 1):
 par new generation   total 109248K, used 13077K [0x00000000e0000000, 0x00000000e8000000, 0x00000000e8000000)
  eden space 87424K,   0% used [0x00000000e0000000, 0x00000000e0000000, 0x00000000e5560000)
  from space 21824K,  59% used [0x00000000e5560000, 0x00000000e6225580, 0x00000000e6ab0000)
  to   space 21824K,   0% used [0x00000000e6ab0000, 0x00000000e6ab0000, 0x00000000e8000000)
 concurrent mark-sweep generation total 393216K, used 6126K [0x00000000e8000000, 0x0000000100000000, 0x0000000100000000)
 Metaspace       used 28321K, capacity 28656K, committed 29208K, reserved 1075200K
  class space    used 3375K, capacity 3490K, committed 3608K, reserved 1048576K
}
2015-09-08T12:41:57.541+0200: 852.627: Total time for which application threads were stopped: 0.0110150 seconds, Stopping threads took: 0.0000160 seconds
2015-09-08T12:41:57.543+0200: 852.629: Total time for which application threads were stopped: 0.0000938 seconds, Stopping threads took: 0.0000253 seconds
2015-09-08T12:41:57.621+0200: 852.706: Total time for which application threads were stopped: 0.0000928 seconds, Stopping threads took: 0.0000147 seconds
2015-09-08T12:41:57.647+0200: 852.733: Total time for which application threads were stopped: 0.0000886 seconds, Stopping threads took: 0.0000192 seconds
2015-09-08T12:41:57.658+0200: 852.744: Total time for which application threads were stopped: 0.0000886 seconds, Stopping threads took: 0.0000211 seconds
2015-09-08T12:41:57.658+0200: 852.744: Total time for which application threads were stopped: 0.0000525 seconds, Stopping threads took: 0.0000096 seconds
2015-09-08T12:41:57.658+0200: 852.744: Total time for which application threads were stopped: 0.0000371 seconds, Stopping threads took: 0.0000067 seconds
2015-09-08T12:41:57.659+0200: 852.744: Total time for which application threads were stopped: 0.0000339 seconds, Stopping threads took: 0.0000064 seconds
2015-09-08T12:41:57.669+0200: 852.754: Total time for which application threads were stopped: 0.0000752 seconds, Stopping threads took: 0.0000202 seconds
2015-09-08T12:42:16.671+0200: 871.755: Total time for which application threads were stopped: 0.0000694 seconds, Stopping threads took: 0.0000272 seconds
2015-09-08T12:42:58.129+0200: 913.214: Total time for which application threads were stopped: 0.0000589 seconds, Stopping threads took: 0.0000118 seconds
2015-09-08T12:42:58.129+0200: 913.214: Total time for which application threads were stopped: 0.0000352 seconds, Stopping threads took: 0.0000080 seconds
2015-09-08T12:42:58.129+0200: 913.214: Total time for which application threads were stopped: 0.0000262 seconds, Stopping threads took: 0.0000058 seconds
2015-09-08T12:42:58.135+0200: 913.219: Total time for which application threads were stopped: 0.0000522 seconds, Stopping threads took: 0.0000106 seconds
2015-09-08T12:42:58.135+0200: 913.219: Total time for which application threads were stopped: 0.0000237 seconds, Stopping threads took: 0.0000054 seconds
2015-09-08T12:42:58.135+0200: 913.219: Total time for which application threads were stopped: 0.0000419 seconds, Stopping threads took: 0.0000115 seconds
2015-09-08T12:42:58.135+0200: 913.219: Total time for which application threads were stopped: 0.0000365 seconds, Stopping threads took: 0.0000070 seconds
2015-09-08T12:42:58.135+0200: 913.220: Total time for which application threads were stopped: 0.0000224 seconds, Stopping threads took: 0.0000051 seconds
2015-09-08T12:42:58.135+0200: 913.220: Total time for which application threads were stopped: 0.0000342 seconds, Stopping threads took: 0.0000064 seconds
2015-09-08T12:42:58.135+0200: 913.220: Total time for which application threads were stopped: 0.0000214 seconds, Stopping threads took: 0.0000051 seconds
2015-09-08T12:42:58.135+0200: 913.220: Total time for which application threads were stopped: 0.0000288 seconds, Stopping threads took: 0.0000074 seconds
2015-09-08T12:42:58.135+0200: 913.220: Total time for which application threads were stopped: 0.0000205 seconds, Stopping threads took: 0.0000045 seconds
2015-09-08T12:42:58.135+0200: 913.220: Total time for which application threads were stopped: 0.0000259 seconds, Stopping threads took: 0.0000051 seconds
2015-09-08T12:42:58.135+0200: 913.220: Total time for which application threads were stopped: 0.0000205 seconds, Stopping threads took: 0.0000045 seconds
2015-09-08T12:42:58.135+0200: 913.220: Total time for which application threads were stopped: 0.0000246 seconds, Stopping threads took: 0.0000048 seconds
2015-09-08T12:42:58.135+0200: 913.220: Total time for which application threads were stopped: 0.0000205 seconds, Stopping threads took: 0.0000045 seconds
2015-09-08T12:42:58.135+0200: 913.220: Total time for which application threads were stopped: 0.0000205 seconds, Stopping threads took: 0.0000048 seconds
2015-09-08T12:42:58.135+0200: 913.220: Total time for which application threads were stopped: 0.0001760 seconds, Stopping threads took: 0.0000205 seconds
2015-09-08T12:42:58.136+0200: 913.220: Total time for which application threads were stopped: 0.0000502 seconds, Stopping threads took: 0.0000179 seconds
2015-09-08T12:42:58.144+0200: 913.229: Total time for which application threads were stopped: 0.0002979 seconds, Stopping threads took: 0.0000112 seconds
2015-09-08T12:42:58.144+0200: 913.229: Total time for which application threads were stopped: 0.0000435 seconds, Stopping threads took: 0.0000157 seconds
2015-09-08T12:42:58.147+0200: 913.232: Total time for which application threads were stopped: 0.0000733 seconds, Stopping threads took: 0.0000192 seconds
2015-09-08T12:42:58.147+0200: 913.232: Total time for which application threads were stopped: 0.0000573 seconds, Stopping threads took: 0.0000080 seconds
2015-09-08T12:42:58.195+0200: 913.279: Total time for which application threads were stopped: 0.0003651 seconds, Stopping threads took: 0.0000208 seconds
2015-09-08T12:42:58.204+0200: 913.289: Total time for which application threads were stopped: 0.0001411 seconds, Stopping threads took: 0.0000810 seconds
2015-09-08T12:42:58.208+0200: 913.293: Total time for which application threads were stopped: 0.0000438 seconds, Stopping threads took: 0.0000170 seconds
2015-09-08T12:42:58.208+0200: 913.293: Total time for which application threads were stopped: 0.0000387 seconds, Stopping threads took: 0.0000157 seconds
2015-09-08T12:42:58.214+0200: 913.299: Total time for which application threads were stopped: 0.0000701 seconds, Stopping threads took: 0.0000208 seconds
2015-09-08T12:42:58.226+0200: 913.310: Total time for which application threads were stopped: 0.0003456 seconds, Stopping threads took: 0.0000138 seconds
2015-09-08T12:42:58.228+0200: 913.312: Total time for which application threads were stopped: 0.0001830 seconds, Stopping threads took: 0.0000070 seconds
2015-09-08T12:42:58.231+0200: 913.315: Total time for which application threads were stopped: 0.0000688 seconds, Stopping threads took: 0.0000224 seconds
2015-09-08T12:42:58.232+0200: 913.317: Total time for which application threads were stopped: 0.0000358 seconds, Stopping threads took: 0.0000083 seconds
2015-09-08T12:42:58.234+0200: 913.318: Total time for which application threads were stopped: 0.0000435 seconds, Stopping threads took: 0.0000086 seconds
2015-09-08T12:42:58.235+0200: 913.319: Total time for which application threads were stopped: 0.0000390 seconds, Stopping threads took: 0.0000067 seconds
2015-09-08T12:42:58.236+0200: 913.321: Total time for which application threads were stopped: 0.0000550 seconds, Stopping threads took: 0.0000186 seconds
2015-09-08T12:42:58.237+0200: 913.322: Total time for which application threads were stopped: 0.0000573 seconds, Stopping threads took: 0.0000211 seconds
2015-09-08T12:42:58.238+0200: 913.323: Total time for which application threads were stopped: 0.0000378 seconds, Stopping threads took: 0.0000093 seconds
2015-09-08T12:42:58.239+0200: 913.324: Total time for which application threads were stopped: 0.0000995 seconds, Stopping threads took: 0.0000589 seconds
2015-09-08T12:42:58.241+0200: 913.325: Total time for which application threads were stopped: 0.0000822 seconds, Stopping threads took: 0.0000426 seconds
2015-09-08T12:42:58.242+0200: 913.326: Total time for which application threads were stopped: 0.0000698 seconds, Stopping threads took: 0.0000198 seconds
2015-09-08T12:42:58.242+0200: 913.327: Total time for which application threads were stopped: 0.0000483 seconds, Stopping threads took: 0.0000195 seconds
2015-09-08T12:42:58.243+0200: 913.328: Total time for which application threads were stopped: 0.0000429 seconds, Stopping threads took: 0.0000166 seconds
2015-09-08T12:42:58.244+0200: 913.329: Total time for which application threads were stopped: 0.0000349 seconds, Stopping threads took: 0.0000077 seconds
2015-09-08T12:42:58.246+0200: 913.330: Total time for which application threads were stopped: 0.0000819 seconds, Stopping threads took: 0.0000486 seconds
2015-09-08T12:42:58.247+0200: 913.331: Total time for which application threads were stopped: 0.0000714 seconds, Stopping threads took: 0.0000173 seconds
2015-09-08T12:42:58.248+0200: 913.332: Total time for which application threads were stopped: 0.0000336 seconds, Stopping threads took: 0.0000067 seconds
2015-09-08T12:42:58.248+0200: 913.333: Total time for which application threads were stopped: 0.0000326 seconds, Stopping threads took: 0.0000067 seconds
2015-09-08T12:42:58.249+0200: 913.334: Total time for which application threads were stopped: 0.0000336 seconds, Stopping threads took: 0.0000077 seconds
2015-09-08T12:42:58.250+0200: 913.335: Total time for which application threads were stopped: 0.0001395 seconds, Stopping threads took: 0.0000061 seconds
2015-09-08T12:42:58.328+0200: 913.413: Total time for which application threads were stopped: 0.0001232 seconds, Stopping threads took: 0.0000154 seconds
{Heap before GC invocations=10 (full 1):
 par new generation   total 109248K, used 100501K [0x00000000e0000000, 0x00000000e8000000, 0x00000000e8000000)
  eden space 87424K, 100% used [0x00000000e0000000, 0x00000000e5560000, 0x00000000e5560000)
  from space 21824K,  59% used [0x00000000e5560000, 0x00000000e6225580, 0x00000000e6ab0000)
  to   space 21824K,   0% used [0x00000000e6ab0000, 0x00000000e6ab0000, 0x00000000e8000000)
 concurrent mark-sweep generation total 393216K, used 6126K [0x00000000e8000000, 0x0000000100000000, 0x0000000100000000)
 Metaspace       used 29745K, capacity 30098K, committed 30616K, reserved 1077248K
  class space    used 3500K, capacity 3651K, committed 3736K, reserved 1048576K
2015-09-08T12:42:58.428+0200: 913.513: [GC (Allocation Failure) 913.513: [ParNew
Desired survivor size 20112992 bytes, new threshold 8 (max 8)
- age   1:    6874744 bytes,    6874744 total
- age   2:      82072 bytes,    6956816 total
- age   3:    2173904 bytes,    9130720 total
- age   4:    5941600 bytes,   15072320 total
- age   5:     137768 bytes,   15210088 total
- age   6:     149440 bytes,   15359528 total
- age   7:     432440 bytes,   15791968 total
- age   8:     180208 bytes,   15972176 total
: 100501K->21824K(109248K), 0.0096051 secs] 106628K->28357K(502464K), 0.0096719 secs] [Times: user=0.01 sys=0.00, real=0.01 secs] 
Heap after GC invocations=11 (full 1):
 par new generation   total 109248K, used 21824K [0x00000000e0000000, 0x00000000e8000000, 0x00000000e8000000)
  eden space 87424K,   0% used [0x00000000e0000000, 0x00000000e0000000, 0x00000000e5560000)
  from space 21824K, 100% used [0x00000000e6ab0000, 0x00000000e8000000, 0x00000000e8000000)
  to   space 21824K,   0% used [0x00000000e5560000, 0x00000000e5560000, 0x00000000e6ab0000)
 concurrent mark-sweep generation total 393216K, used 6533K [0x00000000e8000000, 0x0000000100000000, 0x0000000100000000)
 Metaspace       used 29745K, capacity 30098K, committed 30616K, reserved 1077248K
  class space    used 3500K, capacity 3651K, committed 3736K, reserved 1048576K
}
2015-09-08T12:42:58.438+0200: 913.523: Total time for which application threads were stopped: 0.0098764 seconds, Stopping threads took: 0.0000163 seconds
2015-09-08T12:42:58.439+0200: 913.523: Total time for which application threads were stopped: 0.0000787 seconds, Stopping threads took: 0.0000275 seconds
2015-09-08T12:42:58.439+0200: 913.523: Total time for which application threads were stopped: 0.0000566 seconds, Stopping threads took: 0.0000131 seconds
2015-09-08T12:42:58.439+0200: 913.523: Total time for which application threads were stopped: 0.0000512 seconds, Stopping threads took: 0.0000176 seconds
2015-09-08T12:42:58.439+0200: 913.523: Total time for which application threads were stopped: 0.0000422 seconds, Stopping threads took: 0.0000128 seconds
2015-09-08T12:42:58.439+0200: 913.524: Total time for which application threads were stopped: 0.0000384 seconds, Stopping threads took: 0.0000115 seconds
2015-09-08T12:42:58.439+0200: 913.524: Total time for which application threads were stopped: 0.0000358 seconds, Stopping threads took: 0.0000112 seconds
2015-09-08T12:42:58.439+0200: 913.524: Total time for which application threads were stopped: 0.0000787 seconds, Stopping threads took: 0.0000534 seconds
2015-09-08T12:42:58.439+0200: 913.524: Total time for which application threads were stopped: 0.0000314 seconds, Stopping threads took: 0.0000083 seconds
2015-09-08T12:42:58.439+0200: 913.524: Total time for which application threads were stopped: 0.0000346 seconds, Stopping threads took: 0.0000128 seconds
2015-09-08T12:42:58.439+0200: 913.524: Total time for which application threads were stopped: 0.0000416 seconds, Stopping threads took: 0.0000122 seconds
2015-09-08T12:42:58.439+0200: 913.524: Total time for which application threads were stopped: 0.0000365 seconds, Stopping threads took: 0.0000128 seconds
2015-09-08T12:42:58.439+0200: 913.524: Total time for which application threads were stopped: 0.0000320 seconds, Stopping threads took: 0.0000096 seconds
2015-09-08T12:42:58.439+0200: 913.524: Total time for which application threads were stopped: 0.0000304 seconds, Stopping threads took: 0.0000093 seconds
2015-09-08T12:42:58.439+0200: 913.524: Total time for which application threads were stopped: 0.0000326 seconds, Stopping threads took: 0.0000115 seconds
2015-09-08T12:42:58.439+0200: 913.524: Total time for which application threads were stopped: 0.0000330 seconds, Stopping threads took: 0.0000112 seconds
2015-09-08T12:42:58.439+0200: 913.524: Total time for which application threads were stopped: 0.0000323 seconds, Stopping threads took: 0.0000112 seconds
2015-09-08T12:42:58.440+0200: 913.524: Total time for which application threads were stopped: 0.0001158 seconds, Stopping threads took: 0.0000157 seconds
{Heap before GC invocations=11 (full 1):
 par new generation   total 109248K, used 109248K [0x00000000e0000000, 0x00000000e8000000, 0x00000000e8000000)
  eden space 87424K, 100% used [0x00000000e0000000, 0x00000000e5560000, 0x00000000e5560000)
  from space 21824K, 100% used [0x00000000e6ab0000, 0x00000000e8000000, 0x00000000e8000000)
  to   space 21824K,   0% used [0x00000000e5560000, 0x00000000e5560000, 0x00000000e6ab0000)
 concurrent mark-sweep generation total 393216K, used 6533K [0x00000000e8000000, 0x0000000100000000, 0x0000000100000000)
 Metaspace       used 29928K, capacity 30290K, committed 30616K, reserved 1077248K
  class space    used 3500K, capacity 3651K, committed 3736K, reserved 1048576K
2015-09-08T12:42:58.843+0200: 913.928: [GC (Allocation Failure) 913.928: [ParNew
Desired survivor size 20112992 bytes, new threshold 8 (max 8)
- age   1:    4151984 bytes,    4151984 total
- age   2:    5775816 bytes,    9927800 total
- age   3:      82072 bytes,   10009872 total
- age   4:    2173608 bytes,   12183480 total
- age   5:    5941520 bytes,   18125000 total
- age   6:     137768 bytes,   18262768 total
- age   7:     149440 bytes,   18412208 total
- age   8:     432440 bytes,   18844648 total
: 109248K->21824K(109248K), 0.0083660 secs] 115781K->28538K(502464K), 0.0083999 secs] [Times: user=0.06 sys=0.00, real=0.01 secs] 
Heap after GC invocations=12 (full 1):
 par new generation   total 109248K, used 21824K [0x00000000e0000000, 0x00000000e8000000, 0x00000000e8000000)
  eden space 87424K,   0% used [0x00000000e0000000, 0x00000000e0000000, 0x00000000e5560000)
  from space 21824K, 100% used [0x00000000e5560000, 0x00000000e6ab0000, 0x00000000e6ab0000)
  to   space 21824K,   0% used [0x00000000e6ab0000, 0x00000000e6ab0000, 0x00000000e8000000)
 concurrent mark-sweep generation total 393216K, used 6714K [0x00000000e8000000, 0x0000000100000000, 0x0000000100000000)
 Metaspace       used 29928K, capacity 30290K, committed 30616K, reserved 1077248K
  class space    used 3500K, capacity 3651K, committed 3736K, reserved 1048576K
}
2015-09-08T12:42:58.851+0200: 913.936: Total time for which application threads were stopped: 0.0086783 seconds, Stopping threads took: 0.0000166 seconds
{Heap before GC invocations=12 (full 1):
 par new generation   total 109248K, used 109248K [0x00000000e0000000, 0x00000000e8000000, 0x00000000e8000000)
  eden space 87424K, 100% used [0x00000000e0000000, 0x00000000e5560000, 0x00000000e5560000)
  from space 21824K, 100% used [0x00000000e5560000, 0x00000000e6ab0000, 0x00000000e6ab0000)
  to   space 21824K,   0% used [0x00000000e6ab0000, 0x00000000e6ab0000, 0x00000000e8000000)
 concurrent mark-sweep generation total 393216K, used 6714K [0x00000000e8000000, 0x0000000100000000, 0x0000000100000000)
 Metaspace       used 29933K, capacity 30290K, committed 30616K, reserved 1077248K
  class space    used 3500K, capacity 3651K, committed 3736K, reserved 1048576K
2015-09-08T12:42:59.186+0200: 914.271: [GC (Allocation Failure) 914.271: [ParNew
Desired survivor size 20112992 bytes, new threshold 6 (max 8)
- age   1:    3975448 bytes,    3975448 total
- age   2:    2573632 bytes,    6549080 total
- age   3:    5711064 bytes,   12260144 total
- age   4:      82072 bytes,   12342216 total
- age   5:    2173608 bytes,   14515824 total
- age   6:    5941568 bytes,   20457392 total
- age   7:     137768 bytes,   20595160 total
- age   8:     149440 bytes,   20744600 total
: 109248K->21824K(109248K), 0.0118754 secs] 115962K->30343K(502464K), 0.0119718 secs] [Times: user=0.06 sys=0.00, real=0.01 secs] 
Heap after GC invocations=13 (full 1):
 par new generation   total 109248K, used 21824K [0x00000000e0000000, 0x00000000e8000000, 0x00000000e8000000)
  eden space 87424K,   0% used [0x00000000e0000000, 0x00000000e0000000, 0x00000000e5560000)
  from space 21824K, 100% used [0x00000000e6ab0000, 0x00000000e8000000, 0x00000000e8000000)
  to   space 21824K,   0% used [0x00000000e5560000, 0x00000000e5560000, 0x00000000e6ab0000)
 concurrent mark-sweep generation total 393216K, used 8519K [0x00000000e8000000, 0x0000000100000000, 0x0000000100000000)
 Metaspace       used 29933K, capacity 30290K, committed 30616K, reserved 1077248K
  class space    used 3500K, capacity 3651K, committed 3736K, reserved 1048576K
}
2015-09-08T12:42:59.198+0200: 914.283: Total time for which application threads were stopped: 0.0121702 seconds, Stopping threads took: 0.0000176 seconds
{Heap before GC invocations=13 (full 1):
 par new generation   total 109248K, used 109248K [0x00000000e0000000, 0x00000000e8000000, 0x00000000e8000000)
  eden space 87424K, 100% used [0x00000000e0000000, 0x00000000e5560000, 0x00000000e5560000)
  from space 21824K, 100% used [0x00000000e6ab0000, 0x00000000e8000000, 0x00000000e8000000)
  to   space 21824K,   0% used [0x00000000e5560000, 0x00000000e5560000, 0x00000000e6ab0000)
 concurrent mark-sweep generation total 393216K, used 8519K [0x00000000e8000000, 0x0000000100000000, 0x0000000100000000)
 Metaspace       used 29937K, capacity 30290K, committed 30616K, reserved 1077248K
  class space    used 3501K, capacity 3651K, committed 3736K, reserved 1048576K
2015-09-08T12:42:59.501+0200: 914.586: [GC (Allocation Failure) 914.586: [ParNew
Desired survivor size 20112992 bytes, new threshold 8 (max 8)
- age   1:    5280096 bytes,    5280096 total
- age   2:    3278280 bytes,    8558376 total
- age   3:    2457016 bytes,   11015392 total
- age   4:    5523896 bytes,   16539288 total
- age   5:      81760 bytes,   16621048 total
- age   6:    1654328 bytes,   18275376 total
: 109248K->21824K(109248K), 0.0212511 secs] 117767K->38514K(502464K), 0.0213100 secs] [Times: user=0.06 sys=0.00, real=0.02 secs] 
Heap after GC invocations=14 (full 1):
 par new generation   total 109248K, used 21824K [0x00000000e0000000, 0x00000000e8000000, 0x00000000e8000000)
  eden space 87424K,   0% used [0x00000000e0000000, 0x00000000e0000000, 0x00000000e5560000)
  from space 21824K, 100% used [0x00000000e5560000, 0x00000000e6ab0000, 0x00000000e6ab0000)
  to   space 21824K,   0% used [0x00000000e6ab0000, 0x00000000e6ab0000, 0x00000000e8000000)
 concurrent mark-sweep generation total 393216K, used 16690K [0x00000000e8000000, 0x0000000100000000, 0x0000000100000000)
 Metaspace       used 29937K, capacity 30290K, committed 30616K, reserved 1077248K
  class space    used 3501K, capacity 3651K, committed 3736K, reserved 1048576K
}
2015-09-08T12:42:59.522+0200: 914.607: Total time for which application threads were stopped: 0.0214802 seconds, Stopping threads took: 0.0000157 seconds
{Heap before GC invocations=14 (full 1):
 par new generation   total 109248K, used 109248K [0x00000000e0000000, 0x00000000e8000000, 0x00000000e8000000)
  eden space 87424K, 100% used [0x00000000e0000000, 0x00000000e5560000, 0x00000000e5560000)
  from space 21824K, 100% used [0x00000000e5560000, 0x00000000e6ab0000, 0x00000000e6ab0000)
  to   space 21824K,   0% used [0x00000000e6ab0000, 0x00000000e6ab0000, 0x00000000e8000000)
 concurrent mark-sweep generation total 393216K, used 16690K [0x00000000e8000000, 0x0000000100000000, 0x0000000100000000)
 Metaspace       used 29942K, capacity 30290K, committed 30616K, reserved 1077248K
  class space    used 3501K, capacity 3651K, committed 3736K, reserved 1048576K
2015-09-08T12:42:59.827+0200: 914.912: [GC (Allocation Failure) 914.912: [ParNew
Desired survivor size 20112992 bytes, new threshold 8 (max 8)
- age   1:    5727752 bytes,    5727752 total
- age   2:    2200456 bytes,    7928208 total
- age   3:    2304672 bytes,   10232880 total
- age   4:    2212952 bytes,   12445832 total
- age   5:    5190432 bytes,   17636264 total
- age   6:      81760 bytes,   17718024 total
- age   7:    1654328 bytes,   19372352 total
: 109248K->21824K(109248K), 0.0080320 secs] 125938K->41401K(502464K), 0.0080784 secs] [Times: user=0.00 sys=0.00, real=0.01 secs] 
Heap after GC invocations=15 (full 1):
 par new generation   total 109248K, used 21824K [0x00000000e0000000, 0x00000000e8000000, 0x00000000e8000000)
  eden space 87424K,   0% used [0x00000000e0000000, 0x00000000e0000000, 0x00000000e5560000)
  from space 21824K, 100% used [0x00000000e6ab0000, 0x00000000e8000000, 0x00000000e8000000)
  to   space 21824K,   0% used [0x00000000e5560000, 0x00000000e5560000, 0x00000000e6ab0000)
 concurrent mark-sweep generation total 393216K, used 19577K [0x00000000e8000000, 0x0000000100000000, 0x0000000100000000)
 Metaspace       used 29942K, capacity 30290K, committed 30616K, reserved 1077248K
  class space    used 3501K, capacity 3651K, committed 3736K, reserved 1048576K
}
2015-09-08T12:42:59.835+0200: 914.920: Total time for which application threads were stopped: 0.0082339 seconds, Stopping threads took: 0.0000154 seconds
{Heap before GC invocations=15 (full 1):
 par new generation   total 109248K, used 109248K [0x00000000e0000000, 0x00000000e8000000, 0x00000000e8000000)
  eden space 87424K, 100% used [0x00000000e0000000, 0x00000000e5560000, 0x00000000e5560000)
  from space 21824K, 100% used [0x00000000e6ab0000, 0x00000000e8000000, 0x00000000e8000000)
  to   space 21824K,   0% used [0x00000000e5560000, 0x00000000e5560000, 0x00000000e6ab0000)
 concurrent mark-sweep generation total 393216K, used 19577K [0x00000000e8000000, 0x0000000100000000, 0x0000000100000000)
 Metaspace       used 29945K, capacity 30290K, committed 30616K, reserved 1077248K
  class space    used 3501K, capacity 3651K, committed 3736K, reserved 1048576K
2015-09-08T12:43:00.134+0200: 915.219: [GC (Allocation Failure) 915.219: [ParNew
Desired survivor size 20112992 bytes, new threshold 8 (max 8)
- age   1:    3358712 bytes,    3358712 total
- age   2:    1266192 bytes,    4624904 total
- age   3:    1958568 bytes,    6583472 total
- age   4:    2243920 bytes,    8827392 total
- age   5:    2167504 bytes,   10994896 total
- age   6:    5022344 bytes,   16017240 total
- age   7:      81760 bytes,   16099000 total
- age   8:    1654328 bytes,   17753328 total
: 109248K->21824K(109248K), 0.0090479 secs] 128825K->46536K(502464K), 0.0090956 secs] [Times: user=0.06 sys=0.00, real=0.01 secs] 
Heap after GC invocations=16 (full 1):
 par new generation   total 109248K, used 21824K [0x00000000e0000000, 0x00000000e8000000, 0x00000000e8000000)
  eden space 87424K,   0% used [0x00000000e0000000, 0x00000000e0000000, 0x00000000e5560000)
  from space 21824K, 100% used [0x00000000e5560000, 0x00000000e6ab0000, 0x00000000e6ab0000)
  to   space 21824K,   0% used [0x00000000e6ab0000, 0x00000000e6ab0000, 0x00000000e8000000)
 concurrent mark-sweep generation total 393216K, used 24712K [0x00000000e8000000, 0x0000000100000000, 0x0000000100000000)
 Metaspace       used 29945K, capacity 30290K, committed 30616K, reserved 1077248K
  class space    used 3501K, capacity 3651K, committed 3736K, reserved 1048576K
}
2015-09-08T12:43:00.144+0200: 915.228: Total time for which application threads were stopped: 0.0092422 seconds, Stopping threads took: 0.0000131 seconds
{Heap before GC invocations=16 (full 1):
 par new generation   total 109248K, used 109248K [0x00000000e0000000, 0x00000000e8000000, 0x00000000e8000000)
  eden space 87424K, 100% used [0x00000000e0000000, 0x00000000e5560000, 0x00000000e5560000)
  from space 21824K, 100% used [0x00000000e5560000, 0x00000000e6ab0000, 0x00000000e6ab0000)
  to   space 21824K,   0% used [0x00000000e6ab0000, 0x00000000e6ab0000, 0x00000000e8000000)
 concurrent mark-sweep generation total 393216K, used 24712K [0x00000000e8000000, 0x0000000100000000, 0x0000000100000000)
 Metaspace       used 29945K, capacity 30290K, committed 30616K, reserved 1077248K
  class space    used 3501K, capacity 3651K, committed 3736K, reserved 1048576K
2015-09-08T12:43:00.428+0200: 915.513: [GC (Allocation Failure) 915.513: [ParNew
Desired survivor size 20112992 bytes, new threshold 8 (max 8)
- age   1:    5411536 bytes,    5411536 total
- age   2:    2338288 bytes,    7749824 total
- age   3:     801952 bytes,    8551776 total
- age   4:    1541200 bytes,   10092976 total
- age   5:    1821704 bytes,   11914680 total
- age   6:    1994768 bytes,   13909448 total
- age   7:    4521184 bytes,   18430632 total
- age   8:      77664 bytes,   18508296 total
: 109248K->21824K(109248K), 0.0107331 secs] 133960K->52085K(502464K), 0.0107903 secs] [Times: user=0.06 sys=0.00, real=0.01 secs] 
Heap after GC invocations=17 (full 1):
 par new generation   total 109248K, used 21824K [0x00000000e0000000, 0x00000000e8000000, 0x00000000e8000000)
  eden space 87424K,   0% used [0x00000000e0000000, 0x00000000e0000000, 0x00000000e5560000)
  from space 21824K, 100% used [0x00000000e6ab0000, 0x00000000e8000000, 0x00000000e8000000)
  to   space 21824K,   0% used [0x00000000e5560000, 0x00000000e5560000, 0x00000000e6ab0000)
 concurrent mark-sweep generation total 393216K, used 30261K [0x00000000e8000000, 0x0000000100000000, 0x0000000100000000)
 Metaspace       used 29945K, capacity 30290K, committed 30616K, reserved 1077248K
  class space    used 3501K, capacity 3651K, committed 3736K, reserved 1048576K
}
2015-09-08T12:43:00.439+0200: 915.524: Total time for which application threads were stopped: 0.0109315 seconds, Stopping threads took: 0.0000138 seconds
{Heap before GC invocations=17 (full 1):
 par new generation   total 109248K, used 109248K [0x00000000e0000000, 0x00000000e8000000, 0x00000000e8000000)
  eden space 87424K, 100% used [0x00000000e0000000, 0x00000000e5560000, 0x00000000e5560000)
  from space 21824K, 100% used [0x00000000e6ab0000, 0x00000000e8000000, 0x00000000e8000000)
  to   space 21824K,   0% used [0x00000000e5560000, 0x00000000e5560000, 0x00000000e6ab0000)
 concurrent mark-sweep generation total 393216K, used 30261K [0x00000000e8000000, 0x0000000100000000, 0x0000000100000000)
 Metaspace       used 29946K, capacity 30290K, committed 30616K, reserved 1077248K
  class space    used 3501K, capacity 3651K, committed 3736K, reserved 1048576K
2015-09-08T12:43:00.721+0200: 915.806: [GC (Allocation Failure) 915.806: [ParNew
Desired survivor size 20112992 bytes, new threshold 8 (max 8)
- age   1:    8017432 bytes,    8017432 total
- age   2:    2027088 bytes,   10044520 total
- age   3:    2096080 bytes,   12140600 total
- age   4:     704376 bytes,   12844976 total
- age   5:    1446688 bytes,   14291664 total
- age   6:    1745744 bytes,   16037408 total
- age   7:    1922608 bytes,   17960016 total
- age   8:    3815992 bytes,   21776008 total
: 109248K->21824K(109248K), 0.0096211 secs] 139509K->53910K(502464K), 0.0096678 secs] [Times: user=0.00 sys=0.00, real=0.01 secs] 
Heap after GC invocations=18 (full 1):
 par new generation   total 109248K, used 21824K [0x00000000e0000000, 0x00000000e8000000, 0x00000000e8000000)
  eden space 87424K,   0% used [0x00000000e0000000, 0x00000000e0000000, 0x00000000e5560000)
  from space 21824K, 100% used [0x00000000e5560000, 0x00000000e6ab0000, 0x00000000e6ab0000)
  to   space 21824K,   0% used [0x00000000e6ab0000, 0x00000000e6ab0000, 0x00000000e8000000)
 concurrent mark-sweep generation total 393216K, used 32086K [0x00000000e8000000, 0x0000000100000000, 0x0000000100000000)
 Metaspace       used 29946K, capacity 30290K, committed 30616K, reserved 1077248K
  class space    used 3501K, capacity 3651K, committed 3736K, reserved 1048576K
}
2015-09-08T12:43:00.730+0200: 915.815: Total time for which application threads were stopped: 0.0098153 seconds, Stopping threads took: 0.0000141 seconds
{Heap before GC invocations=18 (full 1):
 par new generation   total 109248K, used 109248K [0x00000000e0000000, 0x00000000e8000000, 0x00000000e8000000)
  eden space 87424K, 100% used [0x00000000e0000000, 0x00000000e5560000, 0x00000000e5560000)
  from space 21824K, 100% used [0x00000000e5560000, 0x00000000e6ab0000, 0x00000000e6ab0000)
  to   space 21824K,   0% used [0x00000000e6ab0000, 0x00000000e6ab0000, 0x00000000e8000000)
 concurrent mark-sweep generation total 393216K, used 32086K [0x00000000e8000000, 0x0000000100000000, 0x0000000100000000)
 Metaspace       used 29948K, capacity 30290K, committed 30616K, reserved 1077248K
  class space    used 3501K, capacity 3651K, committed 3736K, reserved 1048576K
2015-09-08T12:43:01.017+0200: 916.102: [GC (Allocation Failure) 916.102: [ParNew
Desired survivor size 20112992 bytes, new threshold 8 (max 8)
- age   1:    6144936 bytes,    6144936 total
- age   2:    2426176 bytes,    8571112 total
- age   3:    1752904 bytes,   10324016 total
- age   4:    1832800 bytes,   12156816 total
- age   5:     587064 bytes,   12743880 total
- age   6:    1392352 bytes,   14136232 total
- age   7:    1685848 bytes,   15822080 total
- age   8:    1866480 bytes,   17688560 total
: 109248K->21824K(109248K), 0.0115446 secs] 141334K->61073K(502464K), 0.0115935 secs] [Times: user=0.00 sys=0.01, real=0.01 secs] 
Heap after GC invocations=19 (full 1):
 par new generation   total 109248K, used 21824K [0x00000000e0000000, 0x00000000e8000000, 0x00000000e8000000)
  eden space 87424K,   0% used [0x00000000e0000000, 0x00000000e0000000, 0x00000000e5560000)
  from space 21824K, 100% used [0x00000000e6ab0000, 0x00000000e8000000, 0x00000000e8000000)
  to   space 21824K,   0% used [0x00000000e5560000, 0x00000000e5560000, 0x00000000e6ab0000)
 concurrent mark-sweep generation total 393216K, used 39249K [0x00000000e8000000, 0x0000000100000000, 0x0000000100000000)
 Metaspace       used 29948K, capacity 30290K, committed 30616K, reserved 1077248K
  class space    used 3501K, capacity 3651K, committed 3736K, reserved 1048576K
}
2015-09-08T12:43:01.029+0200: 916.113: Total time for which application threads were stopped: 0.0117414 seconds, Stopping threads took: 0.0000141 seconds
{Heap before GC invocations=19 (full 1):
 par new generation   total 109248K, used 109248K [0x00000000e0000000, 0x00000000e8000000, 0x00000000e8000000)
  eden space 87424K, 100% used [0x00000000e0000000, 0x00000000e5560000, 0x00000000e5560000)
  from space 21824K, 100% used [0x00000000e6ab0000, 0x00000000e8000000, 0x00000000e8000000)
  to   space 21824K,   0% used [0x00000000e5560000, 0x00000000e5560000, 0x00000000e6ab0000)
 concurrent mark-sweep generation total 393216K, used 39249K [0x00000000e8000000, 0x0000000100000000, 0x0000000100000000)
 Metaspace       used 29953K, capacity 30290K, committed 30616K, reserved 1077248K
  class space    used 3501K, capacity 3651K, committed 3736K, reserved 1048576K
2015-09-08T12:43:01.316+0200: 916.401: [GC (Allocation Failure) 916.401: [ParNew
Desired survivor size 20112992 bytes, new threshold 8 (max 8)
- age   1:   10118384 bytes,   10118384 total
- age   2:    1239048 bytes,   11357432 total
- age   3:    1585040 bytes,   12942472 total
- age   4:    1175872 bytes,   14118344 total
- age   5:     666152 bytes,   14784496 total
- age   6:     537416 bytes,   15321912 total
- age   7:    1340736 bytes,   16662648 total
- age   8:    1668776 bytes,   18331424 total
: 109248K->21824K(109248K), 0.0097145 secs] 148497K->66699K(502464K), 0.0097596 secs] [Times: user=0.00 sys=0.00, real=0.01 secs] 
Heap after GC invocations=20 (full 1):
 par new generation   total 109248K, used 21824K [0x00000000e0000000, 0x00000000e8000000, 0x00000000e8000000)
  eden space 87424K,   0% used [0x00000000e0000000, 0x00000000e0000000, 0x00000000e5560000)
  from space 21824K, 100% used [0x00000000e5560000, 0x00000000e6ab0000, 0x00000000e6ab0000)
  to   space 21824K,   0% used [0x00000000e6ab0000, 0x00000000e6ab0000, 0x00000000e8000000)
 concurrent mark-sweep generation total 393216K, used 44875K [0x00000000e8000000, 0x0000000100000000, 0x0000000100000000)
 Metaspace       used 29953K, capacity 30290K, committed 30616K, reserved 1077248K
  class space    used 3501K, capacity 3651K, committed 3736K, reserved 1048576K
}
2015-09-08T12:43:01.326+0200: 916.411: Total time for which application threads were stopped: 0.0099151 seconds, Stopping threads took: 0.0000246 seconds
{Heap before GC invocations=20 (full 1):
 par new generation   total 109248K, used 109248K [0x00000000e0000000, 0x00000000e8000000, 0x00000000e8000000)
  eden space 87424K, 100% used [0x00000000e0000000, 0x00000000e5560000, 0x00000000e5560000)
  from space 21824K, 100% used [0x00000000e5560000, 0x00000000e6ab0000, 0x00000000e6ab0000)
  to   space 21824K,   0% used [0x00000000e6ab0000, 0x00000000e6ab0000, 0x00000000e8000000)
 concurrent mark-sweep generation total 393216K, used 44875K [0x00000000e8000000, 0x0000000100000000, 0x0000000100000000)
 Metaspace       used 29954K, capacity 30290K, committed 30616K, reserved 1077248K
  class space    used 3501K, capacity 3651K, committed 3736K, reserved 1048576K
2015-09-08T12:43:01.606+0200: 916.691: [GC (Allocation Failure) 916.691: [ParNew
Desired survivor size 20112992 bytes, new threshold 8 (max 8)
- age   1:    9829000 bytes,    9829000 total
- age   2:    3753480 bytes,   13582480 total
- age   3:    1180496 bytes,   14762976 total
- age   4:    1543856 bytes,   16306832 total
- age   5:    1142680 bytes,   17449512 total
- age   6:     504616 bytes,   17954128 total
- age   7:     506920 bytes,   18461048 total
- age   8:    1328608 bytes,   19789656 total
: 109248K->21824K(109248K), 0.0090073 secs] 154123K->69170K(502464K), 0.0090553 secs] [Times: user=0.00 sys=0.00, real=0.01 secs] 
Heap after GC invocations=21 (full 1):
 par new generation   total 109248K, used 21824K [0x00000000e0000000, 0x00000000e8000000, 0x00000000e8000000)
  eden space 87424K,   0% used [0x00000000e0000000, 0x00000000e0000000, 0x00000000e5560000)
  from space 21824K, 100% used [0x00000000e6ab0000, 0x00000000e8000000, 0x00000000e8000000)
  to   space 21824K,   0% used [0x00000000e5560000, 0x00000000e5560000, 0x00000000e6ab0000)
 concurrent mark-sweep generation total 393216K, used 47346K [0x00000000e8000000, 0x0000000100000000, 0x0000000100000000)
 Metaspace       used 29954K, capacity 30290K, committed 30616K, reserved 1077248K
  class space    used 3501K, capacity 3651K, committed 3736K, reserved 1048576K
}
2015-09-08T12:43:01.615+0200: 916.700: Total time for which application threads were stopped: 0.0091951 seconds, Stopping threads took: 0.0000138 seconds
{Heap before GC invocations=21 (full 1):
 par new generation   total 109248K, used 109248K [0x00000000e0000000, 0x00000000e8000000, 0x00000000e8000000)
  eden space 87424K, 100% used [0x00000000e0000000, 0x00000000e5560000, 0x00000000e5560000)
  from space 21824K, 100% used [0x00000000e6ab0000, 0x00000000e8000000, 0x00000000e8000000)
  to   space 21824K,   0% used [0x00000000e5560000, 0x00000000e5560000, 0x00000000e6ab0000)
 concurrent mark-sweep generation total 393216K, used 47346K [0x00000000e8000000, 0x0000000100000000, 0x0000000100000000)
 Metaspace       used 29954K, capacity 30290K, committed 30616K, reserved 1077248K
  class space    used 3501K, capacity 3651K, committed 3736K, reserved 1048576K
2015-09-08T12:43:01.914+0200: 916.999: [GC (Allocation Failure) 916.999: [ParNew
Desired survivor size 20112992 bytes, new threshold 8 (max 8)
- age   1:    1646992 bytes,    1646992 total
- age   2:    9330344 bytes,   10977336 total
- age   3:    3687408 bytes,   14664744 total
- age   4:    1122928 bytes,   15787672 total
- age   5:    1507072 bytes,   17294744 total
- age   6:    1107824 bytes,   18402568 total
- age   7:     476232 bytes,   18878800 total
- age   8:     479880 bytes,   19358680 total
: 109248K->21824K(109248K), 0.0097116 secs] 156594K->72332K(502464K), 0.0097609 secs] [Times: user=0.06 sys=0.00, real=0.01 secs] 
Heap after GC invocations=22 (full 1):
 par new generation   total 109248K, used 21824K [0x00000000e0000000, 0x00000000e8000000, 0x00000000e8000000)
  eden space 87424K,   0% used [0x00000000e0000000, 0x00000000e0000000, 0x00000000e5560000)
  from space 21824K, 100% used [0x00000000e5560000, 0x00000000e6ab0000, 0x00000000e6ab0000)
  to   space 21824K,   0% used [0x00000000e6ab0000, 0x00000000e6ab0000, 0x00000000e8000000)
 concurrent mark-sweep generation total 393216K, used 50508K [0x00000000e8000000, 0x0000000100000000, 0x0000000100000000)
 Metaspace       used 29954K, capacity 30290K, committed 30616K, reserved 1077248K
  class space    used 3501K, capacity 3651K, committed 3736K, reserved 1048576K
}
2015-09-08T12:43:01.924+0200: 917.009: Total time for which application threads were stopped: 0.0099081 seconds, Stopping threads took: 0.0000141 seconds
{Heap before GC invocations=22 (full 1):
 par new generation   total 109248K, used 109248K [0x00000000e0000000, 0x00000000e8000000, 0x00000000e8000000)
  eden space 87424K, 100% used [0x00000000e0000000, 0x00000000e5560000, 0x00000000e5560000)
  from space 21824K, 100% used [0x00000000e5560000, 0x00000000e6ab0000, 0x00000000e6ab0000)
  to   space 21824K,   0% used [0x00000000e6ab0000, 0x00000000e6ab0000, 0x00000000e8000000)
 concurrent mark-sweep generation total 393216K, used 50508K [0x00000000e8000000, 0x0000000100000000, 0x0000000100000000)
 Metaspace       used 29956K, capacity 30290K, committed 30616K, reserved 1077248K
  class space    used 3501K, capacity 3651K, committed 3736K, reserved 1048576K
2015-09-08T12:43:02.204+0200: 917.289: [GC (Allocation Failure) 917.289: [ParNew
Desired survivor size 20112992 bytes, new threshold 8 (max 8)
- age   1:    9191096 bytes,    9191096 total
- age   2:    1354736 bytes,   10545832 total
- age   3:    1687384 bytes,   12233216 total
- age   4:    3600016 bytes,   15833232 total
- age   5:    1058216 bytes,   16891448 total
- age   6:    1378496 bytes,   18269944 total
- age   7:     480656 bytes,   18750600 total
- age   8:     449400 bytes,   19200000 total
: 109248K->21824K(109248K), 0.0090118 secs] 159756K->75805K(502464K), 0.0090575 secs] [Times: user=0.03 sys=0.02, real=0.01 secs] 
Heap after GC invocations=23 (full 1):
 par new generation   total 109248K, used 21824K [0x00000000e0000000, 0x00000000e8000000, 0x00000000e8000000)
  eden space 87424K,   0% used [0x00000000e0000000, 0x00000000e0000000, 0x00000000e5560000)
  from space 21824K, 100% used [0x00000000e6ab0000, 0x00000000e8000000, 0x00000000e8000000)
  to   space 21824K,   0% used [0x00000000e5560000, 0x00000000e5560000, 0x00000000e6ab0000)
 concurrent mark-sweep generation total 393216K, used 53981K [0x00000000e8000000, 0x0000000100000000, 0x0000000100000000)
 Metaspace       used 29956K, capacity 30290K, committed 30616K, reserved 1077248K
  class space    used 3501K, capacity 3651K, committed 3736K, reserved 1048576K
}
2015-09-08T12:43:02.213+0200: 917.298: Total time for which application threads were stopped: 0.0091980 seconds, Stopping threads took: 0.0000134 seconds
{Heap before GC invocations=23 (full 1):
 par new generation   total 109248K, used 109248K [0x00000000e0000000, 0x00000000e8000000, 0x00000000e8000000)
  eden space 87424K, 100% used [0x00000000e0000000, 0x00000000e5560000, 0x00000000e5560000)
  from space 21824K, 100% used [0x00000000e6ab0000, 0x00000000e8000000, 0x00000000e8000000)
  to   space 21824K,   0% used [0x00000000e5560000, 0x00000000e5560000, 0x00000000e6ab0000)
 concurrent mark-sweep generation total 393216K, used 53981K [0x00000000e8000000, 0x0000000100000000, 0x0000000100000000)
 Metaspace       used 29956K, capacity 30290K, committed 30616K, reserved 1077248K
  class space    used 3501K, capacity 3651K, committed 3736K, reserved 1048576K
2015-09-08T12:43:02.507+0200: 917.592: [GC (Allocation Failure) 917.592: [ParNew
Desired survivor size 20112992 bytes, new threshold 8 (max 8)
- age   1:    6891776 bytes,    6891776 total
- age   2:    6600248 bytes,   13492024 total
- age   3:    1124360 bytes,   14616384 total
- age   4:    1607808 bytes,   16224192 total
- age   5:    1429192 bytes,   17653384 total
- age   6:    1002400 bytes,   18655784 total
- age   7:     809016 bytes,   19464800 total
- age   8:     442472 bytes,   19907272 total
: 109248K->21824K(109248K), 0.0090361 secs] 163229K->78904K(502464K), 0.0090847 secs] [Times: user=0.06 sys=0.00, real=0.01 secs] 
Heap after GC invocations=24 (full 1):
 par new generation   total 109248K, used 21824K [0x00000000e0000000, 0x00000000e8000000, 0x00000000e8000000)
  eden space 87424K,   0% used [0x00000000e0000000, 0x00000000e0000000, 0x00000000e5560000)
  from space 21824K, 100% used [0x00000000e5560000, 0x00000000e6ab0000, 0x00000000e6ab0000)
  to   space 21824K,   0% used [0x00000000e6ab0000, 0x00000000e6ab0000, 0x00000000e8000000)
 concurrent mark-sweep generation total 393216K, used 57080K [0x00000000e8000000, 0x0000000100000000, 0x0000000100000000)
 Metaspace       used 29956K, capacity 30290K, committed 30616K, reserved 1077248K
  class space    used 3501K, capacity 3651K, committed 3736K, reserved 1048576K
}
2015-09-08T12:43:02.516+0200: 917.601: Total time for which application threads were stopped: 0.0092406 seconds, Stopping threads took: 0.0000141 seconds
{Heap before GC invocations=24 (full 1):
 par new generation   total 109248K, used 109248K [0x00000000e0000000, 0x00000000e8000000, 0x00000000e8000000)
  eden space 87424K, 100% used [0x00000000e0000000, 0x00000000e5560000, 0x00000000e5560000)
  from space 21824K, 100% used [0x00000000e5560000, 0x00000000e6ab0000, 0x00000000e6ab0000)
  to   space 21824K,   0% used [0x00000000e6ab0000, 0x00000000e6ab0000, 0x00000000e8000000)
 concurrent mark-sweep generation total 393216K, used 57080K [0x00000000e8000000, 0x0000000100000000, 0x0000000100000000)
 Metaspace       used 29956K, capacity 30290K, committed 30616K, reserved 1077248K
  class space    used 3501K, capacity 3651K, committed 3736K, reserved 1048576K
2015-09-08T12:43:02.791+0200: 917.876: [GC (Allocation Failure) 917.876: [ParNew
Desired survivor size 20112992 bytes, new threshold 8 (max 8)
- age   1:    6719120 bytes,    6719120 total
- age   2:    6834792 bytes,   13553912 total
- age   3:    1203896 bytes,   14757808 total
- age   4:    1079376 bytes,   15837184 total
- age   5:    1568728 bytes,   17405912 total
- age   6:    1384488 bytes,   18790400 total
- age   7:     970368 bytes,   19760768 total
- age   8:     794728 bytes,   20555496 total
: 109248K->21824K(109248K), 0.0094579 secs] 166328K->81383K(502464K), 0.0095039 secs] [Times: user=0.00 sys=0.00, real=0.01 secs] 
Heap after GC invocations=25 (full 1):
 par new generation   total 109248K, used 21824K [0x00000000e0000000, 0x00000000e8000000, 0x00000000e8000000)
  eden space 87424K,   0% used [0x00000000e0000000, 0x00000000e0000000, 0x00000000e5560000)
  from space 21824K, 100% used [0x00000000e6ab0000, 0x00000000e8000000, 0x00000000e8000000)
  to   space 21824K,   0% used [0x00000000e5560000, 0x00000000e5560000, 0x00000000e6ab0000)
 concurrent mark-sweep generation total 393216K, used 59559K [0x00000000e8000000, 0x0000000100000000, 0x0000000100000000)
 Metaspace       used 29956K, capacity 30290K, committed 30616K, reserved 1077248K
  class space    used 3501K, capacity 3651K, committed 3736K, reserved 1048576K
}
2015-09-08T12:43:02.800+0200: 917.885: Total time for which application threads were stopped: 0.0096422 seconds, Stopping threads took: 0.0000138 seconds
{Heap before GC invocations=25 (full 1):
 par new generation   total 109248K, used 109248K [0x00000000e0000000, 0x00000000e8000000, 0x00000000e8000000)
  eden space 87424K, 100% used [0x00000000e0000000, 0x00000000e5560000, 0x00000000e5560000)
  from space 21824K, 100% used [0x00000000e6ab0000, 0x00000000e8000000, 0x00000000e8000000)
  to   space 21824K,   0% used [0x00000000e5560000, 0x00000000e5560000, 0x00000000e6ab0000)
 concurrent mark-sweep generation total 393216K, used 59559K [0x00000000e8000000, 0x0000000100000000, 0x0000000100000000)
 Metaspace       used 29956K, capacity 30290K, committed 30616K, reserved 1077248K
  class space    used 3501K, capacity 3651K, committed 3736K, reserved 1048576K
2015-09-08T12:43:03.093+0200: 918.178: [GC (Allocation Failure) 918.178: [ParNew
Desired survivor size 20112992 bytes, new threshold 8 (max 8)
- age   1:    4727064 bytes,    4727064 total
- age   2:    5574848 bytes,   10301912 total
- age   3:    3513216 bytes,   13815128 total
- age   4:    1164648 bytes,   14979776 total
- age   5:    1038552 bytes,   16018328 total
- age   6:    1267504 bytes,   17285832 total
- age   7:    1084000 bytes,   18369832 total
- age   8:     937680 bytes,   19307512 total
: 109248K->21824K(109248K), 0.0093955 secs] 168807K->85524K(502464K), 0.0094444 secs] [Times: user=0.00 sys=0.00, real=0.01 secs] 
Heap after GC invocations=26 (full 1):
 par new generation   total 109248K, used 21824K [0x00000000e0000000, 0x00000000e8000000, 0x00000000e8000000)
  eden space 87424K,   0% used [0x00000000e0000000, 0x00000000e0000000, 0x00000000e5560000)
  from space 21824K, 100% used [0x00000000e5560000, 0x00000000e6ab0000, 0x00000000e6ab0000)
  to   space 21824K,   0% used [0x00000000e6ab0000, 0x00000000e6ab0000, 0x00000000e8000000)
 concurrent mark-sweep generation total 393216K, used 63700K [0x00000000e8000000, 0x0000000100000000, 0x0000000100000000)
 Metaspace       used 29956K, capacity 30290K, committed 30616K, reserved 1077248K
  class space    used 3501K, capacity 3651K, committed 3736K, reserved 1048576K
}
2015-09-08T12:43:03.103+0200: 918.188: Total time for which application threads were stopped: 0.0095814 seconds, Stopping threads took: 0.0000131 seconds
{Heap before GC invocations=26 (full 1):
 par new generation   total 109248K, used 109248K [0x00000000e0000000, 0x00000000e8000000, 0x00000000e8000000)
  eden space 87424K, 100% used [0x00000000e0000000, 0x00000000e5560000, 0x00000000e5560000)
  from space 21824K, 100% used [0x00000000e5560000, 0x00000000e6ab0000, 0x00000000e6ab0000)
  to   space 21824K,   0% used [0x00000000e6ab0000, 0x00000000e6ab0000, 0x00000000e8000000)
 concurrent mark-sweep generation total 393216K, used 63700K [0x00000000e8000000, 0x0000000100000000, 0x0000000100000000)
 Metaspace       used 29956K, capacity 30290K, committed 30616K, reserved 1077248K
  class space    used 3501K, capacity 3651K, committed 3736K, reserved 1048576K
2015-09-08T12:43:03.376+0200: 918.461: [GC (Allocation Failure) 918.461: [ParNew
Desired survivor size 20112992 bytes, new threshold 8 (max 8)
- age   1:    9910672 bytes,    9910672 total
- age   2:    2076392 bytes,   11987064 total
- age   3:    1190512 bytes,   13177576 total
- age   4:    3337520 bytes,   16515096 total
- age   5:    1127544 bytes,   17642640 total
- age   6:    1006600 bytes,   18649240 total
- age   7:    1244408 bytes,   19893648 total
- age   8:    1061808 bytes,   20955456 total
: 109248K->21824K(109248K), 0.0097638 secs] 172948K->89032K(502464K), 0.0098179 secs] [Times: user=0.06 sys=0.00, real=0.01 secs] 
Heap after GC invocations=27 (full 1):
 par new generation   total 109248K, used 21824K [0x00000000e0000000, 0x00000000e8000000, 0x00000000e8000000)
  eden space 87424K,   0% used [0x00000000e0000000, 0x00000000e0000000, 0x00000000e5560000)
  from space 21824K, 100% used [0x00000000e6ab0000, 0x00000000e8000000, 0x00000000e8000000)
  to   space 21824K,   0% used [0x00000000e5560000, 0x00000000e5560000, 0x00000000e6ab0000)
 concurrent mark-sweep generation total 393216K, used 67208K [0x00000000e8000000, 0x0000000100000000, 0x0000000100000000)
 Metaspace       used 29956K, capacity 30290K, committed 30616K, reserved 1077248K
  class space    used 3501K, capacity 3651K, committed 3736K, reserved 1048576K
}
2015-09-08T12:43:03.386+0200: 918.471: Total time for which application threads were stopped: 0.0099686 seconds, Stopping threads took: 0.0000138 seconds
{Heap before GC invocations=27 (full 1):
 par new generation   total 109248K, used 109248K [0x00000000e0000000, 0x00000000e8000000, 0x00000000e8000000)
  eden space 87424K, 100% used [0x00000000e0000000, 0x00000000e5560000, 0x00000000e5560000)
  from space 21824K, 100% used [0x00000000e6ab0000, 0x00000000e8000000, 0x00000000e8000000)
  to   space 21824K,   0% used [0x00000000e5560000, 0x00000000e5560000, 0x00000000e6ab0000)
 concurrent mark-sweep generation total 393216K, used 67208K [0x00000000e8000000, 0x0000000100000000, 0x0000000100000000)
 Metaspace       used 29956K, capacity 30290K, committed 30616K, reserved 1077248K
  class space    used 3501K, capacity 3651K, committed 3736K, reserved 1048576K
2015-09-08T12:43:03.689+0200: 918.774: [GC (Allocation Failure) 918.774: [ParNew
Desired survivor size 20112992 bytes, new threshold 8 (max 8)
- age   1:    2522176 bytes,    2522176 total
- age   2:    9871064 bytes,   12393240 total
- age   3:    1818912 bytes,   14212152 total
- age   4:    1179856 bytes,   15392008 total
- age   5:    2181464 bytes,   17573472 total
- age   6:    1120344 bytes,   18693816 total
- age   7:    1000536 bytes,   19694352 total
- age   8:    1238952 bytes,   20933304 total
: 109248K->21824K(109248K), 0.0094777 secs] 176456K->91811K(502464K), 0.0095241 secs] [Times: user=0.06 sys=0.00, real=0.01 secs] 
Heap after GC invocations=28 (full 1):
 par new generation   total 109248K, used 21824K [0x00000000e0000000, 0x00000000e8000000, 0x00000000e8000000)
  eden space 87424K,   0% used [0x00000000e0000000, 0x00000000e0000000, 0x00000000e5560000)
  from space 21824K, 100% used [0x00000000e5560000, 0x00000000e6ab0000, 0x00000000e6ab0000)
  to   space 21824K,   0% used [0x00000000e6ab0000, 0x00000000e6ab0000, 0x00000000e8000000)
 concurrent mark-sweep generation total 393216K, used 69987K [0x00000000e8000000, 0x0000000100000000, 0x0000000100000000)
 Metaspace       used 29956K, capacity 30290K, committed 30616K, reserved 1077248K
  class space    used 3501K, capacity 3651K, committed 3736K, reserved 1048576K
}
2015-09-08T12:43:03.698+0200: 918.783: Total time for which application threads were stopped: 0.0096697 seconds, Stopping threads took: 0.0000144 seconds
{Heap before GC invocations=28 (full 1):
 par new generation   total 109248K, used 109248K [0x00000000e0000000, 0x00000000e8000000, 0x00000000e8000000)
  eden space 87424K, 100% used [0x00000000e0000000, 0x00000000e5560000, 0x00000000e5560000)
  from space 21824K, 100% used [0x00000000e5560000, 0x00000000e6ab0000, 0x00000000e6ab0000)
  to   space 21824K,   0% used [0x00000000e6ab0000, 0x00000000e6ab0000, 0x00000000e8000000)
 concurrent mark-sweep generation total 393216K, used 69987K [0x00000000e8000000, 0x0000000100000000, 0x0000000100000000)
 Metaspace       used 29956K, capacity 30290K, committed 30616K, reserved 1077248K
  class space    used 3501K, capacity 3651K, committed 3736K, reserved 1048576K
2015-09-08T12:43:03.988+0200: 919.073: [GC (Allocation Failure) 919.073: [ParNew
Desired survivor size 20112992 bytes, new threshold 8 (max 8)
- age   1:    5258032 bytes,    5258032 total
- age   2:    2079144 bytes,    7337176 total
- age   3:    7077384 bytes,   14414560 total
- age   4:    1233320 bytes,   15647880 total
- age   5:    1176776 bytes,   16824656 total
- age   6:    2175248 bytes,   18999904 total
- age   7:    1091712 bytes,   20091616 total
- age   8:     995864 bytes,   21087480 total
: 109248K->21824K(109248K), 0.0099337 secs] 179235K->94632K(502464K), 0.0099795 secs] [Times: user=0.06 sys=0.00, real=0.01 secs] 
Heap after GC invocations=29 (full 1):
 par new generation   total 109248K, used 21824K [0x00000000e0000000, 0x00000000e8000000, 0x00000000e8000000)
  eden space 87424K,   0% used [0x00000000e0000000, 0x00000000e0000000, 0x00000000e5560000)
  from space 21824K, 100% used [0x00000000e6ab0000, 0x00000000e8000000, 0x00000000e8000000)
  to   space 21824K,   0% used [0x00000000e5560000, 0x00000000e5560000, 0x00000000e6ab0000)
 concurrent mark-sweep generation total 393216K, used 72808K [0x00000000e8000000, 0x0000000100000000, 0x0000000100000000)
 Metaspace       used 29956K, capacity 30290K, committed 30616K, reserved 1077248K
  class space    used 3501K, capacity 3651K, committed 3736K, reserved 1048576K
}
2015-09-08T12:43:03.998+0200: 919.083: Total time for which application threads were stopped: 0.0101225 seconds, Stopping threads took: 0.0000134 seconds
{Heap before GC invocations=29 (full 1):
 par new generation   total 109248K, used 109248K [0x00000000e0000000, 0x00000000e8000000, 0x00000000e8000000)
  eden space 87424K, 100% used [0x00000000e0000000, 0x00000000e5560000, 0x00000000e5560000)
  from space 21824K, 100% used [0x00000000e6ab0000, 0x00000000e8000000, 0x00000000e8000000)
  to   space 21824K,   0% used [0x00000000e5560000, 0x00000000e5560000, 0x00000000e6ab0000)
 concurrent mark-sweep generation total 393216K, used 72808K [0x00000000e8000000, 0x0000000100000000, 0x0000000100000000)
 Metaspace       used 29956K, capacity 30290K, committed 30616K, reserved 1077248K
  class space    used 3501K, capacity 3651K, committed 3736K, reserved 1048576K
2015-09-08T12:43:04.279+0200: 919.364: [GC (Allocation Failure) 919.364: [ParNew
Desired survivor size 20112992 bytes, new threshold 7 (max 8)
- age   1:    9391872 bytes,    9391872 total
- age   2:    5024376 bytes,   14416248 total
- age   3:    1601104 bytes,   16017352 total
- age   4:    1081808 bytes,   17099160 total
- age   5:    1019880 bytes,   18119040 total
- age   6:     988152 bytes,   19107192 total
- age   7:    2037872 bytes,   21145064 total
- age   8:     965016 bytes,   22110080 total
: 109248K->21824K(109248K), 0.0114774 secs] 182056K->99356K(502464K), 0.0115250 secs] [Times: user=0.06 sys=0.00, real=0.01 secs] 
Heap after GC invocations=30 (full 1):
 par new generation   total 109248K, used 21824K [0x00000000e0000000, 0x00000000e8000000, 0x00000000e8000000)
  eden space 87424K,   0% used [0x00000000e0000000, 0x00000000e0000000, 0x00000000e5560000)
  from space 21824K, 100% used [0x00000000e5560000, 0x00000000e6ab0000, 0x00000000e6ab0000)
  to   space 21824K,   0% used [0x00000000e6ab0000, 0x00000000e6ab0000, 0x00000000e8000000)
 concurrent mark-sweep generation total 393216K, used 77532K [0x00000000e8000000, 0x0000000100000000, 0x0000000100000000)
 Metaspace       used 29956K, capacity 30290K, committed 30616K, reserved 1077248K
  class space    used 3501K, capacity 3651K, committed 3736K, reserved 1048576K
}
2015-09-08T12:43:04.291+0200: 919.376: Total time for which application threads were stopped: 0.0116642 seconds, Stopping threads took: 0.0000134 seconds
{Heap before GC invocations=30 (full 1):
 par new generation   total 109248K, used 109248K [0x00000000e0000000, 0x00000000e8000000, 0x00000000e8000000)
  eden space 87424K, 100% used [0x00000000e0000000, 0x00000000e5560000, 0x00000000e5560000)
  from space 21824K, 100% used [0x00000000e5560000, 0x00000000e6ab0000, 0x00000000e6ab0000)
  to   space 21824K,   0% used [0x00000000e6ab0000, 0x00000000e6ab0000, 0x00000000e8000000)
 concurrent mark-sweep generation total 393216K, used 77532K [0x00000000e8000000, 0x0000000100000000, 0x0000000100000000)
 Metaspace       used 29956K, capacity 30290K, committed 30616K, reserved 1077248K
  class space    used 3501K, capacity 3651K, committed 3736K, reserved 1048576K
2015-09-08T12:43:04.585+0200: 919.670: [GC (Allocation Failure) 919.670: [ParNew
Desired survivor size 20112992 bytes, new threshold 8 (max 8)
- age   1:    5030080 bytes,    5030080 total
- age   2:    7182040 bytes,   12212120 total
- age   3:    1852376 bytes,   14064496 total
- age   4:    1599792 bytes,   15664288 total
- age   5:    1081104 bytes,   16745392 total
- age   6:    1019304 bytes,   17764696 total
- age   7:     987624 bytes,   18752320 total
: 109248K->21824K(109248K), 0.0103244 secs] 186780K->105700K(502464K), 0.0103718 secs] [Times: user=0.00 sys=0.00, real=0.01 secs] 
Heap after GC invocations=31 (full 1):
 par new generation   total 109248K, used 21824K [0x00000000e0000000, 0x00000000e8000000, 0x00000000e8000000)
  eden space 87424K,   0% used [0x00000000e0000000, 0x00000000e0000000, 0x00000000e5560000)
  from space 21824K, 100% used [0x00000000e6ab0000, 0x00000000e8000000, 0x00000000e8000000)
  to   space 21824K,   0% used [0x00000000e5560000, 0x00000000e5560000, 0x00000000e6ab0000)
 concurrent mark-sweep generation total 393216K, used 83876K [0x00000000e8000000, 0x0000000100000000, 0x0000000100000000)
 Metaspace       used 29956K, capacity 30290K, committed 30616K, reserved 1077248K
  class space    used 3501K, capacity 3651K, committed 3736K, reserved 1048576K
}
2015-09-08T12:43:04.596+0200: 919.681: Total time for which application threads were stopped: 0.0105462 seconds, Stopping threads took: 0.0000138 seconds
{Heap before GC invocations=31 (full 1):
 par new generation   total 109248K, used 109248K [0x00000000e0000000, 0x00000000e8000000, 0x00000000e8000000)
  eden space 87424K, 100% used [0x00000000e0000000, 0x00000000e5560000, 0x00000000e5560000)
  from space 21824K, 100% used [0x00000000e6ab0000, 0x00000000e8000000, 0x00000000e8000000)
  to   space 21824K,   0% used [0x00000000e5560000, 0x00000000e5560000, 0x00000000e6ab0000)
 concurrent mark-sweep generation total 393216K, used 83876K [0x00000000e8000000, 0x0000000100000000, 0x0000000100000000)
 Metaspace       used 29956K, capacity 30290K, committed 30616K, reserved 1077248K
  class space    used 3501K, capacity 3651K, committed 3736K, reserved 1048576K
2015-09-08T12:43:04.916+0200: 920.001: [GC (Allocation Failure) 920.001: [ParNew
Desired survivor size 20112992 bytes, new threshold 8 (max 8)
- age   1:    2745320 bytes,    2745320 total
- age   2:    4988696 bytes,    7734016 total
- age   3:    5971608 bytes,   13705624 total
- age   4:    1196360 bytes,   14901984 total
- age   5:    1268400 bytes,   16170384 total
- age   6:    1013816 bytes,   17184200 total
- age   7:    1017336 bytes,   18201536 total
- age   8:     985848 bytes,   19187384 total
: 109248K->21824K(109248K), 0.0099011 secs] 193124K->112443K(502464K), 0.0099452 secs] [Times: user=0.00 sys=0.00, real=0.01 secs] 
Heap after GC invocations=32 (full 1):
 par new generation   total 109248K, used 21824K [0x00000000e0000000, 0x00000000e8000000, 0x00000000e8000000)
  eden space 87424K,   0% used [0x00000000e0000000, 0x00000000e0000000, 0x00000000e5560000)
  from space 21824K, 100% used [0x00000000e5560000, 0x00000000e6ab0000, 0x00000000e6ab0000)
  to   space 21824K,   0% used [0x00000000e6ab0000, 0x00000000e6ab0000, 0x00000000e8000000)
 concurrent mark-sweep generation total 393216K, used 90619K [0x00000000e8000000, 0x0000000100000000, 0x0000000100000000)
 Metaspace       used 29956K, capacity 30290K, committed 30616K, reserved 1077248K
  class space    used 3501K, capacity 3651K, committed 3736K, reserved 1048576K
}
2015-09-08T12:43:04.926+0200: 920.011: Total time for which application threads were stopped: 0.0101049 seconds, Stopping threads took: 0.0000243 seconds
{Heap before GC invocations=32 (full 1):
 par new generation   total 109248K, used 109248K [0x00000000e0000000, 0x00000000e8000000, 0x00000000e8000000)
  eden space 87424K, 100% used [0x00000000e0000000, 0x00000000e5560000, 0x00000000e5560000)
  from space 21824K, 100% used [0x00000000e5560000, 0x00000000e6ab0000, 0x00000000e6ab0000)
  to   space 21824K,   0% used [0x00000000e6ab0000, 0x00000000e6ab0000, 0x00000000e8000000)
 concurrent mark-sweep generation total 393216K, used 90619K [0x00000000e8000000, 0x0000000100000000, 0x0000000100000000)
 Metaspace       used 29959K, capacity 30290K, committed 30616K, reserved 1077248K
  class space    used 3501K, capacity 3651K, committed 3736K, reserved 1048576K
2015-09-08T12:43:05.200+0200: 920.285: [GC (Allocation Failure) 920.285: [ParNew
Desired survivor size 20112992 bytes, new threshold 8 (max 8)
- age   1:    7381104 bytes,    7381104 total
- age   2:    2665352 bytes,   10046456 total
- age   3:    4944528 bytes,   14990984 total
- age   4:     941496 bytes,   15932480 total
- age   5:    1030352 bytes,   16962832 total
- age   6:    1100560 bytes,   18063392 total
- age   7:     952272 bytes,   19015664 total
- age   8:     997088 bytes,   20012752 total
: 109248K->21824K(109248K), 0.0102921 secs] 199867K->118273K(502464K), 0.0103417 secs] [Times: user=0.06 sys=0.00, real=0.01 secs] 
Heap after GC invocations=33 (full 1):
 par new generation   total 109248K, used 21824K [0x00000000e0000000, 0x00000000e8000000, 0x00000000e8000000)
  eden space 87424K,   0% used [0x00000000e0000000, 0x00000000e0000000, 0x00000000e5560000)
  from space 21824K, 100% used [0x00000000e6ab0000, 0x00000000e8000000, 0x00000000e8000000)
  to   space 21824K,   0% used [0x00000000e5560000, 0x00000000e5560000, 0x00000000e6ab0000)
 concurrent mark-sweep generation total 393216K, used 96449K [0x00000000e8000000, 0x0000000100000000, 0x0000000100000000)
 Metaspace       used 29959K, capacity 30290K, committed 30616K, reserved 1077248K
  class space    used 3501K, capacity 3651K, committed 3736K, reserved 1048576K
}
2015-09-08T12:43:05.210+0200: 920.295: Total time for which application threads were stopped: 0.0105062 seconds, Stopping threads took: 0.0000138 seconds
{Heap before GC invocations=33 (full 1):
 par new generation   total 109248K, used 109248K [0x00000000e0000000, 0x00000000e8000000, 0x00000000e8000000)
  eden space 87424K, 100% used [0x00000000e0000000, 0x00000000e5560000, 0x00000000e5560000)
  from space 21824K, 100% used [0x00000000e6ab0000, 0x00000000e8000000, 0x00000000e8000000)
  to   space 21824K,   0% used [0x00000000e5560000, 0x00000000e5560000, 0x00000000e6ab0000)
 concurrent mark-sweep generation total 393216K, used 96449K [0x00000000e8000000, 0x0000000100000000, 0x0000000100000000)
 Metaspace       used 29959K, capacity 30290K, committed 30616K, reserved 1077248K
  class space    used 3501K, capacity 3651K, committed 3736K, reserved 1048576K
2015-09-08T12:43:05.501+0200: 920.586: [GC (Allocation Failure) 920.586: [ParNew
Desired survivor size 20112992 bytes, new threshold 8 (max 8)
- age   1:    6193840 bytes,    6193840 total
- age   2:    7243080 bytes,   13436920 total
- age   3:    2568160 bytes,   16005080 total
- age   4:    1310392 bytes,   17315472 total
- age   5:     851808 bytes,   18167280 total
- age   6:     970912 bytes,   19138192 total
- age   7:     958088 bytes,   20096280 total
- age   8:     910152 bytes,   21006432 total
: 109248K->21824K(109248K), 0.0100543 secs] 205697K->120285K(502464K), 0.0101027 secs] [Times: user=0.06 sys=0.00, real=0.01 secs] 
Heap after GC invocations=34 (full 1):
 par new generation   total 109248K, used 21824K [0x00000000e0000000, 0x00000000e8000000, 0x00000000e8000000)
  eden space 87424K,   0% used [0x00000000e0000000, 0x00000000e0000000, 0x00000000e5560000)
  from space 21824K, 100% used [0x00000000e5560000, 0x00000000e6ab0000, 0x00000000e6ab0000)
  to   space 21824K,   0% used [0x00000000e6ab0000, 0x00000000e6ab0000, 0x00000000e8000000)
 concurrent mark-sweep generation total 393216K, used 98461K [0x00000000e8000000, 0x0000000100000000, 0x0000000100000000)
 Metaspace       used 29959K, capacity 30290K, committed 30616K, reserved 1077248K
  class space    used 3501K, capacity 3651K, committed 3736K, reserved 1048576K
}
2015-09-08T12:43:05.511+0200: 920.596: Total time for which application threads were stopped: 0.0102559 seconds, Stopping threads took: 0.0000141 seconds
{Heap before GC invocations=34 (full 1):
 par new generation   total 109248K, used 109248K [0x00000000e0000000, 0x00000000e8000000, 0x00000000e8000000)
  eden space 87424K, 100% used [0x00000000e0000000, 0x00000000e5560000, 0x00000000e5560000)
  from space 21824K, 100% used [0x00000000e5560000, 0x00000000e6ab0000, 0x00000000e6ab0000)
  to   space 21824K,   0% used [0x00000000e6ab0000, 0x00000000e6ab0000, 0x00000000e8000000)
 concurrent mark-sweep generation total 393216K, used 98461K [0x00000000e8000000, 0x0000000100000000, 0x0000000100000000)
 Metaspace       used 29960K, capacity 30290K, committed 30616K, reserved 1077248K
  class space    used 3501K, capacity 3651K, committed 3736K, reserved 1048576K
2015-09-08T12:43:05.811+0200: 920.896: [GC (Allocation Failure) 920.896: [ParNew
Desired survivor size 20112992 bytes, new threshold 7 (max 8)
- age   1:    2578160 bytes,    2578160 total
- age   2:    6130256 bytes,    8708416 total
- age   3:    7237784 bytes,   15946200 total
- age   4:    1171128 bytes,   17117328 total
- age   5:    1305648 bytes,   18422976 total
- age   6:     842816 bytes,   19265792 total
- age   7:     963920 bytes,   20229712 total
- age   8:     952408 bytes,   21182120 total
: 109248K->21824K(109248K), 0.0097689 secs] 207709K->122819K(502464K), 0.0098153 secs] [Times: user=0.06 sys=0.00, real=0.01 secs] 
Heap after GC invocations=35 (full 1):
 par new generation   total 109248K, used 21824K [0x00000000e0000000, 0x00000000e8000000, 0x00000000e8000000)
  eden space 87424K,   0% used [0x00000000e0000000, 0x00000000e0000000, 0x00000000e5560000)
  from space 21824K, 100% used [0x00000000e6ab0000, 0x00000000e8000000, 0x00000000e8000000)
  to   space 21824K,   0% used [0x00000000e5560000, 0x00000000e5560000, 0x00000000e6ab0000)
 concurrent mark-sweep generation total 393216K, used 100995K [0x00000000e8000000, 0x0000000100000000, 0x0000000100000000)
 Metaspace       used 29960K, capacity 30290K, committed 30616K, reserved 1077248K
  class space    used 3501K, capacity 3651K, committed 3736K, reserved 1048576K
}
2015-09-08T12:43:05.821+0200: 920.906: Total time for which application threads were stopped: 0.0099593 seconds, Stopping threads took: 0.0000154 seconds
{Heap before GC invocations=35 (full 1):
 par new generation   total 109248K, used 109248K [0x00000000e0000000, 0x00000000e8000000, 0x00000000e8000000)
  eden space 87424K, 100% used [0x00000000e0000000, 0x00000000e5560000, 0x00000000e5560000)
  from space 21824K, 100% used [0x00000000e6ab0000, 0x00000000e8000000, 0x00000000e8000000)
  to   space 21824K,   0% used [0x00000000e5560000, 0x00000000e5560000, 0x00000000e6ab0000)
 concurrent mark-sweep generation total 393216K, used 100995K [0x00000000e8000000, 0x0000000100000000, 0x0000000100000000)
 Metaspace       used 29962K, capacity 30290K, committed 30616K, reserved 1077248K
  class space    used 3501K, capacity 3651K, committed 3736K, reserved 1048576K
2015-09-08T12:43:06.097+0200: 921.182: [GC (Allocation Failure) 921.182: [ParNew
Desired survivor size 20112992 bytes, new threshold 6 (max 8)
- age   1:    7158592 bytes,    7158592 total
- age   2:    2538280 bytes,    9696872 total
- age   3:    6129640 bytes,   15826512 total
- age   4:    2138448 bytes,   17964960 total
- age   5:    1170104 bytes,   19135064 total
- age   6:    1304728 bytes,   20439792 total
- age   7:     842480 bytes,   21282272 total
: 109248K->21824K(109248K), 0.0103164 secs] 210243K->129768K(502464K), 0.0103635 secs] [Times: user=0.00 sys=0.00, real=0.01 secs] 
Heap after GC invocations=36 (full 1):
 par new generation   total 109248K, used 21824K [0x00000000e0000000, 0x00000000e8000000, 0x00000000e8000000)
  eden space 87424K,   0% used [0x00000000e0000000, 0x00000000e0000000, 0x00000000e5560000)
  from space 21824K, 100% used [0x00000000e5560000, 0x00000000e6ab0000, 0x00000000e6ab0000)
  to   space 21824K,   0% used [0x00000000e6ab0000, 0x00000000e6ab0000, 0x00000000e8000000)
 concurrent mark-sweep generation total 393216K, used 107944K [0x00000000e8000000, 0x0000000100000000, 0x0000000100000000)
 Metaspace       used 29962K, capacity 30290K, committed 30616K, reserved 1077248K
  class space    used 3501K, capacity 3651K, committed 3736K, reserved 1048576K
}
2015-09-08T12:43:06.107+0200: 921.192: Total time for which application threads were stopped: 0.0105078 seconds, Stopping threads took: 0.0000128 seconds
{Heap before GC invocations=36 (full 1):
 par new generation   total 109248K, used 109248K [0x00000000e0000000, 0x00000000e8000000, 0x00000000e8000000)
  eden space 87424K, 100% used [0x00000000e0000000, 0x00000000e5560000, 0x00000000e5560000)
  from space 21824K, 100% used [0x00000000e5560000, 0x00000000e6ab0000, 0x00000000e6ab0000)
  to   space 21824K,   0% used [0x00000000e6ab0000, 0x00000000e6ab0000, 0x00000000e8000000)
 concurrent mark-sweep generation total 393216K, used 107944K [0x00000000e8000000, 0x0000000100000000, 0x0000000100000000)
 Metaspace       used 29962K, capacity 30290K, committed 30616K, reserved 1077248K
  class space    used 3501K, capacity 3651K, committed 3736K, reserved 1048576K
2015-09-08T12:43:06.415+0200: 921.500: [GC (Allocation Failure) 921.500: [ParNew
Desired survivor size 20112992 bytes, new threshold 8 (max 8)
- age   1:    6597304 bytes,    6597304 total
- age   2:    6776176 bytes,   13373480 total
- age   3:    1900728 bytes,   15274208 total
- age   4:    1347712 bytes,   16621920 total
- age   5:    1768824 bytes,   18390744 total
- age   6:     786920 bytes,   19177664 total
: 109248K->21824K(109248K), 0.0110508 secs] 217192K->137801K(502464K), 0.0110972 secs] [Times: user=0.01 sys=0.02, real=0.01 secs] 
Heap after GC invocations=37 (full 1):
 par new generation   total 109248K, used 21824K [0x00000000e0000000, 0x00000000e8000000, 0x00000000e8000000)
  eden space 87424K,   0% used [0x00000000e0000000, 0x00000000e0000000, 0x00000000e5560000)
  from space 21824K, 100% used [0x00000000e6ab0000, 0x00000000e8000000, 0x00000000e8000000)
  to   space 21824K,   0% used [0x00000000e5560000, 0x00000000e5560000, 0x00000000e6ab0000)
 concurrent mark-sweep generation total 393216K, used 115977K [0x00000000e8000000, 0x0000000100000000, 0x0000000100000000)
 Metaspace       used 29962K, capacity 30290K, committed 30616K, reserved 1077248K
  class space    used 3501K, capacity 3651K, committed 3736K, reserved 1048576K
}
2015-09-08T12:43:06.426+0200: 921.511: Total time for which application threads were stopped: 0.0112371 seconds, Stopping threads took: 0.0000134 seconds
{Heap before GC invocations=37 (full 1):
 par new generation   total 109248K, used 109248K [0x00000000e0000000, 0x00000000e8000000, 0x00000000e8000000)
  eden space 87424K, 100% used [0x00000000e0000000, 0x00000000e5560000, 0x00000000e5560000)
  from space 21824K, 100% used [0x00000000e6ab0000, 0x00000000e8000000, 0x00000000e8000000)
  to   space 21824K,   0% used [0x00000000e5560000, 0x00000000e5560000, 0x00000000e6ab0000)
 concurrent mark-sweep generation total 393216K, used 115977K [0x00000000e8000000, 0x0000000100000000, 0x0000000100000000)
 Metaspace       used 29962K, capacity 30290K, committed 30616K, reserved 1077248K
  class space    used 3501K, capacity 3651K, committed 3736K, reserved 1048576K
2015-09-08T12:43:06.728+0200: 921.813: [GC (Allocation Failure) 921.813: [ParNew
Desired survivor size 20112992 bytes, new threshold 7 (max 8)
- age   1:    1705048 bytes,    1705048 total
- age   2:    6501928 bytes,    8206976 total
- age   3:    6752536 bytes,   14959512 total
- age   4:    1725656 bytes,   16685168 total
- age   5:    1325672 bytes,   18010840 total
- age   6:    1752896 bytes,   19763736 total
- age   7:     771848 bytes,   20535584 total
: 109248K->21824K(109248K), 0.0092595 secs] 225225K->139163K(502464K), 0.0093145 secs] [Times: user=0.00 sys=0.00, real=0.01 secs] 
Heap after GC invocations=38 (full 1):
 par new generation   total 109248K, used 21824K [0x00000000e0000000, 0x00000000e8000000, 0x00000000e8000000)
  eden space 87424K,   0% used [0x00000000e0000000, 0x00000000e0000000, 0x00000000e5560000)
  from space 21824K, 100% used [0x00000000e5560000, 0x00000000e6ab0000, 0x00000000e6ab0000)
  to   space 21824K,   0% used [0x00000000e6ab0000, 0x00000000e6ab0000, 0x00000000e8000000)
 concurrent mark-sweep generation total 393216K, used 117339K [0x00000000e8000000, 0x0000000100000000, 0x0000000100000000)
 Metaspace       used 29962K, capacity 30290K, committed 30616K, reserved 1077248K
  class space    used 3501K, capacity 3651K, committed 3736K, reserved 1048576K
}
2015-09-08T12:43:06.737+0200: 921.822: Total time for which application threads were stopped: 0.0094694 seconds, Stopping threads took: 0.0000144 seconds
{Heap before GC invocations=38 (full 1):
 par new generation   total 109248K, used 109248K [0x00000000e0000000, 0x00000000e8000000, 0x00000000e8000000)
  eden space 87424K, 100% used [0x00000000e0000000, 0x00000000e5560000, 0x00000000e5560000)
  from space 21824K, 100% used [0x00000000e5560000, 0x00000000e6ab0000, 0x00000000e6ab0000)
  to   space 21824K,   0% used [0x00000000e6ab0000, 0x00000000e6ab0000, 0x00000000e8000000)
 concurrent mark-sweep generation total 393216K, used 117339K [0x00000000e8000000, 0x0000000100000000, 0x0000000100000000)
 Metaspace       used 29964K, capacity 30290K, committed 30616K, reserved 1077248K
  class space    used 3501K, capacity 3651K, committed 3736K, reserved 1048576K
2015-09-08T12:43:07.040+0200: 922.125: [GC (Allocation Failure) 922.126: [ParNew
Desired survivor size 20112992 bytes, new threshold 7 (max 8)
- age   1:    2550896 bytes,    2550896 total
- age   2:    1660312 bytes,    4211208 total
- age   3:    6466056 bytes,   10677264 total
- age   4:    6720888 bytes,   17398152 total
- age   5:     873024 bytes,   18271176 total
- age   6:    1297664 bytes,   19568840 total
- age   7:    1724760 bytes,   21293600 total
: 109248K->21824K(109248K), 0.0102521 secs] 226587K->141115K(502464K), 0.0103007 secs] [Times: user=0.06 sys=0.00, real=0.01 secs] 
Heap after GC invocations=39 (full 1):
 par new generation   total 109248K, used 21824K [0x00000000e0000000, 0x00000000e8000000, 0x00000000e8000000)
  eden space 87424K,   0% used [0x00000000e0000000, 0x00000000e0000000, 0x00000000e5560000)
  from space 21824K, 100% used [0x00000000e6ab0000, 0x00000000e8000000, 0x00000000e8000000)
  to   space 21824K,   0% used [0x00000000e5560000, 0x00000000e5560000, 0x00000000e6ab0000)
 concurrent mark-sweep generation total 393216K, used 119291K [0x00000000e8000000, 0x0000000100000000, 0x0000000100000000)
 Metaspace       used 29964K, capacity 30290K, committed 30616K, reserved 1077248K
  class space    used 3501K, capacity 3651K, committed 3736K, reserved 1048576K
}
2015-09-08T12:43:07.051+0200: 922.136: Total time for which application threads were stopped: 0.0104425 seconds, Stopping threads took: 0.0000138 seconds
{Heap before GC invocations=39 (full 1):
 par new generation   total 109248K, used 109248K [0x00000000e0000000, 0x00000000e8000000, 0x00000000e8000000)
  eden space 87424K, 100% used [0x00000000e0000000, 0x00000000e5560000, 0x00000000e5560000)
  from space 21824K, 100% used [0x00000000e6ab0000, 0x00000000e8000000, 0x00000000e8000000)
  to   space 21824K,   0% used [0x00000000e5560000, 0x00000000e5560000, 0x00000000e6ab0000)
 concurrent mark-sweep generation total 393216K, used 119291K [0x00000000e8000000, 0x0000000100000000, 0x0000000100000000)
 Metaspace       used 29964K, capacity 30290K, committed 30616K, reserved 1077248K
  class space    used 3501K, capacity 3651K, committed 3736K, reserved 1048576K
2015-09-08T12:43:07.301+0200: 922.386: [GC (Allocation Failure) 922.386: [ParNew
Desired survivor size 20112992 bytes, new threshold 7 (max 8)
- age   1:   12613048 bytes,   12613048 total
- age   2:    2247800 bytes,   14860848 total
- age   3:    1648784 bytes,   16509632 total
- age   4:    1926224 bytes,   18435856 total
- age   5:     785616 bytes,   19221472 total
- age   6:     837720 bytes,   20059192 total
- age   7:    1295464 bytes,   21354656 total
: 109248K->21824K(109248K), 0.0106684 secs] 228539K->148958K(502464K), 0.0107155 secs] [Times: user=0.00 sys=0.00, real=0.01 secs] 
Heap after GC invocations=40 (full 1):
 par new generation   total 109248K, used 21824K [0x00000000e0000000, 0x00000000e8000000, 0x00000000e8000000)
  eden space 87424K,   0% used [0x00000000e0000000, 0x00000000e0000000, 0x00000000e5560000)
  from space 21824K, 100% used [0x00000000e5560000, 0x00000000e6ab0000, 0x00000000e6ab0000)
  to   space 21824K,   0% used [0x00000000e6ab0000, 0x00000000e6ab0000, 0x00000000e8000000)
 concurrent mark-sweep generation total 393216K, used 127134K [0x00000000e8000000, 0x0000000100000000, 0x0000000100000000)
 Metaspace       used 29964K, capacity 30290K, committed 30616K, reserved 1077248K
  class space    used 3501K, capacity 3651K, committed 3736K, reserved 1048576K
}
2015-09-08T12:43:07.312+0200: 922.397: Total time for which application threads were stopped: 0.0108591 seconds, Stopping threads took: 0.0000144 seconds
{Heap before GC invocations=40 (full 1):
 par new generation   total 109248K, used 109248K [0x00000000e0000000, 0x00000000e8000000, 0x00000000e8000000)
  eden space 87424K, 100% used [0x00000000e0000000, 0x00000000e5560000, 0x00000000e5560000)
  from space 21824K, 100% used [0x00000000e5560000, 0x00000000e6ab0000, 0x00000000e6ab0000)
  to   space 21824K,   0% used [0x00000000e6ab0000, 0x00000000e6ab0000, 0x00000000e8000000)
 concurrent mark-sweep generation total 393216K, used 127134K [0x00000000e8000000, 0x0000000100000000, 0x0000000100000000)
 Metaspace       used 29964K, capacity 30290K, committed 30616K, reserved 1077248K
  class space    used 3501K, capacity 3651K, committed 3736K, reserved 1048576K
2015-09-08T12:43:07.616+0200: 922.701: [GC (Allocation Failure) 922.701: [ParNew
Desired survivor size 20112992 bytes, new threshold 5 (max 8)
- age   1:    2121296 bytes,    2121296 total
- age   2:   12572848 bytes,   14694144 total
- age   3:    2204520 bytes,   16898664 total
- age   4:    1435120 bytes,   18333784 total
- age   5:    1882136 bytes,   20215920 total
- age   6:     751480 bytes,   20967400 total
- age   7:     795904 bytes,   21763304 total
: 109248K->21824K(109248K), 0.0110745 secs] 236382K->151212K(502464K), 0.0111212 secs] [Times: user=0.02 sys=0.00, real=0.01 secs] 
Heap after GC invocations=41 (full 1):
 par new generation   total 109248K, used 21824K [0x00000000e0000000, 0x00000000e8000000, 0x00000000e8000000)
  eden space 87424K,   0% used [0x00000000e0000000, 0x00000000e0000000, 0x00000000e5560000)
  from space 21824K, 100% used [0x00000000e6ab0000, 0x00000000e8000000, 0x00000000e8000000)
  to   space 21824K,   0% used [0x00000000e5560000, 0x00000000e5560000, 0x00000000e6ab0000)
 concurrent mark-sweep generation total 393216K, used 129388K [0x00000000e8000000, 0x0000000100000000, 0x0000000100000000)
 Metaspace       used 29964K, capacity 30290K, committed 30616K, reserved 1077248K
  class space    used 3501K, capacity 3651K, committed 3736K, reserved 1048576K
}
2015-09-08T12:43:07.627+0200: 922.713: Total time for which application threads were stopped: 0.0112735 seconds, Stopping threads took: 0.0000134 seconds
{Heap before GC invocations=41 (full 1):
 par new generation   total 109248K, used 109248K [0x00000000e0000000, 0x00000000e8000000, 0x00000000e8000000)
  eden space 87424K, 100% used [0x00000000e0000000, 0x00000000e5560000, 0x00000000e5560000)
  from space 21824K, 100% used [0x00000000e6ab0000, 0x00000000e8000000, 0x00000000e8000000)
  to   space 21824K,   0% used [0x00000000e5560000, 0x00000000e5560000, 0x00000000e6ab0000)
 concurrent mark-sweep generation total 393216K, used 129388K [0x00000000e8000000, 0x0000000100000000, 0x0000000100000000)
 Metaspace       used 29964K, capacity 30290K, committed 30616K, reserved 1077248K
  class space    used 3501K, capacity 3651K, committed 3736K, reserved 1048576K
2015-09-08T12:43:07.928+0200: 923.013: [GC (Allocation Failure) 923.013: [ParNew
Desired survivor size 20112992 bytes, new threshold 5 (max 8)
- age   1:    2617792 bytes,    2617792 total
- age   2:    2118448 bytes,    4736240 total
- age   3:   12572848 bytes,   17309088 total
- age   4:    2204520 bytes,   19513608 total
- age   5:    1435120 bytes,   20948728 total
: 109248K->21824K(109248K), 0.0112329 secs] 238636K->154633K(502464K), 0.0112796 secs] [Times: user=0.02 sys=0.00, real=0.01 secs] 
Heap after GC invocations=42 (full 1):
 par new generation   total 109248K, used 21824K [0x00000000e0000000, 0x00000000e8000000, 0x00000000e8000000)
  eden space 87424K,   0% used [0x00000000e0000000, 0x00000000e0000000, 0x00000000e5560000)
  from space 21824K, 100% used [0x00000000e5560000, 0x00000000e6ab0000, 0x00000000e6ab0000)
  to   space 21824K,   0% used [0x00000000e6ab0000, 0x00000000e6ab0000, 0x00000000e8000000)
 concurrent mark-sweep generation total 393216K, used 132809K [0x00000000e8000000, 0x0000000100000000, 0x0000000100000000)
 Metaspace       used 29964K, capacity 30290K, committed 30616K, reserved 1077248K
  class space    used 3501K, capacity 3651K, committed 3736K, reserved 1048576K
}
2015-09-08T12:43:07.940+0200: 923.025: Total time for which application threads were stopped: 0.0114201 seconds, Stopping threads took: 0.0000138 seconds
{Heap before GC invocations=42 (full 1):
 par new generation   total 109248K, used 109248K [0x00000000e0000000, 0x00000000e8000000, 0x00000000e8000000)
  eden space 87424K, 100% used [0x00000000e0000000, 0x00000000e5560000, 0x00000000e5560000)
  from space 21824K, 100% used [0x00000000e5560000, 0x00000000e6ab0000, 0x00000000e6ab0000)
  to   space 21824K,   0% used [0x00000000e6ab0000, 0x00000000e6ab0000, 0x00000000e8000000)
 concurrent mark-sweep generation total 393216K, used 132809K [0x00000000e8000000, 0x0000000100000000, 0x0000000100000000)
 Metaspace       used 29964K, capacity 30290K, committed 30616K, reserved 1077248K
  class space    used 3501K, capacity 3651K, committed 3736K, reserved 1048576K
2015-09-08T12:43:08.230+0200: 923.315: [GC (Allocation Failure) 923.316: [ParNew
Desired survivor size 20112992 bytes, new threshold 5 (max 8)
- age   1:    7438944 bytes,    7438944 total
- age   2:    2367808 bytes,    9806752 total
- age   3:    1907840 bytes,   11714592 total
- age   4:    7440480 bytes,   19155072 total
- age   5:    2142088 bytes,   21297160 total
: 109248K->21824K(109248K), 0.0100470 secs] 242057K->157390K(502464K), 0.0101167 secs] [Times: user=0.06 sys=0.00, real=0.01 secs] 
Heap after GC invocations=43 (full 1):
 par new generation   total 109248K, used 21824K [0x00000000e0000000, 0x00000000e8000000, 0x00000000e8000000)
  eden space 87424K,   0% used [0x00000000e0000000, 0x00000000e0000000, 0x00000000e5560000)
  from space 21824K, 100% used [0x00000000e6ab0000, 0x00000000e8000000, 0x00000000e8000000)
  to   space 21824K,   0% used [0x00000000e5560000, 0x00000000e5560000, 0x00000000e6ab0000)
 concurrent mark-sweep generation total 393216K, used 135566K [0x00000000e8000000, 0x0000000100000000, 0x0000000100000000)
 Metaspace       used 29964K, capacity 30290K, committed 30616K, reserved 1077248K
  class space    used 3501K, capacity 3651K, committed 3736K, reserved 1048576K
}
2015-09-08T12:43:08.240+0200: 923.326: Total time for which application threads were stopped: 0.0102563 seconds, Stopping threads took: 0.0000131 seconds
{Heap before GC invocations=43 (full 1):
 par new generation   total 109248K, used 109248K [0x00000000e0000000, 0x00000000e8000000, 0x00000000e8000000)
  eden space 87424K, 100% used [0x00000000e0000000, 0x00000000e5560000, 0x00000000e5560000)
  from space 21824K, 100% used [0x00000000e6ab0000, 0x00000000e8000000, 0x00000000e8000000)
  to   space 21824K,   0% used [0x00000000e5560000, 0x00000000e5560000, 0x00000000e6ab0000)
 concurrent mark-sweep generation total 393216K, used 135566K [0x00000000e8000000, 0x0000000100000000, 0x0000000100000000)
 Metaspace       used 29964K, capacity 30290K, committed 30616K, reserved 1077248K
  class space    used 3501K, capacity 3651K, committed 3736K, reserved 1048576K
2015-09-08T12:43:08.543+0200: 923.628: [GC (Allocation Failure) 923.628: [ParNew
Desired survivor size 20112992 bytes, new threshold 8 (max 8)
- age   1:    2534264 bytes,    2534264 total
- age   2:    6996840 bytes,    9531104 total
- age   3:    1946088 bytes,   11477192 total
- age   4:    1472776 bytes,   12949968 total
- age   5:    6839072 bytes,   19789040 total
: 109248K->21824K(109248K), 0.0102675 secs] 244814K->161668K(502464K), 0.0103139 secs] [Times: user=0.06 sys=0.00, real=0.01 secs] 
Heap after GC invocations=44 (full 1):
 par new generation   total 109248K, used 21824K [0x00000000e0000000, 0x00000000e8000000, 0x00000000e8000000)
  eden space 87424K,   0% used [0x00000000e0000000, 0x00000000e0000000, 0x00000000e5560000)
  from space 21824K, 100% used [0x00000000e5560000, 0x00000000e6ab0000, 0x00000000e6ab0000)
  to   space 21824K,   0% used [0x00000000e6ab0000, 0x00000000e6ab0000, 0x00000000e8000000)
 concurrent mark-sweep generation total 393216K, used 139844K [0x00000000e8000000, 0x0000000100000000, 0x0000000100000000)
 Metaspace       used 29964K, capacity 30290K, committed 30616K, reserved 1077248K
  class space    used 3501K, capacity 3651K, committed 3736K, reserved 1048576K
}
2015-09-08T12:43:08.553+0200: 923.638: Total time for which application threads were stopped: 0.0104598 seconds, Stopping threads took: 0.0000144 seconds
2015-09-08T12:43:08.742+0200: 923.827: Total time for which application threads were stopped: 0.0000634 seconds, Stopping threads took: 0.0000154 seconds
2015-09-08T12:43:09.743+0200: 924.827: Total time for which application threads were stopped: 0.0001626 seconds, Stopping threads took: 0.0000822 seconds
2015-09-08T12:43:09.772+0200: 924.857: Total time for which application threads were stopped: 0.0004029 seconds, Stopping threads took: 0.0000134 seconds
{Heap before GC invocations=44 (full 1):
 par new generation   total 109248K, used 109248K [0x00000000e0000000, 0x00000000e8000000, 0x00000000e8000000)
  eden space 87424K, 100% used [0x00000000e0000000, 0x00000000e5560000, 0x00000000e5560000)
  from space 21824K, 100% used [0x00000000e5560000, 0x00000000e6ab0000, 0x00000000e6ab0000)
  to   space 21824K,   0% used [0x00000000e6ab0000, 0x00000000e6ab0000, 0x00000000e8000000)
 concurrent mark-sweep generation total 393216K, used 139844K [0x00000000e8000000, 0x0000000100000000, 0x0000000100000000)
 Metaspace       used 30277K, capacity 30610K, committed 31128K, reserved 1077248K
  class space    used 3524K, capacity 3651K, committed 3736K, reserved 1048576K
2015-09-08T12:43:10.045+0200: 925.129: [GC (Allocation Failure) 925.129: [ParNew
Desired survivor size 20112992 bytes, new threshold 5 (max 8)
- age   1:    8691976 bytes,    8691976 total
- age   2:    2188424 bytes,   10880400 total
- age   3:    6858800 bytes,   17739200 total
- age   4:    1795128 bytes,   19534328 total
- age   5:    1371768 bytes,   20906096 total
- age   6:     559160 bytes,   21465256 total
: 109248K->21824K(109248K), 0.0117855 secs] 249092K->170493K(502464K), 0.0118348 secs] [Times: user=0.00 sys=0.00, real=0.01 secs] 
Heap after GC invocations=45 (full 1):
 par new generation   total 109248K, used 21824K [0x00000000e0000000, 0x00000000e8000000, 0x00000000e8000000)
  eden space 87424K,   0% used [0x00000000e0000000, 0x00000000e0000000, 0x00000000e5560000)
  from space 21824K, 100% used [0x00000000e6ab0000, 0x00000000e8000000, 0x00000000e8000000)
  to   space 21824K,   0% used [0x00000000e5560000, 0x00000000e5560000, 0x00000000e6ab0000)
 concurrent mark-sweep generation total 393216K, used 148669K [0x00000000e8000000, 0x0000000100000000, 0x0000000100000000)
 Metaspace       used 30277K, capacity 30610K, committed 31128K, reserved 1077248K
  class space    used 3524K, capacity 3651K, committed 3736K, reserved 1048576K
}
2015-09-08T12:43:10.057+0200: 925.141: Total time for which application threads were stopped: 0.0120271 seconds, Stopping threads took: 0.0000170 seconds
{Heap before GC invocations=45 (full 1):
 par new generation   total 109248K, used 109248K [0x00000000e0000000, 0x00000000e8000000, 0x00000000e8000000)
  eden space 87424K, 100% used [0x00000000e0000000, 0x00000000e5560000, 0x00000000e5560000)
  from space 21824K, 100% used [0x00000000e6ab0000, 0x00000000e8000000, 0x00000000e8000000)
  to   space 21824K,   0% used [0x00000000e5560000, 0x00000000e5560000, 0x00000000e6ab0000)
 concurrent mark-sweep generation total 393216K, used 148669K [0x00000000e8000000, 0x0000000100000000, 0x0000000100000000)
 Metaspace       used 30290K, capacity 30674K, committed 31128K, reserved 1077248K
  class space    used 3524K, capacity 3651K, committed 3736K, reserved 1048576K
2015-09-08T12:43:10.190+0200: 925.274: [GC (Allocation Failure) 925.274: [ParNew
Desired survivor size 20112992 bytes, new threshold 8 (max 8)
- age   1:     102776 bytes,     102776 total
- age   2:    7820144 bytes,    7922920 total
- age   3:    2188328 bytes,   10111248 total
- age   4:    6858736 bytes,   16969984 total
- age   5:    1794984 bytes,   18764968 total
: 109248K->21824K(109248K), 0.0167941 secs] 257917K->173228K(502464K), 0.0168450 secs] [Times: user=0.06 sys=0.00, real=0.02 secs] 
Heap after GC invocations=46 (full 1):
 par new generation   total 109248K, used 21824K [0x00000000e0000000, 0x00000000e8000000, 0x00000000e8000000)
  eden space 87424K,   0% used [0x00000000e0000000, 0x00000000e0000000, 0x00000000e5560000)
  from space 21824K, 100% used [0x00000000e5560000, 0x00000000e6ab0000, 0x00000000e6ab0000)
  to   space 21824K,   0% used [0x00000000e6ab0000, 0x00000000e6ab0000, 0x00000000e8000000)
 concurrent mark-sweep generation total 393216K, used 151404K [0x00000000e8000000, 0x0000000100000000, 0x0000000100000000)
 Metaspace       used 30290K, capacity 30674K, committed 31128K, reserved 1077248K
  class space    used 3524K, capacity 3651K, committed 3736K, reserved 1048576K
}
2015-09-08T12:43:10.207+0200: 925.291: Total time for which application threads were stopped: 0.0170191 seconds, Stopping threads took: 0.0000173 seconds
{Heap before GC invocations=46 (full 1):
 par new generation   total 109248K, used 109248K [0x00000000e0000000, 0x00000000e8000000, 0x00000000e8000000)
  eden space 87424K, 100% used [0x00000000e0000000, 0x00000000e5560000, 0x00000000e5560000)
  from space 21824K, 100% used [0x00000000e5560000, 0x00000000e6ab0000, 0x00000000e6ab0000)
  to   space 21824K,   0% used [0x00000000e6ab0000, 0x00000000e6ab0000, 0x00000000e8000000)
 concurrent mark-sweep generation total 393216K, used 151404K [0x00000000e8000000, 0x0000000100000000, 0x0000000100000000)
 Metaspace       used 30290K, capacity 30674K, committed 31128K, reserved 1077248K
  class space    used 3524K, capacity 3651K, committed 3736K, reserved 1048576K
2015-09-08T12:43:10.343+0200: 925.427: [GC (Allocation Failure) 925.427: [ParNew
Desired survivor size 20112992 bytes, new threshold 8 (max 8)
- age   1:     152544 bytes,     152544 total
- age   2:      24128 bytes,     176672 total
- age   3:    7820144 bytes,    7996816 total
- age   4:    2188328 bytes,   10185144 total
- age   5:    6858736 bytes,   17043880 total
- age   6:    1794984 bytes,   18838864 total
: 109248K->21824K(109248K), 0.0075052 secs] 260652K->173228K(502464K), 0.0075564 secs] [Times: user=0.00 sys=0.00, real=0.01 secs] 
Heap after GC invocations=47 (full 1):
 par new generation   total 109248K, used 21824K [0x00000000e0000000, 0x00000000e8000000, 0x00000000e8000000)
  eden space 87424K,   0% used [0x00000000e0000000, 0x00000000e0000000, 0x00000000e5560000)
  from space 21824K, 100% used [0x00000000e6ab0000, 0x00000000e8000000, 0x00000000e8000000)
  to   space 21824K,   0% used [0x00000000e5560000, 0x00000000e5560000, 0x00000000e6ab0000)
 concurrent mark-sweep generation total 393216K, used 151404K [0x00000000e8000000, 0x0000000100000000, 0x0000000100000000)
 Metaspace       used 30290K, capacity 30674K, committed 31128K, reserved 1077248K
  class space    used 3524K, capacity 3651K, committed 3736K, reserved 1048576K
}
2015-09-08T12:43:10.351+0200: 925.435: Total time for which application threads were stopped: 0.0077180 seconds, Stopping threads took: 0.0000163 seconds
{Heap before GC invocations=47 (full 1):
 par new generation   total 109248K, used 109248K [0x00000000e0000000, 0x00000000e8000000, 0x00000000e8000000)
  eden space 87424K, 100% used [0x00000000e0000000, 0x00000000e5560000, 0x00000000e5560000)
  from space 21824K, 100% used [0x00000000e6ab0000, 0x00000000e8000000, 0x00000000e8000000)
  to   space 21824K,   0% used [0x00000000e5560000, 0x00000000e5560000, 0x00000000e6ab0000)
 concurrent mark-sweep generation total 393216K, used 151404K [0x00000000e8000000, 0x0000000100000000, 0x0000000100000000)
 Metaspace       used 30290K, capacity 30674K, committed 31128K, reserved 1077248K
  class space    used 3524K, capacity 3651K, committed 3736K, reserved 1048576K
2015-09-08T12:43:10.507+0200: 925.592: [GC (Allocation Failure) 925.592: [ParNew
Desired survivor size 20112992 bytes, new threshold 8 (max 8)
- age   1:      63448 bytes,      63448 total
- age   2:     126456 bytes,     189904 total
- age   3:      24128 bytes,     214032 total
- age   4:    7820144 bytes,    8034176 total
- age   5:    2188328 bytes,   10222504 total
- age   6:    6858736 bytes,   17081240 total
- age   7:    1794984 bytes,   18876224 total
: 109248K->20908K(109248K), 0.0063360 secs] 260652K->172312K(502464K), 0.0063840 secs] [Times: user=0.06 sys=0.00, real=0.01 secs] 
Heap after GC invocations=48 (full 1):
 par new generation   total 109248K, used 20908K [0x00000000e0000000, 0x00000000e8000000, 0x00000000e8000000)
  eden space 87424K,   0% used [0x00000000e0000000, 0x00000000e0000000, 0x00000000e5560000)
  from space 21824K,  95% used [0x00000000e5560000, 0x00000000e69cb068, 0x00000000e6ab0000)
  to   space 21824K,   0% used [0x00000000e6ab0000, 0x00000000e6ab0000, 0x00000000e8000000)
 concurrent mark-sweep generation total 393216K, used 151404K [0x00000000e8000000, 0x0000000100000000, 0x0000000100000000)
 Metaspace       used 30290K, capacity 30674K, committed 31128K, reserved 1077248K
  class space    used 3524K, capacity 3651K, committed 3736K, reserved 1048576K
}
2015-09-08T12:43:10.514+0200: 925.598: Total time for which application threads were stopped: 0.0065574 seconds, Stopping threads took: 0.0000176 seconds
2015-09-08T12:43:10.580+0200: 925.664: Total time for which application threads were stopped: 0.0001091 seconds, Stopping threads took: 0.0000243 seconds
{Heap before GC invocations=48 (full 1):
 par new generation   total 109248K, used 108332K [0x00000000e0000000, 0x00000000e8000000, 0x00000000e8000000)
  eden space 87424K, 100% used [0x00000000e0000000, 0x00000000e5560000, 0x00000000e5560000)
  from space 21824K,  95% used [0x00000000e5560000, 0x00000000e69cb068, 0x00000000e6ab0000)
  to   space 21824K,   0% used [0x00000000e6ab0000, 0x00000000e6ab0000, 0x00000000e8000000)
 concurrent mark-sweep generation total 393216K, used 151404K [0x00000000e8000000, 0x0000000100000000, 0x0000000100000000)
 Metaspace       used 30294K, capacity 30674K, committed 31128K, reserved 1077248K
  class space    used 3525K, capacity 3651K, committed 3736K, reserved 1048576K
2015-09-08T12:43:10.726+0200: 925.810: [GC (Allocation Failure) 925.810: [ParNew
Desired survivor size 20112992 bytes, new threshold 8 (max 8)
- age   1:     170240 bytes,     170240 total
- age   2:      13312 bytes,     183552 total
- age   3:      98920 bytes,     282472 total
- age   4:      24064 bytes,     306536 total
- age   5:    7819960 bytes,    8126496 total
- age   6:    2188328 bytes,   10314824 total
- age   7:    6858736 bytes,   17173560 total
- age   8:    1794984 bytes,   18968544 total
: 108332K->19624K(109248K), 0.0061990 secs] 259736K->171029K(502464K), 0.0062492 secs] [Times: user=0.06 sys=0.00, real=0.01 secs] 
Heap after GC invocations=49 (full 1):
 par new generation   total 109248K, used 19624K [0x00000000e0000000, 0x00000000e8000000, 0x00000000e8000000)
  eden space 87424K,   0% used [0x00000000e0000000, 0x00000000e0000000, 0x00000000e5560000)
  from space 21824K,  89% used [0x00000000e6ab0000, 0x00000000e7dda3a0, 0x00000000e8000000)
  to   space 21824K,   0% used [0x00000000e5560000, 0x00000000e5560000, 0x00000000e6ab0000)
 concurrent mark-sweep generation total 393216K, used 151404K [0x00000000e8000000, 0x0000000100000000, 0x0000000100000000)
 Metaspace       used 30294K, capacity 30674K, committed 31128K, reserved 1077248K
  class space    used 3525K, capacity 3651K, committed 3736K, reserved 1048576K
}
2015-09-08T12:43:10.732+0200: 925.817: Total time for which application threads were stopped: 0.0064313 seconds, Stopping threads took: 0.0000227 seconds
{Heap before GC invocations=49 (full 1):
 par new generation   total 109248K, used 107048K [0x00000000e0000000, 0x00000000e8000000, 0x00000000e8000000)
  eden space 87424K, 100% used [0x00000000e0000000, 0x00000000e5560000, 0x00000000e5560000)
  from space 21824K,  89% used [0x00000000e6ab0000, 0x00000000e7dda3a0, 0x00000000e8000000)
  to   space 21824K,   0% used [0x00000000e5560000, 0x00000000e5560000, 0x00000000e6ab0000)
 concurrent mark-sweep generation total 393216K, used 151404K [0x00000000e8000000, 0x0000000100000000, 0x0000000100000000)
 Metaspace       used 30296K, capacity 30674K, committed 31128K, reserved 1077248K
  class space    used 3525K, capacity 3651K, committed 3736K, reserved 1048576K
2015-09-08T12:43:10.847+0200: 925.931: [GC (Allocation Failure) 925.931: [ParNew
Desired survivor size 20112992 bytes, new threshold 8 (max 8)
- age   1:     121104 bytes,     121104 total
- age   2:      94936 bytes,     216040 total
- age   3:      13312 bytes,     229352 total
- age   4:      98920 bytes,     328272 total
- age   5:      24064 bytes,     352336 total
- age   6:    7819960 bytes,    8172296 total
- age   7:    2188328 bytes,   10360624 total
- age   8:    6858736 bytes,   17219360 total
: 107048K->21223K(109248K), 0.0064073 secs] 258453K->174399K(502464K), 0.0064505 secs] [Times: user=0.00 sys=0.00, real=0.01 secs] 
Heap after GC invocations=50 (full 1):
 par new generation   total 109248K, used 21223K [0x00000000e0000000, 0x00000000e8000000, 0x00000000e8000000)
  eden space 87424K,   0% used [0x00000000e0000000, 0x00000000e0000000, 0x00000000e5560000)
  from space 21824K,  97% used [0x00000000e5560000, 0x00000000e6a19ee8, 0x00000000e6ab0000)
  to   space 21824K,   0% used [0x00000000e6ab0000, 0x00000000e6ab0000, 0x00000000e8000000)
 concurrent mark-sweep generation total 393216K, used 153175K [0x00000000e8000000, 0x0000000100000000, 0x0000000100000000)
 Metaspace       used 30296K, capacity 30674K, committed 31128K, reserved 1077248K
  class space    used 3525K, capacity 3651K, committed 3736K, reserved 1048576K
}
2015-09-08T12:43:10.853+0200: 925.938: Total time for which application threads were stopped: 0.0066073 seconds, Stopping threads took: 0.0000160 seconds
2015-09-08T12:43:10.995+0200: 926.080: Total time for which application threads were stopped: 0.0000826 seconds, Stopping threads took: 0.0000160 seconds
2015-09-08T12:43:10.996+0200: 926.080: Total time for which application threads were stopped: 0.0000534 seconds, Stopping threads took: 0.0000096 seconds
{Heap before GC invocations=50 (full 1):
 par new generation   total 109248K, used 108647K [0x00000000e0000000, 0x00000000e8000000, 0x00000000e8000000)
  eden space 87424K, 100% used [0x00000000e0000000, 0x00000000e5560000, 0x00000000e5560000)
  from space 21824K,  97% used [0x00000000e5560000, 0x00000000e6a19ee8, 0x00000000e6ab0000)
  to   space 21824K,   0% used [0x00000000e6ab0000, 0x00000000e6ab0000, 0x00000000e8000000)
 concurrent mark-sweep generation total 393216K, used 153175K [0x00000000e8000000, 0x0000000100000000, 0x0000000100000000)
 Metaspace       used 30313K, capacity 30706K, committed 31128K, reserved 1077248K
  class space    used 3528K, capacity 3683K, committed 3736K, reserved 1048576K
2015-09-08T12:43:11.049+0200: 926.133: [GC (Allocation Failure) 926.133: [ParNew
Desired survivor size 20112992 bytes, new threshold 8 (max 8)
- age   1:     944000 bytes,     944000 total
- age   2:        824 bytes,     944824 total
- age   3:      94936 bytes,    1039760 total
- age   4:      13312 bytes,    1053072 total
- age   5:      98920 bytes,    1151992 total
- age   6:      24064 bytes,    1176056 total
- age   7:    7775928 bytes,    8951984 total
- age   8:    2121896 bytes,   11073880 total
: 108647K->12106K(109248K), 0.0092742 secs] 261823K->171894K(502464K), 0.0093449 secs] [Times: user=0.00 sys=0.00, real=0.01 secs] 
Heap after GC invocations=51 (full 1):
 par new generation   total 109248K, used 12106K [0x00000000e0000000, 0x00000000e8000000, 0x00000000e8000000)
  eden space 87424K,   0% used [0x00000000e0000000, 0x00000000e0000000, 0x00000000e5560000)
  from space 21824K,  55% used [0x00000000e6ab0000, 0x00000000e76829f0, 0x00000000e8000000)
  to   space 21824K,   0% used [0x00000000e5560000, 0x00000000e5560000, 0x00000000e6ab0000)
 concurrent mark-sweep generation total 393216K, used 159788K [0x00000000e8000000, 0x0000000100000000, 0x0000000100000000)
 Metaspace       used 30313K, capacity 30706K, committed 31128K, reserved 1077248K
  class space    used 3528K, capacity 3683K, committed 3736K, reserved 1048576K
}
2015-09-08T12:43:11.058+0200: 926.142: Total time for which application threads were stopped: 0.0095641 seconds, Stopping threads took: 0.0000192 seconds
{Heap before GC invocations=51 (full 1):
 par new generation   total 109248K, used 99530K [0x00000000e0000000, 0x00000000e8000000, 0x00000000e8000000)
  eden space 87424K, 100% used [0x00000000e0000000, 0x00000000e5560000, 0x00000000e5560000)
  from space 21824K,  55% used [0x00000000e6ab0000, 0x00000000e76829f0, 0x00000000e8000000)
  to   space 21824K,   0% used [0x00000000e5560000, 0x00000000e5560000, 0x00000000e6ab0000)
 concurrent mark-sweep generation total 393216K, used 159788K [0x00000000e8000000, 0x0000000100000000, 0x0000000100000000)
 Metaspace       used 30313K, capacity 30706K, committed 31128K, reserved 1077248K
  class space    used 3528K, capacity 3683K, committed 3736K, reserved 1048576K
2015-09-08T12:43:11.351+0200: 926.436: [GC (Allocation Failure) 926.436: [ParNew
Desired survivor size 20112992 bytes, new threshold 8 (max 8)
- age   1:    4260440 bytes,    4260440 total
- age   2:     644984 bytes,    4905424 total
- age   3:        824 bytes,    4906248 total
- age   4:      94936 bytes,    5001184 total
- age   5:      13312 bytes,    5014496 total
- age   6:      98920 bytes,    5113416 total
- age   7:      24064 bytes,    5137480 total
- age   8:    7775928 bytes,   12913408 total
: 99530K->13581K(109248K), 0.0074067 secs] 259318K->175453K(502464K), 0.0074659 secs] [Times: user=0.06 sys=0.00, real=0.01 secs] 
Heap after GC invocations=52 (full 1):
 par new generation   total 109248K, used 13581K [0x00000000e0000000, 0x00000000e8000000, 0x00000000e8000000)
  eden space 87424K,   0% used [0x00000000e0000000, 0x00000000e0000000, 0x00000000e5560000)
  from space 21824K,  62% used [0x00000000e5560000, 0x00000000e62a3648, 0x00000000e6ab0000)
  to   space 21824K,   0% used [0x00000000e6ab0000, 0x00000000e6ab0000, 0x00000000e8000000)
 concurrent mark-sweep generation total 393216K, used 161871K [0x00000000e8000000, 0x0000000100000000, 0x0000000100000000)
 Metaspace       used 30313K, capacity 30706K, committed 31128K, reserved 1077248K
  class space    used 3528K, capacity 3683K, committed 3736K, reserved 1048576K
}
2015-09-08T12:43:11.359+0200: 926.443: Total time for which application threads were stopped: 0.0076233 seconds, Stopping threads took: 0.0000138 seconds
{Heap before GC invocations=52 (full 1):
 par new generation   total 109248K, used 101005K [0x00000000e0000000, 0x00000000e8000000, 0x00000000e8000000)
  eden space 87424K, 100% used [0x00000000e0000000, 0x00000000e5560000, 0x00000000e5560000)
  from space 21824K,  62% used [0x00000000e5560000, 0x00000000e62a3648, 0x00000000e6ab0000)
  to   space 21824K,   0% used [0x00000000e6ab0000, 0x00000000e6ab0000, 0x00000000e8000000)
 concurrent mark-sweep generation total 393216K, used 161871K [0x00000000e8000000, 0x0000000100000000, 0x0000000100000000)
 Metaspace       used 30313K, capacity 30706K, committed 31128K, reserved 1077248K
  class space    used 3528K, capacity 3683K, committed 3736K, reserved 1048576K
2015-09-08T12:43:11.646+0200: 926.730: [GC (Allocation Failure) 926.730: [ParNew
Desired survivor size 20112992 bytes, new threshold 8 (max 8)
- age   1:    5342976 bytes,    5342976 total
- age   2:    2757120 bytes,    8100096 total
- age   3:     644680 bytes,    8744776 total
- age   4:        824 bytes,    8745600 total
- age   5:      94936 bytes,    8840536 total
- age   6:      13312 bytes,    8853848 total
- age   7:      98920 bytes,    8952768 total
- age   8:      24064 bytes,    8976832 total
: 101005K->11038K(109248K), 0.0078332 secs] 262877K->180512K(502464K), 0.0078816 secs] [Times: user=0.06 sys=0.00, real=0.01 secs] 
Heap after GC invocations=53 (full 1):
 par new generation   total 109248K, used 11038K [0x00000000e0000000, 0x00000000e8000000, 0x00000000e8000000)
  eden space 87424K,   0% used [0x00000000e0000000, 0x00000000e0000000, 0x00000000e5560000)
  from space 21824K,  50% used [0x00000000e6ab0000, 0x00000000e7577900, 0x00000000e8000000)
  to   space 21824K,   0% used [0x00000000e5560000, 0x00000000e5560000, 0x00000000e6ab0000)
 concurrent mark-sweep generation total 393216K, used 169474K [0x00000000e8000000, 0x0000000100000000, 0x0000000100000000)
 Metaspace       used 30313K, capacity 30706K, committed 31128K, reserved 1077248K
  class space    used 3528K, capacity 3683K, committed 3736K, reserved 1048576K
}
2015-09-08T12:43:11.654+0200: 926.738: Total time for which application threads were stopped: 0.0080342 seconds, Stopping threads took: 0.0000147 seconds
{Heap before GC invocations=53 (full 1):
 par new generation   total 109248K, used 98462K [0x00000000e0000000, 0x00000000e8000000, 0x00000000e8000000)
  eden space 87424K, 100% used [0x00000000e0000000, 0x00000000e5560000, 0x00000000e5560000)
  from space 21824K,  50% used [0x00000000e6ab0000, 0x00000000e7577900, 0x00000000e8000000)
  to   space 21824K,   0% used [0x00000000e5560000, 0x00000000e5560000, 0x00000000e6ab0000)
 concurrent mark-sweep generation total 393216K, used 169474K [0x00000000e8000000, 0x0000000100000000, 0x0000000100000000)
 Metaspace       used 30313K, capacity 30706K, committed 31128K, reserved 1077248K
  class space    used 3528K, capacity 3683K, committed 3736K, reserved 1048576K
2015-09-08T12:43:11.938+0200: 927.023: [GC (Allocation Failure) 927.023: [ParNew
Desired survivor size 20112992 bytes, new threshold 8 (max 8)
- age   1:    5321320 bytes,    5321320 total
- age   2:    3527888 bytes,    8849208 total
- age   3:    2756080 bytes,   11605288 total
- age   4:     644680 bytes,   12249968 total
- age   5:        824 bytes,   12250792 total
- age   6:      94936 bytes,   12345728 total
- age   7:      13312 bytes,   12359040 total
- age   8:      98920 bytes,   12457960 total
: 98462K->14231K(109248K), 0.0071024 secs] 267936K->183729K(502464K), 0.0071699 secs] [Times: user=0.00 sys=0.00, real=0.01 secs] 
Heap after GC invocations=54 (full 1):
 par new generation   total 109248K, used 14231K [0x00000000e0000000, 0x00000000e8000000, 0x00000000e8000000)
  eden space 87424K,   0% used [0x00000000e0000000, 0x00000000e0000000, 0x00000000e5560000)
  from space 21824K,  65% used [0x00000000e5560000, 0x00000000e6345e58, 0x00000000e6ab0000)
  to   space 21824K,   0% used [0x00000000e6ab0000, 0x00000000e6ab0000, 0x00000000e8000000)
 concurrent mark-sweep generation total 393216K, used 169498K [0x00000000e8000000, 0x0000000100000000, 0x0000000100000000)
 Metaspace       used 30313K, capacity 30706K, committed 31128K, reserved 1077248K
  class space    used 3528K, capacity 3683K, committed 3736K, reserved 1048576K
}
2015-09-08T12:43:11.946+0200: 927.030: Total time for which application threads were stopped: 0.0073456 seconds, Stopping threads took: 0.0000259 seconds
{Heap before GC invocations=54 (full 1):
 par new generation   total 109248K, used 101655K [0x00000000e0000000, 0x00000000e8000000, 0x00000000e8000000)
  eden space 87424K, 100% used [0x00000000e0000000, 0x00000000e5560000, 0x00000000e5560000)
  from space 21824K,  65% used [0x00000000e5560000, 0x00000000e6345e58, 0x00000000e6ab0000)
  to   space 21824K,   0% used [0x00000000e6ab0000, 0x00000000e6ab0000, 0x00000000e8000000)
 concurrent mark-sweep generation total 393216K, used 169498K [0x00000000e8000000, 0x0000000100000000, 0x0000000100000000)
 Metaspace       used 30313K, capacity 30706K, committed 31128K, reserved 1077248K
  class space    used 3528K, capacity 3683K, committed 3736K, reserved 1048576K
2015-09-08T12:43:12.242+0200: 927.326: [GC (Allocation Failure) 927.326: [ParNew
Desired survivor size 20112992 bytes, new threshold 8 (max 8)
- age   1:    7433744 bytes,    7433744 total
- age   2:    2724384 bytes,   10158128 total
- age   3:    2733168 bytes,   12891296 total
- age   4:    2756080 bytes,   15647376 total
- age   5:     644680 bytes,   16292056 total
- age   6:        824 bytes,   16292880 total
- age   7:      94936 bytes,   16387816 total
- age   8:      13312 bytes,   16401128 total
: 101655K->21271K(109248K), 0.0084911 secs] 271153K->191890K(502464K), 0.0085311 secs] [Times: user=0.06 sys=0.00, real=0.01 secs] 
Heap after GC invocations=55 (full 1):
 par new generation   total 109248K, used 21271K [0x00000000e0000000, 0x00000000e8000000, 0x00000000e8000000)
  eden space 87424K,   0% used [0x00000000e0000000, 0x00000000e0000000, 0x00000000e5560000)
  from space 21824K,  97% used [0x00000000e6ab0000, 0x00000000e7f75dc8, 0x00000000e8000000)
  to   space 21824K,   0% used [0x00000000e5560000, 0x00000000e5560000, 0x00000000e6ab0000)
 concurrent mark-sweep generation total 393216K, used 170618K [0x00000000e8000000, 0x0000000100000000, 0x0000000100000000)
 Metaspace       used 30313K, capacity 30706K, committed 31128K, reserved 1077248K
  class space    used 3528K, capacity 3683K, committed 3736K, reserved 1048576K
}
2015-09-08T12:43:12.250+0200: 927.335: Total time for which application threads were stopped: 0.0087452 seconds, Stopping threads took: 0.0000304 seconds
{Heap before GC invocations=55 (full 1):
 par new generation   total 109248K, used 108695K [0x00000000e0000000, 0x00000000e8000000, 0x00000000e8000000)
  eden space 87424K, 100% used [0x00000000e0000000, 0x00000000e5560000, 0x00000000e5560000)
  from space 21824K,  97% used [0x00000000e6ab0000, 0x00000000e7f75dc8, 0x00000000e8000000)
  to   space 21824K,   0% used [0x00000000e5560000, 0x00000000e5560000, 0x00000000e6ab0000)
 concurrent mark-sweep generation total 393216K, used 170618K [0x00000000e8000000, 0x0000000100000000, 0x0000000100000000)
 Metaspace       used 30313K, capacity 30706K, committed 31128K, reserved 1077248K
  class space    used 3528K, capacity 3683K, committed 3736K, reserved 1048576K
2015-09-08T12:43:12.546+0200: 927.630: [GC (Allocation Failure) 927.630: [ParNew
Desired survivor size 20112992 bytes, new threshold 8 (max 8)
- age   1:    6632720 bytes,    6632720 total
- age   2:    4156880 bytes,   10789600 total
- age   3:    2658832 bytes,   13448432 total
- age   4:    2716768 bytes,   16165200 total
- age   5:    2751808 bytes,   18917008 total
- age   6:     644680 bytes,   19561688 total
- age   7:        824 bytes,   19562512 total
- age   8:      94936 bytes,   19657448 total
: 108695K->21824K(109248K), 0.0083497 secs] 279314K->192455K(502464K), 0.0083977 secs] [Times: user=0.00 sys=0.00, real=0.01 secs] 
Heap after GC invocations=56 (full 1):
 par new generation   total 109248K, used 21824K [0x00000000e0000000, 0x00000000e8000000, 0x00000000e8000000)
  eden space 87424K,   0% used [0x00000000e0000000, 0x00000000e0000000, 0x00000000e5560000)
  from space 21824K, 100% used [0x00000000e5560000, 0x00000000e6ab0000, 0x00000000e6ab0000)
  to   space 21824K,   0% used [0x00000000e6ab0000, 0x00000000e6ab0000, 0x00000000e8000000)
 concurrent mark-sweep generation total 393216K, used 170631K [0x00000000e8000000, 0x0000000100000000, 0x0000000100000000)
 Metaspace       used 30313K, capacity 30706K, committed 31128K, reserved 1077248K
  class space    used 3528K, capacity 3683K, committed 3736K, reserved 1048576K
}
2015-09-08T12:43:12.554+0200: 927.639: Total time for which application threads were stopped: 0.0085587 seconds, Stopping threads took: 0.0000138 seconds
{Heap before GC invocations=56 (full 1):
 par new generation   total 109248K, used 109248K [0x00000000e0000000, 0x00000000e8000000, 0x00000000e8000000)
  eden space 87424K, 100% used [0x00000000e0000000, 0x00000000e5560000, 0x00000000e5560000)
  from space 21824K, 100% used [0x00000000e5560000, 0x00000000e6ab0000, 0x00000000e6ab0000)
  to   space 21824K,   0% used [0x00000000e6ab0000, 0x00000000e6ab0000, 0x00000000e8000000)
 concurrent mark-sweep generation total 393216K, used 170631K [0x00000000e8000000, 0x0000000100000000, 0x0000000100000000)
 Metaspace       used 30313K, capacity 30706K, committed 31128K, reserved 1077248K
  class space    used 3528K, capacity 3683K, committed 3736K, reserved 1048576K
2015-09-08T12:43:12.873+0200: 927.957: [GC (Allocation Failure) 927.957: [ParNew
Desired survivor size 20112992 bytes, new threshold 8 (max 8)
- age   1:    3301360 bytes,    3301360 total
- age   2:    2740328 bytes,    6041688 total
- age   3:    3835816 bytes,    9877504 total
- age   4:    2618416 bytes,   12495920 total
- age   5:    2678816 bytes,   15174736 total
- age   6:    2714320 bytes,   17889056 total
- age   7:     509816 bytes,   18398872 total
- age   8:        824 bytes,   18399696 total
: 109248K->21824K(109248K), 0.0101241 secs] 279879K->196797K(502464K), 0.0101753 secs] [Times: user=0.00 sys=0.00, real=0.01 secs] 
Heap after GC invocations=57 (full 1):
 par new generation   total 109248K, used 21824K [0x00000000e0000000, 0x00000000e8000000, 0x00000000e8000000)
  eden space 87424K,   0% used [0x00000000e0000000, 0x00000000e0000000, 0x00000000e5560000)
  from space 21824K, 100% used [0x00000000e6ab0000, 0x00000000e8000000, 0x00000000e8000000)
  to   space 21824K,   0% used [0x00000000e5560000, 0x00000000e5560000, 0x00000000e6ab0000)
 concurrent mark-sweep generation total 393216K, used 174973K [0x00000000e8000000, 0x0000000100000000, 0x0000000100000000)
 Metaspace       used 30313K, capacity 30706K, committed 31128K, reserved 1077248K
  class space    used 3528K, capacity 3683K, committed 3736K, reserved 1048576K
}
2015-09-08T12:43:12.883+0200: 927.967: Total time for which application threads were stopped: 0.0103187 seconds, Stopping threads took: 0.0000160 seconds
{Heap before GC invocations=57 (full 1):
 par new generation   total 109248K, used 109248K [0x00000000e0000000, 0x00000000e8000000, 0x00000000e8000000)
  eden space 87424K, 100% used [0x00000000e0000000, 0x00000000e5560000, 0x00000000e5560000)
  from space 21824K, 100% used [0x00000000e6ab0000, 0x00000000e8000000, 0x00000000e8000000)
  to   space 21824K,   0% used [0x00000000e5560000, 0x00000000e5560000, 0x00000000e6ab0000)
 concurrent mark-sweep generation total 393216K, used 174973K [0x00000000e8000000, 0x0000000100000000, 0x0000000100000000)
 Metaspace       used 30313K, capacity 30706K, committed 31128K, reserved 1077248K
  class space    used 3528K, capacity 3683K, committed 3736K, reserved 1048576K
2015-09-08T12:43:13.175+0200: 928.260: [GC (Allocation Failure) 928.260: [ParNew
Desired survivor size 20112992 bytes, new threshold 8 (max 8)
- age   1:    2018080 bytes,    2018080 total
- age   2:    2454120 bytes,    4472200 total
- age   3:    2576704 bytes,    7048904 total
- age   4:    3379128 bytes,   10428032 total
- age   5:    2425824 bytes,   12853856 total
- age   6:    2451056 bytes,   15304912 total
- age   7:    2451592 bytes,   17756504 total
- age   8:     417536 bytes,   18174040 total
: 109248K->21824K(109248K), 0.0104220 secs] 284221K->204304K(502464K), 0.0104703 secs] [Times: user=0.06 sys=0.00, real=0.01 secs] 
Heap after GC invocations=58 (full 1):
 par new generation   total 109248K, used 21824K [0x00000000e0000000, 0x00000000e8000000, 0x00000000e8000000)
  eden space 87424K,   0% used [0x00000000e0000000, 0x00000000e0000000, 0x00000000e5560000)
  from space 21824K, 100% used [0x00000000e5560000, 0x00000000e6ab0000, 0x00000000e6ab0000)
  to   space 21824K,   0% used [0x00000000e6ab0000, 0x00000000e6ab0000, 0x00000000e8000000)
 concurrent mark-sweep generation total 393216K, used 182480K [0x00000000e8000000, 0x0000000100000000, 0x0000000100000000)
 Metaspace       used 30313K, capacity 30706K, committed 31128K, reserved 1077248K
  class space    used 3528K, capacity 3683K, committed 3736K, reserved 1048576K
}
2015-09-08T12:43:13.186+0200: 928.270: Total time for which application threads were stopped: 0.0106140 seconds, Stopping threads took: 0.0000138 seconds
2015-09-08T12:43:13.231+0200: 928.315: Total time for which application threads were stopped: 0.0000989 seconds, Stopping threads took: 0.0000278 seconds
2015-09-08T12:43:13.231+0200: 928.316: Total time for which application threads were stopped: 0.0000944 seconds, Stopping threads took: 0.0000602 seconds
2015-09-08T12:43:13.267+0200: 928.352: Total time for which application threads were stopped: 0.0001350 seconds, Stopping threads took: 0.0000429 seconds
2015-09-08T12:43:13.268+0200: 928.353: Total time for which application threads were stopped: 0.0001091 seconds, Stopping threads took: 0.0000218 seconds
2015-09-08T12:43:13.277+0200: 928.362: Total time for which application threads were stopped: 0.0004576 seconds, Stopping threads took: 0.0003565 seconds
2015-09-08T12:43:13.278+0200: 928.362: Total time for which application threads were stopped: 0.0001152 seconds, Stopping threads took: 0.0000256 seconds
{Heap before GC invocations=58 (full 1):
 par new generation   total 109248K, used 109248K [0x00000000e0000000, 0x00000000e8000000, 0x00000000e8000000)
  eden space 87424K, 100% used [0x00000000e0000000, 0x00000000e5560000, 0x00000000e5560000)
  from space 21824K, 100% used [0x00000000e5560000, 0x00000000e6ab0000, 0x00000000e6ab0000)
  to   space 21824K,   0% used [0x00000000e6ab0000, 0x00000000e6ab0000, 0x00000000e8000000)
 concurrent mark-sweep generation total 393216K, used 182480K [0x00000000e8000000, 0x0000000100000000, 0x0000000100000000)
 Metaspace       used 30318K, capacity 30706K, committed 31128K, reserved 1077248K
  class space    used 3528K, capacity 3683K, committed 3736K, reserved 1048576K
2015-09-08T12:43:13.502+0200: 928.586: [GC (Allocation Failure) 928.586: [ParNew
Desired survivor size 20112992 bytes, new threshold 8 (max 8)
- age   1:    3377304 bytes,    3377304 total
- age   2:    1892592 bytes,    5269896 total
- age   3:    2314944 bytes,    7584840 total
- age   4:    2450344 bytes,   10035184 total
- age   5:    3111120 bytes,   13146304 total
- age   6:    1923856 bytes,   15070160 total
- age   7:    1957888 bytes,   17028048 total
- age   8:    1974568 bytes,   19002616 total
: 109248K->21824K(109248K), 0.0100995 secs] 291728K->207430K(502464K), 0.0101571 secs] [Times: user=0.06 sys=0.00, real=0.01 secs] 
Heap after GC invocations=59 (full 1):
 par new generation   total 109248K, used 21824K [0x00000000e0000000, 0x00000000e8000000, 0x00000000e8000000)
  eden space 87424K,   0% used [0x00000000e0000000, 0x00000000e0000000, 0x00000000e5560000)
  from space 21824K, 100% used [0x00000000e6ab0000, 0x00000000e8000000, 0x00000000e8000000)
  to   space 21824K,   0% used [0x00000000e5560000, 0x00000000e5560000, 0x00000000e6ab0000)
 concurrent mark-sweep generation total 393216K, used 185606K [0x00000000e8000000, 0x0000000100000000, 0x0000000100000000)
 Metaspace       used 30318K, capacity 30706K, committed 31128K, reserved 1077248K
  class space    used 3528K, capacity 3683K, committed 3736K, reserved 1048576K
}
2015-09-08T12:43:13.512+0200: 928.596: Total time for which application threads were stopped: 0.0103203 seconds, Stopping threads took: 0.0000208 seconds
2015-09-08T12:43:13.584+0200: 928.668: Total time for which application threads were stopped: 0.0001408 seconds, Stopping threads took: 0.0000256 seconds
{Heap before GC invocations=59 (full 1):
 par new generation   total 109248K, used 109248K [0x00000000e0000000, 0x00000000e8000000, 0x00000000e8000000)
  eden space 87424K, 100% used [0x00000000e0000000, 0x00000000e5560000, 0x00000000e5560000)
  from space 21824K, 100% used [0x00000000e6ab0000, 0x00000000e8000000, 0x00000000e8000000)
  to   space 21824K,   0% used [0x00000000e5560000, 0x00000000e5560000, 0x00000000e6ab0000)
 concurrent mark-sweep generation total 393216K, used 185606K [0x00000000e8000000, 0x0000000100000000, 0x0000000100000000)
 Metaspace       used 30318K, capacity 30706K, committed 31128K, reserved 1077248K
  class space    used 3528K, capacity 3683K, committed 3736K, reserved 1048576K
2015-09-08T12:43:13.652+0200: 928.737: [GC (Allocation Failure) 928.737: [ParNew
Desired survivor size 20112992 bytes, new threshold 8 (max 8)
- age   1:    2699592 bytes,    2699592 total
- age   2:    2606056 bytes,    5305648 total
- age   3:    1892592 bytes,    7198240 total
- age   4:    2314944 bytes,    9513184 total
- age   5:    2450344 bytes,   11963528 total
- age   6:    3111120 bytes,   15074648 total
- age   7:    1923856 bytes,   16998504 total
- age   8:    1957888 bytes,   18956392 total
: 109248K->21824K(109248K), 0.0093638 secs] 294854K->209371K(502464K), 0.0094479 secs] [Times: user=0.00 sys=0.00, real=0.01 secs] 
Heap after GC invocations=60 (full 1):
 par new generation   total 109248K, used 21824K [0x00000000e0000000, 0x00000000e8000000, 0x00000000e8000000)
  eden space 87424K,   0% used [0x00000000e0000000, 0x00000000e0000000, 0x00000000e5560000)
  from space 21824K, 100% used [0x00000000e5560000, 0x00000000e6ab0000, 0x00000000e6ab0000)
  to   space 21824K,   0% used [0x00000000e6ab0000, 0x00000000e6ab0000, 0x00000000e8000000)
 concurrent mark-sweep generation total 393216K, used 187547K [0x00000000e8000000, 0x0000000100000000, 0x0000000100000000)
 Metaspace       used 30318K, capacity 30706K, committed 31128K, reserved 1077248K
  class space    used 3528K, capacity 3683K, committed 3736K, reserved 1048576K
}
2015-09-08T12:43:13.662+0200: 928.746: Total time for which application threads were stopped: 0.0096399 seconds, Stopping threads took: 0.0000291 seconds
{Heap before GC invocations=60 (full 1):
 par new generation   total 109248K, used 109248K [0x00000000e0000000, 0x00000000e8000000, 0x00000000e8000000)
  eden space 87424K, 100% used [0x00000000e0000000, 0x00000000e5560000, 0x00000000e5560000)
  from space 21824K, 100% used [0x00000000e5560000, 0x00000000e6ab0000, 0x00000000e6ab0000)
  to   space 21824K,   0% used [0x00000000e6ab0000, 0x00000000e6ab0000, 0x00000000e8000000)
 concurrent mark-sweep generation total 393216K, used 187547K [0x00000000e8000000, 0x0000000100000000, 0x0000000100000000)
 Metaspace       used 30318K, capacity 30706K, committed 31128K, reserved 1077248K
  class space    used 3528K, capacity 3683K, committed 3736K, reserved 1048576K
2015-09-08T12:43:13.754+0200: 928.839: [GC (Allocation Failure) 928.839: [ParNew
Desired survivor size 20112992 bytes, new threshold 8 (max 8)
- age   1:    2754048 bytes,    2754048 total
- age   2:    1400456 bytes,    4154504 total
- age   3:    2265920 bytes,    6420424 total
- age   4:    1879968 bytes,    8300392 total
- age   5:    2303896 bytes,   10604288 total
- age   6:    2439800 bytes,   13044088 total
- age   7:    3101056 bytes,   16145144 total
- age   8:    1912976 bytes,   18058120 total
: 109248K->21824K(109248K), 0.0077939 secs] 296795K->211690K(502464K), 0.0078435 secs] [Times: user=0.06 sys=0.00, real=0.01 secs] 
Heap after GC invocations=61 (full 1):
 par new generation   total 109248K, used 21824K [0x00000000e0000000, 0x00000000e8000000, 0x00000000e8000000)
  eden space 87424K,   0% used [0x00000000e0000000, 0x00000000e0000000, 0x00000000e5560000)
  from space 21824K, 100% used [0x00000000e6ab0000, 0x00000000e8000000, 0x00000000e8000000)
  to   space 21824K,   0% used [0x00000000e5560000, 0x00000000e5560000, 0x00000000e6ab0000)
 concurrent mark-sweep generation total 393216K, used 189866K [0x00000000e8000000, 0x0000000100000000, 0x0000000100000000)
 Metaspace       used 30318K, capacity 30706K, committed 31128K, reserved 1077248K
  class space    used 3528K, capacity 3683K, committed 3736K, reserved 1048576K
}
2015-09-08T12:43:13.762+0200: 928.847: Total time for which application threads were stopped: 0.0080134 seconds, Stopping threads took: 0.0000246 seconds
2015-09-08T12:43:13.808+0200: 928.892: Total time for which application threads were stopped: 0.0001376 seconds, Stopping threads took: 0.0000291 seconds
2015-09-08T12:43:13.808+0200: 928.893: Total time for which application threads were stopped: 0.0001456 seconds, Stopping threads took: 0.0000461 seconds
2015-09-08T12:43:13.817+0200: 928.902: Total time for which application threads were stopped: 0.0001123 seconds, Stopping threads took: 0.0000224 seconds
2015-09-08T12:43:13.818+0200: 928.902: Total time for which application threads were stopped: 0.0000717 seconds, Stopping threads took: 0.0000115 seconds
2015-09-08T12:43:13.857+0200: 928.942: Total time for which application threads were stopped: 0.0001184 seconds, Stopping threads took: 0.0000211 seconds
{Heap before GC invocations=61 (full 1):
 par new generation   total 109248K, used 109248K [0x00000000e0000000, 0x00000000e8000000, 0x00000000e8000000)
  eden space 87424K, 100% used [0x00000000e0000000, 0x00000000e5560000, 0x00000000e5560000)
  from space 21824K, 100% used [0x00000000e6ab0000, 0x00000000e8000000, 0x00000000e8000000)
  to   space 21824K,   0% used [0x00000000e5560000, 0x00000000e5560000, 0x00000000e6ab0000)
 concurrent mark-sweep generation total 393216K, used 189866K [0x00000000e8000000, 0x0000000100000000, 0x0000000100000000)
 Metaspace       used 30385K, capacity 30770K, committed 31128K, reserved 1077248K
  class space    used 3535K, capacity 3683K, committed 3736K, reserved 1048576K
2015-09-08T12:43:14.038+0200: 929.122: [GC (Allocation Failure) 929.122: [ParNew
Desired survivor size 20112992 bytes, new threshold 8 (max 8)
- age   1:    4188384 bytes,    4188384 total
- age   2:     737328 bytes,    4925712 total
- age   3:    1298080 bytes,    6223792 total
- age   4:    1749248 bytes,    7973040 total
- age   5:    1782760 bytes,    9755800 total
- age   6:    2221848 bytes,   11977648 total
- age   7:    2356384 bytes,   14334032 total
- age   8:    3028968 bytes,   17363000 total
: 109248K->21824K(109248K), 0.0109324 secs] 299114K->214858K(502464K), 0.0109827 secs] [Times: user=0.00 sys=0.00, real=0.01 secs] 
Heap after GC invocations=62 (full 1):
 par new generation   total 109248K, used 21824K [0x00000000e0000000, 0x00000000e8000000, 0x00000000e8000000)
  eden space 87424K,   0% used [0x00000000e0000000, 0x00000000e0000000, 0x00000000e5560000)
  from space 21824K, 100% used [0x00000000e5560000, 0x00000000e6ab0000, 0x00000000e6ab0000)
  to   space 21824K,   0% used [0x00000000e6ab0000, 0x00000000e6ab0000, 0x00000000e8000000)
 concurrent mark-sweep generation total 393216K, used 193034K [0x00000000e8000000, 0x0000000100000000, 0x0000000100000000)
 Metaspace       used 30385K, capacity 30770K, committed 31128K, reserved 1077248K
  class space    used 3535K, capacity 3683K, committed 3736K, reserved 1048576K
}
2015-09-08T12:43:14.049+0200: 929.133: Total time for which application threads were stopped: 0.0111327 seconds, Stopping threads took: 0.0000144 seconds
2015-09-08T12:43:14.238+0200: 929.323: Total time for which application threads were stopped: 0.0000605 seconds, Stopping threads took: 0.0000138 seconds
2015-09-08T12:43:14.239+0200: 929.324: Total time for which application threads were stopped: 0.0000563 seconds, Stopping threads took: 0.0000163 seconds
2015-09-08T12:43:14.240+0200: 929.324: Total time for which application threads were stopped: 0.0000368 seconds, Stopping threads took: 0.0000067 seconds
2015-09-08T12:43:14.251+0200: 929.335: Total time for which application threads were stopped: 0.0001309 seconds, Stopping threads took: 0.0000256 seconds
2015-09-08T12:43:14.256+0200: 929.341: Total time for which application threads were stopped: 0.0000963 seconds, Stopping threads took: 0.0000163 seconds
2015-09-08T12:43:14.257+0200: 929.341: Total time for which application threads were stopped: 0.0000768 seconds, Stopping threads took: 0.0000208 seconds
{Heap before GC invocations=62 (full 1):
 par new generation   total 109248K, used 109248K [0x00000000e0000000, 0x00000000e8000000, 0x00000000e8000000)
  eden space 87424K, 100% used [0x00000000e0000000, 0x00000000e5560000, 0x00000000e5560000)
  from space 21824K, 100% used [0x00000000e5560000, 0x00000000e6ab0000, 0x00000000e6ab0000)
  to   space 21824K,   0% used [0x00000000e6ab0000, 0x00000000e6ab0000, 0x00000000e8000000)
 concurrent mark-sweep generation total 393216K, used 193034K [0x00000000e8000000, 0x0000000100000000, 0x0000000100000000)
 Metaspace       used 30396K, capacity 30770K, committed 31128K, reserved 1077248K
  class space    used 3536K, capacity 3683K, committed 3736K, reserved 1048576K
2015-09-08T12:43:14.344+0200: 929.429: [GC (Allocation Failure) 929.429: [ParNew
Desired survivor size 20112992 bytes, new threshold 8 (max 8)
- age   1:    5018904 bytes,    5018904 total
- age   2:    2545504 bytes,    7564408 total
- age   3:     710928 bytes,    8275336 total
- age   4:    1158416 bytes,    9433752 total
- age   5:    1604632 bytes,   11038384 total
- age   6:    1311072 bytes,   12349456 total
- age   7:    1613232 bytes,   13962688 total
- age   8:    2355536 bytes,   16318224 total
: 109248K->21824K(109248K), 0.0086435 secs] 302282K->220390K(502464K), 0.0086972 secs] [Times: user=0.05 sys=0.02, real=0.01 secs] 
Heap after GC invocations=63 (full 1):
 par new generation   total 109248K, used 21824K [0x00000000e0000000, 0x00000000e8000000, 0x00000000e8000000)
  eden space 87424K,   0% used [0x00000000e0000000, 0x00000000e0000000, 0x00000000e5560000)
  from space 21824K, 100% used [0x00000000e6ab0000, 0x00000000e8000000, 0x00000000e8000000)
  to   space 21824K,   0% used [0x00000000e5560000, 0x00000000e5560000, 0x00000000e6ab0000)
 concurrent mark-sweep generation total 393216K, used 198566K [0x00000000e8000000, 0x0000000100000000, 0x0000000100000000)
 Metaspace       used 30396K, capacity 30770K, committed 31128K, reserved 1077248K
  class space    used 3536K, capacity 3683K, committed 3736K, reserved 1048576K
}
2015-09-08T12:43:14.353+0200: 929.438: Total time for which application threads were stopped: 0.0091078 seconds, Stopping threads took: 0.0002509 seconds
2015-09-08T12:43:14.353+0200: 929.438: [GC (CMS Initial Mark) [1 CMS-initial-mark: 198566K(393216K)] 220390K(502464K), 0.0011565 secs] [Times: user=0.00 sys=0.00, real=0.00 secs] 
2015-09-08T12:43:14.355+0200: 929.439: Total time for which application threads were stopped: 0.0014144 seconds, Stopping threads took: 0.0001706 seconds
2015-09-08T12:43:14.355+0200: 929.439: [CMS-concurrent-mark-start]
2015-09-08T12:43:14.376+0200: 929.461: [CMS-concurrent-mark: 0.022/0.022 secs] [Times: user=0.06 sys=0.00, real=0.02 secs] 
2015-09-08T12:43:14.376+0200: 929.461: [CMS-concurrent-preclean-start]
2015-09-08T12:43:14.377+0200: 929.461: [CMS-concurrent-preclean: 0.001/0.001 secs] [Times: user=0.00 sys=0.00, real=0.00 secs] 
2015-09-08T12:43:14.411+0200: 929.495: [GC (CMS Final Remark) [YG occupancy: 56967 K (109248 K)]{Heap before GC invocations=63 (full 2):
 par new generation   total 109248K, used 56967K [0x00000000e0000000, 0x00000000e8000000, 0x00000000e8000000)
  eden space 87424K,  40% used [0x00000000e0000000, 0x00000000e2251fc8, 0x00000000e5560000)
  from space 21824K, 100% used [0x00000000e6ab0000, 0x00000000e8000000, 0x00000000e8000000)
  to   space 21824K,   0% used [0x00000000e5560000, 0x00000000e5560000, 0x00000000e6ab0000)
 concurrent mark-sweep generation total 393216K, used 198566K [0x00000000e8000000, 0x0000000100000000, 0x0000000100000000)
 Metaspace       used 30396K, capacity 30770K, committed 31128K, reserved 1077248K
  class space    used 3536K, capacity 3683K, committed 3736K, reserved 1048576K
2015-09-08T12:43:14.411+0200: 929.495: [GC (CMS Final Remark) 929.495: [ParNew
Desired survivor size 20112992 bytes, new threshold 8 (max 8)
- age   1:     964000 bytes,     964000 total
- age   2:    4968936 bytes,    5932936 total
- age   3:    2545552 bytes,    8478488 total
- age   4:     711000 bytes,    9189488 total
- age   5:    1158440 bytes,   10347928 total
- age   6:    1604632 bytes,   11952560 total
- age   7:    1311072 bytes,   13263632 total
- age   8:    1613232 bytes,   14876864 total
: 56967K->18986K(109248K), 0.0082438 secs] 255534K->219855K(502464K), 0.0082902 secs] [Times: user=0.06 sys=0.00, real=0.01 secs] 
Heap after GC invocations=64 (full 2):
 par new generation   total 109248K, used 18986K [0x00000000e0000000, 0x00000000e8000000, 0x00000000e8000000)
  eden space 87424K,   0% used [0x00000000e0000000, 0x00000000e0000000, 0x00000000e5560000)
  from space 21824K,  86% used [0x00000000e5560000, 0x00000000e67ea9a8, 0x00000000e6ab0000)
  to   space 21824K,   0% used [0x00000000e6ab0000, 0x00000000e6ab0000, 0x00000000e8000000)
 concurrent mark-sweep generation total 393216K, used 200868K [0x00000000e8000000, 0x0000000100000000, 0x0000000100000000)
 Metaspace       used 30396K, capacity 30770K, committed 31128K, reserved 1077248K
  class space    used 3536K, capacity 3683K, committed 3736K, reserved 1048576K
}
929.503: [Rescan (parallel) , 0.0024598 secs]929.506: [weak refs processing, 0.0007027 secs]929.507: [class unloading, 0.0062854 secs]929.513: [scrub symbol table, 0.0039929 secs]929.517: [scrub string table, 0.0004051 secs][1 CMS-remark: 200868K(393216K)] 219855K(502464K), 0.0234869 secs] [Times: user=0.09 sys=0.00, real=0.02 secs] 
2015-09-08T12:43:14.434+0200: 929.519: Total time for which application threads were stopped: 0.0245618 seconds, Stopping threads took: 0.0009194 seconds
2015-09-08T12:43:14.435+0200: 929.519: [CMS-concurrent-sweep-start]
2015-09-08T12:43:14.460+0200: 929.545: [CMS-concurrent-sweep: 0.025/0.025 secs] [Times: user=0.12 sys=0.00, real=0.03 secs] 
2015-09-08T12:43:14.460+0200: 929.545: [CMS-concurrent-reset-start]
2015-09-08T12:43:14.461+0200: 929.545: [CMS-concurrent-reset: 0.000/0.000 secs] [Times: user=0.00 sys=0.00, real=0.00 secs] 
2015-09-08T12:43:14.539+0200: 929.623: Total time for which application threads were stopped: 0.0001779 seconds, Stopping threads took: 0.0000198 seconds
2015-09-08T12:43:14.539+0200: 929.624: Total time for which application threads were stopped: 0.0000614 seconds, Stopping threads took: 0.0000128 seconds
2015-09-08T12:43:14.539+0200: 929.624: Total time for which application threads were stopped: 0.0000461 seconds, Stopping threads took: 0.0000102 seconds
2015-09-08T12:43:14.539+0200: 929.624: Total time for which application threads were stopped: 0.0000454 seconds, Stopping threads took: 0.0000099 seconds
2015-09-08T12:43:14.539+0200: 929.624: Total time for which application threads were stopped: 0.0000416 seconds, Stopping threads took: 0.0000067 seconds
{Heap before GC invocations=64 (full 2):
 par new generation   total 109248K, used 106410K [0x00000000e0000000, 0x00000000e8000000, 0x00000000e8000000)
  eden space 87424K, 100% used [0x00000000e0000000, 0x00000000e5560000, 0x00000000e5560000)
  from space 21824K,  86% used [0x00000000e5560000, 0x00000000e67ea9a8, 0x00000000e6ab0000)
  to   space 21824K,   0% used [0x00000000e6ab0000, 0x00000000e6ab0000, 0x00000000e8000000)
 concurrent mark-sweep generation total 393216K, used 70588K [0x00000000e8000000, 0x0000000100000000, 0x0000000100000000)
 Metaspace       used 30378K, capacity 30712K, committed 31128K, reserved 1077248K
  class space    used 3529K, capacity 3670K, committed 3736K, reserved 1048576K
2015-09-08T12:43:14.618+0200: 929.702: [GC (Allocation Failure) 929.702: [ParNew
Desired survivor size 20112992 bytes, new threshold 8 (max 8)
- age   1:    3001768 bytes,    3001768 total
- age   2:     333192 bytes,    3334960 total
- age   3:    4683512 bytes,    8018472 total
- age   4:    2341096 bytes,   10359568 total
- age   5:     642744 bytes,   11002312 total
- age   6:    1053560 bytes,   12055872 total
- age   7:    1519504 bytes,   13575376 total
- age   8:     998448 bytes,   14573824 total
: 106410K->16542K(109248K), 0.0066470 secs] 176998K->88118K(502464K), 0.0066976 secs] [Times: user=0.00 sys=0.00, real=0.01 secs] 
Heap after GC invocations=65 (full 2):
 par new generation   total 109248K, used 16542K [0x00000000e0000000, 0x00000000e8000000, 0x00000000e8000000)
  eden space 87424K,   0% used [0x00000000e0000000, 0x00000000e0000000, 0x00000000e5560000)
  from space 21824K,  75% used [0x00000000e6ab0000, 0x00000000e7ad7950, 0x00000000e8000000)
  to   space 21824K,   0% used [0x00000000e5560000, 0x00000000e5560000, 0x00000000e6ab0000)
 concurrent mark-sweep generation total 393216K, used 71576K [0x00000000e8000000, 0x0000000100000000, 0x0000000100000000)
 Metaspace       used 30378K, capacity 30712K, committed 31128K, reserved 1077248K
  class space    used 3529K, capacity 3670K, committed 3736K, reserved 1048576K
}
2015-09-08T12:43:14.624+0200: 929.709: Total time for which application threads were stopped: 0.0069072 seconds, Stopping threads took: 0.0000208 seconds
{Heap before GC invocations=65 (full 2):
 par new generation   total 109248K, used 103966K [0x00000000e0000000, 0x00000000e8000000, 0x00000000e8000000)
  eden space 87424K, 100% used [0x00000000e0000000, 0x00000000e5560000, 0x00000000e5560000)
  from space 21824K,  75% used [0x00000000e6ab0000, 0x00000000e7ad7950, 0x00000000e8000000)
  to   space 21824K,   0% used [0x00000000e5560000, 0x00000000e5560000, 0x00000000e6ab0000)
 concurrent mark-sweep generation total 393216K, used 71576K [0x00000000e8000000, 0x0000000100000000, 0x0000000100000000)
 Metaspace       used 30378K, capacity 30712K, committed 31128K, reserved 1077248K
  class space    used 3529K, capacity 3670K, committed 3736K, reserved 1048576K
2015-09-08T12:43:14.903+0200: 929.987: [GC (Allocation Failure) 929.987: [ParNew
Desired survivor size 20112992 bytes, new threshold 8 (max 8)
- age   1:    5373808 bytes,    5373808 total
- age   2:    1611640 bytes,    6985448 total
- age   3:     333528 bytes,    7318976 total
- age   4:    4585704 bytes,   11904680 total
- age   5:    2341096 bytes,   14245776 total
- age   6:     642744 bytes,   14888520 total
- age   7:    1053560 bytes,   15942080 total
- age   8:    1519504 bytes,   17461584 total
: 103966K->21824K(109248K), 0.0062553 secs] 175542K->94375K(502464K), 0.0062985 secs] [Times: user=0.00 sys=0.00, real=0.01 secs] 
Heap after GC invocations=66 (full 2):
 par new generation   total 109248K, used 21824K [0x00000000e0000000, 0x00000000e8000000, 0x00000000e8000000)
  eden space 87424K,   0% used [0x00000000e0000000, 0x00000000e0000000, 0x00000000e5560000)
  from space 21824K, 100% used [0x00000000e5560000, 0x00000000e6ab0000, 0x00000000e6ab0000)
  to   space 21824K,   0% used [0x00000000e6ab0000, 0x00000000e6ab0000, 0x00000000e8000000)
 concurrent mark-sweep generation total 393216K, used 72551K [0x00000000e8000000, 0x0000000100000000, 0x0000000100000000)
 Metaspace       used 30378K, capacity 30712K, committed 31128K, reserved 1077248K
  class space    used 3529K, capacity 3670K, committed 3736K, reserved 1048576K
}
2015-09-08T12:43:14.909+0200: 929.994: Total time for which application threads were stopped: 0.0064547 seconds, Stopping threads took: 0.0000144 seconds
{Heap before GC invocations=66 (full 2):
 par new generation   total 109248K, used 109248K [0x00000000e0000000, 0x00000000e8000000, 0x00000000e8000000)
  eden space 87424K, 100% used [0x00000000e0000000, 0x00000000e5560000, 0x00000000e5560000)
  from space 21824K, 100% used [0x00000000e5560000, 0x00000000e6ab0000, 0x00000000e6ab0000)
  to   space 21824K,   0% used [0x00000000e6ab0000, 0x00000000e6ab0000, 0x00000000e8000000)
 concurrent mark-sweep generation total 393216K, used 72551K [0x00000000e8000000, 0x0000000100000000, 0x0000000100000000)
 Metaspace       used 30378K, capacity 30712K, committed 31128K, reserved 1077248K
  class space    used 3529K, capacity 3670K, committed 3736K, reserved 1048576K
2015-09-08T12:43:15.188+0200: 930.273: [GC (Allocation Failure) 930.273: [ParNew
Desired survivor size 20112992 bytes, new threshold 8 (max 8)
- age   1:    5224136 bytes,    5224136 total
- age   2:    3426424 bytes,    8650560 total
- age   3:    1544608 bytes,   10195168 total
- age   4:     320952 bytes,   10516120 total
- age   5:    4507568 bytes,   15023688 total
- age   6:    2277976 bytes,   17301664 total
- age   7:     618960 bytes,   17920624 total
- age   8:    1019536 bytes,   18940160 total
: 109248K->21824K(109248K), 0.0058707 secs] 181799K->96331K(502464K), 0.0059398 secs] [Times: user=0.06 sys=0.00, real=0.01 secs] 
Heap after GC invocations=67 (full 2):
 par new generation   total 109248K, used 21824K [0x00000000e0000000, 0x00000000e8000000, 0x00000000e8000000)
  eden space 87424K,   0% used [0x00000000e0000000, 0x00000000e0000000, 0x00000000e5560000)
  from space 21824K, 100% used [0x00000000e6ab0000, 0x00000000e8000000, 0x00000000e8000000)
  to   space 21824K,   0% used [0x00000000e5560000, 0x00000000e5560000, 0x00000000e6ab0000)
 concurrent mark-sweep generation total 393216K, used 74507K [0x00000000e8000000, 0x0000000100000000, 0x0000000100000000)
 Metaspace       used 30378K, capacity 30712K, committed 31128K, reserved 1077248K
  class space    used 3529K, capacity 3670K, committed 3736K, reserved 1048576K
}
2015-09-08T12:43:15.194+0200: 930.279: Total time for which application threads were stopped: 0.0061456 seconds, Stopping threads took: 0.0000138 seconds
{Heap before GC invocations=67 (full 2):
 par new generation   total 109248K, used 109248K [0x00000000e0000000, 0x00000000e8000000, 0x00000000e8000000)
  eden space 87424K, 100% used [0x00000000e0000000, 0x00000000e5560000, 0x00000000e5560000)
  from space 21824K, 100% used [0x00000000e6ab0000, 0x00000000e8000000, 0x00000000e8000000)
  to   space 21824K,   0% used [0x00000000e5560000, 0x00000000e5560000, 0x00000000e6ab0000)
 concurrent mark-sweep generation total 393216K, used 74507K [0x00000000e8000000, 0x0000000100000000, 0x0000000100000000)
 Metaspace       used 30378K, capacity 30712K, committed 31128K, reserved 1077248K
  class space    used 3529K, capacity 3670K, committed 3736K, reserved 1048576K
2015-09-08T12:43:15.475+0200: 930.560: [GC (Allocation Failure) 930.560: [ParNew
Desired survivor size 20112992 bytes, new threshold 7 (max 8)
- age   1:    7315168 bytes,    7315168 total
- age   2:    2611824 bytes,    9926992 total
- age   3:    2554616 bytes,   12481608 total
- age   4:    1505040 bytes,   13986648 total
- age   5:     313440 bytes,   14300088 total
- age   6:    4435960 bytes,   18736048 total
- age   7:    2222128 bytes,   20958176 total
- age   8:     594984 bytes,   21553160 total
: 109248K->21824K(109248K), 0.0062182 secs] 183755K->97786K(502464K), 0.0062652 secs] [Times: user=0.00 sys=0.00, real=0.01 secs] 
Heap after GC invocations=68 (full 2):
 par new generation   total 109248K, used 21824K [0x00000000e0000000, 0x00000000e8000000, 0x00000000e8000000)
  eden space 87424K,   0% used [0x00000000e0000000, 0x00000000e0000000, 0x00000000e5560000)
  from space 21824K, 100% used [0x00000000e5560000, 0x00000000e6ab0000, 0x00000000e6ab0000)
  to   space 21824K,   0% used [0x00000000e6ab0000, 0x00000000e6ab0000, 0x00000000e8000000)
 concurrent mark-sweep generation total 393216K, used 75962K [0x00000000e8000000, 0x0000000100000000, 0x0000000100000000)
 Metaspace       used 30378K, capacity 30712K, committed 31128K, reserved 1077248K
  class space    used 3529K, capacity 3670K, committed 3736K, reserved 1048576K
}
2015-09-08T12:43:15.482+0200: 930.566: Total time for which application threads were stopped: 0.0064067 seconds, Stopping threads took: 0.0000131 seconds
{Heap before GC invocations=68 (full 2):
 par new generation   total 109248K, used 109248K [0x00000000e0000000, 0x00000000e8000000, 0x00000000e8000000)
  eden space 87424K, 100% used [0x00000000e0000000, 0x00000000e5560000, 0x00000000e5560000)
  from space 21824K, 100% used [0x00000000e5560000, 0x00000000e6ab0000, 0x00000000e6ab0000)
  to   space 21824K,   0% used [0x00000000e6ab0000, 0x00000000e6ab0000, 0x00000000e8000000)
 concurrent mark-sweep generation total 393216K, used 75962K [0x00000000e8000000, 0x0000000100000000, 0x0000000100000000)
 Metaspace       used 30378K, capacity 30712K, committed 31128K, reserved 1077248K
  class space    used 3529K, capacity 3670K, committed 3736K, reserved 1048576K
2015-09-08T12:43:15.776+0200: 930.860: [GC (Allocation Failure) 930.860: [ParNew
Desired survivor size 20112992 bytes, new threshold 8 (max 8)
- age   1:    5589088 bytes,    5589088 total
- age   2:    2908240 bytes,    8497328 total
- age   3:    1580160 bytes,   10077488 total
- age   4:    2518560 bytes,   12596048 total
- age   5:    1486568 bytes,   14082616 total
- age   6:     309200 bytes,   14391816 total
- age   7:    4407648 bytes,   18799464 total
: 109248K->21824K(109248K), 0.0062726 secs] 185210K->103677K(502464K), 0.0063763 secs] [Times: user=0.00 sys=0.00, real=0.01 secs] 
Heap after GC invocations=69 (full 2):
 par new generation   total 109248K, used 21824K [0x00000000e0000000, 0x00000000e8000000, 0x00000000e8000000)
  eden space 87424K,   0% used [0x00000000e0000000, 0x00000000e0000000, 0x00000000e5560000)
  from space 21824K, 100% used [0x00000000e6ab0000, 0x00000000e8000000, 0x00000000e8000000)
  to   space 21824K,   0% used [0x00000000e5560000, 0x00000000e5560000, 0x00000000e6ab0000)
 concurrent mark-sweep generation total 393216K, used 81853K [0x00000000e8000000, 0x0000000100000000, 0x0000000100000000)
 Metaspace       used 30378K, capacity 30712K, committed 31128K, reserved 1077248K
  class space    used 3529K, capacity 3670K, committed 3736K, reserved 1048576K
}
2015-09-08T12:43:15.782+0200: 930.867: Total time for which application threads were stopped: 0.0065286 seconds, Stopping threads took: 0.0000147 seconds
{Heap before GC invocations=69 (full 2):
 par new generation   total 109248K, used 109248K [0x00000000e0000000, 0x00000000e8000000, 0x00000000e8000000)
  eden space 87424K, 100% used [0x00000000e0000000, 0x00000000e5560000, 0x00000000e5560000)
  from space 21824K, 100% used [0x00000000e6ab0000, 0x00000000e8000000, 0x00000000e8000000)
  to   space 21824K,   0% used [0x00000000e5560000, 0x00000000e5560000, 0x00000000e6ab0000)
 concurrent mark-sweep generation total 393216K, used 81853K [0x00000000e8000000, 0x0000000100000000, 0x0000000100000000)
 Metaspace       used 30378K, capacity 30712K, committed 31128K, reserved 1077248K
  class space    used 3529K, capacity 3670K, committed 3736K, reserved 1048576K
2015-09-08T12:43:16.082+0200: 931.167: [GC (Allocation Failure) 931.167: [ParNew
Desired survivor size 20112992 bytes, new threshold 8 (max 8)
- age   1:    5959928 bytes,    5959928 total
- age   2:    1654000 bytes,    7613928 total
- age   3:    2583840 bytes,   10197768 total
- age   4:    1525232 bytes,   11723000 total
- age   5:    2468680 bytes,   14191680 total
- age   6:    1460784 bytes,   15652464 total
- age   7:     303712 bytes,   15956176 total
- age   8:    4297896 bytes,   20254072 total
: 109248K->21824K(109248K), 0.0070259 secs] 191101K->105351K(502464K), 0.0070729 secs] [Times: user=0.00 sys=0.00, real=0.01 secs] 
Heap after GC invocations=70 (full 2):
 par new generation   total 109248K, used 21824K [0x00000000e0000000, 0x00000000e8000000, 0x00000000e8000000)
  eden space 87424K,   0% used [0x00000000e0000000, 0x00000000e0000000, 0x00000000e5560000)
  from space 21824K, 100% used [0x00000000e5560000, 0x00000000e6ab0000, 0x00000000e6ab0000)
  to   space 21824K,   0% used [0x00000000e6ab0000, 0x00000000e6ab0000, 0x00000000e8000000)
 concurrent mark-sweep generation total 393216K, used 83527K [0x00000000e8000000, 0x0000000100000000, 0x0000000100000000)
 Metaspace       used 30378K, capacity 30712K, committed 31128K, reserved 1077248K
  class space    used 3529K, capacity 3670K, committed 3736K, reserved 1048576K
}
2015-09-08T12:43:16.089+0200: 931.174: Total time for which application threads were stopped: 0.0072131 seconds, Stopping threads took: 0.0000134 seconds
{Heap before GC invocations=70 (full 2):
 par new generation   total 109248K, used 109248K [0x00000000e0000000, 0x00000000e8000000, 0x00000000e8000000)
  eden space 87424K, 100% used [0x00000000e0000000, 0x00000000e5560000, 0x00000000e5560000)
  from space 21824K, 100% used [0x00000000e5560000, 0x00000000e6ab0000, 0x00000000e6ab0000)
  to   space 21824K,   0% used [0x00000000e6ab0000, 0x00000000e6ab0000, 0x00000000e8000000)
 concurrent mark-sweep generation total 393216K, used 83527K [0x00000000e8000000, 0x0000000100000000, 0x0000000100000000)
 Metaspace       used 30378K, capacity 30712K, committed 31128K, reserved 1077248K
  class space    used 3529K, capacity 3670K, committed 3736K, reserved 1048576K
2015-09-08T12:43:16.378+0200: 931.462: [GC (Allocation Failure) 931.462: [ParNew
Desired survivor size 20112992 bytes, new threshold 8 (max 8)
- age   1:    6952992 bytes,    6952992 total
- age   2:    1340704 bytes,    8293696 total
- age   3:    1542256 bytes,    9835952 total
- age   4:    2388560 bytes,   12224512 total
- age   5:    1170432 bytes,   13394944 total
- age   6:    1592800 bytes,   14987744 total
- age   7:    1444944 bytes,   16432688 total
- age   8:     300872 bytes,   16733560 total
: 109248K->21824K(109248K), 0.0083555 secs] 192775K->112794K(502464K), 0.0084022 secs] [Times: user=0.00 sys=0.00, real=0.01 secs] 
Heap after GC invocations=71 (full 2):
 par new generation   total 109248K, used 21824K [0x00000000e0000000, 0x00000000e8000000, 0x00000000e8000000)
  eden space 87424K,   0% used [0x00000000e0000000, 0x00000000e0000000, 0x00000000e5560000)
  from space 21824K, 100% used [0x00000000e6ab0000, 0x00000000e8000000, 0x00000000e8000000)
  to   space 21824K,   0% used [0x00000000e5560000, 0x00000000e5560000, 0x00000000e6ab0000)
 concurrent mark-sweep generation total 393216K, used 90970K [0x00000000e8000000, 0x0000000100000000, 0x0000000100000000)
 Metaspace       used 30378K, capacity 30712K, committed 31128K, reserved 1077248K
  class space    used 3529K, capacity 3670K, committed 3736K, reserved 1048576K
}
2015-09-08T12:43:16.386+0200: 931.471: Total time for which application threads were stopped: 0.0085526 seconds, Stopping threads took: 0.0000253 seconds
{Heap before GC invocations=71 (full 2):
 par new generation   total 109248K, used 109248K [0x00000000e0000000, 0x00000000e8000000, 0x00000000e8000000)
  eden space 87424K, 100% used [0x00000000e0000000, 0x00000000e5560000, 0x00000000e5560000)
  from space 21824K, 100% used [0x00000000e6ab0000, 0x00000000e8000000, 0x00000000e8000000)
  to   space 21824K,   0% used [0x00000000e5560000, 0x00000000e5560000, 0x00000000e6ab0000)
 concurrent mark-sweep generation total 393216K, used 90970K [0x00000000e8000000, 0x0000000100000000, 0x0000000100000000)
 Metaspace       used 30378K, capacity 30712K, committed 31128K, reserved 1077248K
  class space    used 3529K, capacity 3670K, committed 3736K, reserved 1048576K
2015-09-08T12:43:16.676+0200: 931.761: [GC (Allocation Failure) 931.761: [ParNew
Desired survivor size 20112992 bytes, new threshold 8 (max 8)
- age   1:    8691312 bytes,    8691312 total
- age   2:    1983848 bytes,   10675160 total
- age   3:    1330952 bytes,   12006112 total
- age   4:    1544032 bytes,   13550144 total
- age   5:    2390072 bytes,   15940216 total
- age   6:    1171752 bytes,   17111968 total
- age   7:    1594144 bytes,   18706112 total
- age   8:    1445968 bytes,   20152080 total
: 109248K->21824K(109248K), 0.0065827 secs] 200218K->113089K(502464K), 0.0066300 secs] [Times: user=0.00 sys=0.00, real=0.01 secs] 
Heap after GC invocations=72 (full 2):
 par new generation   total 109248K, used 21824K [0x00000000e0000000, 0x00000000e8000000, 0x00000000e8000000)
  eden space 87424K,   0% used [0x00000000e0000000, 0x00000000e0000000, 0x00000000e5560000)
  from space 21824K, 100% used [0x00000000e5560000, 0x00000000e6ab0000, 0x00000000e6ab0000)
  to   space 21824K,   0% used [0x00000000e6ab0000, 0x00000000e6ab0000, 0x00000000e8000000)
 concurrent mark-sweep generation total 393216K, used 91265K [0x00000000e8000000, 0x0000000100000000, 0x0000000100000000)
 Metaspace       used 30378K, capacity 30712K, committed 31128K, reserved 1077248K
  class space    used 3529K, capacity 3670K, committed 3736K, reserved 1048576K
}
2015-09-08T12:43:16.683+0200: 931.768: Total time for which application threads were stopped: 0.0067744 seconds, Stopping threads took: 0.0000141 seconds
{Heap before GC invocations=72 (full 2):
 par new generation   total 109248K, used 109248K [0x00000000e0000000, 0x00000000e8000000, 0x00000000e8000000)
  eden space 87424K, 100% used [0x00000000e0000000, 0x00000000e5560000, 0x00000000e5560000)
  from space 21824K, 100% used [0x00000000e5560000, 0x00000000e6ab0000, 0x00000000e6ab0000)
  to   space 21824K,   0% used [0x00000000e6ab0000, 0x00000000e6ab0000, 0x00000000e8000000)
 concurrent mark-sweep generation total 393216K, used 91265K [0x00000000e8000000, 0x0000000100000000, 0x0000000100000000)
 Metaspace       used 30378K, capacity 30712K, committed 31128K, reserved 1077248K
  class space    used 3529K, capacity 3670K, committed 3736K, reserved 1048576K
2015-09-08T12:43:16.975+0200: 932.060: [GC (Allocation Failure) 932.060: [ParNew
Desired survivor size 20112992 bytes, new threshold 8 (max 8)
- age   1:   11107256 bytes,   11107256 total
- age   2:    2322784 bytes,   13430040 total
- age   3:    1807192 bytes,   15237232 total
- age   4:    1194296 bytes,   16431528 total
- age   5:    1422496 bytes,   17854024 total
- age   6:    1093296 bytes,   18947320 total
- age   7:    1082536 bytes,   20029856 total
- age   8:    1509664 bytes,   21539520 total
: 109248K->21824K(109248K), 0.0079027 secs] 200513K->116167K(502464K), 0.0079590 secs] [Times: user=0.00 sys=0.00, real=0.01 secs] 
Heap after GC invocations=73 (full 2):
 par new generation   total 109248K, used 21824K [0x00000000e0000000, 0x00000000e8000000, 0x00000000e8000000)
  eden space 87424K,   0% used [0x00000000e0000000, 0x00000000e0000000, 0x00000000e5560000)
  from space 21824K, 100% used [0x00000000e6ab0000, 0x00000000e8000000, 0x00000000e8000000)
  to   space 21824K,   0% used [0x00000000e5560000, 0x00000000e5560000, 0x00000000e6ab0000)
 concurrent mark-sweep generation total 393216K, used 94343K [0x00000000e8000000, 0x0000000100000000, 0x0000000100000000)
 Metaspace       used 30378K, capacity 30712K, committed 31128K, reserved 1077248K
  class space    used 3529K, capacity 3670K, committed 3736K, reserved 1048576K
}
2015-09-08T12:43:16.983+0200: 932.068: Total time for which application threads were stopped: 0.0080966 seconds, Stopping threads took: 0.0000144 seconds
{Heap before GC invocations=73 (full 2):
 par new generation   total 109248K, used 109248K [0x00000000e0000000, 0x00000000e8000000, 0x00000000e8000000)
  eden space 87424K, 100% used [0x00000000e0000000, 0x00000000e5560000, 0x00000000e5560000)
  from space 21824K, 100% used [0x00000000e6ab0000, 0x00000000e8000000, 0x00000000e8000000)
  to   space 21824K,   0% used [0x00000000e5560000, 0x00000000e5560000, 0x00000000e6ab0000)
 concurrent mark-sweep generation total 393216K, used 94343K [0x00000000e8000000, 0x0000000100000000, 0x0000000100000000)
 Metaspace       used 30378K, capacity 30712K, committed 31128K, reserved 1077248K
  class space    used 3529K, capacity 3670K, committed 3736K, reserved 1048576K
2015-09-08T12:43:17.266+0200: 932.351: [GC (Allocation Failure) 932.351: [ParNew
Desired survivor size 20112992 bytes, new threshold 8 (max 8)
- age   1:    9134776 bytes,    9134776 total
- age   2:    3441032 bytes,   12575808 total
- age   3:    1186424 bytes,   13762232 total
- age   4:    1693336 bytes,   15455568 total
- age   5:    1146424 bytes,   16601992 total
- age   6:    1147784 bytes,   17749776 total
- age   7:    1081272 bytes,   18831048 total
- age   8:    1072528 bytes,   19903576 total
: 109248K->21824K(109248K), 0.0082009 secs] 203591K->121372K(502464K), 0.0082473 secs] [Times: user=0.06 sys=0.00, real=0.01 secs] 
Heap after GC invocations=74 (full 2):
 par new generation   total 109248K, used 21824K [0x00000000e0000000, 0x00000000e8000000, 0x00000000e8000000)
  eden space 87424K,   0% used [0x00000000e0000000, 0x00000000e0000000, 0x00000000e5560000)
  from space 21824K, 100% used [0x00000000e5560000, 0x00000000e6ab0000, 0x00000000e6ab0000)
  to   space 21824K,   0% used [0x00000000e6ab0000, 0x00000000e6ab0000, 0x00000000e8000000)
 concurrent mark-sweep generation total 393216K, used 99548K [0x00000000e8000000, 0x0000000100000000, 0x0000000100000000)
 Metaspace       used 30378K, capacity 30712K, committed 31128K, reserved 1077248K
  class space    used 3529K, capacity 3670K, committed 3736K, reserved 1048576K
}
2015-09-08T12:43:17.274+0200: 932.359: Total time for which application threads were stopped: 0.0083919 seconds, Stopping threads took: 0.0000141 seconds
{Heap before GC invocations=74 (full 2):
 par new generation   total 109248K, used 109248K [0x00000000e0000000, 0x00000000e8000000, 0x00000000e8000000)
  eden space 87424K, 100% used [0x00000000e0000000, 0x00000000e5560000, 0x00000000e5560000)
  from space 21824K, 100% used [0x00000000e5560000, 0x00000000e6ab0000, 0x00000000e6ab0000)
  to   space 21824K,   0% used [0x00000000e6ab0000, 0x00000000e6ab0000, 0x00000000e8000000)
 concurrent mark-sweep generation total 393216K, used 99548K [0x00000000e8000000, 0x0000000100000000, 0x0000000100000000)
 Metaspace       used 30378K, capacity 30712K, committed 31128K, reserved 1077248K
  class space    used 3529K, capacity 3670K, committed 3736K, reserved 1048576K
2015-09-08T12:43:17.579+0200: 932.663: [GC (Allocation Failure) 932.663: [ParNew
Desired survivor size 20112992 bytes, new threshold 8 (max 8)
- age   1:    2506160 bytes,    2506160 total
- age   2:    8972224 bytes,   11478384 total
- age   3:    3377336 bytes,   14855720 total
- age   4:    1121272 bytes,   15976992 total
- age   5:    1642192 bytes,   17619184 total
- age   6:    1107480 bytes,   18726664 total
- age   7:    1118040 bytes,   19844704 total
- age   8:    1058664 bytes,   20903368 total
: 109248K->21824K(109248K), 0.0083644 secs] 208796K->123102K(502464K), 0.0084115 secs] [Times: user=0.00 sys=0.00, real=0.01 secs] 
Heap after GC invocations=75 (full 2):
 par new generation   total 109248K, used 21824K [0x00000000e0000000, 0x00000000e8000000, 0x00000000e8000000)
  eden space 87424K,   0% used [0x00000000e0000000, 0x00000000e0000000, 0x00000000e5560000)
  from space 21824K, 100% used [0x00000000e6ab0000, 0x00000000e8000000, 0x00000000e8000000)
  to   space 21824K,   0% used [0x00000000e5560000, 0x00000000e5560000, 0x00000000e6ab0000)
 concurrent mark-sweep generation total 393216K, used 101278K [0x00000000e8000000, 0x0000000100000000, 0x0000000100000000)
 Metaspace       used 30378K, capacity 30712K, committed 31128K, reserved 1077248K
  class space    used 3529K, capacity 3670K, committed 3736K, reserved 1048576K
}
2015-09-08T12:43:17.587+0200: 932.672: Total time for which application threads were stopped: 0.0085907 seconds, Stopping threads took: 0.0000243 seconds
{Heap before GC invocations=75 (full 2):
 par new generation   total 109248K, used 109248K [0x00000000e0000000, 0x00000000e8000000, 0x00000000e8000000)
  eden space 87424K, 100% used [0x00000000e0000000, 0x00000000e5560000, 0x00000000e5560000)
  from space 21824K, 100% used [0x00000000e6ab0000, 0x00000000e8000000, 0x00000000e8000000)
  to   space 21824K,   0% used [0x00000000e5560000, 0x00000000e5560000, 0x00000000e6ab0000)
 concurrent mark-sweep generation total 393216K, used 101278K [0x00000000e8000000, 0x0000000100000000, 0x0000000100000000)
 Metaspace       used 30378K, capacity 30712K, committed 31128K, reserved 1077248K
  class space    used 3529K, capacity 3670K, committed 3736K, reserved 1048576K
2015-09-08T12:43:17.868+0200: 932.953: [GC (Allocation Failure) 932.953: [ParNew
Desired survivor size 20112992 bytes, new threshold 8 (max 8)
- age   1:    9931744 bytes,    9931744 total
- age   2:    1193208 bytes,   11124952 total
- age   3:    1615096 bytes,   12740048 total
- age   4:    3324248 bytes,   16064296 total
- age   5:    1052144 bytes,   17116440 total
- age   6:    1624832 bytes,   18741272 total
- age   7:    1093784 bytes,   19835056 total
- age   8:    1104352 bytes,   20939408 total
: 109248K->21824K(109248K), 0.0080582 secs] 210526K->126893K(502464K), 0.0081052 secs] [Times: user=0.00 sys=0.00, real=0.01 secs] 
Heap after GC invocations=76 (full 2):
 par new generation   total 109248K, used 21824K [0x00000000e0000000, 0x00000000e8000000, 0x00000000e8000000)
  eden space 87424K,   0% used [0x00000000e0000000, 0x00000000e0000000, 0x00000000e5560000)
  from space 21824K, 100% used [0x00000000e5560000, 0x00000000e6ab0000, 0x00000000e6ab0000)
  to   space 21824K,   0% used [0x00000000e6ab0000, 0x00000000e6ab0000, 0x00000000e8000000)
 concurrent mark-sweep generation total 393216K, used 105069K [0x00000000e8000000, 0x0000000100000000, 0x0000000100000000)
 Metaspace       used 30378K, capacity 30712K, committed 31128K, reserved 1077248K
  class space    used 3529K, capacity 3670K, committed 3736K, reserved 1048576K
}
2015-09-08T12:43:17.876+0200: 932.961: Total time for which application threads were stopped: 0.0082463 seconds, Stopping threads took: 0.0000134 seconds
{Heap before GC invocations=76 (full 2):
 par new generation   total 109248K, used 109248K [0x00000000e0000000, 0x00000000e8000000, 0x00000000e8000000)
  eden space 87424K, 100% used [0x00000000e0000000, 0x00000000e5560000, 0x00000000e5560000)
  from space 21824K, 100% used [0x00000000e5560000, 0x00000000e6ab0000, 0x00000000e6ab0000)
  to   space 21824K,   0% used [0x00000000e6ab0000, 0x00000000e6ab0000, 0x00000000e8000000)
 concurrent mark-sweep generation total 393216K, used 105069K [0x00000000e8000000, 0x0000000100000000, 0x0000000100000000)
 Metaspace       used 30379K, capacity 30712K, committed 31128K, reserved 1077248K
  class space    used 3529K, capacity 3670K, committed 3736K, reserved 1048576K
2015-09-08T12:43:18.184+0200: 933.268: [GC (Allocation Failure) 933.268: [ParNew
Desired survivor size 20112992 bytes, new threshold 7 (max 8)
- age   1:    4328056 bytes,    4328056 total
- age   2:    7582072 bytes,   11910128 total
- age   3:    1098592 bytes,   13008720 total
- age   4:    1535672 bytes,   14544392 total
- age   5:    3281640 bytes,   17826032 total
- age   6:    1006056 bytes,   18832088 total
- age   7:    1322432 bytes,   20154520 total
- age   8:    1054808 bytes,   21209328 total
: 109248K->21824K(109248K), 0.0094620 secs] 214317K->131164K(502464K), 0.0095123 secs] [Times: user=0.06 sys=0.00, real=0.01 secs] 
Heap after GC invocations=77 (full 2):
 par new generation   total 109248K, used 21824K [0x00000000e0000000, 0x00000000e8000000, 0x00000000e8000000)
  eden space 87424K,   0% used [0x00000000e0000000, 0x00000000e0000000, 0x00000000e5560000)
  from space 21824K, 100% used [0x00000000e6ab0000, 0x00000000e8000000, 0x00000000e8000000)
  to   space 21824K,   0% used [0x00000000e5560000, 0x00000000e5560000, 0x00000000e6ab0000)
 concurrent mark-sweep generation total 393216K, used 109340K [0x00000000e8000000, 0x0000000100000000, 0x0000000100000000)
 Metaspace       used 30379K, capacity 30712K, committed 31128K, reserved 1077248K
  class space    used 3529K, capacity 3670K, committed 3736K, reserved 1048576K
}
2015-09-08T12:43:18.193+0200: 933.278: Total time for which application threads were stopped: 0.0097094 seconds, Stopping threads took: 0.0000221 seconds
{Heap before GC invocations=77 (full 2):
 par new generation   total 109248K, used 109248K [0x00000000e0000000, 0x00000000e8000000, 0x00000000e8000000)
  eden space 87424K, 100% used [0x00000000e0000000, 0x00000000e5560000, 0x00000000e5560000)
  from space 21824K, 100% used [0x00000000e6ab0000, 0x00000000e8000000, 0x00000000e8000000)
  to   space 21824K,   0% used [0x00000000e5560000, 0x00000000e5560000, 0x00000000e6ab0000)
 concurrent mark-sweep generation total 393216K, used 109340K [0x00000000e8000000, 0x0000000100000000, 0x0000000100000000)
 Metaspace       used 30379K, capacity 30712K, committed 31128K, reserved 1077248K
  class space    used 3529K, capacity 3670K, committed 3736K, reserved 1048576K
2015-09-08T12:43:18.483+0200: 933.568: [GC (Allocation Failure) 933.568: [ParNew
Desired survivor size 20112992 bytes, new threshold 8 (max 8)
- age   1:    7445880 bytes,    7445880 total
- age   2:    4248200 bytes,   11694080 total
- age   3:     999840 bytes,   12693920 total
- age   4:    1087384 bytes,   13781304 total
- age   5:    1528928 bytes,   15310232 total
- age   6:    3279056 bytes,   18589288 total
- age   7:    1003072 bytes,   19592360 total
: 109248K->21824K(109248K), 0.0084595 secs] 218588K->134768K(502464K), 0.0085567 secs] [Times: user=0.06 sys=0.00, real=0.01 secs] 
Heap after GC invocations=78 (full 2):
 par new generation   total 109248K, used 21824K [0x00000000e0000000, 0x00000000e8000000, 0x00000000e8000000)
  eden space 87424K,   0% used [0x00000000e0000000, 0x00000000e0000000, 0x00000000e5560000)
  from space 21824K, 100% used [0x00000000e5560000, 0x00000000e6ab0000, 0x00000000e6ab0000)
  to   space 21824K,   0% used [0x00000000e6ab0000, 0x00000000e6ab0000, 0x00000000e8000000)
 concurrent mark-sweep generation total 393216K, used 112944K [0x00000000e8000000, 0x0000000100000000, 0x0000000100000000)
 Metaspace       used 30379K, capacity 30712K, committed 31128K, reserved 1077248K
  class space    used 3529K, capacity 3670K, committed 3736K, reserved 1048576K
}
2015-09-08T12:43:18.492+0200: 933.577: Total time for which application threads were stopped: 0.0087654 seconds, Stopping threads took: 0.0000240 seconds
{Heap before GC invocations=78 (full 2):
 par new generation   total 109248K, used 109248K [0x00000000e0000000, 0x00000000e8000000, 0x00000000e8000000)
  eden space 87424K, 100% used [0x00000000e0000000, 0x00000000e5560000, 0x00000000e5560000)
  from space 21824K, 100% used [0x00000000e5560000, 0x00000000e6ab0000, 0x00000000e6ab0000)
  to   space 21824K,   0% used [0x00000000e6ab0000, 0x00000000e6ab0000, 0x00000000e8000000)
 concurrent mark-sweep generation total 393216K, used 112944K [0x00000000e8000000, 0x0000000100000000, 0x0000000100000000)
 Metaspace       used 30379K, capacity 30712K, committed 31128K, reserved 1077248K
  class space    used 3529K, capacity 3670K, committed 3736K, reserved 1048576K
2015-09-08T12:43:18.809+0200: 933.894: [GC (Allocation Failure) 933.894: [ParNew
Desired survivor size 20112992 bytes, new threshold 8 (max 8)
- age   1:    4329224 bytes,    4329224 total
- age   2:    4809016 bytes,    9138240 total
- age   3:    2410824 bytes,   11549064 total
- age   4:     992632 bytes,   12541696 total
- age   5:    1083360 bytes,   13625056 total
- age   6:    1526464 bytes,   15151520 total
- age   7:    3014968 bytes,   18166488 total
- age   8:    1001184 bytes,   19167672 total
: 109248K->21824K(109248K), 0.0072153 secs] 222192K->138627K(502464K), 0.0072713 secs] [Times: user=0.06 sys=0.00, real=0.01 secs] 
Heap after GC invocations=79 (full 2):
 par new generation   total 109248K, used 21824K [0x00000000e0000000, 0x00000000e8000000, 0x00000000e8000000)
  eden space 87424K,   0% used [0x00000000e0000000, 0x00000000e0000000, 0x00000000e5560000)
  from space 21824K, 100% used [0x00000000e6ab0000, 0x00000000e8000000, 0x00000000e8000000)
  to   space 21824K,   0% used [0x00000000e5560000, 0x00000000e5560000, 0x00000000e6ab0000)
 concurrent mark-sweep generation total 393216K, used 116803K [0x00000000e8000000, 0x0000000100000000, 0x0000000100000000)
 Metaspace       used 30379K, capacity 30712K, committed 31128K, reserved 1077248K
  class space    used 3529K, capacity 3670K, committed 3736K, reserved 1048576K
}
2015-09-08T12:43:18.817+0200: 933.901: Total time for which application threads were stopped: 0.0074169 seconds, Stopping threads took: 0.0000150 seconds
{Heap before GC invocations=79 (full 2):
 par new generation   total 109248K, used 109248K [0x00000000e0000000, 0x00000000e8000000, 0x00000000e8000000)
  eden space 87424K, 100% used [0x00000000e0000000, 0x00000000e5560000, 0x00000000e5560000)
  from space 21824K, 100% used [0x00000000e6ab0000, 0x00000000e8000000, 0x00000000e8000000)
  to   space 21824K,   0% used [0x00000000e5560000, 0x00000000e5560000, 0x00000000e6ab0000)
 concurrent mark-sweep generation total 393216K, used 116803K [0x00000000e8000000, 0x0000000100000000, 0x0000000100000000)
 Metaspace       used 30379K, capacity 30712K, committed 31128K, reserved 1077248K
  class space    used 3529K, capacity 3670K, committed 3736K, reserved 1048576K
2015-09-08T12:43:19.106+0200: 934.190: [GC (Allocation Failure) 934.190: [ParNew
Desired survivor size 20112992 bytes, new threshold 8 (max 8)
- age   1:    8441240 bytes,    8441240 total
- age   2:    1286024 bytes,    9727264 total
- age   3:    1058296 bytes,   10785560 total
- age   4:    1880168 bytes,   12665728 total
- age   5:     978136 bytes,   13643864 total
- age   6:    1075136 bytes,   14719000 total
- age   7:    1519000 bytes,   16238000 total
- age   8:    3011136 bytes,   19249136 total
: 109248K->21824K(109248K), 0.0093702 secs] 226051K->145704K(502464K), 0.0094179 secs] [Times: user=0.06 sys=0.00, real=0.01 secs] 
Heap after GC invocations=80 (full 2):
 par new generation   total 109248K, used 21824K [0x00000000e0000000, 0x00000000e8000000, 0x00000000e8000000)
  eden space 87424K,   0% used [0x00000000e0000000, 0x00000000e0000000, 0x00000000e5560000)
  from space 21824K, 100% used [0x00000000e5560000, 0x00000000e6ab0000, 0x00000000e6ab0000)
  to   space 21824K,   0% used [0x00000000e6ab0000, 0x00000000e6ab0000, 0x00000000e8000000)
 concurrent mark-sweep generation total 393216K, used 123880K [0x00000000e8000000, 0x0000000100000000, 0x0000000100000000)
 Metaspace       used 30379K, capacity 30712K, committed 31128K, reserved 1077248K
  class space    used 3529K, capacity 3670K, committed 3736K, reserved 1048576K
}
2015-09-08T12:43:19.115+0200: 934.200: Total time for which application threads were stopped: 0.0095532 seconds, Stopping threads took: 0.0000128 seconds
{Heap before GC invocations=80 (full 2):
 par new generation   total 109248K, used 109248K [0x00000000e0000000, 0x00000000e8000000, 0x00000000e8000000)
  eden space 87424K, 100% used [0x00000000e0000000, 0x00000000e5560000, 0x00000000e5560000)
  from space 21824K, 100% used [0x00000000e5560000, 0x00000000e6ab0000, 0x00000000e6ab0000)
  to   space 21824K,   0% used [0x00000000e6ab0000, 0x00000000e6ab0000, 0x00000000e8000000)
 concurrent mark-sweep generation total 393216K, used 123880K [0x00000000e8000000, 0x0000000100000000, 0x0000000100000000)
 Metaspace       used 30379K, capacity 30712K, committed 31128K, reserved 1077248K
  class space    used 3529K, capacity 3670K, committed 3736K, reserved 1048576K
2015-09-08T12:43:19.435+0200: 934.520: [GC (Allocation Failure) 934.520: [ParNew
Desired survivor size 20112992 bytes, new threshold 8 (max 8)
- age   1:    2818296 bytes,    2818296 total
- age   2:    8229256 bytes,   11047552 total
- age   3:    1135232 bytes,   12182784 total
- age   4:    1033720 bytes,   13216504 total
- age   5:    1876792 bytes,   15093296 total
- age   6:     974936 bytes,   16068232 total
- age   7:    1072496 bytes,   17140728 total
- age   8:    1515960 bytes,   18656688 total
: 109248K->21824K(109248K), 0.0082537 secs] 233128K->149091K(502464K), 0.0083052 secs] [Times: user=0.06 sys=0.00, real=0.01 secs] 
Heap after GC invocations=81 (full 2):
 par new generation   total 109248K, used 21824K [0x00000000e0000000, 0x00000000e8000000, 0x00000000e8000000)
  eden space 87424K,   0% used [0x00000000e0000000, 0x00000000e0000000, 0x00000000e5560000)
  from space 21824K, 100% used [0x00000000e6ab0000, 0x00000000e8000000, 0x00000000e8000000)
  to   space 21824K,   0% used [0x00000000e5560000, 0x00000000e5560000, 0x00000000e6ab0000)
 concurrent mark-sweep generation total 393216K, used 127267K [0x00000000e8000000, 0x0000000100000000, 0x0000000100000000)
 Metaspace       used 30379K, capacity 30712K, committed 31128K, reserved 1077248K
  class space    used 3529K, capacity 3670K, committed 3736K, reserved 1048576K
}
2015-09-08T12:43:19.443+0200: 934.528: Total time for which application threads were stopped: 0.0084495 seconds, Stopping threads took: 0.0000134 seconds
{Heap before GC invocations=81 (full 2):
 par new generation   total 109248K, used 109248K [0x00000000e0000000, 0x00000000e8000000, 0x00000000e8000000)
  eden space 87424K, 100% used [0x00000000e0000000, 0x00000000e5560000, 0x00000000e5560000)
  from space 21824K, 100% used [0x00000000e6ab0000, 0x00000000e8000000, 0x00000000e8000000)
  to   space 21824K,   0% used [0x00000000e5560000, 0x00000000e5560000, 0x00000000e6ab0000)
 concurrent mark-sweep generation total 393216K, used 127267K [0x00000000e8000000, 0x0000000100000000, 0x0000000100000000)
 Metaspace       used 30379K, capacity 30712K, committed 31128K, reserved 1077248K
  class space    used 3529K, capacity 3670K, committed 3736K, reserved 1048576K
2015-09-08T12:43:19.750+0200: 934.835: [GC (Allocation Failure) 934.835: [ParNew
Desired survivor size 20112992 bytes, new threshold 8 (max 8)
- age   1:    4665672 bytes,    4665672 total
- age   2:    1420496 bytes,    6086168 total
- age   3:    5333072 bytes,   11419240 total
- age   4:    1058560 bytes,   12477800 total
- age   5:     994888 bytes,   13472688 total
- age   6:    1809232 bytes,   15281920 total
- age   7:     917272 bytes,   16199192 total
- age   8:    1040536 bytes,   17239728 total
: 109248K->21824K(109248K), 0.0089526 secs] 236515K->153970K(502464K), 0.0090115 secs] [Times: user=0.00 sys=0.00, real=0.01 secs] 
Heap after GC invocations=82 (full 2):
 par new generation   total 109248K, used 21824K [0x00000000e0000000, 0x00000000e8000000, 0x00000000e8000000)
  eden space 87424K,   0% used [0x00000000e0000000, 0x00000000e0000000, 0x00000000e5560000)
  from space 21824K, 100% used [0x00000000e5560000, 0x00000000e6ab0000, 0x00000000e6ab0000)
  to   space 21824K,   0% used [0x00000000e6ab0000, 0x00000000e6ab0000, 0x00000000e8000000)
 concurrent mark-sweep generation total 393216K, used 132146K [0x00000000e8000000, 0x0000000100000000, 0x0000000100000000)
 Metaspace       used 30379K, capacity 30712K, committed 31128K, reserved 1077248K
  class space    used 3529K, capacity 3670K, committed 3736K, reserved 1048576K
}
2015-09-08T12:43:19.759+0200: 934.844: Total time for which application threads were stopped: 0.0091535 seconds, Stopping threads took: 0.0000134 seconds
{Heap before GC invocations=82 (full 2):
 par new generation   total 109248K, used 109248K [0x00000000e0000000, 0x00000000e8000000, 0x00000000e8000000)
  eden space 87424K, 100% used [0x00000000e0000000, 0x00000000e5560000, 0x00000000e5560000)
  from space 21824K, 100% used [0x00000000e5560000, 0x00000000e6ab0000, 0x00000000e6ab0000)
  to   space 21824K,   0% used [0x00000000e6ab0000, 0x00000000e6ab0000, 0x00000000e8000000)
 concurrent mark-sweep generation total 393216K, used 132146K [0x00000000e8000000, 0x0000000100000000, 0x0000000100000000)
 Metaspace       used 30379K, capacity 30712K, committed 31128K, reserved 1077248K
  class space    used 3529K, capacity 3670K, committed 3736K, reserved 1048576K
2015-09-08T12:43:20.063+0200: 935.148: [GC (Allocation Failure) 935.148: [ParNew
Desired survivor size 20112992 bytes, new threshold 8 (max 8)
- age   1:    9713264 bytes,    9713264 total
- age   2:    4003896 bytes,   13717160 total
- age   3:    1212480 bytes,   14929640 total
- age   4:    1388824 bytes,   16318464 total
- age   5:     986264 bytes,   17304728 total
- age   6:     925968 bytes,   18230696 total
- age   7:    1747712 bytes,   19978408 total
- age   8:     833272 bytes,   20811680 total
: 109248K->21824K(109248K), 0.0096540 secs] 241394K->157634K(502464K), 0.0097007 secs] [Times: user=0.00 sys=0.00, real=0.01 secs] 
Heap after GC invocations=83 (full 2):
 par new generation   total 109248K, used 21824K [0x00000000e0000000, 0x00000000e8000000, 0x00000000e8000000)
  eden space 87424K,   0% used [0x00000000e0000000, 0x00000000e0000000, 0x00000000e5560000)
  from space 21824K, 100% used [0x00000000e6ab0000, 0x00000000e8000000, 0x00000000e8000000)
  to   space 21824K,   0% used [0x00000000e5560000, 0x00000000e5560000, 0x00000000e6ab0000)
 concurrent mark-sweep generation total 393216K, used 135810K [0x00000000e8000000, 0x0000000100000000, 0x0000000100000000)
 Metaspace       used 30379K, capacity 30712K, committed 31128K, reserved 1077248K
  class space    used 3529K, capacity 3670K, committed 3736K, reserved 1048576K
}
2015-09-08T12:43:20.073+0200: 935.158: Total time for which application threads were stopped: 0.0098390 seconds, Stopping threads took: 0.0000138 seconds
{Heap before GC invocations=83 (full 2):
 par new generation   total 109248K, used 109038K [0x00000000e0000000, 0x00000000e8000000, 0x00000000e8000000)
  eden space 87424K,  99% used [0x00000000e0000000, 0x00000000e552b900, 0x00000000e5560000)
  from space 21824K, 100% used [0x00000000e6ab0000, 0x00000000e8000000, 0x00000000e8000000)
  to   space 21824K,   0% used [0x00000000e5560000, 0x00000000e5560000, 0x00000000e6ab0000)
 concurrent mark-sweep generation total 393216K, used 135810K [0x00000000e8000000, 0x0000000100000000, 0x0000000100000000)
 Metaspace       used 30379K, capacity 30712K, committed 31128K, reserved 1077248K
  class space    used 3529K, capacity 3670K, committed 3736K, reserved 1048576K
2015-09-08T12:43:20.382+0200: 935.467: [GC (Allocation Failure) 935.467: [ParNew
Desired survivor size 20112992 bytes, new threshold 8 (max 8)
- age   1:    5027184 bytes,    5027184 total
- age   2:    7498264 bytes,   12525448 total
- age   3:    1884936 bytes,   14410384 total
- age   4:    1123912 bytes,   15534296 total
- age   5:    1365944 bytes,   16900240 total
- age   6:     962456 bytes,   17862696 total
- age   7:     907008 bytes,   18769704 total
- age   8:    1728432 bytes,   20498136 total
: 109038K->21824K(109248K), 0.0091231 secs] 244849K->161920K(502464K), 0.0091785 secs] [Times: user=0.06 sys=0.00, real=0.01 secs] 
Heap after GC invocations=84 (full 2):
 par new generation   total 109248K, used 21824K [0x00000000e0000000, 0x00000000e8000000, 0x00000000e8000000)
  eden space 87424K,   0% used [0x00000000e0000000, 0x00000000e0000000, 0x00000000e5560000)
  from space 21824K, 100% used [0x00000000e5560000, 0x00000000e6ab0000, 0x00000000e6ab0000)
  to   space 21824K,   0% used [0x00000000e6ab0000, 0x00000000e6ab0000, 0x00000000e8000000)
 concurrent mark-sweep generation total 393216K, used 140096K [0x00000000e8000000, 0x0000000100000000, 0x0000000100000000)
 Metaspace       used 30379K, capacity 30712K, committed 31128K, reserved 1077248K
  class space    used 3529K, capacity 3670K, committed 3736K, reserved 1048576K
}
2015-09-08T12:43:20.391+0200: 935.476: Total time for which application threads were stopped: 0.0093235 seconds, Stopping threads took: 0.0000150 seconds
{Heap before GC invocations=84 (full 2):
 par new generation   total 109248K, used 109248K [0x00000000e0000000, 0x00000000e8000000, 0x00000000e8000000)
  eden space 87424K, 100% used [0x00000000e0000000, 0x00000000e5560000, 0x00000000e5560000)
  from space 21824K, 100% used [0x00000000e5560000, 0x00000000e6ab0000, 0x00000000e6ab0000)
  to   space 21824K,   0% used [0x00000000e6ab0000, 0x00000000e6ab0000, 0x00000000e8000000)
 concurrent mark-sweep generation total 393216K, used 140096K [0x00000000e8000000, 0x0000000100000000, 0x0000000100000000)
 Metaspace       used 30379K, capacity 30712K, committed 31128K, reserved 1077248K
  class space    used 3529K, capacity 3670K, committed 3736K, reserved 1048576K
2015-09-08T12:43:20.729+0200: 935.814: [GC (Allocation Failure) 935.814: [ParNew
Desired survivor size 20112992 bytes, new threshold 7 (max 8)
- age   1:    7527920 bytes,    7527920 total
- age   2:    4727560 bytes,   12255480 total
- age   3:    4030528 bytes,   16286008 total
- age   4:     935248 bytes,   17221256 total
- age   5:    1059264 bytes,   18280520 total
- age   6:    1291312 bytes,   19571832 total
- age   7:     897912 bytes,   20469744 total
- age   8:     833784 bytes,   21303528 total
: 109248K->21824K(109248K), 0.0092473 secs] 249344K->168332K(502464K), 0.0093001 secs] [Times: user=0.00 sys=0.00, real=0.01 secs] 
Heap after GC invocations=85 (full 2):
 par new generation   total 109248K, used 21824K [0x00000000e0000000, 0x00000000e8000000, 0x00000000e8000000)
  eden space 87424K,   0% used [0x00000000e0000000, 0x00000000e0000000, 0x00000000e5560000)
  from space 21824K, 100% used [0x00000000e6ab0000, 0x00000000e8000000, 0x00000000e8000000)
  to   space 21824K,   0% used [0x00000000e5560000, 0x00000000e5560000, 0x00000000e6ab0000)
 concurrent mark-sweep generation total 393216K, used 146508K [0x00000000e8000000, 0x0000000100000000, 0x0000000100000000)
 Metaspace       used 30379K, capacity 30712K, committed 31128K, reserved 1077248K
  class space    used 3529K, capacity 3670K, committed 3736K, reserved 1048576K
}
2015-09-08T12:43:20.739+0200: 935.824: Total time for which application threads were stopped: 0.0094630 seconds, Stopping threads took: 0.0000138 seconds
{Heap before GC invocations=85 (full 2):
 par new generation   total 109248K, used 109248K [0x00000000e0000000, 0x00000000e8000000, 0x00000000e8000000)
  eden space 87424K, 100% used [0x00000000e0000000, 0x00000000e5560000, 0x00000000e5560000)
  from space 21824K, 100% used [0x00000000e6ab0000, 0x00000000e8000000, 0x00000000e8000000)
  to   space 21824K,   0% used [0x00000000e5560000, 0x00000000e5560000, 0x00000000e6ab0000)
 concurrent mark-sweep generation total 393216K, used 146508K [0x00000000e8000000, 0x0000000100000000, 0x0000000100000000)
 Metaspace       used 30379K, capacity 30712K, committed 31128K, reserved 1077248K
  class space    used 3529K, capacity 3670K, committed 3736K, reserved 1048576K
2015-09-08T12:43:21.039+0200: 936.124: [GC (Allocation Failure) 936.124: [ParNew
Desired survivor size 20112992 bytes, new threshold 8 (max 8)
- age   1:    3968760 bytes,    3968760 total
- age   2:    6381552 bytes,   10350312 total
- age   3:    4361672 bytes,   14711984 total
- age   4:    1839480 bytes,   16551464 total
- age   5:     921376 bytes,   17472840 total
- age   6:    1047264 bytes,   18520104 total
- age   7:    1284080 bytes,   19804184 total
: 109248K->21824K(109248K), 0.0094825 secs] 255756K->178472K(502464K), 0.0095254 secs] [Times: user=0.06 sys=0.00, real=0.01 secs] 
Heap after GC invocations=86 (full 2):
 par new generation   total 109248K, used 21824K [0x00000000e0000000, 0x00000000e8000000, 0x00000000e8000000)
  eden space 87424K,   0% used [0x00000000e0000000, 0x00000000e0000000, 0x00000000e5560000)
  from space 21824K, 100% used [0x00000000e5560000, 0x00000000e6ab0000, 0x00000000e6ab0000)
  to   space 21824K,   0% used [0x00000000e6ab0000, 0x00000000e6ab0000, 0x00000000e8000000)
 concurrent mark-sweep generation total 393216K, used 156648K [0x00000000e8000000, 0x0000000100000000, 0x0000000100000000)
 Metaspace       used 30379K, capacity 30712K, committed 31128K, reserved 1077248K
  class space    used 3529K, capacity 3670K, committed 3736K, reserved 1048576K
}
2015-09-08T12:43:21.049+0200: 936.134: Total time for which application threads were stopped: 0.0096713 seconds, Stopping threads took: 0.0000157 seconds
{Heap before GC invocations=86 (full 2):
 par new generation   total 109248K, used 109248K [0x00000000e0000000, 0x00000000e8000000, 0x00000000e8000000)
  eden space 87424K, 100% used [0x00000000e0000000, 0x00000000e5560000, 0x00000000e5560000)
  from space 21824K, 100% used [0x00000000e5560000, 0x00000000e6ab0000, 0x00000000e6ab0000)
  to   space 21824K,   0% used [0x00000000e6ab0000, 0x00000000e6ab0000, 0x00000000e8000000)
 concurrent mark-sweep generation total 393216K, used 156648K [0x00000000e8000000, 0x0000000100000000, 0x0000000100000000)
 Metaspace       used 30379K, capacity 30712K, committed 31128K, reserved 1077248K
  class space    used 3529K, capacity 3670K, committed 3736K, reserved 1048576K
2015-09-08T12:43:21.370+0200: 936.454: [GC (Allocation Failure) 936.454: [ParNew
Desired survivor size 20112992 bytes, new threshold 8 (max 8)
- age   1:    5394008 bytes,    5394008 total
- age   2:    5043488 bytes,   10437496 total
- age   3:    1944720 bytes,   12382216 total
- age   4:    1532344 bytes,   13914560 total
- age   5:    1838720 bytes,   15753280 total
- age   6:     920608 bytes,   16673888 total
- age   7:    1046992 bytes,   17720880 total
- age   8:    1283808 bytes,   19004688 total
: 109248K->21824K(109248K), 0.0077798 secs] 265896K->183814K(502464K), 0.0078230 secs] [Times: user=0.00 sys=0.00, real=0.01 secs] 
Heap after GC invocations=87 (full 2):
 par new generation   total 109248K, used 21824K [0x00000000e0000000, 0x00000000e8000000, 0x00000000e8000000)
  eden space 87424K,   0% used [0x00000000e0000000, 0x00000000e0000000, 0x00000000e5560000)
  from space 21824K, 100% used [0x00000000e6ab0000, 0x00000000e8000000, 0x00000000e8000000)
  to   space 21824K,   0% used [0x00000000e5560000, 0x00000000e5560000, 0x00000000e6ab0000)
 concurrent mark-sweep generation total 393216K, used 161990K [0x00000000e8000000, 0x0000000100000000, 0x0000000100000000)
 Metaspace       used 30379K, capacity 30712K, committed 31128K, reserved 1077248K
  class space    used 3529K, capacity 3670K, committed 3736K, reserved 1048576K
}
2015-09-08T12:43:21.378+0200: 936.462: Total time for which application threads were stopped: 0.0079852 seconds, Stopping threads took: 0.0000144 seconds
{Heap before GC invocations=87 (full 2):
 par new generation   total 109248K, used 109248K [0x00000000e0000000, 0x00000000e8000000, 0x00000000e8000000)
  eden space 87424K, 100% used [0x00000000e0000000, 0x00000000e5560000, 0x00000000e5560000)
  from space 21824K, 100% used [0x00000000e6ab0000, 0x00000000e8000000, 0x00000000e8000000)
  to   space 21824K,   0% used [0x00000000e5560000, 0x00000000e5560000, 0x00000000e6ab0000)
 concurrent mark-sweep generation total 393216K, used 161990K [0x00000000e8000000, 0x0000000100000000, 0x0000000100000000)
 Metaspace       used 30379K, capacity 30712K, committed 31128K, reserved 1077248K
  class space    used 3529K, capacity 3670K, committed 3736K, reserved 1048576K
2015-09-08T12:43:21.696+0200: 936.780: [GC (Allocation Failure) 936.780: [ParNew
Desired survivor size 20112992 bytes, new threshold 8 (max 8)
- age   1:    3446560 bytes,    3446560 total
- age   2:    5281192 bytes,    8727752 total
- age   3:    3781632 bytes,   12509384 total
- age   4:    1063344 bytes,   13572728 total
- age   5:    1520352 bytes,   15093080 total
- age   6:    1838136 bytes,   16931216 total
- age   7:     916872 bytes,   17848088 total
- age   8:    1046120 bytes,   18894208 total
: 109248K->21824K(109248K), 0.0089692 secs] 271238K->185402K(502464K), 0.0090163 secs] [Times: user=0.06 sys=0.00, real=0.01 secs] 
Heap after GC invocations=88 (full 2):
 par new generation   total 109248K, used 21824K [0x00000000e0000000, 0x00000000e8000000, 0x00000000e8000000)
  eden space 87424K,   0% used [0x00000000e0000000, 0x00000000e0000000, 0x00000000e5560000)
  from space 21824K, 100% used [0x00000000e5560000, 0x00000000e6ab0000, 0x00000000e6ab0000)
  to   space 21824K,   0% used [0x00000000e6ab0000, 0x00000000e6ab0000, 0x00000000e8000000)
 concurrent mark-sweep generation total 393216K, used 163578K [0x00000000e8000000, 0x0000000100000000, 0x0000000100000000)
 Metaspace       used 30379K, capacity 30712K, committed 31128K, reserved 1077248K
  class space    used 3529K, capacity 3670K, committed 3736K, reserved 1048576K
}
2015-09-08T12:43:21.705+0200: 936.790: Total time for which application threads were stopped: 0.0091881 seconds, Stopping threads took: 0.0000358 seconds
{Heap before GC invocations=88 (full 2):
 par new generation   total 109248K, used 109248K [0x00000000e0000000, 0x00000000e8000000, 0x00000000e8000000)
  eden space 87424K, 100% used [0x00000000e0000000, 0x00000000e5560000, 0x00000000e5560000)
  from space 21824K, 100% used [0x00000000e5560000, 0x00000000e6ab0000, 0x00000000e6ab0000)
  to   space 21824K,   0% used [0x00000000e6ab0000, 0x00000000e6ab0000, 0x00000000e8000000)
 concurrent mark-sweep generation total 393216K, used 163578K [0x00000000e8000000, 0x0000000100000000, 0x0000000100000000)
 Metaspace       used 30379K, capacity 30712K, committed 31128K, reserved 1077248K
  class space    used 3529K, capacity 3670K, committed 3736K, reserved 1048576K
2015-09-08T12:43:22.001+0200: 937.086: [GC (Allocation Failure) 937.086: [ParNew
Desired survivor size 20112992 bytes, new threshold 8 (max 8)
- age   1:    5398336 bytes,    5398336 total
- age   2:    2229232 bytes,    7627568 total
- age   3:    4985784 bytes,   12613352 total
- age   4:    1297920 bytes,   13911272 total
- age   5:    1051984 bytes,   14963256 total
- age   6:    1512056 bytes,   16475312 total
- age   7:    1833248 bytes,   18308560 total
- age   8:     914120 bytes,   19222680 total
: 109248K->21824K(109248K), 0.0093087 secs] 272826K->194429K(502464K), 0.0093587 secs] [Times: user=0.06 sys=0.00, real=0.01 secs] 
Heap after GC invocations=89 (full 2):
 par new generation   total 109248K, used 21824K [0x00000000e0000000, 0x00000000e8000000, 0x00000000e8000000)
  eden space 87424K,   0% used [0x00000000e0000000, 0x00000000e0000000, 0x00000000e5560000)
  from space 21824K, 100% used [0x00000000e6ab0000, 0x00000000e8000000, 0x00000000e8000000)
  to   space 21824K,   0% used [0x00000000e5560000, 0x00000000e5560000, 0x00000000e6ab0000)
 concurrent mark-sweep generation total 393216K, used 172605K [0x00000000e8000000, 0x0000000100000000, 0x0000000100000000)
 Metaspace       used 30379K, capacity 30712K, committed 31128K, reserved 1077248K
  class space    used 3529K, capacity 3670K, committed 3736K, reserved 1048576K
}
2015-09-08T12:43:22.011+0200: 937.095: Total time for which application threads were stopped: 0.0095033 seconds, Stopping threads took: 0.0000131 seconds
{Heap before GC invocations=89 (full 2):
 par new generation   total 109248K, used 109248K [0x00000000e0000000, 0x00000000e8000000, 0x00000000e8000000)
  eden space 87424K, 100% used [0x00000000e0000000, 0x00000000e5560000, 0x00000000e5560000)
  from space 21824K, 100% used [0x00000000e6ab0000, 0x00000000e8000000, 0x00000000e8000000)
  to   space 21824K,   0% used [0x00000000e5560000, 0x00000000e5560000, 0x00000000e6ab0000)
 concurrent mark-sweep generation total 393216K, used 172605K [0x00000000e8000000, 0x0000000100000000, 0x0000000100000000)
 Metaspace       used 30379K, capacity 30712K, committed 31128K, reserved 1077248K
  class space    used 3529K, capacity 3670K, committed 3736K, reserved 1048576K
2015-09-08T12:43:22.334+0200: 937.418: [GC (Allocation Failure) 937.419: [ParNew
Desired survivor size 20112992 bytes, new threshold 8 (max 8)
- age   1:    4919008 bytes,    4919008 total
- age   2:    6741848 bytes,   11660856 total
- age   3:    2193304 bytes,   13854160 total
- age   4:    2046736 bytes,   15900896 total
- age   5:    1195312 bytes,   17096208 total
- age   6:    1039200 bytes,   18135408 total
- age   7:    1499632 bytes,   19635040 total
- age   8:    1825952 bytes,   21460992 total
: 109248K->21824K(109248K), 0.0090995 secs] 281853K->200745K(502464K), 0.0091583 secs] [Times: user=0.06 sys=0.00, real=0.01 secs] 
Heap after GC invocations=90 (full 2):
 par new generation   total 109248K, used 21824K [0x00000000e0000000, 0x00000000e8000000, 0x00000000e8000000)
  eden space 87424K,   0% used [0x00000000e0000000, 0x00000000e0000000, 0x00000000e5560000)
  from space 21824K, 100% used [0x00000000e5560000, 0x00000000e6ab0000, 0x00000000e6ab0000)
  to   space 21824K,   0% used [0x00000000e6ab0000, 0x00000000e6ab0000, 0x00000000e8000000)
 concurrent mark-sweep generation total 393216K, used 178921K [0x00000000e8000000, 0x0000000100000000, 0x0000000100000000)
 Metaspace       used 30379K, capacity 30712K, committed 31128K, reserved 1077248K
  class space    used 3529K, capacity 3670K, committed 3736K, reserved 1048576K
}
2015-09-08T12:43:22.343+0200: 937.428: Total time for which application threads were stopped: 0.0093103 seconds, Stopping threads took: 0.0000240 seconds
{Heap before GC invocations=90 (full 2):
 par new generation   total 109248K, used 109248K [0x00000000e0000000, 0x00000000e8000000, 0x00000000e8000000)
  eden space 87424K, 100% used [0x00000000e0000000, 0x00000000e5560000, 0x00000000e5560000)
  from space 21824K, 100% used [0x00000000e5560000, 0x00000000e6ab0000, 0x00000000e6ab0000)
  to   space 21824K,   0% used [0x00000000e6ab0000, 0x00000000e6ab0000, 0x00000000e8000000)
 concurrent mark-sweep generation total 393216K, used 178921K [0x00000000e8000000, 0x0000000100000000, 0x0000000100000000)
 Metaspace       used 30379K, capacity 30712K, committed 31128K, reserved 1077248K
  class space    used 3529K, capacity 3670K, committed 3736K, reserved 1048576K
2015-09-08T12:43:22.654+0200: 937.739: [GC (Allocation Failure) 937.739: [ParNew
Desired survivor size 20112992 bytes, new threshold 8 (max 8)
- age   1:    1680008 bytes,    1680008 total
- age   2:    4550616 bytes,    6230624 total
- age   3:    2514320 bytes,    8744944 total
- age   4:    2005952 bytes,   10750896 total
- age   5:    1264472 bytes,   12015368 total
- age   6:    1171672 bytes,   13187040 total
- age   7:    1035096 bytes,   14222136 total
- age   8:    1496496 bytes,   15718632 total
: 109248K->21824K(109248K), 0.0102063 secs] 288169K->207727K(502464K), 0.0102822 secs] [Times: user=0.02 sys=0.00, real=0.01 secs] 
Heap after GC invocations=91 (full 2):
 par new generation   total 109248K, used 21824K [0x00000000e0000000, 0x00000000e8000000, 0x00000000e8000000)
  eden space 87424K,   0% used [0x00000000e0000000, 0x00000000e0000000, 0x00000000e5560000)
  from space 21824K, 100% used [0x00000000e6ab0000, 0x00000000e8000000, 0x00000000e8000000)
  to   space 21824K,   0% used [0x00000000e5560000, 0x00000000e5560000, 0x00000000e6ab0000)
 concurrent mark-sweep generation total 393216K, used 185903K [0x00000000e8000000, 0x0000000100000000, 0x0000000100000000)
 Metaspace       used 30379K, capacity 30712K, committed 31128K, reserved 1077248K
  class space    used 3529K, capacity 3670K, committed 3736K, reserved 1048576K
}
2015-09-08T12:43:22.665+0200: 937.750: Total time for which application threads were stopped: 0.0104463 seconds, Stopping threads took: 0.0000138 seconds
{Heap before GC invocations=91 (full 2):
 par new generation   total 109248K, used 109248K [0x00000000e0000000, 0x00000000e8000000, 0x00000000e8000000)
  eden space 87424K, 100% used [0x00000000e0000000, 0x00000000e5560000, 0x00000000e5560000)
  from space 21824K, 100% used [0x00000000e6ab0000, 0x00000000e8000000, 0x00000000e8000000)
  to   space 21824K,   0% used [0x00000000e5560000, 0x00000000e5560000, 0x00000000e6ab0000)
 concurrent mark-sweep generation total 393216K, used 185903K [0x00000000e8000000, 0x0000000100000000, 0x0000000100000000)
 Metaspace       used 30379K, capacity 30712K, committed 31128K, reserved 1077248K
  class space    used 3529K, capacity 3670K, committed 3736K, reserved 1048576K
2015-09-08T12:43:22.982+0200: 938.067: [GC (Allocation Failure) 938.067: [ParNew
Desired survivor size 20112992 bytes, new threshold 8 (max 8)
- age   1:    3550208 bytes,    3550208 total
- age   2:    1676336 bytes,    5226544 total
- age   3:    4648728 bytes,    9875272 total
- age   4:    2612624 bytes,   12487896 total
- age   5:    1310376 bytes,   13798272 total
- age   6:    1362776 bytes,   15161048 total
- age   7:    1302808 bytes,   16463856 total
- age   8:    1067880 bytes,   17531736 total
: 109248K->21616K(109248K), 0.0090044 secs] 295151K->208991K(502464K), 0.0090633 secs] [Times: user=0.00 sys=0.00, real=0.01 secs] 
Heap after GC invocations=92 (full 2):
 par new generation   total 109248K, used 21616K [0x00000000e0000000, 0x00000000e8000000, 0x00000000e8000000)
  eden space 87424K,   0% used [0x00000000e0000000, 0x00000000e0000000, 0x00000000e5560000)
  from space 21824K,  99% used [0x00000000e5560000, 0x00000000e6a7c2e0, 0x00000000e6ab0000)
  to   space 21824K,   0% used [0x00000000e6ab0000, 0x00000000e6ab0000, 0x00000000e8000000)
 concurrent mark-sweep generation total 393216K, used 187375K [0x00000000e8000000, 0x0000000100000000, 0x0000000100000000)
 Metaspace       used 30379K, capacity 30712K, committed 31128K, reserved 1077248K
  class space    used 3529K, capacity 3670K, committed 3736K, reserved 1048576K
}
2015-09-08T12:43:22.991+0200: 938.076: Total time for which application threads were stopped: 0.0092422 seconds, Stopping threads took: 0.0000131 seconds
{Heap before GC invocations=92 (full 2):
 par new generation   total 109248K, used 109040K [0x00000000e0000000, 0x00000000e8000000, 0x00000000e8000000)
  eden space 87424K, 100% used [0x00000000e0000000, 0x00000000e5560000, 0x00000000e5560000)
  from space 21824K,  99% used [0x00000000e5560000, 0x00000000e6a7c2e0, 0x00000000e6ab0000)
  to   space 21824K,   0% used [0x00000000e6ab0000, 0x00000000e6ab0000, 0x00000000e8000000)
 concurrent mark-sweep generation total 393216K, used 187375K [0x00000000e8000000, 0x0000000100000000, 0x0000000100000000)
 Metaspace       used 30379K, capacity 30712K, committed 31128K, reserved 1077248K
  class space    used 3529K, capacity 3670K, committed 3736K, reserved 1048576K
2015-09-08T12:43:23.255+0200: 938.340: [GC (Allocation Failure) 938.340: [ParNew
Desired survivor size 20112992 bytes, new threshold 7 (max 8)
- age   1:   10769120 bytes,   10769120 total
- age   2:    3214320 bytes,   13983440 total
- age   3:    1635568 bytes,   15619008 total
- age   4:    1202784 bytes,   16821792 total
- age   5:    1114720 bytes,   17936512 total
- age   6:    1159056 bytes,   19095568 total
- age   7:    1244576 bytes,   20340144 total
- age   8:    1152792 bytes,   21492936 total
: 109040K->21824K(109248K), 0.0106406 secs] 296415K->218042K(502464K), 0.0106889 secs] [Times: user=0.06 sys=0.00, real=0.01 secs] 
Heap after GC invocations=93 (full 2):
 par new generation   total 109248K, used 21824K [0x00000000e0000000, 0x00000000e8000000, 0x00000000e8000000)
  eden space 87424K,   0% used [0x00000000e0000000, 0x00000000e0000000, 0x00000000e5560000)
  from space 21824K, 100% used [0x00000000e6ab0000, 0x00000000e8000000, 0x00000000e8000000)
  to   space 21824K,   0% used [0x00000000e5560000, 0x00000000e5560000, 0x00000000e6ab0000)
 concurrent mark-sweep generation total 393216K, used 196218K [0x00000000e8000000, 0x0000000100000000, 0x0000000100000000)
 Metaspace       used 30379K, capacity 30712K, committed 31128K, reserved 1077248K
  class space    used 3529K, capacity 3670K, committed 3736K, reserved 1048576K
}
2015-09-08T12:43:23.265+0200: 938.350: Total time for which application threads were stopped: 0.0108716 seconds, Stopping threads took: 0.0000278 seconds
{Heap before GC invocations=93 (full 2):
 par new generation   total 109248K, used 109248K [0x00000000e0000000, 0x00000000e8000000, 0x00000000e8000000)
  eden space 87424K, 100% used [0x00000000e0000000, 0x00000000e5560000, 0x00000000e5560000)
  from space 21824K, 100% used [0x00000000e6ab0000, 0x00000000e8000000, 0x00000000e8000000)
  to   space 21824K,   0% used [0x00000000e5560000, 0x00000000e5560000, 0x00000000e6ab0000)
 concurrent mark-sweep generation total 393216K, used 196218K [0x00000000e8000000, 0x0000000100000000, 0x0000000100000000)
 Metaspace       used 30379K, capacity 30712K, committed 31128K, reserved 1077248K
  class space    used 3529K, capacity 3670K, committed 3736K, reserved 1048576K
2015-09-08T12:43:23.568+0200: 938.653: [GC (Allocation Failure) 938.653: [ParNew
Desired survivor size 20112992 bytes, new threshold 7 (max 8)
- age   1:    2580432 bytes,    2580432 total
- age   2:    9754824 bytes,   12335256 total
- age   3:    3203808 bytes,   15539064 total
- age   4:    1453928 bytes,   16992992 total
- age   5:    1191952 bytes,   18184944 total
- age   6:    1107992 bytes,   19292936 total
- age   7:    1157608 bytes,   20450544 total
: 109248K->21824K(109248K), 0.0099497 secs] 305466K->221733K(502464K), 0.0099935 secs] [Times: user=0.06 sys=0.00, real=0.01 secs] 
Heap after GC invocations=94 (full 2):
 par new generation   total 109248K, used 21824K [0x00000000e0000000, 0x00000000e8000000, 0x00000000e8000000)
  eden space 87424K,   0% used [0x00000000e0000000, 0x00000000e0000000, 0x00000000e5560000)
  from space 21824K, 100% used [0x00000000e5560000, 0x00000000e6ab0000, 0x00000000e6ab0000)
  to   space 21824K,   0% used [0x00000000e6ab0000, 0x00000000e6ab0000, 0x00000000e8000000)
 concurrent mark-sweep generation total 393216K, used 199909K [0x00000000e8000000, 0x0000000100000000, 0x0000000100000000)
 Metaspace       used 30379K, capacity 30712K, committed 31128K, reserved 1077248K
  class space    used 3529K, capacity 3670K, committed 3736K, reserved 1048576K
}
2015-09-08T12:43:23.578+0200: 938.663: Total time for which application threads were stopped: 0.0101366 seconds, Stopping threads took: 0.0000138 seconds
2015-09-08T12:43:23.578+0200: 938.663: [GC (CMS Initial Mark) [1 CMS-initial-mark: 199909K(393216K)] 223479K(502464K), 0.0010112 secs] [Times: user=0.00 sys=0.00, real=0.00 secs] 
2015-09-08T12:43:23.579+0200: 938.664: Total time for which application threads were stopped: 0.0011008 seconds, Stopping threads took: 0.0000250 seconds
2015-09-08T12:43:23.580+0200: 938.664: [CMS-concurrent-mark-start]
2015-09-08T12:43:23.609+0200: 938.694: [CMS-concurrent-mark: 0.029/0.029 secs] [Times: user=0.13 sys=0.00, real=0.03 secs] 
2015-09-08T12:43:23.609+0200: 938.694: [CMS-concurrent-preclean-start]
2015-09-08T12:43:23.610+0200: 938.695: [CMS-concurrent-preclean: 0.001/0.001 secs] [Times: user=0.00 sys=0.00, real=0.00 secs] 
2015-09-08T12:43:23.610+0200: 938.695: [CMS-concurrent-abortable-preclean-start]
2015-09-08T12:43:23.757+0200: 938.842: [CMS-concurrent-abortable-preclean: 0.147/0.147 secs] [Times: user=0.31 sys=0.00, real=0.15 secs] 
2015-09-08T12:43:23.758+0200: 938.843: [GC (CMS Final Remark) [YG occupancy: 68997 K (109248 K)]{Heap before GC invocations=94 (full 3):
 par new generation   total 109248K, used 68997K [0x00000000e0000000, 0x00000000e8000000, 0x00000000e8000000)
  eden space 87424K,  53% used [0x00000000e0000000, 0x00000000e2e115b0, 0x00000000e5560000)
  from space 21824K, 100% used [0x00000000e5560000, 0x00000000e6ab0000, 0x00000000e6ab0000)
  to   space 21824K,   0% used [0x00000000e6ab0000, 0x00000000e6ab0000, 0x00000000e8000000)
 concurrent mark-sweep generation total 393216K, used 199909K [0x00000000e8000000, 0x0000000100000000, 0x0000000100000000)
 Metaspace       used 30379K, capacity 30712K, committed 31128K, reserved 1077248K
  class space    used 3529K, capacity 3670K, committed 3736K, reserved 1048576K
2015-09-08T12:43:23.758+0200: 938.843: [GC (CMS Final Remark) 938.843: [ParNew
Desired survivor size 20112992 bytes, new threshold 8 (max 8)
- age   1:     820824 bytes,     820824 total
- age   2:    2444448 bytes,    3265272 total
- age   3:    8204560 bytes,   11469832 total
- age   4:    3202648 bytes,   14672480 total
- age   5:    1449344 bytes,   16121824 total
- age   6:    1190640 bytes,   17312464 total
- age   7:    1107096 bytes,   18419560 total
: 68997K->21824K(109248K), 0.0084697 secs] 268906K->225135K(502464K), 0.0085023 secs] [Times: user=0.00 sys=0.00, real=0.01 secs] 
Heap after GC invocations=95 (full 3):
 par new generation   total 109248K, used 21824K [0x00000000e0000000, 0x00000000e8000000, 0x00000000e8000000)
  eden space 87424K,   0% used [0x00000000e0000000, 0x00000000e0000000, 0x00000000e5560000)
  from space 21824K, 100% used [0x00000000e6ab0000, 0x00000000e8000000, 0x00000000e8000000)
  to   space 21824K,   0% used [0x00000000e5560000, 0x00000000e5560000, 0x00000000e6ab0000)
 concurrent mark-sweep generation total 393216K, used 203311K [0x00000000e8000000, 0x0000000100000000, 0x0000000100000000)
 Metaspace       used 30379K, capacity 30712K, committed 31128K, reserved 1077248K
  class space    used 3529K, capacity 3670K, committed 3736K, reserved 1048576K
}
938.851: [Rescan (parallel) , 0.0039289 secs]938.855: [weak refs processing, 0.0006483 secs]938.856: [class unloading, 0.0043417 secs]938.860: [scrub symbol table, 0.0029030 secs]938.863: [scrub string table, 0.0003568 secs][1 CMS-remark: 203311K(393216K)] 225135K(502464K), 0.0213676 secs] [Times: user=0.02 sys=0.00, real=0.02 secs] 
2015-09-08T12:43:23.779+0200: 938.864: Total time for which application threads were stopped: 0.0214850 seconds, Stopping threads took: 0.0000390 seconds
2015-09-08T12:43:23.779+0200: 938.864: [CMS-concurrent-sweep-start]
2015-09-08T12:43:23.806+0200: 938.891: [CMS-concurrent-sweep: 0.027/0.027 secs] [Times: user=0.06 sys=0.00, real=0.03 secs] 
2015-09-08T12:43:23.806+0200: 938.891: [CMS-concurrent-reset-start]
2015-09-08T12:43:23.806+0200: 938.891: [CMS-concurrent-reset: 0.000/0.000 secs] [Times: user=0.00 sys=0.00, real=0.00 secs] 
{Heap before GC invocations=95 (full 3):
 par new generation   total 109248K, used 109248K [0x00000000e0000000, 0x00000000e8000000, 0x00000000e8000000)
  eden space 87424K, 100% used [0x00000000e0000000, 0x00000000e5560000, 0x00000000e5560000)
  from space 21824K, 100% used [0x00000000e6ab0000, 0x00000000e8000000, 0x00000000e8000000)
  to   space 21824K,   0% used [0x00000000e5560000, 0x00000000e5560000, 0x00000000e6ab0000)
 concurrent mark-sweep generation total 393216K, used 124686K [0x00000000e8000000, 0x0000000100000000, 0x0000000100000000)
 Metaspace       used 30379K, capacity 30712K, committed 31128K, reserved 1077248K
  class space    used 3529K, capacity 3670K, committed 3736K, reserved 1048576K
2015-09-08T12:43:24.085+0200: 939.170: [GC (Allocation Failure) 939.170: [ParNew
Desired survivor size 20112992 bytes, new threshold 8 (max 8)
- age   1:    1474688 bytes,    1474688 total
- age   2:     762104 bytes,    2236792 total
- age   3:    2142696 bytes,    4379488 total
- age   4:    7967848 bytes,   12347336 total
- age   5:    3162864 bytes,   15510200 total
- age   6:    1404080 bytes,   16914280 total
- age   7:    1150112 bytes,   18064392 total
- age   8:    1081968 bytes,   19146360 total
: 109248K->21824K(109248K), 0.0093699 secs] 233934K->148442K(502464K), 0.0094137 secs] [Times: user=0.00 sys=0.00, real=0.01 secs] 
Heap after GC invocations=96 (full 3):
 par new generation   total 109248K, used 21824K [0x00000000e0000000, 0x00000000e8000000, 0x00000000e8000000)
  eden space 87424K,   0% used [0x00000000e0000000, 0x00000000e0000000, 0x00000000e5560000)
  from space 21824K, 100% used [0x00000000e5560000, 0x00000000e6ab0000, 0x00000000e6ab0000)
  to   space 21824K,   0% used [0x00000000e6ab0000, 0x00000000e6ab0000, 0x00000000e8000000)
 concurrent mark-sweep generation total 393216K, used 126618K [0x00000000e8000000, 0x0000000100000000, 0x0000000100000000)
 Metaspace       used 30379K, capacity 30712K, committed 31128K, reserved 1077248K
  class space    used 3529K, capacity 3670K, committed 3736K, reserved 1048576K
}
2015-09-08T12:43:24.095+0200: 939.180: Total time for which application threads were stopped: 0.0095660 seconds, Stopping threads took: 0.0000237 seconds
{Heap before GC invocations=96 (full 3):
 par new generation   total 109248K, used 109248K [0x00000000e0000000, 0x00000000e8000000, 0x00000000e8000000)
  eden space 87424K, 100% used [0x00000000e0000000, 0x00000000e5560000, 0x00000000e5560000)
  from space 21824K, 100% used [0x00000000e5560000, 0x00000000e6ab0000, 0x00000000e6ab0000)
  to   space 21824K,   0% used [0x00000000e6ab0000, 0x00000000e6ab0000, 0x00000000e8000000)
 concurrent mark-sweep generation total 393216K, used 126618K [0x00000000e8000000, 0x0000000100000000, 0x0000000100000000)
 Metaspace       used 30379K, capacity 30712K, committed 31128K, reserved 1077248K
  class space    used 3529K, capacity 3670K, committed 3736K, reserved 1048576K
2015-09-08T12:43:24.381+0200: 939.466: [GC (Allocation Failure) 939.466: [ParNew
Desired survivor size 20112992 bytes, new threshold 8 (max 8)
- age   1:    6968304 bytes,    6968304 total
- age   2:    1304344 bytes,    8272648 total
- age   3:     690160 bytes,    8962808 total
- age   4:    1452432 bytes,   10415240 total
- age   5:    2696600 bytes,   13111840 total
- age   6:    2275648 bytes,   15387488 total
- age   7:    1368440 bytes,   16755928 total
- age   8:    1148296 bytes,   17904224 total
: 109248K->21824K(109248K), 0.0101145 secs] 235866K->153996K(502464K), 0.0101609 secs] [Times: user=0.00 sys=0.00, real=0.01 secs] 
Heap after GC invocations=97 (full 3):
 par new generation   total 109248K, used 21824K [0x00000000e0000000, 0x00000000e8000000, 0x00000000e8000000)
  eden space 87424K,   0% used [0x00000000e0000000, 0x00000000e0000000, 0x00000000e5560000)
  from space 21824K, 100% used [0x00000000e6ab0000, 0x00000000e8000000, 0x00000000e8000000)
  to   space 21824K,   0% used [0x00000000e5560000, 0x00000000e5560000, 0x00000000e6ab0000)
 concurrent mark-sweep generation total 393216K, used 132172K [0x00000000e8000000, 0x0000000100000000, 0x0000000100000000)
 Metaspace       used 30379K, capacity 30712K, committed 31128K, reserved 1077248K
  class space    used 3529K, capacity 3670K, committed 3736K, reserved 1048576K
}
2015-09-08T12:43:24.391+0200: 939.476: Total time for which application threads were stopped: 0.0103039 seconds, Stopping threads took: 0.0000134 seconds
{Heap before GC invocations=97 (full 3):
 par new generation   total 109248K, used 109248K [0x00000000e0000000, 0x00000000e8000000, 0x00000000e8000000)
  eden space 87424K, 100% used [0x00000000e0000000, 0x00000000e5560000, 0x00000000e5560000)
  from space 21824K, 100% used [0x00000000e6ab0000, 0x00000000e8000000, 0x00000000e8000000)
  to   space 21824K,   0% used [0x00000000e5560000, 0x00000000e5560000, 0x00000000e6ab0000)
 concurrent mark-sweep generation total 393216K, used 132172K [0x00000000e8000000, 0x0000000100000000, 0x0000000100000000)
 Metaspace       used 30379K, capacity 30712K, committed 31128K, reserved 1077248K
  class space    used 3529K, capacity 3670K, committed 3736K, reserved 1048576K
2015-09-08T12:43:24.651+0200: 939.736: [GC (Allocation Failure) 939.736: [ParNew
Desired survivor size 20112992 bytes, new threshold 8 (max 8)
- age   1:    5252216 bytes,    5252216 total
- age   2:    6932624 bytes,   12184840 total
- age   3:    1304344 bytes,   13489184 total
- age   4:     690160 bytes,   14179344 total
- age   5:    1452432 bytes,   15631776 total
- age   6:    1030544 bytes,   16662320 total
- age   7:    1247408 bytes,   17909728 total
- age   8:    1368440 bytes,   19278168 total
: 109248K->21824K(109248K), 0.0113407 secs] 241420K->165635K(502464K), 0.0114419 secs] [Times: user=0.05 sys=0.00, real=0.01 secs] 
Heap after GC invocations=98 (full 3):
 par new generation   total 109248K, used 21824K [0x00000000e0000000, 0x00000000e8000000, 0x00000000e8000000)
  eden space 87424K,   0% used [0x00000000e0000000, 0x00000000e0000000, 0x00000000e5560000)
  from space 21824K, 100% used [0x00000000e5560000, 0x00000000e6ab0000, 0x00000000e6ab0000)
  to   space 21824K,   0% used [0x00000000e6ab0000, 0x00000000e6ab0000, 0x00000000e8000000)
 concurrent mark-sweep generation total 393216K, used 143811K [0x00000000e8000000, 0x0000000100000000, 0x0000000100000000)
 Metaspace       used 30379K, capacity 30712K, committed 31128K, reserved 1077248K
  class space    used 3529K, capacity 3670K, committed 3736K, reserved 1048576K
}
2015-09-08T12:43:24.662+0200: 939.747: Total time for which application threads were stopped: 0.0115990 seconds, Stopping threads took: 0.0000138 seconds
2015-09-08T12:43:25.592+0200: 940.677: Total time for which application threads were stopped: 0.0000822 seconds, Stopping threads took: 0.0000122 seconds
{Heap before GC invocations=98 (full 3):
 par new generation   total 109248K, used 109248K [0x00000000e0000000, 0x00000000e8000000, 0x00000000e8000000)
  eden space 87424K, 100% used [0x00000000e0000000, 0x00000000e5560000, 0x00000000e5560000)
  from space 21824K, 100% used [0x00000000e5560000, 0x00000000e6ab0000, 0x00000000e6ab0000)
  to   space 21824K,   0% used [0x00000000e6ab0000, 0x00000000e6ab0000, 0x00000000e8000000)
 concurrent mark-sweep generation total 393216K, used 143811K [0x00000000e8000000, 0x0000000100000000, 0x0000000100000000)
 Metaspace       used 30379K, capacity 30712K, committed 31128K, reserved 1077248K
  class space    used 3529K, capacity 3670K, committed 3736K, reserved 1048576K
2015-09-08T12:43:25.643+0200: 940.728: [GC (Allocation Failure) 940.728: [ParNew
Desired survivor size 20112992 bytes, new threshold 8 (max 8)
- age   1:    3769912 bytes,    3769912 total
- age   2:    2442520 bytes,    6212432 total
- age   3:    6290472 bytes,   12502904 total
- age   4:     669176 bytes,   13172080 total
- age   5:     359184 bytes,   13531264 total
- age   6:     650112 bytes,   14181376 total
- age   7:     553872 bytes,   14735248 total
- age   8:     666920 bytes,   15402168 total
: 109248K->21824K(109248K), 0.0267960 secs] 253059K->172993K(502464K), 0.0268459 secs] [Times: user=0.09 sys=0.00, real=0.03 secs] 
Heap after GC invocations=99 (full 3):
 par new generation   total 109248K, used 21824K [0x00000000e0000000, 0x00000000e8000000, 0x00000000e8000000)
  eden space 87424K,   0% used [0x00000000e0000000, 0x00000000e0000000, 0x00000000e5560000)
  from space 21824K, 100% used [0x00000000e6ab0000, 0x00000000e8000000, 0x00000000e8000000)
  to   space 21824K,   0% used [0x00000000e5560000, 0x00000000e5560000, 0x00000000e6ab0000)
 concurrent mark-sweep generation total 393216K, used 151169K [0x00000000e8000000, 0x0000000100000000, 0x0000000100000000)
 Metaspace       used 30379K, capacity 30712K, committed 31128K, reserved 1077248K
  class space    used 3529K, capacity 3670K, committed 3736K, reserved 1048576K
}
2015-09-08T12:43:25.670+0200: 940.755: Total time for which application threads were stopped: 0.0269976 seconds, Stopping threads took: 0.0000157 seconds
{Heap before GC invocations=99 (full 3):
 par new generation   total 109248K, used 109248K [0x00000000e0000000, 0x00000000e8000000, 0x00000000e8000000)
  eden space 87424K, 100% used [0x00000000e0000000, 0x00000000e5560000, 0x00000000e5560000)
  from space 21824K, 100% used [0x00000000e6ab0000, 0x00000000e8000000, 0x00000000e8000000)
  to   space 21824K,   0% used [0x00000000e5560000, 0x00000000e5560000, 0x00000000e6ab0000)
 concurrent mark-sweep generation total 393216K, used 151169K [0x00000000e8000000, 0x0000000100000000, 0x0000000100000000)
 Metaspace       used 30379K, capacity 30712K, committed 31128K, reserved 1077248K
  class space    used 3529K, capacity 3670K, committed 3736K, reserved 1048576K
2015-09-08T12:43:25.762+0200: 940.847: [GC (Allocation Failure) 940.847: [ParNew
Desired survivor size 20112992 bytes, new threshold 8 (max 8)
- age   1:      98608 bytes,      98608 total
- age   2:    3718184 bytes,    3816792 total
- age   3:    2442520 bytes,    6259312 total
- age   4:    6290472 bytes,   12549784 total
- age   5:     669176 bytes,   13218960 total
- age   6:     359184 bytes,   13578144 total
- age   7:     650112 bytes,   14228256 total
- age   8:     553872 bytes,   14782128 total
: 109248K->20544K(109248K), 0.0080835 secs] 260417K->172386K(502464K), 0.0081299 secs] [Times: user=0.06 sys=0.00, real=0.01 secs] 
Heap after GC invocations=100 (full 3):
 par new generation   total 109248K, used 20544K [0x00000000e0000000, 0x00000000e8000000, 0x00000000e8000000)
  eden space 87424K,   0% used [0x00000000e0000000, 0x00000000e0000000, 0x00000000e5560000)
  from space 21824K,  94% used [0x00000000e5560000, 0x00000000e69702c0, 0x00000000e6ab0000)
  to   space 21824K,   0% used [0x00000000e6ab0000, 0x00000000e6ab0000, 0x00000000e8000000)
 concurrent mark-sweep generation total 393216K, used 151841K [0x00000000e8000000, 0x0000000100000000, 0x0000000100000000)
 Metaspace       used 30379K, capacity 30712K, committed 31128K, reserved 1077248K
  class space    used 3529K, capacity 3670K, committed 3736K, reserved 1048576K
}
2015-09-08T12:43:25.770+0200: 940.855: Total time for which application threads were stopped: 0.0082844 seconds, Stopping threads took: 0.0000141 seconds
{Heap before GC invocations=100 (full 3):
 par new generation   total 109248K, used 107968K [0x00000000e0000000, 0x00000000e8000000, 0x00000000e8000000)
  eden space 87424K, 100% used [0x00000000e0000000, 0x00000000e5560000, 0x00000000e5560000)
  from space 21824K,  94% used [0x00000000e5560000, 0x00000000e69702c0, 0x00000000e6ab0000)
  to   space 21824K,   0% used [0x00000000e6ab0000, 0x00000000e6ab0000, 0x00000000e8000000)
 concurrent mark-sweep generation total 393216K, used 151841K [0x00000000e8000000, 0x0000000100000000, 0x0000000100000000)
 Metaspace       used 30379K, capacity 30712K, committed 31128K, reserved 1077248K
  class space    used 3529K, capacity 3670K, committed 3736K, reserved 1048576K
2015-09-08T12:43:25.875+0200: 940.960: [GC (Allocation Failure) 940.960: [ParNew
Desired survivor size 20112992 bytes, new threshold 8 (max 8)
- age   1:     123944 bytes,     123944 total
- age   2:      36656 bytes,     160600 total
- age   3:    3717992 bytes,    3878592 total
- age   4:    2442520 bytes,    6321112 total
- age   5:    6290472 bytes,   12611584 total
- age   6:     669176 bytes,   13280760 total
- age   7:     359184 bytes,   13639944 total
- age   8:     650112 bytes,   14290056 total
: 107968K->18580K(109248K), 0.0073296 secs] 259810K->170981K(502464K), 0.0073766 secs] [Times: user=0.06 sys=0.00, real=0.01 secs] 
Heap after GC invocations=101 (full 3):
 par new generation   total 109248K, used 18580K [0x00000000e0000000, 0x00000000e8000000, 0x00000000e8000000)
  eden space 87424K,   0% used [0x00000000e0000000, 0x00000000e0000000, 0x00000000e5560000)
  from space 21824K,  85% used [0x00000000e6ab0000, 0x00000000e7cd5290, 0x00000000e8000000)
  to   space 21824K,   0% used [0x00000000e5560000, 0x00000000e5560000, 0x00000000e6ab0000)
 concurrent mark-sweep generation total 393216K, used 152400K [0x00000000e8000000, 0x0000000100000000, 0x0000000100000000)
 Metaspace       used 30379K, capacity 30712K, committed 31128K, reserved 1077248K
  class space    used 3529K, capacity 3670K, committed 3736K, reserved 1048576K
}
2015-09-08T12:43:25.882+0200: 940.967: Total time for which application threads were stopped: 0.0075254 seconds, Stopping threads took: 0.0000134 seconds
{Heap before GC invocations=101 (full 3):
 par new generation   total 109248K, used 106004K [0x00000000e0000000, 0x00000000e8000000, 0x00000000e8000000)
  eden space 87424K, 100% used [0x00000000e0000000, 0x00000000e5560000, 0x00000000e5560000)
  from space 21824K,  85% used [0x00000000e6ab0000, 0x00000000e7cd5290, 0x00000000e8000000)
  to   space 21824K,   0% used [0x00000000e5560000, 0x00000000e5560000, 0x00000000e6ab0000)
 concurrent mark-sweep generation total 393216K, used 152400K [0x00000000e8000000, 0x0000000100000000, 0x0000000100000000)
 Metaspace       used 30379K, capacity 30712K, committed 31128K, reserved 1077248K
  class space    used 3529K, capacity 3670K, committed 3736K, reserved 1048576K
2015-09-08T12:43:26.065+0200: 941.150: [GC (Allocation Failure) 941.150: [ParNew
Desired survivor size 20112992 bytes, new threshold 8 (max 8)
- age   1:      71224 bytes,      71224 total
- age   4:    3697688 bytes,    3768912 total
- age   5:    2442520 bytes,    6211432 total
- age   6:    6667488 bytes,   12878920 total
- age   7:     669176 bytes,   13548096 total
- age   8:     359184 bytes,   13907280 total
: 106004K->17000K(109248K), 0.0070595 secs] 258405K->170055K(502464K), 0.0071046 secs] [Times: user=0.00 sys=0.00, real=0.01 secs] 
Heap after GC invocations=102 (full 3):
 par new generation   total 109248K, used 17000K [0x00000000e0000000, 0x00000000e8000000, 0x00000000e8000000)
  eden space 87424K,   0% used [0x00000000e0000000, 0x00000000e0000000, 0x00000000e5560000)
  from space 21824K,  77% used [0x00000000e5560000, 0x00000000e65fa3e8, 0x00000000e6ab0000)
  to   space 21824K,   0% used [0x00000000e6ab0000, 0x00000000e6ab0000, 0x00000000e8000000)
 concurrent mark-sweep generation total 393216K, used 153054K [0x00000000e8000000, 0x0000000100000000, 0x0000000100000000)
 Metaspace       used 30379K, capacity 30712K, committed 31128K, reserved 1077248K
  class space    used 3529K, capacity 3670K, committed 3736K, reserved 1048576K
}
2015-09-08T12:43:26.072+0200: 941.157: Total time for which application threads were stopped: 0.0072630 seconds, Stopping threads took: 0.0000128 seconds
{Heap before GC invocations=102 (full 3):
 par new generation   total 109248K, used 104424K [0x00000000e0000000, 0x00000000e8000000, 0x00000000e8000000)
  eden space 87424K, 100% used [0x00000000e0000000, 0x00000000e5560000, 0x00000000e5560000)
  from space 21824K,  77% used [0x00000000e5560000, 0x00000000e65fa3e8, 0x00000000e6ab0000)
  to   space 21824K,   0% used [0x00000000e6ab0000, 0x00000000e6ab0000, 0x00000000e8000000)
 concurrent mark-sweep generation total 393216K, used 153054K [0x00000000e8000000, 0x0000000100000000, 0x0000000100000000)
 Metaspace       used 30379K, capacity 30712K, committed 31128K, reserved 1077248K
  class space    used 3529K, capacity 3670K, committed 3736K, reserved 1048576K
2015-09-08T12:43:26.141+0200: 941.226: [GC (Allocation Failure) 941.226: [ParNew
Desired survivor size 20112992 bytes, new threshold 8 (max 8)
- age   1:     140416 bytes,     140416 total
- age   2:        752 bytes,     141168 total
- age   5:    3697624 bytes,    3838792 total
- age   6:    2442520 bytes,    6281312 total
- age   7:    6290520 bytes,   12571832 total
- age   8:     669176 bytes,   13241008 total
: 104424K->16472K(109248K), 0.0089711 secs] 257479K->169889K(502464K), 0.0090191 secs] [Times: user=0.06 sys=0.00, real=0.01 secs] 
Heap after GC invocations=103 (full 3):
 par new generation   total 109248K, used 16472K [0x00000000e0000000, 0x00000000e8000000, 0x00000000e8000000)
  eden space 87424K,   0% used [0x00000000e0000000, 0x00000000e0000000, 0x00000000e5560000)
  from space 21824K,  75% used [0x00000000e6ab0000, 0x00000000e7ac6010, 0x00000000e8000000)
  to   space 21824K,   0% used [0x00000000e5560000, 0x00000000e5560000, 0x00000000e6ab0000)
 concurrent mark-sweep generation total 393216K, used 153417K [0x00000000e8000000, 0x0000000100000000, 0x0000000100000000)
 Metaspace       used 30379K, capacity 30712K, committed 31128K, reserved 1077248K
  class space    used 3529K, capacity 3670K, committed 3736K, reserved 1048576K
}
2015-09-08T12:43:26.150+0200: 941.235: Total time for which application threads were stopped: 0.0091737 seconds, Stopping threads took: 0.0000166 seconds
{Heap before GC invocations=103 (full 3):
 par new generation   total 109248K, used 103896K [0x00000000e0000000, 0x00000000e8000000, 0x00000000e8000000)
  eden space 87424K, 100% used [0x00000000e0000000, 0x00000000e5560000, 0x00000000e5560000)
  from space 21824K,  75% used [0x00000000e6ab0000, 0x00000000e7ac6010, 0x00000000e8000000)
  to   space 21824K,   0% used [0x00000000e5560000, 0x00000000e5560000, 0x00000000e6ab0000)
 concurrent mark-sweep generation total 393216K, used 153417K [0x00000000e8000000, 0x0000000100000000, 0x0000000100000000)
 Metaspace       used 30380K, capacity 30712K, committed 31128K, reserved 1077248K
  class space    used 3529K, capacity 3670K, committed 3736K, reserved 1048576K
2015-09-08T12:43:26.228+0200: 941.313: [GC (Allocation Failure) 941.313: [ParNew
Desired survivor size 20112992 bytes, new threshold 8 (max 8)
- age   1:     137784 bytes,     137784 total
- age   2:        536 bytes,     138320 total
- age   3:        752 bytes,     139072 total
- age   6:    3697624 bytes,    3836696 total
- age   7:    2442520 bytes,    6279216 total
- age   8:    6290472 bytes,   12569688 total
: 103896K->13273K(109248K), 0.0060227 secs] 257313K->167365K(502464K), 0.0060646 secs] [Times: user=0.00 sys=0.00, real=0.01 secs] 
Heap after GC invocations=104 (full 3):
 par new generation   total 109248K, used 13273K [0x00000000e0000000, 0x00000000e8000000, 0x00000000e8000000)
  eden space 87424K,   0% used [0x00000000e0000000, 0x00000000e0000000, 0x00000000e5560000)
  from space 21824K,  60% used [0x00000000e5560000, 0x00000000e62565b0, 0x00000000e6ab0000)
  to   space 21824K,   0% used [0x00000000e6ab0000, 0x00000000e6ab0000, 0x00000000e8000000)
 concurrent mark-sweep generation total 393216K, used 154091K [0x00000000e8000000, 0x0000000100000000, 0x0000000100000000)
 Metaspace       used 30380K, capacity 30712K, committed 31128K, reserved 1077248K
  class space    used 3529K, capacity 3670K, committed 3736K, reserved 1048576K
}
2015-09-08T12:43:26.234+0200: 941.319: Total time for which application threads were stopped: 0.0062163 seconds, Stopping threads took: 0.0000138 seconds
2015-09-08T12:43:26.283+0200: 941.368: Total time for which application threads were stopped: 0.0000864 seconds, Stopping threads took: 0.0000214 seconds
2015-09-08T12:43:26.283+0200: 941.368: Total time for which application threads were stopped: 0.0000467 seconds, Stopping threads took: 0.0000064 seconds
2015-09-08T12:43:26.283+0200: 941.368: Total time for which application threads were stopped: 0.0000381 seconds, Stopping threads took: 0.0000083 seconds
{Heap before GC invocations=104 (full 3):
 par new generation   total 109248K, used 100697K [0x00000000e0000000, 0x00000000e8000000, 0x00000000e8000000)
  eden space 87424K, 100% used [0x00000000e0000000, 0x00000000e5560000, 0x00000000e5560000)
  from space 21824K,  60% used [0x00000000e5560000, 0x00000000e62565b0, 0x00000000e6ab0000)
  to   space 21824K,   0% used [0x00000000e6ab0000, 0x00000000e6ab0000, 0x00000000e8000000)
 concurrent mark-sweep generation total 393216K, used 154091K [0x00000000e8000000, 0x0000000100000000, 0x0000000100000000)
 Metaspace       used 30380K, capacity 30712K, committed 31128K, reserved 1077248K
  class space    used 3529K, capacity 3670K, committed 3736K, reserved 1048576K
2015-09-08T12:43:26.460+0200: 941.544: [GC (Allocation Failure) 941.544: [ParNew
Desired survivor size 20112992 bytes, new threshold 8 (max 8)
- age   1:    3202312 bytes,    3202312 total
- age   7:    3625816 bytes,    6828128 total
- age   8:    2400472 bytes,    9228600 total
: 100697K->12751K(109248K), 0.0061366 secs] 254789K->172958K(502464K), 0.0061868 secs] [Times: user=0.00 sys=0.00, real=0.01 secs] 
Heap after GC invocations=105 (full 3):
 par new generation   total 109248K, used 12751K [0x00000000e0000000, 0x00000000e8000000, 0x00000000e8000000)
  eden space 87424K,   0% used [0x00000000e0000000, 0x00000000e0000000, 0x00000000e5560000)
  from space 21824K,  58% used [0x00000000e6ab0000, 0x00000000e7723cd8, 0x00000000e8000000)
  to   space 21824K,   0% used [0x00000000e5560000, 0x00000000e5560000, 0x00000000e6ab0000)
 concurrent mark-sweep generation total 393216K, used 160207K [0x00000000e8000000, 0x0000000100000000, 0x0000000100000000)
 Metaspace       used 30380K, capacity 30712K, committed 31128K, reserved 1077248K
  class space    used 3529K, capacity 3670K, committed 3736K, reserved 1048576K
}
2015-09-08T12:43:26.466+0200: 941.550: Total time for which application threads were stopped: 0.0063340 seconds, Stopping threads took: 0.0000141 seconds
{Heap before GC invocations=105 (full 3):
 par new generation   total 109248K, used 100175K [0x00000000e0000000, 0x00000000e8000000, 0x00000000e8000000)
  eden space 87424K, 100% used [0x00000000e0000000, 0x00000000e5560000, 0x00000000e5560000)
  from space 21824K,  58% used [0x00000000e6ab0000, 0x00000000e7723cd8, 0x00000000e8000000)
  to   space 21824K,   0% used [0x00000000e5560000, 0x00000000e5560000, 0x00000000e6ab0000)
 concurrent mark-sweep generation total 393216K, used 160207K [0x00000000e8000000, 0x0000000100000000, 0x0000000100000000)
 Metaspace       used 30380K, capacity 30712K, committed 31128K, reserved 1077248K
  class space    used 3529K, capacity 3670K, committed 3736K, reserved 1048576K
2015-09-08T12:43:26.731+0200: 941.816: [GC (Allocation Failure) 941.816: [ParNew
Desired survivor size 20112992 bytes, new threshold 8 (max 8)
- age   1:    6081120 bytes,    6081120 total
- age   2:    2121472 bytes,    8202592 total
- age   8:    3625816 bytes,   11828408 total
: 100175K->15023K(109248K), 0.0072275 secs] 260382K->177591K(502464K), 0.0072937 secs] [Times: user=0.05 sys=0.00, real=0.01 secs] 
Heap after GC invocations=106 (full 3):
 par new generation   total 109248K, used 15023K [0x00000000e0000000, 0x00000000e8000000, 0x00000000e8000000)
  eden space 87424K,   0% used [0x00000000e0000000, 0x00000000e0000000, 0x00000000e5560000)
  from space 21824K,  68% used [0x00000000e5560000, 0x00000000e640bd78, 0x00000000e6ab0000)
  to   space 21824K,   0% used [0x00000000e6ab0000, 0x00000000e6ab0000, 0x00000000e8000000)
 concurrent mark-sweep generation total 393216K, used 162567K [0x00000000e8000000, 0x0000000100000000, 0x0000000100000000)
 Metaspace       used 30380K, capacity 30712K, committed 31128K, reserved 1077248K
  class space    used 3529K, capacity 3670K, committed 3736K, reserved 1048576K
}
2015-09-08T12:43:26.739+0200: 941.823: Total time for which application threads were stopped: 0.0074332 seconds, Stopping threads took: 0.0000134 seconds
{Heap before GC invocations=106 (full 3):
 par new generation   total 109248K, used 102447K [0x00000000e0000000, 0x00000000e8000000, 0x00000000e8000000)
  eden space 87424K, 100% used [0x00000000e0000000, 0x00000000e5560000, 0x00000000e5560000)
  from space 21824K,  68% used [0x00000000e5560000, 0x00000000e640bd78, 0x00000000e6ab0000)
  to   space 21824K,   0% used [0x00000000e6ab0000, 0x00000000e6ab0000, 0x00000000e8000000)
 concurrent mark-sweep generation total 393216K, used 162567K [0x00000000e8000000, 0x0000000100000000, 0x0000000100000000)
 Metaspace       used 30380K, capacity 30712K, committed 31128K, reserved 1077248K
  class space    used 3529K, capacity 3670K, committed 3736K, reserved 1048576K
2015-09-08T12:43:27.011+0200: 942.095: [GC (Allocation Failure) 942.095: [ParNew
Desired survivor size 20112992 bytes, new threshold 8 (max 8)
- age   1:    5101568 bytes,    5101568 total
- age   2:    4464008 bytes,    9565576 total
- age   3:    2121448 bytes,   11687024 total
: 102447K->14606K(109248K), 0.0070201 secs] 265015K->180719K(502464K), 0.0070745 secs] [Times: user=0.00 sys=0.02, real=0.01 secs] 
Heap after GC invocations=107 (full 3):
 par new generation   total 109248K, used 14606K [0x00000000e0000000, 0x00000000e8000000, 0x00000000e8000000)
  eden space 87424K,   0% used [0x00000000e0000000, 0x00000000e0000000, 0x00000000e5560000)
  from space 21824K,  66% used [0x00000000e6ab0000, 0x00000000e78f3868, 0x00000000e8000000)
  to   space 21824K,   0% used [0x00000000e5560000, 0x00000000e5560000, 0x00000000e6ab0000)
 concurrent mark-sweep generation total 393216K, used 166113K [0x00000000e8000000, 0x0000000100000000, 0x0000000100000000)
 Metaspace       used 30380K, capacity 30712K, committed 31128K, reserved 1077248K
  class space    used 3529K, capacity 3670K, committed 3736K, reserved 1048576K
}
2015-09-08T12:43:27.018+0200: 942.102: Total time for which application threads were stopped: 0.0072252 seconds, Stopping threads took: 0.0000259 seconds
{Heap before GC invocations=107 (full 3):
 par new generation   total 109248K, used 102030K [0x00000000e0000000, 0x00000000e8000000, 0x00000000e8000000)
  eden space 87424K, 100% used [0x00000000e0000000, 0x00000000e5560000, 0x00000000e5560000)
  from space 21824K,  66% used [0x00000000e6ab0000, 0x00000000e78f3868, 0x00000000e8000000)
  to   space 21824K,   0% used [0x00000000e5560000, 0x00000000e5560000, 0x00000000e6ab0000)
 concurrent mark-sweep generation total 393216K, used 166113K [0x00000000e8000000, 0x0000000100000000, 0x0000000100000000)
 Metaspace       used 30380K, capacity 30712K, committed 31128K, reserved 1077248K
  class space    used 3529K, capacity 3670K, committed 3736K, reserved 1048576K
2015-09-08T12:43:27.294+0200: 942.379: [GC (Allocation Failure) 942.379: [ParNew
Desired survivor size 20112992 bytes, new threshold 8 (max 8)
- age   1:    6977208 bytes,    6977208 total
- age   2:    2846176 bytes,    9823384 total
- age   3:    3743048 bytes,   13566432 total
- age   4:    2121472 bytes,   15687904 total
: 102030K->18593K(109248K), 0.0061798 secs] 268143K->184706K(502464K), 0.0062256 secs] [Times: user=0.06 sys=0.00, real=0.01 secs] 
Heap after GC invocations=108 (full 3):
 par new generation   total 109248K, used 18593K [0x00000000e0000000, 0x00000000e8000000, 0x00000000e8000000)
  eden space 87424K,   0% used [0x00000000e0000000, 0x00000000e0000000, 0x00000000e5560000)
  from space 21824K,  85% used [0x00000000e5560000, 0x00000000e6788558, 0x00000000e6ab0000)
  to   space 21824K,   0% used [0x00000000e6ab0000, 0x00000000e6ab0000, 0x00000000e8000000)
 concurrent mark-sweep generation total 393216K, used 166113K [0x00000000e8000000, 0x0000000100000000, 0x0000000100000000)
 Metaspace       used 30380K, capacity 30712K, committed 31128K, reserved 1077248K
  class space    used 3529K, capacity 3670K, committed 3736K, reserved 1048576K
}
2015-09-08T12:43:27.301+0200: 942.385: Total time for which application threads were stopped: 0.0063651 seconds, Stopping threads took: 0.0000141 seconds
{Heap before GC invocations=108 (full 3):
 par new generation   total 109248K, used 106017K [0x00000000e0000000, 0x00000000e8000000, 0x00000000e8000000)
  eden space 87424K, 100% used [0x00000000e0000000, 0x00000000e5560000, 0x00000000e5560000)
  from space 21824K,  85% used [0x00000000e5560000, 0x00000000e6788558, 0x00000000e6ab0000)
  to   space 21824K,   0% used [0x00000000e6ab0000, 0x00000000e6ab0000, 0x00000000e8000000)
 concurrent mark-sweep generation total 393216K, used 166113K [0x00000000e8000000, 0x0000000100000000, 0x0000000100000000)
 Metaspace       used 30380K, capacity 30712K, committed 31128K, reserved 1077248K
  class space    used 3529K, capacity 3670K, committed 3736K, reserved 1048576K
2015-09-08T12:43:27.575+0200: 942.659: [GC (Allocation Failure) 942.659: [ParNew
Desired survivor size 20112992 bytes, new threshold 8 (max 8)
- age   1:    6474448 bytes,    6474448 total
- age   2:    4065040 bytes,   10539488 total
- age   3:    2755912 bytes,   13295400 total
- age   4:    3743048 bytes,   17038448 total
- age   5:    2121448 bytes,   19159896 total
: 106017K->19532K(109248K), 0.0067705 secs] 272130K->185645K(502464K), 0.0068233 secs] [Times: user=0.06 sys=0.00, real=0.01 secs] 
Heap after GC invocations=109 (full 3):
 par new generation   total 109248K, used 19532K [0x00000000e0000000, 0x00000000e8000000, 0x00000000e8000000)
  eden space 87424K,   0% used [0x00000000e0000000, 0x00000000e0000000, 0x00000000e5560000)
  from space 21824K,  89% used [0x00000000e6ab0000, 0x00000000e7dc3018, 0x00000000e8000000)
  to   space 21824K,   0% used [0x00000000e5560000, 0x00000000e5560000, 0x00000000e6ab0000)
 concurrent mark-sweep generation total 393216K, used 166113K [0x00000000e8000000, 0x0000000100000000, 0x0000000100000000)
 Metaspace       used 30380K, capacity 30712K, committed 31128K, reserved 1077248K
  class space    used 3529K, capacity 3670K, committed 3736K, reserved 1048576K
}
2015-09-08T12:43:27.582+0200: 942.666: Total time for which application threads were stopped: 0.0069900 seconds, Stopping threads took: 0.0000240 seconds
2015-09-08T12:43:27.723+0200: 942.808: Total time for which application threads were stopped: 0.0000605 seconds, Stopping threads took: 0.0000115 seconds
2015-09-08T12:43:27.724+0200: 942.808: Total time for which application threads were stopped: 0.0000467 seconds, Stopping threads took: 0.0000192 seconds
2015-09-08T12:43:27.724+0200: 942.808: Total time for which application threads were stopped: 0.0000291 seconds, Stopping threads took: 0.0000067 seconds
2015-09-08T12:43:27.724+0200: 942.808: Total time for which application threads were stopped: 0.0000240 seconds, Stopping threads took: 0.0000054 seconds
2015-09-08T12:43:27.724+0200: 942.808: Total time for which application threads were stopped: 0.0000381 seconds, Stopping threads took: 0.0000067 seconds
2015-09-08T12:43:27.738+0200: 942.822: Total time for which application threads were stopped: 0.0000598 seconds, Stopping threads took: 0.0000134 seconds
2015-09-08T12:43:27.738+0200: 942.822: Total time for which application threads were stopped: 0.0000346 seconds, Stopping threads took: 0.0000067 seconds
2015-09-08T12:43:27.738+0200: 942.822: Total time for which application threads were stopped: 0.0000314 seconds, Stopping threads took: 0.0000064 seconds
2015-09-08T12:43:27.743+0200: 942.827: Total time for which application threads were stopped: 0.0000704 seconds, Stopping threads took: 0.0000154 seconds
2015-09-08T12:43:27.743+0200: 942.827: Total time for which application threads were stopped: 0.0000317 seconds, Stopping threads took: 0.0000070 seconds
2015-09-08T12:43:27.838+0200: 942.922: Total time for which application threads were stopped: 0.0000688 seconds, Stopping threads took: 0.0000147 seconds
{Heap before GC invocations=109 (full 3):
 par new generation   total 109248K, used 106956K [0x00000000e0000000, 0x00000000e8000000, 0x00000000e8000000)
  eden space 87424K, 100% used [0x00000000e0000000, 0x00000000e5560000, 0x00000000e5560000)
  from space 21824K,  89% used [0x00000000e6ab0000, 0x00000000e7dc3018, 0x00000000e8000000)
  to   space 21824K,   0% used [0x00000000e5560000, 0x00000000e5560000, 0x00000000e6ab0000)
 concurrent mark-sweep generation total 393216K, used 166113K [0x00000000e8000000, 0x0000000100000000, 0x0000000100000000)
 Metaspace       used 30389K, capacity 30712K, committed 31128K, reserved 1077248K
  class space    used 3529K, capacity 3670K, committed 3736K, reserved 1048576K
2015-09-08T12:43:27.908+0200: 942.992: [GC (Allocation Failure) 942.992: [ParNew
Desired survivor size 20112992 bytes, new threshold 8 (max 8)
- age   1:    1828456 bytes,    1828456 total
- age   2:    4933912 bytes,    6762368 total
- age   3:    2294896 bytes,    9057264 total
- age   4:    2382360 bytes,   11439624 total
- age   5:    3432680 bytes,   14872304 total
- age   6:    1876024 bytes,   16748328 total
: 106956K->21824K(109248K), 0.0074582 secs] 273069K->191632K(502464K), 0.0075161 secs] [Times: user=0.00 sys=0.00, real=0.01 secs] 
Heap after GC invocations=110 (full 3):
 par new generation   total 109248K, used 21824K [0x00000000e0000000, 0x00000000e8000000, 0x00000000e8000000)
  eden space 87424K,   0% used [0x00000000e0000000, 0x00000000e0000000, 0x00000000e5560000)
  from space 21824K, 100% used [0x00000000e5560000, 0x00000000e6ab0000, 0x00000000e6ab0000)
  to   space 21824K,   0% used [0x00000000e6ab0000, 0x00000000e6ab0000, 0x00000000e8000000)
 concurrent mark-sweep generation total 393216K, used 169808K [0x00000000e8000000, 0x0000000100000000, 0x0000000100000000)
 Metaspace       used 30389K, capacity 30712K, committed 31128K, reserved 1077248K
  class space    used 3529K, capacity 3670K, committed 3736K, reserved 1048576K
}
2015-09-08T12:43:27.916+0200: 943.000: Total time for which application threads were stopped: 0.0076787 seconds, Stopping threads took: 0.0000144 seconds
2015-09-08T12:43:27.963+0200: 943.047: Total time for which application threads were stopped: 0.0000842 seconds, Stopping threads took: 0.0000147 seconds
2015-09-08T12:43:27.965+0200: 943.049: Total time for which application threads were stopped: 0.0000490 seconds, Stopping threads took: 0.0000099 seconds
2015-09-08T12:43:27.965+0200: 943.049: Total time for which application threads were stopped: 0.0000925 seconds, Stopping threads took: 0.0000637 seconds
2015-09-08T12:43:27.966+0200: 943.050: Total time for which application threads were stopped: 0.0000522 seconds, Stopping threads took: 0.0000106 seconds
2015-09-08T12:43:28.014+0200: 943.098: Total time for which application threads were stopped: 0.0000822 seconds, Stopping threads took: 0.0000160 seconds
2015-09-08T12:43:28.014+0200: 943.098: Total time for which application threads were stopped: 0.0000278 seconds, Stopping threads took: 0.0000064 seconds
2015-09-08T12:43:28.015+0200: 943.099: Total time for which application threads were stopped: 0.0000310 seconds, Stopping threads took: 0.0000070 seconds
2015-09-08T12:43:28.603+0200: 943.687: Total time for which application threads were stopped: 0.0000605 seconds, Stopping threads took: 0.0000131 seconds
2015-09-08T12:43:28.603+0200: 943.688: Total time for which application threads were stopped: 0.0000355 seconds, Stopping threads took: 0.0000102 seconds
2015-09-08T12:43:28.603+0200: 943.688: Total time for which application threads were stopped: 0.0000429 seconds, Stopping threads took: 0.0000176 seconds
2015-09-08T12:43:28.605+0200: 943.689: Total time for which application threads were stopped: 0.0000976 seconds, Stopping threads took: 0.0000301 seconds
2015-09-08T12:43:28.605+0200: 943.690: Total time for which application threads were stopped: 0.0000970 seconds, Stopping threads took: 0.0000470 seconds
2015-09-08T12:43:28.606+0200: 943.690: Total time for which application threads were stopped: 0.0000915 seconds, Stopping threads took: 0.0000534 seconds
2015-09-08T12:43:28.606+0200: 943.690: Total time for which application threads were stopped: 0.0000659 seconds, Stopping threads took: 0.0000352 seconds
2015-09-08T12:43:28.611+0200: 943.695: Total time for which application threads were stopped: 0.0001206 seconds, Stopping threads took: 0.0000739 seconds
2015-09-08T12:43:28.612+0200: 943.696: Total time for which application threads were stopped: 0.0000371 seconds, Stopping threads took: 0.0000070 seconds
2015-09-08T12:43:29.612+0200: 944.696: Total time for which application threads were stopped: 0.0000688 seconds, Stopping threads took: 0.0000246 seconds
2015-09-08T12:43:30.647+0200: 945.731: Total time for which application threads were stopped: 0.0000605 seconds, Stopping threads took: 0.0000134 seconds
2015-09-08T12:43:30.647+0200: 945.732: Total time for which application threads were stopped: 0.0000237 seconds, Stopping threads took: 0.0000048 seconds
2015-09-08T12:43:30.648+0200: 945.732: Total time for which application threads were stopped: 0.0000352 seconds, Stopping threads took: 0.0000070 seconds
2015-09-08T12:43:30.663+0200: 945.747: Total time for which application threads were stopped: 0.0001104 seconds, Stopping threads took: 0.0000157 seconds
2015-09-08T12:43:30.663+0200: 945.747: Total time for which application threads were stopped: 0.0000355 seconds, Stopping threads took: 0.0000070 seconds
2015-09-08T12:43:30.668+0200: 945.752: Total time for which application threads were stopped: 0.0000832 seconds, Stopping threads took: 0.0000230 seconds
2015-09-08T12:43:30.688+0200: 945.772: Total time for which application threads were stopped: 0.0000835 seconds, Stopping threads took: 0.0000189 seconds
2015-09-08T12:43:30.688+0200: 945.772: Total time for which application threads were stopped: 0.0000317 seconds, Stopping threads took: 0.0000077 seconds
2015-09-08T12:43:30.688+0200: 945.772: Total time for which application threads were stopped: 0.0000861 seconds, Stopping threads took: 0.0000621 seconds
2015-09-08T12:43:30.688+0200: 945.773: Total time for which application threads were stopped: 0.0000336 seconds, Stopping threads took: 0.0000099 seconds
2015-09-08T12:43:30.688+0200: 945.773: Total time for which application threads were stopped: 0.0000554 seconds, Stopping threads took: 0.0000371 seconds
2015-09-08T12:43:30.689+0200: 945.773: Total time for which application threads were stopped: 0.0000346 seconds, Stopping threads took: 0.0000090 seconds
2015-09-08T12:43:30.689+0200: 945.773: Total time for which application threads were stopped: 0.0000250 seconds, Stopping threads took: 0.0000054 seconds
2015-09-08T12:43:30.689+0200: 945.774: Total time for which application threads were stopped: 0.0000320 seconds, Stopping threads took: 0.0000077 seconds
2015-09-08T12:43:30.689+0200: 945.774: Total time for which application threads were stopped: 0.0000874 seconds, Stopping threads took: 0.0000042 seconds
2015-09-08T12:43:30.690+0200: 945.774: Total time for which application threads were stopped: 0.0000381 seconds, Stopping threads took: 0.0000090 seconds
2015-09-08T12:43:30.690+0200: 945.774: Total time for which application threads were stopped: 0.0000310 seconds, Stopping threads took: 0.0000077 seconds
2015-09-08T12:43:30.690+0200: 945.775: Total time for which application threads were stopped: 0.0000486 seconds, Stopping threads took: 0.0000141 seconds
2015-09-08T12:43:30.691+0200: 945.775: Total time for which application threads were stopped: 0.0000509 seconds, Stopping threads took: 0.0000125 seconds
2015-09-08T12:43:30.691+0200: 945.775: Total time for which application threads were stopped: 0.0000698 seconds, Stopping threads took: 0.0000243 seconds
2015-09-08T12:43:30.691+0200: 945.776: Total time for which application threads were stopped: 0.0000806 seconds, Stopping threads took: 0.0000234 seconds
2015-09-08T12:43:30.692+0200: 945.776: Total time for which application threads were stopped: 0.0000758 seconds, Stopping threads took: 0.0000429 seconds
2015-09-08T12:43:30.696+0200: 945.781: Total time for which application threads were stopped: 0.0000902 seconds, Stopping threads took: 0.0000154 seconds
2015-09-08T12:43:30.696+0200: 945.781: Total time for which application threads were stopped: 0.0000371 seconds, Stopping threads took: 0.0000061 seconds
2015-09-08T12:43:30.696+0200: 945.781: Total time for which application threads were stopped: 0.0000592 seconds, Stopping threads took: 0.0000256 seconds
2015-09-08T12:43:35.696+0200: 950.780: Total time for which application threads were stopped: 0.0000739 seconds, Stopping threads took: 0.0000262 seconds
2015-09-08T12:43:42.696+0200: 957.781: Total time for which application threads were stopped: 0.0000704 seconds, Stopping threads took: 0.0000259 seconds
2015-09-08T12:43:47.697+0200: 962.781: Total time for which application threads were stopped: 0.0000822 seconds, Stopping threads took: 0.0000262 seconds
2015-09-08T12:43:55.697+0200: 970.781: Total time for which application threads were stopped: 0.0000710 seconds, Stopping threads took: 0.0000262 seconds
2015-09-08T12:43:57.697+0200: 972.781: Total time for which application threads were stopped: 0.0000717 seconds, Stopping threads took: 0.0000266 seconds
2015-09-08T12:44:01.189+0200: 976.274: Total time for which application threads were stopped: 0.0001482 seconds, Stopping threads took: 0.0000858 seconds
2015-09-08T12:44:01.189+0200: 976.274: Total time for which application threads were stopped: 0.0000426 seconds, Stopping threads took: 0.0000112 seconds
2015-09-08T12:44:01.189+0200: 976.274: Total time for which application threads were stopped: 0.0000410 seconds, Stopping threads took: 0.0000106 seconds
2015-09-08T12:44:01.189+0200: 976.274: Total time for which application threads were stopped: 0.0000403 seconds, Stopping threads took: 0.0000109 seconds
2015-09-08T12:44:01.189+0200: 976.274: Total time for which application threads were stopped: 0.0000416 seconds, Stopping threads took: 0.0000096 seconds
2015-09-08T12:44:01.191+0200: 976.276: Total time for which application threads were stopped: 0.0001101 seconds, Stopping threads took: 0.0000544 seconds
2015-09-08T12:44:01.197+0200: 976.282: Total time for which application threads were stopped: 0.0000672 seconds, Stopping threads took: 0.0000240 seconds
2015-09-08T12:44:01.203+0200: 976.288: Total time for which application threads were stopped: 0.0000784 seconds, Stopping threads took: 0.0000234 seconds
2015-09-08T12:44:01.204+0200: 976.289: Total time for which application threads were stopped: 0.0000522 seconds, Stopping threads took: 0.0000166 seconds
2015-09-08T12:44:01.208+0200: 976.293: Total time for which application threads were stopped: 0.0000896 seconds, Stopping threads took: 0.0000170 seconds
2015-09-08T12:44:01.208+0200: 976.293: Total time for which application threads were stopped: 0.0000362 seconds, Stopping threads took: 0.0000083 seconds
2015-09-08T12:44:01.210+0200: 976.294: Total time for which application threads were stopped: 0.0000662 seconds, Stopping threads took: 0.0000154 seconds
2015-09-08T12:44:06.211+0200: 981.295: Total time for which application threads were stopped: 0.0000790 seconds, Stopping threads took: 0.0000237 seconds
2015-09-08T12:44:09.561+0200: 984.645: Total time for which application threads were stopped: 0.0000691 seconds, Stopping threads took: 0.0000189 seconds
2015-09-08T12:44:10.561+0200: 985.645: Total time for which application threads were stopped: 0.0000717 seconds, Stopping threads took: 0.0000259 seconds
2015-09-08T12:44:46.777+0200: 1021.861: Total time for which application threads were stopped: 0.0000925 seconds, Stopping threads took: 0.0000122 seconds
2015-09-08T12:44:46.777+0200: 1021.861: Total time for which application threads were stopped: 0.0000480 seconds, Stopping threads took: 0.0000163 seconds
2015-09-08T12:44:46.778+0200: 1021.862: Total time for which application threads were stopped: 0.0000960 seconds, Stopping threads took: 0.0000157 seconds
2015-09-08T12:44:46.799+0200: 1021.884: Total time for which application threads were stopped: 0.0004419 seconds, Stopping threads took: 0.0000224 seconds
2015-09-08T12:44:47.800+0200: 1022.884: Total time for which application threads were stopped: 0.0000819 seconds, Stopping threads took: 0.0000358 seconds
2015-09-08T12:44:51.211+0200: 1026.295: Total time for which application threads were stopped: 0.0001248 seconds, Stopping threads took: 0.0000227 seconds
2015-09-08T12:44:51.211+0200: 1026.296: Total time for which application threads were stopped: 0.0000672 seconds, Stopping threads took: 0.0000166 seconds
2015-09-08T12:44:52.211+0200: 1027.295: Total time for which application threads were stopped: 0.0000742 seconds, Stopping threads took: 0.0000262 seconds
2015-09-08T12:44:59.625+0200: 1034.709: Total time for which application threads were stopped: 0.0000746 seconds, Stopping threads took: 0.0000154 seconds
2015-09-08T12:44:59.625+0200: 1034.709: Total time for which application threads were stopped: 0.0000541 seconds, Stopping threads took: 0.0000192 seconds
2015-09-08T12:44:59.626+0200: 1034.709: Total time for which application threads were stopped: 0.0000518 seconds, Stopping threads took: 0.0000186 seconds
2015-09-08T12:44:59.626+0200: 1034.710: Total time for which application threads were stopped: 0.0001133 seconds, Stopping threads took: 0.0000765 seconds
2015-09-08T12:44:59.627+0200: 1034.711: Total time for which application threads were stopped: 0.0001286 seconds, Stopping threads took: 0.0000746 seconds
2015-09-08T12:44:59.628+0200: 1034.711: Total time for which application threads were stopped: 0.0001341 seconds, Stopping threads took: 0.0000877 seconds
2015-09-08T12:44:59.628+0200: 1034.712: Total time for which application threads were stopped: 0.0000445 seconds, Stopping threads took: 0.0000166 seconds
2015-09-08T12:45:01.212+0200: 1036.296: Total time for which application threads were stopped: 0.0000746 seconds, Stopping threads took: 0.0000294 seconds
2015-09-08T12:45:10.906+0200: 1045.991: Total time for which application threads were stopped: 0.0000813 seconds, Stopping threads took: 0.0000227 seconds
2015-09-08T12:45:10.906+0200: 1045.991: Total time for which application threads were stopped: 0.0000371 seconds, Stopping threads took: 0.0000080 seconds
2015-09-08T12:45:10.907+0200: 1045.991: Total time for which application threads were stopped: 0.0000448 seconds, Stopping threads took: 0.0000051 seconds
2015-09-08T12:45:10.907+0200: 1045.991: Total time for which application threads were stopped: 0.0000285 seconds, Stopping threads took: 0.0000061 seconds
2015-09-08T12:45:10.907+0200: 1045.991: Total time for which application threads were stopped: 0.0000438 seconds, Stopping threads took: 0.0000160 seconds
2015-09-08T12:45:11.545+0200: 1046.628: Total time for which application threads were stopped: 0.0000627 seconds, Stopping threads took: 0.0000138 seconds
2015-09-08T12:45:11.545+0200: 1046.628: Total time for which application threads were stopped: 0.0000278 seconds, Stopping threads took: 0.0000064 seconds
2015-09-08T12:45:11.546+0200: 1046.629: Total time for which application threads were stopped: 0.0001840 seconds, Stopping threads took: 0.0000102 seconds
2015-09-08T12:45:12.378+0200: 1047.461: Total time for which application threads were stopped: 0.0000573 seconds, Stopping threads took: 0.0000122 seconds
2015-09-08T12:45:14.272+0200: 1049.356: Total time for which application threads were stopped: 0.0004269 seconds, Stopping threads took: 0.0000339 seconds
2015-09-08T12:45:14.299+0200: 1049.383: Total time for which application threads were stopped: 0.0000714 seconds, Stopping threads took: 0.0000176 seconds
2015-09-08T12:45:14.299+0200: 1049.383: Total time for which application threads were stopped: 0.0000282 seconds, Stopping threads took: 0.0000067 seconds
2015-09-08T12:45:14.299+0200: 1049.383: Total time for which application threads were stopped: 0.0000333 seconds, Stopping threads took: 0.0000128 seconds
2015-09-08T12:45:14.299+0200: 1049.383: Total time for which application threads were stopped: 0.0000234 seconds, Stopping threads took: 0.0000054 seconds
2015-09-08T12:45:14.300+0200: 1049.383: Total time for which application threads were stopped: 0.0000701 seconds, Stopping threads took: 0.0000390 seconds
2015-09-08T12:45:14.300+0200: 1049.383: Total time for which application threads were stopped: 0.0000390 seconds, Stopping threads took: 0.0000141 seconds
2015-09-08T12:45:14.300+0200: 1049.383: Total time for which application threads were stopped: 0.0000368 seconds, Stopping threads took: 0.0000074 seconds
2015-09-08T12:45:14.300+0200: 1049.383: Total time for which application threads were stopped: 0.0000307 seconds, Stopping threads took: 0.0000102 seconds
2015-09-08T12:45:14.300+0200: 1049.384: Total time for which application threads were stopped: 0.0000381 seconds, Stopping threads took: 0.0000115 seconds
2015-09-08T12:45:14.301+0200: 1049.384: Total time for which application threads were stopped: 0.0004502 seconds, Stopping threads took: 0.0004022 seconds
2015-09-08T12:45:14.301+0200: 1049.384: Total time for which application threads were stopped: 0.0000531 seconds, Stopping threads took: 0.0000240 seconds
2015-09-08T12:45:14.301+0200: 1049.385: Total time for which application threads were stopped: 0.0000445 seconds, Stopping threads took: 0.0000083 seconds
2015-09-08T12:45:14.303+0200: 1049.387: Total time for which application threads were stopped: 0.0000774 seconds, Stopping threads took: 0.0000134 seconds
2015-09-08T12:45:14.304+0200: 1049.388: Total time for which application threads were stopped: 0.0000877 seconds, Stopping threads took: 0.0000160 seconds
2015-09-08T12:45:16.241+0200: 1051.325: Total time for which application threads were stopped: 0.0000675 seconds, Stopping threads took: 0.0000160 seconds
2015-09-08T12:45:16.241+0200: 1051.325: Total time for which application threads were stopped: 0.0000410 seconds, Stopping threads took: 0.0000160 seconds
2015-09-08T12:45:16.251+0200: 1051.334: Total time for which application threads were stopped: 0.0001149 seconds, Stopping threads took: 0.0000349 seconds
2015-09-08T12:45:21.251+0200: 1056.335: Total time for which application threads were stopped: 0.0000826 seconds, Stopping threads took: 0.0000262 seconds
2015-09-08T12:45:26.251+0200: 1061.335: Total time for which application threads were stopped: 0.0000746 seconds, Stopping threads took: 0.0000259 seconds
2015-09-08T12:45:27.550+0200: 1062.634: Total time for which application threads were stopped: 0.0000634 seconds, Stopping threads took: 0.0000138 seconds
2015-09-08T12:45:27.550+0200: 1062.635: Total time for which application threads were stopped: 0.0000832 seconds, Stopping threads took: 0.0000467 seconds
2015-09-08T12:45:27.550+0200: 1062.635: Total time for which application threads were stopped: 0.0000346 seconds, Stopping threads took: 0.0000067 seconds
2015-09-08T12:45:27.553+0200: 1062.637: Total time for which application threads were stopped: 0.0000794 seconds, Stopping threads took: 0.0000323 seconds
2015-09-08T12:45:27.553+0200: 1062.637: Total time for which application threads were stopped: 0.0000474 seconds, Stopping threads took: 0.0000048 seconds
2015-09-08T12:45:27.554+0200: 1062.638: Total time for which application threads were stopped: 0.0000474 seconds, Stopping threads took: 0.0000042 seconds
2015-09-08T12:45:27.554+0200: 1062.639: Total time for which application threads were stopped: 0.0000445 seconds, Stopping threads took: 0.0000042 seconds
2015-09-08T12:45:27.555+0200: 1062.639: Total time for which application threads were stopped: 0.0000445 seconds, Stopping threads took: 0.0000045 seconds
2015-09-08T12:45:27.555+0200: 1062.639: Total time for which application threads were stopped: 0.0000445 seconds, Stopping threads took: 0.0000042 seconds
2015-09-08T12:45:27.561+0200: 1062.645: Total time for which application threads were stopped: 0.0000685 seconds, Stopping threads took: 0.0000141 seconds
2015-09-08T12:45:27.712+0200: 1062.796: Total time for which application threads were stopped: 0.0000832 seconds, Stopping threads took: 0.0000144 seconds
{Heap before GC invocations=110 (full 3):
 par new generation   total 109248K, used 109248K [0x00000000e0000000, 0x00000000e8000000, 0x00000000e8000000)
  eden space 87424K, 100% used [0x00000000e0000000, 0x00000000e5560000, 0x00000000e5560000)
  from space 21824K, 100% used [0x00000000e5560000, 0x00000000e6ab0000, 0x00000000e6ab0000)
  to   space 21824K,   0% used [0x00000000e6ab0000, 0x00000000e6ab0000, 0x00000000e8000000)
 concurrent mark-sweep generation total 393216K, used 169808K [0x00000000e8000000, 0x0000000100000000, 0x0000000100000000)
 Metaspace       used 31483K, capacity 31796K, committed 32280K, reserved 1077248K
  class space    used 3643K, capacity 3770K, committed 3864K, reserved 1048576K
2015-09-08T12:45:27.911+0200: 1062.995: [GC (Allocation Failure) 1062.995: [ParNew
Desired survivor size 20112992 bytes, new threshold 8 (max 8)
- age   1:    1533872 bytes,    1533872 total
- age   2:    1225232 bytes,    2759104 total
- age   3:    4821848 bytes,    7580952 total
- age   4:    2182528 bytes,    9763480 total
- age   5:    2269512 bytes,   12032992 total
- age   6:    3323904 bytes,   15356896 total
- age   7:    1800488 bytes,   17157384 total
: 109248K->21824K(109248K), 0.0063660 secs] 279056K->191632K(502464K), 0.0064179 secs] [Times: user=0.00 sys=0.00, real=0.01 secs] 
Heap after GC invocations=111 (full 3):
 par new generation   total 109248K, used 21824K [0x00000000e0000000, 0x00000000e8000000, 0x00000000e8000000)
  eden space 87424K,   0% used [0x00000000e0000000, 0x00000000e0000000, 0x00000000e5560000)
  from space 21824K, 100% used [0x00000000e6ab0000, 0x00000000e8000000, 0x00000000e8000000)
  to   space 21824K,   0% used [0x00000000e5560000, 0x00000000e5560000, 0x00000000e6ab0000)
 concurrent mark-sweep generation total 393216K, used 169808K [0x00000000e8000000, 0x0000000100000000, 0x0000000100000000)
 Metaspace       used 31483K, capacity 31796K, committed 32280K, reserved 1077248K
  class space    used 3643K, capacity 3770K, committed 3864K, reserved 1048576K
}
2015-09-08T12:45:27.917+0200: 1063.002: Total time for which application threads were stopped: 0.0065840 seconds, Stopping threads took: 0.0000150 seconds
{Heap before GC invocations=111 (full 3):
 par new generation   total 109248K, used 109248K [0x00000000e0000000, 0x00000000e8000000, 0x00000000e8000000)
  eden space 87424K, 100% used [0x00000000e0000000, 0x00000000e5560000, 0x00000000e5560000)
  from space 21824K, 100% used [0x00000000e6ab0000, 0x00000000e8000000, 0x00000000e8000000)
  to   space 21824K,   0% used [0x00000000e5560000, 0x00000000e5560000, 0x00000000e6ab0000)
 concurrent mark-sweep generation total 393216K, used 169808K [0x00000000e8000000, 0x0000000100000000, 0x0000000100000000)
 Metaspace       used 31483K, capacity 31796K, committed 32280K, reserved 1077248K
  class space    used 3643K, capacity 3770K, committed 3864K, reserved 1048576K
2015-09-08T12:45:28.133+0200: 1063.217: [GC (Allocation Failure) 1063.217: [ParNew
Desired survivor size 20112992 bytes, new threshold 8 (max 8)
- age   1:      73056 bytes,      73056 total
- age   2:     856792 bytes,     929848 total
- age   3:    1225232 bytes,    2155080 total
- age   4:    4821848 bytes,    6976928 total
- age   5:    2182528 bytes,    9159456 total
- age   6:    2269512 bytes,   11428968 total
- age   7:    3323904 bytes,   14752872 total
- age   8:    1800488 bytes,   16553360 total
: 109248K->20074K(109248K), 0.0079699 secs] 279056K->189883K(502464K), 0.0080249 secs] [Times: user=0.06 sys=0.00, real=0.01 secs] 
Heap after GC invocations=112 (full 3):
 par new generation   total 109248K, used 20074K [0x00000000e0000000, 0x00000000e8000000, 0x00000000e8000000)
  eden space 87424K,   0% used [0x00000000e0000000, 0x00000000e0000000, 0x00000000e5560000)
  from space 21824K,  91% used [0x00000000e5560000, 0x00000000e68fab98, 0x00000000e6ab0000)
  to   space 21824K,   0% used [0x00000000e6ab0000, 0x00000000e6ab0000, 0x00000000e8000000)
 concurrent mark-sweep generation total 393216K, used 169808K [0x00000000e8000000, 0x0000000100000000, 0x0000000100000000)
 Metaspace       used 31483K, capacity 31796K, committed 32280K, reserved 1077248K
  class space    used 3643K, capacity 3770K, committed 3864K, reserved 1048576K
}
2015-09-08T12:45:28.141+0200: 1063.225: Total time for which application threads were stopped: 0.0081808 seconds, Stopping threads took: 0.0000160 seconds
{Heap before GC invocations=112 (full 3):
 par new generation   total 109248K, used 107498K [0x00000000e0000000, 0x00000000e8000000, 0x00000000e8000000)
  eden space 87424K, 100% used [0x00000000e0000000, 0x00000000e5560000, 0x00000000e5560000)
  from space 21824K,  91% used [0x00000000e5560000, 0x00000000e68fab98, 0x00000000e6ab0000)
  to   space 21824K,   0% used [0x00000000e6ab0000, 0x00000000e6ab0000, 0x00000000e8000000)
 concurrent mark-sweep generation total 393216K, used 169808K [0x00000000e8000000, 0x0000000100000000, 0x0000000100000000)
 Metaspace       used 31484K, capacity 31796K, committed 32280K, reserved 1077248K
  class space    used 3643K, capacity 3770K, committed 3864K, reserved 1048576K
2015-09-08T12:45:28.277+0200: 1063.361: [GC (Allocation Failure) 1063.361: [ParNew
Desired survivor size 20112992 bytes, new threshold 8 (max 8)
- age   1:      92016 bytes,      92016 total
- age   2:      11488 bytes,     103504 total
- age   3:     845656 bytes,     949160 total
- age   4:    1225232 bytes,    2174392 total
- age   5:    4821848 bytes,    6996240 total
- age   6:    2182528 bytes,    9178768 total
- age   7:    2269512 bytes,   11448280 total
- age   8:    3323904 bytes,   14772184 total
: 107498K->21604K(109248K), 0.0060569 secs] 277307K->193172K(502464K), 0.0061081 secs] [Times: user=0.00 sys=0.00, real=0.01 secs] 
Heap after GC invocations=113 (full 3):
 par new generation   total 109248K, used 21604K [0x00000000e0000000, 0x00000000e8000000, 0x00000000e8000000)
  eden space 87424K,   0% used [0x00000000e0000000, 0x00000000e0000000, 0x00000000e5560000)
  from space 21824K,  98% used [0x00000000e6ab0000, 0x00000000e7fc9310, 0x00000000e8000000)
  to   space 21824K,   0% used [0x00000000e5560000, 0x00000000e5560000, 0x00000000e6ab0000)
 concurrent mark-sweep generation total 393216K, used 171567K [0x00000000e8000000, 0x0000000100000000, 0x0000000100000000)
 Metaspace       used 31484K, capacity 31796K, committed 32280K, reserved 1077248K
  class space    used 3643K, capacity 3770K, committed 3864K, reserved 1048576K
}
2015-09-08T12:45:28.283+0200: 1063.367: Total time for which application threads were stopped: 0.0063052 seconds, Stopping threads took: 0.0000176 seconds
{Heap before GC invocations=113 (full 3):
 par new generation   total 109248K, used 109028K [0x00000000e0000000, 0x00000000e8000000, 0x00000000e8000000)
  eden space 87424K, 100% used [0x00000000e0000000, 0x00000000e5560000, 0x00000000e5560000)
  from space 21824K,  98% used [0x00000000e6ab0000, 0x00000000e7fc9310, 0x00000000e8000000)
  to   space 21824K,   0% used [0x00000000e5560000, 0x00000000e5560000, 0x00000000e6ab0000)
 concurrent mark-sweep generation total 393216K, used 171567K [0x00000000e8000000, 0x0000000100000000, 0x0000000100000000)
 Metaspace       used 31484K, capacity 31796K, committed 32280K, reserved 1077248K
  class space    used 3643K, capacity 3770K, committed 3864K, reserved 1048576K
2015-09-08T12:45:28.451+0200: 1063.535: [GC (Allocation Failure) 1063.535: [ParNew
Desired survivor size 20112992 bytes, new threshold 8 (max 8)
- age   1:     104848 bytes,     104848 total
- age   2:      58136 bytes,     162984 total
- age   3:      11488 bytes,     174472 total
- age   4:     845512 bytes,    1019984 total
- age   5:    1225232 bytes,    2245216 total
- age   6:    4821848 bytes,    7067064 total
- age   7:    2182528 bytes,    9249592 total
- age   8:    2269512 bytes,   11519104 total
: 109028K->12970K(109248K), 0.0062729 secs] 280596K->187784K(502464K), 0.0063260 secs] [Times: user=0.00 sys=0.00, real=0.01 secs] 
Heap after GC invocations=114 (full 3):
 par new generation   total 109248K, used 12970K [0x00000000e0000000, 0x00000000e8000000, 0x00000000e8000000)
  eden space 87424K,   0% used [0x00000000e0000000, 0x00000000e0000000, 0x00000000e5560000)
  from space 21824K,  59% used [0x00000000e5560000, 0x00000000e620aa50, 0x00000000e6ab0000)
  to   space 21824K,   0% used [0x00000000e6ab0000, 0x00000000e6ab0000, 0x00000000e8000000)
 concurrent mark-sweep generation total 393216K, used 174813K [0x00000000e8000000, 0x0000000100000000, 0x0000000100000000)
 Metaspace       used 31484K, capacity 31796K, committed 32280K, reserved 1077248K
  class space    used 3643K, capacity 3770K, committed 3864K, reserved 1048576K
}
2015-09-08T12:45:28.458+0200: 1063.542: Total time for which application threads were stopped: 0.0064806 seconds, Stopping threads took: 0.0000176 seconds
{Heap before GC invocations=114 (full 3):
 par new generation   total 109248K, used 100394K [0x00000000e0000000, 0x00000000e8000000, 0x00000000e8000000)
  eden space 87424K, 100% used [0x00000000e0000000, 0x00000000e5560000, 0x00000000e5560000)
  from space 21824K,  59% used [0x00000000e5560000, 0x00000000e620aa50, 0x00000000e6ab0000)
  to   space 21824K,   0% used [0x00000000e6ab0000, 0x00000000e6ab0000, 0x00000000e8000000)
 concurrent mark-sweep generation total 393216K, used 174813K [0x00000000e8000000, 0x0000000100000000, 0x0000000100000000)
 Metaspace       used 31484K, capacity 31796K, committed 32280K, reserved 1077248K
  class space    used 3643K, capacity 3770K, committed 3864K, reserved 1048576K
2015-09-08T12:45:28.637+0200: 1063.721: [GC (Allocation Failure) 1063.721: [ParNew
Desired survivor size 20112992 bytes, new threshold 8 (max 8)
- age   1:     132968 bytes,     132968 total
- age   2:      33064 bytes,     166032 total
- age   3:      57848 bytes,     223880 total
- age   4:      11000 bytes,     234880 total
- age   5:     841272 bytes,    1076152 total
- age   6:    1225232 bytes,    2301384 total
- age   7:    4821848 bytes,    7123232 total
- age   8:    2182528 bytes,    9305760 total
: 100394K->14323K(109248K), 0.0049830 secs] 275208K->191353K(502464K), 0.0050384 secs] [Times: user=0.00 sys=0.00, real=0.00 secs] 
Heap after GC invocations=115 (full 3):
 par new generation   total 109248K, used 14323K [0x00000000e0000000, 0x00000000e8000000, 0x00000000e8000000)
  eden space 87424K,   0% used [0x00000000e0000000, 0x00000000e0000000, 0x00000000e5560000)
  from space 21824K,  65% used [0x00000000e6ab0000, 0x00000000e78ace48, 0x00000000e8000000)
  to   space 21824K,   0% used [0x00000000e5560000, 0x00000000e5560000, 0x00000000e6ab0000)
 concurrent mark-sweep generation total 393216K, used 177029K [0x00000000e8000000, 0x0000000100000000, 0x0000000100000000)
 Metaspace       used 31484K, capacity 31796K, committed 32280K, reserved 1077248K
  class space    used 3643K, capacity 3770K, committed 3864K, reserved 1048576K
}
2015-09-08T12:45:28.642+0200: 1063.726: Total time for which application threads were stopped: 0.0052019 seconds, Stopping threads took: 0.0000170 seconds
{Heap before GC invocations=115 (full 3):
 par new generation   total 109248K, used 101747K [0x00000000e0000000, 0x00000000e8000000, 0x00000000e8000000)
  eden space 87424K, 100% used [0x00000000e0000000, 0x00000000e5560000, 0x00000000e5560000)
  from space 21824K,  65% used [0x00000000e6ab0000, 0x00000000e78ace48, 0x00000000e8000000)
  to   space 21824K,   0% used [0x00000000e5560000, 0x00000000e5560000, 0x00000000e6ab0000)
 concurrent mark-sweep generation total 393216K, used 177029K [0x00000000e8000000, 0x0000000100000000, 0x0000000100000000)
 Metaspace       used 31485K, capacity 31796K, committed 32280K, reserved 1077248K
  class space    used 3643K, capacity 3770K, committed 3864K, reserved 1048576K
2015-09-08T12:45:28.886+0200: 1063.969: [GC (Allocation Failure) 1063.969: [ParNew
Desired survivor size 20112992 bytes, new threshold 8 (max 8)
- age   1:      60720 bytes,      60720 total
- age   2:      35576 bytes,      96296 total
- age   3:      33064 bytes,     129360 total
- age   4:      57848 bytes,     187208 total
- age   5:      11000 bytes,     198208 total
- age   6:     840712 bytes,    1038920 total
- age   7:    1225232 bytes,    2264152 total
- age   8:    4821848 bytes,    7086000 total
: 101747K->9357K(109248K), 0.0049513 secs] 278777K->188518K(502464K), 0.0049996 secs] [Times: user=0.00 sys=0.00, real=0.01 secs] 
Heap after GC invocations=116 (full 3):
 par new generation   total 109248K, used 9357K [0x00000000e0000000, 0x00000000e8000000, 0x00000000e8000000)
  eden space 87424K,   0% used [0x00000000e0000000, 0x00000000e0000000, 0x00000000e5560000)
  from space 21824K,  42% used [0x00000000e5560000, 0x00000000e5e83720, 0x00000000e6ab0000)
  to   space 21824K,   0% used [0x00000000e6ab0000, 0x00000000e6ab0000, 0x00000000e8000000)
 concurrent mark-sweep generation total 393216K, used 179161K [0x00000000e8000000, 0x0000000100000000, 0x0000000100000000)
 Metaspace       used 31485K, capacity 31796K, committed 32280K, reserved 1077248K
  class space    used 3643K, capacity 3770K, committed 3864K, reserved 1048576K
}
2015-09-08T12:45:28.891+0200: 1063.974: Total time for which application threads were stopped: 0.0051459 seconds, Stopping threads took: 0.0000144 seconds
2015-09-08T12:45:28.974+0200: 1064.057: Total time for which application threads were stopped: 0.0001107 seconds, Stopping threads took: 0.0000125 seconds
2015-09-08T12:45:28.974+0200: 1064.057: Total time for which application threads were stopped: 0.0000448 seconds, Stopping threads took: 0.0000048 seconds
2015-09-08T12:45:28.974+0200: 1064.057: Total time for which application threads were stopped: 0.0000432 seconds, Stopping threads took: 0.0000064 seconds
2015-09-08T12:45:28.974+0200: 1064.057: Total time for which application threads were stopped: 0.0000323 seconds, Stopping threads took: 0.0000058 seconds
{Heap before GC invocations=116 (full 3):
 par new generation   total 109248K, used 96781K [0x00000000e0000000, 0x00000000e8000000, 0x00000000e8000000)
  eden space 87424K, 100% used [0x00000000e0000000, 0x00000000e5560000, 0x00000000e5560000)
  from space 21824K,  42% used [0x00000000e5560000, 0x00000000e5e83720, 0x00000000e6ab0000)
  to   space 21824K,   0% used [0x00000000e6ab0000, 0x00000000e6ab0000, 0x00000000e8000000)
 concurrent mark-sweep generation total 393216K, used 179161K [0x00000000e8000000, 0x0000000100000000, 0x0000000100000000)
 Metaspace       used 31488K, capacity 31796K, committed 32280K, reserved 1077248K
  class space    used 3643K, capacity 3770K, committed 3864K, reserved 1048576K
2015-09-08T12:45:29.163+0200: 1064.247: [GC (Allocation Failure) 1064.247: [ParNew
Desired survivor size 20112992 bytes, new threshold 8 (max 8)
- age   1:     163472 bytes,     163472 total
- age   5:         32 bytes,     163504 total
- age   7:     756792 bytes,     920296 total
- age   8:    1225232 bytes,    2145528 total
: 96781K->3961K(109248K), 0.0040237 secs] 275942K->187831K(502464K), 0.0040694 secs] [Times: user=0.00 sys=0.00, real=0.00 secs] 
Heap after GC invocations=117 (full 3):
 par new generation   total 109248K, used 3961K [0x00000000e0000000, 0x00000000e8000000, 0x00000000e8000000)
  eden space 87424K,   0% used [0x00000000e0000000, 0x00000000e0000000, 0x00000000e5560000)
  from space 21824K,  18% used [0x00000000e6ab0000, 0x00000000e6e8e5c8, 0x00000000e8000000)
  to   space 21824K,   0% used [0x00000000e5560000, 0x00000000e5560000, 0x00000000e6ab0000)
 concurrent mark-sweep generation total 393216K, used 183869K [0x00000000e8000000, 0x0000000100000000, 0x0000000100000000)
 Metaspace       used 31488K, capacity 31796K, committed 32280K, reserved 1077248K
  class space    used 3643K, capacity 3770K, committed 3864K, reserved 1048576K
}
2015-09-08T12:45:29.167+0200: 1064.251: Total time for which application threads were stopped: 0.0042217 seconds, Stopping threads took: 0.0000141 seconds
{Heap before GC invocations=117 (full 3):
 par new generation   total 109248K, used 91385K [0x00000000e0000000, 0x00000000e8000000, 0x00000000e8000000)
  eden space 87424K, 100% used [0x00000000e0000000, 0x00000000e5560000, 0x00000000e5560000)
  from space 21824K,  18% used [0x00000000e6ab0000, 0x00000000e6e8e5c8, 0x00000000e8000000)
  to   space 21824K,   0% used [0x00000000e5560000, 0x00000000e5560000, 0x00000000e6ab0000)
 concurrent mark-sweep generation total 393216K, used 183869K [0x00000000e8000000, 0x0000000100000000, 0x0000000100000000)
 Metaspace       used 31489K, capacity 31796K, committed 32280K, reserved 1077248K
  class space    used 3643K, capacity 3770K, committed 3864K, reserved 1048576K
2015-09-08T12:45:29.251+0200: 1064.334: [GC (Allocation Failure) 1064.334: [ParNew
Desired survivor size 20112992 bytes, new threshold 8 (max 8)
- age   1:     176568 bytes,     176568 total
- age   2:       1792 bytes,     178360 total
- age   6:         32 bytes,     178392 total
- age   8:     756088 bytes,     934480 total
: 91385K->1481K(109248K), 0.0031504 secs] 275255K->186548K(502464K), 0.0032163 secs] [Times: user=0.00 sys=0.00, real=0.00 secs] 
Heap after GC invocations=118 (full 3):
 par new generation   total 109248K, used 1481K [0x00000000e0000000, 0x00000000e8000000, 0x00000000e8000000)
  eden space 87424K,   0% used [0x00000000e0000000, 0x00000000e0000000, 0x00000000e5560000)
  from space 21824K,   6% used [0x00000000e5560000, 0x00000000e56d25a0, 0x00000000e6ab0000)
  to   space 21824K,   0% used [0x00000000e6ab0000, 0x00000000e6ab0000, 0x00000000e8000000)
 concurrent mark-sweep generation total 393216K, used 185066K [0x00000000e8000000, 0x0000000100000000, 0x0000000100000000)
 Metaspace       used 31489K, capacity 31796K, committed 32280K, reserved 1077248K
  class space    used 3643K, capacity 3770K, committed 3864K, reserved 1048576K
}
2015-09-08T12:45:29.254+0200: 1064.337: Total time for which application threads were stopped: 0.0033645 seconds, Stopping threads took: 0.0000147 seconds
{Heap before GC invocations=118 (full 3):
 par new generation   total 109248K, used 88905K [0x00000000e0000000, 0x00000000e8000000, 0x00000000e8000000)
  eden space 87424K, 100% used [0x00000000e0000000, 0x00000000e5560000, 0x00000000e5560000)
  from space 21824K,   6% used [0x00000000e5560000, 0x00000000e56d25a0, 0x00000000e6ab0000)
  to   space 21824K,   0% used [0x00000000e6ab0000, 0x00000000e6ab0000, 0x00000000e8000000)
 concurrent mark-sweep generation total 393216K, used 185066K [0x00000000e8000000, 0x0000000100000000, 0x0000000100000000)
 Metaspace       used 31489K, capacity 31796K, committed 32280K, reserved 1077248K
  class space    used 3643K, capacity 3770K, committed 3864K, reserved 1048576K
2015-09-08T12:45:29.315+0200: 1064.398: [GC (Allocation Failure) 1064.398: [ParNew
Desired survivor size 20112992 bytes, new threshold 8 (max 8)
- age   1:     156608 bytes,     156608 total
- age   2:       1160 bytes,     157768 total
- age   3:       1472 bytes,     159240 total
- age   7:         32 bytes,     159272 total
: 88905K->524K(109248K), 0.0027462 secs] 273972K->186336K(502464K), 0.0027849 secs] [Times: user=0.00 sys=0.00, real=0.00 secs] 
Heap after GC invocations=119 (full 3):
 par new generation   total 109248K, used 524K [0x00000000e0000000, 0x00000000e8000000, 0x00000000e8000000)
  eden space 87424K,   0% used [0x00000000e0000000, 0x00000000e0000000, 0x00000000e5560000)
  from space 21824K,   2% used [0x00000000e6ab0000, 0x00000000e6b331a0, 0x00000000e8000000)
  to   space 21824K,   0% used [0x00000000e5560000, 0x00000000e5560000, 0x00000000e6ab0000)
 concurrent mark-sweep generation total 393216K, used 185812K [0x00000000e8000000, 0x0000000100000000, 0x0000000100000000)
 Metaspace       used 31489K, capacity 31796K, committed 32280K, reserved 1077248K
  class space    used 3643K, capacity 3770K, committed 3864K, reserved 1048576K
}
2015-09-08T12:45:29.318+0200: 1064.401: Total time for which application threads were stopped: 0.0029273 seconds, Stopping threads took: 0.0000141 seconds
{Heap before GC invocations=119 (full 3):
 par new generation   total 109248K, used 87948K [0x00000000e0000000, 0x00000000e8000000, 0x00000000e8000000)
  eden space 87424K, 100% used [0x00000000e0000000, 0x00000000e5560000, 0x00000000e5560000)
  from space 21824K,   2% used [0x00000000e6ab0000, 0x00000000e6b331a0, 0x00000000e8000000)
  to   space 21824K,   0% used [0x00000000e5560000, 0x00000000e5560000, 0x00000000e6ab0000)
 concurrent mark-sweep generation total 393216K, used 185812K [0x00000000e8000000, 0x0000000100000000, 0x0000000100000000)
 Metaspace       used 31489K, capacity 31796K, committed 32280K, reserved 1077248K
  class space    used 3643K, capacity 3770K, committed 3864K, reserved 1048576K
2015-09-08T12:45:29.378+0200: 1064.461: [GC (Allocation Failure) 1064.461: [ParNew
Desired survivor size 20112992 bytes, new threshold 8 (max 8)
- age   1:     145256 bytes,     145256 total
- age   2:     113416 bytes,     258672 total
- age   3:       1160 bytes,     259832 total
- age   4:       1472 bytes,     261304 total
- age   8:         32 bytes,     261336 total
: 87948K->338K(109248K), 0.0018550 secs] 273760K->186150K(502464K), 0.0018925 secs] [Times: user=0.00 sys=0.00, real=0.00 secs] 
Heap after GC invocations=120 (full 3):
 par new generation   total 109248K, used 338K [0x00000000e0000000, 0x00000000e8000000, 0x00000000e8000000)
  eden space 87424K,   0% used [0x00000000e0000000, 0x00000000e0000000, 0x00000000e5560000)
  from space 21824K,   1% used [0x00000000e5560000, 0x00000000e55b4ac8, 0x00000000e6ab0000)
  to   space 21824K,   0% used [0x00000000e6ab0000, 0x00000000e6ab0000, 0x00000000e8000000)
 concurrent mark-sweep generation total 393216K, used 185812K [0x00000000e8000000, 0x0000000100000000, 0x0000000100000000)
 Metaspace       used 31489K, capacity 31796K, committed 32280K, reserved 1077248K
  class space    used 3643K, capacity 3770K, committed 3864K, reserved 1048576K
}
2015-09-08T12:45:29.380+0200: 1064.463: Total time for which application threads were stopped: 0.0020326 seconds, Stopping threads took: 0.0000147 seconds
{Heap before GC invocations=120 (full 3):
 par new generation   total 109248K, used 87762K [0x00000000e0000000, 0x00000000e8000000, 0x00000000e8000000)
  eden space 87424K, 100% used [0x00000000e0000000, 0x00000000e5560000, 0x00000000e5560000)
  from space 21824K,   1% used [0x00000000e5560000, 0x00000000e55b4ac8, 0x00000000e6ab0000)
  to   space 21824K,   0% used [0x00000000e6ab0000, 0x00000000e6ab0000, 0x00000000e8000000)
 concurrent mark-sweep generation total 393216K, used 185812K [0x00000000e8000000, 0x0000000100000000, 0x0000000100000000)
 Metaspace       used 31489K, capacity 31796K, committed 32280K, reserved 1077248K
  class space    used 3643K, capacity 3770K, committed 3864K, reserved 1048576K
2015-09-08T12:45:29.461+0200: 1064.544: [GC (Allocation Failure) 1064.544: [ParNew
Desired survivor size 20112992 bytes, new threshold 8 (max 8)
- age   1:     425336 bytes,     425336 total
- age   3:        832 bytes,     426168 total
- age   4:        488 bytes,     426656 total
- age   5:       1216 bytes,     427872 total
: 87762K->470K(109248K), 0.0026233 secs] 273574K->186283K(502464K), 0.0026582 secs] [Times: user=0.00 sys=0.01, real=0.00 secs] 
Heap after GC invocations=121 (full 3):
 par new generation   total 109248K, used 470K [0x00000000e0000000, 0x00000000e8000000, 0x00000000e8000000)
  eden space 87424K,   0% used [0x00000000e0000000, 0x00000000e0000000, 0x00000000e5560000)
  from space 21824K,   2% used [0x00000000e6ab0000, 0x00000000e6b25ae0, 0x00000000e8000000)
  to   space 21824K,   0% used [0x00000000e5560000, 0x00000000e5560000, 0x00000000e6ab0000)
 concurrent mark-sweep generation total 393216K, used 185812K [0x00000000e8000000, 0x0000000100000000, 0x0000000100000000)
 Metaspace       used 31489K, capacity 31796K, committed 32280K, reserved 1077248K
  class space    used 3643K, capacity 3770K, committed 3864K, reserved 1048576K
}
2015-09-08T12:45:29.464+0200: 1064.547: Total time for which application threads were stopped: 0.0028099 seconds, Stopping threads took: 0.0000259 seconds
{Heap before GC invocations=121 (full 3):
 par new generation   total 109248K, used 87894K [0x00000000e0000000, 0x00000000e8000000, 0x00000000e8000000)
  eden space 87424K, 100% used [0x00000000e0000000, 0x00000000e5560000, 0x00000000e5560000)
  from space 21824K,   2% used [0x00000000e6ab0000, 0x00000000e6b25ae0, 0x00000000e8000000)
  to   space 21824K,   0% used [0x00000000e5560000, 0x00000000e5560000, 0x00000000e6ab0000)
 concurrent mark-sweep generation total 393216K, used 185812K [0x00000000e8000000, 0x0000000100000000, 0x0000000100000000)
 Metaspace       used 31489K, capacity 31796K, committed 32280K, reserved 1077248K
  class space    used 3643K, capacity 3770K, committed 3864K, reserved 1048576K
2015-09-08T12:45:29.547+0200: 1064.630: [GC (Allocation Failure) 1064.630: [ParNew
Desired survivor size 20112992 bytes, new threshold 8 (max 8)
- age   1:     165480 bytes,     165480 total
- age   2:     378600 bytes,     544080 total
- age   4:        832 bytes,     544912 total
- age   5:        488 bytes,     545400 total
- age   6:       1216 bytes,     546616 total
: 87894K->719K(109248K), 0.0022003 secs] 273707K->186531K(502464K), 0.0022409 secs] [Times: user=0.00 sys=0.00, real=0.00 secs] 
Heap after GC invocations=122 (full 3):
 par new generation   total 109248K, used 719K [0x00000000e0000000, 0x00000000e8000000, 0x00000000e8000000)
  eden space 87424K,   0% used [0x00000000e0000000, 0x00000000e0000000, 0x00000000e5560000)
  from space 21824K,   3% used [0x00000000e5560000, 0x00000000e5613c20, 0x00000000e6ab0000)
  to   space 21824K,   0% used [0x00000000e6ab0000, 0x00000000e6ab0000, 0x00000000e8000000)
 concurrent mark-sweep generation total 393216K, used 185812K [0x00000000e8000000, 0x0000000100000000, 0x0000000100000000)
 Metaspace       used 31489K, capacity 31796K, committed 32280K, reserved 1077248K
  class space    used 3643K, capacity 3770K, committed 3864K, reserved 1048576K
}
2015-09-08T12:45:29.549+0200: 1064.633: Total time for which application threads were stopped: 0.0023811 seconds, Stopping threads took: 0.0000141 seconds
2015-09-08T12:45:30.275+0200: 1065.358: Total time for which application threads were stopped: 0.0001021 seconds, Stopping threads took: 0.0000224 seconds
2015-09-08T12:45:30.275+0200: 1065.358: Total time for which application threads were stopped: 0.0000448 seconds, Stopping threads took: 0.0000173 seconds
2015-09-08T12:45:30.275+0200: 1065.358: Total time for which application threads were stopped: 0.0000413 seconds, Stopping threads took: 0.0000077 seconds
2015-09-08T12:45:30.275+0200: 1065.359: Total time for which application threads were stopped: 0.0000320 seconds, Stopping threads took: 0.0000051 seconds
2015-09-08T12:45:30.275+0200: 1065.359: Total time for which application threads were stopped: 0.0000307 seconds, Stopping threads took: 0.0000048 seconds
2015-09-08T12:45:30.275+0200: 1065.359: Total time for which application threads were stopped: 0.0000320 seconds, Stopping threads took: 0.0000051 seconds
2015-09-08T12:45:30.275+0200: 1065.359: Total time for which application threads were stopped: 0.0000307 seconds, Stopping threads took: 0.0000048 seconds
2015-09-08T12:45:30.275+0200: 1065.359: Total time for which application threads were stopped: 0.0000314 seconds, Stopping threads took: 0.0000045 seconds
2015-09-08T12:45:30.276+0200: 1065.359: Total time for which application threads were stopped: 0.0000390 seconds, Stopping threads took: 0.0000170 seconds
2015-09-08T12:45:30.276+0200: 1065.359: Total time for which application threads were stopped: 0.0000387 seconds, Stopping threads took: 0.0000176 seconds
2015-09-08T12:45:30.276+0200: 1065.360: Total time for which application threads were stopped: 0.0000390 seconds, Stopping threads took: 0.0000160 seconds
2015-09-08T12:45:30.276+0200: 1065.360: Total time for which application threads were stopped: 0.0000314 seconds, Stopping threads took: 0.0000051 seconds
2015-09-08T12:45:30.276+0200: 1065.360: Total time for which application threads were stopped: 0.0000320 seconds, Stopping threads took: 0.0000048 seconds
2015-09-08T12:45:30.276+0200: 1065.360: Total time for which application threads were stopped: 0.0000349 seconds, Stopping threads took: 0.0000067 seconds
2015-09-08T12:45:30.277+0200: 1065.360: Total time for which application threads were stopped: 0.0000416 seconds, Stopping threads took: 0.0000080 seconds
2015-09-08T12:45:30.277+0200: 1065.360: Total time for which application threads were stopped: 0.0000330 seconds, Stopping threads took: 0.0000160 seconds
2015-09-08T12:45:30.277+0200: 1065.360: Total time for which application threads were stopped: 0.0000518 seconds, Stopping threads took: 0.0000182 seconds
2015-09-08T12:45:30.277+0200: 1065.360: Total time for which application threads were stopped: 0.0000486 seconds, Stopping threads took: 0.0000179 seconds
2015-09-08T12:45:30.277+0200: 1065.360: Total time for which application threads were stopped: 0.0001142 seconds, Stopping threads took: 0.0000179 seconds
2015-09-08T12:45:30.279+0200: 1065.362: Total time for which application threads were stopped: 0.0000525 seconds, Stopping threads took: 0.0000189 seconds
2015-09-08T12:45:30.279+0200: 1065.362: Total time for which application threads were stopped: 0.0001088 seconds, Stopping threads took: 0.0000157 seconds
2015-09-08T12:45:30.279+0200: 1065.363: Total time for which application threads were stopped: 0.0000410 seconds, Stopping threads took: 0.0000179 seconds
2015-09-08T12:45:31.279+0200: 1066.362: Total time for which application threads were stopped: 0.0000730 seconds, Stopping threads took: 0.0000314 seconds
2015-09-08T12:45:36.065+0200: 1071.149: Total time for which application threads were stopped: 0.0001386 seconds, Stopping threads took: 0.0000723 seconds
2015-09-08T12:45:36.065+0200: 1071.149: Total time for which application threads were stopped: 0.0000570 seconds, Stopping threads took: 0.0000160 seconds
2015-09-08T12:45:36.067+0200: 1071.150: Total time for which application threads were stopped: 0.0000829 seconds, Stopping threads took: 0.0000208 seconds
2015-09-08T12:45:36.067+0200: 1071.151: Total time for which application threads were stopped: 0.0000576 seconds, Stopping threads took: 0.0000138 seconds
2015-09-08T12:45:36.067+0200: 1071.151: Total time for which application threads were stopped: 0.0001165 seconds, Stopping threads took: 0.0000118 seconds
2015-09-08T12:45:36.068+0200: 1071.152: Total time for which application threads were stopped: 0.0000765 seconds, Stopping threads took: 0.0000134 seconds
2015-09-08T12:45:45.068+0200: 1080.152: Total time for which application threads were stopped: 0.0000694 seconds, Stopping threads took: 0.0000144 seconds
2015-09-08T12:45:46.068+0200: 1081.152: Total time for which application threads were stopped: 0.0000653 seconds, Stopping threads took: 0.0000253 seconds
2015-09-08T12:45:48.069+0200: 1083.152: Total time for which application threads were stopped: 0.0000691 seconds, Stopping threads took: 0.0000259 seconds
2015-09-08T12:45:49.069+0200: 1084.152: Total time for which application threads were stopped: 0.0000710 seconds, Stopping threads took: 0.0000262 seconds
2015-09-08T12:45:50.006+0200: 1085.089: Total time for which application threads were stopped: 0.0000563 seconds, Stopping threads took: 0.0000125 seconds
2015-09-08T12:45:50.006+0200: 1085.090: Total time for which application threads were stopped: 0.0000579 seconds, Stopping threads took: 0.0000301 seconds
2015-09-08T12:45:50.549+0200: 1085.632: Total time for which application threads were stopped: 0.0000630 seconds, Stopping threads took: 0.0000118 seconds
2015-09-08T12:45:50.549+0200: 1085.632: Total time for which application threads were stopped: 0.0000394 seconds, Stopping threads took: 0.0000160 seconds
2015-09-08T12:45:50.549+0200: 1085.632: Total time for which application threads were stopped: 0.0000394 seconds, Stopping threads took: 0.0000157 seconds
2015-09-08T12:45:50.549+0200: 1085.632: Total time for which application threads were stopped: 0.0000298 seconds, Stopping threads took: 0.0000061 seconds
2015-09-08T12:45:50.549+0200: 1085.632: Total time for which application threads were stopped: 0.0000298 seconds, Stopping threads took: 0.0000058 seconds
2015-09-08T12:45:50.549+0200: 1085.633: Total time for which application threads were stopped: 0.0000323 seconds, Stopping threads took: 0.0000144 seconds
2015-09-08T12:45:51.549+0200: 1086.632: Total time for which application threads were stopped: 0.0000797 seconds, Stopping threads took: 0.0000266 seconds
2015-09-08T12:46:01.549+0200: 1096.633: Total time for which application threads were stopped: 0.0000710 seconds, Stopping threads took: 0.0000259 seconds
2015-09-08T12:46:04.309+0200: 1099.392: Total time for which application threads were stopped: 0.0001059 seconds, Stopping threads took: 0.0000275 seconds
2015-09-08T12:46:04.309+0200: 1099.392: Total time for which application threads were stopped: 0.0000512 seconds, Stopping threads took: 0.0000115 seconds
2015-09-08T12:46:04.309+0200: 1099.392: Total time for which application threads were stopped: 0.0000518 seconds, Stopping threads took: 0.0000221 seconds
2015-09-08T12:46:04.309+0200: 1099.392: Total time for which application threads were stopped: 0.0000410 seconds, Stopping threads took: 0.0000080 seconds
2015-09-08T12:46:34.310+0200: 1129.394: Total time for which application threads were stopped: 0.0000947 seconds, Stopping threads took: 0.0000166 seconds
2015-09-08T12:46:34.310+0200: 1129.394: Total time for which application threads were stopped: 0.0000566 seconds, Stopping threads took: 0.0000195 seconds
2015-09-08T12:46:42.311+0200: 1137.394: Total time for which application threads were stopped: 0.0000685 seconds, Stopping threads took: 0.0000259 seconds
2015-09-08T12:46:44.311+0200: 1139.394: Total time for which application threads were stopped: 0.0001046 seconds, Stopping threads took: 0.0000115 seconds
2015-09-08T12:53:26.334+0200: 1541.414: Total time for which application threads were stopped: 0.0000694 seconds, Stopping threads took: 0.0000262 seconds
2015-09-08T12:56:22.927+0200: 1718.007: Total time for which application threads were stopped: 0.0001123 seconds, Stopping threads took: 0.0000269 seconds
2015-09-08T12:56:22.928+0200: 1718.007: Total time for which application threads were stopped: 0.0000643 seconds, Stopping threads took: 0.0000195 seconds
2015-09-08T12:56:22.928+0200: 1718.007: Total time for which application threads were stopped: 0.0000733 seconds, Stopping threads took: 0.0000157 seconds
2015-09-08T12:56:23.928+0200: 1719.007: Total time for which application threads were stopped: 0.0000691 seconds, Stopping threads took: 0.0000262 seconds
2015-09-08T12:56:27.927+0200: 1723.007: Total time for which application threads were stopped: 0.0001296 seconds, Stopping threads took: 0.0000374 seconds
2015-09-08T13:00:54.942+0200: 1990.019: Total time for which application threads were stopped: 0.0000688 seconds, Stopping threads took: 0.0000259 seconds
2015-09-08T13:01:31.816+0200: 2026.893: Total time for which application threads were stopped: 0.0000579 seconds, Stopping threads took: 0.0000122 seconds
2015-09-08T13:01:31.816+0200: 2026.893: Total time for which application threads were stopped: 0.0000227 seconds, Stopping threads took: 0.0000045 seconds
2015-09-08T13:01:31.816+0200: 2026.893: Total time for which application threads were stopped: 0.0000384 seconds, Stopping threads took: 0.0000086 seconds
2015-09-08T13:01:32.816+0200: 2027.893: Total time for which application threads were stopped: 0.0001456 seconds, Stopping threads took: 0.0000384 seconds
2015-09-08T13:02:21.820+0200: 2076.896: Total time for which application threads were stopped: 0.0001085 seconds, Stopping threads took: 0.0000339 seconds
2015-09-08T13:02:21.820+0200: 2076.897: Total time for which application threads were stopped: 0.0000768 seconds, Stopping threads took: 0.0000186 seconds
2015-09-08T13:03:56.051+0200: 2171.127: Total time for which application threads were stopped: 0.0000998 seconds, Stopping threads took: 0.0000282 seconds
2015-09-08T13:03:56.051+0200: 2171.127: Total time for which application threads were stopped: 0.0000602 seconds, Stopping threads took: 0.0000058 seconds
2015-09-08T13:03:56.051+0200: 2171.127: Total time for which application threads were stopped: 0.0000598 seconds, Stopping threads took: 0.0000192 seconds
2015-09-08T13:03:56.052+0200: 2171.128: Total time for which application threads were stopped: 0.0000429 seconds, Stopping threads took: 0.0000096 seconds
2015-09-08T13:03:57.052+0200: 2172.128: Total time for which application threads were stopped: 0.0000579 seconds, Stopping threads took: 0.0000141 seconds
2015-09-08T13:04:33.457+0200: 2208.533: Total time for which application threads were stopped: 0.0000662 seconds, Stopping threads took: 0.0000218 seconds
2015-09-08T13:04:33.457+0200: 2208.533: Total time for which application threads were stopped: 0.0001043 seconds, Stopping threads took: 0.0000192 seconds
2015-09-08T13:04:33.458+0200: 2208.534: Total time for which application threads were stopped: 0.0001149 seconds, Stopping threads took: 0.0000186 seconds
2015-09-08T13:07:11.385+0200: 2366.460: Total time for which application threads were stopped: 0.0001146 seconds, Stopping threads took: 0.0000602 seconds
2015-09-08T13:07:11.385+0200: 2366.460: Total time for which application threads were stopped: 0.0000256 seconds, Stopping threads took: 0.0000061 seconds
2015-09-08T13:07:11.386+0200: 2366.460: Total time for which application threads were stopped: 0.0000528 seconds, Stopping threads took: 0.0000125 seconds
2015-09-08T13:07:12.386+0200: 2367.461: Total time for which application threads were stopped: 0.0000704 seconds, Stopping threads took: 0.0000221 seconds
2015-09-08T13:08:01.387+0200: 2416.462: Total time for which application threads were stopped: 0.0000925 seconds, Stopping threads took: 0.0000118 seconds
2015-09-08T13:08:01.387+0200: 2416.462: Total time for which application threads were stopped: 0.0000560 seconds, Stopping threads took: 0.0000150 seconds
2015-09-08T13:09:02.766+0200: 2477.839: Total time for which application threads were stopped: 0.0000634 seconds, Stopping threads took: 0.0000131 seconds
2015-09-08T13:09:02.766+0200: 2477.840: Total time for which application threads were stopped: 0.0000237 seconds, Stopping threads took: 0.0000048 seconds
2015-09-08T13:09:02.766+0200: 2477.840: Total time for which application threads were stopped: 0.0000205 seconds, Stopping threads took: 0.0000038 seconds
2015-09-08T13:09:02.777+0200: 2477.850: Total time for which application threads were stopped: 0.0000746 seconds, Stopping threads took: 0.0000134 seconds
2015-09-08T13:09:02.805+0200: 2477.878: Total time for which application threads were stopped: 0.0000688 seconds, Stopping threads took: 0.0000141 seconds
2015-09-08T13:09:02.805+0200: 2477.878: Total time for which application threads were stopped: 0.0000349 seconds, Stopping threads took: 0.0000077 seconds
2015-09-08T13:09:02.805+0200: 2477.879: Total time for which application threads were stopped: 0.0000278 seconds, Stopping threads took: 0.0000051 seconds
2015-09-08T13:09:02.812+0200: 2477.886: Total time for which application threads were stopped: 0.0000624 seconds, Stopping threads took: 0.0000138 seconds
2015-09-08T13:09:02.812+0200: 2477.886: Total time for which application threads were stopped: 0.0000272 seconds, Stopping threads took: 0.0000061 seconds
2015-09-08T13:09:02.812+0200: 2477.886: Total time for which application threads were stopped: 0.0000352 seconds, Stopping threads took: 0.0000115 seconds
2015-09-08T13:09:02.812+0200: 2477.886: Total time for which application threads were stopped: 0.0000326 seconds, Stopping threads took: 0.0000109 seconds
2015-09-08T13:09:02.812+0200: 2477.886: Total time for which application threads were stopped: 0.0000336 seconds, Stopping threads took: 0.0000067 seconds
2015-09-08T13:09:02.812+0200: 2477.886: Total time for which application threads were stopped: 0.0000384 seconds, Stopping threads took: 0.0000128 seconds
2015-09-08T13:09:02.825+0200: 2477.898: Total time for which application threads were stopped: 0.0000630 seconds, Stopping threads took: 0.0000134 seconds
2015-09-08T13:09:02.825+0200: 2477.898: Total time for which application threads were stopped: 0.0000442 seconds, Stopping threads took: 0.0000208 seconds
2015-09-08T13:09:02.825+0200: 2477.899: Total time for which application threads were stopped: 0.0000307 seconds, Stopping threads took: 0.0000102 seconds
2015-09-08T13:09:02.826+0200: 2477.899: Total time for which application threads were stopped: 0.0000477 seconds, Stopping threads took: 0.0000125 seconds
2015-09-08T13:09:02.826+0200: 2477.899: Total time for which application threads were stopped: 0.0000336 seconds, Stopping threads took: 0.0000064 seconds
2015-09-08T13:09:02.829+0200: 2477.902: Total time for which application threads were stopped: 0.0000646 seconds, Stopping threads took: 0.0000144 seconds
2015-09-08T13:09:02.829+0200: 2477.902: Total time for which application threads were stopped: 0.0000253 seconds, Stopping threads took: 0.0000045 seconds
2015-09-08T13:09:02.829+0200: 2477.902: Total time for which application threads were stopped: 0.0001155 seconds, Stopping threads took: 0.0000144 seconds
2015-09-08T13:09:02.829+0200: 2477.903: Total time for which application threads were stopped: 0.0001466 seconds, Stopping threads took: 0.0001120 seconds
2015-09-08T13:09:02.829+0200: 2477.903: Total time for which application threads were stopped: 0.0000544 seconds, Stopping threads took: 0.0000115 seconds
2015-09-08T13:09:02.829+0200: 2477.903: Total time for which application threads were stopped: 0.0000374 seconds, Stopping threads took: 0.0000099 seconds
2015-09-08T13:09:02.831+0200: 2477.904: Total time for which application threads were stopped: 0.0001037 seconds, Stopping threads took: 0.0000493 seconds
2015-09-08T13:09:02.838+0200: 2477.911: Total time for which application threads were stopped: 0.0000909 seconds, Stopping threads took: 0.0000358 seconds
2015-09-08T13:09:02.838+0200: 2477.911: Total time for which application threads were stopped: 0.0000323 seconds, Stopping threads took: 0.0000099 seconds
2015-09-08T13:09:02.838+0200: 2477.911: Total time for which application threads were stopped: 0.0000528 seconds, Stopping threads took: 0.0000122 seconds
2015-09-08T13:09:02.855+0200: 2477.929: Total time for which application threads were stopped: 0.0000819 seconds, Stopping threads took: 0.0000202 seconds
2015-09-08T13:09:02.855+0200: 2477.929: Total time for which application threads were stopped: 0.0000490 seconds, Stopping threads took: 0.0000144 seconds
2015-09-08T13:09:02.855+0200: 2477.929: Total time for which application threads were stopped: 0.0000384 seconds, Stopping threads took: 0.0000118 seconds
2015-09-08T13:09:02.855+0200: 2477.929: Total time for which application threads were stopped: 0.0000342 seconds, Stopping threads took: 0.0000106 seconds
2015-09-08T13:09:02.856+0200: 2477.929: Total time for which application threads were stopped: 0.0000589 seconds, Stopping threads took: 0.0000093 seconds
2015-09-08T13:09:02.856+0200: 2477.930: Total time for which application threads were stopped: 0.0001194 seconds, Stopping threads took: 0.0000739 seconds
2015-09-08T13:09:03.857+0200: 2478.930: Total time for which application threads were stopped: 0.0000726 seconds, Stopping threads took: 0.0000147 seconds
2015-09-08T13:09:06.502+0200: 2481.576: Total time for which application threads were stopped: 0.0000906 seconds, Stopping threads took: 0.0000214 seconds
2015-09-08T13:09:06.503+0200: 2481.576: Total time for which application threads were stopped: 0.0000346 seconds, Stopping threads took: 0.0000109 seconds
2015-09-08T13:09:06.503+0200: 2481.577: Total time for which application threads were stopped: 0.0000518 seconds, Stopping threads took: 0.0000170 seconds
2015-09-08T13:09:26.908+0200: 2501.982: Total time for which application threads were stopped: 0.0000672 seconds, Stopping threads took: 0.0000208 seconds
2015-09-08T13:09:26.909+0200: 2501.982: Total time for which application threads were stopped: 0.0001574 seconds, Stopping threads took: 0.0000771 seconds
2015-09-08T13:09:26.909+0200: 2501.983: Total time for which application threads were stopped: 0.0000464 seconds, Stopping threads took: 0.0000080 seconds
2015-09-08T13:09:26.909+0200: 2501.983: Total time for which application threads were stopped: 0.0000669 seconds, Stopping threads took: 0.0000173 seconds
2015-09-08T13:09:27.909+0200: 2502.982: Total time for which application threads were stopped: 0.0000787 seconds, Stopping threads took: 0.0000246 seconds
2015-09-08T13:09:52.857+0200: 2527.931: Total time for which application threads were stopped: 0.0000970 seconds, Stopping threads took: 0.0000237 seconds
2015-09-08T13:09:52.857+0200: 2527.931: Total time for which application threads were stopped: 0.0000685 seconds, Stopping threads took: 0.0000106 seconds
2015-09-08T13:09:53.857+0200: 2528.931: Total time for which application threads were stopped: 0.0000694 seconds, Stopping threads took: 0.0000266 seconds
2015-09-08T13:09:55.600+0200: 2530.673: Total time for which application threads were stopped: 0.0000592 seconds, Stopping threads took: 0.0000131 seconds
2015-09-08T13:09:55.600+0200: 2530.673: Total time for which application threads were stopped: 0.0000253 seconds, Stopping threads took: 0.0000058 seconds
2015-09-08T13:09:55.600+0200: 2530.673: Total time for which application threads were stopped: 0.0000234 seconds, Stopping threads took: 0.0000051 seconds
2015-09-08T13:09:55.611+0200: 2530.684: Total time for which application threads were stopped: 0.0000829 seconds, Stopping threads took: 0.0000125 seconds
2015-09-08T13:09:55.629+0200: 2530.702: Total time for which application threads were stopped: 0.0000675 seconds, Stopping threads took: 0.0000150 seconds
2015-09-08T13:09:55.629+0200: 2530.703: Total time for which application threads were stopped: 0.0000429 seconds, Stopping threads took: 0.0000077 seconds
2015-09-08T13:09:55.629+0200: 2530.703: Total time for which application threads were stopped: 0.0000323 seconds, Stopping threads took: 0.0000125 seconds
2015-09-08T13:09:55.630+0200: 2530.703: Total time for which application threads were stopped: 0.0000538 seconds, Stopping threads took: 0.0000202 seconds
2015-09-08T13:09:55.632+0200: 2530.705: Total time for which application threads were stopped: 0.0000557 seconds, Stopping threads took: 0.0000128 seconds
2015-09-08T13:09:55.632+0200: 2530.705: Total time for which application threads were stopped: 0.0000342 seconds, Stopping threads took: 0.0000083 seconds
2015-09-08T13:09:55.633+0200: 2530.706: Total time for which application threads were stopped: 0.0000346 seconds, Stopping threads took: 0.0000080 seconds
2015-09-08T13:09:55.633+0200: 2530.706: Total time for which application threads were stopped: 0.0000234 seconds, Stopping threads took: 0.0000051 seconds
2015-09-08T13:09:55.634+0200: 2530.707: Total time for which application threads were stopped: 0.0000570 seconds, Stopping threads took: 0.0000234 seconds
2015-09-08T13:09:55.635+0200: 2530.708: Total time for which application threads were stopped: 0.0000483 seconds, Stopping threads took: 0.0000134 seconds
2015-09-08T13:09:55.635+0200: 2530.708: Total time for which application threads were stopped: 0.0000323 seconds, Stopping threads took: 0.0000077 seconds
2015-09-08T13:09:55.729+0200: 2530.802: Total time for which application threads were stopped: 0.0000650 seconds, Stopping threads took: 0.0000182 seconds
2015-09-08T13:09:55.729+0200: 2530.802: Total time for which application threads were stopped: 0.0000474 seconds, Stopping threads took: 0.0000144 seconds
2015-09-08T13:09:55.729+0200: 2530.803: Total time for which application threads were stopped: 0.0000550 seconds, Stopping threads took: 0.0000106 seconds
{Heap before GC invocations=122 (full 3):
 par new generation   total 109248K, used 88133K [0x00000000e0000000, 0x00000000e8000000, 0x00000000e8000000)
  eden space 87424K,  99% used [0x00000000e0000000, 0x00000000e555dad8, 0x00000000e5560000)
  from space 21824K,   3% used [0x00000000e5560000, 0x00000000e5613c20, 0x00000000e6ab0000)
  to   space 21824K,   0% used [0x00000000e6ab0000, 0x00000000e6ab0000, 0x00000000e8000000)
 concurrent mark-sweep generation total 393216K, used 185812K [0x00000000e8000000, 0x0000000100000000, 0x0000000100000000)
 Metaspace       used 31681K, capacity 32052K, committed 32536K, reserved 1077248K
  class space    used 3644K, capacity 3770K, committed 3864K, reserved 1048576K
2015-09-08T13:09:55.764+0200: 2530.837: [GC (Allocation Failure) 2530.837: [ParNew
Desired survivor size 20112992 bytes, new threshold 8 (max 8)
- age   1:    1356080 bytes,    1356080 total
- age   3:        752 bytes,    1356832 total
- age   5:        416 bytes,    1357248 total
- age   6:        424 bytes,    1357672 total
- age   7:       1152 bytes,    1358824 total
: 88133K->1474K(109248K), 0.0021750 secs] 273946K->187286K(502464K), 0.0022326 secs] [Times: user=0.00 sys=0.00, real=0.00 secs] 
Heap after GC invocations=123 (full 3):
 par new generation   total 109248K, used 1474K [0x00000000e0000000, 0x00000000e8000000, 0x00000000e8000000)
  eden space 87424K,   0% used [0x00000000e0000000, 0x00000000e0000000, 0x00000000e5560000)
  from space 21824K,   6% used [0x00000000e6ab0000, 0x00000000e6c209e8, 0x00000000e8000000)
  to   space 21824K,   0% used [0x00000000e5560000, 0x00000000e5560000, 0x00000000e6ab0000)
 concurrent mark-sweep generation total 393216K, used 185812K [0x00000000e8000000, 0x0000000100000000, 0x0000000100000000)
 Metaspace       used 31681K, capacity 32052K, committed 32536K, reserved 1077248K
  class space    used 3644K, capacity 3770K, committed 3864K, reserved 1048576K
}
2015-09-08T13:09:55.766+0200: 2530.839: Total time for which application threads were stopped: 0.0024073 seconds, Stopping threads took: 0.0000166 seconds
2015-09-08T13:09:55.766+0200: 2530.839: Total time for which application threads were stopped: 0.0000989 seconds, Stopping threads took: 0.0000256 seconds
2015-09-08T13:09:55.766+0200: 2530.840: Total time for which application threads were stopped: 0.0000726 seconds, Stopping threads took: 0.0000208 seconds
2015-09-08T13:09:55.767+0200: 2530.840: Total time for which application threads were stopped: 0.0000541 seconds, Stopping threads took: 0.0000173 seconds
{Heap before GC invocations=123 (full 3):
 par new generation   total 109248K, used 88898K [0x00000000e0000000, 0x00000000e8000000, 0x00000000e8000000)
  eden space 87424K, 100% used [0x00000000e0000000, 0x00000000e5560000, 0x00000000e5560000)
  from space 21824K,   6% used [0x00000000e6ab0000, 0x00000000e6c209e8, 0x00000000e8000000)
  to   space 21824K,   0% used [0x00000000e5560000, 0x00000000e5560000, 0x00000000e6ab0000)
 concurrent mark-sweep generation total 393216K, used 185812K [0x00000000e8000000, 0x0000000100000000, 0x0000000100000000)
 Metaspace       used 31723K, capacity 32082K, committed 32536K, reserved 1077248K
  class space    used 3647K, capacity 3775K, committed 3864K, reserved 1048576K
2015-09-08T13:09:55.812+0200: 2530.885: [GC (Allocation Failure) 2530.885: [ParNew
Desired survivor size 20112992 bytes, new threshold 8 (max 8)
- age   1:     922928 bytes,     922928 total
- age   2:     928792 bytes,    1851720 total
- age   4:        752 bytes,    1852472 total
- age   6:        416 bytes,    1852888 total
- age   7:        424 bytes,    1853312 total
- age   8:       1152 bytes,    1854464 total
: 88898K->2442K(109248K), 0.0023453 secs] 274710K->188254K(502464K), 0.0023917 secs] [Times: user=0.00 sys=0.00, real=0.00 secs] 
Heap after GC invocations=124 (full 3):
 par new generation   total 109248K, used 2442K [0x00000000e0000000, 0x00000000e8000000, 0x00000000e8000000)
  eden space 87424K,   0% used [0x00000000e0000000, 0x00000000e0000000, 0x00000000e5560000)
  from space 21824K,  11% used [0x00000000e5560000, 0x00000000e57c2800, 0x00000000e6ab0000)
  to   space 21824K,   0% used [0x00000000e6ab0000, 0x00000000e6ab0000, 0x00000000e8000000)
 concurrent mark-sweep generation total 393216K, used 185812K [0x00000000e8000000, 0x0000000100000000, 0x0000000100000000)
 Metaspace       used 31723K, capacity 32082K, committed 32536K, reserved 1077248K
  class space    used 3647K, capacity 3775K, committed 3864K, reserved 1048576K
}
2015-09-08T13:09:55.814+0200: 2530.887: Total time for which application threads were stopped: 0.0025574 seconds, Stopping threads took: 0.0000173 seconds
2015-09-08T13:09:55.814+0200: 2530.887: Total time for which application threads were stopped: 0.0000979 seconds, Stopping threads took: 0.0000262 seconds
2015-09-08T13:09:55.902+0200: 2530.975: Total time for which application threads were stopped: 0.0001174 seconds, Stopping threads took: 0.0000192 seconds
2015-09-08T13:09:55.926+0200: 2531.000: Total time for which application threads were stopped: 0.0001091 seconds, Stopping threads took: 0.0000227 seconds
2015-09-08T13:09:55.933+0200: 2531.007: Total time for which application threads were stopped: 0.0002989 seconds, Stopping threads took: 0.0000304 seconds
2015-09-08T13:09:55.933+0200: 2531.007: Total time for which application threads were stopped: 0.0000762 seconds, Stopping threads took: 0.0000195 seconds
2015-09-08T13:09:55.933+0200: 2531.007: Total time for which application threads were stopped: 0.0000570 seconds, Stopping threads took: 0.0000141 seconds
2015-09-08T13:09:55.939+0200: 2531.012: Total time for which application threads were stopped: 0.0000784 seconds, Stopping threads took: 0.0000218 seconds
2015-09-08T13:09:56.504+0200: 2531.577: Total time for which application threads were stopped: 0.0000656 seconds, Stopping threads took: 0.0000234 seconds
2015-09-08T13:10:16.955+0200: 2552.028: Total time for which application threads were stopped: 0.0000621 seconds, Stopping threads took: 0.0000205 seconds
2015-09-08T13:11:23.187+0200: 2618.259: Total time for which application threads were stopped: 0.0001904 seconds, Stopping threads took: 0.0000240 seconds
2015-09-08T13:11:23.187+0200: 2618.259: Total time for which application threads were stopped: 0.0000352 seconds, Stopping threads took: 0.0000080 seconds
2015-09-08T13:11:23.187+0200: 2618.259: Total time for which application threads were stopped: 0.0000218 seconds, Stopping threads took: 0.0000042 seconds
2015-09-08T13:11:23.188+0200: 2618.260: Total time for which application threads were stopped: 0.0000566 seconds, Stopping threads took: 0.0000144 seconds
2015-09-08T13:11:23.188+0200: 2618.261: Total time for which application threads were stopped: 0.0000598 seconds, Stopping threads took: 0.0000314 seconds
2015-09-08T13:11:23.188+0200: 2618.261: Total time for which application threads were stopped: 0.0000342 seconds, Stopping threads took: 0.0000115 seconds
{Heap before GC invocations=124 (full 3):
 par new generation   total 109248K, used 89866K [0x00000000e0000000, 0x00000000e8000000, 0x00000000e8000000)
  eden space 87424K, 100% used [0x00000000e0000000, 0x00000000e5560000, 0x00000000e5560000)
  from space 21824K,  11% used [0x00000000e5560000, 0x00000000e57c2800, 0x00000000e6ab0000)
  to   space 21824K,   0% used [0x00000000e6ab0000, 0x00000000e6ab0000, 0x00000000e8000000)
 concurrent mark-sweep generation total 393216K, used 185812K [0x00000000e8000000, 0x0000000100000000, 0x0000000100000000)
 Metaspace       used 31772K, capacity 32176K, committed 32536K, reserved 1077248K
  class space    used 3650K, capacity 3780K, committed 3864K, reserved 1048576K
2015-09-08T13:11:23.195+0200: 2618.267: [GC (Allocation Failure) 2618.267: [ParNew
Desired survivor size 20112992 bytes, new threshold 8 (max 8)
- age   1:    2638568 bytes,    2638568 total
- age   2:     149528 bytes,    2788096 total
- age   3:     861064 bytes,    3649160 total
- age   5:        752 bytes,    3649912 total
- age   7:        416 bytes,    3650328 total
- age   8:        424 bytes,    3650752 total
: 89866K->3699K(109248K), 0.0041549 secs] 275678K->189512K(502464K), 0.0042067 secs] [Times: user=0.00 sys=0.00, real=0.00 secs] 
Heap after GC invocations=125 (full 3):
 par new generation   total 109248K, used 3699K [0x00000000e0000000, 0x00000000e8000000, 0x00000000e8000000)
  eden space 87424K,   0% used [0x00000000e0000000, 0x00000000e0000000, 0x00000000e5560000)
  from space 21824K,  16% used [0x00000000e6ab0000, 0x00000000e6e4cd10, 0x00000000e8000000)
  to   space 21824K,   0% used [0x00000000e5560000, 0x00000000e5560000, 0x00000000e6ab0000)
 concurrent mark-sweep generation total 393216K, used 185813K [0x00000000e8000000, 0x0000000100000000, 0x0000000100000000)
 Metaspace       used 31772K, capacity 32176K, committed 32536K, reserved 1077248K
  class space    used 3650K, capacity 3780K, committed 3864K, reserved 1048576K
}
2015-09-08T13:11:23.199+0200: 2618.271: Total time for which application threads were stopped: 0.0044157 seconds, Stopping threads took: 0.0000602 seconds
2015-09-08T13:11:23.199+0200: 2618.272: Total time for which application threads were stopped: 0.0000890 seconds, Stopping threads took: 0.0000157 seconds
2015-09-08T13:11:23.199+0200: 2618.272: Total time for which application threads were stopped: 0.0000566 seconds, Stopping threads took: 0.0000163 seconds
2015-09-08T13:11:23.199+0200: 2618.272: Total time for which application threads were stopped: 0.0000477 seconds, Stopping threads took: 0.0000122 seconds
2015-09-08T13:11:23.199+0200: 2618.272: Total time for which application threads were stopped: 0.0000461 seconds, Stopping threads took: 0.0000099 seconds
2015-09-08T13:11:23.199+0200: 2618.272: Total time for which application threads were stopped: 0.0000522 seconds, Stopping threads took: 0.0000122 seconds
2015-09-08T13:11:23.199+0200: 2618.272: Total time for which application threads were stopped: 0.0000483 seconds, Stopping threads took: 0.0000102 seconds
2015-09-08T13:11:23.200+0200: 2618.272: Total time for which application threads were stopped: 0.0000477 seconds, Stopping threads took: 0.0000058 seconds
2015-09-08T13:11:23.200+0200: 2618.272: Total time for which application threads were stopped: 0.0000480 seconds, Stopping threads took: 0.0000128 seconds
2015-09-08T13:11:23.200+0200: 2618.272: Total time for which application threads were stopped: 0.0000467 seconds, Stopping threads took: 0.0000106 seconds
2015-09-08T13:11:23.200+0200: 2618.272: Total time for which application threads were stopped: 0.0000445 seconds, Stopping threads took: 0.0000099 seconds
2015-09-08T13:11:23.200+0200: 2618.272: Total time for which application threads were stopped: 0.0000541 seconds, Stopping threads took: 0.0000051 seconds
2015-09-08T13:11:23.200+0200: 2618.272: Total time for which application threads were stopped: 0.0000694 seconds, Stopping threads took: 0.0000205 seconds
2015-09-08T13:11:23.200+0200: 2618.273: Total time for which application threads were stopped: 0.0000611 seconds, Stopping threads took: 0.0000134 seconds
2015-09-08T13:11:23.200+0200: 2618.273: Total time for which application threads were stopped: 0.0000477 seconds, Stopping threads took: 0.0000109 seconds
2015-09-08T13:11:23.200+0200: 2618.273: Total time for which application threads were stopped: 0.0000451 seconds, Stopping threads took: 0.0000106 seconds
2015-09-08T13:11:23.200+0200: 2618.273: Total time for which application threads were stopped: 0.0000438 seconds, Stopping threads took: 0.0000099 seconds
2015-09-08T13:11:23.200+0200: 2618.273: Total time for which application threads were stopped: 0.0000899 seconds, Stopping threads took: 0.0000054 seconds
2015-09-08T13:11:23.200+0200: 2618.273: Total time for which application threads were stopped: 0.0000429 seconds, Stopping threads took: 0.0000054 seconds
2015-09-08T13:11:23.219+0200: 2618.291: Total time for which application threads were stopped: 0.0001011 seconds, Stopping threads took: 0.0000112 seconds
{Heap before GC invocations=125 (full 3):
 par new generation   total 109248K, used 91123K [0x00000000e0000000, 0x00000000e8000000, 0x00000000e8000000)
  eden space 87424K, 100% used [0x00000000e0000000, 0x00000000e5560000, 0x00000000e5560000)
  from space 21824K,  16% used [0x00000000e6ab0000, 0x00000000e6e4cd10, 0x00000000e8000000)
  to   space 21824K,   0% used [0x00000000e5560000, 0x00000000e5560000, 0x00000000e6ab0000)
 concurrent mark-sweep generation total 393216K, used 185813K [0x00000000e8000000, 0x0000000100000000, 0x0000000100000000)
 Metaspace       used 31790K, capacity 32176K, committed 32536K, reserved 1077248K
  class space    used 3650K, capacity 3780K, committed 3864K, reserved 1048576K
2015-09-08T13:11:23.490+0200: 2618.563: [GC (Allocation Failure) 2618.563: [ParNew
Desired survivor size 20112992 bytes, new threshold 8 (max 8)
- age   1:    4344776 bytes,    4344776 total
- age   2:    2323016 bytes,    6667792 total
- age   3:     149224 bytes,    6817016 total
- age   4:     861064 bytes,    7678080 total
- age   6:        752 bytes,    7678832 total
- age   8:        416 bytes,    7679248 total
: 91123K->8534K(109248K), 0.0048726 secs] 276936K->194348K(502464K), 0.0049133 secs] [Times: user=0.00 sys=0.00, real=0.00 secs] 
Heap after GC invocations=126 (full 3):
 par new generation   total 109248K, used 8534K [0x00000000e0000000, 0x00000000e8000000, 0x00000000e8000000)
  eden space 87424K,   0% used [0x00000000e0000000, 0x00000000e0000000, 0x00000000e5560000)
  from space 21824K,  39% used [0x00000000e5560000, 0x00000000e5db58d8, 0x00000000e6ab0000)
  to   space 21824K,   0% used [0x00000000e6ab0000, 0x00000000e6ab0000, 0x00000000e8000000)
 concurrent mark-sweep generation total 393216K, used 185813K [0x00000000e8000000, 0x0000000100000000, 0x0000000100000000)
 Metaspace       used 31790K, capacity 32176K, committed 32536K, reserved 1077248K
  class space    used 3650K, capacity 3780K, committed 3864K, reserved 1048576K
}
2015-09-08T13:11:23.495+0200: 2618.567: Total time for which application threads were stopped: 0.0050892 seconds, Stopping threads took: 0.0000141 seconds
2015-09-08T13:11:23.495+0200: 2618.568: Total time for which application threads were stopped: 0.0000877 seconds, Stopping threads took: 0.0000166 seconds
2015-09-08T13:11:23.495+0200: 2618.568: Total time for which application threads were stopped: 0.0000653 seconds, Stopping threads took: 0.0000128 seconds
2015-09-08T13:11:23.495+0200: 2618.568: Total time for which application threads were stopped: 0.0000640 seconds, Stopping threads took: 0.0000192 seconds
2015-09-08T13:11:23.495+0200: 2618.568: Total time for which application threads were stopped: 0.0000429 seconds, Stopping threads took: 0.0000051 seconds
2015-09-08T13:11:23.495+0200: 2618.568: Total time for which application threads were stopped: 0.0000611 seconds, Stopping threads took: 0.0000134 seconds
2015-09-08T13:11:23.495+0200: 2618.568: Total time for which application threads were stopped: 0.0000589 seconds, Stopping threads took: 0.0000131 seconds
2015-09-08T13:11:23.495+0200: 2618.568: Total time for which application threads were stopped: 0.0000630 seconds, Stopping threads took: 0.0000125 seconds
2015-09-08T13:11:23.495+0200: 2618.568: Total time for which application threads were stopped: 0.0000592 seconds, Stopping threads took: 0.0000115 seconds
2015-09-08T13:11:23.496+0200: 2618.568: Total time for which application threads were stopped: 0.0000586 seconds, Stopping threads took: 0.0000128 seconds
2015-09-08T13:11:23.496+0200: 2618.568: Total time for which application threads were stopped: 0.0000576 seconds, Stopping threads took: 0.0000118 seconds
2015-09-08T13:11:23.496+0200: 2618.568: Total time for which application threads were stopped: 0.0000586 seconds, Stopping threads took: 0.0000118 seconds
2015-09-08T13:11:23.496+0200: 2618.568: Total time for which application threads were stopped: 0.0000550 seconds, Stopping threads took: 0.0000118 seconds
2015-09-08T13:11:23.496+0200: 2618.568: Total time for which application threads were stopped: 0.0000464 seconds, Stopping threads took: 0.0000122 seconds
2015-09-08T13:11:23.496+0200: 2618.569: Total time for which application threads were stopped: 0.0000483 seconds, Stopping threads took: 0.0000128 seconds
2015-09-08T13:11:23.496+0200: 2618.569: Total time for which application threads were stopped: 0.0000550 seconds, Stopping threads took: 0.0000122 seconds
2015-09-08T13:11:23.496+0200: 2618.569: Total time for which application threads were stopped: 0.0000448 seconds, Stopping threads took: 0.0000090 seconds
2015-09-08T13:11:23.496+0200: 2618.569: Total time for which application threads were stopped: 0.0000394 seconds, Stopping threads took: 0.0000051 seconds
2015-09-08T13:11:23.496+0200: 2618.569: Total time for which application threads were stopped: 0.0000442 seconds, Stopping threads took: 0.0000093 seconds
2015-09-08T13:11:23.496+0200: 2618.569: Total time for which application threads were stopped: 0.0000445 seconds, Stopping threads took: 0.0000099 seconds
2015-09-08T13:11:23.496+0200: 2618.569: Total time for which application threads were stopped: 0.0000976 seconds, Stopping threads took: 0.0000096 seconds
{Heap before GC invocations=126 (full 3):
 par new generation   total 109248K, used 95958K [0x00000000e0000000, 0x00000000e8000000, 0x00000000e8000000)
  eden space 87424K, 100% used [0x00000000e0000000, 0x00000000e5560000, 0x00000000e5560000)
  from space 21824K,  39% used [0x00000000e5560000, 0x00000000e5db58d8, 0x00000000e6ab0000)
  to   space 21824K,   0% used [0x00000000e6ab0000, 0x00000000e6ab0000, 0x00000000e8000000)
 concurrent mark-sweep generation total 393216K, used 185813K [0x00000000e8000000, 0x0000000100000000, 0x0000000100000000)
 Metaspace       used 31790K, capacity 32176K, committed 32536K, reserved 1077248K
  class space    used 3650K, capacity 3780K, committed 3864K, reserved 1048576K
2015-09-08T13:11:23.782+0200: 2618.855: [GC (Allocation Failure) 2618.855: [ParNew
Desired survivor size 20112992 bytes, new threshold 8 (max 8)
- age   1:    5277152 bytes,    5277152 total
- age   2:    2948704 bytes,    8225856 total
- age   3:    2322976 bytes,   10548832 total
- age   4:     149224 bytes,   10698056 total
- age   5:     861064 bytes,   11559120 total
- age   7:        752 bytes,   11559872 total
: 95958K->13720K(109248K), 0.0055126 secs] 281772K->199534K(502464K), 0.0055536 secs] [Times: user=0.00 sys=0.00, real=0.01 secs] 
Heap after GC invocations=127 (full 3):
 par new generation   total 109248K, used 13720K [0x00000000e0000000, 0x00000000e8000000, 0x00000000e8000000)
  eden space 87424K,   0% used [0x00000000e0000000, 0x00000000e0000000, 0x00000000e5560000)
  from space 21824K,  62% used [0x00000000e6ab0000, 0x00000000e78160e0, 0x00000000e8000000)
  to   space 21824K,   0% used [0x00000000e5560000, 0x00000000e5560000, 0x00000000e6ab0000)
 concurrent mark-sweep generation total 393216K, used 185814K [0x00000000e8000000, 0x0000000100000000, 0x0000000100000000)
 Metaspace       used 31790K, capacity 32176K, committed 32536K, reserved 1077248K
  class space    used 3650K, capacity 3780K, committed 3864K, reserved 1048576K
}
2015-09-08T13:11:23.788+0200: 2618.860: Total time for which application threads were stopped: 0.0057196 seconds, Stopping threads took: 0.0000141 seconds
{Heap before GC invocations=127 (full 3):
 par new generation   total 109248K, used 101144K [0x00000000e0000000, 0x00000000e8000000, 0x00000000e8000000)
  eden space 87424K, 100% used [0x00000000e0000000, 0x00000000e5560000, 0x00000000e5560000)
  from space 21824K,  62% used [0x00000000e6ab0000, 0x00000000e78160e0, 0x00000000e8000000)
  to   space 21824K,   0% used [0x00000000e5560000, 0x00000000e5560000, 0x00000000e6ab0000)
 concurrent mark-sweep generation total 393216K, used 185814K [0x00000000e8000000, 0x0000000100000000, 0x0000000100000000)
 Metaspace       used 31790K, capacity 32176K, committed 32536K, reserved 1077248K
  class space    used 3650K, capacity 3780K, committed 3864K, reserved 1048576K
2015-09-08T13:11:24.081+0200: 2619.153: [GC (Allocation Failure) 2619.153: [ParNew
Desired survivor size 20112992 bytes, new threshold 8 (max 8)
- age   1:    5173600 bytes,    5173600 total
- age   2:    3436432 bytes,    8610032 total
- age   3:    2948704 bytes,   11558736 total
- age   4:    2322976 bytes,   13881712 total
- age   5:     149224 bytes,   14030936 total
- age   6:     861064 bytes,   14892000 total
- age   8:        752 bytes,   14892752 total
: 101144K->17225K(109248K), 0.0062243 secs] 286958K->203039K(502464K), 0.0062710 secs] [Times: user=0.00 sys=0.00, real=0.01 secs] 
Heap after GC invocations=128 (full 3):
 par new generation   total 109248K, used 17225K [0x00000000e0000000, 0x00000000e8000000, 0x00000000e8000000)
  eden space 87424K,   0% used [0x00000000e0000000, 0x00000000e0000000, 0x00000000e5560000)
  from space 21824K,  78% used [0x00000000e5560000, 0x00000000e6632408, 0x00000000e6ab0000)
  to   space 21824K,   0% used [0x00000000e6ab0000, 0x00000000e6ab0000, 0x00000000e8000000)
 concurrent mark-sweep generation total 393216K, used 185814K [0x00000000e8000000, 0x0000000100000000, 0x0000000100000000)
 Metaspace       used 31790K, capacity 32176K, committed 32536K, reserved 1077248K
  class space    used 3650K, capacity 3780K, committed 3864K, reserved 1048576K
}
2015-09-08T13:11:24.087+0200: 2619.160: Total time for which application threads were stopped: 0.0064438 seconds, Stopping threads took: 0.0000144 seconds
{Heap before GC invocations=128 (full 3):
 par new generation   total 109248K, used 104649K [0x00000000e0000000, 0x00000000e8000000, 0x00000000e8000000)
  eden space 87424K, 100% used [0x00000000e0000000, 0x00000000e5560000, 0x00000000e5560000)
  from space 21824K,  78% used [0x00000000e5560000, 0x00000000e6632408, 0x00000000e6ab0000)
  to   space 21824K,   0% used [0x00000000e6ab0000, 0x00000000e6ab0000, 0x00000000e8000000)
 concurrent mark-sweep generation total 393216K, used 185814K [0x00000000e8000000, 0x0000000100000000, 0x0000000100000000)
 Metaspace       used 31790K, capacity 32176K, committed 32536K, reserved 1077248K
  class space    used 3650K, capacity 3780K, committed 3864K, reserved 1048576K
2015-09-08T13:11:24.387+0200: 2619.459: [GC (Allocation Failure) 2619.459: [ParNew
Desired survivor size 20112992 bytes, new threshold 8 (max 8)
- age   1:    7111200 bytes,    7111200 total
- age   2:    2847552 bytes,    9958752 total
- age   3:    2649920 bytes,   12608672 total
- age   4:    2948704 bytes,   15557376 total
- age   5:    2322976 bytes,   17880352 total
- age   6:     149224 bytes,   18029576 total
- age   7:     861112 bytes,   18890688 total
: 104649K->21824K(109248K), 0.0063801 secs] 290463K->207638K(502464K), 0.0064265 secs] [Times: user=0.00 sys=0.00, real=0.01 secs] 
Heap after GC invocations=129 (full 3):
 par new generation   total 109248K, used 21824K [0x00000000e0000000, 0x00000000e8000000, 0x00000000e8000000)
  eden space 87424K,   0% used [0x00000000e0000000, 0x00000000e0000000, 0x00000000e5560000)
  from space 21824K, 100% used [0x00000000e6ab0000, 0x00000000e8000000, 0x00000000e8000000)
  to   space 21824K,   0% used [0x00000000e5560000, 0x00000000e5560000, 0x00000000e6ab0000)
 concurrent mark-sweep generation total 393216K, used 185814K [0x00000000e8000000, 0x0000000100000000, 0x0000000100000000)
 Metaspace       used 31790K, capacity 32176K, committed 32536K, reserved 1077248K
  class space    used 3650K, capacity 3780K, committed 3864K, reserved 1048576K
}
2015-09-08T13:11:24.393+0200: 2619.466: Total time for which application threads were stopped: 0.0065683 seconds, Stopping threads took: 0.0000144 seconds
{Heap before GC invocations=129 (full 3):
 par new generation   total 109248K, used 109248K [0x00000000e0000000, 0x00000000e8000000, 0x00000000e8000000)
  eden space 87424K, 100% used [0x00000000e0000000, 0x00000000e5560000, 0x00000000e5560000)
  from space 21824K, 100% used [0x00000000e6ab0000, 0x00000000e8000000, 0x00000000e8000000)
  to   space 21824K,   0% used [0x00000000e5560000, 0x00000000e5560000, 0x00000000e6ab0000)
 concurrent mark-sweep generation total 393216K, used 185814K [0x00000000e8000000, 0x0000000100000000, 0x0000000100000000)
 Metaspace       used 31790K, capacity 32176K, committed 32536K, reserved 1077248K
  class space    used 3650K, capacity 3780K, committed 3864K, reserved 1048576K
2015-09-08T13:11:24.676+0200: 2619.748: [GC (Allocation Failure) 2619.748: [ParNew
Desired survivor size 20112992 bytes, new threshold 8 (max 8)
- age   1:    6268496 bytes,    6268496 total
- age   2:    2789112 bytes,    9057608 total
- age   3:    2545280 bytes,   11602888 total
- age   4:    2605600 bytes,   14208488 total
- age   5:    2879944 bytes,   17088432 total
- age   6:    2322976 bytes,   19411408 total
- age   7:     149224 bytes,   19560632 total
- age   8:     861064 bytes,   20421696 total
: 109248K->21824K(109248K), 0.0079814 secs] 295062K->209613K(502464K), 0.0080310 secs] [Times: user=0.00 sys=0.00, real=0.01 secs] 
Heap after GC invocations=130 (full 3):
 par new generation   total 109248K, used 21824K [0x00000000e0000000, 0x00000000e8000000, 0x00000000e8000000)
  eden space 87424K,   0% used [0x00000000e0000000, 0x00000000e0000000, 0x00000000e5560000)
  from space 21824K, 100% used [0x00000000e5560000, 0x00000000e6ab0000, 0x00000000e6ab0000)
  to   space 21824K,   0% used [0x00000000e6ab0000, 0x00000000e6ab0000, 0x00000000e8000000)
 concurrent mark-sweep generation total 393216K, used 187789K [0x00000000e8000000, 0x0000000100000000, 0x0000000100000000)
 Metaspace       used 31790K, capacity 32176K, committed 32536K, reserved 1077248K
  class space    used 3650K, capacity 3780K, committed 3864K, reserved 1048576K
}
2015-09-08T13:11:24.684+0200: 2619.756: Total time for which application threads were stopped: 0.0081760 seconds, Stopping threads took: 0.0000141 seconds
{Heap before GC invocations=130 (full 3):
 par new generation   total 109248K, used 109248K [0x00000000e0000000, 0x00000000e8000000, 0x00000000e8000000)
  eden space 87424K, 100% used [0x00000000e0000000, 0x00000000e5560000, 0x00000000e5560000)
  from space 21824K, 100% used [0x00000000e5560000, 0x00000000e6ab0000, 0x00000000e6ab0000)
  to   space 21824K,   0% used [0x00000000e6ab0000, 0x00000000e6ab0000, 0x00000000e8000000)
 concurrent mark-sweep generation total 393216K, used 187789K [0x00000000e8000000, 0x0000000100000000, 0x0000000100000000)
 Metaspace       used 31790K, capacity 32176K, committed 32536K, reserved 1077248K
  class space    used 3650K, capacity 3780K, committed 3864K, reserved 1048576K
2015-09-08T13:11:24.977+0200: 2620.050: [GC (Allocation Failure) 2620.050: [ParNew
Desired survivor size 20112992 bytes, new threshold 8 (max 8)
- age   1:    4396888 bytes,    4396888 total
- age   2:    2426120 bytes,    6823008 total
- age   3:    2615344 bytes,    9438352 total
- age   4:    2377760 bytes,   11816112 total
- age   5:    2441760 bytes,   14257872 total
- age   6:    2735552 bytes,   16993424 total
- age   7:    2322976 bytes,   19316400 total
- age   8:     149224 bytes,   19465624 total
: 109248K->21824K(109248K), 0.0091548 secs] 297037K->213985K(502464K), 0.0092038 secs] [Times: user=0.06 sys=0.00, real=0.01 secs] 
Heap after GC invocations=131 (full 3):
 par new generation   total 109248K, used 21824K [0x00000000e0000000, 0x00000000e8000000, 0x00000000e8000000)
  eden space 87424K,   0% used [0x00000000e0000000, 0x00000000e0000000, 0x00000000e5560000)
  from space 21824K, 100% used [0x00000000e6ab0000, 0x00000000e8000000, 0x00000000e8000000)
  to   space 21824K,   0% used [0x00000000e5560000, 0x00000000e5560000, 0x00000000e6ab0000)
 concurrent mark-sweep generation total 393216K, used 192161K [0x00000000e8000000, 0x0000000100000000, 0x0000000100000000)
 Metaspace       used 31790K, capacity 32176K, committed 32536K, reserved 1077248K
  class space    used 3650K, capacity 3780K, committed 3864K, reserved 1048576K
}
2015-09-08T13:11:24.987+0200: 2620.059: Total time for which application threads were stopped: 0.0093471 seconds, Stopping threads took: 0.0000144 seconds
{Heap before GC invocations=131 (full 3):
 par new generation   total 109248K, used 109248K [0x00000000e0000000, 0x00000000e8000000, 0x00000000e8000000)
  eden space 87424K, 100% used [0x00000000e0000000, 0x00000000e5560000, 0x00000000e5560000)
  from space 21824K, 100% used [0x00000000e6ab0000, 0x00000000e8000000, 0x00000000e8000000)
  to   space 21824K,   0% used [0x00000000e5560000, 0x00000000e5560000, 0x00000000e6ab0000)
 concurrent mark-sweep generation total 393216K, used 192161K [0x00000000e8000000, 0x0000000100000000, 0x0000000100000000)
 Metaspace       used 31790K, capacity 32176K, committed 32536K, reserved 1077248K
  class space    used 3650K, capacity 3780K, committed 3864K, reserved 1048576K
2015-09-08T13:11:25.288+0200: 2620.360: [GC (Allocation Failure) 2620.360: [ParNew
Desired survivor size 20112992 bytes, new threshold 8 (max 8)
- age   1:    5631752 bytes,    5631752 total
- age   2:     937048 bytes,    6568800 total
- age   3:    1837792 bytes,    8406592 total
- age   4:    1916920 bytes,   10323512 total
- age   5:    1962416 bytes,   12285928 total
- age   6:    2010272 bytes,   14296200 total
- age   7:    2315104 bytes,   16611304 total
- age   8:    2089768 bytes,   18701072 total
: 109248K->21824K(109248K), 0.0082707 secs] 301409K->219537K(502464K), 0.0083177 secs] [Times: user=0.06 sys=0.00, real=0.01 secs] 
Heap after GC invocations=132 (full 3):
 par new generation   total 109248K, used 21824K [0x00000000e0000000, 0x00000000e8000000, 0x00000000e8000000)
  eden space 87424K,   0% used [0x00000000e0000000, 0x00000000e0000000, 0x00000000e5560000)
  from space 21824K, 100% used [0x00000000e5560000, 0x00000000e6ab0000, 0x00000000e6ab0000)
  to   space 21824K,   0% used [0x00000000e6ab0000, 0x00000000e6ab0000, 0x00000000e8000000)
 concurrent mark-sweep generation total 393216K, used 197713K [0x00000000e8000000, 0x0000000100000000, 0x0000000100000000)
 Metaspace       used 31790K, capacity 32176K, committed 32536K, reserved 1077248K
  class space    used 3650K, capacity 3780K, committed 3864K, reserved 1048576K
}
2015-09-08T13:11:25.296+0200: 2620.369: Total time for which application threads were stopped: 0.0084601 seconds, Stopping threads took: 0.0000141 seconds
2015-09-08T13:11:25.296+0200: 2620.369: [GC (CMS Initial Mark) [1 CMS-initial-mark: 197713K(393216K)] 221258K(502464K), 0.0014765 secs] [Times: user=0.00 sys=0.00, real=0.00 secs] 
2015-09-08T13:11:25.297+0200: 2620.370: Total time for which application threads were stopped: 0.0015606 seconds, Stopping threads took: 0.0000195 seconds
2015-09-08T13:11:25.298+0200: 2620.370: [CMS-concurrent-mark-start]
2015-09-08T13:11:25.302+0200: 2620.375: [CMS-concurrent-mark: 0.005/0.005 secs] [Times: user=0.00 sys=0.00, real=0.00 secs] 
2015-09-08T13:11:25.302+0200: 2620.375: [CMS-concurrent-preclean-start]
2015-09-08T13:11:25.303+0200: 2620.376: [CMS-concurrent-preclean: 0.001/0.001 secs] [Times: user=0.00 sys=0.00, real=0.00 secs] 
2015-09-08T13:11:25.303+0200: 2620.376: [GC (CMS Final Remark) [YG occupancy: 23545 K (109248 K)]{Heap before GC invocations=132 (full 4):
 par new generation   total 109248K, used 23545K [0x00000000e0000000, 0x00000000e8000000, 0x00000000e8000000)
  eden space 87424K,   1% used [0x00000000e0000000, 0x00000000e01ae640, 0x00000000e5560000)
  from space 21824K, 100% used [0x00000000e5560000, 0x00000000e6ab0000, 0x00000000e6ab0000)
  to   space 21824K,   0% used [0x00000000e6ab0000, 0x00000000e6ab0000, 0x00000000e8000000)
 concurrent mark-sweep generation total 393216K, used 197713K [0x00000000e8000000, 0x0000000100000000, 0x0000000100000000)
 Metaspace       used 31790K, capacity 32176K, committed 32536K, reserved 1077248K
  class space    used 3650K, capacity 3780K, committed 3864K, reserved 1048576K
2015-09-08T13:11:25.303+0200: 2620.376: [GC (CMS Final Remark) 2620.376: [ParNew
Desired survivor size 20112992 bytes, new threshold 8 (max 8)
- age   1:       7376 bytes,       7376 total
- age   2:    4796000 bytes,    4803376 total
- age   3:     919440 bytes,    5722816 total
- age   4:    1806248 bytes,    7529064 total
- age   5:    1770408 bytes,    9299472 total
- age   6:    1947672 bytes,   11247144 total
- age   7:    1996872 bytes,   13244016 total
- age   8:    2259136 bytes,   15503152 total
: 23545K->21824K(109248K), 0.0080832 secs] 221258K->222687K(502464K), 0.0081158 secs] [Times: user=0.06 sys=0.00, real=0.01 secs] 
Heap after GC invocations=133 (full 4):
 par new generation   total 109248K, used 21824K [0x00000000e0000000, 0x00000000e8000000, 0x00000000e8000000)
  eden space 87424K,   0% used [0x00000000e0000000, 0x00000000e0000000, 0x00000000e5560000)
  from space 21824K, 100% used [0x00000000e6ab0000, 0x00000000e8000000, 0x00000000e8000000)
  to   space 21824K,   0% used [0x00000000e5560000, 0x00000000e5560000, 0x00000000e6ab0000)
 concurrent mark-sweep generation total 393216K, used 200863K [0x00000000e8000000, 0x0000000100000000, 0x0000000100000000)
 Metaspace       used 31790K, capacity 32176K, committed 32536K, reserved 1077248K
  class space    used 3650K, capacity 3780K, committed 3864K, reserved 1048576K
}
2620.384: [Rescan (parallel) , 0.0020691 secs]2620.386: [weak refs processing, 0.0040137 secs]2620.390: [class unloading, 0.0067507 secs]2620.397: [scrub symbol table, 0.0030928 secs]2620.400: [scrub string table, 0.0003939 secs][1 CMS-remark: 200863K(393216K)] 222687K(502464K), 0.0252120 secs] [Times: user=0.08 sys=0.00, real=0.03 secs] 
2015-09-08T13:11:25.328+0200: 2620.401: Total time for which application threads were stopped: 0.0253163 seconds, Stopping threads took: 0.0000259 seconds
2015-09-08T13:11:25.328+0200: 2620.401: [CMS-concurrent-sweep-start]
2015-09-08T13:11:25.329+0200: 2620.401: Total time for which application threads were stopped: 0.0000877 seconds, Stopping threads took: 0.0000282 seconds
2015-09-08T13:11:25.329+0200: 2620.401: Total time for which application threads were stopped: 0.0000621 seconds, Stopping threads took: 0.0000275 seconds
2015-09-08T13:11:25.329+0200: 2620.401: Total time for which application threads were stopped: 0.0000605 seconds, Stopping threads took: 0.0000083 seconds
2015-09-08T13:11:25.329+0200: 2620.402: Total time for which application threads were stopped: 0.0000557 seconds, Stopping threads took: 0.0000262 seconds
2015-09-08T13:11:25.331+0200: 2620.403: Total time for which application threads were stopped: 0.0001056 seconds, Stopping threads took: 0.0000218 seconds
2015-09-08T13:11:25.331+0200: 2620.404: Total time for which application threads were stopped: 0.0000630 seconds, Stopping threads took: 0.0000218 seconds
2015-09-08T13:11:25.332+0200: 2620.405: Total time for which application threads were stopped: 0.0001805 seconds, Stopping threads took: 0.0001248 seconds
2015-09-08T13:11:25.332+0200: 2620.405: Total time for which application threads were stopped: 0.0000445 seconds, Stopping threads took: 0.0000154 seconds
2015-09-08T13:11:25.332+0200: 2620.405: Total time for which application threads were stopped: 0.0000445 seconds, Stopping threads took: 0.0000166 seconds
2015-09-08T13:11:25.332+0200: 2620.405: Total time for which application threads were stopped: 0.0000416 seconds, Stopping threads took: 0.0000141 seconds
2015-09-08T13:11:25.332+0200: 2620.405: Total time for which application threads were stopped: 0.0000307 seconds, Stopping threads took: 0.0000029 seconds
2015-09-08T13:11:25.332+0200: 2620.405: Total time for which application threads were stopped: 0.0000310 seconds, Stopping threads took: 0.0000032 seconds
2015-09-08T13:11:25.333+0200: 2620.405: Total time for which application threads were stopped: 0.0000320 seconds, Stopping threads took: 0.0000032 seconds
2015-09-08T13:11:25.333+0200: 2620.405: Total time for which application threads were stopped: 0.0000630 seconds, Stopping threads took: 0.0000237 seconds
2015-09-08T13:11:25.333+0200: 2620.405: Total time for which application threads were stopped: 0.0000560 seconds, Stopping threads took: 0.0000128 seconds
2015-09-08T13:11:25.333+0200: 2620.406: Total time for which application threads were stopped: 0.0000829 seconds, Stopping threads took: 0.0000493 seconds
2015-09-08T13:11:25.333+0200: 2620.406: Total time for which application threads were stopped: 0.0000419 seconds, Stopping threads took: 0.0000125 seconds
2015-09-08T13:11:25.333+0200: 2620.406: Total time for which application threads were stopped: 0.0000675 seconds, Stopping threads took: 0.0000477 seconds
2015-09-08T13:11:25.333+0200: 2620.406: Total time for which application threads were stopped: 0.0000381 seconds, Stopping threads took: 0.0000093 seconds
2015-09-08T13:11:25.333+0200: 2620.406: Total time for which application threads were stopped: 0.0000403 seconds, Stopping threads took: 0.0000115 seconds
2015-09-08T13:11:25.333+0200: 2620.406: Total time for which application threads were stopped: 0.0000406 seconds, Stopping threads took: 0.0000112 seconds
2015-09-08T13:11:25.333+0200: 2620.406: Total time for which application threads were stopped: 0.0000410 seconds, Stopping threads took: 0.0000122 seconds
2015-09-08T13:11:25.333+0200: 2620.406: Total time for which application threads were stopped: 0.0000406 seconds, Stopping threads took: 0.0000115 seconds
2015-09-08T13:11:25.333+0200: 2620.406: Total time for which application threads were stopped: 0.0000397 seconds, Stopping threads took: 0.0000102 seconds
2015-09-08T13:11:25.333+0200: 2620.406: Total time for which application threads were stopped: 0.0000400 seconds, Stopping threads took: 0.0000109 seconds
2015-09-08T13:11:25.334+0200: 2620.406: Total time for which application threads were stopped: 0.0000426 seconds, Stopping threads took: 0.0000211 seconds
2015-09-08T13:11:25.334+0200: 2620.406: Total time for which application threads were stopped: 0.0000291 seconds, Stopping threads took: 0.0000086 seconds
2015-09-08T13:11:25.334+0200: 2620.406: Total time for which application threads were stopped: 0.0000320 seconds, Stopping threads took: 0.0000118 seconds
2015-09-08T13:11:25.334+0200: 2620.406: Total time for which application threads were stopped: 0.0000301 seconds, Stopping threads took: 0.0000096 seconds
2015-09-08T13:11:25.334+0200: 2620.406: Total time for which application threads were stopped: 0.0000397 seconds, Stopping threads took: 0.0000157 seconds
2015-09-08T13:11:25.334+0200: 2620.406: Total time for which application threads were stopped: 0.0000346 seconds, Stopping threads took: 0.0000125 seconds
2015-09-08T13:11:25.334+0200: 2620.407: Total time for which application threads were stopped: 0.0000339 seconds, Stopping threads took: 0.0000115 seconds
2015-09-08T13:11:25.334+0200: 2620.407: Total time for which application threads were stopped: 0.0000333 seconds, Stopping threads took: 0.0000122 seconds
2015-09-08T13:11:25.334+0200: 2620.407: Total time for which application threads were stopped: 0.0000330 seconds, Stopping threads took: 0.0000122 seconds
2015-09-08T13:11:25.334+0200: 2620.407: Total time for which application threads were stopped: 0.0000976 seconds, Stopping threads took: 0.0000090 seconds
2015-09-08T13:11:25.334+0200: 2620.407: Total time for which application threads were stopped: 0.0000307 seconds, Stopping threads took: 0.0000093 seconds
2015-09-08T13:11:25.334+0200: 2620.407: Total time for which application threads were stopped: 0.0000243 seconds, Stopping threads took: 0.0000048 seconds
2015-09-08T13:11:25.334+0200: 2620.407: Total time for which application threads were stopped: 0.0000301 seconds, Stopping threads took: 0.0000102 seconds
2015-09-08T13:11:25.334+0200: 2620.407: Total time for which application threads were stopped: 0.0000291 seconds, Stopping threads took: 0.0000093 seconds
2015-09-08T13:11:25.334+0200: 2620.407: Total time for which application threads were stopped: 0.0000278 seconds, Stopping threads took: 0.0000080 seconds
2015-09-08T13:11:25.334+0200: 2620.407: Total time for which application threads were stopped: 0.0000362 seconds, Stopping threads took: 0.0000134 seconds
2015-09-08T13:11:25.334+0200: 2620.407: Total time for which application threads were stopped: 0.0000352 seconds, Stopping threads took: 0.0000131 seconds
2015-09-08T13:11:25.334+0200: 2620.407: Total time for which application threads were stopped: 0.0000330 seconds, Stopping threads took: 0.0000109 seconds
2015-09-08T13:11:25.334+0200: 2620.407: Total time for which application threads were stopped: 0.0000262 seconds, Stopping threads took: 0.0000048 seconds
2015-09-08T13:11:25.334+0200: 2620.407: Total time for which application threads were stopped: 0.0000256 seconds, Stopping threads took: 0.0000058 seconds
2015-09-08T13:11:25.335+0200: 2620.407: Total time for which application threads were stopped: 0.0000384 seconds, Stopping threads took: 0.0000173 seconds
2015-09-08T13:11:25.335+0200: 2620.407: Total time for which application threads were stopped: 0.0000253 seconds, Stopping threads took: 0.0000058 seconds
2015-09-08T13:11:25.335+0200: 2620.407: Total time for which application threads were stopped: 0.0000298 seconds, Stopping threads took: 0.0000096 seconds
2015-09-08T13:11:25.335+0200: 2620.407: Total time for which application threads were stopped: 0.0000285 seconds, Stopping threads took: 0.0000086 seconds
2015-09-08T13:11:25.335+0200: 2620.407: Total time for which application threads were stopped: 0.0000243 seconds, Stopping threads took: 0.0000048 seconds
2015-09-08T13:11:25.335+0200: 2620.407: Total time for which application threads were stopped: 0.0000294 seconds, Stopping threads took: 0.0000096 seconds
2015-09-08T13:11:25.335+0200: 2620.408: Total time for which application threads were stopped: 0.0000240 seconds, Stopping threads took: 0.0000045 seconds
2015-09-08T13:11:25.335+0200: 2620.408: Total time for which application threads were stopped: 0.0000310 seconds, Stopping threads took: 0.0000102 seconds
2015-09-08T13:11:25.335+0200: 2620.408: Total time for which application threads were stopped: 0.0000352 seconds, Stopping threads took: 0.0000134 seconds
2015-09-08T13:11:25.335+0200: 2620.408: Total time for which application threads were stopped: 0.0000346 seconds, Stopping threads took: 0.0000115 seconds
2015-09-08T13:11:25.335+0200: 2620.408: Total time for which application threads were stopped: 0.0000349 seconds, Stopping threads took: 0.0000128 seconds
2015-09-08T13:11:25.335+0200: 2620.408: Total time for which application threads were stopped: 0.0000346 seconds, Stopping threads took: 0.0000125 seconds
2015-09-08T13:11:25.335+0200: 2620.408: Total time for which application threads were stopped: 0.0000323 seconds, Stopping threads took: 0.0000122 seconds
2015-09-08T13:11:25.335+0200: 2620.408: Total time for which application threads were stopped: 0.0000282 seconds, Stopping threads took: 0.0000080 seconds
2015-09-08T13:11:25.335+0200: 2620.408: Total time for which application threads were stopped: 0.0000288 seconds, Stopping threads took: 0.0000090 seconds
2015-09-08T13:11:25.335+0200: 2620.408: Total time for which application threads were stopped: 0.0000787 seconds, Stopping threads took: 0.0000074 seconds
2015-09-08T13:11:25.335+0200: 2620.408: Total time for which application threads were stopped: 0.0000307 seconds, Stopping threads took: 0.0000099 seconds
2015-09-08T13:11:25.335+0200: 2620.408: Total time for which application threads were stopped: 0.0000288 seconds, Stopping threads took: 0.0000090 seconds
2015-09-08T13:11:25.335+0200: 2620.408: Total time for which application threads were stopped: 0.0000288 seconds, Stopping threads took: 0.0000090 seconds
2015-09-08T13:11:25.335+0200: 2620.408: Total time for which application threads were stopped: 0.0000288 seconds, Stopping threads took: 0.0000090 seconds
2015-09-08T13:11:25.336+0200: 2620.408: Total time for which application threads were stopped: 0.0000941 seconds, Stopping threads took: 0.0000125 seconds
2015-09-08T13:11:25.336+0200: 2620.408: Total time for which application threads were stopped: 0.0000928 seconds, Stopping threads took: 0.0000118 seconds
2015-09-08T13:11:25.368+0200: 2620.440: [CMS-concurrent-sweep: 0.035/0.039 secs] [Times: user=0.06 sys=0.00, real=0.04 secs] 
2015-09-08T13:11:25.368+0200: 2620.440: [CMS-concurrent-reset-start]
2015-09-08T13:11:25.368+0200: 2620.441: [CMS-concurrent-reset: 0.000/0.000 secs] [Times: user=0.00 sys=0.00, real=0.00 secs] 
{Heap before GC invocations=133 (full 4):
 par new generation   total 109248K, used 109248K [0x00000000e0000000, 0x00000000e8000000, 0x00000000e8000000)
  eden space 87424K, 100% used [0x00000000e0000000, 0x00000000e5560000, 0x00000000e5560000)
  from space 21824K, 100% used [0x00000000e6ab0000, 0x00000000e8000000, 0x00000000e8000000)
  to   space 21824K,   0% used [0x00000000e5560000, 0x00000000e5560000, 0x00000000e6ab0000)
 concurrent mark-sweep generation total 393216K, used 33053K [0x00000000e8000000, 0x0000000100000000, 0x0000000100000000)
 Metaspace       used 31786K, capacity 32170K, committed 32536K, reserved 1077248K
  class space    used 3649K, capacity 3779K, committed 3864K, reserved 1048576K
2015-09-08T13:11:25.632+0200: 2620.705: [GC (Allocation Failure) 2620.705: [ParNew
Desired survivor size 20112992 bytes, new threshold 8 (max 8)
- age   1:    8225656 bytes,    8225656 total
- age   2:       3544 bytes,    8229200 total
- age   3:    2264384 bytes,   10493584 total
- age   4:     915488 bytes,   11409072 total
- age   5:    1802624 bytes,   13211696 total
- age   6:    1767288 bytes,   14978984 total
- age   7:    1944120 bytes,   16923104 total
- age   8:    1993832 bytes,   18916936 total
: 109248K->21824K(109248K), 0.0082502 secs] 142301K->57138K(502464K), 0.0082979 secs] [Times: user=0.06 sys=0.00, real=0.01 secs] 
Heap after GC invocations=134 (full 4):
 par new generation   total 109248K, used 21824K [0x00000000e0000000, 0x00000000e8000000, 0x00000000e8000000)
  eden space 87424K,   0% used [0x00000000e0000000, 0x00000000e0000000, 0x00000000e5560000)
  from space 21824K, 100% used [0x00000000e5560000, 0x00000000e6ab0000, 0x00000000e6ab0000)
  to   space 21824K,   0% used [0x00000000e6ab0000, 0x00000000e6ab0000, 0x00000000e8000000)
 concurrent mark-sweep generation total 393216K, used 35314K [0x00000000e8000000, 0x0000000100000000, 0x0000000100000000)
 Metaspace       used 31786K, capacity 32170K, committed 32536K, reserved 1077248K
  class space    used 3649K, capacity 3779K, committed 3864K, reserved 1048576K
}
2015-09-08T13:11:25.641+0200: 2620.713: Total time for which application threads were stopped: 0.0084508 seconds, Stopping threads took: 0.0000138 seconds
{Heap before GC invocations=134 (full 4):
 par new generation   total 109248K, used 109248K [0x00000000e0000000, 0x00000000e8000000, 0x00000000e8000000)
  eden space 87424K, 100% used [0x00000000e0000000, 0x00000000e5560000, 0x00000000e5560000)
  from space 21824K, 100% used [0x00000000e5560000, 0x00000000e6ab0000, 0x00000000e6ab0000)
  to   space 21824K,   0% used [0x00000000e6ab0000, 0x00000000e6ab0000, 0x00000000e8000000)
 concurrent mark-sweep generation total 393216K, used 35314K [0x00000000e8000000, 0x0000000100000000, 0x0000000100000000)
 Metaspace       used 31786K, capacity 32170K, committed 32536K, reserved 1077248K
  class space    used 3649K, capacity 3779K, committed 3864K, reserved 1048576K
2015-09-08T13:11:25.949+0200: 2621.022: [GC (Allocation Failure) 2621.022: [ParNew
Desired survivor size 20112992 bytes, new threshold 8 (max 8)
- age   1:   10113952 bytes,   10113952 total
- age   2:    2882704 bytes,   12996656 total
- age   3:       3544 bytes,   13000200 total
- age   4:    1936544 bytes,   14936744 total
- age   5:     915488 bytes,   15852232 total
- age   6:    1802624 bytes,   17654856 total
- age   7:    1767288 bytes,   19422144 total
- age   8:    1944120 bytes,   21366264 total
: 109248K->21824K(109248K), 0.0079926 secs] 144562K->60387K(502464K), 0.0080428 secs] [Times: user=0.00 sys=0.00, real=0.01 secs] 
Heap after GC invocations=135 (full 4):
 par new generation   total 109248K, used 21824K [0x00000000e0000000, 0x00000000e8000000, 0x00000000e8000000)
  eden space 87424K,   0% used [0x00000000e0000000, 0x00000000e0000000, 0x00000000e5560000)
  from space 21824K, 100% used [0x00000000e6ab0000, 0x00000000e8000000, 0x00000000e8000000)
  to   space 21824K,   0% used [0x00000000e5560000, 0x00000000e5560000, 0x00000000e6ab0000)
 concurrent mark-sweep generation total 393216K, used 38563K [0x00000000e8000000, 0x0000000100000000, 0x0000000100000000)
 Metaspace       used 31786K, capacity 32170K, committed 32536K, reserved 1077248K
  class space    used 3649K, capacity 3779K, committed 3864K, reserved 1048576K
}
2015-09-08T13:11:25.957+0200: 2621.030: Total time for which application threads were stopped: 0.0081939 seconds, Stopping threads took: 0.0000150 seconds
{Heap before GC invocations=135 (full 4):
 par new generation   total 109248K, used 109248K [0x00000000e0000000, 0x00000000e8000000, 0x00000000e8000000)
  eden space 87424K, 100% used [0x00000000e0000000, 0x00000000e5560000, 0x00000000e5560000)
  from space 21824K, 100% used [0x00000000e6ab0000, 0x00000000e8000000, 0x00000000e8000000)
  to   space 21824K,   0% used [0x00000000e5560000, 0x00000000e5560000, 0x00000000e6ab0000)
 concurrent mark-sweep generation total 393216K, used 38563K [0x00000000e8000000, 0x0000000100000000, 0x0000000100000000)
 Metaspace       used 31786K, capacity 32170K, committed 32536K, reserved 1077248K
  class space    used 3649K, capacity 3779K, committed 3864K, reserved 1048576K
2015-09-08T13:11:26.285+0200: 2621.358: [GC (Allocation Failure) 2621.358: [ParNew
Desired survivor size 20112992 bytes, new threshold 8 (max 8)
- age   1:    3156320 bytes,    3156320 total
- age   2:    6306288 bytes,    9462608 total
- age   3:    1878408 bytes,   11341016 total
- age   4:       3424 bytes,   11344440 total
- age   5:    1918760 bytes,   13263200 total
- age   6:     903488 bytes,   14166688 total
- age   7:    1660688 bytes,   15827376 total
- age   8:    1757280 bytes,   17584656 total
: 109248K->21824K(109248K), 0.0083721 secs] 147811K->67247K(502464K), 0.0084191 secs] [Times: user=0.06 sys=0.00, real=0.01 secs] 
Heap after GC invocations=136 (full 4):
 par new generation   total 109248K, used 21824K [0x00000000e0000000, 0x00000000e8000000, 0x00000000e8000000)
  eden space 87424K,   0% used [0x00000000e0000000, 0x00000000e0000000, 0x00000000e5560000)
  from space 21824K, 100% used [0x00000000e5560000, 0x00000000e6ab0000, 0x00000000e6ab0000)
  to   space 21824K,   0% used [0x00000000e6ab0000, 0x00000000e6ab0000, 0x00000000e8000000)
 concurrent mark-sweep generation total 393216K, used 45423K [0x00000000e8000000, 0x0000000100000000, 0x0000000100000000)
 Metaspace       used 31786K, capacity 32170K, committed 32536K, reserved 1077248K
  class space    used 3649K, capacity 3779K, committed 3864K, reserved 1048576K
}
2015-09-08T13:11:26.294+0200: 2621.366: Total time for which application threads were stopped: 0.0085593 seconds, Stopping threads took: 0.0000125 seconds
{Heap before GC invocations=136 (full 4):
 par new generation   total 109248K, used 109248K [0x00000000e0000000, 0x00000000e8000000, 0x00000000e8000000)
  eden space 87424K, 100% used [0x00000000e0000000, 0x00000000e5560000, 0x00000000e5560000)
  from space 21824K, 100% used [0x00000000e5560000, 0x00000000e6ab0000, 0x00000000e6ab0000)
  to   space 21824K,   0% used [0x00000000e6ab0000, 0x00000000e6ab0000, 0x00000000e8000000)
 concurrent mark-sweep generation total 393216K, used 45423K [0x00000000e8000000, 0x0000000100000000, 0x0000000100000000)
 Metaspace       used 31786K, capacity 32170K, committed 32536K, reserved 1077248K
  class space    used 3649K, capacity 3779K, committed 3864K, reserved 1048576K
2015-09-08T13:11:26.593+0200: 2621.666: [GC (Allocation Failure) 2621.666: [ParNew
Desired survivor size 20112992 bytes, new threshold 8 (max 8)
- age   1:    7839352 bytes,    7839352 total
- age   2:    2926016 bytes,   10765368 total
- age   3:    3728304 bytes,   14493672 total
- age   4:    1860736 bytes,   16354408 total
- age   5:       3376 bytes,   16357784 total
- age   6:    1902840 bytes,   18260624 total
- age   7:     887888 bytes,   19148512 total
- age   8:    1350184 bytes,   20498696 total
: 109248K->21824K(109248K), 0.0078723 secs] 154671K->70523K(502464K), 0.0079174 secs] [Times: user=0.00 sys=0.00, real=0.01 secs] 
Heap after GC invocations=137 (full 4):
 par new generation   total 109248K, used 21824K [0x00000000e0000000, 0x00000000e8000000, 0x00000000e8000000)
  eden space 87424K,   0% used [0x00000000e0000000, 0x00000000e0000000, 0x00000000e5560000)
  from space 21824K, 100% used [0x00000000e6ab0000, 0x00000000e8000000, 0x00000000e8000000)
  to   space 21824K,   0% used [0x00000000e5560000, 0x00000000e5560000, 0x00000000e6ab0000)
 concurrent mark-sweep generation total 393216K, used 48699K [0x00000000e8000000, 0x0000000100000000, 0x0000000100000000)
 Metaspace       used 31786K, capacity 32170K, committed 32536K, reserved 1077248K
  class space    used 3649K, capacity 3779K, committed 3864K, reserved 1048576K
}
2015-09-08T13:11:26.601+0200: 2621.674: Total time for which application threads were stopped: 0.0080710 seconds, Stopping threads took: 0.0000138 seconds
{Heap before GC invocations=137 (full 4):
 par new generation   total 109248K, used 109248K [0x00000000e0000000, 0x00000000e8000000, 0x00000000e8000000)
  eden space 87424K, 100% used [0x00000000e0000000, 0x00000000e5560000, 0x00000000e5560000)
  from space 21824K, 100% used [0x00000000e6ab0000, 0x00000000e8000000, 0x00000000e8000000)
  to   space 21824K,   0% used [0x00000000e5560000, 0x00000000e5560000, 0x00000000e6ab0000)
 concurrent mark-sweep generation total 393216K, used 48699K [0x00000000e8000000, 0x0000000100000000, 0x0000000100000000)
 Metaspace       used 31786K, capacity 32170K, committed 32536K, reserved 1077248K
  class space    used 3649K, capacity 3779K, committed 3864K, reserved 1048576K
2015-09-08T13:11:26.901+0200: 2621.974: [GC (Allocation Failure) 2621.974: [ParNew
Desired survivor size 20112992 bytes, new threshold 7 (max 8)
- age   1:    8261200 bytes,    8261200 total
- age   2:    2402976 bytes,   10664176 total
- age   3:    2295208 bytes,   12959384 total
- age   4:    3724760 bytes,   16684144 total
- age   5:    1842016 bytes,   18526160 total
- age   6:       3376 bytes,   18529536 total
- age   7:    1901800 bytes,   20431336 total
- age   8:     817408 bytes,   21248744 total
: 109248K->21824K(109248K), 0.0085212 secs] 157947K->74220K(502464K), 0.0085695 secs] [Times: user=0.00 sys=0.00, real=0.01 secs] 
Heap after GC invocations=138 (full 4):
 par new generation   total 109248K, used 21824K [0x00000000e0000000, 0x00000000e8000000, 0x00000000e8000000)
  eden space 87424K,   0% used [0x00000000e0000000, 0x00000000e0000000, 0x00000000e5560000)
  from space 21824K, 100% used [0x00000000e5560000, 0x00000000e6ab0000, 0x00000000e6ab0000)
  to   space 21824K,   0% used [0x00000000e6ab0000, 0x00000000e6ab0000, 0x00000000e8000000)
 concurrent mark-sweep generation total 393216K, used 52396K [0x00000000e8000000, 0x0000000100000000, 0x0000000100000000)
 Metaspace       used 31786K, capacity 32170K, committed 32536K, reserved 1077248K
  class space    used 3649K, capacity 3779K, committed 3864K, reserved 1048576K
}
2015-09-08T13:11:26.910+0200: 2621.983: Total time for which application threads were stopped: 0.0087260 seconds, Stopping threads took: 0.0000160 seconds
{Heap before GC invocations=138 (full 4):
 par new generation   total 109248K, used 109248K [0x00000000e0000000, 0x00000000e8000000, 0x00000000e8000000)
  eden space 87424K, 100% used [0x00000000e0000000, 0x00000000e5560000, 0x00000000e5560000)
  from space 21824K, 100% used [0x00000000e5560000, 0x00000000e6ab0000, 0x00000000e6ab0000)
  to   space 21824K,   0% used [0x00000000e6ab0000, 0x00000000e6ab0000, 0x00000000e8000000)
 concurrent mark-sweep generation total 393216K, used 52396K [0x00000000e8000000, 0x0000000100000000, 0x0000000100000000)
 Metaspace       used 31786K, capacity 32170K, committed 32536K, reserved 1077248K
  class space    used 3649K, capacity 3779K, committed 3864K, reserved 1048576K
2015-09-08T13:11:27.243+0200: 2622.316: [GC (Allocation Failure) 2622.316: [ParNew
Desired survivor size 20112992 bytes, new threshold 6 (max 8)
- age   1:    5658280 bytes,    5658280 total
- age   2:    6359672 bytes,   12017952 total
- age   3:    1247528 bytes,   13265480 total
- age   4:    2156808 bytes,   15422288 total
- age   5:    3587400 bytes,   19009688 total
- age   6:    1277840 bytes,   20287528 total
- age   7:       3376 bytes,   20290904 total
: 109248K->21824K(109248K), 0.0085289 secs] 161644K->79788K(502464K), 0.0085769 secs] [Times: user=0.00 sys=0.00, real=0.01 secs] 
Heap after GC invocations=139 (full 4):
 par new generation   total 109248K, used 21824K [0x00000000e0000000, 0x00000000e8000000, 0x00000000e8000000)
  eden space 87424K,   0% used [0x00000000e0000000, 0x00000000e0000000, 0x00000000e5560000)
  from space 21824K, 100% used [0x00000000e6ab0000, 0x00000000e8000000, 0x00000000e8000000)
  to   space 21824K,   0% used [0x00000000e5560000, 0x00000000e5560000, 0x00000000e6ab0000)
 concurrent mark-sweep generation total 393216K, used 57964K [0x00000000e8000000, 0x0000000100000000, 0x0000000100000000)
 Metaspace       used 31786K, capacity 32170K, committed 32536K, reserved 1077248K
  class space    used 3649K, capacity 3779K, committed 3864K, reserved 1048576K
}
2015-09-08T13:11:27.252+0200: 2622.324: Total time for which application threads were stopped: 0.0087219 seconds, Stopping threads took: 0.0000138 seconds
{Heap before GC invocations=139 (full 4):
 par new generation   total 109248K, used 109248K [0x00000000e0000000, 0x00000000e8000000, 0x00000000e8000000)
  eden space 87424K, 100% used [0x00000000e0000000, 0x00000000e5560000, 0x00000000e5560000)
  from space 21824K, 100% used [0x00000000e6ab0000, 0x00000000e8000000, 0x00000000e8000000)
  to   space 21824K,   0% used [0x00000000e5560000, 0x00000000e5560000, 0x00000000e6ab0000)
 concurrent mark-sweep generation total 393216K, used 57964K [0x00000000e8000000, 0x0000000100000000, 0x0000000100000000)
 Metaspace       used 31786K, capacity 32170K, committed 32536K, reserved 1077248K
  class space    used 3649K, capacity 3779K, committed 3864K, reserved 1048576K
2015-09-08T13:11:27.562+0200: 2622.635: [GC (Allocation Failure) 2622.635: [ParNew
Desired survivor size 20112992 bytes, new threshold 8 (max 8)
- age   1:    2792784 bytes,    2792784 total
- age   2:    5457528 bytes,    8250312 total
- age   3:    1314600 bytes,    9564912 total
- age   4:    1247528 bytes,   10812440 total
- age   5:    2156808 bytes,   12969248 total
- age   6:    3587400 bytes,   16556648 total
: 109248K->21824K(109248K), 0.0082012 secs] 167212K->87391K(502464K), 0.0082486 secs] [Times: user=0.02 sys=0.00, real=0.01 secs] 
Heap after GC invocations=140 (full 4):
 par new generation   total 109248K, used 21824K [0x00000000e0000000, 0x00000000e8000000, 0x00000000e8000000)
  eden space 87424K,   0% used [0x00000000e0000000, 0x00000000e0000000, 0x00000000e5560000)
  from space 21824K, 100% used [0x00000000e5560000, 0x00000000e6ab0000, 0x00000000e6ab0000)
  to   space 21824K,   0% used [0x00000000e6ab0000, 0x00000000e6ab0000, 0x00000000e8000000)
 concurrent mark-sweep generation total 393216K, used 65567K [0x00000000e8000000, 0x0000000100000000, 0x0000000100000000)
 Metaspace       used 31786K, capacity 32170K, committed 32536K, reserved 1077248K
  class space    used 3649K, capacity 3779K, committed 3864K, reserved 1048576K
}
2015-09-08T13:11:27.570+0200: 2622.643: Total time for which application threads were stopped: 0.0083903 seconds, Stopping threads took: 0.0000144 seconds
{Heap before GC invocations=140 (full 4):
 par new generation   total 109248K, used 109248K [0x00000000e0000000, 0x00000000e8000000, 0x00000000e8000000)
  eden space 87424K, 100% used [0x00000000e0000000, 0x00000000e5560000, 0x00000000e5560000)
  from space 21824K, 100% used [0x00000000e5560000, 0x00000000e6ab0000, 0x00000000e6ab0000)
  to   space 21824K,   0% used [0x00000000e6ab0000, 0x00000000e6ab0000, 0x00000000e8000000)
 concurrent mark-sweep generation total 393216K, used 65567K [0x00000000e8000000, 0x0000000100000000, 0x0000000100000000)
 Metaspace       used 31786K, capacity 32170K, committed 32536K, reserved 1077248K
  class space    used 3649K, capacity 3779K, committed 3864K, reserved 1048576K
2015-09-08T13:11:27.889+0200: 2622.962: [GC (Allocation Failure) 2622.962: [ParNew
Desired survivor size 20112992 bytes, new threshold 8 (max 8)
- age   1:    4744704 bytes,    4744704 total
- age   2:    2790424 bytes,    7535128 total
- age   3:    3793192 bytes,   11328320 total
- age   4:    1314600 bytes,   12642920 total
- age   5:    1247528 bytes,   13890448 total
- age   6:    2156808 bytes,   16047256 total
- age   7:    3587400 bytes,   19634656 total
: 109248K->21824K(109248K), 0.0074115 secs] 174815K->88063K(502464K), 0.0074598 secs] [Times: user=0.00 sys=0.00, real=0.01 secs] 
Heap after GC invocations=141 (full 4):
 par new generation   total 109248K, used 21824K [0x00000000e0000000, 0x00000000e8000000, 0x00000000e8000000)
  eden space 87424K,   0% used [0x00000000e0000000, 0x00000000e0000000, 0x00000000e5560000)
  from space 21824K, 100% used [0x00000000e6ab0000, 0x00000000e8000000, 0x00000000e8000000)
  to   space 21824K,   0% used [0x00000000e5560000, 0x00000000e5560000, 0x00000000e6ab0000)
 concurrent mark-sweep generation total 393216K, used 66239K [0x00000000e8000000, 0x0000000100000000, 0x0000000100000000)
 Metaspace       used 31786K, capacity 32170K, committed 32536K, reserved 1077248K
  class space    used 3649K, capacity 3779K, committed 3864K, reserved 1048576K
}
2015-09-08T13:11:27.896+0200: 2622.969: Total time for which application threads were stopped: 0.0076028 seconds, Stopping threads took: 0.0000144 seconds
{Heap before GC invocations=141 (full 4):
 par new generation   total 109248K, used 109159K [0x00000000e0000000, 0x00000000e8000000, 0x00000000e8000000)
  eden space 87424K,  99% used [0x00000000e0000000, 0x00000000e5549d18, 0x00000000e5560000)
  from space 21824K, 100% used [0x00000000e6ab0000, 0x00000000e8000000, 0x00000000e8000000)
  to   space 21824K,   0% used [0x00000000e5560000, 0x00000000e5560000, 0x00000000e6ab0000)
 concurrent mark-sweep generation total 393216K, used 66239K [0x00000000e8000000, 0x0000000100000000, 0x0000000100000000)
 Metaspace       used 31786K, capacity 32170K, committed 32536K, reserved 1077248K
  class space    used 3649K, capacity 3779K, committed 3864K, reserved 1048576K
2015-09-08T13:11:28.190+0200: 2623.263: [GC (Allocation Failure) 2623.263: [ParNew
Desired survivor size 20112992 bytes, new threshold 8 (max 8)
- age   1:    4065784 bytes,    4065784 total
- age   2:    3278704 bytes,    7344488 total
- age   3:    1282896 bytes,    8627384 total
- age   4:    3760408 bytes,   12387792 total
- age   5:    1314600 bytes,   13702392 total
- age   6:    1247528 bytes,   14949920 total
- age   7:    2156808 bytes,   17106728 total
- age   8:    3587400 bytes,   20694128 total
: 109159K->21824K(109248K), 0.0083859 secs] 175399K->95716K(502464K), 0.0084332 secs] [Times: user=0.06 sys=0.00, real=0.01 secs] 
Heap after GC invocations=142 (full 4):
 par new generation   total 109248K, used 21824K [0x00000000e0000000, 0x00000000e8000000, 0x00000000e8000000)
  eden space 87424K,   0% used [0x00000000e0000000, 0x00000000e0000000, 0x00000000e5560000)
  from space 21824K, 100% used [0x00000000e5560000, 0x00000000e6ab0000, 0x00000000e6ab0000)
  to   space 21824K,   0% used [0x00000000e6ab0000, 0x00000000e6ab0000, 0x00000000e8000000)
 concurrent mark-sweep generation total 393216K, used 73892K [0x00000000e8000000, 0x0000000100000000, 0x0000000100000000)
 Metaspace       used 31786K, capacity 32170K, committed 32536K, reserved 1077248K
  class space    used 3649K, capacity 3779K, committed 3864K, reserved 1048576K
}
2015-09-08T13:11:28.198+0200: 2623.271: Total time for which application threads were stopped: 0.0086038 seconds, Stopping threads took: 0.0000330 seconds
{Heap before GC invocations=142 (full 4):
 par new generation   total 109248K, used 109248K [0x00000000e0000000, 0x00000000e8000000, 0x00000000e8000000)
  eden space 87424K, 100% used [0x00000000e0000000, 0x00000000e5560000, 0x00000000e5560000)
  from space 21824K, 100% used [0x00000000e5560000, 0x00000000e6ab0000, 0x00000000e6ab0000)
  to   space 21824K,   0% used [0x00000000e6ab0000, 0x00000000e6ab0000, 0x00000000e8000000)
 concurrent mark-sweep generation total 393216K, used 73892K [0x00000000e8000000, 0x0000000100000000, 0x0000000100000000)
 Metaspace       used 31786K, capacity 32170K, committed 32536K, reserved 1077248K
  class space    used 3649K, capacity 3779K, committed 3864K, reserved 1048576K
2015-09-08T13:11:28.527+0200: 2623.600: [GC (Allocation Failure) 2623.600: [ParNew
Desired survivor size 20112992 bytes, new threshold 8 (max 8)
- age   1:    3707800 bytes,    3707800 total
- age   2:    4061328 bytes,    7769128 total
- age   3:    1435568 bytes,    9204696 total
- age   4:    1282896 bytes,   10487592 total
- age   5:    3629272 bytes,   14116864 total
- age   6:    1314600 bytes,   15431464 total
- age   7:    1247528 bytes,   16678992 total
- age   8:    2156496 bytes,   18835488 total
: 109248K->21824K(109248K), 0.0104748 secs] 183140K->100052K(502464K), 0.0105228 secs] [Times: user=0.03 sys=0.00, real=0.01 secs] 
Heap after GC invocations=143 (full 4):
 par new generation   total 109248K, used 21824K [0x00000000e0000000, 0x00000000e8000000, 0x00000000e8000000)
  eden space 87424K,   0% used [0x00000000e0000000, 0x00000000e0000000, 0x00000000e5560000)
  from space 21824K, 100% used [0x00000000e6ab0000, 0x00000000e8000000, 0x00000000e8000000)
  to   space 21824K,   0% used [0x00000000e5560000, 0x00000000e5560000, 0x00000000e6ab0000)
 concurrent mark-sweep generation total 393216K, used 78228K [0x00000000e8000000, 0x0000000100000000, 0x0000000100000000)
 Metaspace       used 31786K, capacity 32170K, committed 32536K, reserved 1077248K
  class space    used 3649K, capacity 3779K, committed 3864K, reserved 1048576K
}
2015-09-08T13:11:28.537+0200: 2623.610: Total time for which application threads were stopped: 0.0106694 seconds, Stopping threads took: 0.0000144 seconds
{Heap before GC invocations=143 (full 4):
 par new generation   total 109248K, used 109248K [0x00000000e0000000, 0x00000000e8000000, 0x00000000e8000000)
  eden space 87424K, 100% used [0x00000000e0000000, 0x00000000e5560000, 0x00000000e5560000)
  from space 21824K, 100% used [0x00000000e6ab0000, 0x00000000e8000000, 0x00000000e8000000)
  to   space 21824K,   0% used [0x00000000e5560000, 0x00000000e5560000, 0x00000000e6ab0000)
 concurrent mark-sweep generation total 393216K, used 78228K [0x00000000e8000000, 0x0000000100000000, 0x0000000100000000)
 Metaspace       used 31786K, capacity 32170K, committed 32536K, reserved 1077248K
  class space    used 3649K, capacity 3779K, committed 3864K, reserved 1048576K
2015-09-08T13:11:28.852+0200: 2623.925: [GC (Allocation Failure) 2623.925: [ParNew
Desired survivor size 20112992 bytes, new threshold 8 (max 8)
- age   1:    5281272 bytes,    5281272 total
- age   2:    2213088 bytes,    7494360 total
- age   3:    2291944 bytes,    9786304 total
- age   4:    1431984 bytes,   11218288 total
- age   5:    1279920 bytes,   12498208 total
- age   6:    3623640 bytes,   16121848 total
- age   7:    1286528 bytes,   17408376 total
- age   8:    1243912 bytes,   18652288 total
: 109248K->21824K(109248K), 0.0091919 secs] 187476K->103324K(502464K), 0.0092383 secs] [Times: user=0.00 sys=0.00, real=0.01 secs] 
Heap after GC invocations=144 (full 4):
 par new generation   total 109248K, used 21824K [0x00000000e0000000, 0x00000000e8000000, 0x00000000e8000000)
  eden space 87424K,   0% used [0x00000000e0000000, 0x00000000e0000000, 0x00000000e5560000)
  from space 21824K, 100% used [0x00000000e5560000, 0x00000000e6ab0000, 0x00000000e6ab0000)
  to   space 21824K,   0% used [0x00000000e6ab0000, 0x00000000e6ab0000, 0x00000000e8000000)
 concurrent mark-sweep generation total 393216K, used 81500K [0x00000000e8000000, 0x0000000100000000, 0x0000000100000000)
 Metaspace       used 31786K, capacity 32170K, committed 32536K, reserved 1077248K
  class space    used 3649K, capacity 3779K, committed 3864K, reserved 1048576K
}
2015-09-08T13:11:28.862+0200: 2623.934: Total time for which application threads were stopped: 0.0093804 seconds, Stopping threads took: 0.0000134 seconds
{Heap before GC invocations=144 (full 4):
 par new generation   total 109248K, used 109248K [0x00000000e0000000, 0x00000000e8000000, 0x00000000e8000000)
  eden space 87424K, 100% used [0x00000000e0000000, 0x00000000e5560000, 0x00000000e5560000)
  from space 21824K, 100% used [0x00000000e5560000, 0x00000000e6ab0000, 0x00000000e6ab0000)
  to   space 21824K,   0% used [0x00000000e6ab0000, 0x00000000e6ab0000, 0x00000000e8000000)
 concurrent mark-sweep generation total 393216K, used 81500K [0x00000000e8000000, 0x0000000100000000, 0x0000000100000000)
 Metaspace       used 31786K, capacity 32170K, committed 32536K, reserved 1077248K
  class space    used 3649K, capacity 3779K, committed 3864K, reserved 1048576K
2015-09-08T13:11:29.163+0200: 2624.236: [GC (Allocation Failure) 2624.236: [ParNew
Desired survivor size 20112992 bytes, new threshold 8 (max 8)
- age   1:    4244496 bytes,    4244496 total
- age   2:    4364864 bytes,    8609360 total
- age   3:    1469480 bytes,   10078840 total
- age   4:    1216128 bytes,   11294968 total
- age   5:    1248904 bytes,   12543872 total
- age   6:    1196800 bytes,   13740672 total
- age   7:    3386440 bytes,   17127112 total
- age   8:    1219512 bytes,   18346624 total
: 109248K->21824K(109248K), 0.0105091 secs] 190748K->114077K(502464K), 0.0105580 secs] [Times: user=0.00 sys=0.00, real=0.01 secs] 
Heap after GC invocations=145 (full 4):
 par new generation   total 109248K, used 21824K [0x00000000e0000000, 0x00000000e8000000, 0x00000000e8000000)
  eden space 87424K,   0% used [0x00000000e0000000, 0x00000000e0000000, 0x00000000e5560000)
  from space 21824K, 100% used [0x00000000e6ab0000, 0x00000000e8000000, 0x00000000e8000000)
  to   space 21824K,   0% used [0x00000000e5560000, 0x00000000e5560000, 0x00000000e6ab0000)
 concurrent mark-sweep generation total 393216K, used 92253K [0x00000000e8000000, 0x0000000100000000, 0x0000000100000000)
 Metaspace       used 31786K, capacity 32170K, committed 32536K, reserved 1077248K
  class space    used 3649K, capacity 3779K, committed 3864K, reserved 1048576K
}
2015-09-08T13:11:29.174+0200: 2624.247: Total time for which application threads were stopped: 0.0107030 seconds, Stopping threads took: 0.0000138 seconds
{Heap before GC invocations=145 (full 4):
 par new generation   total 109248K, used 109248K [0x00000000e0000000, 0x00000000e8000000, 0x00000000e8000000)
  eden space 87424K, 100% used [0x00000000e0000000, 0x00000000e5560000, 0x00000000e5560000)
  from space 21824K, 100% used [0x00000000e6ab0000, 0x00000000e8000000, 0x00000000e8000000)
  to   space 21824K,   0% used [0x00000000e5560000, 0x00000000e5560000, 0x00000000e6ab0000)
 concurrent mark-sweep generation total 393216K, used 92253K [0x00000000e8000000, 0x0000000100000000, 0x0000000100000000)
 Metaspace       used 31786K, capacity 32170K, committed 32536K, reserved 1077248K
  class space    used 3649K, capacity 3779K, committed 3864K, reserved 1048576K
2015-09-08T13:11:29.504+0200: 2624.577: [GC (Allocation Failure) 2624.577: [ParNew
Desired survivor size 20112992 bytes, new threshold 8 (max 8)
- age   1:    2770952 bytes,    2770952 total
- age   2:    4217768 bytes,    6988720 total
- age   3:    3502936 bytes,   10491656 total
- age   4:    1445720 bytes,   11937376 total
- age   5:    1193480 bytes,   13130856 total
- age   6:    1225008 bytes,   14355864 total
- age   7:    1173512 bytes,   15529376 total
- age   8:    3168336 bytes,   18697712 total
: 109248K->21824K(109248K), 0.0095910 secs] 201501K->116525K(502464K), 0.0096367 secs] [Times: user=0.00 sys=0.00, real=0.01 secs] 
Heap after GC invocations=146 (full 4):
 par new generation   total 109248K, used 21824K [0x00000000e0000000, 0x00000000e8000000, 0x00000000e8000000)
  eden space 87424K,   0% used [0x00000000e0000000, 0x00000000e0000000, 0x00000000e5560000)
  from space 21824K, 100% used [0x00000000e5560000, 0x00000000e6ab0000, 0x00000000e6ab0000)
  to   space 21824K,   0% used [0x00000000e6ab0000, 0x00000000e6ab0000, 0x00000000e8000000)
 concurrent mark-sweep generation total 393216K, used 94701K [0x00000000e8000000, 0x0000000100000000, 0x0000000100000000)
 Metaspace       used 31786K, capacity 32170K, committed 32536K, reserved 1077248K
  class space    used 3649K, capacity 3779K, committed 3864K, reserved 1048576K
}
2015-09-08T13:11:29.513+0200: 2624.586: Total time for which application threads were stopped: 0.0097804 seconds, Stopping threads took: 0.0000147 seconds
2015-09-08T13:11:29.681+0200: 2624.754: Total time for which application threads were stopped: 0.0002963 seconds, Stopping threads took: 0.0000906 seconds
{Heap before GC invocations=146 (full 4):
 par new generation   total 109248K, used 109248K [0x00000000e0000000, 0x00000000e8000000, 0x00000000e8000000)
  eden space 87424K, 100% used [0x00000000e0000000, 0x00000000e5560000, 0x00000000e5560000)
  from space 21824K, 100% used [0x00000000e5560000, 0x00000000e6ab0000, 0x00000000e6ab0000)
  to   space 21824K,   0% used [0x00000000e6ab0000, 0x00000000e6ab0000, 0x00000000e8000000)
 concurrent mark-sweep generation total 393216K, used 94701K [0x00000000e8000000, 0x0000000100000000, 0x0000000100000000)
 Metaspace       used 31786K, capacity 32170K, committed 32536K, reserved 1077248K
  class space    used 3649K, capacity 3779K, committed 3864K, reserved 1048576K
2015-09-08T13:11:29.855+0200: 2624.928: [GC (Allocation Failure) 2624.928: [ParNew
Desired survivor size 20112992 bytes, new threshold 8 (max 8)
- age   1:    6189712 bytes,    6189712 total
- age   2:    2755760 bytes,    8945472 total
- age   3:    4109712 bytes,   13055184 total
- age   4:    1376216 bytes,   14431400 total
- age   5:    1436480 bytes,   15867880 total
- age   6:    1184760 bytes,   17052640 total
- age   7:    1214912 bytes,   18267552 total
- age   8:    1164592 bytes,   19432144 total
: 109248K->21824K(109248K), 0.0094371 secs] 203949K->124957K(502464K), 0.0094831 secs] [Times: user=0.06 sys=0.00, real=0.01 secs] 
Heap after GC invocations=147 (full 4):
 par new generation   total 109248K, used 21824K [0x00000000e0000000, 0x00000000e8000000, 0x00000000e8000000)
  eden space 87424K,   0% used [0x00000000e0000000, 0x00000000e0000000, 0x00000000e5560000)
  from space 21824K, 100% used [0x00000000e6ab0000, 0x00000000e8000000, 0x00000000e8000000)
  to   space 21824K,   0% used [0x00000000e5560000, 0x00000000e5560000, 0x00000000e6ab0000)
 concurrent mark-sweep generation total 393216K, used 103133K [0x00000000e8000000, 0x0000000100000000, 0x0000000100000000)
 Metaspace       used 31786K, capacity 32170K, committed 32536K, reserved 1077248K
  class space    used 3649K, capacity 3779K, committed 3864K, reserved 1048576K
}
2015-09-08T13:11:29.864+0200: 2624.937: Total time for which application threads were stopped: 0.0096339 seconds, Stopping threads took: 0.0000131 seconds
{Heap before GC invocations=147 (full 4):
 par new generation   total 109248K, used 109248K [0x00000000e0000000, 0x00000000e8000000, 0x00000000e8000000)
  eden space 87424K, 100% used [0x00000000e0000000, 0x00000000e5560000, 0x00000000e5560000)
  from space 21824K, 100% used [0x00000000e6ab0000, 0x00000000e8000000, 0x00000000e8000000)
  to   space 21824K,   0% used [0x00000000e5560000, 0x00000000e5560000, 0x00000000e6ab0000)
 concurrent mark-sweep generation total 393216K, used 103133K [0x00000000e8000000, 0x0000000100000000, 0x0000000100000000)
 Metaspace       used 31786K, capacity 32170K, committed 32536K, reserved 1077248K
  class space    used 3649K, capacity 3779K, committed 3864K, reserved 1048576K
2015-09-08T13:11:30.164+0200: 2625.237: [GC (Allocation Failure) 2625.237: [ParNew
Desired survivor size 20112992 bytes, new threshold 8 (max 8)
- age   1:    3778144 bytes,    3778144 total
- age   2:    5815360 bytes,    9593504 total
- age   3:    2621648 bytes,   12215152 total
- age   4:    2720856 bytes,   14936008 total
- age   5:    1243736 bytes,   16179744 total
- age   6:    1434304 bytes,   17614048 total
- age   7:    1183000 bytes,   18797048 total
- age   8:    1213488 bytes,   20010536 total
: 109248K->21824K(109248K), 0.0105903 secs] 212381K->134102K(502464K), 0.0106371 secs] [Times: user=0.00 sys=0.00, real=0.01 secs] 
Heap after GC invocations=148 (full 4):
 par new generation   total 109248K, used 21824K [0x00000000e0000000, 0x00000000e8000000, 0x00000000e8000000)
  eden space 87424K,   0% used [0x00000000e0000000, 0x00000000e0000000, 0x00000000e5560000)
  from space 21824K, 100% used [0x00000000e5560000, 0x00000000e6ab0000, 0x00000000e6ab0000)
  to   space 21824K,   0% used [0x00000000e6ab0000, 0x00000000e6ab0000, 0x00000000e8000000)
 concurrent mark-sweep generation total 393216K, used 112278K [0x00000000e8000000, 0x0000000100000000, 0x0000000100000000)
 Metaspace       used 31786K, capacity 32170K, committed 32536K, reserved 1077248K
  class space    used 3649K, capacity 3779K, committed 3864K, reserved 1048576K
}
2015-09-08T13:11:30.175+0200: 2625.248: Total time for which application threads were stopped: 0.0107843 seconds, Stopping threads took: 0.0000134 seconds
{Heap before GC invocations=148 (full 4):
 par new generation   total 109248K, used 109248K [0x00000000e0000000, 0x00000000e8000000, 0x00000000e8000000)
  eden space 87424K, 100% used [0x00000000e0000000, 0x00000000e5560000, 0x00000000e5560000)
  from space 21824K, 100% used [0x00000000e5560000, 0x00000000e6ab0000, 0x00000000e6ab0000)
  to   space 21824K,   0% used [0x00000000e6ab0000, 0x00000000e6ab0000, 0x00000000e8000000)
 concurrent mark-sweep generation total 393216K, used 112278K [0x00000000e8000000, 0x0000000100000000, 0x0000000100000000)
 Metaspace       used 31786K, capacity 32170K, committed 32536K, reserved 1077248K
  class space    used 3649K, capacity 3779K, committed 3864K, reserved 1048576K
2015-09-08T13:11:30.493+0200: 2625.566: [GC (Allocation Failure) 2625.566: [ParNew
Desired survivor size 20112992 bytes, new threshold 8 (max 8)
- age   1:    6175728 bytes,    6175728 total
- age   2:    3040520 bytes,    9216248 total
- age   3:    2927936 bytes,   12144184 total
- age   4:    1466176 bytes,   13610360 total
- age   5:    2684728 bytes,   16295088 total
- age   6:    1240040 bytes,   17535128 total
- age   7:    1429488 bytes,   18964616 total
- age   8:    1179912 bytes,   20144528 total
: 109248K->21824K(109248K), 0.0096924 secs] 221526K->138087K(502464K), 0.0097510 secs] [Times: user=0.05 sys=0.00, real=0.01 secs] 
Heap after GC invocations=149 (full 4):
 par new generation   total 109248K, used 21824K [0x00000000e0000000, 0x00000000e8000000, 0x00000000e8000000)
  eden space 87424K,   0% used [0x00000000e0000000, 0x00000000e0000000, 0x00000000e5560000)
  from space 21824K, 100% used [0x00000000e6ab0000, 0x00000000e8000000, 0x00000000e8000000)
  to   space 21824K,   0% used [0x00000000e5560000, 0x00000000e5560000, 0x00000000e6ab0000)
 concurrent mark-sweep generation total 393216K, used 116263K [0x00000000e8000000, 0x0000000100000000, 0x0000000100000000)
 Metaspace       used 31786K, capacity 32170K, committed 32536K, reserved 1077248K
  class space    used 3649K, capacity 3779K, committed 3864K, reserved 1048576K
}
2015-09-08T13:11:30.503+0200: 2625.576: Total time for which application threads were stopped: 0.0099145 seconds, Stopping threads took: 0.0000237 seconds
{Heap before GC invocations=149 (full 4):
 par new generation   total 109248K, used 109248K [0x00000000e0000000, 0x00000000e8000000, 0x00000000e8000000)
  eden space 87424K, 100% used [0x00000000e0000000, 0x00000000e5560000, 0x00000000e5560000)
  from space 21824K, 100% used [0x00000000e6ab0000, 0x00000000e8000000, 0x00000000e8000000)
  to   space 21824K,   0% used [0x00000000e5560000, 0x00000000e5560000, 0x00000000e6ab0000)
 concurrent mark-sweep generation total 393216K, used 116263K [0x00000000e8000000, 0x0000000100000000, 0x0000000100000000)
 Metaspace       used 31786K, capacity 32170K, committed 32536K, reserved 1077248K
  class space    used 3649K, capacity 3779K, committed 3864K, reserved 1048576K
2015-09-08T13:11:30.824+0200: 2625.897: [GC (Allocation Failure) 2625.897: [ParNew
Desired survivor size 20112992 bytes, new threshold 8 (max 8)
- age   1:    2432120 bytes,    2432120 total
- age   2:    4879848 bytes,    7311968 total
- age   3:    2840336 bytes,   10152304 total
- age   4:    2076000 bytes,   12228304 total
- age   5:    1462240 bytes,   13690544 total
- age   6:    2680656 bytes,   16371200 total
- age   7:    1233784 bytes,   17604984 total
- age   8:    1425568 bytes,   19030552 total
: 109248K->21824K(109248K), 0.0091996 secs] 225511K->141918K(502464K), 0.0092556 secs] [Times: user=0.06 sys=0.00, real=0.01 secs] 
Heap after GC invocations=150 (full 4):
 par new generation   total 109248K, used 21824K [0x00000000e0000000, 0x00000000e8000000, 0x00000000e8000000)
  eden space 87424K,   0% used [0x00000000e0000000, 0x00000000e0000000, 0x00000000e5560000)
  from space 21824K, 100% used [0x00000000e5560000, 0x00000000e6ab0000, 0x00000000e6ab0000)
  to   space 21824K,   0% used [0x00000000e6ab0000, 0x00000000e6ab0000, 0x00000000e8000000)
 concurrent mark-sweep generation total 393216K, used 120094K [0x00000000e8000000, 0x0000000100000000, 0x0000000100000000)
 Metaspace       used 31786K, capacity 32170K, committed 32536K, reserved 1077248K
  class space    used 3649K, capacity 3779K, committed 3864K, reserved 1048576K
}
2015-09-08T13:11:30.833+0200: 2625.906: Total time for which application threads were stopped: 0.0093987 seconds, Stopping threads took: 0.0000141 seconds
{Heap before GC invocations=150 (full 4):
 par new generation   total 109248K, used 109248K [0x00000000e0000000, 0x00000000e8000000, 0x00000000e8000000)
  eden space 87424K, 100% used [0x00000000e0000000, 0x00000000e5560000, 0x00000000e5560000)
  from space 21824K, 100% used [0x00000000e5560000, 0x00000000e6ab0000, 0x00000000e6ab0000)
  to   space 21824K,   0% used [0x00000000e6ab0000, 0x00000000e6ab0000, 0x00000000e8000000)
 concurrent mark-sweep generation total 393216K, used 120094K [0x00000000e8000000, 0x0000000100000000, 0x0000000100000000)
 Metaspace       used 31786K, capacity 32170K, committed 32536K, reserved 1077248K
  class space    used 3649K, capacity 3779K, committed 3864K, reserved 1048576K
2015-09-08T13:11:31.129+0200: 2626.202: [GC (Allocation Failure) 2626.202: [ParNew
Desired survivor size 20112992 bytes, new threshold 8 (max 8)
- age   1:    2992288 bytes,    2992288 total
- age   2:    2356696 bytes,    5348984 total
- age   3:    4876440 bytes,   10225424 total
- age   4:    1249072 bytes,   11474496 total
- age   5:    1911040 bytes,   13385536 total
- age   6:    1461344 bytes,   14846880 total
- age   7:    2679936 bytes,   17526816 total
- age   8:    1233096 bytes,   18759912 total
: 109248K->21824K(109248K), 0.0115682 secs] 229342K->152788K(502464K), 0.0116146 secs] [Times: user=0.00 sys=0.00, real=0.01 secs] 
Heap after GC invocations=151 (full 4):
 par new generation   total 109248K, used 21824K [0x00000000e0000000, 0x00000000e8000000, 0x00000000e8000000)
  eden space 87424K,   0% used [0x00000000e0000000, 0x00000000e0000000, 0x00000000e5560000)
  from space 21824K, 100% used [0x00000000e6ab0000, 0x00000000e8000000, 0x00000000e8000000)
  to   space 21824K,   0% used [0x00000000e5560000, 0x00000000e5560000, 0x00000000e6ab0000)
 concurrent mark-sweep generation total 393216K, used 130964K [0x00000000e8000000, 0x0000000100000000, 0x0000000100000000)
 Metaspace       used 31786K, capacity 32170K, committed 32536K, reserved 1077248K
  class space    used 3649K, capacity 3779K, committed 3864K, reserved 1048576K
}
2015-09-08T13:11:31.141+0200: 2626.214: Total time for which application threads were stopped: 0.0117567 seconds, Stopping threads took: 0.0000134 seconds
2015-09-08T13:11:31.422+0200: 2626.495: Total time for which application threads were stopped: 0.0000698 seconds, Stopping threads took: 0.0000160 seconds
2015-09-08T13:11:31.422+0200: 2626.495: Total time for which application threads were stopped: 0.0000445 seconds, Stopping threads took: 0.0000096 seconds
2015-09-08T13:11:31.422+0200: 2626.495: Total time for which application threads were stopped: 0.0000819 seconds, Stopping threads took: 0.0000195 seconds
2015-09-08T13:11:31.422+0200: 2626.495: Total time for which application threads were stopped: 0.0000554 seconds, Stopping threads took: 0.0000118 seconds
2015-09-08T13:11:31.423+0200: 2626.496: Total time for which application threads were stopped: 0.0000506 seconds, Stopping threads took: 0.0000061 seconds
2015-09-08T13:11:31.423+0200: 2626.496: Total time for which application threads were stopped: 0.0000634 seconds, Stopping threads took: 0.0000160 seconds
{Heap before GC invocations=151 (full 4):
 par new generation   total 109248K, used 109248K [0x00000000e0000000, 0x00000000e8000000, 0x00000000e8000000)
  eden space 87424K, 100% used [0x00000000e0000000, 0x00000000e5560000, 0x00000000e5560000)
  from space 21824K, 100% used [0x00000000e6ab0000, 0x00000000e8000000, 0x00000000e8000000)
  to   space 21824K,   0% used [0x00000000e5560000, 0x00000000e5560000, 0x00000000e6ab0000)
 concurrent mark-sweep generation total 393216K, used 130964K [0x00000000e8000000, 0x0000000100000000, 0x0000000100000000)
 Metaspace       used 31789K, capacity 32170K, committed 32536K, reserved 1077248K
  class space    used 3649K, capacity 3779K, committed 3864K, reserved 1048576K
2015-09-08T13:11:31.476+0200: 2626.549: [GC (Allocation Failure) 2626.549: [ParNew
Desired survivor size 20112992 bytes, new threshold 8 (max 8)
- age   1:    7676392 bytes,    7676392 total
- age   2:    1602360 bytes,    9278752 total
- age   3:    1853808 bytes,   11132560 total
- age   4:    1427840 bytes,   12560400 total
- age   5:    1244192 bytes,   13804592 total
- age   6:    1907016 bytes,   15711608 total
- age   7:    1457328 bytes,   17168936 total
- age   8:    2677696 bytes,   19846632 total
: 109248K->21824K(109248K), 0.0162828 secs] 240212K->158238K(502464K), 0.0163337 secs] [Times: user=0.06 sys=0.00, real=0.02 secs] 
Heap after GC invocations=152 (full 4):
 par new generation   total 109248K, used 21824K [0x00000000e0000000, 0x00000000e8000000, 0x00000000e8000000)
  eden space 87424K,   0% used [0x00000000e0000000, 0x00000000e0000000, 0x00000000e5560000)
  from space 21824K, 100% used [0x00000000e5560000, 0x00000000e6ab0000, 0x00000000e6ab0000)
  to   space 21824K,   0% used [0x00000000e6ab0000, 0x00000000e6ab0000, 0x00000000e8000000)
 concurrent mark-sweep generation total 393216K, used 136414K [0x00000000e8000000, 0x0000000100000000, 0x0000000100000000)
 Metaspace       used 31789K, capacity 32170K, committed 32536K, reserved 1077248K
  class space    used 3649K, capacity 3779K, committed 3864K, reserved 1048576K
}
2015-09-08T13:11:31.493+0200: 2626.566: Total time for which application threads were stopped: 0.0164940 seconds, Stopping threads took: 0.0000170 seconds
{Heap before GC invocations=152 (full 4):
 par new generation   total 109248K, used 109248K [0x00000000e0000000, 0x00000000e8000000, 0x00000000e8000000)
  eden space 87424K, 100% used [0x00000000e0000000, 0x00000000e5560000, 0x00000000e5560000)
  from space 21824K, 100% used [0x00000000e5560000, 0x00000000e6ab0000, 0x00000000e6ab0000)
  to   space 21824K,   0% used [0x00000000e6ab0000, 0x00000000e6ab0000, 0x00000000e8000000)
 concurrent mark-sweep generation total 393216K, used 136414K [0x00000000e8000000, 0x0000000100000000, 0x0000000100000000)
 Metaspace       used 31789K, capacity 32170K, committed 32536K, reserved 1077248K
  class space    used 3649K, capacity 3779K, committed 3864K, reserved 1048576K
2015-09-08T13:11:31.820+0200: 2626.894: [GC (Allocation Failure) 2626.894: [ParNew
Desired survivor size 20112992 bytes, new threshold 8 (max 8)
- age   1:    2316960 bytes,    2316960 total
- age   2:    7665528 bytes,    9982488 total
- age   3:    1596760 bytes,   11579248 total
- age   4:    1797584 bytes,   13376832 total
- age   5:    1425968 bytes,   14802800 total
- age   6:    1242224 bytes,   16045024 total
- age   7:    1905480 bytes,   17950504 total
- age   8:    1456032 bytes,   19406536 total
: 109248K->21824K(109248K), 0.0100943 secs] 245662K->161434K(502464K), 0.0101391 secs] [Times: user=0.06 sys=0.00, real=0.01 secs] 
Heap after GC invocations=153 (full 4):
 par new generation   total 109248K, used 21824K [0x00000000e0000000, 0x00000000e8000000, 0x00000000e8000000)
  eden space 87424K,   0% used [0x00000000e0000000, 0x00000000e0000000, 0x00000000e5560000)
  from space 21824K, 100% used [0x00000000e6ab0000, 0x00000000e8000000, 0x00000000e8000000)
  to   space 21824K,   0% used [0x00000000e5560000, 0x00000000e5560000, 0x00000000e6ab0000)
 concurrent mark-sweep generation total 393216K, used 139610K [0x00000000e8000000, 0x0000000100000000, 0x0000000100000000)
 Metaspace       used 31789K, capacity 32170K, committed 32536K, reserved 1077248K
  class space    used 3649K, capacity 3779K, committed 3864K, reserved 1048576K
}
2015-09-08T13:11:31.831+0200: 2626.904: Total time for which application threads were stopped: 0.0102793 seconds, Stopping threads took: 0.0000134 seconds
{Heap before GC invocations=153 (full 4):
 par new generation   total 109248K, used 109248K [0x00000000e0000000, 0x00000000e8000000, 0x00000000e8000000)
  eden space 87424K, 100% used [0x00000000e0000000, 0x00000000e5560000, 0x00000000e5560000)
  from space 21824K, 100% used [0x00000000e6ab0000, 0x00000000e8000000, 0x00000000e8000000)
  to   space 21824K,   0% used [0x00000000e5560000, 0x00000000e5560000, 0x00000000e6ab0000)
 concurrent mark-sweep generation total 393216K, used 139610K [0x00000000e8000000, 0x0000000100000000, 0x0000000100000000)
 Metaspace       used 31789K, capacity 32170K, committed 32536K, reserved 1077248K
  class space    used 3649K, capacity 3779K, committed 3864K, reserved 1048576K
2015-09-08T13:11:32.154+0200: 2627.227: [GC (Allocation Failure) 2627.227: [ParNew
Desired survivor size 20112992 bytes, new threshold 8 (max 8)
- age   1:    2637576 bytes,    2637576 total
- age   2:    2383976 bytes,    5021552 total
- age   3:    7988968 bytes,   13010520 total
- age   4:    1927480 bytes,   14938000 total
- age   5:    2150144 bytes,   17088144 total
- age   6:    1425968 bytes,   18514112 total
- age   7:    1242224 bytes,   19756336 total
- age   8:    1905480 bytes,   21661816 total
: 109248K->21824K(109248K), 0.0102604 secs] 248858K->162890K(502464K), 0.0103110 secs] [Times: user=0.06 sys=0.00, real=0.01 secs] 
Heap after GC invocations=154 (full 4):
 par new generation   total 109248K, used 21824K [0x00000000e0000000, 0x00000000e8000000, 0x00000000e8000000)
  eden space 87424K,   0% used [0x00000000e0000000, 0x00000000e0000000, 0x00000000e5560000)
  from space 21824K, 100% used [0x00000000e5560000, 0x00000000e6ab0000, 0x00000000e6ab0000)
  to   space 21824K,   0% used [0x00000000e6ab0000, 0x00000000e6ab0000, 0x00000000e8000000)
 concurrent mark-sweep generation total 393216K, used 141066K [0x00000000e8000000, 0x0000000100000000, 0x0000000100000000)
 Metaspace       used 31789K, capacity 32170K, committed 32536K, reserved 1077248K
  class space    used 3649K, capacity 3779K, committed 3864K, reserved 1048576K
}
2015-09-08T13:11:32.164+0200: 2627.237: Total time for which application threads were stopped: 0.0105052 seconds, Stopping threads took: 0.0000138 seconds
{Heap before GC invocations=154 (full 4):
 par new generation   total 109248K, used 109248K [0x00000000e0000000, 0x00000000e8000000, 0x00000000e8000000)
  eden space 87424K, 100% used [0x00000000e0000000, 0x00000000e5560000, 0x00000000e5560000)
  from space 21824K, 100% used [0x00000000e5560000, 0x00000000e6ab0000, 0x00000000e6ab0000)
  to   space 21824K,   0% used [0x00000000e6ab0000, 0x00000000e6ab0000, 0x00000000e8000000)
 concurrent mark-sweep generation total 393216K, used 141066K [0x00000000e8000000, 0x0000000100000000, 0x0000000100000000)
 Metaspace       used 31789K, capacity 32170K, committed 32536K, reserved 1077248K
  class space    used 3649K, capacity 3779K, committed 3864K, reserved 1048576K
2015-09-08T13:11:32.439+0200: 2627.512: [GC (Allocation Failure) 2627.512: [ParNew
Desired survivor size 20112992 bytes, new threshold 8 (max 8)
- age   1:    8090080 bytes,    8090080 total
- age   2:    1544040 bytes,    9634120 total
- age   3:    1840424 bytes,   11474544 total
- age   4:    4264688 bytes,   15739232 total
- age   5:    1205672 bytes,   16944904 total
- age   6:    1273424 bytes,   18218328 total
- age   7:    1568520 bytes,   19786848 total
- age   8:    1309968 bytes,   21096816 total
: 109248K->21824K(109248K), 0.0108527 secs] 250314K->179517K(502464K), 0.0109148 secs] [Times: user=0.00 sys=0.00, real=0.01 secs] 
Heap after GC invocations=155 (full 4):
 par new generation   total 109248K, used 21824K [0x00000000e0000000, 0x00000000e8000000, 0x00000000e8000000)
  eden space 87424K,   0% used [0x00000000e0000000, 0x00000000e0000000, 0x00000000e5560000)
  from space 21824K, 100% used [0x00000000e6ab0000, 0x00000000e8000000, 0x00000000e8000000)
  to   space 21824K,   0% used [0x00000000e5560000, 0x00000000e5560000, 0x00000000e6ab0000)
 concurrent mark-sweep generation total 393216K, used 157693K [0x00000000e8000000, 0x0000000100000000, 0x0000000100000000)
 Metaspace       used 31789K, capacity 32170K, committed 32536K, reserved 1077248K
  class space    used 3649K, capacity 3779K, committed 3864K, reserved 1048576K
}
2015-09-08T13:11:32.450+0200: 2627.523: Total time for which application threads were stopped: 0.0111145 seconds, Stopping threads took: 0.0000147 seconds
{Heap before GC invocations=155 (full 4):
 par new generation   total 109248K, used 109248K [0x00000000e0000000, 0x00000000e8000000, 0x00000000e8000000)
  eden space 87424K, 100% used [0x00000000e0000000, 0x00000000e5560000, 0x00000000e5560000)
  from space 21824K, 100% used [0x00000000e6ab0000, 0x00000000e8000000, 0x00000000e8000000)
  to   space 21824K,   0% used [0x00000000e5560000, 0x00000000e5560000, 0x00000000e6ab0000)
 concurrent mark-sweep generation total 393216K, used 157693K [0x00000000e8000000, 0x0000000100000000, 0x0000000100000000)
 Metaspace       used 31789K, capacity 32170K, committed 32536K, reserved 1077248K
  class space    used 3649K, capacity 3779K, committed 3864K, reserved 1048576K
2015-09-08T13:11:32.778+0200: 2627.851: [GC (Allocation Failure) 2627.851: [ParNew
Desired survivor size 20112992 bytes, new threshold 8 (max 8)
- age   1:    2556776 bytes,    2556776 total
- age   2:    8035232 bytes,   10592008 total
- age   3:    1393680 bytes,   11985688 total
- age   4:    1609368 bytes,   13595056 total
- age   5:    4123744 bytes,   17718800 total
- age   6:    1007000 bytes,   18725800 total
- age   7:    1056032 bytes,   19781832 total
- age   8:    1268968 bytes,   21050800 total
: 109248K->21824K(109248K), 0.0097161 secs] 266941K->181279K(502464K), 0.0097625 secs] [Times: user=0.06 sys=0.00, real=0.01 secs] 
Heap after GC invocations=156 (full 4):
 par new generation   total 109248K, used 21824K [0x00000000e0000000, 0x00000000e8000000, 0x00000000e8000000)
  eden space 87424K,   0% used [0x00000000e0000000, 0x00000000e0000000, 0x00000000e5560000)
  from space 21824K, 100% used [0x00000000e5560000, 0x00000000e6ab0000, 0x00000000e6ab0000)
  to   space 21824K,   0% used [0x00000000e6ab0000, 0x00000000e6ab0000, 0x00000000e8000000)
 concurrent mark-sweep generation total 393216K, used 159455K [0x00000000e8000000, 0x0000000100000000, 0x0000000100000000)
 Metaspace       used 31789K, capacity 32170K, committed 32536K, reserved 1077248K
  class space    used 3649K, capacity 3779K, committed 3864K, reserved 1048576K
}
2015-09-08T13:11:32.788+0200: 2627.861: Total time for which application threads were stopped: 0.0099062 seconds, Stopping threads took: 0.0000141 seconds
2015-09-08T13:11:32.997+0200: 2628.070: Total time for which application threads were stopped: 0.0001930 seconds, Stopping threads took: 0.0001037 seconds
2015-09-08T13:11:32.997+0200: 2628.070: Total time for which application threads were stopped: 0.0000848 seconds, Stopping threads took: 0.0000365 seconds
2015-09-08T13:11:32.999+0200: 2628.072: Total time for which application threads were stopped: 0.0000845 seconds, Stopping threads took: 0.0000256 seconds
2015-09-08T13:11:33.010+0200: 2628.083: Total time for which application threads were stopped: 0.0006013 seconds, Stopping threads took: 0.0005373 seconds
2015-09-08T13:11:33.011+0200: 2628.084: Total time for which application threads were stopped: 0.0000986 seconds, Stopping threads took: 0.0000346 seconds
2015-09-08T13:11:33.011+0200: 2628.084: Total time for which application threads were stopped: 0.0000870 seconds, Stopping threads took: 0.0000218 seconds
2015-09-08T13:11:33.011+0200: 2628.085: Total time for which application threads were stopped: 0.0000832 seconds, Stopping threads took: 0.0000179 seconds
{Heap before GC invocations=156 (full 4):
 par new generation   total 109248K, used 109248K [0x00000000e0000000, 0x00000000e8000000, 0x00000000e8000000)
  eden space 87424K, 100% used [0x00000000e0000000, 0x00000000e5560000, 0x00000000e5560000)
  from space 21824K, 100% used [0x00000000e5560000, 0x00000000e6ab0000, 0x00000000e6ab0000)
  to   space 21824K,   0% used [0x00000000e6ab0000, 0x00000000e6ab0000, 0x00000000e8000000)
 concurrent mark-sweep generation total 393216K, used 159455K [0x00000000e8000000, 0x0000000100000000, 0x0000000100000000)
 Metaspace       used 31794K, capacity 32170K, committed 32536K, reserved 1077248K
  class space    used 3649K, capacity 3779K, committed 3864K, reserved 1048576K
2015-09-08T13:11:33.121+0200: 2628.194: [GC (Allocation Failure) 2628.194: [ParNew
Desired survivor size 20112992 bytes, new threshold 8 (max 8)
- age   1:    1775616 bytes,    1775616 total
- age   2:    2023568 bytes,    3799184 total
- age   3:    7950888 bytes,   11750072 total
- age   4:    1120072 bytes,   12870144 total
- age   5:    1263168 bytes,   14133312 total
- age   6:    4123096 bytes,   18256408 total
- age   7:    1006968 bytes,   19263376 total
- age   8:    1056000 bytes,   20319376 total
: 109248K->21824K(109248K), 0.0101119 secs] 268703K->184646K(502464K), 0.0102159 secs] [Times: user=0.06 sys=0.00, real=0.01 secs] 
Heap after GC invocations=157 (full 4):
 par new generation   total 109248K, used 21824K [0x00000000e0000000, 0x00000000e8000000, 0x00000000e8000000)
  eden space 87424K,   0% used [0x00000000e0000000, 0x00000000e0000000, 0x00000000e5560000)
  from space 21824K, 100% used [0x00000000e6ab0000, 0x00000000e8000000, 0x00000000e8000000)
  to   space 21824K,   0% used [0x00000000e5560000, 0x00000000e5560000, 0x00000000e6ab0000)
 concurrent mark-sweep generation total 393216K, used 162822K [0x00000000e8000000, 0x0000000100000000, 0x0000000100000000)
 Metaspace       used 31794K, capacity 32170K, committed 32536K, reserved 1077248K
  class space    used 3649K, capacity 3779K, committed 3864K, reserved 1048576K
}
2015-09-08T13:11:33.131+0200: 2628.205: Total time for which application threads were stopped: 0.0103657 seconds, Stopping threads took: 0.0000138 seconds
{Heap before GC invocations=157 (full 4):
 par new generation   total 109248K, used 109029K [0x00000000e0000000, 0x00000000e8000000, 0x00000000e8000000)
  eden space 87424K,  99% used [0x00000000e0000000, 0x00000000e5529480, 0x00000000e5560000)
  from space 21824K, 100% used [0x00000000e6ab0000, 0x00000000e8000000, 0x00000000e8000000)
  to   space 21824K,   0% used [0x00000000e5560000, 0x00000000e5560000, 0x00000000e6ab0000)
 concurrent mark-sweep generation total 393216K, used 162822K [0x00000000e8000000, 0x0000000100000000, 0x0000000100000000)
 Metaspace       used 31794K, capacity 32170K, committed 32536K, reserved 1077248K
  class space    used 3649K, capacity 3779K, committed 3864K, reserved 1048576K
2015-09-08T13:11:33.450+0200: 2628.523: [GC (Allocation Failure) 2628.523: [ParNew
Desired survivor size 20112992 bytes, new threshold 8 (max 8)
- age   1:    2054480 bytes,    2054480 total
- age   2:    1769672 bytes,    3824152 total
- age   3:    2023504 bytes,    5847656 total
- age   4:    6945496 bytes,   12793152 total
- age   5:    1120024 bytes,   13913176 total
- age   6:    1263040 bytes,   15176216 total
- age   7:    4123096 bytes,   19299312 total
- age   8:    1006920 bytes,   20306232 total
: 109029K->21824K(109248K), 0.0100627 secs] 271851K->188012K(502464K), 0.0101078 secs] [Times: user=0.00 sys=0.00, real=0.01 secs] 
Heap after GC invocations=158 (full 4):
 par new generation   total 109248K, used 21824K [0x00000000e0000000, 0x00000000e8000000, 0x00000000e8000000)
  eden space 87424K,   0% used [0x00000000e0000000, 0x00000000e0000000, 0x00000000e5560000)
  from space 21824K, 100% used [0x00000000e5560000, 0x00000000e6ab0000, 0x00000000e6ab0000)
  to   space 21824K,   0% used [0x00000000e6ab0000, 0x00000000e6ab0000, 0x00000000e8000000)
 concurrent mark-sweep generation total 393216K, used 166188K [0x00000000e8000000, 0x0000000100000000, 0x0000000100000000)
 Metaspace       used 31794K, capacity 32170K, committed 32536K, reserved 1077248K
  class space    used 3649K, capacity 3779K, committed 3864K, reserved 1048576K
}
2015-09-08T13:11:33.460+0200: 2628.533: Total time for which application threads were stopped: 0.0102582 seconds, Stopping threads took: 0.0000141 seconds
{Heap before GC invocations=158 (full 4):
 par new generation   total 109248K, used 109248K [0x00000000e0000000, 0x00000000e8000000, 0x00000000e8000000)
  eden space 87424K, 100% used [0x00000000e0000000, 0x00000000e5560000, 0x00000000e5560000)
  from space 21824K, 100% used [0x00000000e5560000, 0x00000000e6ab0000, 0x00000000e6ab0000)
  to   space 21824K,   0% used [0x00000000e6ab0000, 0x00000000e6ab0000, 0x00000000e8000000)
 concurrent mark-sweep generation total 393216K, used 166188K [0x00000000e8000000, 0x0000000100000000, 0x0000000100000000)
 Metaspace       used 31794K, capacity 32170K, committed 32536K, reserved 1077248K
  class space    used 3649K, capacity 3779K, committed 3864K, reserved 1048576K
2015-09-08T13:11:33.768+0200: 2628.841: [GC (Allocation Failure) 2628.841: [ParNew
Desired survivor size 20112992 bytes, new threshold 8 (max 8)
- age   1:    6530288 bytes,    6530288 total
- age   2:    1493000 bytes,    8023288 total
- age   3:    1736888 bytes,    9760176 total
- age   4:    1466176 bytes,   11226352 total
- age   5:    4084320 bytes,   15310672 total
- age   6:    1120024 bytes,   16430696 total
- age   7:    1263040 bytes,   17693736 total
- age   8:    4123096 bytes,   21816832 total
: 109248K->21824K(109248K), 0.0102268 secs] 275436K->192215K(502464K), 0.0102777 secs] [Times: user=0.01 sys=0.01, real=0.01 secs] 
Heap after GC invocations=159 (full 4):
 par new generation   total 109248K, used 21824K [0x00000000e0000000, 0x00000000e8000000, 0x00000000e8000000)
  eden space 87424K,   0% used [0x00000000e0000000, 0x00000000e0000000, 0x00000000e5560000)
  from space 21824K, 100% used [0x00000000e6ab0000, 0x00000000e8000000, 0x00000000e8000000)
  to   space 21824K,   0% used [0x00000000e5560000, 0x00000000e5560000, 0x00000000e6ab0000)
 concurrent mark-sweep generation total 393216K, used 170391K [0x00000000e8000000, 0x0000000100000000, 0x0000000100000000)
 Metaspace       used 31794K, capacity 32170K, committed 32536K, reserved 1077248K
  class space    used 3649K, capacity 3779K, committed 3864K, reserved 1048576K
}
2015-09-08T13:11:33.778+0200: 2628.851: Total time for which application threads were stopped: 0.0104572 seconds, Stopping threads took: 0.0000141 seconds
2015-09-08T13:11:34.778+0200: 2629.851: Total time for which application threads were stopped: 0.0001130 seconds, Stopping threads took: 0.0000378 seconds
{Heap before GC invocations=159 (full 4):
 par new generation   total 109248K, used 109248K [0x00000000e0000000, 0x00000000e8000000, 0x00000000e8000000)
  eden space 87424K, 100% used [0x00000000e0000000, 0x00000000e5560000, 0x00000000e5560000)
  from space 21824K, 100% used [0x00000000e6ab0000, 0x00000000e8000000, 0x00000000e8000000)
  to   space 21824K,   0% used [0x00000000e5560000, 0x00000000e5560000, 0x00000000e6ab0000)
 concurrent mark-sweep generation total 393216K, used 170391K [0x00000000e8000000, 0x0000000100000000, 0x0000000100000000)
 Metaspace       used 31794K, capacity 32170K, committed 32536K, reserved 1077248K
  class space    used 3649K, capacity 3779K, committed 3864K, reserved 1048576K
2015-09-08T13:11:35.084+0200: 2630.157: [GC (Allocation Failure) 2630.157: [ParNew
Desired survivor size 20112992 bytes, new threshold 8 (max 8)
- age   1:    7784888 bytes,    7784888 total
- age   2:    4835080 bytes,   12619968 total
- age   3:    1305176 bytes,   13925144 total
- age   4:    1646776 bytes,   15571920 total
- age   5:    1377488 bytes,   16949408 total
- age   6:     915384 bytes,   17864792 total
- age   7:    1035008 bytes,   18899800 total
- age   8:    1188624 bytes,   20088424 total
: 109248K->21824K(109248K), 0.0105635 secs] 279639K->207787K(502464K), 0.0106083 secs] [Times: user=0.06 sys=0.00, real=0.01 secs] 
Heap after GC invocations=160 (full 4):
 par new generation   total 109248K, used 21824K [0x00000000e0000000, 0x00000000e8000000, 0x00000000e8000000)
  eden space 87424K,   0% used [0x00000000e0000000, 0x00000000e0000000, 0x00000000e5560000)
  from space 21824K, 100% used [0x00000000e5560000, 0x00000000e6ab0000, 0x00000000e6ab0000)
  to   space 21824K,   0% used [0x00000000e6ab0000, 0x00000000e6ab0000, 0x00000000e8000000)
 concurrent mark-sweep generation total 393216K, used 185963K [0x00000000e8000000, 0x0000000100000000, 0x0000000100000000)
 Metaspace       used 31794K, capacity 32170K, committed 32536K, reserved 1077248K
  class space    used 3649K, capacity 3779K, committed 3864K, reserved 1048576K
}
2015-09-08T13:11:35.095+0200: 2630.168: Total time for which application threads were stopped: 0.0107663 seconds, Stopping threads took: 0.0000134 seconds
{Heap before GC invocations=160 (full 4):
 par new generation   total 109248K, used 109248K [0x00000000e0000000, 0x00000000e8000000, 0x00000000e8000000)
  eden space 87424K, 100% used [0x00000000e0000000, 0x00000000e5560000, 0x00000000e5560000)
  from space 21824K, 100% used [0x00000000e5560000, 0x00000000e6ab0000, 0x00000000e6ab0000)
  to   space 21824K,   0% used [0x00000000e6ab0000, 0x00000000e6ab0000, 0x00000000e8000000)
 concurrent mark-sweep generation total 393216K, used 185963K [0x00000000e8000000, 0x0000000100000000, 0x0000000100000000)
 Metaspace       used 31794K, capacity 32170K, committed 32536K, reserved 1077248K
  class space    used 3649K, capacity 3779K, committed 3864K, reserved 1048576K
2015-09-08T13:11:35.168+0200: 2630.241: [GC (Allocation Failure) 2630.241: [ParNew
Desired survivor size 20112992 bytes, new threshold 8 (max 8)
- age   1:      74440 bytes,      74440 total
- age   2:    7784672 bytes,    7859112 total
- age   3:    4835080 bytes,   12694192 total
- age   4:    1305176 bytes,   13999368 total
- age   5:    1646776 bytes,   15646144 total
- age   6:    1377488 bytes,   17023632 total
- age   7:     915384 bytes,   17939016 total
- age   8:    1035008 bytes,   18974024 total
: 109248K->20454K(109248K), 0.0100108 secs] 295211K->207608K(502464K), 0.0100639 secs] [Times: user=0.00 sys=0.00, real=0.01 secs] 
Heap after GC invocations=161 (full 4):
 par new generation   total 109248K, used 20454K [0x00000000e0000000, 0x00000000e8000000, 0x00000000e8000000)
  eden space 87424K,   0% used [0x00000000e0000000, 0x00000000e0000000, 0x00000000e5560000)
  from space 21824K,  93% used [0x00000000e6ab0000, 0x00000000e7ea99f8, 0x00000000e8000000)
  to   space 21824K,   0% used [0x00000000e5560000, 0x00000000e5560000, 0x00000000e6ab0000)
 concurrent mark-sweep generation total 393216K, used 187153K [0x00000000e8000000, 0x0000000100000000, 0x0000000100000000)
 Metaspace       used 31794K, capacity 32170K, committed 32536K, reserved 1077248K
  class space    used 3649K, capacity 3779K, committed 3864K, reserved 1048576K
}
2015-09-08T13:11:35.178+0200: 2630.251: Total time for which application threads were stopped: 0.0102307 seconds, Stopping threads took: 0.0000144 seconds
{Heap before GC invocations=161 (full 4):
 par new generation   total 109248K, used 107878K [0x00000000e0000000, 0x00000000e8000000, 0x00000000e8000000)
  eden space 87424K, 100% used [0x00000000e0000000, 0x00000000e5560000, 0x00000000e5560000)
  from space 21824K,  93% used [0x00000000e6ab0000, 0x00000000e7ea99f8, 0x00000000e8000000)
  to   space 21824K,   0% used [0x00000000e5560000, 0x00000000e5560000, 0x00000000e6ab0000)
 concurrent mark-sweep generation total 393216K, used 187153K [0x00000000e8000000, 0x0000000100000000, 0x0000000100000000)
 Metaspace       used 31794K, capacity 32170K, committed 32536K, reserved 1077248K
  class space    used 3649K, capacity 3779K, committed 3864K, reserved 1048576K
2015-09-08T13:11:35.270+0200: 2630.343: [GC (Allocation Failure) 2630.343: [ParNew
Desired survivor size 20112992 bytes, new threshold 8 (max 8)
- age   1:      53536 bytes,      53536 total
- age   2:      42064 bytes,      95600 total
- age   3:    6041488 bytes,    6137088 total
- age   4:    4458064 bytes,   10595152 total
- age   5:    1305176 bytes,   11900328 total
- age   6:    1646776 bytes,   13547104 total
- age   7:    1377488 bytes,   14924592 total
- age   8:     915384 bytes,   15839976 total
: 107878K->21116K(109248K), 0.0082502 secs] 295032K->211012K(502464K), 0.0082963 secs] [Times: user=0.05 sys=0.00, real=0.01 secs] 
Heap after GC invocations=162 (full 4):
 par new generation   total 109248K, used 21116K [0x00000000e0000000, 0x00000000e8000000, 0x00000000e8000000)
  eden space 87424K,   0% used [0x00000000e0000000, 0x00000000e0000000, 0x00000000e5560000)
  from space 21824K,  96% used [0x00000000e5560000, 0x00000000e69ff1c0, 0x00000000e6ab0000)
  to   space 21824K,   0% used [0x00000000e6ab0000, 0x00000000e6ab0000, 0x00000000e8000000)
 concurrent mark-sweep generation total 393216K, used 189896K [0x00000000e8000000, 0x0000000100000000, 0x0000000100000000)
 Metaspace       used 31794K, capacity 32170K, committed 32536K, reserved 1077248K
  class space    used 3649K, capacity 3779K, committed 3864K, reserved 1048576K
}
2015-09-08T13:11:35.278+0200: 2630.352: Total time for which application threads were stopped: 0.0084473 seconds, Stopping threads took: 0.0000144 seconds
{Heap before GC invocations=162 (full 4):
 par new generation   total 109248K, used 108540K [0x00000000e0000000, 0x00000000e8000000, 0x00000000e8000000)
  eden space 87424K, 100% used [0x00000000e0000000, 0x00000000e5560000, 0x00000000e5560000)
  from space 21824K,  96% used [0x00000000e5560000, 0x00000000e69ff1c0, 0x00000000e6ab0000)
  to   space 21824K,   0% used [0x00000000e6ab0000, 0x00000000e6ab0000, 0x00000000e8000000)
 concurrent mark-sweep generation total 393216K, used 189896K [0x00000000e8000000, 0x0000000100000000, 0x0000000100000000)
 Metaspace       used 31794K, capacity 32170K, committed 32536K, reserved 1077248K
  class space    used 3649K, capacity 3779K, committed 3864K, reserved 1048576K
2015-09-08T13:11:35.383+0200: 2630.456: [GC (Allocation Failure) 2630.456: [ParNew
Desired survivor size 20112992 bytes, new threshold 8 (max 8)
- age   1:      54056 bytes,      54056 total
- age   2:      29640 bytes,      83696 total
- age   3:      41928 bytes,     125624 total
- age   4:    6041488 bytes,    6167112 total
- age   5:    4458064 bytes,   10625176 total
- age   6:    1305224 bytes,   11930400 total
- age   7:    1646776 bytes,   13577176 total
- age   8:    1377488 bytes,   14954664 total
: 108540K->16832K(109248K), 0.0072928 secs] 298436K->207646K(502464K), 0.0073360 secs] [Times: user=0.06 sys=0.00, real=0.01 secs] 
Heap after GC invocations=163 (full 4):
 par new generation   total 109248K, used 16832K [0x00000000e0000000, 0x00000000e8000000, 0x00000000e8000000)
  eden space 87424K,   0% used [0x00000000e0000000, 0x00000000e0000000, 0x00000000e5560000)
  from space 21824K,  77% used [0x00000000e6ab0000, 0x00000000e7b20270, 0x00000000e8000000)
  to   space 21824K,   0% used [0x00000000e5560000, 0x00000000e5560000, 0x00000000e6ab0000)
 concurrent mark-sweep generation total 393216K, used 190814K [0x00000000e8000000, 0x0000000100000000, 0x0000000100000000)
 Metaspace       used 31794K, capacity 32170K, committed 32536K, reserved 1077248K
  class space    used 3649K, capacity 3779K, committed 3864K, reserved 1048576K
}
2015-09-08T13:11:35.391+0200: 2630.464: Total time for which application threads were stopped: 0.0074905 seconds, Stopping threads took: 0.0000141 seconds
{Heap before GC invocations=163 (full 4):
 par new generation   total 109248K, used 104256K [0x00000000e0000000, 0x00000000e8000000, 0x00000000e8000000)
  eden space 87424K, 100% used [0x00000000e0000000, 0x00000000e5560000, 0x00000000e5560000)
  from space 21824K,  77% used [0x00000000e6ab0000, 0x00000000e7b20270, 0x00000000e8000000)
  to   space 21824K,   0% used [0x00000000e5560000, 0x00000000e5560000, 0x00000000e6ab0000)
 concurrent mark-sweep generation total 393216K, used 190814K [0x00000000e8000000, 0x0000000100000000, 0x0000000100000000)
 Metaspace       used 31794K, capacity 32170K, committed 32536K, reserved 1077248K
  class space    used 3649K, capacity 3779K, committed 3864K, reserved 1048576K
2015-09-08T13:11:35.558+0200: 2630.632: [GC (Allocation Failure) 2630.632: [ParNew
Desired survivor size 20112992 bytes, new threshold 8 (max 8)
- age   1:     207360 bytes,     207360 total
- age   2:       9152 bytes,     216512 total
- age   4:      18608 bytes,     235120 total
- age   5:    6041280 bytes,    6276400 total
- age   6:    4458064 bytes,   10734464 total
- age   7:    1305176 bytes,   12039640 total
- age   8:    1646776 bytes,   13686416 total
: 104256K->17658K(109248K), 0.0069196 secs] 295070K->209847K(502464K), 0.0069648 secs] [Times: user=0.00 sys=0.00, real=0.01 secs] 
Heap after GC invocations=164 (full 4):
 par new generation   total 109248K, used 17658K [0x00000000e0000000, 0x00000000e8000000, 0x00000000e8000000)
  eden space 87424K,   0% used [0x00000000e0000000, 0x00000000e0000000, 0x00000000e5560000)
  from space 21824K,  80% used [0x00000000e5560000, 0x00000000e669eae0, 0x00000000e6ab0000)
  to   space 21824K,   0% used [0x00000000e6ab0000, 0x00000000e6ab0000, 0x00000000e8000000)
 concurrent mark-sweep generation total 393216K, used 192188K [0x00000000e8000000, 0x0000000100000000, 0x0000000100000000)
 Metaspace       used 31794K, capacity 32170K, committed 32536K, reserved 1077248K
  class space    used 3649K, capacity 3779K, committed 3864K, reserved 1048576K
}
2015-09-08T13:11:35.565+0200: 2630.639: Total time for which application threads were stopped: 0.0071219 seconds, Stopping threads took: 0.0000144 seconds
{Heap before GC invocations=164 (full 4):
 par new generation   total 109248K, used 105082K [0x00000000e0000000, 0x00000000e8000000, 0x00000000e8000000)
  eden space 87424K, 100% used [0x00000000e0000000, 0x00000000e5560000, 0x00000000e5560000)
  from space 21824K,  80% used [0x00000000e5560000, 0x00000000e669eae0, 0x00000000e6ab0000)
  to   space 21824K,   0% used [0x00000000e6ab0000, 0x00000000e6ab0000, 0x00000000e8000000)
 concurrent mark-sweep generation total 393216K, used 192188K [0x00000000e8000000, 0x0000000100000000, 0x0000000100000000)
 Metaspace       used 31794K, capacity 32170K, committed 32536K, reserved 1077248K
  class space    used 3649K, capacity 3779K, committed 3864K, reserved 1048576K
2015-09-08T13:11:35.632+0200: 2630.705: [GC (Allocation Failure) 2630.705: [ParNew
Desired survivor size 20112992 bytes, new threshold 8 (max 8)
- age   1:      53760 bytes,      53760 total
- age   2:      94104 bytes,     147864 total
- age   3:       9152 bytes,     157016 total
- age   5:      18544 bytes,     175560 total
- age   6:    6041280 bytes,    6216840 total
- age   7:    4458064 bytes,   10674904 total
- age   8:    1305176 bytes,   11980080 total
: 105082K->13954K(109248K), 0.0064416 secs] 297271K->207782K(502464K), 0.0064864 secs] [Times: user=0.06 sys=0.00, real=0.01 secs] 
Heap after GC invocations=165 (full 4):
 par new generation   total 109248K, used 13954K [0x00000000e0000000, 0x00000000e8000000, 0x00000000e8000000)
  eden space 87424K,   0% used [0x00000000e0000000, 0x00000000e0000000, 0x00000000e5560000)
  from space 21824K,  63% used [0x00000000e6ab0000, 0x00000000e7850990, 0x00000000e8000000)
  to   space 21824K,   0% used [0x00000000e5560000, 0x00000000e5560000, 0x00000000e6ab0000)
 concurrent mark-sweep generation total 393216K, used 193827K [0x00000000e8000000, 0x0000000100000000, 0x0000000100000000)
 Metaspace       used 31794K, capacity 32170K, committed 32536K, reserved 1077248K
  class space    used 3649K, capacity 3779K, committed 3864K, reserved 1048576K
}
2015-09-08T13:11:35.638+0200: 2630.712: Total time for which application threads were stopped: 0.0066339 seconds, Stopping threads took: 0.0000144 seconds
{Heap before GC invocations=165 (full 4):
 par new generation   total 109248K, used 101378K [0x00000000e0000000, 0x00000000e8000000, 0x00000000e8000000)
  eden space 87424K, 100% used [0x00000000e0000000, 0x00000000e5560000, 0x00000000e5560000)
  from space 21824K,  63% used [0x00000000e6ab0000, 0x00000000e7850990, 0x00000000e8000000)
  to   space 21824K,   0% used [0x00000000e5560000, 0x00000000e5560000, 0x00000000e6ab0000)
 concurrent mark-sweep generation total 393216K, used 193827K [0x00000000e8000000, 0x0000000100000000, 0x0000000100000000)
 Metaspace       used 31799K, capacity 32170K, committed 32536K, reserved 1077248K
  class space    used 3649K, capacity 3779K, committed 3864K, reserved 1048576K
2015-09-08T13:11:35.750+0200: 2630.823: [GC (Allocation Failure) 2630.823: [ParNew
Desired survivor size 20112992 bytes, new threshold 8 (max 8)
- age   1:     274064 bytes,     274064 total
- age   2:        880 bytes,     274944 total
- age   3:      94104 bytes,     369048 total
- age   4:       9152 bytes,     378200 total
- age   6:      18544 bytes,     396744 total
- age   7:    5959488 bytes,    6356232 total
- age   8:    4354536 bytes,   10710768 total
: 101378K->15373K(109248K), 0.0066441 secs] 295206K->210388K(502464K), 0.0066963 secs] [Times: user=0.00 sys=0.00, real=0.01 secs] 
Heap after GC invocations=166 (full 4):
 par new generation   total 109248K, used 15373K [0x00000000e0000000, 0x00000000e8000000, 0x00000000e8000000)
  eden space 87424K,   0% used [0x00000000e0000000, 0x00000000e0000000, 0x00000000e5560000)
  from space 21824K,  70% used [0x00000000e5560000, 0x00000000e6463650, 0x00000000e6ab0000)
  to   space 21824K,   0% used [0x00000000e6ab0000, 0x00000000e6ab0000, 0x00000000e8000000)
 concurrent mark-sweep generation total 393216K, used 195014K [0x00000000e8000000, 0x0000000100000000, 0x0000000100000000)
 Metaspace       used 31799K, capacity 32170K, committed 32536K, reserved 1077248K
  class space    used 3649K, capacity 3779K, committed 3864K, reserved 1048576K
}
2015-09-08T13:11:35.756+0200: 2630.830: Total time for which application threads were stopped: 0.0068774 seconds, Stopping threads took: 0.0000221 seconds
{Heap before GC invocations=166 (full 4):
 par new generation   total 109248K, used 102797K [0x00000000e0000000, 0x00000000e8000000, 0x00000000e8000000)
  eden space 87424K, 100% used [0x00000000e0000000, 0x00000000e5560000, 0x00000000e5560000)
  from space 21824K,  70% used [0x00000000e5560000, 0x00000000e6463650, 0x00000000e6ab0000)
  to   space 21824K,   0% used [0x00000000e6ab0000, 0x00000000e6ab0000, 0x00000000e8000000)
 concurrent mark-sweep generation total 393216K, used 195014K [0x00000000e8000000, 0x0000000100000000, 0x0000000100000000)
 Metaspace       used 31812K, capacity 32170K, committed 32536K, reserved 1077248K
  class space    used 3649K, capacity 3779K, committed 3864K, reserved 1048576K
2015-09-08T13:11:36.041+0200: 2631.114: [GC (Allocation Failure) 2631.114: [ParNew
Desired survivor size 20112992 bytes, new threshold 8 (max 8)
- age   1:    4178840 bytes,    4178840 total
- age   2:     227144 bytes,    4405984 total
- age   3:        880 bytes,    4406864 total
- age   4:      94104 bytes,    4500968 total
- age   5:       9152 bytes,    4510120 total
- age   7:      18544 bytes,    4528664 total
- age   8:    7702672 bytes,   12231336 total
: 102797K->13819K(109248K), 0.0064169 secs] 297812K->213102K(502464K), 0.0064620 secs] [Times: user=0.00 sys=0.00, real=0.01 secs] 
Heap after GC invocations=167 (full 4):
 par new generation   total 109248K, used 13819K [0x00000000e0000000, 0x00000000e8000000, 0x00000000e8000000)
  eden space 87424K,   0% used [0x00000000e0000000, 0x00000000e0000000, 0x00000000e5560000)
  from space 21824K,  63% used [0x00000000e6ab0000, 0x00000000e782ef10, 0x00000000e8000000)
  to   space 21824K,   0% used [0x00000000e5560000, 0x00000000e5560000, 0x00000000e6ab0000)
 concurrent mark-sweep generation total 393216K, used 199282K [0x00000000e8000000, 0x0000000100000000, 0x0000000100000000)
 Metaspace       used 31812K, capacity 32170K, committed 32536K, reserved 1077248K
  class space    used 3649K, capacity 3779K, committed 3864K, reserved 1048576K
}
2015-09-08T13:11:36.047+0200: 2631.120: Total time for which application threads were stopped: 0.0066390 seconds, Stopping threads took: 0.0000138 seconds
2015-09-08T13:11:36.047+0200: 2631.120: [GC (CMS Initial Mark) [1 CMS-initial-mark: 199282K(393216K)] 214843K(502464K), 0.0006592 secs] [Times: user=0.00 sys=0.00, real=0.00 secs] 
2015-09-08T13:11:36.048+0200: 2631.121: Total time for which application threads were stopped: 0.0007366 seconds, Stopping threads took: 0.0000173 seconds
2015-09-08T13:11:36.048+0200: 2631.121: [CMS-concurrent-mark-start]
2015-09-08T13:11:36.064+0200: 2631.137: [CMS-concurrent-mark: 0.016/0.016 secs] [Times: user=0.06 sys=0.00, real=0.02 secs] 
2015-09-08T13:11:36.064+0200: 2631.137: [CMS-concurrent-preclean-start]
2015-09-08T13:11:36.065+0200: 2631.138: [CMS-concurrent-preclean: 0.001/0.001 secs] [Times: user=0.00 sys=0.00, real=0.00 secs] 
2015-09-08T13:11:36.065+0200: 2631.138: [CMS-concurrent-abortable-preclean-start]
2015-09-08T13:11:36.193+0200: 2631.267: [CMS-concurrent-abortable-preclean: 0.128/0.128 secs] [Times: user=0.25 sys=0.00, real=0.13 secs] 
2015-09-08T13:11:36.193+0200: 2631.267: [GC (CMS Final Remark) [YG occupancy: 57588 K (109248 K)]{Heap before GC invocations=167 (full 5):
 par new generation   total 109248K, used 57588K [0x00000000e0000000, 0x00000000e8000000, 0x00000000e8000000)
  eden space 87424K,  50% used [0x00000000e0000000, 0x00000000e2abe128, 0x00000000e5560000)
  from space 21824K,  63% used [0x00000000e6ab0000, 0x00000000e782ef10, 0x00000000e8000000)
  to   space 21824K,   0% used [0x00000000e5560000, 0x00000000e5560000, 0x00000000e6ab0000)
 concurrent mark-sweep generation total 393216K, used 199282K [0x00000000e8000000, 0x0000000100000000, 0x0000000100000000)
 Metaspace       used 31812K, capacity 32170K, committed 32536K, reserved 1077248K
  class space    used 3649K, capacity 3779K, committed 3864K, reserved 1048576K
2015-09-08T13:11:36.194+0200: 2631.267: [GC (CMS Final Remark) 2631.267: [ParNew
Desired survivor size 20112992 bytes, new threshold 8 (max 8)
- age   1:    3268352 bytes,    3268352 total
- age   2:    2939224 bytes,    6207576 total
- age   3:     227088 bytes,    6434664 total
- age   4:        880 bytes,    6435544 total
- age   5:      94104 bytes,    6529648 total
- age   6:       9152 bytes,    6538800 total
- age   8:      18544 bytes,    6557344 total
: 57588K->10794K(109248K), 0.0054000 secs] 256870K->215912K(502464K), 0.0054355 secs] [Times: user=0.06 sys=0.00, real=0.00 secs] 
Heap after GC invocations=168 (full 5):
 par new generation   total 109248K, used 10794K [0x00000000e0000000, 0x00000000e8000000, 0x00000000e8000000)
  eden space 87424K,   0% used [0x00000000e0000000, 0x00000000e0000000, 0x00000000e5560000)
  from space 21824K,  49% used [0x00000000e5560000, 0x00000000e5feaba0, 0x00000000e6ab0000)
  to   space 21824K,   0% used [0x00000000e6ab0000, 0x00000000e6ab0000, 0x00000000e8000000)
 concurrent mark-sweep generation total 393216K, used 205117K [0x00000000e8000000, 0x0000000100000000, 0x0000000100000000)
 Metaspace       used 31812K, capacity 32170K, committed 32536K, reserved 1077248K
  class space    used 3649K, capacity 3779K, committed 3864K, reserved 1048576K
}
2631.272: [Rescan (parallel) , 0.0016326 secs]2631.274: [weak refs processing, 0.0004122 secs]2631.274: [class unloading, 0.0068652 secs]2631.281: [scrub symbol table, 0.0030435 secs]2631.284: [scrub string table, 0.0003731 secs][1 CMS-remark: 205117K(393216K)] 215912K(502464K), 0.0184706 secs] [Times: user=0.08 sys=0.00, real=0.02 secs] 
2015-09-08T13:11:36.212+0200: 2631.285: Total time for which application threads were stopped: 0.0185826 seconds, Stopping threads took: 0.0000278 seconds
2015-09-08T13:11:36.212+0200: 2631.285: [CMS-concurrent-sweep-start]
2015-09-08T13:11:36.241+0200: 2631.314: [CMS-concurrent-sweep: 0.029/0.029 secs] [Times: user=0.03 sys=0.00, real=0.03 secs] 
2015-09-08T13:11:36.241+0200: 2631.314: [CMS-concurrent-reset-start]
2015-09-08T13:11:36.241+0200: 2631.314: [CMS-concurrent-reset: 0.000/0.000 secs] [Times: user=0.00 sys=0.00, real=0.00 secs] 
2015-09-08T13:11:36.359+0200: 2631.432: Total time for which application threads were stopped: 0.0002166 seconds, Stopping threads took: 0.0000979 seconds
2015-09-08T13:11:36.359+0200: 2631.432: Total time for which application threads were stopped: 0.0000659 seconds, Stopping threads took: 0.0000170 seconds
2015-09-08T13:11:36.359+0200: 2631.432: Total time for which application threads were stopped: 0.0001565 seconds, Stopping threads took: 0.0000480 seconds
2015-09-08T13:11:36.367+0200: 2631.441: Total time for which application threads were stopped: 0.0000838 seconds, Stopping threads took: 0.0000144 seconds
{Heap before GC invocations=168 (full 5):
 par new generation   total 109248K, used 98218K [0x00000000e0000000, 0x00000000e8000000, 0x00000000e8000000)
  eden space 87424K, 100% used [0x00000000e0000000, 0x00000000e5560000, 0x00000000e5560000)
  from space 21824K,  49% used [0x00000000e5560000, 0x00000000e5feaba0, 0x00000000e6ab0000)
  to   space 21824K,   0% used [0x00000000e6ab0000, 0x00000000e6ab0000, 0x00000000e8000000)
 concurrent mark-sweep generation total 393216K, used 118529K [0x00000000e8000000, 0x0000000100000000, 0x0000000100000000)
 Metaspace       used 31813K, capacity 32170K, committed 32536K, reserved 1077248K
  class space    used 3649K, capacity 3779K, committed 3864K, reserved 1048576K
2015-09-08T13:11:36.512+0200: 2631.586: [GC (Allocation Failure) 2631.586: [ParNew
Desired survivor size 20112992 bytes, new threshold 8 (max 8)
- age   1:    5137408 bytes,    5137408 total
- age   2:    1868280 bytes,    7005688 total
- age   3:    2793744 bytes,    9799432 total
- age   4:     226840 bytes,   10026272 total
- age   5:        880 bytes,   10027152 total
- age   6:        760 bytes,   10027912 total
- age   7:         48 bytes,   10027960 total
: 98218K->10563K(109248K), 0.0054614 secs] 216747K->129092K(502464K), 0.0055107 secs] [Times: user=0.00 sys=0.00, real=0.01 secs] 
Heap after GC invocations=169 (full 5):
 par new generation   total 109248K, used 10563K [0x00000000e0000000, 0x00000000e8000000, 0x00000000e8000000)
  eden space 87424K,   0% used [0x00000000e0000000, 0x00000000e0000000, 0x00000000e5560000)
  from space 21824K,  48% used [0x00000000e6ab0000, 0x00000000e7500e10, 0x00000000e8000000)
  to   space 21824K,   0% used [0x00000000e5560000, 0x00000000e5560000, 0x00000000e6ab0000)
 concurrent mark-sweep generation total 393216K, used 118529K [0x00000000e8000000, 0x0000000100000000, 0x0000000100000000)
 Metaspace       used 31813K, capacity 32170K, committed 32536K, reserved 1077248K
  class space    used 3649K, capacity 3779K, committed 3864K, reserved 1048576K
}
2015-09-08T13:11:36.518+0200: 2631.591: Total time for which application threads were stopped: 0.0056569 seconds, Stopping threads took: 0.0000138 seconds
{Heap before GC invocations=169 (full 5):
 par new generation   total 109248K, used 97987K [0x00000000e0000000, 0x00000000e8000000, 0x00000000e8000000)
  eden space 87424K, 100% used [0x00000000e0000000, 0x00000000e5560000, 0x00000000e5560000)
  from space 21824K,  48% used [0x00000000e6ab0000, 0x00000000e7500e10, 0x00000000e8000000)
  to   space 21824K,   0% used [0x00000000e5560000, 0x00000000e5560000, 0x00000000e6ab0000)
 concurrent mark-sweep generation total 393216K, used 118529K [0x00000000e8000000, 0x0000000100000000, 0x0000000100000000)
 Metaspace       used 31813K, capacity 32170K, committed 32536K, reserved 1077248K
  class space    used 3649K, capacity 3779K, committed 3864K, reserved 1048576K
2015-09-08T13:11:36.806+0200: 2631.880: [GC (Allocation Failure) 2631.880: [ParNew
Desired survivor size 20112992 bytes, new threshold 8 (max 8)
- age   1:    6891256 bytes,    6891256 total
- age   2:    2880152 bytes,    9771408 total
- age   3:    1342952 bytes,   11114360 total
- age   4:    2793744 bytes,   13908104 total
- age   5:     226840 bytes,   14134944 total
- age   6:        880 bytes,   14135824 total
- age   7:        760 bytes,   14136584 total
- age   8:         48 bytes,   14136632 total
: 97987K->15007K(109248K), 0.0062057 secs] 216516K->133537K(502464K), 0.0062553 secs] [Times: user=0.00 sys=0.00, real=0.01 secs] 
Heap after GC invocations=170 (full 5):
 par new generation   total 109248K, used 15007K [0x00000000e0000000, 0x00000000e8000000, 0x00000000e8000000)
  eden space 87424K,   0% used [0x00000000e0000000, 0x00000000e0000000, 0x00000000e5560000)
  from space 21824K,  68% used [0x00000000e5560000, 0x00000000e6407fe0, 0x00000000e6ab0000)
  to   space 21824K,   0% used [0x00000000e6ab0000, 0x00000000e6ab0000, 0x00000000e8000000)
 concurrent mark-sweep generation total 393216K, used 118529K [0x00000000e8000000, 0x0000000100000000, 0x0000000100000000)
 Metaspace       used 31813K, capacity 32170K, committed 32536K, reserved 1077248K
  class space    used 3649K, capacity 3779K, committed 3864K, reserved 1048576K
}
2015-09-08T13:11:36.813+0200: 2631.886: Total time for which application threads were stopped: 0.0063996 seconds, Stopping threads took: 0.0000141 seconds
{Heap before GC invocations=170 (full 5):
 par new generation   total 109248K, used 102431K [0x00000000e0000000, 0x00000000e8000000, 0x00000000e8000000)
  eden space 87424K, 100% used [0x00000000e0000000, 0x00000000e5560000, 0x00000000e5560000)
  from space 21824K,  68% used [0x00000000e5560000, 0x00000000e6407fe0, 0x00000000e6ab0000)
  to   space 21824K,   0% used [0x00000000e6ab0000, 0x00000000e6ab0000, 0x00000000e8000000)
 concurrent mark-sweep generation total 393216K, used 118529K [0x00000000e8000000, 0x0000000100000000, 0x0000000100000000)
 Metaspace       used 31813K, capacity 32170K, committed 32536K, reserved 1077248K
  class space    used 3649K, capacity 3779K, committed 3864K, reserved 1048576K
2015-09-08T13:11:37.110+0200: 2632.183: [GC (Allocation Failure) 2632.183: [ParNew
Desired survivor size 20112992 bytes, new threshold 8 (max 8)
- age   1:    7256784 bytes,    7256784 total
- age   2:    4075912 bytes,   11332696 total
- age   3:    2784936 bytes,   14117632 total
- age   4:    1342928 bytes,   15460560 total
- age   5:    2793744 bytes,   18254304 total
- age   6:     226840 bytes,   18481144 total
- age   7:        880 bytes,   18482024 total
- age   8:        760 bytes,   18482784 total
: 102431K->21824K(109248K), 0.0075830 secs] 220961K->140353K(502464K), 0.0076304 secs] [Times: user=0.06 sys=0.00, real=0.01 secs] 
Heap after GC invocations=171 (full 5):
 par new generation   total 109248K, used 21824K [0x00000000e0000000, 0x00000000e8000000, 0x00000000e8000000)
  eden space 87424K,   0% used [0x00000000e0000000, 0x00000000e0000000, 0x00000000e5560000)
  from space 21824K, 100% used [0x00000000e6ab0000, 0x00000000e8000000, 0x00000000e8000000)
  to   space 21824K,   0% used [0x00000000e5560000, 0x00000000e5560000, 0x00000000e6ab0000)
 concurrent mark-sweep generation total 393216K, used 118529K [0x00000000e8000000, 0x0000000100000000, 0x0000000100000000)
 Metaspace       used 31813K, capacity 32170K, committed 32536K, reserved 1077248K
  class space    used 3649K, capacity 3779K, committed 3864K, reserved 1048576K
}
2015-09-08T13:11:37.117+0200: 2632.191: Total time for which application threads were stopped: 0.0077737 seconds, Stopping threads took: 0.0000141 seconds
{Heap before GC invocations=171 (full 5):
 par new generation   total 109248K, used 109248K [0x00000000e0000000, 0x00000000e8000000, 0x00000000e8000000)
  eden space 87424K, 100% used [0x00000000e0000000, 0x00000000e5560000, 0x00000000e5560000)
  from space 21824K, 100% used [0x00000000e6ab0000, 0x00000000e8000000, 0x00000000e8000000)
  to   space 21824K,   0% used [0x00000000e5560000, 0x00000000e5560000, 0x00000000e6ab0000)
 concurrent mark-sweep generation total 393216K, used 118529K [0x00000000e8000000, 0x0000000100000000, 0x0000000100000000)
 Metaspace       used 31819K, capacity 32170K, committed 32536K, reserved 1077248K
  class space    used 3649K, capacity 3779K, committed 3864K, reserved 1048576K
2015-09-08T13:11:37.411+0200: 2632.484: [GC (Allocation Failure) 2632.484: [ParNew
Desired survivor size 20112992 bytes, new threshold 7 (max 8)
- age   1:    6345360 bytes,    6345360 total
- age   2:    3842128 bytes,   10187488 total
- age   3:    2976968 bytes,   13164456 total
- age   4:    2700248 bytes,   15864704 total
- age   5:    1334400 bytes,   17199104 total
- age   6:    2773408 bytes,   19972512 total
- age   7:     226712 bytes,   20199224 total
- age   8:        880 bytes,   20200104 total
: 109248K->21824K(109248K), 0.0077913 secs] 227777K->142021K(502464K), 0.0078387 secs] [Times: user=0.06 sys=0.00, real=0.01 secs] 
Heap after GC invocations=172 (full 5):
 par new generation   total 109248K, used 21824K [0x00000000e0000000, 0x00000000e8000000, 0x00000000e8000000)
  eden space 87424K,   0% used [0x00000000e0000000, 0x00000000e0000000, 0x00000000e5560000)
  from space 21824K, 100% used [0x00000000e5560000, 0x00000000e6ab0000, 0x00000000e6ab0000)
  to   space 21824K,   0% used [0x00000000e6ab0000, 0x00000000e6ab0000, 0x00000000e8000000)
 concurrent mark-sweep generation total 393216K, used 120197K [0x00000000e8000000, 0x0000000100000000, 0x0000000100000000)
 Metaspace       used 31819K, capacity 32170K, committed 32536K, reserved 1077248K
  class space    used 3649K, capacity 3779K, committed 3864K, reserved 1048576K
}
2015-09-08T13:11:37.419+0200: 2632.492: Total time for which application threads were stopped: 0.0079948 seconds, Stopping threads took: 0.0000141 seconds
2015-09-08T13:11:37.605+0200: 2632.679: Total time for which application threads were stopped: 0.0000947 seconds, Stopping threads took: 0.0000275 seconds
{Heap before GC invocations=172 (full 5):
 par new generation   total 109248K, used 109248K [0x00000000e0000000, 0x00000000e8000000, 0x00000000e8000000)
  eden space 87424K, 100% used [0x00000000e0000000, 0x00000000e5560000, 0x00000000e5560000)
  from space 21824K, 100% used [0x00000000e5560000, 0x00000000e6ab0000, 0x00000000e6ab0000)
  to   space 21824K,   0% used [0x00000000e6ab0000, 0x00000000e6ab0000, 0x00000000e8000000)
 concurrent mark-sweep generation total 393216K, used 120197K [0x00000000e8000000, 0x0000000100000000, 0x0000000100000000)
 Metaspace       used 31823K, capacity 32170K, committed 32536K, reserved 1077248K
  class space    used 3649K, capacity 3779K, committed 3864K, reserved 1048576K
2015-09-08T13:11:37.724+0200: 2632.798: [GC (Allocation Failure) 2632.798: [ParNew
Desired survivor size 20112992 bytes, new threshold 7 (max 8)
- age   1:    7011808 bytes,    7011808 total
- age   2:    2551224 bytes,    9563032 total
- age   3:    2922680 bytes,   12485712 total
- age   4:    2385096 bytes,   14870808 total
- age   5:    2468392 bytes,   17339200 total
- age   6:    1218960 bytes,   18558160 total
- age   7:    2543968 bytes,   21102128 total
: 109248K->21824K(109248K), 0.0103667 secs] 229445K->145163K(502464K), 0.0104140 secs] [Times: user=0.05 sys=0.00, real=0.01 secs] 
Heap after GC invocations=173 (full 5):
 par new generation   total 109248K, used 21824K [0x00000000e0000000, 0x00000000e8000000, 0x00000000e8000000)
  eden space 87424K,   0% used [0x00000000e0000000, 0x00000000e0000000, 0x00000000e5560000)
  from space 21824K, 100% used [0x00000000e6ab0000, 0x00000000e8000000, 0x00000000e8000000)
  to   space 21824K,   0% used [0x00000000e5560000, 0x00000000e5560000, 0x00000000e6ab0000)
 concurrent mark-sweep generation total 393216K, used 123339K [0x00000000e8000000, 0x0000000100000000, 0x0000000100000000)
 Metaspace       used 31823K, capacity 32170K, committed 32536K, reserved 1077248K
  class space    used 3649K, capacity 3779K, committed 3864K, reserved 1048576K
}
2015-09-08T13:11:37.735+0200: 2632.808: Total time for which application threads were stopped: 0.0105708 seconds, Stopping threads took: 0.0000243 seconds
{Heap before GC invocations=173 (full 5):
 par new generation   total 109248K, used 109248K [0x00000000e0000000, 0x00000000e8000000, 0x00000000e8000000)
  eden space 87424K, 100% used [0x00000000e0000000, 0x00000000e5560000, 0x00000000e5560000)
  from space 21824K, 100% used [0x00000000e6ab0000, 0x00000000e8000000, 0x00000000e8000000)
  to   space 21824K,   0% used [0x00000000e5560000, 0x00000000e5560000, 0x00000000e6ab0000)
 concurrent mark-sweep generation total 393216K, used 123339K [0x00000000e8000000, 0x0000000100000000, 0x0000000100000000)
 Metaspace       used 31823K, capacity 32170K, committed 32536K, reserved 1077248K
  class space    used 3649K, capacity 3779K, committed 3864K, reserved 1048576K
2015-09-08T13:11:38.039+0200: 2633.112: [GC (Allocation Failure) 2633.112: [ParNew
Desired survivor size 20112992 bytes, new threshold 8 (max 8)
- age   1:    6444824 bytes,    6444824 total
- age   2:    2188616 bytes,    8633440 total
- age   3:    2548280 bytes,   11181720 total
- age   4:    2788184 bytes,   13969904 total
- age   5:    1300488 bytes,   15270392 total
- age   6:    2366632 bytes,   17637024 total
- age   7:    1217408 bytes,   18854432 total
: 109248K->21824K(109248K), 0.0101583 secs] 232587K->150567K(502464K), 0.0102044 secs] [Times: user=0.00 sys=0.00, real=0.01 secs] 
Heap after GC invocations=174 (full 5):
 par new generation   total 109248K, used 21824K [0x00000000e0000000, 0x00000000e8000000, 0x00000000e8000000)
  eden space 87424K,   0% used [0x00000000e0000000, 0x00000000e0000000, 0x00000000e5560000)
  from space 21824K, 100% used [0x00000000e5560000, 0x00000000e6ab0000, 0x00000000e6ab0000)
  to   space 21824K,   0% used [0x00000000e6ab0000, 0x00000000e6ab0000, 0x00000000e8000000)
 concurrent mark-sweep generation total 393216K, used 128743K [0x00000000e8000000, 0x0000000100000000, 0x0000000100000000)
 Metaspace       used 31823K, capacity 32170K, committed 32536K, reserved 1077248K
  class space    used 3649K, capacity 3779K, committed 3864K, reserved 1048576K
}
2015-09-08T13:11:38.049+0200: 2633.122: Total time for which application threads were stopped: 0.0103593 seconds, Stopping threads took: 0.0000134 seconds
2015-09-08T13:11:38.221+0200: 2633.294: Total time for which application threads were stopped: 0.0001418 seconds, Stopping threads took: 0.0000259 seconds
2015-09-08T13:11:38.221+0200: 2633.294: Total time for which application threads were stopped: 0.0000822 seconds, Stopping threads took: 0.0000224 seconds
2015-09-08T13:11:38.221+0200: 2633.295: Total time for which application threads were stopped: 0.0000685 seconds, Stopping threads took: 0.0000131 seconds
2015-09-08T13:11:38.221+0200: 2633.295: Total time for which application threads were stopped: 0.0000714 seconds, Stopping threads took: 0.0000122 seconds
2015-09-08T13:11:38.248+0200: 2633.321: Total time for which application threads were stopped: 0.0001770 seconds, Stopping threads took: 0.0000614 seconds
2015-09-08T13:11:38.248+0200: 2633.322: Total time for which application threads were stopped: 0.0000925 seconds, Stopping threads took: 0.0000368 seconds
{Heap before GC invocations=174 (full 5):
 par new generation   total 109248K, used 109248K [0x00000000e0000000, 0x00000000e8000000, 0x00000000e8000000)
  eden space 87424K, 100% used [0x00000000e0000000, 0x00000000e5560000, 0x00000000e5560000)
  from space 21824K, 100% used [0x00000000e5560000, 0x00000000e6ab0000, 0x00000000e6ab0000)
  to   space 21824K,   0% used [0x00000000e6ab0000, 0x00000000e6ab0000, 0x00000000e8000000)
 concurrent mark-sweep generation total 393216K, used 128743K [0x00000000e8000000, 0x0000000100000000, 0x0000000100000000)
 Metaspace       used 31823K, capacity 32170K, committed 32536K, reserved 1077248K
  class space    used 3649K, capacity 3779K, committed 3864K, reserved 1048576K
2015-09-08T13:11:38.349+0200: 2633.422: [GC (Allocation Failure) 2633.422: [ParNew
Desired survivor size 20112992 bytes, new threshold 8 (max 8)
- age   1:    4812192 bytes,    4812192 total
- age   2:    4960616 bytes,    9772808 total
- age   3:    2001656 bytes,   11774464 total
- age   4:    2353512 bytes,   14127976 total
- age   5:    2583656 bytes,   16711632 total
- age   6:    1118056 bytes,   17829688 total
- age   7:    2205096 bytes,   20034784 total
- age   8:    1140608 bytes,   21175392 total
: 109248K->21824K(109248K), 0.0085212 secs] 237991K->151916K(502464K), 0.0085711 secs] [Times: user=0.00 sys=0.00, real=0.01 secs] 
Heap after GC invocations=175 (full 5):
 par new generation   total 109248K, used 21824K [0x00000000e0000000, 0x00000000e8000000, 0x00000000e8000000)
  eden space 87424K,   0% used [0x00000000e0000000, 0x00000000e0000000, 0x00000000e5560000)
  from space 21824K, 100% used [0x00000000e6ab0000, 0x00000000e8000000, 0x00000000e8000000)
  to   space 21824K,   0% used [0x00000000e5560000, 0x00000000e5560000, 0x00000000e6ab0000)
 concurrent mark-sweep generation total 393216K, used 130092K [0x00000000e8000000, 0x0000000100000000, 0x0000000100000000)
 Metaspace       used 31823K, capacity 32170K, committed 32536K, reserved 1077248K
  class space    used 3649K, capacity 3779K, committed 3864K, reserved 1048576K
}
2015-09-08T13:11:38.357+0200: 2633.431: Total time for which application threads were stopped: 0.0087907 seconds, Stopping threads took: 0.0000714 seconds
2015-09-08T13:11:38.410+0200: 2633.483: Total time for which application threads were stopped: 0.0001696 seconds, Stopping threads took: 0.0000541 seconds
{Heap before GC invocations=175 (full 5):
 par new generation   total 109248K, used 109248K [0x00000000e0000000, 0x00000000e8000000, 0x00000000e8000000)
  eden space 87424K, 100% used [0x00000000e0000000, 0x00000000e5560000, 0x00000000e5560000)
  from space 21824K, 100% used [0x00000000e6ab0000, 0x00000000e8000000, 0x00000000e8000000)
  to   space 21824K,   0% used [0x00000000e5560000, 0x00000000e5560000, 0x00000000e6ab0000)
 concurrent mark-sweep generation total 393216K, used 130092K [0x00000000e8000000, 0x0000000100000000, 0x0000000100000000)
 Metaspace       used 31823K, capacity 32170K, committed 32536K, reserved 1077248K
  class space    used 3649K, capacity 3779K, committed 3864K, reserved 1048576K
2015-09-08T13:11:38.466+0200: 2633.539: [GC (Allocation Failure) 2633.539: [ParNew
Desired survivor size 20112992 bytes, new threshold 8 (max 8)
- age   1:    1924832 bytes,    1924832 total
- age   2:    4136640 bytes,    6061472 total
- age   3:    4333144 bytes,   10394616 total
- age   4:    1994216 bytes,   12388832 total
- age   5:    2346776 bytes,   14735608 total
- age   6:    2576240 bytes,   17311848 total
- age   7:    1106376 bytes,   18418224 total
- age   8:    2166800 bytes,   20585024 total
: 109248K->21824K(109248K), 0.0079939 secs] 239340K->154130K(502464K), 0.0080323 secs] [Times: user=0.06 sys=0.00, real=0.01 secs] 
Heap after GC invocations=176 (full 5):
 par new generation   total 109248K, used 21824K [0x00000000e0000000, 0x00000000e8000000, 0x00000000e8000000)
  eden space 87424K,   0% used [0x00000000e0000000, 0x00000000e0000000, 0x00000000e5560000)
  from space 21824K, 100% used [0x00000000e5560000, 0x00000000e6ab0000, 0x00000000e6ab0000)
  to   space 21824K,   0% used [0x00000000e6ab0000, 0x00000000e6ab0000, 0x00000000e8000000)
 concurrent mark-sweep generation total 393216K, used 132306K [0x00000000e8000000, 0x0000000100000000, 0x0000000100000000)
 Metaspace       used 31823K, capacity 32170K, committed 32536K, reserved 1077248K
  class space    used 3649K, capacity 3779K, committed 3864K, reserved 1048576K
}
2015-09-08T13:11:38.474+0200: 2633.547: Total time for which application threads were stopped: 0.0082128 seconds, Stopping threads took: 0.0000298 seconds
{Heap before GC invocations=176 (full 5):
 par new generation   total 109248K, used 109248K [0x00000000e0000000, 0x00000000e8000000, 0x00000000e8000000)
  eden space 87424K, 100% used [0x00000000e0000000, 0x00000000e5560000, 0x00000000e5560000)
  from space 21824K, 100% used [0x00000000e5560000, 0x00000000e6ab0000, 0x00000000e6ab0000)
  to   space 21824K,   0% used [0x00000000e6ab0000, 0x00000000e6ab0000, 0x00000000e8000000)
 concurrent mark-sweep generation total 393216K, used 132306K [0x00000000e8000000, 0x0000000100000000, 0x0000000100000000)
 Metaspace       used 31823K, capacity 32170K, committed 32536K, reserved 1077248K
  class space    used 3649K, capacity 3779K, committed 3864K, reserved 1048576K
2015-09-08T13:11:38.555+0200: 2633.628: [GC (Allocation Failure) 2633.628: [ParNew
Desired survivor size 20112992 bytes, new threshold 8 (max 8)
- age   1:    2012152 bytes,    2012152 total
- age   2:    1119976 bytes,    3132128 total
- age   3:    4066128 bytes,    7198256 total
- age   4:    4000936 bytes,   11199192 total
- age   5:    1992248 bytes,   13191440 total
- age   6:    2341472 bytes,   15532912 total
- age   7:    2574768 bytes,   18107680 total
- age   8:    1105448 bytes,   19213128 total
: 109248K->21824K(109248K), 0.0069894 secs] 241554K->156597K(502464K), 0.0070368 secs] [Times: user=0.00 sys=0.00, real=0.01 secs] 
Heap after GC invocations=177 (full 5):
 par new generation   total 109248K, used 21824K [0x00000000e0000000, 0x00000000e8000000, 0x00000000e8000000)
  eden space 87424K,   0% used [0x00000000e0000000, 0x00000000e0000000, 0x00000000e5560000)
  from space 21824K, 100% used [0x00000000e6ab0000, 0x00000000e8000000, 0x00000000e8000000)
  to   space 21824K,   0% used [0x00000000e5560000, 0x00000000e5560000, 0x00000000e6ab0000)
 concurrent mark-sweep generation total 393216K, used 134773K [0x00000000e8000000, 0x0000000100000000, 0x0000000100000000)
 Metaspace       used 31823K, capacity 32170K, committed 32536K, reserved 1077248K
  class space    used 3649K, capacity 3779K, committed 3864K, reserved 1048576K
}
2015-09-08T13:11:38.562+0200: 2633.635: Total time for which application threads were stopped: 0.0072041 seconds, Stopping threads took: 0.0000288 seconds
2015-09-08T13:11:38.594+0200: 2633.667: Total time for which application threads were stopped: 0.0001242 seconds, Stopping threads took: 0.0000352 seconds
2015-09-08T13:11:38.594+0200: 2633.667: Total time for which application threads were stopped: 0.0002131 seconds, Stopping threads took: 0.0001434 seconds
2015-09-08T13:11:38.611+0200: 2633.684: Total time for which application threads were stopped: 0.0002070 seconds, Stopping threads took: 0.0000829 seconds
{Heap before GC invocations=177 (full 5):
 par new generation   total 109248K, used 109248K [0x00000000e0000000, 0x00000000e8000000, 0x00000000e8000000)
  eden space 87424K, 100% used [0x00000000e0000000, 0x00000000e5560000, 0x00000000e5560000)
  from space 21824K, 100% used [0x00000000e6ab0000, 0x00000000e8000000, 0x00000000e8000000)
  to   space 21824K,   0% used [0x00000000e5560000, 0x00000000e5560000, 0x00000000e6ab0000)
 concurrent mark-sweep generation total 393216K, used 134773K [0x00000000e8000000, 0x0000000100000000, 0x0000000100000000)
 Metaspace       used 31828K, capacity 32170K, committed 32536K, reserved 1077248K
  class space    used 3649K, capacity 3779K, committed 3864K, reserved 1048576K
2015-09-08T13:11:38.797+0200: 2633.871: [GC (Allocation Failure) 2633.871: [ParNew
Desired survivor size 20112992 bytes, new threshold 8 (max 8)
- age   1:    4064320 bytes,    4064320 total
- age   2:     714040 bytes,    4778360 total
- age   3:    1021376 bytes,    5799736 total
- age   4:    3997608 bytes,    9797344 total
- age   5:    3291120 bytes,   13088464 total
- age   6:    1914744 bytes,   15003208 total
- age   7:    2263368 bytes,   17266576 total
- age   8:    2524976 bytes,   19791552 total
: 109248K->21824K(109248K), 0.0080387 secs] 244021K->158965K(502464K), 0.0080950 secs] [Times: user=0.06 sys=0.00, real=0.01 secs] 
Heap after GC invocations=178 (full 5):
 par new generation   total 109248K, used 21824K [0x00000000e0000000, 0x00000000e8000000, 0x00000000e8000000)
  eden space 87424K,   0% used [0x00000000e0000000, 0x00000000e0000000, 0x00000000e5560000)
  from space 21824K, 100% used [0x00000000e5560000, 0x00000000e6ab0000, 0x00000000e6ab0000)
  to   space 21824K,   0% used [0x00000000e6ab0000, 0x00000000e6ab0000, 0x00000000e8000000)
 concurrent mark-sweep generation total 393216K, used 137141K [0x00000000e8000000, 0x0000000100000000, 0x0000000100000000)
 Metaspace       used 31828K, capacity 32170K, committed 32536K, reserved 1077248K
  class space    used 3649K, capacity 3779K, committed 3864K, reserved 1048576K
}
2015-09-08T13:11:38.806+0200: 2633.879: Total time for which application threads were stopped: 0.0082470 seconds, Stopping threads took: 0.0000144 seconds
2015-09-08T13:11:38.947+0200: 2634.020: Total time for which application threads were stopped: 0.0001610 seconds, Stopping threads took: 0.0000746 seconds
2015-09-08T13:11:38.947+0200: 2634.021: Total time for which application threads were stopped: 0.0000995 seconds, Stopping threads took: 0.0000144 seconds
2015-09-08T13:11:38.954+0200: 2634.027: Total time for which application threads were stopped: 0.0001059 seconds, Stopping threads took: 0.0000134 seconds
2015-09-08T13:11:38.959+0200: 2634.032: Total time for which application threads were stopped: 0.0001805 seconds, Stopping threads took: 0.0000710 seconds
2015-09-08T13:11:38.959+0200: 2634.032: Total time for which application threads were stopped: 0.0000643 seconds, Stopping threads took: 0.0000077 seconds
{Heap before GC invocations=178 (full 5):
 par new generation   total 109248K, used 109248K [0x00000000e0000000, 0x00000000e8000000, 0x00000000e8000000)
  eden space 87424K, 100% used [0x00000000e0000000, 0x00000000e5560000, 0x00000000e5560000)
  from space 21824K, 100% used [0x00000000e5560000, 0x00000000e6ab0000, 0x00000000e6ab0000)
  to   space 21824K,   0% used [0x00000000e6ab0000, 0x00000000e6ab0000, 0x00000000e8000000)
 concurrent mark-sweep generation total 393216K, used 137141K [0x00000000e8000000, 0x0000000100000000, 0x0000000100000000)
 Metaspace       used 31830K, capacity 32234K, committed 32536K, reserved 1077248K
  class space    used 3649K, capacity 3779K, committed 3864K, reserved 1048576K
2015-09-08T13:11:39.024+0200: 2634.097: [GC (Allocation Failure) 2634.097: [ParNew
Desired survivor size 20112992 bytes, new threshold 8 (max 8)
- age   1:    4540624 bytes,    4540624 total
- age   2:    2133984 bytes,    6674608 total
- age   3:     658472 bytes,    7333080 total
- age   4:     963760 bytes,    8296840 total
- age   5:    3807840 bytes,   12104680 total
- age   6:    3290112 bytes,   15394792 total
- age   7:    1914336 bytes,   17309128 total
- age   8:    2263368 bytes,   19572496 total
: 109248K->21824K(109248K), 0.0072003 secs] 246389K->162253K(502464K), 0.0072432 secs] [Times: user=0.00 sys=0.00, real=0.01 secs] 
Heap after GC invocations=179 (full 5):
 par new generation   total 109248K, used 21824K [0x00000000e0000000, 0x00000000e8000000, 0x00000000e8000000)
  eden space 87424K,   0% used [0x00000000e0000000, 0x00000000e0000000, 0x00000000e5560000)
  from space 21824K, 100% used [0x00000000e6ab0000, 0x00000000e8000000, 0x00000000e8000000)
  to   space 21824K,   0% used [0x00000000e5560000, 0x00000000e5560000, 0x00000000e6ab0000)
 concurrent mark-sweep generation total 393216K, used 140429K [0x00000000e8000000, 0x0000000100000000, 0x0000000100000000)
 Metaspace       used 31830K, capacity 32234K, committed 32536K, reserved 1077248K
  class space    used 3649K, capacity 3779K, committed 3864K, reserved 1048576K
}
2015-09-08T13:11:39.031+0200: 2634.105: Total time for which application threads were stopped: 0.0074566 seconds, Stopping threads took: 0.0000490 seconds
2015-09-08T13:11:39.077+0200: 2634.150: Total time for which application threads were stopped: 0.0001114 seconds, Stopping threads took: 0.0000205 seconds
2015-09-08T13:11:39.077+0200: 2634.150: Total time for which application threads were stopped: 0.0000768 seconds, Stopping threads took: 0.0000147 seconds
2015-09-08T13:11:39.077+0200: 2634.150: Total time for which application threads were stopped: 0.0000822 seconds, Stopping threads took: 0.0000358 seconds
2015-09-08T13:11:39.077+0200: 2634.150: Total time for which application threads were stopped: 0.0000528 seconds, Stopping threads took: 0.0000067 seconds
{Heap before GC invocations=179 (full 5):
 par new generation   total 109248K, used 109248K [0x00000000e0000000, 0x00000000e8000000, 0x00000000e8000000)
  eden space 87424K, 100% used [0x00000000e0000000, 0x00000000e5560000, 0x00000000e5560000)
  from space 21824K, 100% used [0x00000000e6ab0000, 0x00000000e8000000, 0x00000000e8000000)
  to   space 21824K,   0% used [0x00000000e5560000, 0x00000000e5560000, 0x00000000e6ab0000)
 concurrent mark-sweep generation total 393216K, used 140429K [0x00000000e8000000, 0x0000000100000000, 0x0000000100000000)
 Metaspace       used 31834K, capacity 32234K, committed 32536K, reserved 1077248K
  class space    used 3649K, capacity 3779K, committed 3864K, reserved 1048576K
2015-09-08T13:11:39.223+0200: 2634.296: [GC (Allocation Failure) 2634.296: [ParNew
Desired survivor size 20112992 bytes, new threshold 8 (max 8)
- age   1:    3226104 bytes,    3226104 total
- age   2:    3696832 bytes,    6922936 total
- age   3:    1890960 bytes,    8813896 total
- age   4:     617344 bytes,    9431240 total
- age   5:     853448 bytes,   10284688 total
- age   6:    3716928 bytes,   14001616 total
- age   7:    3289800 bytes,   17291416 total
- age   8:    1912416 bytes,   19203832 total
: 109248K->21824K(109248K), 0.0070284 secs] 249677K->164698K(502464K), 0.0070768 secs] [Times: user=0.00 sys=0.00, real=0.01 secs] 
Heap after GC invocations=180 (full 5):
 par new generation   total 109248K, used 21824K [0x00000000e0000000, 0x00000000e8000000, 0x00000000e8000000)
  eden space 87424K,   0% used [0x00000000e0000000, 0x00000000e0000000, 0x00000000e5560000)
  from space 21824K, 100% used [0x00000000e5560000, 0x00000000e6ab0000, 0x00000000e6ab0000)
  to   space 21824K,   0% used [0x00000000e6ab0000, 0x00000000e6ab0000, 0x00000000e8000000)
 concurrent mark-sweep generation total 393216K, used 142874K [0x00000000e8000000, 0x0000000100000000, 0x0000000100000000)
 Metaspace       used 31834K, capacity 32234K, committed 32536K, reserved 1077248K
  class space    used 3649K, capacity 3779K, committed 3864K, reserved 1048576K
}
2015-09-08T13:11:39.230+0200: 2634.303: Total time for which application threads were stopped: 0.0072624 seconds, Stopping threads took: 0.0000138 seconds
2015-09-08T13:11:39.230+0200: 2634.303: Total time for which application threads were stopped: 0.0001395 seconds, Stopping threads took: 0.0000170 seconds
{Heap before GC invocations=180 (full 5):
 par new generation   total 109248K, used 109248K [0x00000000e0000000, 0x00000000e8000000, 0x00000000e8000000)
  eden space 87424K, 100% used [0x00000000e0000000, 0x00000000e5560000, 0x00000000e5560000)
  from space 21824K, 100% used [0x00000000e5560000, 0x00000000e6ab0000, 0x00000000e6ab0000)
  to   space 21824K,   0% used [0x00000000e6ab0000, 0x00000000e6ab0000, 0x00000000e8000000)
 concurrent mark-sweep generation total 393216K, used 142874K [0x00000000e8000000, 0x0000000100000000, 0x0000000100000000)
 Metaspace       used 31834K, capacity 32234K, committed 32536K, reserved 1077248K
  class space    used 3649K, capacity 3779K, committed 3864K, reserved 1048576K
2015-09-08T13:11:39.519+0200: 2634.591: [GC (Allocation Failure) 2634.591: [ParNew
Desired survivor size 20112992 bytes, new threshold 8 (max 8)
- age   1:    3845736 bytes,    3845736 total
- age   2:    1842392 bytes,    5688128 total
- age   3:    3192888 bytes,    8881016 total
- age   4:    1858176 bytes,   10739192 total
- age   5:     617344 bytes,   11356536 total
- age   6:     853448 bytes,   12209984 total
- age   7:    3716928 bytes,   15926912 total
- age   8:    3289824 bytes,   19216736 total
: 109248K->21824K(109248K), 0.0074233 secs] 252122K->168441K(502464K), 0.0074700 secs] [Times: user=0.06 sys=0.00, real=0.01 secs] 
Heap after GC invocations=181 (full 5):
 par new generation   total 109248K, used 21824K [0x00000000e0000000, 0x00000000e8000000, 0x00000000e8000000)
  eden space 87424K,   0% used [0x00000000e0000000, 0x00000000e0000000, 0x00000000e5560000)
  from space 21824K, 100% used [0x00000000e6ab0000, 0x00000000e8000000, 0x00000000e8000000)
  to   space 21824K,   0% used [0x00000000e5560000, 0x00000000e5560000, 0x00000000e6ab0000)
 concurrent mark-sweep generation total 393216K, used 146617K [0x00000000e8000000, 0x0000000100000000, 0x0000000100000000)
 Metaspace       used 31834K, capacity 32234K, committed 32536K, reserved 1077248K
  class space    used 3649K, capacity 3779K, committed 3864K, reserved 1048576K
}
2015-09-08T13:11:39.527+0200: 2634.599: Total time for which application threads were stopped: 0.0076096 seconds, Stopping threads took: 0.0000131 seconds
{Heap before GC invocations=181 (full 5):
 par new generation   total 109248K, used 109101K [0x00000000e0000000, 0x00000000e8000000, 0x00000000e8000000)
  eden space 87424K,  99% used [0x00000000e0000000, 0x00000000e553b640, 0x00000000e5560000)
  from space 21824K, 100% used [0x00000000e6ab0000, 0x00000000e8000000, 0x00000000e8000000)
  to   space 21824K,   0% used [0x00000000e5560000, 0x00000000e5560000, 0x00000000e6ab0000)
 concurrent mark-sweep generation total 393216K, used 146617K [0x00000000e8000000, 0x0000000100000000, 0x0000000100000000)
 Metaspace       used 31834K, capacity 32234K, committed 32536K, reserved 1077248K
  class space    used 3649K, capacity 3779K, committed 3864K, reserved 1048576K
2015-09-08T13:11:39.818+0200: 2634.891: [GC (Allocation Failure) 2634.891: [ParNew
Desired survivor size 20112992 bytes, new threshold 8 (max 8)
- age   1:    6686800 bytes,    6686800 total
- age   2:    1621064 bytes,    8307864 total
- age   3:    1824000 bytes,   10131864 total
- age   4:    3029464 bytes,   13161328 total
- age   5:    1685288 bytes,   14846616 total
- age   6:     286992 bytes,   15133608 total
- age   7:     389176 bytes,   15522784 total
- age   8:    3187168 bytes,   18709952 total
: 109101K->21824K(109248K), 0.0075238 secs] 255718K->173974K(502464K), 0.0075705 secs] [Times: user=0.00 sys=0.00, real=0.01 secs] 
Heap after GC invocations=182 (full 5):
 par new generation   total 109248K, used 21824K [0x00000000e0000000, 0x00000000e8000000, 0x00000000e8000000)
  eden space 87424K,   0% used [0x00000000e0000000, 0x00000000e0000000, 0x00000000e5560000)
  from space 21824K, 100% used [0x00000000e5560000, 0x00000000e6ab0000, 0x00000000e6ab0000)
  to   space 21824K,   0% used [0x00000000e6ab0000, 0x00000000e6ab0000, 0x00000000e8000000)
 concurrent mark-sweep generation total 393216K, used 152150K [0x00000000e8000000, 0x0000000100000000, 0x0000000100000000)
 Metaspace       used 31834K, capacity 32234K, committed 32536K, reserved 1077248K
  class space    used 3649K, capacity 3779K, committed 3864K, reserved 1048576K
}
2015-09-08T13:11:39.826+0200: 2634.898: Total time for which application threads were stopped: 0.0077193 seconds, Stopping threads took: 0.0000138 seconds
{Heap before GC invocations=182 (full 5):
 par new generation   total 109248K, used 109248K [0x00000000e0000000, 0x00000000e8000000, 0x00000000e8000000)
  eden space 87424K, 100% used [0x00000000e0000000, 0x00000000e5560000, 0x00000000e5560000)
  from space 21824K, 100% used [0x00000000e5560000, 0x00000000e6ab0000, 0x00000000e6ab0000)
  to   space 21824K,   0% used [0x00000000e6ab0000, 0x00000000e6ab0000, 0x00000000e8000000)
 concurrent mark-sweep generation total 393216K, used 152150K [0x00000000e8000000, 0x0000000100000000, 0x0000000100000000)
 Metaspace       used 31834K, capacity 32234K, committed 32536K, reserved 1077248K
  class space    used 3649K, capacity 3779K, committed 3864K, reserved 1048576K
2015-09-08T13:11:40.127+0200: 2635.199: [GC (Allocation Failure) 2635.199: [ParNew
Desired survivor size 20112992 bytes, new threshold 8 (max 8)
- age   1:    7187024 bytes,    7187024 total
- age   2:    2807368 bytes,    9994392 total
- age   3:    1514408 bytes,   11508800 total
- age   4:    1795680 bytes,   13304480 total
- age   5:    2580344 bytes,   15884824 total
- age   6:    1656280 bytes,   17541104 total
- age   7:     273912 bytes,   17815016 total
- age   8:     370200 bytes,   18185216 total
: 109248K->21824K(109248K), 0.0066185 secs] 261398K->177757K(502464K), 0.0067321 secs] [Times: user=0.05 sys=0.00, real=0.01 secs] 
Heap after GC invocations=183 (full 5):
 par new generation   total 109248K, used 21824K [0x00000000e0000000, 0x00000000e8000000, 0x00000000e8000000)
  eden space 87424K,   0% used [0x00000000e0000000, 0x00000000e0000000, 0x00000000e5560000)
  from space 21824K, 100% used [0x00000000e6ab0000, 0x00000000e8000000, 0x00000000e8000000)
  to   space 21824K,   0% used [0x00000000e5560000, 0x00000000e5560000, 0x00000000e6ab0000)
 concurrent mark-sweep generation total 393216K, used 155933K [0x00000000e8000000, 0x0000000100000000, 0x0000000100000000)
 Metaspace       used 31834K, capacity 32234K, committed 32536K, reserved 1077248K
  class space    used 3649K, capacity 3779K, committed 3864K, reserved 1048576K
}
2015-09-08T13:11:40.134+0200: 2635.206: Total time for which application threads were stopped: 0.0068809 seconds, Stopping threads took: 0.0000144 seconds
{Heap before GC invocations=183 (full 5):
 par new generation   total 109248K, used 109248K [0x00000000e0000000, 0x00000000e8000000, 0x00000000e8000000)
  eden space 87424K, 100% used [0x00000000e0000000, 0x00000000e5560000, 0x00000000e5560000)
  from space 21824K, 100% used [0x00000000e6ab0000, 0x00000000e8000000, 0x00000000e8000000)
  to   space 21824K,   0% used [0x00000000e5560000, 0x00000000e5560000, 0x00000000e6ab0000)
 concurrent mark-sweep generation total 393216K, used 155933K [0x00000000e8000000, 0x0000000100000000, 0x0000000100000000)
 Metaspace       used 31834K, capacity 32234K, committed 32536K, reserved 1077248K
  class space    used 3649K, capacity 3779K, committed 3864K, reserved 1048576K
2015-09-08T13:11:40.425+0200: 2635.498: [GC (Allocation Failure) 2635.498: [ParNew
Desired survivor size 20112992 bytes, new threshold 8 (max 8)
- age   1:    5274832 bytes,    5274832 total
- age   2:    2900728 bytes,    8175560 total
- age   3:    2598712 bytes,   10774272 total
- age   4:    1437088 bytes,   12211360 total
- age   5:    1746200 bytes,   13957560 total
- age   6:    2531408 bytes,   16488968 total
- age   7:    1616768 bytes,   18105736 total
- age   8:     259568 bytes,   18365304 total
: 109248K->21824K(109248K), 0.0067808 secs] 265181K->180906K(502464K), 0.0068259 secs] [Times: user=0.00 sys=0.00, real=0.01 secs] 
Heap after GC invocations=184 (full 5):
 par new generation   total 109248K, used 21824K [0x00000000e0000000, 0x00000000e8000000, 0x00000000e8000000)
  eden space 87424K,   0% used [0x00000000e0000000, 0x00000000e0000000, 0x00000000e5560000)
  from space 21824K, 100% used [0x00000000e5560000, 0x00000000e6ab0000, 0x00000000e6ab0000)
  to   space 21824K,   0% used [0x00000000e6ab0000, 0x00000000e6ab0000, 0x00000000e8000000)
 concurrent mark-sweep generation total 393216K, used 159082K [0x00000000e8000000, 0x0000000100000000, 0x0000000100000000)
 Metaspace       used 31834K, capacity 32234K, committed 32536K, reserved 1077248K
  class space    used 3649K, capacity 3779K, committed 3864K, reserved 1048576K
}
2015-09-08T13:11:40.432+0200: 2635.505: Total time for which application threads were stopped: 0.0069699 seconds, Stopping threads took: 0.0000138 seconds
{Heap before GC invocations=184 (full 5):
 par new generation   total 109248K, used 109248K [0x00000000e0000000, 0x00000000e8000000, 0x00000000e8000000)
  eden space 87424K, 100% used [0x00000000e0000000, 0x00000000e5560000, 0x00000000e5560000)
  from space 21824K, 100% used [0x00000000e5560000, 0x00000000e6ab0000, 0x00000000e6ab0000)
  to   space 21824K,   0% used [0x00000000e6ab0000, 0x00000000e6ab0000, 0x00000000e8000000)
 concurrent mark-sweep generation total 393216K, used 159082K [0x00000000e8000000, 0x0000000100000000, 0x0000000100000000)
 Metaspace       used 31834K, capacity 32234K, committed 32536K, reserved 1077248K
  class space    used 3649K, capacity 3779K, committed 3864K, reserved 1048576K
2015-09-08T13:11:40.730+0200: 2635.803: [GC (Allocation Failure) 2635.803: [ParNew
Desired survivor size 20112992 bytes, new threshold 8 (max 8)
- age   1:    3950928 bytes,    3950928 total
- age   2:    1554000 bytes,    5504928 total
- age   3:    2889960 bytes,    8394888 total
- age   4:    2593856 bytes,   10988744 total
- age   5:    1432952 bytes,   12421696 total
- age   6:    1744400 bytes,   14166096 total
- age   7:    2526000 bytes,   16692096 total
- age   8:    1610512 bytes,   18302608 total
: 109248K->21824K(109248K), 0.0068880 secs] 268330K->184093K(502464K), 0.0069353 secs] [Times: user=0.06 sys=0.00, real=0.01 secs] 
Heap after GC invocations=185 (full 5):
 par new generation   total 109248K, used 21824K [0x00000000e0000000, 0x00000000e8000000, 0x00000000e8000000)
  eden space 87424K,   0% used [0x00000000e0000000, 0x00000000e0000000, 0x00000000e5560000)
  from space 21824K, 100% used [0x00000000e6ab0000, 0x00000000e8000000, 0x00000000e8000000)
  to   space 21824K,   0% used [0x00000000e5560000, 0x00000000e5560000, 0x00000000e6ab0000)
 concurrent mark-sweep generation total 393216K, used 162269K [0x00000000e8000000, 0x0000000100000000, 0x0000000100000000)
 Metaspace       used 31834K, capacity 32234K, committed 32536K, reserved 1077248K
  class space    used 3649K, capacity 3779K, committed 3864K, reserved 1048576K
}
2015-09-08T13:11:40.737+0200: 2635.810: Total time for which application threads were stopped: 0.0070784 seconds, Stopping threads took: 0.0000141 seconds
{Heap before GC invocations=185 (full 5):
 par new generation   total 109248K, used 109248K [0x00000000e0000000, 0x00000000e8000000, 0x00000000e8000000)
  eden space 87424K, 100% used [0x00000000e0000000, 0x00000000e5560000, 0x00000000e5560000)
  from space 21824K, 100% used [0x00000000e6ab0000, 0x00000000e8000000, 0x00000000e8000000)
  to   space 21824K,   0% used [0x00000000e5560000, 0x00000000e5560000, 0x00000000e6ab0000)
 concurrent mark-sweep generation total 393216K, used 162269K [0x00000000e8000000, 0x0000000100000000, 0x0000000100000000)
 Metaspace       used 31834K, capacity 32234K, committed 32536K, reserved 1077248K
  class space    used 3649K, capacity 3779K, committed 3864K, reserved 1048576K
2015-09-08T13:11:41.039+0200: 2636.112: [GC (Allocation Failure) 2636.112: [ParNew
Desired survivor size 20112992 bytes, new threshold 8 (max 8)
- age   1:    5659208 bytes,    5659208 total
- age   2:    2438016 bytes,    8097224 total
- age   3:    1394904 bytes,    9492128 total
- age   4:    2309712 bytes,   11801840 total
- age   5:    2373416 bytes,   14175256 total
- age   6:    1243832 bytes,   15419088 total
- age   7:    1597120 bytes,   17016208 total
- age   8:    2487344 bytes,   19503552 total
: 109248K->21824K(109248K), 0.0074739 secs] 271517K->189227K(502464K), 0.0075206 secs] [Times: user=0.00 sys=0.00, real=0.01 secs] 
Heap after GC invocations=186 (full 5):
 par new generation   total 109248K, used 21824K [0x00000000e0000000, 0x00000000e8000000, 0x00000000e8000000)
  eden space 87424K,   0% used [0x00000000e0000000, 0x00000000e0000000, 0x00000000e5560000)
  from space 21824K, 100% used [0x00000000e5560000, 0x00000000e6ab0000, 0x00000000e6ab0000)
  to   space 21824K,   0% used [0x00000000e6ab0000, 0x00000000e6ab0000, 0x00000000e8000000)
 concurrent mark-sweep generation total 393216K, used 167403K [0x00000000e8000000, 0x0000000100000000, 0x0000000100000000)
 Metaspace       used 31834K, capacity 32234K, committed 32536K, reserved 1077248K
  class space    used 3649K, capacity 3779K, committed 3864K, reserved 1048576K
}
2015-09-08T13:11:41.047+0200: 2636.119: Total time for which application threads were stopped: 0.0076704 seconds, Stopping threads took: 0.0000138 seconds
{Heap before GC invocations=186 (full 5):
 par new generation   total 109248K, used 109248K [0x00000000e0000000, 0x00000000e8000000, 0x00000000e8000000)
  eden space 87424K, 100% used [0x00000000e0000000, 0x00000000e5560000, 0x00000000e5560000)
  from space 21824K, 100% used [0x00000000e5560000, 0x00000000e6ab0000, 0x00000000e6ab0000)
  to   space 21824K,   0% used [0x00000000e6ab0000, 0x00000000e6ab0000, 0x00000000e8000000)
 concurrent mark-sweep generation total 393216K, used 167403K [0x00000000e8000000, 0x0000000100000000, 0x0000000100000000)
 Metaspace       used 31834K, capacity 32234K, committed 32536K, reserved 1077248K
  class space    used 3649K, capacity 3779K, committed 3864K, reserved 1048576K
2015-09-08T13:11:41.340+0200: 2636.413: [GC (Allocation Failure) 2636.413: [ParNew
Desired survivor size 20112992 bytes, new threshold 8 (max 8)
- age   1:    3554232 bytes,    3554232 total
- age   2:    2728880 bytes,    6283112 total
- age   3:    2407096 bytes,    8690208 total
- age   4:    1378464 bytes,   10068672 total
- age   5:    2293768 bytes,   12362440 total
- age   6:    2227656 bytes,   14590096 total
- age   7:    1229808 bytes,   15819904 total
- age   8:    1586696 bytes,   17406600 total
: 109248K->21824K(109248K), 0.0080873 secs] 276651K->196976K(502464K), 0.0081372 secs] [Times: user=0.06 sys=0.00, real=0.01 secs] 
Heap after GC invocations=187 (full 5):
 par new generation   total 109248K, used 21824K [0x00000000e0000000, 0x00000000e8000000, 0x00000000e8000000)
  eden space 87424K,   0% used [0x00000000e0000000, 0x00000000e0000000, 0x00000000e5560000)
  from space 21824K, 100% used [0x00000000e6ab0000, 0x00000000e8000000, 0x00000000e8000000)
  to   space 21824K,   0% used [0x00000000e5560000, 0x00000000e5560000, 0x00000000e6ab0000)
 concurrent mark-sweep generation total 393216K, used 175152K [0x00000000e8000000, 0x0000000100000000, 0x0000000100000000)
 Metaspace       used 31834K, capacity 32234K, committed 32536K, reserved 1077248K
  class space    used 3649K, capacity 3779K, committed 3864K, reserved 1048576K
}
2015-09-08T13:11:41.349+0200: 2636.421: Total time for which application threads were stopped: 0.0082767 seconds, Stopping threads took: 0.0000134 seconds
{Heap before GC invocations=187 (full 5):
 par new generation   total 109248K, used 109248K [0x00000000e0000000, 0x00000000e8000000, 0x00000000e8000000)
  eden space 87424K, 100% used [0x00000000e0000000, 0x00000000e5560000, 0x00000000e5560000)
  from space 21824K, 100% used [0x00000000e6ab0000, 0x00000000e8000000, 0x00000000e8000000)
  to   space 21824K,   0% used [0x00000000e5560000, 0x00000000e5560000, 0x00000000e6ab0000)
 concurrent mark-sweep generation total 393216K, used 175152K [0x00000000e8000000, 0x0000000100000000, 0x0000000100000000)
 Metaspace       used 31834K, capacity 32234K, committed 32536K, reserved 1077248K
  class space    used 3649K, capacity 3779K, committed 3864K, reserved 1048576K
2015-09-08T13:11:41.649+0200: 2636.721: [GC (Allocation Failure) 2636.721: [ParNew
Desired survivor size 20112992 bytes, new threshold 8 (max 8)
- age   1:    6955176 bytes,    6955176 total
- age   2:    1624544 bytes,    8579720 total
- age   3:    2638496 bytes,   11218216 total
- age   4:    2315800 bytes,   13534016 total
- age   5:    1280752 bytes,   14814768 total
- age   6:    2085888 bytes,   16900656 total
- age   7:    2155560 bytes,   19056216 total
- age   8:    1155632 bytes,   20211848 total
: 109248K->21824K(109248K), 0.0083820 secs] 284400K->203263K(502464K), 0.0084351 secs] [Times: user=0.02 sys=0.00, real=0.01 secs] 
Heap after GC invocations=188 (full 5):
 par new generation   total 109248K, used 21824K [0x00000000e0000000, 0x00000000e8000000, 0x00000000e8000000)
  eden space 87424K,   0% used [0x00000000e0000000, 0x00000000e0000000, 0x00000000e5560000)
  from space 21824K, 100% used [0x00000000e5560000, 0x00000000e6ab0000, 0x00000000e6ab0000)
  to   space 21824K,   0% used [0x00000000e6ab0000, 0x00000000e6ab0000, 0x00000000e8000000)
 concurrent mark-sweep generation total 393216K, used 181439K [0x00000000e8000000, 0x0000000100000000, 0x0000000100000000)
 Metaspace       used 31834K, capacity 32234K, committed 32536K, reserved 1077248K
  class space    used 3649K, capacity 3779K, committed 3864K, reserved 1048576K
}
2015-09-08T13:11:41.657+0200: 2636.730: Total time for which application threads were stopped: 0.0085916 seconds, Stopping threads took: 0.0000138 seconds
{Heap before GC invocations=188 (full 5):
 par new generation   total 109248K, used 109248K [0x00000000e0000000, 0x00000000e8000000, 0x00000000e8000000)
  eden space 87424K, 100% used [0x00000000e0000000, 0x00000000e5560000, 0x00000000e5560000)
  from space 21824K, 100% used [0x00000000e5560000, 0x00000000e6ab0000, 0x00000000e6ab0000)
  to   space 21824K,   0% used [0x00000000e6ab0000, 0x00000000e6ab0000, 0x00000000e8000000)
 concurrent mark-sweep generation total 393216K, used 181439K [0x00000000e8000000, 0x0000000100000000, 0x0000000100000000)
 Metaspace       used 31834K, capacity 32234K, committed 32536K, reserved 1077248K
  class space    used 3649K, capacity 3779K, committed 3864K, reserved 1048576K
2015-09-08T13:11:41.970+0200: 2637.043: [GC (Allocation Failure) 2637.043: [ParNew
Desired survivor size 20112992 bytes, new threshold 8 (max 8)
- age   1:    2606312 bytes,    2606312 total
- age   2:    5799344 bytes,    8405656 total
- age   3:    1532576 bytes,    9938232 total
- age   4:    2386936 bytes,   12325168 total
- age   5:    2262696 bytes,   14587864 total
- age   6:    1076568 bytes,   15664432 total
- age   7:    2047856 bytes,   17712288 total
- age   8:    2119496 bytes,   19831784 total
: 109248K->21824K(109248K), 0.0084543 secs] 290687K->206797K(502464K), 0.0085014 secs] [Times: user=0.00 sys=0.00, real=0.01 secs] 
Heap after GC invocations=189 (full 5):
 par new generation   total 109248K, used 21824K [0x00000000e0000000, 0x00000000e8000000, 0x00000000e8000000)
  eden space 87424K,   0% used [0x00000000e0000000, 0x00000000e0000000, 0x00000000e5560000)
  from space 21824K, 100% used [0x00000000e6ab0000, 0x00000000e8000000, 0x00000000e8000000)
  to   space 21824K,   0% used [0x00000000e5560000, 0x00000000e5560000, 0x00000000e6ab0000)
 concurrent mark-sweep generation total 393216K, used 184973K [0x00000000e8000000, 0x0000000100000000, 0x0000000100000000)
 Metaspace       used 31834K, capacity 32234K, committed 32536K, reserved 1077248K
  class space    used 3649K, capacity 3779K, committed 3864K, reserved 1048576K
}
2015-09-08T13:11:41.979+0200: 2637.051: Total time for which application threads were stopped: 0.0086460 seconds, Stopping threads took: 0.0000144 seconds
{Heap before GC invocations=189 (full 5):
 par new generation   total 109248K, used 109248K [0x00000000e0000000, 0x00000000e8000000, 0x00000000e8000000)
  eden space 87424K, 100% used [0x00000000e0000000, 0x00000000e5560000, 0x00000000e5560000)
  from space 21824K, 100% used [0x00000000e6ab0000, 0x00000000e8000000, 0x00000000e8000000)
  to   space 21824K,   0% used [0x00000000e5560000, 0x00000000e5560000, 0x00000000e6ab0000)
 concurrent mark-sweep generation total 393216K, used 184973K [0x00000000e8000000, 0x0000000100000000, 0x0000000100000000)
 Metaspace       used 31834K, capacity 32234K, committed 32536K, reserved 1077248K
  class space    used 3649K, capacity 3779K, committed 3864K, reserved 1048576K
2015-09-08T13:11:42.276+0200: 2637.349: [GC (Allocation Failure) 2637.349: [ParNew
Desired survivor size 20112992 bytes, new threshold 7 (max 8)
- age   1:    8501568 bytes,    8501568 total
- age   2:    2049376 bytes,   10550944 total
- age   3:    3442848 bytes,   13993792 total
- age   4:    1095624 bytes,   15089416 total
- age   5:    2209944 bytes,   17299360 total
- age   6:    2086776 bytes,   19386136 total
- age   7:     947408 bytes,   20333544 total
- age   8:    1927712 bytes,   22261256 total
: 109248K->21824K(109248K), 0.0092988 secs] 294221K->211252K(502464K), 0.0093465 secs] [Times: user=0.06 sys=0.00, real=0.01 secs] 
Heap after GC invocations=190 (full 5):
 par new generation   total 109248K, used 21824K [0x00000000e0000000, 0x00000000e8000000, 0x00000000e8000000)
  eden space 87424K,   0% used [0x00000000e0000000, 0x00000000e0000000, 0x00000000e5560000)
  from space 21824K, 100% used [0x00000000e5560000, 0x00000000e6ab0000, 0x00000000e6ab0000)
  to   space 21824K,   0% used [0x00000000e6ab0000, 0x00000000e6ab0000, 0x00000000e8000000)
 concurrent mark-sweep generation total 393216K, used 189428K [0x00000000e8000000, 0x0000000100000000, 0x0000000100000000)
 Metaspace       used 31834K, capacity 32234K, committed 32536K, reserved 1077248K
  class space    used 3649K, capacity 3779K, committed 3864K, reserved 1048576K
}
2015-09-08T13:11:42.286+0200: 2637.358: Total time for which application threads were stopped: 0.0094854 seconds, Stopping threads took: 0.0000138 seconds
{Heap before GC invocations=190 (full 5):
 par new generation   total 109248K, used 109248K [0x00000000e0000000, 0x00000000e8000000, 0x00000000e8000000)
  eden space 87424K, 100% used [0x00000000e0000000, 0x00000000e5560000, 0x00000000e5560000)
  from space 21824K, 100% used [0x00000000e5560000, 0x00000000e6ab0000, 0x00000000e6ab0000)
  to   space 21824K,   0% used [0x00000000e6ab0000, 0x00000000e6ab0000, 0x00000000e8000000)
 concurrent mark-sweep generation total 393216K, used 189428K [0x00000000e8000000, 0x0000000100000000, 0x0000000100000000)
 Metaspace       used 31834K, capacity 32234K, committed 32536K, reserved 1077248K
  class space    used 3649K, capacity 3779K, committed 3864K, reserved 1048576K
2015-09-08T13:11:42.578+0200: 2637.650: [GC (Allocation Failure) 2637.650: [ParNew
Desired survivor size 20112992 bytes, new threshold 7 (max 8)
- age   1:    8633432 bytes,    8633432 total
- age   2:    1911992 bytes,   10545424 total
- age   3:    1154552 bytes,   11699976 total
- age   4:    3403368 bytes,   15103344 total
- age   5:    1040280 bytes,   16143624 total
- age   6:    2174520 bytes,   18318144 total
- age   7:    2047896 bytes,   20366040 total
: 109248K->21824K(109248K), 0.0087430 secs] 298676K->216404K(502464K), 0.0087907 secs] [Times: user=0.00 sys=0.00, real=0.01 secs] 
Heap after GC invocations=191 (full 5):
 par new generation   total 109248K, used 21824K [0x00000000e0000000, 0x00000000e8000000, 0x00000000e8000000)
  eden space 87424K,   0% used [0x00000000e0000000, 0x00000000e0000000, 0x00000000e5560000)
  from space 21824K, 100% used [0x00000000e6ab0000, 0x00000000e8000000, 0x00000000e8000000)
  to   space 21824K,   0% used [0x00000000e5560000, 0x00000000e5560000, 0x00000000e6ab0000)
 concurrent mark-sweep generation total 393216K, used 194580K [0x00000000e8000000, 0x0000000100000000, 0x0000000100000000)
 Metaspace       used 31834K, capacity 32234K, committed 32536K, reserved 1077248K
  class space    used 3649K, capacity 3779K, committed 3864K, reserved 1048576K
}
2015-09-08T13:11:42.586+0200: 2637.659: Total time for which application threads were stopped: 0.0089542 seconds, Stopping threads took: 0.0000134 seconds
{Heap before GC invocations=191 (full 5):
 par new generation   total 109248K, used 109248K [0x00000000e0000000, 0x00000000e8000000, 0x00000000e8000000)
  eden space 87424K, 100% used [0x00000000e0000000, 0x00000000e5560000, 0x00000000e5560000)
  from space 21824K, 100% used [0x00000000e6ab0000, 0x00000000e8000000, 0x00000000e8000000)
  to   space 21824K,   0% used [0x00000000e5560000, 0x00000000e5560000, 0x00000000e6ab0000)
 concurrent mark-sweep generation total 393216K, used 194580K [0x00000000e8000000, 0x0000000100000000, 0x0000000100000000)
 Metaspace       used 31834K, capacity 32234K, committed 32536K, reserved 1077248K
  class space    used 3649K, capacity 3779K, committed 3864K, reserved 1048576K
2015-09-08T13:11:42.901+0200: 2637.974: [GC (Allocation Failure) 2637.974: [ParNew
Desired survivor size 20112992 bytes, new threshold 8 (max 8)
- age   1:    5343960 bytes,    5343960 total
- age   2:    6228456 bytes,   11572416 total
- age   3:     951080 bytes,   12523496 total
- age   4:    1079960 bytes,   13603456 total
- age   5:    3361968 bytes,   16965424 total
- age   6:    1030752 bytes,   17996176 total
- age   7:    1208384 bytes,   19204560 total
: 109248K->21824K(109248K), 0.0084716 secs] 303828K->221533K(502464K), 0.0085177 secs] [Times: user=0.06 sys=0.00, real=0.01 secs] 
Heap after GC invocations=192 (full 5):
 par new generation   total 109248K, used 21824K [0x00000000e0000000, 0x00000000e8000000, 0x00000000e8000000)
  eden space 87424K,   0% used [0x00000000e0000000, 0x00000000e0000000, 0x00000000e5560000)
  from space 21824K, 100% used [0x00000000e5560000, 0x00000000e6ab0000, 0x00000000e6ab0000)
  to   space 21824K,   0% used [0x00000000e6ab0000, 0x00000000e6ab0000, 0x00000000e8000000)
 concurrent mark-sweep generation total 393216K, used 199709K [0x00000000e8000000, 0x0000000100000000, 0x0000000100000000)
 Metaspace       used 31834K, capacity 32234K, committed 32536K, reserved 1077248K
  class space    used 3649K, capacity 3779K, committed 3864K, reserved 1048576K
}
2015-09-08T13:11:42.910+0200: 2637.982: Total time for which application threads were stopped: 0.0086735 seconds, Stopping threads took: 0.0000147 seconds
2015-09-08T13:11:42.910+0200: 2637.982: [GC (CMS Initial Mark) [1 CMS-initial-mark: 199709K(393216K)] 223277K(502464K), 0.0008496 secs] [Times: user=0.00 sys=0.00, real=0.00 secs] 
2015-09-08T13:11:42.911+0200: 2637.983: Total time for which application threads were stopped: 0.0009290 seconds, Stopping threads took: 0.0000144 seconds
2015-09-08T13:11:42.911+0200: 2637.983: [CMS-concurrent-mark-start]
2015-09-08T13:11:42.923+0200: 2637.996: [CMS-concurrent-mark: 0.012/0.012 secs] [Times: user=0.06 sys=0.00, real=0.01 secs] 
2015-09-08T13:11:42.923+0200: 2637.996: [CMS-concurrent-preclean-start]
2015-09-08T13:11:42.924+0200: 2637.997: [CMS-concurrent-preclean: 0.001/0.001 secs] [Times: user=0.00 sys=0.00, real=0.00 secs] 
2015-09-08T13:11:42.924+0200: 2637.997: [CMS-concurrent-abortable-preclean-start]
2015-09-08T13:11:43.075+0200: 2638.147: [CMS-concurrent-abortable-preclean: 0.150/0.150 secs] [Times: user=0.27 sys=0.00, real=0.15 secs] 
2015-09-08T13:11:43.075+0200: 2638.147: [GC (CMS Final Remark) [YG occupancy: 67390 K (109248 K)]{Heap before GC invocations=192 (full 6):
 par new generation   total 109248K, used 67390K [0x00000000e0000000, 0x00000000e8000000, 0x00000000e8000000)
  eden space 87424K,  52% used [0x00000000e0000000, 0x00000000e2c7f9b8, 0x00000000e5560000)
  from space 21824K, 100% used [0x00000000e5560000, 0x00000000e6ab0000, 0x00000000e6ab0000)
  to   space 21824K,   0% used [0x00000000e6ab0000, 0x00000000e6ab0000, 0x00000000e8000000)
 concurrent mark-sweep generation total 393216K, used 199709K [0x00000000e8000000, 0x0000000100000000, 0x0000000100000000)
 Metaspace       used 31834K, capacity 32234K, committed 32536K, reserved 1077248K
  class space    used 3649K, capacity 3779K, committed 3864K, reserved 1048576K
2015-09-08T13:11:43.075+0200: 2638.147: [GC (CMS Final Remark) 2638.147: [ParNew
Desired survivor size 20112992 bytes, new threshold 8 (max 8)
- age   1:    1822904 bytes,    1822904 total
- age   2:    5196224 bytes,    7019128 total
- age   3:    5626464 bytes,   12645592 total
- age   4:     818152 bytes,   13463744 total
- age   5:    1013080 bytes,   14476824 total
- age   6:    3360528 bytes,   17837352 total
- age   7:    1029568 bytes,   18866920 total
- age   8:    1207104 bytes,   20074024 total
: 67390K->21824K(109248K), 0.0073494 secs] 267099K->222062K(502464K), 0.0073862 secs] [Times: user=0.06 sys=0.00, real=0.01 secs] 
Heap after GC invocations=193 (full 6):
 par new generation   total 109248K, used 21824K [0x00000000e0000000, 0x00000000e8000000, 0x00000000e8000000)
  eden space 87424K,   0% used [0x00000000e0000000, 0x00000000e0000000, 0x00000000e5560000)
  from space 21824K, 100% used [0x00000000e6ab0000, 0x00000000e8000000, 0x00000000e8000000)
  to   space 21824K,   0% used [0x00000000e5560000, 0x00000000e5560000, 0x00000000e6ab0000)
 concurrent mark-sweep generation total 393216K, used 200238K [0x00000000e8000000, 0x0000000100000000, 0x0000000100000000)
 Metaspace       used 31834K, capacity 32234K, committed 32536K, reserved 1077248K
  class space    used 3649K, capacity 3779K, committed 3864K, reserved 1048576K
}
2638.155: [Rescan (parallel) , 0.0025725 secs]2638.157: [weak refs processing, 0.0005981 secs]2638.158: [class unloading, 0.0049174 secs]2638.163: [scrub symbol table, 0.0029373 secs]2638.166: [scrub string table, 0.0003914 secs][1 CMS-remark: 200238K(393216K)] 222062K(502464K), 0.0195170 secs] [Times: user=0.08 sys=0.00, real=0.02 secs] 
2015-09-08T13:11:43.094+0200: 2638.167: Total time for which application threads were stopped: 0.0196136 seconds, Stopping threads took: 0.0000154 seconds
2015-09-08T13:11:43.094+0200: 2638.167: [CMS-concurrent-sweep-start]
2015-09-08T13:11:43.123+0200: 2638.195: [CMS-concurrent-sweep: 0.028/0.028 secs] [Times: user=0.06 sys=0.00, real=0.03 secs] 
2015-09-08T13:11:43.123+0200: 2638.195: [CMS-concurrent-reset-start]
2015-09-08T13:11:43.123+0200: 2638.196: [CMS-concurrent-reset: 0.000/0.000 secs] [Times: user=0.00 sys=0.00, real=0.00 secs] 
{Heap before GC invocations=193 (full 6):
 par new generation   total 109248K, used 109248K [0x00000000e0000000, 0x00000000e8000000, 0x00000000e8000000)
  eden space 87424K, 100% used [0x00000000e0000000, 0x00000000e5560000, 0x00000000e5560000)
  from space 21824K, 100% used [0x00000000e6ab0000, 0x00000000e8000000, 0x00000000e8000000)
  to   space 21824K,   0% used [0x00000000e5560000, 0x00000000e5560000, 0x00000000e6ab0000)
 concurrent mark-sweep generation total 393216K, used 58946K [0x00000000e8000000, 0x0000000100000000, 0x0000000100000000)
 Metaspace       used 31834K, capacity 32234K, committed 32536K, reserved 1077248K
  class space    used 3649K, capacity 3779K, committed 3864K, reserved 1048576K
2015-09-08T13:11:43.385+0200: 2638.458: [GC (Allocation Failure) 2638.458: [ParNew
Desired survivor size 20112992 bytes, new threshold 8 (max 8)
- age   1:    9149224 bytes,    9149224 total
- age   2:    1165024 bytes,   10314248 total
- age   3:    2828056 bytes,   13142304 total
- age   4:    1012728 bytes,   14155032 total
- age   5:     810936 bytes,   14965968 total
- age   6:    1004984 bytes,   15970952 total
- age   7:    3353144 bytes,   19324096 total
- age   8:    1022352 bytes,   20346448 total
: 109248K->21824K(109248K), 0.0088835 secs] 168194K->84595K(502464K), 0.0089270 secs] [Times: user=0.06 sys=0.00, real=0.01 secs] 
Heap after GC invocations=194 (full 6):
 par new generation   total 109248K, used 21824K [0x00000000e0000000, 0x00000000e8000000, 0x00000000e8000000)
  eden space 87424K,   0% used [0x00000000e0000000, 0x00000000e0000000, 0x00000000e5560000)
  from space 21824K, 100% used [0x00000000e5560000, 0x00000000e6ab0000, 0x00000000e6ab0000)
  to   space 21824K,   0% used [0x00000000e6ab0000, 0x00000000e6ab0000, 0x00000000e8000000)
 concurrent mark-sweep generation total 393216K, used 62771K [0x00000000e8000000, 0x0000000100000000, 0x0000000100000000)
 Metaspace       used 31834K, capacity 32234K, committed 32536K, reserved 1077248K
  class space    used 3649K, capacity 3779K, committed 3864K, reserved 1048576K
}
2015-09-08T13:11:43.394+0200: 2638.467: Total time for which application threads were stopped: 0.0090694 seconds, Stopping threads took: 0.0000141 seconds
{Heap before GC invocations=194 (full 6):
 par new generation   total 109248K, used 109248K [0x00000000e0000000, 0x00000000e8000000, 0x00000000e8000000)
  eden space 87424K, 100% used [0x00000000e0000000, 0x00000000e5560000, 0x00000000e5560000)
  from space 21824K, 100% used [0x00000000e5560000, 0x00000000e6ab0000, 0x00000000e6ab0000)
  to   space 21824K,   0% used [0x00000000e6ab0000, 0x00000000e6ab0000, 0x00000000e8000000)
 concurrent mark-sweep generation total 393216K, used 62771K [0x00000000e8000000, 0x0000000100000000, 0x0000000100000000)
 Metaspace       used 31834K, capacity 32234K, committed 32536K, reserved 1077248K
  class space    used 3649K, capacity 3779K, committed 3864K, reserved 1048576K
2015-09-08T13:11:43.709+0200: 2638.782: [GC (Allocation Failure) 2638.782: [ParNew
Desired survivor size 20112992 bytes, new threshold 8 (max 8)
- age   1:    2048992 bytes,    2048992 total
- age   2:    8984288 bytes,   11033280 total
- age   3:     580768 bytes,   11614048 total
- age   4:    2589424 bytes,   14203472 total
- age   5:     976672 bytes,   15180144 total
- age   6:     789000 bytes,   15969144 total
- age   7:     919120 bytes,   16888264 total
- age   8:    3240408 bytes,   20128672 total
: 109248K->21824K(109248K), 0.0089500 secs] 172019K->87518K(502464K), 0.0089993 secs] [Times: user=0.06 sys=0.00, real=0.01 secs] 
Heap after GC invocations=195 (full 6):
 par new generation   total 109248K, used 21824K [0x00000000e0000000, 0x00000000e8000000, 0x00000000e8000000)
  eden space 87424K,   0% used [0x00000000e0000000, 0x00000000e0000000, 0x00000000e5560000)
  from space 21824K, 100% used [0x00000000e6ab0000, 0x00000000e8000000, 0x00000000e8000000)
  to   space 21824K,   0% used [0x00000000e5560000, 0x00000000e5560000, 0x00000000e6ab0000)
 concurrent mark-sweep generation total 393216K, used 65694K [0x00000000e8000000, 0x0000000100000000, 0x0000000100000000)
 Metaspace       used 31834K, capacity 32234K, committed 32536K, reserved 1077248K
  class space    used 3649K, capacity 3779K, committed 3864K, reserved 1048576K
}
2015-09-08T13:11:43.718+0200: 2638.791: Total time for which application threads were stopped: 0.0091427 seconds, Stopping threads took: 0.0000134 seconds
{Heap before GC invocations=195 (full 6):
 par new generation   total 109248K, used 109248K [0x00000000e0000000, 0x00000000e8000000, 0x00000000e8000000)
  eden space 87424K, 100% used [0x00000000e0000000, 0x00000000e5560000, 0x00000000e5560000)
  from space 21824K, 100% used [0x00000000e6ab0000, 0x00000000e8000000, 0x00000000e8000000)
  to   space 21824K,   0% used [0x00000000e5560000, 0x00000000e5560000, 0x00000000e6ab0000)
 concurrent mark-sweep generation total 393216K, used 65694K [0x00000000e8000000, 0x0000000100000000, 0x0000000100000000)
 Metaspace       used 31834K, capacity 32234K, committed 32536K, reserved 1077248K
  class space    used 3649K, capacity 3779K, committed 3864K, reserved 1048576K
2015-09-08T13:11:44.005+0200: 2639.077: [GC (Allocation Failure) 2639.077: [ParNew
Desired survivor size 20112992 bytes, new threshold 8 (max 8)
- age   1:   10293336 bytes,   10293336 total
- age   2:    1743784 bytes,   12037120 total
- age   3:    1049248 bytes,   13086368 total
- age   4:     570160 bytes,   13656528 total
- age   5:    2587336 bytes,   16243864 total
- age   6:     975264 bytes,   17219128 total
- age   7:     787480 bytes,   18006608 total
- age   8:     917760 bytes,   18924368 total
: 109248K->21824K(109248K), 0.0085279 secs] 174942K->92705K(502464K), 0.0085743 secs] [Times: user=0.06 sys=0.00, real=0.01 secs] 
Heap after GC invocations=196 (full 6):
 par new generation   total 109248K, used 21824K [0x00000000e0000000, 0x00000000e8000000, 0x00000000e8000000)
  eden space 87424K,   0% used [0x00000000e0000000, 0x00000000e0000000, 0x00000000e5560000)
  from space 21824K, 100% used [0x00000000e5560000, 0x00000000e6ab0000, 0x00000000e6ab0000)
  to   space 21824K,   0% used [0x00000000e6ab0000, 0x00000000e6ab0000, 0x00000000e8000000)
 concurrent mark-sweep generation total 393216K, used 70881K [0x00000000e8000000, 0x0000000100000000, 0x0000000100000000)
 Metaspace       used 31834K, capacity 32234K, committed 32536K, reserved 1077248K
  class space    used 3649K, capacity 3779K, committed 3864K, reserved 1048576K
}
2015-09-08T13:11:44.013+0200: 2639.086: Total time for which application threads were stopped: 0.0087459 seconds, Stopping threads took: 0.0000138 seconds
{Heap before GC invocations=196 (full 6):
 par new generation   total 109248K, used 109248K [0x00000000e0000000, 0x00000000e8000000, 0x00000000e8000000)
  eden space 87424K, 100% used [0x00000000e0000000, 0x00000000e5560000, 0x00000000e5560000)
  from space 21824K, 100% used [0x00000000e5560000, 0x00000000e6ab0000, 0x00000000e6ab0000)
  to   space 21824K,   0% used [0x00000000e6ab0000, 0x00000000e6ab0000, 0x00000000e8000000)
 concurrent mark-sweep generation total 393216K, used 70881K [0x00000000e8000000, 0x0000000100000000, 0x0000000100000000)
 Metaspace       used 31834K, capacity 32234K, committed 32536K, reserved 1077248K
  class space    used 3649K, capacity 3779K, committed 3864K, reserved 1048576K
2015-09-08T13:11:44.340+0200: 2639.413: [GC (Allocation Failure) 2639.413: [ParNew
Desired survivor size 20112992 bytes, new threshold 8 (max 8)
- age   1:    2771584 bytes,    2771584 total
- age   2:    9471432 bytes,   12243016 total
- age   3:    1636920 bytes,   13879936 total
- age   4:    1005824 bytes,   14885760 total
- age   5:     543616 bytes,   15429376 total
- age   6:    2557592 bytes,   17986968 total
- age   7:     937240 bytes,   18924208 total
- age   8:     776048 bytes,   19700256 total
: 109248K->21824K(109248K), 0.0088591 secs] 180129K->95291K(502464K), 0.0089065 secs] [Times: user=0.00 sys=0.00, real=0.01 secs] 
Heap after GC invocations=197 (full 6):
 par new generation   total 109248K, used 21824K [0x00000000e0000000, 0x00000000e8000000, 0x00000000e8000000)
  eden space 87424K,   0% used [0x00000000e0000000, 0x00000000e0000000, 0x00000000e5560000)
  from space 21824K, 100% used [0x00000000e6ab0000, 0x00000000e8000000, 0x00000000e8000000)
  to   space 21824K,   0% used [0x00000000e5560000, 0x00000000e5560000, 0x00000000e6ab0000)
 concurrent mark-sweep generation total 393216K, used 73467K [0x00000000e8000000, 0x0000000100000000, 0x0000000100000000)
 Metaspace       used 31834K, capacity 32234K, committed 32536K, reserved 1077248K
  class space    used 3649K, capacity 3779K, committed 3864K, reserved 1048576K
}
2015-09-08T13:11:44.349+0200: 2639.422: Total time for which application threads were stopped: 0.0090499 seconds, Stopping threads took: 0.0000141 seconds
{Heap before GC invocations=197 (full 6):
 par new generation   total 109248K, used 109248K [0x00000000e0000000, 0x00000000e8000000, 0x00000000e8000000)
  eden space 87424K, 100% used [0x00000000e0000000, 0x00000000e5560000, 0x00000000e5560000)
  from space 21824K, 100% used [0x00000000e6ab0000, 0x00000000e8000000, 0x00000000e8000000)
  to   space 21824K,   0% used [0x00000000e5560000, 0x00000000e5560000, 0x00000000e6ab0000)
 concurrent mark-sweep generation total 393216K, used 73467K [0x00000000e8000000, 0x0000000100000000, 0x0000000100000000)
 Metaspace       used 31834K, capacity 32234K, committed 32536K, reserved 1077248K
  class space    used 3649K, capacity 3779K, committed 3864K, reserved 1048576K
2015-09-08T13:11:44.630+0200: 2639.703: [GC (Allocation Failure) 2639.703: [ParNew
Desired survivor size 20112992 bytes, new threshold 8 (max 8)
- age   1:   10134064 bytes,   10134064 total
- age   2:    2732600 bytes,   12866664 total
- age   3:    1299664 bytes,   14166328 total
- age   4:    1044680 bytes,   15211008 total
- age   5:     992976 bytes,   16203984 total
- age   6:     538176 bytes,   16742160 total
- age   7:    2548144 bytes,   19290304 total
- age   8:     902352 bytes,   20192656 total
: 109248K->21824K(109248K), 0.0091100 secs] 182715K->99863K(502464K), 0.0091548 secs] [Times: user=0.06 sys=0.00, real=0.01 secs] 
Heap after GC invocations=198 (full 6):
 par new generation   total 109248K, used 21824K [0x00000000e0000000, 0x00000000e8000000, 0x00000000e8000000)
  eden space 87424K,   0% used [0x00000000e0000000, 0x00000000e0000000, 0x00000000e5560000)
  from space 21824K, 100% used [0x00000000e5560000, 0x00000000e6ab0000, 0x00000000e6ab0000)
  to   space 21824K,   0% used [0x00000000e6ab0000, 0x00000000e6ab0000, 0x00000000e8000000)
 concurrent mark-sweep generation total 393216K, used 78039K [0x00000000e8000000, 0x0000000100000000, 0x0000000100000000)
 Metaspace       used 31834K, capacity 32234K, committed 32536K, reserved 1077248K
  class space    used 3649K, capacity 3779K, committed 3864K, reserved 1048576K
}
2015-09-08T13:11:44.639+0200: 2639.712: Total time for which application threads were stopped: 0.0092947 seconds, Stopping threads took: 0.0000141 seconds
{Heap before GC invocations=198 (full 6):
 par new generation   total 109248K, used 109248K [0x00000000e0000000, 0x00000000e8000000, 0x00000000e8000000)
  eden space 87424K, 100% used [0x00000000e0000000, 0x00000000e5560000, 0x00000000e5560000)
  from space 21824K, 100% used [0x00000000e5560000, 0x00000000e6ab0000, 0x00000000e6ab0000)
  to   space 21824K,   0% used [0x00000000e6ab0000, 0x00000000e6ab0000, 0x00000000e8000000)
 concurrent mark-sweep generation total 393216K, used 78039K [0x00000000e8000000, 0x0000000100000000, 0x0000000100000000)
 Metaspace       used 31834K, capacity 32234K, committed 32536K, reserved 1077248K
  class space    used 3649K, capacity 3779K, committed 3864K, reserved 1048576K
2015-09-08T13:11:44.962+0200: 2640.034: [GC (Allocation Failure) 2640.034: [ParNew
Desired survivor size 20112992 bytes, new threshold 8 (max 8)
- age   1:    2647424 bytes,    2647424 total
- age   2:   10283320 bytes,   12930744 total
- age   3:    2465056 bytes,   15395800 total
- age   4:    1215720 bytes,   16611520 total
- age   5:     990816 bytes,   17602336 total
- age   6:     941496 bytes,   18543832 total
- age   7:     513456 bytes,   19057288 total
- age   8:    2500568 bytes,   21557856 total
: 109248K->21824K(109248K), 0.0097295 secs] 187287K->103296K(502464K), 0.0097769 secs] [Times: user=0.06 sys=0.00, real=0.01 secs] 
Heap after GC invocations=199 (full 6):
 par new generation   total 109248K, used 21824K [0x00000000e0000000, 0x00000000e8000000, 0x00000000e8000000)
  eden space 87424K,   0% used [0x00000000e0000000, 0x00000000e0000000, 0x00000000e5560000)
  from space 21824K, 100% used [0x00000000e6ab0000, 0x00000000e8000000, 0x00000000e8000000)
  to   space 21824K,   0% used [0x00000000e5560000, 0x00000000e5560000, 0x00000000e6ab0000)
 concurrent mark-sweep generation total 393216K, used 81472K [0x00000000e8000000, 0x0000000100000000, 0x0000000100000000)
 Metaspace       used 31834K, capacity 32234K, committed 32536K, reserved 1077248K
  class space    used 3649K, capacity 3779K, committed 3864K, reserved 1048576K
}
2015-09-08T13:11:44.971+0200: 2640.044: Total time for which application threads were stopped: 0.0099295 seconds, Stopping threads took: 0.0000256 seconds
{Heap before GC invocations=199 (full 6):
 par new generation   total 109248K, used 109248K [0x00000000e0000000, 0x00000000e8000000, 0x00000000e8000000)
  eden space 87424K, 100% used [0x00000000e0000000, 0x00000000e5560000, 0x00000000e5560000)
  from space 21824K, 100% used [0x00000000e6ab0000, 0x00000000e8000000, 0x00000000e8000000)
  to   space 21824K,   0% used [0x00000000e5560000, 0x00000000e5560000, 0x00000000e6ab0000)
 concurrent mark-sweep generation total 393216K, used 81472K [0x00000000e8000000, 0x0000000100000000, 0x0000000100000000)
 Metaspace       used 31834K, capacity 32234K, committed 32536K, reserved 1077248K
  class space    used 3649K, capacity 3779K, committed 3864K, reserved 1048576K
2015-09-08T13:11:45.302+0200: 2640.375: [GC (Allocation Failure) 2640.375: [ParNew
Desired survivor size 20112992 bytes, new threshold 8 (max 8)
- age   1:    5060216 bytes,    5060216 total
- age   2:    1531784 bytes,    6592000 total
- age   3:    4269216 bytes,   10861216 total
- age   4:    2437544 bytes,   13298760 total
- age   5:    1193312 bytes,   14492072 total
- age   6:     975424 bytes,   15467496 total
- age   7:     931728 bytes,   16399224 total
- age   8:     508040 bytes,   16907264 total
: 109248K->21824K(109248K), 0.0109769 secs] 190720K->114185K(502464K), 0.0110313 secs] [Times: user=0.06 sys=0.00, real=0.01 secs] 
Heap after GC invocations=200 (full 6):
 par new generation   total 109248K, used 21824K [0x00000000e0000000, 0x00000000e8000000, 0x00000000e8000000)
  eden space 87424K,   0% used [0x00000000e0000000, 0x00000000e0000000, 0x00000000e5560000)
  from space 21824K, 100% used [0x00000000e5560000, 0x00000000e6ab0000, 0x00000000e6ab0000)
  to   space 21824K,   0% used [0x00000000e6ab0000, 0x00000000e6ab0000, 0x00000000e8000000)
 concurrent mark-sweep generation total 393216K, used 92361K [0x00000000e8000000, 0x0000000100000000, 0x0000000100000000)
 Metaspace       used 31834K, capacity 32234K, committed 32536K, reserved 1077248K
  class space    used 3649K, capacity 3779K, committed 3864K, reserved 1048576K
}
2015-09-08T13:11:45.313+0200: 2640.386: Total time for which application threads were stopped: 0.0112182 seconds, Stopping threads took: 0.0000134 seconds
{Heap before GC invocations=200 (full 6):
 par new generation   total 109248K, used 109248K [0x00000000e0000000, 0x00000000e8000000, 0x00000000e8000000)
  eden space 87424K, 100% used [0x00000000e0000000, 0x00000000e5560000, 0x00000000e5560000)
  from space 21824K, 100% used [0x00000000e5560000, 0x00000000e6ab0000, 0x00000000e6ab0000)
  to   space 21824K,   0% used [0x00000000e6ab0000, 0x00000000e6ab0000, 0x00000000e8000000)
 concurrent mark-sweep generation total 393216K, used 92361K [0x00000000e8000000, 0x0000000100000000, 0x0000000100000000)
 Metaspace       used 31834K, capacity 32234K, committed 32536K, reserved 1077248K
  class space    used 3649K, capacity 3779K, committed 3864K, reserved 1048576K
2015-09-08T13:11:45.605+0200: 2640.678: [GC (Allocation Failure) 2640.678: [ParNew
Desired survivor size 20112992 bytes, new threshold 8 (max 8)
- age   1:    7398272 bytes,    7398272 total
- age   2:    4813704 bytes,   12211976 total
- age   3:    1502848 bytes,   13714824 total
- age   4:    1330680 bytes,   15045504 total
- age   5:    2431032 bytes,   17476536 total
- age   6:    1187848 bytes,   18664384 total
- age   7:     970992 bytes,   19635376 total
- age   8:     926400 bytes,   20561776 total
: 109248K->21824K(109248K), 0.0092812 secs] 201609K->119797K(502464K), 0.0093292 secs] [Times: user=0.00 sys=0.00, real=0.01 secs] 
Heap after GC invocations=201 (full 6):
 par new generation   total 109248K, used 21824K [0x00000000e0000000, 0x00000000e8000000, 0x00000000e8000000)
  eden space 87424K,   0% used [0x00000000e0000000, 0x00000000e0000000, 0x00000000e5560000)
  from space 21824K, 100% used [0x00000000e6ab0000, 0x00000000e8000000, 0x00000000e8000000)
  to   space 21824K,   0% used [0x00000000e5560000, 0x00000000e5560000, 0x00000000e6ab0000)
 concurrent mark-sweep generation total 393216K, used 97973K [0x00000000e8000000, 0x0000000100000000, 0x0000000100000000)
 Metaspace       used 31834K, capacity 32234K, committed 32536K, reserved 1077248K
  class space    used 3649K, capacity 3779K, committed 3864K, reserved 1048576K
}
2015-09-08T13:11:45.614+0200: 2640.687: Total time for which application threads were stopped: 0.0094742 seconds, Stopping threads took: 0.0000141 seconds
{Heap before GC invocations=201 (full 6):
 par new generation   total 109248K, used 109248K [0x00000000e0000000, 0x00000000e8000000, 0x00000000e8000000)
  eden space 87424K, 100% used [0x00000000e0000000, 0x00000000e5560000, 0x00000000e5560000)
  from space 21824K, 100% used [0x00000000e6ab0000, 0x00000000e8000000, 0x00000000e8000000)
  to   space 21824K,   0% used [0x00000000e5560000, 0x00000000e5560000, 0x00000000e6ab0000)
 concurrent mark-sweep generation total 393216K, used 97973K [0x00000000e8000000, 0x0000000100000000, 0x0000000100000000)
 Metaspace       used 31834K, capacity 32234K, committed 32536K, reserved 1077248K
  class space    used 3649K, capacity 3779K, committed 3864K, reserved 1048576K
2015-09-08T13:11:45.934+0200: 2641.006: [GC (Allocation Failure) 2641.006: [ParNew
Desired survivor size 20112992 bytes, new threshold 8 (max 8)
- age   1:    2646528 bytes,    2646528 total
- age   2:    6126288 bytes,    8772816 total
- age   3:    4312112 bytes,   13084928 total
- age   4:    1300248 bytes,   14385176 total
- age   5:    1312280 bytes,   15697456 total
- age   6:    2409088 bytes,   18106544 total
- age   7:    1168184 bytes,   19274728 total
- age   8:     957960 bytes,   20232688 total
: 109248K->21824K(109248K), 0.0095545 secs] 207221K->122777K(502464K), 0.0095990 secs] [Times: user=0.00 sys=0.00, real=0.01 secs] 
Heap after GC invocations=202 (full 6):
 par new generation   total 109248K, used 21824K [0x00000000e0000000, 0x00000000e8000000, 0x00000000e8000000)
  eden space 87424K,   0% used [0x00000000e0000000, 0x00000000e0000000, 0x00000000e5560000)
  from space 21824K, 100% used [0x00000000e5560000, 0x00000000e6ab0000, 0x00000000e6ab0000)
  to   space 21824K,   0% used [0x00000000e6ab0000, 0x00000000e6ab0000, 0x00000000e8000000)
 concurrent mark-sweep generation total 393216K, used 100953K [0x00000000e8000000, 0x0000000100000000, 0x0000000100000000)
 Metaspace       used 31834K, capacity 32234K, committed 32536K, reserved 1077248K
  class space    used 3649K, capacity 3779K, committed 3864K, reserved 1048576K
}
2015-09-08T13:11:45.943+0200: 2641.016: Total time for which application threads were stopped: 0.0097612 seconds, Stopping threads took: 0.0000141 seconds
{Heap before GC invocations=202 (full 6):
 par new generation   total 109248K, used 109248K [0x00000000e0000000, 0x00000000e8000000, 0x00000000e8000000)
  eden space 87424K, 100% used [0x00000000e0000000, 0x00000000e5560000, 0x00000000e5560000)
  from space 21824K, 100% used [0x00000000e5560000, 0x00000000e6ab0000, 0x00000000e6ab0000)
  to   space 21824K,   0% used [0x00000000e6ab0000, 0x00000000e6ab0000, 0x00000000e8000000)
 concurrent mark-sweep generation total 393216K, used 100953K [0x00000000e8000000, 0x0000000100000000, 0x0000000100000000)
 Metaspace       used 31834K, capacity 32234K, committed 32536K, reserved 1077248K
  class space    used 3649K, capacity 3779K, committed 3864K, reserved 1048576K
2015-09-08T13:11:46.254+0200: 2641.327: [GC (Allocation Failure) 2641.327: [ParNew
Desired survivor size 20112992 bytes, new threshold 8 (max 8)
- age   1:    4462552 bytes,    4462552 total
- age   2:    2563560 bytes,    7026112 total
- age   3:    3936536 bytes,   10962648 total
- age   4:    2382120 bytes,   13344768 total
- age   5:    1235584 bytes,   14580352 total
- age   6:    1261384 bytes,   15841736 total
- age   7:    2383136 bytes,   18224872 total
- age   8:    1151784 bytes,   19376656 total
: 109248K->21824K(109248K), 0.0102307 secs] 210201K->128419K(502464K), 0.0102777 secs] [Times: user=0.06 sys=0.00, real=0.01 secs] 
Heap after GC invocations=203 (full 6):
 par new generation   total 109248K, used 21824K [0x00000000e0000000, 0x00000000e8000000, 0x00000000e8000000)
  eden space 87424K,   0% used [0x00000000e0000000, 0x00000000e0000000, 0x00000000e5560000)
  from space 21824K, 100% used [0x00000000e6ab0000, 0x00000000e8000000, 0x00000000e8000000)
  to   space 21824K,   0% used [0x00000000e5560000, 0x00000000e5560000, 0x00000000e6ab0000)
 concurrent mark-sweep generation total 393216K, used 106595K [0x00000000e8000000, 0x0000000100000000, 0x0000000100000000)
 Metaspace       used 31834K, capacity 32234K, committed 32536K, reserved 1077248K
  class space    used 3649K, capacity 3779K, committed 3864K, reserved 1048576K
}
2015-09-08T13:11:46.265+0200: 2641.337: Total time for which application threads were stopped: 0.0104185 seconds, Stopping threads took: 0.0000134 seconds
{Heap before GC invocations=203 (full 6):
 par new generation   total 109248K, used 109248K [0x00000000e0000000, 0x00000000e8000000, 0x00000000e8000000)
  eden space 87424K, 100% used [0x00000000e0000000, 0x00000000e5560000, 0x00000000e5560000)
  from space 21824K, 100% used [0x00000000e6ab0000, 0x00000000e8000000, 0x00000000e8000000)
  to   space 21824K,   0% used [0x00000000e5560000, 0x00000000e5560000, 0x00000000e6ab0000)
 concurrent mark-sweep generation total 393216K, used 106595K [0x00000000e8000000, 0x0000000100000000, 0x0000000100000000)
 Metaspace       used 31834K, capacity 32234K, committed 32536K, reserved 1077248K
  class space    used 3649K, capacity 3779K, committed 3864K, reserved 1048576K
2015-09-08T13:11:46.585+0200: 2641.658: [GC (Allocation Failure) 2641.658: [ParNew
Desired survivor size 20112992 bytes, new threshold 8 (max 8)
- age   1:    2046288 bytes,    2046288 total
- age   2:    4373832 bytes,    6420120 total
- age   3:    2477080 bytes,    8897200 total
- age   4:    3372216 bytes,   12269416 total
- age   5:    2301976 bytes,   14571392 total
- age   6:    1160880 bytes,   15732272 total
- age   7:    1200168 bytes,   16932440 total
- age   8:    2287504 bytes,   19219944 total
: 109248K->21824K(109248K), 0.0093324 secs] 215843K->131598K(502464K), 0.0093807 secs] [Times: user=0.06 sys=0.00, real=0.01 secs] 
Heap after GC invocations=204 (full 6):
 par new generation   total 109248K, used 21824K [0x00000000e0000000, 0x00000000e8000000, 0x00000000e8000000)
  eden space 87424K,   0% used [0x00000000e0000000, 0x00000000e0000000, 0x00000000e5560000)
  from space 21824K, 100% used [0x00000000e5560000, 0x00000000e6ab0000, 0x00000000e6ab0000)
  to   space 21824K,   0% used [0x00000000e6ab0000, 0x00000000e6ab0000, 0x00000000e8000000)
 concurrent mark-sweep generation total 393216K, used 109774K [0x00000000e8000000, 0x0000000100000000, 0x0000000100000000)
 Metaspace       used 31834K, capacity 32234K, committed 32536K, reserved 1077248K
  class space    used 3649K, capacity 3779K, committed 3864K, reserved 1048576K
}
2015-09-08T13:11:46.594+0200: 2641.667: Total time for which application threads were stopped: 0.0095263 seconds, Stopping threads took: 0.0000144 seconds
{Heap before GC invocations=204 (full 6):
 par new generation   total 109248K, used 109248K [0x00000000e0000000, 0x00000000e8000000, 0x00000000e8000000)
  eden space 87424K, 100% used [0x00000000e0000000, 0x00000000e5560000, 0x00000000e5560000)
  from space 21824K, 100% used [0x00000000e5560000, 0x00000000e6ab0000, 0x00000000e6ab0000)
  to   space 21824K,   0% used [0x00000000e6ab0000, 0x00000000e6ab0000, 0x00000000e8000000)
 concurrent mark-sweep generation total 393216K, used 109774K [0x00000000e8000000, 0x0000000100000000, 0x0000000100000000)
 Metaspace       used 31834K, capacity 32234K, committed 32536K, reserved 1077248K
  class space    used 3649K, capacity 3779K, committed 3864K, reserved 1048576K
2015-09-08T13:11:46.885+0200: 2641.958: [GC (Allocation Failure) 2641.958: [ParNew
Desired survivor size 20112992 bytes, new threshold 8 (max 8)
- age   1:    7945296 bytes,    7945296 total
- age   2:    1547392 bytes,    9492688 total
- age   3:    2344920 bytes,   11837608 total
- age   4:    2021928 bytes,   13859536 total
- age   5:    1757048 bytes,   15616584 total
- age   6:    1905968 bytes,   17522552 total
- age   7:     743296 bytes,   18265848 total
- age   8:     789744 bytes,   19055592 total
: 109248K->21824K(109248K), 0.0102339 secs] 219022K->148015K(502464K), 0.0102825 secs] [Times: user=0.00 sys=0.00, real=0.01 secs] 
Heap after GC invocations=205 (full 6):
 par new generation   total 109248K, used 21824K [0x00000000e0000000, 0x00000000e8000000, 0x00000000e8000000)
  eden space 87424K,   0% used [0x00000000e0000000, 0x00000000e0000000, 0x00000000e5560000)
  from space 21824K, 100% used [0x00000000e6ab0000, 0x00000000e8000000, 0x00000000e8000000)
  to   space 21824K,   0% used [0x00000000e5560000, 0x00000000e5560000, 0x00000000e6ab0000)
 concurrent mark-sweep generation total 393216K, used 126191K [0x00000000e8000000, 0x0000000100000000, 0x0000000100000000)
 Metaspace       used 31834K, capacity 32234K, committed 32536K, reserved 1077248K
  class space    used 3649K, capacity 3779K, committed 3864K, reserved 1048576K
}
2015-09-08T13:11:46.896+0200: 2641.969: Total time for which application threads were stopped: 0.0104278 seconds, Stopping threads took: 0.0000147 seconds
{Heap before GC invocations=205 (full 6):
 par new generation   total 109248K, used 109248K [0x00000000e0000000, 0x00000000e8000000, 0x00000000e8000000)
  eden space 87424K, 100% used [0x00000000e0000000, 0x00000000e5560000, 0x00000000e5560000)
  from space 21824K, 100% used [0x00000000e6ab0000, 0x00000000e8000000, 0x00000000e8000000)
  to   space 21824K,   0% used [0x00000000e5560000, 0x00000000e5560000, 0x00000000e6ab0000)
 concurrent mark-sweep generation total 393216K, used 126191K [0x00000000e8000000, 0x0000000100000000, 0x0000000100000000)
 Metaspace       used 31834K, capacity 32234K, committed 32536K, reserved 1077248K
  class space    used 3649K, capacity 3779K, committed 3864K, reserved 1048576K
2015-09-08T13:11:47.213+0200: 2642.286: [GC (Allocation Failure) 2642.286: [ParNew
Desired survivor size 20112992 bytes, new threshold 8 (max 8)
- age   1:    1363224 bytes,    1363224 total
- age   2:    7880608 bytes,    9243832 total
- age   3:    1486040 bytes,   10729872 total
- age   4:    2068592 bytes,   12798464 total
- age   5:    2009232 bytes,   14807696 total
- age   6:    1717144 bytes,   16524840 total
- age   7:    1891320 bytes,   18416160 total
- age   8:     728016 bytes,   19144176 total
: 109248K->21824K(109248K), 0.0091065 secs] 235439K->150579K(502464K), 0.0091715 secs] [Times: user=0.00 sys=0.00, real=0.01 secs] 
Heap after GC invocations=206 (full 6):
 par new generation   total 109248K, used 21824K [0x00000000e0000000, 0x00000000e8000000, 0x00000000e8000000)
  eden space 87424K,   0% used [0x00000000e0000000, 0x00000000e0000000, 0x00000000e5560000)
  from space 21824K, 100% used [0x00000000e5560000, 0x00000000e6ab0000, 0x00000000e6ab0000)
  to   space 21824K,   0% used [0x00000000e6ab0000, 0x00000000e6ab0000, 0x00000000e8000000)
 concurrent mark-sweep generation total 393216K, used 128755K [0x00000000e8000000, 0x0000000100000000, 0x0000000100000000)
 Metaspace       used 31834K, capacity 32234K, committed 32536K, reserved 1077248K
  class space    used 3649K, capacity 3779K, committed 3864K, reserved 1048576K
}
2015-09-08T13:11:47.223+0200: 2642.296: Total time for which application threads were stopped: 0.0093142 seconds, Stopping threads took: 0.0000141 seconds
{Heap before GC invocations=206 (full 6):
 par new generation   total 109248K, used 109248K [0x00000000e0000000, 0x00000000e8000000, 0x00000000e8000000)
  eden space 87424K, 100% used [0x00000000e0000000, 0x00000000e5560000, 0x00000000e5560000)
  from space 21824K, 100% used [0x00000000e5560000, 0x00000000e6ab0000, 0x00000000e6ab0000)
  to   space 21824K,   0% used [0x00000000e6ab0000, 0x00000000e6ab0000, 0x00000000e8000000)
 concurrent mark-sweep generation total 393216K, used 128755K [0x00000000e8000000, 0x0000000100000000, 0x0000000100000000)
 Metaspace       used 31834K, capacity 32234K, committed 32536K, reserved 1077248K
  class space    used 3649K, capacity 3779K, committed 3864K, reserved 1048576K
2015-09-08T13:11:47.546+0200: 2642.619: [GC (Allocation Failure) 2642.619: [ParNew
Desired survivor size 20112992 bytes, new threshold 8 (max 8)
- age   1:    1475384 bytes,    1475384 total
- age   2:    1310368 bytes,    2785752 total
- age   3:    5415448 bytes,    8201200 total
- age   4:    1448704 bytes,    9649904 total
- age   5:    1936976 bytes,   11586880 total
- age   6:    2002400 bytes,   13589280 total
- age   7:    1703328 bytes,   15292608 total
- age   8:    1882520 bytes,   17175128 total
: 109248K->21824K(109248K), 0.0092684 secs] 238003K->155190K(502464K), 0.0093238 secs] [Times: user=0.06 sys=0.00, real=0.01 secs] 
Heap after GC invocations=207 (full 6):
 par new generation   total 109248K, used 21824K [0x00000000e0000000, 0x00000000e8000000, 0x00000000e8000000)
  eden space 87424K,   0% used [0x00000000e0000000, 0x00000000e0000000, 0x00000000e5560000)
  from space 21824K, 100% used [0x00000000e6ab0000, 0x00000000e8000000, 0x00000000e8000000)
  to   space 21824K,   0% used [0x00000000e5560000, 0x00000000e5560000, 0x00000000e6ab0000)
 concurrent mark-sweep generation total 393216K, used 133366K [0x00000000e8000000, 0x0000000100000000, 0x0000000100000000)
 Metaspace       used 31834K, capacity 32234K, committed 32536K, reserved 1077248K
  class space    used 3649K, capacity 3779K, committed 3864K, reserved 1048576K
}
2015-09-08T13:11:47.556+0200: 2642.629: Total time for which application threads were stopped: 0.0094787 seconds, Stopping threads took: 0.0000141 seconds
{Heap before GC invocations=207 (full 6):
 par new generation   total 109248K, used 109248K [0x00000000e0000000, 0x00000000e8000000, 0x00000000e8000000)
  eden space 87424K, 100% used [0x00000000e0000000, 0x00000000e5560000, 0x00000000e5560000)
  from space 21824K, 100% used [0x00000000e6ab0000, 0x00000000e8000000, 0x00000000e8000000)
  to   space 21824K,   0% used [0x00000000e5560000, 0x00000000e5560000, 0x00000000e6ab0000)
 concurrent mark-sweep generation total 393216K, used 133366K [0x00000000e8000000, 0x0000000100000000, 0x0000000100000000)
 Metaspace       used 31834K, capacity 32234K, committed 32536K, reserved 1077248K
  class space    used 3649K, capacity 3779K, committed 3864K, reserved 1048576K
2015-09-08T13:11:47.871+0200: 2642.944: [GC (Allocation Failure) 2642.944: [ParNew
Desired survivor size 20112992 bytes, new threshold 8 (max 8)
- age   1:    6508208 bytes,    6508208 total
- age   2:    1472520 bytes,    7980728 total
- age   3:    1310368 bytes,    9291096 total
- age   4:    3628072 bytes,   12919168 total
- age   5:    1448704 bytes,   14367872 total
- age   6:    1936976 bytes,   16304848 total
- age   7:    2002400 bytes,   18307248 total
- age   8:    1703328 bytes,   20010576 total
: 109248K->21824K(109248K), 0.0094233 secs] 242614K->157998K(502464K), 0.0094806 secs] [Times: user=0.00 sys=0.00, real=0.01 secs] 
Heap after GC invocations=208 (full 6):
 par new generation   total 109248K, used 21824K [0x00000000e0000000, 0x00000000e8000000, 0x00000000e8000000)
  eden space 87424K,   0% used [0x00000000e0000000, 0x00000000e0000000, 0x00000000e5560000)
  from space 21824K, 100% used [0x00000000e5560000, 0x00000000e6ab0000, 0x00000000e6ab0000)
  to   space 21824K,   0% used [0x00000000e6ab0000, 0x00000000e6ab0000, 0x00000000e8000000)
 concurrent mark-sweep generation total 393216K, used 136174K [0x00000000e8000000, 0x0000000100000000, 0x0000000100000000)
 Metaspace       used 31834K, capacity 32234K, committed 32536K, reserved 1077248K
  class space    used 3649K, capacity 3779K, committed 3864K, reserved 1048576K
}
2015-09-08T13:11:47.880+0200: 2642.953: Total time for which application threads were stopped: 0.0096284 seconds, Stopping threads took: 0.0000144 seconds
{Heap before GC invocations=208 (full 6):
 par new generation   total 109248K, used 109248K [0x00000000e0000000, 0x00000000e8000000, 0x00000000e8000000)
  eden space 87424K, 100% used [0x00000000e0000000, 0x00000000e5560000, 0x00000000e5560000)
  from space 21824K, 100% used [0x00000000e5560000, 0x00000000e6ab0000, 0x00000000e6ab0000)
  to   space 21824K,   0% used [0x00000000e6ab0000, 0x00000000e6ab0000, 0x00000000e8000000)
 concurrent mark-sweep generation total 393216K, used 136174K [0x00000000e8000000, 0x0000000100000000, 0x0000000100000000)
 Metaspace       used 31834K, capacity 32234K, committed 32536K, reserved 1077248K
  class space    used 3649K, capacity 3779K, committed 3864K, reserved 1048576K
2015-09-08T13:11:48.162+0200: 2643.235: [GC (Allocation Failure) 2643.235: [ParNew
Desired survivor size 20112992 bytes, new threshold 8 (max 8)
- age   1:    3951120 bytes,    3951120 total
- age   2:    4833120 bytes,    8784240 total
- age   3:     992600 bytes,    9776840 total
- age   4:    1302944 bytes,   11079784 total
- age   5:    3098864 bytes,   14178648 total
- age   6:    1443240 bytes,   15621888 total
- age   7:    1932216 bytes,   17554104 total
- age   8:    1997272 bytes,   19551376 total
: 109248K->21824K(109248K), 0.0105215 secs] 245422K->172324K(502464K), 0.0105657 secs] [Times: user=0.00 sys=0.00, real=0.01 secs] 
Heap after GC invocations=209 (full 6):
 par new generation   total 109248K, used 21824K [0x00000000e0000000, 0x00000000e8000000, 0x00000000e8000000)
  eden space 87424K,   0% used [0x00000000e0000000, 0x00000000e0000000, 0x00000000e5560000)
  from space 21824K, 100% used [0x00000000e6ab0000, 0x00000000e8000000, 0x00000000e8000000)
  to   space 21824K,   0% used [0x00000000e5560000, 0x00000000e5560000, 0x00000000e6ab0000)
 concurrent mark-sweep generation total 393216K, used 150500K [0x00000000e8000000, 0x0000000100000000, 0x0000000100000000)
 Metaspace       used 31834K, capacity 32234K, committed 32536K, reserved 1077248K
  class space    used 3649K, capacity 3779K, committed 3864K, reserved 1048576K
}
2015-09-08T13:11:48.173+0200: 2643.246: Total time for which application threads were stopped: 0.0107075 seconds, Stopping threads took: 0.0000141 seconds
{Heap before GC invocations=209 (full 6):
 par new generation   total 109248K, used 109248K [0x00000000e0000000, 0x00000000e8000000, 0x00000000e8000000)
  eden space 87424K, 100% used [0x00000000e0000000, 0x00000000e5560000, 0x00000000e5560000)
  from space 21824K, 100% used [0x00000000e6ab0000, 0x00000000e8000000, 0x00000000e8000000)
  to   space 21824K,   0% used [0x00000000e5560000, 0x00000000e5560000, 0x00000000e6ab0000)
 concurrent mark-sweep generation total 393216K, used 150500K [0x00000000e8000000, 0x0000000100000000, 0x0000000100000000)
 Metaspace       used 31834K, capacity 32234K, committed 32536K, reserved 1077248K
  class space    used 3649K, capacity 3779K, committed 3864K, reserved 1048576K
2015-09-08T13:11:48.507+0200: 2643.580: [GC (Allocation Failure) 2643.580: [ParNew
Desired survivor size 20112992 bytes, new threshold 8 (max 8)
- age   1:    2632896 bytes,    2632896 total
- age   2:    2281304 bytes,    4914200 total
- age   3:    3953904 bytes,    8868104 total
- age   4:     803128 bytes,    9671232 total
- age   5:    1295536 bytes,   10966768 total
- age   6:    3092304 bytes,   14059072 total
- age   7:    1436840 bytes,   15495912 total
- age   8:    1925824 bytes,   17421736 total
: 109248K->21824K(109248K), 0.0102790 secs] 259748K->177121K(502464K), 0.0103263 secs] [Times: user=0.00 sys=0.00, real=0.01 secs] 
Heap after GC invocations=210 (full 6):
 par new generation   total 109248K, used 21824K [0x00000000e0000000, 0x00000000e8000000, 0x00000000e8000000)
  eden space 87424K,   0% used [0x00000000e0000000, 0x00000000e0000000, 0x00000000e5560000)
  from space 21824K, 100% used [0x00000000e5560000, 0x00000000e6ab0000, 0x00000000e6ab0000)
  to   space 21824K,   0% used [0x00000000e6ab0000, 0x00000000e6ab0000, 0x00000000e8000000)
 concurrent mark-sweep generation total 393216K, used 155297K [0x00000000e8000000, 0x0000000100000000, 0x0000000100000000)
 Metaspace       used 31834K, capacity 32234K, committed 32536K, reserved 1077248K
  class space    used 3649K, capacity 3779K, committed 3864K, reserved 1048576K
}
2015-09-08T13:11:48.517+0200: 2643.590: Total time for which application threads were stopped: 0.0104764 seconds, Stopping threads took: 0.0000256 seconds
{Heap before GC invocations=210 (full 6):
 par new generation   total 109248K, used 109248K [0x00000000e0000000, 0x00000000e8000000, 0x00000000e8000000)
  eden space 87424K, 100% used [0x00000000e0000000, 0x00000000e5560000, 0x00000000e5560000)
  from space 21824K, 100% used [0x00000000e5560000, 0x00000000e6ab0000, 0x00000000e6ab0000)
  to   space 21824K,   0% used [0x00000000e6ab0000, 0x00000000e6ab0000, 0x00000000e8000000)
 concurrent mark-sweep generation total 393216K, used 155297K [0x00000000e8000000, 0x0000000100000000, 0x0000000100000000)
 Metaspace       used 31834K, capacity 32234K, committed 32536K, reserved 1077248K
  class space    used 3649K, capacity 3779K, committed 3864K, reserved 1048576K
2015-09-08T13:11:48.851+0200: 2643.924: [GC (Allocation Failure) 2643.924: [ParNew
Desired survivor size 20112992 bytes, new threshold 8 (max 8)
- age   1:    2637640 bytes,    2637640 total
- age   2:    2632488 bytes,    5270128 total
- age   3:    2281304 bytes,    7551432 total
- age   4:    3953904 bytes,   11505336 total
- age   5:     803128 bytes,   12308464 total
- age   6:    1295536 bytes,   13604000 total
- age   7:    3092304 bytes,   16696304 total
- age   8:    1436840 bytes,   18133144 total
: 109248K->21824K(109248K), 0.0093049 secs] 264545K->179028K(502464K), 0.0093513 secs] [Times: user=0.00 sys=0.00, real=0.01 secs] 
Heap after GC invocations=211 (full 6):
 par new generation   total 109248K, used 21824K [0x00000000e0000000, 0x00000000e8000000, 0x00000000e8000000)
  eden space 87424K,   0% used [0x00000000e0000000, 0x00000000e0000000, 0x00000000e5560000)
  from space 21824K, 100% used [0x00000000e6ab0000, 0x00000000e8000000, 0x00000000e8000000)
  to   space 21824K,   0% used [0x00000000e5560000, 0x00000000e5560000, 0x00000000e6ab0000)
 concurrent mark-sweep generation total 393216K, used 157204K [0x00000000e8000000, 0x0000000100000000, 0x0000000100000000)
 Metaspace       used 31834K, capacity 32234K, committed 32536K, reserved 1077248K
  class space    used 3649K, capacity 3779K, committed 3864K, reserved 1048576K
}
2015-09-08T13:11:48.861+0200: 2643.934: Total time for which application threads were stopped: 0.0094947 seconds, Stopping threads took: 0.0000138 seconds
{Heap before GC invocations=211 (full 6):
 par new generation   total 109248K, used 109248K [0x00000000e0000000, 0x00000000e8000000, 0x00000000e8000000)
  eden space 87424K, 100% used [0x00000000e0000000, 0x00000000e5560000, 0x00000000e5560000)
  from space 21824K, 100% used [0x00000000e6ab0000, 0x00000000e8000000, 0x00000000e8000000)
  to   space 21824K,   0% used [0x00000000e5560000, 0x00000000e5560000, 0x00000000e6ab0000)
 concurrent mark-sweep generation total 393216K, used 157204K [0x00000000e8000000, 0x0000000100000000, 0x0000000100000000)
 Metaspace       used 31834K, capacity 32234K, committed 32536K, reserved 1077248K
  class space    used 3649K, capacity 3779K, committed 3864K, reserved 1048576K
2015-09-08T13:11:49.170+0200: 2644.243: [GC (Allocation Failure) 2644.243: [ParNew
Desired survivor size 20112992 bytes, new threshold 8 (max 8)
- age   1:    4273584 bytes,    4273584 total
- age   2:    2091184 bytes,    6364768 total
- age   3:    2138592 bytes,    8503360 total
- age   4:    1935448 bytes,   10438808 total
- age   5:    2604440 bytes,   13043248 total
- age   6:     794640 bytes,   13837888 total
- age   7:    1289448 bytes,   15127336 total
- age   8:    3087040 bytes,   18214376 total
: 109248K->21824K(109248K), 0.0098006 secs] 266452K->185678K(502464K), 0.0098796 secs] [Times: user=0.06 sys=0.00, real=0.01 secs] 
Heap after GC invocations=212 (full 6):
 par new generation   total 109248K, used 21824K [0x00000000e0000000, 0x00000000e8000000, 0x00000000e8000000)
  eden space 87424K,   0% used [0x00000000e0000000, 0x00000000e0000000, 0x00000000e5560000)
  from space 21824K, 100% used [0x00000000e5560000, 0x00000000e6ab0000, 0x00000000e6ab0000)
  to   space 21824K,   0% used [0x00000000e6ab0000, 0x00000000e6ab0000, 0x00000000e8000000)
 concurrent mark-sweep generation total 393216K, used 163854K [0x00000000e8000000, 0x0000000100000000, 0x0000000100000000)
 Metaspace       used 31834K, capacity 32234K, committed 32536K, reserved 1077248K
  class space    used 3649K, capacity 3779K, committed 3864K, reserved 1048576K
}
2015-09-08T13:11:49.180+0200: 2644.253: Total time for which application threads were stopped: 0.0100297 seconds, Stopping threads took: 0.0000154 seconds
{Heap before GC invocations=212 (full 6):
 par new generation   total 109248K, used 109248K [0x00000000e0000000, 0x00000000e8000000, 0x00000000e8000000)
  eden space 87424K, 100% used [0x00000000e0000000, 0x00000000e5560000, 0x00000000e5560000)
  from space 21824K, 100% used [0x00000000e5560000, 0x00000000e6ab0000, 0x00000000e6ab0000)
  to   space 21824K,   0% used [0x00000000e6ab0000, 0x00000000e6ab0000, 0x00000000e8000000)
 concurrent mark-sweep generation total 393216K, used 163854K [0x00000000e8000000, 0x0000000100000000, 0x0000000100000000)
 Metaspace       used 31834K, capacity 32234K, committed 32536K, reserved 1077248K
  class space    used 3649K, capacity 3779K, committed 3864K, reserved 1048576K
2015-09-08T13:11:49.460+0200: 2644.533: [GC (Allocation Failure) 2644.533: [ParNew
Desired survivor size 20112992 bytes, new threshold 8 (max 8)
- age   1:    3800272 bytes,    3800272 total
- age   2:    4260624 bytes,    8060896 total
- age   3:    2078248 bytes,   10139144 total
- age   4:    2134344 bytes,   12273488 total
- age   5:    1677848 bytes,   13951336 total
- age   6:    2601288 bytes,   16552624 total
- age   7:     791016 bytes,   17343640 total
- age   8:    1287000 bytes,   18630640 total
: 109248K->21824K(109248K), 0.0104806 secs] 273102K->200443K(502464K), 0.0105267 secs] [Times: user=0.00 sys=0.00, real=0.01 secs] 
Heap after GC invocations=213 (full 6):
 par new generation   total 109248K, used 21824K [0x00000000e0000000, 0x00000000e8000000, 0x00000000e8000000)
  eden space 87424K,   0% used [0x00000000e0000000, 0x00000000e0000000, 0x00000000e5560000)
  from space 21824K, 100% used [0x00000000e6ab0000, 0x00000000e8000000, 0x00000000e8000000)
  to   space 21824K,   0% used [0x00000000e5560000, 0x00000000e5560000, 0x00000000e6ab0000)
 concurrent mark-sweep generation total 393216K, used 178619K [0x00000000e8000000, 0x0000000100000000, 0x0000000100000000)
 Metaspace       used 31834K, capacity 32234K, committed 32536K, reserved 1077248K
  class space    used 3649K, capacity 3779K, committed 3864K, reserved 1048576K
}
2015-09-08T13:11:49.470+0200: 2644.543: Total time for which application threads were stopped: 0.0106796 seconds, Stopping threads took: 0.0000141 seconds
2015-09-08T13:11:50.464+0200: 2645.537: Total time for which application threads were stopped: 0.0000688 seconds, Stopping threads took: 0.0000122 seconds
{Heap before GC invocations=213 (full 6):
 par new generation   total 109248K, used 109248K [0x00000000e0000000, 0x00000000e8000000, 0x00000000e8000000)
  eden space 87424K, 100% used [0x00000000e0000000, 0x00000000e5560000, 0x00000000e5560000)
  from space 21824K, 100% used [0x00000000e6ab0000, 0x00000000e8000000, 0x00000000e8000000)
  to   space 21824K,   0% used [0x00000000e5560000, 0x00000000e5560000, 0x00000000e6ab0000)
 concurrent mark-sweep generation total 393216K, used 178619K [0x00000000e8000000, 0x0000000100000000, 0x0000000100000000)
 Metaspace       used 31835K, capacity 32234K, committed 32536K, reserved 1077248K
  class space    used 3649K, capacity 3779K, committed 3864K, reserved 1048576K
2015-09-08T13:11:50.512+0200: 2645.585: [GC (Allocation Failure) 2645.585: [ParNew
Desired survivor size 20112992 bytes, new threshold 8 (max 8)
- age   1:    2404104 bytes,    2404104 total
- age   2:    1844984 bytes,    4249088 total
- age   3:    4049416 bytes,    8298504 total
- age   4:    1856832 bytes,   10155336 total
- age   5:    2003832 bytes,   12159168 total
- age   6:    1567088 bytes,   13726256 total
- age   7:    1808912 bytes,   15535168 total
- age   8:     654016 bytes,   16189184 total
: 109248K->21824K(109248K), 0.0093254 secs] 287867K->206619K(502464K), 0.0093708 secs] [Times: user=0.06 sys=0.00, real=0.01 secs] 
Heap after GC invocations=214 (full 6):
 par new generation   total 109248K, used 21824K [0x00000000e0000000, 0x00000000e8000000, 0x00000000e8000000)
  eden space 87424K,   0% used [0x00000000e0000000, 0x00000000e0000000, 0x00000000e5560000)
  from space 21824K, 100% used [0x00000000e5560000, 0x00000000e6ab0000, 0x00000000e6ab0000)
  to   space 21824K,   0% used [0x00000000e6ab0000, 0x00000000e6ab0000, 0x00000000e8000000)
 concurrent mark-sweep generation total 393216K, used 184795K [0x00000000e8000000, 0x0000000100000000, 0x0000000100000000)
 Metaspace       used 31835K, capacity 32234K, committed 32536K, reserved 1077248K
  class space    used 3649K, capacity 3779K, committed 3864K, reserved 1048576K
}
2015-09-08T13:11:50.521+0200: 2645.594: Total time for which application threads were stopped: 0.0095225 seconds, Stopping threads took: 0.0000154 seconds
{Heap before GC invocations=214 (full 6):
 par new generation   total 109248K, used 109248K [0x00000000e0000000, 0x00000000e8000000, 0x00000000e8000000)
  eden space 87424K, 100% used [0x00000000e0000000, 0x00000000e5560000, 0x00000000e5560000)
  from space 21824K, 100% used [0x00000000e5560000, 0x00000000e6ab0000, 0x00000000e6ab0000)
  to   space 21824K,   0% used [0x00000000e6ab0000, 0x00000000e6ab0000, 0x00000000e8000000)
 concurrent mark-sweep generation total 393216K, used 184795K [0x00000000e8000000, 0x0000000100000000, 0x0000000100000000)
 Metaspace       used 31835K, capacity 32234K, committed 32536K, reserved 1077248K
  class space    used 3649K, capacity 3779K, committed 3864K, reserved 1048576K
2015-09-08T13:11:50.607+0200: 2645.680: [GC (Allocation Failure) 2645.680: [ParNew
Desired survivor size 20112992 bytes, new threshold 8 (max 8)
- age   1:     177800 bytes,     177800 total
- age   2:    2389560 bytes,    2567360 total
- age   3:    1844984 bytes,    4412344 total
- age   4:    4049416 bytes,    8461760 total
- age   5:    1856832 bytes,   10318592 total
- age   6:    2003832 bytes,   12322424 total
- age   7:    1567088 bytes,   13889512 total
- age   8:    1808912 bytes,   15698424 total
: 109248K->21266K(109248K), 0.0072537 secs] 294043K->206713K(502464K), 0.0072988 secs] [Times: user=0.06 sys=0.00, real=0.01 secs] 
Heap after GC invocations=215 (full 6):
 par new generation   total 109248K, used 21266K [0x00000000e0000000, 0x00000000e8000000, 0x00000000e8000000)
  eden space 87424K,   0% used [0x00000000e0000000, 0x00000000e0000000, 0x00000000e5560000)
  from space 21824K,  97% used [0x00000000e6ab0000, 0x00000000e7f74b38, 0x00000000e8000000)
  to   space 21824K,   0% used [0x00000000e5560000, 0x00000000e5560000, 0x00000000e6ab0000)
 concurrent mark-sweep generation total 393216K, used 185446K [0x00000000e8000000, 0x0000000100000000, 0x0000000100000000)
 Metaspace       used 31835K, capacity 32234K, committed 32536K, reserved 1077248K
  class space    used 3649K, capacity 3779K, committed 3864K, reserved 1048576K
}
2015-09-08T13:11:50.615+0200: 2645.688: Total time for which application threads were stopped: 0.0074486 seconds, Stopping threads took: 0.0000144 seconds
{Heap before GC invocations=215 (full 6):
 par new generation   total 109248K, used 108690K [0x00000000e0000000, 0x00000000e8000000, 0x00000000e8000000)
  eden space 87424K, 100% used [0x00000000e0000000, 0x00000000e5560000, 0x00000000e5560000)
  from space 21824K,  97% used [0x00000000e6ab0000, 0x00000000e7f74b38, 0x00000000e8000000)
  to   space 21824K,   0% used [0x00000000e5560000, 0x00000000e5560000, 0x00000000e6ab0000)
 concurrent mark-sweep generation total 393216K, used 185446K [0x00000000e8000000, 0x0000000100000000, 0x0000000100000000)
 Metaspace       used 31835K, capacity 32234K, committed 32536K, reserved 1077248K
  class space    used 3649K, capacity 3779K, committed 3864K, reserved 1048576K
2015-09-08T13:11:50.715+0200: 2645.788: [GC (Allocation Failure) 2645.788: [ParNew
Desired survivor size 20112992 bytes, new threshold 8 (max 8)
- age   1:     168424 bytes,     168424 total
- age   2:     128528 bytes,     296952 total
- age   3:    2389520 bytes,    2686472 total
- age   4:    1844984 bytes,    4531456 total
- age   5:    4426432 bytes,    8957888 total
- age   6:    1856856 bytes,   10814744 total
- age   7:    2003832 bytes,   12818576 total
- age   8:    1567088 bytes,   14385664 total
: 108690K->18870K(109248K), 0.0070166 secs] 294137K->206096K(502464K), 0.0070576 secs] [Times: user=0.06 sys=0.00, real=0.01 secs] 
Heap after GC invocations=216 (full 6):
 par new generation   total 109248K, used 18870K [0x00000000e0000000, 0x00000000e8000000, 0x00000000e8000000)
  eden space 87424K,   0% used [0x00000000e0000000, 0x00000000e0000000, 0x00000000e5560000)
  from space 21824K,  86% used [0x00000000e5560000, 0x00000000e67cd9b0, 0x00000000e6ab0000)
  to   space 21824K,   0% used [0x00000000e6ab0000, 0x00000000e6ab0000, 0x00000000e8000000)
 concurrent mark-sweep generation total 393216K, used 187226K [0x00000000e8000000, 0x0000000100000000, 0x0000000100000000)
 Metaspace       used 31835K, capacity 32234K, committed 32536K, reserved 1077248K
  class space    used 3649K, capacity 3779K, committed 3864K, reserved 1048576K
}
2015-09-08T13:11:50.722+0200: 2645.795: Total time for which application threads were stopped: 0.0072041 seconds, Stopping threads took: 0.0000144 seconds
{Heap before GC invocations=216 (full 6):
 par new generation   total 109248K, used 106294K [0x00000000e0000000, 0x00000000e8000000, 0x00000000e8000000)
  eden space 87424K, 100% used [0x00000000e0000000, 0x00000000e5560000, 0x00000000e5560000)
  from space 21824K,  86% used [0x00000000e5560000, 0x00000000e67cd9b0, 0x00000000e6ab0000)
  to   space 21824K,   0% used [0x00000000e6ab0000, 0x00000000e6ab0000, 0x00000000e8000000)
 concurrent mark-sweep generation total 393216K, used 187226K [0x00000000e8000000, 0x0000000100000000, 0x0000000100000000)
 Metaspace       used 31835K, capacity 32234K, committed 32536K, reserved 1077248K
  class space    used 3649K, capacity 3779K, committed 3864K, reserved 1048576K
2015-09-08T13:11:50.898+0200: 2645.971: [GC (Allocation Failure) 2645.971: [ParNew
Desired survivor size 20112992 bytes, new threshold 8 (max 8)
- age   1:     343712 bytes,     343712 total
- age   2:       9288 bytes,     353000 total
- age   3:     121752 bytes,     474752 total
- age   4:    2389128 bytes,    2863880 total
- age   5:    1844984 bytes,    4708864 total
- age   6:    4426432 bytes,    9135296 total
- age   7:    1856832 bytes,   10992128 total
- age   8:    2003832 bytes,   12995960 total
: 106294K->16594K(109248K), 0.0063433 secs] 293520K->205362K(502464K), 0.0063894 secs] [Times: user=0.00 sys=0.00, real=0.01 secs] 
Heap after GC invocations=217 (full 6):
 par new generation   total 109248K, used 16594K [0x00000000e0000000, 0x00000000e8000000, 0x00000000e8000000)
  eden space 87424K,   0% used [0x00000000e0000000, 0x00000000e0000000, 0x00000000e5560000)
  from space 21824K,  76% used [0x00000000e6ab0000, 0x00000000e7ae4808, 0x00000000e8000000)
  to   space 21824K,   0% used [0x00000000e5560000, 0x00000000e5560000, 0x00000000e6ab0000)
 concurrent mark-sweep generation total 393216K, used 188768K [0x00000000e8000000, 0x0000000100000000, 0x0000000100000000)
 Metaspace       used 31835K, capacity 32234K, committed 32536K, reserved 1077248K
  class space    used 3649K, capacity 3779K, committed 3864K, reserved 1048576K
}
2015-09-08T13:11:50.904+0200: 2645.977: Total time for which application threads were stopped: 0.0065420 seconds, Stopping threads took: 0.0000141 seconds
{Heap before GC invocations=217 (full 6):
 par new generation   total 109248K, used 104018K [0x00000000e0000000, 0x00000000e8000000, 0x00000000e8000000)
  eden space 87424K, 100% used [0x00000000e0000000, 0x00000000e5560000, 0x00000000e5560000)
  from space 21824K,  76% used [0x00000000e6ab0000, 0x00000000e7ae4808, 0x00000000e8000000)
  to   space 21824K,   0% used [0x00000000e5560000, 0x00000000e5560000, 0x00000000e6ab0000)
 concurrent mark-sweep generation total 393216K, used 188768K [0x00000000e8000000, 0x0000000100000000, 0x0000000100000000)
 Metaspace       used 31835K, capacity 32234K, committed 32536K, reserved 1077248K
  class space    used 3649K, capacity 3779K, committed 3864K, reserved 1048576K
2015-09-08T13:11:50.993+0200: 2646.066: [GC (Allocation Failure) 2646.066: [ParNew
Desired survivor size 20112992 bytes, new threshold 8 (max 8)
- age   1:      86680 bytes,      86680 total
- age   2:      93696 bytes,     180376 total
- age   3:       9288 bytes,     189664 total
- age   4:     121752 bytes,     311416 total
- age   5:    2389064 bytes,    2700480 total
- age   6:    1844984 bytes,    4545464 total
- age   7:    4049416 bytes,    8594880 total
- age   8:    1856832 bytes,   10451712 total
: 104018K->14477K(109248K), 0.0059644 secs] 292786K->205216K(502464K), 0.0060080 secs] [Times: user=0.00 sys=0.00, real=0.01 secs] 
Heap after GC invocations=218 (full 6):
 par new generation   total 109248K, used 14477K [0x00000000e0000000, 0x00000000e8000000, 0x00000000e8000000)
  eden space 87424K,   0% used [0x00000000e0000000, 0x00000000e0000000, 0x00000000e5560000)
  from space 21824K,  66% used [0x00000000e5560000, 0x00000000e63834b8, 0x00000000e6ab0000)
  to   space 21824K,   0% used [0x00000000e6ab0000, 0x00000000e6ab0000, 0x00000000e8000000)
 concurrent mark-sweep generation total 393216K, used 190738K [0x00000000e8000000, 0x0000000100000000, 0x0000000100000000)
 Metaspace       used 31835K, capacity 32234K, committed 32536K, reserved 1077248K
  class space    used 3649K, capacity 3779K, committed 3864K, reserved 1048576K
}
2015-09-08T13:11:50.999+0200: 2646.072: Total time for which application threads were stopped: 0.0061571 seconds, Stopping threads took: 0.0000144 seconds
{Heap before GC invocations=218 (full 6):
 par new generation   total 109248K, used 101901K [0x00000000e0000000, 0x00000000e8000000, 0x00000000e8000000)
  eden space 87424K, 100% used [0x00000000e0000000, 0x00000000e5560000, 0x00000000e5560000)
  from space 21824K,  66% used [0x00000000e5560000, 0x00000000e63834b8, 0x00000000e6ab0000)
  to   space 21824K,   0% used [0x00000000e6ab0000, 0x00000000e6ab0000, 0x00000000e8000000)
 concurrent mark-sweep generation total 393216K, used 190738K [0x00000000e8000000, 0x0000000100000000, 0x0000000100000000)
 Metaspace       used 31835K, capacity 32234K, committed 32536K, reserved 1077248K
  class space    used 3649K, capacity 3779K, committed 3864K, reserved 1048576K
2015-09-08T13:11:51.075+0200: 2646.148: [GC (Allocation Failure) 2646.148: [ParNew
Desired survivor size 20112992 bytes, new threshold 8 (max 8)
- age   1:     182256 bytes,     182256 total
- age   2:        992 bytes,     183248 total
- age   3:      93696 bytes,     276944 total
- age   4:       9288 bytes,     286232 total
- age   5:     121752 bytes,     407984 total
- age   6:    2389064 bytes,    2797048 total
- age   7:    1844984 bytes,    4642032 total
- age   8:    4049416 bytes,    8691448 total
: 101901K->12162K(109248K), 0.0061043 secs] 292640K->204728K(502464K), 0.0061497 secs] [Times: user=0.06 sys=0.00, real=0.01 secs] 
Heap after GC invocations=219 (full 6):
 par new generation   total 109248K, used 12162K [0x00000000e0000000, 0x00000000e8000000, 0x00000000e8000000)
  eden space 87424K,   0% used [0x00000000e0000000, 0x00000000e0000000, 0x00000000e5560000)
  from space 21824K,  55% used [0x00000000e6ab0000, 0x00000000e76908d8, 0x00000000e8000000)
  to   space 21824K,   0% used [0x00000000e5560000, 0x00000000e5560000, 0x00000000e6ab0000)
 concurrent mark-sweep generation total 393216K, used 192566K [0x00000000e8000000, 0x0000000100000000, 0x0000000100000000)
 Metaspace       used 31835K, capacity 32234K, committed 32536K, reserved 1077248K
  class space    used 3649K, capacity 3779K, committed 3864K, reserved 1048576K
}
2015-09-08T13:11:51.081+0200: 2646.154: Total time for which application threads were stopped: 0.0063100 seconds, Stopping threads took: 0.0000259 seconds
2015-09-08T13:11:51.147+0200: 2646.220: Total time for which application threads were stopped: 0.0000893 seconds, Stopping threads took: 0.0000131 seconds
2015-09-08T13:11:51.147+0200: 2646.220: Total time for which application threads were stopped: 0.0000365 seconds, Stopping threads took: 0.0000067 seconds
2015-09-08T13:11:51.147+0200: 2646.220: Total time for which application threads were stopped: 0.0000282 seconds, Stopping threads took: 0.0000051 seconds
{Heap before GC invocations=219 (full 6):
 par new generation   total 109248K, used 99586K [0x00000000e0000000, 0x00000000e8000000, 0x00000000e8000000)
  eden space 87424K, 100% used [0x00000000e0000000, 0x00000000e5560000, 0x00000000e5560000)
  from space 21824K,  55% used [0x00000000e6ab0000, 0x00000000e76908d8, 0x00000000e8000000)
  to   space 21824K,   0% used [0x00000000e5560000, 0x00000000e5560000, 0x00000000e6ab0000)
 concurrent mark-sweep generation total 393216K, used 192566K [0x00000000e8000000, 0x0000000100000000, 0x0000000100000000)
 Metaspace       used 31838K, capacity 32234K, committed 32536K, reserved 1077248K
  class space    used 3649K, capacity 3779K, committed 3864K, reserved 1048576K
2015-09-08T13:11:51.296+0200: 2646.369: [GC (Allocation Failure) 2646.369: [ParNew
Desired survivor size 20112992 bytes, new threshold 8 (max 8)
- age   1:    2466056 bytes,    2466056 total
- age   2:        584 bytes,    2466640 total
- age   3:        992 bytes,    2467632 total
- age   4:      93696 bytes,    2561328 total
- age   5:       9288 bytes,    2570616 total
- age   6:     121752 bytes,    2692368 total
- age   7:    2355080 bytes,    5047448 total
- age   8:    1809968 bytes,    6857416 total
: 99586K->8352K(109248K), 0.0055321 secs] 292152K->204846K(502464K), 0.0055894 secs] [Times: user=0.06 sys=0.00, real=0.01 secs] 
Heap after GC invocations=220 (full 6):
 par new generation   total 109248K, used 8352K [0x00000000e0000000, 0x00000000e8000000, 0x00000000e8000000)
  eden space 87424K,   0% used [0x00000000e0000000, 0x00000000e0000000, 0x00000000e5560000)
  from space 21824K,  38% used [0x00000000e5560000, 0x00000000e5d88280, 0x00000000e6ab0000)
  to   space 21824K,   0% used [0x00000000e6ab0000, 0x00000000e6ab0000, 0x00000000e8000000)
 concurrent mark-sweep generation total 393216K, used 196493K [0x00000000e8000000, 0x0000000100000000, 0x0000000100000000)
 Metaspace       used 31838K, capacity 32234K, committed 32536K, reserved 1077248K
  class space    used 3649K, capacity 3779K, committed 3864K, reserved 1048576K
}
2015-09-08T13:11:51.301+0200: 2646.374: Total time for which application threads were stopped: 0.0057497 seconds, Stopping threads took: 0.0000141 seconds
{Heap before GC invocations=220 (full 6):
 par new generation   total 109248K, used 95776K [0x00000000e0000000, 0x00000000e8000000, 0x00000000e8000000)
  eden space 87424K, 100% used [0x00000000e0000000, 0x00000000e5560000, 0x00000000e5560000)
  from space 21824K,  38% used [0x00000000e5560000, 0x00000000e5d88280, 0x00000000e6ab0000)
  to   space 21824K,   0% used [0x00000000e6ab0000, 0x00000000e6ab0000, 0x00000000e8000000)
 concurrent mark-sweep generation total 393216K, used 196493K [0x00000000e8000000, 0x0000000100000000, 0x0000000100000000)
 Metaspace       used 31838K, capacity 32234K, committed 32536K, reserved 1077248K
  class space    used 3649K, capacity 3779K, committed 3864K, reserved 1048576K
2015-09-08T13:11:51.598+0200: 2646.671: [GC (Allocation Failure) 2646.671: [ParNew
Desired survivor size 20112992 bytes, new threshold 8 (max 8)
- age   1:    5819280 bytes,    5819280 total
- age   2:    1676312 bytes,    7495592 total
- age   3:        584 bytes,    7496176 total
- age   4:        992 bytes,    7497168 total
- age   5:      93696 bytes,    7590864 total
- age   6:       9288 bytes,    7600152 total
- age   7:     121752 bytes,    7721904 total
- age   8:    2355080 bytes,   10076984 total
: 95776K->12645K(109248K), 0.0070003 secs] 292270K->210914K(502464K), 0.0070550 secs] [Times: user=0.00 sys=0.00, real=0.01 secs] 
Heap after GC invocations=221 (full 6):
 par new generation   total 109248K, used 12645K [0x00000000e0000000, 0x00000000e8000000, 0x00000000e8000000)
  eden space 87424K,   0% used [0x00000000e0000000, 0x00000000e0000000, 0x00000000e5560000)
  from space 21824K,  57% used [0x00000000e6ab0000, 0x00000000e7709510, 0x00000000e8000000)
  to   space 21824K,   0% used [0x00000000e5560000, 0x00000000e5560000, 0x00000000e6ab0000)
 concurrent mark-sweep generation total 393216K, used 198269K [0x00000000e8000000, 0x0000000100000000, 0x0000000100000000)
 Metaspace       used 31838K, capacity 32234K, committed 32536K, reserved 1077248K
  class space    used 3649K, capacity 3779K, committed 3864K, reserved 1048576K
}
2015-09-08T13:11:51.605+0200: 2646.678: Total time for which application threads were stopped: 0.0071968 seconds, Stopping threads took: 0.0000134 seconds
2015-09-08T13:11:51.605+0200: 2646.678: [GC (CMS Initial Mark) [1 CMS-initial-mark: 198269K(393216K)] 212658K(502464K), 0.0023133 secs] [Times: user=0.00 sys=0.00, real=0.00 secs] 
2015-09-08T13:11:51.607+0200: 2646.680: Total time for which application threads were stopped: 0.0023917 seconds, Stopping threads took: 0.0000192 seconds
2015-09-08T13:11:51.607+0200: 2646.680: [CMS-concurrent-mark-start]
2015-09-08T13:11:51.623+0200: 2646.697: [CMS-concurrent-mark: 0.016/0.016 secs] [Times: user=0.06 sys=0.00, real=0.02 secs] 
2015-09-08T13:11:51.624+0200: 2646.697: [CMS-concurrent-preclean-start]
2015-09-08T13:11:51.624+0200: 2646.697: [CMS-concurrent-preclean: 0.001/0.001 secs] [Times: user=0.00 sys=0.00, real=0.00 secs] 
2015-09-08T13:11:51.624+0200: 2646.697: [CMS-concurrent-abortable-preclean-start]
2015-09-08T13:11:51.764+0200: 2646.837: [CMS-concurrent-abortable-preclean: 0.139/0.139 secs] [Times: user=0.28 sys=0.00, real=0.14 secs] 
2015-09-08T13:11:51.764+0200: 2646.837: [GC (CMS Final Remark) [YG occupancy: 58620 K (109248 K)]{Heap before GC invocations=221 (full 7):
 par new generation   total 109248K, used 58620K [0x00000000e0000000, 0x00000000e8000000, 0x00000000e8000000)
  eden space 87424K,  52% used [0x00000000e0000000, 0x00000000e2ce5be8, 0x00000000e5560000)
  from space 21824K,  57% used [0x00000000e6ab0000, 0x00000000e7709510, 0x00000000e8000000)
  to   space 21824K,   0% used [0x00000000e5560000, 0x00000000e5560000, 0x00000000e6ab0000)
 concurrent mark-sweep generation total 393216K, used 198269K [0x00000000e8000000, 0x0000000100000000, 0x0000000100000000)
 Metaspace       used 31838K, capacity 32234K, committed 32536K, reserved 1077248K
  class space    used 3649K, capacity 3779K, committed 3864K, reserved 1048576K
2015-09-08T13:11:51.764+0200: 2646.837: [GC (CMS Final Remark) 2646.837: [ParNew
Desired survivor size 20112992 bytes, new threshold 8 (max 8)
- age   1:    3468016 bytes,    3468016 total
- age   2:    4299832 bytes,    7767848 total
- age   3:    1676312 bytes,    9444160 total
- age   4:        584 bytes,    9444744 total
- age   5:        992 bytes,    9445736 total
- age   6:      93696 bytes,    9539432 total
- age   7:       9288 bytes,    9548720 total
- age   8:     121752 bytes,    9670472 total
: 58620K->11583K(109248K), 0.0054528 secs] 256889K->212159K(502464K), 0.0054889 secs] [Times: user=0.06 sys=0.00, real=0.01 secs] 
Heap after GC invocations=222 (full 7):
 par new generation   total 109248K, used 11583K [0x00000000e0000000, 0x00000000e8000000, 0x00000000e8000000)
  eden space 87424K,   0% used [0x00000000e0000000, 0x00000000e0000000, 0x00000000e5560000)
  from space 21824K,  53% used [0x00000000e5560000, 0x00000000e60afdc0, 0x00000000e6ab0000)
  to   space 21824K,   0% used [0x00000000e6ab0000, 0x00000000e6ab0000, 0x00000000e8000000)
 concurrent mark-sweep generation total 393216K, used 200575K [0x00000000e8000000, 0x0000000100000000, 0x0000000100000000)
 Metaspace       used 31838K, capacity 32234K, committed 32536K, reserved 1077248K
  class space    used 3649K, capacity 3779K, committed 3864K, reserved 1048576K
}
2646.842: [Rescan (parallel) , 0.0018816 secs]2646.844: [weak refs processing, 0.0002349 secs]2646.844: [class unloading, 0.0047629 secs]2646.849: [scrub symbol table, 0.0028883 secs]2646.852: [scrub string table, 0.0003642 secs][1 CMS-remark: 200575K(393216K)] 212159K(502464K), 0.0163378 secs] [Times: user=0.06 sys=0.00, real=0.02 secs] 
2015-09-08T13:11:51.780+0200: 2646.853: Total time for which application threads were stopped: 0.0164396 seconds, Stopping threads took: 0.0000269 seconds
2015-09-08T13:11:51.780+0200: 2646.853: [CMS-concurrent-sweep-start]
2015-09-08T13:11:51.807+0200: 2646.880: [CMS-concurrent-sweep: 0.026/0.026 secs] [Times: user=0.06 sys=0.00, real=0.03 secs] 
2015-09-08T13:11:51.807+0200: 2646.880: [CMS-concurrent-reset-start]
2015-09-08T13:11:51.807+0200: 2646.880: [CMS-concurrent-reset: 0.000/0.000 secs] [Times: user=0.00 sys=0.00, real=0.00 secs] 
{Heap before GC invocations=222 (full 7):
 par new generation   total 109248K, used 99007K [0x00000000e0000000, 0x00000000e8000000, 0x00000000e8000000)
  eden space 87424K, 100% used [0x00000000e0000000, 0x00000000e5560000, 0x00000000e5560000)
  from space 21824K,  53% used [0x00000000e5560000, 0x00000000e60afdc0, 0x00000000e6ab0000)
  to   space 21824K,   0% used [0x00000000e6ab0000, 0x00000000e6ab0000, 0x00000000e8000000)
 concurrent mark-sweep generation total 393216K, used 135817K [0x00000000e8000000, 0x0000000100000000, 0x0000000100000000)
 Metaspace       used 31838K, capacity 32234K, committed 32536K, reserved 1077248K
  class space    used 3649K, capacity 3779K, committed 3864K, reserved 1048576K
2015-09-08T13:11:52.078+0200: 2647.151: [GC (Allocation Failure) 2647.151: [ParNew
Desired survivor size 20112992 bytes, new threshold 8 (max 8)
- age   1:    5257832 bytes,    5257832 total
- age   2:    1688320 bytes,    6946152 total
- age   3:    4265928 bytes,   11212080 total
- age   4:    1676312 bytes,   12888392 total
- age   5:        584 bytes,   12888976 total
- age   6:        992 bytes,   12889968 total
- age   7:        352 bytes,   12890320 total
: 99007K->15668K(109248K), 0.0060259 secs] 234824K->151486K(502464K), 0.0060720 secs] [Times: user=0.00 sys=0.00, real=0.01 secs] 
Heap after GC invocations=223 (full 7):
 par new generation   total 109248K, used 15668K [0x00000000e0000000, 0x00000000e8000000, 0x00000000e8000000)
  eden space 87424K,   0% used [0x00000000e0000000, 0x00000000e0000000, 0x00000000e5560000)
  from space 21824K,  71% used [0x00000000e6ab0000, 0x00000000e79fd380, 0x00000000e8000000)
  to   space 21824K,   0% used [0x00000000e5560000, 0x00000000e5560000, 0x00000000e6ab0000)
 concurrent mark-sweep generation total 393216K, used 135817K [0x00000000e8000000, 0x0000000100000000, 0x0000000100000000)
 Metaspace       used 31838K, capacity 32234K, committed 32536K, reserved 1077248K
  class space    used 3649K, capacity 3779K, committed 3864K, reserved 1048576K
}
2015-09-08T13:11:52.085+0200: 2647.158: Total time for which application threads were stopped: 0.0062211 seconds, Stopping threads took: 0.0000138 seconds
{Heap before GC invocations=223 (full 7):
 par new generation   total 109248K, used 103092K [0x00000000e0000000, 0x00000000e8000000, 0x00000000e8000000)
  eden space 87424K, 100% used [0x00000000e0000000, 0x00000000e5560000, 0x00000000e5560000)
  from space 21824K,  71% used [0x00000000e6ab0000, 0x00000000e79fd380, 0x00000000e8000000)
  to   space 21824K,   0% used [0x00000000e5560000, 0x00000000e5560000, 0x00000000e6ab0000)
 concurrent mark-sweep generation total 393216K, used 135817K [0x00000000e8000000, 0x0000000100000000, 0x0000000100000000)
 Metaspace       used 31838K, capacity 32234K, committed 32536K, reserved 1077248K
  class space    used 3649K, capacity 3779K, committed 3864K, reserved 1048576K
2015-09-08T13:11:52.394+0200: 2647.467: [GC (Allocation Failure) 2647.467: [ParNew
Desired survivor size 20112992 bytes, new threshold 8 (max 8)
- age   1:    7465416 bytes,    7465416 total
- age   2:    2721808 bytes,   10187224 total
- age   3:    1417904 bytes,   11605128 total
- age   4:    3741624 bytes,   15346752 total
- age   5:    1676312 bytes,   17023064 total
- age   6:        584 bytes,   17023648 total
- age   7:        992 bytes,   17024640 total
- age   8:        352 bytes,   17024992 total
: 103092K->18735K(109248K), 0.0072329 secs] 238910K->154552K(502464K), 0.0072803 secs] [Times: user=0.00 sys=0.00, real=0.01 secs] 
Heap after GC invocations=224 (full 7):
 par new generation   total 109248K, used 18735K [0x00000000e0000000, 0x00000000e8000000, 0x00000000e8000000)
  eden space 87424K,   0% used [0x00000000e0000000, 0x00000000e0000000, 0x00000000e5560000)
  from space 21824K,  85% used [0x00000000e5560000, 0x00000000e67abc80, 0x00000000e6ab0000)
  to   space 21824K,   0% used [0x00000000e6ab0000, 0x00000000e6ab0000, 0x00000000e8000000)
 concurrent mark-sweep generation total 393216K, used 135817K [0x00000000e8000000, 0x0000000100000000, 0x0000000100000000)
 Metaspace       used 31838K, capacity 32234K, committed 32536K, reserved 1077248K
  class space    used 3649K, capacity 3779K, committed 3864K, reserved 1048576K
}
2015-09-08T13:11:52.401+0200: 2647.474: Total time for which application threads were stopped: 0.0074217 seconds, Stopping threads took: 0.0000134 seconds
{Heap before GC invocations=224 (full 7):
 par new generation   total 109248K, used 106159K [0x00000000e0000000, 0x00000000e8000000, 0x00000000e8000000)
  eden space 87424K, 100% used [0x00000000e0000000, 0x00000000e5560000, 0x00000000e5560000)
  from space 21824K,  85% used [0x00000000e5560000, 0x00000000e67abc80, 0x00000000e6ab0000)
  to   space 21824K,   0% used [0x00000000e6ab0000, 0x00000000e6ab0000, 0x00000000e8000000)
 concurrent mark-sweep generation total 393216K, used 135817K [0x00000000e8000000, 0x0000000100000000, 0x0000000100000000)
 Metaspace       used 31838K, capacity 32234K, committed 32536K, reserved 1077248K
  class space    used 3649K, capacity 3779K, committed 3864K, reserved 1048576K
2015-09-08T13:11:52.711+0200: 2647.784: [GC (Allocation Failure) 2647.784: [ParNew
Desired survivor size 20112992 bytes, new threshold 6 (max 8)
- age   1:    6621896 bytes,    6621896 total
- age   2:    4190000 bytes,   10811896 total
- age   3:    2656256 bytes,   13468152 total
- age   4:    1401504 bytes,   14869656 total
- age   5:    3741624 bytes,   18611280 total
- age   6:    1676312 bytes,   20287592 total
- age   7:        584 bytes,   20288176 total
- age   8:        992 bytes,   20289168 total
: 106159K->21509K(109248K), 0.0082419 secs] 241976K->157327K(502464K), 0.0083097 secs] [Times: user=0.06 sys=0.00, real=0.01 secs] 
Heap after GC invocations=225 (full 7):
 par new generation   total 109248K, used 21509K [0x00000000e0000000, 0x00000000e8000000, 0x00000000e8000000)
  eden space 87424K,   0% used [0x00000000e0000000, 0x00000000e0000000, 0x00000000e5560000)
  from space 21824K,  98% used [0x00000000e6ab0000, 0x00000000e7fb1590, 0x00000000e8000000)
  to   space 21824K,   0% used [0x00000000e5560000, 0x00000000e5560000, 0x00000000e6ab0000)
 concurrent mark-sweep generation total 393216K, used 135817K [0x00000000e8000000, 0x0000000100000000, 0x0000000100000000)
 Metaspace       used 31838K, capacity 32234K, committed 32536K, reserved 1077248K
  class space    used 3649K, capacity 3779K, committed 3864K, reserved 1048576K
}
2015-09-08T13:11:52.720+0200: 2647.793: Total time for which application threads were stopped: 0.0084604 seconds, Stopping threads took: 0.0000134 seconds
2015-09-08T13:11:52.737+0200: 2647.810: Total time for which application threads were stopped: 0.0000822 seconds, Stopping threads took: 0.0000320 seconds
2015-09-08T13:11:52.750+0200: 2647.823: Total time for which application threads were stopped: 0.0000768 seconds, Stopping threads took: 0.0000157 seconds
2015-09-08T13:11:52.750+0200: 2647.823: Total time for which application threads were stopped: 0.0000467 seconds, Stopping threads took: 0.0000093 seconds
2015-09-08T13:11:52.750+0200: 2647.824: Total time for which application threads were stopped: 0.0000394 seconds, Stopping threads took: 0.0000074 seconds
2015-09-08T13:11:52.755+0200: 2647.828: Total time for which application threads were stopped: 0.0000979 seconds, Stopping threads took: 0.0000227 seconds
2015-09-08T13:11:52.755+0200: 2647.829: Total time for which application threads were stopped: 0.0000925 seconds, Stopping threads took: 0.0000461 seconds
2015-09-08T13:11:52.847+0200: 2647.920: Total time for which application threads were stopped: 0.0000666 seconds, Stopping threads took: 0.0000131 seconds
{Heap before GC invocations=225 (full 7):
 par new generation   total 109248K, used 108912K [0x00000000e0000000, 0x00000000e8000000, 0x00000000e8000000)
  eden space 87424K,  99% used [0x00000000e0000000, 0x00000000e555ac50, 0x00000000e5560000)
  from space 21824K,  98% used [0x00000000e6ab0000, 0x00000000e7fb1590, 0x00000000e8000000)
  to   space 21824K,   0% used [0x00000000e5560000, 0x00000000e5560000, 0x00000000e6ab0000)
 concurrent mark-sweep generation total 393216K, used 135817K [0x00000000e8000000, 0x0000000100000000, 0x0000000100000000)
 Metaspace       used 31838K, capacity 32234K, committed 32536K, reserved 1077248K
  class space    used 3649K, capacity 3779K, committed 3864K, reserved 1048576K
2015-09-08T13:11:52.948+0200: 2648.021: [GC (Allocation Failure) 2648.021: [ParNew
Desired survivor size 20112992 bytes, new threshold 8 (max 8)
- age   1:     726176 bytes,     726176 total
- age   2:    4607088 bytes,    5333264 total
- age   3:    4068032 bytes,    9401296 total
- age   4:    2532224 bytes,   11933520 total
- age   5:    1338912 bytes,   13272432 total
- age   6:    3621432 bytes,   16893864 total
: 108912K->21824K(109248K), 0.0077584 secs] 244730K->161049K(502464K), 0.0078044 secs] [Times: user=0.05 sys=0.00, real=0.01 secs] 
Heap after GC invocations=226 (full 7):
 par new generation   total 109248K, used 21824K [0x00000000e0000000, 0x00000000e8000000, 0x00000000e8000000)
  eden space 87424K,   0% used [0x00000000e0000000, 0x00000000e0000000, 0x00000000e5560000)
  from space 21824K, 100% used [0x00000000e5560000, 0x00000000e6ab0000, 0x00000000e6ab0000)
  to   space 21824K,   0% used [0x00000000e6ab0000, 0x00000000e6ab0000, 0x00000000e8000000)
 concurrent mark-sweep generation total 393216K, used 139225K [0x00000000e8000000, 0x0000000100000000, 0x0000000100000000)
 Metaspace       used 31838K, capacity 32234K, committed 32536K, reserved 1077248K
  class space    used 3649K, capacity 3779K, committed 3864K, reserved 1048576K
}
2015-09-08T13:11:52.956+0200: 2648.029: Total time for which application threads were stopped: 0.0079552 seconds, Stopping threads took: 0.0000144 seconds
2015-09-08T13:11:52.975+0200: 2648.048: Total time for which application threads were stopped: 0.0000653 seconds, Stopping threads took: 0.0000125 seconds
2015-09-08T13:11:52.976+0200: 2648.049: Total time for which application threads were stopped: 0.0000422 seconds, Stopping threads took: 0.0000083 seconds
2015-09-08T13:11:52.976+0200: 2648.049: Total time for which application threads were stopped: 0.0000262 seconds, Stopping threads took: 0.0000051 seconds
2015-09-08T13:11:52.977+0200: 2648.050: Total time for which application threads were stopped: 0.0000685 seconds, Stopping threads took: 0.0000150 seconds
2015-09-08T13:11:53.015+0200: 2648.088: Total time for which application threads were stopped: 0.0000934 seconds, Stopping threads took: 0.0000218 seconds
2015-09-08T13:11:53.015+0200: 2648.088: Total time for which application threads were stopped: 0.0000314 seconds, Stopping threads took: 0.0000061 seconds
2015-09-08T13:11:53.530+0200: 2648.603: Total time for which application threads were stopped: 0.0000714 seconds, Stopping threads took: 0.0000205 seconds
2015-09-08T13:11:53.530+0200: 2648.603: Total time for which application threads were stopped: 0.0000752 seconds, Stopping threads took: 0.0000170 seconds
2015-09-08T13:11:53.530+0200: 2648.603: Total time for which application threads were stopped: 0.0000646 seconds, Stopping threads took: 0.0000154 seconds
2015-09-08T13:11:53.531+0200: 2648.604: Total time for which application threads were stopped: 0.0000544 seconds, Stopping threads took: 0.0000099 seconds
2015-09-08T13:11:53.531+0200: 2648.604: Total time for which application threads were stopped: 0.0000640 seconds, Stopping threads took: 0.0000218 seconds
2015-09-08T13:11:53.531+0200: 2648.604: Total time for which application threads were stopped: 0.0000541 seconds, Stopping threads took: 0.0000189 seconds
2015-09-08T13:11:53.532+0200: 2648.605: Total time for which application threads were stopped: 0.0000918 seconds, Stopping threads took: 0.0000550 seconds
2015-09-08T13:11:54.532+0200: 2649.605: Total time for which application threads were stopped: 0.0000678 seconds, Stopping threads took: 0.0000243 seconds
2015-09-08T13:12:28.534+0200: 2683.607: Total time for which application threads were stopped: 0.0000669 seconds, Stopping threads took: 0.0000240 seconds
2015-09-08T13:12:36.535+0200: 2691.607: Total time for which application threads were stopped: 0.0000835 seconds, Stopping threads took: 0.0000150 seconds
2015-09-08T13:12:37.725+0200: 2692.798: Total time for which application threads were stopped: 0.0001104 seconds, Stopping threads took: 0.0000266 seconds
2015-09-08T13:12:37.747+0200: 2692.819: Total time for which application threads were stopped: 0.0000614 seconds, Stopping threads took: 0.0000134 seconds
2015-09-08T13:12:38.765+0200: 2693.838: Total time for which application threads were stopped: 0.0000986 seconds, Stopping threads took: 0.0000307 seconds
2015-09-08T13:12:38.766+0200: 2693.838: Total time for which application threads were stopped: 0.0000672 seconds, Stopping threads took: 0.0000256 seconds
2015-09-08T13:12:38.766+0200: 2693.839: Total time for which application threads were stopped: 0.0000608 seconds, Stopping threads took: 0.0000234 seconds
2015-09-08T13:12:39.767+0200: 2694.839: Total time for which application threads were stopped: 0.0000707 seconds, Stopping threads took: 0.0000266 seconds
2015-09-08T13:12:43.166+0200: 2698.238: Total time for which application threads were stopped: 0.0001805 seconds, Stopping threads took: 0.0000765 seconds
2015-09-08T13:12:43.166+0200: 2698.239: Total time for which application threads were stopped: 0.0000685 seconds, Stopping threads took: 0.0000202 seconds
2015-09-08T13:12:43.166+0200: 2698.239: Total time for which application threads were stopped: 0.0000842 seconds, Stopping threads took: 0.0000256 seconds
2015-09-08T13:12:43.168+0200: 2698.241: Total time for which application threads were stopped: 0.0000682 seconds, Stopping threads took: 0.0000147 seconds
2015-09-08T13:12:47.168+0200: 2702.240: Total time for which application threads were stopped: 0.0000698 seconds, Stopping threads took: 0.0000269 seconds
2015-09-08T13:12:58.169+0200: 2713.241: Total time for which application threads were stopped: 0.0000752 seconds, Stopping threads took: 0.0000262 seconds
2015-09-08T13:13:16.462+0200: 2731.534: Total time for which application threads were stopped: 0.0000794 seconds, Stopping threads took: 0.0000339 seconds
2015-09-08T13:13:20.462+0200: 2735.534: Total time for which application threads were stopped: 0.0000694 seconds, Stopping threads took: 0.0000266 seconds
2015-09-08T13:13:23.138+0200: 2738.210: Total time for which application threads were stopped: 0.0005219 seconds, Stopping threads took: 0.0000346 seconds
2015-09-08T13:13:33.169+0200: 2748.241: Total time for which application threads were stopped: 0.0001130 seconds, Stopping threads took: 0.0000272 seconds
2015-09-08T13:13:39.169+0200: 2754.241: Total time for which application threads were stopped: 0.0000698 seconds, Stopping threads took: 0.0000262 seconds
2015-09-08T13:14:28.876+0200: 2803.948: Total time for which application threads were stopped: 0.0000787 seconds, Stopping threads took: 0.0000246 seconds
2015-09-08T13:14:29.876+0200: 2804.948: Total time for which application threads were stopped: 0.0000595 seconds, Stopping threads took: 0.0000150 seconds
2015-09-08T13:15:03.878+0200: 2838.949: Total time for which application threads were stopped: 0.0000755 seconds, Stopping threads took: 0.0000275 seconds
2015-09-08T13:15:36.486+0200: 2871.557: Total time for which application threads were stopped: 0.0000704 seconds, Stopping threads took: 0.0000144 seconds
2015-09-08T13:15:36.563+0200: 2871.634: Total time for which application threads were stopped: 0.0000787 seconds, Stopping threads took: 0.0000163 seconds
2015-09-08T13:15:36.564+0200: 2871.635: Total time for which application threads were stopped: 0.0000685 seconds, Stopping threads took: 0.0000192 seconds
2015-09-08T13:15:36.564+0200: 2871.636: Total time for which application threads were stopped: 0.0000525 seconds, Stopping threads took: 0.0000125 seconds
2015-09-08T13:15:36.565+0200: 2871.636: Total time for which application threads were stopped: 0.0000557 seconds, Stopping threads took: 0.0000122 seconds
2015-09-08T13:15:36.565+0200: 2871.637: Total time for which application threads were stopped: 0.0000432 seconds, Stopping threads took: 0.0000080 seconds
2015-09-08T13:15:36.565+0200: 2871.637: Total time for which application threads were stopped: 0.0000630 seconds, Stopping threads took: 0.0000160 seconds
2015-09-08T13:15:36.566+0200: 2871.637: Total time for which application threads were stopped: 0.0000531 seconds, Stopping threads took: 0.0000086 seconds
2015-09-08T13:15:36.566+0200: 2871.638: Total time for which application threads were stopped: 0.0000666 seconds, Stopping threads took: 0.0000109 seconds
2015-09-08T13:15:36.567+0200: 2871.638: Total time for which application threads were stopped: 0.0000717 seconds, Stopping threads took: 0.0000160 seconds
2015-09-08T13:15:36.569+0200: 2871.640: Total time for which application threads were stopped: 0.0004442 seconds, Stopping threads took: 0.0002950 seconds
2015-09-08T13:15:36.594+0200: 2871.665: Total time for which application threads were stopped: 0.0001027 seconds, Stopping threads took: 0.0000176 seconds
2015-09-08T13:15:36.630+0200: 2871.701: Total time for which application threads were stopped: 0.0001078 seconds, Stopping threads took: 0.0000275 seconds
2015-09-08T13:15:37.630+0200: 2872.701: Total time for which application threads were stopped: 0.0000816 seconds, Stopping threads took: 0.0000269 seconds
2015-09-08T13:22:52.655+0200: 3307.723: Total time for which application threads were stopped: 0.0000691 seconds, Stopping threads took: 0.0000259 seconds
2015-09-08T13:23:16.656+0200: 3331.724: Total time for which application threads were stopped: 0.0000698 seconds, Stopping threads took: 0.0000262 seconds
2015-09-08T13:24:32.561+0200: 3407.628: Total time for which application threads were stopped: 0.0000787 seconds, Stopping threads took: 0.0000243 seconds
2015-09-08T13:25:05.842+0200: 3440.909: Total time for which application threads were stopped: 0.0000582 seconds, Stopping threads took: 0.0000134 seconds
2015-09-08T13:25:05.843+0200: 3440.910: Total time for which application threads were stopped: 0.0000765 seconds, Stopping threads took: 0.0000288 seconds
2015-09-08T13:25:05.843+0200: 3440.910: Total time for which application threads were stopped: 0.0000464 seconds, Stopping threads took: 0.0000170 seconds
2015-09-08T13:25:05.882+0200: 3440.949: Total time for which application threads were stopped: 0.0005078 seconds, Stopping threads took: 0.0000141 seconds
2015-09-08T13:25:05.913+0200: 3440.980: Total time for which application threads were stopped: 0.0000854 seconds, Stopping threads took: 0.0000234 seconds
2015-09-08T13:25:05.913+0200: 3440.980: Total time for which application threads were stopped: 0.0000454 seconds, Stopping threads took: 0.0000109 seconds
2015-09-08T13:25:05.914+0200: 3440.981: Total time for which application threads were stopped: 0.0000621 seconds, Stopping threads took: 0.0000125 seconds
2015-09-08T13:25:05.914+0200: 3440.981: Total time for which application threads were stopped: 0.0000595 seconds, Stopping threads took: 0.0000202 seconds
2015-09-08T13:25:06.914+0200: 3441.981: Total time for which application threads were stopped: 0.0000906 seconds, Stopping threads took: 0.0000246 seconds
2015-09-08T13:25:36.915+0200: 3471.982: Total time for which application threads were stopped: 0.0000701 seconds, Stopping threads took: 0.0000266 seconds
2015-09-08T13:26:11.675+0200: 3506.742: Total time for which application threads were stopped: 0.0000643 seconds, Stopping threads took: 0.0000128 seconds
2015-09-08T13:26:12.472+0200: 3507.540: Total time for which application threads were stopped: 0.0000810 seconds, Stopping threads took: 0.0000237 seconds
2015-09-08T13:28:16.480+0200: 3631.545: Total time for which application threads were stopped: 0.0000733 seconds, Stopping threads took: 0.0000246 seconds
2015-09-08T13:29:06.000+0200: 3681.066: Total time for which application threads were stopped: 0.0000726 seconds, Stopping threads took: 0.0000166 seconds
2015-09-08T13:29:07.000+0200: 3682.066: Total time for which application threads were stopped: 0.0000624 seconds, Stopping threads took: 0.0000147 seconds
2015-09-08T13:29:11.912+0200: 3686.977: Total time for which application threads were stopped: 0.0000576 seconds, Stopping threads took: 0.0000131 seconds
2015-09-08T13:29:12.912+0200: 3687.977: Total time for which application threads were stopped: 0.0000790 seconds, Stopping threads took: 0.0000262 seconds
2015-09-08T13:29:15.912+0200: 3690.977: Total time for which application threads were stopped: 0.0000694 seconds, Stopping threads took: 0.0000269 seconds
2015-09-08T13:29:26.913+0200: 3701.978: Total time for which application threads were stopped: 0.0000694 seconds, Stopping threads took: 0.0000266 seconds
2015-09-08T13:29:35.913+0200: 3710.978: Total time for which application threads were stopped: 0.0000854 seconds, Stopping threads took: 0.0000266 seconds
2015-09-08T13:30:08.915+0200: 3743.980: Total time for which application threads were stopped: 0.0000691 seconds, Stopping threads took: 0.0000266 seconds
2015-09-08T13:30:15.915+0200: 3750.980: Total time for which application threads were stopped: 0.0000714 seconds, Stopping threads took: 0.0000285 seconds
2015-09-08T13:33:51.221+0200: 3966.284: Total time for which application threads were stopped: 0.0000669 seconds, Stopping threads took: 0.0000138 seconds
2015-09-08T13:33:52.221+0200: 3967.284: Total time for which application threads were stopped: 0.0001110 seconds, Stopping threads took: 0.0000346 seconds
2015-09-08T13:34:36.226+0200: 4011.290: Total time for which application threads were stopped: 0.0000566 seconds, Stopping threads took: 0.0000131 seconds
2015-09-08T13:35:15.228+0200: 4050.291: Total time for which application threads were stopped: 0.0000714 seconds, Stopping threads took: 0.0000272 seconds
2015-09-08T13:35:33.230+0200: 4068.292: Total time for which application threads were stopped: 0.0000810 seconds, Stopping threads took: 0.0000342 seconds
2015-09-08T13:35:51.231+0200: 4086.293: Total time for which application threads were stopped: 0.0000726 seconds, Stopping threads took: 0.0000250 seconds
2015-09-08T13:36:03.231+0200: 4098.294: Total time for which application threads were stopped: 0.0000678 seconds, Stopping threads took: 0.0000250 seconds
2015-09-08T13:36:20.646+0200: 4115.709: Total time for which application threads were stopped: 0.0000838 seconds, Stopping threads took: 0.0000189 seconds
2015-09-08T13:36:20.648+0200: 4115.711: Total time for which application threads were stopped: 0.0000819 seconds, Stopping threads took: 0.0000192 seconds
2015-09-08T13:36:20.649+0200: 4115.711: Total time for which application threads were stopped: 0.0000701 seconds, Stopping threads took: 0.0000150 seconds
2015-09-08T13:36:20.649+0200: 4115.712: Total time for which application threads were stopped: 0.0000701 seconds, Stopping threads took: 0.0000214 seconds
2015-09-08T13:36:20.649+0200: 4115.712: Total time for which application threads were stopped: 0.0000563 seconds, Stopping threads took: 0.0000109 seconds
2015-09-08T13:36:20.651+0200: 4115.713: Total time for which application threads were stopped: 0.0001709 seconds, Stopping threads took: 0.0000144 seconds
2015-09-08T13:36:20.652+0200: 4115.715: Total time for which application threads were stopped: 0.0000845 seconds, Stopping threads took: 0.0000275 seconds
2015-09-08T13:36:20.740+0200: 4115.803: Total time for which application threads were stopped: 0.0001357 seconds, Stopping threads took: 0.0000512 seconds
2015-09-08T13:36:20.742+0200: 4115.805: Total time for which application threads were stopped: 0.0001782 seconds, Stopping threads took: 0.0000742 seconds
2015-09-08T13:36:21.742+0200: 4116.805: Total time for which application threads were stopped: 0.0001098 seconds, Stopping threads took: 0.0000266 seconds
2015-09-08T13:36:23.742+0200: 4118.805: Total time for which application threads were stopped: 0.0000806 seconds, Stopping threads took: 0.0000266 seconds
2015-09-08T13:36:50.744+0200: 4145.806: Total time for which application threads were stopped: 0.0000710 seconds, Stopping threads took: 0.0000269 seconds
2015-09-08T13:37:10.745+0200: 4165.807: Total time for which application threads were stopped: 0.0000595 seconds, Stopping threads took: 0.0000147 seconds
2015-09-08T13:37:13.745+0200: 4168.807: Total time for which application threads were stopped: 0.0000774 seconds, Stopping threads took: 0.0000246 seconds
2015-09-08T13:37:16.700+0200: 4171.763: Total time for which application threads were stopped: 0.0000730 seconds, Stopping threads took: 0.0000141 seconds
2015-09-08T13:37:17.700+0200: 4172.762: Total time for which application threads were stopped: 0.0000758 seconds, Stopping threads took: 0.0000259 seconds
2015-09-08T13:37:59.703+0200: 4214.765: Total time for which application threads were stopped: 0.0000752 seconds, Stopping threads took: 0.0000275 seconds
2015-09-08T13:41:03.226+0200: 4398.287: Total time for which application threads were stopped: 0.0001350 seconds, Stopping threads took: 0.0000752 seconds
2015-09-08T13:41:03.767+0200: 4398.828: Total time for which application threads were stopped: 0.0000918 seconds, Stopping threads took: 0.0000208 seconds
2015-09-08T13:41:04.767+0200: 4399.828: Total time for which application threads were stopped: 0.0000682 seconds, Stopping threads took: 0.0000237 seconds
2015-09-08T13:41:07.082+0200: 4402.142: Total time for which application threads were stopped: 0.0000848 seconds, Stopping threads took: 0.0000176 seconds
2015-09-08T13:41:07.084+0200: 4402.144: Total time for which application threads were stopped: 0.0001990 seconds, Stopping threads took: 0.0001242 seconds
2015-09-08T13:41:07.104+0200: 4402.165: Total time for which application threads were stopped: 0.0000704 seconds, Stopping threads took: 0.0000192 seconds
2015-09-08T13:41:07.105+0200: 4402.166: Total time for which application threads were stopped: 0.0000902 seconds, Stopping threads took: 0.0000310 seconds
2015-09-08T13:41:07.106+0200: 4402.166: Total time for which application threads were stopped: 0.0000643 seconds, Stopping threads took: 0.0000221 seconds
2015-09-08T13:41:07.106+0200: 4402.166: Total time for which application threads were stopped: 0.0000970 seconds, Stopping threads took: 0.0000650 seconds
2015-09-08T13:41:20.234+0200: 4415.295: Total time for which application threads were stopped: 0.0000781 seconds, Stopping threads took: 0.0000173 seconds
2015-09-08T13:41:21.234+0200: 4416.295: Total time for which application threads were stopped: 0.0001034 seconds, Stopping threads took: 0.0000272 seconds
2015-09-08T13:45:30.317+0200: 4665.376: Total time for which application threads were stopped: 0.0000701 seconds, Stopping threads took: 0.0000166 seconds
2015-09-08T13:45:31.317+0200: 4666.375: Total time for which application threads were stopped: 0.0001523 seconds, Stopping threads took: 0.0000362 seconds
2015-09-08T13:46:23.581+0200: 4718.639: Total time for which application threads were stopped: 0.0000755 seconds, Stopping threads took: 0.0000125 seconds
2015-09-08T13:46:24.581+0200: 4719.639: Total time for which application threads were stopped: 0.0001421 seconds, Stopping threads took: 0.0000253 seconds
2015-09-08T13:47:35.913+0200: 4790.971: Total time for which application threads were stopped: 0.0000858 seconds, Stopping threads took: 0.0000224 seconds
2015-09-08T13:47:36.913+0200: 4791.971: Total time for which application threads were stopped: 0.0001248 seconds, Stopping threads took: 0.0000378 seconds
2015-09-08T13:48:07.067+0200: 4822.125: Total time for which application threads were stopped: 0.0000602 seconds, Stopping threads took: 0.0000138 seconds
2015-09-08T13:48:08.067+0200: 4823.124: Total time for which application threads were stopped: 0.0000813 seconds, Stopping threads took: 0.0000269 seconds
2015-09-08T13:48:45.482+0200: 4860.539: Total time for which application threads were stopped: 0.0000909 seconds, Stopping threads took: 0.0000234 seconds
2015-09-08T13:48:45.482+0200: 4860.539: Total time for which application threads were stopped: 0.0000573 seconds, Stopping threads took: 0.0000182 seconds
2015-09-08T13:48:45.482+0200: 4860.540: Total time for which application threads were stopped: 0.0001002 seconds, Stopping threads took: 0.0000566 seconds
2015-09-08T13:48:45.483+0200: 4860.540: Total time for which application threads were stopped: 0.0000666 seconds, Stopping threads took: 0.0000285 seconds
2015-09-08T13:48:45.483+0200: 4860.540: Total time for which application threads were stopped: 0.0000496 seconds, Stopping threads took: 0.0000077 seconds
2015-09-08T13:48:46.483+0200: 4861.540: Total time for which application threads were stopped: 0.0000717 seconds, Stopping threads took: 0.0000269 seconds
2015-09-08T13:49:11.263+0200: 4886.321: Total time for which application threads were stopped: 0.0001494 seconds, Stopping threads took: 0.0000653 seconds
2015-09-08T13:49:11.263+0200: 4886.321: Total time for which application threads were stopped: 0.0000448 seconds, Stopping threads took: 0.0000170 seconds
2015-09-08T13:49:11.264+0200: 4886.321: Total time for which application threads were stopped: 0.0001331 seconds, Stopping threads took: 0.0000173 seconds
2015-09-08T13:49:12.264+0200: 4887.321: Total time for which application threads were stopped: 0.0000710 seconds, Stopping threads took: 0.0000259 seconds
2015-09-08T13:49:51.267+0200: 4926.323: Total time for which application threads were stopped: 0.0000848 seconds, Stopping threads took: 0.0000269 seconds
2015-09-08T13:49:56.093+0200: 4931.150: Total time for which application threads were stopped: 0.0000880 seconds, Stopping threads took: 0.0000237 seconds
2015-09-08T13:49:57.093+0200: 4932.150: Total time for which application threads were stopped: 0.0000698 seconds, Stopping threads took: 0.0000272 seconds
2015-09-08T13:49:58.093+0200: 4933.150: Total time for which application threads were stopped: 0.0000723 seconds, Stopping threads took: 0.0000266 seconds
2015-09-08T13:50:01.093+0200: 4936.150: Total time for which application threads were stopped: 0.0000704 seconds, Stopping threads took: 0.0000250 seconds
2015-09-08T13:50:03.462+0200: 4938.519: Total time for which application threads were stopped: 0.0001366 seconds, Stopping threads took: 0.0000707 seconds
2015-09-08T13:50:03.462+0200: 4938.520: Total time for which application threads were stopped: 0.0001040 seconds, Stopping threads took: 0.0000723 seconds
2015-09-08T13:50:03.462+0200: 4938.520: Total time for which application threads were stopped: 0.0000634 seconds, Stopping threads took: 0.0000214 seconds
2015-09-08T13:50:03.463+0200: 4938.520: Total time for which application threads were stopped: 0.0001133 seconds, Stopping threads took: 0.0000707 seconds
2015-09-08T13:50:03.463+0200: 4938.520: Total time for which application threads were stopped: 0.0000582 seconds, Stopping threads took: 0.0000090 seconds
2015-09-08T13:50:03.463+0200: 4938.520: Total time for which application threads were stopped: 0.0000512 seconds, Stopping threads took: 0.0000096 seconds
2015-09-08T13:50:03.465+0200: 4938.522: Total time for which application threads were stopped: 0.0000611 seconds, Stopping threads took: 0.0000179 seconds
2015-09-08T13:50:04.465+0200: 4939.522: Total time for which application threads were stopped: 0.0000794 seconds, Stopping threads took: 0.0000246 seconds
2015-09-08T13:53:06.030+0200: 5121.086: Total time for which application threads were stopped: 0.0000691 seconds, Stopping threads took: 0.0000154 seconds
2015-09-08T13:53:06.032+0200: 5121.087: Total time for which application threads were stopped: 0.0000800 seconds, Stopping threads took: 0.0000192 seconds
2015-09-08T13:53:07.032+0200: 5122.087: Total time for which application threads were stopped: 0.0000560 seconds, Stopping threads took: 0.0000138 seconds
2015-09-08T13:54:24.197+0200: 5199.253: Total time for which application threads were stopped: 0.0000669 seconds, Stopping threads took: 0.0000141 seconds
2015-09-08T13:54:24.251+0200: 5199.307: Total time for which application threads were stopped: 0.0000989 seconds, Stopping threads took: 0.0000150 seconds
2015-09-08T13:54:25.251+0200: 5200.306: Total time for which application threads were stopped: 0.0000701 seconds, Stopping threads took: 0.0000243 seconds
2015-09-08T13:55:19.988+0200: 5255.044: Total time for which application threads were stopped: 0.0000854 seconds, Stopping threads took: 0.0000141 seconds
{Heap before GC invocations=226 (full 7):
 par new generation   total 109248K, used 109248K [0x00000000e0000000, 0x00000000e8000000, 0x00000000e8000000)
  eden space 87424K, 100% used [0x00000000e0000000, 0x00000000e5560000, 0x00000000e5560000)
  from space 21824K, 100% used [0x00000000e5560000, 0x00000000e6ab0000, 0x00000000e6ab0000)
  to   space 21824K,   0% used [0x00000000e6ab0000, 0x00000000e6ab0000, 0x00000000e8000000)
 concurrent mark-sweep generation total 393216K, used 139225K [0x00000000e8000000, 0x0000000100000000, 0x0000000100000000)
 Metaspace       used 32726K, capacity 33066K, committed 33304K, reserved 1079296K
  class space    used 3717K, capacity 3843K, committed 3864K, reserved 1048576K
2015-09-08T13:55:20.183+0200: 5255.238: [GC (Allocation Failure) 5255.239: [ParNew
Desired survivor size 20112992 bytes, new threshold 7 (max 8)
- age   1:    7480808 bytes,    7480808 total
- age   2:     124456 bytes,    7605264 total
- age   3:    3741624 bytes,   11346888 total
- age   4:    3761960 bytes,   15108848 total
- age   5:    2362848 bytes,   17471696 total
- age   6:    1252624 bytes,   18724320 total
- age   7:    3458008 bytes,   22182328 total
: 109248K->21824K(109248K), 0.0102265 secs] 248473K->165823K(502464K), 0.0102799 secs] [Times: user=0.00 sys=0.00, real=0.01 secs] 
Heap after GC invocations=227 (full 7):
 par new generation   total 109248K, used 21824K [0x00000000e0000000, 0x00000000e8000000, 0x00000000e8000000)
  eden space 87424K,   0% used [0x00000000e0000000, 0x00000000e0000000, 0x00000000e5560000)
  from space 21824K, 100% used [0x00000000e6ab0000, 0x00000000e8000000, 0x00000000e8000000)
  to   space 21824K,   0% used [0x00000000e5560000, 0x00000000e5560000, 0x00000000e6ab0000)
 concurrent mark-sweep generation total 393216K, used 143999K [0x00000000e8000000, 0x0000000100000000, 0x0000000100000000)
 Metaspace       used 32726K, capacity 33066K, committed 33304K, reserved 1079296K
  class space    used 3717K, capacity 3843K, committed 3864K, reserved 1048576K
}
2015-09-08T13:55:20.194+0200: 5255.249: Total time for which application threads were stopped: 0.0104438 seconds, Stopping threads took: 0.0000144 seconds
2015-09-08T13:55:21.194+0200: 5256.249: Total time for which application threads were stopped: 0.0000704 seconds, Stopping threads took: 0.0000240 seconds
2015-09-08T13:55:38.251+0200: 5273.306: Total time for which application threads were stopped: 0.0000858 seconds, Stopping threads took: 0.0000138 seconds
2015-09-08T13:55:38.252+0200: 5273.307: Total time for which application threads were stopped: 0.0001082 seconds, Stopping threads took: 0.0000250 seconds
2015-09-08T13:55:38.252+0200: 5273.307: Total time for which application threads were stopped: 0.0000845 seconds, Stopping threads took: 0.0000422 seconds
2015-09-08T13:55:38.252+0200: 5273.307: Total time for which application threads were stopped: 0.0000470 seconds, Stopping threads took: 0.0000170 seconds
2015-09-08T13:55:38.252+0200: 5273.307: Total time for which application threads were stopped: 0.0001126 seconds, Stopping threads took: 0.0000662 seconds
2015-09-08T13:55:38.252+0200: 5273.307: Total time for which application threads were stopped: 0.0000406 seconds, Stopping threads took: 0.0000192 seconds
2015-09-08T13:55:38.252+0200: 5273.308: Total time for which application threads were stopped: 0.0000362 seconds, Stopping threads took: 0.0000157 seconds
2015-09-08T13:55:38.253+0200: 5273.308: Total time for which application threads were stopped: 0.0000896 seconds, Stopping threads took: 0.0000528 seconds
2015-09-08T13:55:38.253+0200: 5273.308: Total time for which application threads were stopped: 0.0000480 seconds, Stopping threads took: 0.0000189 seconds
2015-09-08T13:55:38.253+0200: 5273.308: Total time for which application threads were stopped: 0.0000502 seconds, Stopping threads took: 0.0000054 seconds
2015-09-08T13:55:38.253+0200: 5273.308: Total time for which application threads were stopped: 0.0000557 seconds, Stopping threads took: 0.0000090 seconds
2015-09-08T13:55:39.253+0200: 5274.308: Total time for which application threads were stopped: 0.0000832 seconds, Stopping threads took: 0.0000198 seconds
2015-09-08T13:56:10.255+0200: 5305.309: Total time for which application threads were stopped: 0.0001200 seconds, Stopping threads took: 0.0000288 seconds
2015-09-08T13:56:20.256+0200: 5315.310: Total time for which application threads were stopped: 0.0001203 seconds, Stopping threads took: 0.0000454 seconds
{Heap before GC invocations=227 (full 7):
 par new generation   total 109248K, used 109248K [0x00000000e0000000, 0x00000000e8000000, 0x00000000e8000000)
  eden space 87424K, 100% used [0x00000000e0000000, 0x00000000e5560000, 0x00000000e5560000)
  from space 21824K, 100% used [0x00000000e6ab0000, 0x00000000e8000000, 0x00000000e8000000)
  to   space 21824K,   0% used [0x00000000e5560000, 0x00000000e5560000, 0x00000000e6ab0000)
 concurrent mark-sweep generation total 393216K, used 143999K [0x00000000e8000000, 0x0000000100000000, 0x0000000100000000)
 Metaspace       used 32747K, capacity 33066K, committed 33304K, reserved 1079296K
  class space    used 3717K, capacity 3843K, committed 3864K, reserved 1048576K
2015-09-08T13:56:20.370+0200: 5315.424: [GC (Allocation Failure) 5315.424: [ParNew
Desired survivor size 20112992 bytes, new threshold 8 (max 8)
- age   1:     789200 bytes,     789200 total
- age   2:    6657672 bytes,    7446872 total
- age   3:     124456 bytes,    7571328 total
- age   4:    3741624 bytes,   11312952 total
- age   5:    3761960 bytes,   15074912 total
- age   6:    2362848 bytes,   17437760 total
- age   7:    1252624 bytes,   18690384 total
: 109248K->21448K(109248K), 0.0072979 secs] 253247K->169673K(502464K), 0.0073779 secs] [Times: user=0.00 sys=0.00, real=0.01 secs] 
Heap after GC invocations=228 (full 7):
 par new generation   total 109248K, used 21448K [0x00000000e0000000, 0x00000000e8000000, 0x00000000e8000000)
  eden space 87424K,   0% used [0x00000000e0000000, 0x00000000e0000000, 0x00000000e5560000)
  from space 21824K,  98% used [0x00000000e5560000, 0x00000000e6a52300, 0x00000000e6ab0000)
  to   space 21824K,   0% used [0x00000000e6ab0000, 0x00000000e6ab0000, 0x00000000e8000000)
 concurrent mark-sweep generation total 393216K, used 148225K [0x00000000e8000000, 0x0000000100000000, 0x0000000100000000)
 Metaspace       used 32747K, capacity 33066K, committed 33304K, reserved 1079296K
  class space    used 3717K, capacity 3843K, committed 3864K, reserved 1048576K
}
2015-09-08T13:56:20.377+0200: 5315.431: Total time for which application threads were stopped: 0.0075516 seconds, Stopping threads took: 0.0000246 seconds
{Heap before GC invocations=228 (full 7):
 par new generation   total 109248K, used 108872K [0x00000000e0000000, 0x00000000e8000000, 0x00000000e8000000)
  eden space 87424K, 100% used [0x00000000e0000000, 0x00000000e5560000, 0x00000000e5560000)
  from space 21824K,  98% used [0x00000000e5560000, 0x00000000e6a52300, 0x00000000e6ab0000)
  to   space 21824K,   0% used [0x00000000e6ab0000, 0x00000000e6ab0000, 0x00000000e8000000)
 concurrent mark-sweep generation total 393216K, used 148225K [0x00000000e8000000, 0x0000000100000000, 0x0000000100000000)
 Metaspace       used 32747K, capacity 33066K, committed 33304K, reserved 1079296K
  class space    used 3717K, capacity 3843K, committed 3864K, reserved 1048576K
2015-09-08T13:56:20.812+0200: 5315.867: [GC (Allocation Failure) 5315.867: [ParNew
Desired survivor size 20112992 bytes, new threshold 8 (max 8)
- age   1:     687544 bytes,     687544 total
- age   2:      74504 bytes,     762048 total
- age   3:    5983992 bytes,    6746040 total
- age   4:     123400 bytes,    6869440 total
- age   5:    3712464 bytes,   10581904 total
- age   6:    3755384 bytes,   14337288 total
- age   7:    2362848 bytes,   16700136 total
- age   8:    1252624 bytes,   17952760 total
: 108872K->21824K(109248K), 0.0066166 secs] 257097K->170771K(502464K), 0.0066636 secs] [Times: user=0.06 sys=0.00, real=0.01 secs] 
Heap after GC invocations=229 (full 7):
 par new generation   total 109248K, used 21824K [0x00000000e0000000, 0x00000000e8000000, 0x00000000e8000000)
  eden space 87424K,   0% used [0x00000000e0000000, 0x00000000e0000000, 0x00000000e5560000)
  from space 21824K, 100% used [0x00000000e6ab0000, 0x00000000e8000000, 0x00000000e8000000)
  to   space 21824K,   0% used [0x00000000e5560000, 0x00000000e5560000, 0x00000000e6ab0000)
 concurrent mark-sweep generation total 393216K, used 148947K [0x00000000e8000000, 0x0000000100000000, 0x0000000100000000)
 Metaspace       used 32747K, capacity 33066K, committed 33304K, reserved 1079296K
  class space    used 3717K, capacity 3843K, committed 3864K, reserved 1048576K
}
2015-09-08T13:56:20.819+0200: 5315.874: Total time for which application threads were stopped: 0.0068252 seconds, Stopping threads took: 0.0000144 seconds
{Heap before GC invocations=229 (full 7):
 par new generation   total 109248K, used 109248K [0x00000000e0000000, 0x00000000e8000000, 0x00000000e8000000)
  eden space 87424K, 100% used [0x00000000e0000000, 0x00000000e5560000, 0x00000000e5560000)
  from space 21824K, 100% used [0x00000000e6ab0000, 0x00000000e8000000, 0x00000000e8000000)
  to   space 21824K,   0% used [0x00000000e5560000, 0x00000000e5560000, 0x00000000e6ab0000)
 concurrent mark-sweep generation total 393216K, used 148947K [0x00000000e8000000, 0x0000000100000000, 0x0000000100000000)
 Metaspace       used 32747K, capacity 33066K, committed 33304K, reserved 1079296K
  class space    used 3717K, capacity 3843K, committed 3864K, reserved 1048576K
2015-09-08T13:56:21.254+0200: 5316.309: [GC (Allocation Failure) 5316.309: [ParNew
Desired survivor size 20112992 bytes, new threshold 8 (max 8)
- age   1:     686920 bytes,     686920 total
- age   3:      73616 bytes,     760536 total
- age   4:    4605592 bytes,    5366128 total
- age   5:     121144 bytes,    5487272 total
- age   6:    3686912 bytes,    9174184 total
- age   7:    3732704 bytes,   12906888 total
- age   8:    2345544 bytes,   15252432 total
: 109248K->21824K(109248K), 0.0057846 secs] 258195K->173408K(502464K), 0.0058368 secs] [Times: user=0.00 sys=0.00, real=0.01 secs] 
Heap after GC invocations=230 (full 7):
 par new generation   total 109248K, used 21824K [0x00000000e0000000, 0x00000000e8000000, 0x00000000e8000000)
  eden space 87424K,   0% used [0x00000000e0000000, 0x00000000e0000000, 0x00000000e5560000)
  from space 21824K, 100% used [0x00000000e5560000, 0x00000000e6ab0000, 0x00000000e6ab0000)
  to   space 21824K,   0% used [0x00000000e6ab0000, 0x00000000e6ab0000, 0x00000000e8000000)
 concurrent mark-sweep generation total 393216K, used 151584K [0x00000000e8000000, 0x0000000100000000, 0x0000000100000000)
 Metaspace       used 32747K, capacity 33066K, committed 33304K, reserved 1079296K
  class space    used 3717K, capacity 3843K, committed 3864K, reserved 1048576K
}
2015-09-08T13:56:21.260+0200: 5316.315: Total time for which application threads were stopped: 0.0059929 seconds, Stopping threads took: 0.0000150 seconds
{Heap before GC invocations=230 (full 7):
 par new generation   total 109248K, used 109248K [0x00000000e0000000, 0x00000000e8000000, 0x00000000e8000000)
  eden space 87424K, 100% used [0x00000000e0000000, 0x00000000e5560000, 0x00000000e5560000)
  from space 21824K, 100% used [0x00000000e5560000, 0x00000000e6ab0000, 0x00000000e6ab0000)
  to   space 21824K,   0% used [0x00000000e6ab0000, 0x00000000e6ab0000, 0x00000000e8000000)
 concurrent mark-sweep generation total 393216K, used 151584K [0x00000000e8000000, 0x0000000100000000, 0x0000000100000000)
 Metaspace       used 32747K, capacity 33066K, committed 33304K, reserved 1079296K
  class space    used 3717K, capacity 3843K, committed 3864K, reserved 1048576K
2015-09-08T13:56:21.684+0200: 5316.739: [GC (Allocation Failure) 5316.739: [ParNew
Desired survivor size 20112992 bytes, new threshold 8 (max 8)
- age   1:     686000 bytes,     686000 total
- age   4:      73616 bytes,     759616 total
- age   5:    4605592 bytes,    5365208 total
- age   6:     121144 bytes,    5486352 total
- age   7:    3686912 bytes,    9173264 total
- age   8:    3732704 bytes,   12905968 total
: 109248K->16018K(109248K), 0.0067200 secs] 260832K->169894K(502464K), 0.0067683 secs] [Times: user=0.00 sys=0.01, real=0.01 secs] 
Heap after GC invocations=231 (full 7):
 par new generation   total 109248K, used 16018K [0x00000000e0000000, 0x00000000e8000000, 0x00000000e8000000)
  eden space 87424K,   0% used [0x00000000e0000000, 0x00000000e0000000, 0x00000000e5560000)
  from space 21824K,  73% used [0x00000000e6ab0000, 0x00000000e7a54b70, 0x00000000e8000000)
  to   space 21824K,   0% used [0x00000000e5560000, 0x00000000e5560000, 0x00000000e6ab0000)
 concurrent mark-sweep generation total 393216K, used 153875K [0x00000000e8000000, 0x0000000100000000, 0x0000000100000000)
 Metaspace       used 32747K, capacity 33066K, committed 33304K, reserved 1079296K
  class space    used 3717K, capacity 3843K, committed 3864K, reserved 1048576K
}
2015-09-08T13:56:21.691+0200: 5316.745: Total time for which application threads were stopped: 0.0069235 seconds, Stopping threads took: 0.0000144 seconds
{Heap before GC invocations=231 (full 7):
 par new generation   total 109248K, used 103442K [0x00000000e0000000, 0x00000000e8000000, 0x00000000e8000000)
  eden space 87424K, 100% used [0x00000000e0000000, 0x00000000e5560000, 0x00000000e5560000)
  from space 21824K,  73% used [0x00000000e6ab0000, 0x00000000e7a54b70, 0x00000000e8000000)
  to   space 21824K,   0% used [0x00000000e5560000, 0x00000000e5560000, 0x00000000e6ab0000)
 concurrent mark-sweep generation total 393216K, used 153875K [0x00000000e8000000, 0x0000000100000000, 0x0000000100000000)
 Metaspace       used 32747K, capacity 33066K, committed 33304K, reserved 1079296K
  class space    used 3717K, capacity 3843K, committed 3864K, reserved 1048576K
2015-09-08T13:56:22.129+0200: 5317.183: [GC (Allocation Failure) 5317.183: [ParNew
Desired survivor size 20112992 bytes, new threshold 8 (max 8)
- age   1:     702432 bytes,     702432 total
- age   5:      73616 bytes,     776048 total
- age   6:    4605592 bytes,    5381640 total
- age   7:     121144 bytes,    5502784 total
- age   8:    3686912 bytes,    9189696 total
: 103442K->13682K(109248K), 0.0057766 secs] 257318K->171204K(502464K), 0.0058240 secs] [Times: user=0.00 sys=0.00, real=0.01 secs] 
Heap after GC invocations=232 (full 7):
 par new generation   total 109248K, used 13682K [0x00000000e0000000, 0x00000000e8000000, 0x00000000e8000000)
  eden space 87424K,   0% used [0x00000000e0000000, 0x00000000e0000000, 0x00000000e5560000)
  from space 21824K,  62% used [0x00000000e5560000, 0x00000000e62bcb80, 0x00000000e6ab0000)
  to   space 21824K,   0% used [0x00000000e6ab0000, 0x00000000e6ab0000, 0x00000000e8000000)
 concurrent mark-sweep generation total 393216K, used 157521K [0x00000000e8000000, 0x0000000100000000, 0x0000000100000000)
 Metaspace       used 32747K, capacity 33066K, committed 33304K, reserved 1079296K
  class space    used 3717K, capacity 3843K, committed 3864K, reserved 1048576K
}
2015-09-08T13:56:22.135+0200: 5317.189: Total time for which application threads were stopped: 0.0059891 seconds, Stopping threads took: 0.0000259 seconds
{Heap before GC invocations=232 (full 7):
 par new generation   total 109248K, used 101106K [0x00000000e0000000, 0x00000000e8000000, 0x00000000e8000000)
  eden space 87424K, 100% used [0x00000000e0000000, 0x00000000e5560000, 0x00000000e5560000)
  from space 21824K,  62% used [0x00000000e5560000, 0x00000000e62bcb80, 0x00000000e6ab0000)
  to   space 21824K,   0% used [0x00000000e6ab0000, 0x00000000e6ab0000, 0x00000000e8000000)
 concurrent mark-sweep generation total 393216K, used 157521K [0x00000000e8000000, 0x0000000100000000, 0x0000000100000000)
 Metaspace       used 32747K, capacity 33066K, committed 33304K, reserved 1079296K
  class space    used 3717K, capacity 3843K, committed 3864K, reserved 1048576K
2015-09-08T13:56:22.570+0200: 5317.625: [GC (Allocation Failure) 5317.625: [ParNew
Desired survivor size 20112992 bytes, new threshold 8 (max 8)
- age   1:     699184 bytes,     699184 total
- age   2:      20256 bytes,     719440 total
- age   6:      73616 bytes,     793056 total
- age   7:    4605592 bytes,    5398648 total
- age   8:     121144 bytes,    5519792 total
: 101106K->6919K(109248K), 0.0055676 secs] 258628K->168042K(502464K), 0.0056256 secs] [Times: user=0.00 sys=0.00, real=0.01 secs] 
Heap after GC invocations=233 (full 7):
 par new generation   total 109248K, used 6919K [0x00000000e0000000, 0x00000000e8000000, 0x00000000e8000000)
  eden space 87424K,   0% used [0x00000000e0000000, 0x00000000e0000000, 0x00000000e5560000)
  from space 21824K,  31% used [0x00000000e6ab0000, 0x00000000e7171d90, 0x00000000e8000000)
  to   space 21824K,   0% used [0x00000000e5560000, 0x00000000e5560000, 0x00000000e6ab0000)
 concurrent mark-sweep generation total 393216K, used 161123K [0x00000000e8000000, 0x0000000100000000, 0x0000000100000000)
 Metaspace       used 32747K, capacity 33066K, committed 33304K, reserved 1079296K
  class space    used 3717K, capacity 3843K, committed 3864K, reserved 1048576K
}
2015-09-08T13:56:22.576+0200: 5317.630: Total time for which application threads were stopped: 0.0058096 seconds, Stopping threads took: 0.0000144 seconds
{Heap before GC invocations=233 (full 7):
 par new generation   total 109248K, used 94343K [0x00000000e0000000, 0x00000000e8000000, 0x00000000e8000000)
  eden space 87424K, 100% used [0x00000000e0000000, 0x00000000e5560000, 0x00000000e5560000)
  from space 21824K,  31% used [0x00000000e6ab0000, 0x00000000e7171d90, 0x00000000e8000000)
  to   space 21824K,   0% used [0x00000000e5560000, 0x00000000e5560000, 0x00000000e6ab0000)
 concurrent mark-sweep generation total 393216K, used 161123K [0x00000000e8000000, 0x0000000100000000, 0x0000000100000000)
 Metaspace       used 32747K, capacity 33066K, committed 33304K, reserved 1079296K
  class space    used 3717K, capacity 3843K, committed 3864K, reserved 1048576K
2015-09-08T13:56:23.003+0200: 5318.057: [GC (Allocation Failure) 5318.057: [ParNew
Desired survivor size 20112992 bytes, new threshold 8 (max 8)
- age   1:     706392 bytes,     706392 total
- age   2:      19712 bytes,     726104 total
- age   3:      20256 bytes,     746360 total
- age   7:      73584 bytes,     819944 total
- age   8:    4605592 bytes,    5425536 total
: 94343K->8804K(109248K), 0.0030093 secs] 255466K->170046K(502464K), 0.0030649 secs] [Times: user=0.00 sys=0.00, real=0.00 secs] 
Heap after GC invocations=234 (full 7):
 par new generation   total 109248K, used 8804K [0x00000000e0000000, 0x00000000e8000000, 0x00000000e8000000)
  eden space 87424K,   0% used [0x00000000e0000000, 0x00000000e0000000, 0x00000000e5560000)
  from space 21824K,  40% used [0x00000000e5560000, 0x00000000e5df9330, 0x00000000e6ab0000)
  to   space 21824K,   0% used [0x00000000e6ab0000, 0x00000000e6ab0000, 0x00000000e8000000)
 concurrent mark-sweep generation total 393216K, used 161241K [0x00000000e8000000, 0x0000000100000000, 0x0000000100000000)
 Metaspace       used 32747K, capacity 33066K, committed 33304K, reserved 1079296K
  class space    used 3717K, capacity 3843K, committed 3864K, reserved 1048576K
}
2015-09-08T13:56:23.006+0200: 5318.060: Total time for which application threads were stopped: 0.0032739 seconds, Stopping threads took: 0.0000253 seconds
{Heap before GC invocations=234 (full 7):
 par new generation   total 109248K, used 96228K [0x00000000e0000000, 0x00000000e8000000, 0x00000000e8000000)
  eden space 87424K, 100% used [0x00000000e0000000, 0x00000000e5560000, 0x00000000e5560000)
  from space 21824K,  40% used [0x00000000e5560000, 0x00000000e5df9330, 0x00000000e6ab0000)
  to   space 21824K,   0% used [0x00000000e6ab0000, 0x00000000e6ab0000, 0x00000000e8000000)
 concurrent mark-sweep generation total 393216K, used 161241K [0x00000000e8000000, 0x0000000100000000, 0x0000000100000000)
 Metaspace       used 32747K, capacity 33066K, committed 33304K, reserved 1079296K
  class space    used 3717K, capacity 3843K, committed 3864K, reserved 1048576K
2015-09-08T13:56:23.432+0200: 5318.486: [GC (Allocation Failure) 5318.486: [ParNew
Desired survivor size 20112992 bytes, new threshold 8 (max 8)
- age   1:     689256 bytes,     689256 total
- age   2:      20776 bytes,     710032 total
- age   3:      19712 bytes,     729744 total
- age   4:      20256 bytes,     750000 total
- age   8:      73552 bytes,     823552 total
: 96228K->2582K(109248K), 0.0034736 secs] 257470K->168323K(502464K), 0.0035248 secs] [Times: user=0.00 sys=0.00, real=0.00 secs] 
Heap after GC invocations=235 (full 7):
 par new generation   total 109248K, used 2582K [0x00000000e0000000, 0x00000000e8000000, 0x00000000e8000000)
  eden space 87424K,   0% used [0x00000000e0000000, 0x00000000e0000000, 0x00000000e5560000)
  from space 21824K,  11% used [0x00000000e6ab0000, 0x00000000e6d359a0, 0x00000000e8000000)
  to   space 21824K,   0% used [0x00000000e5560000, 0x00000000e5560000, 0x00000000e6ab0000)
 concurrent mark-sweep generation total 393216K, used 165741K [0x00000000e8000000, 0x0000000100000000, 0x0000000100000000)
 Metaspace       used 32747K, capacity 33066K, committed 33304K, reserved 1079296K
  class space    used 3717K, capacity 3843K, committed 3864K, reserved 1048576K
}
2015-09-08T13:56:23.435+0200: 5318.490: Total time for which application threads were stopped: 0.0036803 seconds, Stopping threads took: 0.0000144 seconds
{Heap before GC invocations=235 (full 7):
 par new generation   total 109248K, used 90006K [0x00000000e0000000, 0x00000000e8000000, 0x00000000e8000000)
  eden space 87424K, 100% used [0x00000000e0000000, 0x00000000e5560000, 0x00000000e5560000)
  from space 21824K,  11% used [0x00000000e6ab0000, 0x00000000e6d359a0, 0x00000000e8000000)
  to   space 21824K,   0% used [0x00000000e5560000, 0x00000000e5560000, 0x00000000e6ab0000)
 concurrent mark-sweep generation total 393216K, used 165741K [0x00000000e8000000, 0x0000000100000000, 0x0000000100000000)
 Metaspace       used 32747K, capacity 33066K, committed 33304K, reserved 1079296K
  class space    used 3717K, capacity 3843K, committed 3864K, reserved 1048576K
2015-09-08T13:56:23.869+0200: 5318.923: [GC (Allocation Failure) 5318.923: [ParNew
Desired survivor size 20112992 bytes, new threshold 8 (max 8)
- age   1:     684192 bytes,     684192 total
- age   2:         32 bytes,     684224 total
- age   3:      20776 bytes,     705000 total
- age   4:      19712 bytes,     724712 total
- age   5:      20256 bytes,     744968 total
: 90006K->1119K(109248K), 0.0025251 secs] 255747K->166932K(502464K), 0.0025741 secs] [Times: user=0.00 sys=0.00, real=0.00 secs] 
Heap after GC invocations=236 (full 7):
 par new generation   total 109248K, used 1119K [0x00000000e0000000, 0x00000000e8000000, 0x00000000e8000000)
  eden space 87424K,   0% used [0x00000000e0000000, 0x00000000e0000000, 0x00000000e5560000)
  from space 21824K,   5% used [0x00000000e5560000, 0x00000000e5677cc0, 0x00000000e6ab0000)
  to   space 21824K,   0% used [0x00000000e6ab0000, 0x00000000e6ab0000, 0x00000000e8000000)
 concurrent mark-sweep generation total 393216K, used 165813K [0x00000000e8000000, 0x0000000100000000, 0x0000000100000000)
 Metaspace       used 32747K, capacity 33066K, committed 33304K, reserved 1079296K
  class space    used 3717K, capacity 3843K, committed 3864K, reserved 1048576K
}
2015-09-08T13:56:23.871+0200: 5318.926: Total time for which application threads were stopped: 0.0027222 seconds, Stopping threads took: 0.0000147 seconds
{Heap before GC invocations=236 (full 7):
 par new generation   total 109248K, used 88543K [0x00000000e0000000, 0x00000000e8000000, 0x00000000e8000000)
  eden space 87424K, 100% used [0x00000000e0000000, 0x00000000e5560000, 0x00000000e5560000)
  from space 21824K,   5% used [0x00000000e5560000, 0x00000000e5677cc0, 0x00000000e6ab0000)
  to   space 21824K,   0% used [0x00000000e6ab0000, 0x00000000e6ab0000, 0x00000000e8000000)
 concurrent mark-sweep generation total 393216K, used 165813K [0x00000000e8000000, 0x0000000100000000, 0x0000000100000000)
 Metaspace       used 32747K, capacity 33066K, committed 33304K, reserved 1079296K
  class space    used 3717K, capacity 3843K, committed 3864K, reserved 1048576K
2015-09-08T13:56:24.303+0200: 5319.357: [GC (Allocation Failure) 5319.357: [ParNew
Desired survivor size 20112992 bytes, new threshold 8 (max 8)
- age   1:     678336 bytes,     678336 total
- age   2:         32 bytes,     678368 total
- age   3:         32 bytes,     678400 total
- age   4:      20776 bytes,     699176 total
- age   5:      19712 bytes,     718888 total
- age   6:      20256 bytes,     739144 total
: 88543K->828K(109248K), 0.0026137 secs] 254356K->166642K(502464K), 0.0026723 secs] [Times: user=0.00 sys=0.00, real=0.00 secs] 
Heap after GC invocations=237 (full 7):
 par new generation   total 109248K, used 828K [0x00000000e0000000, 0x00000000e8000000, 0x00000000e8000000)
  eden space 87424K,   0% used [0x00000000e0000000, 0x00000000e0000000, 0x00000000e5560000)
  from space 21824K,   3% used [0x00000000e6ab0000, 0x00000000e6b7f3a8, 0x00000000e8000000)
  to   space 21824K,   0% used [0x00000000e5560000, 0x00000000e5560000, 0x00000000e6ab0000)
 concurrent mark-sweep generation total 393216K, used 165813K [0x00000000e8000000, 0x0000000100000000, 0x0000000100000000)
 Metaspace       used 32747K, capacity 33066K, committed 33304K, reserved 1079296K
  class space    used 3717K, capacity 3843K, committed 3864K, reserved 1048576K
}
2015-09-08T13:56:24.305+0200: 5319.360: Total time for which application threads were stopped: 0.0028259 seconds, Stopping threads took: 0.0000144 seconds
{Heap before GC invocations=237 (full 7):
 par new generation   total 109248K, used 88252K [0x00000000e0000000, 0x00000000e8000000, 0x00000000e8000000)
  eden space 87424K, 100% used [0x00000000e0000000, 0x00000000e5560000, 0x00000000e5560000)
  from space 21824K,   3% used [0x00000000e6ab0000, 0x00000000e6b7f3a8, 0x00000000e8000000)
  to   space 21824K,   0% used [0x00000000e5560000, 0x00000000e5560000, 0x00000000e6ab0000)
 concurrent mark-sweep generation total 393216K, used 165813K [0x00000000e8000000, 0x0000000100000000, 0x0000000100000000)
 Metaspace       used 32747K, capacity 33066K, committed 33304K, reserved 1079296K
  class space    used 3717K, capacity 3843K, committed 3864K, reserved 1048576K
2015-09-08T13:56:27.004+0200: 5322.059: [GC (Allocation Failure) 5322.059: [ParNew
Desired survivor size 20112992 bytes, new threshold 8 (max 8)
- age   1:    1987872 bytes,    1987872 total
- age   2:         64 bytes,    1987936 total
- age   3:         32 bytes,    1987968 total
- age   4:         32 bytes,    1988000 total
- age   5:      20776 bytes,    2008776 total
- age   6:      19712 bytes,    2028488 total
- age   7:      20256 bytes,    2048744 total
: 88252K->2431K(109248K), 0.0033165 secs] 254066K->168244K(502464K), 0.0033641 secs] [Times: user=0.00 sys=0.00, real=0.00 secs] 
Heap after GC invocations=238 (full 7):
 par new generation   total 109248K, used 2431K [0x00000000e0000000, 0x00000000e8000000, 0x00000000e8000000)
  eden space 87424K,   0% used [0x00000000e0000000, 0x00000000e0000000, 0x00000000e5560000)
  from space 21824K,  11% used [0x00000000e5560000, 0x00000000e57bfcc8, 0x00000000e6ab0000)
  to   space 21824K,   0% used [0x00000000e6ab0000, 0x00000000e6ab0000, 0x00000000e8000000)
 concurrent mark-sweep generation total 393216K, used 165813K [0x00000000e8000000, 0x0000000100000000, 0x0000000100000000)
 Metaspace       used 32747K, capacity 33066K, committed 33304K, reserved 1079296K
  class space    used 3717K, capacity 3843K, committed 3864K, reserved 1048576K
}
2015-09-08T13:56:27.008+0200: 5322.062: Total time for which application threads were stopped: 0.0035123 seconds, Stopping threads took: 0.0000218 seconds
{Heap before GC invocations=238 (full 7):
 par new generation   total 109248K, used 89855K [0x00000000e0000000, 0x00000000e8000000, 0x00000000e8000000)
  eden space 87424K, 100% used [0x00000000e0000000, 0x00000000e5560000, 0x00000000e5560000)
  from space 21824K,  11% used [0x00000000e5560000, 0x00000000e57bfcc8, 0x00000000e6ab0000)
  to   space 21824K,   0% used [0x00000000e6ab0000, 0x00000000e6ab0000, 0x00000000e8000000)
 concurrent mark-sweep generation total 393216K, used 165813K [0x00000000e8000000, 0x0000000100000000, 0x0000000100000000)
 Metaspace       used 32747K, capacity 33066K, committed 33304K, reserved 1079296K
  class space    used 3717K, capacity 3843K, committed 3864K, reserved 1048576K
2015-09-08T13:56:27.511+0200: 5322.566: [GC (Allocation Failure) 5322.566: [ParNew
Desired survivor size 20112992 bytes, new threshold 8 (max 8)
- age   1:    1579808 bytes,    1579808 total
- age   2:      32896 bytes,    1612704 total
- age   3:         64 bytes,    1612768 total
- age   4:         32 bytes,    1612800 total
- age   5:         32 bytes,    1612832 total
- age   6:      20776 bytes,    1633608 total
- age   7:      19712 bytes,    1653320 total
- age   8:      20256 bytes,    1673576 total
: 89855K->1733K(109248K), 0.0026262 secs] 255668K->167546K(502464K), 0.0026739 secs] [Times: user=0.00 sys=0.00, real=0.00 secs] 
Heap after GC invocations=239 (full 7):
 par new generation   total 109248K, used 1733K [0x00000000e0000000, 0x00000000e8000000, 0x00000000e8000000)
  eden space 87424K,   0% used [0x00000000e0000000, 0x00000000e0000000, 0x00000000e5560000)
  from space 21824K,   7% used [0x00000000e6ab0000, 0x00000000e6c616a8, 0x00000000e8000000)
  to   space 21824K,   0% used [0x00000000e5560000, 0x00000000e5560000, 0x00000000e6ab0000)
 concurrent mark-sweep generation total 393216K, used 165813K [0x00000000e8000000, 0x0000000100000000, 0x0000000100000000)
 Metaspace       used 32747K, capacity 33066K, committed 33304K, reserved 1079296K
  class space    used 3717K, capacity 3843K, committed 3864K, reserved 1048576K
}
2015-09-08T13:56:27.514+0200: 5322.569: Total time for which application threads were stopped: 0.0028358 seconds, Stopping threads took: 0.0000144 seconds
{Heap before GC invocations=239 (full 7):
 par new generation   total 109248K, used 89157K [0x00000000e0000000, 0x00000000e8000000, 0x00000000e8000000)
  eden space 87424K, 100% used [0x00000000e0000000, 0x00000000e5560000, 0x00000000e5560000)
  from space 21824K,   7% used [0x00000000e6ab0000, 0x00000000e6c616a8, 0x00000000e8000000)
  to   space 21824K,   0% used [0x00000000e5560000, 0x00000000e5560000, 0x00000000e6ab0000)
 concurrent mark-sweep generation total 393216K, used 165813K [0x00000000e8000000, 0x0000000100000000, 0x0000000100000000)
 Metaspace       used 32747K, capacity 33066K, committed 33304K, reserved 1079296K
  class space    used 3717K, capacity 3843K, committed 3864K, reserved 1048576K
2015-09-08T13:56:27.955+0200: 5323.010: [GC (Allocation Failure) 5323.010: [ParNew
Desired survivor size 20112992 bytes, new threshold 8 (max 8)
- age   1:     697920 bytes,     697920 total
- age   2:     893512 bytes,    1591432 total
- age   3:      32896 bytes,    1624328 total
- age   4:         64 bytes,    1624392 total
- age   5:         32 bytes,    1624424 total
- age   6:         32 bytes,    1624456 total
- age   7:      20776 bytes,    1645232 total
- age   8:      19712 bytes,    1664944 total
: 89157K->2138K(109248K), 0.0015040 secs] 254970K->167971K(502464K), 0.0015437 secs] [Times: user=0.00 sys=0.00, real=0.00 secs] 
Heap after GC invocations=240 (full 7):
 par new generation   total 109248K, used 2138K [0x00000000e0000000, 0x00000000e8000000, 0x00000000e8000000)
  eden space 87424K,   0% used [0x00000000e0000000, 0x00000000e0000000, 0x00000000e5560000)
  from space 21824K,   9% used [0x00000000e5560000, 0x00000000e5776b28, 0x00000000e6ab0000)
  to   space 21824K,   0% used [0x00000000e6ab0000, 0x00000000e6ab0000, 0x00000000e8000000)
 concurrent mark-sweep generation total 393216K, used 165832K [0x00000000e8000000, 0x0000000100000000, 0x0000000100000000)
 Metaspace       used 32747K, capacity 33066K, committed 33304K, reserved 1079296K
  class space    used 3717K, capacity 3843K, committed 3864K, reserved 1048576K
}
2015-09-08T13:56:27.957+0200: 5323.011: Total time for which application threads were stopped: 0.0016992 seconds, Stopping threads took: 0.0000160 seconds
{Heap before GC invocations=240 (full 7):
 par new generation   total 109248K, used 89562K [0x00000000e0000000, 0x00000000e8000000, 0x00000000e8000000)
  eden space 87424K, 100% used [0x00000000e0000000, 0x00000000e5560000, 0x00000000e5560000)
  from space 21824K,   9% used [0x00000000e5560000, 0x00000000e5776b28, 0x00000000e6ab0000)
  to   space 21824K,   0% used [0x00000000e6ab0000, 0x00000000e6ab0000, 0x00000000e8000000)
 concurrent mark-sweep generation total 393216K, used 165832K [0x00000000e8000000, 0x0000000100000000, 0x0000000100000000)
 Metaspace       used 32747K, capacity 33066K, committed 33304K, reserved 1079296K
  class space    used 3717K, capacity 3843K, committed 3864K, reserved 1048576K
2015-09-08T13:56:28.387+0200: 5323.442: [GC (Allocation Failure) 5323.442: [ParNew
Desired survivor size 20112992 bytes, new threshold 8 (max 8)
- age   1:     692016 bytes,     692016 total
- age   2:         32 bytes,     692048 total
- age   3:     893512 bytes,    1585560 total
- age   4:      32896 bytes,    1618456 total
- age   5:         64 bytes,    1618520 total
- age   6:         32 bytes,    1618552 total
- age   7:         32 bytes,    1618584 total
- age   8:      20744 bytes,    1639328 total
: 89562K->1795K(109248K), 0.0021510 secs] 255395K->167647K(502464K), 0.0021945 secs] [Times: user=0.00 sys=0.00, real=0.00 secs] 
Heap after GC invocations=241 (full 7):
 par new generation   total 109248K, used 1795K [0x00000000e0000000, 0x00000000e8000000, 0x00000000e8000000)
  eden space 87424K,   0% used [0x00000000e0000000, 0x00000000e0000000, 0x00000000e5560000)
  from space 21824K,   8% used [0x00000000e6ab0000, 0x00000000e6c70c88, 0x00000000e8000000)
  to   space 21824K,   0% used [0x00000000e5560000, 0x00000000e5560000, 0x00000000e6ab0000)
 concurrent mark-sweep generation total 393216K, used 165852K [0x00000000e8000000, 0x0000000100000000, 0x0000000100000000)
 Metaspace       used 32747K, capacity 33066K, committed 33304K, reserved 1079296K
  class space    used 3717K, capacity 3843K, committed 3864K, reserved 1048576K
}
2015-09-08T13:56:28.389+0200: 5323.444: Total time for which application threads were stopped: 0.0023440 seconds, Stopping threads took: 0.0000147 seconds
{Heap before GC invocations=241 (full 7):
 par new generation   total 109248K, used 89219K [0x00000000e0000000, 0x00000000e8000000, 0x00000000e8000000)
  eden space 87424K, 100% used [0x00000000e0000000, 0x00000000e5560000, 0x00000000e5560000)
  from space 21824K,   8% used [0x00000000e6ab0000, 0x00000000e6c70c88, 0x00000000e8000000)
  to   space 21824K,   0% used [0x00000000e5560000, 0x00000000e5560000, 0x00000000e6ab0000)
 concurrent mark-sweep generation total 393216K, used 165852K [0x00000000e8000000, 0x0000000100000000, 0x0000000100000000)
 Metaspace       used 32747K, capacity 33066K, committed 33304K, reserved 1079296K
  class space    used 3717K, capacity 3843K, committed 3864K, reserved 1048576K
2015-09-08T13:56:28.821+0200: 5323.876: [GC (Allocation Failure) 5323.876: [ParNew
Desired survivor size 20112992 bytes, new threshold 8 (max 8)
- age   1:     687000 bytes,     687000 total
- age   2:         32 bytes,     687032 total
- age   3:         32 bytes,     687064 total
- age   4:     893512 bytes,    1580576 total
- age   5:      32896 bytes,    1613472 total
- age   6:         64 bytes,    1613536 total
- age   7:         32 bytes,    1613568 total
: 89219K->2002K(109248K), 0.0026345 secs] 255071K->167874K(502464K), 0.0026777 secs] [Times: user=0.00 sys=0.00, real=0.00 secs] 
Heap after GC invocations=242 (full 7):
 par new generation   total 109248K, used 2002K [0x00000000e0000000, 0x00000000e8000000, 0x00000000e8000000)
  eden space 87424K,   0% used [0x00000000e0000000, 0x00000000e0000000, 0x00000000e5560000)
  from space 21824K,   9% used [0x00000000e5560000, 0x00000000e5754928, 0x00000000e6ab0000)
  to   space 21824K,   0% used [0x00000000e6ab0000, 0x00000000e6ab0000, 0x00000000e8000000)
 concurrent mark-sweep generation total 393216K, used 165872K [0x00000000e8000000, 0x0000000100000000, 0x0000000100000000)
 Metaspace       used 32747K, capacity 33066K, committed 33304K, reserved 1079296K
  class space    used 3717K, capacity 3843K, committed 3864K, reserved 1048576K
}
2015-09-08T13:56:28.824+0200: 5323.878: Total time for which application threads were stopped: 0.0028480 seconds, Stopping threads took: 0.0000144 seconds
{Heap before GC invocations=242 (full 7):
 par new generation   total 109248K, used 89426K [0x00000000e0000000, 0x00000000e8000000, 0x00000000e8000000)
  eden space 87424K, 100% used [0x00000000e0000000, 0x00000000e5560000, 0x00000000e5560000)
  from space 21824K,   9% used [0x00000000e5560000, 0x00000000e5754928, 0x00000000e6ab0000)
  to   space 21824K,   0% used [0x00000000e6ab0000, 0x00000000e6ab0000, 0x00000000e8000000)
 concurrent mark-sweep generation total 393216K, used 165872K [0x00000000e8000000, 0x0000000100000000, 0x0000000100000000)
 Metaspace       used 32747K, capacity 33066K, committed 33304K, reserved 1079296K
  class space    used 3717K, capacity 3843K, committed 3864K, reserved 1048576K
2015-09-08T13:56:29.252+0200: 5324.307: [GC (Allocation Failure) 5324.307: [ParNew
Desired survivor size 20112992 bytes, new threshold 8 (max 8)
- age   1:     687848 bytes,     687848 total
- age   2:         32 bytes,     687880 total
- age   3:         32 bytes,     687912 total
- age   4:         32 bytes,     687944 total
- age   5:     893512 bytes,    1581456 total
- age   6:      32896 bytes,    1614352 total
- age   7:         64 bytes,    1614416 total
- age   8:         32 bytes,    1614448 total
: 89426K->1628K(109248K), 0.0025709 secs] 255298K->167500K(502464K), 0.0026489 secs] [Times: user=0.00 sys=0.00, real=0.00 secs] 
Heap after GC invocations=243 (full 7):
 par new generation   total 109248K, used 1628K [0x00000000e0000000, 0x00000000e8000000, 0x00000000e8000000)
  eden space 87424K,   0% used [0x00000000e0000000, 0x00000000e0000000, 0x00000000e5560000)
  from space 21824K,   7% used [0x00000000e6ab0000, 0x00000000e6c47128, 0x00000000e8000000)
  to   space 21824K,   0% used [0x00000000e5560000, 0x00000000e5560000, 0x00000000e6ab0000)
 concurrent mark-sweep generation total 393216K, used 165872K [0x00000000e8000000, 0x0000000100000000, 0x0000000100000000)
 Metaspace       used 32747K, capacity 33066K, committed 33304K, reserved 1079296K
  class space    used 3717K, capacity 3843K, committed 3864K, reserved 1048576K
}
2015-09-08T13:56:29.255+0200: 5324.309: Total time for which application threads were stopped: 0.0027958 seconds, Stopping threads took: 0.0000138 seconds
{Heap before GC invocations=243 (full 7):
 par new generation   total 109248K, used 89052K [0x00000000e0000000, 0x00000000e8000000, 0x00000000e8000000)
  eden space 87424K, 100% used [0x00000000e0000000, 0x00000000e5560000, 0x00000000e5560000)
  from space 21824K,   7% used [0x00000000e6ab0000, 0x00000000e6c47128, 0x00000000e8000000)
  to   space 21824K,   0% used [0x00000000e5560000, 0x00000000e5560000, 0x00000000e6ab0000)
 concurrent mark-sweep generation total 393216K, used 165872K [0x00000000e8000000, 0x0000000100000000, 0x0000000100000000)
 Metaspace       used 32747K, capacity 33066K, committed 33304K, reserved 1079296K
  class space    used 3717K, capacity 3843K, committed 3864K, reserved 1048576K
2015-09-08T13:56:29.695+0200: 5324.750: [GC (Allocation Failure) 5324.750: [ParNew
Desired survivor size 20112992 bytes, new threshold 8 (max 8)
- age   1:     707048 bytes,     707048 total
- age   2:        440 bytes,     707488 total
- age   3:         32 bytes,     707520 total
- age   4:         32 bytes,     707552 total
- age   6:     893512 bytes,    1601064 total
- age   7:      32896 bytes,    1633960 total
: 89052K->1797K(109248K), 0.0026502 secs] 254924K->167670K(502464K), 0.0027001 secs] [Times: user=0.00 sys=0.00, real=0.00 secs] 
Heap after GC invocations=244 (full 7):
 par new generation   total 109248K, used 1797K [0x00000000e0000000, 0x00000000e8000000, 0x00000000e8000000)
  eden space 87424K,   0% used [0x00000000e0000000, 0x00000000e0000000, 0x00000000e5560000)
  from space 21824K,   8% used [0x00000000e5560000, 0x00000000e57217b8, 0x00000000e6ab0000)
  to   space 21824K,   0% used [0x00000000e6ab0000, 0x00000000e6ab0000, 0x00000000e8000000)
 concurrent mark-sweep generation total 393216K, used 165872K [0x00000000e8000000, 0x0000000100000000, 0x0000000100000000)
 Metaspace       used 32747K, capacity 33066K, committed 33304K, reserved 1079296K
  class space    used 3717K, capacity 3843K, committed 3864K, reserved 1048576K
}
2015-09-08T13:56:29.698+0200: 5324.753: Total time for which application threads were stopped: 0.0028557 seconds, Stopping threads took: 0.0000141 seconds
{Heap before GC invocations=244 (full 7):
 par new generation   total 109248K, used 89221K [0x00000000e0000000, 0x00000000e8000000, 0x00000000e8000000)
  eden space 87424K, 100% used [0x00000000e0000000, 0x00000000e5560000, 0x00000000e5560000)
  from space 21824K,   8% used [0x00000000e5560000, 0x00000000e57217b8, 0x00000000e6ab0000)
  to   space 21824K,   0% used [0x00000000e6ab0000, 0x00000000e6ab0000, 0x00000000e8000000)
 concurrent mark-sweep generation total 393216K, used 165872K [0x00000000e8000000, 0x0000000100000000, 0x0000000100000000)
 Metaspace       used 32747K, capacity 33066K, committed 33304K, reserved 1079296K
  class space    used 3717K, capacity 3843K, committed 3864K, reserved 1048576K
2015-09-08T13:56:30.135+0200: 5325.190: [GC (Allocation Failure) 5325.190: [ParNew
Desired survivor size 20112992 bytes, new threshold 8 (max 8)
- age   1:     682072 bytes,     682072 total
- age   2:      19864 bytes,     701936 total
- age   3:        440 bytes,     702376 total
- age   4:         32 bytes,     702408 total
- age   5:         32 bytes,     702440 total
- age   7:     893512 bytes,    1595952 total
- age   8:      32864 bytes,    1628816 total
: 89221K->1926K(109248K), 0.0026157 secs] 255094K->167799K(502464K), 0.0026723 secs] [Times: user=0.00 sys=0.00, real=0.00 secs] 
Heap after GC invocations=245 (full 7):
 par new generation   total 109248K, used 1926K [0x00000000e0000000, 0x00000000e8000000, 0x00000000e8000000)
  eden space 87424K,   0% used [0x00000000e0000000, 0x00000000e0000000, 0x00000000e5560000)
  from space 21824K,   8% used [0x00000000e6ab0000, 0x00000000e6c91b88, 0x00000000e8000000)
  to   space 21824K,   0% used [0x00000000e5560000, 0x00000000e5560000, 0x00000000e6ab0000)
 concurrent mark-sweep generation total 393216K, used 165872K [0x00000000e8000000, 0x0000000100000000, 0x0000000100000000)
 Metaspace       used 32747K, capacity 33066K, committed 33304K, reserved 1079296K
  class space    used 3717K, capacity 3843K, committed 3864K, reserved 1048576K
}
2015-09-08T13:56:30.138+0200: 5325.193: Total time for which application threads were stopped: 0.0028416 seconds, Stopping threads took: 0.0000150 seconds
{Heap before GC invocations=245 (full 7):
 par new generation   total 109248K, used 89350K [0x00000000e0000000, 0x00000000e8000000, 0x00000000e8000000)
  eden space 87424K, 100% used [0x00000000e0000000, 0x00000000e5560000, 0x00000000e5560000)
  from space 21824K,   8% used [0x00000000e6ab0000, 0x00000000e6c91b88, 0x00000000e8000000)
  to   space 21824K,   0% used [0x00000000e5560000, 0x00000000e5560000, 0x00000000e6ab0000)
 concurrent mark-sweep generation total 393216K, used 165872K [0x00000000e8000000, 0x0000000100000000, 0x0000000100000000)
 Metaspace       used 32747K, capacity 33066K, committed 33304K, reserved 1079296K
  class space    used 3717K, capacity 3843K, committed 3864K, reserved 1048576K
2015-09-08T13:56:30.572+0200: 5325.627: [GC (Allocation Failure) 5325.627: [ParNew
Desired survivor size 20112992 bytes, new threshold 8 (max 8)
- age   1:     679504 bytes,     679504 total
- age   2:        944 bytes,     680448 total
- age   3:      19864 bytes,     700312 total
- age   4:        440 bytes,     700752 total
- age   5:         32 bytes,     700784 total
- age   6:         32 bytes,     700816 total
- age   8:     893512 bytes,    1594328 total
: 89350K->1879K(109248K), 0.0026909 secs] 255223K->167783K(502464K), 0.0027494 secs] [Times: user=0.00 sys=0.00, real=0.00 secs] 
Heap after GC invocations=246 (full 7):
 par new generation   total 109248K, used 1879K [0x00000000e0000000, 0x00000000e8000000, 0x00000000e8000000)
  eden space 87424K,   0% used [0x00000000e0000000, 0x00000000e0000000, 0x00000000e5560000)
  from space 21824K,   8% used [0x00000000e5560000, 0x00000000e5735d38, 0x00000000e6ab0000)
  to   space 21824K,   0% used [0x00000000e6ab0000, 0x00000000e6ab0000, 0x00000000e8000000)
 concurrent mark-sweep generation total 393216K, used 165904K [0x00000000e8000000, 0x0000000100000000, 0x0000000100000000)
 Metaspace       used 32747K, capacity 33066K, committed 33304K, reserved 1079296K
  class space    used 3717K, capacity 3843K, committed 3864K, reserved 1048576K
}
2015-09-08T13:56:30.575+0200: 5325.629: Total time for which application threads were stopped: 0.0029027 seconds, Stopping threads took: 0.0000147 seconds
{Heap before GC invocations=246 (full 7):
 par new generation   total 109248K, used 89303K [0x00000000e0000000, 0x00000000e8000000, 0x00000000e8000000)
  eden space 87424K, 100% used [0x00000000e0000000, 0x00000000e5560000, 0x00000000e5560000)
  from space 21824K,   8% used [0x00000000e5560000, 0x00000000e5735d38, 0x00000000e6ab0000)
  to   space 21824K,   0% used [0x00000000e6ab0000, 0x00000000e6ab0000, 0x00000000e8000000)
 concurrent mark-sweep generation total 393216K, used 165904K [0x00000000e8000000, 0x0000000100000000, 0x0000000100000000)
 Metaspace       used 32747K, capacity 33066K, committed 33304K, reserved 1079296K
  class space    used 3717K, capacity 3843K, committed 3864K, reserved 1048576K
2015-09-08T13:56:31.004+0200: 5326.059: [GC (Allocation Failure) 5326.059: [ParNew
Desired survivor size 20112992 bytes, new threshold 8 (max 8)
- age   1:     692000 bytes,     692000 total
- age   2:         32 bytes,     692032 total
- age   3:        944 bytes,     692976 total
- age   4:      19864 bytes,     712840 total
- age   5:        440 bytes,     713280 total
- age   6:         32 bytes,     713312 total
- age   7:         32 bytes,     713344 total
: 89303K->761K(109248K), 0.0026109 secs] 255207K->167538K(502464K), 0.0026598 secs] [Times: user=0.00 sys=0.00, real=0.00 secs] 
Heap after GC invocations=247 (full 7):
 par new generation   total 109248K, used 761K [0x00000000e0000000, 0x00000000e8000000, 0x00000000e8000000)
  eden space 87424K,   0% used [0x00000000e0000000, 0x00000000e0000000, 0x00000000e5560000)
  from space 21824K,   3% used [0x00000000e6ab0000, 0x00000000e6b6e600, 0x00000000e8000000)
  to   space 21824K,   0% used [0x00000000e5560000, 0x00000000e5560000, 0x00000000e6ab0000)
 concurrent mark-sweep generation total 393216K, used 166777K [0x00000000e8000000, 0x0000000100000000, 0x0000000100000000)
 Metaspace       used 32747K, capacity 33066K, committed 33304K, reserved 1079296K
  class space    used 3717K, capacity 3843K, committed 3864K, reserved 1048576K
}
2015-09-08T13:56:31.007+0200: 5326.062: Total time for which application threads were stopped: 0.0028278 seconds, Stopping threads took: 0.0000141 seconds
{Heap before GC invocations=247 (full 7):
 par new generation   total 109248K, used 88185K [0x00000000e0000000, 0x00000000e8000000, 0x00000000e8000000)
  eden space 87424K, 100% used [0x00000000e0000000, 0x00000000e5560000, 0x00000000e5560000)
  from space 21824K,   3% used [0x00000000e6ab0000, 0x00000000e6b6e600, 0x00000000e8000000)
  to   space 21824K,   0% used [0x00000000e5560000, 0x00000000e5560000, 0x00000000e6ab0000)
 concurrent mark-sweep generation total 393216K, used 166777K [0x00000000e8000000, 0x0000000100000000, 0x0000000100000000)
 Metaspace       used 32747K, capacity 33066K, committed 33304K, reserved 1079296K
  class space    used 3717K, capacity 3843K, committed 3864K, reserved 1048576K
2015-09-08T13:56:31.437+0200: 5326.492: [GC (Allocation Failure) 5326.492: [ParNew
Desired survivor size 20112992 bytes, new threshold 8 (max 8)
- age   1:     686360 bytes,     686360 total
- age   3:         32 bytes,     686392 total
- age   4:        944 bytes,     687336 total
- age   5:      19864 bytes,     707200 total
- age   6:        440 bytes,     707640 total
- age   7:         32 bytes,     707672 total
- age   8:         32 bytes,     707704 total
: 88185K->926K(109248K), 0.0054009 secs] 254962K->167703K(502464K), 0.0054515 secs] [Times: user=0.05 sys=0.00, real=0.00 secs] 
Heap after GC invocations=248 (full 7):
 par new generation   total 109248K, used 926K [0x00000000e0000000, 0x00000000e8000000, 0x00000000e8000000)
  eden space 87424K,   0% used [0x00000000e0000000, 0x00000000e0000000, 0x00000000e5560000)
  from space 21824K,   4% used [0x00000000e5560000, 0x00000000e56479f0, 0x00000000e6ab0000)
  to   space 21824K,   0% used [0x00000000e6ab0000, 0x00000000e6ab0000, 0x00000000e8000000)
 concurrent mark-sweep generation total 393216K, used 166777K [0x00000000e8000000, 0x0000000100000000, 0x0000000100000000)
 Metaspace       used 32747K, capacity 33066K, committed 33304K, reserved 1079296K
  class space    used 3717K, capacity 3843K, committed 3864K, reserved 1048576K
}
2015-09-08T13:56:31.442+0200: 5326.497: Total time for which application threads were stopped: 0.0056025 seconds, Stopping threads took: 0.0000144 seconds
{Heap before GC invocations=248 (full 7):
 par new generation   total 109248K, used 88350K [0x00000000e0000000, 0x00000000e8000000, 0x00000000e8000000)
  eden space 87424K, 100% used [0x00000000e0000000, 0x00000000e5560000, 0x00000000e5560000)
  from space 21824K,   4% used [0x00000000e5560000, 0x00000000e56479f0, 0x00000000e6ab0000)
  to   space 21824K,   0% used [0x00000000e6ab0000, 0x00000000e6ab0000, 0x00000000e8000000)
 concurrent mark-sweep generation total 393216K, used 166777K [0x00000000e8000000, 0x0000000100000000, 0x0000000100000000)
 Metaspace       used 32747K, capacity 33066K, committed 33304K, reserved 1079296K
  class space    used 3717K, capacity 3843K, committed 3864K, reserved 1048576K
2015-09-08T13:56:32.629+0200: 5327.683: [GC (Allocation Failure) 5327.683: [ParNew
Desired survivor size 20112992 bytes, new threshold 8 (max 8)
- age   1:    1589688 bytes,    1589688 total
- age   4:         32 bytes,    1589720 total
- age   5:        944 bytes,    1590664 total
- age   6:      19864 bytes,    1610528 total
- age   7:        440 bytes,    1610968 total
- age   8:         32 bytes,    1611000 total
: 88350K->1674K(109248K), 0.0106073 secs] 255127K->168451K(502464K), 0.0106553 secs] [Times: user=0.00 sys=0.00, real=0.01 secs] 
Heap after GC invocations=249 (full 7):
 par new generation   total 109248K, used 1674K [0x00000000e0000000, 0x00000000e8000000, 0x00000000e8000000)
  eden space 87424K,   0% used [0x00000000e0000000, 0x00000000e0000000, 0x00000000e5560000)
  from space 21824K,   7% used [0x00000000e6ab0000, 0x00000000e6c52a18, 0x00000000e8000000)
  to   space 21824K,   0% used [0x00000000e5560000, 0x00000000e5560000, 0x00000000e6ab0000)
 concurrent mark-sweep generation total 393216K, used 166777K [0x00000000e8000000, 0x0000000100000000, 0x0000000100000000)
 Metaspace       used 32747K, capacity 33066K, committed 33304K, reserved 1079296K
  class space    used 3717K, capacity 3843K, committed 3864K, reserved 1048576K
}
2015-09-08T13:56:32.640+0200: 5327.694: Total time for which application threads were stopped: 0.0108134 seconds, Stopping threads took: 0.0000150 seconds
{Heap before GC invocations=249 (full 7):
 par new generation   total 109248K, used 89098K [0x00000000e0000000, 0x00000000e8000000, 0x00000000e8000000)
  eden space 87424K, 100% used [0x00000000e0000000, 0x00000000e5560000, 0x00000000e5560000)
  from space 21824K,   7% used [0x00000000e6ab0000, 0x00000000e6c52a18, 0x00000000e8000000)
  to   space 21824K,   0% used [0x00000000e5560000, 0x00000000e5560000, 0x00000000e6ab0000)
 concurrent mark-sweep generation total 393216K, used 166777K [0x00000000e8000000, 0x0000000100000000, 0x0000000100000000)
 Metaspace       used 32747K, capacity 33066K, committed 33304K, reserved 1079296K
  class space    used 3717K, capacity 3843K, committed 3864K, reserved 1048576K
2015-09-08T13:56:33.072+0200: 5328.126: [GC (Allocation Failure) 5328.126: [ParNew
Desired survivor size 20112992 bytes, new threshold 8 (max 8)
- age   1:     690672 bytes,     690672 total
- age   2:     907168 bytes,    1597840 total
- age   5:         32 bytes,    1597872 total
- age   6:        944 bytes,    1598816 total
- age   7:      19864 bytes,    1618680 total
- age   8:        440 bytes,    1619120 total
: 89098K->1819K(109248K), 0.0035219 secs] 255875K->168596K(502464K), 0.0035846 secs] [Times: user=0.00 sys=0.00, real=0.00 secs] 
Heap after GC invocations=250 (full 7):
 par new generation   total 109248K, used 1819K [0x00000000e0000000, 0x00000000e8000000, 0x00000000e8000000)
  eden space 87424K,   0% used [0x00000000e0000000, 0x00000000e0000000, 0x00000000e5560000)
  from space 21824K,   8% used [0x00000000e5560000, 0x00000000e5726c48, 0x00000000e6ab0000)
  to   space 21824K,   0% used [0x00000000e6ab0000, 0x00000000e6ab0000, 0x00000000e8000000)
 concurrent mark-sweep generation total 393216K, used 166777K [0x00000000e8000000, 0x0000000100000000, 0x0000000100000000)
 Metaspace       used 32747K, capacity 33066K, committed 33304K, reserved 1079296K
  class space    used 3717K, capacity 3843K, committed 3864K, reserved 1048576K
}
2015-09-08T13:56:33.076+0200: 5328.130: Total time for which application threads were stopped: 0.0037581 seconds, Stopping threads took: 0.0000150 seconds
{Heap before GC invocations=250 (full 7):
 par new generation   total 109248K, used 89243K [0x00000000e0000000, 0x00000000e8000000, 0x00000000e8000000)
  eden space 87424K, 100% used [0x00000000e0000000, 0x00000000e5560000, 0x00000000e5560000)
  from space 21824K,   8% used [0x00000000e5560000, 0x00000000e5726c48, 0x00000000e6ab0000)
  to   space 21824K,   0% used [0x00000000e6ab0000, 0x00000000e6ab0000, 0x00000000e8000000)
 concurrent mark-sweep generation total 393216K, used 166777K [0x00000000e8000000, 0x0000000100000000, 0x0000000100000000)
 Metaspace       used 32747K, capacity 33066K, committed 33304K, reserved 1079296K
  class space    used 3717K, capacity 3843K, committed 3864K, reserved 1048576K
2015-09-08T13:56:33.538+0200: 5328.592: [GC (Allocation Failure) 5328.592: [ParNew
Desired survivor size 20112992 bytes, new threshold 8 (max 8)
- age   1:     690280 bytes,     690280 total
- age   3:     907168 bytes,    1597448 total
- age   7:        944 bytes,    1598392 total
- age   8:      19864 bytes,    1618256 total
: 89243K->1721K(109248K), 0.0026822 secs] 256020K->168499K(502464K), 0.0027315 secs] [Times: user=0.00 sys=0.00, real=0.00 secs] 
Heap after GC invocations=251 (full 7):
 par new generation   total 109248K, used 1721K [0x00000000e0000000, 0x00000000e8000000, 0x00000000e8000000)
  eden space 87424K,   0% used [0x00000000e0000000, 0x00000000e0000000, 0x00000000e5560000)
  from space 21824K,   7% used [0x00000000e6ab0000, 0x00000000e6c5e698, 0x00000000e8000000)
  to   space 21824K,   0% used [0x00000000e5560000, 0x00000000e5560000, 0x00000000e6ab0000)
 concurrent mark-sweep generation total 393216K, used 166777K [0x00000000e8000000, 0x0000000100000000, 0x0000000100000000)
 Metaspace       used 32747K, capacity 33066K, committed 33304K, reserved 1079296K
  class space    used 3717K, capacity 3843K, committed 3864K, reserved 1048576K
}
2015-09-08T13:56:33.541+0200: 5328.595: Total time for which application threads were stopped: 0.0028829 seconds, Stopping threads took: 0.0000150 seconds
{Heap before GC invocations=251 (full 7):
 par new generation   total 109248K, used 89145K [0x00000000e0000000, 0x00000000e8000000, 0x00000000e8000000)
  eden space 87424K, 100% used [0x00000000e0000000, 0x00000000e5560000, 0x00000000e5560000)
  from space 21824K,   7% used [0x00000000e6ab0000, 0x00000000e6c5e698, 0x00000000e8000000)
  to   space 21824K,   0% used [0x00000000e5560000, 0x00000000e5560000, 0x00000000e6ab0000)
 concurrent mark-sweep generation total 393216K, used 166777K [0x00000000e8000000, 0x0000000100000000, 0x0000000100000000)
 Metaspace       used 32747K, capacity 33066K, committed 33304K, reserved 1079296K
  class space    used 3717K, capacity 3843K, committed 3864K, reserved 1048576K
2015-09-08T13:56:34.057+0200: 5329.111: [GC (Allocation Failure) 5329.111: [ParNew
Desired survivor size 20112992 bytes, new threshold 8 (max 8)
- age   1:     683024 bytes,     683024 total
- age   2:         32 bytes,     683056 total
- age   4:     907168 bytes,    1590224 total
- age   8:        944 bytes,    1591168 total
: 89145K->1835K(109248K), 0.0022489 secs] 255923K->168633K(502464K), 0.0023094 secs] [Times: user=0.00 sys=0.00, real=0.00 secs] 
Heap after GC invocations=252 (full 7):
 par new generation   total 109248K, used 1835K [0x00000000e0000000, 0x00000000e8000000, 0x00000000e8000000)
  eden space 87424K,   0% used [0x00000000e0000000, 0x00000000e0000000, 0x00000000e5560000)
  from space 21824K,   8% used [0x00000000e5560000, 0x00000000e572af98, 0x00000000e6ab0000)
  to   space 21824K,   0% used [0x00000000e6ab0000, 0x00000000e6ab0000, 0x00000000e8000000)
 concurrent mark-sweep generation total 393216K, used 166797K [0x00000000e8000000, 0x0000000100000000, 0x0000000100000000)
 Metaspace       used 32747K, capacity 33066K, committed 33304K, reserved 1079296K
  class space    used 3717K, capacity 3843K, committed 3864K, reserved 1048576K
}
2015-09-08T13:56:34.060+0200: 5329.114: Total time for which application threads were stopped: 0.0024736 seconds, Stopping threads took: 0.0000157 seconds
{Heap before GC invocations=252 (full 7):
 par new generation   total 109248K, used 89259K [0x00000000e0000000, 0x00000000e8000000, 0x00000000e8000000)
  eden space 87424K, 100% used [0x00000000e0000000, 0x00000000e5560000, 0x00000000e5560000)
  from space 21824K,   8% used [0x00000000e5560000, 0x00000000e572af98, 0x00000000e6ab0000)
  to   space 21824K,   0% used [0x00000000e6ab0000, 0x00000000e6ab0000, 0x00000000e8000000)
 concurrent mark-sweep generation total 393216K, used 166797K [0x00000000e8000000, 0x0000000100000000, 0x0000000100000000)
 Metaspace       used 32747K, capacity 33066K, committed 33304K, reserved 1079296K
  class space    used 3717K, capacity 3843K, committed 3864K, reserved 1048576K
2015-09-08T13:56:34.494+0200: 5329.548: [GC (Allocation Failure) 5329.548: [ParNew
Desired survivor size 20112992 bytes, new threshold 8 (max 8)
- age   1:     678872 bytes,     678872 total
- age   2:         32 bytes,     678904 total
- age   3:         32 bytes,     678936 total
- age   5:     907168 bytes,    1586104 total
: 89259K->1706K(109248K), 0.0018531 secs] 256057K->168504K(502464K), 0.0019030 secs] [Times: user=0.00 sys=0.00, real=0.00 secs] 
Heap after GC invocations=253 (full 7):
 par new generation   total 109248K, used 1706K [0x00000000e0000000, 0x00000000e8000000, 0x00000000e8000000)
  eden space 87424K,   0% used [0x00000000e0000000, 0x00000000e0000000, 0x00000000e5560000)
  from space 21824K,   7% used [0x00000000e6ab0000, 0x00000000e6c5ab18, 0x00000000e8000000)
  to   space 21824K,   0% used [0x00000000e5560000, 0x00000000e5560000, 0x00000000e6ab0000)
 concurrent mark-sweep generation total 393216K, used 166798K [0x00000000e8000000, 0x0000000100000000, 0x0000000100000000)
 Metaspace       used 32747K, capacity 33066K, committed 33304K, reserved 1079296K
  class space    used 3717K, capacity 3843K, committed 3864K, reserved 1048576K
}
2015-09-08T13:56:34.496+0200: 5329.550: Total time for which application threads were stopped: 0.0020553 seconds, Stopping threads took: 0.0000141 seconds
{Heap before GC invocations=253 (full 7):
 par new generation   total 109248K, used 89130K [0x00000000e0000000, 0x00000000e8000000, 0x00000000e8000000)
  eden space 87424K, 100% used [0x00000000e0000000, 0x00000000e5560000, 0x00000000e5560000)
  from space 21824K,   7% used [0x00000000e6ab0000, 0x00000000e6c5ab18, 0x00000000e8000000)
  to   space 21824K,   0% used [0x00000000e5560000, 0x00000000e5560000, 0x00000000e6ab0000)
 concurrent mark-sweep generation total 393216K, used 166798K [0x00000000e8000000, 0x0000000100000000, 0x0000000100000000)
 Metaspace       used 32747K, capacity 33066K, committed 33304K, reserved 1079296K
  class space    used 3717K, capacity 3843K, committed 3864K, reserved 1048576K
2015-09-08T13:56:35.046+0200: 5330.100: [GC (Allocation Failure) 5330.100: [ParNew
Desired survivor size 20112992 bytes, new threshold 8 (max 8)
- age   1:     685640 bytes,     685640 total
- age   2:         96 bytes,     685736 total
- age   4:         32 bytes,     685768 total
- age   6:     907168 bytes,    1592936 total
: 89130K->1797K(109248K), 0.0021286 secs] 255928K->168595K(502464K), 0.0021814 secs] [Times: user=0.00 sys=0.00, real=0.00 secs] 
Heap after GC invocations=254 (full 7):
 par new generation   total 109248K, used 1797K [0x00000000e0000000, 0x00000000e8000000, 0x00000000e8000000)
  eden space 87424K,   0% used [0x00000000e0000000, 0x00000000e0000000, 0x00000000e5560000)
  from space 21824K,   8% used [0x00000000e5560000, 0x00000000e5721728, 0x00000000e6ab0000)
  to   space 21824K,   0% used [0x00000000e6ab0000, 0x00000000e6ab0000, 0x00000000e8000000)
 concurrent mark-sweep generation total 393216K, used 166798K [0x00000000e8000000, 0x0000000100000000, 0x0000000100000000)
 Metaspace       used 32747K, capacity 33066K, committed 33304K, reserved 1079296K
  class space    used 3717K, capacity 3843K, committed 3864K, reserved 1048576K
}
2015-09-08T13:56:35.048+0200: 5330.102: Total time for which application threads were stopped: 0.0023395 seconds, Stopping threads took: 0.0000163 seconds
{Heap before GC invocations=254 (full 7):
 par new generation   total 109248K, used 89221K [0x00000000e0000000, 0x00000000e8000000, 0x00000000e8000000)
  eden space 87424K, 100% used [0x00000000e0000000, 0x00000000e5560000, 0x00000000e5560000)
  from space 21824K,   8% used [0x00000000e5560000, 0x00000000e5721728, 0x00000000e6ab0000)
  to   space 21824K,   0% used [0x00000000e6ab0000, 0x00000000e6ab0000, 0x00000000e8000000)
 concurrent mark-sweep generation total 393216K, used 166798K [0x00000000e8000000, 0x0000000100000000, 0x0000000100000000)
 Metaspace       used 32747K, capacity 33066K, committed 33304K, reserved 1079296K
  class space    used 3717K, capacity 3843K, committed 3864K, reserved 1048576K
2015-09-08T13:56:37.674+0200: 5332.728: [GC (Allocation Failure) 5332.728: [ParNew
Desired survivor size 20112992 bytes, new threshold 8 (max 8)
- age   1:     683712 bytes,     683712 total
- age   2:        912 bytes,     684624 total
- age   3:         96 bytes,     684720 total
- age   5:         32 bytes,     684752 total
- age   7:     907168 bytes,    1591920 total
: 89221K->1695K(109248K), 0.0027827 secs] 256019K->168493K(502464K), 0.0028285 secs] [Times: user=0.00 sys=0.00, real=0.00 secs] 
Heap after GC invocations=255 (full 7):
 par new generation   total 109248K, used 1695K [0x00000000e0000000, 0x00000000e8000000, 0x00000000e8000000)
  eden space 87424K,   0% used [0x00000000e0000000, 0x00000000e0000000, 0x00000000e5560000)
  from space 21824K,   7% used [0x00000000e6ab0000, 0x00000000e6c57d58, 0x00000000e8000000)
  to   space 21824K,   0% used [0x00000000e5560000, 0x00000000e5560000, 0x00000000e6ab0000)
 concurrent mark-sweep generation total 393216K, used 166798K [0x00000000e8000000, 0x0000000100000000, 0x0000000100000000)
 Metaspace       used 32747K, capacity 33066K, committed 33304K, reserved 1079296K
  class space    used 3717K, capacity 3843K, committed 3864K, reserved 1048576K
}
2015-09-08T13:56:37.677+0200: 5332.731: Total time for which application threads were stopped: 0.0029981 seconds, Stopping threads took: 0.0000253 seconds
{Heap before GC invocations=255 (full 7):
 par new generation   total 109248K, used 89119K [0x00000000e0000000, 0x00000000e8000000, 0x00000000e8000000)
  eden space 87424K, 100% used [0x00000000e0000000, 0x00000000e5560000, 0x00000000e5560000)
  from space 21824K,   7% used [0x00000000e6ab0000, 0x00000000e6c57d58, 0x00000000e8000000)
  to   space 21824K,   0% used [0x00000000e5560000, 0x00000000e5560000, 0x00000000e6ab0000)
 concurrent mark-sweep generation total 393216K, used 166798K [0x00000000e8000000, 0x0000000100000000, 0x0000000100000000)
 Metaspace       used 32747K, capacity 33066K, committed 33304K, reserved 1079296K
  class space    used 3717K, capacity 3843K, committed 3864K, reserved 1048576K
2015-09-08T13:56:38.104+0200: 5333.158: [GC (Allocation Failure) 5333.158: [ParNew
Desired survivor size 20112992 bytes, new threshold 8 (max 8)
- age   1:     683640 bytes,     683640 total
- age   2:         64 bytes,     683704 total
- age   3:        912 bytes,     684616 total
- age   4:         96 bytes,     684712 total
- age   6:         32 bytes,     684744 total
- age   8:     907168 bytes,    1591912 total
: 89119K->1961K(109248K), 0.0027216 secs] 255917K->168759K(502464K), 0.0027709 secs] [Times: user=0.00 sys=0.00, real=0.00 secs] 
Heap after GC invocations=256 (full 7):
 par new generation   total 109248K, used 1961K [0x00000000e0000000, 0x00000000e8000000, 0x00000000e8000000)
  eden space 87424K,   0% used [0x00000000e0000000, 0x00000000e0000000, 0x00000000e5560000)
  from space 21824K,   8% used [0x00000000e5560000, 0x00000000e574a470, 0x00000000e6ab0000)
  to   space 21824K,   0% used [0x00000000e6ab0000, 0x00000000e6ab0000, 0x00000000e8000000)
 concurrent mark-sweep generation total 393216K, used 166798K [0x00000000e8000000, 0x0000000100000000, 0x0000000100000000)
 Metaspace       used 32747K, capacity 33066K, committed 33304K, reserved 1079296K
  class space    used 3717K, capacity 3843K, committed 3864K, reserved 1048576K
}
2015-09-08T13:56:38.107+0200: 5333.161: Total time for which application threads were stopped: 0.0029200 seconds, Stopping threads took: 0.0000144 seconds
{Heap before GC invocations=256 (full 7):
 par new generation   total 109248K, used 89385K [0x00000000e0000000, 0x00000000e8000000, 0x00000000e8000000)
  eden space 87424K, 100% used [0x00000000e0000000, 0x00000000e5560000, 0x00000000e5560000)
  from space 21824K,   8% used [0x00000000e5560000, 0x00000000e574a470, 0x00000000e6ab0000)
  to   space 21824K,   0% used [0x00000000e6ab0000, 0x00000000e6ab0000, 0x00000000e8000000)
 concurrent mark-sweep generation total 393216K, used 166798K [0x00000000e8000000, 0x0000000100000000, 0x0000000100000000)
 Metaspace       used 32747K, capacity 33066K, committed 33304K, reserved 1079296K
  class space    used 3717K, capacity 3843K, committed 3864K, reserved 1048576K
2015-09-08T13:56:38.539+0200: 5333.593: [GC (Allocation Failure) 5333.593: [ParNew
Desired survivor size 20112992 bytes, new threshold 8 (max 8)
- age   1:     695624 bytes,     695624 total
- age   3:         64 bytes,     695688 total
- age   4:        912 bytes,     696600 total
- age   5:         96 bytes,     696696 total
- age   7:         32 bytes,     696728 total
: 89385K->923K(109248K), 0.0021552 secs] 256183K->168607K(502464K), 0.0022035 secs] [Times: user=0.00 sys=0.00, real=0.00 secs] 
Heap after GC invocations=257 (full 7):
 par new generation   total 109248K, used 923K [0x00000000e0000000, 0x00000000e8000000, 0x00000000e8000000)
  eden space 87424K,   0% used [0x00000000e0000000, 0x00000000e0000000, 0x00000000e5560000)
  from space 21824K,   4% used [0x00000000e6ab0000, 0x00000000e6b96ea0, 0x00000000e8000000)
  to   space 21824K,   0% used [0x00000000e5560000, 0x00000000e5560000, 0x00000000e6ab0000)
 concurrent mark-sweep generation total 393216K, used 167684K [0x00000000e8000000, 0x0000000100000000, 0x0000000100000000)
 Metaspace       used 32747K, capacity 33066K, committed 33304K, reserved 1079296K
  class space    used 3717K, capacity 3843K, committed 3864K, reserved 1048576K
}
2015-09-08T13:56:38.541+0200: 5333.596: Total time for which application threads were stopped: 0.0023558 seconds, Stopping threads took: 0.0000144 seconds
{Heap before GC invocations=257 (full 7):
 par new generation   total 109248K, used 88347K [0x00000000e0000000, 0x00000000e8000000, 0x00000000e8000000)
  eden space 87424K, 100% used [0x00000000e0000000, 0x00000000e5560000, 0x00000000e5560000)
  from space 21824K,   4% used [0x00000000e6ab0000, 0x00000000e6b96ea0, 0x00000000e8000000)
  to   space 21824K,   0% used [0x00000000e5560000, 0x00000000e5560000, 0x00000000e6ab0000)
 concurrent mark-sweep generation total 393216K, used 167684K [0x00000000e8000000, 0x0000000100000000, 0x0000000100000000)
 Metaspace       used 32747K, capacity 33066K, committed 33304K, reserved 1079296K
  class space    used 3717K, capacity 3843K, committed 3864K, reserved 1048576K
2015-09-08T13:56:38.963+0200: 5334.018: [GC (Allocation Failure) 5334.018: [ParNew
Desired survivor size 20112992 bytes, new threshold 8 (max 8)
- age   1:     692408 bytes,     692408 total
- age   2:         32 bytes,     692440 total
- age   4:         64 bytes,     692504 total
- age   5:        912 bytes,     693416 total
- age   6:         96 bytes,     693512 total
- age   8:         32 bytes,     693544 total
: 88347K->763K(109248K), 0.0023206 secs] 256031K->168447K(502464K), 0.0024032 secs] [Times: user=0.00 sys=0.00, real=0.00 secs] 
Heap after GC invocations=258 (full 7):
 par new generation   total 109248K, used 763K [0x00000000e0000000, 0x00000000e8000000, 0x00000000e8000000)
  eden space 87424K,   0% used [0x00000000e0000000, 0x00000000e0000000, 0x00000000e5560000)
  from space 21824K,   3% used [0x00000000e5560000, 0x00000000e561ec20, 0x00000000e6ab0000)
  to   space 21824K,   0% used [0x00000000e6ab0000, 0x00000000e6ab0000, 0x00000000e8000000)
 concurrent mark-sweep generation total 393216K, used 167684K [0x00000000e8000000, 0x0000000100000000, 0x0000000100000000)
 Metaspace       used 32747K, capacity 33066K, committed 33304K, reserved 1079296K
  class space    used 3717K, capacity 3843K, committed 3864K, reserved 1048576K
}
2015-09-08T13:56:38.966+0200: 5334.020: Total time for which application threads were stopped: 0.0025533 seconds, Stopping threads took: 0.0000147 seconds
{Heap before GC invocations=258 (full 7):
 par new generation   total 109248K, used 88187K [0x00000000e0000000, 0x00000000e8000000, 0x00000000e8000000)
  eden space 87424K, 100% used [0x00000000e0000000, 0x00000000e5560000, 0x00000000e5560000)
  from space 21824K,   3% used [0x00000000e5560000, 0x00000000e561ec20, 0x00000000e6ab0000)
  to   space 21824K,   0% used [0x00000000e6ab0000, 0x00000000e6ab0000, 0x00000000e8000000)
 concurrent mark-sweep generation total 393216K, used 167684K [0x00000000e8000000, 0x0000000100000000, 0x0000000100000000)
 Metaspace       used 32747K, capacity 33066K, committed 33304K, reserved 1079296K
  class space    used 3717K, capacity 3843K, committed 3864K, reserved 1048576K
2015-09-08T13:56:39.389+0200: 5334.443: [GC (Allocation Failure) 5334.443: [ParNew
Desired survivor size 20112992 bytes, new threshold 8 (max 8)
- age   1:     689168 bytes,     689168 total
- age   3:         32 bytes,     689200 total
- age   5:         64 bytes,     689264 total
- age   6:        912 bytes,     690176 total
- age   7:         32 bytes,     690208 total
: 88187K->889K(109248K), 0.0026457 secs] 255871K->168573K(502464K), 0.0026928 secs] [Times: user=0.00 sys=0.00, real=0.00 secs] 
Heap after GC invocations=259 (full 7):
 par new generation   total 109248K, used 889K [0x00000000e0000000, 0x00000000e8000000, 0x00000000e8000000)
  eden space 87424K,   0% used [0x00000000e0000000, 0x00000000e0000000, 0x00000000e5560000)
  from space 21824K,   4% used [0x00000000e6ab0000, 0x00000000e6b8e4b0, 0x00000000e8000000)
  to   space 21824K,   0% used [0x00000000e5560000, 0x00000000e5560000, 0x00000000e6ab0000)
 concurrent mark-sweep generation total 393216K, used 167684K [0x00000000e8000000, 0x0000000100000000, 0x0000000100000000)
 Metaspace       used 32747K, capacity 33066K, committed 33304K, reserved 1079296K
  class space    used 3717K, capacity 3843K, committed 3864K, reserved 1048576K
}
2015-09-08T13:56:39.391+0200: 5334.446: Total time for which application threads were stopped: 0.0028435 seconds, Stopping threads took: 0.0000147 seconds
2015-09-08T13:56:46.391+0200: 5341.445: Total time for which application threads were stopped: 0.0000704 seconds, Stopping threads took: 0.0000266 seconds
2015-09-08T14:03:14.384+0200: 5729.435: Total time for which application threads were stopped: 0.0000746 seconds, Stopping threads took: 0.0000134 seconds
{Heap before GC invocations=259 (full 7):
 par new generation   total 109248K, used 88313K [0x00000000e0000000, 0x00000000e8000000, 0x00000000e8000000)
  eden space 87424K, 100% used [0x00000000e0000000, 0x00000000e5560000, 0x00000000e5560000)
  from space 21824K,   4% used [0x00000000e6ab0000, 0x00000000e6b8e4b0, 0x00000000e8000000)
  to   space 21824K,   0% used [0x00000000e5560000, 0x00000000e5560000, 0x00000000e6ab0000)
 concurrent mark-sweep generation total 393216K, used 167684K [0x00000000e8000000, 0x0000000100000000, 0x0000000100000000)
 Metaspace       used 32748K, capacity 33066K, committed 33304K, reserved 1079296K
  class space    used 3717K, capacity 3843K, committed 3864K, reserved 1048576K
2015-09-08T14:03:14.852+0200: 5729.903: [GC (Allocation Failure) 5729.903: [ParNew
Desired survivor size 20112992 bytes, new threshold 8 (max 8)
- age   1:    1605624 bytes,    1605624 total
- age   2:        872 bytes,    1606496 total
- age   6:         32 bytes,    1606528 total
- age   7:        880 bytes,    1607408 total
: 88313K->1749K(109248K), 0.0028192 secs] 255997K->169433K(502464K), 0.0028669 secs] [Times: user=0.00 sys=0.00, real=0.00 secs] 
Heap after GC invocations=260 (full 7):
 par new generation   total 109248K, used 1749K [0x00000000e0000000, 0x00000000e8000000, 0x00000000e8000000)
  eden space 87424K,   0% used [0x00000000e0000000, 0x00000000e0000000, 0x00000000e5560000)
  from space 21824K,   8% used [0x00000000e5560000, 0x00000000e5715650, 0x00000000e6ab0000)
  to   space 21824K,   0% used [0x00000000e6ab0000, 0x00000000e6ab0000, 0x00000000e8000000)
 concurrent mark-sweep generation total 393216K, used 167684K [0x00000000e8000000, 0x0000000100000000, 0x0000000100000000)
 Metaspace       used 32748K, capacity 33066K, committed 33304K, reserved 1079296K
  class space    used 3717K, capacity 3843K, committed 3864K, reserved 1048576K
}
2015-09-08T14:03:14.855+0200: 5729.906: Total time for which application threads were stopped: 0.0030163 seconds, Stopping threads took: 0.0000144 seconds
{Heap before GC invocations=260 (full 7):
 par new generation   total 109248K, used 89173K [0x00000000e0000000, 0x00000000e8000000, 0x00000000e8000000)
  eden space 87424K, 100% used [0x00000000e0000000, 0x00000000e5560000, 0x00000000e5560000)
  from space 21824K,   8% used [0x00000000e5560000, 0x00000000e5715650, 0x00000000e6ab0000)
  to   space 21824K,   0% used [0x00000000e6ab0000, 0x00000000e6ab0000, 0x00000000e8000000)
 concurrent mark-sweep generation total 393216K, used 167684K [0x00000000e8000000, 0x0000000100000000, 0x0000000100000000)
 Metaspace       used 32748K, capacity 33066K, committed 33304K, reserved 1079296K
  class space    used 3717K, capacity 3843K, committed 3864K, reserved 1048576K
2015-09-08T14:03:15.279+0200: 5730.330: [GC (Allocation Failure) 5730.330: [ParNew
Desired survivor size 20112992 bytes, new threshold 8 (max 8)
- age   1:     685520 bytes,     685520 total
- age   2:     919784 bytes,    1605304 total
- age   3:        872 bytes,    1606176 total
- age   7:         32 bytes,    1606208 total
- age   8:        880 bytes,    1607088 total
: 89173K->1970K(109248K), 0.0031897 secs] 256857K->169654K(502464K), 0.0032333 secs] [Times: user=0.00 sys=0.00, real=0.00 secs] 
Heap after GC invocations=261 (full 7):
 par new generation   total 109248K, used 1970K [0x00000000e0000000, 0x00000000e8000000, 0x00000000e8000000)
  eden space 87424K,   0% used [0x00000000e0000000, 0x00000000e0000000, 0x00000000e5560000)
  from space 21824K,   9% used [0x00000000e6ab0000, 0x00000000e6c9cb98, 0x00000000e8000000)
  to   space 21824K,   0% used [0x00000000e5560000, 0x00000000e5560000, 0x00000000e6ab0000)
 concurrent mark-sweep generation total 393216K, used 167684K [0x00000000e8000000, 0x0000000100000000, 0x0000000100000000)
 Metaspace       used 32748K, capacity 33066K, committed 33304K, reserved 1079296K
  class space    used 3717K, capacity 3843K, committed 3864K, reserved 1048576K
}
2015-09-08T14:03:15.282+0200: 5730.333: Total time for which application threads were stopped: 0.0033955 seconds, Stopping threads took: 0.0000147 seconds
{Heap before GC invocations=261 (full 7):
 par new generation   total 109248K, used 89394K [0x00000000e0000000, 0x00000000e8000000, 0x00000000e8000000)
  eden space 87424K, 100% used [0x00000000e0000000, 0x00000000e5560000, 0x00000000e5560000)
  from space 21824K,   9% used [0x00000000e6ab0000, 0x00000000e6c9cb98, 0x00000000e8000000)
  to   space 21824K,   0% used [0x00000000e5560000, 0x00000000e5560000, 0x00000000e6ab0000)
 concurrent mark-sweep generation total 393216K, used 167684K [0x00000000e8000000, 0x0000000100000000, 0x0000000100000000)
 Metaspace       used 32748K, capacity 33066K, committed 33304K, reserved 1079296K
  class space    used 3717K, capacity 3843K, committed 3864K, reserved 1048576K
2015-09-08T14:03:15.711+0200: 5730.762: [GC (Allocation Failure) 5730.762: [ParNew
Desired survivor size 20112992 bytes, new threshold 8 (max 8)
- age   1:     690312 bytes,     690312 total
- age   3:     919784 bytes,    1610096 total
- age   4:        872 bytes,    1610968 total
- age   8:         32 bytes,    1611000 total
: 89394K->1785K(109248K), 0.0028518 secs] 257078K->169470K(502464K), 0.0029129 secs] [Times: user=0.00 sys=0.00, real=0.00 secs] 
Heap after GC invocations=262 (full 7):
 par new generation   total 109248K, used 1785K [0x00000000e0000000, 0x00000000e8000000, 0x00000000e8000000)
  eden space 87424K,   0% used [0x00000000e0000000, 0x00000000e0000000, 0x00000000e5560000)
  from space 21824K,   8% used [0x00000000e5560000, 0x00000000e571e498, 0x00000000e6ab0000)
  to   space 21824K,   0% used [0x00000000e6ab0000, 0x00000000e6ab0000, 0x00000000e8000000)
 concurrent mark-sweep generation total 393216K, used 167684K [0x00000000e8000000, 0x0000000100000000, 0x0000000100000000)
 Metaspace       used 32748K, capacity 33066K, committed 33304K, reserved 1079296K
  class space    used 3717K, capacity 3843K, committed 3864K, reserved 1048576K
}
2015-09-08T14:03:15.713+0200: 5730.765: Total time for which application threads were stopped: 0.0030864 seconds, Stopping threads took: 0.0000150 seconds
{Heap before GC invocations=262 (full 7):
 par new generation   total 109248K, used 89209K [0x00000000e0000000, 0x00000000e8000000, 0x00000000e8000000)
  eden space 87424K, 100% used [0x00000000e0000000, 0x00000000e5560000, 0x00000000e5560000)
  from space 21824K,   8% used [0x00000000e5560000, 0x00000000e571e498, 0x00000000e6ab0000)
  to   space 21824K,   0% used [0x00000000e6ab0000, 0x00000000e6ab0000, 0x00000000e8000000)
 concurrent mark-sweep generation total 393216K, used 167684K [0x00000000e8000000, 0x0000000100000000, 0x0000000100000000)
 Metaspace       used 32748K, capacity 33066K, committed 33304K, reserved 1079296K
  class space    used 3717K, capacity 3843K, committed 3864K, reserved 1048576K
2015-09-08T14:03:16.143+0200: 5731.195: [GC (Allocation Failure) 5731.195: [ParNew
Desired survivor size 20112992 bytes, new threshold 8 (max 8)
- age   1:     690560 bytes,     690560 total
- age   2:        568 bytes,     691128 total
- age   4:     919632 bytes,    1610760 total
- age   5:        872 bytes,    1611632 total
: 89209K->1740K(109248K), 0.0027065 secs] 256894K->169425K(502464K), 0.0027485 secs] [Times: user=0.00 sys=0.00, real=0.00 secs] 
Heap after GC invocations=263 (full 7):
 par new generation   total 109248K, used 1740K [0x00000000e0000000, 0x00000000e8000000, 0x00000000e8000000)
  eden space 87424K,   0% used [0x00000000e0000000, 0x00000000e0000000, 0x00000000e5560000)
  from space 21824K,   7% used [0x00000000e6ab0000, 0x00000000e6c633f8, 0x00000000e8000000)
  to   space 21824K,   0% used [0x00000000e5560000, 0x00000000e5560000, 0x00000000e6ab0000)
 concurrent mark-sweep generation total 393216K, used 167684K [0x00000000e8000000, 0x0000000100000000, 0x0000000100000000)
 Metaspace       used 32748K, capacity 33066K, committed 33304K, reserved 1079296K
  class space    used 3717K, capacity 3843K, committed 3864K, reserved 1048576K
}
2015-09-08T14:03:16.146+0200: 5731.198: Total time for which application threads were stopped: 0.0029017 seconds, Stopping threads took: 0.0000134 seconds
{Heap before GC invocations=263 (full 7):
 par new generation   total 109248K, used 89164K [0x00000000e0000000, 0x00000000e8000000, 0x00000000e8000000)
  eden space 87424K, 100% used [0x00000000e0000000, 0x00000000e5560000, 0x00000000e5560000)
  from space 21824K,   7% used [0x00000000e6ab0000, 0x00000000e6c633f8, 0x00000000e8000000)
  to   space 21824K,   0% used [0x00000000e5560000, 0x00000000e5560000, 0x00000000e6ab0000)
 concurrent mark-sweep generation total 393216K, used 167684K [0x00000000e8000000, 0x0000000100000000, 0x0000000100000000)
 Metaspace       used 32748K, capacity 33066K, committed 33304K, reserved 1079296K
  class space    used 3717K, capacity 3843K, committed 3864K, reserved 1048576K
2015-09-08T14:03:16.574+0200: 5731.625: [GC (Allocation Failure) 5731.625: [ParNew
Desired survivor size 20112992 bytes, new threshold 8 (max 8)
- age   1:     686592 bytes,     686592 total
- age   2:        152 bytes,     686744 total
- age   3:        568 bytes,     687312 total
- age   5:     919648 bytes,    1606960 total
- age   6:        872 bytes,    1607832 total
: 89164K->1957K(109248K), 0.0018390 secs] 256849K->169642K(502464K), 0.0018950 secs] [Times: user=0.01 sys=0.00, real=0.00 secs] 
Heap after GC invocations=264 (full 7):
 par new generation   total 109248K, used 1957K [0x00000000e0000000, 0x00000000e8000000, 0x00000000e8000000)
  eden space 87424K,   0% used [0x00000000e0000000, 0x00000000e0000000, 0x00000000e5560000)
  from space 21824K,   8% used [0x00000000e5560000, 0x00000000e5749520, 0x00000000e6ab0000)
  to   space 21824K,   0% used [0x00000000e6ab0000, 0x00000000e6ab0000, 0x00000000e8000000)
 concurrent mark-sweep generation total 393216K, used 167684K [0x00000000e8000000, 0x0000000100000000, 0x0000000100000000)
 Metaspace       used 32748K, capacity 33066K, committed 33304K, reserved 1079296K
  class space    used 3717K, capacity 3843K, committed 3864K, reserved 1048576K
}
2015-09-08T14:03:16.576+0200: 5731.627: Total time for which application threads were stopped: 0.0020448 seconds, Stopping threads took: 0.0000150 seconds
{Heap before GC invocations=264 (full 7):
 par new generation   total 109248K, used 89381K [0x00000000e0000000, 0x00000000e8000000, 0x00000000e8000000)
  eden space 87424K, 100% used [0x00000000e0000000, 0x00000000e5560000, 0x00000000e5560000)
  from space 21824K,   8% used [0x00000000e5560000, 0x00000000e5749520, 0x00000000e6ab0000)
  to   space 21824K,   0% used [0x00000000e6ab0000, 0x00000000e6ab0000, 0x00000000e8000000)
 concurrent mark-sweep generation total 393216K, used 167684K [0x00000000e8000000, 0x0000000100000000, 0x0000000100000000)
 Metaspace       used 32748K, capacity 33066K, committed 33304K, reserved 1079296K
  class space    used 3717K, capacity 3843K, committed 3864K, reserved 1048576K
2015-09-08T14:03:17.000+0200: 5732.051: [GC (Allocation Failure) 5732.051: [ParNew
Desired survivor size 20112992 bytes, new threshold 8 (max 8)
- age   1:     682336 bytes,     682336 total
- age   3:        152 bytes,     682488 total
- age   4:        568 bytes,     683056 total
- age   6:     919600 bytes,    1602656 total
- age   7:        872 bytes,    1603528 total
: 89381K->1780K(109248K), 0.0027187 secs] 257066K->169465K(502464K), 0.0027683 secs] [Times: user=0.00 sys=0.00, real=0.00 secs] 
Heap after GC invocations=265 (full 7):
 par new generation   total 109248K, used 1780K [0x00000000e0000000, 0x00000000e8000000, 0x00000000e8000000)
  eden space 87424K,   0% used [0x00000000e0000000, 0x00000000e0000000, 0x00000000e5560000)
  from space 21824K,   8% used [0x00000000e6ab0000, 0x00000000e6c6d100, 0x00000000e8000000)
  to   space 21824K,   0% used [0x00000000e5560000, 0x00000000e5560000, 0x00000000e6ab0000)
 concurrent mark-sweep generation total 393216K, used 167684K [0x00000000e8000000, 0x0000000100000000, 0x0000000100000000)
 Metaspace       used 32748K, capacity 33066K, committed 33304K, reserved 1079296K
  class space    used 3717K, capacity 3843K, committed 3864K, reserved 1048576K
}
2015-09-08T14:03:17.003+0200: 5732.054: Total time for which application threads were stopped: 0.0029398 seconds, Stopping threads took: 0.0000147 seconds
{Heap before GC invocations=265 (full 7):
 par new generation   total 109248K, used 89204K [0x00000000e0000000, 0x00000000e8000000, 0x00000000e8000000)
  eden space 87424K, 100% used [0x00000000e0000000, 0x00000000e5560000, 0x00000000e5560000)
  from space 21824K,   8% used [0x00000000e6ab0000, 0x00000000e6c6d100, 0x00000000e8000000)
  to   space 21824K,   0% used [0x00000000e5560000, 0x00000000e5560000, 0x00000000e6ab0000)
 concurrent mark-sweep generation total 393216K, used 167684K [0x00000000e8000000, 0x0000000100000000, 0x0000000100000000)
 Metaspace       used 32748K, capacity 33066K, committed 33304K, reserved 1079296K
  class space    used 3717K, capacity 3843K, committed 3864K, reserved 1048576K
2015-09-08T14:03:17.430+0200: 5732.481: [GC (Allocation Failure) 5732.481: [ParNew
Desired survivor size 20112992 bytes, new threshold 8 (max 8)
- age   1:     685904 bytes,     685904 total
- age   2:         32 bytes,     685936 total
- age   4:        152 bytes,     686088 total
- age   5:        568 bytes,     686656 total
- age   7:     919600 bytes,    1606256 total
- age   8:        872 bytes,    1607128 total
: 89204K->1821K(109248K), 0.0027513 secs] 256889K->169506K(502464K), 0.0028013 secs] [Times: user=0.00 sys=0.00, real=0.00 secs] 
Heap after GC invocations=266 (full 7):
 par new generation   total 109248K, used 1821K [0x00000000e0000000, 0x00000000e8000000, 0x00000000e8000000)
  eden space 87424K,   0% used [0x00000000e0000000, 0x00000000e0000000, 0x00000000e5560000)
  from space 21824K,   8% used [0x00000000e5560000, 0x00000000e5727658, 0x00000000e6ab0000)
  to   space 21824K,   0% used [0x00000000e6ab0000, 0x00000000e6ab0000, 0x00000000e8000000)
 concurrent mark-sweep generation total 393216K, used 167684K [0x00000000e8000000, 0x0000000100000000, 0x0000000100000000)
 Metaspace       used 32748K, capacity 33066K, committed 33304K, reserved 1079296K
  class space    used 3717K, capacity 3843K, committed 3864K, reserved 1048576K
}
2015-09-08T14:03:17.433+0200: 5732.484: Total time for which application threads were stopped: 0.0029529 seconds, Stopping threads took: 0.0000147 seconds
{Heap before GC invocations=266 (full 7):
 par new generation   total 109248K, used 89245K [0x00000000e0000000, 0x00000000e8000000, 0x00000000e8000000)
  eden space 87424K, 100% used [0x00000000e0000000, 0x00000000e5560000, 0x00000000e5560000)
  from space 21824K,   8% used [0x00000000e5560000, 0x00000000e5727658, 0x00000000e6ab0000)
  to   space 21824K,   0% used [0x00000000e6ab0000, 0x00000000e6ab0000, 0x00000000e8000000)
 concurrent mark-sweep generation total 393216K, used 167684K [0x00000000e8000000, 0x0000000100000000, 0x0000000100000000)
 Metaspace       used 32748K, capacity 33066K, committed 33304K, reserved 1079296K
  class space    used 3717K, capacity 3843K, committed 3864K, reserved 1048576K
2015-09-08T14:03:17.859+0200: 5732.910: [GC (Allocation Failure) 5732.910: [ParNew
Desired survivor size 20112992 bytes, new threshold 8 (max 8)
- age   1:     685008 bytes,     685008 total
- age   3:         32 bytes,     685040 total
- age   5:        152 bytes,     685192 total
- age   6:        536 bytes,     685728 total
- age   8:     919600 bytes,    1605328 total
: 89245K->1835K(109248K), 0.0051696 secs] 256930K->169521K(502464K), 0.0052182 secs] [Times: user=0.00 sys=0.00, real=0.01 secs] 
Heap after GC invocations=267 (full 7):
 par new generation   total 109248K, used 1835K [0x00000000e0000000, 0x00000000e8000000, 0x00000000e8000000)
  eden space 87424K,   0% used [0x00000000e0000000, 0x00000000e0000000, 0x00000000e5560000)
  from space 21824K,   8% used [0x00000000e6ab0000, 0x00000000e6c7ae60, 0x00000000e8000000)
  to   space 21824K,   0% used [0x00000000e5560000, 0x00000000e5560000, 0x00000000e6ab0000)
 concurrent mark-sweep generation total 393216K, used 167685K [0x00000000e8000000, 0x0000000100000000, 0x0000000100000000)
 Metaspace       used 32748K, capacity 33066K, committed 33304K, reserved 1079296K
  class space    used 3717K, capacity 3843K, committed 3864K, reserved 1048576K
}
2015-09-08T14:03:17.864+0200: 5732.915: Total time for which application threads were stopped: 0.0053686 seconds, Stopping threads took: 0.0000150 seconds
{Heap before GC invocations=267 (full 7):
 par new generation   total 109248K, used 89259K [0x00000000e0000000, 0x00000000e8000000, 0x00000000e8000000)
  eden space 87424K, 100% used [0x00000000e0000000, 0x00000000e5560000, 0x00000000e5560000)
  from space 21824K,   8% used [0x00000000e6ab0000, 0x00000000e6c7ae60, 0x00000000e8000000)
  to   space 21824K,   0% used [0x00000000e5560000, 0x00000000e5560000, 0x00000000e6ab0000)
 concurrent mark-sweep generation total 393216K, used 167685K [0x00000000e8000000, 0x0000000100000000, 0x0000000100000000)
 Metaspace       used 32748K, capacity 33066K, committed 33304K, reserved 1079296K
  class space    used 3717K, capacity 3843K, committed 3864K, reserved 1048576K
2015-09-08T14:03:18.291+0200: 5733.343: [GC (Allocation Failure) 5733.343: [ParNew
Desired survivor size 20112992 bytes, new threshold 8 (max 8)
- age   1:     685136 bytes,     685136 total
- age   2:         32 bytes,     685168 total
- age   4:         32 bytes,     685200 total
- age   6:        152 bytes,     685352 total
- age   7:        536 bytes,     685888 total
: 89259K->899K(109248K), 0.0025920 secs] 256945K->169484K(502464K), 0.0026413 secs] [Times: user=0.06 sys=0.00, real=0.00 secs] 
Heap after GC invocations=268 (full 7):
 par new generation   total 109248K, used 899K [0x00000000e0000000, 0x00000000e8000000, 0x00000000e8000000)
  eden space 87424K,   0% used [0x00000000e0000000, 0x00000000e0000000, 0x00000000e5560000)
  from space 21824K,   4% used [0x00000000e5560000, 0x00000000e5640f60, 0x00000000e6ab0000)
  to   space 21824K,   0% used [0x00000000e6ab0000, 0x00000000e6ab0000, 0x00000000e8000000)
 concurrent mark-sweep generation total 393216K, used 168584K [0x00000000e8000000, 0x0000000100000000, 0x0000000100000000)
 Metaspace       used 32748K, capacity 33066K, committed 33304K, reserved 1079296K
  class space    used 3717K, capacity 3843K, committed 3864K, reserved 1048576K
}
2015-09-08T14:03:18.294+0200: 5733.345: Total time for which application threads were stopped: 0.0027891 seconds, Stopping threads took: 0.0000138 seconds
{Heap before GC invocations=268 (full 7):
 par new generation   total 109248K, used 88323K [0x00000000e0000000, 0x00000000e8000000, 0x00000000e8000000)
  eden space 87424K, 100% used [0x00000000e0000000, 0x00000000e5560000, 0x00000000e5560000)
  from space 21824K,   4% used [0x00000000e5560000, 0x00000000e5640f60, 0x00000000e6ab0000)
  to   space 21824K,   0% used [0x00000000e6ab0000, 0x00000000e6ab0000, 0x00000000e8000000)
 concurrent mark-sweep generation total 393216K, used 168584K [0x00000000e8000000, 0x0000000100000000, 0x0000000100000000)
 Metaspace       used 32748K, capacity 33066K, committed 33304K, reserved 1079296K
  class space    used 3717K, capacity 3843K, committed 3864K, reserved 1048576K
2015-09-08T14:03:18.716+0200: 5733.767: [GC (Allocation Failure) 5733.767: [ParNew
Desired survivor size 20112992 bytes, new threshold 8 (max 8)
- age   1:     685480 bytes,     685480 total
- age   3:         32 bytes,     685512 total
- age   5:         32 bytes,     685544 total
- age   7:        152 bytes,     685696 total
- age   8:        536 bytes,     686232 total
: 88323K->767K(109248K), 0.0025977 secs] 256908K->169351K(502464K), 0.0026454 secs] [Times: user=0.00 sys=0.00, real=0.00 secs] 
Heap after GC invocations=269 (full 7):
 par new generation   total 109248K, used 767K [0x00000000e0000000, 0x00000000e8000000, 0x00000000e8000000)
  eden space 87424K,   0% used [0x00000000e0000000, 0x00000000e0000000, 0x00000000e5560000)
  from space 21824K,   3% used [0x00000000e6ab0000, 0x00000000e6b6feb0, 0x00000000e8000000)
  to   space 21824K,   0% used [0x00000000e5560000, 0x00000000e5560000, 0x00000000e6ab0000)
 concurrent mark-sweep generation total 393216K, used 168584K [0x00000000e8000000, 0x0000000100000000, 0x0000000100000000)
 Metaspace       used 32748K, capacity 33066K, committed 33304K, reserved 1079296K
  class space    used 3717K, capacity 3843K, committed 3864K, reserved 1048576K
}
2015-09-08T14:03:18.719+0200: 5733.770: Total time for which application threads were stopped: 0.0028019 seconds, Stopping threads took: 0.0000147 seconds
2015-09-08T14:04:54.686+0200: 5829.737: Total time for which application threads were stopped: 0.0000768 seconds, Stopping threads took: 0.0000170 seconds
{Heap before GC invocations=269 (full 7):
 par new generation   total 109248K, used 88191K [0x00000000e0000000, 0x00000000e8000000, 0x00000000e8000000)
  eden space 87424K, 100% used [0x00000000e0000000, 0x00000000e5560000, 0x00000000e5560000)
  from space 21824K,   3% used [0x00000000e6ab0000, 0x00000000e6b6feb0, 0x00000000e8000000)
  to   space 21824K,   0% used [0x00000000e5560000, 0x00000000e5560000, 0x00000000e6ab0000)
 concurrent mark-sweep generation total 393216K, used 168584K [0x00000000e8000000, 0x0000000100000000, 0x0000000100000000)
 Metaspace       used 32748K, capacity 33066K, committed 33304K, reserved 1079296K
  class space    used 3717K, capacity 3843K, committed 3864K, reserved 1048576K
2015-09-08T14:04:54.938+0200: 5829.989: [GC (Allocation Failure) 5829.989: [ParNew
Desired survivor size 20112992 bytes, new threshold 8 (max 8)
- age   1:    1609656 bytes,    1609656 total
- age   4:         32 bytes,    1609688 total
: 88191K->1729K(109248K), 0.0026643 secs] 256775K->170314K(502464K), 0.0027133 secs] [Times: user=0.00 sys=0.00, real=0.00 secs] 
Heap after GC invocations=270 (full 7):
 par new generation   total 109248K, used 1729K [0x00000000e0000000, 0x00000000e8000000, 0x00000000e8000000)
  eden space 87424K,   0% used [0x00000000e0000000, 0x00000000e0000000, 0x00000000e5560000)
  from space 21824K,   7% used [0x00000000e5560000, 0x00000000e5710538, 0x00000000e6ab0000)
  to   space 21824K,   0% used [0x00000000e6ab0000, 0x00000000e6ab0000, 0x00000000e8000000)
 concurrent mark-sweep generation total 393216K, used 168584K [0x00000000e8000000, 0x0000000100000000, 0x0000000100000000)
 Metaspace       used 32748K, capacity 33066K, committed 33304K, reserved 1079296K
  class space    used 3717K, capacity 3843K, committed 3864K, reserved 1048576K
}
2015-09-08T14:04:54.941+0200: 5829.992: Total time for which application threads were stopped: 0.0028608 seconds, Stopping threads took: 0.0000138 seconds
{Heap before GC invocations=270 (full 7):
 par new generation   total 109248K, used 89153K [0x00000000e0000000, 0x00000000e8000000, 0x00000000e8000000)
  eden space 87424K, 100% used [0x00000000e0000000, 0x00000000e5560000, 0x00000000e5560000)
  from space 21824K,   7% used [0x00000000e5560000, 0x00000000e5710538, 0x00000000e6ab0000)
  to   space 21824K,   0% used [0x00000000e6ab0000, 0x00000000e6ab0000, 0x00000000e8000000)
 concurrent mark-sweep generation total 393216K, used 168584K [0x00000000e8000000, 0x0000000100000000, 0x0000000100000000)
 Metaspace       used 32748K, capacity 33066K, committed 33304K, reserved 1079296K
  class space    used 3717K, capacity 3843K, committed 3864K, reserved 1048576K
2015-09-08T14:04:55.369+0200: 5830.420: [GC (Allocation Failure) 5830.420: [ParNew
Desired survivor size 20112992 bytes, new threshold 8 (max 8)
- age   1:     688040 bytes,     688040 total
- age   2:     919768 bytes,    1607808 total
- age   5:         32 bytes,    1607840 total
: 89153K->1883K(109248K), 0.0026009 secs] 257738K->170467K(502464K), 0.0026454 secs] [Times: user=0.00 sys=0.02, real=0.00 secs] 
Heap after GC invocations=271 (full 7):
 par new generation   total 109248K, used 1883K [0x00000000e0000000, 0x00000000e8000000, 0x00000000e8000000)
  eden space 87424K,   0% used [0x00000000e0000000, 0x00000000e0000000, 0x00000000e5560000)
  from space 21824K,   8% used [0x00000000e6ab0000, 0x00000000e6c86c38, 0x00000000e8000000)
  to   space 21824K,   0% used [0x00000000e5560000, 0x00000000e5560000, 0x00000000e6ab0000)
 concurrent mark-sweep generation total 393216K, used 168584K [0x00000000e8000000, 0x0000000100000000, 0x0000000100000000)
 Metaspace       used 32748K, capacity 33066K, committed 33304K, reserved 1079296K
  class space    used 3717K, capacity 3843K, committed 3864K, reserved 1048576K
}
2015-09-08T14:04:55.371+0200: 5830.423: Total time for which application threads were stopped: 0.0028115 seconds, Stopping threads took: 0.0000333 seconds
{Heap before GC invocations=271 (full 7):
 par new generation   total 109248K, used 89307K [0x00000000e0000000, 0x00000000e8000000, 0x00000000e8000000)
  eden space 87424K, 100% used [0x00000000e0000000, 0x00000000e5560000, 0x00000000e5560000)
  from space 21824K,   8% used [0x00000000e6ab0000, 0x00000000e6c86c38, 0x00000000e8000000)
  to   space 21824K,   0% used [0x00000000e5560000, 0x00000000e5560000, 0x00000000e6ab0000)
 concurrent mark-sweep generation total 393216K, used 168584K [0x00000000e8000000, 0x0000000100000000, 0x0000000100000000)
 Metaspace       used 32748K, capacity 33066K, committed 33304K, reserved 1079296K
  class space    used 3717K, capacity 3843K, committed 3864K, reserved 1048576K
2015-09-08T14:04:55.797+0200: 5830.848: [GC (Allocation Failure) 5830.848: [ParNew
Desired survivor size 20112992 bytes, new threshold 8 (max 8)
- age   1:     686280 bytes,     686280 total
- age   3:     919768 bytes,    1606048 total
- age   6:         32 bytes,    1606080 total
: 89307K->1734K(109248K), 0.0027641 secs] 257891K->170319K(502464K), 0.0028096 secs] [Times: user=0.00 sys=0.00, real=0.00 secs] 
Heap after GC invocations=272 (full 7):
 par new generation   total 109248K, used 1734K [0x00000000e0000000, 0x00000000e8000000, 0x00000000e8000000)
  eden space 87424K,   0% used [0x00000000e0000000, 0x00000000e0000000, 0x00000000e5560000)
  from space 21824K,   7% used [0x00000000e5560000, 0x00000000e5711ad8, 0x00000000e6ab0000)
  to   space 21824K,   0% used [0x00000000e6ab0000, 0x00000000e6ab0000, 0x00000000e8000000)
 concurrent mark-sweep generation total 393216K, used 168584K [0x00000000e8000000, 0x0000000100000000, 0x0000000100000000)
 Metaspace       used 32748K, capacity 33066K, committed 33304K, reserved 1079296K
  class space    used 3717K, capacity 3843K, committed 3864K, reserved 1048576K
}
2015-09-08T14:04:55.799+0200: 5830.851: Total time for which application threads were stopped: 0.0029965 seconds, Stopping threads took: 0.0000234 seconds
{Heap before GC invocations=272 (full 7):
 par new generation   total 109248K, used 89158K [0x00000000e0000000, 0x00000000e8000000, 0x00000000e8000000)
  eden space 87424K, 100% used [0x00000000e0000000, 0x00000000e5560000, 0x00000000e5560000)
  from space 21824K,   7% used [0x00000000e5560000, 0x00000000e5711ad8, 0x00000000e6ab0000)
  to   space 21824K,   0% used [0x00000000e6ab0000, 0x00000000e6ab0000, 0x00000000e8000000)
 concurrent mark-sweep generation total 393216K, used 168584K [0x00000000e8000000, 0x0000000100000000, 0x0000000100000000)
 Metaspace       used 32748K, capacity 33066K, committed 33304K, reserved 1079296K
  class space    used 3717K, capacity 3843K, committed 3864K, reserved 1048576K
2015-09-08T14:04:56.224+0200: 5831.275: [GC (Allocation Failure) 5831.275: [ParNew
Desired survivor size 20112992 bytes, new threshold 8 (max 8)
- age   1:     688104 bytes,     688104 total
- age   4:     919768 bytes,    1607872 total
- age   7:         32 bytes,    1607904 total
: 89158K->1824K(109248K), 0.0027581 secs] 257743K->170409K(502464K), 0.0027981 secs] [Times: user=0.00 sys=0.00, real=0.00 secs] 
Heap after GC invocations=273 (full 7):
 par new generation   total 109248K, used 1824K [0x00000000e0000000, 0x00000000e8000000, 0x00000000e8000000)
  eden space 87424K,   0% used [0x00000000e0000000, 0x00000000e0000000, 0x00000000e5560000)
  from space 21824K,   8% used [0x00000000e6ab0000, 0x00000000e6c783e8, 0x00000000e8000000)
  to   space 21824K,   0% used [0x00000000e5560000, 0x00000000e5560000, 0x00000000e6ab0000)
 concurrent mark-sweep generation total 393216K, used 168584K [0x00000000e8000000, 0x0000000100000000, 0x0000000100000000)
 Metaspace       used 32748K, capacity 33066K, committed 33304K, reserved 1079296K
  class space    used 3717K, capacity 3843K, committed 3864K, reserved 1048576K
}
2015-09-08T14:04:56.227+0200: 5831.278: Total time for which application threads were stopped: 0.0029472 seconds, Stopping threads took: 0.0000141 seconds
{Heap before GC invocations=273 (full 7):
 par new generation   total 109248K, used 89248K [0x00000000e0000000, 0x00000000e8000000, 0x00000000e8000000)
  eden space 87424K, 100% used [0x00000000e0000000, 0x00000000e5560000, 0x00000000e5560000)
  from space 21824K,   8% used [0x00000000e6ab0000, 0x00000000e6c783e8, 0x00000000e8000000)
  to   space 21824K,   0% used [0x00000000e5560000, 0x00000000e5560000, 0x00000000e6ab0000)
 concurrent mark-sweep generation total 393216K, used 168584K [0x00000000e8000000, 0x0000000100000000, 0x0000000100000000)
 Metaspace       used 32748K, capacity 33066K, committed 33304K, reserved 1079296K
  class space    used 3717K, capacity 3843K, committed 3864K, reserved 1048576K
2015-09-08T14:04:56.652+0200: 5831.704: [GC (Allocation Failure) 5831.704: [ParNew
Desired survivor size 20112992 bytes, new threshold 8 (max 8)
- age   1:     695072 bytes,     695072 total
- age   5:     919768 bytes,    1614840 total
- age   8:         32 bytes,    1614872 total
: 89248K->1715K(109248K), 0.0079059 secs] 257833K->170300K(502464K), 0.0079545 secs] [Times: user=0.00 sys=0.00, real=0.01 secs] 
Heap after GC invocations=274 (full 7):
 par new generation   total 109248K, used 1715K [0x00000000e0000000, 0x00000000e8000000, 0x00000000e8000000)
  eden space 87424K,   0% used [0x00000000e0000000, 0x00000000e0000000, 0x00000000e5560000)
  from space 21824K,   7% used [0x00000000e5560000, 0x00000000e570cd98, 0x00000000e6ab0000)
  to   space 21824K,   0% used [0x00000000e6ab0000, 0x00000000e6ab0000, 0x00000000e8000000)
 concurrent mark-sweep generation total 393216K, used 168584K [0x00000000e8000000, 0x0000000100000000, 0x0000000100000000)
 Metaspace       used 32748K, capacity 33066K, committed 33304K, reserved 1079296K
  class space    used 3717K, capacity 3843K, committed 3864K, reserved 1048576K
}
2015-09-08T14:04:56.660+0200: 5831.712: Total time for which application threads were stopped: 0.0081020 seconds, Stopping threads took: 0.0000138 seconds
{Heap before GC invocations=274 (full 7):
 par new generation   total 109248K, used 89139K [0x00000000e0000000, 0x00000000e8000000, 0x00000000e8000000)
  eden space 87424K, 100% used [0x00000000e0000000, 0x00000000e5560000, 0x00000000e5560000)
  from space 21824K,   7% used [0x00000000e5560000, 0x00000000e570cd98, 0x00000000e6ab0000)
  to   space 21824K,   0% used [0x00000000e6ab0000, 0x00000000e6ab0000, 0x00000000e8000000)
 concurrent mark-sweep generation total 393216K, used 168584K [0x00000000e8000000, 0x0000000100000000, 0x0000000100000000)
 Metaspace       used 32748K, capacity 33066K, committed 33304K, reserved 1079296K
  class space    used 3717K, capacity 3843K, committed 3864K, reserved 1048576K
2015-09-08T14:04:57.083+0200: 5832.134: [GC (Allocation Failure) 5832.135: [ParNew
Desired survivor size 20112992 bytes, new threshold 8 (max 8)
- age   1:     686024 bytes,     686024 total
- age   6:     919768 bytes,    1605792 total
: 89139K->1994K(109248K), 0.0024259 secs] 257724K->170579K(502464K), 0.0024720 secs] [Times: user=0.00 sys=0.00, real=0.00 secs] 
Heap after GC invocations=275 (full 7):
 par new generation   total 109248K, used 1994K [0x00000000e0000000, 0x00000000e8000000, 0x00000000e8000000)
  eden space 87424K,   0% used [0x00000000e0000000, 0x00000000e0000000, 0x00000000e5560000)
  from space 21824K,   9% used [0x00000000e6ab0000, 0x00000000e6ca2bd8, 0x00000000e8000000)
  to   space 21824K,   0% used [0x00000000e5560000, 0x00000000e5560000, 0x00000000e6ab0000)
 concurrent mark-sweep generation total 393216K, used 168584K [0x00000000e8000000, 0x0000000100000000, 0x0000000100000000)
 Metaspace       used 32748K, capacity 33066K, committed 33304K, reserved 1079296K
  class space    used 3717K, capacity 3843K, committed 3864K, reserved 1048576K
}
2015-09-08T14:04:57.086+0200: 5832.137: Total time for which application threads were stopped: 0.0026259 seconds, Stopping threads took: 0.0000154 seconds
{Heap before GC invocations=275 (full 7):
 par new generation   total 109248K, used 89418K [0x00000000e0000000, 0x00000000e8000000, 0x00000000e8000000)
  eden space 87424K, 100% used [0x00000000e0000000, 0x00000000e5560000, 0x00000000e5560000)
  from space 21824K,   9% used [0x00000000e6ab0000, 0x00000000e6ca2bd8, 0x00000000e8000000)
  to   space 21824K,   0% used [0x00000000e5560000, 0x00000000e5560000, 0x00000000e6ab0000)
 concurrent mark-sweep generation total 393216K, used 168584K [0x00000000e8000000, 0x0000000100000000, 0x0000000100000000)
 Metaspace       used 32748K, capacity 33066K, committed 33304K, reserved 1079296K
  class space    used 3717K, capacity 3843K, committed 3864K, reserved 1048576K
2015-09-08T14:04:57.516+0200: 5832.568: [GC (Allocation Failure) 5832.568: [ParNew
Desired survivor size 20112992 bytes, new threshold 8 (max 8)
- age   1:     684216 bytes,     684216 total
- age   7:     919768 bytes,    1603984 total
: 89418K->1793K(109248K), 0.0028445 secs] 258003K->170378K(502464K), 0.0029008 secs] [Times: user=0.00 sys=0.00, real=0.00 secs] 
Heap after GC invocations=276 (full 7):
 par new generation   total 109248K, used 1793K [0x00000000e0000000, 0x00000000e8000000, 0x00000000e8000000)
  eden space 87424K,   0% used [0x00000000e0000000, 0x00000000e0000000, 0x00000000e5560000)
  from space 21824K,   8% used [0x00000000e5560000, 0x00000000e57206f8, 0x00000000e6ab0000)
  to   space 21824K,   0% used [0x00000000e6ab0000, 0x00000000e6ab0000, 0x00000000e8000000)
 concurrent mark-sweep generation total 393216K, used 168584K [0x00000000e8000000, 0x0000000100000000, 0x0000000100000000)
 Metaspace       used 32748K, capacity 33066K, committed 33304K, reserved 1079296K
  class space    used 3717K, capacity 3843K, committed 3864K, reserved 1048576K
}
2015-09-08T14:04:57.519+0200: 5832.571: Total time for which application threads were stopped: 0.0030480 seconds, Stopping threads took: 0.0000144 seconds
{Heap before GC invocations=276 (full 7):
 par new generation   total 109248K, used 89217K [0x00000000e0000000, 0x00000000e8000000, 0x00000000e8000000)
  eden space 87424K, 100% used [0x00000000e0000000, 0x00000000e5560000, 0x00000000e5560000)
  from space 21824K,   8% used [0x00000000e5560000, 0x00000000e57206f8, 0x00000000e6ab0000)
  to   space 21824K,   0% used [0x00000000e6ab0000, 0x00000000e6ab0000, 0x00000000e8000000)
 concurrent mark-sweep generation total 393216K, used 168584K [0x00000000e8000000, 0x0000000100000000, 0x0000000100000000)
 Metaspace       used 32748K, capacity 33066K, committed 33304K, reserved 1079296K
  class space    used 3717K, capacity 3843K, committed 3864K, reserved 1048576K
2015-09-08T14:04:57.948+0200: 5832.999: [GC (Allocation Failure) 5832.999: [ParNew
Desired survivor size 20112992 bytes, new threshold 8 (max 8)
- age   1:     684224 bytes,     684224 total
- age   8:     919768 bytes,    1603992 total
: 89217K->1736K(109248K), 0.0026480 secs] 257802K->170321K(502464K), 0.0026947 secs] [Times: user=0.00 sys=0.00, real=0.00 secs] 
Heap after GC invocations=277 (full 7):
 par new generation   total 109248K, used 1736K [0x00000000e0000000, 0x00000000e8000000, 0x00000000e8000000)
  eden space 87424K,   0% used [0x00000000e0000000, 0x00000000e0000000, 0x00000000e5560000)
  from space 21824K,   7% used [0x00000000e6ab0000, 0x00000000e6c62228, 0x00000000e8000000)
  to   space 21824K,   0% used [0x00000000e5560000, 0x00000000e5560000, 0x00000000e6ab0000)
 concurrent mark-sweep generation total 393216K, used 168584K [0x00000000e8000000, 0x0000000100000000, 0x0000000100000000)
 Metaspace       used 32748K, capacity 33066K, committed 33304K, reserved 1079296K
  class space    used 3717K, capacity 3843K, committed 3864K, reserved 1048576K
}
2015-09-08T14:04:57.950+0200: 5833.002: Total time for which application threads were stopped: 0.0028467 seconds, Stopping threads took: 0.0000147 seconds
{Heap before GC invocations=277 (full 7):
 par new generation   total 109248K, used 89160K [0x00000000e0000000, 0x00000000e8000000, 0x00000000e8000000)
  eden space 87424K, 100% used [0x00000000e0000000, 0x00000000e5560000, 0x00000000e5560000)
  from space 21824K,   7% used [0x00000000e6ab0000, 0x00000000e6c62228, 0x00000000e8000000)
  to   space 21824K,   0% used [0x00000000e5560000, 0x00000000e5560000, 0x00000000e6ab0000)
 concurrent mark-sweep generation total 393216K, used 168584K [0x00000000e8000000, 0x0000000100000000, 0x0000000100000000)
 Metaspace       used 32748K, capacity 33066K, committed 33304K, reserved 1079296K
  class space    used 3717K, capacity 3843K, committed 3864K, reserved 1048576K
2015-09-08T14:04:58.382+0200: 5833.433: [GC (Allocation Failure) 5833.433: [ParNew
Desired survivor size 20112992 bytes, new threshold 8 (max 8)
- age   1:     690536 bytes,     690536 total
: 89160K->785K(109248K), 0.0027789 secs] 257745K->170268K(502464K), 0.0028285 secs] [Times: user=0.00 sys=0.00, real=0.00 secs] 
Heap after GC invocations=278 (full 7):
 par new generation   total 109248K, used 785K [0x00000000e0000000, 0x00000000e8000000, 0x00000000e8000000)
  eden space 87424K,   0% used [0x00000000e0000000, 0x00000000e0000000, 0x00000000e5560000)
  from space 21824K,   3% used [0x00000000e5560000, 0x00000000e56244f0, 0x00000000e6ab0000)
  to   space 21824K,   0% used [0x00000000e6ab0000, 0x00000000e6ab0000, 0x00000000e8000000)
 concurrent mark-sweep generation total 393216K, used 169483K [0x00000000e8000000, 0x0000000100000000, 0x0000000100000000)
 Metaspace       used 32748K, capacity 33066K, committed 33304K, reserved 1079296K
  class space    used 3717K, capacity 3843K, committed 3864K, reserved 1048576K
}
2015-09-08T14:04:58.384+0200: 5833.436: Total time for which application threads were stopped: 0.0030198 seconds, Stopping threads took: 0.0000147 seconds
2015-09-08T14:04:59.385+0200: 5834.435: Total time for which application threads were stopped: 0.0000755 seconds, Stopping threads took: 0.0000269 seconds
2015-09-08T14:05:00.794+0200: 5835.844: Total time for which application threads were stopped: 0.0000774 seconds, Stopping threads took: 0.0000128 seconds
{Heap before GC invocations=278 (full 7):
 par new generation   total 109248K, used 88209K [0x00000000e0000000, 0x00000000e8000000, 0x00000000e8000000)
  eden space 87424K, 100% used [0x00000000e0000000, 0x00000000e5560000, 0x00000000e5560000)
  from space 21824K,   3% used [0x00000000e5560000, 0x00000000e56244f0, 0x00000000e6ab0000)
  to   space 21824K,   0% used [0x00000000e6ab0000, 0x00000000e6ab0000, 0x00000000e8000000)
 concurrent mark-sweep generation total 393216K, used 169483K [0x00000000e8000000, 0x0000000100000000, 0x0000000100000000)
 Metaspace       used 32756K, capacity 33098K, committed 33432K, reserved 1079296K
  class space    used 3719K, capacity 3875K, committed 3992K, reserved 1048576K
2015-09-08T14:05:00.990+0200: 5836.041: [GC (Allocation Failure) 5836.041: [ParNew
Desired survivor size 20112992 bytes, new threshold 8 (max 8)
- age   1:    1632232 bytes,    1632232 total
- age   2:         32 bytes,    1632264 total
: 88209K->2007K(109248K), 0.0025830 secs] 257692K->171490K(502464K), 0.0026313 secs] [Times: user=0.00 sys=0.00, real=0.00 secs] 
Heap after GC invocations=279 (full 7):
 par new generation   total 109248K, used 2007K [0x00000000e0000000, 0x00000000e8000000, 0x00000000e8000000)
  eden space 87424K,   0% used [0x00000000e0000000, 0x00000000e0000000, 0x00000000e5560000)
  from space 21824K,   9% used [0x00000000e6ab0000, 0x00000000e6ca5d48, 0x00000000e8000000)
  to   space 21824K,   0% used [0x00000000e5560000, 0x00000000e5560000, 0x00000000e6ab0000)
 concurrent mark-sweep generation total 393216K, used 169483K [0x00000000e8000000, 0x0000000100000000, 0x0000000100000000)
 Metaspace       used 32756K, capacity 33098K, committed 33432K, reserved 1079296K
  class space    used 3719K, capacity 3875K, committed 3992K, reserved 1048576K
}
2015-09-08T14:05:00.993+0200: 5836.043: Total time for which application threads were stopped: 0.0028006 seconds, Stopping threads took: 0.0000227 seconds
{Heap before GC invocations=279 (full 7):
 par new generation   total 109248K, used 89431K [0x00000000e0000000, 0x00000000e8000000, 0x00000000e8000000)
  eden space 87424K, 100% used [0x00000000e0000000, 0x00000000e5560000, 0x00000000e5560000)
  from space 21824K,   9% used [0x00000000e6ab0000, 0x00000000e6ca5d48, 0x00000000e8000000)
  to   space 21824K,   0% used [0x00000000e5560000, 0x00000000e5560000, 0x00000000e6ab0000)
 concurrent mark-sweep generation total 393216K, used 169483K [0x00000000e8000000, 0x0000000100000000, 0x0000000100000000)
 Metaspace       used 32756K, capacity 33098K, committed 33432K, reserved 1079296K
  class space    used 3719K, capacity 3875K, committed 3992K, reserved 1048576K
2015-09-08T14:05:01.426+0200: 5836.476: [GC (Allocation Failure) 5836.476: [ParNew
Desired survivor size 20112992 bytes, new threshold 8 (max 8)
- age   1:     689360 bytes,     689360 total
- age   2:     936944 bytes,    1626304 total
- age   3:         32 bytes,    1626336 total
: 89431K->1816K(109248K), 0.0026589 secs] 258914K->171299K(502464K), 0.0027069 secs] [Times: user=0.00 sys=0.00, real=0.00 secs] 
Heap after GC invocations=280 (full 7):
 par new generation   total 109248K, used 1816K [0x00000000e0000000, 0x00000000e8000000, 0x00000000e8000000)
  eden space 87424K,   0% used [0x00000000e0000000, 0x00000000e0000000, 0x00000000e5560000)
  from space 21824K,   8% used [0x00000000e5560000, 0x00000000e5726160, 0x00000000e6ab0000)
  to   space 21824K,   0% used [0x00000000e6ab0000, 0x00000000e6ab0000, 0x00000000e8000000)
 concurrent mark-sweep generation total 393216K, used 169483K [0x00000000e8000000, 0x0000000100000000, 0x0000000100000000)
 Metaspace       used 32756K, capacity 33098K, committed 33432K, reserved 1079296K
  class space    used 3719K, capacity 3875K, committed 3992K, reserved 1048576K
}
2015-09-08T14:05:01.429+0200: 5836.479: Total time for which application threads were stopped: 0.0028813 seconds, Stopping threads took: 0.0000147 seconds
{Heap before GC invocations=280 (full 7):
 par new generation   total 109248K, used 89240K [0x00000000e0000000, 0x00000000e8000000, 0x00000000e8000000)
  eden space 87424K, 100% used [0x00000000e0000000, 0x00000000e5560000, 0x00000000e5560000)
  from space 21824K,   8% used [0x00000000e5560000, 0x00000000e5726160, 0x00000000e6ab0000)
  to   space 21824K,   0% used [0x00000000e6ab0000, 0x00000000e6ab0000, 0x00000000e8000000)
 concurrent mark-sweep generation total 393216K, used 169483K [0x00000000e8000000, 0x0000000100000000, 0x0000000100000000)
 Metaspace       used 32756K, capacity 33098K, committed 33432K, reserved 1079296K
  class space    used 3719K, capacity 3875K, committed 3992K, reserved 1048576K
2015-09-08T14:05:01.857+0200: 5836.907: [GC (Allocation Failure) 5836.907: [ParNew
Desired survivor size 20112992 bytes, new threshold 8 (max 8)
- age   1:     692536 bytes,     692536 total
- age   3:     936944 bytes,    1629480 total
- age   4:         32 bytes,    1629512 total
: 89240K->1778K(109248K), 0.0244123 secs] 258723K->171261K(502464K), 0.0244655 secs] [Times: user=0.09 sys=0.00, real=0.02 secs] 
Heap after GC invocations=281 (full 7):
 par new generation   total 109248K, used 1778K [0x00000000e0000000, 0x00000000e8000000, 0x00000000e8000000)
  eden space 87424K,   0% used [0x00000000e0000000, 0x00000000e0000000, 0x00000000e5560000)
  from space 21824K,   8% used [0x00000000e6ab0000, 0x00000000e6c6c8b8, 0x00000000e8000000)
  to   space 21824K,   0% used [0x00000000e5560000, 0x00000000e5560000, 0x00000000e6ab0000)
 concurrent mark-sweep generation total 393216K, used 169483K [0x00000000e8000000, 0x0000000100000000, 0x0000000100000000)
 Metaspace       used 32756K, capacity 33098K, committed 33432K, reserved 1079296K
  class space    used 3719K, capacity 3875K, committed 3992K, reserved 1048576K
}
2015-09-08T14:05:01.881+0200: 5836.932: Total time for which application threads were stopped: 0.0246549 seconds, Stopping threads took: 0.0000259 seconds
{Heap before GC invocations=281 (full 7):
 par new generation   total 109248K, used 89202K [0x00000000e0000000, 0x00000000e8000000, 0x00000000e8000000)
  eden space 87424K, 100% used [0x00000000e0000000, 0x00000000e5560000, 0x00000000e5560000)
  from space 21824K,   8% used [0x00000000e6ab0000, 0x00000000e6c6c8b8, 0x00000000e8000000)
  to   space 21824K,   0% used [0x00000000e5560000, 0x00000000e5560000, 0x00000000e6ab0000)
 concurrent mark-sweep generation total 393216K, used 169483K [0x00000000e8000000, 0x0000000100000000, 0x0000000100000000)
 Metaspace       used 32756K, capacity 33098K, committed 33432K, reserved 1079296K
  class space    used 3719K, capacity 3875K, committed 3992K, reserved 1048576K
2015-09-08T14:05:02.341+0200: 5837.392: [GC (Allocation Failure) 5837.392: [ParNew
Desired survivor size 20112992 bytes, new threshold 8 (max 8)
- age   1:     690968 bytes,     690968 total
- age   4:     936944 bytes,    1627912 total
- age   5:         32 bytes,    1627944 total
: 89202K->1962K(109248K), 0.0027165 secs] 258685K->171446K(502464K), 0.0027590 secs] [Times: user=0.00 sys=0.00, real=0.00 secs] 
Heap after GC invocations=282 (full 7):
 par new generation   total 109248K, used 1962K [0x00000000e0000000, 0x00000000e8000000, 0x00000000e8000000)
  eden space 87424K,   0% used [0x00000000e0000000, 0x00000000e0000000, 0x00000000e5560000)
  from space 21824K,   8% used [0x00000000e5560000, 0x00000000e574ab70, 0x00000000e6ab0000)
  to   space 21824K,   0% used [0x00000000e6ab0000, 0x00000000e6ab0000, 0x00000000e8000000)
 concurrent mark-sweep generation total 393216K, used 169483K [0x00000000e8000000, 0x0000000100000000, 0x0000000100000000)
 Metaspace       used 32756K, capacity 33098K, committed 33432K, reserved 1079296K
  class space    used 3719K, capacity 3875K, committed 3992K, reserved 1048576K
}
2015-09-08T14:05:02.344+0200: 5837.395: Total time for which application threads were stopped: 0.0029075 seconds, Stopping threads took: 0.0000144 seconds
{Heap before GC invocations=282 (full 7):
 par new generation   total 109248K, used 89386K [0x00000000e0000000, 0x00000000e8000000, 0x00000000e8000000)
  eden space 87424K, 100% used [0x00000000e0000000, 0x00000000e5560000, 0x00000000e5560000)
  from space 21824K,   8% used [0x00000000e5560000, 0x00000000e574ab70, 0x00000000e6ab0000)
  to   space 21824K,   0% used [0x00000000e6ab0000, 0x00000000e6ab0000, 0x00000000e8000000)
 concurrent mark-sweep generation total 393216K, used 169483K [0x00000000e8000000, 0x0000000100000000, 0x0000000100000000)
 Metaspace       used 32756K, capacity 33098K, committed 33432K, reserved 1079296K
  class space    used 3719K, capacity 3875K, committed 3992K, reserved 1048576K
2015-09-08T14:05:02.772+0200: 5837.823: [GC (Allocation Failure) 5837.823: [ParNew
Desired survivor size 20112992 bytes, new threshold 8 (max 8)
- age   1:     686392 bytes,     686392 total
- age   2:         32 bytes,     686424 total
- age   5:     936944 bytes,    1623368 total
- age   6:         32 bytes,    1623400 total
: 89386K->1882K(109248K), 0.0028285 secs] 258870K->171365K(502464K), 0.0028720 secs] [Times: user=0.00 sys=0.00, real=0.00 secs] 
Heap after GC invocations=283 (full 7):
 par new generation   total 109248K, used 1882K [0x00000000e0000000, 0x00000000e8000000, 0x00000000e8000000)
  eden space 87424K,   0% used [0x00000000e0000000, 0x00000000e0000000, 0x00000000e5560000)
  from space 21824K,   8% used [0x00000000e6ab0000, 0x00000000e6c868d8, 0x00000000e8000000)
  to   space 21824K,   0% used [0x00000000e5560000, 0x00000000e5560000, 0x00000000e6ab0000)
 concurrent mark-sweep generation total 393216K, used 169483K [0x00000000e8000000, 0x0000000100000000, 0x0000000100000000)
 Metaspace       used 32756K, capacity 33098K, committed 33432K, reserved 1079296K
  class space    used 3719K, capacity 3875K, committed 3992K, reserved 1048576K
}
2015-09-08T14:05:02.775+0200: 5837.825: Total time for which application threads were stopped: 0.0030240 seconds, Stopping threads took: 0.0000141 seconds
{Heap before GC invocations=283 (full 7):
 par new generation   total 109248K, used 89306K [0x00000000e0000000, 0x00000000e8000000, 0x00000000e8000000)
  eden space 87424K, 100% used [0x00000000e0000000, 0x00000000e5560000, 0x00000000e5560000)
  from space 21824K,   8% used [0x00000000e6ab0000, 0x00000000e6c868d8, 0x00000000e8000000)
  to   space 21824K,   0% used [0x00000000e5560000, 0x00000000e5560000, 0x00000000e6ab0000)
 concurrent mark-sweep generation total 393216K, used 169483K [0x00000000e8000000, 0x0000000100000000, 0x0000000100000000)
 Metaspace       used 32756K, capacity 33098K, committed 33432K, reserved 1079296K
  class space    used 3719K, capacity 3875K, committed 3992K, reserved 1048576K
2015-09-08T14:05:03.200+0200: 5838.251: [GC (Allocation Failure) 5838.251: [ParNew
Desired survivor size 20112992 bytes, new threshold 8 (max 8)
- age   1:     685656 bytes,     685656 total
- age   3:         32 bytes,     685688 total
- age   6:     936944 bytes,    1622632 total
- age   7:         32 bytes,    1622664 total
: 89306K->1754K(109248K), 0.0026867 secs] 258789K->171238K(502464K), 0.0027344 secs] [Times: user=0.02 sys=0.00, real=0.00 secs] 
Heap after GC invocations=284 (full 7):
 par new generation   total 109248K, used 1754K [0x00000000e0000000, 0x00000000e8000000, 0x00000000e8000000)
  eden space 87424K,   0% used [0x00000000e0000000, 0x00000000e0000000, 0x00000000e5560000)
  from space 21824K,   8% used [0x00000000e5560000, 0x00000000e5716b48, 0x00000000e6ab0000)
  to   space 21824K,   0% used [0x00000000e6ab0000, 0x00000000e6ab0000, 0x00000000e8000000)
 concurrent mark-sweep generation total 393216K, used 169483K [0x00000000e8000000, 0x0000000100000000, 0x0000000100000000)
 Metaspace       used 32756K, capacity 33098K, committed 33432K, reserved 1079296K
  class space    used 3719K, capacity 3875K, committed 3992K, reserved 1048576K
}
2015-09-08T14:05:03.203+0200: 5838.254: Total time for which application threads were stopped: 0.0028835 seconds, Stopping threads took: 0.0000138 seconds
{Heap before GC invocations=284 (full 7):
 par new generation   total 109248K, used 89178K [0x00000000e0000000, 0x00000000e8000000, 0x00000000e8000000)
  eden space 87424K, 100% used [0x00000000e0000000, 0x00000000e5560000, 0x00000000e5560000)
  from space 21824K,   8% used [0x00000000e5560000, 0x00000000e5716b48, 0x00000000e6ab0000)
  to   space 21824K,   0% used [0x00000000e6ab0000, 0x00000000e6ab0000, 0x00000000e8000000)
 concurrent mark-sweep generation total 393216K, used 169483K [0x00000000e8000000, 0x0000000100000000, 0x0000000100000000)
 Metaspace       used 32756K, capacity 33098K, committed 33432K, reserved 1079296K
  class space    used 3719K, capacity 3875K, committed 3992K, reserved 1048576K
2015-09-08T14:05:03.630+0200: 5838.680: [GC (Allocation Failure) 5838.680: [ParNew
Desired survivor size 20112992 bytes, new threshold 8 (max 8)
- age   1:     708048 bytes,     708048 total
- age   2:        880 bytes,     708928 total
- age   4:         32 bytes,     708960 total
- age   7:     936944 bytes,    1645904 total
- age   8:         32 bytes,    1645936 total
: 89178K->1973K(109248K), 0.0027171 secs] 258662K->171457K(502464K), 0.0027654 secs] [Times: user=0.00 sys=0.00, real=0.00 secs] 
Heap after GC invocations=285 (full 7):
 par new generation   total 109248K, used 1973K [0x00000000e0000000, 0x00000000e8000000, 0x00000000e8000000)
  eden space 87424K,   0% used [0x00000000e0000000, 0x00000000e0000000, 0x00000000e5560000)
  from space 21824K,   9% used [0x00000000e6ab0000, 0x00000000e6c9d768, 0x00000000e8000000)
  to   space 21824K,   0% used [0x00000000e5560000, 0x00000000e5560000, 0x00000000e6ab0000)
 concurrent mark-sweep generation total 393216K, used 169483K [0x00000000e8000000, 0x0000000100000000, 0x0000000100000000)
 Metaspace       used 32756K, capacity 33098K, committed 33432K, reserved 1079296K
  class space    used 3719K, capacity 3875K, committed 3992K, reserved 1048576K
}
2015-09-08T14:05:03.633+0200: 5838.683: Total time for which application threads were stopped: 0.0029184 seconds, Stopping threads took: 0.0000141 seconds
{Heap before GC invocations=285 (full 7):
 par new generation   total 109248K, used 89397K [0x00000000e0000000, 0x00000000e8000000, 0x00000000e8000000)
  eden space 87424K, 100% used [0x00000000e0000000, 0x00000000e5560000, 0x00000000e5560000)
  from space 21824K,   9% used [0x00000000e6ab0000, 0x00000000e6c9d768, 0x00000000e8000000)
  to   space 21824K,   0% used [0x00000000e5560000, 0x00000000e5560000, 0x00000000e6ab0000)
 concurrent mark-sweep generation total 393216K, used 169483K [0x00000000e8000000, 0x0000000100000000, 0x0000000100000000)
 Metaspace       used 32756K, capacity 33098K, committed 33432K, reserved 1079296K
  class space    used 3719K, capacity 3875K, committed 3992K, reserved 1048576K
2015-09-08T14:05:04.042+0200: 5839.093: [GC (Allocation Failure) 5839.093: [ParNew
Desired survivor size 20112992 bytes, new threshold 8 (max 8)
- age   1:     678480 bytes,     678480 total
- age   2:      20568 bytes,     699048 total
- age   3:        880 bytes,     699928 total
- age   5:         32 bytes,     699960 total
- age   8:     935768 bytes,    1635728 total
: 89397K->1850K(109248K), 0.0025875 secs] 258881K->171334K(502464K), 0.0026368 secs] [Times: user=0.00 sys=0.02, real=0.00 secs] 
Heap after GC invocations=286 (full 7):
 par new generation   total 109248K, used 1850K [0x00000000e0000000, 0x00000000e8000000, 0x00000000e8000000)
  eden space 87424K,   0% used [0x00000000e0000000, 0x00000000e0000000, 0x00000000e5560000)
  from space 21824K,   8% used [0x00000000e5560000, 0x00000000e572eac0, 0x00000000e6ab0000)
  to   space 21824K,   0% used [0x00000000e6ab0000, 0x00000000e6ab0000, 0x00000000e8000000)
 concurrent mark-sweep generation total 393216K, used 169483K [0x00000000e8000000, 0x0000000100000000, 0x0000000100000000)
 Metaspace       used 32756K, capacity 33098K, committed 33432K, reserved 1079296K
  class space    used 3719K, capacity 3875K, committed 3992K, reserved 1048576K
}
2015-09-08T14:05:04.045+0200: 5839.095: Total time for which application threads were stopped: 0.0027846 seconds, Stopping threads took: 0.0000141 seconds
{Heap before GC invocations=286 (full 7):
 par new generation   total 109248K, used 89274K [0x00000000e0000000, 0x00000000e8000000, 0x00000000e8000000)
  eden space 87424K, 100% used [0x00000000e0000000, 0x00000000e5560000, 0x00000000e5560000)
  from space 21824K,   8% used [0x00000000e5560000, 0x00000000e572eac0, 0x00000000e6ab0000)
  to   space 21824K,   0% used [0x00000000e6ab0000, 0x00000000e6ab0000, 0x00000000e8000000)
 concurrent mark-sweep generation total 393216K, used 169483K [0x00000000e8000000, 0x0000000100000000, 0x0000000100000000)
 Metaspace       used 32756K, capacity 33098K, committed 33432K, reserved 1079296K
  class space    used 3719K, capacity 3875K, committed 3992K, reserved 1048576K
2015-09-08T14:05:04.475+0200: 5839.526: [GC (Allocation Failure) 5839.526: [ParNew
Desired survivor size 20112992 bytes, new threshold 8 (max 8)
- age   1:     689072 bytes,     689072 total
- age   2:         96 bytes,     689168 total
- age   3:      20568 bytes,     709736 total
- age   4:        880 bytes,     710616 total
- age   6:         32 bytes,     710648 total
: 89274K->883K(109248K), 0.0027270 secs] 258758K->171281K(502464K), 0.0027747 secs] [Times: user=0.00 sys=0.00, real=0.00 secs] 
Heap after GC invocations=287 (full 7):
 par new generation   total 109248K, used 883K [0x00000000e0000000, 0x00000000e8000000, 0x00000000e8000000)
  eden space 87424K,   0% used [0x00000000e0000000, 0x00000000e0000000, 0x00000000e5560000)
  from space 21824K,   4% used [0x00000000e6ab0000, 0x00000000e6b8ce78, 0x00000000e8000000)
  to   space 21824K,   0% used [0x00000000e5560000, 0x00000000e5560000, 0x00000000e6ab0000)
 concurrent mark-sweep generation total 393216K, used 170397K [0x00000000e8000000, 0x0000000100000000, 0x0000000100000000)
 Metaspace       used 32756K, capacity 33098K, committed 33432K, reserved 1079296K
  class space    used 3719K, capacity 3875K, committed 3992K, reserved 1048576K
}
2015-09-08T14:05:04.478+0200: 5839.528: Total time for which application threads were stopped: 0.0029200 seconds, Stopping threads took: 0.0000147 seconds
{Heap before GC invocations=287 (full 7):
 par new generation   total 109248K, used 88307K [0x00000000e0000000, 0x00000000e8000000, 0x00000000e8000000)
  eden space 87424K, 100% used [0x00000000e0000000, 0x00000000e5560000, 0x00000000e5560000)
  from space 21824K,   4% used [0x00000000e6ab0000, 0x00000000e6b8ce78, 0x00000000e8000000)
  to   space 21824K,   0% used [0x00000000e5560000, 0x00000000e5560000, 0x00000000e6ab0000)
 concurrent mark-sweep generation total 393216K, used 170397K [0x00000000e8000000, 0x0000000100000000, 0x0000000100000000)
 Metaspace       used 32756K, capacity 33098K, committed 33432K, reserved 1079296K
  class space    used 3719K, capacity 3875K, committed 3992K, reserved 1048576K
2015-09-08T14:05:04.908+0200: 5839.959: [GC (Allocation Failure) 5839.959: [ParNew
Desired survivor size 20112992 bytes, new threshold 8 (max 8)
- age   1:     685840 bytes,     685840 total
- age   2:         96 bytes,     685936 total
- age   3:         96 bytes,     686032 total
- age   4:      20568 bytes,     706600 total
- age   5:        880 bytes,     707480 total
- age   7:         32 bytes,     707512 total
: 88307K->928K(109248K), 0.0026083 secs] 258705K->171325K(502464K), 0.0026557 secs] [Times: user=0.00 sys=0.00, real=0.00 secs] 
Heap after GC invocations=288 (full 7):
 par new generation   total 109248K, used 928K [0x00000000e0000000, 0x00000000e8000000, 0x00000000e8000000)
  eden space 87424K,   0% used [0x00000000e0000000, 0x00000000e0000000, 0x00000000e5560000)
  from space 21824K,   4% used [0x00000000e5560000, 0x00000000e5648020, 0x00000000e6ab0000)
  to   space 21824K,   0% used [0x00000000e6ab0000, 0x00000000e6ab0000, 0x00000000e8000000)
 concurrent mark-sweep generation total 393216K, used 170397K [0x00000000e8000000, 0x0000000100000000, 0x0000000100000000)
 Metaspace       used 32756K, capacity 33098K, committed 33432K, reserved 1079296K
  class space    used 3719K, capacity 3875K, committed 3992K, reserved 1048576K
}
2015-09-08T14:05:04.911+0200: 5839.962: Total time for which application threads were stopped: 0.0028022 seconds, Stopping threads took: 0.0000144 seconds
{Heap before GC invocations=288 (full 7):
 par new generation   total 109248K, used 88352K [0x00000000e0000000, 0x00000000e8000000, 0x00000000e8000000)
  eden space 87424K, 100% used [0x00000000e0000000, 0x00000000e5560000, 0x00000000e5560000)
  from space 21824K,   4% used [0x00000000e5560000, 0x00000000e5648020, 0x00000000e6ab0000)
  to   space 21824K,   0% used [0x00000000e6ab0000, 0x00000000e6ab0000, 0x00000000e8000000)
 concurrent mark-sweep generation total 393216K, used 170397K [0x00000000e8000000, 0x0000000100000000, 0x0000000100000000)
 Metaspace       used 32756K, capacity 33098K, committed 33432K, reserved 1079296K
  class space    used 3719K, capacity 3875K, committed 3992K, reserved 1048576K
2015-09-08T14:05:05.339+0200: 5840.390: [GC (Allocation Failure) 5840.390: [ParNew
Desired survivor size 20112992 bytes, new threshold 8 (max 8)
- age   1:     688272 bytes,     688272 total
- age   3:         96 bytes,     688368 total
- age   4:         96 bytes,     688464 total
- age   5:      20568 bytes,     709032 total
- age   6:        880 bytes,     709912 total
- age   8:         32 bytes,     709944 total
: 88352K->930K(109248K), 0.0025245 secs] 258749K->171328K(502464K), 0.0025709 secs] [Times: user=0.06 sys=0.00, real=0.00 secs] 
Heap after GC invocations=289 (full 7):
 par new generation   total 109248K, used 930K [0x00000000e0000000, 0x00000000e8000000, 0x00000000e8000000)
  eden space 87424K,   0% used [0x00000000e0000000, 0x00000000e0000000, 0x00000000e5560000)
  from space 21824K,   4% used [0x00000000e6ab0000, 0x00000000e6b98bc0, 0x00000000e8000000)
  to   space 21824K,   0% used [0x00000000e5560000, 0x00000000e5560000, 0x00000000e6ab0000)
 concurrent mark-sweep generation total 393216K, used 170397K [0x00000000e8000000, 0x0000000100000000, 0x0000000100000000)
 Metaspace       used 32756K, capacity 33098K, committed 33432K, reserved 1079296K
  class space    used 3719K, capacity 3875K, committed 3992K, reserved 1048576K
}
2015-09-08T14:05:05.342+0200: 5840.392: Total time for which application threads were stopped: 0.0027235 seconds, Stopping threads took: 0.0000141 seconds
2015-09-08T14:05:05.827+0200: 5840.878: Total time for which application threads were stopped: 0.0000650 seconds, Stopping threads took: 0.0000144 seconds
{Heap before GC invocations=289 (full 7):
 par new generation   total 109248K, used 88354K [0x00000000e0000000, 0x00000000e8000000, 0x00000000e8000000)
  eden space 87424K, 100% used [0x00000000e0000000, 0x00000000e5560000, 0x00000000e5560000)
  from space 21824K,   4% used [0x00000000e6ab0000, 0x00000000e6b98bc0, 0x00000000e8000000)
  to   space 21824K,   0% used [0x00000000e5560000, 0x00000000e5560000, 0x00000000e6ab0000)
 concurrent mark-sweep generation total 393216K, used 170397K [0x00000000e8000000, 0x0000000100000000, 0x0000000100000000)
 Metaspace       used 32759K, capacity 33098K, committed 33432K, reserved 1079296K
  class space    used 3719K, capacity 3875K, committed 3992K, reserved 1048576K
2015-09-08T14:05:06.227+0200: 5841.278: [GC (Allocation Failure) 5841.278: [ParNew
Desired survivor size 20112992 bytes, new threshold 8 (max 8)
- age   1:    1588904 bytes,    1588904 total
- age   2:        872 bytes,    1589776 total
- age   4:         96 bytes,    1589872 total
- age   5:         96 bytes,    1589968 total
- age   6:      20568 bytes,    1610536 total
- age   7:        880 bytes,    1611416 total
: 88354K->1755K(109248K), 0.0023597 secs] 258752K->172153K(502464K), 0.0024701 secs] [Times: user=0.05 sys=0.00, real=0.00 secs] 
Heap after GC invocations=290 (full 7):
 par new generation   total 109248K, used 1755K [0x00000000e0000000, 0x00000000e8000000, 0x00000000e8000000)
  eden space 87424K,   0% used [0x00000000e0000000, 0x00000000e0000000, 0x00000000e5560000)
  from space 21824K,   8% used [0x00000000e5560000, 0x00000000e5716fa8, 0x00000000e6ab0000)
  to   space 21824K,   0% used [0x00000000e6ab0000, 0x00000000e6ab0000, 0x00000000e8000000)
 concurrent mark-sweep generation total 393216K, used 170397K [0x00000000e8000000, 0x0000000100000000, 0x0000000100000000)
 Metaspace       used 32759K, capacity 33098K, committed 33432K, reserved 1079296K
  class space    used 3719K, capacity 3875K, committed 3992K, reserved 1048576K
}
2015-09-08T14:05:06.229+0200: 5841.280: Total time for which application threads were stopped: 0.0026217 seconds, Stopping threads took: 0.0000157 seconds
{Heap before GC invocations=290 (full 7):
 par new generation   total 109248K, used 89179K [0x00000000e0000000, 0x00000000e8000000, 0x00000000e8000000)
  eden space 87424K, 100% used [0x00000000e0000000, 0x00000000e5560000, 0x00000000e5560000)
  from space 21824K,   8% used [0x00000000e5560000, 0x00000000e5716fa8, 0x00000000e6ab0000)
  to   space 21824K,   0% used [0x00000000e6ab0000, 0x00000000e6ab0000, 0x00000000e8000000)
 concurrent mark-sweep generation total 393216K, used 170397K [0x00000000e8000000, 0x0000000100000000, 0x0000000100000000)
 Metaspace       used 32759K, capacity 33098K, committed 33432K, reserved 1079296K
  class space    used 3719K, capacity 3875K, committed 3992K, reserved 1048576K
2015-09-08T14:05:06.668+0200: 5841.719: [GC (Allocation Failure) 5841.719: [ParNew
Desired survivor size 20112992 bytes, new threshold 8 (max 8)
- age   1:     682776 bytes,     682776 total
- age   2:     906240 bytes,    1589016 total
- age   3:        872 bytes,    1589888 total
- age   5:         96 bytes,    1589984 total
- age   6:         96 bytes,    1590080 total
- age   7:      20568 bytes,    1610648 total
- age   8:        880 bytes,    1611528 total
: 89179K->1800K(109248K), 0.0020070 secs] 259577K->172198K(502464K), 0.0020531 secs] [Times: user=0.00 sys=0.00, real=0.00 secs] 
Heap after GC invocations=291 (full 7):
 par new generation   total 109248K, used 1800K [0x00000000e0000000, 0x00000000e8000000, 0x00000000e8000000)
  eden space 87424K,   0% used [0x00000000e0000000, 0x00000000e0000000, 0x00000000e5560000)
  from space 21824K,   8% used [0x00000000e6ab0000, 0x00000000e6c722f8, 0x00000000e8000000)
  to   space 21824K,   0% used [0x00000000e5560000, 0x00000000e5560000, 0x00000000e6ab0000)
 concurrent mark-sweep generation total 393216K, used 170397K [0x00000000e8000000, 0x0000000100000000, 0x0000000100000000)
 Metaspace       used 32759K, capacity 33098K, committed 33432K, reserved 1079296K
  class space    used 3719K, capacity 3875K, committed 3992K, reserved 1048576K
}
2015-09-08T14:05:06.670+0200: 5841.721: Total time for which application threads were stopped: 0.0022083 seconds, Stopping threads took: 0.0000147 seconds
{Heap before GC invocations=291 (full 7):
 par new generation   total 109248K, used 89224K [0x00000000e0000000, 0x00000000e8000000, 0x00000000e8000000)
  eden space 87424K, 100% used [0x00000000e0000000, 0x00000000e5560000, 0x00000000e5560000)
  from space 21824K,   8% used [0x00000000e6ab0000, 0x00000000e6c722f8, 0x00000000e8000000)
  to   space 21824K,   0% used [0x00000000e5560000, 0x00000000e5560000, 0x00000000e6ab0000)
 concurrent mark-sweep generation total 393216K, used 170397K [0x00000000e8000000, 0x0000000100000000, 0x0000000100000000)
 Metaspace       used 32759K, capacity 33098K, committed 33432K, reserved 1079296K
  class space    used 3719K, capacity 3875K, committed 3992K, reserved 1048576K
2015-09-08T14:05:07.106+0200: 5842.157: [GC (Allocation Failure) 5842.157: [ParNew
Desired survivor size 20112992 bytes, new threshold 8 (max 8)
- age   1:     693536 bytes,     693536 total
- age   3:     906240 bytes,    1599776 total
- age   4:        872 bytes,    1600648 total
- age   6:         96 bytes,    1600744 total
- age   7:         96 bytes,    1600840 total
- age   8:      20568 bytes,    1621408 total
: 89224K->1709K(109248K), 0.0027664 secs] 259622K->172108K(502464K), 0.0028137 secs] [Times: user=0.00 sys=0.00, real=0.00 secs] 
Heap after GC invocations=292 (full 7):
 par new generation   total 109248K, used 1709K [0x00000000e0000000, 0x00000000e8000000, 0x00000000e8000000)
  eden space 87424K,   0% used [0x00000000e0000000, 0x00000000e0000000, 0x00000000e5560000)
  from space 21824K,   7% used [0x00000000e5560000, 0x00000000e570b7d8, 0x00000000e6ab0000)
  to   space 21824K,   0% used [0x00000000e6ab0000, 0x00000000e6ab0000, 0x00000000e8000000)
 concurrent mark-sweep generation total 393216K, used 170398K [0x00000000e8000000, 0x0000000100000000, 0x0000000100000000)
 Metaspace       used 32759K, capacity 33098K, committed 33432K, reserved 1079296K
  class space    used 3719K, capacity 3875K, committed 3992K, reserved 1048576K
}
2015-09-08T14:05:07.109+0200: 5842.160: Total time for which application threads were stopped: 0.0029744 seconds, Stopping threads took: 0.0000154 seconds
{Heap before GC invocations=292 (full 7):
 par new generation   total 109248K, used 89133K [0x00000000e0000000, 0x00000000e8000000, 0x00000000e8000000)
  eden space 87424K, 100% used [0x00000000e0000000, 0x00000000e5560000, 0x00000000e5560000)
  from space 21824K,   7% used [0x00000000e5560000, 0x00000000e570b7d8, 0x00000000e6ab0000)
  to   space 21824K,   0% used [0x00000000e6ab0000, 0x00000000e6ab0000, 0x00000000e8000000)
 concurrent mark-sweep generation total 393216K, used 170398K [0x00000000e8000000, 0x0000000100000000, 0x0000000100000000)
 Metaspace       used 32759K, capacity 33098K, committed 33432K, reserved 1079296K
  class space    used 3719K, capacity 3875K, committed 3992K, reserved 1048576K
2015-09-08T14:05:07.548+0200: 5842.599: [GC (Allocation Failure) 5842.599: [ParNew
Desired survivor size 20112992 bytes, new threshold 8 (max 8)
- age   1:     690696 bytes,     690696 total
- age   4:     906240 bytes,    1596936 total
- age   5:        872 bytes,    1597808 total
- age   7:         96 bytes,    1597904 total
- age   8:         96 bytes,    1598000 total
: 89133K->1837K(109248K), 0.0024448 secs] 259532K->172255K(502464K), 0.0024889 secs] [Times: user=0.00 sys=0.00, real=0.00 secs] 
Heap after GC invocations=293 (full 7):
 par new generation   total 109248K, used 1837K [0x00000000e0000000, 0x00000000e8000000, 0x00000000e8000000)
  eden space 87424K,   0% used [0x00000000e0000000, 0x00000000e0000000, 0x00000000e5560000)
  from space 21824K,   8% used [0x00000000e6ab0000, 0x00000000e6c7b4a8, 0x00000000e8000000)
  to   space 21824K,   0% used [0x00000000e5560000, 0x00000000e5560000, 0x00000000e6ab0000)
 concurrent mark-sweep generation total 393216K, used 170418K [0x00000000e8000000, 0x0000000100000000, 0x0000000100000000)
 Metaspace       used 32759K, capacity 33098K, committed 33432K, reserved 1079296K
  class space    used 3719K, capacity 3875K, committed 3992K, reserved 1048576K
}
2015-09-08T14:05:07.551+0200: 5842.602: Total time for which application threads were stopped: 0.0026454 seconds, Stopping threads took: 0.0000147 seconds
{Heap before GC invocations=293 (full 7):
 par new generation   total 109248K, used 89261K [0x00000000e0000000, 0x00000000e8000000, 0x00000000e8000000)
  eden space 87424K, 100% used [0x00000000e0000000, 0x00000000e5560000, 0x00000000e5560000)
  from space 21824K,   8% used [0x00000000e6ab0000, 0x00000000e6c7b4a8, 0x00000000e8000000)
  to   space 21824K,   0% used [0x00000000e5560000, 0x00000000e5560000, 0x00000000e6ab0000)
 concurrent mark-sweep generation total 393216K, used 170418K [0x00000000e8000000, 0x0000000100000000, 0x0000000100000000)
 Metaspace       used 32759K, capacity 33098K, committed 33432K, reserved 1079296K
  class space    used 3719K, capacity 3875K, committed 3992K, reserved 1048576K
2015-09-08T14:05:08.336+0200: 5843.387: [GC (Allocation Failure) 5843.387: [ParNew
Desired survivor size 20112992 bytes, new threshold 8 (max 8)
- age   1:     686560 bytes,     686560 total
- age   5:     906240 bytes,    1592800 total
- age   6:        872 bytes,    1593672 total
- age   8:         96 bytes,    1593768 total
: 89261K->1712K(109248K), 0.0026813 secs] 259679K->172131K(502464K), 0.0027248 secs] [Times: user=0.00 sys=0.00, real=0.00 secs] 
Heap after GC invocations=294 (full 7):
 par new generation   total 109248K, used 1712K [0x00000000e0000000, 0x00000000e8000000, 0x00000000e8000000)
  eden space 87424K,   0% used [0x00000000e0000000, 0x00000000e0000000, 0x00000000e5560000)
  from space 21824K,   7% used [0x00000000e5560000, 0x00000000e570c0d8, 0x00000000e6ab0000)
  to   space 21824K,   0% used [0x00000000e6ab0000, 0x00000000e6ab0000, 0x00000000e8000000)
 concurrent mark-sweep generation total 393216K, used 170418K [0x00000000e8000000, 0x0000000100000000, 0x0000000100000000)
 Metaspace       used 32759K, capacity 33098K, committed 33432K, reserved 1079296K
  class space    used 3719K, capacity 3875K, committed 3992K, reserved 1048576K
}
2015-09-08T14:05:08.339+0200: 5843.390: Total time for which application threads were stopped: 0.0028761 seconds, Stopping threads took: 0.0000141 seconds
{Heap before GC invocations=294 (full 7):
 par new generation   total 109248K, used 89136K [0x00000000e0000000, 0x00000000e8000000, 0x00000000e8000000)
  eden space 87424K, 100% used [0x00000000e0000000, 0x00000000e5560000, 0x00000000e5560000)
  from space 21824K,   7% used [0x00000000e5560000, 0x00000000e570c0d8, 0x00000000e6ab0000)
  to   space 21824K,   0% used [0x00000000e6ab0000, 0x00000000e6ab0000, 0x00000000e8000000)
 concurrent mark-sweep generation total 393216K, used 170418K [0x00000000e8000000, 0x0000000100000000, 0x0000000100000000)
 Metaspace       used 32759K, capacity 33098K, committed 33432K, reserved 1079296K
  class space    used 3719K, capacity 3875K, committed 3992K, reserved 1048576K
2015-09-08T14:05:08.776+0200: 5843.827: [GC (Allocation Failure) 5843.827: [ParNew
Desired survivor size 20112992 bytes, new threshold 8 (max 8)
- age   1:     684856 bytes,     684856 total
- age   2:         32 bytes,     684888 total
- age   6:     906240 bytes,    1591128 total
- age   7:        872 bytes,    1592000 total
: 89136K->1807K(109248K), 0.0119055 secs] 259555K->172226K(502464K), 0.0119596 secs] [Times: user=0.05 sys=0.00, real=0.01 secs] 
Heap after GC invocations=295 (full 7):
 par new generation   total 109248K, used 1807K [0x00000000e0000000, 0x00000000e8000000, 0x00000000e8000000)
  eden space 87424K,   0% used [0x00000000e0000000, 0x00000000e0000000, 0x00000000e5560000)
  from space 21824K,   8% used [0x00000000e6ab0000, 0x00000000e6c73cd8, 0x00000000e8000000)
  to   space 21824K,   0% used [0x00000000e5560000, 0x00000000e5560000, 0x00000000e6ab0000)
 concurrent mark-sweep generation total 393216K, used 170418K [0x00000000e8000000, 0x0000000100000000, 0x0000000100000000)
 Metaspace       used 32759K, capacity 33098K, committed 33432K, reserved 1079296K
  class space    used 3719K, capacity 3875K, committed 3992K, reserved 1048576K
}
2015-09-08T14:05:08.788+0200: 5843.839: Total time for which application threads were stopped: 0.0121170 seconds, Stopping threads took: 0.0000157 seconds
{Heap before GC invocations=295 (full 7):
 par new generation   total 109248K, used 89231K [0x00000000e0000000, 0x00000000e8000000, 0x00000000e8000000)
  eden space 87424K, 100% used [0x00000000e0000000, 0x00000000e5560000, 0x00000000e5560000)
  from space 21824K,   8% used [0x00000000e6ab0000, 0x00000000e6c73cd8, 0x00000000e8000000)
  to   space 21824K,   0% used [0x00000000e5560000, 0x00000000e5560000, 0x00000000e6ab0000)
 concurrent mark-sweep generation total 393216K, used 170418K [0x00000000e8000000, 0x0000000100000000, 0x0000000100000000)
 Metaspace       used 32759K, capacity 33098K, committed 33432K, reserved 1079296K
  class space    used 3719K, capacity 3875K, committed 3992K, reserved 1048576K
2015-09-08T14:05:10.938+0200: 5845.989: [GC (Allocation Failure) 5845.989: [ParNew
Desired survivor size 20112992 bytes, new threshold 8 (max 8)
- age   1:     681632 bytes,     681632 total
- age   7:     906240 bytes,    1587872 total
- age   8:        872 bytes,    1588744 total
: 89231K->1697K(109248K), 0.0022105 secs] 259650K->172116K(502464K), 0.0022537 secs] [Times: user=0.00 sys=0.00, real=0.00 secs] 
Heap after GC invocations=296 (full 7):
 par new generation   total 109248K, used 1697K [0x00000000e0000000, 0x00000000e8000000, 0x00000000e8000000)
  eden space 87424K,   0% used [0x00000000e0000000, 0x00000000e0000000, 0x00000000e5560000)
  from space 21824K,   7% used [0x00000000e5560000, 0x00000000e5708718, 0x00000000e6ab0000)
  to   space 21824K,   0% used [0x00000000e6ab0000, 0x00000000e6ab0000, 0x00000000e8000000)
 concurrent mark-sweep generation total 393216K, used 170418K [0x00000000e8000000, 0x0000000100000000, 0x0000000100000000)
 Metaspace       used 32759K, capacity 33098K, committed 33432K, reserved 1079296K
  class space    used 3719K, capacity 3875K, committed 3992K, reserved 1048576K
}
2015-09-08T14:05:10.940+0200: 5845.991: Total time for which application threads were stopped: 0.0024000 seconds, Stopping threads took: 0.0000147 seconds
{Heap before GC invocations=296 (full 7):
 par new generation   total 109248K, used 89121K [0x00000000e0000000, 0x00000000e8000000, 0x00000000e8000000)
  eden space 87424K, 100% used [0x00000000e0000000, 0x00000000e5560000, 0x00000000e5560000)
  from space 21824K,   7% used [0x00000000e5560000, 0x00000000e5708718, 0x00000000e6ab0000)
  to   space 21824K,   0% used [0x00000000e6ab0000, 0x00000000e6ab0000, 0x00000000e8000000)
 concurrent mark-sweep generation total 393216K, used 170418K [0x00000000e8000000, 0x0000000100000000, 0x0000000100000000)
 Metaspace       used 32759K, capacity 33098K, committed 33432K, reserved 1079296K
  class space    used 3719K, capacity 3875K, committed 3992K, reserved 1048576K
2015-09-08T14:05:11.371+0200: 5846.422: [GC (Allocation Failure) 5846.422: [ParNew
Desired survivor size 20112992 bytes, new threshold 8 (max 8)
- age   1:     690592 bytes,     690592 total
- age   2:        224 bytes,     690816 total
- age   8:     906240 bytes,    1597056 total
: 89121K->1799K(109248K), 0.0021606 secs] 259540K->172218K(502464K), 0.0022112 secs] [Times: user=0.00 sys=0.00, real=0.00 secs] 
Heap after GC invocations=297 (full 7):
 par new generation   total 109248K, used 1799K [0x00000000e0000000, 0x00000000e8000000, 0x00000000e8000000)
  eden space 87424K,   0% used [0x00000000e0000000, 0x00000000e0000000, 0x00000000e5560000)
  from space 21824K,   8% used [0x00000000e6ab0000, 0x00000000e6c71c08, 0x00000000e8000000)
  to   space 21824K,   0% used [0x00000000e5560000, 0x00000000e5560000, 0x00000000e6ab0000)
 concurrent mark-sweep generation total 393216K, used 170419K [0x00000000e8000000, 0x0000000100000000, 0x0000000100000000)
 Metaspace       used 32759K, capacity 33098K, committed 33432K, reserved 1079296K
  class space    used 3719K, capacity 3875K, committed 3992K, reserved 1048576K
}
2015-09-08T14:05:11.373+0200: 5846.424: Total time for which application threads were stopped: 0.0023613 seconds, Stopping threads took: 0.0000144 seconds
{Heap before GC invocations=297 (full 7):
 par new generation   total 109248K, used 89223K [0x00000000e0000000, 0x00000000e8000000, 0x00000000e8000000)
  eden space 87424K, 100% used [0x00000000e0000000, 0x00000000e5560000, 0x00000000e5560000)
  from space 21824K,   8% used [0x00000000e6ab0000, 0x00000000e6c71c08, 0x00000000e8000000)
  to   space 21824K,   0% used [0x00000000e5560000, 0x00000000e5560000, 0x00000000e6ab0000)
 concurrent mark-sweep generation total 393216K, used 170419K [0x00000000e8000000, 0x0000000100000000, 0x0000000100000000)
 Metaspace       used 32759K, capacity 33098K, committed 33432K, reserved 1079296K
  class space    used 3719K, capacity 3875K, committed 3992K, reserved 1048576K
2015-09-08T14:05:11.804+0200: 5846.855: [GC (Allocation Failure) 5846.855: [ParNew
Desired survivor size 20112992 bytes, new threshold 8 (max 8)
- age   1:     685848 bytes,     685848 total
- age   3:        224 bytes,     686072 total
: 89223K->957K(109248K), 0.0052185 secs] 259642K->172262K(502464K), 0.0052668 secs] [Times: user=0.00 sys=0.00, real=0.01 secs] 
Heap after GC invocations=298 (full 7):
 par new generation   total 109248K, used 957K [0x00000000e0000000, 0x00000000e8000000, 0x00000000e8000000)
  eden space 87424K,   0% used [0x00000000e0000000, 0x00000000e0000000, 0x00000000e5560000)
  from space 21824K,   4% used [0x00000000e5560000, 0x00000000e564f730, 0x00000000e6ab0000)
  to   space 21824K,   0% used [0x00000000e6ab0000, 0x00000000e6ab0000, 0x00000000e8000000)
 concurrent mark-sweep generation total 393216K, used 171304K [0x00000000e8000000, 0x0000000100000000, 0x0000000100000000)
 Metaspace       used 32759K, capacity 33098K, committed 33432K, reserved 1079296K
  class space    used 3719K, capacity 3875K, committed 3992K, reserved 1048576K
}
2015-09-08T14:05:11.809+0200: 5846.860: Total time for which application threads were stopped: 0.0054156 seconds, Stopping threads took: 0.0000147 seconds
{Heap before GC invocations=298 (full 7):
 par new generation   total 109248K, used 88381K [0x00000000e0000000, 0x00000000e8000000, 0x00000000e8000000)
  eden space 87424K, 100% used [0x00000000e0000000, 0x00000000e5560000, 0x00000000e5560000)
  from space 21824K,   4% used [0x00000000e5560000, 0x00000000e564f730, 0x00000000e6ab0000)
  to   space 21824K,   0% used [0x00000000e6ab0000, 0x00000000e6ab0000, 0x00000000e8000000)
 concurrent mark-sweep generation total 393216K, used 171304K [0x00000000e8000000, 0x0000000100000000, 0x0000000100000000)
 Metaspace       used 32759K, capacity 33098K, committed 33432K, reserved 1079296K
  class space    used 3719K, capacity 3875K, committed 3992K, reserved 1048576K
2015-09-08T14:05:12.235+0200: 5847.286: [GC (Allocation Failure) 5847.286: [ParNew
Desired survivor size 20112992 bytes, new threshold 8 (max 8)
- age   1:     686520 bytes,     686520 total
- age   4:        224 bytes,     686744 total
: 88381K->804K(109248K), 0.0025856 secs] 259686K->172109K(502464K), 0.0026297 secs] [Times: user=0.00 sys=0.00, real=0.00 secs] 
Heap after GC invocations=299 (full 7):
 par new generation   total 109248K, used 804K [0x00000000e0000000, 0x00000000e8000000, 0x00000000e8000000)
  eden space 87424K,   0% used [0x00000000e0000000, 0x00000000e0000000, 0x00000000e5560000)
  from space 21824K,   3% used [0x00000000e6ab0000, 0x00000000e6b792e8, 0x00000000e8000000)
  to   space 21824K,   0% used [0x00000000e5560000, 0x00000000e5560000, 0x00000000e6ab0000)
 concurrent mark-sweep generation total 393216K, used 171304K [0x00000000e8000000, 0x0000000100000000, 0x0000000100000000)
 Metaspace       used 32759K, capacity 33098K, committed 33432K, reserved 1079296K
  class space    used 3719K, capacity 3875K, committed 3992K, reserved 1048576K
}
2015-09-08T14:05:12.238+0200: 5847.289: Total time for which application threads were stopped: 0.0027843 seconds, Stopping threads took: 0.0000144 seconds
{Heap before GC invocations=299 (full 7):
 par new generation   total 109248K, used 88228K [0x00000000e0000000, 0x00000000e8000000, 0x00000000e8000000)
  eden space 87424K, 100% used [0x00000000e0000000, 0x00000000e5560000, 0x00000000e5560000)
  from space 21824K,   3% used [0x00000000e6ab0000, 0x00000000e6b792e8, 0x00000000e8000000)
  to   space 21824K,   0% used [0x00000000e5560000, 0x00000000e5560000, 0x00000000e6ab0000)
 concurrent mark-sweep generation total 393216K, used 171304K [0x00000000e8000000, 0x0000000100000000, 0x0000000100000000)
 Metaspace       used 32761K, capacity 33098K, committed 33432K, reserved 1079296K
  class space    used 3719K, capacity 3875K, committed 3992K, reserved 1048576K
2015-09-08T14:05:42.048+0200: 5877.099: [GC (Allocation Failure) 5877.099: [ParNew
Desired survivor size 20112992 bytes, new threshold 8 (max 8)
- age   1:    1590720 bytes,    1590720 total
- age   5:         32 bytes,    1590752 total
: 88228K->1884K(109248K), 0.0075241 secs] 259533K->173189K(502464K), 0.0075769 secs] [Times: user=0.00 sys=0.00, real=0.01 secs] 
Heap after GC invocations=300 (full 7):
 par new generation   total 109248K, used 1884K [0x00000000e0000000, 0x00000000e8000000, 0x00000000e8000000)
  eden space 87424K,   0% used [0x00000000e0000000, 0x00000000e0000000, 0x00000000e5560000)
  from space 21824K,   8% used [0x00000000e5560000, 0x00000000e5737070, 0x00000000e6ab0000)
  to   space 21824K,   0% used [0x00000000e6ab0000, 0x00000000e6ab0000, 0x00000000e8000000)
 concurrent mark-sweep generation total 393216K, used 171304K [0x00000000e8000000, 0x0000000100000000, 0x0000000100000000)
 Metaspace       used 32761K, capacity 33098K, committed 33432K, reserved 1079296K
  class space    used 3719K, capacity 3875K, committed 3992K, reserved 1048576K
}
2015-09-08T14:05:42.056+0200: 5877.107: Total time for which application threads were stopped: 0.0077388 seconds, Stopping threads took: 0.0000141 seconds
{Heap before GC invocations=300 (full 7):
 par new generation   total 109248K, used 89308K [0x00000000e0000000, 0x00000000e8000000, 0x00000000e8000000)
  eden space 87424K, 100% used [0x00000000e0000000, 0x00000000e5560000, 0x00000000e5560000)
  from space 21824K,   8% used [0x00000000e5560000, 0x00000000e5737070, 0x00000000e6ab0000)
  to   space 21824K,   0% used [0x00000000e6ab0000, 0x00000000e6ab0000, 0x00000000e8000000)
 concurrent mark-sweep generation total 393216K, used 171304K [0x00000000e8000000, 0x0000000100000000, 0x0000000100000000)
 Metaspace       used 32761K, capacity 33098K, committed 33432K, reserved 1079296K
  class space    used 3719K, capacity 3875K, committed 3992K, reserved 1048576K
2015-09-08T14:05:42.488+0200: 5877.539: [GC (Allocation Failure) 5877.539: [ParNew
Desired survivor size 20112992 bytes, new threshold 8 (max 8)
- age   1:     688200 bytes,     688200 total
- age   2:     906632 bytes,    1594832 total
: 89308K->1673K(109248K), 0.0026502 secs] 260613K->172978K(502464K), 0.0026902 secs] [Times: user=0.00 sys=0.00, real=0.00 secs] 
Heap after GC invocations=301 (full 7):
 par new generation   total 109248K, used 1673K [0x00000000e0000000, 0x00000000e8000000, 0x00000000e8000000)
  eden space 87424K,   0% used [0x00000000e0000000, 0x00000000e0000000, 0x00000000e5560000)
  from space 21824K,   7% used [0x00000000e6ab0000, 0x00000000e6c52498, 0x00000000e8000000)
  to   space 21824K,   0% used [0x00000000e5560000, 0x00000000e5560000, 0x00000000e6ab0000)
 concurrent mark-sweep generation total 393216K, used 171304K [0x00000000e8000000, 0x0000000100000000, 0x0000000100000000)
 Metaspace       used 32761K, capacity 33098K, committed 33432K, reserved 1079296K
  class space    used 3719K, capacity 3875K, committed 3992K, reserved 1048576K
}
2015-09-08T14:05:42.491+0200: 5877.542: Total time for which application threads were stopped: 0.0028662 seconds, Stopping threads took: 0.0000240 seconds
{Heap before GC invocations=301 (full 7):
 par new generation   total 109248K, used 89097K [0x00000000e0000000, 0x00000000e8000000, 0x00000000e8000000)
  eden space 87424K, 100% used [0x00000000e0000000, 0x00000000e5560000, 0x00000000e5560000)
  from space 21824K,   7% used [0x00000000e6ab0000, 0x00000000e6c52498, 0x00000000e8000000)
  to   space 21824K,   0% used [0x00000000e5560000, 0x00000000e5560000, 0x00000000e6ab0000)
 concurrent mark-sweep generation total 393216K, used 171304K [0x00000000e8000000, 0x0000000100000000, 0x0000000100000000)
 Metaspace       used 32761K, capacity 33098K, committed 33432K, reserved 1079296K
  class space    used 3719K, capacity 3875K, committed 3992K, reserved 1048576K
2015-09-08T14:05:42.914+0200: 5877.965: [GC (Allocation Failure) 5877.965: [ParNew
Desired survivor size 20112992 bytes, new threshold 8 (max 8)
- age   1:     686904 bytes,     686904 total
- age   2:         32 bytes,     686936 total
- age   3:     906632 bytes,    1593568 total
: 89097K->1959K(109248K), 0.0026653 secs] 260402K->173264K(502464K), 0.0027072 secs] [Times: user=0.00 sys=0.00, real=0.00 secs] 
Heap after GC invocations=302 (full 7):
 par new generation   total 109248K, used 1959K [0x00000000e0000000, 0x00000000e8000000, 0x00000000e8000000)
  eden space 87424K,   0% used [0x00000000e0000000, 0x00000000e0000000, 0x00000000e5560000)
  from space 21824K,   8% used [0x00000000e5560000, 0x00000000e5749fd8, 0x00000000e6ab0000)
  to   space 21824K,   0% used [0x00000000e6ab0000, 0x00000000e6ab0000, 0x00000000e8000000)
 concurrent mark-sweep generation total 393216K, used 171304K [0x00000000e8000000, 0x0000000100000000, 0x0000000100000000)
 Metaspace       used 32761K, capacity 33098K, committed 33432K, reserved 1079296K
  class space    used 3719K, capacity 3875K, committed 3992K, reserved 1048576K
}
2015-09-08T14:05:42.917+0200: 5877.968: Total time for which application threads were stopped: 0.0028544 seconds, Stopping threads took: 0.0000144 seconds
{Heap before GC invocations=302 (full 7):
 par new generation   total 109248K, used 89383K [0x00000000e0000000, 0x00000000e8000000, 0x00000000e8000000)
  eden space 87424K, 100% used [0x00000000e0000000, 0x00000000e5560000, 0x00000000e5560000)
  from space 21824K,   8% used [0x00000000e5560000, 0x00000000e5749fd8, 0x00000000e6ab0000)
  to   space 21824K,   0% used [0x00000000e6ab0000, 0x00000000e6ab0000, 0x00000000e8000000)
 concurrent mark-sweep generation total 393216K, used 171304K [0x00000000e8000000, 0x0000000100000000, 0x0000000100000000)
 Metaspace       used 32761K, capacity 33098K, committed 33432K, reserved 1079296K
  class space    used 3719K, capacity 3875K, committed 3992K, reserved 1048576K
2015-09-08T14:05:44.827+0200: 5879.878: [GC (Allocation Failure) 5879.878: [ParNew
Desired survivor size 20112992 bytes, new threshold 8 (max 8)
- age   1:     688504 bytes,     688504 total
- age   4:     906472 bytes,    1594976 total
: 89383K->1771K(109248K), 0.0027670 secs] 260688K->173076K(502464K), 0.0028089 secs] [Times: user=0.00 sys=0.00, real=0.00 secs] 
Heap after GC invocations=303 (full 7):
 par new generation   total 109248K, used 1771K [0x00000000e0000000, 0x00000000e8000000, 0x00000000e8000000)
  eden space 87424K,   0% used [0x00000000e0000000, 0x00000000e0000000, 0x00000000e5560000)
  from space 21824K,   8% used [0x00000000e6ab0000, 0x00000000e6c6aef8, 0x00000000e8000000)
  to   space 21824K,   0% used [0x00000000e5560000, 0x00000000e5560000, 0x00000000e6ab0000)
 concurrent mark-sweep generation total 393216K, used 171304K [0x00000000e8000000, 0x0000000100000000, 0x0000000100000000)
 Metaspace       used 32761K, capacity 33098K, committed 33432K, reserved 1079296K
  class space    used 3719K, capacity 3875K, committed 3992K, reserved 1048576K
}
2015-09-08T14:05:44.830+0200: 5879.881: Total time for which application threads were stopped: 0.0029609 seconds, Stopping threads took: 0.0000144 seconds
{Heap before GC invocations=303 (full 7):
 par new generation   total 109248K, used 89195K [0x00000000e0000000, 0x00000000e8000000, 0x00000000e8000000)
  eden space 87424K, 100% used [0x00000000e0000000, 0x00000000e5560000, 0x00000000e5560000)
  from space 21824K,   8% used [0x00000000e6ab0000, 0x00000000e6c6aef8, 0x00000000e8000000)
  to   space 21824K,   0% used [0x00000000e5560000, 0x00000000e5560000, 0x00000000e6ab0000)
 concurrent mark-sweep generation total 393216K, used 171304K [0x00000000e8000000, 0x0000000100000000, 0x0000000100000000)
 Metaspace       used 32761K, capacity 33098K, committed 33432K, reserved 1079296K
  class space    used 3719K, capacity 3875K, committed 3992K, reserved 1048576K
2015-09-08T14:05:45.254+0200: 5880.305: [GC (Allocation Failure) 5880.305: [ParNew
Desired survivor size 20112992 bytes, new threshold 8 (max 8)
- age   1:     681048 bytes,     681048 total
- age   2:        192 bytes,     681240 total
- age   5:     906472 bytes,    1587712 total
: 89195K->1723K(109248K), 0.0025373 secs] 260500K->173028K(502464K), 0.0025785 secs] [Times: user=0.00 sys=0.00, real=0.00 secs] 
Heap after GC invocations=304 (full 7):
 par new generation   total 109248K, used 1723K [0x00000000e0000000, 0x00000000e8000000, 0x00000000e8000000)
  eden space 87424K,   0% used [0x00000000e0000000, 0x00000000e0000000, 0x00000000e5560000)
  from space 21824K,   7% used [0x00000000e5560000, 0x00000000e570ed58, 0x00000000e6ab0000)
  to   space 21824K,   0% used [0x00000000e6ab0000, 0x00000000e6ab0000, 0x00000000e8000000)
 concurrent mark-sweep generation total 393216K, used 171304K [0x00000000e8000000, 0x0000000100000000, 0x0000000100000000)
 Metaspace       used 32761K, capacity 33098K, committed 33432K, reserved 1079296K
  class space    used 3719K, capacity 3875K, committed 3992K, reserved 1048576K
}
2015-09-08T14:05:45.257+0200: 5880.308: Total time for which application threads were stopped: 0.0027261 seconds, Stopping threads took: 0.0000141 seconds
{Heap before GC invocations=304 (full 7):
 par new generation   total 109248K, used 89147K [0x00000000e0000000, 0x00000000e8000000, 0x00000000e8000000)
  eden space 87424K, 100% used [0x00000000e0000000, 0x00000000e5560000, 0x00000000e5560000)
  from space 21824K,   7% used [0x00000000e5560000, 0x00000000e570ed58, 0x00000000e6ab0000)
  to   space 21824K,   0% used [0x00000000e6ab0000, 0x00000000e6ab0000, 0x00000000e8000000)
 concurrent mark-sweep generation total 393216K, used 171304K [0x00000000e8000000, 0x0000000100000000, 0x0000000100000000)
 Metaspace       used 32761K, capacity 33098K, committed 33432K, reserved 1079296K
  class space    used 3719K, capacity 3875K, committed 3992K, reserved 1048576K
2015-09-08T14:05:45.676+0200: 5880.727: [GC (Allocation Failure) 5880.727: [ParNew
Desired survivor size 20112992 bytes, new threshold 8 (max 8)
- age   1:     687448 bytes,     687448 total
- age   3:        192 bytes,     687640 total
- age   6:     906440 bytes,    1594080 total
: 89147K->1923K(109248K), 0.0028390 secs] 260452K->173228K(502464K), 0.0028838 secs] [Times: user=0.00 sys=0.00, real=0.00 secs] 
Heap after GC invocations=305 (full 7):
 par new generation   total 109248K, used 1923K [0x00000000e0000000, 0x00000000e8000000, 0x00000000e8000000)
  eden space 87424K,   0% used [0x00000000e0000000, 0x00000000e0000000, 0x00000000e5560000)
  from space 21824K,   8% used [0x00000000e6ab0000, 0x00000000e6c90e28, 0x00000000e8000000)
  to   space 21824K,   0% used [0x00000000e5560000, 0x00000000e5560000, 0x00000000e6ab0000)
 concurrent mark-sweep generation total 393216K, used 171304K [0x00000000e8000000, 0x0000000100000000, 0x0000000100000000)
 Metaspace       used 32761K, capacity 33098K, committed 33432K, reserved 1079296K
  class space    used 3719K, capacity 3875K, committed 3992K, reserved 1048576K
}
2015-09-08T14:05:45.679+0200: 5880.730: Total time for which application threads were stopped: 0.0030310 seconds, Stopping threads took: 0.0000141 seconds
{Heap before GC invocations=305 (full 7):
 par new generation   total 109248K, used 89347K [0x00000000e0000000, 0x00000000e8000000, 0x00000000e8000000)
  eden space 87424K, 100% used [0x00000000e0000000, 0x00000000e5560000, 0x00000000e5560000)
  from space 21824K,   8% used [0x00000000e6ab0000, 0x00000000e6c90e28, 0x00000000e8000000)
  to   space 21824K,   0% used [0x00000000e5560000, 0x00000000e5560000, 0x00000000e6ab0000)
 concurrent mark-sweep generation total 393216K, used 171304K [0x00000000e8000000, 0x0000000100000000, 0x0000000100000000)
 Metaspace       used 32761K, capacity 33098K, committed 33432K, reserved 1079296K
  class space    used 3719K, capacity 3875K, committed 3992K, reserved 1048576K
2015-09-08T14:05:46.104+0200: 5881.155: [GC (Allocation Failure) 5881.155: [ParNew
Desired survivor size 20112992 bytes, new threshold 8 (max 8)
- age   1:     684312 bytes,     684312 total
- age   2:         32 bytes,     684344 total
- age   4:        192 bytes,     684536 total
- age   7:     906320 bytes,    1590856 total
: 89347K->1757K(109248K), 0.0027427 secs] 260652K->173062K(502464K), 0.0027936 secs] [Times: user=0.00 sys=0.00, real=0.00 secs] 
Heap after GC invocations=306 (full 7):
 par new generation   total 109248K, used 1757K [0x00000000e0000000, 0x00000000e8000000, 0x00000000e8000000)
  eden space 87424K,   0% used [0x00000000e0000000, 0x00000000e0000000, 0x00000000e5560000)
  from space 21824K,   8% used [0x00000000e5560000, 0x00000000e5717748, 0x00000000e6ab0000)
  to   space 21824K,   0% used [0x00000000e6ab0000, 0x00000000e6ab0000, 0x00000000e8000000)
 concurrent mark-sweep generation total 393216K, used 171304K [0x00000000e8000000, 0x0000000100000000, 0x0000000100000000)
 Metaspace       used 32761K, capacity 33098K, committed 33432K, reserved 1079296K
  class space    used 3719K, capacity 3875K, committed 3992K, reserved 1048576K
}
2015-09-08T14:05:46.107+0200: 5881.157: Total time for which application threads were stopped: 0.0029613 seconds, Stopping threads took: 0.0000237 seconds
{Heap before GC invocations=306 (full 7):
 par new generation   total 109248K, used 89181K [0x00000000e0000000, 0x00000000e8000000, 0x00000000e8000000)
  eden space 87424K, 100% used [0x00000000e0000000, 0x00000000e5560000, 0x00000000e5560000)
  from space 21824K,   8% used [0x00000000e5560000, 0x00000000e5717748, 0x00000000e6ab0000)
  to   space 21824K,   0% used [0x00000000e6ab0000, 0x00000000e6ab0000, 0x00000000e8000000)
 concurrent mark-sweep generation total 393216K, used 171304K [0x00000000e8000000, 0x0000000100000000, 0x0000000100000000)
 Metaspace       used 32761K, capacity 33098K, committed 33432K, reserved 1079296K
  class space    used 3719K, capacity 3875K, committed 3992K, reserved 1048576K
2015-09-08T14:05:46.529+0200: 5881.579: [GC (Allocation Failure) 5881.579: [ParNew
Desired survivor size 20112992 bytes, new threshold 8 (max 8)
- age   1:     684112 bytes,     684112 total
- age   2:        152 bytes,     684264 total
- age   3:         32 bytes,     684296 total
- age   5:        192 bytes,     684488 total
- age   8:     906320 bytes,    1590808 total
: 89181K->1803K(109248K), 0.0027510 secs] 260486K->173108K(502464K), 0.0028006 secs] [Times: user=0.00 sys=0.00, real=0.00 secs] 
Heap after GC invocations=307 (full 7):
 par new generation   total 109248K, used 1803K [0x00000000e0000000, 0x00000000e8000000, 0x00000000e8000000)
  eden space 87424K,   0% used [0x00000000e0000000, 0x00000000e0000000, 0x00000000e5560000)
  from space 21824K,   8% used [0x00000000e6ab0000, 0x00000000e6c72cc8, 0x00000000e8000000)
  to   space 21824K,   0% used [0x00000000e5560000, 0x00000000e5560000, 0x00000000e6ab0000)
 concurrent mark-sweep generation total 393216K, used 171304K [0x00000000e8000000, 0x0000000100000000, 0x0000000100000000)
 Metaspace       used 32761K, capacity 33098K, committed 33432K, reserved 1079296K
  class space    used 3719K, capacity 3875K, committed 3992K, reserved 1048576K
}
2015-09-08T14:05:46.531+0200: 5881.582: Total time for which application threads were stopped: 0.0029565 seconds, Stopping threads took: 0.0000230 seconds
{Heap before GC invocations=307 (full 7):
 par new generation   total 109248K, used 89227K [0x00000000e0000000, 0x00000000e8000000, 0x00000000e8000000)
  eden space 87424K, 100% used [0x00000000e0000000, 0x00000000e5560000, 0x00000000e5560000)
  from space 21824K,   8% used [0x00000000e6ab0000, 0x00000000e6c72cc8, 0x00000000e8000000)
  to   space 21824K,   0% used [0x00000000e5560000, 0x00000000e5560000, 0x00000000e6ab0000)
 concurrent mark-sweep generation total 393216K, used 171304K [0x00000000e8000000, 0x0000000100000000, 0x0000000100000000)
 Metaspace       used 32761K, capacity 33098K, committed 33432K, reserved 1079296K
  class space    used 3719K, capacity 3875K, committed 3992K, reserved 1048576K
2015-09-08T14:05:46.954+0200: 5882.005: [GC (Allocation Failure) 5882.005: [ParNew
Desired survivor size 20112992 bytes, new threshold 8 (max 8)
- age   1:     694960 bytes,     694960 total
- age   3:        152 bytes,     695112 total
- age   4:         32 bytes,     695144 total
- age   6:        192 bytes,     695336 total
: 89227K->791K(109248K), 0.0026893 secs] 260532K->172981K(502464K), 0.0027392 secs] [Times: user=0.00 sys=0.00, real=0.00 secs] 
Heap after GC invocations=308 (full 7):
 par new generation   total 109248K, used 791K [0x00000000e0000000, 0x00000000e8000000, 0x00000000e8000000)
  eden space 87424K,   0% used [0x00000000e0000000, 0x00000000e0000000, 0x00000000e5560000)
  from space 21824K,   3% used [0x00000000e5560000, 0x00000000e5625d30, 0x00000000e6ab0000)
  to   space 21824K,   0% used [0x00000000e6ab0000, 0x00000000e6ab0000, 0x00000000e8000000)
 concurrent mark-sweep generation total 393216K, used 172190K [0x00000000e8000000, 0x0000000100000000, 0x0000000100000000)
 Metaspace       used 32761K, capacity 33098K, committed 33432K, reserved 1079296K
  class space    used 3719K, capacity 3875K, committed 3992K, reserved 1048576K
}
2015-09-08T14:05:46.957+0200: 5882.008: Total time for which application threads were stopped: 0.0028893 seconds, Stopping threads took: 0.0000144 seconds
{Heap before GC invocations=308 (full 7):
 par new generation   total 109248K, used 88215K [0x00000000e0000000, 0x00000000e8000000, 0x00000000e8000000)
  eden space 87424K, 100% used [0x00000000e0000000, 0x00000000e5560000, 0x00000000e5560000)
  from space 21824K,   3% used [0x00000000e5560000, 0x00000000e5625d30, 0x00000000e6ab0000)
  to   space 21824K,   0% used [0x00000000e6ab0000, 0x00000000e6ab0000, 0x00000000e8000000)
 concurrent mark-sweep generation total 393216K, used 172190K [0x00000000e8000000, 0x0000000100000000, 0x0000000100000000)
 Metaspace       used 32761K, capacity 33098K, committed 33432K, reserved 1079296K
  class space    used 3719K, capacity 3875K, committed 3992K, reserved 1048576K
2015-09-08T14:05:47.602+0200: 5882.653: [GC (Allocation Failure) 5882.653: [ParNew
Desired survivor size 20112992 bytes, new threshold 8 (max 8)
- age   1:     682208 bytes,     682208 total
- age   4:        152 bytes,     682360 total
- age   5:         32 bytes,     682392 total
- age   7:        160 bytes,     682552 total
: 88215K->746K(109248K), 0.0025401 secs] 260405K->172936K(502464K), 0.0025872 secs] [Times: user=0.00 sys=0.00, real=0.00 secs] 
Heap after GC invocations=309 (full 7):
 par new generation   total 109248K, used 746K [0x00000000e0000000, 0x00000000e8000000, 0x00000000e8000000)
  eden space 87424K,   0% used [0x00000000e0000000, 0x00000000e0000000, 0x00000000e5560000)
  from space 21824K,   3% used [0x00000000e6ab0000, 0x00000000e6b6aa18, 0x00000000e8000000)
  to   space 21824K,   0% used [0x00000000e5560000, 0x00000000e5560000, 0x00000000e6ab0000)
 concurrent mark-sweep generation total 393216K, used 172190K [0x00000000e8000000, 0x0000000100000000, 0x0000000100000000)
 Metaspace       used 32761K, capacity 33098K, committed 33432K, reserved 1079296K
  class space    used 3719K, capacity 3875K, committed 3992K, reserved 1048576K
}
2015-09-08T14:05:47.605+0200: 5882.656: Total time for which application threads were stopped: 0.0027344 seconds, Stopping threads took: 0.0000144 seconds
{Heap before GC invocations=309 (full 7):
 par new generation   total 109248K, used 88170K [0x00000000e0000000, 0x00000000e8000000, 0x00000000e8000000)
  eden space 87424K, 100% used [0x00000000e0000000, 0x00000000e5560000, 0x00000000e5560000)
  from space 21824K,   3% used [0x00000000e6ab0000, 0x00000000e6b6aa18, 0x00000000e8000000)
  to   space 21824K,   0% used [0x00000000e5560000, 0x00000000e5560000, 0x00000000e6ab0000)
 concurrent mark-sweep generation total 393216K, used 172190K [0x00000000e8000000, 0x0000000100000000, 0x0000000100000000)
 Metaspace       used 32761K, capacity 33098K, committed 33432K, reserved 1079296K
  class space    used 3719K, capacity 3875K, committed 3992K, reserved 1048576K
2015-09-08T14:05:48.036+0200: 5883.087: [GC (Allocation Failure) 5883.087: [ParNew
Desired survivor size 20112992 bytes, new threshold 8 (max 8)
- age   1:     681176 bytes,     681176 total
- age   2:         32 bytes,     681208 total
- age   5:        152 bytes,     681360 total
- age   6:         32 bytes,     681392 total
- age   8:        160 bytes,     681552 total
: 88170K->811K(109248K), 0.0027670 secs] 260360K->173001K(502464K), 0.0028217 secs] [Times: user=0.06 sys=0.00, real=0.00 secs] 
Heap after GC invocations=310 (full 7):
 par new generation   total 109248K, used 811K [0x00000000e0000000, 0x00000000e8000000, 0x00000000e8000000)
  eden space 87424K,   0% used [0x00000000e0000000, 0x00000000e0000000, 0x00000000e5560000)
  from space 21824K,   3% used [0x00000000e5560000, 0x00000000e562ae40, 0x00000000e6ab0000)
  to   space 21824K,   0% used [0x00000000e6ab0000, 0x00000000e6ab0000, 0x00000000e8000000)
 concurrent mark-sweep generation total 393216K, used 172190K [0x00000000e8000000, 0x0000000100000000, 0x0000000100000000)
 Metaspace       used 32761K, capacity 33098K, committed 33432K, reserved 1079296K
  class space    used 3719K, capacity 3875K, committed 3992K, reserved 1048576K
}
2015-09-08T14:05:48.039+0200: 5883.089: Total time for which application threads were stopped: 0.0029846 seconds, Stopping threads took: 0.0000157 seconds
{Heap before GC invocations=310 (full 7):
 par new generation   total 109248K, used 88235K [0x00000000e0000000, 0x00000000e8000000, 0x00000000e8000000)
  eden space 87424K, 100% used [0x00000000e0000000, 0x00000000e5560000, 0x00000000e5560000)
  from space 21824K,   3% used [0x00000000e5560000, 0x00000000e562ae40, 0x00000000e6ab0000)
  to   space 21824K,   0% used [0x00000000e6ab0000, 0x00000000e6ab0000, 0x00000000e8000000)
 concurrent mark-sweep generation total 393216K, used 172190K [0x00000000e8000000, 0x0000000100000000, 0x0000000100000000)
 Metaspace       used 32762K, capacity 33098K, committed 33432K, reserved 1079296K
  class space    used 3719K, capacity 3875K, committed 3992K, reserved 1048576K
2015-09-08T14:06:03.251+0200: 5898.301: [GC (Allocation Failure) 5898.301: [ParNew
Desired survivor size 20112992 bytes, new threshold 8 (max 8)
- age   1:    1597392 bytes,    1597392 total
- age   3:         32 bytes,    1597424 total
- age   6:        152 bytes,    1597576 total
: 88235K->2005K(109248K), 0.0027190 secs] 260425K->174195K(502464K), 0.0027645 secs] [Times: user=0.00 sys=0.00, real=0.00 secs] 
Heap after GC invocations=311 (full 7):
 par new generation   total 109248K, used 2005K [0x00000000e0000000, 0x00000000e8000000, 0x00000000e8000000)
  eden space 87424K,   0% used [0x00000000e0000000, 0x00000000e0000000, 0x00000000e5560000)
  from space 21824K,   9% used [0x00000000e6ab0000, 0x00000000e6ca5418, 0x00000000e8000000)
  to   space 21824K,   0% used [0x00000000e5560000, 0x00000000e5560000, 0x00000000e6ab0000)
 concurrent mark-sweep generation total 393216K, used 172190K [0x00000000e8000000, 0x0000000100000000, 0x0000000100000000)
 Metaspace       used 32762K, capacity 33098K, committed 33432K, reserved 1079296K
  class space    used 3719K, capacity 3875K, committed 3992K, reserved 1048576K
}
2015-09-08T14:06:03.253+0200: 5898.304: Total time for which application threads were stopped: 0.0029318 seconds, Stopping threads took: 0.0000134 seconds
{Heap before GC invocations=311 (full 7):
 par new generation   total 109248K, used 89429K [0x00000000e0000000, 0x00000000e8000000, 0x00000000e8000000)
  eden space 87424K, 100% used [0x00000000e0000000, 0x00000000e5560000, 0x00000000e5560000)
  from space 21824K,   9% used [0x00000000e6ab0000, 0x00000000e6ca5418, 0x00000000e8000000)
  to   space 21824K,   0% used [0x00000000e5560000, 0x00000000e5560000, 0x00000000e6ab0000)
 concurrent mark-sweep generation total 393216K, used 172190K [0x00000000e8000000, 0x0000000100000000, 0x0000000100000000)
 Metaspace       used 32762K, capacity 33098K, committed 33432K, reserved 1079296K
  class space    used 3719K, capacity 3875K, committed 3992K, reserved 1048576K
2015-09-08T14:06:03.677+0200: 5898.727: [GC (Allocation Failure) 5898.727: [ParNew
Desired survivor size 20112992 bytes, new threshold 8 (max 8)
- age   1:     685768 bytes,     685768 total
- age   2:     906584 bytes,    1592352 total
- age   4:         32 bytes,    1592384 total
- age   7:        152 bytes,    1592536 total
: 89429K->1792K(109248K), 0.0026969 secs] 261619K->173982K(502464K), 0.0027417 secs] [Times: user=0.00 sys=0.00, real=0.00 secs] 
Heap after GC invocations=312 (full 7):
 par new generation   total 109248K, used 1792K [0x00000000e0000000, 0x00000000e8000000, 0x00000000e8000000)
  eden space 87424K,   0% used [0x00000000e0000000, 0x00000000e0000000, 0x00000000e5560000)
  from space 21824K,   8% used [0x00000000e5560000, 0x00000000e57200c8, 0x00000000e6ab0000)
  to   space 21824K,   0% used [0x00000000e6ab0000, 0x00000000e6ab0000, 0x00000000e8000000)
 concurrent mark-sweep generation total 393216K, used 172190K [0x00000000e8000000, 0x0000000100000000, 0x0000000100000000)
 Metaspace       used 32762K, capacity 33098K, committed 33432K, reserved 1079296K
  class space    used 3719K, capacity 3875K, committed 3992K, reserved 1048576K
}
2015-09-08T14:06:03.680+0200: 5898.730: Total time for which application threads were stopped: 0.0028896 seconds, Stopping threads took: 0.0000144 seconds
{Heap before GC invocations=312 (full 7):
 par new generation   total 109248K, used 89216K [0x00000000e0000000, 0x00000000e8000000, 0x00000000e8000000)
  eden space 87424K, 100% used [0x00000000e0000000, 0x00000000e5560000, 0x00000000e5560000)
  from space 21824K,   8% used [0x00000000e5560000, 0x00000000e57200c8, 0x00000000e6ab0000)
  to   space 21824K,   0% used [0x00000000e6ab0000, 0x00000000e6ab0000, 0x00000000e8000000)
 concurrent mark-sweep generation total 393216K, used 172190K [0x00000000e8000000, 0x0000000100000000, 0x0000000100000000)
 Metaspace       used 32762K, capacity 33098K, committed 33432K, reserved 1079296K
  class space    used 3719K, capacity 3875K, committed 3992K, reserved 1048576K
2015-09-08T14:06:04.103+0200: 5899.154: [GC (Allocation Failure) 5899.154: [ParNew
Desired survivor size 20112992 bytes, new threshold 8 (max 8)
- age   1:     688304 bytes,     688304 total
- age   3:     906520 bytes,    1594824 total
- age   5:         32 bytes,    1594856 total
- age   8:        152 bytes,    1595008 total
: 89216K->1725K(109248K), 0.0027449 secs] 261406K->173915K(502464K), 0.0027907 secs] [Times: user=0.02 sys=0.00, real=0.00 secs] 
Heap after GC invocations=313 (full 7):
 par new generation   total 109248K, used 1725K [0x00000000e0000000, 0x00000000e8000000, 0x00000000e8000000)
  eden space 87424K,   0% used [0x00000000e0000000, 0x00000000e0000000, 0x00000000e5560000)
  from space 21824K,   7% used [0x00000000e6ab0000, 0x00000000e6c5f708, 0x00000000e8000000)
  to   space 21824K,   0% used [0x00000000e5560000, 0x00000000e5560000, 0x00000000e6ab0000)
 concurrent mark-sweep generation total 393216K, used 172190K [0x00000000e8000000, 0x0000000100000000, 0x0000000100000000)
 Metaspace       used 32762K, capacity 33098K, committed 33432K, reserved 1079296K
  class space    used 3719K, capacity 3875K, committed 3992K, reserved 1048576K
}
2015-09-08T14:06:04.106+0200: 5899.156: Total time for which application threads were stopped: 0.0029414 seconds, Stopping threads took: 0.0000141 seconds
{Heap before GC invocations=313 (full 7):
 par new generation   total 109248K, used 89149K [0x00000000e0000000, 0x00000000e8000000, 0x00000000e8000000)
  eden space 87424K, 100% used [0x00000000e0000000, 0x00000000e5560000, 0x00000000e5560000)
  from space 21824K,   7% used [0x00000000e6ab0000, 0x00000000e6c5f708, 0x00000000e8000000)
  to   space 21824K,   0% used [0x00000000e5560000, 0x00000000e5560000, 0x00000000e6ab0000)
 concurrent mark-sweep generation total 393216K, used 172190K [0x00000000e8000000, 0x0000000100000000, 0x0000000100000000)
 Metaspace       used 32762K, capacity 33098K, committed 33432K, reserved 1079296K
  class space    used 3719K, capacity 3875K, committed 3992K, reserved 1048576K
2015-09-08T14:06:04.531+0200: 5899.581: [GC (Allocation Failure) 5899.581: [ParNew
Desired survivor size 20112992 bytes, new threshold 8 (max 8)
- age   1:     684544 bytes,     684544 total
- age   2:         64 bytes,     684608 total
- age   4:     906424 bytes,    1591032 total
- age   6:         32 bytes,    1591064 total
: 89149K->1933K(109248K), 0.0025881 secs] 261339K->174123K(502464K), 0.0026355 secs] [Times: user=0.00 sys=0.00, real=0.00 secs] 
Heap after GC invocations=314 (full 7):
 par new generation   total 109248K, used 1933K [0x00000000e0000000, 0x00000000e8000000, 0x00000000e8000000)
  eden space 87424K,   0% used [0x00000000e0000000, 0x00000000e0000000, 0x00000000e5560000)
  from space 21824K,   8% used [0x00000000e5560000, 0x00000000e5743518, 0x00000000e6ab0000)
  to   space 21824K,   0% used [0x00000000e6ab0000, 0x00000000e6ab0000, 0x00000000e8000000)
 concurrent mark-sweep generation total 393216K, used 172190K [0x00000000e8000000, 0x0000000100000000, 0x0000000100000000)
 Metaspace       used 32762K, capacity 33098K, committed 33432K, reserved 1079296K
  class space    used 3719K, capacity 3875K, committed 3992K, reserved 1048576K
}
2015-09-08T14:06:04.533+0200: 5899.584: Total time for which application threads were stopped: 0.0027856 seconds, Stopping threads took: 0.0000147 seconds
{Heap before GC invocations=314 (full 7):
 par new generation   total 109248K, used 89357K [0x00000000e0000000, 0x00000000e8000000, 0x00000000e8000000)
  eden space 87424K, 100% used [0x00000000e0000000, 0x00000000e5560000, 0x00000000e5560000)
  from space 21824K,   8% used [0x00000000e5560000, 0x00000000e5743518, 0x00000000e6ab0000)
  to   space 21824K,   0% used [0x00000000e6ab0000, 0x00000000e6ab0000, 0x00000000e8000000)
 concurrent mark-sweep generation total 393216K, used 172190K [0x00000000e8000000, 0x0000000100000000, 0x0000000100000000)
 Metaspace       used 32762K, capacity 33098K, committed 33432K, reserved 1079296K
  class space    used 3719K, capacity 3875K, committed 3992K, reserved 1048576K
2015-09-08T14:06:04.957+0200: 5900.008: [GC (Allocation Failure) 5900.008: [ParNew
Desired survivor size 20112992 bytes, new threshold 8 (max 8)
- age   1:     681808 bytes,     681808 total
- age   2:         96 bytes,     681904 total
- age   3:         64 bytes,     681968 total
- age   5:     906424 bytes,    1588392 total
- age   7:         32 bytes,    1588424 total
: 89357K->1759K(109248K), 0.0026761 secs] 261547K->173949K(502464K), 0.0027216 secs] [Times: user=0.00 sys=0.00, real=0.00 secs] 
Heap after GC invocations=315 (full 7):
 par new generation   total 109248K, used 1759K [0x00000000e0000000, 0x00000000e8000000, 0x00000000e8000000)
  eden space 87424K,   0% used [0x00000000e0000000, 0x00000000e0000000, 0x00000000e5560000)
  from space 21824K,   8% used [0x00000000e6ab0000, 0x00000000e6c67e80, 0x00000000e8000000)
  to   space 21824K,   0% used [0x00000000e5560000, 0x00000000e5560000, 0x00000000e6ab0000)
 concurrent mark-sweep generation total 393216K, used 172190K [0x00000000e8000000, 0x0000000100000000, 0x0000000100000000)
 Metaspace       used 32762K, capacity 33098K, committed 33432K, reserved 1079296K
  class space    used 3719K, capacity 3875K, committed 3992K, reserved 1048576K
}
2015-09-08T14:06:04.960+0200: 5900.011: Total time for which application threads were stopped: 0.0028752 seconds, Stopping threads took: 0.0000141 seconds
{Heap before GC invocations=315 (full 7):
 par new generation   total 109248K, used 89183K [0x00000000e0000000, 0x00000000e8000000, 0x00000000e8000000)
  eden space 87424K, 100% used [0x00000000e0000000, 0x00000000e5560000, 0x00000000e5560000)
  from space 21824K,   8% used [0x00000000e6ab0000, 0x00000000e6c67e80, 0x00000000e8000000)
  to   space 21824K,   0% used [0x00000000e5560000, 0x00000000e5560000, 0x00000000e6ab0000)
 concurrent mark-sweep generation total 393216K, used 172190K [0x00000000e8000000, 0x0000000100000000, 0x0000000100000000)
 Metaspace       used 32762K, capacity 33098K, committed 33432K, reserved 1079296K
  class space    used 3719K, capacity 3875K, committed 3992K, reserved 1048576K
2015-09-08T14:06:05.382+0200: 5900.433: [GC (Allocation Failure) 5900.433: [ParNew
Desired survivor size 20112992 bytes, new threshold 8 (max 8)
- age   1:     688528 bytes,     688528 total
- age   3:         96 bytes,     688624 total
- age   4:         64 bytes,     688688 total
- age   6:     906424 bytes,    1595112 total
- age   8:         32 bytes,    1595144 total
: 89183K->1714K(109248K), 0.0027091 secs] 261373K->173904K(502464K), 0.0027565 secs] [Times: user=0.06 sys=0.00, real=0.00 secs] 
Heap after GC invocations=316 (full 7):
 par new generation   total 109248K, used 1714K [0x00000000e0000000, 0x00000000e8000000, 0x00000000e8000000)
  eden space 87424K,   0% used [0x00000000e0000000, 0x00000000e0000000, 0x00000000e5560000)
  from space 21824K,   7% used [0x00000000e5560000, 0x00000000e570ca08, 0x00000000e6ab0000)
  to   space 21824K,   0% used [0x00000000e6ab0000, 0x00000000e6ab0000, 0x00000000e8000000)
 concurrent mark-sweep generation total 393216K, used 172190K [0x00000000e8000000, 0x0000000100000000, 0x0000000100000000)
 Metaspace       used 32762K, capacity 33098K, committed 33432K, reserved 1079296K
  class space    used 3719K, capacity 3875K, committed 3992K, reserved 1048576K
}
2015-09-08T14:06:05.385+0200: 5900.436: Total time for which application threads were stopped: 0.0029017 seconds, Stopping threads took: 0.0000134 seconds
{Heap before GC invocations=316 (full 7):
 par new generation   total 109248K, used 89138K [0x00000000e0000000, 0x00000000e8000000, 0x00000000e8000000)
  eden space 87424K, 100% used [0x00000000e0000000, 0x00000000e5560000, 0x00000000e5560000)
  from space 21824K,   7% used [0x00000000e5560000, 0x00000000e570ca08, 0x00000000e6ab0000)
  to   space 21824K,   0% used [0x00000000e6ab0000, 0x00000000e6ab0000, 0x00000000e8000000)
 concurrent mark-sweep generation total 393216K, used 172190K [0x00000000e8000000, 0x0000000100000000, 0x0000000100000000)
 Metaspace       used 32762K, capacity 33098K, committed 33432K, reserved 1079296K
  class space    used 3719K, capacity 3875K, committed 3992K, reserved 1048576K
2015-09-08T14:06:05.810+0200: 5900.861: [GC (Allocation Failure) 5900.861: [ParNew
Desired survivor size 20112992 bytes, new threshold 8 (max 8)
- age   1:     678600 bytes,     678600 total
- age   4:         96 bytes,     678696 total
- age   5:         64 bytes,     678760 total
- age   7:     906392 bytes,    1585152 total
: 89138K->1931K(109248K), 0.0021126 secs] 261328K->174121K(502464K), 0.0021645 secs] [Times: user=0.00 sys=0.00, real=0.00 secs] 
Heap after GC invocations=317 (full 7):
 par new generation   total 109248K, used 1931K [0x00000000e0000000, 0x00000000e8000000, 0x00000000e8000000)
  eden space 87424K,   0% used [0x00000000e0000000, 0x00000000e0000000, 0x00000000e5560000)
  from space 21824K,   8% used [0x00000000e6ab0000, 0x00000000e6c92e18, 0x00000000e8000000)
  to   space 21824K,   0% used [0x00000000e5560000, 0x00000000e5560000, 0x00000000e6ab0000)
 concurrent mark-sweep generation total 393216K, used 172190K [0x00000000e8000000, 0x0000000100000000, 0x0000000100000000)
 Metaspace       used 32762K, capacity 33098K, committed 33432K, reserved 1079296K
  class space    used 3719K, capacity 3875K, committed 3992K, reserved 1048576K
}
2015-09-08T14:06:05.812+0200: 5900.863: Total time for which application threads were stopped: 0.0023158 seconds, Stopping threads took: 0.0000141 seconds
{Heap before GC invocations=317 (full 7):
 par new generation   total 109248K, used 89355K [0x00000000e0000000, 0x00000000e8000000, 0x00000000e8000000)
  eden space 87424K, 100% used [0x00000000e0000000, 0x00000000e5560000, 0x00000000e5560000)
  from space 21824K,   8% used [0x00000000e6ab0000, 0x00000000e6c92e18, 0x00000000e8000000)
  to   space 21824K,   0% used [0x00000000e5560000, 0x00000000e5560000, 0x00000000e6ab0000)
 concurrent mark-sweep generation total 393216K, used 172190K [0x00000000e8000000, 0x0000000100000000, 0x0000000100000000)
 Metaspace       used 32762K, capacity 33098K, committed 33432K, reserved 1079296K
  class space    used 3719K, capacity 3875K, committed 3992K, reserved 1048576K
2015-09-08T14:06:06.236+0200: 5901.287: [GC (Allocation Failure) 5901.287: [ParNew
Desired survivor size 20112992 bytes, new threshold 8 (max 8)
- age   1:     691272 bytes,     691272 total
- age   2:         32 bytes,     691304 total
- age   5:         96 bytes,     691400 total
- age   6:         64 bytes,     691464 total
- age   8:     906392 bytes,    1597856 total
: 89355K->1754K(109248K), 0.0022505 secs] 261545K->173945K(502464K), 0.0022934 secs] [Times: user=0.00 sys=0.00, real=0.00 secs] 
Heap after GC invocations=318 (full 7):
 par new generation   total 109248K, used 1754K [0x00000000e0000000, 0x00000000e8000000, 0x00000000e8000000)
  eden space 87424K,   0% used [0x00000000e0000000, 0x00000000e0000000, 0x00000000e5560000)
  from space 21824K,   8% used [0x00000000e5560000, 0x00000000e5716b98, 0x00000000e6ab0000)
  to   space 21824K,   0% used [0x00000000e6ab0000, 0x00000000e6ab0000, 0x00000000e8000000)
 concurrent mark-sweep generation total 393216K, used 172190K [0x00000000e8000000, 0x0000000100000000, 0x0000000100000000)
 Metaspace       used 32762K, capacity 33098K, committed 33432K, reserved 1079296K
  class space    used 3719K, capacity 3875K, committed 3992K, reserved 1048576K
}
2015-09-08T14:06:06.239+0200: 5901.290: Total time for which application threads were stopped: 0.0024448 seconds, Stopping threads took: 0.0000144 seconds
{Heap before GC invocations=318 (full 7):
 par new generation   total 109248K, used 89178K [0x00000000e0000000, 0x00000000e8000000, 0x00000000e8000000)
  eden space 87424K, 100% used [0x00000000e0000000, 0x00000000e5560000, 0x00000000e5560000)
  from space 21824K,   8% used [0x00000000e5560000, 0x00000000e5716b98, 0x00000000e6ab0000)
  to   space 21824K,   0% used [0x00000000e6ab0000, 0x00000000e6ab0000, 0x00000000e8000000)
 concurrent mark-sweep generation total 393216K, used 172190K [0x00000000e8000000, 0x0000000100000000, 0x0000000100000000)
 Metaspace       used 32762K, capacity 33098K, committed 33432K, reserved 1079296K
  class space    used 3719K, capacity 3875K, committed 3992K, reserved 1048576K
2015-09-08T14:06:06.663+0200: 5901.714: [GC (Allocation Failure) 5901.714: [ParNew
Desired survivor size 20112992 bytes, new threshold 8 (max 8)
- age   1:     684128 bytes,     684128 total
- age   3:         32 bytes,     684160 total
- age   6:         96 bytes,     684256 total
- age   7:         64 bytes,     684320 total
: 89178K->925K(109248K), 0.0027478 secs] 261369K->174001K(502464K), 0.0027987 secs] [Times: user=0.00 sys=0.00, real=0.00 secs] 
Heap after GC invocations=319 (full 7):
 par new generation   total 109248K, used 925K [0x00000000e0000000, 0x00000000e8000000, 0x00000000e8000000)
  eden space 87424K,   0% used [0x00000000e0000000, 0x00000000e0000000, 0x00000000e5560000)
  from space 21824K,   4% used [0x00000000e6ab0000, 0x00000000e6b977b0, 0x00000000e8000000)
  to   space 21824K,   0% used [0x00000000e5560000, 0x00000000e5560000, 0x00000000e6ab0000)
 concurrent mark-sweep generation total 393216K, used 173075K [0x00000000e8000000, 0x0000000100000000, 0x0000000100000000)
 Metaspace       used 32762K, capacity 33098K, committed 33432K, reserved 1079296K
  class space    used 3719K, capacity 3875K, committed 3992K, reserved 1048576K
}
2015-09-08T14:06:06.666+0200: 5901.717: Total time for which application threads were stopped: 0.0029497 seconds, Stopping threads took: 0.0000141 seconds
{Heap before GC invocations=319 (full 7):
 par new generation   total 109248K, used 88349K [0x00000000e0000000, 0x00000000e8000000, 0x00000000e8000000)
  eden space 87424K, 100% used [0x00000000e0000000, 0x00000000e5560000, 0x00000000e5560000)
  from space 21824K,   4% used [0x00000000e6ab0000, 0x00000000e6b977b0, 0x00000000e8000000)
  to   space 21824K,   0% used [0x00000000e5560000, 0x00000000e5560000, 0x00000000e6ab0000)
 concurrent mark-sweep generation total 393216K, used 173075K [0x00000000e8000000, 0x0000000100000000, 0x0000000100000000)
 Metaspace       used 32762K, capacity 33098K, committed 33432K, reserved 1079296K
  class space    used 3719K, capacity 3875K, committed 3992K, reserved 1048576K
2015-09-08T14:06:07.087+0200: 5902.138: [GC (Allocation Failure) 5902.138: [ParNew
Desired survivor size 20112992 bytes, new threshold 8 (max 8)
- age   1:     690016 bytes,     690016 total
- age   4:         32 bytes,     690048 total
- age   7:         96 bytes,     690144 total
- age   8:         64 bytes,     690208 total
: 88349K->911K(109248K), 0.0023161 secs] 261425K->173986K(502464K), 0.0023757 secs] [Times: user=0.00 sys=0.00, real=0.00 secs] 
Heap after GC invocations=320 (full 7):
 par new generation   total 109248K, used 911K [0x00000000e0000000, 0x00000000e8000000, 0x00000000e8000000)
  eden space 87424K,   0% used [0x00000000e0000000, 0x00000000e0000000, 0x00000000e5560000)
  from space 21824K,   4% used [0x00000000e5560000, 0x00000000e5643c70, 0x00000000e6ab0000)
  to   space 21824K,   0% used [0x00000000e6ab0000, 0x00000000e6ab0000, 0x00000000e8000000)
 concurrent mark-sweep generation total 393216K, used 173075K [0x00000000e8000000, 0x0000000100000000, 0x0000000100000000)
 Metaspace       used 32762K, capacity 33098K, committed 33432K, reserved 1079296K
  class space    used 3719K, capacity 3875K, committed 3992K, reserved 1048576K
}
2015-09-08T14:06:07.090+0200: 5902.140: Total time for which application threads were stopped: 0.0025251 seconds, Stopping threads took: 0.0000138 seconds
2015-09-08T14:09:21.468+0200: 6096.517: Total time for which application threads were stopped: 0.0000723 seconds, Stopping threads took: 0.0000150 seconds
2015-09-08T14:09:21.493+0200: 6096.542: Total time for which application threads were stopped: 0.0000755 seconds, Stopping threads took: 0.0000147 seconds
2015-09-08T14:09:21.494+0200: 6096.542: Total time for which application threads were stopped: 0.0002278 seconds, Stopping threads took: 0.0001613 seconds
2015-09-08T14:09:21.494+0200: 6096.542: Total time for which application threads were stopped: 0.0000733 seconds, Stopping threads took: 0.0000195 seconds
2015-09-08T14:09:21.494+0200: 6096.543: Total time for which application threads were stopped: 0.0001472 seconds, Stopping threads took: 0.0000381 seconds
2015-09-08T14:09:22.494+0200: 6097.542: Total time for which application threads were stopped: 0.0000698 seconds, Stopping threads took: 0.0000250 seconds
2015-09-08T14:09:27.468+0200: 6102.517: Total time for which application threads were stopped: 0.0002246 seconds, Stopping threads took: 0.0000413 seconds
2015-09-08T14:29:08.569+0200: 7283.610: Total time for which application threads were stopped: 0.0001510 seconds, Stopping threads took: 0.0000342 seconds
{Heap before GC invocations=320 (full 7):
 par new generation   total 109248K, used 88335K [0x00000000e0000000, 0x00000000e8000000, 0x00000000e8000000)
  eden space 87424K, 100% used [0x00000000e0000000, 0x00000000e5560000, 0x00000000e5560000)
  from space 21824K,   4% used [0x00000000e5560000, 0x00000000e5643c70, 0x00000000e6ab0000)
  to   space 21824K,   0% used [0x00000000e6ab0000, 0x00000000e6ab0000, 0x00000000e8000000)
 concurrent mark-sweep generation total 393216K, used 173075K [0x00000000e8000000, 0x0000000100000000, 0x0000000100000000)
 Metaspace       used 32769K, capacity 33098K, committed 33432K, reserved 1079296K
  class space    used 3719K, capacity 3875K, committed 3992K, reserved 1048576K
2015-09-08T14:29:08.736+0200: 7283.777: [GC (Allocation Failure) 7283.777: [ParNew
Desired survivor size 20112992 bytes, new threshold 8 (max 8)
- age   1:    1677664 bytes,    1677664 total
: 88335K->1909K(109248K), 0.0023264 secs] 261410K->174984K(502464K), 0.0024112 secs] [Times: user=0.00 sys=0.00, real=0.00 secs] 
Heap after GC invocations=321 (full 7):
 par new generation   total 109248K, used 1909K [0x00000000e0000000, 0x00000000e8000000, 0x00000000e8000000)
  eden space 87424K,   0% used [0x00000000e0000000, 0x00000000e0000000, 0x00000000e5560000)
  from space 21824K,   8% used [0x00000000e6ab0000, 0x00000000e6c8d538, 0x00000000e8000000)
  to   space 21824K,   0% used [0x00000000e5560000, 0x00000000e5560000, 0x00000000e6ab0000)
 concurrent mark-sweep generation total 393216K, used 173075K [0x00000000e8000000, 0x0000000100000000, 0x0000000100000000)
 Metaspace       used 32769K, capacity 33098K, committed 33432K, reserved 1079296K
  class space    used 3719K, capacity 3875K, committed 3992K, reserved 1048576K
}
2015-09-08T14:29:08.738+0200: 7283.780: Total time for which application threads were stopped: 0.0025683 seconds, Stopping threads took: 0.0000138 seconds
{Heap before GC invocations=321 (full 7):
 par new generation   total 109248K, used 89333K [0x00000000e0000000, 0x00000000e8000000, 0x00000000e8000000)
  eden space 87424K, 100% used [0x00000000e0000000, 0x00000000e5560000, 0x00000000e5560000)
  from space 21824K,   8% used [0x00000000e6ab0000, 0x00000000e6c8d538, 0x00000000e8000000)
  to   space 21824K,   0% used [0x00000000e5560000, 0x00000000e5560000, 0x00000000e6ab0000)
 concurrent mark-sweep generation total 393216K, used 173075K [0x00000000e8000000, 0x0000000100000000, 0x0000000100000000)
 Metaspace       used 32769K, capacity 33098K, committed 33432K, reserved 1079296K
  class space    used 3719K, capacity 3875K, committed 3992K, reserved 1048576K
2015-09-08T14:29:09.178+0200: 7284.219: [GC (Allocation Failure) 7284.219: [ParNew
Desired survivor size 20112992 bytes, new threshold 8 (max 8)
- age   1:     675880 bytes,     675880 total
- age   2:     987880 bytes,    1663760 total
: 89333K->1810K(109248K), 0.0021603 secs] 262408K->174885K(502464K), 0.0022057 secs] [Times: user=0.00 sys=0.00, real=0.00 secs] 
Heap after GC invocations=322 (full 7):
 par new generation   total 109248K, used 1810K [0x00000000e0000000, 0x00000000e8000000, 0x00000000e8000000)
  eden space 87424K,   0% used [0x00000000e0000000, 0x00000000e0000000, 0x00000000e5560000)
  from space 21824K,   8% used [0x00000000e5560000, 0x00000000e5724888, 0x00000000e6ab0000)
  to   space 21824K,   0% used [0x00000000e6ab0000, 0x00000000e6ab0000, 0x00000000e8000000)
 concurrent mark-sweep generation total 393216K, used 173075K [0x00000000e8000000, 0x0000000100000000, 0x0000000100000000)
 Metaspace       used 32769K, capacity 33098K, committed 33432K, reserved 1079296K
  class space    used 3719K, capacity 3875K, committed 3992K, reserved 1048576K
}
2015-09-08T14:29:09.180+0200: 7284.221: Total time for which application threads were stopped: 0.0023568 seconds, Stopping threads took: 0.0000134 seconds
{Heap before GC invocations=322 (full 7):
 par new generation   total 109248K, used 89234K [0x00000000e0000000, 0x00000000e8000000, 0x00000000e8000000)
  eden space 87424K, 100% used [0x00000000e0000000, 0x00000000e5560000, 0x00000000e5560000)
  from space 21824K,   8% used [0x00000000e5560000, 0x00000000e5724888, 0x00000000e6ab0000)
  to   space 21824K,   0% used [0x00000000e6ab0000, 0x00000000e6ab0000, 0x00000000e8000000)
 concurrent mark-sweep generation total 393216K, used 173075K [0x00000000e8000000, 0x0000000100000000, 0x0000000100000000)
 Metaspace       used 32769K, capacity 33098K, committed 33432K, reserved 1079296K
  class space    used 3719K, capacity 3875K, committed 3992K, reserved 1048576K
2015-09-08T14:29:09.614+0200: 7284.656: [GC (Allocation Failure) 7284.656: [ParNew
Desired survivor size 20112992 bytes, new threshold 8 (max 8)
- age   1:     692040 bytes,     692040 total
- age   3:     987880 bytes,    1679920 total
: 89234K->1866K(109248K), 0.0024960 secs] 262309K->174941K(502464K), 0.0025443 secs] [Times: user=0.00 sys=0.00, real=0.00 secs] 
Heap after GC invocations=323 (full 7):
 par new generation   total 109248K, used 1866K [0x00000000e0000000, 0x00000000e8000000, 0x00000000e8000000)
  eden space 87424K,   0% used [0x00000000e0000000, 0x00000000e0000000, 0x00000000e5560000)
  from space 21824K,   8% used [0x00000000e6ab0000, 0x00000000e6c82948, 0x00000000e8000000)
  to   space 21824K,   0% used [0x00000000e5560000, 0x00000000e5560000, 0x00000000e6ab0000)
 concurrent mark-sweep generation total 393216K, used 173075K [0x00000000e8000000, 0x0000000100000000, 0x0000000100000000)
 Metaspace       used 32769K, capacity 33098K, committed 33432K, reserved 1079296K
  class space    used 3719K, capacity 3875K, committed 3992K, reserved 1048576K
}
2015-09-08T14:29:09.617+0200: 7284.658: Total time for which application threads were stopped: 0.0026960 seconds, Stopping threads took: 0.0000141 seconds
{Heap before GC invocations=323 (full 7):
 par new generation   total 109248K, used 89290K [0x00000000e0000000, 0x00000000e8000000, 0x00000000e8000000)
  eden space 87424K, 100% used [0x00000000e0000000, 0x00000000e5560000, 0x00000000e5560000)
  from space 21824K,   8% used [0x00000000e6ab0000, 0x00000000e6c82948, 0x00000000e8000000)
  to   space 21824K,   0% used [0x00000000e5560000, 0x00000000e5560000, 0x00000000e6ab0000)
 concurrent mark-sweep generation total 393216K, used 173075K [0x00000000e8000000, 0x0000000100000000, 0x0000000100000000)
 Metaspace       used 32769K, capacity 33098K, committed 33432K, reserved 1079296K
  class space    used 3719K, capacity 3875K, committed 3992K, reserved 1048576K
2015-09-08T14:29:10.053+0200: 7285.093: [GC (Allocation Failure) 7285.093: [ParNew
Desired survivor size 20112992 bytes, new threshold 8 (max 8)
- age   1:     686544 bytes,     686544 total
- age   4:     987928 bytes,    1674472 total
: 89290K->1994K(109248K), 0.0027539 secs] 262365K->175070K(502464K), 0.0027965 secs] [Times: user=0.00 sys=0.00, real=0.00 secs] 
Heap after GC invocations=324 (full 7):
 par new generation   total 109248K, used 1994K [0x00000000e0000000, 0x00000000e8000000, 0x00000000e8000000)
  eden space 87424K,   0% used [0x00000000e0000000, 0x00000000e0000000, 0x00000000e5560000)
  from space 21824K,   9% used [0x00000000e5560000, 0x00000000e57529b8, 0x00000000e6ab0000)
  to   space 21824K,   0% used [0x00000000e6ab0000, 0x00000000e6ab0000, 0x00000000e8000000)
 concurrent mark-sweep generation total 393216K, used 173075K [0x00000000e8000000, 0x0000000100000000, 0x0000000100000000)
 Metaspace       used 32769K, capacity 33098K, committed 33432K, reserved 1079296K
  class space    used 3719K, capacity 3875K, committed 3992K, reserved 1048576K
}
2015-09-08T14:29:10.056+0200: 7285.096: Total time for which application threads were stopped: 0.0029485 seconds, Stopping threads took: 0.0000144 seconds
{Heap before GC invocations=324 (full 7):
 par new generation   total 109248K, used 89418K [0x00000000e0000000, 0x00000000e8000000, 0x00000000e8000000)
  eden space 87424K, 100% used [0x00000000e0000000, 0x00000000e5560000, 0x00000000e5560000)
  from space 21824K,   9% used [0x00000000e5560000, 0x00000000e57529b8, 0x00000000e6ab0000)
  to   space 21824K,   0% used [0x00000000e6ab0000, 0x00000000e6ab0000, 0x00000000e8000000)
 concurrent mark-sweep generation total 393216K, used 173075K [0x00000000e8000000, 0x0000000100000000, 0x0000000100000000)
 Metaspace       used 32769K, capacity 33098K, committed 33432K, reserved 1079296K
  class space    used 3719K, capacity 3875K, committed 3992K, reserved 1048576K
2015-09-08T14:29:10.492+0200: 7285.532: [GC (Allocation Failure) 7285.532: [ParNew
Desired survivor size 20112992 bytes, new threshold 8 (max 8)
- age   1:     684368 bytes,     684368 total
- age   5:     987880 bytes,    1672248 total
: 89418K->1820K(109248K), 0.0022665 secs] 262494K->174896K(502464K), 0.0023110 secs] [Times: user=0.00 sys=0.00, real=0.00 secs] 
Heap after GC invocations=325 (full 7):
 par new generation   total 109248K, used 1820K [0x00000000e0000000, 0x00000000e8000000, 0x00000000e8000000)
  eden space 87424K,   0% used [0x00000000e0000000, 0x00000000e0000000, 0x00000000e5560000)
  from space 21824K,   8% used [0x00000000e6ab0000, 0x00000000e6c77218, 0x00000000e8000000)
  to   space 21824K,   0% used [0x00000000e5560000, 0x00000000e5560000, 0x00000000e6ab0000)
 concurrent mark-sweep generation total 393216K, used 173075K [0x00000000e8000000, 0x0000000100000000, 0x0000000100000000)
 Metaspace       used 32769K, capacity 33098K, committed 33432K, reserved 1079296K
  class space    used 3719K, capacity 3875K, committed 3992K, reserved 1048576K
}
2015-09-08T14:29:10.494+0200: 7285.535: Total time for which application threads were stopped: 0.0024608 seconds, Stopping threads took: 0.0000150 seconds
{Heap before GC invocations=325 (full 7):
 par new generation   total 109248K, used 89244K [0x00000000e0000000, 0x00000000e8000000, 0x00000000e8000000)
  eden space 87424K, 100% used [0x00000000e0000000, 0x00000000e5560000, 0x00000000e5560000)
  from space 21824K,   8% used [0x00000000e6ab0000, 0x00000000e6c77218, 0x00000000e8000000)
  to   space 21824K,   0% used [0x00000000e5560000, 0x00000000e5560000, 0x00000000e6ab0000)
 concurrent mark-sweep generation total 393216K, used 173075K [0x00000000e8000000, 0x0000000100000000, 0x0000000100000000)
 Metaspace       used 32769K, capacity 33098K, committed 33432K, reserved 1079296K
  class space    used 3719K, capacity 3875K, committed 3992K, reserved 1048576K
2015-09-08T14:29:10.928+0200: 7285.969: [GC (Allocation Failure) 7285.969: [ParNew
Desired survivor size 20112992 bytes, new threshold 8 (max 8)
- age   1:     687408 bytes,     687408 total
- age   6:     987880 bytes,    1675288 total
: 89244K->2091K(109248K), 0.0028259 secs] 262320K->175167K(502464K), 0.0028685 secs] [Times: user=0.00 sys=0.00, real=0.00 secs] 
Heap after GC invocations=326 (full 7):
 par new generation   total 109248K, used 2091K [0x00000000e0000000, 0x00000000e8000000, 0x00000000e8000000)
  eden space 87424K,   0% used [0x00000000e0000000, 0x00000000e0000000, 0x00000000e5560000)
  from space 21824K,   9% used [0x00000000e5560000, 0x00000000e576adf0, 0x00000000e6ab0000)
  to   space 21824K,   0% used [0x00000000e6ab0000, 0x00000000e6ab0000, 0x00000000e8000000)
 concurrent mark-sweep generation total 393216K, used 173075K [0x00000000e8000000, 0x0000000100000000, 0x0000000100000000)
 Metaspace       used 32769K, capacity 33098K, committed 33432K, reserved 1079296K
  class space    used 3719K, capacity 3875K, committed 3992K, reserved 1048576K
}
2015-09-08T14:29:10.931+0200: 7285.972: Total time for which application threads were stopped: 0.0030185 seconds, Stopping threads took: 0.0000138 seconds
{Heap before GC invocations=326 (full 7):
 par new generation   total 109248K, used 89515K [0x00000000e0000000, 0x00000000e8000000, 0x00000000e8000000)
  eden space 87424K, 100% used [0x00000000e0000000, 0x00000000e5560000, 0x00000000e5560000)
  from space 21824K,   9% used [0x00000000e5560000, 0x00000000e576adf0, 0x00000000e6ab0000)
  to   space 21824K,   0% used [0x00000000e6ab0000, 0x00000000e6ab0000, 0x00000000e8000000)
 concurrent mark-sweep generation total 393216K, used 173075K [0x00000000e8000000, 0x0000000100000000, 0x0000000100000000)
 Metaspace       used 32769K, capacity 33098K, committed 33432K, reserved 1079296K
  class space    used 3719K, capacity 3875K, committed 3992K, reserved 1048576K
2015-09-08T14:29:11.364+0200: 7286.405: [GC (Allocation Failure) 7286.405: [ParNew
Desired survivor size 20112992 bytes, new threshold 8 (max 8)
- age   1:     687256 bytes,     687256 total
- age   7:     987904 bytes,    1675160 total
: 89515K->1878K(109248K), 0.0029027 secs] 262591K->174953K(502464K), 0.0029529 secs] [Times: user=0.00 sys=0.00, real=0.00 secs] 
Heap after GC invocations=327 (full 7):
 par new generation   total 109248K, used 1878K [0x00000000e0000000, 0x00000000e8000000, 0x00000000e8000000)
  eden space 87424K,   0% used [0x00000000e0000000, 0x00000000e0000000, 0x00000000e5560000)
  from space 21824K,   8% used [0x00000000e6ab0000, 0x00000000e6c85938, 0x00000000e8000000)
  to   space 21824K,   0% used [0x00000000e5560000, 0x00000000e5560000, 0x00000000e6ab0000)
 concurrent mark-sweep generation total 393216K, used 173075K [0x00000000e8000000, 0x0000000100000000, 0x0000000100000000)
 Metaspace       used 32769K, capacity 33098K, committed 33432K, reserved 1079296K
  class space    used 3719K, capacity 3875K, committed 3992K, reserved 1048576K
}
2015-09-08T14:29:11.367+0200: 7286.408: Total time for which application threads were stopped: 0.0031075 seconds, Stopping threads took: 0.0000144 seconds
{Heap before GC invocations=327 (full 7):
 par new generation   total 109248K, used 89302K [0x00000000e0000000, 0x00000000e8000000, 0x00000000e8000000)
  eden space 87424K, 100% used [0x00000000e0000000, 0x00000000e5560000, 0x00000000e5560000)
  from space 21824K,   8% used [0x00000000e6ab0000, 0x00000000e6c85938, 0x00000000e8000000)
  to   space 21824K,   0% used [0x00000000e5560000, 0x00000000e5560000, 0x00000000e6ab0000)
 concurrent mark-sweep generation total 393216K, used 173075K [0x00000000e8000000, 0x0000000100000000, 0x0000000100000000)
 Metaspace       used 32769K, capacity 33098K, committed 33432K, reserved 1079296K
  class space    used 3719K, capacity 3875K, committed 3992K, reserved 1048576K
2015-09-08T14:29:11.800+0200: 7286.840: [GC (Allocation Failure) 7286.841: [ParNew
Desired survivor size 20112992 bytes, new threshold 8 (max 8)
- age   1:     680128 bytes,     680128 total
- age   8:     987656 bytes,    1667784 total
: 89302K->1820K(109248K), 0.0027913 secs] 262377K->174896K(502464K), 0.0028403 secs] [Times: user=0.00 sys=0.00, real=0.00 secs] 
Heap after GC invocations=328 (full 7):
 par new generation   total 109248K, used 1820K [0x00000000e0000000, 0x00000000e8000000, 0x00000000e8000000)
  eden space 87424K,   0% used [0x00000000e0000000, 0x00000000e0000000, 0x00000000e5560000)
  from space 21824K,   8% used [0x00000000e5560000, 0x00000000e57273a8, 0x00000000e6ab0000)
  to   space 21824K,   0% used [0x00000000e6ab0000, 0x00000000e6ab0000, 0x00000000e8000000)
 concurrent mark-sweep generation total 393216K, used 173075K [0x00000000e8000000, 0x0000000100000000, 0x0000000100000000)
 Metaspace       used 32769K, capacity 33098K, committed 33432K, reserved 1079296K
  class space    used 3719K, capacity 3875K, committed 3992K, reserved 1048576K
}
2015-09-08T14:29:11.803+0200: 7286.843: Total time for which application threads were stopped: 0.0029881 seconds, Stopping threads took: 0.0000141 seconds
{Heap before GC invocations=328 (full 7):
 par new generation   total 109248K, used 89244K [0x00000000e0000000, 0x00000000e8000000, 0x00000000e8000000)
  eden space 87424K, 100% used [0x00000000e0000000, 0x00000000e5560000, 0x00000000e5560000)
  from space 21824K,   8% used [0x00000000e5560000, 0x00000000e57273a8, 0x00000000e6ab0000)
  to   space 21824K,   0% used [0x00000000e6ab0000, 0x00000000e6ab0000, 0x00000000e8000000)
 concurrent mark-sweep generation total 393216K, used 173075K [0x00000000e8000000, 0x0000000100000000, 0x0000000100000000)
 Metaspace       used 32769K, capacity 33098K, committed 33432K, reserved 1079296K
  class space    used 3719K, capacity 3875K, committed 3992K, reserved 1048576K
2015-09-08T14:29:12.266+0200: 7287.306: [GC (Allocation Failure) 7287.306: [ParNew
Desired survivor size 20112992 bytes, new threshold 8 (max 8)
- age   1:     688408 bytes,     688408 total
- age   2:        224 bytes,     688632 total
: 89244K->854K(109248K), 0.0026985 secs] 262320K->174895K(502464K), 0.0027469 secs] [Times: user=0.00 sys=0.00, real=0.00 secs] 
Heap after GC invocations=329 (full 7):
 par new generation   total 109248K, used 854K [0x00000000e0000000, 0x00000000e8000000, 0x00000000e8000000)
  eden space 87424K,   0% used [0x00000000e0000000, 0x00000000e0000000, 0x00000000e5560000)
  from space 21824K,   3% used [0x00000000e6ab0000, 0x00000000e6b858b8, 0x00000000e8000000)
  to   space 21824K,   0% used [0x00000000e5560000, 0x00000000e5560000, 0x00000000e6ab0000)
 concurrent mark-sweep generation total 393216K, used 174041K [0x00000000e8000000, 0x0000000100000000, 0x0000000100000000)
 Metaspace       used 32769K, capacity 33098K, committed 33432K, reserved 1079296K
  class space    used 3719K, capacity 3875K, committed 3992K, reserved 1048576K
}
2015-09-08T14:29:12.268+0200: 7287.309: Total time for which application threads were stopped: 0.0028989 seconds, Stopping threads took: 0.0000154 seconds
{Heap before GC invocations=329 (full 7):
 par new generation   total 109248K, used 88278K [0x00000000e0000000, 0x00000000e8000000, 0x00000000e8000000)
  eden space 87424K, 100% used [0x00000000e0000000, 0x00000000e5560000, 0x00000000e5560000)
  from space 21824K,   3% used [0x00000000e6ab0000, 0x00000000e6b858b8, 0x00000000e8000000)
  to   space 21824K,   0% used [0x00000000e5560000, 0x00000000e5560000, 0x00000000e6ab0000)
 concurrent mark-sweep generation total 393216K, used 174041K [0x00000000e8000000, 0x0000000100000000, 0x0000000100000000)
 Metaspace       used 32769K, capacity 33098K, committed 33432K, reserved 1079296K
  class space    used 3719K, capacity 3875K, committed 3992K, reserved 1048576K
2015-09-08T14:29:12.703+0200: 7287.743: [GC (Allocation Failure) 7287.743: [ParNew
Desired survivor size 20112992 bytes, new threshold 8 (max 8)
- age   1:     683208 bytes,     683208 total
- age   2:         32 bytes,     683240 total
- age   3:        224 bytes,     683464 total
: 88278K->844K(109248K), 0.0140630 secs] 262319K->174885K(502464K), 0.0141135 secs] [Times: user=0.00 sys=0.00, real=0.01 secs] 
Heap after GC invocations=330 (full 7):
 par new generation   total 109248K, used 844K [0x00000000e0000000, 0x00000000e8000000, 0x00000000e8000000)
  eden space 87424K,   0% used [0x00000000e0000000, 0x00000000e0000000, 0x00000000e5560000)
  from space 21824K,   3% used [0x00000000e5560000, 0x00000000e5633018, 0x00000000e6ab0000)
  to   space 21824K,   0% used [0x00000000e6ab0000, 0x00000000e6ab0000, 0x00000000e8000000)
 concurrent mark-sweep generation total 393216K, used 174041K [0x00000000e8000000, 0x0000000100000000, 0x0000000100000000)
 Metaspace       used 32769K, capacity 33098K, committed 33432K, reserved 1079296K
  class space    used 3719K, capacity 3875K, committed 3992K, reserved 1048576K
}
2015-09-08T14:29:12.717+0200: 7287.758: Total time for which application threads were stopped: 0.0142658 seconds, Stopping threads took: 0.0000147 seconds
{Heap before GC invocations=330 (full 7):
 par new generation   total 109248K, used 88268K [0x00000000e0000000, 0x00000000e8000000, 0x00000000e8000000)
  eden space 87424K, 100% used [0x00000000e0000000, 0x00000000e5560000, 0x00000000e5560000)
  from space 21824K,   3% used [0x00000000e5560000, 0x00000000e5633018, 0x00000000e6ab0000)
  to   space 21824K,   0% used [0x00000000e6ab0000, 0x00000000e6ab0000, 0x00000000e8000000)
 concurrent mark-sweep generation total 393216K, used 174041K [0x00000000e8000000, 0x0000000100000000, 0x0000000100000000)
 Metaspace       used 32769K, capacity 33098K, committed 33432K, reserved 1079296K
  class space    used 3719K, capacity 3875K, committed 3992K, reserved 1048576K
2015-09-08T14:29:13.165+0200: 7288.205: [GC (Allocation Failure) 7288.205: [ParNew
Desired survivor size 20112992 bytes, new threshold 8 (max 8)
- age   1:     680456 bytes,     680456 total
- age   4:        224 bytes,     680680 total
: 88268K->836K(109248K), 0.0024672 secs] 262309K->174877K(502464K), 0.0025117 secs] [Times: user=0.00 sys=0.00, real=0.00 secs] 
Heap after GC invocations=331 (full 7):
 par new generation   total 109248K, used 836K [0x00000000e0000000, 0x00000000e8000000, 0x00000000e8000000)
  eden space 87424K,   0% used [0x00000000e0000000, 0x00000000e0000000, 0x00000000e5560000)
  from space 21824K,   3% used [0x00000000e6ab0000, 0x00000000e6b81308, 0x00000000e8000000)
  to   space 21824K,   0% used [0x00000000e5560000, 0x00000000e5560000, 0x00000000e6ab0000)
 concurrent mark-sweep generation total 393216K, used 174041K [0x00000000e8000000, 0x0000000100000000, 0x0000000100000000)
 Metaspace       used 32769K, capacity 33098K, committed 33432K, reserved 1079296K
  class space    used 3719K, capacity 3875K, committed 3992K, reserved 1048576K
}
2015-09-08T14:29:13.167+0200: 7288.208: Total time for which application threads were stopped: 0.0026560 seconds, Stopping threads took: 0.0000141 seconds
2015-09-08T14:29:38.168+0200: 7313.209: Total time for which application threads were stopped: 0.0000653 seconds, Stopping threads took: 0.0000166 seconds
2015-09-08T14:30:28.171+0200: 7363.211: Total time for which application threads were stopped: 0.0000726 seconds, Stopping threads took: 0.0000266 seconds
2015-09-08T14:41:52.177+0200: 8047.213: Total time for which application threads were stopped: 0.0000650 seconds, Stopping threads took: 0.0000128 seconds
2015-09-08T14:41:53.177+0200: 8048.213: Total time for which application threads were stopped: 0.0001222 seconds, Stopping threads took: 0.0000403 seconds
2015-09-08T14:41:57.873+0200: 8052.909: Total time for which application threads were stopped: 0.0000694 seconds, Stopping threads took: 0.0000186 seconds
{Heap before GC invocations=331 (full 7):
 par new generation   total 109248K, used 88260K [0x00000000e0000000, 0x00000000e8000000, 0x00000000e8000000)
  eden space 87424K, 100% used [0x00000000e0000000, 0x00000000e5560000, 0x00000000e5560000)
  from space 21824K,   3% used [0x00000000e6ab0000, 0x00000000e6b81308, 0x00000000e8000000)
  to   space 21824K,   0% used [0x00000000e5560000, 0x00000000e5560000, 0x00000000e6ab0000)
 concurrent mark-sweep generation total 393216K, used 174041K [0x00000000e8000000, 0x0000000100000000, 0x0000000100000000)
 Metaspace       used 32781K, capacity 33162K, committed 33688K, reserved 1079296K
  class space    used 3719K, capacity 3875K, committed 3992K, reserved 1048576K
2015-09-08T14:41:58.130+0200: 8053.166: [GC (Allocation Failure) 8053.166: [ParNew
Desired survivor size 20112992 bytes, new threshold 8 (max 8)
- age   1:     812176 bytes,     812176 total
- age   2:         32 bytes,     812208 total
: 88260K->1165K(109248K), 0.0026105 secs] 262301K->175206K(502464K), 0.0026608 secs] [Times: user=0.00 sys=0.00, real=0.00 secs] 
Heap after GC invocations=332 (full 7):
 par new generation   total 109248K, used 1165K [0x00000000e0000000, 0x00000000e8000000, 0x00000000e8000000)
  eden space 87424K,   0% used [0x00000000e0000000, 0x00000000e0000000, 0x00000000e5560000)
  from space 21824K,   5% used [0x00000000e5560000, 0x00000000e5683590, 0x00000000e6ab0000)
  to   space 21824K,   0% used [0x00000000e6ab0000, 0x00000000e6ab0000, 0x00000000e8000000)
 concurrent mark-sweep generation total 393216K, used 174041K [0x00000000e8000000, 0x0000000100000000, 0x0000000100000000)
 Metaspace       used 32781K, capacity 33162K, committed 33688K, reserved 1079296K
  class space    used 3719K, capacity 3875K, committed 3992K, reserved 1048576K
}
2015-09-08T14:41:58.133+0200: 8053.169: Total time for which application threads were stopped: 0.0028121 seconds, Stopping threads took: 0.0000134 seconds
2015-09-08T14:42:53.137+0200: 8108.172: Total time for which application threads were stopped: 0.0000675 seconds, Stopping threads took: 0.0000131 seconds
2015-09-08T14:42:54.137+0200: 8109.172: Total time for which application threads were stopped: 0.0001158 seconds, Stopping threads took: 0.0000154 seconds
2015-09-08T14:45:01.967+0200: 8237.002: Total time for which application threads were stopped: 0.0000784 seconds, Stopping threads took: 0.0000144 seconds
{Heap before GC invocations=332 (full 7):
 par new generation   total 109248K, used 88589K [0x00000000e0000000, 0x00000000e8000000, 0x00000000e8000000)
  eden space 87424K, 100% used [0x00000000e0000000, 0x00000000e5560000, 0x00000000e5560000)
  from space 21824K,   5% used [0x00000000e5560000, 0x00000000e5683590, 0x00000000e6ab0000)
  to   space 21824K,   0% used [0x00000000e6ab0000, 0x00000000e6ab0000, 0x00000000e8000000)
 concurrent mark-sweep generation total 393216K, used 174041K [0x00000000e8000000, 0x0000000100000000, 0x0000000100000000)
 Metaspace       used 32783K, capacity 33162K, committed 33688K, reserved 1079296K
  class space    used 3719K, capacity 3875K, committed 3992K, reserved 1048576K
2015-09-08T14:45:01.968+0200: 8237.003: [GC (Allocation Failure) 8237.003: [ParNew
Desired survivor size 20112992 bytes, new threshold 8 (max 8)
- age   1:    3920200 bytes,    3920200 total
- age   2:      11152 bytes,    3931352 total
- age   3:         32 bytes,    3931384 total
: 88589K->3978K(109248K), 0.0058854 secs] 262630K->178019K(502464K), 0.0059424 secs] [Times: user=0.00 sys=0.00, real=0.01 secs] 
Heap after GC invocations=333 (full 7):
 par new generation   total 109248K, used 3978K [0x00000000e0000000, 0x00000000e8000000, 0x00000000e8000000)
  eden space 87424K,   0% used [0x00000000e0000000, 0x00000000e0000000, 0x00000000e5560000)
  from space 21824K,  18% used [0x00000000e6ab0000, 0x00000000e6e92b40, 0x00000000e8000000)
  to   space 21824K,   0% used [0x00000000e5560000, 0x00000000e5560000, 0x00000000e6ab0000)
 concurrent mark-sweep generation total 393216K, used 174041K [0x00000000e8000000, 0x0000000100000000, 0x0000000100000000)
 Metaspace       used 32783K, capacity 33162K, committed 33688K, reserved 1079296K
  class space    used 3719K, capacity 3875K, committed 3992K, reserved 1048576K
}
2015-09-08T14:45:01.974+0200: 8237.009: Total time for which application threads were stopped: 0.0061120 seconds, Stopping threads took: 0.0000278 seconds
2015-09-08T14:47:19.883+0200: 8374.916: Total time for which application threads were stopped: 0.0000749 seconds, Stopping threads took: 0.0000179 seconds
{Heap before GC invocations=333 (full 7):
 par new generation   total 109248K, used 91402K [0x00000000e0000000, 0x00000000e8000000, 0x00000000e8000000)
  eden space 87424K, 100% used [0x00000000e0000000, 0x00000000e5560000, 0x00000000e5560000)
  from space 21824K,  18% used [0x00000000e6ab0000, 0x00000000e6e92b40, 0x00000000e8000000)
  to   space 21824K,   0% used [0x00000000e5560000, 0x00000000e5560000, 0x00000000e6ab0000)
 concurrent mark-sweep generation total 393216K, used 174041K [0x00000000e8000000, 0x0000000100000000, 0x0000000100000000)
 Metaspace       used 32786K, capacity 33162K, committed 33688K, reserved 1079296K
  class space    used 3719K, capacity 3875K, committed 3992K, reserved 1048576K
2015-09-08T14:47:20.000+0200: 8375.033: [GC (Allocation Failure) 8375.033: [ParNew
Desired survivor size 20112992 bytes, new threshold 8 (max 8)
- age   1:     806904 bytes,     806904 total
- age   2:      13544 bytes,     820448 total
- age   3:      11040 bytes,     831488 total
- age   4:         32 bytes,     831520 total
: 91402K->2359K(109248K), 0.0027565 secs] 265443K->176400K(502464K), 0.0028025 secs] [Times: user=0.00 sys=0.00, real=0.00 secs] 
Heap after GC invocations=334 (full 7):
 par new generation   total 109248K, used 2359K [0x00000000e0000000, 0x00000000e8000000, 0x00000000e8000000)
  eden space 87424K,   0% used [0x00000000e0000000, 0x00000000e0000000, 0x00000000e5560000)
  from space 21824K,  10% used [0x00000000e5560000, 0x00000000e57adf60, 0x00000000e6ab0000)
  to   space 21824K,   0% used [0x00000000e6ab0000, 0x00000000e6ab0000, 0x00000000e8000000)
 concurrent mark-sweep generation total 393216K, used 174041K [0x00000000e8000000, 0x0000000100000000, 0x0000000100000000)
 Metaspace       used 32786K, capacity 33162K, committed 33688K, reserved 1079296K
  class space    used 3719K, capacity 3875K, committed 3992K, reserved 1048576K
}
2015-09-08T14:47:20.002+0200: 8375.036: Total time for which application threads were stopped: 0.0029574 seconds, Stopping threads took: 0.0000227 seconds
2015-09-08T14:47:30.002+0200: 8385.035: Total time for which application threads were stopped: 0.0001050 seconds, Stopping threads took: 0.0000320 seconds
{Heap before GC invocations=334 (full 7):
 par new generation   total 109248K, used 89783K [0x00000000e0000000, 0x00000000e8000000, 0x00000000e8000000)
  eden space 87424K, 100% used [0x00000000e0000000, 0x00000000e5560000, 0x00000000e5560000)
  from space 21824K,  10% used [0x00000000e5560000, 0x00000000e57adf60, 0x00000000e6ab0000)
  to   space 21824K,   0% used [0x00000000e6ab0000, 0x00000000e6ab0000, 0x00000000e8000000)
 concurrent mark-sweep generation total 393216K, used 174041K [0x00000000e8000000, 0x0000000100000000, 0x0000000100000000)
 Metaspace       used 32786K, capacity 33162K, committed 33688K, reserved 1079296K
  class space    used 3719K, capacity 3875K, committed 3992K, reserved 1048576K
2015-09-08T14:47:30.069+0200: 8385.103: [GC (Allocation Failure) 8385.103: [ParNew
Desired survivor size 20112992 bytes, new threshold 8 (max 8)
- age   1:     825272 bytes,     825272 total
- age   2:      13720 bytes,     838992 total
- age   3:      13424 bytes,     852416 total
- age   4:      10144 bytes,     862560 total
- age   5:         32 bytes,     862592 total
: 89783K->1067K(109248K), 0.0024333 secs] 263824K->175108K(502464K), 0.0024793 secs] [Times: user=0.00 sys=0.00, real=0.00 secs] 
Heap after GC invocations=335 (full 7):
 par new generation   total 109248K, used 1067K [0x00000000e0000000, 0x00000000e8000000, 0x00000000e8000000)
  eden space 87424K,   0% used [0x00000000e0000000, 0x00000000e0000000, 0x00000000e5560000)
  from space 21824K,   4% used [0x00000000e6ab0000, 0x00000000e6bbae80, 0x00000000e8000000)
  to   space 21824K,   0% used [0x00000000e5560000, 0x00000000e5560000, 0x00000000e6ab0000)
 concurrent mark-sweep generation total 393216K, used 174041K [0x00000000e8000000, 0x0000000100000000, 0x0000000100000000)
 Metaspace       used 32786K, capacity 33162K, committed 33688K, reserved 1079296K
  class space    used 3719K, capacity 3875K, committed 3992K, reserved 1048576K
}
2015-09-08T14:47:30.072+0200: 8385.106: Total time for which application threads were stopped: 0.0026313 seconds, Stopping threads took: 0.0000141 seconds
2015-09-08T14:48:35.097+0200: 8450.130: Total time for which application threads were stopped: 0.0000659 seconds, Stopping threads took: 0.0000128 seconds
{Heap before GC invocations=335 (full 7):
 par new generation   total 109248K, used 88491K [0x00000000e0000000, 0x00000000e8000000, 0x00000000e8000000)
  eden space 87424K, 100% used [0x00000000e0000000, 0x00000000e5560000, 0x00000000e5560000)
  from space 21824K,   4% used [0x00000000e6ab0000, 0x00000000e6bbae80, 0x00000000e8000000)
  to   space 21824K,   0% used [0x00000000e5560000, 0x00000000e5560000, 0x00000000e6ab0000)
 concurrent mark-sweep generation total 393216K, used 174041K [0x00000000e8000000, 0x0000000100000000, 0x0000000100000000)
 Metaspace       used 32786K, capacity 33162K, committed 33688K, reserved 1079296K
  class space    used 3719K, capacity 3875K, committed 3992K, reserved 1048576K
2015-09-08T14:48:35.372+0200: 8450.405: [GC (Allocation Failure) 8450.405: [ParNew
Desired survivor size 20112992 bytes, new threshold 8 (max 8)
- age   1:     818856 bytes,     818856 total
- age   2:      30368 bytes,     849224 total
- age   3:      13120 bytes,     862344 total
- age   4:        544 bytes,     862888 total
- age   5:      10144 bytes,     873032 total
- age   6:         32 bytes,     873064 total
: 88491K->1417K(109248K), 0.0020934 secs] 262532K->175458K(502464K), 0.0021382 secs] [Times: user=0.00 sys=0.00, real=0.00 secs] 
Heap after GC invocations=336 (full 7):
 par new generation   total 109248K, used 1417K [0x00000000e0000000, 0x00000000e8000000, 0x00000000e8000000)
  eden space 87424K,   0% used [0x00000000e0000000, 0x00000000e0000000, 0x00000000e5560000)
  from space 21824K,   6% used [0x00000000e5560000, 0x00000000e56c2408, 0x00000000e6ab0000)
  to   space 21824K,   0% used [0x00000000e6ab0000, 0x00000000e6ab0000, 0x00000000e8000000)
 concurrent mark-sweep generation total 393216K, used 174041K [0x00000000e8000000, 0x0000000100000000, 0x0000000100000000)
 Metaspace       used 32786K, capacity 33162K, committed 33688K, reserved 1079296K
  class space    used 3719K, capacity 3875K, committed 3992K, reserved 1048576K
}
2015-09-08T14:48:35.375+0200: 8450.408: Total time for which application threads were stopped: 0.0022893 seconds, Stopping threads took: 0.0000141 seconds
2015-09-08T14:50:01.001+0200: 8536.034: Total time for which application threads were stopped: 0.0000723 seconds, Stopping threads took: 0.0000154 seconds
{Heap before GC invocations=336 (full 7):
 par new generation   total 109248K, used 88841K [0x00000000e0000000, 0x00000000e8000000, 0x00000000e8000000)
  eden space 87424K, 100% used [0x00000000e0000000, 0x00000000e5560000, 0x00000000e5560000)
  from space 21824K,   6% used [0x00000000e5560000, 0x00000000e56c2408, 0x00000000e6ab0000)
  to   space 21824K,   0% used [0x00000000e6ab0000, 0x00000000e6ab0000, 0x00000000e8000000)
 concurrent mark-sweep generation total 393216K, used 174041K [0x00000000e8000000, 0x0000000100000000, 0x0000000100000000)
 Metaspace       used 32789K, capacity 33162K, committed 33688K, reserved 1079296K
  class space    used 3719K, capacity 3875K, committed 3992K, reserved 1048576K
2015-09-08T14:50:01.324+0200: 8536.356: [GC (Allocation Failure) 8536.356: [ParNew
Desired survivor size 20112992 bytes, new threshold 8 (max 8)
- age   1:     806664 bytes,     806664 total
- age   2:      13288 bytes,     819952 total
- age   3:      30240 bytes,     850192 total
- age   4:        280 bytes,     850472 total
- age   5:        504 bytes,     850976 total
- age   6:       9928 bytes,     860904 total
- age   7:         32 bytes,     860936 total
: 88841K->1142K(109248K), 0.0025510 secs] 262882K->175184K(502464K), 0.0025958 secs] [Times: user=0.00 sys=0.00, real=0.00 secs] 
Heap after GC invocations=337 (full 7):
 par new generation   total 109248K, used 1142K [0x00000000e0000000, 0x00000000e8000000, 0x00000000e8000000)
  eden space 87424K,   0% used [0x00000000e0000000, 0x00000000e0000000, 0x00000000e5560000)
  from space 21824K,   5% used [0x00000000e6ab0000, 0x00000000e6bcdb88, 0x00000000e8000000)
  to   space 21824K,   0% used [0x00000000e5560000, 0x00000000e5560000, 0x00000000e6ab0000)
 concurrent mark-sweep generation total 393216K, used 174041K [0x00000000e8000000, 0x0000000100000000, 0x0000000100000000)
 Metaspace       used 32789K, capacity 33162K, committed 33688K, reserved 1079296K
  class space    used 3719K, capacity 3875K, committed 3992K, reserved 1048576K
}
2015-09-08T14:50:01.327+0200: 8536.359: Total time for which application threads were stopped: 0.0027459 seconds, Stopping threads took: 0.0000138 seconds
2015-09-08T15:32:57.906+0200: 11112.921: Total time for which application threads were stopped: 0.0000675 seconds, Stopping threads took: 0.0000134 seconds
2015-09-08T15:32:58.907+0200: 11113.921: Total time for which application threads were stopped: 0.0001021 seconds, Stopping threads took: 0.0000250 seconds
2015-09-08T15:41:31.572+0200: 11626.583: Total time for which application threads were stopped: 0.0001053 seconds, Stopping threads took: 0.0000349 seconds
2015-09-08T15:41:32.572+0200: 11627.583: Total time for which application threads were stopped: 0.0001344 seconds, Stopping threads took: 0.0000272 seconds
2015-09-08T15:41:36.491+0200: 11631.502: Total time for which application threads were stopped: 0.0000902 seconds, Stopping threads took: 0.0000246 seconds
2015-09-08T15:41:37.491+0200: 11632.502: Total time for which application threads were stopped: 0.0000710 seconds, Stopping threads took: 0.0000269 seconds
2015-09-08T15:41:42.491+0200: 11637.502: Total time for which application threads were stopped: 0.0000707 seconds, Stopping threads took: 0.0000272 seconds
2015-09-08T15:42:32.707+0200: 11687.718: Total time for which application threads were stopped: 0.0000710 seconds, Stopping threads took: 0.0000182 seconds
2015-09-08T15:43:57.309+0200: 11772.319: Total time for which application threads were stopped: 0.0000682 seconds, Stopping threads took: 0.0000138 seconds
2015-09-08T15:45:12.506+0200: 11847.516: Total time for which application threads were stopped: 0.0000720 seconds, Stopping threads took: 0.0000160 seconds
{Heap before GC invocations=337 (full 7):
 par new generation   total 109248K, used 88566K [0x00000000e0000000, 0x00000000e8000000, 0x00000000e8000000)
  eden space 87424K, 100% used [0x00000000e0000000, 0x00000000e5560000, 0x00000000e5560000)
  from space 21824K,   5% used [0x00000000e6ab0000, 0x00000000e6bcdb88, 0x00000000e8000000)
  to   space 21824K,   0% used [0x00000000e5560000, 0x00000000e5560000, 0x00000000e6ab0000)
 concurrent mark-sweep generation total 393216K, used 174041K [0x00000000e8000000, 0x0000000100000000, 0x0000000100000000)
 Metaspace       used 32795K, capacity 33226K, committed 33688K, reserved 1079296K
  class space    used 3719K, capacity 3875K, committed 3992K, reserved 1048576K
2015-09-08T15:45:12.845+0200: 11847.855: [GC (Allocation Failure) 11847.855: [ParNew
Desired survivor size 20112992 bytes, new threshold 8 (max 8)
- age   1:     825776 bytes,     825776 total
- age   2:         72 bytes,     825848 total
- age   3:         72 bytes,     825920 total
- age   4:      29384 bytes,     855304 total
- age   5:        240 bytes,     855544 total
- age   6:        288 bytes,     855832 total
- age   7:       9928 bytes,     865760 total
- age   8:         32 bytes,     865792 total
: 88566K->1152K(109248K), 0.0030310 secs] 262608K->175193K(502464K), 0.0030742 secs] [Times: user=0.00 sys=0.00, real=0.00 secs] 
Heap after GC invocations=338 (full 7):
 par new generation   total 109248K, used 1152K [0x00000000e0000000, 0x00000000e8000000, 0x00000000e8000000)
  eden space 87424K,   0% used [0x00000000e0000000, 0x00000000e0000000, 0x00000000e5560000)
  from space 21824K,   5% used [0x00000000e5560000, 0x00000000e5680310, 0x00000000e6ab0000)
  to   space 21824K,   0% used [0x00000000e6ab0000, 0x00000000e6ab0000, 0x00000000e8000000)
 concurrent mark-sweep generation total 393216K, used 174041K [0x00000000e8000000, 0x0000000100000000, 0x0000000100000000)
 Metaspace       used 32795K, capacity 33226K, committed 33688K, reserved 1079296K
  class space    used 3719K, capacity 3875K, committed 3992K, reserved 1048576K
}
2015-09-08T15:45:12.848+0200: 11847.858: Total time for which application threads were stopped: 0.0032237 seconds, Stopping threads took: 0.0000144 seconds
2015-09-08T15:46:12.267+0200: 11907.276: Total time for which application threads were stopped: 0.0000637 seconds, Stopping threads took: 0.0000128 seconds
2015-09-08T15:54:11.620+0200: 12386.626: Total time for which application threads were stopped: 0.0001379 seconds, Stopping threads took: 0.0000358 seconds
{Heap before GC invocations=338 (full 7):
 par new generation   total 109248K, used 88576K [0x00000000e0000000, 0x00000000e8000000, 0x00000000e8000000)
  eden space 87424K, 100% used [0x00000000e0000000, 0x00000000e5560000, 0x00000000e5560000)
  from space 21824K,   5% used [0x00000000e5560000, 0x00000000e5680310, 0x00000000e6ab0000)
  to   space 21824K,   0% used [0x00000000e6ab0000, 0x00000000e6ab0000, 0x00000000e8000000)
 concurrent mark-sweep generation total 393216K, used 174041K [0x00000000e8000000, 0x0000000100000000, 0x0000000100000000)
 Metaspace       used 32795K, capacity 33226K, committed 33688K, reserved 1079296K
  class space    used 3719K, capacity 3875K, committed 3992K, reserved 1048576K
2015-09-08T15:54:11.723+0200: 12386.730: [GC (Allocation Failure) 12386.730: [ParNew
Desired survivor size 20112992 bytes, new threshold 8 (max 8)
- age   1:     812232 bytes,     812232 total
- age   2:      10656 bytes,     822888 total
- age   3:         72 bytes,     822960 total
- age   4:         72 bytes,     823032 total
- age   5:      29384 bytes,     852416 total
- age   6:        240 bytes,     852656 total
- age   7:        288 bytes,     852944 total
- age   8:       9928 bytes,     862872 total
: 88576K->1070K(109248K), 0.0026726 secs] 262617K->175111K(502464K), 0.0027408 secs] [Times: user=0.00 sys=0.00, real=0.00 secs] 
Heap after GC invocations=339 (full 7):
 par new generation   total 109248K, used 1070K [0x00000000e0000000, 0x00000000e8000000, 0x00000000e8000000)
  eden space 87424K,   0% used [0x00000000e0000000, 0x00000000e0000000, 0x00000000e5560000)
  from space 21824K,   4% used [0x00000000e6ab0000, 0x00000000e6bbba80, 0x00000000e8000000)
  to   space 21824K,   0% used [0x00000000e5560000, 0x00000000e5560000, 0x00000000e6ab0000)
 concurrent mark-sweep generation total 393216K, used 174041K [0x00000000e8000000, 0x0000000100000000, 0x0000000100000000)
 Metaspace       used 32795K, capacity 33226K, committed 33688K, reserved 1079296K
  class space    used 3719K, capacity 3875K, committed 3992K, reserved 1048576K
}
2015-09-08T15:54:11.726+0200: 12386.732: Total time for which application threads were stopped: 0.0029129 seconds, Stopping threads took: 0.0000134 seconds
2015-09-08T15:54:17.708+0200: 12392.714: Total time for which application threads were stopped: 0.0000602 seconds, Stopping threads took: 0.0000144 seconds
{Heap before GC invocations=339 (full 7):
 par new generation   total 109248K, used 88494K [0x00000000e0000000, 0x00000000e8000000, 0x00000000e8000000)
  eden space 87424K, 100% used [0x00000000e0000000, 0x00000000e5560000, 0x00000000e5560000)
  from space 21824K,   4% used [0x00000000e6ab0000, 0x00000000e6bbba80, 0x00000000e8000000)
  to   space 21824K,   0% used [0x00000000e5560000, 0x00000000e5560000, 0x00000000e6ab0000)
 concurrent mark-sweep generation total 393216K, used 174041K [0x00000000e8000000, 0x0000000100000000, 0x0000000100000000)
 Metaspace       used 32801K, capacity 33226K, committed 33688K, reserved 1079296K
  class space    used 3719K, capacity 3875K, committed 3992K, reserved 1048576K
2015-09-08T15:54:19.276+0200: 12394.282: [GC (Allocation Failure) 12394.282: [ParNew
Desired survivor size 20112992 bytes, new threshold 8 (max 8)
- age   1:    1611312 bytes,    1611312 total
- age   2:      26640 bytes,    1637952 total
- age   3:      10440 bytes,    1648392 total
- age   4:         72 bytes,    1648464 total
- age   5:         72 bytes,    1648536 total
- age   6:      29384 bytes,    1677920 total
- age   7:        240 bytes,    1678160 total
- age   8:        288 bytes,    1678448 total
: 88494K->2116K(109248K), 0.0027587 secs] 262535K->176167K(502464K), 0.0028048 secs] [Times: user=0.00 sys=0.00, real=0.00 secs] 
Heap after GC invocations=340 (full 7):
 par new generation   total 109248K, used 2116K [0x00000000e0000000, 0x00000000e8000000, 0x00000000e8000000)
  eden space 87424K,   0% used [0x00000000e0000000, 0x00000000e0000000, 0x00000000e5560000)
  from space 21824K,   9% used [0x00000000e5560000, 0x00000000e57713e0, 0x00000000e6ab0000)
  to   space 21824K,   0% used [0x00000000e6ab0000, 0x00000000e6ab0000, 0x00000000e8000000)
 concurrent mark-sweep generation total 393216K, used 174050K [0x00000000e8000000, 0x0000000100000000, 0x0000000100000000)
 Metaspace       used 32801K, capacity 33226K, committed 33688K, reserved 1079296K
  class space    used 3719K, capacity 3875K, committed 3992K, reserved 1048576K
}
2015-09-08T15:54:19.279+0200: 12394.285: Total time for which application threads were stopped: 0.0030221 seconds, Stopping threads took: 0.0000822 seconds
{Heap before GC invocations=340 (full 7):
 par new generation   total 109248K, used 89540K [0x00000000e0000000, 0x00000000e8000000, 0x00000000e8000000)
  eden space 87424K, 100% used [0x00000000e0000000, 0x00000000e5560000, 0x00000000e5560000)
  from space 21824K,   9% used [0x00000000e5560000, 0x00000000e57713e0, 0x00000000e6ab0000)
  to   space 21824K,   0% used [0x00000000e6ab0000, 0x00000000e6ab0000, 0x00000000e8000000)
 concurrent mark-sweep generation total 393216K, used 174050K [0x00000000e8000000, 0x0000000100000000, 0x0000000100000000)
 Metaspace       used 32801K, capacity 33226K, committed 33688K, reserved 1079296K
  class space    used 3719K, capacity 3875K, committed 3992K, reserved 1048576K
2015-09-08T15:54:19.714+0200: 12394.720: [GC (Allocation Failure) 12394.720: [ParNew
Desired survivor size 20112992 bytes, new threshold 8 (max 8)
- age   1:     691664 bytes,     691664 total
- age   2:     928072 bytes,    1619736 total
- age   3:      26640 bytes,    1646376 total
- age   4:      10440 bytes,    1656816 total
- age   5:         72 bytes,    1656888 total
- age   6:         72 bytes,    1656960 total
- age   7:      29384 bytes,    1686344 total
- age   8:        240 bytes,    1686584 total
: 89540K->1908K(109248K), 0.0027805 secs] 263591K->175959K(502464K), 0.0028192 secs] [Times: user=0.00 sys=0.00, real=0.00 secs] 
Heap after GC invocations=341 (full 7):
 par new generation   total 109248K, used 1908K [0x00000000e0000000, 0x00000000e8000000, 0x00000000e8000000)
  eden space 87424K,   0% used [0x00000000e0000000, 0x00000000e0000000, 0x00000000e5560000)
  from space 21824K,   8% used [0x00000000e6ab0000, 0x00000000e6c8d230, 0x00000000e8000000)
  to   space 21824K,   0% used [0x00000000e5560000, 0x00000000e5560000, 0x00000000e6ab0000)
 concurrent mark-sweep generation total 393216K, used 174051K [0x00000000e8000000, 0x0000000100000000, 0x0000000100000000)
 Metaspace       used 32801K, capacity 33226K, committed 33688K, reserved 1079296K
  class space    used 3719K, capacity 3875K, committed 3992K, reserved 1048576K
}
2015-09-08T15:54:19.717+0200: 12394.723: Total time for which application threads were stopped: 0.0029673 seconds, Stopping threads took: 0.0000150 seconds
{Heap before GC invocations=341 (full 7):
 par new generation   total 109248K, used 89332K [0x00000000e0000000, 0x00000000e8000000, 0x00000000e8000000)
  eden space 87424K, 100% used [0x00000000e0000000, 0x00000000e5560000, 0x00000000e5560000)
  from space 21824K,   8% used [0x00000000e6ab0000, 0x00000000e6c8d230, 0x00000000e8000000)
  to   space 21824K,   0% used [0x00000000e5560000, 0x00000000e5560000, 0x00000000e6ab0000)
 concurrent mark-sweep generation total 393216K, used 174051K [0x00000000e8000000, 0x0000000100000000, 0x0000000100000000)
 Metaspace       used 32801K, capacity 33226K, committed 33688K, reserved 1079296K
  class space    used 3719K, capacity 3875K, committed 3992K, reserved 1048576K
2015-09-08T15:54:20.148+0200: 12395.154: [GC (Allocation Failure) 12395.154: [ParNew
Desired survivor size 20112992 bytes, new threshold 8 (max 8)
- age   1:     691832 bytes,     691832 total
- age   3:     928072 bytes,    1619904 total
- age   4:      26640 bytes,    1646544 total
- age   5:      10440 bytes,    1656984 total
- age   6:         72 bytes,    1657056 total
- age   7:         72 bytes,    1657128 total
- age   8:      29384 bytes,    1686512 total
: 89332K->1720K(109248K), 0.0027472 secs] 263383K->175771K(502464K), 0.0027846 secs] [Times: user=0.00 sys=0.00, real=0.00 secs] 
Heap after GC invocations=342 (full 7):
 par new generation   total 109248K, used 1720K [0x00000000e0000000, 0x00000000e8000000, 0x00000000e8000000)
  eden space 87424K,   0% used [0x00000000e0000000, 0x00000000e0000000, 0x00000000e5560000)
  from space 21824K,   7% used [0x00000000e5560000, 0x00000000e570e0c0, 0x00000000e6ab0000)
  to   space 21824K,   0% used [0x00000000e6ab0000, 0x00000000e6ab0000, 0x00000000e8000000)
 concurrent mark-sweep generation total 393216K, used 174051K [0x00000000e8000000, 0x0000000100000000, 0x0000000100000000)
 Metaspace       used 32801K, capacity 33226K, committed 33688K, reserved 1079296K
  class space    used 3719K, capacity 3875K, committed 3992K, reserved 1048576K
}
2015-09-08T15:54:20.151+0200: 12395.157: Total time for which application threads were stopped: 0.0029357 seconds, Stopping threads took: 0.0000144 seconds
{Heap before GC invocations=342 (full 7):
 par new generation   total 109248K, used 89144K [0x00000000e0000000, 0x00000000e8000000, 0x00000000e8000000)
  eden space 87424K, 100% used [0x00000000e0000000, 0x00000000e5560000, 0x00000000e5560000)
  from space 21824K,   7% used [0x00000000e5560000, 0x00000000e570e0c0, 0x00000000e6ab0000)
  to   space 21824K,   0% used [0x00000000e6ab0000, 0x00000000e6ab0000, 0x00000000e8000000)
 concurrent mark-sweep generation total 393216K, used 174051K [0x00000000e8000000, 0x0000000100000000, 0x0000000100000000)
 Metaspace       used 32801K, capacity 33226K, committed 33688K, reserved 1079296K
  class space    used 3719K, capacity 3875K, committed 3992K, reserved 1048576K
2015-09-08T15:54:20.585+0200: 12395.591: [GC (Allocation Failure) 12395.591: [ParNew
Desired survivor size 20112992 bytes, new threshold 8 (max 8)
- age   1:     683128 bytes,     683128 total
- age   4:     928072 bytes,    1611200 total
- age   5:      26640 bytes,    1637840 total
- age   6:      10440 bytes,    1648280 total
- age   7:         72 bytes,    1648352 total
- age   8:         72 bytes,    1648424 total
: 89144K->1718K(109248K), 0.0027648 secs] 263195K->175798K(502464K), 0.0028045 secs] [Times: user=0.00 sys=0.00, real=0.00 secs] 
Heap after GC invocations=343 (full 7):
 par new generation   total 109248K, used 1718K [0x00000000e0000000, 0x00000000e8000000, 0x00000000e8000000)
  eden space 87424K,   0% used [0x00000000e0000000, 0x00000000e0000000, 0x00000000e5560000)
  from space 21824K,   7% used [0x00000000e6ab0000, 0x00000000e6c5d908, 0x00000000e8000000)
  to   space 21824K,   0% used [0x00000000e5560000, 0x00000000e5560000, 0x00000000e6ab0000)
 concurrent mark-sweep generation total 393216K, used 174080K [0x00000000e8000000, 0x0000000100000000, 0x0000000100000000)
 Metaspace       used 32801K, capacity 33226K, committed 33688K, reserved 1079296K
  class space    used 3719K, capacity 3875K, committed 3992K, reserved 1048576K
}
2015-09-08T15:54:20.588+0200: 12395.594: Total time for which application threads were stopped: 0.0029533 seconds, Stopping threads took: 0.0000141 seconds
{Heap before GC invocations=343 (full 7):
 par new generation   total 109248K, used 89142K [0x00000000e0000000, 0x00000000e8000000, 0x00000000e8000000)
  eden space 87424K, 100% used [0x00000000e0000000, 0x00000000e5560000, 0x00000000e5560000)
  from space 21824K,   7% used [0x00000000e6ab0000, 0x00000000e6c5d908, 0x00000000e8000000)
  to   space 21824K,   0% used [0x00000000e5560000, 0x00000000e5560000, 0x00000000e6ab0000)
 concurrent mark-sweep generation total 393216K, used 174080K [0x00000000e8000000, 0x0000000100000000, 0x0000000100000000)
 Metaspace       used 32801K, capacity 33226K, committed 33688K, reserved 1079296K
  class space    used 3719K, capacity 3875K, committed 3992K, reserved 1048576K
2015-09-08T15:54:21.024+0200: 12396.029: [GC (Allocation Failure) 12396.029: [ParNew
Desired survivor size 20112992 bytes, new threshold 8 (max 8)
- age   1:     677808 bytes,     677808 total
- age   5:     928072 bytes,    1605880 total
- age   6:      26640 bytes,    1632520 total
- age   7:      10440 bytes,    1642960 total
- age   8:         72 bytes,    1643032 total
: 89142K->1966K(109248K), 0.0023056 secs] 263222K->176046K(502464K), 0.0023446 secs] [Times: user=0.00 sys=0.00, real=0.00 secs] 
Heap after GC invocations=344 (full 7):
 par new generation   total 109248K, used 1966K [0x00000000e0000000, 0x00000000e8000000, 0x00000000e8000000)
  eden space 87424K,   0% used [0x00000000e0000000, 0x00000000e0000000, 0x00000000e5560000)
  from space 21824K,   9% used [0x00000000e5560000, 0x00000000e574b998, 0x00000000e6ab0000)
  to   space 21824K,   0% used [0x00000000e6ab0000, 0x00000000e6ab0000, 0x00000000e8000000)
 concurrent mark-sweep generation total 393216K, used 174080K [0x00000000e8000000, 0x0000000100000000, 0x0000000100000000)
 Metaspace       used 32801K, capacity 33226K, committed 33688K, reserved 1079296K
  class space    used 3719K, capacity 3875K, committed 3992K, reserved 1048576K
}
2015-09-08T15:54:21.026+0200: 12396.032: Total time for which application threads were stopped: 0.0024963 seconds, Stopping threads took: 0.0000147 seconds
{Heap before GC invocations=344 (full 7):
 par new generation   total 109248K, used 89390K [0x00000000e0000000, 0x00000000e8000000, 0x00000000e8000000)
  eden space 87424K, 100% used [0x00000000e0000000, 0x00000000e5560000, 0x00000000e5560000)
  from space 21824K,   9% used [0x00000000e5560000, 0x00000000e574b998, 0x00000000e6ab0000)
  to   space 21824K,   0% used [0x00000000e6ab0000, 0x00000000e6ab0000, 0x00000000e8000000)
 concurrent mark-sweep generation total 393216K, used 174080K [0x00000000e8000000, 0x0000000100000000, 0x0000000100000000)
 Metaspace       used 32801K, capacity 33226K, committed 33688K, reserved 1079296K
  class space    used 3719K, capacity 3875K, committed 3992K, reserved 1048576K
2015-09-08T15:54:21.467+0200: 12396.472: [GC (Allocation Failure) 12396.472: [ParNew
Desired survivor size 20112992 bytes, new threshold 8 (max 8)
- age   1:     688368 bytes,     688368 total
- age   6:     928072 bytes,    1616440 total
- age   7:      26640 bytes,    1643080 total
- age   8:      10440 bytes,    1653520 total
: 89390K->1905K(109248K), 0.0022073 secs] 263470K->175986K(502464K), 0.0022601 secs] [Times: user=0.00 sys=0.01, real=0.00 secs] 
Heap after GC invocations=345 (full 7):
 par new generation   total 109248K, used 1905K [0x00000000e0000000, 0x00000000e8000000, 0x00000000e8000000)
  eden space 87424K,   0% used [0x00000000e0000000, 0x00000000e0000000, 0x00000000e5560000)
  from space 21824K,   8% used [0x00000000e6ab0000, 0x00000000e6c8c788, 0x00000000e8000000)
  to   space 21824K,   0% used [0x00000000e5560000, 0x00000000e5560000, 0x00000000e6ab0000)
 concurrent mark-sweep generation total 393216K, used 174080K [0x00000000e8000000, 0x0000000100000000, 0x0000000100000000)
 Metaspace       used 32801K, capacity 33226K, committed 33688K, reserved 1079296K
  class space    used 3719K, capacity 3875K, committed 3992K, reserved 1048576K
}
2015-09-08T15:54:21.469+0200: 12396.474: Total time for which application threads were stopped: 0.0024131 seconds, Stopping threads took: 0.0000154 seconds
{Heap before GC invocations=345 (full 7):
 par new generation   total 109248K, used 89329K [0x00000000e0000000, 0x00000000e8000000, 0x00000000e8000000)
  eden space 87424K, 100% used [0x00000000e0000000, 0x00000000e5560000, 0x00000000e5560000)
  from space 21824K,   8% used [0x00000000e6ab0000, 0x00000000e6c8c788, 0x00000000e8000000)
  to   space 21824K,   0% used [0x00000000e5560000, 0x00000000e5560000, 0x00000000e6ab0000)
 concurrent mark-sweep generation total 393216K, used 174080K [0x00000000e8000000, 0x0000000100000000, 0x0000000100000000)
 Metaspace       used 32801K, capacity 33226K, committed 33688K, reserved 1079296K
  class space    used 3719K, capacity 3875K, committed 3992K, reserved 1048576K
2015-09-08T15:54:21.898+0200: 12396.904: [GC (Allocation Failure) 12396.904: [ParNew
Desired survivor size 20112992 bytes, new threshold 8 (max 8)
- age   1:     686760 bytes,     686760 total
- age   7:     928040 bytes,    1614800 total
- age   8:      26640 bytes,    1641440 total
: 89329K->1860K(109248K), 0.0025939 secs] 263410K->175951K(502464K), 0.0026403 secs] [Times: user=0.00 sys=0.00, real=0.00 secs] 
Heap after GC invocations=346 (full 7):
 par new generation   total 109248K, used 1860K [0x00000000e0000000, 0x00000000e8000000, 0x00000000e8000000)
  eden space 87424K,   0% used [0x00000000e0000000, 0x00000000e0000000, 0x00000000e5560000)
  from space 21824K,   8% used [0x00000000e5560000, 0x00000000e5731358, 0x00000000e6ab0000)
  to   space 21824K,   0% used [0x00000000e6ab0000, 0x00000000e6ab0000, 0x00000000e8000000)
 concurrent mark-sweep generation total 393216K, used 174090K [0x00000000e8000000, 0x0000000100000000, 0x0000000100000000)
 Metaspace       used 32801K, capacity 33226K, committed 33688K, reserved 1079296K
  class space    used 3719K, capacity 3875K, committed 3992K, reserved 1048576K
}
2015-09-08T15:54:21.901+0200: 12396.906: Total time for which application threads were stopped: 0.0027993 seconds, Stopping threads took: 0.0000147 seconds
{Heap before GC invocations=346 (full 7):
 par new generation   total 109248K, used 89284K [0x00000000e0000000, 0x00000000e8000000, 0x00000000e8000000)
  eden space 87424K, 100% used [0x00000000e0000000, 0x00000000e5560000, 0x00000000e5560000)
  from space 21824K,   8% used [0x00000000e5560000, 0x00000000e5731358, 0x00000000e6ab0000)
  to   space 21824K,   0% used [0x00000000e6ab0000, 0x00000000e6ab0000, 0x00000000e8000000)
 concurrent mark-sweep generation total 393216K, used 174090K [0x00000000e8000000, 0x0000000100000000, 0x0000000100000000)
 Metaspace       used 32801K, capacity 33226K, committed 33688K, reserved 1079296K
  class space    used 3719K, capacity 3875K, committed 3992K, reserved 1048576K
2015-09-08T15:54:22.329+0200: 12397.335: [GC (Allocation Failure) 12397.335: [ParNew
Desired survivor size 20112992 bytes, new threshold 8 (max 8)
- age   1:     681544 bytes,     681544 total
- age   2:         32 bytes,     681576 total
- age   8:     928008 bytes,    1609584 total
: 89284K->1712K(109248K), 0.0022448 secs] 263375K->175830K(502464K), 0.0022950 secs] [Times: user=0.00 sys=0.00, real=0.00 secs] 
Heap after GC invocations=347 (full 7):
 par new generation   total 109248K, used 1712K [0x00000000e0000000, 0x00000000e8000000, 0x00000000e8000000)
  eden space 87424K,   0% used [0x00000000e0000000, 0x00000000e0000000, 0x00000000e5560000)
  from space 21824K,   7% used [0x00000000e6ab0000, 0x00000000e6c5c3c8, 0x00000000e8000000)
  to   space 21824K,   0% used [0x00000000e5560000, 0x00000000e5560000, 0x00000000e6ab0000)
 concurrent mark-sweep generation total 393216K, used 174117K [0x00000000e8000000, 0x0000000100000000, 0x0000000100000000)
 Metaspace       used 32801K, capacity 33226K, committed 33688K, reserved 1079296K
  class space    used 3719K, capacity 3875K, committed 3992K, reserved 1048576K
}
2015-09-08T15:54:22.331+0200: 12397.337: Total time for which application threads were stopped: 0.0024477 seconds, Stopping threads took: 0.0000150 seconds
{Heap before GC invocations=347 (full 7):
 par new generation   total 109248K, used 89136K [0x00000000e0000000, 0x00000000e8000000, 0x00000000e8000000)
  eden space 87424K, 100% used [0x00000000e0000000, 0x00000000e5560000, 0x00000000e5560000)
  from space 21824K,   7% used [0x00000000e6ab0000, 0x00000000e6c5c3c8, 0x00000000e8000000)
  to   space 21824K,   0% used [0x00000000e5560000, 0x00000000e5560000, 0x00000000e6ab0000)
 concurrent mark-sweep generation total 393216K, used 174117K [0x00000000e8000000, 0x0000000100000000, 0x0000000100000000)
 Metaspace       used 32801K, capacity 33226K, committed 33688K, reserved 1079296K
  class space    used 3719K, capacity 3875K, committed 3992K, reserved 1048576K
2015-09-08T15:54:22.757+0200: 12397.763: [GC (Allocation Failure) 12397.763: [ParNew
Desired survivor size 20112992 bytes, new threshold 8 (max 8)
- age   1:     689728 bytes,     689728 total
- age   2:         32 bytes,     689760 total
- age   3:         32 bytes,     689792 total
: 89136K->799K(109248K), 0.0028342 secs] 263254K->175822K(502464K), 0.0028809 secs] [Times: user=0.00 sys=0.00, real=0.00 secs] 
Heap after GC invocations=348 (full 7):
 par new generation   total 109248K, used 799K [0x00000000e0000000, 0x00000000e8000000, 0x00000000e8000000)
  eden space 87424K,   0% used [0x00000000e0000000, 0x00000000e0000000, 0x00000000e5560000)
  from space 21824K,   3% used [0x00000000e5560000, 0x00000000e5627da8, 0x00000000e6ab0000)
  to   space 21824K,   0% used [0x00000000e6ab0000, 0x00000000e6ab0000, 0x00000000e8000000)
 concurrent mark-sweep generation total 393216K, used 175023K [0x00000000e8000000, 0x0000000100000000, 0x0000000100000000)
 Metaspace       used 32801K, capacity 33226K, committed 33688K, reserved 1079296K
  class space    used 3719K, capacity 3875K, committed 3992K, reserved 1048576K
}
2015-09-08T15:54:22.760+0200: 12397.766: Total time for which application threads were stopped: 0.0030249 seconds, Stopping threads took: 0.0000141 seconds
{Heap before GC invocations=348 (full 7):
 par new generation   total 109248K, used 88223K [0x00000000e0000000, 0x00000000e8000000, 0x00000000e8000000)
  eden space 87424K, 100% used [0x00000000e0000000, 0x00000000e5560000, 0x00000000e5560000)
  from space 21824K,   3% used [0x00000000e5560000, 0x00000000e5627da8, 0x00000000e6ab0000)
  to   space 21824K,   0% used [0x00000000e6ab0000, 0x00000000e6ab0000, 0x00000000e8000000)
 concurrent mark-sweep generation total 393216K, used 175023K [0x00000000e8000000, 0x0000000100000000, 0x0000000100000000)
 Metaspace       used 32801K, capacity 33226K, committed 33688K, reserved 1079296K
  class space    used 3719K, capacity 3875K, committed 3992K, reserved 1048576K
2015-09-08T15:54:23.190+0200: 12398.196: [GC (Allocation Failure) 12398.196: [ParNew
Desired survivor size 20112992 bytes, new threshold 8 (max 8)
- age   1:     687224 bytes,     687224 total
- age   2:        128 bytes,     687352 total
- age   3:         32 bytes,     687384 total
- age   4:         32 bytes,     687416 total
: 88223K->831K(109248K), 0.0026486 secs] 263246K->175854K(502464K), 0.0026992 secs] [Times: user=0.00 sys=0.00, real=0.00 secs] 
Heap after GC invocations=349 (full 7):
 par new generation   total 109248K, used 831K [0x00000000e0000000, 0x00000000e8000000, 0x00000000e8000000)
  eden space 87424K,   0% used [0x00000000e0000000, 0x00000000e0000000, 0x00000000e5560000)
  from space 21824K,   3% used [0x00000000e6ab0000, 0x00000000e6b7fda0, 0x00000000e8000000)
  to   space 21824K,   0% used [0x00000000e5560000, 0x00000000e5560000, 0x00000000e6ab0000)
 concurrent mark-sweep generation total 393216K, used 175023K [0x00000000e8000000, 0x0000000100000000, 0x0000000100000000)
 Metaspace       used 32801K, capacity 33226K, committed 33688K, reserved 1079296K
  class space    used 3719K, capacity 3875K, committed 3992K, reserved 1048576K
}
2015-09-08T15:54:23.193+0200: 12398.199: Total time for which application threads were stopped: 0.0028477 seconds, Stopping threads took: 0.0000150 seconds
{Heap before GC invocations=349 (full 7):
 par new generation   total 109248K, used 88255K [0x00000000e0000000, 0x00000000e8000000, 0x00000000e8000000)
  eden space 87424K, 100% used [0x00000000e0000000, 0x00000000e5560000, 0x00000000e5560000)
  from space 21824K,   3% used [0x00000000e6ab0000, 0x00000000e6b7fda0, 0x00000000e8000000)
  to   space 21824K,   0% used [0x00000000e5560000, 0x00000000e5560000, 0x00000000e6ab0000)
 concurrent mark-sweep generation total 393216K, used 175023K [0x00000000e8000000, 0x0000000100000000, 0x0000000100000000)
 Metaspace       used 32801K, capacity 33226K, committed 33688K, reserved 1079296K
  class space    used 3719K, capacity 3875K, committed 3992K, reserved 1048576K
2015-09-08T15:54:23.626+0200: 12398.632: [GC (Allocation Failure) 12398.632: [ParNew
Desired survivor size 20112992 bytes, new threshold 8 (max 8)
- age   1:     685472 bytes,     685472 total
- age   3:        128 bytes,     685600 total
- age   4:         32 bytes,     685632 total
- age   5:         32 bytes,     685664 total
: 88255K->837K(109248K), 0.0021145 secs] 263278K->175860K(502464K), 0.0021613 secs] [Times: user=0.00 sys=0.00, real=0.00 secs] 
Heap after GC invocations=350 (full 7):
 par new generation   total 109248K, used 837K [0x00000000e0000000, 0x00000000e8000000, 0x00000000e8000000)
  eden space 87424K,   0% used [0x00000000e0000000, 0x00000000e0000000, 0x00000000e5560000)
  from space 21824K,   3% used [0x00000000e5560000, 0x00000000e56314e8, 0x00000000e6ab0000)
  to   space 21824K,   0% used [0x00000000e6ab0000, 0x00000000e6ab0000, 0x00000000e8000000)
 concurrent mark-sweep generation total 393216K, used 175023K [0x00000000e8000000, 0x0000000100000000, 0x0000000100000000)
 Metaspace       used 32801K, capacity 33226K, committed 33688K, reserved 1079296K
  class space    used 3719K, capacity 3875K, committed 3992K, reserved 1048576K
}
2015-09-08T15:54:23.628+0200: 12398.634: Total time for which application threads were stopped: 0.0023113 seconds, Stopping threads took: 0.0000147 seconds
2015-09-08T15:56:52.990+0200: 12547.994: Total time for which application threads were stopped: 0.0000858 seconds, Stopping threads took: 0.0000234 seconds
2015-09-08T15:56:53.990+0200: 12548.994: Total time for which application threads were stopped: 0.0001373 seconds, Stopping threads took: 0.0000262 seconds
2015-09-08T15:59:17.709+0200: 12692.713: Total time for which application threads were stopped: 0.0000730 seconds, Stopping threads took: 0.0000227 seconds
{Heap before GC invocations=350 (full 7):
 par new generation   total 109248K, used 88261K [0x00000000e0000000, 0x00000000e8000000, 0x00000000e8000000)
  eden space 87424K, 100% used [0x00000000e0000000, 0x00000000e5560000, 0x00000000e5560000)
  from space 21824K,   3% used [0x00000000e5560000, 0x00000000e56314e8, 0x00000000e6ab0000)
  to   space 21824K,   0% used [0x00000000e6ab0000, 0x00000000e6ab0000, 0x00000000e8000000)
 concurrent mark-sweep generation total 393216K, used 175023K [0x00000000e8000000, 0x0000000100000000, 0x0000000100000000)
 Metaspace       used 32802K, capacity 33226K, committed 33688K, reserved 1079296K
  class space    used 3719K, capacity 3875K, committed 3992K, reserved 1048576K
2015-09-08T15:59:17.804+0200: 12692.807: [GC (Allocation Failure) 12692.807: [ParNew
Desired survivor size 20112992 bytes, new threshold 8 (max 8)
- age   1:     818072 bytes,     818072 total
: 88261K->1004K(109248K), 0.0031894 secs] 263284K->176027K(502464K), 0.0032777 secs] [Times: user=0.00 sys=0.00, real=0.00 secs] 
Heap after GC invocations=351 (full 7):
 par new generation   total 109248K, used 1004K [0x00000000e0000000, 0x00000000e8000000, 0x00000000e8000000)
  eden space 87424K,   0% used [0x00000000e0000000, 0x00000000e0000000, 0x00000000e5560000)
  from space 21824K,   4% used [0x00000000e6ab0000, 0x00000000e6bab1c0, 0x00000000e8000000)
  to   space 21824K,   0% used [0x00000000e5560000, 0x00000000e5560000, 0x00000000e6ab0000)
 concurrent mark-sweep generation total 393216K, used 175023K [0x00000000e8000000, 0x0000000100000000, 0x0000000100000000)
 Metaspace       used 32802K, capacity 33226K, committed 33688K, reserved 1079296K
  class space    used 3719K, capacity 3875K, committed 3992K, reserved 1048576K
}
2015-09-08T15:59:17.807+0200: 12692.811: Total time for which application threads were stopped: 0.0034368 seconds, Stopping threads took: 0.0000253 seconds
2015-09-08T16:01:03.109+0200: 12798.112: Total time for which application threads were stopped: 0.0000672 seconds, Stopping threads took: 0.0000134 seconds
{Heap before GC invocations=351 (full 7):
 par new generation   total 109248K, used 88428K [0x00000000e0000000, 0x00000000e8000000, 0x00000000e8000000)
  eden space 87424K, 100% used [0x00000000e0000000, 0x00000000e5560000, 0x00000000e5560000)
  from space 21824K,   4% used [0x00000000e6ab0000, 0x00000000e6bab1c0, 0x00000000e8000000)
  to   space 21824K,   0% used [0x00000000e5560000, 0x00000000e5560000, 0x00000000e6ab0000)
 concurrent mark-sweep generation total 393216K, used 175023K [0x00000000e8000000, 0x0000000100000000, 0x0000000100000000)
 Metaspace       used 32803K, capacity 33226K, committed 33688K, reserved 1079296K
  class space    used 3719K, capacity 3875K, committed 3992K, reserved 1048576K
2015-09-08T16:01:03.318+0200: 12798.321: [GC (Allocation Failure) 12798.321: [ParNew
Desired survivor size 20112992 bytes, new threshold 8 (max 8)
- age   1:     806512 bytes,     806512 total
- age   2:      13896 bytes,     820408 total
: 88428K->1149K(109248K), 0.0029696 secs] 263451K->176173K(502464K), 0.0030214 secs] [Times: user=0.00 sys=0.00, real=0.00 secs] 
Heap after GC invocations=352 (full 7):
 par new generation   total 109248K, used 1149K [0x00000000e0000000, 0x00000000e8000000, 0x00000000e8000000)
  eden space 87424K,   0% used [0x00000000e0000000, 0x00000000e0000000, 0x00000000e5560000)
  from space 21824K,   5% used [0x00000000e5560000, 0x00000000e567f790, 0x00000000e6ab0000)
  to   space 21824K,   0% used [0x00000000e6ab0000, 0x00000000e6ab0000, 0x00000000e8000000)
 concurrent mark-sweep generation total 393216K, used 175023K [0x00000000e8000000, 0x0000000100000000, 0x0000000100000000)
 Metaspace       used 32803K, capacity 33226K, committed 33688K, reserved 1079296K
  class space    used 3719K, capacity 3875K, committed 3992K, reserved 1048576K
}
2015-09-08T16:01:03.321+0200: 12798.324: Total time for which application threads were stopped: 0.0031744 seconds, Stopping threads took: 0.0000138 seconds
2015-09-08T16:05:43.334+0200: 13078.335: Total time for which application threads were stopped: 0.0000694 seconds, Stopping threads took: 0.0000128 seconds
{Heap before GC invocations=352 (full 7):
 par new generation   total 109248K, used 88573K [0x00000000e0000000, 0x00000000e8000000, 0x00000000e8000000)
  eden space 87424K, 100% used [0x00000000e0000000, 0x00000000e5560000, 0x00000000e5560000)
  from space 21824K,   5% used [0x00000000e5560000, 0x00000000e567f790, 0x00000000e6ab0000)
  to   space 21824K,   0% used [0x00000000e6ab0000, 0x00000000e6ab0000, 0x00000000e8000000)
 concurrent mark-sweep generation total 393216K, used 175023K [0x00000000e8000000, 0x0000000100000000, 0x0000000100000000)
 Metaspace       used 32803K, capacity 33226K, committed 33688K, reserved 1079296K
  class space    used 3719K, capacity 3875K, committed 3992K, reserved 1048576K
2015-09-08T16:05:43.651+0200: 13078.652: [GC (Allocation Failure) 13078.652: [ParNew
Desired survivor size 20112992 bytes, new threshold 8 (max 8)
- age   1:     802488 bytes,     802488 total
- age   2:      13072 bytes,     815560 total
- age   3:        896 bytes,     816456 total
: 88573K->984K(109248K), 0.0027670 secs] 263597K->176007K(502464K), 0.0028125 secs] [Times: user=0.00 sys=0.00, real=0.00 secs] 
Heap after GC invocations=353 (full 7):
 par new generation   total 109248K, used 984K [0x00000000e0000000, 0x00000000e8000000, 0x00000000e8000000)
  eden space 87424K,   0% used [0x00000000e0000000, 0x00000000e0000000, 0x00000000e5560000)
  from space 21824K,   4% used [0x00000000e6ab0000, 0x00000000e6ba60c0, 0x00000000e8000000)
  to   space 21824K,   0% used [0x00000000e5560000, 0x00000000e5560000, 0x00000000e6ab0000)
 concurrent mark-sweep generation total 393216K, used 175023K [0x00000000e8000000, 0x0000000100000000, 0x0000000100000000)
 Metaspace       used 32803K, capacity 33226K, committed 33688K, reserved 1079296K
  class space    used 3719K, capacity 3875K, committed 3992K, reserved 1048576K
}
2015-09-08T16:05:43.654+0200: 13078.655: Total time for which application threads were stopped: 0.0029664 seconds, Stopping threads took: 0.0000141 seconds
2015-09-08T16:05:49.825+0200: 13084.826: Total time for which application threads were stopped: 0.0001165 seconds, Stopping threads took: 0.0000138 seconds
2015-09-08T16:05:49.826+0200: 13084.827: Total time for which application threads were stopped: 0.0001091 seconds, Stopping threads took: 0.0000531 seconds
2015-09-08T16:05:49.826+0200: 13084.827: Total time for which application threads were stopped: 0.0000470 seconds, Stopping threads took: 0.0000160 seconds
2015-09-08T16:05:49.826+0200: 13084.828: Total time for which application threads were stopped: 0.0000429 seconds, Stopping threads took: 0.0000150 seconds
2015-09-08T16:05:49.826+0200: 13084.828: Total time for which application threads were stopped: 0.0000438 seconds, Stopping threads took: 0.0000157 seconds
2015-09-08T16:05:50.809+0200: 13085.811: Total time for which application threads were stopped: 0.0000589 seconds, Stopping threads took: 0.0000131 seconds
2015-09-08T16:05:52.809+0200: 13087.810: Total time for which application threads were stopped: 0.0000704 seconds, Stopping threads took: 0.0000266 seconds
2015-09-08T16:06:18.811+0200: 13113.811: Total time for which application threads were stopped: 0.0000835 seconds, Stopping threads took: 0.0000342 seconds
2015-09-08T16:07:08.814+0200: 13163.814: Total time for which application threads were stopped: 0.0001229 seconds, Stopping threads took: 0.0000234 seconds
2015-09-08T16:10:02.134+0200: 13337.133: Total time for which application threads were stopped: 0.0000634 seconds, Stopping threads took: 0.0000122 seconds
2015-09-08T16:10:03.134+0200: 13338.133: Total time for which application threads were stopped: 0.0000698 seconds, Stopping threads took: 0.0000266 seconds
2015-09-08T16:10:17.135+0200: 13352.133: Total time for which application threads were stopped: 0.0000733 seconds, Stopping threads took: 0.0000160 seconds
2015-09-08T16:10:24.180+0200: 13359.179: Total time for which application threads were stopped: 0.0000602 seconds, Stopping threads took: 0.0000144 seconds
{Heap before GC invocations=353 (full 7):
 par new generation   total 109248K, used 88408K [0x00000000e0000000, 0x00000000e8000000, 0x00000000e8000000)
  eden space 87424K, 100% used [0x00000000e0000000, 0x00000000e5560000, 0x00000000e5560000)
  from space 21824K,   4% used [0x00000000e6ab0000, 0x00000000e6ba60c0, 0x00000000e8000000)
  to   space 21824K,   0% used [0x00000000e5560000, 0x00000000e5560000, 0x00000000e6ab0000)
 concurrent mark-sweep generation total 393216K, used 175023K [0x00000000e8000000, 0x0000000100000000, 0x0000000100000000)
 Metaspace       used 32821K, capacity 33226K, committed 33688K, reserved 1079296K
  class space    used 3719K, capacity 3875K, committed 3992K, reserved 1048576K
2015-09-08T16:10:24.182+0200: 13359.181: [GC (Allocation Failure) 13359.181: [ParNew
Desired survivor size 20112992 bytes, new threshold 8 (max 8)
- age   1:    6708712 bytes,    6708712 total
- age   2:      12928 bytes,    6721640 total
- age   3:        112 bytes,    6721752 total
- age   4:        856 bytes,    6722608 total
: 88408K->6976K(109248K), 0.0090412 secs] 263431K->181999K(502464K), 0.0091014 secs] [Times: user=0.00 sys=0.00, real=0.01 secs] 
Heap after GC invocations=354 (full 7):
 par new generation   total 109248K, used 6976K [0x00000000e0000000, 0x00000000e8000000, 0x00000000e8000000)
  eden space 87424K,   0% used [0x00000000e0000000, 0x00000000e0000000, 0x00000000e5560000)
  from space 21824K,  31% used [0x00000000e5560000, 0x00000000e5c300d8, 0x00000000e6ab0000)
  to   space 21824K,   0% used [0x00000000e6ab0000, 0x00000000e6ab0000, 0x00000000e8000000)
 concurrent mark-sweep generation total 393216K, used 175023K [0x00000000e8000000, 0x0000000100000000, 0x0000000100000000)
 Metaspace       used 32821K, capacity 33226K, committed 33688K, reserved 1079296K
  class space    used 3719K, capacity 3875K, committed 3992K, reserved 1048576K
}
2015-09-08T16:10:24.191+0200: 13359.190: Total time for which application threads were stopped: 0.0093270 seconds, Stopping threads took: 0.0000880 seconds
2015-09-08T16:10:28.191+0200: 13363.190: Total time for which application threads were stopped: 0.0000861 seconds, Stopping threads took: 0.0000330 seconds
2015-09-08T16:11:31.645+0200: 13426.644: Total time for which application threads were stopped: 0.0000691 seconds, Stopping threads took: 0.0000163 seconds
2015-09-08T16:11:58.732+0200: 13453.731: Total time for which application threads were stopped: 0.0001120 seconds, Stopping threads took: 0.0000646 seconds
{Heap before GC invocations=354 (full 7):
 par new generation   total 109248K, used 94400K [0x00000000e0000000, 0x00000000e8000000, 0x00000000e8000000)
  eden space 87424K, 100% used [0x00000000e0000000, 0x00000000e5560000, 0x00000000e5560000)
  from space 21824K,  31% used [0x00000000e5560000, 0x00000000e5c300d8, 0x00000000e6ab0000)
  to   space 21824K,   0% used [0x00000000e6ab0000, 0x00000000e6ab0000, 0x00000000e8000000)
 concurrent mark-sweep generation total 393216K, used 175023K [0x00000000e8000000, 0x0000000100000000, 0x0000000100000000)
 Metaspace       used 32850K, capacity 33226K, committed 33688K, reserved 1079296K
  class space    used 3719K, capacity 3875K, committed 3992K, reserved 1048576K
2015-09-08T16:11:58.953+0200: 13453.951: [GC (Allocation Failure) 13453.951: [ParNew
Desired survivor size 20112992 bytes, new threshold 8 (max 8)
- age   1:     805336 bytes,     805336 total
- age   2:      39096 bytes,     844432 total
- age   3:        112 bytes,     844544 total
- age   4:         72 bytes,     844616 total
- age   5:        640 bytes,     845256 total
: 94400K->4468K(109248K), 0.0027923 secs] 269423K->179491K(502464K), 0.0028368 secs] [Times: user=0.00 sys=0.00, real=0.00 secs] 
Heap after GC invocations=355 (full 7):
 par new generation   total 109248K, used 4468K [0x00000000e0000000, 0x00000000e8000000, 0x00000000e8000000)
  eden space 87424K,   0% used [0x00000000e0000000, 0x00000000e0000000, 0x00000000e5560000)
  from space 21824K,  20% used [0x00000000e6ab0000, 0x00000000e6f0d200, 0x00000000e8000000)
  to   space 21824K,   0% used [0x00000000e5560000, 0x00000000e5560000, 0x00000000e6ab0000)
 concurrent mark-sweep generation total 393216K, used 175023K [0x00000000e8000000, 0x0000000100000000, 0x0000000100000000)
 Metaspace       used 32850K, capacity 33226K, committed 33688K, reserved 1079296K
  class space    used 3719K, capacity 3875K, committed 3992K, reserved 1048576K
}
2015-09-08T16:11:58.955+0200: 13453.954: Total time for which application threads were stopped: 0.0030297 seconds, Stopping threads took: 0.0000144 seconds
2015-09-08T16:16:02.791+0200: 13697.788: Total time for which application threads were stopped: 0.0001466 seconds, Stopping threads took: 0.0000128 seconds
2015-09-08T16:16:03.791+0200: 13698.788: Total time for which application threads were stopped: 0.0001030 seconds, Stopping threads took: 0.0000250 seconds
2015-09-08T16:16:42.500+0200: 13737.496: Total time for which application threads were stopped: 0.0000678 seconds, Stopping threads took: 0.0000125 seconds
2015-09-08T16:16:42.500+0200: 13737.497: Total time for which application threads were stopped: 0.0000442 seconds, Stopping threads took: 0.0000157 seconds
2015-09-08T16:16:42.501+0200: 13737.497: Total time for which application threads were stopped: 0.0000342 seconds, Stopping threads took: 0.0000061 seconds
2015-09-08T16:16:42.501+0200: 13737.497: Total time for which application threads were stopped: 0.0000435 seconds, Stopping threads took: 0.0000154 seconds
2015-09-08T16:16:42.501+0200: 13737.497: Total time for which application threads were stopped: 0.0000451 seconds, Stopping threads took: 0.0000157 seconds
2015-09-08T16:16:46.518+0200: 13741.514: Total time for which application threads were stopped: 0.0001322 seconds, Stopping threads took: 0.0000538 seconds
2015-09-08T16:17:14.197+0200: 13769.194: Total time for which application threads were stopped: 0.0000829 seconds, Stopping threads took: 0.0000320 seconds
2015-09-08T16:17:15.197+0200: 13770.193: Total time for which application threads were stopped: 0.0000707 seconds, Stopping threads took: 0.0000240 seconds
2015-09-08T16:17:50.666+0200: 13805.662: Total time for which application threads were stopped: 0.0001008 seconds, Stopping threads took: 0.0000138 seconds
2015-09-08T16:17:50.666+0200: 13805.663: Total time for which application threads were stopped: 0.0000541 seconds, Stopping threads took: 0.0000195 seconds
{Heap before GC invocations=355 (full 7):
 par new generation   total 109248K, used 91892K [0x00000000e0000000, 0x00000000e8000000, 0x00000000e8000000)
  eden space 87424K, 100% used [0x00000000e0000000, 0x00000000e5560000, 0x00000000e5560000)
  from space 21824K,  20% used [0x00000000e6ab0000, 0x00000000e6f0d200, 0x00000000e8000000)
  to   space 21824K,   0% used [0x00000000e5560000, 0x00000000e5560000, 0x00000000e6ab0000)
 concurrent mark-sweep generation total 393216K, used 175023K [0x00000000e8000000, 0x0000000100000000, 0x0000000100000000)
 Metaspace       used 32871K, capacity 33226K, committed 33688K, reserved 1079296K
  class space    used 3719K, capacity 3875K, committed 3992K, reserved 1048576K
2015-09-08T16:17:50.899+0200: 13805.896: [GC (Allocation Failure) 13805.896: [ParNew
Desired survivor size 20112992 bytes, new threshold 8 (max 8)
- age   1:    1603640 bytes,    1603640 total
- age   2:      14264 bytes,    1617904 total
- age   3:      22824 bytes,    1640728 total
- age   4:         72 bytes,    1640800 total
- age   5:         72 bytes,    1640872 total
- age   6:        424 bytes,    1641296 total
: 91892K->2052K(109248K), 0.0022777 secs] 266915K->177076K(502464K), 0.0023235 secs] [Times: user=0.00 sys=0.00, real=0.00 secs] 
Heap after GC invocations=356 (full 7):
 par new generation   total 109248K, used 2052K [0x00000000e0000000, 0x00000000e8000000, 0x00000000e8000000)
  eden space 87424K,   0% used [0x00000000e0000000, 0x00000000e0000000, 0x00000000e5560000)
  from space 21824K,   9% used [0x00000000e5560000, 0x00000000e57613b8, 0x00000000e6ab0000)
  to   space 21824K,   0% used [0x00000000e6ab0000, 0x00000000e6ab0000, 0x00000000e8000000)
 concurrent mark-sweep generation total 393216K, used 175023K [0x00000000e8000000, 0x0000000100000000, 0x0000000100000000)
 Metaspace       used 32871K, capacity 33226K, committed 33688K, reserved 1079296K
  class space    used 3719K, capacity 3875K, committed 3992K, reserved 1048576K
}
2015-09-08T16:17:50.902+0200: 13805.898: Total time for which application threads were stopped: 0.0024905 seconds, Stopping threads took: 0.0000250 seconds
{Heap before GC invocations=356 (full 7):
 par new generation   total 109248K, used 89476K [0x00000000e0000000, 0x00000000e8000000, 0x00000000e8000000)
  eden space 87424K, 100% used [0x00000000e0000000, 0x00000000e5560000, 0x00000000e5560000)
  from space 21824K,   9% used [0x00000000e5560000, 0x00000000e57613b8, 0x00000000e6ab0000)
  to   space 21824K,   0% used [0x00000000e6ab0000, 0x00000000e6ab0000, 0x00000000e8000000)
 concurrent mark-sweep generation total 393216K, used 175023K [0x00000000e8000000, 0x0000000100000000, 0x0000000100000000)
 Metaspace       used 32871K, capacity 33226K, committed 33688K, reserved 1079296K
  class space    used 3719K, capacity 3875K, committed 3992K, reserved 1048576K
2015-09-08T16:17:51.339+0200: 13806.336: [GC (Allocation Failure) 13806.336: [ParNew
Desired survivor size 20112992 bytes, new threshold 8 (max 8)
- age   1:     686608 bytes,     686608 total
- age   2:     923752 bytes,    1610360 total
- age   3:      14264 bytes,    1624624 total
- age   4:      22824 bytes,    1647448 total
- age   5:         72 bytes,    1647520 total
- age   6:         72 bytes,    1647592 total
- age   7:        424 bytes,    1648016 total
: 89476K->1950K(109248K), 0.0079324 secs] 264500K->176973K(502464K), 0.0079904 secs] [Times: user=0.05 sys=0.00, real=0.01 secs] 
Heap after GC invocations=357 (full 7):
 par new generation   total 109248K, used 1950K [0x00000000e0000000, 0x00000000e8000000, 0x00000000e8000000)
  eden space 87424K,   0% used [0x00000000e0000000, 0x00000000e0000000, 0x00000000e5560000)
  from space 21824K,   8% used [0x00000000e6ab0000, 0x00000000e6c97990, 0x00000000e8000000)
  to   space 21824K,   0% used [0x00000000e5560000, 0x00000000e5560000, 0x00000000e6ab0000)
 concurrent mark-sweep generation total 393216K, used 175023K [0x00000000e8000000, 0x0000000100000000, 0x0000000100000000)
 Metaspace       used 32871K, capacity 33226K, committed 33688K, reserved 1079296K
  class space    used 3719K, capacity 3875K, committed 3992K, reserved 1048576K
}
2015-09-08T16:17:51.348+0200: 13806.344: Total time for which application threads were stopped: 0.0082121 seconds, Stopping threads took: 0.0000144 seconds
{Heap before GC invocations=357 (full 7):
 par new generation   total 109248K, used 89374K [0x00000000e0000000, 0x00000000e8000000, 0x00000000e8000000)
  eden space 87424K, 100% used [0x00000000e0000000, 0x00000000e5560000, 0x00000000e5560000)
  from space 21824K,   8% used [0x00000000e6ab0000, 0x00000000e6c97990, 0x00000000e8000000)
  to   space 21824K,   0% used [0x00000000e5560000, 0x00000000e5560000, 0x00000000e6ab0000)
 concurrent mark-sweep generation total 393216K, used 175023K [0x00000000e8000000, 0x0000000100000000, 0x0000000100000000)
 Metaspace       used 32871K, capacity 33226K, committed 33688K, reserved 1079296K
  class space    used 3719K, capacity 3875K, committed 3992K, reserved 1048576K
2015-09-08T16:17:51.789+0200: 13806.785: [GC (Allocation Failure) 13806.785: [ParNew
Desired survivor size 20112992 bytes, new threshold 8 (max 8)
- age   1:     679176 bytes,     679176 total
- age   3:     923752 bytes,    1602928 total
- age   4:      14264 bytes,    1617192 total
- age   5:      22824 bytes,    1640016 total
- age   6:         72 bytes,    1640088 total
- age   7:         72 bytes,    1640160 total
- age   8:        424 bytes,    1640584 total
: 89374K->1766K(109248K), 0.0024688 secs] 264397K->176789K(502464K), 0.0025171 secs] [Times: user=0.00 sys=0.00, real=0.00 secs] 
Heap after GC invocations=358 (full 7):
 par new generation   total 109248K, used 1766K [0x00000000e0000000, 0x00000000e8000000, 0x00000000e8000000)
  eden space 87424K,   0% used [0x00000000e0000000, 0x00000000e0000000, 0x00000000e5560000)
  from space 21824K,   8% used [0x00000000e5560000, 0x00000000e5719820, 0x00000000e6ab0000)
  to   space 21824K,   0% used [0x00000000e6ab0000, 0x00000000e6ab0000, 0x00000000e8000000)
 concurrent mark-sweep generation total 393216K, used 175023K [0x00000000e8000000, 0x0000000100000000, 0x0000000100000000)
 Metaspace       used 32871K, capacity 33226K, committed 33688K, reserved 1079296K
  class space    used 3719K, capacity 3875K, committed 3992K, reserved 1048576K
}
2015-09-08T16:17:51.791+0200: 13806.787: Total time for which application threads were stopped: 0.0026726 seconds, Stopping threads took: 0.0000154 seconds
{Heap before GC invocations=358 (full 7):
 par new generation   total 109248K, used 89190K [0x00000000e0000000, 0x00000000e8000000, 0x00000000e8000000)
  eden space 87424K, 100% used [0x00000000e0000000, 0x00000000e5560000, 0x00000000e5560000)
  from space 21824K,   8% used [0x00000000e5560000, 0x00000000e5719820, 0x00000000e6ab0000)
  to   space 21824K,   0% used [0x00000000e6ab0000, 0x00000000e6ab0000, 0x00000000e8000000)
 concurrent mark-sweep generation total 393216K, used 175023K [0x00000000e8000000, 0x0000000100000000, 0x0000000100000000)
 Metaspace       used 32871K, capacity 33226K, committed 33688K, reserved 1079296K
  class space    used 3719K, capacity 3875K, committed 3992K, reserved 1048576K
2015-09-08T16:17:52.228+0200: 13807.223: [GC (Allocation Failure) 13807.223: [ParNew
Desired survivor size 20112992 bytes, new threshold 8 (max 8)
- age   1:     684048 bytes,     684048 total
- age   4:     923752 bytes,    1607800 total
- age   5:      14264 bytes,    1622064 total
- age   6:      22824 bytes,    1644888 total
- age   7:         72 bytes,    1644960 total
- age   8:         72 bytes,    1645032 total
: 89190K->2016K(109248K), 0.0023897 secs] 264213K->177040K(502464K), 0.0024297 secs] [Times: user=0.00 sys=0.00, real=0.00 secs] 
Heap after GC invocations=359 (full 7):
 par new generation   total 109248K, used 2016K [0x00000000e0000000, 0x00000000e8000000, 0x00000000e8000000)
  eden space 87424K,   0% used [0x00000000e0000000, 0x00000000e0000000, 0x00000000e5560000)
  from space 21824K,   9% used [0x00000000e6ab0000, 0x00000000e6ca82b0, 0x00000000e8000000)
  to   space 21824K,   0% used [0x00000000e5560000, 0x00000000e5560000, 0x00000000e6ab0000)
 concurrent mark-sweep generation total 393216K, used 175023K [0x00000000e8000000, 0x0000000100000000, 0x0000000100000000)
 Metaspace       used 32871K, capacity 33226K, committed 33688K, reserved 1079296K
  class space    used 3719K, capacity 3875K, committed 3992K, reserved 1048576K
}
2015-09-08T16:17:52.230+0200: 13807.226: Total time for which application threads were stopped: 0.0025811 seconds, Stopping threads took: 0.0000154 seconds
{Heap before GC invocations=359 (full 7):
 par new generation   total 109248K, used 89440K [0x00000000e0000000, 0x00000000e8000000, 0x00000000e8000000)
  eden space 87424K, 100% used [0x00000000e0000000, 0x00000000e5560000, 0x00000000e5560000)
  from space 21824K,   9% used [0x00000000e6ab0000, 0x00000000e6ca82b0, 0x00000000e8000000)
  to   space 21824K,   0% used [0x00000000e5560000, 0x00000000e5560000, 0x00000000e6ab0000)
 concurrent mark-sweep generation total 393216K, used 175023K [0x00000000e8000000, 0x0000000100000000, 0x0000000100000000)
 Metaspace       used 32871K, capacity 33226K, committed 33688K, reserved 1079296K
  class space    used 3719K, capacity 3875K, committed 3992K, reserved 1048576K
2015-09-08T16:17:52.664+0200: 13807.659: [GC (Allocation Failure) 13807.660: [ParNew
Desired survivor size 20112992 bytes, new threshold 8 (max 8)
- age   1:     686760 bytes,     686760 total
- age   5:     923752 bytes,    1610512 total
- age   6:      14264 bytes,    1624776 total
- age   7:      22824 bytes,    1647600 total
- age   8:         72 bytes,    1647672 total
: 89440K->1828K(109248K), 0.0021008 secs] 264464K->176852K(502464K), 0.0021465 secs] [Times: user=0.00 sys=0.00, real=0.00 secs] 
Heap after GC invocations=360 (full 7):
 par new generation   total 109248K, used 1828K [0x00000000e0000000, 0x00000000e8000000, 0x00000000e8000000)
  eden space 87424K,   0% used [0x00000000e0000000, 0x00000000e0000000, 0x00000000e5560000)
  from space 21824K,   8% used [0x00000000e5560000, 0x00000000e5729288, 0x00000000e6ab0000)
  to   space 21824K,   0% used [0x00000000e6ab0000, 0x00000000e6ab0000, 0x00000000e8000000)
 concurrent mark-sweep generation total 393216K, used 175023K [0x00000000e8000000, 0x0000000100000000, 0x0000000100000000)
 Metaspace       used 32871K, capacity 33226K, committed 33688K, reserved 1079296K
  class space    used 3719K, capacity 3875K, committed 3992K, reserved 1048576K
}
2015-09-08T16:17:52.666+0200: 13807.662: Total time for which application threads were stopped: 0.0022963 seconds, Stopping threads took: 0.0000141 seconds
{Heap before GC invocations=360 (full 7):
 par new generation   total 109248K, used 89252K [0x00000000e0000000, 0x00000000e8000000, 0x00000000e8000000)
  eden space 87424K, 100% used [0x00000000e0000000, 0x00000000e5560000, 0x00000000e5560000)
  from space 21824K,   8% used [0x00000000e5560000, 0x00000000e5729288, 0x00000000e6ab0000)
  to   space 21824K,   0% used [0x00000000e6ab0000, 0x00000000e6ab0000, 0x00000000e8000000)
 concurrent mark-sweep generation total 393216K, used 175023K [0x00000000e8000000, 0x0000000100000000, 0x0000000100000000)
 Metaspace       used 32871K, capacity 33226K, committed 33688K, reserved 1079296K
  class space    used 3719K, capacity 3875K, committed 3992K, reserved 1048576K
2015-09-08T16:17:53.101+0200: 13808.097: [GC (Allocation Failure) 13808.097: [ParNew
Desired survivor size 20112992 bytes, new threshold 8 (max 8)
- age   1:     682824 bytes,     682824 total
- age   6:     923752 bytes,    1606576 total
- age   7:      14264 bytes,    1620840 total
- age   8:      22824 bytes,    1643664 total
: 89252K->1784K(109248K), 0.0034509 secs] 264276K->176808K(502464K), 0.0034995 secs] [Times: user=0.00 sys=0.00, real=0.00 secs] 
Heap after GC invocations=361 (full 7):
 par new generation   total 109248K, used 1784K [0x00000000e0000000, 0x00000000e8000000, 0x00000000e8000000)
  eden space 87424K,   0% used [0x00000000e0000000, 0x00000000e0000000, 0x00000000e5560000)
  from space 21824K,   8% used [0x00000000e6ab0000, 0x00000000e6c6e1b8, 0x00000000e8000000)
  to   space 21824K,   0% used [0x00000000e5560000, 0x00000000e5560000, 0x00000000e6ab0000)
 concurrent mark-sweep generation total 393216K, used 175023K [0x00000000e8000000, 0x0000000100000000, 0x0000000100000000)
 Metaspace       used 32871K, capacity 33226K, committed 33688K, reserved 1079296K
  class space    used 3719K, capacity 3875K, committed 3992K, reserved 1048576K
}
2015-09-08T16:17:53.105+0200: 13808.100: Total time for which application threads were stopped: 0.0036637 seconds, Stopping threads took: 0.0000266 seconds
{Heap before GC invocations=361 (full 7):
 par new generation   total 109248K, used 89208K [0x00000000e0000000, 0x00000000e8000000, 0x00000000e8000000)
  eden space 87424K, 100% used [0x00000000e0000000, 0x00000000e5560000, 0x00000000e5560000)
  from space 21824K,   8% used [0x00000000e6ab0000, 0x00000000e6c6e1b8, 0x00000000e8000000)
  to   space 21824K,   0% used [0x00000000e5560000, 0x00000000e5560000, 0x00000000e6ab0000)
 concurrent mark-sweep generation total 393216K, used 175023K [0x00000000e8000000, 0x0000000100000000, 0x0000000100000000)
 Metaspace       used 32871K, capacity 33226K, committed 33688K, reserved 1079296K
  class space    used 3719K, capacity 3875K, committed 3992K, reserved 1048576K
2015-09-08T16:17:53.537+0200: 13808.533: [GC (Allocation Failure) 13808.533: [ParNew
Desired survivor size 20112992 bytes, new threshold 8 (max 8)
- age   1:     684608 bytes,     684608 total
- age   7:     923720 bytes,    1608328 total
- age   8:      14264 bytes,    1622592 total
: 89208K->1840K(109248K), 0.0028608 secs] 264232K->176886K(502464K), 0.0029088 secs] [Times: user=0.00 sys=0.00, real=0.00 secs] 
Heap after GC invocations=362 (full 7):
 par new generation   total 109248K, used 1840K [0x00000000e0000000, 0x00000000e8000000, 0x00000000e8000000)
  eden space 87424K,   0% used [0x00000000e0000000, 0x00000000e0000000, 0x00000000e5560000)
  from space 21824K,   8% used [0x00000000e5560000, 0x00000000e572c1c8, 0x00000000e6ab0000)
  to   space 21824K,   0% used [0x00000000e6ab0000, 0x00000000e6ab0000, 0x00000000e8000000)
 concurrent mark-sweep generation total 393216K, used 175046K [0x00000000e8000000, 0x0000000100000000, 0x0000000100000000)
 Metaspace       used 32871K, capacity 33226K, committed 33688K, reserved 1079296K
  class space    used 3719K, capacity 3875K, committed 3992K, reserved 1048576K
}
2015-09-08T16:17:53.540+0200: 13808.536: Total time for which application threads were stopped: 0.0030589 seconds, Stopping threads took: 0.0000141 seconds
{Heap before GC invocations=362 (full 7):
 par new generation   total 109248K, used 89264K [0x00000000e0000000, 0x00000000e8000000, 0x00000000e8000000)
  eden space 87424K, 100% used [0x00000000e0000000, 0x00000000e5560000, 0x00000000e5560000)
  from space 21824K,   8% used [0x00000000e5560000, 0x00000000e572c1c8, 0x00000000e6ab0000)
  to   space 21824K,   0% used [0x00000000e6ab0000, 0x00000000e6ab0000, 0x00000000e8000000)
 concurrent mark-sweep generation total 393216K, used 175046K [0x00000000e8000000, 0x0000000100000000, 0x0000000100000000)
 Metaspace       used 32871K, capacity 33226K, committed 33688K, reserved 1079296K
  class space    used 3719K, capacity 3875K, committed 3992K, reserved 1048576K
2015-09-08T16:17:53.973+0200: 13808.969: [GC (Allocation Failure) 13808.969: [ParNew
Desired survivor size 20112992 bytes, new threshold 8 (max 8)
- age   1:     680272 bytes,     680272 total
- age   2:         32 bytes,     680304 total
- age   8:     923656 bytes,    1603960 total
: 89264K->1841K(109248K), 0.0022413 secs] 264310K->176902K(502464K), 0.0022899 secs] [Times: user=0.00 sys=0.00, real=0.00 secs] 
Heap after GC invocations=363 (full 7):
 par new generation   total 109248K, used 1841K [0x00000000e0000000, 0x00000000e8000000, 0x00000000e8000000)
  eden space 87424K,   0% used [0x00000000e0000000, 0x00000000e0000000, 0x00000000e5560000)
  from space 21824K,   8% used [0x00000000e6ab0000, 0x00000000e6c7c708, 0x00000000e8000000)
  to   space 21824K,   0% used [0x00000000e5560000, 0x00000000e5560000, 0x00000000e6ab0000)
 concurrent mark-sweep generation total 393216K, used 175060K [0x00000000e8000000, 0x0000000100000000, 0x0000000100000000)
 Metaspace       used 32871K, capacity 33226K, committed 33688K, reserved 1079296K
  class space    used 3719K, capacity 3875K, committed 3992K, reserved 1048576K
}
2015-09-08T16:17:53.976+0200: 13808.971: Total time for which application threads were stopped: 0.0024416 seconds, Stopping threads took: 0.0000150 seconds
{Heap before GC invocations=363 (full 7):
 par new generation   total 109248K, used 89265K [0x00000000e0000000, 0x00000000e8000000, 0x00000000e8000000)
  eden space 87424K, 100% used [0x00000000e0000000, 0x00000000e5560000, 0x00000000e5560000)
  from space 21824K,   8% used [0x00000000e6ab0000, 0x00000000e6c7c708, 0x00000000e8000000)
  to   space 21824K,   0% used [0x00000000e5560000, 0x00000000e5560000, 0x00000000e6ab0000)
 concurrent mark-sweep generation total 393216K, used 175060K [0x00000000e8000000, 0x0000000100000000, 0x0000000100000000)
 Metaspace       used 32871K, capacity 33226K, committed 33688K, reserved 1079296K
  class space    used 3719K, capacity 3875K, committed 3992K, reserved 1048576K
2015-09-08T16:17:54.406+0200: 13809.402: [GC (Allocation Failure) 13809.402: [ParNew
Desired survivor size 20112992 bytes, new threshold 8 (max 8)
- age   1:     681024 bytes,     681024 total
- age   2:         64 bytes,     681088 total
- age   3:         32 bytes,     681120 total
: 89265K->760K(109248K), 0.0020637 secs] 264326K->176723K(502464K), 0.0021142 secs] [Times: user=0.00 sys=0.00, real=0.00 secs] 
Heap after GC invocations=364 (full 7):
 par new generation   total 109248K, used 760K [0x00000000e0000000, 0x00000000e8000000, 0x00000000e8000000)
  eden space 87424K,   0% used [0x00000000e0000000, 0x00000000e0000000, 0x00000000e5560000)
  from space 21824K,   3% used [0x00000000e5560000, 0x00000000e561e0c0, 0x00000000e6ab0000)
  to   space 21824K,   0% used [0x00000000e6ab0000, 0x00000000e6ab0000, 0x00000000e8000000)
 concurrent mark-sweep generation total 393216K, used 175962K [0x00000000e8000000, 0x0000000100000000, 0x0000000100000000)
 Metaspace       used 32871K, capacity 33226K, committed 33688K, reserved 1079296K
  class space    used 3719K, capacity 3875K, committed 3992K, reserved 1048576K
}
2015-09-08T16:17:54.408+0200: 13809.404: Total time for which application threads were stopped: 0.0022665 seconds, Stopping threads took: 0.0000147 seconds
{Heap before GC invocations=364 (full 7):
 par new generation   total 109248K, used 88184K [0x00000000e0000000, 0x00000000e8000000, 0x00000000e8000000)
  eden space 87424K, 100% used [0x00000000e0000000, 0x00000000e5560000, 0x00000000e5560000)
  from space 21824K,   3% used [0x00000000e5560000, 0x00000000e561e0c0, 0x00000000e6ab0000)
  to   space 21824K,   0% used [0x00000000e6ab0000, 0x00000000e6ab0000, 0x00000000e8000000)
 concurrent mark-sweep generation total 393216K, used 175962K [0x00000000e8000000, 0x0000000100000000, 0x0000000100000000)
 Metaspace       used 32871K, capacity 33226K, committed 33688K, reserved 1079296K
  class space    used 3719K, capacity 3875K, committed 3992K, reserved 1048576K
2015-09-08T16:17:54.842+0200: 13809.837: [GC (Allocation Failure) 13809.837: [ParNew
Desired survivor size 20112992 bytes, new threshold 8 (max 8)
- age   1:     691232 bytes,     691232 total
- age   2:        128 bytes,     691360 total
- age   3:         64 bytes,     691424 total
- age   4:         32 bytes,     691456 total
: 88184K->742K(109248K), 0.0022445 secs] 264147K->176705K(502464K), 0.0022925 secs] [Times: user=0.00 sys=0.00, real=0.00 secs] 
Heap after GC invocations=365 (full 7):
 par new generation   total 109248K, used 742K [0x00000000e0000000, 0x00000000e8000000, 0x00000000e8000000)
  eden space 87424K,   0% used [0x00000000e0000000, 0x00000000e0000000, 0x00000000e5560000)
  from space 21824K,   3% used [0x00000000e6ab0000, 0x00000000e6b699b0, 0x00000000e8000000)
  to   space 21824K,   0% used [0x00000000e5560000, 0x00000000e5560000, 0x00000000e6ab0000)
 concurrent mark-sweep generation total 393216K, used 175962K [0x00000000e8000000, 0x0000000100000000, 0x0000000100000000)
 Metaspace       used 32871K, capacity 33226K, committed 33688K, reserved 1079296K
  class space    used 3719K, capacity 3875K, committed 3992K, reserved 1048576K
}
2015-09-08T16:17:54.844+0200: 13809.840: Total time for which application threads were stopped: 0.0024525 seconds, Stopping threads took: 0.0000144 seconds
{Heap before GC invocations=365 (full 7):
 par new generation   total 109248K, used 88166K [0x00000000e0000000, 0x00000000e8000000, 0x00000000e8000000)
  eden space 87424K, 100% used [0x00000000e0000000, 0x00000000e5560000, 0x00000000e5560000)
  from space 21824K,   3% used [0x00000000e6ab0000, 0x00000000e6b699b0, 0x00000000e8000000)
  to   space 21824K,   0% used [0x00000000e5560000, 0x00000000e5560000, 0x00000000e6ab0000)
 concurrent mark-sweep generation total 393216K, used 175962K [0x00000000e8000000, 0x0000000100000000, 0x0000000100000000)
 Metaspace       used 32871K, capacity 33226K, committed 33688K, reserved 1079296K
  class space    used 3719K, capacity 3875K, committed 3992K, reserved 1048576K
2015-09-08T16:17:55.280+0200: 13810.276: [GC (Allocation Failure) 13810.276: [ParNew
Desired survivor size 20112992 bytes, new threshold 8 (max 8)
- age   1:     682840 bytes,     682840 total
- age   3:        128 bytes,     682968 total
- age   4:         64 bytes,     683032 total
- age   5:         32 bytes,     683064 total
: 88166K->818K(109248K), 0.0021280 secs] 264129K->176781K(502464K), 0.0021737 secs] [Times: user=0.00 sys=0.00, real=0.00 secs] 
Heap after GC invocations=366 (full 7):
 par new generation   total 109248K, used 818K [0x00000000e0000000, 0x00000000e8000000, 0x00000000e8000000)
  eden space 87424K,   0% used [0x00000000e0000000, 0x00000000e0000000, 0x00000000e5560000)
  from space 21824K,   3% used [0x00000000e5560000, 0x00000000e562cad8, 0x00000000e6ab0000)
  to   space 21824K,   0% used [0x00000000e6ab0000, 0x00000000e6ab0000, 0x00000000e8000000)
 concurrent mark-sweep generation total 393216K, used 175962K [0x00000000e8000000, 0x0000000100000000, 0x0000000100000000)
 Metaspace       used 32871K, capacity 33226K, committed 33688K, reserved 1079296K
  class space    used 3719K, capacity 3875K, committed 3992K, reserved 1048576K
}
2015-09-08T16:17:55.282+0200: 13810.278: Total time for which application threads were stopped: 0.0023241 seconds, Stopping threads took: 0.0000144 seconds
2015-09-08T16:18:15.075+0200: 13830.071: Total time for which application threads were stopped: 0.0000765 seconds, Stopping threads took: 0.0000243 seconds
2015-09-08T16:18:15.076+0200: 13830.071: Total time for which application threads were stopped: 0.0000470 seconds, Stopping threads took: 0.0000173 seconds
2015-09-08T16:18:16.076+0200: 13831.071: Total time for which application threads were stopped: 0.0000726 seconds, Stopping threads took: 0.0000266 seconds
2015-09-08T16:26:47.711+0200: 14342.703: Total time for which application threads were stopped: 0.0000659 seconds, Stopping threads took: 0.0000131 seconds
{Heap before GC invocations=366 (full 7):
 par new generation   total 109248K, used 88242K [0x00000000e0000000, 0x00000000e8000000, 0x00000000e8000000)
  eden space 87424K, 100% used [0x00000000e0000000, 0x00000000e5560000, 0x00000000e5560000)
  from space 21824K,   3% used [0x00000000e5560000, 0x00000000e562cad8, 0x00000000e6ab0000)
  to   space 21824K,   0% used [0x00000000e6ab0000, 0x00000000e6ab0000, 0x00000000e8000000)
 concurrent mark-sweep generation total 393216K, used 175962K [0x00000000e8000000, 0x0000000100000000, 0x0000000100000000)
 Metaspace       used 32871K, capacity 33226K, committed 33688K, reserved 1079296K
  class space    used 3719K, capacity 3875K, committed 3992K, reserved 1048576K
2015-09-08T16:26:48.048+0200: 14343.041: [GC (Allocation Failure) 14343.041: [ParNew
Desired survivor size 20112992 bytes, new threshold 8 (max 8)
- age   1:     809944 bytes,     809944 total
- age   4:         32 bytes,     809976 total
: 88242K->1162K(109248K), 0.0022262 secs] 264205K->177125K(502464K), 0.0022720 secs] [Times: user=0.06 sys=0.00, real=0.00 secs] 
Heap after GC invocations=367 (full 7):
 par new generation   total 109248K, used 1162K [0x00000000e0000000, 0x00000000e8000000, 0x00000000e8000000)
  eden space 87424K,   0% used [0x00000000e0000000, 0x00000000e0000000, 0x00000000e5560000)
  from space 21824K,   5% used [0x00000000e6ab0000, 0x00000000e6bd2870, 0x00000000e8000000)
  to   space 21824K,   0% used [0x00000000e5560000, 0x00000000e5560000, 0x00000000e6ab0000)
 concurrent mark-sweep generation total 393216K, used 175962K [0x00000000e8000000, 0x0000000100000000, 0x0000000100000000)
 Metaspace       used 32871K, capacity 33226K, committed 33688K, reserved 1079296K
  class space    used 3719K, capacity 3875K, committed 3992K, reserved 1048576K
}
2015-09-08T16:26:48.051+0200: 14343.043: Total time for which application threads were stopped: 0.0024262 seconds, Stopping threads took: 0.0000134 seconds
2015-09-08T16:27:41.277+0200: 14396.270: Total time for which application threads were stopped: 0.0000666 seconds, Stopping threads took: 0.0000128 seconds
2015-09-08T16:27:42.277+0200: 14397.269: Total time for which application threads were stopped: 0.0001030 seconds, Stopping threads took: 0.0000246 seconds
{Heap before GC invocations=367 (full 7):
 par new generation   total 109248K, used 88586K [0x00000000e0000000, 0x00000000e8000000, 0x00000000e8000000)
  eden space 87424K, 100% used [0x00000000e0000000, 0x00000000e5560000, 0x00000000e5560000)
  from space 21824K,   5% used [0x00000000e6ab0000, 0x00000000e6bd2870, 0x00000000e8000000)
  to   space 21824K,   0% used [0x00000000e5560000, 0x00000000e5560000, 0x00000000e6ab0000)
 concurrent mark-sweep generation total 393216K, used 175962K [0x00000000e8000000, 0x0000000100000000, 0x0000000100000000)
 Metaspace       used 32874K, capacity 33290K, committed 33688K, reserved 1079296K
  class space    used 3719K, capacity 3875K, committed 3992K, reserved 1048576K
2015-09-08T16:28:06.007+0200: 14420.999: [GC (Allocation Failure) 14420.999: [ParNew
Desired survivor size 20112992 bytes, new threshold 8 (max 8)
- age   1:     804552 bytes,     804552 total
- age   2:      20536 bytes,     825088 total
- age   5:         32 bytes,     825120 total
: 88586K->1040K(109248K), 0.0028224 secs] 264549K->177003K(502464K), 0.0028729 secs] [Times: user=0.00 sys=0.00, real=0.00 secs] 
Heap after GC invocations=368 (full 7):
 par new generation   total 109248K, used 1040K [0x00000000e0000000, 0x00000000e8000000, 0x00000000e8000000)
  eden space 87424K,   0% used [0x00000000e0000000, 0x00000000e0000000, 0x00000000e5560000)
  from space 21824K,   4% used [0x00000000e5560000, 0x00000000e56643a0, 0x00000000e6ab0000)
  to   space 21824K,   0% used [0x00000000e6ab0000, 0x00000000e6ab0000, 0x00000000e8000000)
 concurrent mark-sweep generation total 393216K, used 175962K [0x00000000e8000000, 0x0000000100000000, 0x0000000100000000)
 Metaspace       used 32874K, capacity 33290K, committed 33688K, reserved 1079296K
  class space    used 3719K, capacity 3875K, committed 3992K, reserved 1048576K
}
2015-09-08T16:28:06.010+0200: 14421.001: Total time for which application threads were stopped: 0.0030230 seconds, Stopping threads took: 0.0000141 seconds
2015-09-08T16:28:22.781+0200: 14437.772: Total time for which application threads were stopped: 0.0000717 seconds, Stopping threads took: 0.0000141 seconds
{Heap before GC invocations=368 (full 7):
 par new generation   total 109248K, used 88464K [0x00000000e0000000, 0x00000000e8000000, 0x00000000e8000000)
  eden space 87424K, 100% used [0x00000000e0000000, 0x00000000e5560000, 0x00000000e5560000)
  from space 21824K,   4% used [0x00000000e5560000, 0x00000000e56643a0, 0x00000000e6ab0000)
  to   space 21824K,   0% used [0x00000000e6ab0000, 0x00000000e6ab0000, 0x00000000e8000000)
 concurrent mark-sweep generation total 393216K, used 175962K [0x00000000e8000000, 0x0000000100000000, 0x0000000100000000)
 Metaspace       used 32889K, capacity 33290K, committed 33688K, reserved 1079296K
  class space    used 3719K, capacity 3875K, committed 3992K, reserved 1048576K
2015-09-08T16:28:22.986+0200: 14437.977: [GC (Allocation Failure) 14437.977: [ParNew
Desired survivor size 20112992 bytes, new threshold 8 (max 8)
- age   1:     795376 bytes,     795376 total
- age   2:      13712 bytes,     809088 total
- age   3:      20488 bytes,     829576 total
- age   6:         32 bytes,     829608 total
: 88464K->1044K(109248K), 0.0027145 secs] 264427K->177007K(502464K), 0.0027667 secs] [Times: user=0.00 sys=0.00, real=0.00 secs] 
Heap after GC invocations=369 (full 7):
 par new generation   total 109248K, used 1044K [0x00000000e0000000, 0x00000000e8000000, 0x00000000e8000000)
  eden space 87424K,   0% used [0x00000000e0000000, 0x00000000e0000000, 0x00000000e5560000)
  from space 21824K,   4% used [0x00000000e6ab0000, 0x00000000e6bb5220, 0x00000000e8000000)
  to   space 21824K,   0% used [0x00000000e5560000, 0x00000000e5560000, 0x00000000e6ab0000)
 concurrent mark-sweep generation total 393216K, used 175962K [0x00000000e8000000, 0x0000000100000000, 0x0000000100000000)
 Metaspace       used 32889K, capacity 33290K, committed 33688K, reserved 1079296K
  class space    used 3719K, capacity 3875K, committed 3992K, reserved 1048576K
}
2015-09-08T16:28:22.989+0200: 14437.980: Total time for which application threads were stopped: 0.0029219 seconds, Stopping threads took: 0.0000138 seconds
2015-09-08T16:36:57.487+0200: 14952.475: Total time for which application threads were stopped: 0.0000758 seconds, Stopping threads took: 0.0000224 seconds
2015-09-08T16:36:58.487+0200: 14953.475: Total time for which application threads were stopped: 0.0001277 seconds, Stopping threads took: 0.0000378 seconds
2015-09-08T16:40:54.648+0200: 15189.634: Total time for which application threads were stopped: 0.0000938 seconds, Stopping threads took: 0.0000224 seconds
{Heap before GC invocations=369 (full 7):
 par new generation   total 109248K, used 88468K [0x00000000e0000000, 0x00000000e8000000, 0x00000000e8000000)
  eden space 87424K, 100% used [0x00000000e0000000, 0x00000000e5560000, 0x00000000e5560000)
  from space 21824K,   4% used [0x00000000e6ab0000, 0x00000000e6bb5220, 0x00000000e8000000)
  to   space 21824K,   0% used [0x00000000e5560000, 0x00000000e5560000, 0x00000000e6ab0000)
 concurrent mark-sweep generation total 393216K, used 175962K [0x00000000e8000000, 0x0000000100000000, 0x0000000100000000)
 Metaspace       used 32896K, capacity 33290K, committed 33688K, reserved 1079296K
  class space    used 3719K, capacity 3875K, committed 3992K, reserved 1048576K
2015-09-08T16:40:54.913+0200: 15189.899: [GC (Allocation Failure) 15189.899: [ParNew
Desired survivor size 20112992 bytes, new threshold 8 (max 8)
- age   1:     823464 bytes,     823464 total
- age   2:        640 bytes,     824104 total
- age   3:        400 bytes,     824504 total
- age   4:       7576 bytes,     832080 total
- age   7:         32 bytes,     832112 total
: 88468K->1122K(109248K), 0.0026125 secs] 264431K->177085K(502464K), 0.0026573 secs] [Times: user=0.00 sys=0.00, real=0.00 secs] 
Heap after GC invocations=370 (full 7):
 par new generation   total 109248K, used 1122K [0x00000000e0000000, 0x00000000e8000000, 0x00000000e8000000)
  eden space 87424K,   0% used [0x00000000e0000000, 0x00000000e0000000, 0x00000000e5560000)
  from space 21824K,   5% used [0x00000000e5560000, 0x00000000e5678ac0, 0x00000000e6ab0000)
  to   space 21824K,   0% used [0x00000000e6ab0000, 0x00000000e6ab0000, 0x00000000e8000000)
 concurrent mark-sweep generation total 393216K, used 175962K [0x00000000e8000000, 0x0000000100000000, 0x0000000100000000)
 Metaspace       used 32896K, capacity 33290K, committed 33688K, reserved 1079296K
  class space    used 3719K, capacity 3875K, committed 3992K, reserved 1048576K
}
2015-09-08T16:40:54.916+0200: 15189.902: Total time for which application threads were stopped: 0.0028067 seconds, Stopping threads took: 0.0000138 seconds
2015-09-08T16:44:54.175+0200: 15429.160: Total time for which application threads were stopped: 0.0000829 seconds, Stopping threads took: 0.0000224 seconds
2015-09-08T16:46:48.879+0200: 15543.863: Total time for which application threads were stopped: 0.0000733 seconds, Stopping threads took: 0.0000150 seconds
2015-09-08T16:46:49.879+0200: 15544.863: Total time for which application threads were stopped: 0.0000778 seconds, Stopping threads took: 0.0000310 seconds
2015-09-08T16:48:29.047+0200: 15644.030: Total time for which application threads were stopped: 0.0000675 seconds, Stopping threads took: 0.0000154 seconds
2015-09-08T16:49:29.663+0200: 15704.646: Total time for which application threads were stopped: 0.0000675 seconds, Stopping threads took: 0.0000138 seconds
2015-09-08T16:49:30.663+0200: 15705.646: Total time for which application threads were stopped: 0.0001152 seconds, Stopping threads took: 0.0000307 seconds
2015-09-08T16:50:17.582+0200: 15752.565: Total time for which application threads were stopped: 0.0000598 seconds, Stopping threads took: 0.0000128 seconds
2015-09-08T16:50:18.582+0200: 15753.564: Total time for which application threads were stopped: 0.0000813 seconds, Stopping threads took: 0.0000358 seconds
2015-09-08T16:52:58.400+0200: 15913.382: Total time for which application threads were stopped: 0.0000739 seconds, Stopping threads took: 0.0000166 seconds
2015-09-08T16:53:21.919+0200: 15936.901: Total time for which application threads were stopped: 0.0000618 seconds, Stopping threads took: 0.0000147 seconds
{Heap before GC invocations=370 (full 7):
 par new generation   total 109248K, used 88322K [0x00000000e0000000, 0x00000000e8000000, 0x00000000e8000000)
  eden space 87424K,  99% used [0x00000000e0000000, 0x00000000e5528028, 0x00000000e5560000)
  from space 21824K,   5% used [0x00000000e5560000, 0x00000000e5678ac0, 0x00000000e6ab0000)
  to   space 21824K,   0% used [0x00000000e6ab0000, 0x00000000e6ab0000, 0x00000000e8000000)
 concurrent mark-sweep generation total 393216K, used 175962K [0x00000000e8000000, 0x0000000100000000, 0x0000000100000000)
 Metaspace       used 32921K, capacity 33290K, committed 33688K, reserved 1079296K
  class space    used 3719K, capacity 3875K, committed 3992K, reserved 1048576K
2015-09-08T16:53:21.919+0200: 15936.901: [GC (Allocation Failure) 15936.901: [ParNew
Desired survivor size 20112992 bytes, new threshold 8 (max 8)
- age   1:     740352 bytes,     740352 total
- age   2:       9528 bytes,     749880 total
- age   3:        616 bytes,     750496 total
- age   4:        144 bytes,     750640 total
- age   5:       6616 bytes,     757256 total
- age   8:         32 bytes,     757288 total
: 88322K->915K(109248K), 0.0040163 secs] 264285K->176878K(502464K), 0.0040790 secs] [Times: user=0.00 sys=0.00, real=0.01 secs] 
Heap after GC invocations=371 (full 7):
 par new generation   total 109248K, used 915K [0x00000000e0000000, 0x00000000e8000000, 0x00000000e8000000)
  eden space 87424K,   0% used [0x00000000e0000000, 0x00000000e0000000, 0x00000000e5560000)
  from space 21824K,   4% used [0x00000000e6ab0000, 0x00000000e6b94d08, 0x00000000e8000000)
  to   space 21824K,   0% used [0x00000000e5560000, 0x00000000e5560000, 0x00000000e6ab0000)
 concurrent mark-sweep generation total 393216K, used 175962K [0x00000000e8000000, 0x0000000100000000, 0x0000000100000000)
 Metaspace       used 32921K, capacity 33290K, committed 33688K, reserved 1079296K
  class space    used 3719K, capacity 3875K, committed 3992K, reserved 1048576K
}
2015-09-08T16:53:21.924+0200: 15936.905: Total time for which application threads were stopped: 0.0042793 seconds, Stopping threads took: 0.0000726 seconds
2015-09-08T16:54:52.431+0200: 16027.412: Total time for which application threads were stopped: 0.0000688 seconds, Stopping threads took: 0.0000138 seconds
{Heap before GC invocations=371 (full 7):
 par new generation   total 109248K, used 88339K [0x00000000e0000000, 0x00000000e8000000, 0x00000000e8000000)
  eden space 87424K, 100% used [0x00000000e0000000, 0x00000000e5560000, 0x00000000e5560000)
  from space 21824K,   4% used [0x00000000e6ab0000, 0x00000000e6b94d08, 0x00000000e8000000)
  to   space 21824K,   0% used [0x00000000e5560000, 0x00000000e5560000, 0x00000000e6ab0000)
 concurrent mark-sweep generation total 393216K, used 175962K [0x00000000e8000000, 0x0000000100000000, 0x0000000100000000)
 Metaspace       used 32922K, capacity 33290K, committed 33688K, reserved 1079296K
  class space    used 3719K, capacity 3875K, committed 3992K, reserved 1048576K
2015-09-08T16:54:52.490+0200: 16027.470: [GC (Allocation Failure) 16027.470: [ParNew
Desired survivor size 20112992 bytes, new threshold 8 (max 8)
- age   1:     801592 bytes,     801592 total
- age   2:      23216 bytes,     824808 total
- age   3:       9528 bytes,     834336 total
- age   4:        616 bytes,     834952 total
- age   5:        144 bytes,     835096 total
- age   6:       6616 bytes,     841712 total
: 88339K->1148K(109248K), 0.0029968 secs] 264302K->177111K(502464K), 0.0030445 secs] [Times: user=0.00 sys=0.00, real=0.00 secs] 
Heap after GC invocations=372 (full 7):
 par new generation   total 109248K, used 1148K [0x00000000e0000000, 0x00000000e8000000, 0x00000000e8000000)
  eden space 87424K,   0% used [0x00000000e0000000, 0x00000000e0000000, 0x00000000e5560000)
  from space 21824K,   5% used [0x00000000e5560000, 0x00000000e567f268, 0x00000000e6ab0000)
  to   space 21824K,   0% used [0x00000000e6ab0000, 0x00000000e6ab0000, 0x00000000e8000000)
 concurrent mark-sweep generation total 393216K, used 175962K [0x00000000e8000000, 0x0000000100000000, 0x0000000100000000)
 Metaspace       used 32922K, capacity 33290K, committed 33688K, reserved 1079296K
  class space    used 3719K, capacity 3875K, committed 3992K, reserved 1048576K
}
2015-09-08T16:54:52.493+0200: 16027.473: Total time for which application threads were stopped: 0.0031993 seconds, Stopping threads took: 0.0000224 seconds
2015-09-08T16:57:20.545+0200: 16175.524: Total time for which application threads were stopped: 0.0000659 seconds, Stopping threads took: 0.0000128 seconds
{Heap before GC invocations=372 (full 7):
 par new generation   total 109248K, used 88572K [0x00000000e0000000, 0x00000000e8000000, 0x00000000e8000000)
  eden space 87424K, 100% used [0x00000000e0000000, 0x00000000e5560000, 0x00000000e5560000)
  from space 21824K,   5% used [0x00000000e5560000, 0x00000000e567f268, 0x00000000e6ab0000)
  to   space 21824K,   0% used [0x00000000e6ab0000, 0x00000000e6ab0000, 0x00000000e8000000)
 concurrent mark-sweep generation total 393216K, used 175962K [0x00000000e8000000, 0x0000000100000000, 0x0000000100000000)
 Metaspace       used 32922K, capacity 33290K, committed 33688K, reserved 1079296K
  class space    used 3719K, capacity 3875K, committed 3992K, reserved 1048576K
2015-09-08T16:57:20.788+0200: 16175.768: [GC (Allocation Failure) 16175.768: [ParNew
Desired survivor size 20112992 bytes, new threshold 8 (max 8)
- age   1:    1598608 bytes,    1598608 total
- age   2:      13768 bytes,    1612376 total
- age   3:      10120 bytes,    1622496 total
- age   4:       9528 bytes,    1632024 total
- age   5:        616 bytes,    1632640 total
- age   6:        144 bytes,    1632784 total
- age   7:       6616 bytes,    1639400 total
: 88572K->1792K(109248K), 0.0024128 secs] 264535K->177754K(502464K), 0.0024557 secs] [Times: user=0.00 sys=0.00, real=0.00 secs] 
Heap after GC invocations=373 (full 7):
 par new generation   total 109248K, used 1792K [0x00000000e0000000, 0x00000000e8000000, 0x00000000e8000000)
  eden space 87424K,   0% used [0x00000000e0000000, 0x00000000e0000000, 0x00000000e5560000)
  from space 21824K,   8% used [0x00000000e6ab0000, 0x00000000e6c70018, 0x00000000e8000000)
  to   space 21824K,   0% used [0x00000000e5560000, 0x00000000e5560000, 0x00000000e6ab0000)
 concurrent mark-sweep generation total 393216K, used 175962K [0x00000000e8000000, 0x0000000100000000, 0x0000000100000000)
 Metaspace       used 32922K, capacity 33290K, committed 33688K, reserved 1079296K
  class space    used 3719K, capacity 3875K, committed 3992K, reserved 1048576K
}
2015-09-08T16:57:20.791+0200: 16175.771: Total time for which application threads were stopped: 0.0026077 seconds, Stopping threads took: 0.0000154 seconds
{Heap before GC invocations=373 (full 7):
 par new generation   total 109248K, used 89216K [0x00000000e0000000, 0x00000000e8000000, 0x00000000e8000000)
  eden space 87424K, 100% used [0x00000000e0000000, 0x00000000e5560000, 0x00000000e5560000)
  from space 21824K,   8% used [0x00000000e6ab0000, 0x00000000e6c70018, 0x00000000e8000000)
  to   space 21824K,   0% used [0x00000000e5560000, 0x00000000e5560000, 0x00000000e6ab0000)
 concurrent mark-sweep generation total 393216K, used 175962K [0x00000000e8000000, 0x0000000100000000, 0x0000000100000000)
 Metaspace       used 32922K, capacity 33290K, committed 33688K, reserved 1079296K
  class space    used 3719K, capacity 3875K, committed 3992K, reserved 1048576K
2015-09-08T16:57:21.232+0200: 16176.212: [GC (Allocation Failure) 16176.212: [ParNew
Desired survivor size 20112992 bytes, new threshold 8 (max 8)
- age   1:     682904 bytes,     682904 total
- age   2:     919784 bytes,    1602688 total
- age   3:      13768 bytes,    1616456 total
- age   4:      10120 bytes,    1626576 total
- age   5:       9528 bytes,    1636104 total
- age   6:        616 bytes,    1636720 total
- age   7:        144 bytes,    1636864 total
- age   8:       6616 bytes,    1643480 total
: 89216K->1872K(109248K), 0.0021603 secs] 265178K->177835K(502464K), 0.0022054 secs] [Times: user=0.06 sys=0.00, real=0.00 secs] 
Heap after GC invocations=374 (full 7):
 par new generation   total 109248K, used 1872K [0x00000000e0000000, 0x00000000e8000000, 0x00000000e8000000)
  eden space 87424K,   0% used [0x00000000e0000000, 0x00000000e0000000, 0x00000000e5560000)
  from space 21824K,   8% used [0x00000000e5560000, 0x00000000e5734148, 0x00000000e6ab0000)
  to   space 21824K,   0% used [0x00000000e6ab0000, 0x00000000e6ab0000, 0x00000000e8000000)
 concurrent mark-sweep generation total 393216K, used 175962K [0x00000000e8000000, 0x0000000100000000, 0x0000000100000000)
 Metaspace       used 32922K, capacity 33290K, committed 33688K, reserved 1079296K
  class space    used 3719K, capacity 3875K, committed 3992K, reserved 1048576K
}
2015-09-08T16:57:21.235+0200: 16176.214: Total time for which application threads were stopped: 0.0023542 seconds, Stopping threads took: 0.0000138 seconds
{Heap before GC invocations=374 (full 7):
 par new generation   total 109248K, used 89296K [0x00000000e0000000, 0x00000000e8000000, 0x00000000e8000000)
  eden space 87424K, 100% used [0x00000000e0000000, 0x00000000e5560000, 0x00000000e5560000)
  from space 21824K,   8% used [0x00000000e5560000, 0x00000000e5734148, 0x00000000e6ab0000)
  to   space 21824K,   0% used [0x00000000e6ab0000, 0x00000000e6ab0000, 0x00000000e8000000)
 concurrent mark-sweep generation total 393216K, used 175962K [0x00000000e8000000, 0x0000000100000000, 0x0000000100000000)
 Metaspace       used 32922K, capacity 33290K, committed 33688K, reserved 1079296K
  class space    used 3719K, capacity 3875K, committed 3992K, reserved 1048576K
2015-09-08T16:57:21.674+0200: 16176.654: [GC (Allocation Failure) 16176.654: [ParNew
Desired survivor size 20112992 bytes, new threshold 8 (max 8)
- age   1:     684584 bytes,     684584 total
- age   3:     919784 bytes,    1604368 total
- age   4:      13768 bytes,    1618136 total
- age   5:      10120 bytes,    1628256 total
- age   6:       9528 bytes,    1637784 total
- age   7:        616 bytes,    1638400 total
- age   8:        144 bytes,    1638544 total
: 89296K->1870K(109248K), 0.0028029 secs] 265259K->177840K(502464K), 0.0028457 secs] [Times: user=0.00 sys=0.00, real=0.00 secs] 
Heap after GC invocations=375 (full 7):
 par new generation   total 109248K, used 1870K [0x00000000e0000000, 0x00000000e8000000, 0x00000000e8000000)
  eden space 87424K,   0% used [0x00000000e0000000, 0x00000000e0000000, 0x00000000e5560000)
  from space 21824K,   8% used [0x00000000e6ab0000, 0x00000000e6c83bc0, 0x00000000e8000000)
  to   space 21824K,   0% used [0x00000000e5560000, 0x00000000e5560000, 0x00000000e6ab0000)
 concurrent mark-sweep generation total 393216K, used 175969K [0x00000000e8000000, 0x0000000100000000, 0x0000000100000000)
 Metaspace       used 32922K, capacity 33290K, committed 33688K, reserved 1079296K
  class space    used 3719K, capacity 3875K, committed 3992K, reserved 1048576K
}
2015-09-08T16:57:21.677+0200: 16176.657: Total time for which application threads were stopped: 0.0030115 seconds, Stopping threads took: 0.0000147 seconds
{Heap before GC invocations=375 (full 7):
 par new generation   total 109248K, used 89294K [0x00000000e0000000, 0x00000000e8000000, 0x00000000e8000000)
  eden space 87424K, 100% used [0x00000000e0000000, 0x00000000e5560000, 0x00000000e5560000)
  from space 21824K,   8% used [0x00000000e6ab0000, 0x00000000e6c83bc0, 0x00000000e8000000)
  to   space 21824K,   0% used [0x00000000e5560000, 0x00000000e5560000, 0x00000000e6ab0000)
 concurrent mark-sweep generation total 393216K, used 175969K [0x00000000e8000000, 0x0000000100000000, 0x0000000100000000)
 Metaspace       used 32922K, capacity 33290K, committed 33688K, reserved 1079296K
  class space    used 3719K, capacity 3875K, committed 3992K, reserved 1048576K
2015-09-08T16:57:22.112+0200: 16177.091: [GC (Allocation Failure) 16177.091: [ParNew
Desired survivor size 20112992 bytes, new threshold 8 (max 8)
- age   1:     686968 bytes,     686968 total
- age   4:     919784 bytes,    1606752 total
- age   5:      13768 bytes,    1620520 total
- age   6:      10120 bytes,    1630640 total
- age   7:       9528 bytes,    1640168 total
- age   8:        616 bytes,    1640784 total
: 89294K->1738K(109248K), 0.0028134 secs] 265264K->177707K(502464K), 0.0028605 secs] [Times: user=0.00 sys=0.00, real=0.00 secs] 
Heap after GC invocations=376 (full 7):
 par new generation   total 109248K, used 1738K [0x00000000e0000000, 0x00000000e8000000, 0x00000000e8000000)
  eden space 87424K,   0% used [0x00000000e0000000, 0x00000000e0000000, 0x00000000e5560000)
  from space 21824K,   7% used [0x00000000e5560000, 0x00000000e5712998, 0x00000000e6ab0000)
  to   space 21824K,   0% used [0x00000000e6ab0000, 0x00000000e6ab0000, 0x00000000e8000000)
 concurrent mark-sweep generation total 393216K, used 175969K [0x00000000e8000000, 0x0000000100000000, 0x0000000100000000)
 Metaspace       used 32922K, capacity 33290K, committed 33688K, reserved 1079296K
  class space    used 3719K, capacity 3875K, committed 3992K, reserved 1048576K
}
2015-09-08T16:57:22.114+0200: 16177.094: Total time for which application threads were stopped: 0.0030390 seconds, Stopping threads took: 0.0000160 seconds
{Heap before GC invocations=376 (full 7):
 par new generation   total 109248K, used 89162K [0x00000000e0000000, 0x00000000e8000000, 0x00000000e8000000)
  eden space 87424K, 100% used [0x00000000e0000000, 0x00000000e5560000, 0x00000000e5560000)
  from space 21824K,   7% used [0x00000000e5560000, 0x00000000e5712998, 0x00000000e6ab0000)
  to   space 21824K,   0% used [0x00000000e6ab0000, 0x00000000e6ab0000, 0x00000000e8000000)
 concurrent mark-sweep generation total 393216K, used 175969K [0x00000000e8000000, 0x0000000100000000, 0x0000000100000000)
 Metaspace       used 32922K, capacity 33290K, committed 33688K, reserved 1079296K
  class space    used 3719K, capacity 3875K, committed 3992K, reserved 1048576K
2015-09-08T16:57:22.555+0200: 16177.535: [GC (Allocation Failure) 16177.535: [ParNew
Desired survivor size 20112992 bytes, new threshold 8 (max 8)
- age   1:     692000 bytes,     692000 total
- age   5:     919784 bytes,    1611784 total
- age   6:      13768 bytes,    1625552 total
- age   7:      10120 bytes,    1635672 total
- age   8:       9528 bytes,    1645200 total
: 89162K->1845K(109248K), 0.0023888 secs] 265131K->177815K(502464K), 0.0024310 secs] [Times: user=0.00 sys=0.00, real=0.00 secs] 
Heap after GC invocations=377 (full 7):
 par new generation   total 109248K, used 1845K [0x00000000e0000000, 0x00000000e8000000, 0x00000000e8000000)
  eden space 87424K,   0% used [0x00000000e0000000, 0x00000000e0000000, 0x00000000e5560000)
  from space 21824K,   8% used [0x00000000e6ab0000, 0x00000000e6c7d4e8, 0x00000000e8000000)
  to   space 21824K,   0% used [0x00000000e5560000, 0x00000000e5560000, 0x00000000e6ab0000)
 concurrent mark-sweep generation total 393216K, used 175970K [0x00000000e8000000, 0x0000000100000000, 0x0000000100000000)
 Metaspace       used 32922K, capacity 33290K, committed 33688K, reserved 1079296K
  class space    used 3719K, capacity 3875K, committed 3992K, reserved 1048576K
}
2015-09-08T16:57:22.558+0200: 16177.537: Total time for which application threads were stopped: 0.0025872 seconds, Stopping threads took: 0.0000144 seconds
{Heap before GC invocations=377 (full 7):
 par new generation   total 109248K, used 89269K [0x00000000e0000000, 0x00000000e8000000, 0x00000000e8000000)
  eden space 87424K, 100% used [0x00000000e0000000, 0x00000000e5560000, 0x00000000e5560000)
  from space 21824K,   8% used [0x00000000e6ab0000, 0x00000000e6c7d4e8, 0x00000000e8000000)
  to   space 21824K,   0% used [0x00000000e5560000, 0x00000000e5560000, 0x00000000e6ab0000)
 concurrent mark-sweep generation total 393216K, used 175970K [0x00000000e8000000, 0x0000000100000000, 0x0000000100000000)
 Metaspace       used 32922K, capacity 33290K, committed 33688K, reserved 1079296K
  class space    used 3719K, capacity 3875K, committed 3992K, reserved 1048576K
2015-09-08T16:57:22.994+0200: 16177.973: [GC (Allocation Failure) 16177.974: [ParNew
Desired survivor size 20112992 bytes, new threshold 8 (max 8)
- age   1:     687368 bytes,     687368 total
- age   6:     919688 bytes,    1607056 total
- age   7:      13768 bytes,    1620824 total
- age   8:      10120 bytes,    1630944 total
: 89269K->1862K(109248K), 0.0028995 secs] 265239K->177841K(502464K), 0.0029990 secs] [Times: user=0.06 sys=0.00, real=0.00 secs] 
Heap after GC invocations=378 (full 7):
 par new generation   total 109248K, used 1862K [0x00000000e0000000, 0x00000000e8000000, 0x00000000e8000000)
  eden space 87424K,   0% used [0x00000000e0000000, 0x00000000e0000000, 0x00000000e5560000)
  from space 21824K,   8% used [0x00000000e5560000, 0x00000000e5731898, 0x00000000e6ab0000)
  to   space 21824K,   0% used [0x00000000e6ab0000, 0x00000000e6ab0000, 0x00000000e8000000)
 concurrent mark-sweep generation total 393216K, used 175979K [0x00000000e8000000, 0x0000000100000000, 0x0000000100000000)
 Metaspace       used 32922K, capacity 33290K, committed 33688K, reserved 1079296K
  class space    used 3719K, capacity 3875K, committed 3992K, reserved 1048576K
}
2015-09-08T16:57:22.997+0200: 16177.977: Total time for which application threads were stopped: 0.0031523 seconds, Stopping threads took: 0.0000147 seconds
{Heap before GC invocations=378 (full 7):
 par new generation   total 109248K, used 89286K [0x00000000e0000000, 0x00000000e8000000, 0x00000000e8000000)
  eden space 87424K, 100% used [0x00000000e0000000, 0x00000000e5560000, 0x00000000e5560000)
  from space 21824K,   8% used [0x00000000e5560000, 0x00000000e5731898, 0x00000000e6ab0000)
  to   space 21824K,   0% used [0x00000000e6ab0000, 0x00000000e6ab0000, 0x00000000e8000000)
 concurrent mark-sweep generation total 393216K, used 175979K [0x00000000e8000000, 0x0000000100000000, 0x0000000100000000)
 Metaspace       used 32922K, capacity 33290K, committed 33688K, reserved 1079296K
  class space    used 3719K, capacity 3875K, committed 3992K, reserved 1048576K
2015-09-08T16:57:23.435+0200: 16178.415: [GC (Allocation Failure) 16178.415: [ParNew
Desired survivor size 20112992 bytes, new threshold 8 (max 8)
- age   1:     685528 bytes,     685528 total
- age   2:         96 bytes,     685624 total
- age   7:     919688 bytes,    1605312 total
- age   8:      13768 bytes,    1619080 total
: 89286K->1729K(109248K), 0.0026179 secs] 265265K->177719K(502464K), 0.0026659 secs] [Times: user=0.00 sys=0.00, real=0.00 secs] 
Heap after GC invocations=379 (full 7):
 par new generation   total 109248K, used 1729K [0x00000000e0000000, 0x00000000e8000000, 0x00000000e8000000)
  eden space 87424K,   0% used [0x00000000e0000000, 0x00000000e0000000, 0x00000000e5560000)
  from space 21824K,   7% used [0x00000000e6ab0000, 0x00000000e6c607d8, 0x00000000e8000000)
  to   space 21824K,   0% used [0x00000000e5560000, 0x00000000e5560000, 0x00000000e6ab0000)
 concurrent mark-sweep generation total 393216K, used 175989K [0x00000000e8000000, 0x0000000100000000, 0x0000000100000000)
 Metaspace       used 32922K, capacity 33290K, committed 33688K, reserved 1079296K
  class space    used 3719K, capacity 3875K, committed 3992K, reserved 1048576K
}
2015-09-08T16:57:23.438+0200: 16178.418: Total time for which application threads were stopped: 0.0028131 seconds, Stopping threads took: 0.0000138 seconds
{Heap before GC invocations=379 (full 7):
 par new generation   total 109248K, used 89153K [0x00000000e0000000, 0x00000000e8000000, 0x00000000e8000000)
  eden space 87424K, 100% used [0x00000000e0000000, 0x00000000e5560000, 0x00000000e5560000)
  from space 21824K,   7% used [0x00000000e6ab0000, 0x00000000e6c607d8, 0x00000000e8000000)
  to   space 21824K,   0% used [0x00000000e5560000, 0x00000000e5560000, 0x00000000e6ab0000)
 concurrent mark-sweep generation total 393216K, used 175989K [0x00000000e8000000, 0x0000000100000000, 0x0000000100000000)
 Metaspace       used 32922K, capacity 33290K, committed 33688K, reserved 1079296K
  class space    used 3719K, capacity 3875K, committed 3992K, reserved 1048576K
2015-09-08T16:57:23.873+0200: 16178.853: [GC (Allocation Failure) 16178.853: [ParNew
Desired survivor size 20112992 bytes, new threshold 8 (max 8)
- age   1:     683032 bytes,     683032 total
- age   3:         96 bytes,     683128 total
- age   8:     919688 bytes,    1602816 total
: 89153K->1819K(109248K), 0.0025869 secs] 265143K->177823K(502464K), 0.0026339 secs] [Times: user=0.00 sys=0.00, real=0.00 secs] 
Heap after GC invocations=380 (full 7):
 par new generation   total 109248K, used 1819K [0x00000000e0000000, 0x00000000e8000000, 0x00000000e8000000)
  eden space 87424K,   0% used [0x00000000e0000000, 0x00000000e0000000, 0x00000000e5560000)
  from space 21824K,   8% used [0x00000000e5560000, 0x00000000e5726fd8, 0x00000000e6ab0000)
  to   space 21824K,   0% used [0x00000000e6ab0000, 0x00000000e6ab0000, 0x00000000e8000000)
 concurrent mark-sweep generation total 393216K, used 176003K [0x00000000e8000000, 0x0000000100000000, 0x0000000100000000)
 Metaspace       used 32922K, capacity 33290K, committed 33688K, reserved 1079296K
  class space    used 3719K, capacity 3875K, committed 3992K, reserved 1048576K
}
2015-09-08T16:57:23.876+0200: 16178.856: Total time for which application threads were stopped: 0.0027840 seconds, Stopping threads took: 0.0000138 seconds
{Heap before GC invocations=380 (full 7):
 par new generation   total 109248K, used 89243K [0x00000000e0000000, 0x00000000e8000000, 0x00000000e8000000)
  eden space 87424K, 100% used [0x00000000e0000000, 0x00000000e5560000, 0x00000000e5560000)
  from space 21824K,   8% used [0x00000000e5560000, 0x00000000e5726fd8, 0x00000000e6ab0000)
  to   space 21824K,   0% used [0x00000000e6ab0000, 0x00000000e6ab0000, 0x00000000e8000000)
 concurrent mark-sweep generation total 393216K, used 176003K [0x00000000e8000000, 0x0000000100000000, 0x0000000100000000)
 Metaspace       used 32922K, capacity 33290K, committed 33688K, reserved 1079296K
  class space    used 3719K, capacity 3875K, committed 3992K, reserved 1048576K
2015-09-08T16:57:24.312+0200: 16179.292: [GC (Allocation Failure) 16179.292: [ParNew
Desired survivor size 20112992 bytes, new threshold 8 (max 8)
- age   1:     686312 bytes,     686312 total
- age   4:         96 bytes,     686408 total
: 89243K->970K(109248K), 0.0023661 secs] 265247K->177872K(502464K), 0.0024141 secs] [Times: user=0.00 sys=0.00, real=0.00 secs] 
Heap after GC invocations=381 (full 7):
 par new generation   total 109248K, used 970K [0x00000000e0000000, 0x00000000e8000000, 0x00000000e8000000)
  eden space 87424K,   0% used [0x00000000e0000000, 0x00000000e0000000, 0x00000000e5560000)
  from space 21824K,   4% used [0x00000000e6ab0000, 0x00000000e6ba2988, 0x00000000e8000000)
  to   space 21824K,   0% used [0x00000000e5560000, 0x00000000e5560000, 0x00000000e6ab0000)
 concurrent mark-sweep generation total 393216K, used 176901K [0x00000000e8000000, 0x0000000100000000, 0x0000000100000000)
 Metaspace       used 32922K, capacity 33290K, committed 33688K, reserved 1079296K
  class space    used 3719K, capacity 3875K, committed 3992K, reserved 1048576K
}
2015-09-08T16:57:24.315+0200: 16179.295: Total time for which application threads were stopped: 0.0025651 seconds, Stopping threads took: 0.0000138 seconds
{Heap before GC invocations=381 (full 7):
 par new generation   total 109248K, used 88394K [0x00000000e0000000, 0x00000000e8000000, 0x00000000e8000000)
  eden space 87424K, 100% used [0x00000000e0000000, 0x00000000e5560000, 0x00000000e5560000)
  from space 21824K,   4% used [0x00000000e6ab0000, 0x00000000e6ba2988, 0x00000000e8000000)
  to   space 21824K,   0% used [0x00000000e5560000, 0x00000000e5560000, 0x00000000e6ab0000)
 concurrent mark-sweep generation total 393216K, used 176901K [0x00000000e8000000, 0x0000000100000000, 0x0000000100000000)
 Metaspace       used 32922K, capacity 33290K, committed 33688K, reserved 1079296K
  class space    used 3719K, capacity 3875K, committed 3992K, reserved 1048576K
2015-09-08T16:57:24.752+0200: 16179.732: [GC (Allocation Failure) 16179.732: [ParNew
Desired survivor size 20112992 bytes, new threshold 8 (max 8)
- age   1:     683240 bytes,     683240 total
- age   2:         32 bytes,     683272 total
- age   5:         96 bytes,     683368 total
: 88394K->808K(109248K), 0.0019958 secs] 265296K->177709K(502464K), 0.0020435 secs] [Times: user=0.00 sys=0.00, real=0.00 secs] 
Heap after GC invocations=382 (full 7):
 par new generation   total 109248K, used 808K [0x00000000e0000000, 0x00000000e8000000, 0x00000000e8000000)
  eden space 87424K,   0% used [0x00000000e0000000, 0x00000000e0000000, 0x00000000e5560000)
  from space 21824K,   3% used [0x00000000e5560000, 0x00000000e562a0b0, 0x00000000e6ab0000)
  to   space 21824K,   0% used [0x00000000e6ab0000, 0x00000000e6ab0000, 0x00000000e8000000)
 concurrent mark-sweep generation total 393216K, used 176901K [0x00000000e8000000, 0x0000000100000000, 0x0000000100000000)
 Metaspace       used 32922K, capacity 33290K, committed 33688K, reserved 1079296K
  class space    used 3719K, capacity 3875K, committed 3992K, reserved 1048576K
}
2015-09-08T16:57:24.754+0200: 16179.734: Total time for which application threads were stopped: 0.0021958 seconds, Stopping threads took: 0.0000154 seconds
{Heap before GC invocations=382 (full 7):
 par new generation   total 109248K, used 88232K [0x00000000e0000000, 0x00000000e8000000, 0x00000000e8000000)
  eden space 87424K, 100% used [0x00000000e0000000, 0x00000000e5560000, 0x00000000e5560000)
  from space 21824K,   3% used [0x00000000e5560000, 0x00000000e562a0b0, 0x00000000e6ab0000)
  to   space 21824K,   0% used [0x00000000e6ab0000, 0x00000000e6ab0000, 0x00000000e8000000)
 concurrent mark-sweep generation total 393216K, used 176901K [0x00000000e8000000, 0x0000000100000000, 0x0000000100000000)
 Metaspace       used 32922K, capacity 33290K, committed 33688K, reserved 1079296K
  class space    used 3719K, capacity 3875K, committed 3992K, reserved 1048576K
2015-09-08T16:57:25.226+0200: 16180.206: [GC (Allocation Failure) 16180.206: [ParNew
Desired survivor size 20112992 bytes, new threshold 8 (max 8)
- age   1:     684336 bytes,     684336 total
- age   3:         32 bytes,     684368 total
- age   6:         96 bytes,     684464 total
: 88232K->885K(109248K), 0.0079056 secs] 265133K->177787K(502464K), 0.0079516 secs] [Times: user=0.00 sys=0.00, real=0.01 secs] 
Heap after GC invocations=383 (full 7):
 par new generation   total 109248K, used 885K [0x00000000e0000000, 0x00000000e8000000, 0x00000000e8000000)
  eden space 87424K,   0% used [0x00000000e0000000, 0x00000000e0000000, 0x00000000e5560000)
  from space 21824K,   4% used [0x00000000e6ab0000, 0x00000000e6b8d5e0, 0x00000000e8000000)
  to   space 21824K,   0% used [0x00000000e5560000, 0x00000000e5560000, 0x00000000e6ab0000)
 concurrent mark-sweep generation total 393216K, used 176901K [0x00000000e8000000, 0x0000000100000000, 0x0000000100000000)
 Metaspace       used 32922K, capacity 33290K, committed 33688K, reserved 1079296K
  class space    used 3719K, capacity 3875K, committed 3992K, reserved 1048576K
}
2015-09-08T16:57:25.234+0200: 16180.214: Total time for which application threads were stopped: 0.0081152 seconds, Stopping threads took: 0.0000237 seconds
2015-09-08T17:00:04.912+0200: 16339.891: Total time for which application threads were stopped: 0.0000730 seconds, Stopping threads took: 0.0000154 seconds
{Heap before GC invocations=383 (full 7):
 par new generation   total 109248K, used 88309K [0x00000000e0000000, 0x00000000e8000000, 0x00000000e8000000)
  eden space 87424K, 100% used [0x00000000e0000000, 0x00000000e5560000, 0x00000000e5560000)
  from space 21824K,   4% used [0x00000000e6ab0000, 0x00000000e6b8d5e0, 0x00000000e8000000)
  to   space 21824K,   0% used [0x00000000e5560000, 0x00000000e5560000, 0x00000000e6ab0000)
 concurrent mark-sweep generation total 393216K, used 176901K [0x00000000e8000000, 0x0000000100000000, 0x0000000100000000)
 Metaspace       used 32924K, capacity 33290K, committed 33688K, reserved 1079296K
  class space    used 3719K, capacity 3875K, committed 3992K, reserved 1048576K
2015-09-08T17:00:05.367+0200: 16340.346: [GC (Allocation Failure) 16340.346: [ParNew
Desired survivor size 20112992 bytes, new threshold 8 (max 8)
- age   1:    1613192 bytes,    1613192 total
- age   2:         32 bytes,    1613224 total
: 88309K->1743K(109248K), 0.0027241 secs] 265211K->178645K(502464K), 0.0027715 secs] [Times: user=0.00 sys=0.00, real=0.00 secs] 
Heap after GC invocations=384 (full 7):
 par new generation   total 109248K, used 1743K [0x00000000e0000000, 0x00000000e8000000, 0x00000000e8000000)
  eden space 87424K,   0% used [0x00000000e0000000, 0x00000000e0000000, 0x00000000e5560000)
  from space 21824K,   7% used [0x00000000e5560000, 0x00000000e5713d90, 0x00000000e6ab0000)
  to   space 21824K,   0% used [0x00000000e6ab0000, 0x00000000e6ab0000, 0x00000000e8000000)
 concurrent mark-sweep generation total 393216K, used 176901K [0x00000000e8000000, 0x0000000100000000, 0x0000000100000000)
 Metaspace       used 32924K, capacity 33290K, committed 33688K, reserved 1079296K
  class space    used 3719K, capacity 3875K, committed 3992K, reserved 1048576K
}
2015-09-08T17:00:05.370+0200: 16340.349: Total time for which application threads were stopped: 0.0029216 seconds, Stopping threads took: 0.0000144 seconds
{Heap before GC invocations=384 (full 7):
 par new generation   total 109248K, used 89167K [0x00000000e0000000, 0x00000000e8000000, 0x00000000e8000000)
  eden space 87424K, 100% used [0x00000000e0000000, 0x00000000e5560000, 0x00000000e5560000)
  from space 21824K,   7% used [0x00000000e5560000, 0x00000000e5713d90, 0x00000000e6ab0000)
  to   space 21824K,   0% used [0x00000000e6ab0000, 0x00000000e6ab0000, 0x00000000e8000000)
 concurrent mark-sweep generation total 393216K, used 176901K [0x00000000e8000000, 0x0000000100000000, 0x0000000100000000)
 Metaspace       used 32924K, capacity 33290K, committed 33688K, reserved 1079296K
  class space    used 3719K, capacity 3875K, committed 3992K, reserved 1048576K
2015-09-08T17:00:05.803+0200: 16340.782: [GC (Allocation Failure) 16340.782: [ParNew
Desired survivor size 20112992 bytes, new threshold 8 (max 8)
- age   1:     682800 bytes,     682800 total
- age   2:     919784 bytes,    1602584 total
- age   3:         32 bytes,    1602616 total
: 89167K->1977K(109248K), 0.0026752 secs] 266069K->178878K(502464K), 0.0027209 secs] [Times: user=0.00 sys=0.00, real=0.00 secs] 
Heap after GC invocations=385 (full 7):
 par new generation   total 109248K, used 1977K [0x00000000e0000000, 0x00000000e8000000, 0x00000000e8000000)
  eden space 87424K,   0% used [0x00000000e0000000, 0x00000000e0000000, 0x00000000e5560000)
  from space 21824K,   9% used [0x00000000e6ab0000, 0x00000000e6c9e4c0, 0x00000000e8000000)
  to   space 21824K,   0% used [0x00000000e5560000, 0x00000000e5560000, 0x00000000e6ab0000)
 concurrent mark-sweep generation total 393216K, used 176901K [0x00000000e8000000, 0x0000000100000000, 0x0000000100000000)
 Metaspace       used 32924K, capacity 33290K, committed 33688K, reserved 1079296K
  class space    used 3719K, capacity 3875K, committed 3992K, reserved 1048576K
}
2015-09-08T17:00:05.806+0200: 16340.785: Total time for which application threads were stopped: 0.0028825 seconds, Stopping threads took: 0.0000259 seconds
{Heap before GC invocations=385 (full 7):
 par new generation   total 109248K, used 89401K [0x00000000e0000000, 0x00000000e8000000, 0x00000000e8000000)
  eden space 87424K, 100% used [0x00000000e0000000, 0x00000000e5560000, 0x00000000e5560000)
  from space 21824K,   9% used [0x00000000e6ab0000, 0x00000000e6c9e4c0, 0x00000000e8000000)
  to   space 21824K,   0% used [0x00000000e5560000, 0x00000000e5560000, 0x00000000e6ab0000)
 concurrent mark-sweep generation total 393216K, used 176901K [0x00000000e8000000, 0x0000000100000000, 0x0000000100000000)
 Metaspace       used 32924K, capacity 33290K, committed 33688K, reserved 1079296K
  class space    used 3719K, capacity 3875K, committed 3992K, reserved 1048576K
2015-09-08T17:00:06.242+0200: 16341.221: [GC (Allocation Failure) 16341.221: [ParNew
Desired survivor size 20112992 bytes, new threshold 8 (max 8)
- age   1:     687176 bytes,     687176 total
- age   3:     919768 bytes,    1606944 total
- age   4:         32 bytes,    1606976 total
: 89401K->1699K(109248K), 0.0022339 secs] 266302K->178601K(502464K), 0.0022806 secs] [Times: user=0.00 sys=0.00, real=0.00 secs] 
Heap after GC invocations=386 (full 7):
 par new generation   total 109248K, used 1699K [0x00000000e0000000, 0x00000000e8000000, 0x00000000e8000000)
  eden space 87424K,   0% used [0x00000000e0000000, 0x00000000e0000000, 0x00000000e5560000)
  from space 21824K,   7% used [0x00000000e5560000, 0x00000000e5708db8, 0x00000000e6ab0000)
  to   space 21824K,   0% used [0x00000000e6ab0000, 0x00000000e6ab0000, 0x00000000e8000000)
 concurrent mark-sweep generation total 393216K, used 176901K [0x00000000e8000000, 0x0000000100000000, 0x0000000100000000)
 Metaspace       used 32924K, capacity 33290K, committed 33688K, reserved 1079296K
  class space    used 3719K, capacity 3875K, committed 3992K, reserved 1048576K
}
2015-09-08T17:00:06.244+0200: 16341.223: Total time for which application threads were stopped: 0.0024528 seconds, Stopping threads took: 0.0000269 seconds
{Heap before GC invocations=386 (full 7):
 par new generation   total 109248K, used 89123K [0x00000000e0000000, 0x00000000e8000000, 0x00000000e8000000)
  eden space 87424K, 100% used [0x00000000e0000000, 0x00000000e5560000, 0x00000000e5560000)
  from space 21824K,   7% used [0x00000000e5560000, 0x00000000e5708db8, 0x00000000e6ab0000)
  to   space 21824K,   0% used [0x00000000e6ab0000, 0x00000000e6ab0000, 0x00000000e8000000)
 concurrent mark-sweep generation total 393216K, used 176901K [0x00000000e8000000, 0x0000000100000000, 0x0000000100000000)
 Metaspace       used 32924K, capacity 33290K, committed 33688K, reserved 1079296K
  class space    used 3719K, capacity 3875K, committed 3992K, reserved 1048576K
2015-09-08T17:00:06.682+0200: 16341.660: [GC (Allocation Failure) 16341.660: [ParNew
Desired survivor size 20112992 bytes, new threshold 8 (max 8)
- age   1:     685864 bytes,     685864 total
- age   4:     919768 bytes,    1605632 total
- age   5:         32 bytes,    1605664 total
: 89123K->1787K(109248K), 0.0049593 secs] 266025K->178689K(502464K), 0.0050147 secs] [Times: user=0.00 sys=0.00, real=0.01 secs] 
Heap after GC invocations=387 (full 7):
 par new generation   total 109248K, used 1787K [0x00000000e0000000, 0x00000000e8000000, 0x00000000e8000000)
  eden space 87424K,   0% used [0x00000000e0000000, 0x00000000e0000000, 0x00000000e5560000)
  from space 21824K,   8% used [0x00000000e6ab0000, 0x00000000e6c6ed88, 0x00000000e8000000)
  to   space 21824K,   0% used [0x00000000e5560000, 0x00000000e5560000, 0x00000000e6ab0000)
 concurrent mark-sweep generation total 393216K, used 176901K [0x00000000e8000000, 0x0000000100000000, 0x0000000100000000)
 Metaspace       used 32924K, capacity 33290K, committed 33688K, reserved 1079296K
  class space    used 3719K, capacity 3875K, committed 3992K, reserved 1048576K
}
2015-09-08T17:00:06.687+0200: 16341.665: Total time for which application threads were stopped: 0.0052108 seconds, Stopping threads took: 0.0000166 seconds
{Heap before GC invocations=387 (full 7):
 par new generation   total 109248K, used 89211K [0x00000000e0000000, 0x00000000e8000000, 0x00000000e8000000)
  eden space 87424K, 100% used [0x00000000e0000000, 0x00000000e5560000, 0x00000000e5560000)
  from space 21824K,   8% used [0x00000000e6ab0000, 0x00000000e6c6ed88, 0x00000000e8000000)
  to   space 21824K,   0% used [0x00000000e5560000, 0x00000000e5560000, 0x00000000e6ab0000)
 concurrent mark-sweep generation total 393216K, used 176901K [0x00000000e8000000, 0x0000000100000000, 0x0000000100000000)
 Metaspace       used 32924K, capacity 33290K, committed 33688K, reserved 1079296K
  class space    used 3719K, capacity 3875K, committed 3992K, reserved 1048576K
2015-09-08T17:00:07.126+0200: 16342.104: [GC (Allocation Failure) 16342.104: [ParNew
Desired survivor size 20112992 bytes, new threshold 8 (max 8)
- age   1:     688912 bytes,     688912 total
- age   5:     919768 bytes,    1608680 total
- age   6:         32 bytes,    1608712 total
: 89211K->1701K(109248K), 0.0020294 secs] 266113K->178602K(502464K), 0.0020781 secs] [Times: user=0.00 sys=0.00, real=0.00 secs] 
Heap after GC invocations=388 (full 7):
 par new generation   total 109248K, used 1701K [0x00000000e0000000, 0x00000000e8000000, 0x00000000e8000000)
  eden space 87424K,   0% used [0x00000000e0000000, 0x00000000e0000000, 0x00000000e5560000)
  from space 21824K,   7% used [0x00000000e5560000, 0x00000000e5709498, 0x00000000e6ab0000)
  to   space 21824K,   0% used [0x00000000e6ab0000, 0x00000000e6ab0000, 0x00000000e8000000)
 concurrent mark-sweep generation total 393216K, used 176901K [0x00000000e8000000, 0x0000000100000000, 0x0000000100000000)
 Metaspace       used 32924K, capacity 33290K, committed 33688K, reserved 1079296K
  class space    used 3719K, capacity 3875K, committed 3992K, reserved 1048576K
}
2015-09-08T17:00:07.128+0200: 16342.106: Total time for which application threads were stopped: 0.0022323 seconds, Stopping threads took: 0.0000144 seconds
{Heap before GC invocations=388 (full 7):
 par new generation   total 109248K, used 89125K [0x00000000e0000000, 0x00000000e8000000, 0x00000000e8000000)
  eden space 87424K, 100% used [0x00000000e0000000, 0x00000000e5560000, 0x00000000e5560000)
  from space 21824K,   7% used [0x00000000e5560000, 0x00000000e5709498, 0x00000000e6ab0000)
  to   space 21824K,   0% used [0x00000000e6ab0000, 0x00000000e6ab0000, 0x00000000e8000000)
 concurrent mark-sweep generation total 393216K, used 176901K [0x00000000e8000000, 0x0000000100000000, 0x0000000100000000)
 Metaspace       used 32924K, capacity 33290K, committed 33688K, reserved 1079296K
  class space    used 3719K, capacity 3875K, committed 3992K, reserved 1048576K
2015-09-08T17:00:07.561+0200: 16342.540: [GC (Allocation Failure) 16342.540: [ParNew
Desired survivor size 20112992 bytes, new threshold 8 (max 8)
- age   1:     691040 bytes,     691040 total
- age   6:     919768 bytes,    1610808 total
- age   7:         32 bytes,    1610840 total
: 89125K->1821K(109248K), 0.0022169 secs] 266026K->178723K(502464K), 0.0022672 secs] [Times: user=0.00 sys=0.00, real=0.00 secs] 
Heap after GC invocations=389 (full 7):
 par new generation   total 109248K, used 1821K [0x00000000e0000000, 0x00000000e8000000, 0x00000000e8000000)
  eden space 87424K,   0% used [0x00000000e0000000, 0x00000000e0000000, 0x00000000e5560000)
  from space 21824K,   8% used [0x00000000e6ab0000, 0x00000000e6c77638, 0x00000000e8000000)
  to   space 21824K,   0% used [0x00000000e5560000, 0x00000000e5560000, 0x00000000e6ab0000)
 concurrent mark-sweep generation total 393216K, used 176901K [0x00000000e8000000, 0x0000000100000000, 0x0000000100000000)
 Metaspace       used 32924K, capacity 33290K, committed 33688K, reserved 1079296K
  class space    used 3719K, capacity 3875K, committed 3992K, reserved 1048576K
}
2015-09-08T17:00:07.564+0200: 16342.542: Total time for which application threads were stopped: 0.0024179 seconds, Stopping threads took: 0.0000138 seconds
{Heap before GC invocations=389 (full 7):
 par new generation   total 109248K, used 89245K [0x00000000e0000000, 0x00000000e8000000, 0x00000000e8000000)
  eden space 87424K, 100% used [0x00000000e0000000, 0x00000000e5560000, 0x00000000e5560000)
  from space 21824K,   8% used [0x00000000e6ab0000, 0x00000000e6c77638, 0x00000000e8000000)
  to   space 21824K,   0% used [0x00000000e5560000, 0x00000000e5560000, 0x00000000e6ab0000)
 concurrent mark-sweep generation total 393216K, used 176901K [0x00000000e8000000, 0x0000000100000000, 0x0000000100000000)
 Metaspace       used 32924K, capacity 33290K, committed 33688K, reserved 1079296K
  class space    used 3719K, capacity 3875K, committed 3992K, reserved 1048576K
2015-09-08T17:00:07.995+0200: 16342.974: [GC (Allocation Failure) 16342.974: [ParNew
Desired survivor size 20112992 bytes, new threshold 8 (max 8)
- age   1:     676296 bytes,     676296 total
- age   7:     919704 bytes,    1596000 total
- age   8:         32 bytes,    1596032 total
: 89245K->1716K(109248K), 0.0016435 secs] 266147K->178618K(502464K), 0.0017033 secs] [Times: user=0.00 sys=0.00, real=0.00 secs] 
Heap after GC invocations=390 (full 7):
 par new generation   total 109248K, used 1716K [0x00000000e0000000, 0x00000000e8000000, 0x00000000e8000000)
  eden space 87424K,   0% used [0x00000000e0000000, 0x00000000e0000000, 0x00000000e5560000)
  from space 21824K,   7% used [0x00000000e5560000, 0x00000000e570d198, 0x00000000e6ab0000)
  to   space 21824K,   0% used [0x00000000e6ab0000, 0x00000000e6ab0000, 0x00000000e8000000)
 concurrent mark-sweep generation total 393216K, used 176901K [0x00000000e8000000, 0x0000000100000000, 0x0000000100000000)
 Metaspace       used 32924K, capacity 33290K, committed 33688K, reserved 1079296K
  class space    used 3719K, capacity 3875K, committed 3992K, reserved 1048576K
}
2015-09-08T17:00:07.997+0200: 16342.975: Total time for which application threads were stopped: 0.0018598 seconds, Stopping threads took: 0.0000154 seconds
{Heap before GC invocations=390 (full 7):
 par new generation   total 109248K, used 89140K [0x00000000e0000000, 0x00000000e8000000, 0x00000000e8000000)
  eden space 87424K, 100% used [0x00000000e0000000, 0x00000000e5560000, 0x00000000e5560000)
  from space 21824K,   7% used [0x00000000e5560000, 0x00000000e570d198, 0x00000000e6ab0000)
  to   space 21824K,   0% used [0x00000000e6ab0000, 0x00000000e6ab0000, 0x00000000e8000000)
 concurrent mark-sweep generation total 393216K, used 176901K [0x00000000e8000000, 0x0000000100000000, 0x0000000100000000)
 Metaspace       used 32924K, capacity 33290K, committed 33688K, reserved 1079296K
  class space    used 3719K, capacity 3875K, committed 3992K, reserved 1048576K
2015-09-08T17:00:08.433+0200: 16343.411: [GC (Allocation Failure) 16343.411: [ParNew
Desired survivor size 20112992 bytes, new threshold 8 (max 8)
- age   1:     688912 bytes,     688912 total
- age   2:         64 bytes,     688976 total
- age   8:     919704 bytes,    1608680 total
: 89140K->1971K(109248K), 0.0026816 secs] 266042K->178872K(502464K), 0.0027293 secs] [Times: user=0.05 sys=0.02, real=0.00 secs] 
Heap after GC invocations=391 (full 7):
 par new generation   total 109248K, used 1971K [0x00000000e0000000, 0x00000000e8000000, 0x00000000e8000000)
  eden space 87424K,   0% used [0x00000000e0000000, 0x00000000e0000000, 0x00000000e5560000)
  from space 21824K,   9% used [0x00000000e6ab0000, 0x00000000e6c9cc08, 0x00000000e8000000)
  to   space 21824K,   0% used [0x00000000e5560000, 0x00000000e5560000, 0x00000000e6ab0000)
 concurrent mark-sweep generation total 393216K, used 176901K [0x00000000e8000000, 0x0000000100000000, 0x0000000100000000)
 Metaspace       used 32924K, capacity 33290K, committed 33688K, reserved 1079296K
  class space    used 3719K, capacity 3875K, committed 3992K, reserved 1048576K
}
2015-09-08T17:00:08.435+0200: 16343.414: Total time for which application threads were stopped: 0.0028803 seconds, Stopping threads took: 0.0000141 seconds
{Heap before GC invocations=391 (full 7):
 par new generation   total 109248K, used 89395K [0x00000000e0000000, 0x00000000e8000000, 0x00000000e8000000)
  eden space 87424K, 100% used [0x00000000e0000000, 0x00000000e5560000, 0x00000000e5560000)
  from space 21824K,   9% used [0x00000000e6ab0000, 0x00000000e6c9cc08, 0x00000000e8000000)
  to   space 21824K,   0% used [0x00000000e5560000, 0x00000000e5560000, 0x00000000e6ab0000)
 concurrent mark-sweep generation total 393216K, used 176901K [0x00000000e8000000, 0x0000000100000000, 0x0000000100000000)
 Metaspace       used 32924K, capacity 33290K, committed 33688K, reserved 1079296K
  class space    used 3719K, capacity 3875K, committed 3992K, reserved 1048576K
2015-09-08T17:00:08.871+0200: 16343.849: [GC (Allocation Failure) 16343.849: [ParNew
Desired survivor size 20112992 bytes, new threshold 8 (max 8)
- age   1:     681312 bytes,     681312 total
- age   2:         32 bytes,     681344 total
- age   3:         64 bytes,     681408 total
: 89395K->853K(109248K), 0.0022390 secs] 266296K->178653K(502464K), 0.0022873 secs] [Times: user=0.05 sys=0.01, real=0.00 secs] 
Heap after GC invocations=392 (full 7):
 par new generation   total 109248K, used 853K [0x00000000e0000000, 0x00000000e8000000, 0x00000000e8000000)
  eden space 87424K,   0% used [0x00000000e0000000, 0x00000000e0000000, 0x00000000e5560000)
  from space 21824K,   3% used [0x00000000e5560000, 0x00000000e5635610, 0x00000000e6ab0000)
  to   space 21824K,   0% used [0x00000000e6ab0000, 0x00000000e6ab0000, 0x00000000e8000000)
 concurrent mark-sweep generation total 393216K, used 177800K [0x00000000e8000000, 0x0000000100000000, 0x0000000100000000)
 Metaspace       used 32924K, capacity 33290K, committed 33688K, reserved 1079296K
  class space    used 3719K, capacity 3875K, committed 3992K, reserved 1048576K
}
2015-09-08T17:00:08.873+0200: 16343.852: Total time for which application threads were stopped: 0.0024384 seconds, Stopping threads took: 0.0000141 seconds
{Heap before GC invocations=392 (full 7):
 par new generation   total 109248K, used 88277K [0x00000000e0000000, 0x00000000e8000000, 0x00000000e8000000)
  eden space 87424K, 100% used [0x00000000e0000000, 0x00000000e5560000, 0x00000000e5560000)
  from space 21824K,   3% used [0x00000000e5560000, 0x00000000e5635610, 0x00000000e6ab0000)
  to   space 21824K,   0% used [0x00000000e6ab0000, 0x00000000e6ab0000, 0x00000000e8000000)
 concurrent mark-sweep generation total 393216K, used 177800K [0x00000000e8000000, 0x0000000100000000, 0x0000000100000000)
 Metaspace       used 32924K, capacity 33290K, committed 33688K, reserved 1079296K
  class space    used 3719K, capacity 3875K, committed 3992K, reserved 1048576K
2015-09-08T17:00:09.309+0200: 16344.287: [GC (Allocation Failure) 16344.287: [ParNew
Desired survivor size 20112992 bytes, new threshold 8 (max 8)
- age   1:     687536 bytes,     687536 total
- age   3:         32 bytes,     687568 total
- age   4:         64 bytes,     687632 total
: 88277K->1022K(109248K), 0.0021104 secs] 266077K->178823K(502464K), 0.0021571 secs] [Times: user=0.00 sys=0.00, real=0.00 secs] 
Heap after GC invocations=393 (full 7):
 par new generation   total 109248K, used 1022K [0x00000000e0000000, 0x00000000e8000000, 0x00000000e8000000)
  eden space 87424K,   0% used [0x00000000e0000000, 0x00000000e0000000, 0x00000000e5560000)
  from space 21824K,   4% used [0x00000000e6ab0000, 0x00000000e6bafb48, 0x00000000e8000000)
  to   space 21824K,   0% used [0x00000000e5560000, 0x00000000e5560000, 0x00000000e6ab0000)
 concurrent mark-sweep generation total 393216K, used 177800K [0x00000000e8000000, 0x0000000100000000, 0x0000000100000000)
 Metaspace       used 32924K, capacity 33290K, committed 33688K, reserved 1079296K
  class space    used 3719K, capacity 3875K, committed 3992K, reserved 1048576K
}
2015-09-08T17:00:09.311+0200: 16344.289: Total time for which application threads were stopped: 0.0023382 seconds, Stopping threads took: 0.0000144 seconds
2015-09-08T17:00:18.670+0200: 16353.648: Total time for which application threads were stopped: 0.0000621 seconds, Stopping threads took: 0.0000141 seconds
2015-09-08T17:00:19.670+0200: 16354.648: Total time for which application threads were stopped: 0.0000752 seconds, Stopping threads took: 0.0000330 seconds
2015-09-08T17:05:03.708+0200: 16638.684: Total time for which application threads were stopped: 0.0000752 seconds, Stopping threads took: 0.0000205 seconds
2015-09-08T19:11:49.848+0200: 24244.772: Total time for which application threads were stopped: 0.0000928 seconds, Stopping threads took: 0.0000234 seconds
2015-09-08T19:11:50.848+0200: 24245.772: Total time for which application threads were stopped: 0.0001139 seconds, Stopping threads took: 0.0000253 seconds
2015-09-08T19:12:28.230+0200: 24283.153: Total time for which application threads were stopped: 0.0000698 seconds, Stopping threads took: 0.0000224 seconds
2015-09-08T19:12:55.321+0200: 24310.245: Total time for which application threads were stopped: 0.0001386 seconds, Stopping threads took: 0.0000134 seconds
2015-09-08T19:14:15.078+0200: 24390.001: Total time for which application threads were stopped: 0.0000691 seconds, Stopping threads took: 0.0000144 seconds
2015-09-08T19:14:16.078+0200: 24391.001: Total time for which application threads were stopped: 0.0001024 seconds, Stopping threads took: 0.0000250 seconds
2015-09-08T19:14:22.910+0200: 24397.834: Total time for which application threads were stopped: 0.0000618 seconds, Stopping threads took: 0.0000134 seconds
2015-09-08T19:15:47.925+0200: 24482.848: Total time for which application threads were stopped: 0.0000784 seconds, Stopping threads took: 0.0000147 seconds
2015-09-08T19:15:54.011+0200: 24488.933: Total time for which application threads were stopped: 0.0000611 seconds, Stopping threads took: 0.0000138 seconds
2015-09-08T19:19:33.841+0200: 24708.762: Total time for which application threads were stopped: 0.0000752 seconds, Stopping threads took: 0.0000128 seconds
2015-09-08T19:33:25.203+0200: 25540.118: Total time for which application threads were stopped: 0.0000650 seconds, Stopping threads took: 0.0000134 seconds
{Heap before GC invocations=393 (full 7):
 par new generation   total 109248K, used 88446K [0x00000000e0000000, 0x00000000e8000000, 0x00000000e8000000)
  eden space 87424K, 100% used [0x00000000e0000000, 0x00000000e5560000, 0x00000000e5560000)
  from space 21824K,   4% used [0x00000000e6ab0000, 0x00000000e6bafb48, 0x00000000e8000000)
  to   space 21824K,   0% used [0x00000000e5560000, 0x00000000e5560000, 0x00000000e6ab0000)
 concurrent mark-sweep generation total 393216K, used 177800K [0x00000000e8000000, 0x0000000100000000, 0x0000000100000000)
 Metaspace       used 32962K, capacity 33354K, committed 33688K, reserved 1079296K
  class space    used 3719K, capacity 3875K, committed 3992K, reserved 1048576K
2015-09-08T19:33:25.204+0200: 25540.119: [GC (Allocation Failure) 25540.119: [ParNew
Desired survivor size 20112992 bytes, new threshold 8 (max 8)
- age   1:    4453368 bytes,    4453368 total
- age   4:         32 bytes,    4453400 total
: 88446K->4615K(109248K), 0.0068147 secs] 266247K->182415K(502464K), 0.0068720 secs] [Times: user=0.00 sys=0.02, real=0.01 secs] 
Heap after GC invocations=394 (full 7):
 par new generation   total 109248K, used 4615K [0x00000000e0000000, 0x00000000e8000000, 0x00000000e8000000)
  eden space 87424K,   0% used [0x00000000e0000000, 0x00000000e0000000, 0x00000000e5560000)
  from space 21824K,  21% used [0x00000000e5560000, 0x00000000e59e1dc8, 0x00000000e6ab0000)
  to   space 21824K,   0% used [0x00000000e6ab0000, 0x00000000e6ab0000, 0x00000000e8000000)
 concurrent mark-sweep generation total 393216K, used 177800K [0x00000000e8000000, 0x0000000100000000, 0x0000000100000000)
 Metaspace       used 32962K, capacity 33354K, committed 33688K, reserved 1079296K
  class space    used 3719K, capacity 3875K, committed 3992K, reserved 1048576K
}
2015-09-08T19:33:25.211+0200: 25540.126: Total time for which application threads were stopped: 0.0070700 seconds, Stopping threads took: 0.0000134 seconds
{Heap before GC invocations=394 (full 7):
 par new generation   total 109248K, used 92039K [0x00000000e0000000, 0x00000000e8000000, 0x00000000e8000000)
  eden space 87424K, 100% used [0x00000000e0000000, 0x00000000e5560000, 0x00000000e5560000)
  from space 21824K,  21% used [0x00000000e5560000, 0x00000000e59e1dc8, 0x00000000e6ab0000)
  to   space 21824K,   0% used [0x00000000e6ab0000, 0x00000000e6ab0000, 0x00000000e8000000)
 concurrent mark-sweep generation total 393216K, used 177800K [0x00000000e8000000, 0x0000000100000000, 0x0000000100000000)
 Metaspace       used 32962K, capacity 33354K, committed 33688K, reserved 1079296K
  class space    used 3719K, capacity 3875K, committed 3992K, reserved 1048576K
2015-09-08T19:33:25.755+0200: 25540.671: [GC (Allocation Failure) 25540.671: [ParNew
Desired survivor size 20112992 bytes, new threshold 8 (max 8)
- age   1:    1583416 bytes,    1583416 total
- age   2:      87424 bytes,    1670840 total
- age   5:         32 bytes,    1670872 total
: 92039K->3552K(109248K), 0.0032544 secs] 269839K->181352K(502464K), 0.0033158 secs] [Times: user=0.00 sys=0.00, real=0.00 secs] 
Heap after GC invocations=395 (full 7):
 par new generation   total 109248K, used 3552K [0x00000000e0000000, 0x00000000e8000000, 0x00000000e8000000)
  eden space 87424K,   0% used [0x00000000e0000000, 0x00000000e0000000, 0x00000000e5560000)
  from space 21824K,  16% used [0x00000000e6ab0000, 0x00000000e6e28078, 0x00000000e8000000)
  to   space 21824K,   0% used [0x00000000e5560000, 0x00000000e5560000, 0x00000000e6ab0000)
 concurrent mark-sweep generation total 393216K, used 177800K [0x00000000e8000000, 0x0000000100000000, 0x0000000100000000)
 Metaspace       used 32962K, capacity 33354K, committed 33688K, reserved 1079296K
  class space    used 3719K, capacity 3875K, committed 3992K, reserved 1048576K
}
2015-09-08T19:33:25.759+0200: 25540.674: Total time for which application threads were stopped: 0.0034649 seconds, Stopping threads took: 0.0000134 seconds
{Heap before GC invocations=395 (full 7):
 par new generation   total 109248K, used 90976K [0x00000000e0000000, 0x00000000e8000000, 0x00000000e8000000)
  eden space 87424K, 100% used [0x00000000e0000000, 0x00000000e5560000, 0x00000000e5560000)
  from space 21824K,  16% used [0x00000000e6ab0000, 0x00000000e6e28078, 0x00000000e8000000)
  to   space 21824K,   0% used [0x00000000e5560000, 0x00000000e5560000, 0x00000000e6ab0000)
 concurrent mark-sweep generation total 393216K, used 177800K [0x00000000e8000000, 0x0000000100000000, 0x0000000100000000)
 Metaspace       used 32962K, capacity 33354K, committed 33688K, reserved 1079296K
  class space    used 3719K, capacity 3875K, committed 3992K, reserved 1048576K
2015-09-08T19:33:26.206+0200: 25541.121: [GC (Allocation Failure) 25541.121: [ParNew
Desired survivor size 20112992 bytes, new threshold 8 (max 8)
- age   1:     693288 bytes,     693288 total
- age   2:     893352 bytes,    1586640 total
- age   3:      87424 bytes,    1674064 total
- age   6:         32 bytes,    1674096 total
: 90976K->2008K(109248K), 0.0027021 secs] 268776K->179808K(502464K), 0.0027481 secs] [Times: user=0.06 sys=0.00, real=0.00 secs] 
Heap after GC invocations=396 (full 7):
 par new generation   total 109248K, used 2008K [0x00000000e0000000, 0x00000000e8000000, 0x00000000e8000000)
  eden space 87424K,   0% used [0x00000000e0000000, 0x00000000e0000000, 0x00000000e5560000)
  from space 21824K,   9% used [0x00000000e5560000, 0x00000000e57562e8, 0x00000000e6ab0000)
  to   space 21824K,   0% used [0x00000000e6ab0000, 0x00000000e6ab0000, 0x00000000e8000000)
 concurrent mark-sweep generation total 393216K, used 177800K [0x00000000e8000000, 0x0000000100000000, 0x0000000100000000)
 Metaspace       used 32962K, capacity 33354K, committed 33688K, reserved 1079296K
  class space    used 3719K, capacity 3875K, committed 3992K, reserved 1048576K
}
2015-09-08T19:33:26.209+0200: 25541.124: Total time for which application threads were stopped: 0.0028941 seconds, Stopping threads took: 0.0000134 seconds
{Heap before GC invocations=396 (full 7):
 par new generation   total 109248K, used 89432K [0x00000000e0000000, 0x00000000e8000000, 0x00000000e8000000)
  eden space 87424K, 100% used [0x00000000e0000000, 0x00000000e5560000, 0x00000000e5560000)
  from space 21824K,   9% used [0x00000000e5560000, 0x00000000e57562e8, 0x00000000e6ab0000)
  to   space 21824K,   0% used [0x00000000e6ab0000, 0x00000000e6ab0000, 0x00000000e8000000)
 concurrent mark-sweep generation total 393216K, used 177800K [0x00000000e8000000, 0x0000000100000000, 0x0000000100000000)
 Metaspace       used 32962K, capacity 33354K, committed 33688K, reserved 1079296K
  class space    used 3719K, capacity 3875K, committed 3992K, reserved 1048576K
2015-09-08T19:33:26.656+0200: 25541.571: [GC (Allocation Failure) 25541.571: [ParNew
Desired survivor size 20112992 bytes, new threshold 8 (max 8)
- age   1:     688936 bytes,     688936 total
- age   3:     893352 bytes,    1582288 total
- age   4:      87424 bytes,    1669712 total
- age   7:         32 bytes,    1669744 total
: 89432K->1825K(109248K), 0.0023648 secs] 267232K->179625K(502464K), 0.0024131 secs] [Times: user=0.02 sys=0.00, real=0.00 secs] 
Heap after GC invocations=397 (full 7):
 par new generation   total 109248K, used 1825K [0x00000000e0000000, 0x00000000e8000000, 0x00000000e8000000)
  eden space 87424K,   0% used [0x00000000e0000000, 0x00000000e0000000, 0x00000000e5560000)
  from space 21824K,   8% used [0x00000000e6ab0000, 0x00000000e6c78458, 0x00000000e8000000)
  to   space 21824K,   0% used [0x00000000e5560000, 0x00000000e5560000, 0x00000000e6ab0000)
 concurrent mark-sweep generation total 393216K, used 177800K [0x00000000e8000000, 0x0000000100000000, 0x0000000100000000)
 Metaspace       used 32962K, capacity 33354K, committed 33688K, reserved 1079296K
  class space    used 3719K, capacity 3875K, committed 3992K, reserved 1048576K
}
2015-09-08T19:33:26.659+0200: 25541.574: Total time for which application threads were stopped: 0.0025657 seconds, Stopping threads took: 0.0000150 seconds
{Heap before GC invocations=397 (full 7):
 par new generation   total 109248K, used 89249K [0x00000000e0000000, 0x00000000e8000000, 0x00000000e8000000)
  eden space 87424K, 100% used [0x00000000e0000000, 0x00000000e5560000, 0x00000000e5560000)
  from space 21824K,   8% used [0x00000000e6ab0000, 0x00000000e6c78458, 0x00000000e8000000)
  to   space 21824K,   0% used [0x00000000e5560000, 0x00000000e5560000, 0x00000000e6ab0000)
 concurrent mark-sweep generation total 393216K, used 177800K [0x00000000e8000000, 0x0000000100000000, 0x0000000100000000)
 Metaspace       used 32962K, capacity 33354K, committed 33688K, reserved 1079296K
  class space    used 3719K, capacity 3875K, committed 3992K, reserved 1048576K
2015-09-08T19:33:27.112+0200: 25542.027: [GC (Allocation Failure) 25542.027: [ParNew
Desired survivor size 20112992 bytes, new threshold 8 (max 8)
- age   1:     686312 bytes,     686312 total
- age   4:     893352 bytes,    1579664 total
- age   5:      87424 bytes,    1667088 total
- age   8:         32 bytes,    1667120 total
: 89249K->1911K(109248K), 0.0027206 secs] 267049K->179712K(502464K), 0.0027664 secs] [Times: user=0.00 sys=0.00, real=0.00 secs] 
Heap after GC invocations=398 (full 7):
 par new generation   total 109248K, used 1911K [0x00000000e0000000, 0x00000000e8000000, 0x00000000e8000000)
  eden space 87424K,   0% used [0x00000000e0000000, 0x00000000e0000000, 0x00000000e5560000)
  from space 21824K,   8% used [0x00000000e5560000, 0x00000000e573df58, 0x00000000e6ab0000)
  to   space 21824K,   0% used [0x00000000e6ab0000, 0x00000000e6ab0000, 0x00000000e8000000)
 concurrent mark-sweep generation total 393216K, used 177800K [0x00000000e8000000, 0x0000000100000000, 0x0000000100000000)
 Metaspace       used 32962K, capacity 33354K, committed 33688K, reserved 1079296K
  class space    used 3719K, capacity 3875K, committed 3992K, reserved 1048576K
}
2015-09-08T19:33:27.115+0200: 25542.030: Total time for which application threads were stopped: 0.0029168 seconds, Stopping threads took: 0.0000141 seconds
{Heap before GC invocations=398 (full 7):
 par new generation   total 109248K, used 89335K [0x00000000e0000000, 0x00000000e8000000, 0x00000000e8000000)
  eden space 87424K, 100% used [0x00000000e0000000, 0x00000000e5560000, 0x00000000e5560000)
  from space 21824K,   8% used [0x00000000e5560000, 0x00000000e573df58, 0x00000000e6ab0000)
  to   space 21824K,   0% used [0x00000000e6ab0000, 0x00000000e6ab0000, 0x00000000e8000000)
 concurrent mark-sweep generation total 393216K, used 177800K [0x00000000e8000000, 0x0000000100000000, 0x0000000100000000)
 Metaspace       used 32962K, capacity 33354K, committed 33688K, reserved 1079296K
  class space    used 3719K, capacity 3875K, committed 3992K, reserved 1048576K
2015-09-08T19:33:27.576+0200: 25542.491: [GC (Allocation Failure) 25542.491: [ParNew
Desired survivor size 20112992 bytes, new threshold 8 (max 8)
- age   1:     688280 bytes,     688280 total
- age   5:     893352 bytes,    1581632 total
- age   6:      87392 bytes,    1669024 total
: 89335K->1905K(109248K), 0.0020905 secs] 267136K->179705K(502464K), 0.0021385 secs] [Times: user=0.00 sys=0.00, real=0.00 secs] 
Heap after GC invocations=399 (full 7):
 par new generation   total 109248K, used 1905K [0x00000000e0000000, 0x00000000e8000000, 0x00000000e8000000)
  eden space 87424K,   0% used [0x00000000e0000000, 0x00000000e0000000, 0x00000000e5560000)
  from space 21824K,   8% used [0x00000000e6ab0000, 0x00000000e6c8c4b8, 0x00000000e8000000)
  to   space 21824K,   0% used [0x00000000e5560000, 0x00000000e5560000, 0x00000000e6ab0000)
 concurrent mark-sweep generation total 393216K, used 177800K [0x00000000e8000000, 0x0000000100000000, 0x0000000100000000)
 Metaspace       used 32962K, capacity 33354K, committed 33688K, reserved 1079296K
  class space    used 3719K, capacity 3875K, committed 3992K, reserved 1048576K
}
2015-09-08T19:33:27.578+0200: 25542.494: Total time for which application threads were stopped: 0.0022921 seconds, Stopping threads took: 0.0000154 seconds
{Heap before GC invocations=399 (full 7):
 par new generation   total 109248K, used 89329K [0x00000000e0000000, 0x00000000e8000000, 0x00000000e8000000)
  eden space 87424K, 100% used [0x00000000e0000000, 0x00000000e5560000, 0x00000000e5560000)
  from space 21824K,   8% used [0x00000000e6ab0000, 0x00000000e6c8c4b8, 0x00000000e8000000)
  to   space 21824K,   0% used [0x00000000e5560000, 0x00000000e5560000, 0x00000000e6ab0000)
 concurrent mark-sweep generation total 393216K, used 177800K [0x00000000e8000000, 0x0000000100000000, 0x0000000100000000)
 Metaspace       used 32962K, capacity 33354K, committed 33688K, reserved 1079296K
  class space    used 3719K, capacity 3875K, committed 3992K, reserved 1048576K
2015-09-08T19:33:28.029+0200: 25542.944: [GC (Allocation Failure) 25542.944: [ParNew
Desired survivor size 20112992 bytes, new threshold 8 (max 8)
- age   1:     680968 bytes,     680968 total
- age   2:         64 bytes,     681032 total
- age   6:     893352 bytes,    1574384 total
- age   7:      87296 bytes,    1661680 total
: 89329K->1874K(109248K), 0.0028422 secs] 267129K->179675K(502464K), 0.0028902 secs] [Times: user=0.00 sys=0.00, real=0.00 secs] 
Heap after GC invocations=400 (full 7):
 par new generation   total 109248K, used 1874K [0x00000000e0000000, 0x00000000e8000000, 0x00000000e8000000)
  eden space 87424K,   0% used [0x00000000e0000000, 0x00000000e0000000, 0x00000000e5560000)
  from space 21824K,   8% used [0x00000000e5560000, 0x00000000e5734b48, 0x00000000e6ab0000)
  to   space 21824K,   0% used [0x00000000e6ab0000, 0x00000000e6ab0000, 0x00000000e8000000)
 concurrent mark-sweep generation total 393216K, used 177800K [0x00000000e8000000, 0x0000000100000000, 0x0000000100000000)
 Metaspace       used 32962K, capacity 33354K, committed 33688K, reserved 1079296K
  class space    used 3719K, capacity 3875K, committed 3992K, reserved 1048576K
}
2015-09-08T19:33:28.032+0200: 25542.947: Total time for which application threads were stopped: 0.0030400 seconds, Stopping threads took: 0.0000138 seconds
{Heap before GC invocations=400 (full 7):
 par new generation   total 109248K, used 89298K [0x00000000e0000000, 0x00000000e8000000, 0x00000000e8000000)
  eden space 87424K, 100% used [0x00000000e0000000, 0x00000000e5560000, 0x00000000e5560000)
  from space 21824K,   8% used [0x00000000e5560000, 0x00000000e5734b48, 0x00000000e6ab0000)
  to   space 21824K,   0% used [0x00000000e6ab0000, 0x00000000e6ab0000, 0x00000000e8000000)
 concurrent mark-sweep generation total 393216K, used 177800K [0x00000000e8000000, 0x0000000100000000, 0x0000000100000000)
 Metaspace       used 32962K, capacity 33354K, committed 33688K, reserved 1079296K
  class space    used 3719K, capacity 3875K, committed 3992K, reserved 1048576K
2015-09-08T19:33:28.493+0200: 25543.409: [GC (Allocation Failure) 25543.409: [ParNew
Desired survivor size 20112992 bytes, new threshold 8 (max 8)
- age   1:     681472 bytes,     681472 total
- age   2:         96 bytes,     681568 total
- age   3:         64 bytes,     681632 total
- age   7:     893352 bytes,    1574984 total
- age   8:      87344 bytes,    1662328 total
: 89298K->1831K(109248K), 0.0028752 secs] 267099K->179631K(502464K), 0.0029254 secs] [Times: user=0.00 sys=0.00, real=0.00 secs] 
Heap after GC invocations=401 (full 7):
 par new generation   total 109248K, used 1831K [0x00000000e0000000, 0x00000000e8000000, 0x00000000e8000000)
  eden space 87424K,   0% used [0x00000000e0000000, 0x00000000e0000000, 0x00000000e5560000)
  from space 21824K,   8% used [0x00000000e6ab0000, 0x00000000e6c79c98, 0x00000000e8000000)
  to   space 21824K,   0% used [0x00000000e5560000, 0x00000000e5560000, 0x00000000e6ab0000)
 concurrent mark-sweep generation total 393216K, used 177800K [0x00000000e8000000, 0x0000000100000000, 0x0000000100000000)
 Metaspace       used 32962K, capacity 33354K, committed 33688K, reserved 1079296K
  class space    used 3719K, capacity 3875K, committed 3992K, reserved 1048576K
}
2015-09-08T19:33:28.496+0200: 25543.412: Total time for which application threads were stopped: 0.0030771 seconds, Stopping threads took: 0.0000154 seconds
{Heap before GC invocations=401 (full 7):
 par new generation   total 109248K, used 89255K [0x00000000e0000000, 0x00000000e8000000, 0x00000000e8000000)
  eden space 87424K, 100% used [0x00000000e0000000, 0x00000000e5560000, 0x00000000e5560000)
  from space 21824K,   8% used [0x00000000e6ab0000, 0x00000000e6c79c98, 0x00000000e8000000)
  to   space 21824K,   0% used [0x00000000e5560000, 0x00000000e5560000, 0x00000000e6ab0000)
 concurrent mark-sweep generation total 393216K, used 177800K [0x00000000e8000000, 0x0000000100000000, 0x0000000100000000)
 Metaspace       used 32962K, capacity 33354K, committed 33688K, reserved 1079296K
  class space    used 3719K, capacity 3875K, committed 3992K, reserved 1048576K
2015-09-08T19:33:28.959+0200: 25543.874: [GC (Allocation Failure) 25543.874: [ParNew
Desired survivor size 20112992 bytes, new threshold 8 (max 8)
- age   1:     689808 bytes,     689808 total
- age   3:         96 bytes,     689904 total
- age   4:         64 bytes,     689968 total
- age   8:     893352 bytes,    1583320 total
: 89255K->1867K(109248K), 0.0071222 secs] 267055K->179754K(502464K), 0.0071721 secs] [Times: user=0.00 sys=0.00, real=0.01 secs] 
Heap after GC invocations=402 (full 7):
 par new generation   total 109248K, used 1867K [0x00000000e0000000, 0x00000000e8000000, 0x00000000e8000000)
  eden space 87424K,   0% used [0x00000000e0000000, 0x00000000e0000000, 0x00000000e5560000)
  from space 21824K,   8% used [0x00000000e5560000, 0x00000000e5732fa8, 0x00000000e6ab0000)
  to   space 21824K,   0% used [0x00000000e6ab0000, 0x00000000e6ab0000, 0x00000000e8000000)
 concurrent mark-sweep generation total 393216K, used 177886K [0x00000000e8000000, 0x0000000100000000, 0x0000000100000000)
 Metaspace       used 32962K, capacity 33354K, committed 33688K, reserved 1079296K
  class space    used 3719K, capacity 3875K, committed 3992K, reserved 1048576K
}
2015-09-08T19:33:28.966+0200: 25543.881: Total time for which application threads were stopped: 0.0073625 seconds, Stopping threads took: 0.0000138 seconds
{Heap before GC invocations=402 (full 7):
 par new generation   total 109248K, used 89291K [0x00000000e0000000, 0x00000000e8000000, 0x00000000e8000000)
  eden space 87424K, 100% used [0x00000000e0000000, 0x00000000e5560000, 0x00000000e5560000)
  from space 21824K,   8% used [0x00000000e5560000, 0x00000000e5732fa8, 0x00000000e6ab0000)
  to   space 21824K,   0% used [0x00000000e6ab0000, 0x00000000e6ab0000, 0x00000000e8000000)
 concurrent mark-sweep generation total 393216K, used 177886K [0x00000000e8000000, 0x0000000100000000, 0x0000000100000000)
 Metaspace       used 32962K, capacity 33354K, committed 33688K, reserved 1079296K
  class space    used 3719K, capacity 3875K, committed 3992K, reserved 1048576K
2015-09-08T19:33:29.426+0200: 25544.341: [GC (Allocation Failure) 25544.341: [ParNew
Desired survivor size 20112992 bytes, new threshold 8 (max 8)
- age   1:     691768 bytes,     691768 total
- age   2:         64 bytes,     691832 total
- age   4:         96 bytes,     691928 total
- age   5:         64 bytes,     691992 total
: 89291K->972K(109248K), 0.0024813 secs] 267178K->179730K(502464K), 0.0025344 secs] [Times: user=0.00 sys=0.00, real=0.00 secs] 
Heap after GC invocations=403 (full 7):
 par new generation   total 109248K, used 972K [0x00000000e0000000, 0x00000000e8000000, 0x00000000e8000000)
  eden space 87424K,   0% used [0x00000000e0000000, 0x00000000e0000000, 0x00000000e5560000)
  from space 21824K,   4% used [0x00000000e6ab0000, 0x00000000e6ba3168, 0x00000000e8000000)
  to   space 21824K,   0% used [0x00000000e5560000, 0x00000000e5560000, 0x00000000e6ab0000)
 concurrent mark-sweep generation total 393216K, used 178758K [0x00000000e8000000, 0x0000000100000000, 0x0000000100000000)
 Metaspace       used 32962K, capacity 33354K, committed 33688K, reserved 1079296K
  class space    used 3719K, capacity 3875K, committed 3992K, reserved 1048576K
}
2015-09-08T19:33:29.428+0200: 25544.343: Total time for which application threads were stopped: 0.0027072 seconds, Stopping threads took: 0.0000144 seconds
{Heap before GC invocations=403 (full 7):
 par new generation   total 109248K, used 88396K [0x00000000e0000000, 0x00000000e8000000, 0x00000000e8000000)
  eden space 87424K, 100% used [0x00000000e0000000, 0x00000000e5560000, 0x00000000e5560000)
  from space 21824K,   4% used [0x00000000e6ab0000, 0x00000000e6ba3168, 0x00000000e8000000)
  to   space 21824K,   0% used [0x00000000e5560000, 0x00000000e5560000, 0x00000000e6ab0000)
 concurrent mark-sweep generation total 393216K, used 178758K [0x00000000e8000000, 0x0000000100000000, 0x0000000100000000)
 Metaspace       used 32962K, capacity 33354K, committed 33688K, reserved 1079296K
  class space    used 3719K, capacity 3875K, committed 3992K, reserved 1048576K
2015-09-08T19:33:29.883+0200: 25544.798: [GC (Allocation Failure) 25544.798: [ParNew
Desired survivor size 20112992 bytes, new threshold 8 (max 8)
- age   1:     684224 bytes,     684224 total
- age   3:         64 bytes,     684288 total
- age   5:         96 bytes,     684384 total
- age   6:         64 bytes,     684448 total
: 88396K->813K(109248K), 0.0026659 secs] 267154K->179571K(502464K), 0.0027123 secs] [Times: user=0.00 sys=0.00, real=0.00 secs] 
Heap after GC invocations=404 (full 7):
 par new generation   total 109248K, used 813K [0x00000000e0000000, 0x00000000e8000000, 0x00000000e8000000)
  eden space 87424K,   0% used [0x00000000e0000000, 0x00000000e0000000, 0x00000000e5560000)
  from space 21824K,   3% used [0x00000000e5560000, 0x00000000e562b538, 0x00000000e6ab0000)
  to   space 21824K,   0% used [0x00000000e6ab0000, 0x00000000e6ab0000, 0x00000000e8000000)
 concurrent mark-sweep generation total 393216K, used 178758K [0x00000000e8000000, 0x0000000100000000, 0x0000000100000000)
 Metaspace       used 32962K, capacity 33354K, committed 33688K, reserved 1079296K
  class space    used 3719K, capacity 3875K, committed 3992K, reserved 1048576K
}
2015-09-08T19:33:29.885+0200: 25544.801: Total time for which application threads were stopped: 0.0028630 seconds, Stopping threads took: 0.0000144 seconds
2015-09-08T19:57:35.602+0200: 26990.507: Total time for which application threads were stopped: 0.0001389 seconds, Stopping threads took: 0.0000179 seconds
2015-09-08T20:03:51.875+0200: 27366.778: Total time for which application threads were stopped: 0.0000669 seconds, Stopping threads took: 0.0000125 seconds
2015-09-08T20:04:50.385+0200: 27425.288: Total time for which application threads were stopped: 0.0000611 seconds, Stopping threads took: 0.0000138 seconds
2015-09-08T20:04:51.386+0200: 27426.288: Total time for which application threads were stopped: 0.0000685 seconds, Stopping threads took: 0.0000256 seconds
2015-09-08T20:06:43.968+0200: 27538.870: Total time for which application threads were stopped: 0.0000714 seconds, Stopping threads took: 0.0000173 seconds
2015-09-08T20:07:25.218+0200: 27580.120: Total time for which application threads were stopped: 0.0000579 seconds, Stopping threads took: 0.0000131 seconds
2015-09-08T20:08:48.898+0200: 27663.799: Total time for which application threads were stopped: 0.0000765 seconds, Stopping threads took: 0.0000141 seconds
2015-09-08T20:09:17.900+0200: 27692.800: Total time for which application threads were stopped: 0.0000813 seconds, Stopping threads took: 0.0000269 seconds
2015-09-08T20:10:27.412+0200: 27762.312: Total time for which application threads were stopped: 0.0000701 seconds, Stopping threads took: 0.0000160 seconds
2015-09-08T20:10:28.412+0200: 27763.312: Total time for which application threads were stopped: 0.0000934 seconds, Stopping threads took: 0.0000282 seconds
2015-09-08T20:11:00.236+0200: 27795.135: Total time for which application threads were stopped: 0.0000614 seconds, Stopping threads took: 0.0000141 seconds
2015-09-08T20:27:16.934+0200: 28771.827: Total time for which application threads were stopped: 0.0000685 seconds, Stopping threads took: 0.0000138 seconds
2015-09-08T20:28:08.500+0200: 28823.393: Total time for which application threads were stopped: 0.0000611 seconds, Stopping threads took: 0.0000138 seconds
2015-09-08T20:28:09.500+0200: 28824.393: Total time for which application threads were stopped: 0.0000685 seconds, Stopping threads took: 0.0000237 seconds
2015-09-08T20:29:14.504+0200: 28889.396: Total time for which application threads were stopped: 0.0000771 seconds, Stopping threads took: 0.0000237 seconds
2015-09-08T20:35:54.976+0200: 29289.866: Total time for which application threads were stopped: 0.0000694 seconds, Stopping threads took: 0.0000141 seconds
2015-09-08T20:39:56.426+0200: 29531.314: Total time for which application threads were stopped: 0.0000704 seconds, Stopping threads took: 0.0000141 seconds
2015-09-08T20:39:59.575+0200: 29534.463: Total time for which application threads were stopped: 0.0000842 seconds, Stopping threads took: 0.0000333 seconds
2015-09-08T20:41:41.418+0200: 29636.305: Total time for which application threads were stopped: 0.0000698 seconds, Stopping threads took: 0.0000157 seconds
2015-09-08T20:42:33.131+0200: 29688.018: Total time for which application threads were stopped: 0.0000704 seconds, Stopping threads took: 0.0000150 seconds
2015-09-08T20:43:34.647+0200: 29749.534: Total time for which application threads were stopped: 0.0000720 se