Java HotSpot(TM) 64-Bit Server VM (25.45-b02) for windows-amd64 JRE (1.8.0_45-b15), built on Apr 30 2015 12:40:44 by "java_re" with MS VC++ 10.0 (VS2010)
Memory: 4k page, physical 8247616k(5098216k free), swap 16493392k(12811052k free)
CommandLine flags: -XX:CMSInitiatingOccupancyFraction=50 -XX:CMSMaxAbortablePrecleanTime=6000 -XX:+CMSParallelRemarkEnabled -XX:+CMSScavengeBeforeRemark -XX:ConcGCThreads=4 -XX:InitialHeapSize=536870912 -XX:MaxHeapSize=536870912 -XX:MaxTenuringThreshold=8 -XX:NewRatio=3 -XX:OldPLABSize=16 -XX:ParallelGCThreads=4 -XX:+ParallelRefProcEnabled -XX:PretenureSizeThreshold=67108864 -XX:+PrintGC -XX:+PrintGCApplicationStoppedTime -XX:+PrintGCDateStamps -XX:+PrintGCDetails -XX:+PrintGCTimeStamps -XX:+PrintHeapAtGC -XX:+PrintTenuringDistribution -XX:SurvivorRatio=4 -XX:TargetSurvivorRatio=90 -XX:ThreadStackSize=256 -XX:+UseCMSInitiatingOccupancyOnly -XX:+UseCompressedClassPointers -XX:+UseCompressedOops -XX:+UseConcMarkSweepGC -XX:-UseLargePagesIndividualAllocation -XX:+UseParNewGC 
2015-09-09T14:57:13.219+0200: 0.091: Total time for which application threads were stopped: 0.0000643 seconds, Stopping threads took: 0.0000125 seconds
2015-09-09T14:57:13.346+0200: 0.218: Total time for which application threads were stopped: 0.0001130 seconds, Stopping threads took: 0.0000150 seconds
2015-09-09T14:57:13.465+0200: 0.337: Total time for which application threads were stopped: 0.0000963 seconds, Stopping threads took: 0.0000096 seconds
2015-09-09T14:57:13.498+0200: 0.370: Total time for which application threads were stopped: 0.0001165 seconds, Stopping threads took: 0.0000125 seconds
2015-09-09T14:57:13.511+0200: 0.383: Total time for which application threads were stopped: 0.0001238 seconds, Stopping threads took: 0.0000182 seconds
2015-09-09T14:57:13.521+0200: 0.393: Total time for which application threads were stopped: 0.0001171 seconds, Stopping threads took: 0.0000170 seconds
{Heap before GC invocations=0 (full 0):
 par new generation   total 109248K, used 87424K [0x00000000e0000000, 0x00000000e8000000, 0x00000000e8000000)
  eden space 87424K, 100% used [0x00000000e0000000, 0x00000000e5560000, 0x00000000e5560000)
  from space 21824K,   0% used [0x00000000e5560000, 0x00000000e5560000, 0x00000000e6ab0000)
  to   space 21824K,   0% used [0x00000000e6ab0000, 0x00000000e6ab0000, 0x00000000e8000000)
 concurrent mark-sweep generation total 393216K, used 0K [0x00000000e8000000, 0x0000000100000000, 0x0000000100000000)
 Metaspace       used 9822K, capacity 10024K, committed 10240K, reserved 1058816K
  class space    used 1158K, capacity 1212K, committed 1280K, reserved 1048576K
2015-09-09T14:57:13.714+0200: 0.586: [GC (Allocation Failure) 0.586: [ParNew
Desired survivor size 20112992 bytes, new threshold 8 (max 8)
- age   1:    5345832 bytes,    5345832 total
: 87424K->5288K(109248K), 0.0045436 secs] 87424K->5288K(502464K), 0.0046707 secs] [Times: user=0.05 sys=0.01, real=0.01 secs] 
Heap after GC invocations=1 (full 0):
 par new generation   total 109248K, used 5288K [0x00000000e0000000, 0x00000000e8000000, 0x00000000e8000000)
  eden space 87424K,   0% used [0x00000000e0000000, 0x00000000e0000000, 0x00000000e5560000)
  from space 21824K,  24% used [0x00000000e6ab0000, 0x00000000e6fda2b8, 0x00000000e8000000)
  to   space 21824K,   0% used [0x00000000e5560000, 0x00000000e5560000, 0x00000000e6ab0000)
 concurrent mark-sweep generation total 393216K, used 0K [0x00000000e8000000, 0x0000000100000000, 0x0000000100000000)
 Metaspace       used 9822K, capacity 10024K, committed 10240K, reserved 1058816K
  class space    used 1158K, capacity 1212K, committed 1280K, reserved 1048576K
}
2015-09-09T14:57:13.719+0200: 0.591: Total time for which application threads were stopped: 0.0048352 seconds, Stopping threads took: 0.0000272 seconds
2015-09-09T14:57:13.816+0200: 0.688: Total time for which application threads were stopped: 0.0001482 seconds, Stopping threads took: 0.0000138 seconds
2015-09-09T14:57:14.008+0200: 0.879: Total time for which application threads were stopped: 0.0001987 seconds, Stopping threads took: 0.0000118 seconds
2015-09-09T14:57:14.008+0200: 0.880: Total time for which application threads were stopped: 0.0001200 seconds, Stopping threads took: 0.0000083 seconds
2015-09-09T14:57:14.011+0200: 0.883: Total time for which application threads were stopped: 0.0001274 seconds, Stopping threads took: 0.0000192 seconds
2015-09-09T14:57:14.559+0200: 1.431: Total time for which application threads were stopped: 0.0002080 seconds, Stopping threads took: 0.0000333 seconds
2015-09-09T14:57:14.580+0200: 1.452: Total time for which application threads were stopped: 0.0001910 seconds, Stopping threads took: 0.0000330 seconds
{Heap before GC invocations=1 (full 0):
 par new generation   total 109248K, used 92712K [0x00000000e0000000, 0x00000000e8000000, 0x00000000e8000000)
  eden space 87424K, 100% used [0x00000000e0000000, 0x00000000e5560000, 0x00000000e5560000)
  from space 21824K,  24% used [0x00000000e6ab0000, 0x00000000e6fda2b8, 0x00000000e8000000)
  to   space 21824K,   0% used [0x00000000e5560000, 0x00000000e5560000, 0x00000000e6ab0000)
 concurrent mark-sweep generation total 393216K, used 0K [0x00000000e8000000, 0x0000000100000000, 0x0000000100000000)
 Metaspace       used 18977K, capacity 19268K, committed 19456K, reserved 1067008K
  class space    used 2356K, capacity 2484K, committed 2560K, reserved 1048576K
2015-09-09T14:57:14.585+0200: 1.456: [GC (Allocation Failure) 1.457: [ParNew
Desired survivor size 20112992 bytes, new threshold 8 (max 8)
- age   1:    8102712 bytes,    8102712 total
- age   2:    2507608 bytes,   10610320 total
: 92712K->13391K(109248K), 0.0074470 secs] 92712K->13391K(502464K), 0.0075238 secs] [Times: user=0.00 sys=0.00, real=0.01 secs] 
Heap after GC invocations=2 (full 0):
 par new generation   total 109248K, used 13391K [0x00000000e0000000, 0x00000000e8000000, 0x00000000e8000000)
  eden space 87424K,   0% used [0x00000000e0000000, 0x00000000e0000000, 0x00000000e5560000)
  from space 21824K,  61% used [0x00000000e5560000, 0x00000000e6273e80, 0x00000000e6ab0000)
  to   space 21824K,   0% used [0x00000000e6ab0000, 0x00000000e6ab0000, 0x00000000e8000000)
 concurrent mark-sweep generation total 393216K, used 0K [0x00000000e8000000, 0x0000000100000000, 0x0000000100000000)
 Metaspace       used 18977K, capacity 19268K, committed 19456K, reserved 1067008K
  class space    used 2356K, capacity 2484K, committed 2560K, reserved 1048576K
}
2015-09-09T14:57:14.592+0200: 1.464: Total time for which application threads were stopped: 0.0076927 seconds, Stopping threads took: 0.0000294 seconds
2015-09-09T14:57:15.592+0200: 2.464: Total time for which application threads were stopped: 0.0000627 seconds, Stopping threads took: 0.0000240 seconds
2015-09-09T14:57:17.365+0200: 4.237: Total time for which application threads were stopped: 0.0001808 seconds, Stopping threads took: 0.0000240 seconds
2015-09-09T14:57:23.496+0200: 10.367: Total time for which application threads were stopped: 0.0000541 seconds, Stopping threads took: 0.0000131 seconds
2015-09-09T14:57:23.496+0200: 10.367: Total time for which application threads were stopped: 0.0000307 seconds, Stopping threads took: 0.0000070 seconds
2015-09-09T14:57:23.507+0200: 10.378: Total time for which application threads were stopped: 0.0000534 seconds, Stopping threads took: 0.0000109 seconds
2015-09-09T14:57:23.527+0200: 10.398: Total time for which application threads were stopped: 0.0000608 seconds, Stopping threads took: 0.0000128 seconds
2015-09-09T14:57:23.527+0200: 10.398: Total time for which application threads were stopped: 0.0000454 seconds, Stopping threads took: 0.0000192 seconds
2015-09-09T14:57:23.527+0200: 10.399: Total time for which application threads were stopped: 0.0000461 seconds, Stopping threads took: 0.0000176 seconds
2015-09-09T14:57:23.530+0200: 10.401: Total time for which application threads were stopped: 0.0000547 seconds, Stopping threads took: 0.0000218 seconds
2015-09-09T14:57:23.530+0200: 10.402: Total time for which application threads were stopped: 0.0000422 seconds, Stopping threads took: 0.0000096 seconds
2015-09-09T14:57:23.532+0200: 10.403: Total time for which application threads were stopped: 0.0000720 seconds, Stopping threads took: 0.0000246 seconds
2015-09-09T14:57:23.532+0200: 10.403: Total time for which application threads were stopped: 0.0000576 seconds, Stopping threads took: 0.0000170 seconds
2015-09-09T14:57:23.532+0200: 10.404: Total time for which application threads were stopped: 0.0000448 seconds, Stopping threads took: 0.0000250 seconds
2015-09-09T14:57:23.535+0200: 10.406: Total time for which application threads were stopped: 0.0000538 seconds, Stopping threads took: 0.0000099 seconds
2015-09-09T14:57:23.535+0200: 10.406: Total time for which application threads were stopped: 0.0000346 seconds, Stopping threads took: 0.0000102 seconds
2015-09-09T14:57:23.626+0200: 10.497: Total time for which application threads were stopped: 0.0000525 seconds, Stopping threads took: 0.0000173 seconds
2015-09-09T14:57:23.626+0200: 10.497: Total time for which application threads were stopped: 0.0000288 seconds, Stopping threads took: 0.0000086 seconds
2015-09-09T14:57:23.627+0200: 10.498: Total time for which application threads were stopped: 0.0000413 seconds, Stopping threads took: 0.0000077 seconds
2015-09-09T14:57:23.637+0200: 10.509: Total time for which application threads were stopped: 0.0001946 seconds, Stopping threads took: 0.0000134 seconds
2015-09-09T14:57:23.686+0200: 10.557: Total time for which application threads were stopped: 0.0001235 seconds, Stopping threads took: 0.0000182 seconds
2015-09-09T14:57:23.741+0200: 10.613: Total time for which application threads were stopped: 0.0002150 seconds, Stopping threads took: 0.0000144 seconds
2015-09-09T14:57:23.761+0200: 10.633: Total time for which application threads were stopped: 0.0003520 seconds, Stopping threads took: 0.0000157 seconds
2015-09-09T14:57:23.812+0200: 10.683: Total time for which application threads were stopped: 0.0002650 seconds, Stopping threads took: 0.0000150 seconds
2015-09-09T14:57:23.817+0200: 10.689: Total time for which application threads were stopped: 0.0000525 seconds, Stopping threads took: 0.0000157 seconds
2015-09-09T14:57:23.817+0200: 10.689: Total time for which application threads were stopped: 0.0000605 seconds, Stopping threads took: 0.0000442 seconds
{Heap before GC invocations=2 (full 0):
 par new generation   total 109248K, used 100815K [0x00000000e0000000, 0x00000000e8000000, 0x00000000e8000000)
  eden space 87424K, 100% used [0x00000000e0000000, 0x00000000e5560000, 0x00000000e5560000)
  from space 21824K,  61% used [0x00000000e5560000, 0x00000000e6273e80, 0x00000000e6ab0000)
  to   space 21824K,   0% used [0x00000000e6ab0000, 0x00000000e6ab0000, 0x00000000e8000000)
 concurrent mark-sweep generation total 393216K, used 0K [0x00000000e8000000, 0x0000000100000000, 0x0000000100000000)
 Metaspace       used 21076K, capacity 21386K, committed 21552K, reserved 1069056K
  class space    used 2566K, capacity 2677K, committed 2688K, reserved 1048576K
2015-09-09T14:57:23.858+0200: 10.729: [GC (Allocation Failure) 10.729: [ParNew
Desired survivor size 20112992 bytes, new threshold 8 (max 8)
- age   1:    3342056 bytes,    3342056 total
- age   2:    2524752 bytes,    5866808 total
- age   3:    2486432 bytes,    8353240 total
: 100815K->9445K(109248K), 0.0056655 secs] 100815K->9445K(502464K), 0.0057151 secs] [Times: user=0.05 sys=0.00, real=0.00 secs] 
Heap after GC invocations=3 (full 0):
 par new generation   total 109248K, used 9445K [0x00000000e0000000, 0x00000000e8000000, 0x00000000e8000000)
  eden space 87424K,   0% used [0x00000000e0000000, 0x00000000e0000000, 0x00000000e5560000)
  from space 21824K,  43% used [0x00000000e6ab0000, 0x00000000e73e9440, 0x00000000e8000000)
  to   space 21824K,   0% used [0x00000000e5560000, 0x00000000e5560000, 0x00000000e6ab0000)
 concurrent mark-sweep generation total 393216K, used 0K [0x00000000e8000000, 0x0000000100000000, 0x0000000100000000)
 Metaspace       used 21076K, capacity 21386K, committed 21552K, reserved 1069056K
  class space    used 2566K, capacity 2677K, committed 2688K, reserved 1048576K
}
2015-09-09T14:57:23.864+0200: 10.735: Total time for which application threads were stopped: 0.0058601 seconds, Stopping threads took: 0.0000163 seconds
2015-09-09T14:57:23.865+0200: 10.736: [GC (CMS Initial Mark) [1 CMS-initial-mark: 0K(393216K)] 11476K(502464K), 0.0028349 secs] [Times: user=0.00 sys=0.00, real=0.00 secs] 
2015-09-09T14:57:23.868+0200: 10.739: Total time for which application threads were stopped: 0.0031024 seconds, Stopping threads took: 0.0002016 seconds
2015-09-09T14:57:23.868+0200: 10.739: [CMS-concurrent-mark-start]
2015-09-09T14:57:23.877+0200: 10.748: [CMS-concurrent-mark: 0.009/0.009 secs] [Times: user=0.06 sys=0.00, real=0.01 secs] 
2015-09-09T14:57:23.877+0200: 10.748: [CMS-concurrent-preclean-start]
2015-09-09T14:57:23.877+0200: 10.749: [CMS-concurrent-preclean: 0.001/0.001 secs] [Times: user=0.00 sys=0.00, real=0.00 secs] 
2015-09-09T14:57:23.878+0200: 10.749: Total time for which application threads were stopped: 0.0000730 seconds, Stopping threads took: 0.0000147 seconds
2015-09-09T14:57:23.878+0200: 10.749: Total time for which application threads were stopped: 0.0002333 seconds, Stopping threads took: 0.0001786 seconds
2015-09-09T14:57:23.878+0200: 10.750: Total time for which application threads were stopped: 0.0001734 seconds, Stopping threads took: 0.0001370 seconds
2015-09-09T14:57:23.881+0200: 10.752: [GC (CMS Final Remark) [YG occupancy: 13121 K (109248 K)]{Heap before GC invocations=3 (full 1):
 par new generation   total 109248K, used 13121K [0x00000000e0000000, 0x00000000e8000000, 0x00000000e8000000)
  eden space 87424K,   4% used [0x00000000e0000000, 0x00000000e03973a0, 0x00000000e5560000)
  from space 21824K,  43% used [0x00000000e6ab0000, 0x00000000e73e9440, 0x00000000e8000000)
  to   space 21824K,   0% used [0x00000000e5560000, 0x00000000e5560000, 0x00000000e6ab0000)
 concurrent mark-sweep generation total 393216K, used 0K [0x00000000e8000000, 0x0000000100000000, 0x0000000100000000)
 Metaspace       used 21094K, capacity 21418K, committed 21628K, reserved 1069056K
  class space    used 2570K, capacity 2709K, committed 2764K, reserved 1048576K
2015-09-09T14:57:23.881+0200: 10.752: [GC (CMS Final Remark) 10.752: [ParNew
Desired survivor size 20112992 bytes, new threshold 8 (max 8)
- age   1:     445616 bytes,     445616 total
- age   2:    2263120 bytes,    2708736 total
- age   3:    2515824 bytes,    5224560 total
- age   4:    2486368 bytes,    7710928 total
: 13121K->10948K(109248K), 0.0042179 secs] 13121K->10948K(502464K), 0.0042569 secs] [Times: user=0.00 sys=0.00, real=0.00 secs] 
Heap after GC invocations=4 (full 1):
 par new generation   total 109248K, used 10948K [0x00000000e0000000, 0x00000000e8000000, 0x00000000e8000000)
  eden space 87424K,   0% used [0x00000000e0000000, 0x00000000e0000000, 0x00000000e5560000)
  from space 21824K,  50% used [0x00000000e5560000, 0x00000000e6011020, 0x00000000e6ab0000)
  to   space 21824K,   0% used [0x00000000e6ab0000, 0x00000000e6ab0000, 0x00000000e8000000)
 concurrent mark-sweep generation total 393216K, used 0K [0x00000000e8000000, 0x0000000100000000, 0x0000000100000000)
 Metaspace       used 21094K, capacity 21418K, committed 21628K, reserved 1069056K
  class space    used 2570K, capacity 2709K, committed 2764K, reserved 1048576K
}
10.757: [Rescan (parallel) , 0.0015286 secs]10.758: [weak refs processing, 0.0005962 secs]10.759: [class unloading, 0.0022675 secs]10.761: [scrub symbol table, 0.0036115 secs]10.765: [scrub string table, 0.0002736 secs][1 CMS-remark: 0K(393216K)] 10948K(502464K), 0.0132725 secs] [Times: user=0.03 sys=0.00, real=0.01 secs] 
2015-09-09T14:57:23.894+0200: 10.766: Total time for which application threads were stopped: 0.0133548 seconds, Stopping threads took: 0.0000150 seconds
2015-09-09T14:57:23.895+0200: 10.766: [CMS-concurrent-sweep-start]
2015-09-09T14:57:23.895+0200: 10.766: Total time for which application threads were stopped: 0.0000490 seconds, Stopping threads took: 0.0000141 seconds
2015-09-09T14:57:23.895+0200: 10.766: [CMS-concurrent-sweep: 0.000/0.000 secs] [Times: user=0.00 sys=0.00, real=0.00 secs] 
2015-09-09T14:57:23.895+0200: 10.766: [CMS-concurrent-reset-start]
2015-09-09T14:57:23.896+0200: 10.768: [CMS-concurrent-reset: 0.001/0.001 secs] [Times: user=0.00 sys=0.00, real=0.00 secs] 
2015-09-09T14:57:23.983+0200: 10.854: Total time for which application threads were stopped: 0.0001312 seconds, Stopping threads took: 0.0000224 seconds
{Heap before GC invocations=4 (full 1):
 par new generation   total 109248K, used 98372K [0x00000000e0000000, 0x00000000e8000000, 0x00000000e8000000)
  eden space 87424K, 100% used [0x00000000e0000000, 0x00000000e5560000, 0x00000000e5560000)
  from space 21824K,  50% used [0x00000000e5560000, 0x00000000e6011020, 0x00000000e6ab0000)
  to   space 21824K,   0% used [0x00000000e6ab0000, 0x00000000e6ab0000, 0x00000000e8000000)
 concurrent mark-sweep generation total 393216K, used 0K [0x00000000e8000000, 0x0000000100000000, 0x0000000100000000)
 Metaspace       used 22033K, capacity 22372K, committed 22780K, reserved 1069056K
  class space    used 2701K, capacity 2810K, committed 2892K, reserved 1048576K
2015-09-09T14:57:24.014+0200: 10.885: [GC (Allocation Failure) 10.885: [ParNew
Desired survivor size 20112992 bytes, new threshold 8 (max 8)
- age   1:     899392 bytes,     899392 total
- age   2:       2536 bytes,     901928 total
- age   3:    1778504 bytes,    2680432 total
- age   4:    2512296 bytes,    5192728 total
- age   5:    2486320 bytes,    7679048 total
: 98372K->10459K(109248K), 0.0059775 secs] 98372K->10459K(502464K), 0.0060204 secs] [Times: user=0.06 sys=0.00, real=0.01 secs] 
Heap after GC invocations=5 (full 1):
 par new generation   total 109248K, used 10459K [0x00000000e0000000, 0x00000000e8000000, 0x00000000e8000000)
  eden space 87424K,   0% used [0x00000000e0000000, 0x00000000e0000000, 0x00000000e5560000)
  from space 21824K,  47% used [0x00000000e6ab0000, 0x00000000e74e6c38, 0x00000000e8000000)
  to   space 21824K,   0% used [0x00000000e5560000, 0x00000000e5560000, 0x00000000e6ab0000)
 concurrent mark-sweep generation total 393216K, used 0K [0x00000000e8000000, 0x0000000100000000, 0x0000000100000000)
 Metaspace       used 22033K, capacity 22372K, committed 22780K, reserved 1069056K
  class space    used 2701K, capacity 2810K, committed 2892K, reserved 1048576K
}
2015-09-09T14:57:24.020+0200: 10.891: Total time for which application threads were stopped: 0.0061622 seconds, Stopping threads took: 0.0000138 seconds
2015-09-09T14:57:24.020+0200: 10.892: Total time for which application threads were stopped: 0.0001533 seconds, Stopping threads took: 0.0000938 seconds
2015-09-09T14:57:24.021+0200: 10.892: Total time for which application threads were stopped: 0.0007978 seconds, Stopping threads took: 0.0007408 seconds
2015-09-09T14:57:24.062+0200: 10.933: Total time for which application threads were stopped: 0.0000736 seconds, Stopping threads took: 0.0000214 seconds
2015-09-09T14:57:24.066+0200: 10.937: Total time for which application threads were stopped: 0.0000656 seconds, Stopping threads took: 0.0000131 seconds
2015-09-09T14:57:24.067+0200: 10.938: Total time for which application threads were stopped: 0.0000720 seconds, Stopping threads took: 0.0000186 seconds
2015-09-09T14:57:24.067+0200: 10.938: Total time for which application threads were stopped: 0.0000522 seconds, Stopping threads took: 0.0000144 seconds
2015-09-09T14:57:24.115+0200: 10.987: Total time for which application threads were stopped: 0.0003011 seconds, Stopping threads took: 0.0000157 seconds
2015-09-09T14:57:24.172+0200: 11.044: Total time for which application threads were stopped: 0.0000963 seconds, Stopping threads took: 0.0000154 seconds
2015-09-09T14:57:24.197+0200: 11.069: Total time for which application threads were stopped: 0.0002650 seconds, Stopping threads took: 0.0000192 seconds
2015-09-09T14:57:24.206+0200: 11.077: Total time for which application threads were stopped: 0.0002486 seconds, Stopping threads took: 0.0000138 seconds
2015-09-09T14:57:24.254+0200: 11.126: Total time for which application threads were stopped: 0.0000666 seconds, Stopping threads took: 0.0000125 seconds
2015-09-09T14:57:24.343+0200: 11.214: Total time for which application threads were stopped: 0.0003555 seconds, Stopping threads took: 0.0000189 seconds
2015-09-09T14:57:24.395+0200: 11.266: Total time for which application threads were stopped: 0.0001171 seconds, Stopping threads took: 0.0000262 seconds
{Heap before GC invocations=5 (full 1):
 par new generation   total 109248K, used 97883K [0x00000000e0000000, 0x00000000e8000000, 0x00000000e8000000)
  eden space 87424K, 100% used [0x00000000e0000000, 0x00000000e5560000, 0x00000000e5560000)
  from space 21824K,  47% used [0x00000000e6ab0000, 0x00000000e74e6c38, 0x00000000e8000000)
  to   space 21824K,   0% used [0x00000000e5560000, 0x00000000e5560000, 0x00000000e6ab0000)
 concurrent mark-sweep generation total 393216K, used 0K [0x00000000e8000000, 0x0000000100000000, 0x0000000100000000)
 Metaspace       used 26847K, capacity 27206K, committed 27596K, reserved 1073152K
  class space    used 3286K, capacity 3419K, committed 3532K, reserved 1048576K
2015-09-09T14:57:24.451+0200: 11.322: [GC (Allocation Failure) 11.322: [ParNew
Desired survivor size 20112992 bytes, new threshold 8 (max 8)
- age   1:    7368120 bytes,    7368120 total
- age   2:     187600 bytes,    7555720 total
- age   3:       2512 bytes,    7558232 total
- age   4:    1070408 bytes,    8628640 total
- age   5:    2502104 bytes,   11130744 total
- age   6:    2486072 bytes,   13616816 total
: 97883K->15156K(109248K), 0.0072499 secs] 97883K->15156K(502464K), 0.0073142 secs] [Times: user=0.06 sys=0.00, real=0.01 secs] 
Heap after GC invocations=6 (full 1):
 par new generation   total 109248K, used 15156K [0x00000000e0000000, 0x00000000e8000000, 0x00000000e8000000)
  eden space 87424K,   0% used [0x00000000e0000000, 0x00000000e0000000, 0x00000000e5560000)
  from space 21824K,  69% used [0x00000000e5560000, 0x00000000e642d218, 0x00000000e6ab0000)
  to   space 21824K,   0% used [0x00000000e6ab0000, 0x00000000e6ab0000, 0x00000000e8000000)
 concurrent mark-sweep generation total 393216K, used 0K [0x00000000e8000000, 0x0000000100000000, 0x0000000100000000)
 Metaspace       used 26847K, capacity 27206K, committed 27596K, reserved 1073152K
  class space    used 3286K, capacity 3419K, committed 3532K, reserved 1048576K
}
2015-09-09T14:57:24.458+0200: 11.329: Total time for which application threads were stopped: 0.0074729 seconds, Stopping threads took: 0.0000134 seconds
2015-09-09T14:57:24.459+0200: 11.331: Total time for which application threads were stopped: 0.0000739 seconds, Stopping threads took: 0.0000246 seconds
2015-09-09T14:57:24.459+0200: 11.331: Total time for which application threads were stopped: 0.0000410 seconds, Stopping threads took: 0.0000058 seconds
2015-09-09T14:57:24.459+0200: 11.331: Total time for which application threads were stopped: 0.0000304 seconds, Stopping threads took: 0.0000051 seconds
2015-09-09T14:57:24.459+0200: 11.331: Total time for which application threads were stopped: 0.0000717 seconds, Stopping threads took: 0.0000048 seconds
2015-09-09T14:57:24.460+0200: 11.331: Total time for which application threads were stopped: 0.0000378 seconds, Stopping threads took: 0.0000064 seconds
2015-09-09T14:57:24.461+0200: 11.332: Total time for which application threads were stopped: 0.0000784 seconds, Stopping threads took: 0.0000205 seconds
2015-09-09T14:57:24.462+0200: 11.334: Total time for which application threads were stopped: 0.0000630 seconds, Stopping threads took: 0.0000192 seconds
2015-09-09T14:57:24.463+0200: 11.334: Total time for which application threads were stopped: 0.0000458 seconds, Stopping threads took: 0.0000125 seconds
2015-09-09T14:57:24.463+0200: 11.334: Total time for which application threads were stopped: 0.0000349 seconds, Stopping threads took: 0.0000099 seconds
2015-09-09T14:57:24.472+0200: 11.343: Total time for which application threads were stopped: 0.0000598 seconds, Stopping threads took: 0.0000163 seconds
2015-09-09T14:57:25.472+0200: 12.343: Total time for which application threads were stopped: 0.0000630 seconds, Stopping threads took: 0.0000240 seconds
2015-09-09T14:57:44.163+0200: 31.034: Total time for which application threads were stopped: 0.0000470 seconds, Stopping threads took: 0.0000125 seconds
2015-09-09T14:57:44.163+0200: 31.034: Total time for which application threads were stopped: 0.0000234 seconds, Stopping threads took: 0.0000054 seconds
2015-09-09T14:57:44.163+0200: 31.034: Total time for which application threads were stopped: 0.0000208 seconds, Stopping threads took: 0.0000048 seconds
2015-09-09T14:57:44.172+0200: 31.043: Total time for which application threads were stopped: 0.0002611 seconds, Stopping threads took: 0.0000112 seconds
2015-09-09T14:57:44.173+0200: 31.044: Total time for which application threads were stopped: 0.0000464 seconds, Stopping threads took: 0.0000170 seconds
2015-09-09T14:57:44.256+0200: 31.127: Total time for which application threads were stopped: 0.0003568 seconds, Stopping threads took: 0.0000163 seconds
2015-09-09T14:57:44.334+0200: 31.205: Total time for which application threads were stopped: 0.0001213 seconds, Stopping threads took: 0.0000147 seconds
2015-09-09T14:57:44.469+0200: 31.340: Total time for which application threads were stopped: 0.0001213 seconds, Stopping threads took: 0.0000224 seconds
{Heap before GC invocations=6 (full 1):
 par new generation   total 109248K, used 102580K [0x00000000e0000000, 0x00000000e8000000, 0x00000000e8000000)
  eden space 87424K, 100% used [0x00000000e0000000, 0x00000000e5560000, 0x00000000e5560000)
  from space 21824K,  69% used [0x00000000e5560000, 0x00000000e642d218, 0x00000000e6ab0000)
  to   space 21824K,   0% used [0x00000000e6ab0000, 0x00000000e6ab0000, 0x00000000e8000000)
 concurrent mark-sweep generation total 393216K, used 0K [0x00000000e8000000, 0x0000000100000000, 0x0000000100000000)
 Metaspace       used 28710K, capacity 29030K, committed 29260K, reserved 1075200K
  class space    used 3433K, capacity 3579K, committed 3660K, reserved 1048576K
2015-09-09T14:57:44.712+0200: 31.583: [GC (Allocation Failure) 31.583: [ParNew
Desired survivor size 20112992 bytes, new threshold 8 (max 8)
- age   1:    7139496 bytes,    7139496 total
- age   2:    2939984 bytes,   10079480 total
- age   3:     187584 bytes,   10267064 total
- age   4:       2512 bytes,   10269576 total
- age   5:    1040520 bytes,   11310096 total
- age   6:    2501720 bytes,   13811816 total
- age   7:    2485336 bytes,   16297152 total
: 102580K->21031K(109248K), 0.0101826 secs] 102580K->21031K(502464K), 0.0102322 secs] [Times: user=0.06 sys=0.00, real=0.01 secs] 
Heap after GC invocations=7 (full 1):
 par new generation   total 109248K, used 21031K [0x00000000e0000000, 0x00000000e8000000, 0x00000000e8000000)
  eden space 87424K,   0% used [0x00000000e0000000, 0x00000000e0000000, 0x00000000e5560000)
  from space 21824K,  96% used [0x00000000e6ab0000, 0x00000000e7f39ea8, 0x00000000e8000000)
  to   space 21824K,   0% used [0x00000000e5560000, 0x00000000e5560000, 0x00000000e6ab0000)
 concurrent mark-sweep generation total 393216K, used 0K [0x00000000e8000000, 0x0000000100000000, 0x0000000100000000)
 Metaspace       used 28710K, capacity 29030K, committed 29260K, reserved 1075200K
  class space    used 3433K, capacity 3579K, committed 3660K, reserved 1048576K
}
2015-09-09T14:57:44.722+0200: 31.594: Total time for which application threads were stopped: 0.0104610 seconds, Stopping threads took: 0.0000179 seconds
2015-09-09T14:57:44.723+0200: 31.594: Total time for which application threads were stopped: 0.0000771 seconds, Stopping threads took: 0.0000157 seconds
2015-09-09T14:57:44.723+0200: 31.594: Total time for which application threads were stopped: 0.0000378 seconds, Stopping threads took: 0.0000054 seconds
2015-09-09T14:57:44.723+0200: 31.594: Total time for which application threads were stopped: 0.0000550 seconds, Stopping threads took: 0.0000147 seconds
2015-09-09T14:57:44.723+0200: 31.594: Total time for which application threads were stopped: 0.0000723 seconds, Stopping threads took: 0.0000179 seconds
2015-09-09T14:57:44.723+0200: 31.594: Total time for which application threads were stopped: 0.0000570 seconds, Stopping threads took: 0.0000128 seconds
2015-09-09T14:57:44.723+0200: 31.594: Total time for which application threads were stopped: 0.0000704 seconds, Stopping threads took: 0.0000141 seconds
2015-09-09T14:57:44.723+0200: 31.595: Total time for which application threads were stopped: 0.0000701 seconds, Stopping threads took: 0.0000138 seconds
2015-09-09T14:57:44.723+0200: 31.595: Total time for which application threads were stopped: 0.0001030 seconds, Stopping threads took: 0.0000470 seconds
2015-09-09T14:57:44.723+0200: 31.595: Total time for which application threads were stopped: 0.0000621 seconds, Stopping threads took: 0.0000112 seconds
2015-09-09T14:57:44.724+0200: 31.595: Total time for which application threads were stopped: 0.0000611 seconds, Stopping threads took: 0.0000083 seconds
2015-09-09T14:57:44.724+0200: 31.595: Total time for which application threads were stopped: 0.0000621 seconds, Stopping threads took: 0.0000125 seconds
2015-09-09T14:57:44.724+0200: 31.595: Total time for which application threads were stopped: 0.0000637 seconds, Stopping threads took: 0.0000131 seconds
2015-09-09T14:57:44.724+0200: 31.595: Total time for which application threads were stopped: 0.0000730 seconds, Stopping threads took: 0.0000128 seconds
2015-09-09T14:57:44.724+0200: 31.595: Total time for which application threads were stopped: 0.0000736 seconds, Stopping threads took: 0.0000221 seconds
2015-09-09T14:57:44.724+0200: 31.595: Total time for which application threads were stopped: 0.0001360 seconds, Stopping threads took: 0.0000451 seconds
{Heap before GC invocations=7 (full 1):
 par new generation   total 109248K, used 108455K [0x00000000e0000000, 0x00000000e8000000, 0x00000000e8000000)
  eden space 87424K, 100% used [0x00000000e0000000, 0x00000000e5560000, 0x00000000e5560000)
  from space 21824K,  96% used [0x00000000e6ab0000, 0x00000000e7f39ea8, 0x00000000e8000000)
  to   space 21824K,   0% used [0x00000000e5560000, 0x00000000e5560000, 0x00000000e6ab0000)
 concurrent mark-sweep generation total 393216K, used 0K [0x00000000e8000000, 0x0000000100000000, 0x0000000100000000)
 Metaspace       used 28747K, capacity 29030K, committed 29260K, reserved 1075200K
  class space    used 3433K, capacity 3579K, committed 3660K, reserved 1048576K
2015-09-09T14:57:45.071+0200: 31.942: [GC (Allocation Failure) 31.942: [ParNew
Desired survivor size 20112992 bytes, new threshold 8 (max 8)
- age   1:    4937272 bytes,    4937272 total
- age   2:    5059656 bytes,    9996928 total
- age   3:    2939224 bytes,   12936152 total
- age   4:     187584 bytes,   13123736 total
- age   5:       2512 bytes,   13126248 total
- age   6:    1040520 bytes,   14166768 total
- age   7:    2501720 bytes,   16668488 total
- age   8:    2485336 bytes,   19153824 total
: 108455K->21824K(109248K), 0.0128370 secs] 108455K->21824K(502464K), 0.0128904 secs] [Times: user=0.06 sys=0.00, real=0.01 secs] 
Heap after GC invocations=8 (full 1):
 par new generation   total 109248K, used 21824K [0x00000000e0000000, 0x00000000e8000000, 0x00000000e8000000)
  eden space 87424K,   0% used [0x00000000e0000000, 0x00000000e0000000, 0x00000000e5560000)
  from space 21824K, 100% used [0x00000000e5560000, 0x00000000e6ab0000, 0x00000000e6ab0000)
  to   space 21824K,   0% used [0x00000000e6ab0000, 0x00000000e6ab0000, 0x00000000e8000000)
 concurrent mark-sweep generation total 393216K, used 0K [0x00000000e8000000, 0x0000000100000000, 0x0000000100000000)
 Metaspace       used 28747K, capacity 29030K, committed 29260K, reserved 1075200K
  class space    used 3433K, capacity 3579K, committed 3660K, reserved 1048576K
}
2015-09-09T14:57:45.084+0200: 31.955: Total time for which application threads were stopped: 0.0130872 seconds, Stopping threads took: 0.0000182 seconds
{Heap before GC invocations=8 (full 1):
 par new generation   total 109248K, used 109248K [0x00000000e0000000, 0x00000000e8000000, 0x00000000e8000000)
  eden space 87424K, 100% used [0x00000000e0000000, 0x00000000e5560000, 0x00000000e5560000)
  from space 21824K, 100% used [0x00000000e5560000, 0x00000000e6ab0000, 0x00000000e6ab0000)
  to   space 21824K,   0% used [0x00000000e6ab0000, 0x00000000e6ab0000, 0x00000000e8000000)
 concurrent mark-sweep generation total 393216K, used 0K [0x00000000e8000000, 0x0000000100000000, 0x0000000100000000)
 Metaspace       used 28759K, capacity 29094K, committed 29516K, reserved 1075200K
  class space    used 3433K, capacity 3579K, committed 3660K, reserved 1048576K
2015-09-09T14:57:45.403+0200: 32.274: [GC (Allocation Failure) 32.274: [ParNew
Desired survivor size 20112992 bytes, new threshold 8 (max 8)
- age   1:    3644752 bytes,    3644752 total
- age   2:    3257184 bytes,    6901936 total
- age   3:    5059656 bytes,   11961592 total
- age   4:    2927944 bytes,   14889536 total
- age   5:     187584 bytes,   15077120 total
- age   6:       2512 bytes,   15079632 total
- age   7:    1040520 bytes,   16120152 total
- age   8:    2501720 bytes,   18621872 total
: 109248K->21824K(109248K), 0.0133452 secs] 109248K->25883K(502464K), 0.0134207 secs] [Times: user=0.00 sys=0.00, real=0.01 secs] 
Heap after GC invocations=9 (full 1):
 par new generation   total 109248K, used 21824K [0x00000000e0000000, 0x00000000e8000000, 0x00000000e8000000)
  eden space 87424K,   0% used [0x00000000e0000000, 0x00000000e0000000, 0x00000000e5560000)
  from space 21824K, 100% used [0x00000000e6ab0000, 0x00000000e8000000, 0x00000000e8000000)
  to   space 21824K,   0% used [0x00000000e5560000, 0x00000000e5560000, 0x00000000e6ab0000)
 concurrent mark-sweep generation total 393216K, used 4059K [0x00000000e8000000, 0x0000000100000000, 0x0000000100000000)
 Metaspace       used 28759K, capacity 29094K, committed 29516K, reserved 1075200K
  class space    used 3433K, capacity 3579K, committed 3660K, reserved 1048576K
}
2015-09-09T14:57:45.416+0200: 32.287: Total time for which application threads were stopped: 0.0135896 seconds, Stopping threads took: 0.0000125 seconds
{Heap before GC invocations=9 (full 1):
 par new generation   total 109248K, used 109248K [0x00000000e0000000, 0x00000000e8000000, 0x00000000e8000000)
  eden space 87424K, 100% used [0x00000000e0000000, 0x00000000e5560000, 0x00000000e5560000)
  from space 21824K, 100% used [0x00000000e6ab0000, 0x00000000e8000000, 0x00000000e8000000)
  to   space 21824K,   0% used [0x00000000e5560000, 0x00000000e5560000, 0x00000000e6ab0000)
 concurrent mark-sweep generation total 393216K, used 4059K [0x00000000e8000000, 0x0000000100000000, 0x0000000100000000)
 Metaspace       used 28778K, capacity 29158K, committed 29516K, reserved 1075200K
  class space    used 3433K, capacity 3579K, committed 3660K, reserved 1048576K
2015-09-09T14:57:45.715+0200: 32.587: [GC (Allocation Failure) 32.587: [ParNew
Desired survivor size 20112992 bytes, new threshold 8 (max 8)
- age   1:    6689408 bytes,    6689408 total
- age   2:    2797760 bytes,    9487168 total
- age   3:    2535536 bytes,   12022704 total
- age   4:    4576672 bytes,   16599376 total
- age   5:    2702760 bytes,   19302136 total
- age   6:      84560 bytes,   19386696 total
- age   7:       1976 bytes,   19388672 total
- age   8:     221416 bytes,   19610088 total
: 109248K->21824K(109248K), 0.0372089 secs] 113307K->30422K(502464K), 0.0372569 secs] [Times: user=0.12 sys=0.00, real=0.04 secs] 
Heap after GC invocations=10 (full 1):
 par new generation   total 109248K, used 21824K [0x00000000e0000000, 0x00000000e8000000, 0x00000000e8000000)
  eden space 87424K,   0% used [0x00000000e0000000, 0x00000000e0000000, 0x00000000e5560000)
  from space 21824K, 100% used [0x00000000e5560000, 0x00000000e6ab0000, 0x00000000e6ab0000)
  to   space 21824K,   0% used [0x00000000e6ab0000, 0x00000000e6ab0000, 0x00000000e8000000)
 concurrent mark-sweep generation total 393216K, used 8598K [0x00000000e8000000, 0x0000000100000000, 0x0000000100000000)
 Metaspace       used 28778K, capacity 29158K, committed 29516K, reserved 1075200K
  class space    used 3433K, capacity 3579K, committed 3660K, reserved 1048576K
}
2015-09-09T14:57:45.753+0200: 32.624: Total time for which application threads were stopped: 0.0374230 seconds, Stopping threads took: 0.0000144 seconds
{Heap before GC invocations=10 (full 1):
 par new generation   total 109248K, used 109033K [0x00000000e0000000, 0x00000000e8000000, 0x00000000e8000000)
  eden space 87424K,  99% used [0x00000000e0000000, 0x00000000e552a508, 0x00000000e5560000)
  from space 21824K, 100% used [0x00000000e5560000, 0x00000000e6ab0000, 0x00000000e6ab0000)
  to   space 21824K,   0% used [0x00000000e6ab0000, 0x00000000e6ab0000, 0x00000000e8000000)
 concurrent mark-sweep generation total 393216K, used 8598K [0x00000000e8000000, 0x0000000100000000, 0x0000000100000000)
 Metaspace       used 28781K, capacity 29158K, committed 29516K, reserved 1075200K
  class space    used 3433K, capacity 3579K, committed 3660K, reserved 1048576K
2015-09-09T14:57:46.049+0200: 32.921: [GC (Allocation Failure) 32.921: [ParNew
Desired survivor size 20112992 bytes, new threshold 6 (max 8)
- age   1:    7303176 bytes,    7303176 total
- age   2:    2465192 bytes,    9768368 total
- age   3:    2380464 bytes,   12148832 total
- age   4:    2271888 bytes,   14420720 total
- age   5:    4395056 bytes,   18815776 total
- age   6:    2702760 bytes,   21518536 total
- age   7:      84560 bytes,   21603096 total
- age   8:       1976 bytes,   21605072 total
: 109033K->21824K(109248K), 0.0196606 secs] 117631K->33143K(502464K), 0.0197233 secs] [Times: user=0.06 sys=0.00, real=0.02 secs] 
Heap after GC invocations=11 (full 1):
 par new generation   total 109248K, used 21824K [0x00000000e0000000, 0x00000000e8000000, 0x00000000e8000000)
  eden space 87424K,   0% used [0x00000000e0000000, 0x00000000e0000000, 0x00000000e5560000)
  from space 21824K, 100% used [0x00000000e6ab0000, 0x00000000e8000000, 0x00000000e8000000)
  to   space 21824K,   0% used [0x00000000e5560000, 0x00000000e5560000, 0x00000000e6ab0000)
 concurrent mark-sweep generation total 393216K, used 11319K [0x00000000e8000000, 0x0000000100000000, 0x0000000100000000)
 Metaspace       used 28781K, capacity 29158K, committed 29516K, reserved 1075200K
  class space    used 3433K, capacity 3579K, committed 3660K, reserved 1048576K
}
2015-09-09T14:57:46.069+0200: 32.941: Total time for which application threads were stopped: 0.0198872 seconds, Stopping threads took: 0.0000154 seconds
{Heap before GC invocations=11 (full 1):
 par new generation   total 109248K, used 109248K [0x00000000e0000000, 0x00000000e8000000, 0x00000000e8000000)
  eden space 87424K, 100% used [0x00000000e0000000, 0x00000000e5560000, 0x00000000e5560000)
  from space 21824K, 100% used [0x00000000e6ab0000, 0x00000000e8000000, 0x00000000e8000000)
  to   space 21824K,   0% used [0x00000000e5560000, 0x00000000e5560000, 0x00000000e6ab0000)
 concurrent mark-sweep generation total 393216K, used 11319K [0x00000000e8000000, 0x0000000100000000, 0x0000000100000000)
 Metaspace       used 28786K, capacity 29158K, committed 29516K, reserved 1075200K
  class space    used 3434K, capacity 3579K, committed 3660K, reserved 1048576K
2015-09-09T14:57:46.352+0200: 33.223: [GC (Allocation Failure) 33.223: [ParNew
Desired survivor size 20112992 bytes, new threshold 8 (max 8)
- age   1:    3630816 bytes,    3630816 total
- age   2:    2143600 bytes,    5774416 total
- age   3:    2161680 bytes,    7936096 total
- age   4:    2082440 bytes,   10018536 total
- age   5:    2074200 bytes,   12092736 total
- age   6:    4144336 bytes,   16237072 total
: 109248K->21824K(109248K), 0.0104777 secs] 120567K->40712K(502464K), 0.0105276 secs] [Times: user=0.06 sys=0.00, real=0.01 secs] 
Heap after GC invocations=12 (full 1):
 par new generation   total 109248K, used 21824K [0x00000000e0000000, 0x00000000e8000000, 0x00000000e8000000)
  eden space 87424K,   0% used [0x00000000e0000000, 0x00000000e0000000, 0x00000000e5560000)
  from space 21824K, 100% used [0x00000000e5560000, 0x00000000e6ab0000, 0x00000000e6ab0000)
  to   space 21824K,   0% used [0x00000000e6ab0000, 0x00000000e6ab0000, 0x00000000e8000000)
 concurrent mark-sweep generation total 393216K, used 18888K [0x00000000e8000000, 0x0000000100000000, 0x0000000100000000)
 Metaspace       used 28786K, capacity 29158K, committed 29516K, reserved 1075200K
  class space    used 3434K, capacity 3579K, committed 3660K, reserved 1048576K
}
2015-09-09T14:57:46.362+0200: 33.234: Total time for which application threads were stopped: 0.0106700 seconds, Stopping threads took: 0.0000131 seconds
{Heap before GC invocations=12 (full 1):
 par new generation   total 109248K, used 109248K [0x00000000e0000000, 0x00000000e8000000, 0x00000000e8000000)
  eden space 87424K, 100% used [0x00000000e0000000, 0x00000000e5560000, 0x00000000e5560000)
  from space 21824K, 100% used [0x00000000e5560000, 0x00000000e6ab0000, 0x00000000e6ab0000)
  to   space 21824K,   0% used [0x00000000e6ab0000, 0x00000000e6ab0000, 0x00000000e8000000)
 concurrent mark-sweep generation total 393216K, used 18888K [0x00000000e8000000, 0x0000000100000000, 0x0000000100000000)
 Metaspace       used 28787K, capacity 29158K, committed 29516K, reserved 1075200K
  class space    used 3434K, capacity 3579K, committed 3660K, reserved 1048576K
2015-09-09T14:57:46.649+0200: 33.520: [GC (Allocation Failure) 33.520: [ParNew
Desired survivor size 20112992 bytes, new threshold 7 (max 8)
- age   1:    6681736 bytes,    6681736 total
- age   2:    1905880 bytes,    8587616 total
- age   3:    2038832 bytes,   10626448 total
- age   4:    1895584 bytes,   12522032 total
- age   5:    2027224 bytes,   14549256 total
- age   6:    2069928 bytes,   16619184 total
- age   7:    4023456 bytes,   20642640 total
: 109248K->21824K(109248K), 0.0078050 secs] 128136K->42589K(502464K), 0.0078543 secs] [Times: user=0.06 sys=0.00, real=0.01 secs] 
Heap after GC invocations=13 (full 1):
 par new generation   total 109248K, used 21824K [0x00000000e0000000, 0x00000000e8000000, 0x00000000e8000000)
  eden space 87424K,   0% used [0x00000000e0000000, 0x00000000e0000000, 0x00000000e5560000)
  from space 21824K, 100% used [0x00000000e6ab0000, 0x00000000e8000000, 0x00000000e8000000)
  to   space 21824K,   0% used [0x00000000e5560000, 0x00000000e5560000, 0x00000000e6ab0000)
 concurrent mark-sweep generation total 393216K, used 20765K [0x00000000e8000000, 0x0000000100000000, 0x0000000100000000)
 Metaspace       used 28787K, capacity 29158K, committed 29516K, reserved 1075200K
  class space    used 3434K, capacity 3579K, committed 3660K, reserved 1048576K
}
2015-09-09T14:57:46.657+0200: 33.528: Total time for which application threads were stopped: 0.0079990 seconds, Stopping threads took: 0.0000128 seconds
{Heap before GC invocations=13 (full 1):
 par new generation   total 109248K, used 109248K [0x00000000e0000000, 0x00000000e8000000, 0x00000000e8000000)
  eden space 87424K, 100% used [0x00000000e0000000, 0x00000000e5560000, 0x00000000e5560000)
  from space 21824K, 100% used [0x00000000e6ab0000, 0x00000000e8000000, 0x00000000e8000000)
  to   space 21824K,   0% used [0x00000000e5560000, 0x00000000e5560000, 0x00000000e6ab0000)
 concurrent mark-sweep generation total 393216K, used 20765K [0x00000000e8000000, 0x0000000100000000, 0x0000000100000000)
 Metaspace       used 28787K, capacity 29158K, committed 29516K, reserved 1075200K
  class space    used 3434K, capacity 3579K, committed 3660K, reserved 1048576K
2015-09-09T14:57:46.942+0200: 33.813: [GC (Allocation Failure) 33.813: [ParNew
Desired survivor size 20112992 bytes, new threshold 8 (max 8)
- age   1:    6821776 bytes,    6821776 total
- age   2:    2569120 bytes,    9390896 total
- age   3:    1740352 bytes,   11131248 total
- age   4:    1891024 bytes,   13022272 total
- age   5:    1713960 bytes,   14736232 total
- age   6:    1670560 bytes,   16406792 total
- age   7:    1880152 bytes,   18286944 total
: 109248K->21824K(109248K), 0.0087791 secs] 130013K->48831K(502464K), 0.0088278 secs] [Times: user=0.06 sys=0.00, real=0.01 secs] 
Heap after GC invocations=14 (full 1):
 par new generation   total 109248K, used 21824K [0x00000000e0000000, 0x00000000e8000000, 0x00000000e8000000)
  eden space 87424K,   0% used [0x00000000e0000000, 0x00000000e0000000, 0x00000000e5560000)
  from space 21824K, 100% used [0x00000000e5560000, 0x00000000e6ab0000, 0x00000000e6ab0000)
  to   space 21824K,   0% used [0x00000000e6ab0000, 0x00000000e6ab0000, 0x00000000e8000000)
 concurrent mark-sweep generation total 393216K, used 27007K [0x00000000e8000000, 0x0000000100000000, 0x0000000100000000)
 Metaspace       used 28787K, capacity 29158K, committed 29516K, reserved 1075200K
  class space    used 3434K, capacity 3579K, committed 3660K, reserved 1048576K
}
2015-09-09T14:57:46.951+0200: 33.822: Total time for which application threads were stopped: 0.0089730 seconds, Stopping threads took: 0.0000125 seconds
{Heap before GC invocations=14 (full 1):
 par new generation   total 109248K, used 109248K [0x00000000e0000000, 0x00000000e8000000, 0x00000000e8000000)
  eden space 87424K, 100% used [0x00000000e0000000, 0x00000000e5560000, 0x00000000e5560000)
  from space 21824K, 100% used [0x00000000e5560000, 0x00000000e6ab0000, 0x00000000e6ab0000)
  to   space 21824K,   0% used [0x00000000e6ab0000, 0x00000000e6ab0000, 0x00000000e8000000)
 concurrent mark-sweep generation total 393216K, used 27007K [0x00000000e8000000, 0x0000000100000000, 0x0000000100000000)
 Metaspace       used 28790K, capacity 29158K, committed 29516K, reserved 1075200K
  class space    used 3434K, capacity 3579K, committed 3660K, reserved 1048576K
2015-09-09T14:57:47.235+0200: 34.107: [GC (Allocation Failure) 34.107: [ParNew
Desired survivor size 20112992 bytes, new threshold 8 (max 8)
- age   1:    4205968 bytes,    4205968 total
- age   2:    2094168 bytes,    6300136 total
- age   3:    2354504 bytes,    8654640 total
- age   4:    1585320 bytes,   10239960 total
- age   5:    1658608 bytes,   11898568 total
- age   6:    1699568 bytes,   13598136 total
- age   7:    1651392 bytes,   15249528 total
- age   8:    1656408 bytes,   16905936 total
: 109248K->21824K(109248K), 0.0087225 secs] 136255K->56229K(502464K), 0.0087673 secs] [Times: user=0.02 sys=0.00, real=0.01 secs] 
Heap after GC invocations=15 (full 1):
 par new generation   total 109248K, used 21824K [0x00000000e0000000, 0x00000000e8000000, 0x00000000e8000000)
  eden space 87424K,   0% used [0x00000000e0000000, 0x00000000e0000000, 0x00000000e5560000)
  from space 21824K, 100% used [0x00000000e6ab0000, 0x00000000e8000000, 0x00000000e8000000)
  to   space 21824K,   0% used [0x00000000e5560000, 0x00000000e5560000, 0x00000000e6ab0000)
 concurrent mark-sweep generation total 393216K, used 34405K [0x00000000e8000000, 0x0000000100000000, 0x0000000100000000)
 Metaspace       used 28790K, capacity 29158K, committed 29516K, reserved 1075200K
  class space    used 3434K, capacity 3579K, committed 3660K, reserved 1048576K
}
2015-09-09T14:57:47.244+0200: 34.116: Total time for which application threads were stopped: 0.0089058 seconds, Stopping threads took: 0.0000131 seconds
{Heap before GC invocations=15 (full 1):
 par new generation   total 109248K, used 109248K [0x00000000e0000000, 0x00000000e8000000, 0x00000000e8000000)
  eden space 87424K, 100% used [0x00000000e0000000, 0x00000000e5560000, 0x00000000e5560000)
  from space 21824K, 100% used [0x00000000e6ab0000, 0x00000000e8000000, 0x00000000e8000000)
  to   space 21824K,   0% used [0x00000000e5560000, 0x00000000e5560000, 0x00000000e6ab0000)
 concurrent mark-sweep generation total 393216K, used 34405K [0x00000000e8000000, 0x0000000100000000, 0x0000000100000000)
 Metaspace       used 28791K, capacity 29158K, committed 29516K, reserved 1075200K
  class space    used 3434K, capacity 3579K, committed 3660K, reserved 1048576K
2015-09-09T14:57:47.534+0200: 34.405: [GC (Allocation Failure) 34.405: [ParNew
Desired survivor size 20112992 bytes, new threshold 8 (max 8)
- age   1:    5353384 bytes,    5353384 total
- age   2:    3130880 bytes,    8484264 total
- age   3:    2094168 bytes,   10578432 total
- age   4:    2354504 bytes,   12932936 total
- age   5:    1192056 bytes,   14124992 total
- age   6:    1658608 bytes,   15783600 total
- age   7:    1699568 bytes,   17483168 total
- age   8:    1651392 bytes,   19134560 total
: 109248K->21815K(109248K), 0.0084447 secs] 143653K->58446K(502464K), 0.0085190 secs] [Times: user=0.06 sys=0.00, real=0.01 secs] 
Heap after GC invocations=16 (full 1):
 par new generation   total 109248K, used 21815K [0x00000000e0000000, 0x00000000e8000000, 0x00000000e8000000)
  eden space 87424K,   0% used [0x00000000e0000000, 0x00000000e0000000, 0x00000000e5560000)
  from space 21824K,  99% used [0x00000000e5560000, 0x00000000e6aadd80, 0x00000000e6ab0000)
  to   space 21824K,   0% used [0x00000000e6ab0000, 0x00000000e6ab0000, 0x00000000e8000000)
 concurrent mark-sweep generation total 393216K, used 36631K [0x00000000e8000000, 0x0000000100000000, 0x0000000100000000)
 Metaspace       used 28791K, capacity 29158K, committed 29516K, reserved 1075200K
  class space    used 3434K, capacity 3579K, committed 3660K, reserved 1048576K
}
2015-09-09T14:57:47.542+0200: 34.414: Total time for which application threads were stopped: 0.0087046 seconds, Stopping threads took: 0.0000131 seconds
{Heap before GC invocations=16 (full 1):
 par new generation   total 109248K, used 109239K [0x00000000e0000000, 0x00000000e8000000, 0x00000000e8000000)
  eden space 87424K, 100% used [0x00000000e0000000, 0x00000000e5560000, 0x00000000e5560000)
  from space 21824K,  99% used [0x00000000e5560000, 0x00000000e6aadd80, 0x00000000e6ab0000)
  to   space 21824K,   0% used [0x00000000e6ab0000, 0x00000000e6ab0000, 0x00000000e8000000)
 concurrent mark-sweep generation total 393216K, used 36631K [0x00000000e8000000, 0x0000000100000000, 0x0000000100000000)
 Metaspace       used 28791K, capacity 29158K, committed 29516K, reserved 1075200K
  class space    used 3434K, capacity 3579K, committed 3660K, reserved 1048576K
2015-09-09T14:57:47.816+0200: 34.687: [GC (Allocation Failure) 34.687: [ParNew
Desired survivor size 20112992 bytes, new threshold 8 (max 8)
- age   1:    4359072 bytes,    4359072 total
- age   2:    3689600 bytes,    8048672 total
- age   3:    2132184 bytes,   10180856 total
- age   4:    2051792 bytes,   12232648 total
- age   5:    2314464 bytes,   14547112 total
- age   6:    1151648 bytes,   15698760 total
- age   7:    1609968 bytes,   17308728 total
- age   8:    1646312 bytes,   18955040 total
: 109239K->21824K(109248K), 0.0094662 secs] 145870K->65471K(502464K), 0.0095138 secs] [Times: user=0.06 sys=0.00, real=0.01 secs] 
Heap after GC invocations=17 (full 1):
 par new generation   total 109248K, used 21824K [0x00000000e0000000, 0x00000000e8000000, 0x00000000e8000000)
  eden space 87424K,   0% used [0x00000000e0000000, 0x00000000e0000000, 0x00000000e5560000)
  from space 21824K, 100% used [0x00000000e6ab0000, 0x00000000e8000000, 0x00000000e8000000)
  to   space 21824K,   0% used [0x00000000e5560000, 0x00000000e5560000, 0x00000000e6ab0000)
 concurrent mark-sweep generation total 393216K, used 43647K [0x00000000e8000000, 0x0000000100000000, 0x0000000100000000)
 Metaspace       used 28791K, capacity 29158K, committed 29516K, reserved 1075200K
  class space    used 3434K, capacity 3579K, committed 3660K, reserved 1048576K
}
2015-09-09T14:57:47.826+0200: 34.697: Total time for which application threads were stopped: 0.0096473 seconds, Stopping threads took: 0.0000144 seconds
{Heap before GC invocations=17 (full 1):
 par new generation   total 109248K, used 109241K [0x00000000e0000000, 0x00000000e8000000, 0x00000000e8000000)
  eden space 87424K,  99% used [0x00000000e0000000, 0x00000000e555e7f8, 0x00000000e5560000)
  from space 21824K, 100% used [0x00000000e6ab0000, 0x00000000e8000000, 0x00000000e8000000)
  to   space 21824K,   0% used [0x00000000e5560000, 0x00000000e5560000, 0x00000000e6ab0000)
 concurrent mark-sweep generation total 393216K, used 43647K [0x00000000e8000000, 0x0000000100000000, 0x0000000100000000)
 Metaspace       used 28791K, capacity 29158K, committed 29516K, reserved 1075200K
  class space    used 3434K, capacity 3579K, committed 3660K, reserved 1048576K
2015-09-09T14:57:48.099+0200: 34.971: [GC (Allocation Failure) 34.971: [ParNew
Desired survivor size 20112992 bytes, new threshold 8 (max 8)
- age   1:    3471816 bytes,    3471816 total
- age   2:    2636352 bytes,    6108168 total
- age   3:    3576816 bytes,    9684984 total
- age   4:    2098400 bytes,   11783384 total
- age   5:    2007344 bytes,   13790728 total
- age   6:    2271408 bytes,   16062136 total
- age   7:    1111888 bytes,   17174024 total
- age   8:    1532592 bytes,   18706616 total
: 109241K->21824K(109248K), 0.0095004 secs] 152889K->74259K(502464K), 0.0095487 secs] [Times: user=0.06 sys=0.00, real=0.01 secs] 
Heap after GC invocations=18 (full 1):
 par new generation   total 109248K, used 21824K [0x00000000e0000000, 0x00000000e8000000, 0x00000000e8000000)
  eden space 87424K,   0% used [0x00000000e0000000, 0x00000000e0000000, 0x00000000e5560000)
  from space 21824K, 100% used [0x00000000e5560000, 0x00000000e6ab0000, 0x00000000e6ab0000)
  to   space 21824K,   0% used [0x00000000e6ab0000, 0x00000000e6ab0000, 0x00000000e8000000)
 concurrent mark-sweep generation total 393216K, used 52435K [0x00000000e8000000, 0x0000000100000000, 0x0000000100000000)
 Metaspace       used 28791K, capacity 29158K, committed 29516K, reserved 1075200K
  class space    used 3434K, capacity 3579K, committed 3660K, reserved 1048576K
}
2015-09-09T14:57:48.109+0200: 34.980: Total time for which application threads were stopped: 0.0096847 seconds, Stopping threads took: 0.0000122 seconds
{Heap before GC invocations=18 (full 1):
 par new generation   total 109248K, used 108845K [0x00000000e0000000, 0x00000000e8000000, 0x00000000e8000000)
  eden space 87424K,  99% used [0x00000000e0000000, 0x00000000e54fb5f0, 0x00000000e5560000)
  from space 21824K, 100% used [0x00000000e5560000, 0x00000000e6ab0000, 0x00000000e6ab0000)
  to   space 21824K,   0% used [0x00000000e6ab0000, 0x00000000e6ab0000, 0x00000000e8000000)
 concurrent mark-sweep generation total 393216K, used 52435K [0x00000000e8000000, 0x0000000100000000, 0x0000000100000000)
 Metaspace       used 28793K, capacity 29158K, committed 29516K, reserved 1075200K
  class space    used 3434K, capacity 3579K, committed 3660K, reserved 1048576K
2015-09-09T14:57:48.396+0200: 35.268: [GC (Allocation Failure) 35.268: [ParNew
Desired survivor size 20112992 bytes, new threshold 8 (max 8)
- age   1:    5093048 bytes,    5093048 total
- age   2:    1769496 bytes,    6862544 total
- age   3:    2275696 bytes,    9138240 total
- age   4:    3316200 bytes,   12454440 total
- age   5:    1868720 bytes,   14323160 total
- age   6:    2009168 bytes,   16332328 total
- age   7:    1781296 bytes,   18113624 total
- age   8:     785776 bytes,   18899400 total
: 108845K->21824K(109248K), 0.0096732 secs] 161280K->79293K(502464K), 0.0097244 secs] [Times: user=0.06 sys=0.00, real=0.01 secs] 
Heap after GC invocations=19 (full 1):
 par new generation   total 109248K, used 21824K [0x00000000e0000000, 0x00000000e8000000, 0x00000000e8000000)
  eden space 87424K,   0% used [0x00000000e0000000, 0x00000000e0000000, 0x00000000e5560000)
  from space 21824K, 100% used [0x00000000e6ab0000, 0x00000000e8000000, 0x00000000e8000000)
  to   space 21824K,   0% used [0x00000000e5560000, 0x00000000e5560000, 0x00000000e6ab0000)
 concurrent mark-sweep generation total 393216K, used 57469K [0x00000000e8000000, 0x0000000100000000, 0x0000000100000000)
 Metaspace       used 28793K, capacity 29158K, committed 29516K, reserved 1075200K
  class space    used 3434K, capacity 3579K, committed 3660K, reserved 1048576K
}
2015-09-09T14:57:48.406+0200: 35.278: Total time for which application threads were stopped: 0.0098601 seconds, Stopping threads took: 0.0000134 seconds
{Heap before GC invocations=19 (full 1):
 par new generation   total 109248K, used 109248K [0x00000000e0000000, 0x00000000e8000000, 0x00000000e8000000)
  eden space 87424K, 100% used [0x00000000e0000000, 0x00000000e5560000, 0x00000000e5560000)
  from space 21824K, 100% used [0x00000000e6ab0000, 0x00000000e8000000, 0x00000000e8000000)
  to   space 21824K,   0% used [0x00000000e5560000, 0x00000000e5560000, 0x00000000e6ab0000)
 concurrent mark-sweep generation total 393216K, used 57469K [0x00000000e8000000, 0x0000000100000000, 0x0000000100000000)
 Metaspace       used 28793K, capacity 29158K, committed 29516K, reserved 1075200K
  class space    used 3434K, capacity 3579K, committed 3660K, reserved 1048576K
2015-09-09T14:57:48.688+0200: 35.560: [GC (Allocation Failure) 35.560: [ParNew
Desired survivor size 20112992 bytes, new threshold 8 (max 8)
- age   1:    5813200 bytes,    5813200 total
- age   2:    4287736 bytes,   10100936 total
- age   3:    1296336 bytes,   11397272 total
- age   4:    1491544 bytes,   12888816 total
- age   5:    2465488 bytes,   15354304 total
- age   6:    1870056 bytes,   17224360 total
- age   7:    1223384 bytes,   18447744 total
- age   8:     929512 bytes,   19377256 total
: 109248K->21824K(109248K), 0.0100322 secs] 166717K->87603K(502464K), 0.0100802 secs] [Times: user=0.05 sys=0.02, real=0.01 secs] 
Heap after GC invocations=20 (full 1):
 par new generation   total 109248K, used 21824K [0x00000000e0000000, 0x00000000e8000000, 0x00000000e8000000)
  eden space 87424K,   0% used [0x00000000e0000000, 0x00000000e0000000, 0x00000000e5560000)
  from space 21824K, 100% used [0x00000000e5560000, 0x00000000e6ab0000, 0x00000000e6ab0000)
  to   space 21824K,   0% used [0x00000000e6ab0000, 0x00000000e6ab0000, 0x00000000e8000000)
 concurrent mark-sweep generation total 393216K, used 65779K [0x00000000e8000000, 0x0000000100000000, 0x0000000100000000)
 Metaspace       used 28793K, capacity 29158K, committed 29516K, reserved 1075200K
  class space    used 3434K, capacity 3579K, committed 3660K, reserved 1048576K
}
2015-09-09T14:57:48.698+0200: 35.570: Total time for which application threads were stopped: 0.0102156 seconds, Stopping threads took: 0.0000141 seconds
{Heap before GC invocations=20 (full 1):
 par new generation   total 109248K, used 109248K [0x00000000e0000000, 0x00000000e8000000, 0x00000000e8000000)
  eden space 87424K, 100% used [0x00000000e0000000, 0x00000000e5560000, 0x00000000e5560000)
  from space 21824K, 100% used [0x00000000e5560000, 0x00000000e6ab0000, 0x00000000e6ab0000)
  to   space 21824K,   0% used [0x00000000e6ab0000, 0x00000000e6ab0000, 0x00000000e8000000)
 concurrent mark-sweep generation total 393216K, used 65779K [0x00000000e8000000, 0x0000000100000000, 0x0000000100000000)
 Metaspace       used 28793K, capacity 29158K, committed 29516K, reserved 1075200K
  class space    used 3434K, capacity 3579K, committed 3660K, reserved 1048576K
2015-09-09T14:57:48.987+0200: 35.859: [GC (Allocation Failure) 35.859: [ParNew
Desired survivor size 20112992 bytes, new threshold 8 (max 8)
- age   1:    4301472 bytes,    4301472 total
- age   2:    4654440 bytes,    8955912 total
- age   3:    1991976 bytes,   10947888 total
- age   4:    1421136 bytes,   12369024 total
- age   5:    1458592 bytes,   13827616 total
- age   6:    2432584 bytes,   16260200 total
- age   7:    1083192 bytes,   17343392 total
- age   8:     960944 bytes,   18304336 total
: 109248K->21824K(109248K), 0.0097359 secs] 175027K->91741K(502464K), 0.0097817 secs] [Times: user=0.06 sys=0.00, real=0.01 secs] 
Heap after GC invocations=21 (full 1):
 par new generation   total 109248K, used 21824K [0x00000000e0000000, 0x00000000e8000000, 0x00000000e8000000)
  eden space 87424K,   0% used [0x00000000e0000000, 0x00000000e0000000, 0x00000000e5560000)
  from space 21824K, 100% used [0x00000000e6ab0000, 0x00000000e8000000, 0x00000000e8000000)
  to   space 21824K,   0% used [0x00000000e5560000, 0x00000000e5560000, 0x00000000e6ab0000)
 concurrent mark-sweep generation total 393216K, used 69917K [0x00000000e8000000, 0x0000000100000000, 0x0000000100000000)
 Metaspace       used 28793K, capacity 29158K, committed 29516K, reserved 1075200K
  class space    used 3434K, capacity 3579K, committed 3660K, reserved 1048576K
}
2015-09-09T14:57:48.997+0200: 35.869: Total time for which application threads were stopped: 0.0099097 seconds, Stopping threads took: 0.0000122 seconds
{Heap before GC invocations=21 (full 1):
 par new generation   total 109248K, used 109248K [0x00000000e0000000, 0x00000000e8000000, 0x00000000e8000000)
  eden space 87424K, 100% used [0x00000000e0000000, 0x00000000e5560000, 0x00000000e5560000)
  from space 21824K, 100% used [0x00000000e6ab0000, 0x00000000e8000000, 0x00000000e8000000)
  to   space 21824K,   0% used [0x00000000e5560000, 0x00000000e5560000, 0x00000000e6ab0000)
 concurrent mark-sweep generation total 393216K, used 69917K [0x00000000e8000000, 0x0000000100000000, 0x0000000100000000)
 Metaspace       used 28793K, capacity 29158K, committed 29516K, reserved 1075200K
  class space    used 3434K, capacity 3579K, committed 3660K, reserved 1048576K
2015-09-09T14:57:49.291+0200: 36.163: [GC (Allocation Failure) 36.163: [ParNew
Desired survivor size 20112992 bytes, new threshold 8 (max 8)
- age   1:    2892664 bytes,    2892664 total
- age   2:    4230048 bytes,    7122712 total
- age   3:    3275992 bytes,   10398704 total
- age   4:    1990936 bytes,   12389640 total
- age   5:    1634288 bytes,   14023928 total
- age   6:    1602984 bytes,   15626912 total
- age   7:    2433600 bytes,   18060512 total
- age   8:    1051184 bytes,   19111696 total
: 109248K->21824K(109248K), 0.0097001 secs] 179165K->94094K(502464K), 0.0097471 secs] [Times: user=0.00 sys=0.00, real=0.01 secs] 
Heap after GC invocations=22 (full 1):
 par new generation   total 109248K, used 21824K [0x00000000e0000000, 0x00000000e8000000, 0x00000000e8000000)
  eden space 87424K,   0% used [0x00000000e0000000, 0x00000000e0000000, 0x00000000e5560000)
  from space 21824K, 100% used [0x00000000e5560000, 0x00000000e6ab0000, 0x00000000e6ab0000)
  to   space 21824K,   0% used [0x00000000e6ab0000, 0x00000000e6ab0000, 0x00000000e8000000)
 concurrent mark-sweep generation total 393216K, used 72270K [0x00000000e8000000, 0x0000000100000000, 0x0000000100000000)
 Metaspace       used 28793K, capacity 29158K, committed 29516K, reserved 1075200K
  class space    used 3434K, capacity 3579K, committed 3660K, reserved 1048576K
}
2015-09-09T14:57:49.301+0200: 36.172: Total time for which application threads were stopped: 0.0098802 seconds, Stopping threads took: 0.0000128 seconds
{Heap before GC invocations=22 (full 1):
 par new generation   total 109248K, used 109248K [0x00000000e0000000, 0x00000000e8000000, 0x00000000e8000000)
  eden space 87424K, 100% used [0x00000000e0000000, 0x00000000e5560000, 0x00000000e5560000)
  from space 21824K, 100% used [0x00000000e5560000, 0x00000000e6ab0000, 0x00000000e6ab0000)
  to   space 21824K,   0% used [0x00000000e6ab0000, 0x00000000e6ab0000, 0x00000000e8000000)
 concurrent mark-sweep generation total 393216K, used 72270K [0x00000000e8000000, 0x0000000100000000, 0x0000000100000000)
 Metaspace       used 28793K, capacity 29158K, committed 29516K, reserved 1075200K
  class space    used 3434K, capacity 3579K, committed 3660K, reserved 1048576K
2015-09-09T14:57:49.568+0200: 36.439: [GC (Allocation Failure) 36.439: [ParNew
Desired survivor size 20112992 bytes, new threshold 8 (max 8)
- age   1:    5871128 bytes,    5871128 total
- age   2:    2877040 bytes,    8748168 total
- age   3:    1505952 bytes,   10254120 total
- age   4:    2407704 bytes,   12661824 total
- age   5:    1983992 bytes,   14645816 total
- age   6:    1633024 bytes,   16278840 total
- age   7:    1804544 bytes,   18083384 total
- age   8:    2790056 bytes,   20873440 total
: 109248K->21824K(109248K), 0.0112332 secs] 181518K->101403K(502464K), 0.0112786 secs] [Times: user=0.00 sys=0.00, real=0.01 secs] 
Heap after GC invocations=23 (full 1):
 par new generation   total 109248K, used 21824K [0x00000000e0000000, 0x00000000e8000000, 0x00000000e8000000)
  eden space 87424K,   0% used [0x00000000e0000000, 0x00000000e0000000, 0x00000000e5560000)
  from space 21824K, 100% used [0x00000000e6ab0000, 0x00000000e8000000, 0x00000000e8000000)
  to   space 21824K,   0% used [0x00000000e5560000, 0x00000000e5560000, 0x00000000e6ab0000)
 concurrent mark-sweep generation total 393216K, used 79579K [0x00000000e8000000, 0x0000000100000000, 0x0000000100000000)
 Metaspace       used 28793K, capacity 29158K, committed 29516K, reserved 1075200K
  class space    used 3434K, capacity 3579K, committed 3660K, reserved 1048576K
}
2015-09-09T14:57:49.579+0200: 36.451: Total time for which application threads were stopped: 0.0114105 seconds, Stopping threads took: 0.0000134 seconds
{Heap before GC invocations=23 (full 1):
 par new generation   total 109248K, used 109248K [0x00000000e0000000, 0x00000000e8000000, 0x00000000e8000000)
  eden space 87424K, 100% used [0x00000000e0000000, 0x00000000e5560000, 0x00000000e5560000)
  from space 21824K, 100% used [0x00000000e6ab0000, 0x00000000e8000000, 0x00000000e8000000)
  to   space 21824K,   0% used [0x00000000e5560000, 0x00000000e5560000, 0x00000000e6ab0000)
 concurrent mark-sweep generation total 393216K, used 79579K [0x00000000e8000000, 0x0000000100000000, 0x0000000100000000)
 Metaspace       used 28794K, capacity 29158K, committed 29516K, reserved 1075200K
  class space    used 3434K, capacity 3579K, committed 3660K, reserved 1048576K
2015-09-09T14:57:49.877+0200: 36.749: [GC (Allocation Failure) 36.749: [ParNew
Desired survivor size 20112992 bytes, new threshold 8 (max 8)
- age   1:    2442840 bytes,    2442840 total
- age   2:    5435936 bytes,    7878776 total
- age   3:    2291648 bytes,   10170424 total
- age   4:    1504112 bytes,   11674536 total
- age   5:    2406472 bytes,   14081008 total
- age   6:    1954496 bytes,   16035504 total
- age   7:    1620464 bytes,   17655968 total
- age   8:    1778536 bytes,   19434504 total
: 109248K->21824K(109248K), 0.0104002 secs] 188827K->105226K(502464K), 0.0104773 secs] [Times: user=0.06 sys=0.00, real=0.01 secs] 
Heap after GC invocations=24 (full 1):
 par new generation   total 109248K, used 21824K [0x00000000e0000000, 0x00000000e8000000, 0x00000000e8000000)
  eden space 87424K,   0% used [0x00000000e0000000, 0x00000000e0000000, 0x00000000e5560000)
  from space 21824K, 100% used [0x00000000e5560000, 0x00000000e6ab0000, 0x00000000e6ab0000)
  to   space 21824K,   0% used [0x00000000e6ab0000, 0x00000000e6ab0000, 0x00000000e8000000)
 concurrent mark-sweep generation total 393216K, used 83402K [0x00000000e8000000, 0x0000000100000000, 0x0000000100000000)
 Metaspace       used 28794K, capacity 29158K, committed 29516K, reserved 1075200K
  class space    used 3434K, capacity 3579K, committed 3660K, reserved 1048576K
}
2015-09-09T14:57:49.888+0200: 36.759: Total time for which application threads were stopped: 0.0106188 seconds, Stopping threads took: 0.0000125 seconds
{Heap before GC invocations=24 (full 1):
 par new generation   total 109248K, used 109248K [0x00000000e0000000, 0x00000000e8000000, 0x00000000e8000000)
  eden space 87424K, 100% used [0x00000000e0000000, 0x00000000e5560000, 0x00000000e5560000)
  from space 21824K, 100% used [0x00000000e5560000, 0x00000000e6ab0000, 0x00000000e6ab0000)
  to   space 21824K,   0% used [0x00000000e6ab0000, 0x00000000e6ab0000, 0x00000000e8000000)
 concurrent mark-sweep generation total 393216K, used 83402K [0x00000000e8000000, 0x0000000100000000, 0x0000000100000000)
 Metaspace       used 28794K, capacity 29158K, committed 29516K, reserved 1075200K
  class space    used 3434K, capacity 3579K, committed 3660K, reserved 1048576K
2015-09-09T14:57:50.154+0200: 37.026: [GC (Allocation Failure) 37.026: [ParNew
Desired survivor size 20112992 bytes, new threshold 8 (max 8)
- age   1:    8443120 bytes,    8443120 total
- age   2:    2191648 bytes,   10634768 total
- age   3:    1525088 bytes,   12159856 total
- age   4:    2151632 bytes,   14311488 total
- age   5:    1336464 bytes,   15647952 total
- age   6:    2277928 bytes,   17925880 total
- age   7:    1820992 bytes,   19746872 total
- age   8:    1509552 bytes,   21256424 total
: 109248K->21824K(109248K), 0.0129580 secs] 192650K->113108K(502464K), 0.0130060 secs] [Times: user=0.06 sys=0.00, real=0.01 secs] 
Heap after GC invocations=25 (full 1):
 par new generation   total 109248K, used 21824K [0x00000000e0000000, 0x00000000e8000000, 0x00000000e8000000)
  eden space 87424K,   0% used [0x00000000e0000000, 0x00000000e0000000, 0x00000000e5560000)
  from space 21824K, 100% used [0x00000000e6ab0000, 0x00000000e8000000, 0x00000000e8000000)
  to   space 21824K,   0% used [0x00000000e5560000, 0x00000000e5560000, 0x00000000e6ab0000)
 concurrent mark-sweep generation total 393216K, used 91284K [0x00000000e8000000, 0x0000000100000000, 0x0000000100000000)
 Metaspace       used 28794K, capacity 29158K, committed 29516K, reserved 1075200K
  class space    used 3434K, capacity 3579K, committed 3660K, reserved 1048576K
}
2015-09-09T14:57:50.167+0200: 37.039: Total time for which application threads were stopped: 0.0131356 seconds, Stopping threads took: 0.0000128 seconds
{Heap before GC invocations=25 (full 1):
 par new generation   total 109248K, used 109248K [0x00000000e0000000, 0x00000000e8000000, 0x00000000e8000000)
  eden space 87424K, 100% used [0x00000000e0000000, 0x00000000e5560000, 0x00000000e5560000)
  from space 21824K, 100% used [0x00000000e6ab0000, 0x00000000e8000000, 0x00000000e8000000)
  to   space 21824K,   0% used [0x00000000e5560000, 0x00000000e5560000, 0x00000000e6ab0000)
 concurrent mark-sweep generation total 393216K, used 91284K [0x00000000e8000000, 0x0000000100000000, 0x0000000100000000)
 Metaspace       used 28794K, capacity 29158K, committed 29516K, reserved 1075200K
  class space    used 3434K, capacity 3579K, committed 3660K, reserved 1048576K
2015-09-09T14:57:50.465+0200: 37.337: [GC (Allocation Failure) 37.337: [ParNew
Desired survivor size 20112992 bytes, new threshold 8 (max 8)
- age   1:    2966896 bytes,    2966896 total
- age   2:    7274040 bytes,   10240936 total
- age   3:    2139480 bytes,   12380416 total
- age   4:    1252000 bytes,   13632416 total
- age   5:    1348784 bytes,   14981200 total
- age   6:    1289272 bytes,   16270472 total
- age   7:    2235144 bytes,   18505616 total
- age   8:    1731456 bytes,   20237072 total
: 109248K->21824K(109248K), 0.0115173 secs] 200532K->118216K(502464K), 0.0115717 secs] [Times: user=0.06 sys=0.00, real=0.01 secs] 
Heap after GC invocations=26 (full 1):
 par new generation   total 109248K, used 21824K [0x00000000e0000000, 0x00000000e8000000, 0x00000000e8000000)
  eden space 87424K,   0% used [0x00000000e0000000, 0x00000000e0000000, 0x00000000e5560000)
  from space 21824K, 100% used [0x00000000e5560000, 0x00000000e6ab0000, 0x00000000e6ab0000)
  to   space 21824K,   0% used [0x00000000e6ab0000, 0x00000000e6ab0000, 0x00000000e8000000)
 concurrent mark-sweep generation total 393216K, used 96392K [0x00000000e8000000, 0x0000000100000000, 0x0000000100000000)
 Metaspace       used 28794K, capacity 29158K, committed 29516K, reserved 1075200K
  class space    used 3434K, capacity 3579K, committed 3660K, reserved 1048576K
}
2015-09-09T14:57:50.477+0200: 37.348: Total time for which application threads were stopped: 0.0117010 seconds, Stopping threads took: 0.0000131 seconds
{Heap before GC invocations=26 (full 1):
 par new generation   total 109248K, used 109248K [0x00000000e0000000, 0x00000000e8000000, 0x00000000e8000000)
  eden space 87424K, 100% used [0x00000000e0000000, 0x00000000e5560000, 0x00000000e5560000)
  from space 21824K, 100% used [0x00000000e5560000, 0x00000000e6ab0000, 0x00000000e6ab0000)
  to   space 21824K,   0% used [0x00000000e6ab0000, 0x00000000e6ab0000, 0x00000000e8000000)
 concurrent mark-sweep generation total 393216K, used 96392K [0x00000000e8000000, 0x0000000100000000, 0x0000000100000000)
 Metaspace       used 28794K, capacity 29158K, committed 29516K, reserved 1075200K
  class space    used 3434K, capacity 3579K, committed 3660K, reserved 1048576K
2015-09-09T14:57:50.783+0200: 37.655: [GC (Allocation Failure) 37.655: [ParNew
Desired survivor size 20112992 bytes, new threshold 8 (max 8)
- age   1:    6242960 bytes,    6242960 total
- age   2:    2761280 bytes,    9004240 total
- age   3:    2301584 bytes,   11305824 total
- age   4:    1484928 bytes,   12790752 total
- age   5:    1250672 bytes,   14041424 total
- age   6:    1314720 bytes,   15356144 total
- age   7:    1288384 bytes,   16644528 total
- age   8:    2234144 bytes,   18878672 total
: 109248K->21824K(109248K), 0.0118610 secs] 205640K->127434K(502464K), 0.0119077 secs] [Times: user=0.06 sys=0.00, real=0.01 secs] 
Heap after GC invocations=27 (full 1):
 par new generation   total 109248K, used 21824K [0x00000000e0000000, 0x00000000e8000000, 0x00000000e8000000)
  eden space 87424K,   0% used [0x00000000e0000000, 0x00000000e0000000, 0x00000000e5560000)
  from space 21824K, 100% used [0x00000000e6ab0000, 0x00000000e8000000, 0x00000000e8000000)
  to   space 21824K,   0% used [0x00000000e5560000, 0x00000000e5560000, 0x00000000e6ab0000)
 concurrent mark-sweep generation total 393216K, used 105610K [0x00000000e8000000, 0x0000000100000000, 0x0000000100000000)
 Metaspace       used 28794K, capacity 29158K, committed 29516K, reserved 1075200K
  class space    used 3434K, capacity 3579K, committed 3660K, reserved 1048576K
}
2015-09-09T14:57:50.795+0200: 37.667: Total time for which application threads were stopped: 0.0120437 seconds, Stopping threads took: 0.0000138 seconds
{Heap before GC invocations=27 (full 1):
 par new generation   total 109248K, used 109248K [0x00000000e0000000, 0x00000000e8000000, 0x00000000e8000000)
  eden space 87424K, 100% used [0x00000000e0000000, 0x00000000e5560000, 0x00000000e5560000)
  from space 21824K, 100% used [0x00000000e6ab0000, 0x00000000e8000000, 0x00000000e8000000)
  to   space 21824K,   0% used [0x00000000e5560000, 0x00000000e5560000, 0x00000000e6ab0000)
 concurrent mark-sweep generation total 393216K, used 105610K [0x00000000e8000000, 0x0000000100000000, 0x0000000100000000)
 Metaspace       used 28794K, capacity 29158K, committed 29516K, reserved 1075200K
  class space    used 3434K, capacity 3579K, committed 3660K, reserved 1048576K
2015-09-09T14:57:51.067+0200: 37.939: [GC (Allocation Failure) 37.939: [ParNew
Desired survivor size 20112992 bytes, new threshold 8 (max 8)
- age   1:    3965560 bytes,    3965560 total
- age   2:    6042552 bytes,   10008112 total
- age   3:    2661544 bytes,   12669656 total
- age   4:    1062448 bytes,   13732104 total
- age   5:    1353192 bytes,   15085296 total
- age   6:    1217328 bytes,   16302624 total
- age   7:    1314304 bytes,   17616928 total
- age   8:    1287792 bytes,   18904720 total
: 109248K->21824K(109248K), 0.0121205 secs] 214858K->137232K(502464K), 0.0121666 secs] [Times: user=0.00 sys=0.00, real=0.01 secs] 
Heap after GC invocations=28 (full 1):
 par new generation   total 109248K, used 21824K [0x00000000e0000000, 0x00000000e8000000, 0x00000000e8000000)
  eden space 87424K,   0% used [0x00000000e0000000, 0x00000000e0000000, 0x00000000e5560000)
  from space 21824K, 100% used [0x00000000e5560000, 0x00000000e6ab0000, 0x00000000e6ab0000)
  to   space 21824K,   0% used [0x00000000e6ab0000, 0x00000000e6ab0000, 0x00000000e8000000)
 concurrent mark-sweep generation total 393216K, used 115408K [0x00000000e8000000, 0x0000000100000000, 0x0000000100000000)
 Metaspace       used 28794K, capacity 29158K, committed 29516K, reserved 1075200K
  class space    used 3434K, capacity 3579K, committed 3660K, reserved 1048576K
}
2015-09-09T14:57:51.079+0200: 37.951: Total time for which application threads were stopped: 0.0122956 seconds, Stopping threads took: 0.0000128 seconds
{Heap before GC invocations=28 (full 1):
 par new generation   total 109248K, used 109248K [0x00000000e0000000, 0x00000000e8000000, 0x00000000e8000000)
  eden space 87424K, 100% used [0x00000000e0000000, 0x00000000e5560000, 0x00000000e5560000)
  from space 21824K, 100% used [0x00000000e5560000, 0x00000000e6ab0000, 0x00000000e6ab0000)
  to   space 21824K,   0% used [0x00000000e6ab0000, 0x00000000e6ab0000, 0x00000000e8000000)
 concurrent mark-sweep generation total 393216K, used 115408K [0x00000000e8000000, 0x0000000100000000, 0x0000000100000000)
 Metaspace       used 28794K, capacity 29158K, committed 29516K, reserved 1075200K
  class space    used 3434K, capacity 3579K, committed 3660K, reserved 1048576K
2015-09-09T14:57:51.363+0200: 38.235: [GC (Allocation Failure) 38.235: [ParNew
Desired survivor size 20112992 bytes, new threshold 8 (max 8)
- age   1:    6132760 bytes,    6132760 total
- age   2:    3961440 bytes,   10094200 total
- age   3:    2509440 bytes,   12603640 total
- age   4:    2478952 bytes,   15082592 total
- age   5:    1057600 bytes,   16140192 total
- age   6:    1287936 bytes,   17428128 total
- age   7:    1156552 bytes,   18584680 total
- age   8:    1283112 bytes,   19867792 total
: 109248K->21824K(109248K), 0.0105586 secs] 224656K->139329K(502464K), 0.0106041 secs] [Times: user=0.00 sys=0.00, real=0.01 secs] 
Heap after GC invocations=29 (full 1):
 par new generation   total 109248K, used 21824K [0x00000000e0000000, 0x00000000e8000000, 0x00000000e8000000)
  eden space 87424K,   0% used [0x00000000e0000000, 0x00000000e0000000, 0x00000000e5560000)
  from space 21824K, 100% used [0x00000000e6ab0000, 0x00000000e8000000, 0x00000000e8000000)
  to   space 21824K,   0% used [0x00000000e5560000, 0x00000000e5560000, 0x00000000e6ab0000)
 concurrent mark-sweep generation total 393216K, used 117505K [0x00000000e8000000, 0x0000000100000000, 0x0000000100000000)
 Metaspace       used 28794K, capacity 29158K, committed 29516K, reserved 1075200K
  class space    used 3434K, capacity 3579K, committed 3660K, reserved 1048576K
}
2015-09-09T14:57:51.374+0200: 38.245: Total time for which application threads were stopped: 0.0107381 seconds, Stopping threads took: 0.0000134 seconds
{Heap before GC invocations=29 (full 1):
 par new generation   total 109248K, used 109248K [0x00000000e0000000, 0x00000000e8000000, 0x00000000e8000000)
  eden space 87424K, 100% used [0x00000000e0000000, 0x00000000e5560000, 0x00000000e5560000)
  from space 21824K, 100% used [0x00000000e6ab0000, 0x00000000e8000000, 0x00000000e8000000)
  to   space 21824K,   0% used [0x00000000e5560000, 0x00000000e5560000, 0x00000000e6ab0000)
 concurrent mark-sweep generation total 393216K, used 117505K [0x00000000e8000000, 0x0000000100000000, 0x0000000100000000)
 Metaspace       used 28795K, capacity 29158K, committed 29516K, reserved 1075200K
  class space    used 3434K, capacity 3579K, committed 3660K, reserved 1048576K
2015-09-09T14:57:51.673+0200: 38.544: [GC (Allocation Failure) 38.544: [ParNew
Desired survivor size 20112992 bytes, new threshold 8 (max 8)
- age   1:    2270328 bytes,    2270328 total
- age   2:    5987168 bytes,    8257496 total
- age   3:    2562360 bytes,   10819856 total
- age   4:    2499896 bytes,   13319752 total
- age   5:    2472136 bytes,   15791888 total
- age   6:    1052192 bytes,   16844080 total
- age   7:    1281344 bytes,   18125424 total
- age   8:    1054680 bytes,   19180104 total
: 109248K->21824K(109248K), 0.0107522 secs] 226753K->142714K(502464K), 0.0107980 secs] [Times: user=0.06 sys=0.00, real=0.01 secs] 
Heap after GC invocations=30 (full 1):
 par new generation   total 109248K, used 21824K [0x00000000e0000000, 0x00000000e8000000, 0x00000000e8000000)
  eden space 87424K,   0% used [0x00000000e0000000, 0x00000000e0000000, 0x00000000e5560000)
  from space 21824K, 100% used [0x00000000e5560000, 0x00000000e6ab0000, 0x00000000e6ab0000)
  to   space 21824K,   0% used [0x00000000e6ab0000, 0x00000000e6ab0000, 0x00000000e8000000)
 concurrent mark-sweep generation total 393216K, used 120890K [0x00000000e8000000, 0x0000000100000000, 0x0000000100000000)
 Metaspace       used 28795K, capacity 29158K, committed 29516K, reserved 1075200K
  class space    used 3434K, capacity 3579K, committed 3660K, reserved 1048576K
}
2015-09-09T14:57:51.683+0200: 38.555: Total time for which application threads were stopped: 0.0109724 seconds, Stopping threads took: 0.0000134 seconds
{Heap before GC invocations=30 (full 1):
 par new generation   total 109248K, used 109248K [0x00000000e0000000, 0x00000000e8000000, 0x00000000e8000000)
  eden space 87424K, 100% used [0x00000000e0000000, 0x00000000e5560000, 0x00000000e5560000)
  from space 21824K, 100% used [0x00000000e5560000, 0x00000000e6ab0000, 0x00000000e6ab0000)
  to   space 21824K,   0% used [0x00000000e6ab0000, 0x00000000e6ab0000, 0x00000000e8000000)
 concurrent mark-sweep generation total 393216K, used 120890K [0x00000000e8000000, 0x0000000100000000, 0x0000000100000000)
 Metaspace       used 28796K, capacity 29158K, committed 29516K, reserved 1075200K
  class space    used 3434K, capacity 3579K, committed 3660K, reserved 1048576K
2015-09-09T14:57:51.978+0200: 38.849: [GC (Allocation Failure) 38.849: [ParNew
Desired survivor size 20112992 bytes, new threshold 8 (max 8)
- age   1:    2680696 bytes,    2680696 total
- age   2:    1580048 bytes,    4260744 total
- age   3:    5525800 bytes,    9786544 total
- age   4:    2498680 bytes,   12285224 total
- age   5:    1734720 bytes,   14019944 total
- age   6:    2433000 bytes,   16452944 total
- age   7:     994984 bytes,   17447928 total
- age   8:    1233464 bytes,   18681392 total
: 109248K->21824K(109248K), 0.0122456 secs] 230138K->145935K(502464K), 0.0123013 secs] [Times: user=0.06 sys=0.00, real=0.01 secs] 
Heap after GC invocations=31 (full 1):
 par new generation   total 109248K, used 21824K [0x00000000e0000000, 0x00000000e8000000, 0x00000000e8000000)
  eden space 87424K,   0% used [0x00000000e0000000, 0x00000000e0000000, 0x00000000e5560000)
  from space 21824K, 100% used [0x00000000e6ab0000, 0x00000000e8000000, 0x00000000e8000000)
  to   space 21824K,   0% used [0x00000000e5560000, 0x00000000e5560000, 0x00000000e6ab0000)
 concurrent mark-sweep generation total 393216K, used 124111K [0x00000000e8000000, 0x0000000100000000, 0x0000000100000000)
 Metaspace       used 28796K, capacity 29158K, committed 29516K, reserved 1075200K
  class space    used 3434K, capacity 3579K, committed 3660K, reserved 1048576K
}
2015-09-09T14:57:51.990+0200: 38.862: Total time for which application threads were stopped: 0.0124671 seconds, Stopping threads took: 0.0000131 seconds
{Heap before GC invocations=31 (full 1):
 par new generation   total 109248K, used 109248K [0x00000000e0000000, 0x00000000e8000000, 0x00000000e8000000)
  eden space 87424K, 100% used [0x00000000e0000000, 0x00000000e5560000, 0x00000000e5560000)
  from space 21824K, 100% used [0x00000000e6ab0000, 0x00000000e8000000, 0x00000000e8000000)
  to   space 21824K,   0% used [0x00000000e5560000, 0x00000000e5560000, 0x00000000e6ab0000)
 concurrent mark-sweep generation total 393216K, used 124111K [0x00000000e8000000, 0x0000000100000000, 0x0000000100000000)
 Metaspace       used 28796K, capacity 29158K, committed 29516K, reserved 1075200K
  class space    used 3434K, capacity 3579K, committed 3660K, reserved 1048576K
2015-09-09T14:57:52.262+0200: 39.134: [GC (Allocation Failure) 39.134: [ParNew
Desired survivor size 20112992 bytes, new threshold 8 (max 8)
- age   1:    9240056 bytes,    9240056 total
- age   2:    2519608 bytes,   11759664 total
- age   3:    1372560 bytes,   13132224 total
- age   4:    1261232 bytes,   14393456 total
- age   5:    1193608 bytes,   15587064 total
- age   6:    1624952 bytes,   17212016 total
- age   7:    2320056 bytes,   19532072 total
- age   8:     948200 bytes,   20480272 total
: 109248K->21824K(109248K), 0.0127724 secs] 233359K->158179K(502464K), 0.0128178 secs] [Times: user=0.06 sys=0.00, real=0.01 secs] 
Heap after GC invocations=32 (full 1):
 par new generation   total 109248K, used 21824K [0x00000000e0000000, 0x00000000e8000000, 0x00000000e8000000)
  eden space 87424K,   0% used [0x00000000e0000000, 0x00000000e0000000, 0x00000000e5560000)
  from space 21824K, 100% used [0x00000000e5560000, 0x00000000e6ab0000, 0x00000000e6ab0000)
  to   space 21824K,   0% used [0x00000000e6ab0000, 0x00000000e6ab0000, 0x00000000e8000000)
 concurrent mark-sweep generation total 393216K, used 136355K [0x00000000e8000000, 0x0000000100000000, 0x0000000100000000)
 Metaspace       used 28796K, capacity 29158K, committed 29516K, reserved 1075200K
  class space    used 3434K, capacity 3579K, committed 3660K, reserved 1048576K
}
2015-09-09T14:57:52.275+0200: 39.147: Total time for which application threads were stopped: 0.0129516 seconds, Stopping threads took: 0.0000131 seconds
{Heap before GC invocations=32 (full 1):
 par new generation   total 109248K, used 109248K [0x00000000e0000000, 0x00000000e8000000, 0x00000000e8000000)
  eden space 87424K, 100% used [0x00000000e0000000, 0x00000000e5560000, 0x00000000e5560000)
  from space 21824K, 100% used [0x00000000e5560000, 0x00000000e6ab0000, 0x00000000e6ab0000)
  to   space 21824K,   0% used [0x00000000e6ab0000, 0x00000000e6ab0000, 0x00000000e8000000)
 concurrent mark-sweep generation total 393216K, used 136355K [0x00000000e8000000, 0x0000000100000000, 0x0000000100000000)
 Metaspace       used 28800K, capacity 29158K, committed 29516K, reserved 1075200K
  class space    used 3434K, capacity 3579K, committed 3660K, reserved 1048576K
2015-09-09T14:57:52.574+0200: 39.445: [GC (Allocation Failure) 39.445: [ParNew
Desired survivor size 20112992 bytes, new threshold 8 (max 8)
- age   1:    1734544 bytes,    1734544 total
- age   2:    9078344 bytes,   10812888 total
- age   3:    2355664 bytes,   13168552 total
- age   4:    1178616 bytes,   14347168 total
- age   5:    1043784 bytes,   15390952 total
- age   6:     959448 bytes,   16350400 total
- age   7:    1509184 bytes,   17859584 total
- age   8:    2245904 bytes,   20105488 total
: 109248K->21824K(109248K), 0.0110191 secs] 245603K->161403K(502464K), 0.0110649 secs] [Times: user=0.06 sys=0.00, real=0.01 secs] 
Heap after GC invocations=33 (full 1):
 par new generation   total 109248K, used 21824K [0x00000000e0000000, 0x00000000e8000000, 0x00000000e8000000)
  eden space 87424K,   0% used [0x00000000e0000000, 0x00000000e0000000, 0x00000000e5560000)
  from space 21824K, 100% used [0x00000000e6ab0000, 0x00000000e8000000, 0x00000000e8000000)
  to   space 21824K,   0% used [0x00000000e5560000, 0x00000000e5560000, 0x00000000e6ab0000)
 concurrent mark-sweep generation total 393216K, used 139579K [0x00000000e8000000, 0x0000000100000000, 0x0000000100000000)
 Metaspace       used 28800K, capacity 29158K, committed 29516K, reserved 1075200K
  class space    used 3434K, capacity 3579K, committed 3660K, reserved 1048576K
}
2015-09-09T14:57:52.585+0200: 39.456: Total time for which application threads were stopped: 0.0112015 seconds, Stopping threads took: 0.0000128 seconds
{Heap before GC invocations=33 (full 1):
 par new generation   total 109248K, used 109248K [0x00000000e0000000, 0x00000000e8000000, 0x00000000e8000000)
  eden space 87424K, 100% used [0x00000000e0000000, 0x00000000e5560000, 0x00000000e5560000)
  from space 21824K, 100% used [0x00000000e6ab0000, 0x00000000e8000000, 0x00000000e8000000)
  to   space 21824K,   0% used [0x00000000e5560000, 0x00000000e5560000, 0x00000000e6ab0000)
 concurrent mark-sweep generation total 393216K, used 139579K [0x00000000e8000000, 0x0000000100000000, 0x0000000100000000)
 Metaspace       used 28802K, capacity 29158K, committed 29516K, reserved 1075200K
  class space    used 3434K, capacity 3579K, committed 3660K, reserved 1048576K
2015-09-09T14:57:52.884+0200: 39.755: [GC (Allocation Failure) 39.755: [ParNew
Desired survivor size 20112992 bytes, new threshold 8 (max 8)
- age   1:    2731224 bytes,    2731224 total
- age   2:    1727000 bytes,    4458224 total
- age   3:    8029592 bytes,   12487816 total
- age   4:    2355504 bytes,   14843320 total
- age   5:    1154392 bytes,   15997712 total
- age   6:    1043672 bytes,   17041384 total
- age   7:     959416 bytes,   18000800 total
- age   8:    1509168 bytes,   19509968 total
: 109248K->21824K(109248K), 0.0112085 secs] 248827K->164655K(502464K), 0.0112556 secs] [Times: user=0.06 sys=0.00, real=0.01 secs] 
Heap after GC invocations=34 (full 1):
 par new generation   total 109248K, used 21824K [0x00000000e0000000, 0x00000000e8000000, 0x00000000e8000000)
  eden space 87424K,   0% used [0x00000000e0000000, 0x00000000e0000000, 0x00000000e5560000)
  from space 21824K, 100% used [0x00000000e5560000, 0x00000000e6ab0000, 0x00000000e6ab0000)
  to   space 21824K,   0% used [0x00000000e6ab0000, 0x00000000e6ab0000, 0x00000000e8000000)
 concurrent mark-sweep generation total 393216K, used 142831K [0x00000000e8000000, 0x0000000100000000, 0x0000000100000000)
 Metaspace       used 28802K, capacity 29158K, committed 29516K, reserved 1075200K
  class space    used 3434K, capacity 3579K, committed 3660K, reserved 1048576K
}
2015-09-09T14:57:52.895+0200: 39.766: Total time for which application threads were stopped: 0.0113970 seconds, Stopping threads took: 0.0000147 seconds
{Heap before GC invocations=34 (full 1):
 par new generation   total 109248K, used 109248K [0x00000000e0000000, 0x00000000e8000000, 0x00000000e8000000)
  eden space 87424K, 100% used [0x00000000e0000000, 0x00000000e5560000, 0x00000000e5560000)
  from space 21824K, 100% used [0x00000000e5560000, 0x00000000e6ab0000, 0x00000000e6ab0000)
  to   space 21824K,   0% used [0x00000000e6ab0000, 0x00000000e6ab0000, 0x00000000e8000000)
 concurrent mark-sweep generation total 393216K, used 142831K [0x00000000e8000000, 0x0000000100000000, 0x0000000100000000)
 Metaspace       used 28804K, capacity 29158K, committed 29516K, reserved 1075200K
  class space    used 3434K, capacity 3579K, committed 3660K, reserved 1048576K
2015-09-09T14:57:53.172+0200: 40.042: [GC (Allocation Failure) 40.042: [ParNew
Desired survivor size 20112992 bytes, new threshold 7 (max 8)
- age   1:    8361384 bytes,    8361384 total
- age   2:    1762528 bytes,   10123912 total
- age   3:    1536144 bytes,   11660056 total
- age   4:    5581088 bytes,   17241144 total
- age   5:    1454872 bytes,   18696016 total
- age   6:    1052496 bytes,   19748512 total
- age   7:     951448 bytes,   20699960 total
- age   8:     891296 bytes,   21591256 total
: 109248K->21824K(109248K), 0.0111609 secs] 252079K->168068K(502464K), 0.0112079 secs] [Times: user=0.00 sys=0.00, real=0.01 secs] 
Heap after GC invocations=35 (full 1):
 par new generation   total 109248K, used 21824K [0x00000000e0000000, 0x00000000e8000000, 0x00000000e8000000)
  eden space 87424K,   0% used [0x00000000e0000000, 0x00000000e0000000, 0x00000000e5560000)
  from space 21824K, 100% used [0x00000000e6ab0000, 0x00000000e8000000, 0x00000000e8000000)
  to   space 21824K,   0% used [0x00000000e5560000, 0x00000000e5560000, 0x00000000e6ab0000)
 concurrent mark-sweep generation total 393216K, used 146244K [0x00000000e8000000, 0x0000000100000000, 0x0000000100000000)
 Metaspace       used 28804K, capacity 29158K, committed 29516K, reserved 1075200K
  class space    used 3434K, capacity 3579K, committed 3660K, reserved 1048576K
}
2015-09-09T14:57:53.183+0200: 40.053: Total time for which application threads were stopped: 0.0113621 seconds, Stopping threads took: 0.0000131 seconds
{Heap before GC invocations=35 (full 1):
 par new generation   total 109248K, used 109248K [0x00000000e0000000, 0x00000000e8000000, 0x00000000e8000000)
  eden space 87424K, 100% used [0x00000000e0000000, 0x00000000e5560000, 0x00000000e5560000)
  from space 21824K, 100% used [0x00000000e6ab0000, 0x00000000e8000000, 0x00000000e8000000)
  to   space 21824K,   0% used [0x00000000e5560000, 0x00000000e5560000, 0x00000000e6ab0000)
 concurrent mark-sweep generation total 393216K, used 146244K [0x00000000e8000000, 0x0000000100000000, 0x0000000100000000)
 Metaspace       used 28805K, capacity 29158K, committed 29516K, reserved 1075200K
  class space    used 3434K, capacity 3579K, committed 3660K, reserved 1048576K
2015-09-09T14:57:53.448+0200: 40.319: [GC (Allocation Failure) 40.319: [ParNew
Desired survivor size 20112992 bytes, new threshold 7 (max 8)
- age   1:    2992896 bytes,    2992896 total
- age   2:    7897504 bytes,   10890400 total
- age   3:    1761088 bytes,   12651488 total
- age   4:    1534528 bytes,   14186016 total
- age   5:    4202624 bytes,   18388640 total
- age   6:    1453544 bytes,   19842184 total
- age   7:    1050984 bytes,   20893168 total
: 109248K->21824K(109248K), 0.0116281 secs] 255492K->181700K(502464K), 0.0116767 secs] [Times: user=0.06 sys=0.00, real=0.01 secs] 
Heap after GC invocations=36 (full 1):
 par new generation   total 109248K, used 21824K [0x00000000e0000000, 0x00000000e8000000, 0x00000000e8000000)
  eden space 87424K,   0% used [0x00000000e0000000, 0x00000000e0000000, 0x00000000e5560000)
  from space 21824K, 100% used [0x00000000e5560000, 0x00000000e6ab0000, 0x00000000e6ab0000)
  to   space 21824K,   0% used [0x00000000e6ab0000, 0x00000000e6ab0000, 0x00000000e8000000)
 concurrent mark-sweep generation total 393216K, used 159876K [0x00000000e8000000, 0x0000000100000000, 0x0000000100000000)
 Metaspace       used 28805K, capacity 29158K, committed 29516K, reserved 1075200K
  class space    used 3434K, capacity 3579K, committed 3660K, reserved 1048576K
}
2015-09-09T14:57:53.460+0200: 40.330: Total time for which application threads were stopped: 0.0118133 seconds, Stopping threads took: 0.0000131 seconds
{Heap before GC invocations=36 (full 1):
 par new generation   total 109248K, used 109248K [0x00000000e0000000, 0x00000000e8000000, 0x00000000e8000000)
  eden space 87424K, 100% used [0x00000000e0000000, 0x00000000e5560000, 0x00000000e5560000)
  from space 21824K, 100% used [0x00000000e5560000, 0x00000000e6ab0000, 0x00000000e6ab0000)
  to   space 21824K,   0% used [0x00000000e6ab0000, 0x00000000e6ab0000, 0x00000000e8000000)
 concurrent mark-sweep generation total 393216K, used 159876K [0x00000000e8000000, 0x0000000100000000, 0x0000000100000000)
 Metaspace       used 28805K, capacity 29158K, committed 29516K, reserved 1075200K
  class space    used 3434K, capacity 3579K, committed 3660K, reserved 1048576K
2015-09-09T14:57:53.760+0200: 40.631: [GC (Allocation Failure) 40.631: [ParNew
Desired survivor size 20112992 bytes, new threshold 8 (max 8)
- age   1:    2107400 bytes,    2107400 total
- age   2:    2817928 bytes,    4925328 total
- age   3:    4913048 bytes,    9838376 total
- age   4:    1583536 bytes,   11421912 total
- age   5:    1033864 bytes,   12455776 total
- age   6:    3223048 bytes,   15678824 total
- age   7:    1274200 bytes,   16953024 total
: 109248K->21824K(109248K), 0.0113429 secs] 269124K->188229K(502464K), 0.0113871 secs] [Times: user=0.06 sys=0.00, real=0.01 secs] 
Heap after GC invocations=37 (full 1):
 par new generation   total 109248K, used 21824K [0x00000000e0000000, 0x00000000e8000000, 0x00000000e8000000)
  eden space 87424K,   0% used [0x00000000e0000000, 0x00000000e0000000, 0x00000000e5560000)
  from space 21824K, 100% used [0x00000000e6ab0000, 0x00000000e8000000, 0x00000000e8000000)
  to   space 21824K,   0% used [0x00000000e5560000, 0x00000000e5560000, 0x00000000e6ab0000)
 concurrent mark-sweep generation total 393216K, used 166405K [0x00000000e8000000, 0x0000000100000000, 0x0000000100000000)
 Metaspace       used 28805K, capacity 29158K, committed 29516K, reserved 1075200K
  class space    used 3434K, capacity 3579K, committed 3660K, reserved 1048576K
}
2015-09-09T14:57:53.772+0200: 40.642: Total time for which application threads were stopped: 0.0115343 seconds, Stopping threads took: 0.0000131 seconds
{Heap before GC invocations=37 (full 1):
 par new generation   total 109248K, used 109248K [0x00000000e0000000, 0x00000000e8000000, 0x00000000e8000000)
  eden space 87424K, 100% used [0x00000000e0000000, 0x00000000e5560000, 0x00000000e5560000)
  from space 21824K, 100% used [0x00000000e6ab0000, 0x00000000e8000000, 0x00000000e8000000)
  to   space 21824K,   0% used [0x00000000e5560000, 0x00000000e5560000, 0x00000000e6ab0000)
 concurrent mark-sweep generation total 393216K, used 166405K [0x00000000e8000000, 0x0000000100000000, 0x0000000100000000)
 Metaspace       used 28805K, capacity 29158K, committed 29516K, reserved 1075200K
  class space    used 3434K, capacity 3579K, committed 3660K, reserved 1048576K
2015-09-09T14:57:54.077+0200: 40.947: [GC (Allocation Failure) 40.947: [ParNew
Desired survivor size 20112992 bytes, new threshold 8 (max 8)
- age   1:    2681584 bytes,    2681584 total
- age   2:    2104544 bytes,    4786128 total
- age   3:    2817928 bytes,    7604056 total
- age   4:    4908944 bytes,   12513000 total
- age   5:    1583536 bytes,   14096536 total
- age   6:    1033864 bytes,   15130400 total
- age   7:    3223048 bytes,   18353448 total
- age   8:    1274200 bytes,   19627648 total
: 109248K->21824K(109248K), 0.0096543 secs] 275653K->188229K(502464K), 0.0097001 secs] [Times: user=0.00 sys=0.00, real=0.01 secs] 
Heap after GC invocations=38 (full 1):
 par new generation   total 109248K, used 21824K [0x00000000e0000000, 0x00000000e8000000, 0x00000000e8000000)
  eden space 87424K,   0% used [0x00000000e0000000, 0x00000000e0000000, 0x00000000e5560000)
  from space 21824K, 100% used [0x00000000e5560000, 0x00000000e6ab0000, 0x00000000e6ab0000)
  to   space 21824K,   0% used [0x00000000e6ab0000, 0x00000000e6ab0000, 0x00000000e8000000)
 concurrent mark-sweep generation total 393216K, used 166405K [0x00000000e8000000, 0x0000000100000000, 0x0000000100000000)
 Metaspace       used 28805K, capacity 29158K, committed 29516K, reserved 1075200K
  class space    used 3434K, capacity 3579K, committed 3660K, reserved 1048576K
}
2015-09-09T14:57:54.086+0200: 40.957: Total time for which application threads were stopped: 0.0098617 seconds, Stopping threads took: 0.0000250 seconds
{Heap before GC invocations=38 (full 1):
 par new generation   total 109248K, used 109248K [0x00000000e0000000, 0x00000000e8000000, 0x00000000e8000000)
  eden space 87424K, 100% used [0x00000000e0000000, 0x00000000e5560000, 0x00000000e5560000)
  from space 21824K, 100% used [0x00000000e5560000, 0x00000000e6ab0000, 0x00000000e6ab0000)
  to   space 21824K,   0% used [0x00000000e6ab0000, 0x00000000e6ab0000, 0x00000000e8000000)
 concurrent mark-sweep generation total 393216K, used 166405K [0x00000000e8000000, 0x0000000100000000, 0x0000000100000000)
 Metaspace       used 28805K, capacity 29158K, committed 29516K, reserved 1075200K
  class space    used 3434K, capacity 3579K, committed 3660K, reserved 1048576K
2015-09-09T14:57:54.368+0200: 41.239: [GC (Allocation Failure) 41.239: [ParNew
Desired survivor size 20112992 bytes, new threshold 8 (max 8)
- age   1:    6704632 bytes,    6704632 total
- age   2:    1403680 bytes,    8108312 total
- age   3:     889440 bytes,    8997752 total
- age   4:    2652744 bytes,   11650496 total
- age   5:    2773808 bytes,   14424304 total
- age   6:    1386064 bytes,   15810368 total
- age   7:     934824 bytes,   16745192 total
- age   8:    3222664 bytes,   19967856 total
: 109248K->21824K(109248K), 0.0110345 secs] 275653K->194544K(502464K), 0.0110793 secs] [Times: user=0.06 sys=0.00, real=0.01 secs] 
Heap after GC invocations=39 (full 1):
 par new generation   total 109248K, used 21824K [0x00000000e0000000, 0x00000000e8000000, 0x00000000e8000000)
  eden space 87424K,   0% used [0x00000000e0000000, 0x00000000e0000000, 0x00000000e5560000)
  from space 21824K, 100% used [0x00000000e6ab0000, 0x00000000e8000000, 0x00000000e8000000)
  to   space 21824K,   0% used [0x00000000e5560000, 0x00000000e5560000, 0x00000000e6ab0000)
 concurrent mark-sweep generation total 393216K, used 172720K [0x00000000e8000000, 0x0000000100000000, 0x0000000100000000)
 Metaspace       used 28805K, capacity 29158K, committed 29516K, reserved 1075200K
  class space    used 3434K, capacity 3579K, committed 3660K, reserved 1048576K
}
2015-09-09T14:57:54.379+0200: 41.250: Total time for which application threads were stopped: 0.0112175 seconds, Stopping threads took: 0.0000134 seconds
{Heap before GC invocations=39 (full 1):
 par new generation   total 109248K, used 109248K [0x00000000e0000000, 0x00000000e8000000, 0x00000000e8000000)
  eden space 87424K, 100% used [0x00000000e0000000, 0x00000000e5560000, 0x00000000e5560000)
  from space 21824K, 100% used [0x00000000e6ab0000, 0x00000000e8000000, 0x00000000e8000000)
  to   space 21824K,   0% used [0x00000000e5560000, 0x00000000e5560000, 0x00000000e6ab0000)
 concurrent mark-sweep generation total 393216K, used 172720K [0x00000000e8000000, 0x0000000100000000, 0x0000000100000000)
 Metaspace       used 28805K, capacity 29158K, committed 29516K, reserved 1075200K
  class space    used 3434K, capacity 3579K, committed 3660K, reserved 1048576K
2015-09-09T14:57:54.641+0200: 41.512: [GC (Allocation Failure) 41.512: [ParNew
Desired survivor size 20112992 bytes, new threshold 8 (max 8)
- age   1:    4905184 bytes,    4905184 total
- age   2:    6578136 bytes,   11483320 total
- age   3:    1292536 bytes,   12775856 total
- age   4:     774416 bytes,   13550272 total
- age   5:    1070136 bytes,   14620408 total
- age   6:    1841344 bytes,   16461752 total
- age   7:    1383392 bytes,   17845144 total
- age   8:     930560 bytes,   18775704 total
: 109248K->21824K(109248K), 0.0164181 secs] 281968K->208464K(502464K), 0.0164667 secs] [Times: user=0.06 sys=0.00, real=0.02 secs] 
Heap after GC invocations=40 (full 1):
 par new generation   total 109248K, used 21824K [0x00000000e0000000, 0x00000000e8000000, 0x00000000e8000000)
  eden space 87424K,   0% used [0x00000000e0000000, 0x00000000e0000000, 0x00000000e5560000)
  from space 21824K, 100% used [0x00000000e5560000, 0x00000000e6ab0000, 0x00000000e6ab0000)
  to   space 21824K,   0% used [0x00000000e6ab0000, 0x00000000e6ab0000, 0x00000000e8000000)
 concurrent mark-sweep generation total 393216K, used 186640K [0x00000000e8000000, 0x0000000100000000, 0x0000000100000000)
 Metaspace       used 28805K, capacity 29158K, committed 29516K, reserved 1075200K
  class space    used 3434K, capacity 3579K, committed 3660K, reserved 1048576K
}
2015-09-09T14:57:54.657+0200: 41.528: Total time for which application threads were stopped: 0.0166037 seconds, Stopping threads took: 0.0000134 seconds
2015-09-09T14:57:54.861+0200: 41.732: Total time for which application threads were stopped: 0.0000720 seconds, Stopping threads took: 0.0000131 seconds
2015-09-09T14:57:55.861+0200: 42.731: Total time for which application threads were stopped: 0.0001130 seconds, Stopping threads took: 0.0000358 seconds
2015-09-09T14:57:55.925+0200: 42.796: Total time for which application threads were stopped: 0.0003411 seconds, Stopping threads took: 0.0000243 seconds
{Heap before GC invocations=40 (full 1):
 par new generation   total 109248K, used 109232K [0x00000000e0000000, 0x00000000e8000000, 0x00000000e8000000)
  eden space 87424K,  99% used [0x00000000e0000000, 0x00000000e555c3d0, 0x00000000e5560000)
  from space 21824K, 100% used [0x00000000e5560000, 0x00000000e6ab0000, 0x00000000e6ab0000)
  to   space 21824K,   0% used [0x00000000e6ab0000, 0x00000000e6ab0000, 0x00000000e8000000)
 concurrent mark-sweep generation total 393216K, used 186640K [0x00000000e8000000, 0x0000000100000000, 0x0000000100000000)
 Metaspace       used 29219K, capacity 29574K, committed 29772K, reserved 1075200K
  class space    used 3468K, capacity 3611K, committed 3660K, reserved 1048576K
2015-09-09T14:57:56.208+0200: 43.079: [GC (Allocation Failure) 43.079: [ParNew
Desired survivor size 20112992 bytes, new threshold 8 (max 8)
- age   1:    4369432 bytes,    4369432 total
- age   2:    4746744 bytes,    9116176 total
- age   3:    3832544 bytes,   12948720 total
- age   4:    1182328 bytes,   14131048 total
- age   5:     655360 bytes,   14786408 total
- age   6:     990104 bytes,   15776512 total
- age   7:    1775456 bytes,   17551968 total
- age   8:    1311920 bytes,   18863888 total
: 109232K->21824K(109248K), 0.0155922 secs] 295873K->213451K(502464K), 0.0156411 secs] [Times: user=0.06 sys=0.00, real=0.02 secs] 
Heap after GC invocations=41 (full 1):
 par new generation   total 109248K, used 21824K [0x00000000e0000000, 0x00000000e8000000, 0x00000000e8000000)
  eden space 87424K,   0% used [0x00000000e0000000, 0x00000000e0000000, 0x00000000e5560000)
  from space 21824K, 100% used [0x00000000e6ab0000, 0x00000000e8000000, 0x00000000e8000000)
  to   space 21824K,   0% used [0x00000000e5560000, 0x00000000e5560000, 0x00000000e6ab0000)
 concurrent mark-sweep generation total 393216K, used 191627K [0x00000000e8000000, 0x0000000100000000, 0x0000000100000000)
 Metaspace       used 29219K, capacity 29574K, committed 29772K, reserved 1075200K
  class space    used 3468K, capacity 3611K, committed 3660K, reserved 1048576K
}
2015-09-09T14:57:56.224+0200: 43.094: Total time for which application threads were stopped: 0.0158245 seconds, Stopping threads took: 0.0000147 seconds
{Heap before GC invocations=41 (full 1):
 par new generation   total 109248K, used 109248K [0x00000000e0000000, 0x00000000e8000000, 0x00000000e8000000)
  eden space 87424K, 100% used [0x00000000e0000000, 0x00000000e5560000, 0x00000000e5560000)
  from space 21824K, 100% used [0x00000000e6ab0000, 0x00000000e8000000, 0x00000000e8000000)
  to   space 21824K,   0% used [0x00000000e5560000, 0x00000000e5560000, 0x00000000e6ab0000)
 concurrent mark-sweep generation total 393216K, used 191627K [0x00000000e8000000, 0x0000000100000000, 0x0000000100000000)
 Metaspace       used 29231K, capacity 29574K, committed 29772K, reserved 1075200K
  class space    used 3468K, capacity 3611K, committed 3660K, reserved 1048576K
2015-09-09T14:57:56.367+0200: 43.238: [GC (Allocation Failure) 43.238: [ParNew
Desired survivor size 20112992 bytes, new threshold 8 (max 8)
- age   1:      97040 bytes,      97040 total
- age   2:    4211056 bytes,    4308096 total
- age   3:    4745768 bytes,    9053864 total
- age   4:    3831056 bytes,   12884920 total
- age   5:    1181080 bytes,   14066000 total
- age   6:     654160 bytes,   14720160 total
- age   7:     989480 bytes,   15709640 total
- age   8:    1774848 bytes,   17484488 total
: 109248K->21824K(109248K), 0.0123653 secs] 300875K->214762K(502464K), 0.0124197 secs] [Times: user=0.06 sys=0.00, real=0.01 secs] 
Heap after GC invocations=42 (full 1):
 par new generation   total 109248K, used 21824K [0x00000000e0000000, 0x00000000e8000000, 0x00000000e8000000)
  eden space 87424K,   0% used [0x00000000e0000000, 0x00000000e0000000, 0x00000000e5560000)
  from space 21824K, 100% used [0x00000000e5560000, 0x00000000e6ab0000, 0x00000000e6ab0000)
  to   space 21824K,   0% used [0x00000000e6ab0000, 0x00000000e6ab0000, 0x00000000e8000000)
 concurrent mark-sweep generation total 393216K, used 192938K [0x00000000e8000000, 0x0000000100000000, 0x0000000100000000)
 Metaspace       used 29231K, capacity 29574K, committed 29772K, reserved 1075200K
  class space    used 3468K, capacity 3611K, committed 3660K, reserved 1048576K
}
2015-09-09T14:57:56.380+0200: 43.251: Total time for which application threads were stopped: 0.0125855 seconds, Stopping threads took: 0.0000160 seconds
{Heap before GC invocations=42 (full 1):
 par new generation   total 109248K, used 109248K [0x00000000e0000000, 0x00000000e8000000, 0x00000000e8000000)
  eden space 87424K, 100% used [0x00000000e0000000, 0x00000000e5560000, 0x00000000e5560000)
  from space 21824K, 100% used [0x00000000e5560000, 0x00000000e6ab0000, 0x00000000e6ab0000)
  to   space 21824K,   0% used [0x00000000e6ab0000, 0x00000000e6ab0000, 0x00000000e8000000)
 concurrent mark-sweep generation total 393216K, used 192938K [0x00000000e8000000, 0x0000000100000000, 0x0000000100000000)
 Metaspace       used 29231K, capacity 29574K, committed 29772K, reserved 1075200K
  class space    used 3468K, capacity 3611K, committed 3660K, reserved 1048576K
2015-09-09T14:57:56.511+0200: 43.382: [GC (Allocation Failure) 43.382: [ParNew
Desired survivor size 20112992 bytes, new threshold 8 (max 8)
- age   1:      87696 bytes,      87696 total
- age   2:      29456 bytes,     117152 total
- age   3:    4209440 bytes,    4326592 total
- age   4:    4745768 bytes,    9072360 total
- age   5:    3831056 bytes,   12903416 total
- age   6:    1181080 bytes,   14084496 total
- age   7:     654160 bytes,   14738656 total
- age   8:     989480 bytes,   15728136 total
: 109248K->21824K(109248K), 0.0105695 secs] 302186K->216517K(502464K), 0.0106348 secs] [Times: user=0.00 sys=0.00, real=0.01 secs] 
Heap after GC invocations=43 (full 1):
 par new generation   total 109248K, used 21824K [0x00000000e0000000, 0x00000000e8000000, 0x00000000e8000000)
  eden space 87424K,   0% used [0x00000000e0000000, 0x00000000e0000000, 0x00000000e5560000)
  from space 21824K, 100% used [0x00000000e6ab0000, 0x00000000e8000000, 0x00000000e8000000)
  to   space 21824K,   0% used [0x00000000e5560000, 0x00000000e5560000, 0x00000000e6ab0000)
 concurrent mark-sweep generation total 393216K, used 194693K [0x00000000e8000000, 0x0000000100000000, 0x0000000100000000)
 Metaspace       used 29231K, capacity 29574K, committed 29772K, reserved 1075200K
  class space    used 3468K, capacity 3611K, committed 3660K, reserved 1048576K
}
2015-09-09T14:57:56.522+0200: 43.393: Total time for which application threads were stopped: 0.0108092 seconds, Stopping threads took: 0.0000202 seconds
{Heap before GC invocations=43 (full 1):
 par new generation   total 109248K, used 109248K [0x00000000e0000000, 0x00000000e8000000, 0x00000000e8000000)
  eden space 87424K, 100% used [0x00000000e0000000, 0x00000000e5560000, 0x00000000e5560000)
  from space 21824K, 100% used [0x00000000e6ab0000, 0x00000000e8000000, 0x00000000e8000000)
  to   space 21824K,   0% used [0x00000000e5560000, 0x00000000e5560000, 0x00000000e6ab0000)
 concurrent mark-sweep generation total 393216K, used 194693K [0x00000000e8000000, 0x0000000100000000, 0x0000000100000000)
 Metaspace       used 29231K, capacity 29574K, committed 29772K, reserved 1075200K
  class space    used 3468K, capacity 3611K, committed 3660K, reserved 1048576K
2015-09-09T14:57:56.675+0200: 43.546: [GC (Allocation Failure) 43.546: [ParNew
Desired survivor size 20112992 bytes, new threshold 8 (max 8)
- age   1:      85336 bytes,      85336 total
- age   2:      27992 bytes,     113328 total
- age   3:      29456 bytes,     142784 total
- age   4:    4209384 bytes,    4352168 total
- age   5:    4745768 bytes,    9097936 total
- age   6:    3831056 bytes,   12928992 total
- age   7:    1181080 bytes,   14110072 total
- age   8:     654160 bytes,   14764232 total
: 109248K->19758K(109248K), 0.0091919 secs] 303941K->215439K(502464K), 0.0092380 secs] [Times: user=0.06 sys=0.00, real=0.01 secs] 
Heap after GC invocations=44 (full 1):
 par new generation   total 109248K, used 19758K [0x00000000e0000000, 0x00000000e8000000, 0x00000000e8000000)
  eden space 87424K,   0% used [0x00000000e0000000, 0x00000000e0000000, 0x00000000e5560000)
  from space 21824K,  90% used [0x00000000e5560000, 0x00000000e68ab9a8, 0x00000000e6ab0000)
  to   space 21824K,   0% used [0x00000000e6ab0000, 0x00000000e6ab0000, 0x00000000e8000000)
 concurrent mark-sweep generation total 393216K, used 195680K [0x00000000e8000000, 0x0000000100000000, 0x0000000100000000)
 Metaspace       used 29231K, capacity 29574K, committed 29772K, reserved 1075200K
  class space    used 3468K, capacity 3611K, committed 3660K, reserved 1048576K
}
2015-09-09T14:57:56.684+0200: 43.555: Total time for which application threads were stopped: 0.0093961 seconds, Stopping threads took: 0.0000144 seconds
2015-09-09T14:57:56.732+0200: 43.603: Total time for which application threads were stopped: 0.0000960 seconds, Stopping threads took: 0.0000157 seconds
{Heap before GC invocations=44 (full 1):
 par new generation   total 109248K, used 107182K [0x00000000e0000000, 0x00000000e8000000, 0x00000000e8000000)
  eden space 87424K, 100% used [0x00000000e0000000, 0x00000000e5560000, 0x00000000e5560000)
  from space 21824K,  90% used [0x00000000e5560000, 0x00000000e68ab9a8, 0x00000000e6ab0000)
  to   space 21824K,   0% used [0x00000000e6ab0000, 0x00000000e6ab0000, 0x00000000e8000000)
 concurrent mark-sweep generation total 393216K, used 195680K [0x00000000e8000000, 0x0000000100000000, 0x0000000100000000)
 Metaspace       used 29235K, capacity 29574K, committed 29772K, reserved 1075200K
  class space    used 3468K, capacity 3611K, committed 3660K, reserved 1048576K
2015-09-09T14:57:56.893+0200: 43.764: [GC (Allocation Failure) 43.764: [ParNew
Desired survivor size 20112992 bytes, new threshold 8 (max 8)
- age   1:      87248 bytes,      87248 total
- age   2:       4008 bytes,      91256 total
- age   4:       3040 bytes,      94296 total
- age   5:    4188824 bytes,    4283120 total
- age   6:    4745768 bytes,    9028888 total
- age   7:    3831056 bytes,   12859944 total
- age   8:    1181080 bytes,   14041024 total
: 107182K->15781K(109248K), 0.0366029 secs] 302863K->212124K(502464K), 0.0366499 secs] [Times: user=0.12 sys=0.00, real=0.04 secs] 
Heap after GC invocations=45 (full 1):
 par new generation   total 109248K, used 15781K [0x00000000e0000000, 0x00000000e8000000, 0x00000000e8000000)
  eden space 87424K,   0% used [0x00000000e0000000, 0x00000000e0000000, 0x00000000e5560000)
  from space 21824K,  72% used [0x00000000e6ab0000, 0x00000000e7a19480, 0x00000000e8000000)
  to   space 21824K,   0% used [0x00000000e5560000, 0x00000000e5560000, 0x00000000e6ab0000)
 concurrent mark-sweep generation total 393216K, used 196343K [0x00000000e8000000, 0x0000000100000000, 0x0000000100000000)
 Metaspace       used 29235K, capacity 29574K, committed 29772K, reserved 1075200K
  class space    used 3468K, capacity 3611K, committed 3660K, reserved 1048576K
}
2015-09-09T14:57:56.930+0200: 43.801: Total time for which application threads were stopped: 0.0368128 seconds, Stopping threads took: 0.0000163 seconds
{Heap before GC invocations=45 (full 1):
 par new generation   total 109248K, used 103205K [0x00000000e0000000, 0x00000000e8000000, 0x00000000e8000000)
  eden space 87424K, 100% used [0x00000000e0000000, 0x00000000e5560000, 0x00000000e5560000)
  from space 21824K,  72% used [0x00000000e6ab0000, 0x00000000e7a19480, 0x00000000e8000000)
  to   space 21824K,   0% used [0x00000000e5560000, 0x00000000e5560000, 0x00000000e6ab0000)
 concurrent mark-sweep generation total 393216K, used 196343K [0x00000000e8000000, 0x0000000100000000, 0x0000000100000000)
 Metaspace       used 29236K, capacity 29574K, committed 29772K, reserved 1075200K
  class space    used 3468K, capacity 3611K, committed 3660K, reserved 1048576K
2015-09-09T14:57:57.027+0200: 43.898: [GC (Allocation Failure) 43.898: [ParNew
Desired survivor size 20112992 bytes, new threshold 8 (max 8)
- age   1:     177976 bytes,     177976 total
- age   2:       2376 bytes,     180352 total
- age   3:       4008 bytes,     184360 total
- age   5:       3040 bytes,     187400 total
- age   6:    4188824 bytes,    4376224 total
- age   7:    4745768 bytes,    9121992 total
- age   8:    3831056 bytes,   12953048 total
: 103205K->14109K(109248K), 0.0108053 secs] 299548K->211632K(502464K), 0.0108473 secs] [Times: user=0.00 sys=0.00, real=0.01 secs] 
Heap after GC invocations=46 (full 1):
 par new generation   total 109248K, used 14109K [0x00000000e0000000, 0x00000000e8000000, 0x00000000e8000000)
  eden space 87424K,   0% used [0x00000000e0000000, 0x00000000e0000000, 0x00000000e5560000)
  from space 21824K,  64% used [0x00000000e5560000, 0x00000000e6327698, 0x00000000e6ab0000)
  to   space 21824K,   0% used [0x00000000e6ab0000, 0x00000000e6ab0000, 0x00000000e8000000)
 concurrent mark-sweep generation total 393216K, used 197522K [0x00000000e8000000, 0x0000000100000000, 0x0000000100000000)
 Metaspace       used 29236K, capacity 29574K, committed 29772K, reserved 1075200K
  class space    used 3468K, capacity 3611K, committed 3660K, reserved 1048576K
}
2015-09-09T14:57:57.038+0200: 43.909: Total time for which application threads were stopped: 0.0110009 seconds, Stopping threads took: 0.0000157 seconds
2015-09-09T14:57:57.038+0200: 43.909: [GC (CMS Initial Mark) [1 CMS-initial-mark: 197522K(393216K)] 213372K(502464K), 0.0007728 secs] [Times: user=0.00 sys=0.00, real=0.00 secs] 
2015-09-09T14:57:57.039+0200: 43.910: Total time for which application threads were stopped: 0.0008714 seconds, Stopping threads took: 0.0000237 seconds
2015-09-09T14:57:57.039+0200: 43.910: [CMS-concurrent-mark-start]
2015-09-09T14:57:57.080+0200: 43.950: [CMS-concurrent-mark: 0.040/0.040 secs] [Times: user=0.17 sys=0.01, real=0.04 secs] 
2015-09-09T14:57:57.080+0200: 43.950: [CMS-concurrent-preclean-start]
2015-09-09T14:57:57.080+0200: 43.951: [CMS-concurrent-preclean: 0.001/0.001 secs] [Times: user=0.00 sys=0.00, real=0.00 secs] 
2015-09-09T14:57:57.080+0200: 43.951: [CMS-concurrent-abortable-preclean-start]
{Heap before GC invocations=46 (full 2):
 par new generation   total 109248K, used 101533K [0x00000000e0000000, 0x00000000e8000000, 0x00000000e8000000)
  eden space 87424K, 100% used [0x00000000e0000000, 0x00000000e5560000, 0x00000000e5560000)
  from space 21824K,  64% used [0x00000000e5560000, 0x00000000e6327698, 0x00000000e6ab0000)
  to   space 21824K,   0% used [0x00000000e6ab0000, 0x00000000e6ab0000, 0x00000000e8000000)
 concurrent mark-sweep generation total 393216K, used 197522K [0x00000000e8000000, 0x0000000100000000, 0x0000000100000000)
 Metaspace       used 29267K, capacity 29638K, committed 30028K, reserved 1075200K
  class space    used 3471K, capacity 3611K, committed 3660K, reserved 1048576K
2015-09-09T14:57:57.261+0200: 44.132: [GC (Allocation Failure) 44.132: [ParNew
Desired survivor size 20112992 bytes, new threshold 8 (max 8)
- age   1:     844288 bytes,     844288 total
- age   2:        120 bytes,     844408 total
- age   3:       1344 bytes,     845752 total
- age   4:       4008 bytes,     849760 total
- age   6:       3040 bytes,     852800 total
- age   7:    4085736 bytes,    4938536 total
- age   8:    4685144 bytes,    9623680 total
: 101533K->15513K(109248K), 0.0147922 secs] 299056K->216726K(502464K), 0.0148376 secs] [Times: user=0.06 sys=0.00, real=0.02 secs] 
Heap after GC invocations=47 (full 2):
 par new generation   total 109248K, used 15513K [0x00000000e0000000, 0x00000000e8000000, 0x00000000e8000000)
  eden space 87424K,   0% used [0x00000000e0000000, 0x00000000e0000000, 0x00000000e5560000)
  from space 21824K,  71% used [0x00000000e6ab0000, 0x00000000e79d6430, 0x00000000e8000000)
  to   space 21824K,   0% used [0x00000000e5560000, 0x00000000e5560000, 0x00000000e6ab0000)
 concurrent mark-sweep generation total 393216K, used 201213K [0x00000000e8000000, 0x0000000100000000, 0x0000000100000000)
 Metaspace       used 29267K, capacity 29638K, committed 30028K, reserved 1075200K
  class space    used 3471K, capacity 3611K, committed 3660K, reserved 1048576K
}
2015-09-09T14:57:57.276+0200: 44.147: Total time for which application threads were stopped: 0.0150251 seconds, Stopping threads took: 0.0000147 seconds
2015-09-09T14:57:57.276+0200: 44.147: [CMS-concurrent-abortable-preclean: 0.025/0.196 secs] [Times: user=0.64 sys=0.02, real=0.20 secs] 
2015-09-09T14:57:57.276+0200: 44.147: [GC (CMS Final Remark) [YG occupancy: 17252 K (109248 K)]{Heap before GC invocations=47 (full 2):
 par new generation   total 109248K, used 17252K [0x00000000e0000000, 0x00000000e8000000, 0x00000000e8000000)
  eden space 87424K,   1% used [0x00000000e0000000, 0x00000000e01b2e60, 0x00000000e5560000)
  from space 21824K,  71% used [0x00000000e6ab0000, 0x00000000e79d6430, 0x00000000e8000000)
  to   space 21824K,   0% used [0x00000000e5560000, 0x00000000e5560000, 0x00000000e6ab0000)
 concurrent mark-sweep generation total 393216K, used 201213K [0x00000000e8000000, 0x0000000100000000, 0x0000000100000000)
 Metaspace       used 29267K, capacity 29638K, committed 30028K, reserved 1075200K
  class space    used 3471K, capacity 3611K, committed 3660K, reserved 1048576K
2015-09-09T14:57:57.276+0200: 44.147: [GC (CMS Final Remark) 44.147: [ParNew
Desired survivor size 20112992 bytes, new threshold 8 (max 8)
- age   1:        960 bytes,        960 total
- age   2:     844224 bytes,     845184 total
- age   3:        120 bytes,     845304 total
- age   4:       1344 bytes,     846648 total
- age   5:       4008 bytes,     850656 total
- age   7:       3040 bytes,     853696 total
- age   8:    4085736 bytes,    4939432 total
: 17252K->7402K(109248K), 0.0065622 secs] 218465K->213202K(502464K), 0.0066006 secs] [Times: user=0.00 sys=0.00, real=0.01 secs] 
Heap after GC invocations=48 (full 2):
 par new generation   total 109248K, used 7402K [0x00000000e0000000, 0x00000000e8000000, 0x00000000e8000000)
  eden space 87424K,   0% used [0x00000000e0000000, 0x00000000e0000000, 0x00000000e5560000)
  from space 21824K,  33% used [0x00000000e5560000, 0x00000000e5c9aa30, 0x00000000e6ab0000)
  to   space 21824K,   0% used [0x00000000e6ab0000, 0x00000000e6ab0000, 0x00000000e8000000)
 concurrent mark-sweep generation total 393216K, used 205800K [0x00000000e8000000, 0x0000000100000000, 0x0000000100000000)
 Metaspace       used 29267K, capacity 29638K, committed 30028K, reserved 1075200K
  class space    used 3471K, capacity 3611K, committed 3660K, reserved 1048576K
}
44.154: [Rescan (parallel) , 0.0024256 secs]44.156: [weak refs processing, 0.0003834 secs]44.157: [class unloading, 0.0051222 secs]44.162: [scrub symbol table, 0.0028505 secs]44.165: [scrub string table, 0.0003754 secs][1 CMS-remark: 205800K(393216K)] 213202K(502464K), 0.0188904 secs] [Times: user=0.03 sys=0.00, real=0.02 secs] 
2015-09-09T14:57:57.295+0200: 44.166: Total time for which application threads were stopped: 0.0189685 seconds, Stopping threads took: 0.0000163 seconds
2015-09-09T14:57:57.296+0200: 44.167: [CMS-concurrent-sweep-start]
2015-09-09T14:57:57.314+0200: 44.184: [CMS-concurrent-sweep: 0.017/0.017 secs] [Times: user=0.06 sys=0.00, real=0.02 secs] 
2015-09-09T14:57:57.314+0200: 44.184: [CMS-concurrent-reset-start]
2015-09-09T14:57:57.314+0200: 44.185: [CMS-concurrent-reset: 0.000/0.000 secs] [Times: user=0.00 sys=0.00, real=0.00 secs] 
{Heap before GC invocations=48 (full 2):
 par new generation   total 109248K, used 94826K [0x00000000e0000000, 0x00000000e8000000, 0x00000000e8000000)
  eden space 87424K, 100% used [0x00000000e0000000, 0x00000000e5560000, 0x00000000e5560000)
  from space 21824K,  33% used [0x00000000e5560000, 0x00000000e5c9aa30, 0x00000000e6ab0000)
  to   space 21824K,   0% used [0x00000000e6ab0000, 0x00000000e6ab0000, 0x00000000e8000000)
 concurrent mark-sweep generation total 393216K, used 120959K [0x00000000e8000000, 0x0000000100000000, 0x0000000100000000)
 Metaspace       used 29267K, capacity 29638K, committed 30028K, reserved 1075200K
  class space    used 3471K, capacity 3611K, committed 3660K, reserved 1048576K
2015-09-09T14:57:57.584+0200: 44.455: [GC (Allocation Failure) 44.455: [ParNew
Desired survivor size 20112992 bytes, new threshold 8 (max 8)
- age   1:    4194336 bytes,    4194336 total
- age   3:     575352 bytes,    4769688 total
- age   4:        120 bytes,    4769808 total
- age   5:       1344 bytes,    4771152 total
- age   6:       4008 bytes,    4775160 total
- age   8:       3040 bytes,    4778200 total
: 94826K->6808K(109248K), 0.0085695 secs] 215785K->131686K(502464K), 0.0086146 secs] [Times: user=0.06 sys=0.00, real=0.01 secs] 
Heap after GC invocations=49 (full 2):
 par new generation   total 109248K, used 6808K [0x00000000e0000000, 0x00000000e8000000, 0x00000000e8000000)
  eden space 87424K,   0% used [0x00000000e0000000, 0x00000000e0000000, 0x00000000e5560000)
  from space 21824K,  31% used [0x00000000e6ab0000, 0x00000000e71562f0, 0x00000000e8000000)
  to   space 21824K,   0% used [0x00000000e5560000, 0x00000000e5560000, 0x00000000e6ab0000)
 concurrent mark-sweep generation total 393216K, used 124877K [0x00000000e8000000, 0x0000000100000000, 0x0000000100000000)
 Metaspace       used 29267K, capacity 29638K, committed 30028K, reserved 1075200K
  class space    used 3471K, capacity 3611K, committed 3660K, reserved 1048576K
}
2015-09-09T14:57:57.592+0200: 44.463: Total time for which application threads were stopped: 0.0087830 seconds, Stopping threads took: 0.0000154 seconds
{Heap before GC invocations=49 (full 2):
 par new generation   total 109248K, used 94232K [0x00000000e0000000, 0x00000000e8000000, 0x00000000e8000000)
  eden space 87424K, 100% used [0x00000000e0000000, 0x00000000e5560000, 0x00000000e5560000)
  from space 21824K,  31% used [0x00000000e6ab0000, 0x00000000e71562f0, 0x00000000e8000000)
  to   space 21824K,   0% used [0x00000000e5560000, 0x00000000e5560000, 0x00000000e6ab0000)
 concurrent mark-sweep generation total 393216K, used 124877K [0x00000000e8000000, 0x0000000100000000, 0x0000000100000000)
 Metaspace       used 29267K, capacity 29638K, committed 30028K, reserved 1075200K
  class space    used 3471K, capacity 3611K, committed 3660K, reserved 1048576K
2015-09-09T14:57:57.872+0200: 44.743: [GC (Allocation Failure) 44.743: [ParNew
Desired survivor size 20112992 bytes, new threshold 8 (max 8)
- age   1:    5349216 bytes,    5349216 total
- age   2:    2692680 bytes,    8041896 total
- age   4:     575296 bytes,    8617192 total
- age   5:        120 bytes,    8617312 total
- age   6:       1344 bytes,    8618656 total
- age   7:       4008 bytes,    8622664 total
: 94232K->8680K(109248K), 0.0048790 secs] 219110K->133560K(502464K), 0.0049273 secs] [Times: user=0.00 sys=0.00, real=0.01 secs] 
Heap after GC invocations=50 (full 2):
 par new generation   total 109248K, used 8680K [0x00000000e0000000, 0x00000000e8000000, 0x00000000e8000000)
  eden space 87424K,   0% used [0x00000000e0000000, 0x00000000e0000000, 0x00000000e5560000)
  from space 21824K,  39% used [0x00000000e5560000, 0x00000000e5dda000, 0x00000000e6ab0000)
  to   space 21824K,   0% used [0x00000000e6ab0000, 0x00000000e6ab0000, 0x00000000e8000000)
 concurrent mark-sweep generation total 393216K, used 124880K [0x00000000e8000000, 0x0000000100000000, 0x0000000100000000)
 Metaspace       used 29267K, capacity 29638K, committed 30028K, reserved 1075200K
  class space    used 3471K, capacity 3611K, committed 3660K, reserved 1048576K
}
2015-09-09T14:57:57.877+0200: 44.748: Total time for which application threads were stopped: 0.0050627 seconds, Stopping threads took: 0.0000134 seconds
{Heap before GC invocations=50 (full 2):
 par new generation   total 109248K, used 96104K [0x00000000e0000000, 0x00000000e8000000, 0x00000000e8000000)
  eden space 87424K, 100% used [0x00000000e0000000, 0x00000000e5560000, 0x00000000e5560000)
  from space 21824K,  39% used [0x00000000e5560000, 0x00000000e5dda000, 0x00000000e6ab0000)
  to   space 21824K,   0% used [0x00000000e6ab0000, 0x00000000e6ab0000, 0x00000000e8000000)
 concurrent mark-sweep generation total 393216K, used 124880K [0x00000000e8000000, 0x0000000100000000, 0x0000000100000000)
 Metaspace       used 29267K, capacity 29638K, committed 30028K, reserved 1075200K
  class space    used 3471K, capacity 3611K, committed 3660K, reserved 1048576K
2015-09-09T14:57:58.153+0200: 45.024: [GC (Allocation Failure) 45.024: [ParNew
Desired survivor size 20112992 bytes, new threshold 8 (max 8)
- age   1:    5238984 bytes,    5238984 total
- age   2:    3537488 bytes,    8776472 total
- age   3:    2691640 bytes,   11468112 total
- age   5:     575296 bytes,   12043408 total
- age   6:        120 bytes,   12043528 total
- age   7:       1344 bytes,   12044872 total
- age   8:       4008 bytes,   12048880 total
: 96104K->14151K(109248K), 0.0053993 secs] 220984K->139032K(502464K), 0.0054457 secs] [Times: user=0.00 sys=0.00, real=0.00 secs] 
Heap after GC invocations=51 (full 2):
 par new generation   total 109248K, used 14151K [0x00000000e0000000, 0x00000000e8000000, 0x00000000e8000000)
  eden space 87424K,   0% used [0x00000000e0000000, 0x00000000e0000000, 0x00000000e5560000)
  from space 21824K,  64% used [0x00000000e6ab0000, 0x00000000e7881cb8, 0x00000000e8000000)
  to   space 21824K,   0% used [0x00000000e5560000, 0x00000000e5560000, 0x00000000e6ab0000)
 concurrent mark-sweep generation total 393216K, used 124880K [0x00000000e8000000, 0x0000000100000000, 0x0000000100000000)
 Metaspace       used 29267K, capacity 29638K, committed 30028K, reserved 1075200K
  class space    used 3471K, capacity 3611K, committed 3660K, reserved 1048576K
}
2015-09-09T14:57:58.158+0200: 45.029: Total time for which application threads were stopped: 0.0055811 seconds, Stopping threads took: 0.0000131 seconds
{Heap before GC invocations=51 (full 2):
 par new generation   total 109248K, used 101575K [0x00000000e0000000, 0x00000000e8000000, 0x00000000e8000000)
  eden space 87424K, 100% used [0x00000000e0000000, 0x00000000e5560000, 0x00000000e5560000)
  from space 21824K,  64% used [0x00000000e6ab0000, 0x00000000e7881cb8, 0x00000000e8000000)
  to   space 21824K,   0% used [0x00000000e5560000, 0x00000000e5560000, 0x00000000e6ab0000)
 concurrent mark-sweep generation total 393216K, used 124880K [0x00000000e8000000, 0x0000000100000000, 0x0000000100000000)
 Metaspace       used 29267K, capacity 29638K, committed 30028K, reserved 1075200K
  class space    used 3471K, capacity 3611K, committed 3660K, reserved 1048576K
2015-09-09T14:57:58.435+0200: 45.306: [GC (Allocation Failure) 45.306: [ParNew
Desired survivor size 20112992 bytes, new threshold 8 (max 8)
- age   1:    8525968 bytes,    8525968 total
- age   2:    2644240 bytes,   11170208 total
- age   3:    2742792 bytes,   13913000 total
- age   4:    2686984 bytes,   16599984 total
- age   6:     575296 bytes,   17175280 total
- age   7:        120 bytes,   17175400 total
- age   8:       1344 bytes,   17176744 total
: 101575K->20464K(109248K), 0.0072044 secs] 226456K->145349K(502464K), 0.0072815 secs] [Times: user=0.00 sys=0.00, real=0.01 secs] 
Heap after GC invocations=52 (full 2):
 par new generation   total 109248K, used 20464K [0x00000000e0000000, 0x00000000e8000000, 0x00000000e8000000)
  eden space 87424K,   0% used [0x00000000e0000000, 0x00000000e0000000, 0x00000000e5560000)
  from space 21824K,  93% used [0x00000000e5560000, 0x00000000e695c190, 0x00000000e6ab0000)
  to   space 21824K,   0% used [0x00000000e6ab0000, 0x00000000e6ab0000, 0x00000000e8000000)
 concurrent mark-sweep generation total 393216K, used 124884K [0x00000000e8000000, 0x0000000100000000, 0x0000000100000000)
 Metaspace       used 29267K, capacity 29638K, committed 30028K, reserved 1075200K
  class space    used 3471K, capacity 3611K, committed 3660K, reserved 1048576K
}
2015-09-09T14:57:58.443+0200: 45.313: Total time for which application threads were stopped: 0.0074143 seconds, Stopping threads took: 0.0000131 seconds
{Heap before GC invocations=52 (full 2):
 par new generation   total 109248K, used 107888K [0x00000000e0000000, 0x00000000e8000000, 0x00000000e8000000)
  eden space 87424K, 100% used [0x00000000e0000000, 0x00000000e5560000, 0x00000000e5560000)
  from space 21824K,  93% used [0x00000000e5560000, 0x00000000e695c190, 0x00000000e6ab0000)
  to   space 21824K,   0% used [0x00000000e6ab0000, 0x00000000e6ab0000, 0x00000000e8000000)
 concurrent mark-sweep generation total 393216K, used 124884K [0x00000000e8000000, 0x0000000100000000, 0x0000000100000000)
 Metaspace       used 29267K, capacity 29638K, committed 30028K, reserved 1075200K
  class space    used 3471K, capacity 3611K, committed 3660K, reserved 1048576K
2015-09-09T14:57:58.722+0200: 45.593: [GC (Allocation Failure) 45.593: [ParNew
Desired survivor size 20112992 bytes, new threshold 8 (max 8)
- age   1:    5596640 bytes,    5596640 total
- age   2:    4594296 bytes,   10190936 total
- age   3:    2578688 bytes,   12769624 total
- age   4:    2726392 bytes,   15496016 total
- age   5:    2686984 bytes,   18183000 total
- age   7:     575296 bytes,   18758296 total
- age   8:        120 bytes,   18758416 total
: 107888K->21824K(109248K), 0.0075980 secs] 232773K->148342K(502464K), 0.0076450 secs] [Times: user=0.06 sys=0.00, real=0.01 secs] 
Heap after GC invocations=53 (full 2):
 par new generation   total 109248K, used 21824K [0x00000000e0000000, 0x00000000e8000000, 0x00000000e8000000)
  eden space 87424K,   0% used [0x00000000e0000000, 0x00000000e0000000, 0x00000000e5560000)
  from space 21824K, 100% used [0x00000000e6ab0000, 0x00000000e8000000, 0x00000000e8000000)
  to   space 21824K,   0% used [0x00000000e5560000, 0x00000000e5560000, 0x00000000e6ab0000)
 concurrent mark-sweep generation total 393216K, used 126518K [0x00000000e8000000, 0x0000000100000000, 0x0000000100000000)
 Metaspace       used 29267K, capacity 29638K, committed 30028K, reserved 1075200K
  class space    used 3471K, capacity 3611K, committed 3660K, reserved 1048576K
}
2015-09-09T14:57:58.730+0200: 45.601: Total time for which application threads were stopped: 0.0077878 seconds, Stopping threads took: 0.0000147 seconds
{Heap before GC invocations=53 (full 2):
 par new generation   total 109248K, used 109248K [0x00000000e0000000, 0x00000000e8000000, 0x00000000e8000000)
  eden space 87424K, 100% used [0x00000000e0000000, 0x00000000e5560000, 0x00000000e5560000)
  from space 21824K, 100% used [0x00000000e6ab0000, 0x00000000e8000000, 0x00000000e8000000)
  to   space 21824K,   0% used [0x00000000e5560000, 0x00000000e5560000, 0x00000000e6ab0000)
 concurrent mark-sweep generation total 393216K, used 126518K [0x00000000e8000000, 0x0000000100000000, 0x0000000100000000)
 Metaspace       used 29267K, capacity 29638K, committed 30028K, reserved 1075200K
  class space    used 3471K, capacity 3611K, committed 3660K, reserved 1048576K
2015-09-09T14:57:59.015+0200: 45.886: [GC (Allocation Failure) 45.886: [ParNew
Desired survivor size 20112992 bytes, new threshold 8 (max 8)
- age   1:    5737800 bytes,    5737800 total
- age   2:    1780784 bytes,    7518584 total
- age   3:    3503928 bytes,   11022512 total
- age   4:    2576592 bytes,   13599104 total
- age   5:    2726272 bytes,   16325376 total
- age   6:    2686920 bytes,   19012296 total
- age   8:     575296 bytes,   19587592 total
: 109248K->21824K(109248K), 0.0082294 secs] 235766K->150608K(502464K), 0.0082751 secs] [Times: user=0.06 sys=0.00, real=0.01 secs] 
Heap after GC invocations=54 (full 2):
 par new generation   total 109248K, used 21824K [0x00000000e0000000, 0x00000000e8000000, 0x00000000e8000000)
  eden space 87424K,   0% used [0x00000000e0000000, 0x00000000e0000000, 0x00000000e5560000)
  from space 21824K, 100% used [0x00000000e5560000, 0x00000000e6ab0000, 0x00000000e6ab0000)
  to   space 21824K,   0% used [0x00000000e6ab0000, 0x00000000e6ab0000, 0x00000000e8000000)
 concurrent mark-sweep generation total 393216K, used 128784K [0x00000000e8000000, 0x0000000100000000, 0x0000000100000000)
 Metaspace       used 29267K, capacity 29638K, committed 30028K, reserved 1075200K
  class space    used 3471K, capacity 3611K, committed 3660K, reserved 1048576K
}
2015-09-09T14:57:59.024+0200: 45.895: Total time for which application threads were stopped: 0.0084079 seconds, Stopping threads took: 0.0000134 seconds
2015-09-09T14:57:59.265+0200: 46.136: Total time for which application threads were stopped: 0.0001094 seconds, Stopping threads took: 0.0000362 seconds
2015-09-09T14:57:59.265+0200: 46.136: Total time for which application threads were stopped: 0.0000707 seconds, Stopping threads took: 0.0000298 seconds
2015-09-09T14:57:59.265+0200: 46.136: Total time for which application threads were stopped: 0.0000611 seconds, Stopping threads took: 0.0000173 seconds
2015-09-09T14:57:59.266+0200: 46.137: Total time for which application threads were stopped: 0.0000662 seconds, Stopping threads took: 0.0000291 seconds
2015-09-09T14:57:59.266+0200: 46.137: Total time for which application threads were stopped: 0.0000848 seconds, Stopping threads took: 0.0000333 seconds
2015-09-09T14:57:59.266+0200: 46.137: Total time for which application threads were stopped: 0.0000813 seconds, Stopping threads took: 0.0000282 seconds
2015-09-09T14:57:59.297+0200: 46.168: Total time for which application threads were stopped: 0.0001424 seconds, Stopping threads took: 0.0000224 seconds
2015-09-09T14:57:59.297+0200: 46.168: Total time for which application threads were stopped: 0.0000710 seconds, Stopping threads took: 0.0000224 seconds
2015-09-09T14:57:59.300+0200: 46.171: Total time for which application threads were stopped: 0.0000931 seconds, Stopping threads took: 0.0000218 seconds
2015-09-09T14:57:59.306+0200: 46.177: Total time for which application threads were stopped: 0.0000966 seconds, Stopping threads took: 0.0000205 seconds
2015-09-09T14:57:59.306+0200: 46.177: Total time for which application threads were stopped: 0.0000525 seconds, Stopping threads took: 0.0000112 seconds
{Heap before GC invocations=54 (full 2):
 par new generation   total 109248K, used 109248K [0x00000000e0000000, 0x00000000e8000000, 0x00000000e8000000)
  eden space 87424K, 100% used [0x00000000e0000000, 0x00000000e5560000, 0x00000000e5560000)
  from space 21824K, 100% used [0x00000000e5560000, 0x00000000e6ab0000, 0x00000000e6ab0000)
  to   space 21824K,   0% used [0x00000000e6ab0000, 0x00000000e6ab0000, 0x00000000e8000000)
 concurrent mark-sweep generation total 393216K, used 128784K [0x00000000e8000000, 0x0000000100000000, 0x0000000100000000)
 Metaspace       used 29273K, capacity 29638K, committed 30028K, reserved 1075200K
  class space    used 3472K, capacity 3611K, committed 3660K, reserved 1048576K
2015-09-09T14:57:59.310+0200: 46.181: [GC (Allocation Failure) 46.181: [ParNew
Desired survivor size 20112992 bytes, new threshold 7 (max 8)
- age   1:    7686056 bytes,    7686056 total
- age   2:    1704600 bytes,    9390656 total
- age   3:    1624176 bytes,   11014832 total
- age   4:    2962328 bytes,   13977160 total
- age   5:    2422256 bytes,   16399416 total
- age   6:    2572752 bytes,   18972168 total
- age   7:    2535464 bytes,   21507632 total
: 109248K->21824K(109248K), 0.0176974 secs] 238032K->152851K(502464K), 0.0177912 secs] [Times: user=0.06 sys=0.00, real=0.02 secs] 
Heap after GC invocations=55 (full 2):
 par new generation   total 109248K, used 21824K [0x00000000e0000000, 0x00000000e8000000, 0x00000000e8000000)
  eden space 87424K,   0% used [0x00000000e0000000, 0x00000000e0000000, 0x00000000e5560000)
  from space 21824K, 100% used [0x00000000e6ab0000, 0x00000000e8000000, 0x00000000e8000000)
  to   space 21824K,   0% used [0x00000000e5560000, 0x00000000e5560000, 0x00000000e6ab0000)
 concurrent mark-sweep generation total 393216K, used 131027K [0x00000000e8000000, 0x0000000100000000, 0x0000000100000000)
 Metaspace       used 29273K, capacity 29638K, committed 30028K, reserved 1075200K
  class space    used 3472K, capacity 3611K, committed 3660K, reserved 1048576K
}
2015-09-09T14:57:59.327+0200: 46.198: Total time for which application threads were stopped: 0.0179746 seconds, Stopping threads took: 0.0000214 seconds
2015-09-09T14:57:59.619+0200: 46.490: Total time for which application threads were stopped: 0.0001232 seconds, Stopping threads took: 0.0000176 seconds
{Heap before GC invocations=55 (full 2):
 par new generation   total 109248K, used 109248K [0x00000000e0000000, 0x00000000e8000000, 0x00000000e8000000)
  eden space 87424K, 100% used [0x00000000e0000000, 0x00000000e5560000, 0x00000000e5560000)
  from space 21824K, 100% used [0x00000000e6ab0000, 0x00000000e8000000, 0x00000000e8000000)
  to   space 21824K,   0% used [0x00000000e5560000, 0x00000000e5560000, 0x00000000e6ab0000)
 concurrent mark-sweep generation total 393216K, used 131027K [0x00000000e8000000, 0x0000000100000000, 0x0000000100000000)
 Metaspace       used 29304K, capacity 29702K, committed 30028K, reserved 1075200K
  class space    used 3472K, capacity 3611K, committed 3660K, reserved 1048576K
2015-09-09T14:57:59.627+0200: 46.498: [GC (Allocation Failure) 46.498: [ParNew
Desired survivor size 20112992 bytes, new threshold 8 (max 8)
- age   1:    1902880 bytes,    1902880 total
- age   2:    4847384 bytes,    6750264 total
- age   3:    1532632 bytes,    8282896 total
- age   4:    1449728 bytes,    9732624 total
- age   5:    2836880 bytes,   12569504 total
- age   6:    2290600 bytes,   14860104 total
- age   7:    2445936 bytes,   17306040 total
: 109248K->21824K(109248K), 0.0105244 secs] 240275K->160810K(502464K), 0.0105711 secs] [Times: user=0.06 sys=0.00, real=0.01 secs] 
Heap after GC invocations=56 (full 2):
 par new generation   total 109248K, used 21824K [0x00000000e0000000, 0x00000000e8000000, 0x00000000e8000000)
  eden space 87424K,   0% used [0x00000000e0000000, 0x00000000e0000000, 0x00000000e5560000)
  from space 21824K, 100% used [0x00000000e5560000, 0x00000000e6ab0000, 0x00000000e6ab0000)
  to   space 21824K,   0% used [0x00000000e6ab0000, 0x00000000e6ab0000, 0x00000000e8000000)
 concurrent mark-sweep generation total 393216K, used 138986K [0x00000000e8000000, 0x0000000100000000, 0x0000000100000000)
 Metaspace       used 29304K, capacity 29702K, committed 30028K, reserved 1075200K
  class space    used 3472K, capacity 3611K, committed 3660K, reserved 1048576K
}
2015-09-09T14:57:59.637+0200: 46.508: Total time for which application threads were stopped: 0.0107513 seconds, Stopping threads took: 0.0000310 seconds
{Heap before GC invocations=56 (full 2):
 par new generation   total 109248K, used 109248K [0x00000000e0000000, 0x00000000e8000000, 0x00000000e8000000)
  eden space 87424K, 100% used [0x00000000e0000000, 0x00000000e5560000, 0x00000000e5560000)
  from space 21824K, 100% used [0x00000000e5560000, 0x00000000e6ab0000, 0x00000000e6ab0000)
  to   space 21824K,   0% used [0x00000000e6ab0000, 0x00000000e6ab0000, 0x00000000e8000000)
 concurrent mark-sweep generation total 393216K, used 138986K [0x00000000e8000000, 0x0000000100000000, 0x0000000100000000)
 Metaspace       used 29322K, capacity 29702K, committed 30028K, reserved 1075200K
  class space    used 3472K, capacity 3611K, committed 3660K, reserved 1048576K
2015-09-09T14:57:59.729+0200: 46.600: [GC (Allocation Failure) 46.600: [ParNew
Desired survivor size 20112992 bytes, new threshold 8 (max 8)
- age   1:    2193504 bytes,    2193504 total
- age   2:    1026904 bytes,    3220408 total
- age   3:    4841080 bytes,    8061488 total
- age   4:    1523512 bytes,    9585000 total
- age   5:    1432048 bytes,   11017048 total
- age   6:    2814832 bytes,   13831880 total
- age   7:    2273456 bytes,   16105336 total
- age   8:    2439776 bytes,   18545112 total
: 109248K->21824K(109248K), 0.0076226 secs] 248234K->160894K(502464K), 0.0076716 secs] [Times: user=0.00 sys=0.00, real=0.01 secs] 
Heap after GC invocations=57 (full 2):
 par new generation   total 109248K, used 21824K [0x00000000e0000000, 0x00000000e8000000, 0x00000000e8000000)
  eden space 87424K,   0% used [0x00000000e0000000, 0x00000000e0000000, 0x00000000e5560000)
  from space 21824K, 100% used [0x00000000e6ab0000, 0x00000000e8000000, 0x00000000e8000000)
  to   space 21824K,   0% used [0x00000000e5560000, 0x00000000e5560000, 0x00000000e6ab0000)
 concurrent mark-sweep generation total 393216K, used 139070K [0x00000000e8000000, 0x0000000100000000, 0x0000000100000000)
 Metaspace       used 29322K, capacity 29702K, committed 30028K, reserved 1075200K
  class space    used 3472K, capacity 3611K, committed 3660K, reserved 1048576K
}
2015-09-09T14:57:59.737+0200: 46.608: Total time for which application threads were stopped: 0.0078508 seconds, Stopping threads took: 0.0000253 seconds
2015-09-09T14:57:59.828+0200: 46.699: Total time for which application threads were stopped: 0.0001008 seconds, Stopping threads took: 0.0000173 seconds
2015-09-09T14:57:59.832+0200: 46.703: Total time for which application threads were stopped: 0.0001018 seconds, Stopping threads took: 0.0000224 seconds
2015-09-09T14:57:59.834+0200: 46.705: Total time for which application threads were stopped: 0.0004166 seconds, Stopping threads took: 0.0000230 seconds
2015-09-09T14:57:59.836+0200: 46.707: Total time for which application threads were stopped: 0.0000800 seconds, Stopping threads took: 0.0000118 seconds
2015-09-09T14:57:59.837+0200: 46.708: Total time for which application threads were stopped: 0.0000838 seconds, Stopping threads took: 0.0000186 seconds
2015-09-09T14:57:59.841+0200: 46.712: Total time for which application threads were stopped: 0.0004080 seconds, Stopping threads took: 0.0000154 seconds
2015-09-09T14:57:59.844+0200: 46.715: Total time for which application threads were stopped: 0.0000842 seconds, Stopping threads took: 0.0000195 seconds
2015-09-09T14:57:59.845+0200: 46.716: Total time for which application threads were stopped: 0.0001152 seconds, Stopping threads took: 0.0000218 seconds
2015-09-09T14:57:59.880+0200: 46.751: Total time for which application threads were stopped: 0.0001008 seconds, Stopping threads took: 0.0000221 seconds
{Heap before GC invocations=57 (full 2):
 par new generation   total 109248K, used 109248K [0x00000000e0000000, 0x00000000e8000000, 0x00000000e8000000)
  eden space 87424K, 100% used [0x00000000e0000000, 0x00000000e5560000, 0x00000000e5560000)
  from space 21824K, 100% used [0x00000000e6ab0000, 0x00000000e8000000, 0x00000000e8000000)
  to   space 21824K,   0% used [0x00000000e5560000, 0x00000000e5560000, 0x00000000e6ab0000)
 concurrent mark-sweep generation total 393216K, used 139070K [0x00000000e8000000, 0x0000000100000000, 0x0000000100000000)
 Metaspace       used 29619K, capacity 29990K, committed 30284K, reserved 1075200K
  class space    used 3495K, capacity 3643K, committed 3660K, reserved 1048576K
2015-09-09T14:57:59.893+0200: 46.764: [GC (Allocation Failure) 46.764: [ParNew
Desired survivor size 20112992 bytes, new threshold 8 (max 8)
- age   1:    3691856 bytes,    3691856 total
- age   2:     908960 bytes,    4600816 total
- age   3:    1026512 bytes,    5627328 total
- age   4:    4756984 bytes,   10384312 total
- age   5:    1460504 bytes,   11844816 total
- age   6:    1369568 bytes,   13214384 total
- age   7:    2746376 bytes,   15960760 total
- age   8:    2202648 bytes,   18163408 total
: 109248K->21824K(109248K), 0.0071974 secs] 248318K->163346K(502464K), 0.0072524 secs] [Times: user=0.06 sys=0.00, real=0.01 secs] 
Heap after GC invocations=58 (full 2):
 par new generation   total 109248K, used 21824K [0x00000000e0000000, 0x00000000e8000000, 0x00000000e8000000)
  eden space 87424K,   0% used [0x00000000e0000000, 0x00000000e0000000, 0x00000000e5560000)
  from space 21824K, 100% used [0x00000000e5560000, 0x00000000e6ab0000, 0x00000000e6ab0000)
  to   space 21824K,   0% used [0x00000000e6ab0000, 0x00000000e6ab0000, 0x00000000e8000000)
 concurrent mark-sweep generation total 393216K, used 141522K [0x00000000e8000000, 0x0000000100000000, 0x0000000100000000)
 Metaspace       used 29619K, capacity 29990K, committed 30284K, reserved 1075200K
  class space    used 3495K, capacity 3643K, committed 3660K, reserved 1048576K
}
2015-09-09T14:57:59.900+0200: 46.771: Total time for which application threads were stopped: 0.0074022 seconds, Stopping threads took: 0.0000179 seconds
{Heap before GC invocations=58 (full 2):
 par new generation   total 109248K, used 109248K [0x00000000e0000000, 0x00000000e8000000, 0x00000000e8000000)
  eden space 87424K, 100% used [0x00000000e0000000, 0x00000000e5560000, 0x00000000e5560000)
  from space 21824K, 100% used [0x00000000e5560000, 0x00000000e6ab0000, 0x00000000e6ab0000)
  to   space 21824K,   0% used [0x00000000e6ab0000, 0x00000000e6ab0000, 0x00000000e8000000)
 concurrent mark-sweep generation total 393216K, used 141522K [0x00000000e8000000, 0x0000000100000000, 0x0000000100000000)
 Metaspace       used 29626K, capacity 29990K, committed 30284K, reserved 1075200K
  class space    used 3495K, capacity 3643K, committed 3660K, reserved 1048576K
2015-09-09T14:58:00.195+0200: 47.067: [GC (Allocation Failure) 47.067: [ParNew
Desired survivor size 20112992 bytes, new threshold 8 (max 8)
- age   1:    5142440 bytes,    5142440 total
- age   2:    1993272 bytes,    7135712 total
- age   3:     810608 bytes,    7946320 total
- age   4:    1018304 bytes,    8964624 total
- age   5:    4747704 bytes,   13712328 total
- age   6:    1451384 bytes,   15163712 total
- age   7:    1358912 bytes,   16522624 total
- age   8:    2736808 bytes,   19259432 total
: 109248K->21824K(109248K), 0.0099721 secs] 250770K->165534K(502464K), 0.0100245 secs] [Times: user=0.00 sys=0.00, real=0.01 secs] 
Heap after GC invocations=59 (full 2):
 par new generation   total 109248K, used 21824K [0x00000000e0000000, 0x00000000e8000000, 0x00000000e8000000)
  eden space 87424K,   0% used [0x00000000e0000000, 0x00000000e0000000, 0x00000000e5560000)
  from space 21824K, 100% used [0x00000000e6ab0000, 0x00000000e8000000, 0x00000000e8000000)
  to   space 21824K,   0% used [0x00000000e5560000, 0x00000000e5560000, 0x00000000e6ab0000)
 concurrent mark-sweep generation total 393216K, used 143710K [0x00000000e8000000, 0x0000000100000000, 0x0000000100000000)
 Metaspace       used 29626K, capacity 29990K, committed 30284K, reserved 1075200K
  class space    used 3495K, capacity 3643K, committed 3660K, reserved 1048576K
}
2015-09-09T14:58:00.206+0200: 47.077: Total time for which application threads were stopped: 0.0101753 seconds, Stopping threads took: 0.0000160 seconds
2015-09-09T14:58:00.457+0200: 47.328: Total time for which application threads were stopped: 0.0001366 seconds, Stopping threads took: 0.0000669 seconds
2015-09-09T14:58:00.458+0200: 47.329: Total time for which application threads were stopped: 0.0000771 seconds, Stopping threads took: 0.0000205 seconds
2015-09-09T14:58:00.459+0200: 47.330: Total time for which application threads were stopped: 0.0000918 seconds, Stopping threads took: 0.0000486 seconds
2015-09-09T14:58:00.469+0200: 47.340: Total time for which application threads were stopped: 0.0001478 seconds, Stopping threads took: 0.0000701 seconds
2015-09-09T14:58:00.475+0200: 47.346: Total time for which application threads were stopped: 0.0001046 seconds, Stopping threads took: 0.0000291 seconds
2015-09-09T14:58:00.475+0200: 47.346: Total time for which application threads were stopped: 0.0000573 seconds, Stopping threads took: 0.0000086 seconds
{Heap before GC invocations=59 (full 2):
 par new generation   total 109248K, used 109248K [0x00000000e0000000, 0x00000000e8000000, 0x00000000e8000000)
  eden space 87424K, 100% used [0x00000000e0000000, 0x00000000e5560000, 0x00000000e5560000)
  from space 21824K, 100% used [0x00000000e6ab0000, 0x00000000e8000000, 0x00000000e8000000)
  to   space 21824K,   0% used [0x00000000e5560000, 0x00000000e5560000, 0x00000000e6ab0000)
 concurrent mark-sweep generation total 393216K, used 143710K [0x00000000e8000000, 0x0000000100000000, 0x0000000100000000)
 Metaspace       used 29633K, capacity 29990K, committed 30284K, reserved 1075200K
  class space    used 3496K, capacity 3643K, committed 3660K, reserved 1048576K
2015-09-09T14:58:00.483+0200: 47.354: [GC (Allocation Failure) 47.354: [ParNew
Desired survivor size 20112992 bytes, new threshold 8 (max 8)
- age   1:    6132744 bytes,    6132744 total
- age   2:    2626688 bytes,    8759432 total
- age   3:    1171744 bytes,    9931176 total
- age   4:     738728 bytes,   10669904 total
- age   5:     857160 bytes,   11527064 total
- age   6:    4703888 bytes,   16230952 total
- age   7:    1451384 bytes,   17682336 total
- age   8:    1358912 bytes,   19041248 total
: 109248K->21824K(109248K), 0.0102428 secs] 252958K->169776K(502464K), 0.0103020 secs] [Times: user=0.06 sys=0.00, real=0.01 secs] 
Heap after GC invocations=60 (full 2):
 par new generation   total 109248K, used 21824K [0x00000000e0000000, 0x00000000e8000000, 0x00000000e8000000)
  eden space 87424K,   0% used [0x00000000e0000000, 0x00000000e0000000, 0x00000000e5560000)
  from space 21824K, 100% used [0x00000000e5560000, 0x00000000e6ab0000, 0x00000000e6ab0000)
  to   space 21824K,   0% used [0x00000000e6ab0000, 0x00000000e6ab0000, 0x00000000e8000000)
 concurrent mark-sweep generation total 393216K, used 147952K [0x00000000e8000000, 0x0000000100000000, 0x0000000100000000)
 Metaspace       used 29633K, capacity 29990K, committed 30284K, reserved 1075200K
  class space    used 3496K, capacity 3643K, committed 3660K, reserved 1048576K
}
2015-09-09T14:58:00.493+0200: 47.364: Total time for which application threads were stopped: 0.0104652 seconds, Stopping threads took: 0.0000278 seconds
{Heap before GC invocations=60 (full 2):
 par new generation   total 109248K, used 109248K [0x00000000e0000000, 0x00000000e8000000, 0x00000000e8000000)
  eden space 87424K, 100% used [0x00000000e0000000, 0x00000000e5560000, 0x00000000e5560000)
  from space 21824K, 100% used [0x00000000e5560000, 0x00000000e6ab0000, 0x00000000e6ab0000)
  to   space 21824K,   0% used [0x00000000e6ab0000, 0x00000000e6ab0000, 0x00000000e8000000)
 concurrent mark-sweep generation total 393216K, used 147952K [0x00000000e8000000, 0x0000000100000000, 0x0000000100000000)
 Metaspace       used 29651K, capacity 29990K, committed 30284K, reserved 1075200K
  class space    used 3496K, capacity 3643K, committed 3660K, reserved 1048576K
2015-09-09T14:58:00.632+0200: 47.503: [GC (Allocation Failure) 47.503: [ParNew
Desired survivor size 20112992 bytes, new threshold 8 (max 8)
- age   1:    2220376 bytes,    2220376 total
- age   2:    5926272 bytes,    8146648 total
- age   3:    2571696 bytes,   10718344 total
- age   4:    1152944 bytes,   11871288 total
- age   5:     724496 bytes,   12595784 total
- age   6:     830720 bytes,   13426504 total
- age   7:    4527296 bytes,   17953800 total
- age   8:    1450360 bytes,   19404160 total
: 109248K->21824K(109248K), 0.0058364 secs] 257200K->171458K(502464K), 0.0058793 secs] [Times: user=0.00 sys=0.00, real=0.01 secs] 
Heap after GC invocations=61 (full 2):
 par new generation   total 109248K, used 21824K [0x00000000e0000000, 0x00000000e8000000, 0x00000000e8000000)
  eden space 87424K,   0% used [0x00000000e0000000, 0x00000000e0000000, 0x00000000e5560000)
  from space 21824K, 100% used [0x00000000e6ab0000, 0x00000000e8000000, 0x00000000e8000000)
  to   space 21824K,   0% used [0x00000000e5560000, 0x00000000e5560000, 0x00000000e6ab0000)
 concurrent mark-sweep generation total 393216K, used 149634K [0x00000000e8000000, 0x0000000100000000, 0x0000000100000000)
 Metaspace       used 29651K, capacity 29990K, committed 30284K, reserved 1075200K
  class space    used 3496K, capacity 3643K, committed 3660K, reserved 1048576K
}
2015-09-09T14:58:00.638+0200: 47.509: Total time for which application threads were stopped: 0.0060700 seconds, Stopping threads took: 0.0000259 seconds
2015-09-09T14:58:00.697+0200: 47.568: Total time for which application threads were stopped: 0.0001350 seconds, Stopping threads took: 0.0000301 seconds
2015-09-09T14:58:00.698+0200: 47.569: Total time for which application threads were stopped: 0.0000608 seconds, Stopping threads took: 0.0000154 seconds
2015-09-09T14:58:00.698+0200: 47.569: Total time for which application threads were stopped: 0.0000550 seconds, Stopping threads took: 0.0000093 seconds
2015-09-09T14:58:00.698+0200: 47.569: Total time for which application threads were stopped: 0.0000486 seconds, Stopping threads took: 0.0000112 seconds
2015-09-09T14:58:00.698+0200: 47.569: Total time for which application threads were stopped: 0.0000541 seconds, Stopping threads took: 0.0000118 seconds
{Heap before GC invocations=61 (full 2):
 par new generation   total 109248K, used 109248K [0x00000000e0000000, 0x00000000e8000000, 0x00000000e8000000)
  eden space 87424K, 100% used [0x00000000e0000000, 0x00000000e5560000, 0x00000000e5560000)
  from space 21824K, 100% used [0x00000000e6ab0000, 0x00000000e8000000, 0x00000000e8000000)
  to   space 21824K,   0% used [0x00000000e5560000, 0x00000000e5560000, 0x00000000e6ab0000)
 concurrent mark-sweep generation total 393216K, used 149634K [0x00000000e8000000, 0x0000000100000000, 0x0000000100000000)
 Metaspace       used 29669K, capacity 29996K, committed 30284K, reserved 1075200K
  class space    used 3499K, capacity 3644K, committed 3660K, reserved 1048576K
2015-09-09T14:58:00.830+0200: 47.701: [GC (Allocation Failure) 47.701: [ParNew
Desired survivor size 20112992 bytes, new threshold 8 (max 8)
- age   1:    2904704 bytes,    2904704 total
- age   2:    1281384 bytes,    4186088 total
- age   3:    5387848 bytes,    9573936 total
- age   4:    2247472 bytes,   11821408 total
- age   5:    1052200 bytes,   12873608 total
- age   6:     650448 bytes,   13524056 total
- age   7:     695248 bytes,   14219304 total
- age   8:    4422104 bytes,   18641408 total
: 109248K->21824K(109248K), 0.0085046 secs] 258882K->174305K(502464K), 0.0085452 secs] [Times: user=0.06 sys=0.00, real=0.01 secs] 
Heap after GC invocations=62 (full 2):
 par new generation   total 109248K, used 21824K [0x00000000e0000000, 0x00000000e8000000, 0x00000000e8000000)
  eden space 87424K,   0% used [0x00000000e0000000, 0x00000000e0000000, 0x00000000e5560000)
  from space 21824K, 100% used [0x00000000e5560000, 0x00000000e6ab0000, 0x00000000e6ab0000)
  to   space 21824K,   0% used [0x00000000e6ab0000, 0x00000000e6ab0000, 0x00000000e8000000)
 concurrent mark-sweep generation total 393216K, used 152481K [0x00000000e8000000, 0x0000000100000000, 0x0000000100000000)
 Metaspace       used 29669K, capacity 29996K, committed 30284K, reserved 1075200K
  class space    used 3499K, capacity 3644K, committed 3660K, reserved 1048576K
}
2015-09-09T14:58:00.839+0200: 47.710: Total time for which application threads were stopped: 0.0086812 seconds, Stopping threads took: 0.0000157 seconds
{Heap before GC invocations=62 (full 2):
 par new generation   total 109248K, used 109248K [0x00000000e0000000, 0x00000000e8000000, 0x00000000e8000000)
  eden space 87424K, 100% used [0x00000000e0000000, 0x00000000e5560000, 0x00000000e5560000)
  from space 21824K, 100% used [0x00000000e5560000, 0x00000000e6ab0000, 0x00000000e6ab0000)
  to   space 21824K,   0% used [0x00000000e6ab0000, 0x00000000e6ab0000, 0x00000000e8000000)
 concurrent mark-sweep generation total 393216K, used 152481K [0x00000000e8000000, 0x0000000100000000, 0x0000000100000000)
 Metaspace       used 29669K, capacity 29996K, committed 30284K, reserved 1075200K
  class space    used 3499K, capacity 3644K, committed 3660K, reserved 1048576K
2015-09-09T14:58:01.106+0200: 47.977: [GC (Allocation Failure) 47.977: [ParNew
Desired survivor size 20112992 bytes, new threshold 8 (max 8)
- age   1:    5377304 bytes,    5377304 total
- age   2:    2089704 bytes,    7467008 total
- age   3:    1280584 bytes,    8747592 total
- age   4:    5388128 bytes,   14135720 total
- age   5:    2247472 bytes,   16383192 total
- age   6:    1052200 bytes,   17435392 total
- age   7:     650448 bytes,   18085840 total
- age   8:     695248 bytes,   18781088 total
: 109248K->21824K(109248K), 0.0068009 secs] 261729K->178624K(502464K), 0.0068454 secs] [Times: user=0.06 sys=0.00, real=0.01 secs] 
Heap after GC invocations=63 (full 2):
 par new generation   total 109248K, used 21824K [0x00000000e0000000, 0x00000000e8000000, 0x00000000e8000000)
  eden space 87424K,   0% used [0x00000000e0000000, 0x00000000e0000000, 0x00000000e5560000)
  from space 21824K, 100% used [0x00000000e6ab0000, 0x00000000e8000000, 0x00000000e8000000)
  to   space 21824K,   0% used [0x00000000e5560000, 0x00000000e5560000, 0x00000000e6ab0000)
 concurrent mark-sweep generation total 393216K, used 156800K [0x00000000e8000000, 0x0000000100000000, 0x0000000100000000)
 Metaspace       used 29669K, capacity 29996K, committed 30284K, reserved 1075200K
  class space    used 3499K, capacity 3644K, committed 3660K, reserved 1048576K
}
2015-09-09T14:58:01.113+0200: 47.984: Total time for which application threads were stopped: 0.0069919 seconds, Stopping threads took: 0.0000170 seconds
{Heap before GC invocations=63 (full 2):
 par new generation   total 109248K, used 109248K [0x00000000e0000000, 0x00000000e8000000, 0x00000000e8000000)
  eden space 87424K, 100% used [0x00000000e0000000, 0x00000000e5560000, 0x00000000e5560000)
  from space 21824K, 100% used [0x00000000e6ab0000, 0x00000000e8000000, 0x00000000e8000000)
  to   space 21824K,   0% used [0x00000000e5560000, 0x00000000e5560000, 0x00000000e6ab0000)
 concurrent mark-sweep generation total 393216K, used 156800K [0x00000000e8000000, 0x0000000100000000, 0x0000000100000000)
 Metaspace       used 29669K, capacity 29996K, committed 30284K, reserved 1075200K
  class space    used 3499K, capacity 3644K, committed 3660K, reserved 1048576K
2015-09-09T14:58:01.383+0200: 48.254: [GC (Allocation Failure) 48.254: [ParNew
Desired survivor size 20112992 bytes, new threshold 8 (max 8)
- age   1:    4773104 bytes,    4773104 total
- age   2:    2488920 bytes,    7262024 total
- age   3:    2020680 bytes,    9282704 total
- age   4:    1279280 bytes,   10561984 total
- age   5:    5241816 bytes,   15803800 total
- age   6:    2196224 bytes,   18000024 total
- age   7:    1026016 bytes,   19026040 total
- age   8:     568016 bytes,   19594056 total
: 109248K->21824K(109248K), 0.0067609 secs] 266048K->181226K(502464K), 0.0068083 secs] [Times: user=0.00 sys=0.00, real=0.01 secs] 
Heap after GC invocations=64 (full 2):
 par new generation   total 109248K, used 21824K [0x00000000e0000000, 0x00000000e8000000, 0x00000000e8000000)
  eden space 87424K,   0% used [0x00000000e0000000, 0x00000000e0000000, 0x00000000e5560000)
  from space 21824K, 100% used [0x00000000e5560000, 0x00000000e6ab0000, 0x00000000e6ab0000)
  to   space 21824K,   0% used [0x00000000e6ab0000, 0x00000000e6ab0000, 0x00000000e8000000)
 concurrent mark-sweep generation total 393216K, used 159402K [0x00000000e8000000, 0x0000000100000000, 0x0000000100000000)
 Metaspace       used 29669K, capacity 29996K, committed 30284K, reserved 1075200K
  class space    used 3499K, capacity 3644K, committed 3660K, reserved 1048576K
}
2015-09-09T14:58:01.390+0200: 48.261: Total time for which application threads were stopped: 0.0069481 seconds, Stopping threads took: 0.0000138 seconds
{Heap before GC invocations=64 (full 2):
 par new generation   total 109248K, used 109248K [0x00000000e0000000, 0x00000000e8000000, 0x00000000e8000000)
  eden space 87424K, 100% used [0x00000000e0000000, 0x00000000e5560000, 0x00000000e5560000)
  from space 21824K, 100% used [0x00000000e5560000, 0x00000000e6ab0000, 0x00000000e6ab0000)
  to   space 21824K,   0% used [0x00000000e6ab0000, 0x00000000e6ab0000, 0x00000000e8000000)
 concurrent mark-sweep generation total 393216K, used 159402K [0x00000000e8000000, 0x0000000100000000, 0x0000000100000000)
 Metaspace       used 29669K, capacity 29996K, committed 30284K, reserved 1075200K
  class space    used 3499K, capacity 3644K, committed 3660K, reserved 1048576K
2015-09-09T14:58:01.661+0200: 48.532: [GC (Allocation Failure) 48.532: [ParNew
Desired survivor size 20112992 bytes, new threshold 8 (max 8)
- age   1:    6047752 bytes,    6047752 total
- age   2:    1919160 bytes,    7966912 total
- age   3:    1375024 bytes,    9341936 total
- age   4:    1213960 bytes,   10555896 total
- age   5:    1071760 bytes,   11627656 total
- age   6:    5201504 bytes,   16829160 total
- age   7:    2146888 bytes,   18976048 total
- age   8:    1005808 bytes,   19981856 total
: 109248K->21824K(109248K), 0.0065555 secs] 268650K->184611K(502464K), 0.0066012 secs] [Times: user=0.00 sys=0.00, real=0.01 secs] 
Heap after GC invocations=65 (full 2):
 par new generation   total 109248K, used 21824K [0x00000000e0000000, 0x00000000e8000000, 0x00000000e8000000)
  eden space 87424K,   0% used [0x00000000e0000000, 0x00000000e0000000, 0x00000000e5560000)
  from space 21824K, 100% used [0x00000000e6ab0000, 0x00000000e8000000, 0x00000000e8000000)
  to   space 21824K,   0% used [0x00000000e5560000, 0x00000000e5560000, 0x00000000e6ab0000)
 concurrent mark-sweep generation total 393216K, used 162787K [0x00000000e8000000, 0x0000000100000000, 0x0000000100000000)
 Metaspace       used 29669K, capacity 29996K, committed 30284K, reserved 1075200K
  class space    used 3499K, capacity 3644K, committed 3660K, reserved 1048576K
}
2015-09-09T14:58:01.667+0200: 48.538: Total time for which application threads were stopped: 0.0067366 seconds, Stopping threads took: 0.0000138 seconds
{Heap before GC invocations=65 (full 2):
 par new generation   total 109248K, used 109248K [0x00000000e0000000, 0x00000000e8000000, 0x00000000e8000000)
  eden space 87424K, 100% used [0x00000000e0000000, 0x00000000e5560000, 0x00000000e5560000)
  from space 21824K, 100% used [0x00000000e6ab0000, 0x00000000e8000000, 0x00000000e8000000)
  to   space 21824K,   0% used [0x00000000e5560000, 0x00000000e5560000, 0x00000000e6ab0000)
 concurrent mark-sweep generation total 393216K, used 162787K [0x00000000e8000000, 0x0000000100000000, 0x0000000100000000)
 Metaspace       used 29669K, capacity 29996K, committed 30284K, reserved 1075200K
  class space    used 3499K, capacity 3644K, committed 3660K, reserved 1048576K
2015-09-09T14:58:01.945+0200: 48.816: [GC (Allocation Failure) 48.816: [ParNew
Desired survivor size 20112992 bytes, new threshold 8 (max 8)
- age   1:    6110248 bytes,    6110248 total
- age   2:    2477592 bytes,    8587840 total
- age   3:    1543136 bytes,   10130976 total
- age   4:    1167832 bytes,   11298808 total
- age   5:     994248 bytes,   12293056 total
- age   6:     906608 bytes,   13199664 total
- age   7:    5327072 bytes,   18526736 total
- age   8:    2146328 bytes,   20673064 total
: 109248K->21824K(109248K), 0.0074655 secs] 272035K->187231K(502464K), 0.0075123 secs] [Times: user=0.00 sys=0.00, real=0.01 secs] 
Heap after GC invocations=66 (full 2):
 par new generation   total 109248K, used 21824K [0x00000000e0000000, 0x00000000e8000000, 0x00000000e8000000)
  eden space 87424K,   0% used [0x00000000e0000000, 0x00000000e0000000, 0x00000000e5560000)
  from space 21824K, 100% used [0x00000000e5560000, 0x00000000e6ab0000, 0x00000000e6ab0000)
  to   space 21824K,   0% used [0x00000000e6ab0000, 0x00000000e6ab0000, 0x00000000e8000000)
 concurrent mark-sweep generation total 393216K, used 165407K [0x00000000e8000000, 0x0000000100000000, 0x0000000100000000)
 Metaspace       used 29669K, capacity 29996K, committed 30284K, reserved 1075200K
  class space    used 3499K, capacity 3644K, committed 3660K, reserved 1048576K
}
2015-09-09T14:58:01.953+0200: 48.824: Total time for which application threads were stopped: 0.0076546 seconds, Stopping threads took: 0.0000138 seconds
{Heap before GC invocations=66 (full 2):
 par new generation   total 109248K, used 109084K [0x00000000e0000000, 0x00000000e8000000, 0x00000000e8000000)
  eden space 87424K,  99% used [0x00000000e0000000, 0x00000000e55371a8, 0x00000000e5560000)
  from space 21824K, 100% used [0x00000000e5560000, 0x00000000e6ab0000, 0x00000000e6ab0000)
  to   space 21824K,   0% used [0x00000000e6ab0000, 0x00000000e6ab0000, 0x00000000e8000000)
 concurrent mark-sweep generation total 393216K, used 165407K [0x00000000e8000000, 0x0000000100000000, 0x0000000100000000)
 Metaspace       used 29669K, capacity 29996K, committed 30284K, reserved 1075200K
  class space    used 3499K, capacity 3644K, committed 3660K, reserved 1048576K
2015-09-09T14:58:02.216+0200: 49.087: [GC (Allocation Failure) 49.087: [ParNew
Desired survivor size 20112992 bytes, new threshold 8 (max 8)
- age   1:    6697656 bytes,    6697656 total
- age   2:    2653816 bytes,    9351472 total
- age   3:    1269888 bytes,   10621360 total
- age   4:    1136712 bytes,   11758072 total
- age   5:    1150528 bytes,   12908600 total
- age   6:     855080 bytes,   13763680 total
- age   7:     901328 bytes,   14665008 total
- age   8:    5155440 bytes,   19820448 total
: 109084K->21824K(109248K), 0.0074486 secs] 274492K->194269K(502464K), 0.0074972 secs] [Times: user=0.06 sys=0.00, real=0.01 secs] 
Heap after GC invocations=67 (full 2):
 par new generation   total 109248K, used 21824K [0x00000000e0000000, 0x00000000e8000000, 0x00000000e8000000)
  eden space 87424K,   0% used [0x00000000e0000000, 0x00000000e0000000, 0x00000000e5560000)
  from space 21824K, 100% used [0x00000000e6ab0000, 0x00000000e8000000, 0x00000000e8000000)
  to   space 21824K,   0% used [0x00000000e5560000, 0x00000000e5560000, 0x00000000e6ab0000)
 concurrent mark-sweep generation total 393216K, used 172445K [0x00000000e8000000, 0x0000000100000000, 0x0000000100000000)
 Metaspace       used 29669K, capacity 29996K, committed 30284K, reserved 1075200K
  class space    used 3499K, capacity 3644K, committed 3660K, reserved 1048576K
}
2015-09-09T14:58:02.223+0200: 49.094: Total time for which application threads were stopped: 0.0076396 seconds, Stopping threads took: 0.0000144 seconds
{Heap before GC invocations=67 (full 2):
 par new generation   total 109248K, used 109248K [0x00000000e0000000, 0x00000000e8000000, 0x00000000e8000000)
  eden space 87424K, 100% used [0x00000000e0000000, 0x00000000e5560000, 0x00000000e5560000)
  from space 21824K, 100% used [0x00000000e6ab0000, 0x00000000e8000000, 0x00000000e8000000)
  to   space 21824K,   0% used [0x00000000e5560000, 0x00000000e5560000, 0x00000000e6ab0000)
 concurrent mark-sweep generation total 393216K, used 172445K [0x00000000e8000000, 0x0000000100000000, 0x0000000100000000)
 Metaspace       used 29669K, capacity 29996K, committed 30284K, reserved 1075200K
  class space    used 3499K, capacity 3644K, committed 3660K, reserved 1048576K
2015-09-09T14:58:02.510+0200: 49.382: [GC (Allocation Failure) 49.382: [ParNew
Desired survivor size 20112992 bytes, new threshold 8 (max 8)
- age   1:    5321840 bytes,    5321840 total
- age   2:    5426568 bytes,   10748408 total
- age   3:    2406264 bytes,   13154672 total
- age   4:    1174096 bytes,   14328768 total
- age   5:    1048120 bytes,   15376888 total
- age   6:    1065976 bytes,   16442864 total
- age   7:     801256 bytes,   17244120 total
- age   8:     868864 bytes,   18112984 total
: 109248K->21824K(109248K), 0.0082044 secs] 281693K->200258K(502464K), 0.0082630 secs] [Times: user=0.06 sys=0.00, real=0.01 secs] 
Heap after GC invocations=68 (full 2):
 par new generation   total 109248K, used 21824K [0x00000000e0000000, 0x00000000e8000000, 0x00000000e8000000)
  eden space 87424K,   0% used [0x00000000e0000000, 0x00000000e0000000, 0x00000000e5560000)
  from space 21824K, 100% used [0x00000000e5560000, 0x00000000e6ab0000, 0x00000000e6ab0000)
  to   space 21824K,   0% used [0x00000000e6ab0000, 0x00000000e6ab0000, 0x00000000e8000000)
 concurrent mark-sweep generation total 393216K, used 178434K [0x00000000e8000000, 0x0000000100000000, 0x0000000100000000)
 Metaspace       used 29669K, capacity 29996K, committed 30284K, reserved 1075200K
  class space    used 3499K, capacity 3644K, committed 3660K, reserved 1048576K
}
2015-09-09T14:58:02.519+0200: 49.390: Total time for which application threads were stopped: 0.0084214 seconds, Stopping threads took: 0.0000134 seconds
{Heap before GC invocations=68 (full 2):
 par new generation   total 109248K, used 107210K [0x00000000e0000000, 0x00000000e8000000, 0x00000000e8000000)
  eden space 87424K,  97% used [0x00000000e0000000, 0x00000000e5362840, 0x00000000e5560000)
  from space 21824K, 100% used [0x00000000e5560000, 0x00000000e6ab0000, 0x00000000e6ab0000)
  to   space 21824K,   0% used [0x00000000e6ab0000, 0x00000000e6ab0000, 0x00000000e8000000)
 concurrent mark-sweep generation total 393216K, used 178434K [0x00000000e8000000, 0x0000000100000000, 0x0000000100000000)
 Metaspace       used 29669K, capacity 29996K, committed 30284K, reserved 1075200K
  class space    used 3499K, capacity 3644K, committed 3660K, reserved 1048576K
2015-09-09T14:58:02.786+0200: 49.658: [GC (Allocation Failure) 49.658: [ParNew
Desired survivor size 20112992 bytes, new threshold 8 (max 8)
- age   1:    6204584 bytes,    6204584 total
- age   2:    2527048 bytes,    8731632 total
- age   3:    2478560 bytes,   11210192 total
- age   4:    2324992 bytes,   13535184 total
- age   5:    1125368 bytes,   14660552 total
- age   6:     998416 bytes,   15658968 total
- age   7:    1017760 bytes,   16676728 total
- age   8:     773088 bytes,   17449816 total
: 107210K->21824K(109248K), 0.0078354 secs] 285645K->203959K(502464K), 0.0078809 secs] [Times: user=0.00 sys=0.00, real=0.01 secs] 
Heap after GC invocations=69 (full 2):
 par new generation   total 109248K, used 21824K [0x00000000e0000000, 0x00000000e8000000, 0x00000000e8000000)
  eden space 87424K,   0% used [0x00000000e0000000, 0x00000000e0000000, 0x00000000e5560000)
  from space 21824K, 100% used [0x00000000e6ab0000, 0x00000000e8000000, 0x00000000e8000000)
  to   space 21824K,   0% used [0x00000000e5560000, 0x00000000e5560000, 0x00000000e6ab0000)
 concurrent mark-sweep generation total 393216K, used 182135K [0x00000000e8000000, 0x0000000100000000, 0x0000000100000000)
 Metaspace       used 29669K, capacity 29996K, committed 30284K, reserved 1075200K
  class space    used 3499K, capacity 3644K, committed 3660K, reserved 1048576K
}
2015-09-09T14:58:02.794+0200: 49.666: Total time for which application threads were stopped: 0.0080217 seconds, Stopping threads took: 0.0000138 seconds
{Heap before GC invocations=69 (full 2):
 par new generation   total 109248K, used 109248K [0x00000000e0000000, 0x00000000e8000000, 0x00000000e8000000)
  eden space 87424K, 100% used [0x00000000e0000000, 0x00000000e5560000, 0x00000000e5560000)
  from space 21824K, 100% used [0x00000000e6ab0000, 0x00000000e8000000, 0x00000000e8000000)
  to   space 21824K,   0% used [0x00000000e5560000, 0x00000000e5560000, 0x00000000e6ab0000)
 concurrent mark-sweep generation total 393216K, used 182135K [0x00000000e8000000, 0x0000000100000000, 0x0000000100000000)
 Metaspace       used 29669K, capacity 29996K, committed 30284K, reserved 1075200K
  class space    used 3499K, capacity 3644K, committed 3660K, reserved 1048576K
2015-09-09T14:58:03.076+0200: 49.947: [GC (Allocation Failure) 49.947: [ParNew
Desired survivor size 20112992 bytes, new threshold 8 (max 8)
- age   1:    9226944 bytes,    9226944 total
- age   2:     949024 bytes,   10175968 total
- age   3:    2072152 bytes,   12248120 total
- age   4:    2382208 bytes,   14630328 total
- age   5:    2294080 bytes,   16924408 total
- age   6:    1067264 bytes,   17991672 total
- age   7:     973136 bytes,   18964808 total
- age   8:     989016 bytes,   19953824 total
: 109248K->21824K(109248K), 0.0081775 secs] 291383K->207384K(502464K), 0.0082268 secs] [Times: user=0.06 sys=0.00, real=0.01 secs] 
Heap after GC invocations=70 (full 2):
 par new generation   total 109248K, used 21824K [0x00000000e0000000, 0x00000000e8000000, 0x00000000e8000000)
  eden space 87424K,   0% used [0x00000000e0000000, 0x00000000e0000000, 0x00000000e5560000)
  from space 21824K, 100% used [0x00000000e5560000, 0x00000000e6ab0000, 0x00000000e6ab0000)
  to   space 21824K,   0% used [0x00000000e6ab0000, 0x00000000e6ab0000, 0x00000000e8000000)
 concurrent mark-sweep generation total 393216K, used 185560K [0x00000000e8000000, 0x0000000100000000, 0x0000000100000000)
 Metaspace       used 29669K, capacity 29996K, committed 30284K, reserved 1075200K
  class space    used 3499K, capacity 3644K, committed 3660K, reserved 1048576K
}
2015-09-09T14:58:03.084+0200: 49.955: Total time for which application threads were stopped: 0.0083746 seconds, Stopping threads took: 0.0000144 seconds
{Heap before GC invocations=70 (full 2):
 par new generation   total 109248K, used 109248K [0x00000000e0000000, 0x00000000e8000000, 0x00000000e8000000)
  eden space 87424K, 100% used [0x00000000e0000000, 0x00000000e5560000, 0x00000000e5560000)
  from space 21824K, 100% used [0x00000000e5560000, 0x00000000e6ab0000, 0x00000000e6ab0000)
  to   space 21824K,   0% used [0x00000000e6ab0000, 0x00000000e6ab0000, 0x00000000e8000000)
 concurrent mark-sweep generation total 393216K, used 185560K [0x00000000e8000000, 0x0000000100000000, 0x0000000100000000)
 Metaspace       used 29669K, capacity 29996K, committed 30284K, reserved 1075200K
  class space    used 3499K, capacity 3644K, committed 3660K, reserved 1048576K
2015-09-09T14:58:03.354+0200: 50.225: [GC (Allocation Failure) 50.225: [ParNew
Desired survivor size 20112992 bytes, new threshold 8 (max 8)
- age   1:    8213464 bytes,    8213464 total
- age   2:    3353736 bytes,   11567200 total
- age   3:     850608 bytes,   12417808 total
- age   4:    1904880 bytes,   14322688 total
- age   5:    2063400 bytes,   16386088 total
- age   6:    2115856 bytes,   18501944 total
- age   7:    1025376 bytes,   19527320 total
- age   8:     926480 bytes,   20453800 total
: 109248K->21824K(109248K), 0.0087545 secs] 294808K->211046K(502464K), 0.0088015 secs] [Times: user=0.06 sys=0.00, real=0.01 secs] 
Heap after GC invocations=71 (full 2):
 par new generation   total 109248K, used 21824K [0x00000000e0000000, 0x00000000e8000000, 0x00000000e8000000)
  eden space 87424K,   0% used [0x00000000e0000000, 0x00000000e0000000, 0x00000000e5560000)
  from space 21824K, 100% used [0x00000000e6ab0000, 0x00000000e8000000, 0x00000000e8000000)
  to   space 21824K,   0% used [0x00000000e5560000, 0x00000000e5560000, 0x00000000e6ab0000)
 concurrent mark-sweep generation total 393216K, used 189222K [0x00000000e8000000, 0x0000000100000000, 0x0000000100000000)
 Metaspace       used 29669K, capacity 29996K, committed 30284K, reserved 1075200K
  class space    used 3499K, capacity 3644K, committed 3660K, reserved 1048576K
}
2015-09-09T14:58:03.363+0200: 50.234: Total time for which application threads were stopped: 0.0089356 seconds, Stopping threads took: 0.0000131 seconds
{Heap before GC invocations=71 (full 2):
 par new generation   total 109248K, used 109248K [0x00000000e0000000, 0x00000000e8000000, 0x00000000e8000000)
  eden space 87424K, 100% used [0x00000000e0000000, 0x00000000e5560000, 0x00000000e5560000)
  from space 21824K, 100% used [0x00000000e6ab0000, 0x00000000e8000000, 0x00000000e8000000)
  to   space 21824K,   0% used [0x00000000e5560000, 0x00000000e5560000, 0x00000000e6ab0000)
 concurrent mark-sweep generation total 393216K, used 189222K [0x00000000e8000000, 0x0000000100000000, 0x0000000100000000)
 Metaspace       used 29669K, capacity 29996K, committed 30284K, reserved 1075200K
  class space    used 3499K, capacity 3644K, committed 3660K, reserved 1048576K
2015-09-09T14:58:03.639+0200: 50.510: [GC (Allocation Failure) 50.510: [ParNew
Desired survivor size 20112992 bytes, new threshold 8 (max 8)
- age   1:    3010384 bytes,    3010384 total
- age   2:    6811160 bytes,    9821544 total
- age   3:    3343168 bytes,   13164712 total
- age   4:     843664 bytes,   14008376 total
- age   5:    1538936 bytes,   15547312 total
- age   6:    1236896 bytes,   16784208 total
- age   7:    1585520 bytes,   18369728 total
- age   8:    1021696 bytes,   19391424 total
: 109248K->21824K(109248K), 0.0080457 secs] 298470K->215328K(502464K), 0.0080946 secs] [Times: user=0.00 sys=0.00, real=0.01 secs] 
Heap after GC invocations=72 (full 2):
 par new generation   total 109248K, used 21824K [0x00000000e0000000, 0x00000000e8000000, 0x00000000e8000000)
  eden space 87424K,   0% used [0x00000000e0000000, 0x00000000e0000000, 0x00000000e5560000)
  from space 21824K, 100% used [0x00000000e5560000, 0x00000000e6ab0000, 0x00000000e6ab0000)
  to   space 21824K,   0% used [0x00000000e6ab0000, 0x00000000e6ab0000, 0x00000000e8000000)
 concurrent mark-sweep generation total 393216K, used 193504K [0x00000000e8000000, 0x0000000100000000, 0x0000000100000000)
 Metaspace       used 29669K, capacity 29996K, committed 30284K, reserved 1075200K
  class space    used 3499K, capacity 3644K, committed 3660K, reserved 1048576K
}
2015-09-09T14:58:03.647+0200: 50.518: Total time for which application threads were stopped: 0.0082358 seconds, Stopping threads took: 0.0000138 seconds
{Heap before GC invocations=72 (full 2):
 par new generation   total 109248K, used 109248K [0x00000000e0000000, 0x00000000e8000000, 0x00000000e8000000)
  eden space 87424K, 100% used [0x00000000e0000000, 0x00000000e5560000, 0x00000000e5560000)
  from space 21824K, 100% used [0x00000000e5560000, 0x00000000e6ab0000, 0x00000000e6ab0000)
  to   space 21824K,   0% used [0x00000000e6ab0000, 0x00000000e6ab0000, 0x00000000e8000000)
 concurrent mark-sweep generation total 393216K, used 193504K [0x00000000e8000000, 0x0000000100000000, 0x0000000100000000)
 Metaspace       used 29670K, capacity 29996K, committed 30284K, reserved 1075200K
  class space    used 3499K, capacity 3644K, committed 3660K, reserved 1048576K
2015-09-09T14:58:03.924+0200: 50.795: [GC (Allocation Failure) 50.795: [ParNew
Desired survivor size 20112992 bytes, new threshold 8 (max 8)
- age   1:    6839592 bytes,    6839592 total
- age   2:    2952920 bytes,    9792512 total
- age   3:    1593560 bytes,   11386072 total
- age   4:    3323672 bytes,   14709744 total
- age   5:     815736 bytes,   15525480 total
- age   6:    1527752 bytes,   17053232 total
- age   7:    1225872 bytes,   18279104 total
- age   8:    1280976 bytes,   19560080 total
: 109248K->21824K(109248K), 0.0080978 secs] 302752K->218282K(502464K), 0.0081481 secs] [Times: user=0.00 sys=0.00, real=0.01 secs] 
Heap after GC invocations=73 (full 2):
 par new generation   total 109248K, used 21824K [0x00000000e0000000, 0x00000000e8000000, 0x00000000e8000000)
  eden space 87424K,   0% used [0x00000000e0000000, 0x00000000e0000000, 0x00000000e5560000)
  from space 21824K, 100% used [0x00000000e6ab0000, 0x00000000e8000000, 0x00000000e8000000)
  to   space 21824K,   0% used [0x00000000e5560000, 0x00000000e5560000, 0x00000000e6ab0000)
 concurrent mark-sweep generation total 393216K, used 196458K [0x00000000e8000000, 0x0000000100000000, 0x0000000100000000)
 Metaspace       used 29670K, capacity 29996K, committed 30284K, reserved 1075200K
  class space    used 3499K, capacity 3644K, committed 3660K, reserved 1048576K
}
2015-09-09T14:58:03.932+0200: 50.804: Total time for which application threads were stopped: 0.0082918 seconds, Stopping threads took: 0.0000144 seconds
{Heap before GC invocations=73 (full 2):
 par new generation   total 109248K, used 109248K [0x00000000e0000000, 0x00000000e8000000, 0x00000000e8000000)
  eden space 87424K, 100% used [0x00000000e0000000, 0x00000000e5560000, 0x00000000e5560000)
  from space 21824K, 100% used [0x00000000e6ab0000, 0x00000000e8000000, 0x00000000e8000000)
  to   space 21824K,   0% used [0x00000000e5560000, 0x00000000e5560000, 0x00000000e6ab0000)
 concurrent mark-sweep generation total 393216K, used 196458K [0x00000000e8000000, 0x0000000100000000, 0x0000000100000000)
 Metaspace       used 29670K, capacity 29996K, committed 30284K, reserved 1075200K
  class space    used 3499K, capacity 3644K, committed 3660K, reserved 1048576K
2015-09-09T14:58:04.231+0200: 51.102: [GC (Allocation Failure) 51.102: [ParNew
Desired survivor size 20112992 bytes, new threshold 8 (max 8)
- age   1:    4663776 bytes,    4663776 total
- age   2:    6682984 bytes,   11346760 total
- age   3:    1426816 bytes,   12773576 total
- age   4:    1566384 bytes,   14339960 total
- age   5:     942104 bytes,   15282064 total
- age   6:     795864 bytes,   16077928 total
- age   7:     721544 bytes,   16799472 total
- age   8:    1205168 bytes,   18004640 total
: 109248K->21824K(109248K), 0.0084476 secs] 305706K->224455K(502464K), 0.0084914 secs] [Times: user=0.06 sys=0.00, real=0.01 secs] 
Heap after GC invocations=74 (full 2):
 par new generation   total 109248K, used 21824K [0x00000000e0000000, 0x00000000e8000000, 0x00000000e8000000)
  eden space 87424K,   0% used [0x00000000e0000000, 0x00000000e0000000, 0x00000000e5560000)
  from space 21824K, 100% used [0x00000000e5560000, 0x00000000e6ab0000, 0x00000000e6ab0000)
  to   space 21824K,   0% used [0x00000000e6ab0000, 0x00000000e6ab0000, 0x00000000e8000000)
 concurrent mark-sweep generation total 393216K, used 202631K [0x00000000e8000000, 0x0000000100000000, 0x0000000100000000)
 Metaspace       used 29670K, capacity 29996K, committed 30284K, reserved 1075200K
  class space    used 3499K, capacity 3644K, committed 3660K, reserved 1048576K
}
2015-09-09T14:58:04.239+0200: 51.110: Total time for which application threads were stopped: 0.0086278 seconds, Stopping threads took: 0.0000131 seconds
2015-09-09T14:58:04.239+0200: 51.111: [GC (CMS Initial Mark) [1 CMS-initial-mark: 202631K(393216K)] 226189K(502464K), 0.0022950 secs] [Times: user=0.00 sys=0.00, real=0.00 secs] 
2015-09-09T14:58:04.242+0200: 51.113: Total time for which application threads were stopped: 0.0023785 seconds, Stopping threads took: 0.0000192 seconds
2015-09-09T14:58:04.242+0200: 51.113: [CMS-concurrent-mark-start]
2015-09-09T14:58:04.250+0200: 51.122: [CMS-concurrent-mark: 0.009/0.009 secs] [Times: user=0.06 sys=0.00, real=0.01 secs] 
2015-09-09T14:58:04.250+0200: 51.122: [CMS-concurrent-preclean-start]
2015-09-09T14:58:04.251+0200: 51.122: [CMS-concurrent-preclean: 0.001/0.001 secs] [Times: user=0.00 sys=0.00, real=0.00 secs] 
2015-09-09T14:58:04.251+0200: 51.123: [GC (CMS Final Remark) [YG occupancy: 23557 K (109248 K)]{Heap before GC invocations=74 (full 3):
 par new generation   total 109248K, used 23557K [0x00000000e0000000, 0x00000000e8000000, 0x00000000e8000000)
  eden space 87424K,   1% used [0x00000000e0000000, 0x00000000e01b1618, 0x00000000e5560000)
  from space 21824K, 100% used [0x00000000e5560000, 0x00000000e6ab0000, 0x00000000e6ab0000)
  to   space 21824K,   0% used [0x00000000e6ab0000, 0x00000000e6ab0000, 0x00000000e8000000)
 concurrent mark-sweep generation total 393216K, used 202631K [0x00000000e8000000, 0x0000000100000000, 0x0000000100000000)
 Metaspace       used 29670K, capacity 29996K, committed 30284K, reserved 1075200K
  class space    used 3499K, capacity 3644K, committed 3660K, reserved 1048576K
2015-09-09T14:58:04.251+0200: 51.123: [GC (CMS Final Remark) 51.123: [ParNew
Desired survivor size 20112992 bytes, new threshold 8 (max 8)
- age   1:       6872 bytes,       6872 total
- age   2:    4810312 bytes,    4817184 total
- age   3:    6682984 bytes,   11500168 total
- age   4:    1426816 bytes,   12926984 total
- age   5:    1566384 bytes,   14493368 total
- age   6:     942104 bytes,   15435472 total
- age   7:     795864 bytes,   16231336 total
- age   8:     721544 bytes,   16952880 total
: 23557K->21448K(109248K), 0.0070223 secs] 226189K->225273K(502464K), 0.0070611 secs] [Times: user=0.00 sys=0.00, real=0.01 secs] 
Heap after GC invocations=75 (full 3):
 par new generation   total 109248K, used 21448K [0x00000000e0000000, 0x00000000e8000000, 0x00000000e8000000)
  eden space 87424K,   0% used [0x00000000e0000000, 0x00000000e0000000, 0x00000000e5560000)
  from space 21824K,  98% used [0x00000000e6ab0000, 0x00000000e7fa2120, 0x00000000e8000000)
  to   space 21824K,   0% used [0x00000000e5560000, 0x00000000e5560000, 0x00000000e6ab0000)
 concurrent mark-sweep generation total 393216K, used 203825K [0x00000000e8000000, 0x0000000100000000, 0x0000000100000000)
 Metaspace       used 29670K, capacity 29996K, committed 30284K, reserved 1075200K
  class space    used 3499K, capacity 3644K, committed 3660K, reserved 1048576K
}
51.130: [Rescan (parallel) , 0.0023014 secs]51.132: [weak refs processing, 0.0005085 secs]51.133: [class unloading, 0.0037388 secs]51.136: [scrub symbol table, 0.0028560 secs]51.139: [scrub string table, 0.0003581 secs][1 CMS-remark: 203825K(393216K)] 225273K(502464K), 0.0175355 secs] [Times: user=0.02 sys=0.00, real=0.02 secs] 
2015-09-09T14:58:04.269+0200: 51.140: Total time for which application threads were stopped: 0.0176405 seconds, Stopping threads took: 0.0000272 seconds
2015-09-09T14:58:04.269+0200: 51.140: [CMS-concurrent-sweep-start]
2015-09-09T14:58:04.297+0200: 51.168: [CMS-concurrent-sweep: 0.028/0.028 secs] [Times: user=0.05 sys=0.02, real=0.03 secs] 
2015-09-09T14:58:04.297+0200: 51.168: [CMS-concurrent-reset-start]
2015-09-09T14:58:04.298+0200: 51.169: [CMS-concurrent-reset: 0.000/0.000 secs] [Times: user=0.00 sys=0.00, real=0.00 secs] 
{Heap before GC invocations=75 (full 3):
 par new generation   total 109248K, used 108872K [0x00000000e0000000, 0x00000000e8000000, 0x00000000e8000000)
  eden space 87424K, 100% used [0x00000000e0000000, 0x00000000e5560000, 0x00000000e5560000)
  from space 21824K,  98% used [0x00000000e6ab0000, 0x00000000e7fa2120, 0x00000000e8000000)
  to   space 21824K,   0% used [0x00000000e5560000, 0x00000000e5560000, 0x00000000e6ab0000)
 concurrent mark-sweep generation total 393216K, used 62073K [0x00000000e8000000, 0x0000000100000000, 0x0000000100000000)
 Metaspace       used 29670K, capacity 29996K, committed 30284K, reserved 1075200K
  class space    used 3499K, capacity 3644K, committed 3660K, reserved 1048576K
2015-09-09T14:58:04.535+0200: 51.406: [GC (Allocation Failure) 51.406: [ParNew
Desired survivor size 20112992 bytes, new threshold 8 (max 8)
- age   1:   10844776 bytes,   10844776 total
- age   2:       2136 bytes,   10846912 total
- age   3:    3705352 bytes,   14552264 total
- age   4:    1321536 bytes,   15873800 total
- age   5:    1283984 bytes,   17157784 total
- age   6:    1437640 bytes,   18595424 total
- age   7:     831416 bytes,   19426840 total
- age   8:     787304 bytes,   20214144 total
: 108872K->21824K(109248K), 0.0080380 secs] 170945K->84699K(502464K), 0.0080860 secs] [Times: user=0.00 sys=0.00, real=0.01 secs] 
Heap after GC invocations=76 (full 3):
 par new generation   total 109248K, used 21824K [0x00000000e0000000, 0x00000000e8000000, 0x00000000e8000000)
  eden space 87424K,   0% used [0x00000000e0000000, 0x00000000e0000000, 0x00000000e5560000)
  from space 21824K, 100% used [0x00000000e5560000, 0x00000000e6ab0000, 0x00000000e6ab0000)
  to   space 21824K,   0% used [0x00000000e6ab0000, 0x00000000e6ab0000, 0x00000000e8000000)
 concurrent mark-sweep generation total 393216K, used 62875K [0x00000000e8000000, 0x0000000100000000, 0x0000000100000000)
 Metaspace       used 29670K, capacity 29996K, committed 30284K, reserved 1075200K
  class space    used 3499K, capacity 3644K, committed 3660K, reserved 1048576K
}
2015-09-09T14:58:04.543+0200: 51.414: Total time for which application threads were stopped: 0.0082316 seconds, Stopping threads took: 0.0000141 seconds
{Heap before GC invocations=76 (full 3):
 par new generation   total 109248K, used 109248K [0x00000000e0000000, 0x00000000e8000000, 0x00000000e8000000)
  eden space 87424K, 100% used [0x00000000e0000000, 0x00000000e5560000, 0x00000000e5560000)
  from space 21824K, 100% used [0x00000000e5560000, 0x00000000e6ab0000, 0x00000000e6ab0000)
  to   space 21824K,   0% used [0x00000000e6ab0000, 0x00000000e6ab0000, 0x00000000e8000000)
 concurrent mark-sweep generation total 393216K, used 62875K [0x00000000e8000000, 0x0000000100000000, 0x0000000100000000)
 Metaspace       used 29670K, capacity 29996K, committed 30284K, reserved 1075200K
  class space    used 3499K, capacity 3644K, committed 3660K, reserved 1048576K
2015-09-09T14:58:04.834+0200: 51.705: [GC (Allocation Failure) 51.705: [ParNew
Desired survivor size 20112992 bytes, new threshold 8 (max 8)
- age   1:    2241632 bytes,    2241632 total
- age   2:    9053096 bytes,   11294728 total
- age   3:       2040 bytes,   11296768 total
- age   4:    3012664 bytes,   14309432 total
- age   5:    1318344 bytes,   15627776 total
- age   6:    1281808 bytes,   16909584 total
- age   7:    1435000 bytes,   18344584 total
- age   8:     829352 bytes,   19173936 total
: 109248K->21824K(109248K), 0.0084086 secs] 172123K->88899K(502464K), 0.0084534 secs] [Times: user=0.06 sys=0.00, real=0.01 secs] 
Heap after GC invocations=77 (full 3):
 par new generation   total 109248K, used 21824K [0x00000000e0000000, 0x00000000e8000000, 0x00000000e8000000)
  eden space 87424K,   0% used [0x00000000e0000000, 0x00000000e0000000, 0x00000000e5560000)
  from space 21824K, 100% used [0x00000000e6ab0000, 0x00000000e8000000, 0x00000000e8000000)
  to   space 21824K,   0% used [0x00000000e5560000, 0x00000000e5560000, 0x00000000e6ab0000)
 concurrent mark-sweep generation total 393216K, used 67075K [0x00000000e8000000, 0x0000000100000000, 0x0000000100000000)
 Metaspace       used 29670K, capacity 29996K, committed 30284K, reserved 1075200K
  class space    used 3499K, capacity 3644K, committed 3660K, reserved 1048576K
}
2015-09-09T14:58:04.843+0200: 51.714: Total time for which application threads were stopped: 0.0086022 seconds, Stopping threads took: 0.0000163 seconds
{Heap before GC invocations=77 (full 3):
 par new generation   total 109248K, used 109248K [0x00000000e0000000, 0x00000000e8000000, 0x00000000e8000000)
  eden space 87424K, 100% used [0x00000000e0000000, 0x00000000e5560000, 0x00000000e5560000)
  from space 21824K, 100% used [0x00000000e6ab0000, 0x00000000e8000000, 0x00000000e8000000)
  to   space 21824K,   0% used [0x00000000e5560000, 0x00000000e5560000, 0x00000000e6ab0000)
 concurrent mark-sweep generation total 393216K, used 67075K [0x00000000e8000000, 0x0000000100000000, 0x0000000100000000)
 Metaspace       used 29670K, capacity 29996K, committed 30284K, reserved 1075200K
  class space    used 3499K, capacity 3644K, committed 3660K, reserved 1048576K
2015-09-09T14:58:05.111+0200: 51.982: [GC (Allocation Failure) 51.982: [ParNew
Desired survivor size 20112992 bytes, new threshold 8 (max 8)
- age   1:   11541568 bytes,   11541568 total
- age   2:    2016576 bytes,   13558144 total
- age   3:    1278944 bytes,   14837088 total
- age   4:       1488 bytes,   14838576 total
- age   5:    2840128 bytes,   17678704 total
- age   6:    1110544 bytes,   18789248 total
- age   7:    1082064 bytes,   19871312 total
- age   8:    1268608 bytes,   21139920 total
: 109248K->21824K(109248K), 0.0089705 secs] 176323K->91700K(502464K), 0.0090409 secs] [Times: user=0.00 sys=0.00, real=0.01 secs] 
Heap after GC invocations=78 (full 3):
 par new generation   total 109248K, used 21824K [0x00000000e0000000, 0x00000000e8000000, 0x00000000e8000000)
  eden space 87424K,   0% used [0x00000000e0000000, 0x00000000e0000000, 0x00000000e5560000)
  from space 21824K, 100% used [0x00000000e5560000, 0x00000000e6ab0000, 0x00000000e6ab0000)
  to   space 21824K,   0% used [0x00000000e6ab0000, 0x00000000e6ab0000, 0x00000000e8000000)
 concurrent mark-sweep generation total 393216K, used 69876K [0x00000000e8000000, 0x0000000100000000, 0x0000000100000000)
 Metaspace       used 29670K, capacity 29996K, committed 30284K, reserved 1075200K
  class space    used 3499K, capacity 3644K, committed 3660K, reserved 1048576K
}
2015-09-09T14:58:05.120+0200: 51.991: Total time for which application threads were stopped: 0.0091823 seconds, Stopping threads took: 0.0000141 seconds
{Heap before GC invocations=78 (full 3):
 par new generation   total 109248K, used 109248K [0x00000000e0000000, 0x00000000e8000000, 0x00000000e8000000)
  eden space 87424K, 100% used [0x00000000e0000000, 0x00000000e5560000, 0x00000000e5560000)
  from space 21824K, 100% used [0x00000000e5560000, 0x00000000e6ab0000, 0x00000000e6ab0000)
  to   space 21824K,   0% used [0x00000000e6ab0000, 0x00000000e6ab0000, 0x00000000e8000000)
 concurrent mark-sweep generation total 393216K, used 69876K [0x00000000e8000000, 0x0000000100000000, 0x0000000100000000)
 Metaspace       used 29670K, capacity 29996K, committed 30284K, reserved 1075200K
  class space    used 3499K, capacity 3644K, committed 3660K, reserved 1048576K
2015-09-09T14:58:05.415+0200: 52.286: [GC (Allocation Failure) 52.286: [ParNew
Desired survivor size 20112992 bytes, new threshold 8 (max 8)
- age   1:    2525704 bytes,    2525704 total
- age   2:   10512104 bytes,   13037808 total
- age   3:    1804144 bytes,   14841952 total
- age   4:    1231120 bytes,   16073072 total
- age   5:       1432 bytes,   16074504 total
- age   6:    2808280 bytes,   18882784 total
- age   7:    1093056 bytes,   19975840 total
- age   8:    1066664 bytes,   21042504 total
: 109248K->21824K(109248K), 0.0087343 secs] 179124K->94486K(502464K), 0.0087794 secs] [Times: user=0.06 sys=0.00, real=0.01 secs] 
Heap after GC invocations=79 (full 3):
 par new generation   total 109248K, used 21824K [0x00000000e0000000, 0x00000000e8000000, 0x00000000e8000000)
  eden space 87424K,   0% used [0x00000000e0000000, 0x00000000e0000000, 0x00000000e5560000)
  from space 21824K, 100% used [0x00000000e6ab0000, 0x00000000e8000000, 0x00000000e8000000)
  to   space 21824K,   0% used [0x00000000e5560000, 0x00000000e5560000, 0x00000000e6ab0000)
 concurrent mark-sweep generation total 393216K, used 72662K [0x00000000e8000000, 0x0000000100000000, 0x0000000100000000)
 Metaspace       used 29670K, capacity 29996K, committed 30284K, reserved 1075200K
  class space    used 3499K, capacity 3644K, committed 3660K, reserved 1048576K
}
2015-09-09T14:58:05.424+0200: 52.295: Total time for which application threads were stopped: 0.0089170 seconds, Stopping threads took: 0.0000138 seconds
{Heap before GC invocations=79 (full 3):
 par new generation   total 109248K, used 109248K [0x00000000e0000000, 0x00000000e8000000, 0x00000000e8000000)
  eden space 87424K, 100% used [0x00000000e0000000, 0x00000000e5560000, 0x00000000e5560000)
  from space 21824K, 100% used [0x00000000e6ab0000, 0x00000000e8000000, 0x00000000e8000000)
  to   space 21824K,   0% used [0x00000000e5560000, 0x00000000e5560000, 0x00000000e6ab0000)
 concurrent mark-sweep generation total 393216K, used 72662K [0x00000000e8000000, 0x0000000100000000, 0x0000000100000000)
 Metaspace       used 29670K, capacity 29996K, committed 30284K, reserved 1075200K
  class space    used 3499K, capacity 3644K, committed 3660K, reserved 1048576K
2015-09-09T14:58:05.707+0200: 52.578: [GC (Allocation Failure) 52.578: [ParNew
Desired survivor size 20112992 bytes, new threshold 7 (max 8)
- age   1:    5852112 bytes,    5852112 total
- age   2:    2472584 bytes,    8324696 total
- age   3:    7435688 bytes,   15760384 total
- age   4:    1170088 bytes,   16930472 total
- age   5:    1022312 bytes,   17952784 total
- age   6:       1264 bytes,   17954048 total
- age   7:    2228040 bytes,   20182088 total
- age   8:    1004520 bytes,   21186608 total
: 109248K->21824K(109248K), 0.0092940 secs] 181910K->98377K(502464K), 0.0093426 secs] [Times: user=0.06 sys=0.00, real=0.01 secs] 
Heap after GC invocations=80 (full 3):
 par new generation   total 109248K, used 21824K [0x00000000e0000000, 0x00000000e8000000, 0x00000000e8000000)
  eden space 87424K,   0% used [0x00000000e0000000, 0x00000000e0000000, 0x00000000e5560000)
  from space 21824K, 100% used [0x00000000e5560000, 0x00000000e6ab0000, 0x00000000e6ab0000)
  to   space 21824K,   0% used [0x00000000e6ab0000, 0x00000000e6ab0000, 0x00000000e8000000)
 concurrent mark-sweep generation total 393216K, used 76553K [0x00000000e8000000, 0x0000000100000000, 0x0000000100000000)
 Metaspace       used 29670K, capacity 29996K, committed 30284K, reserved 1075200K
  class space    used 3499K, capacity 3644K, committed 3660K, reserved 1048576K
}
2015-09-09T14:58:05.716+0200: 52.588: Total time for which application threads were stopped: 0.0094802 seconds, Stopping threads took: 0.0000141 seconds
{Heap before GC invocations=80 (full 3):
 par new generation   total 109248K, used 109248K [0x00000000e0000000, 0x00000000e8000000, 0x00000000e8000000)
  eden space 87424K, 100% used [0x00000000e0000000, 0x00000000e5560000, 0x00000000e5560000)
  from space 21824K, 100% used [0x00000000e5560000, 0x00000000e6ab0000, 0x00000000e6ab0000)
  to   space 21824K,   0% used [0x00000000e6ab0000, 0x00000000e6ab0000, 0x00000000e8000000)
 concurrent mark-sweep generation total 393216K, used 76553K [0x00000000e8000000, 0x0000000100000000, 0x0000000100000000)
 Metaspace       used 29670K, capacity 29996K, committed 30284K, reserved 1075200K
  class space    used 3499K, capacity 3644K, committed 3660K, reserved 1048576K
2015-09-09T14:58:05.991+0200: 52.862: [GC (Allocation Failure) 52.862: [ParNew
Desired survivor size 20112992 bytes, new threshold 6 (max 8)
- age   1:    8465968 bytes,    8465968 total
- age   2:    5339840 bytes,   13805808 total
- age   3:    2133256 bytes,   15939064 total
- age   4:    2477080 bytes,   18416144 total
- age   5:    1038112 bytes,   19454256 total
- age   6:     902968 bytes,   20357224 total
- age   7:       1024 bytes,   20358248 total
: 109248K->21824K(109248K), 0.0100261 secs] 185801K->105484K(502464K), 0.0100943 secs] [Times: user=0.06 sys=0.00, real=0.01 secs] 
Heap after GC invocations=81 (full 3):
 par new generation   total 109248K, used 21824K [0x00000000e0000000, 0x00000000e8000000, 0x00000000e8000000)
  eden space 87424K,   0% used [0x00000000e0000000, 0x00000000e0000000, 0x00000000e5560000)
  from space 21824K, 100% used [0x00000000e6ab0000, 0x00000000e8000000, 0x00000000e8000000)
  to   space 21824K,   0% used [0x00000000e5560000, 0x00000000e5560000, 0x00000000e6ab0000)
 concurrent mark-sweep generation total 393216K, used 83660K [0x00000000e8000000, 0x0000000100000000, 0x0000000100000000)
 Metaspace       used 29670K, capacity 29996K, committed 30284K, reserved 1075200K
  class space    used 3499K, capacity 3644K, committed 3660K, reserved 1048576K
}
2015-09-09T14:58:06.001+0200: 52.872: Total time for which application threads were stopped: 0.0102962 seconds, Stopping threads took: 0.0000138 seconds
{Heap before GC invocations=81 (full 3):
 par new generation   total 109248K, used 109248K [0x00000000e0000000, 0x00000000e8000000, 0x00000000e8000000)
  eden space 87424K, 100% used [0x00000000e0000000, 0x00000000e5560000, 0x00000000e5560000)
  from space 21824K, 100% used [0x00000000e6ab0000, 0x00000000e8000000, 0x00000000e8000000)
  to   space 21824K,   0% used [0x00000000e5560000, 0x00000000e5560000, 0x00000000e6ab0000)
 concurrent mark-sweep generation total 393216K, used 83660K [0x00000000e8000000, 0x0000000100000000, 0x0000000100000000)
 Metaspace       used 29670K, capacity 29996K, committed 30284K, reserved 1075200K
  class space    used 3499K, capacity 3644K, committed 3660K, reserved 1048576K
2015-09-09T14:58:06.289+0200: 53.161: [GC (Allocation Failure) 53.161: [ParNew
Desired survivor size 20112992 bytes, new threshold 6 (max 8)
- age   1:    4187912 bytes,    4187912 total
- age   2:    8423544 bytes,   12611456 total
- age   3:    2209632 bytes,   14821088 total
- age   4:    2108312 bytes,   16929400 total
- age   5:    2462136 bytes,   19391536 total
- age   6:    1023704 bytes,   20415240 total
: 109248K->21824K(109248K), 0.0085522 secs] 192908K->109472K(502464K), 0.0086012 secs] [Times: user=0.06 sys=0.00, real=0.01 secs] 
Heap after GC invocations=82 (full 3):
 par new generation   total 109248K, used 21824K [0x00000000e0000000, 0x00000000e8000000, 0x00000000e8000000)
  eden space 87424K,   0% used [0x00000000e0000000, 0x00000000e0000000, 0x00000000e5560000)
  from space 21824K, 100% used [0x00000000e5560000, 0x00000000e6ab0000, 0x00000000e6ab0000)
  to   space 21824K,   0% used [0x00000000e6ab0000, 0x00000000e6ab0000, 0x00000000e8000000)
 concurrent mark-sweep generation total 393216K, used 87648K [0x00000000e8000000, 0x0000000100000000, 0x0000000100000000)
 Metaspace       used 29670K, capacity 29996K, committed 30284K, reserved 1075200K
  class space    used 3499K, capacity 3644K, committed 3660K, reserved 1048576K
}
2015-09-09T14:58:06.298+0200: 53.169: Total time for which application threads were stopped: 0.0087426 seconds, Stopping threads took: 0.0000141 seconds
{Heap before GC invocations=82 (full 3):
 par new generation   total 109248K, used 109248K [0x00000000e0000000, 0x00000000e8000000, 0x00000000e8000000)
  eden space 87424K, 100% used [0x00000000e0000000, 0x00000000e5560000, 0x00000000e5560000)
  from space 21824K, 100% used [0x00000000e5560000, 0x00000000e6ab0000, 0x00000000e6ab0000)
  to   space 21824K,   0% used [0x00000000e6ab0000, 0x00000000e6ab0000, 0x00000000e8000000)
 concurrent mark-sweep generation total 393216K, used 87648K [0x00000000e8000000, 0x0000000100000000, 0x0000000100000000)
 Metaspace       used 29670K, capacity 29996K, committed 30284K, reserved 1075200K
  class space    used 3499K, capacity 3644K, committed 3660K, reserved 1048576K
2015-09-09T14:58:06.610+0200: 53.482: [GC (Allocation Failure) 53.482: [ParNew
Desired survivor size 20112992 bytes, new threshold 6 (max 8)
- age   1:    2304144 bytes,    2304144 total
- age   2:    4154608 bytes,    6458752 total
- age   3:    8383672 bytes,   14842424 total
- age   4:    1433992 bytes,   16276416 total
- age   5:    2093472 bytes,   18369888 total
- age   6:    2451616 bytes,   20821504 total
: 109248K->21824K(109248K), 0.0087711 secs] 196896K->116299K(502464K), 0.0088159 secs] [Times: user=0.00 sys=0.00, real=0.01 secs] 
Heap after GC invocations=83 (full 3):
 par new generation   total 109248K, used 21824K [0x00000000e0000000, 0x00000000e8000000, 0x00000000e8000000)
  eden space 87424K,   0% used [0x00000000e0000000, 0x00000000e0000000, 0x00000000e5560000)
  from space 21824K, 100% used [0x00000000e6ab0000, 0x00000000e8000000, 0x00000000e8000000)
  to   space 21824K,   0% used [0x00000000e5560000, 0x00000000e5560000, 0x00000000e6ab0000)
 concurrent mark-sweep generation total 393216K, used 94475K [0x00000000e8000000, 0x0000000100000000, 0x0000000100000000)
 Metaspace       used 29670K, capacity 29996K, committed 30284K, reserved 1075200K
  class space    used 3499K, capacity 3644K, committed 3660K, reserved 1048576K
}
2015-09-09T14:58:06.619+0200: 53.490: Total time for which application threads were stopped: 0.0089503 seconds, Stopping threads took: 0.0000138 seconds
{Heap before GC invocations=83 (full 3):
 par new generation   total 109248K, used 109248K [0x00000000e0000000, 0x00000000e8000000, 0x00000000e8000000)
  eden space 87424K, 100% used [0x00000000e0000000, 0x00000000e5560000, 0x00000000e5560000)
  from space 21824K, 100% used [0x00000000e6ab0000, 0x00000000e8000000, 0x00000000e8000000)
  to   space 21824K,   0% used [0x00000000e5560000, 0x00000000e5560000, 0x00000000e6ab0000)
 concurrent mark-sweep generation total 393216K, used 94475K [0x00000000e8000000, 0x0000000100000000, 0x0000000100000000)
 Metaspace       used 29670K, capacity 29996K, committed 30284K, reserved 1075200K
  class space    used 3499K, capacity 3644K, committed 3660K, reserved 1048576K
2015-09-09T14:58:06.889+0200: 53.760: [GC (Allocation Failure) 53.760: [ParNew
Desired survivor size 20112992 bytes, new threshold 8 (max 8)
- age   1:    8925576 bytes,    8925576 total
- age   2:    1834112 bytes,   10759688 total
- age   3:    4134208 bytes,   14893896 total
- age   4:    1662016 bytes,   16555912 total
- age   5:    1419784 bytes,   17975696 total
- age   6:    2083712 bytes,   20059408 total
: 109248K->21824K(109248K), 0.0088982 secs] 203723K->121482K(502464K), 0.0089462 secs] [Times: user=0.00 sys=0.00, real=0.01 secs] 
Heap after GC invocations=84 (full 3):
 par new generation   total 109248K, used 21824K [0x00000000e0000000, 0x00000000e8000000, 0x00000000e8000000)
  eden space 87424K,   0% used [0x00000000e0000000, 0x00000000e0000000, 0x00000000e5560000)
  from space 21824K, 100% used [0x00000000e5560000, 0x00000000e6ab0000, 0x00000000e6ab0000)
  to   space 21824K,   0% used [0x00000000e6ab0000, 0x00000000e6ab0000, 0x00000000e8000000)
 concurrent mark-sweep generation total 393216K, used 99658K [0x00000000e8000000, 0x0000000100000000, 0x0000000100000000)
 Metaspace       used 29670K, capacity 29996K, committed 30284K, reserved 1075200K
  class space    used 3499K, capacity 3644K, committed 3660K, reserved 1048576K
}
2015-09-09T14:58:06.898+0200: 53.769: Total time for which application threads were stopped: 0.0090950 seconds, Stopping threads took: 0.0000262 seconds
{Heap before GC invocations=84 (full 3):
 par new generation   total 109248K, used 109248K [0x00000000e0000000, 0x00000000e8000000, 0x00000000e8000000)
  eden space 87424K, 100% used [0x00000000e0000000, 0x00000000e5560000, 0x00000000e5560000)
  from space 21824K, 100% used [0x00000000e5560000, 0x00000000e6ab0000, 0x00000000e6ab0000)
  to   space 21824K,   0% used [0x00000000e6ab0000, 0x00000000e6ab0000, 0x00000000e8000000)
 concurrent mark-sweep generation total 393216K, used 99658K [0x00000000e8000000, 0x0000000100000000, 0x0000000100000000)
 Metaspace       used 29670K, capacity 29996K, committed 30284K, reserved 1075200K
  class space    used 3499K, capacity 3644K, committed 3660K, reserved 1048576K
2015-09-09T14:58:07.183+0200: 54.054: [GC (Allocation Failure) 54.054: [ParNew
Desired survivor size 20112992 bytes, new threshold 7 (max 8)
- age   1:    4554800 bytes,    4554800 total
- age   2:    8776328 bytes,   13331128 total
- age   3:    1531848 bytes,   14862976 total
- age   4:    1442616 bytes,   16305592 total
- age   5:    1658960 bytes,   17964552 total
- age   6:    1416200 bytes,   19380752 total
- age   7:    2080528 bytes,   21461280 total
: 109248K->21824K(109248K), 0.0090265 secs] 208906K->124201K(502464K), 0.0090722 secs] [Times: user=0.00 sys=0.00, real=0.01 secs] 
Heap after GC invocations=85 (full 3):
 par new generation   total 109248K, used 21824K [0x00000000e0000000, 0x00000000e8000000, 0x00000000e8000000)
  eden space 87424K,   0% used [0x00000000e0000000, 0x00000000e0000000, 0x00000000e5560000)
  from space 21824K, 100% used [0x00000000e6ab0000, 0x00000000e8000000, 0x00000000e8000000)
  to   space 21824K,   0% used [0x00000000e5560000, 0x00000000e5560000, 0x00000000e6ab0000)
 concurrent mark-sweep generation total 393216K, used 102377K [0x00000000e8000000, 0x0000000100000000, 0x0000000100000000)
 Metaspace       used 29670K, capacity 29996K, committed 30284K, reserved 1075200K
  class space    used 3499K, capacity 3644K, committed 3660K, reserved 1048576K
}
2015-09-09T14:58:07.192+0200: 54.063: Total time for which application threads were stopped: 0.0092521 seconds, Stopping threads took: 0.0000141 seconds
{Heap before GC invocations=85 (full 3):
 par new generation   total 109248K, used 109248K [0x00000000e0000000, 0x00000000e8000000, 0x00000000e8000000)
  eden space 87424K, 100% used [0x00000000e0000000, 0x00000000e5560000, 0x00000000e5560000)
  from space 21824K, 100% used [0x00000000e6ab0000, 0x00000000e8000000, 0x00000000e8000000)
  to   space 21824K,   0% used [0x00000000e5560000, 0x00000000e5560000, 0x00000000e6ab0000)
 concurrent mark-sweep generation total 393216K, used 102377K [0x00000000e8000000, 0x0000000100000000, 0x0000000100000000)
 Metaspace       used 29670K, capacity 29996K, committed 30284K, reserved 1075200K
  class space    used 3499K, capacity 3644K, committed 3660K, reserved 1048576K
2015-09-09T14:58:07.483+0200: 54.354: [GC (Allocation Failure) 54.355: [ParNew
Desired survivor size 20112992 bytes, new threshold 8 (max 8)
- age   1:    2416784 bytes,    2416784 total
- age   2:    3428480 bytes,    5845264 total
- age   3:    8748832 bytes,   14594096 total
- age   4:    1249168 bytes,   15843264 total
- age   5:    1393288 bytes,   17236552 total
- age   6:    1512496 bytes,   18749048 total
- age   7:    1170088 bytes,   19919136 total
: 109248K->21824K(109248K), 0.0101324 secs] 211625K->129028K(502464K), 0.0101797 secs] [Times: user=0.06 sys=0.00, real=0.01 secs] 
Heap after GC invocations=86 (full 3):
 par new generation   total 109248K, used 21824K [0x00000000e0000000, 0x00000000e8000000, 0x00000000e8000000)
  eden space 87424K,   0% used [0x00000000e0000000, 0x00000000e0000000, 0x00000000e5560000)
  from space 21824K, 100% used [0x00000000e5560000, 0x00000000e6ab0000, 0x00000000e6ab0000)
  to   space 21824K,   0% used [0x00000000e6ab0000, 0x00000000e6ab0000, 0x00000000e8000000)
 concurrent mark-sweep generation total 393216K, used 107204K [0x00000000e8000000, 0x0000000100000000, 0x0000000100000000)
 Metaspace       used 29670K, capacity 29996K, committed 30284K, reserved 1075200K
  class space    used 3499K, capacity 3644K, committed 3660K, reserved 1048576K
}
2015-09-09T14:58:07.493+0200: 54.365: Total time for which application threads were stopped: 0.0103154 seconds, Stopping threads took: 0.0000138 seconds
{Heap before GC invocations=86 (full 3):
 par new generation   total 109248K, used 109248K [0x00000000e0000000, 0x00000000e8000000, 0x00000000e8000000)
  eden space 87424K, 100% used [0x00000000e0000000, 0x00000000e5560000, 0x00000000e5560000)
  from space 21824K, 100% used [0x00000000e5560000, 0x00000000e6ab0000, 0x00000000e6ab0000)
  to   space 21824K,   0% used [0x00000000e6ab0000, 0x00000000e6ab0000, 0x00000000e8000000)
 concurrent mark-sweep generation total 393216K, used 107204K [0x00000000e8000000, 0x0000000100000000, 0x0000000100000000)
 Metaspace       used 29670K, capacity 29996K, committed 30284K, reserved 1075200K
  class space    used 3499K, capacity 3644K, committed 3660K, reserved 1048576K
2015-09-09T14:58:07.776+0200: 54.648: [GC (Allocation Failure) 54.648: [ParNew
Desired survivor size 20112992 bytes, new threshold 7 (max 8)
- age   1:   11596616 bytes,   11596616 total
- age   2:    1837008 bytes,   13433624 total
- age   3:    2919192 bytes,   16352816 total
- age   4:     907136 bytes,   17259952 total
- age   5:    1167552 bytes,   18427504 total
- age   6:    1312608 bytes,   19740112 total
- age   7:    1464784 bytes,   21204896 total
- age   8:    1121856 bytes,   22326752 total
: 109248K->21824K(109248K), 0.0103922 secs] 216452K->134322K(502464K), 0.0104610 secs] [Times: user=0.00 sys=0.00, real=0.01 secs] 
Heap after GC invocations=87 (full 3):
 par new generation   total 109248K, used 21824K [0x00000000e0000000, 0x00000000e8000000, 0x00000000e8000000)
  eden space 87424K,   0% used [0x00000000e0000000, 0x00000000e0000000, 0x00000000e5560000)
  from space 21824K, 100% used [0x00000000e6ab0000, 0x00000000e8000000, 0x00000000e8000000)
  to   space 21824K,   0% used [0x00000000e5560000, 0x00000000e5560000, 0x00000000e6ab0000)
 concurrent mark-sweep generation total 393216K, used 112498K [0x00000000e8000000, 0x0000000100000000, 0x0000000100000000)
 Metaspace       used 29670K, capacity 29996K, committed 30284K, reserved 1075200K
  class space    used 3499K, capacity 3644K, committed 3660K, reserved 1048576K
}
2015-09-09T14:58:07.787+0200: 54.658: Total time for which application threads were stopped: 0.0106105 seconds, Stopping threads took: 0.0000147 seconds
{Heap before GC invocations=87 (full 3):
 par new generation   total 109248K, used 109248K [0x00000000e0000000, 0x00000000e8000000, 0x00000000e8000000)
  eden space 87424K, 100% used [0x00000000e0000000, 0x00000000e5560000, 0x00000000e5560000)
  from space 21824K, 100% used [0x00000000e6ab0000, 0x00000000e8000000, 0x00000000e8000000)
  to   space 21824K,   0% used [0x00000000e5560000, 0x00000000e5560000, 0x00000000e6ab0000)
 concurrent mark-sweep generation total 393216K, used 112498K [0x00000000e8000000, 0x0000000100000000, 0x0000000100000000)
 Metaspace       used 29670K, capacity 29996K, committed 30284K, reserved 1075200K
  class space    used 3499K, capacity 3644K, committed 3660K, reserved 1048576K
2015-09-09T14:58:08.074+0200: 54.945: [GC (Allocation Failure) 54.945: [ParNew
Desired survivor size 20112992 bytes, new threshold 8 (max 8)
- age   1:    5126544 bytes,    5126544 total
- age   2:    8832632 bytes,   13959176 total
- age   3:    1826224 bytes,   15785400 total
- age   4:     790280 bytes,   16575680 total
- age   5:     895824 bytes,   17471504 total
- age   6:    1159040 bytes,   18630544 total
- age   7:    1301696 bytes,   19932240 total
: 109248K->21824K(109248K), 0.0097625 secs] 221746K->141784K(502464K), 0.0098105 secs] [Times: user=0.00 sys=0.00, real=0.01 secs] 
Heap after GC invocations=88 (full 3):
 par new generation   total 109248K, used 21824K [0x00000000e0000000, 0x00000000e8000000, 0x00000000e8000000)
  eden space 87424K,   0% used [0x00000000e0000000, 0x00000000e0000000, 0x00000000e5560000)
  from space 21824K, 100% used [0x00000000e5560000, 0x00000000e6ab0000, 0x00000000e6ab0000)
  to   space 21824K,   0% used [0x00000000e6ab0000, 0x00000000e6ab0000, 0x00000000e8000000)
 concurrent mark-sweep generation total 393216K, used 119960K [0x00000000e8000000, 0x0000000100000000, 0x0000000100000000)
 Metaspace       used 29670K, capacity 29996K, committed 30284K, reserved 1075200K
  class space    used 3499K, capacity 3644K, committed 3660K, reserved 1048576K
}
2015-09-09T14:58:08.083+0200: 54.955: Total time for which application threads were stopped: 0.0099916 seconds, Stopping threads took: 0.0000138 seconds
{Heap before GC invocations=88 (full 3):
 par new generation   total 109248K, used 109248K [0x00000000e0000000, 0x00000000e8000000, 0x00000000e8000000)
  eden space 87424K, 100% used [0x00000000e0000000, 0x00000000e5560000, 0x00000000e5560000)
  from space 21824K, 100% used [0x00000000e5560000, 0x00000000e6ab0000, 0x00000000e6ab0000)
  to   space 21824K,   0% used [0x00000000e6ab0000, 0x00000000e6ab0000, 0x00000000e8000000)
 concurrent mark-sweep generation total 393216K, used 119960K [0x00000000e8000000, 0x0000000100000000, 0x0000000100000000)
 Metaspace       used 29670K, capacity 29996K, committed 30284K, reserved 1075200K
  class space    used 3499K, capacity 3644K, committed 3660K, reserved 1048576K
2015-09-09T14:58:08.380+0200: 55.251: [GC (Allocation Failure) 55.251: [ParNew
Desired survivor size 20112992 bytes, new threshold 8 (max 8)
- age   1:    2404312 bytes,    2404312 total
- age   2:    4690280 bytes,    7094592 total
- age   3:    8813336 bytes,   15907928 total
- age   4:    1648800 bytes,   17556728 total
- age   5:     763656 bytes,   18320384 total
- age   6:     717696 bytes,   19038080 total
- age   7:     754248 bytes,   19792328 total
- age   8:     942624 bytes,   20734952 total
: 109248K->21824K(109248K), 0.0098773 secs] 229208K->143733K(502464K), 0.0099257 secs] [Times: user=0.06 sys=0.00, real=0.01 secs] 
Heap after GC invocations=89 (full 3):
 par new generation   total 109248K, used 21824K [0x00000000e0000000, 0x00000000e8000000, 0x00000000e8000000)
  eden space 87424K,   0% used [0x00000000e0000000, 0x00000000e0000000, 0x00000000e5560000)
  from space 21824K, 100% used [0x00000000e6ab0000, 0x00000000e8000000, 0x00000000e8000000)
  to   space 21824K,   0% used [0x00000000e5560000, 0x00000000e5560000, 0x00000000e6ab0000)
 concurrent mark-sweep generation total 393216K, used 121909K [0x00000000e8000000, 0x0000000100000000, 0x0000000100000000)
 Metaspace       used 29670K, capacity 29996K, committed 30284K, reserved 1075200K
  class space    used 3499K, capacity 3644K, committed 3660K, reserved 1048576K
}
2015-09-09T14:58:08.390+0200: 55.261: Total time for which application threads were stopped: 0.0100674 seconds, Stopping threads took: 0.0000144 seconds
{Heap before GC invocations=89 (full 3):
 par new generation   total 109248K, used 109248K [0x00000000e0000000, 0x00000000e8000000, 0x00000000e8000000)
  eden space 87424K, 100% used [0x00000000e0000000, 0x00000000e5560000, 0x00000000e5560000)
  from space 21824K, 100% used [0x00000000e6ab0000, 0x00000000e8000000, 0x00000000e8000000)
  to   space 21824K,   0% used [0x00000000e5560000, 0x00000000e5560000, 0x00000000e6ab0000)
 concurrent mark-sweep generation total 393216K, used 121909K [0x00000000e8000000, 0x0000000100000000, 0x0000000100000000)
 Metaspace       used 29670K, capacity 29996K, committed 30284K, reserved 1075200K
  class space    used 3499K, capacity 3644K, committed 3660K, reserved 1048576K
2015-09-09T14:58:08.674+0200: 55.546: [GC (Allocation Failure) 55.546: [ParNew
Desired survivor size 20112992 bytes, new threshold 8 (max 8)
- age   1:    2405992 bytes,    2405992 total
- age   2:    1175792 bytes,    3581784 total
- age   3:    4502328 bytes,    8084112 total
- age   4:    8782200 bytes,   16866312 total
- age   5:     793960 bytes,   17660272 total
- age   6:     717344 bytes,   18377616 total
- age   7:     652224 bytes,   19029840 total
- age   8:     746520 bytes,   19776360 total
: 109248K->21824K(109248K), 0.0107769 secs] 231157K->147308K(502464K), 0.0108223 secs] [Times: user=0.06 sys=0.00, real=0.01 secs] 
Heap after GC invocations=90 (full 3):
 par new generation   total 109248K, used 21824K [0x00000000e0000000, 0x00000000e8000000, 0x00000000e8000000)
  eden space 87424K,   0% used [0x00000000e0000000, 0x00000000e0000000, 0x00000000e5560000)
  from space 21824K, 100% used [0x00000000e5560000, 0x00000000e6ab0000, 0x00000000e6ab0000)
  to   space 21824K,   0% used [0x00000000e6ab0000, 0x00000000e6ab0000, 0x00000000e8000000)
 concurrent mark-sweep generation total 393216K, used 125484K [0x00000000e8000000, 0x0000000100000000, 0x0000000100000000)
 Metaspace       used 29670K, capacity 29996K, committed 30284K, reserved 1075200K
  class space    used 3499K, capacity 3644K, committed 3660K, reserved 1048576K
}
2015-09-09T14:58:08.685+0200: 55.556: Total time for which application threads were stopped: 0.0109589 seconds, Stopping threads took: 0.0000134 seconds
{Heap before GC invocations=90 (full 3):
 par new generation   total 109248K, used 109248K [0x00000000e0000000, 0x00000000e8000000, 0x00000000e8000000)
  eden space 87424K, 100% used [0x00000000e0000000, 0x00000000e5560000, 0x00000000e5560000)
  from space 21824K, 100% used [0x00000000e5560000, 0x00000000e6ab0000, 0x00000000e6ab0000)
  to   space 21824K,   0% used [0x00000000e6ab0000, 0x00000000e6ab0000, 0x00000000e8000000)
 concurrent mark-sweep generation total 393216K, used 125484K [0x00000000e8000000, 0x0000000100000000, 0x0000000100000000)
 Metaspace       used 29670K, capacity 29996K, committed 30284K, reserved 1075200K
  class space    used 3499K, capacity 3644K, committed 3660K, reserved 1048576K
2015-09-09T14:58:08.934+0200: 55.805: [GC (Allocation Failure) 55.805: [ParNew
Desired survivor size 20112992 bytes, new threshold 8 (max 8)
- age   1:   12480176 bytes,   12480176 total
- age   2:    1766416 bytes,   14246592 total
- age   3:     844472 bytes,   15091064 total
- age   4:     647744 bytes,   15738808 total
- age   5:    2660064 bytes,   18398872 total
- age   6:     641472 bytes,   19040344 total
- age   7:     621968 bytes,   19662312 total
- age   8:     568192 bytes,   20230504 total
: 109248K->21824K(109248K), 0.0099788 secs] 234732K->156343K(502464K), 0.0100261 secs] [Times: user=0.02 sys=0.00, real=0.01 secs] 
Heap after GC invocations=91 (full 3):
 par new generation   total 109248K, used 21824K [0x00000000e0000000, 0x00000000e8000000, 0x00000000e8000000)
  eden space 87424K,   0% used [0x00000000e0000000, 0x00000000e0000000, 0x00000000e5560000)
  from space 21824K, 100% used [0x00000000e6ab0000, 0x00000000e8000000, 0x00000000e8000000)
  to   space 21824K,   0% used [0x00000000e5560000, 0x00000000e5560000, 0x00000000e6ab0000)
 concurrent mark-sweep generation total 393216K, used 134519K [0x00000000e8000000, 0x0000000100000000, 0x0000000100000000)
 Metaspace       used 29670K, capacity 29996K, committed 30284K, reserved 1075200K
  class space    used 3499K, capacity 3644K, committed 3660K, reserved 1048576K
}
2015-09-09T14:58:08.944+0200: 55.815: Total time for which application threads were stopped: 0.0101932 seconds, Stopping threads took: 0.0000253 seconds
{Heap before GC invocations=91 (full 3):
 par new generation   total 109248K, used 109248K [0x00000000e0000000, 0x00000000e8000000, 0x00000000e8000000)
  eden space 87424K, 100% used [0x00000000e0000000, 0x00000000e5560000, 0x00000000e5560000)
  from space 21824K, 100% used [0x00000000e6ab0000, 0x00000000e8000000, 0x00000000e8000000)
  to   space 21824K,   0% used [0x00000000e5560000, 0x00000000e5560000, 0x00000000e6ab0000)
 concurrent mark-sweep generation total 393216K, used 134519K [0x00000000e8000000, 0x0000000100000000, 0x0000000100000000)
 Metaspace       used 29670K, capacity 29996K, committed 30284K, reserved 1075200K
  class space    used 3499K, capacity 3644K, committed 3660K, reserved 1048576K
2015-09-09T14:58:09.242+0200: 56.114: [GC (Allocation Failure) 56.114: [ParNew
Desired survivor size 20112992 bytes, new threshold 8 (max 8)
- age   1:    2662144 bytes,    2662144 total
- age   2:   10786840 bytes,   13448984 total
- age   3:    1670248 bytes,   15119232 total
- age   4:     748512 bytes,   15867744 total
- age   5:     589088 bytes,   16456832 total
- age   6:    2605032 bytes,   19061864 total
- age   7:     570616 bytes,   19632480 total
- age   8:     561872 bytes,   20194352 total
: 109248K->21824K(109248K), 0.0099263 secs] 243767K->159200K(502464K), 0.0099695 secs] [Times: user=0.00 sys=0.00, real=0.01 secs] 
Heap after GC invocations=92 (full 3):
 par new generation   total 109248K, used 21824K [0x00000000e0000000, 0x00000000e8000000, 0x00000000e8000000)
  eden space 87424K,   0% used [0x00000000e0000000, 0x00000000e0000000, 0x00000000e5560000)
  from space 21824K, 100% used [0x00000000e5560000, 0x00000000e6ab0000, 0x00000000e6ab0000)
  to   space 21824K,   0% used [0x00000000e6ab0000, 0x00000000e6ab0000, 0x00000000e8000000)
 concurrent mark-sweep generation total 393216K, used 137376K [0x00000000e8000000, 0x0000000100000000, 0x0000000100000000)
 Metaspace       used 29670K, capacity 29996K, committed 30284K, reserved 1075200K
  class space    used 3499K, capacity 3644K, committed 3660K, reserved 1048576K
}
2015-09-09T14:58:09.252+0200: 56.124: Total time for which application threads were stopped: 0.0101058 seconds, Stopping threads took: 0.0000131 seconds
{Heap before GC invocations=92 (full 3):
 par new generation   total 109248K, used 109248K [0x00000000e0000000, 0x00000000e8000000, 0x00000000e8000000)
  eden space 87424K, 100% used [0x00000000e0000000, 0x00000000e5560000, 0x00000000e5560000)
  from space 21824K, 100% used [0x00000000e5560000, 0x00000000e6ab0000, 0x00000000e6ab0000)
  to   space 21824K,   0% used [0x00000000e6ab0000, 0x00000000e6ab0000, 0x00000000e8000000)
 concurrent mark-sweep generation total 393216K, used 137376K [0x00000000e8000000, 0x0000000100000000, 0x0000000100000000)
 Metaspace       used 29670K, capacity 29996K, committed 30284K, reserved 1075200K
  class space    used 3499K, capacity 3644K, committed 3660K, reserved 1048576K
2015-09-09T14:58:09.546+0200: 56.417: [GC (Allocation Failure) 56.417: [ParNew
Desired survivor size 20112992 bytes, new threshold 7 (max 8)
- age   1:    2532360 bytes,    2532360 total
- age   2:    2417848 bytes,    4950208 total
- age   3:   10716416 bytes,   15666624 total
- age   4:    1651384 bytes,   17318008 total
- age   5:     714776 bytes,   18032784 total
- age   6:     575536 bytes,   18608320 total
- age   7:    1540752 bytes,   20149072 total
- age   8:     547392 bytes,   20696464 total
: 109248K->21824K(109248K), 0.0096162 secs] 246624K->161374K(502464K), 0.0096658 secs] [Times: user=0.06 sys=0.00, real=0.01 secs] 
Heap after GC invocations=93 (full 3):
 par new generation   total 109248K, used 21824K [0x00000000e0000000, 0x00000000e8000000, 0x00000000e8000000)
  eden space 87424K,   0% used [0x00000000e0000000, 0x00000000e0000000, 0x00000000e5560000)
  from space 21824K, 100% used [0x00000000e6ab0000, 0x00000000e8000000, 0x00000000e8000000)
  to   space 21824K,   0% used [0x00000000e5560000, 0x00000000e5560000, 0x00000000e6ab0000)
 concurrent mark-sweep generation total 393216K, used 139550K [0x00000000e8000000, 0x0000000100000000, 0x0000000100000000)
 Metaspace       used 29670K, capacity 29996K, committed 30284K, reserved 1075200K
  class space    used 3499K, capacity 3644K, committed 3660K, reserved 1048576K
}
2015-09-09T14:58:09.556+0200: 56.427: Total time for which application threads were stopped: 0.0098028 seconds, Stopping threads took: 0.0000141 seconds
{Heap before GC invocations=93 (full 3):
 par new generation   total 109248K, used 109248K [0x00000000e0000000, 0x00000000e8000000, 0x00000000e8000000)
  eden space 87424K, 100% used [0x00000000e0000000, 0x00000000e5560000, 0x00000000e5560000)
  from space 21824K, 100% used [0x00000000e6ab0000, 0x00000000e8000000, 0x00000000e8000000)
  to   space 21824K,   0% used [0x00000000e5560000, 0x00000000e5560000, 0x00000000e6ab0000)
 concurrent mark-sweep generation total 393216K, used 139550K [0x00000000e8000000, 0x0000000100000000, 0x0000000100000000)
 Metaspace       used 29670K, capacity 29996K, committed 30284K, reserved 1075200K
  class space    used 3499K, capacity 3644K, committed 3660K, reserved 1048576K
2015-09-09T14:58:09.835+0200: 56.706: [GC (Allocation Failure) 56.706: [ParNew
Desired survivor size 20112992 bytes, new threshold 7 (max 8)
- age   1:    7537104 bytes,    7537104 total
- age   2:    2405112 bytes,    9942216 total
- age   3:    2338784 bytes,   12281000 total
- age   4:    5369224 bytes,   17650224 total
- age   5:    1594480 bytes,   19244704 total
- age   6:     679304 bytes,   19924008 total
- age   7:     540504 bytes,   20464512 total
: 109248K->21824K(109248K), 0.0101570 secs] 248798K->166374K(502464K), 0.0101986 secs] [Times: user=0.00 sys=0.00, real=0.01 secs] 
Heap after GC invocations=94 (full 3):
 par new generation   total 109248K, used 21824K [0x00000000e0000000, 0x00000000e8000000, 0x00000000e8000000)
  eden space 87424K,   0% used [0x00000000e0000000, 0x00000000e0000000, 0x00000000e5560000)
  from space 21824K, 100% used [0x00000000e5560000, 0x00000000e6ab0000, 0x00000000e6ab0000)
  to   space 21824K,   0% used [0x00000000e6ab0000, 0x00000000e6ab0000, 0x00000000e8000000)
 concurrent mark-sweep generation total 393216K, used 144550K [0x00000000e8000000, 0x0000000100000000, 0x0000000100000000)
 Metaspace       used 29670K, capacity 29996K, committed 30284K, reserved 1075200K
  class space    used 3499K, capacity 3644K, committed 3660K, reserved 1048576K
}
2015-09-09T14:58:09.845+0200: 56.717: Total time for which application threads were stopped: 0.0103356 seconds, Stopping threads took: 0.0000138 seconds
{Heap before GC invocations=94 (full 3):
 par new generation   total 109248K, used 109182K [0x00000000e0000000, 0x00000000e8000000, 0x00000000e8000000)
  eden space 87424K,  99% used [0x00000000e0000000, 0x00000000e554fab0, 0x00000000e5560000)
  from space 21824K, 100% used [0x00000000e5560000, 0x00000000e6ab0000, 0x00000000e6ab0000)
  to   space 21824K,   0% used [0x00000000e6ab0000, 0x00000000e6ab0000, 0x00000000e8000000)
 concurrent mark-sweep generation total 393216K, used 144550K [0x00000000e8000000, 0x0000000100000000, 0x0000000100000000)
 Metaspace       used 29670K, capacity 29996K, committed 30284K, reserved 1075200K
  class space    used 3499K, capacity 3644K, committed 3660K, reserved 1048576K
2015-09-09T14:58:10.118+0200: 56.988: [GC (Allocation Failure) 56.988: [ParNew
Desired survivor size 20112992 bytes, new threshold 8 (max 8)
- age   1:    4950008 bytes,    4950008 total
- age   2:    6240800 bytes,   11190808 total
- age   3:    2404248 bytes,   13595056 total
- age   4:    2338400 bytes,   15933456 total
- age   5:    2166864 bytes,   18100320 total
- age   6:     663968 bytes,   18764288 total
- age   7:     678696 bytes,   19442984 total
: 109182K->21824K(109248K), 0.0100185 secs] 253733K->176878K(502464K), 0.0100722 secs] [Times: user=0.00 sys=0.00, real=0.01 secs] 
Heap after GC invocations=95 (full 3):
 par new generation   total 109248K, used 21824K [0x00000000e0000000, 0x00000000e8000000, 0x00000000e8000000)
  eden space 87424K,   0% used [0x00000000e0000000, 0x00000000e0000000, 0x00000000e5560000)
  from space 21824K, 100% used [0x00000000e6ab0000, 0x00000000e8000000, 0x00000000e8000000)
  to   space 21824K,   0% used [0x00000000e5560000, 0x00000000e5560000, 0x00000000e6ab0000)
 concurrent mark-sweep generation total 393216K, used 155054K [0x00000000e8000000, 0x0000000100000000, 0x0000000100000000)
 Metaspace       used 29670K, capacity 29996K, committed 30284K, reserved 1075200K
  class space    used 3499K, capacity 3644K, committed 3660K, reserved 1048576K
}
2015-09-09T14:58:10.128+0200: 56.998: Total time for which application threads were stopped: 0.0102594 seconds, Stopping threads took: 0.0000246 seconds
{Heap before GC invocations=95 (full 3):
 par new generation   total 109248K, used 109248K [0x00000000e0000000, 0x00000000e8000000, 0x00000000e8000000)
  eden space 87424K, 100% used [0x00000000e0000000, 0x00000000e5560000, 0x00000000e5560000)
  from space 21824K, 100% used [0x00000000e6ab0000, 0x00000000e8000000, 0x00000000e8000000)
  to   space 21824K,   0% used [0x00000000e5560000, 0x00000000e5560000, 0x00000000e6ab0000)
 concurrent mark-sweep generation total 393216K, used 155054K [0x00000000e8000000, 0x0000000100000000, 0x0000000100000000)
 Metaspace       used 29670K, capacity 29996K, committed 30284K, reserved 1075200K
  class space    used 3499K, capacity 3644K, committed 3660K, reserved 1048576K
2015-09-09T14:58:10.408+0200: 57.279: [GC (Allocation Failure) 57.279: [ParNew
Desired survivor size 20112992 bytes, new threshold 8 (max 8)
- age   1:    2318432 bytes,    2318432 total
- age   2:    4402776 bytes,    6721208 total
- age   3:    5439472 bytes,   12160680 total
- age   4:    2338496 bytes,   14499176 total
- age   5:    2302584 bytes,   16801760 total
- age   6:     611696 bytes,   17413456 total
- age   7:     657536 bytes,   18070992 total
- age   8:     673920 bytes,   18744912 total
: 109248K->21824K(109248K), 0.0100290 secs] 264302K->184839K(502464K), 0.0100745 secs] [Times: user=0.06 sys=0.00, real=0.01 secs] 
Heap after GC invocations=96 (full 3):
 par new generation   total 109248K, used 21824K [0x00000000e0000000, 0x00000000e8000000, 0x00000000e8000000)
  eden space 87424K,   0% used [0x00000000e0000000, 0x00000000e0000000, 0x00000000e5560000)
  from space 21824K, 100% used [0x00000000e5560000, 0x00000000e6ab0000, 0x00000000e6ab0000)
  to   space 21824K,   0% used [0x00000000e6ab0000, 0x00000000e6ab0000, 0x00000000e8000000)
 concurrent mark-sweep generation total 393216K, used 163015K [0x00000000e8000000, 0x0000000100000000, 0x0000000100000000)
 Metaspace       used 29670K, capacity 29996K, committed 30284K, reserved 1075200K
  class space    used 3499K, capacity 3644K, committed 3660K, reserved 1048576K
}
2015-09-09T14:58:10.418+0200: 57.289: Total time for which application threads were stopped: 0.0102114 seconds, Stopping threads took: 0.0000138 seconds
2015-09-09T14:58:11.317+0200: 58.188: Total time for which application threads were stopped: 0.0000589 seconds, Stopping threads took: 0.0000118 seconds
{Heap before GC invocations=96 (full 3):
 par new generation   total 109248K, used 109248K [0x00000000e0000000, 0x00000000e8000000, 0x00000000e8000000)
  eden space 87424K, 100% used [0x00000000e0000000, 0x00000000e5560000, 0x00000000e5560000)
  from space 21824K, 100% used [0x00000000e5560000, 0x00000000e6ab0000, 0x00000000e6ab0000)
  to   space 21824K,   0% used [0x00000000e6ab0000, 0x00000000e6ab0000, 0x00000000e8000000)
 concurrent mark-sweep generation total 393216K, used 163015K [0x00000000e8000000, 0x0000000100000000, 0x0000000100000000)
 Metaspace       used 29675K, capacity 29996K, committed 30284K, reserved 1075200K
  class space    used 3499K, capacity 3644K, committed 3660K, reserved 1048576K
2015-09-09T14:58:11.375+0200: 58.246: [GC (Allocation Failure) 58.246: [ParNew
Desired survivor size 20112992 bytes, new threshold 8 (max 8)
- age   1:     780104 bytes,     780104 total
- age   2:    2203440 bytes,    2983544 total
- age   3:    3252728 bytes,    6236272 total
- age   4:    3486248 bytes,    9722520 total
- age   5:    2263840 bytes,   11986360 total
- age   6:    2243592 bytes,   14229952 total
- age   7:     564112 bytes,   14794064 total
- age   8:     598688 bytes,   15392752 total
: 109248K->21824K(109248K), 0.0174024 secs] 272263K->191239K(502464K), 0.0174526 secs] [Times: user=0.08 sys=0.00, real=0.02 secs] 
Heap after GC invocations=97 (full 3):
 par new generation   total 109248K, used 21824K [0x00000000e0000000, 0x00000000e8000000, 0x00000000e8000000)
  eden space 87424K,   0% used [0x00000000e0000000, 0x00000000e0000000, 0x00000000e5560000)
  from space 21824K, 100% used [0x00000000e6ab0000, 0x00000000e8000000, 0x00000000e8000000)
  to   space 21824K,   0% used [0x00000000e5560000, 0x00000000e5560000, 0x00000000e6ab0000)
 concurrent mark-sweep generation total 393216K, used 169415K [0x00000000e8000000, 0x0000000100000000, 0x0000000100000000)
 Metaspace       used 29675K, capacity 29996K, committed 30284K, reserved 1075200K
  class space    used 3499K, capacity 3644K, committed 3660K, reserved 1048576K
}
2015-09-09T14:58:11.393+0200: 58.263: Total time for which application threads were stopped: 0.0176101 seconds, Stopping threads took: 0.0000173 seconds
{Heap before GC invocations=97 (full 3):
 par new generation   total 109248K, used 109248K [0x00000000e0000000, 0x00000000e8000000, 0x00000000e8000000)
  eden space 87424K, 100% used [0x00000000e0000000, 0x00000000e5560000, 0x00000000e5560000)
  from space 21824K, 100% used [0x00000000e6ab0000, 0x00000000e8000000, 0x00000000e8000000)
  to   space 21824K,   0% used [0x00000000e5560000, 0x00000000e5560000, 0x00000000e6ab0000)
 concurrent mark-sweep generation total 393216K, used 169415K [0x00000000e8000000, 0x0000000100000000, 0x0000000100000000)
 Metaspace       used 29675K, capacity 29996K, committed 30284K, reserved 1075200K
  class space    used 3499K, capacity 3644K, committed 3660K, reserved 1048576K
2015-09-09T14:58:11.487+0200: 58.358: [GC (Allocation Failure) 58.358: [ParNew
Desired survivor size 20112992 bytes, new threshold 8 (max 8)
- age   1:     111096 bytes,     111096 total
- age   2:     725024 bytes,     836120 total
- age   3:    2203440 bytes,    3039560 total
- age   4:    3252728 bytes,    6292288 total
- age   5:    3486248 bytes,    9778536 total
- age   6:    2263840 bytes,   12042376 total
- age   7:    2243592 bytes,   14285968 total
- age   8:     564112 bytes,   14850080 total
: 109248K->19931K(109248K), 0.0077618 secs] 278663K->189942K(502464K), 0.0078124 secs] [Times: user=0.00 sys=0.00, real=0.01 secs] 
Heap after GC invocations=98 (full 3):
 par new generation   total 109248K, used 19931K [0x00000000e0000000, 0x00000000e8000000, 0x00000000e8000000)
  eden space 87424K,   0% used [0x00000000e0000000, 0x00000000e0000000, 0x00000000e5560000)
  from space 21824K,  91% used [0x00000000e5560000, 0x00000000e68d6f98, 0x00000000e6ab0000)
  to   space 21824K,   0% used [0x00000000e6ab0000, 0x00000000e6ab0000, 0x00000000e8000000)
 concurrent mark-sweep generation total 393216K, used 170010K [0x00000000e8000000, 0x0000000100000000, 0x0000000100000000)
 Metaspace       used 29675K, capacity 29996K, committed 30284K, reserved 1075200K
  class space    used 3499K, capacity 3644K, committed 3660K, reserved 1048576K
}
2015-09-09T14:58:11.495+0200: 58.365: Total time for which application threads were stopped: 0.0079625 seconds, Stopping threads took: 0.0000150 seconds
{Heap before GC invocations=98 (full 3):
 par new generation   total 109248K, used 107355K [0x00000000e0000000, 0x00000000e8000000, 0x00000000e8000000)
  eden space 87424K, 100% used [0x00000000e0000000, 0x00000000e5560000, 0x00000000e5560000)
  from space 21824K,  91% used [0x00000000e5560000, 0x00000000e68d6f98, 0x00000000e6ab0000)
  to   space 21824K,   0% used [0x00000000e6ab0000, 0x00000000e6ab0000, 0x00000000e8000000)
 concurrent mark-sweep generation total 393216K, used 170010K [0x00000000e8000000, 0x0000000100000000, 0x0000000100000000)
 Metaspace       used 29675K, capacity 29996K, committed 30284K, reserved 1075200K
  class space    used 3499K, capacity 3644K, committed 3660K, reserved 1048576K
2015-09-09T14:58:11.596+0200: 58.466: [GC (Allocation Failure) 58.466: [ParNew
Desired survivor size 20112992 bytes, new threshold 8 (max 8)
- age   1:     103528 bytes,     103528 total
- age   2:      39552 bytes,     143080 total
- age   3:     724832 bytes,     867912 total
- age   4:    2203440 bytes,    3071352 total
- age   5:    3252728 bytes,    6324080 total
- age   6:    3486248 bytes,    9810328 total
- age   7:    2263840 bytes,   12074168 total
- age   8:    2243592 bytes,   14317760 total
: 107355K->16776K(109248K), 0.0070246 secs] 277366K->187345K(502464K), 0.0070687 secs] [Times: user=0.00 sys=0.00, real=0.01 secs] 
Heap after GC invocations=99 (full 3):
 par new generation   total 109248K, used 16776K [0x00000000e0000000, 0x00000000e8000000, 0x00000000e8000000)
  eden space 87424K,   0% used [0x00000000e0000000, 0x00000000e0000000, 0x00000000e5560000)
  from space 21824K,  76% used [0x00000000e6ab0000, 0x00000000e7b12000, 0x00000000e8000000)
  to   space 21824K,   0% used [0x00000000e5560000, 0x00000000e5560000, 0x00000000e6ab0000)
 concurrent mark-sweep generation total 393216K, used 170569K [0x00000000e8000000, 0x0000000100000000, 0x0000000100000000)
 Metaspace       used 29675K, capacity 29996K, committed 30284K, reserved 1075200K
  class space    used 3499K, capacity 3644K, committed 3660K, reserved 1048576K
}
2015-09-09T14:58:11.603+0200: 58.474: Total time for which application threads were stopped: 0.0072108 seconds, Stopping threads took: 0.0000150 seconds
{Heap before GC invocations=99 (full 3):
 par new generation   total 109248K, used 104200K [0x00000000e0000000, 0x00000000e8000000, 0x00000000e8000000)
  eden space 87424K, 100% used [0x00000000e0000000, 0x00000000e5560000, 0x00000000e5560000)
  from space 21824K,  76% used [0x00000000e6ab0000, 0x00000000e7b12000, 0x00000000e8000000)
  to   space 21824K,   0% used [0x00000000e5560000, 0x00000000e5560000, 0x00000000e6ab0000)
 concurrent mark-sweep generation total 393216K, used 170569K [0x00000000e8000000, 0x0000000100000000, 0x0000000100000000)
 Metaspace       used 29675K, capacity 29996K, committed 30284K, reserved 1075200K
  class space    used 3499K, capacity 3644K, committed 3660K, reserved 1048576K
2015-09-09T14:58:11.768+0200: 58.639: [GC (Allocation Failure) 58.639: [ParNew
Desired survivor size 20112992 bytes, new threshold 8 (max 8)
- age   1:      71216 bytes,      71216 total
- age   4:     704328 bytes,     775544 total
- age   5:    2203440 bytes,    2978984 total
- age   6:    3252752 bytes,    6231736 total
- age   7:    3863264 bytes,   10095000 total
- age   8:    2263840 bytes,   12358840 total
: 104200K->16171K(109248K), 0.0066742 secs] 274769K->188942K(502464K), 0.0067231 secs] [Times: user=0.00 sys=0.00, real=0.01 secs] 
Heap after GC invocations=100 (full 3):
 par new generation   total 109248K, used 16171K [0x00000000e0000000, 0x00000000e8000000, 0x00000000e8000000)
  eden space 87424K,   0% used [0x00000000e0000000, 0x00000000e0000000, 0x00000000e5560000)
  from space 21824K,  74% used [0x00000000e5560000, 0x00000000e652ac78, 0x00000000e6ab0000)
  to   space 21824K,   0% used [0x00000000e6ab0000, 0x00000000e6ab0000, 0x00000000e8000000)
 concurrent mark-sweep generation total 393216K, used 172771K [0x00000000e8000000, 0x0000000100000000, 0x0000000100000000)
 Metaspace       used 29675K, capacity 29996K, committed 30284K, reserved 1075200K
  class space    used 3499K, capacity 3644K, committed 3660K, reserved 1048576K
}
2015-09-09T14:58:11.775+0200: 58.646: Total time for which application threads were stopped: 0.0068767 seconds, Stopping threads took: 0.0000144 seconds
{Heap before GC invocations=100 (full 3):
 par new generation   total 109248K, used 103595K [0x00000000e0000000, 0x00000000e8000000, 0x00000000e8000000)
  eden space 87424K, 100% used [0x00000000e0000000, 0x00000000e5560000, 0x00000000e5560000)
  from space 21824K,  74% used [0x00000000e5560000, 0x00000000e652ac78, 0x00000000e6ab0000)
  to   space 21824K,   0% used [0x00000000e6ab0000, 0x00000000e6ab0000, 0x00000000e8000000)
 concurrent mark-sweep generation total 393216K, used 172771K [0x00000000e8000000, 0x0000000100000000, 0x0000000100000000)
 Metaspace       used 29675K, capacity 29996K, committed 30284K, reserved 1075200K
  class space    used 3499K, capacity 3644K, committed 3660K, reserved 1048576K
2015-09-09T14:58:11.839+0200: 58.709: [GC (Allocation Failure) 58.709: [ParNew
Desired survivor size 20112992 bytes, new threshold 8 (max 8)
- age   1:     140336 bytes,     140336 total
- age   2:        744 bytes,     141080 total
- age   5:     704264 bytes,     845344 total
- age   6:    2203440 bytes,    3048784 total
- age   7:    3252728 bytes,    6301512 total
- age   8:    3486248 bytes,    9787760 total
: 103595K->11988K(109248K), 0.0064963 secs] 276366K->186979K(502464K), 0.0065395 secs] [Times: user=0.00 sys=0.00, real=0.01 secs] 
Heap after GC invocations=101 (full 3):
 par new generation   total 109248K, used 11988K [0x00000000e0000000, 0x00000000e8000000, 0x00000000e8000000)
  eden space 87424K,   0% used [0x00000000e0000000, 0x00000000e0000000, 0x00000000e5560000)
  from space 21824K,  54% used [0x00000000e6ab0000, 0x00000000e7665098, 0x00000000e8000000)
  to   space 21824K,   0% used [0x00000000e5560000, 0x00000000e5560000, 0x00000000e6ab0000)
 concurrent mark-sweep generation total 393216K, used 174991K [0x00000000e8000000, 0x0000000100000000, 0x0000000100000000)
 Metaspace       used 29675K, capacity 29996K, committed 30284K, reserved 1075200K
  class space    used 3499K, capacity 3644K, committed 3660K, reserved 1048576K
}
2015-09-09T14:58:11.845+0200: 58.716: Total time for which application threads were stopped: 0.0067007 seconds, Stopping threads took: 0.0000163 seconds
{Heap before GC invocations=101 (full 3):
 par new generation   total 109248K, used 99412K [0x00000000e0000000, 0x00000000e8000000, 0x00000000e8000000)
  eden space 87424K, 100% used [0x00000000e0000000, 0x00000000e5560000, 0x00000000e5560000)
  from space 21824K,  54% used [0x00000000e6ab0000, 0x00000000e7665098, 0x00000000e8000000)
  to   space 21824K,   0% used [0x00000000e5560000, 0x00000000e5560000, 0x00000000e6ab0000)
 concurrent mark-sweep generation total 393216K, used 174991K [0x00000000e8000000, 0x0000000100000000, 0x0000000100000000)
 Metaspace       used 29675K, capacity 29996K, committed 30284K, reserved 1075200K
  class space    used 3499K, capacity 3644K, committed 3660K, reserved 1048576K
2015-09-09T14:58:11.921+0200: 58.792: [GC (Allocation Failure) 58.792: [ParNew
Desired survivor size 20112992 bytes, new threshold 8 (max 8)
- age   1:     182416 bytes,     182416 total
- age   2:        544 bytes,     182960 total
- age   3:        744 bytes,     183704 total
- age   6:     704264 bytes,     887968 total
- age   7:    2203440 bytes,    3091408 total
- age   8:    3252728 bytes,    6344136 total
: 99412K->7410K(109248K), 0.0054895 secs] 274403K->185816K(502464K), 0.0055391 secs] [Times: user=0.06 sys=0.00, real=0.01 secs] 
Heap after GC invocations=102 (full 3):
 par new generation   total 109248K, used 7410K [0x00000000e0000000, 0x00000000e8000000, 0x00000000e8000000)
  eden space 87424K,   0% used [0x00000000e0000000, 0x00000000e0000000, 0x00000000e5560000)
  from space 21824K,  33% used [0x00000000e5560000, 0x00000000e5c9c830, 0x00000000e6ab0000)
  to   space 21824K,   0% used [0x00000000e6ab0000, 0x00000000e6ab0000, 0x00000000e8000000)
 concurrent mark-sweep generation total 393216K, used 178406K [0x00000000e8000000, 0x0000000100000000, 0x0000000100000000)
 Metaspace       used 29675K, capacity 29996K, committed 30284K, reserved 1075200K
  class space    used 3499K, capacity 3644K, committed 3660K, reserved 1048576K
}
2015-09-09T14:58:11.927+0200: 58.798: Total time for which application threads were stopped: 0.0056915 seconds, Stopping threads took: 0.0000147 seconds
2015-09-09T14:58:11.975+0200: 58.846: Total time for which application threads were stopped: 0.0000611 seconds, Stopping threads took: 0.0000128 seconds
2015-09-09T14:58:11.975+0200: 58.846: Total time for which application threads were stopped: 0.0000413 seconds, Stopping threads took: 0.0000157 seconds
2015-09-09T14:58:11.975+0200: 58.846: Total time for which application threads were stopped: 0.0000342 seconds, Stopping threads took: 0.0000067 seconds
{Heap before GC invocations=102 (full 3):
 par new generation   total 109248K, used 94834K [0x00000000e0000000, 0x00000000e8000000, 0x00000000e8000000)
  eden space 87424K, 100% used [0x00000000e0000000, 0x00000000e5560000, 0x00000000e5560000)
  from space 21824K,  33% used [0x00000000e5560000, 0x00000000e5c9c830, 0x00000000e6ab0000)
  to   space 21824K,   0% used [0x00000000e6ab0000, 0x00000000e6ab0000, 0x00000000e8000000)
 concurrent mark-sweep generation total 393216K, used 178406K [0x00000000e8000000, 0x0000000100000000, 0x0000000100000000)
 Metaspace       used 29680K, capacity 29996K, committed 30284K, reserved 1075200K
  class space    used 3499K, capacity 3644K, committed 3660K, reserved 1048576K
2015-09-09T14:58:12.161+0200: 59.031: [GC (Allocation Failure) 59.031: [ParNew
Desired survivor size 20112992 bytes, new threshold 8 (max 8)
- age   1:    3315336 bytes,    3315336 total
- age   2:        640 bytes,    3315976 total
- age   3:        544 bytes,    3316520 total
- age   4:        744 bytes,    3317264 total
- age   7:     692240 bytes,    4009504 total
- age   8:    2159504 bytes,    6169008 total
: 94834K->7243K(109248K), 0.0056975 secs] 273240K->188794K(502464K), 0.0057539 secs] [Times: user=0.00 sys=0.00, real=0.00 secs] 
Heap after GC invocations=103 (full 3):
 par new generation   total 109248K, used 7243K [0x00000000e0000000, 0x00000000e8000000, 0x00000000e8000000)
  eden space 87424K,   0% used [0x00000000e0000000, 0x00000000e0000000, 0x00000000e5560000)
  from space 21824K,  33% used [0x00000000e6ab0000, 0x00000000e71c2c78, 0x00000000e8000000)
  to   space 21824K,   0% used [0x00000000e5560000, 0x00000000e5560000, 0x00000000e6ab0000)
 concurrent mark-sweep generation total 393216K, used 181551K [0x00000000e8000000, 0x0000000100000000, 0x0000000100000000)
 Metaspace       used 29680K, capacity 29996K, committed 30284K, reserved 1075200K
  class space    used 3499K, capacity 3644K, committed 3660K, reserved 1048576K
}
2015-09-09T14:58:12.166+0200: 59.037: Total time for which application threads were stopped: 0.0059436 seconds, Stopping threads took: 0.0000250 seconds
{Heap before GC invocations=103 (full 3):
 par new generation   total 109248K, used 94667K [0x00000000e0000000, 0x00000000e8000000, 0x00000000e8000000)
  eden space 87424K, 100% used [0x00000000e0000000, 0x00000000e5560000, 0x00000000e5560000)
  from space 21824K,  33% used [0x00000000e6ab0000, 0x00000000e71c2c78, 0x00000000e8000000)
  to   space 21824K,   0% used [0x00000000e5560000, 0x00000000e5560000, 0x00000000e6ab0000)
 concurrent mark-sweep generation total 393216K, used 181551K [0x00000000e8000000, 0x0000000100000000, 0x0000000100000000)
 Metaspace       used 29680K, capacity 29996K, committed 30284K, reserved 1075200K
  class space    used 3499K, capacity 3644K, committed 3660K, reserved 1048576K
2015-09-09T14:58:12.427+0200: 59.298: [GC (Allocation Failure) 59.298: [ParNew
Desired survivor size 20112992 bytes, new threshold 8 (max 8)
- age   1:    5013944 bytes,    5013944 total
- age   2:    2219040 bytes,    7232984 total
- age   3:        640 bytes,    7233624 total
- age   4:        544 bytes,    7234168 total
- age   5:        744 bytes,    7234912 total
- age   8:     692240 bytes,    7927152 total
: 94667K->9441K(109248K), 0.0061068 secs] 276218K->193111K(502464K), 0.0061548 secs] [Times: user=0.00 sys=0.00, real=0.01 secs] 
Heap after GC invocations=104 (full 3):
 par new generation   total 109248K, used 9441K [0x00000000e0000000, 0x00000000e8000000, 0x00000000e8000000)
  eden space 87424K,   0% used [0x00000000e0000000, 0x00000000e0000000, 0x00000000e5560000)
  from space 21824K,  43% used [0x00000000e5560000, 0x00000000e5e98458, 0x00000000e6ab0000)
  to   space 21824K,   0% used [0x00000000e6ab0000, 0x00000000e6ab0000, 0x00000000e8000000)
 concurrent mark-sweep generation total 393216K, used 183670K [0x00000000e8000000, 0x0000000100000000, 0x0000000100000000)
 Metaspace       used 29680K, capacity 29996K, committed 30284K, reserved 1075200K
  class space    used 3499K, capacity 3644K, committed 3660K, reserved 1048576K
}
2015-09-09T14:58:12.433+0200: 59.304: Total time for which application threads were stopped: 0.0062915 seconds, Stopping threads took: 0.0000144 seconds
{Heap before GC invocations=104 (full 3):
 par new generation   total 109248K, used 96865K [0x00000000e0000000, 0x00000000e8000000, 0x00000000e8000000)
  eden space 87424K, 100% used [0x00000000e0000000, 0x00000000e5560000, 0x00000000e5560000)
  from space 21824K,  43% used [0x00000000e5560000, 0x00000000e5e98458, 0x00000000e6ab0000)
  to   space 21824K,   0% used [0x00000000e6ab0000, 0x00000000e6ab0000, 0x00000000e8000000)
 concurrent mark-sweep generation total 393216K, used 183670K [0x00000000e8000000, 0x0000000100000000, 0x0000000100000000)
 Metaspace       used 29680K, capacity 29996K, committed 30284K, reserved 1075200K
  class space    used 3499K, capacity 3644K, committed 3660K, reserved 1048576K
2015-09-09T14:58:12.699+0200: 59.570: [GC (Allocation Failure) 59.570: [ParNew
Desired survivor size 20112992 bytes, new threshold 8 (max 8)
- age   1:    5073880 bytes,    5073880 total
- age   2:    3387240 bytes,    8461120 total
- age   3:    2219040 bytes,   10680160 total
- age   4:        640 bytes,   10680800 total
- age   5:        544 bytes,   10681344 total
- age   6:        744 bytes,   10682088 total
: 96865K->12530K(109248K), 0.0059740 secs] 280535K->196879K(502464K), 0.0060198 secs] [Times: user=0.05 sys=0.02, real=0.01 secs] 
Heap after GC invocations=105 (full 3):
 par new generation   total 109248K, used 12530K [0x00000000e0000000, 0x00000000e8000000, 0x00000000e8000000)
  eden space 87424K,   0% used [0x00000000e0000000, 0x00000000e0000000, 0x00000000e5560000)
  from space 21824K,  57% used [0x00000000e6ab0000, 0x00000000e76ec8f0, 0x00000000e8000000)
  to   space 21824K,   0% used [0x00000000e5560000, 0x00000000e5560000, 0x00000000e6ab0000)
 concurrent mark-sweep generation total 393216K, used 184349K [0x00000000e8000000, 0x0000000100000000, 0x0000000100000000)
 Metaspace       used 29680K, capacity 29996K, committed 30284K, reserved 1075200K
  class space    used 3499K, capacity 3644K, committed 3660K, reserved 1048576K
}
2015-09-09T14:58:12.705+0200: 59.576: Total time for which application threads were stopped: 0.0061583 seconds, Stopping threads took: 0.0000141 seconds
2015-09-09T14:58:12.934+0200: 59.805: Total time for which application threads were stopped: 0.0000614 seconds, Stopping threads took: 0.0000205 seconds
2015-09-09T14:58:12.935+0200: 59.805: Total time for which application threads were stopped: 0.0000320 seconds, Stopping threads took: 0.0000048 seconds
2015-09-09T14:58:12.944+0200: 59.814: Total time for which application threads were stopped: 0.0000371 seconds, Stopping threads took: 0.0000083 seconds
2015-09-09T14:58:12.944+0200: 59.815: Total time for which application threads were stopped: 0.0000237 seconds, Stopping threads took: 0.0000048 seconds
2015-09-09T14:58:12.954+0200: 59.824: Total time for which application threads were stopped: 0.0000608 seconds, Stopping threads took: 0.0000131 seconds
2015-09-09T14:58:12.954+0200: 59.825: Total time for which application threads were stopped: 0.0000438 seconds, Stopping threads took: 0.0000176 seconds
2015-09-09T14:58:13.013+0200: 59.884: Total time for which application threads were stopped: 0.0000573 seconds, Stopping threads took: 0.0000221 seconds
{Heap before GC invocations=105 (full 3):
 par new generation   total 109248K, used 99954K [0x00000000e0000000, 0x00000000e8000000, 0x00000000e8000000)
  eden space 87424K, 100% used [0x00000000e0000000, 0x00000000e5560000, 0x00000000e5560000)
  from space 21824K,  57% used [0x00000000e6ab0000, 0x00000000e76ec8f0, 0x00000000e8000000)
  to   space 21824K,   0% used [0x00000000e5560000, 0x00000000e5560000, 0x00000000e6ab0000)
 concurrent mark-sweep generation total 393216K, used 184349K [0x00000000e8000000, 0x0000000100000000, 0x0000000100000000)
 Metaspace       used 29689K, capacity 29996K, committed 30284K, reserved 1075200K
  class space    used 3499K, capacity 3644K, committed 3660K, reserved 1048576K
2015-09-09T14:58:13.028+0200: 59.899: [GC (Allocation Failure) 59.899: [ParNew
Desired survivor size 20112992 bytes, new threshold 8 (max 8)
- age   1:    6891344 bytes,    6891344 total
- age   2:    2693416 bytes,    9584760 total
- age   3:    2543616 bytes,   12128376 total
- age   4:    2111016 bytes,   14239392 total
- age   5:        640 bytes,   14240032 total
- age   6:        544 bytes,   14240576 total
- age   7:        744 bytes,   14241320 total
: 99954K->16856K(109248K), 0.0065577 secs] 284303K->201206K(502464K), 0.0066079 secs] [Times: user=0.06 sys=0.00, real=0.01 secs] 
Heap after GC invocations=106 (full 3):
 par new generation   total 109248K, used 16856K [0x00000000e0000000, 0x00000000e8000000, 0x00000000e8000000)
  eden space 87424K,   0% used [0x00000000e0000000, 0x00000000e0000000, 0x00000000e5560000)
  from space 21824K,  77% used [0x00000000e5560000, 0x00000000e65d63c0, 0x00000000e6ab0000)
  to   space 21824K,   0% used [0x00000000e6ab0000, 0x00000000e6ab0000, 0x00000000e8000000)
 concurrent mark-sweep generation total 393216K, used 184349K [0x00000000e8000000, 0x0000000100000000, 0x0000000100000000)
 Metaspace       used 29689K, capacity 29996K, committed 30284K, reserved 1075200K
  class space    used 3499K, capacity 3644K, committed 3660K, reserved 1048576K
}
2015-09-09T14:58:13.035+0200: 59.905: Total time for which application threads were stopped: 0.0067606 seconds, Stopping threads took: 0.0000246 seconds
2015-09-09T14:58:13.108+0200: 59.979: Total time for which application threads were stopped: 0.0001302 seconds, Stopping threads took: 0.0000698 seconds
2015-09-09T14:58:13.110+0200: 59.981: Total time for which application threads were stopped: 0.0001152 seconds, Stopping threads took: 0.0000131 seconds
2015-09-09T14:58:13.110+0200: 59.981: Total time for which application threads were stopped: 0.0000541 seconds, Stopping threads took: 0.0000211 seconds
2015-09-09T14:58:13.113+0200: 59.983: Total time for which application threads were stopped: 0.0000749 seconds, Stopping threads took: 0.0000122 seconds
2015-09-09T14:58:13.170+0200: 60.041: Total time for which application threads were stopped: 0.0000672 seconds, Stopping threads took: 0.0000211 seconds
2015-09-09T14:58:13.832+0200: 60.703: Total time for which application threads were stopped: 0.0000816 seconds, Stopping threads took: 0.0000208 seconds
2015-09-09T14:58:13.832+0200: 60.703: Total time for which application threads were stopped: 0.0000333 seconds, Stopping threads took: 0.0000147 seconds
2015-09-09T14:58:13.832+0200: 60.703: Total time for which application threads were stopped: 0.0000317 seconds, Stopping threads took: 0.0000045 seconds
2015-09-09T14:58:13.834+0200: 60.704: Total time for which application threads were stopped: 0.0000618 seconds, Stopping threads took: 0.0000202 seconds
2015-09-09T14:58:13.834+0200: 60.705: Total time for which application threads were stopped: 0.0001149 seconds, Stopping threads took: 0.0000768 seconds
2015-09-09T14:58:13.834+0200: 60.705: Total time for which application threads were stopped: 0.0000931 seconds, Stopping threads took: 0.0000669 seconds
2015-09-09T14:58:13.840+0200: 60.710: Total time for which application threads were stopped: 0.0000717 seconds, Stopping threads took: 0.0000234 seconds
2015-09-09T14:58:14.840+0200: 61.710: Total time for which application threads were stopped: 0.0000666 seconds, Stopping threads took: 0.0000269 seconds
2015-09-09T14:58:24.420+0200: 71.292: Total time for which application threads were stopped: 0.0001094 seconds, Stopping threads took: 0.0000640 seconds
2015-09-09T14:58:24.483+0200: 71.354: Total time for which application threads were stopped: 0.0000570 seconds, Stopping threads took: 0.0000138 seconds
2015-09-09T14:58:24.501+0200: 71.372: Total time for which application threads were stopped: 0.0000576 seconds, Stopping threads took: 0.0000125 seconds
2015-09-09T14:58:25.501+0200: 72.372: Total time for which application threads were stopped: 0.0000790 seconds, Stopping threads took: 0.0000234 seconds
2015-09-09T14:58:25.595+0200: 72.466: Total time for which application threads were stopped: 0.0000653 seconds, Stopping threads took: 0.0000182 seconds
2015-09-09T14:58:25.595+0200: 72.467: Total time for which application threads were stopped: 0.0000499 seconds, Stopping threads took: 0.0000099 seconds
2015-09-09T14:58:25.597+0200: 72.468: Total time for which application threads were stopped: 0.0000691 seconds, Stopping threads took: 0.0000150 seconds
2015-09-09T14:58:25.604+0200: 72.475: Total time for which application threads were stopped: 0.0000669 seconds, Stopping threads took: 0.0000138 seconds
2015-09-09T14:58:25.605+0200: 72.476: Total time for which application threads were stopped: 0.0001434 seconds, Stopping threads took: 0.0000109 seconds
2015-09-09T14:58:25.609+0200: 72.480: Total time for which application threads were stopped: 0.0001110 seconds, Stopping threads took: 0.0000410 seconds
2015-09-09T14:58:26.609+0200: 73.480: Total time for which application threads were stopped: 0.0001142 seconds, Stopping threads took: 0.0000346 seconds
2015-09-09T14:58:27.241+0200: 74.112: Total time for which application threads were stopped: 0.0000650 seconds, Stopping threads took: 0.0000150 seconds
2015-09-09T14:58:28.242+0200: 75.112: Total time for which application threads were stopped: 0.0000669 seconds, Stopping threads took: 0.0000256 seconds
2015-09-09T14:58:31.242+0200: 78.112: Total time for which application threads were stopped: 0.0000800 seconds, Stopping threads took: 0.0000259 seconds
2015-09-09T14:59:15.613+0200: 122.484: Total time for which application threads were stopped: 0.0000602 seconds, Stopping threads took: 0.0000115 seconds
2015-09-09T14:59:26.614+0200: 133.484: Total time for which application threads were stopped: 0.0000688 seconds, Stopping threads took: 0.0000266 seconds
2015-09-09T14:59:39.269+0200: 146.139: Total time for which application threads were stopped: 0.0000563 seconds, Stopping threads took: 0.0000122 seconds
2015-09-09T14:59:55.215+0200: 162.084: Total time for which application threads were stopped: 0.0000870 seconds, Stopping threads took: 0.0000218 seconds
2015-09-09T14:59:55.234+0200: 162.104: Total time for which application threads were stopped: 0.0000541 seconds, Stopping threads took: 0.0000115 seconds
2015-09-09T14:59:55.239+0200: 162.108: Total time for which application threads were stopped: 0.0000547 seconds, Stopping threads took: 0.0000115 seconds
2015-09-09T14:59:55.321+0200: 162.191: Total time for which application threads were stopped: 0.0000570 seconds, Stopping threads took: 0.0000122 seconds
{Heap before GC invocations=106 (full 3):
 par new generation   total 109248K, used 104280K [0x00000000e0000000, 0x00000000e8000000, 0x00000000e8000000)
  eden space 87424K, 100% used [0x00000000e0000000, 0x00000000e5560000, 0x00000000e5560000)
  from space 21824K,  77% used [0x00000000e5560000, 0x00000000e65d63c0, 0x00000000e6ab0000)
  to   space 21824K,   0% used [0x00000000e6ab0000, 0x00000000e6ab0000, 0x00000000e8000000)
 concurrent mark-sweep generation total 393216K, used 184349K [0x00000000e8000000, 0x0000000100000000, 0x0000000100000000)
 Metaspace       used 30206K, capacity 30540K, committed 30924K, reserved 1077248K
  class space    used 3544K, capacity 3676K, committed 3788K, reserved 1048576K
2015-09-09T14:59:55.361+0200: 162.231: [GC (Allocation Failure) 162.231: [ParNew
Desired survivor size 20112992 bytes, new threshold 8 (max 8)
- age   1:    1834040 bytes,    1834040 total
- age   2:     916952 bytes,    2750992 total
- age   3:    1098400 bytes,    3849392 total
- age   4:    1074368 bytes,    4923760 total
- age   5:     770192 bytes,    5693952 total
- age   6:        640 bytes,    5694592 total
- age   7:        544 bytes,    5695136 total
- age   8:        744 bytes,    5695880 total
: 104280K->11999K(109248K), 0.0084809 secs] 288630K->196348K(502464K), 0.0085452 secs] [Times: user=0.06 sys=0.00, real=0.01 secs] 
Heap after GC invocations=107 (full 3):
 par new generation   total 109248K, used 11999K [0x00000000e0000000, 0x00000000e8000000, 0x00000000e8000000)
  eden space 87424K,   0% used [0x00000000e0000000, 0x00000000e0000000, 0x00000000e5560000)
  from space 21824K,  54% used [0x00000000e6ab0000, 0x00000000e7667d00, 0x00000000e8000000)
  to   space 21824K,   0% used [0x00000000e5560000, 0x00000000e5560000, 0x00000000e6ab0000)
 concurrent mark-sweep generation total 393216K, used 184349K [0x00000000e8000000, 0x0000000100000000, 0x0000000100000000)
 Metaspace       used 30206K, capacity 30540K, committed 30924K, reserved 1077248K
  class space    used 3544K, capacity 3676K, committed 3788K, reserved 1048576K
}
2015-09-09T14:59:55.370+0200: 162.239: Total time for which application threads were stopped: 0.0087436 seconds, Stopping threads took: 0.0000243 seconds
2015-09-09T14:59:55.370+0200: 162.240: Total time for which application threads were stopped: 0.0001098 seconds, Stopping threads took: 0.0000304 seconds
{Heap before GC invocations=107 (full 3):
 par new generation   total 109248K, used 99423K [0x00000000e0000000, 0x00000000e8000000, 0x00000000e8000000)
  eden space 87424K, 100% used [0x00000000e0000000, 0x00000000e5560000, 0x00000000e5560000)
  from space 21824K,  54% used [0x00000000e6ab0000, 0x00000000e7667d00, 0x00000000e8000000)
  to   space 21824K,   0% used [0x00000000e5560000, 0x00000000e5560000, 0x00000000e6ab0000)
 concurrent mark-sweep generation total 393216K, used 184349K [0x00000000e8000000, 0x0000000100000000, 0x0000000100000000)
 Metaspace       used 30264K, capacity 30610K, committed 30924K, reserved 1077248K
  class space    used 3545K, capacity 3677K, committed 3788K, reserved 1048576K
2015-09-09T14:59:55.425+0200: 162.294: [GC (Allocation Failure) 162.294: [ParNew
Desired survivor size 20112992 bytes, new threshold 8 (max 8)
- age   1:    1295944 bytes,    1295944 total
- age   2:    1108424 bytes,    2404368 total
- age   3:     916952 bytes,    3321320 total
- age   4:    1098400 bytes,    4419720 total
- age   5:    1074368 bytes,    5494088 total
- age   6:     770192 bytes,    6264280 total
- age   7:        640 bytes,    6264920 total
- age   8:        544 bytes,    6265464 total
: 99423K->8085K(109248K), 0.0035008 secs] 283772K->192435K(502464K), 0.0035628 secs] [Times: user=0.00 sys=0.00, real=0.00 secs] 
Heap after GC invocations=108 (full 3):
 par new generation   total 109248K, used 8085K [0x00000000e0000000, 0x00000000e8000000, 0x00000000e8000000)
  eden space 87424K,   0% used [0x00000000e0000000, 0x00000000e0000000, 0x00000000e5560000)
  from space 21824K,  37% used [0x00000000e5560000, 0x00000000e5d45600, 0x00000000e6ab0000)
  to   space 21824K,   0% used [0x00000000e6ab0000, 0x00000000e6ab0000, 0x00000000e8000000)
 concurrent mark-sweep generation total 393216K, used 184350K [0x00000000e8000000, 0x0000000100000000, 0x0000000100000000)
 Metaspace       used 30264K, capacity 30610K, committed 30924K, reserved 1077248K
  class space    used 3545K, capacity 3677K, committed 3788K, reserved 1048576K
}
2015-09-09T14:59:55.429+0200: 162.298: Total time for which application threads were stopped: 0.0037430 seconds, Stopping threads took: 0.0000176 seconds
2015-09-09T14:59:55.429+0200: 162.298: Total time for which application threads were stopped: 0.0001200 seconds, Stopping threads took: 0.0000480 seconds
2015-09-09T14:59:55.479+0200: 162.348: Total time for which application threads were stopped: 0.0001370 seconds, Stopping threads took: 0.0000496 seconds
2015-09-09T14:59:55.527+0200: 162.396: Total time for which application threads were stopped: 0.0001274 seconds, Stopping threads took: 0.0000269 seconds
2015-09-09T14:59:55.534+0200: 162.403: Total time for which application threads were stopped: 0.0000918 seconds, Stopping threads took: 0.0000208 seconds
2015-09-09T14:59:55.541+0200: 162.411: Total time for which application threads were stopped: 0.0001030 seconds, Stopping threads took: 0.0000221 seconds
2015-09-09T14:59:55.541+0200: 162.411: Total time for which application threads were stopped: 0.0000531 seconds, Stopping threads took: 0.0000128 seconds
2015-09-09T14:59:56.541+0200: 163.410: Total time for which application threads were stopped: 0.0000698 seconds, Stopping threads took: 0.0000234 seconds
2015-09-09T15:00:00.541+0200: 167.410: Total time for which application threads were stopped: 0.0000694 seconds, Stopping threads took: 0.0000269 seconds
2015-09-09T15:00:24.094+0200: 190.964: Total time for which application threads were stopped: 0.0000643 seconds, Stopping threads took: 0.0000144 seconds
2015-09-09T15:00:24.094+0200: 190.964: Total time for which application threads were stopped: 0.0000352 seconds, Stopping threads took: 0.0000067 seconds
2015-09-09T15:00:24.095+0200: 190.964: Total time for which application threads were stopped: 0.0000378 seconds, Stopping threads took: 0.0000077 seconds
2015-09-09T15:00:24.095+0200: 190.964: Total time for which application threads were stopped: 0.0000368 seconds, Stopping threads took: 0.0000054 seconds
2015-09-09T15:00:24.095+0200: 190.965: Total time for which application threads were stopped: 0.0000413 seconds, Stopping threads took: 0.0000157 seconds
{Heap before GC invocations=108 (full 3):
 par new generation   total 109248K, used 95509K [0x00000000e0000000, 0x00000000e8000000, 0x00000000e8000000)
  eden space 87424K, 100% used [0x00000000e0000000, 0x00000000e5560000, 0x00000000e5560000)
  from space 21824K,  37% used [0x00000000e5560000, 0x00000000e5d45600, 0x00000000e6ab0000)
  to   space 21824K,   0% used [0x00000000e6ab0000, 0x00000000e6ab0000, 0x00000000e8000000)
 concurrent mark-sweep generation total 393216K, used 184350K [0x00000000e8000000, 0x0000000100000000, 0x0000000100000000)
 Metaspace       used 30348K, capacity 30692K, committed 31180K, reserved 1077248K
  class space    used 3546K, capacity 3680K, committed 3788K, reserved 1048576K
2015-09-09T15:00:24.097+0200: 190.967: [GC (Allocation Failure) 190.967: [ParNew
Desired survivor size 20112992 bytes, new threshold 8 (max 8)
- age   1:    2615656 bytes,    2615656 total
- age   2:     144560 bytes,    2760216 total
- age   3:    1066840 bytes,    3827056 total
- age   4:     916912 bytes,    4743968 total
- age   5:    1098400 bytes,    5842368 total
- age   6:    1074368 bytes,    6916736 total
- age   7:     770192 bytes,    7686928 total
- age   8:        640 bytes,    7687568 total
: 95509K->9915K(109248K), 0.0057359 secs] 279859K->194265K(502464K), 0.0057961 secs] [Times: user=0.00 sys=0.00, real=0.01 secs] 
Heap after GC invocations=109 (full 3):
 par new generation   total 109248K, used 9915K [0x00000000e0000000, 0x00000000e8000000, 0x00000000e8000000)
  eden space 87424K,   0% used [0x00000000e0000000, 0x00000000e0000000, 0x00000000e5560000)
  from space 21824K,  45% used [0x00000000e6ab0000, 0x00000000e745ed80, 0x00000000e8000000)
  to   space 21824K,   0% used [0x00000000e5560000, 0x00000000e5560000, 0x00000000e6ab0000)
 concurrent mark-sweep generation total 393216K, used 184350K [0x00000000e8000000, 0x0000000100000000, 0x0000000100000000)
 Metaspace       used 30348K, capacity 30692K, committed 31180K, reserved 1077248K
  class space    used 3546K, capacity 3680K, committed 3788K, reserved 1048576K
}
2015-09-09T15:00:24.103+0200: 190.973: Total time for which application threads were stopped: 0.0059635 seconds, Stopping threads took: 0.0000307 seconds
2015-09-09T15:00:24.104+0200: 190.974: Total time for which application threads were stopped: 0.0000806 seconds, Stopping threads took: 0.0000205 seconds
2015-09-09T15:00:24.119+0200: 190.989: Total time for which application threads were stopped: 0.0001485 seconds, Stopping threads took: 0.0000838 seconds
2015-09-09T15:00:24.131+0200: 191.001: Total time for which application threads were stopped: 0.0000618 seconds, Stopping threads took: 0.0000131 seconds
2015-09-09T15:00:24.131+0200: 191.001: Total time for which application threads were stopped: 0.0000445 seconds, Stopping threads took: 0.0000170 seconds
2015-09-09T15:00:24.131+0200: 191.001: Total time for which application threads were stopped: 0.0000426 seconds, Stopping threads took: 0.0000160 seconds
2015-09-09T15:00:24.132+0200: 191.001: Total time for which application threads were stopped: 0.0000554 seconds, Stopping threads took: 0.0000166 seconds
2015-09-09T15:00:24.133+0200: 191.003: Total time for which application threads were stopped: 0.0000560 seconds, Stopping threads took: 0.0000189 seconds
2015-09-09T15:00:24.134+0200: 191.003: Total time for which application threads were stopped: 0.0001187 seconds, Stopping threads took: 0.0000739 seconds
2015-09-09T15:00:24.134+0200: 191.004: Total time for which application threads were stopped: 0.0000496 seconds, Stopping threads took: 0.0000080 seconds
2015-09-09T15:00:24.134+0200: 191.004: Total time for which application threads were stopped: 0.0000621 seconds, Stopping threads took: 0.0000224 seconds
2015-09-09T15:00:24.135+0200: 191.004: Total time for which application threads were stopped: 0.0000403 seconds, Stopping threads took: 0.0000070 seconds
2015-09-09T15:00:24.135+0200: 191.005: Total time for which application threads were stopped: 0.0000733 seconds, Stopping threads took: 0.0000413 seconds
2015-09-09T15:00:24.135+0200: 191.005: Total time for which application threads were stopped: 0.0000566 seconds, Stopping threads took: 0.0000211 seconds
2015-09-09T15:00:24.135+0200: 191.005: Total time for which application threads were stopped: 0.0000477 seconds, Stopping threads took: 0.0000125 seconds
2015-09-09T15:00:24.136+0200: 191.006: Total time for which application threads were stopped: 0.0000688 seconds, Stopping threads took: 0.0000419 seconds
2015-09-09T15:00:24.136+0200: 191.006: Total time for which application threads were stopped: 0.0000902 seconds, Stopping threads took: 0.0000512 seconds
2015-09-09T15:00:24.136+0200: 191.006: Total time for which application threads were stopped: 0.0000454 seconds, Stopping threads took: 0.0000077 seconds
2015-09-09T15:00:24.137+0200: 191.007: Total time for which application threads were stopped: 0.0000307 seconds, Stopping threads took: 0.0000070 seconds
2015-09-09T15:00:24.137+0200: 191.007: Total time for which application threads were stopped: 0.0000973 seconds, Stopping threads took: 0.0000592 seconds
2015-09-09T15:00:24.137+0200: 191.007: Total time for which application threads were stopped: 0.0000598 seconds, Stopping threads took: 0.0000163 seconds
2015-09-09T15:00:24.138+0200: 191.007: Total time for which application threads were stopped: 0.0000429 seconds, Stopping threads took: 0.0000173 seconds
2015-09-09T15:00:24.138+0200: 191.008: Total time for which application threads were stopped: 0.0000448 seconds, Stopping threads took: 0.0000186 seconds
2015-09-09T15:00:24.138+0200: 191.008: Total time for which application threads were stopped: 0.0000474 seconds, Stopping threads took: 0.0000115 seconds
2015-09-09T15:00:24.138+0200: 191.008: Total time for which application threads were stopped: 0.0000384 seconds, Stopping threads took: 0.0000067 seconds
2015-09-09T15:00:24.139+0200: 191.009: Total time for which application threads were stopped: 0.0001123 seconds, Stopping threads took: 0.0000182 seconds
{Heap before GC invocations=109 (full 3):
 par new generation   total 109248K, used 97339K [0x00000000e0000000, 0x00000000e8000000, 0x00000000e8000000)
  eden space 87424K, 100% used [0x00000000e0000000, 0x00000000e5560000, 0x00000000e5560000)
  from space 21824K,  45% used [0x00000000e6ab0000, 0x00000000e745ed80, 0x00000000e8000000)
  to   space 21824K,   0% used [0x00000000e5560000, 0x00000000e5560000, 0x00000000e6ab0000)
 concurrent mark-sweep generation total 393216K, used 184350K [0x00000000e8000000, 0x0000000100000000, 0x0000000100000000)
 Metaspace       used 30351K, capacity 30692K, committed 31180K, reserved 1077248K
  class space    used 3546K, capacity 3680K, committed 3788K, reserved 1048576K
2015-09-09T15:00:24.383+0200: 191.253: [GC (Allocation Failure) 191.253: [ParNew
Desired survivor size 20112992 bytes, new threshold 8 (max 8)
- age   1:    4331232 bytes,    4331232 total
- age   2:    2085360 bytes,    6416592 total
- age   3:     144256 bytes,    6560848 total
- age   4:    1066784 bytes,    7627632 total
- age   5:     916912 bytes,    8544544 total
- age   6:    1098400 bytes,    9642944 total
- age   7:    1074368 bytes,   10717312 total
- age   8:     770192 bytes,   11487504 total
: 97339K->12745K(109248K), 0.0067091 secs] 281689K->197096K(502464K), 0.0067555 secs] [Times: user=0.00 sys=0.00, real=0.01 secs] 
Heap after GC invocations=110 (full 3):
 par new generation   total 109248K, used 12745K [0x00000000e0000000, 0x00000000e8000000, 0x00000000e8000000)
  eden space 87424K,   0% used [0x00000000e0000000, 0x00000000e0000000, 0x00000000e5560000)
  from space 21824K,  58% used [0x00000000e5560000, 0x00000000e61d25e0, 0x00000000e6ab0000)
  to   space 21824K,   0% used [0x00000000e6ab0000, 0x00000000e6ab0000, 0x00000000e8000000)
 concurrent mark-sweep generation total 393216K, used 184351K [0x00000000e8000000, 0x0000000100000000, 0x0000000100000000)
 Metaspace       used 30351K, capacity 30692K, committed 31180K, reserved 1077248K
  class space    used 3546K, capacity 3680K, committed 3788K, reserved 1048576K
}
2015-09-09T15:00:24.390+0200: 191.260: Total time for which application threads were stopped: 0.0069196 seconds, Stopping threads took: 0.0000138 seconds
{Heap before GC invocations=110 (full 3):
 par new generation   total 109248K, used 100129K [0x00000000e0000000, 0x00000000e8000000, 0x00000000e8000000)
  eden space 87424K,  99% used [0x00000000e0000000, 0x00000000e55561e8, 0x00000000e5560000)
  from space 21824K,  58% used [0x00000000e5560000, 0x00000000e61d25e0, 0x00000000e6ab0000)
  to   space 21824K,   0% used [0x00000000e6ab0000, 0x00000000e6ab0000, 0x00000000e8000000)
 concurrent mark-sweep generation total 393216K, used 184351K [0x00000000e8000000, 0x0000000100000000, 0x0000000100000000)
 Metaspace       used 30351K, capacity 30692K, committed 31180K, reserved 1077248K
  class space    used 3546K, capacity 3680K, committed 3788K, reserved 1048576K
2015-09-09T15:00:24.660+0200: 191.529: [GC (Allocation Failure) 191.529: [ParNew
Desired survivor size 20112992 bytes, new threshold 8 (max 8)
- age   1:    5178976 bytes,    5178976 total
- age   2:    3051584 bytes,    8230560 total
- age   3:    2026792 bytes,   10257352 total
- age   4:     144256 bytes,   10401608 total
- age   5:    1066784 bytes,   11468392 total
- age   6:     916912 bytes,   12385304 total
- age   7:    1098400 bytes,   13483704 total
- age   8:    1074392 bytes,   14558096 total
: 100129K->18904K(109248K), 0.0074095 secs] 284481K->204007K(502464K), 0.0074579 secs] [Times: user=0.06 sys=0.00, real=0.01 secs] 
Heap after GC invocations=111 (full 3):
 par new generation   total 109248K, used 18904K [0x00000000e0000000, 0x00000000e8000000, 0x00000000e8000000)
  eden space 87424K,   0% used [0x00000000e0000000, 0x00000000e0000000, 0x00000000e5560000)
  from space 21824K,  86% used [0x00000000e6ab0000, 0x00000000e7d26110, 0x00000000e8000000)
  to   space 21824K,   0% used [0x00000000e5560000, 0x00000000e5560000, 0x00000000e6ab0000)
 concurrent mark-sweep generation total 393216K, used 185103K [0x00000000e8000000, 0x0000000100000000, 0x0000000100000000)
 Metaspace       used 30351K, capacity 30692K, committed 31180K, reserved 1077248K
  class space    used 3546K, capacity 3680K, committed 3788K, reserved 1048576K
}
2015-09-09T15:00:24.667+0200: 191.537: Total time for which application threads were stopped: 0.0076521 seconds, Stopping threads took: 0.0000138 seconds
{Heap before GC invocations=111 (full 3):
 par new generation   total 109248K, used 106328K [0x00000000e0000000, 0x00000000e8000000, 0x00000000e8000000)
  eden space 87424K, 100% used [0x00000000e0000000, 0x00000000e5560000, 0x00000000e5560000)
  from space 21824K,  86% used [0x00000000e6ab0000, 0x00000000e7d26110, 0x00000000e8000000)
  to   space 21824K,   0% used [0x00000000e5560000, 0x00000000e5560000, 0x00000000e6ab0000)
 concurrent mark-sweep generation total 393216K, used 185103K [0x00000000e8000000, 0x0000000100000000, 0x0000000100000000)
 Metaspace       used 30351K, capacity 30692K, committed 31180K, reserved 1077248K
  class space    used 3546K, capacity 3680K, committed 3788K, reserved 1048576K
2015-09-09T15:00:24.937+0200: 191.807: [GC (Allocation Failure) 191.807: [ParNew
Desired survivor size 20112992 bytes, new threshold 8 (max 8)
- age   1:    5179784 bytes,    5179784 total
- age   2:    3455512 bytes,    8635296 total
- age   3:    3042536 bytes,   11677832 total
- age   4:    1970176 bytes,   13648008 total
- age   5:     144256 bytes,   13792264 total
- age   6:    1066784 bytes,   14859048 total
- age   7:     916912 bytes,   15775960 total
- age   8:    1098400 bytes,   16874360 total
: 106328K->21512K(109248K), 0.0082841 secs] 291431K->207664K(502464K), 0.0083314 secs] [Times: user=0.00 sys=0.00, real=0.01 secs] 
Heap after GC invocations=112 (full 3):
 par new generation   total 109248K, used 21512K [0x00000000e0000000, 0x00000000e8000000, 0x00000000e8000000)
  eden space 87424K,   0% used [0x00000000e0000000, 0x00000000e0000000, 0x00000000e5560000)
  from space 21824K,  98% used [0x00000000e5560000, 0x00000000e6a62118, 0x00000000e6ab0000)
  to   space 21824K,   0% used [0x00000000e6ab0000, 0x00000000e6ab0000, 0x00000000e8000000)
 concurrent mark-sweep generation total 393216K, used 186152K [0x00000000e8000000, 0x0000000100000000, 0x0000000100000000)
 Metaspace       used 30351K, capacity 30692K, committed 31180K, reserved 1077248K
  class space    used 3546K, capacity 3680K, committed 3788K, reserved 1048576K
}
2015-09-09T15:00:24.946+0200: 191.815: Total time for which application threads were stopped: 0.0084809 seconds, Stopping threads took: 0.0000138 seconds
{Heap before GC invocations=112 (full 3):
 par new generation   total 109248K, used 108936K [0x00000000e0000000, 0x00000000e8000000, 0x00000000e8000000)
  eden space 87424K, 100% used [0x00000000e0000000, 0x00000000e5560000, 0x00000000e5560000)
  from space 21824K,  98% used [0x00000000e5560000, 0x00000000e6a62118, 0x00000000e6ab0000)
  to   space 21824K,   0% used [0x00000000e6ab0000, 0x00000000e6ab0000, 0x00000000e8000000)
 concurrent mark-sweep generation total 393216K, used 186152K [0x00000000e8000000, 0x0000000100000000, 0x0000000100000000)
 Metaspace       used 30351K, capacity 30692K, committed 31180K, reserved 1077248K
  class space    used 3546K, capacity 3680K, committed 3788K, reserved 1048576K
2015-09-09T15:00:25.223+0200: 192.093: [GC (Allocation Failure) 192.093: [ParNew
Desired survivor size 20112992 bytes, new threshold 8 (max 8)
- age   1:    7091640 bytes,    7091640 total
- age   2:    2808560 bytes,    9900200 total
- age   3:    2639808 bytes,   12540008 total
- age   4:    3019912 bytes,   15559920 total
- age   5:    1915936 bytes,   17475856 total
- age   6:     144256 bytes,   17620112 total
- age   7:    1066784 bytes,   18686896 total
- age   8:     916912 bytes,   19603808 total
: 108936K->21824K(109248K), 0.0081257 secs] 295088K->209172K(502464K), 0.0081746 secs] [Times: user=0.06 sys=0.00, real=0.01 secs] 
Heap after GC invocations=113 (full 3):
 par new generation   total 109248K, used 21824K [0x00000000e0000000, 0x00000000e8000000, 0x00000000e8000000)
  eden space 87424K,   0% used [0x00000000e0000000, 0x00000000e0000000, 0x00000000e5560000)
  from space 21824K, 100% used [0x00000000e6ab0000, 0x00000000e8000000, 0x00000000e8000000)
  to   space 21824K,   0% used [0x00000000e5560000, 0x00000000e5560000, 0x00000000e6ab0000)
 concurrent mark-sweep generation total 393216K, used 187348K [0x00000000e8000000, 0x0000000100000000, 0x0000000100000000)
 Metaspace       used 30351K, capacity 30692K, committed 31180K, reserved 1077248K
  class space    used 3546K, capacity 3680K, committed 3788K, reserved 1048576K
}
2015-09-09T15:00:25.231+0200: 192.101: Total time for which application threads were stopped: 0.0083212 seconds, Stopping threads took: 0.0000141 seconds
{Heap before GC invocations=113 (full 3):
 par new generation   total 109248K, used 109227K [0x00000000e0000000, 0x00000000e8000000, 0x00000000e8000000)
  eden space 87424K,  99% used [0x00000000e0000000, 0x00000000e555ac50, 0x00000000e5560000)
  from space 21824K, 100% used [0x00000000e6ab0000, 0x00000000e8000000, 0x00000000e8000000)
  to   space 21824K,   0% used [0x00000000e5560000, 0x00000000e5560000, 0x00000000e6ab0000)
 concurrent mark-sweep generation total 393216K, used 187348K [0x00000000e8000000, 0x0000000100000000, 0x0000000100000000)
 Metaspace       used 30351K, capacity 30692K, committed 31180K, reserved 1077248K
  class space    used 3546K, capacity 3680K, committed 3788K, reserved 1048576K
2015-09-09T15:00:25.496+0200: 192.366: [GC (Allocation Failure) 192.366: [ParNew
Desired survivor size 20112992 bytes, new threshold 8 (max 8)
- age   1:    5856712 bytes,    5856712 total
- age   2:    2996528 bytes,    8853240 total
- age   3:    2474072 bytes,   11327312 total
- age   4:    2527000 bytes,   13854312 total
- age   5:    2907304 bytes,   16761616 total
- age   6:    1862800 bytes,   18624416 total
- age   7:     144256 bytes,   18768672 total
- age   8:    1066784 bytes,   19835456 total
: 109227K->21824K(109248K), 0.0088313 secs] 296575K->212633K(502464K), 0.0088770 secs] [Times: user=0.00 sys=0.00, real=0.01 secs] 
Heap after GC invocations=114 (full 3):
 par new generation   total 109248K, used 21824K [0x00000000e0000000, 0x00000000e8000000, 0x00000000e8000000)
  eden space 87424K,   0% used [0x00000000e0000000, 0x00000000e0000000, 0x00000000e5560000)
  from space 21824K, 100% used [0x00000000e5560000, 0x00000000e6ab0000, 0x00000000e6ab0000)
  to   space 21824K,   0% used [0x00000000e6ab0000, 0x00000000e6ab0000, 0x00000000e8000000)
 concurrent mark-sweep generation total 393216K, used 190809K [0x00000000e8000000, 0x0000000100000000, 0x0000000100000000)
 Metaspace       used 30351K, capacity 30692K, committed 31180K, reserved 1077248K
  class space    used 3546K, capacity 3680K, committed 3788K, reserved 1048576K
}
2015-09-09T15:00:25.505+0200: 192.375: Total time for which application threads were stopped: 0.0090262 seconds, Stopping threads took: 0.0000138 seconds
{Heap before GC invocations=114 (full 3):
 par new generation   total 109248K, used 109248K [0x00000000e0000000, 0x00000000e8000000, 0x00000000e8000000)
  eden space 87424K, 100% used [0x00000000e0000000, 0x00000000e5560000, 0x00000000e5560000)
  from space 21824K, 100% used [0x00000000e5560000, 0x00000000e6ab0000, 0x00000000e6ab0000)
  to   space 21824K,   0% used [0x00000000e6ab0000, 0x00000000e6ab0000, 0x00000000e8000000)
 concurrent mark-sweep generation total 393216K, used 190809K [0x00000000e8000000, 0x0000000100000000, 0x0000000100000000)
 Metaspace       used 30351K, capacity 30692K, committed 31180K, reserved 1077248K
  class space    used 3546K, capacity 3680K, committed 3788K, reserved 1048576K
2015-09-09T15:00:25.771+0200: 192.641: [GC (Allocation Failure) 192.641: [ParNew
Desired survivor size 20112992 bytes, new threshold 8 (max 8)
- age   1:    2834840 bytes,    2834840 total
- age   2:    2548600 bytes,    5383440 total
- age   3:    2423288 bytes,    7806728 total
- age   4:    2299664 bytes,   10106392 total
- age   5:    2322432 bytes,   12428824 total
- age   6:    2683400 bytes,   15112224 total
- age   7:    1751248 bytes,   16863472 total
- age   8:     144256 bytes,   17007728 total
: 109248K->21824K(109248K), 0.0082534 secs] 300057K->219010K(502464K), 0.0083014 secs] [Times: user=0.06 sys=0.00, real=0.01 secs] 
Heap after GC invocations=115 (full 3):
 par new generation   total 109248K, used 21824K [0x00000000e0000000, 0x00000000e8000000, 0x00000000e8000000)
  eden space 87424K,   0% used [0x00000000e0000000, 0x00000000e0000000, 0x00000000e5560000)
  from space 21824K, 100% used [0x00000000e6ab0000, 0x00000000e8000000, 0x00000000e8000000)
  to   space 21824K,   0% used [0x00000000e5560000, 0x00000000e5560000, 0x00000000e6ab0000)
 concurrent mark-sweep generation total 393216K, used 197186K [0x00000000e8000000, 0x0000000100000000, 0x0000000100000000)
 Metaspace       used 30351K, capacity 30692K, committed 31180K, reserved 1077248K
  class space    used 3546K, capacity 3680K, committed 3788K, reserved 1048576K
}
2015-09-09T15:00:25.779+0200: 192.649: Total time for which application threads were stopped: 0.0084447 seconds, Stopping threads took: 0.0000138 seconds
2015-09-09T15:00:25.779+0200: 192.649: [GC (CMS Initial Mark) [1 CMS-initial-mark: 197186K(393216K)] 220626K(502464K), 0.0017529 secs] [Times: user=0.00 sys=0.00, real=0.00 secs] 
2015-09-09T15:00:25.781+0200: 192.651: Total time for which application threads were stopped: 0.0018441 seconds, Stopping threads took: 0.0000230 seconds
2015-09-09T15:00:25.781+0200: 192.651: [CMS-concurrent-mark-start]
2015-09-09T15:00:25.788+0200: 192.658: [CMS-concurrent-mark: 0.007/0.007 secs] [Times: user=0.06 sys=0.00, real=0.01 secs] 
2015-09-09T15:00:25.788+0200: 192.658: [CMS-concurrent-preclean-start]
2015-09-09T15:00:25.789+0200: 192.658: [CMS-concurrent-preclean: 0.001/0.001 secs] [Times: user=0.00 sys=0.00, real=0.00 secs] 
2015-09-09T15:00:25.789+0200: 192.659: [GC (CMS Final Remark) [YG occupancy: 23439 K (109248 K)]{Heap before GC invocations=115 (full 4):
 par new generation   total 109248K, used 23439K [0x00000000e0000000, 0x00000000e8000000, 0x00000000e8000000)
  eden space 87424K,   1% used [0x00000000e0000000, 0x00000000e0193ce8, 0x00000000e5560000)
  from space 21824K, 100% used [0x00000000e6ab0000, 0x00000000e8000000, 0x00000000e8000000)
  to   space 21824K,   0% used [0x00000000e5560000, 0x00000000e5560000, 0x00000000e6ab0000)
 concurrent mark-sweep generation total 393216K, used 197186K [0x00000000e8000000, 0x0000000100000000, 0x0000000100000000)
 Metaspace       used 30351K, capacity 30692K, committed 31180K, reserved 1077248K
  class space    used 3546K, capacity 3680K, committed 3788K, reserved 1048576K
2015-09-09T15:00:25.789+0200: 192.659: [GC (CMS Final Remark) 192.659: [ParNew
Desired survivor size 20112992 bytes, new threshold 8 (max 8)
- age   1:       6064 bytes,       6064 total
- age   2:    2831920 bytes,    2837984 total
- age   3:    2548600 bytes,    5386584 total
- age   4:    2423288 bytes,    7809872 total
- age   5:    2299664 bytes,   10109536 total
- age   6:    2322432 bytes,   12431968 total
- age   7:    2683400 bytes,   15115368 total
- age   8:    1751104 bytes,   16866472 total
: 23439K->21356K(109248K), 0.0064505 secs] 220626K->218687K(502464K), 0.0064895 secs] [Times: user=0.00 sys=0.00, real=0.01 secs] 
Heap after GC invocations=116 (full 4):
 par new generation   total 109248K, used 21356K [0x00000000e0000000, 0x00000000e8000000, 0x00000000e8000000)
  eden space 87424K,   0% used [0x00000000e0000000, 0x00000000e0000000, 0x00000000e5560000)
  from space 21824K,  97% used [0x00000000e5560000, 0x00000000e6a3b240, 0x00000000e6ab0000)
  to   space 21824K,   0% used [0x00000000e6ab0000, 0x00000000e6ab0000, 0x00000000e8000000)
 concurrent mark-sweep generation total 393216K, used 197330K [0x00000000e8000000, 0x0000000100000000, 0x0000000100000000)
 Metaspace       used 30351K, capacity 30692K, committed 31180K, reserved 1077248K
  class space    used 3546K, capacity 3680K, committed 3788K, reserved 1048576K
}
192.665: [Rescan (parallel) , 0.0016301 secs]192.667: [weak refs processing, 0.0002765 secs]192.667: [class unloading, 0.0055225 secs]192.673: [scrub symbol table, 0.0028307 secs]192.676: [scrub string table, 0.0003674 secs][1 CMS-remark: 197330K(393216K)] 218687K(502464K), 0.0178939 secs] [Times: user=0.02 sys=0.00, real=0.02 secs] 
2015-09-09T15:00:25.807+0200: 192.677: Total time for which application threads were stopped: 0.0179931 seconds, Stopping threads took: 0.0000269 seconds
2015-09-09T15:00:25.807+0200: 192.677: [CMS-concurrent-sweep-start]
2015-09-09T15:00:25.837+0200: 192.707: [CMS-concurrent-sweep: 0.030/0.030 secs] [Times: user=0.06 sys=0.00, real=0.03 secs] 
2015-09-09T15:00:25.837+0200: 192.707: [CMS-concurrent-reset-start]
2015-09-09T15:00:25.837+0200: 192.707: [CMS-concurrent-reset: 0.000/0.000 secs] [Times: user=0.00 sys=0.00, real=0.00 secs] 
{Heap before GC invocations=116 (full 4):
 par new generation   total 109248K, used 108780K [0x00000000e0000000, 0x00000000e8000000, 0x00000000e8000000)
  eden space 87424K, 100% used [0x00000000e0000000, 0x00000000e5560000, 0x00000000e5560000)
  from space 21824K,  97% used [0x00000000e5560000, 0x00000000e6a3b240, 0x00000000e6ab0000)
  to   space 21824K,   0% used [0x00000000e6ab0000, 0x00000000e6ab0000, 0x00000000e8000000)
 concurrent mark-sweep generation total 393216K, used 52061K [0x00000000e8000000, 0x0000000100000000, 0x0000000100000000)
 Metaspace       used 30351K, capacity 30692K, committed 31180K, reserved 1077248K
  class space    used 3546K, capacity 3680K, committed 3788K, reserved 1048576K
2015-09-09T15:00:26.091+0200: 192.961: [GC (Allocation Failure) 192.961: [ParNew
Desired survivor size 20112992 bytes, new threshold 8 (max 8)
- age   1:    7852264 bytes,    7852264 total
- age   2:       2584 bytes,    7854848 total
- age   3:    2016112 bytes,    9870960 total
- age   4:    2067720 bytes,   11938680 total
- age   5:    2078544 bytes,   14017224 total
- age   6:    1964976 bytes,   15982200 total
- age   7:    2012024 bytes,   17994224 total
- age   8:    2584560 bytes,   20578784 total
: 108780K->21824K(109248K), 0.0096652 secs] 160842K->77736K(502464K), 0.0097093 secs] [Times: user=0.01 sys=0.00, real=0.01 secs] 
Heap after GC invocations=117 (full 4):
 par new generation   total 109248K, used 21824K [0x00000000e0000000, 0x00000000e8000000, 0x00000000e8000000)
  eden space 87424K,   0% used [0x00000000e0000000, 0x00000000e0000000, 0x00000000e5560000)
  from space 21824K, 100% used [0x00000000e6ab0000, 0x00000000e8000000, 0x00000000e8000000)
  to   space 21824K,   0% used [0x00000000e5560000, 0x00000000e5560000, 0x00000000e6ab0000)
 concurrent mark-sweep generation total 393216K, used 55912K [0x00000000e8000000, 0x0000000100000000, 0x0000000100000000)
 Metaspace       used 30351K, capacity 30692K, committed 31180K, reserved 1077248K
  class space    used 3546K, capacity 3680K, committed 3788K, reserved 1048576K
}
2015-09-09T15:00:26.101+0200: 192.971: Total time for which application threads were stopped: 0.0098853 seconds, Stopping threads took: 0.0000259 seconds
{Heap before GC invocations=117 (full 4):
 par new generation   total 109248K, used 109248K [0x00000000e0000000, 0x00000000e8000000, 0x00000000e8000000)
  eden space 87424K, 100% used [0x00000000e0000000, 0x00000000e5560000, 0x00000000e5560000)
  from space 21824K, 100% used [0x00000000e6ab0000, 0x00000000e8000000, 0x00000000e8000000)
  to   space 21824K,   0% used [0x00000000e5560000, 0x00000000e5560000, 0x00000000e6ab0000)
 concurrent mark-sweep generation total 393216K, used 55912K [0x00000000e8000000, 0x0000000100000000, 0x0000000100000000)
 Metaspace       used 30351K, capacity 30692K, committed 31180K, reserved 1077248K
  class space    used 3546K, capacity 3680K, committed 3788K, reserved 1048576K
2015-09-09T15:00:26.377+0200: 193.247: [GC (Allocation Failure) 193.247: [ParNew
Desired survivor size 20112992 bytes, new threshold 8 (max 8)
- age   1:    5266256 bytes,    5266256 total
- age   2:    2689272 bytes,    7955528 total
- age   3:       2416 bytes,    7957944 total
- age   4:    1939480 bytes,    9897424 total
- age   5:    1875456 bytes,   11772880 total
- age   6:    2019800 bytes,   13792680 total
- age   7:    1908752 bytes,   15701432 total
- age   8:    1952544 bytes,   17653976 total
: 109248K->21824K(109248K), 0.0082988 secs] 165160K->83769K(502464K), 0.0083484 secs] [Times: user=0.06 sys=0.00, real=0.01 secs] 
Heap after GC invocations=118 (full 4):
 par new generation   total 109248K, used 21824K [0x00000000e0000000, 0x00000000e8000000, 0x00000000e8000000)
  eden space 87424K,   0% used [0x00000000e0000000, 0x00000000e0000000, 0x00000000e5560000)
  from space 21824K, 100% used [0x00000000e5560000, 0x00000000e6ab0000, 0x00000000e6ab0000)
  to   space 21824K,   0% used [0x00000000e6ab0000, 0x00000000e6ab0000, 0x00000000e8000000)
 concurrent mark-sweep generation total 393216K, used 61945K [0x00000000e8000000, 0x0000000100000000, 0x0000000100000000)
 Metaspace       used 30351K, capacity 30692K, committed 31180K, reserved 1077248K
  class space    used 3546K, capacity 3680K, committed 3788K, reserved 1048576K
}
2015-09-09T15:00:26.385+0200: 193.255: Total time for which application threads were stopped: 0.0084889 seconds, Stopping threads took: 0.0000134 seconds
{Heap before GC invocations=118 (full 4):
 par new generation   total 109248K, used 109248K [0x00000000e0000000, 0x00000000e8000000, 0x00000000e8000000)
  eden space 87424K, 100% used [0x00000000e0000000, 0x00000000e5560000, 0x00000000e5560000)
  from space 21824K, 100% used [0x00000000e5560000, 0x00000000e6ab0000, 0x00000000e6ab0000)
  to   space 21824K,   0% used [0x00000000e6ab0000, 0x00000000e6ab0000, 0x00000000e8000000)
 concurrent mark-sweep generation total 393216K, used 61945K [0x00000000e8000000, 0x0000000100000000, 0x0000000100000000)
 Metaspace       used 30351K, capacity 30692K, committed 31180K, reserved 1077248K
  class space    used 3546K, capacity 3680K, committed 3788K, reserved 1048576K
2015-09-09T15:00:26.671+0200: 193.541: [GC (Allocation Failure) 193.541: [ParNew
Desired survivor size 20112992 bytes, new threshold 8 (max 8)
- age   1:   10281496 bytes,   10281496 total
- age   2:    2479696 bytes,   12761192 total
- age   3:    2660776 bytes,   15421968 total
- age   4:       2272 bytes,   15424240 total
- age   5:     860096 bytes,   16284336 total
- age   6:     765896 bytes,   17050232 total
- age   7:     876312 bytes,   17926544 total
- age   8:    1158128 bytes,   19084672 total
: 109248K->21824K(109248K), 0.0085228 secs] 171193K->90413K(502464K), 0.0085689 secs] [Times: user=0.06 sys=0.00, real=0.01 secs] 
Heap after GC invocations=119 (full 4):
 par new generation   total 109248K, used 21824K [0x00000000e0000000, 0x00000000e8000000, 0x00000000e8000000)
  eden space 87424K,   0% used [0x00000000e0000000, 0x00000000e0000000, 0x00000000e5560000)
  from space 21824K, 100% used [0x00000000e6ab0000, 0x00000000e8000000, 0x00000000e8000000)
  to   space 21824K,   0% used [0x00000000e5560000, 0x00000000e5560000, 0x00000000e6ab0000)
 concurrent mark-sweep generation total 393216K, used 68589K [0x00000000e8000000, 0x0000000100000000, 0x0000000100000000)
 Metaspace       used 30351K, capacity 30692K, committed 31180K, reserved 1077248K
  class space    used 3546K, capacity 3680K, committed 3788K, reserved 1048576K
}
2015-09-09T15:00:26.680+0200: 193.550: Total time for which application threads were stopped: 0.0087116 seconds, Stopping threads took: 0.0000141 seconds
{Heap before GC invocations=119 (full 4):
 par new generation   total 109248K, used 109248K [0x00000000e0000000, 0x00000000e8000000, 0x00000000e8000000)
  eden space 87424K, 100% used [0x00000000e0000000, 0x00000000e5560000, 0x00000000e5560000)
  from space 21824K, 100% used [0x00000000e6ab0000, 0x00000000e8000000, 0x00000000e8000000)
  to   space 21824K,   0% used [0x00000000e5560000, 0x00000000e5560000, 0x00000000e6ab0000)
 concurrent mark-sweep generation total 393216K, used 68589K [0x00000000e8000000, 0x0000000100000000, 0x0000000100000000)
 Metaspace       used 30351K, capacity 30692K, committed 31180K, reserved 1077248K
  class space    used 3546K, capacity 3680K, committed 3788K, reserved 1048576K
2015-09-09T15:00:26.974+0200: 193.844: [GC (Allocation Failure) 193.844: [ParNew
Desired survivor size 20112992 bytes, new threshold 8 (max 8)
- age   1:    5147104 bytes,    5147104 total
- age   2:    5960728 bytes,   11107832 total
- age   3:    2459400 bytes,   13567232 total
- age   4:    2646896 bytes,   16214128 total
- age   5:       2208 bytes,   16216336 total
- age   6:     847096 bytes,   17063432 total
- age   7:     722552 bytes,   17785984 total
- age   8:     866088 bytes,   18652072 total
: 109248K->21824K(109248K), 0.0073958 secs] 177837K->94451K(502464K), 0.0074425 secs] [Times: user=0.00 sys=0.00, real=0.01 secs] 
Heap after GC invocations=120 (full 4):
 par new generation   total 109248K, used 21824K [0x00000000e0000000, 0x00000000e8000000, 0x00000000e8000000)
  eden space 87424K,   0% used [0x00000000e0000000, 0x00000000e0000000, 0x00000000e5560000)
  from space 21824K, 100% used [0x00000000e5560000, 0x00000000e6ab0000, 0x00000000e6ab0000)
  to   space 21824K,   0% used [0x00000000e6ab0000, 0x00000000e6ab0000, 0x00000000e8000000)
 concurrent mark-sweep generation total 393216K, used 72627K [0x00000000e8000000, 0x0000000100000000, 0x0000000100000000)
 Metaspace       used 30351K, capacity 30692K, committed 31180K, reserved 1077248K
  class space    used 3546K, capacity 3680K, committed 3788K, reserved 1048576K
}
2015-09-09T15:00:26.981+0200: 193.851: Total time for which application threads were stopped: 0.0075846 seconds, Stopping threads took: 0.0000141 seconds
{Heap before GC invocations=120 (full 4):
 par new generation   total 109248K, used 109248K [0x00000000e0000000, 0x00000000e8000000, 0x00000000e8000000)
  eden space 87424K, 100% used [0x00000000e0000000, 0x00000000e5560000, 0x00000000e5560000)
  from space 21824K, 100% used [0x00000000e5560000, 0x00000000e6ab0000, 0x00000000e6ab0000)
  to   space 21824K,   0% used [0x00000000e6ab0000, 0x00000000e6ab0000, 0x00000000e8000000)
 concurrent mark-sweep generation total 393216K, used 72627K [0x00000000e8000000, 0x0000000100000000, 0x0000000100000000)
 Metaspace       used 30351K, capacity 30692K, committed 31180K, reserved 1077248K
  class space    used 3546K, capacity 3680K, committed 3788K, reserved 1048576K
2015-09-09T15:00:27.258+0200: 194.128: [GC (Allocation Failure) 194.128: [ParNew
Desired survivor size 20112992 bytes, new threshold 8 (max 8)
- age   1:    4900912 bytes,    4900912 total
- age   2:    4008048 bytes,    8908960 total
- age   3:    2042392 bytes,   10951352 total
- age   4:    2459400 bytes,   13410752 total
- age   5:    2646896 bytes,   16057648 total
- age   6:       2208 bytes,   16059856 total
- age   7:     847096 bytes,   16906952 total
- age   8:     722552 bytes,   17629504 total
: 109248K->21824K(109248K), 0.0078025 secs] 181875K->101341K(502464K), 0.0078514 secs] [Times: user=0.00 sys=0.00, real=0.01 secs] 
Heap after GC invocations=121 (full 4):
 par new generation   total 109248K, used 21824K [0x00000000e0000000, 0x00000000e8000000, 0x00000000e8000000)
  eden space 87424K,   0% used [0x00000000e0000000, 0x00000000e0000000, 0x00000000e5560000)
  from space 21824K, 100% used [0x00000000e6ab0000, 0x00000000e8000000, 0x00000000e8000000)
  to   space 21824K,   0% used [0x00000000e5560000, 0x00000000e5560000, 0x00000000e6ab0000)
 concurrent mark-sweep generation total 393216K, used 79517K [0x00000000e8000000, 0x0000000100000000, 0x0000000100000000)
 Metaspace       used 30351K, capacity 30692K, committed 31180K, reserved 1077248K
  class space    used 3546K, capacity 3680K, committed 3788K, reserved 1048576K
}
2015-09-09T15:00:27.266+0200: 194.136: Total time for which application threads were stopped: 0.0079929 seconds, Stopping threads took: 0.0000141 seconds
{Heap before GC invocations=121 (full 4):
 par new generation   total 109248K, used 109248K [0x00000000e0000000, 0x00000000e8000000, 0x00000000e8000000)
  eden space 87424K, 100% used [0x00000000e0000000, 0x00000000e5560000, 0x00000000e5560000)
  from space 21824K, 100% used [0x00000000e6ab0000, 0x00000000e8000000, 0x00000000e8000000)
  to   space 21824K,   0% used [0x00000000e5560000, 0x00000000e5560000, 0x00000000e6ab0000)
 concurrent mark-sweep generation total 393216K, used 79517K [0x00000000e8000000, 0x0000000100000000, 0x0000000100000000)
 Metaspace       used 30351K, capacity 30692K, committed 31180K, reserved 1077248K
  class space    used 3546K, capacity 3680K, committed 3788K, reserved 1048576K
2015-09-09T15:00:27.539+0200: 194.409: [GC (Allocation Failure) 194.409: [ParNew
Desired survivor size 20112992 bytes, new threshold 8 (max 8)
- age   1:    5812072 bytes,    5812072 total
- age   2:    2426832 bytes,    8238904 total
- age   3:    3414224 bytes,   11653128 total
- age   4:    2024648 bytes,   13677776 total
- age   5:    2425344 bytes,   16103120 total
- age   6:    2637904 bytes,   18741024 total
- age   7:       2208 bytes,   18743232 total
- age   8:     836552 bytes,   19579784 total
: 109248K->21824K(109248K), 0.0080521 secs] 188765K->106714K(502464K), 0.0080991 secs] [Times: user=0.00 sys=0.00, real=0.01 secs] 
Heap after GC invocations=122 (full 4):
 par new generation   total 109248K, used 21824K [0x00000000e0000000, 0x00000000e8000000, 0x00000000e8000000)
  eden space 87424K,   0% used [0x00000000e0000000, 0x00000000e0000000, 0x00000000e5560000)
  from space 21824K, 100% used [0x00000000e5560000, 0x00000000e6ab0000, 0x00000000e6ab0000)
  to   space 21824K,   0% used [0x00000000e6ab0000, 0x00000000e6ab0000, 0x00000000e8000000)
 concurrent mark-sweep generation total 393216K, used 84890K [0x00000000e8000000, 0x0000000100000000, 0x0000000100000000)
 Metaspace       used 30351K, capacity 30692K, committed 31180K, reserved 1077248K
  class space    used 3546K, capacity 3680K, committed 3788K, reserved 1048576K
}
2015-09-09T15:00:27.547+0200: 194.417: Total time for which application threads were stopped: 0.0082412 seconds, Stopping threads took: 0.0000141 seconds
{Heap before GC invocations=122 (full 4):
 par new generation   total 109248K, used 109248K [0x00000000e0000000, 0x00000000e8000000, 0x00000000e8000000)
  eden space 87424K, 100% used [0x00000000e0000000, 0x00000000e5560000, 0x00000000e5560000)
  from space 21824K, 100% used [0x00000000e5560000, 0x00000000e6ab0000, 0x00000000e6ab0000)
  to   space 21824K,   0% used [0x00000000e6ab0000, 0x00000000e6ab0000, 0x00000000e8000000)
 concurrent mark-sweep generation total 393216K, used 84890K [0x00000000e8000000, 0x0000000100000000, 0x0000000100000000)
 Metaspace       used 30351K, capacity 30692K, committed 31180K, reserved 1077248K
  class space    used 3546K, capacity 3680K, committed 3788K, reserved 1048576K
2015-09-09T15:00:27.846+0200: 194.716: [GC (Allocation Failure) 194.716: [ParNew
Desired survivor size 20112992 bytes, new threshold 7 (max 8)
- age   1:    5326768 bytes,    5326768 total
- age   2:    3373248 bytes,    8700016 total
- age   3:    2309448 bytes,   11009464 total
- age   4:    2781608 bytes,   13791072 total
- age   5:    1937696 bytes,   15728768 total
- age   6:    2342008 bytes,   18070776 total
- age   7:    2063848 bytes,   20134624 total
- age   8:       2032 bytes,   20136656 total
: 109248K->21824K(109248K), 0.0090031 secs] 194138K->110126K(502464K), 0.0090502 secs] [Times: user=0.00 sys=0.00, real=0.01 secs] 
Heap after GC invocations=123 (full 4):
 par new generation   total 109248K, used 21824K [0x00000000e0000000, 0x00000000e8000000, 0x00000000e8000000)
  eden space 87424K,   0% used [0x00000000e0000000, 0x00000000e0000000, 0x00000000e5560000)
  from space 21824K, 100% used [0x00000000e6ab0000, 0x00000000e8000000, 0x00000000e8000000)
  to   space 21824K,   0% used [0x00000000e5560000, 0x00000000e5560000, 0x00000000e6ab0000)
 concurrent mark-sweep generation total 393216K, used 88302K [0x00000000e8000000, 0x0000000100000000, 0x0000000100000000)
 Metaspace       used 30351K, capacity 30692K, committed 31180K, reserved 1077248K
  class space    used 3546K, capacity 3680K, committed 3788K, reserved 1048576K
}
2015-09-09T15:00:27.855+0200: 194.725: Total time for which application threads were stopped: 0.0091945 seconds, Stopping threads took: 0.0000134 seconds
{Heap before GC invocations=123 (full 4):
 par new generation   total 109248K, used 109248K [0x00000000e0000000, 0x00000000e8000000, 0x00000000e8000000)
  eden space 87424K, 100% used [0x00000000e0000000, 0x00000000e5560000, 0x00000000e5560000)
  from space 21824K, 100% used [0x00000000e6ab0000, 0x00000000e8000000, 0x00000000e8000000)
  to   space 21824K,   0% used [0x00000000e5560000, 0x00000000e5560000, 0x00000000e6ab0000)
 concurrent mark-sweep generation total 393216K, used 88302K [0x00000000e8000000, 0x0000000100000000, 0x0000000100000000)
 Metaspace       used 30351K, capacity 30692K, committed 31180K, reserved 1077248K
  class space    used 3546K, capacity 3680K, committed 3788K, reserved 1048576K
2015-09-09T15:00:28.133+0200: 195.003: [GC (Allocation Failure) 195.003: [ParNew
Desired survivor size 20112992 bytes, new threshold 7 (max 8)
- age   1:    4508480 bytes,    4508480 total
- age   2:    5262152 bytes,    9770632 total
- age   3:    1996336 bytes,   11766968 total
- age   4:    2280560 bytes,   14047528 total
- age   5:    2751480 bytes,   16799008 total
- age   6:    1916848 bytes,   18715856 total
- age   7:    2320680 bytes,   21036536 total
: 109248K->21824K(109248K), 0.0090828 secs] 197550K->116778K(502464K), 0.0091311 secs] [Times: user=0.00 sys=0.00, real=0.01 secs] 
Heap after GC invocations=124 (full 4):
 par new generation   total 109248K, used 21824K [0x00000000e0000000, 0x00000000e8000000, 0x00000000e8000000)
  eden space 87424K,   0% used [0x00000000e0000000, 0x00000000e0000000, 0x00000000e5560000)
  from space 21824K, 100% used [0x00000000e5560000, 0x00000000e6ab0000, 0x00000000e6ab0000)
  to   space 21824K,   0% used [0x00000000e6ab0000, 0x00000000e6ab0000, 0x00000000e8000000)
 concurrent mark-sweep generation total 393216K, used 94954K [0x00000000e8000000, 0x0000000100000000, 0x0000000100000000)
 Metaspace       used 30351K, capacity 30692K, committed 31180K, reserved 1077248K
  class space    used 3546K, capacity 3680K, committed 3788K, reserved 1048576K
}
2015-09-09T15:00:28.142+0200: 195.012: Total time for which application threads were stopped: 0.0092866 seconds, Stopping threads took: 0.0000234 seconds
{Heap before GC invocations=124 (full 4):
 par new generation   total 109248K, used 109248K [0x00000000e0000000, 0x00000000e8000000, 0x00000000e8000000)
  eden space 87424K, 100% used [0x00000000e0000000, 0x00000000e5560000, 0x00000000e5560000)
  from space 21824K, 100% used [0x00000000e5560000, 0x00000000e6ab0000, 0x00000000e6ab0000)
  to   space 21824K,   0% used [0x00000000e6ab0000, 0x00000000e6ab0000, 0x00000000e8000000)
 concurrent mark-sweep generation total 393216K, used 94954K [0x00000000e8000000, 0x0000000100000000, 0x0000000100000000)
 Metaspace       used 30351K, capacity 30692K, committed 31180K, reserved 1077248K
  class space    used 3546K, capacity 3680K, committed 3788K, reserved 1048576K
2015-09-09T15:00:28.433+0200: 195.303: [GC (Allocation Failure) 195.303: [ParNew
Desired survivor size 20112992 bytes, new threshold 8 (max 8)
- age   1:    5269048 bytes,    5269048 total
- age   2:    2786648 bytes,    8055696 total
- age   3:    2849304 bytes,   10905000 total
- age   4:    1996360 bytes,   12901360 total
- age   5:    2280560 bytes,   15181920 total
- age   6:    2751480 bytes,   17933400 total
- age   7:    1916848 bytes,   19850248 total
: 109248K->21824K(109248K), 0.0086988 secs] 204202K->120747K(502464K), 0.0087494 secs] [Times: user=0.06 sys=0.00, real=0.01 secs] 
Heap after GC invocations=125 (full 4):
 par new generation   total 109248K, used 21824K [0x00000000e0000000, 0x00000000e8000000, 0x00000000e8000000)
  eden space 87424K,   0% used [0x00000000e0000000, 0x00000000e0000000, 0x00000000e5560000)
  from space 21824K, 100% used [0x00000000e6ab0000, 0x00000000e8000000, 0x00000000e8000000)
  to   space 21824K,   0% used [0x00000000e5560000, 0x00000000e5560000, 0x00000000e6ab0000)
 concurrent mark-sweep generation total 393216K, used 98923K [0x00000000e8000000, 0x0000000100000000, 0x0000000100000000)
 Metaspace       used 30351K, capacity 30692K, committed 31180K, reserved 1077248K
  class space    used 3546K, capacity 3680K, committed 3788K, reserved 1048576K
}
2015-09-09T15:00:28.442+0200: 195.312: Total time for which application threads were stopped: 0.0088962 seconds, Stopping threads took: 0.0000144 seconds
{Heap before GC invocations=125 (full 4):
 par new generation   total 109248K, used 109248K [0x00000000e0000000, 0x00000000e8000000, 0x00000000e8000000)
  eden space 87424K, 100% used [0x00000000e0000000, 0x00000000e5560000, 0x00000000e5560000)
  from space 21824K, 100% used [0x00000000e6ab0000, 0x00000000e8000000, 0x00000000e8000000)
  to   space 21824K,   0% used [0x00000000e5560000, 0x00000000e5560000, 0x00000000e6ab0000)
 concurrent mark-sweep generation total 393216K, used 98923K [0x00000000e8000000, 0x0000000100000000, 0x0000000100000000)
 Metaspace       used 30351K, capacity 30692K, committed 31180K, reserved 1077248K
  class space    used 3546K, capacity 3680K, committed 3788K, reserved 1048576K
2015-09-09T15:00:28.717+0200: 195.587: [GC (Allocation Failure) 195.587: [ParNew
Desired survivor size 20112992 bytes, new threshold 8 (max 8)
- age   1:    3737168 bytes,    3737168 total
- age   2:    4505232 bytes,    8242400 total
- age   3:    1389672 bytes,    9632072 total
- age   4:    2838368 bytes,   12470440 total
- age   5:    1989576 bytes,   14460016 total
- age   6:    1749552 bytes,   16209568 total
- age   7:    1825072 bytes,   18034640 total
- age   8:    1908888 bytes,   19943528 total
: 109248K->21824K(109248K), 0.0083321 secs] 208171K->128911K(502464K), 0.0083791 secs] [Times: user=0.06 sys=0.00, real=0.01 secs] 
Heap after GC invocations=126 (full 4):
 par new generation   total 109248K, used 21824K [0x00000000e0000000, 0x00000000e8000000, 0x00000000e8000000)
  eden space 87424K,   0% used [0x00000000e0000000, 0x00000000e0000000, 0x00000000e5560000)
  from space 21824K, 100% used [0x00000000e5560000, 0x00000000e6ab0000, 0x00000000e6ab0000)
  to   space 21824K,   0% used [0x00000000e6ab0000, 0x00000000e6ab0000, 0x00000000e8000000)
 concurrent mark-sweep generation total 393216K, used 107087K [0x00000000e8000000, 0x0000000100000000, 0x0000000100000000)
 Metaspace       used 30351K, capacity 30692K, committed 31180K, reserved 1077248K
  class space    used 3546K, capacity 3680K, committed 3788K, reserved 1048576K
}
2015-09-09T15:00:28.725+0200: 195.595: Total time for which application threads were stopped: 0.0085170 seconds, Stopping threads took: 0.0000138 seconds
{Heap before GC invocations=126 (full 4):
 par new generation   total 109248K, used 109248K [0x00000000e0000000, 0x00000000e8000000, 0x00000000e8000000)
  eden space 87424K, 100% used [0x00000000e0000000, 0x00000000e5560000, 0x00000000e5560000)
  from space 21824K, 100% used [0x00000000e5560000, 0x00000000e6ab0000, 0x00000000e6ab0000)
  to   space 21824K,   0% used [0x00000000e6ab0000, 0x00000000e6ab0000, 0x00000000e8000000)
 concurrent mark-sweep generation total 393216K, used 107087K [0x00000000e8000000, 0x0000000100000000, 0x0000000100000000)
 Metaspace       used 30352K, capacity 30692K, committed 31180K, reserved 1077248K
  class space    used 3546K, capacity 3680K, committed 3788K, reserved 1048576K
2015-09-09T15:00:29.017+0200: 195.887: [GC (Allocation Failure) 195.887: [ParNew
Desired survivor size 20112992 bytes, new threshold 8 (max 8)
- age   1:    4472256 bytes,    4472256 total
- age   2:    2911912 bytes,    7384168 total
- age   3:    1427088 bytes,    8811256 total
- age   4:    1320824 bytes,   10132080 total
- age   5:    2836864 bytes,   12968944 total
- age   6:    1234296 bytes,   14203240 total
- age   7:    1747888 bytes,   15951128 total
- age   8:    1823848 bytes,   17774976 total
: 109248K->21824K(109248K), 0.0091775 secs] 216335K->134599K(502464K), 0.0092262 secs] [Times: user=0.00 sys=0.00, real=0.01 secs] 
Heap after GC invocations=127 (full 4):
 par new generation   total 109248K, used 21824K [0x00000000e0000000, 0x00000000e8000000, 0x00000000e8000000)
  eden space 87424K,   0% used [0x00000000e0000000, 0x00000000e0000000, 0x00000000e5560000)
  from space 21824K, 100% used [0x00000000e6ab0000, 0x00000000e8000000, 0x00000000e8000000)
  to   space 21824K,   0% used [0x00000000e5560000, 0x00000000e5560000, 0x00000000e6ab0000)
 concurrent mark-sweep generation total 393216K, used 112775K [0x00000000e8000000, 0x0000000100000000, 0x0000000100000000)
 Metaspace       used 30352K, capacity 30692K, committed 31180K, reserved 1077248K
  class space    used 3546K, capacity 3680K, committed 3788K, reserved 1048576K
}
2015-09-09T15:00:29.026+0200: 195.896: Total time for which application threads were stopped: 0.0094012 seconds, Stopping threads took: 0.0000259 seconds
{Heap before GC invocations=127 (full 4):
 par new generation   total 109248K, used 109248K [0x00000000e0000000, 0x00000000e8000000, 0x00000000e8000000)
  eden space 87424K, 100% used [0x00000000e0000000, 0x00000000e5560000, 0x00000000e5560000)
  from space 21824K, 100% used [0x00000000e6ab0000, 0x00000000e8000000, 0x00000000e8000000)
  to   space 21824K,   0% used [0x00000000e5560000, 0x00000000e5560000, 0x00000000e6ab0000)
 concurrent mark-sweep generation total 393216K, used 112775K [0x00000000e8000000, 0x0000000100000000, 0x0000000100000000)
 Metaspace       used 30352K, capacity 30692K, committed 31180K, reserved 1077248K
  class space    used 3546K, capacity 3680K, committed 3788K, reserved 1048576K
2015-09-09T15:00:29.311+0200: 196.181: [GC (Allocation Failure) 196.181: [ParNew
Desired survivor size 20112992 bytes, new threshold 8 (max 8)
- age   1:    5332216 bytes,    5332216 total
- age   2:    1633568 bytes,    6965784 total
- age   3:    2324216 bytes,    9290000 total
- age   4:    1421104 bytes,   10711104 total
- age   5:    1316648 bytes,   12027752 total
- age   6:    2834128 bytes,   14861880 total
- age   7:    1207056 bytes,   16068936 total
- age   8:    1352536 bytes,   17421472 total
: 109248K->21824K(109248K), 0.0090626 secs] 222023K->137959K(502464K), 0.0091090 secs] [Times: user=0.06 sys=0.00, real=0.01 secs] 
Heap after GC invocations=128 (full 4):
 par new generation   total 109248K, used 21824K [0x00000000e0000000, 0x00000000e8000000, 0x00000000e8000000)
  eden space 87424K,   0% used [0x00000000e0000000, 0x00000000e0000000, 0x00000000e5560000)
  from space 21824K, 100% used [0x00000000e5560000, 0x00000000e6ab0000, 0x00000000e6ab0000)
  to   space 21824K,   0% used [0x00000000e6ab0000, 0x00000000e6ab0000, 0x00000000e8000000)
 concurrent mark-sweep generation total 393216K, used 116135K [0x00000000e8000000, 0x0000000100000000, 0x0000000100000000)
 Metaspace       used 30352K, capacity 30692K, committed 31180K, reserved 1077248K
  class space    used 3546K, capacity 3680K, committed 3788K, reserved 1048576K
}
2015-09-09T15:00:29.320+0200: 196.190: Total time for which application threads were stopped: 0.0092543 seconds, Stopping threads took: 0.0000134 seconds
{Heap before GC invocations=128 (full 4):
 par new generation   total 109248K, used 109248K [0x00000000e0000000, 0x00000000e8000000, 0x00000000e8000000)
  eden space 87424K, 100% used [0x00000000e0000000, 0x00000000e5560000, 0x00000000e5560000)
  from space 21824K, 100% used [0x00000000e5560000, 0x00000000e6ab0000, 0x00000000e6ab0000)
  to   space 21824K,   0% used [0x00000000e6ab0000, 0x00000000e6ab0000, 0x00000000e8000000)
 concurrent mark-sweep generation total 393216K, used 116135K [0x00000000e8000000, 0x0000000100000000, 0x0000000100000000)
 Metaspace       used 30352K, capacity 30692K, committed 31180K, reserved 1077248K
  class space    used 3546K, capacity 3680K, committed 3788K, reserved 1048576K
2015-09-09T15:00:29.594+0200: 196.464: [GC (Allocation Failure) 196.464: [ParNew
Desired survivor size 20112992 bytes, new threshold 8 (max 8)
- age   1:    4479872 bytes,    4479872 total
- age   2:    4825712 bytes,    9305584 total
- age   3:    1517032 bytes,   10822616 total
- age   4:    1278080 bytes,   12100696 total
- age   5:    1342120 bytes,   13442816 total
- age   6:    1244032 bytes,   14686848 total
- age   7:    2788168 bytes,   17475016 total
- age   8:    1172408 bytes,   18647424 total
: 109248K->21824K(109248K), 0.0101602 secs] 225383K->147226K(502464K), 0.0102108 secs] [Times: user=0.00 sys=0.00, real=0.01 secs] 
Heap after GC invocations=129 (full 4):
 par new generation   total 109248K, used 21824K [0x00000000e0000000, 0x00000000e8000000, 0x00000000e8000000)
  eden space 87424K,   0% used [0x00000000e0000000, 0x00000000e0000000, 0x00000000e5560000)
  from space 21824K, 100% used [0x00000000e6ab0000, 0x00000000e8000000, 0x00000000e8000000)
  to   space 21824K,   0% used [0x00000000e5560000, 0x00000000e5560000, 0x00000000e6ab0000)
 concurrent mark-sweep generation total 393216K, used 125402K [0x00000000e8000000, 0x0000000100000000, 0x0000000100000000)
 Metaspace       used 30352K, capacity 30692K, committed 31180K, reserved 1077248K
  class space    used 3546K, capacity 3680K, committed 3788K, reserved 1048576K
}
2015-09-09T15:00:29.605+0200: 196.475: Total time for which application threads were stopped: 0.0103599 seconds, Stopping threads took: 0.0000150 seconds
{Heap before GC invocations=129 (full 4):
 par new generation   total 109248K, used 109248K [0x00000000e0000000, 0x00000000e8000000, 0x00000000e8000000)
  eden space 87424K, 100% used [0x00000000e0000000, 0x00000000e5560000, 0x00000000e5560000)
  from space 21824K, 100% used [0x00000000e6ab0000, 0x00000000e8000000, 0x00000000e8000000)
  to   space 21824K,   0% used [0x00000000e5560000, 0x00000000e5560000, 0x00000000e6ab0000)
 concurrent mark-sweep generation total 393216K, used 125402K [0x00000000e8000000, 0x0000000100000000, 0x0000000100000000)
 Metaspace       used 30352K, capacity 30692K, committed 31180K, reserved 1077248K
  class space    used 3546K, capacity 3680K, committed 3788K, reserved 1048576K
2015-09-09T15:00:29.904+0200: 196.773: [GC (Allocation Failure) 196.773: [ParNew
Desired survivor size 20112992 bytes, new threshold 8 (max 8)
- age   1:    2856528 bytes,    2856528 total
- age   2:    3855856 bytes,    6712384 total
- age   3:    4575928 bytes,   11288312 total
- age   4:    1323344 bytes,   12611656 total
- age   5:    1242032 bytes,   13853688 total
- age   6:    1306080 bytes,   15159768 total
- age   7:    1213144 bytes,   16372912 total
- age   8:    2770976 bytes,   19143888 total
: 109248K->21824K(109248K), 0.0091862 secs] 234650K->149497K(502464K), 0.0092310 secs] [Times: user=0.06 sys=0.00, real=0.01 secs] 
Heap after GC invocations=130 (full 4):
 par new generation   total 109248K, used 21824K [0x00000000e0000000, 0x00000000e8000000, 0x00000000e8000000)
  eden space 87424K,   0% used [0x00000000e0000000, 0x00000000e0000000, 0x00000000e5560000)
  from space 21824K, 100% used [0x00000000e5560000, 0x00000000e6ab0000, 0x00000000e6ab0000)
  to   space 21824K,   0% used [0x00000000e6ab0000, 0x00000000e6ab0000, 0x00000000e8000000)
 concurrent mark-sweep generation total 393216K, used 127673K [0x00000000e8000000, 0x0000000100000000, 0x0000000100000000)
 Metaspace       used 30352K, capacity 30692K, committed 31180K, reserved 1077248K
  class space    used 3546K, capacity 3680K, committed 3788K, reserved 1048576K
}
2015-09-09T15:00:29.913+0200: 196.782: Total time for which application threads were stopped: 0.0093750 seconds, Stopping threads took: 0.0000141 seconds
{Heap before GC invocations=130 (full 4):
 par new generation   total 109248K, used 109248K [0x00000000e0000000, 0x00000000e8000000, 0x00000000e8000000)
  eden space 87424K, 100% used [0x00000000e0000000, 0x00000000e5560000, 0x00000000e5560000)
  from space 21824K, 100% used [0x00000000e5560000, 0x00000000e6ab0000, 0x00000000e6ab0000)
  to   space 21824K,   0% used [0x00000000e6ab0000, 0x00000000e6ab0000, 0x00000000e8000000)
 concurrent mark-sweep generation total 393216K, used 127673K [0x00000000e8000000, 0x0000000100000000, 0x0000000100000000)
 Metaspace       used 30352K, capacity 30692K, committed 31180K, reserved 1077248K
  class space    used 3546K, capacity 3680K, committed 3788K, reserved 1048576K
2015-09-09T15:00:30.220+0200: 197.089: [GC (Allocation Failure) 197.089: [ParNew
Desired survivor size 20112992 bytes, new threshold 8 (max 8)
- age   1:    6677360 bytes,    6677360 total
- age   2:    2791712 bytes,    9469072 total
- age   3:    3789504 bytes,   13258576 total
- age   4:    1372448 bytes,   14631024 total
- age   5:    1284456 bytes,   15915480 total
- age   6:    1201216 bytes,   17116696 total
- age   7:    1265888 bytes,   18382584 total
- age   8:    1174504 bytes,   19557088 total
: 109248K->21824K(109248K), 0.0097621 secs] 236921K->157252K(502464K), 0.0098412 secs] [Times: user=0.00 sys=0.00, real=0.01 secs] 
Heap after GC invocations=131 (full 4):
 par new generation   total 109248K, used 21824K [0x00000000e0000000, 0x00000000e8000000, 0x00000000e8000000)
  eden space 87424K,   0% used [0x00000000e0000000, 0x00000000e0000000, 0x00000000e5560000)
  from space 21824K, 100% used [0x00000000e6ab0000, 0x00000000e8000000, 0x00000000e8000000)
  to   space 21824K,   0% used [0x00000000e5560000, 0x00000000e5560000, 0x00000000e6ab0000)
 concurrent mark-sweep generation total 393216K, used 135428K [0x00000000e8000000, 0x0000000100000000, 0x0000000100000000)
 Metaspace       used 30352K, capacity 30692K, committed 31180K, reserved 1077248K
  class space    used 3546K, capacity 3680K, committed 3788K, reserved 1048576K
}
2015-09-09T15:00:30.230+0200: 197.099: Total time for which application threads were stopped: 0.0099852 seconds, Stopping threads took: 0.0000138 seconds
{Heap before GC invocations=131 (full 4):
 par new generation   total 109248K, used 109248K [0x00000000e0000000, 0x00000000e8000000, 0x00000000e8000000)
  eden space 87424K, 100% used [0x00000000e0000000, 0x00000000e5560000, 0x00000000e5560000)
  from space 21824K, 100% used [0x00000000e6ab0000, 0x00000000e8000000, 0x00000000e8000000)
  to   space 21824K,   0% used [0x00000000e5560000, 0x00000000e5560000, 0x00000000e6ab0000)
 concurrent mark-sweep generation total 393216K, used 135428K [0x00000000e8000000, 0x0000000100000000, 0x0000000100000000)
 Metaspace       used 30352K, capacity 30692K, committed 31180K, reserved 1077248K
  class space    used 3546K, capacity 3680K, committed 3788K, reserved 1048576K
2015-09-09T15:00:30.498+0200: 197.368: [GC (Allocation Failure) 197.368: [ParNew
Desired survivor size 20112992 bytes, new threshold 8 (max 8)
- age   1:    3397248 bytes,    3397248 total
- age   2:    6286336 bytes,    9683584 total
- age   3:    2594472 bytes,   12278056 total
- age   4:    3760328 bytes,   16038384 total
- age   5:    1362728 bytes,   17401112 total
- age   6:    1277688 bytes,   18678800 total
- age   7:    1194312 bytes,   19873112 total
- age   8:    1258072 bytes,   21131184 total
: 109248K->21824K(109248K), 0.0101404 secs] 244676K->166463K(502464K), 0.0101913 secs] [Times: user=0.02 sys=0.00, real=0.01 secs] 
Heap after GC invocations=132 (full 4):
 par new generation   total 109248K, used 21824K [0x00000000e0000000, 0x00000000e8000000, 0x00000000e8000000)
  eden space 87424K,   0% used [0x00000000e0000000, 0x00000000e0000000, 0x00000000e5560000)
  from space 21824K, 100% used [0x00000000e5560000, 0x00000000e6ab0000, 0x00000000e6ab0000)
  to   space 21824K,   0% used [0x00000000e6ab0000, 0x00000000e6ab0000, 0x00000000e8000000)
 concurrent mark-sweep generation total 393216K, used 144639K [0x00000000e8000000, 0x0000000100000000, 0x0000000100000000)
 Metaspace       used 30352K, capacity 30692K, committed 31180K, reserved 1077248K
  class space    used 3546K, capacity 3680K, committed 3788K, reserved 1048576K
}
2015-09-09T15:00:30.509+0200: 197.378: Total time for which application threads were stopped: 0.0103365 seconds, Stopping threads took: 0.0000141 seconds
{Heap before GC invocations=132 (full 4):
 par new generation   total 109248K, used 109248K [0x00000000e0000000, 0x00000000e8000000, 0x00000000e8000000)
  eden space 87424K, 100% used [0x00000000e0000000, 0x00000000e5560000, 0x00000000e5560000)
  from space 21824K, 100% used [0x00000000e5560000, 0x00000000e6ab0000, 0x00000000e6ab0000)
  to   space 21824K,   0% used [0x00000000e6ab0000, 0x00000000e6ab0000, 0x00000000e8000000)
 concurrent mark-sweep generation total 393216K, used 144639K [0x00000000e8000000, 0x0000000100000000, 0x0000000100000000)
 Metaspace       used 30352K, capacity 30692K, committed 31180K, reserved 1077248K
  class space    used 3546K, capacity 3680K, committed 3788K, reserved 1048576K
2015-09-09T15:00:30.791+0200: 197.660: [GC (Allocation Failure) 197.660: [ParNew
Desired survivor size 20112992 bytes, new threshold 8 (max 8)
- age   1:    4851760 bytes,    4851760 total
- age   2:    2921840 bytes,    7773600 total
- age   3:    2978264 bytes,   10751864 total
- age   4:    2583560 bytes,   13335424 total
- age   5:    2664088 bytes,   15999512 total
- age   6:    1356968 bytes,   17356480 total
- age   7:    1272984 bytes,   18629464 total
- age   8:    1191696 bytes,   19821160 total
: 109248K->21824K(109248K), 0.0097957 secs] 253887K->170895K(502464K), 0.0098444 secs] [Times: user=0.06 sys=0.00, real=0.01 secs] 
Heap after GC invocations=133 (full 4):
 par new generation   total 109248K, used 21824K [0x00000000e0000000, 0x00000000e8000000, 0x00000000e8000000)
  eden space 87424K,   0% used [0x00000000e0000000, 0x00000000e0000000, 0x00000000e5560000)
  from space 21824K, 100% used [0x00000000e6ab0000, 0x00000000e8000000, 0x00000000e8000000)
  to   space 21824K,   0% used [0x00000000e5560000, 0x00000000e5560000, 0x00000000e6ab0000)
 concurrent mark-sweep generation total 393216K, used 149071K [0x00000000e8000000, 0x0000000100000000, 0x0000000100000000)
 Metaspace       used 30352K, capacity 30692K, committed 31180K, reserved 1077248K
  class space    used 3546K, capacity 3680K, committed 3788K, reserved 1048576K
}
2015-09-09T15:00:30.800+0200: 197.670: Total time for which application threads were stopped: 0.0100303 seconds, Stopping threads took: 0.0000147 seconds
{Heap before GC invocations=133 (full 4):
 par new generation   total 109248K, used 109248K [0x00000000e0000000, 0x00000000e8000000, 0x00000000e8000000)
  eden space 87424K, 100% used [0x00000000e0000000, 0x00000000e5560000, 0x00000000e5560000)
  from space 21824K, 100% used [0x00000000e6ab0000, 0x00000000e8000000, 0x00000000e8000000)
  to   space 21824K,   0% used [0x00000000e5560000, 0x00000000e5560000, 0x00000000e6ab0000)
 concurrent mark-sweep generation total 393216K, used 149071K [0x00000000e8000000, 0x0000000100000000, 0x0000000100000000)
 Metaspace       used 30352K, capacity 30692K, committed 31180K, reserved 1077248K
  class space    used 3546K, capacity 3680K, committed 3788K, reserved 1048576K
2015-09-09T15:00:31.095+0200: 197.964: [GC (Allocation Failure) 197.964: [ParNew
Desired survivor size 20112992 bytes, new threshold 8 (max 8)
- age   1:    2402568 bytes,    2402568 total
- age   2:    4544216 bytes,    6946784 total
- age   3:    2665512 bytes,    9612296 total
- age   4:    2173296 bytes,   11785592 total
- age   5:    2577800 bytes,   14363392 total
- age   6:    2660304 bytes,   17023696 total
- age   7:    1354016 bytes,   18377712 total
- age   8:    1269336 bytes,   19647048 total
: 109248K->21824K(109248K), 0.0097269 secs] 258319K->173855K(502464K), 0.0097749 secs] [Times: user=0.00 sys=0.00, real=0.01 secs] 
Heap after GC invocations=134 (full 4):
 par new generation   total 109248K, used 21824K [0x00000000e0000000, 0x00000000e8000000, 0x00000000e8000000)
  eden space 87424K,   0% used [0x00000000e0000000, 0x00000000e0000000, 0x00000000e5560000)
  from space 21824K, 100% used [0x00000000e5560000, 0x00000000e6ab0000, 0x00000000e6ab0000)
  to   space 21824K,   0% used [0x00000000e6ab0000, 0x00000000e6ab0000, 0x00000000e8000000)
 concurrent mark-sweep generation total 393216K, used 152031K [0x00000000e8000000, 0x0000000100000000, 0x0000000100000000)
 Metaspace       used 30352K, capacity 30692K, committed 31180K, reserved 1077248K
  class space    used 3546K, capacity 3680K, committed 3788K, reserved 1048576K
}
2015-09-09T15:00:31.104+0200: 197.974: Total time for which application threads were stopped: 0.0099609 seconds, Stopping threads took: 0.0000147 seconds
{Heap before GC invocations=134 (full 4):
 par new generation   total 109248K, used 109248K [0x00000000e0000000, 0x00000000e8000000, 0x00000000e8000000)
  eden space 87424K, 100% used [0x00000000e0000000, 0x00000000e5560000, 0x00000000e5560000)
  from space 21824K, 100% used [0x00000000e5560000, 0x00000000e6ab0000, 0x00000000e6ab0000)
  to   space 21824K,   0% used [0x00000000e6ab0000, 0x00000000e6ab0000, 0x00000000e8000000)
 concurrent mark-sweep generation total 393216K, used 152031K [0x00000000e8000000, 0x0000000100000000, 0x0000000100000000)
 Metaspace       used 30352K, capacity 30692K, committed 31180K, reserved 1077248K
  class space    used 3546K, capacity 3680K, committed 3788K, reserved 1048576K
2015-09-09T15:00:31.373+0200: 198.242: [GC (Allocation Failure) 198.242: [ParNew
Desired survivor size 20112992 bytes, new threshold 8 (max 8)
- age   1:    2866592 bytes,    2866592 total
- age   2:    2293064 bytes,    5159656 total
- age   3:    4276696 bytes,    9436352 total
- age   4:    2660792 bytes,   12097144 total
- age   5:    2105808 bytes,   14202952 total
- age   6:    2576096 bytes,   16779048 total
- age   7:    2659336 bytes,   19438384 total
- age   8:    1353056 bytes,   20791440 total
: 109248K->21824K(109248K), 0.0102591 secs] 261279K->184485K(502464K), 0.0103068 secs] [Times: user=0.00 sys=0.00, real=0.01 secs] 
Heap after GC invocations=135 (full 4):
 par new generation   total 109248K, used 21824K [0x00000000e0000000, 0x00000000e8000000, 0x00000000e8000000)
  eden space 87424K,   0% used [0x00000000e0000000, 0x00000000e0000000, 0x00000000e5560000)
  from space 21824K, 100% used [0x00000000e6ab0000, 0x00000000e8000000, 0x00000000e8000000)
  to   space 21824K,   0% used [0x00000000e5560000, 0x00000000e5560000, 0x00000000e6ab0000)
 concurrent mark-sweep generation total 393216K, used 162661K [0x00000000e8000000, 0x0000000100000000, 0x0000000100000000)
 Metaspace       used 30352K, capacity 30692K, committed 31180K, reserved 1077248K
  class space    used 3546K, capacity 3680K, committed 3788K, reserved 1048576K
}
2015-09-09T15:00:31.384+0200: 198.253: Total time for which application threads were stopped: 0.0104521 seconds, Stopping threads took: 0.0000144 seconds
{Heap before GC invocations=135 (full 4):
 par new generation   total 109248K, used 109248K [0x00000000e0000000, 0x00000000e8000000, 0x00000000e8000000)
  eden space 87424K, 100% used [0x00000000e0000000, 0x00000000e5560000, 0x00000000e5560000)
  from space 21824K, 100% used [0x00000000e6ab0000, 0x00000000e8000000, 0x00000000e8000000)
  to   space 21824K,   0% used [0x00000000e5560000, 0x00000000e5560000, 0x00000000e6ab0000)
 concurrent mark-sweep generation total 393216K, used 162661K [0x00000000e8000000, 0x0000000100000000, 0x0000000100000000)
 Metaspace       used 30352K, capacity 30692K, committed 31180K, reserved 1077248K
  class space    used 3546K, capacity 3680K, committed 3788K, reserved 1048576K
2015-09-09T15:00:31.687+0200: 198.556: [GC (Allocation Failure) 198.556: [ParNew
Desired survivor size 20112992 bytes, new threshold 8 (max 8)
- age   1:    8712856 bytes,    8712856 total
- age   2:    1355016 bytes,   10067872 total
- age   3:    2130688 bytes,   12198560 total
- age   4:    1193936 bytes,   13392496 total
- age   5:    2315672 bytes,   15708168 total
- age   6:    1994720 bytes,   17702888 total
- age   7:    1726360 bytes,   19429248 total
- age   8:    1644120 bytes,   21073368 total
: 109248K->21824K(109248K), 0.0101941 secs] 271909K->191177K(502464K), 0.0102428 secs] [Times: user=0.00 sys=0.00, real=0.01 secs] 
Heap after GC invocations=136 (full 4):
 par new generation   total 109248K, used 21824K [0x00000000e0000000, 0x00000000e8000000, 0x00000000e8000000)
  eden space 87424K,   0% used [0x00000000e0000000, 0x00000000e0000000, 0x00000000e5560000)
  from space 21824K, 100% used [0x00000000e5560000, 0x00000000e6ab0000, 0x00000000e6ab0000)
  to   space 21824K,   0% used [0x00000000e6ab0000, 0x00000000e6ab0000, 0x00000000e8000000)
 concurrent mark-sweep generation total 393216K, used 169353K [0x00000000e8000000, 0x0000000100000000, 0x0000000100000000)
 Metaspace       used 30352K, capacity 30692K, committed 31180K, reserved 1077248K
  class space    used 3546K, capacity 3680K, committed 3788K, reserved 1048576K
}
2015-09-09T15:00:31.697+0200: 198.566: Total time for which application threads were stopped: 0.0103925 seconds, Stopping threads took: 0.0000141 seconds
{Heap before GC invocations=136 (full 4):
 par new generation   total 109248K, used 109248K [0x00000000e0000000, 0x00000000e8000000, 0x00000000e8000000)
  eden space 87424K, 100% used [0x00000000e0000000, 0x00000000e5560000, 0x00000000e5560000)
  from space 21824K, 100% used [0x00000000e5560000, 0x00000000e6ab0000, 0x00000000e6ab0000)
  to   space 21824K,   0% used [0x00000000e6ab0000, 0x00000000e6ab0000, 0x00000000e8000000)
 concurrent mark-sweep generation total 393216K, used 169353K [0x00000000e8000000, 0x0000000100000000, 0x0000000100000000)
 Metaspace       used 30352K, capacity 30692K, committed 31180K, reserved 1077248K
  class space    used 3546K, capacity 3680K, committed 3788K, reserved 1048576K
2015-09-09T15:00:31.996+0200: 198.865: [GC (Allocation Failure) 198.865: [ParNew
Desired survivor size 20112992 bytes, new threshold 8 (max 8)
- age   1:    2734712 bytes,    2734712 total
- age   2:    7456832 bytes,   10191544 total
- age   3:    1303640 bytes,   11495184 total
- age   4:    2026496 bytes,   13521680 total
- age   5:    1145168 bytes,   14666848 total
- age   6:    2268904 bytes,   16935752 total
- age   7:    1946624 bytes,   18882376 total
- age   8:    1677432 bytes,   20559808 total
: 109248K->21824K(109248K), 0.0100143 secs] 278601K->194462K(502464K), 0.0100623 secs] [Times: user=0.06 sys=0.00, real=0.01 secs] 
Heap after GC invocations=137 (full 4):
 par new generation   total 109248K, used 21824K [0x00000000e0000000, 0x00000000e8000000, 0x00000000e8000000)
  eden space 87424K,   0% used [0x00000000e0000000, 0x00000000e0000000, 0x00000000e5560000)
  from space 21824K, 100% used [0x00000000e6ab0000, 0x00000000e8000000, 0x00000000e8000000)
  to   space 21824K,   0% used [0x00000000e5560000, 0x00000000e5560000, 0x00000000e6ab0000)
 concurrent mark-sweep generation total 393216K, used 172638K [0x00000000e8000000, 0x0000000100000000, 0x0000000100000000)
 Metaspace       used 30352K, capacity 30692K, committed 31180K, reserved 1077248K
  class space    used 3546K, capacity 3680K, committed 3788K, reserved 1048576K
}
2015-09-09T15:00:32.006+0200: 198.875: Total time for which application threads were stopped: 0.0102098 seconds, Stopping threads took: 0.0000141 seconds
{Heap before GC invocations=137 (full 4):
 par new generation   total 109248K, used 109248K [0x00000000e0000000, 0x00000000e8000000, 0x00000000e8000000)
  eden space 87424K, 100% used [0x00000000e0000000, 0x00000000e5560000, 0x00000000e5560000)
  from space 21824K, 100% used [0x00000000e6ab0000, 0x00000000e8000000, 0x00000000e8000000)
  to   space 21824K,   0% used [0x00000000e5560000, 0x00000000e5560000, 0x00000000e6ab0000)
 concurrent mark-sweep generation total 393216K, used 172638K [0x00000000e8000000, 0x0000000100000000, 0x0000000100000000)
 Metaspace       used 30352K, capacity 30692K, committed 31180K, reserved 1077248K
  class space    used 3546K, capacity 3680K, committed 3788K, reserved 1048576K
2015-09-09T15:00:32.306+0200: 199.175: [GC (Allocation Failure) 199.175: [ParNew
Desired survivor size 20112992 bytes, new threshold 8 (max 8)
- age   1:    1049576 bytes,    1049576 total
- age   2:    1768256 bytes,    2817832 total
- age   3:    7390128 bytes,   10207960 total
- age   4:    1288784 bytes,   11496744 total
- age   5:    2012720 bytes,   13509464 total
- age   6:    1133624 bytes,   14643088 total
- age   7:    2256592 bytes,   16899680 total
- age   8:    1935464 bytes,   18835144 total
: 109248K->21824K(109248K), 0.0101583 secs] 281886K->198767K(502464K), 0.0102082 secs] [Times: user=0.06 sys=0.00, real=0.01 secs] 
Heap after GC invocations=138 (full 4):
 par new generation   total 109248K, used 21824K [0x00000000e0000000, 0x00000000e8000000, 0x00000000e8000000)
  eden space 87424K,   0% used [0x00000000e0000000, 0x00000000e0000000, 0x00000000e5560000)
  from space 21824K, 100% used [0x00000000e5560000, 0x00000000e6ab0000, 0x00000000e6ab0000)
  to   space 21824K,   0% used [0x00000000e6ab0000, 0x00000000e6ab0000, 0x00000000e8000000)
 concurrent mark-sweep generation total 393216K, used 176943K [0x00000000e8000000, 0x0000000100000000, 0x0000000100000000)
 Metaspace       used 30352K, capacity 30692K, committed 31180K, reserved 1077248K
  class space    used 3546K, capacity 3680K, committed 3788K, reserved 1048576K
}
2015-09-09T15:00:32.316+0200: 199.186: Total time for which application threads were stopped: 0.0103538 seconds, Stopping threads took: 0.0000144 seconds
{Heap before GC invocations=138 (full 4):
 par new generation   total 109248K, used 109248K [0x00000000e0000000, 0x00000000e8000000, 0x00000000e8000000)
  eden space 87424K, 100% used [0x00000000e0000000, 0x00000000e5560000, 0x00000000e5560000)
  from space 21824K, 100% used [0x00000000e5560000, 0x00000000e6ab0000, 0x00000000e6ab0000)
  to   space 21824K,   0% used [0x00000000e6ab0000, 0x00000000e6ab0000, 0x00000000e8000000)
 concurrent mark-sweep generation total 393216K, used 176943K [0x00000000e8000000, 0x0000000100000000, 0x0000000100000000)
 Metaspace       used 30352K, capacity 30692K, committed 31180K, reserved 1077248K
  class space    used 3546K, capacity 3680K, committed 3788K, reserved 1048576K
2015-09-09T15:00:32.565+0200: 199.434: [GC (Allocation Failure) 199.434: [ParNew
Desired survivor size 20112992 bytes, new threshold 8 (max 8)
- age   1:    7687288 bytes,    7687288 total
- age   2:    1001096 bytes,    8688384 total
- age   3:    1099512 bytes,    9787896 total
- age   4:    3843464 bytes,   13631360 total
- age   5:    1245512 bytes,   14876872 total
- age   6:    1140024 bytes,   16016896 total
- age   7:    1095376 bytes,   17112272 total
- age   8:    2217336 bytes,   19329608 total
: 109248K->21824K(109248K), 0.0102367 secs] 286191K->214510K(502464K), 0.0102863 secs] [Times: user=0.00 sys=0.00, real=0.01 secs] 
Heap after GC invocations=139 (full 4):
 par new generation   total 109248K, used 21824K [0x00000000e0000000, 0x00000000e8000000, 0x00000000e8000000)
  eden space 87424K,   0% used [0x00000000e0000000, 0x00000000e0000000, 0x00000000e5560000)
  from space 21824K, 100% used [0x00000000e6ab0000, 0x00000000e8000000, 0x00000000e8000000)
  to   space 21824K,   0% used [0x00000000e5560000, 0x00000000e5560000, 0x00000000e6ab0000)
 concurrent mark-sweep generation total 393216K, used 192686K [0x00000000e8000000, 0x0000000100000000, 0x0000000100000000)
 Metaspace       used 30352K, capacity 30692K, committed 31180K, reserved 1077248K
  class space    used 3546K, capacity 3680K, committed 3788K, reserved 1048576K
}
2015-09-09T15:00:32.575+0200: 199.444: Total time for which application threads were stopped: 0.0104297 seconds, Stopping threads took: 0.0000141 seconds
{Heap before GC invocations=139 (full 4):
 par new generation   total 109248K, used 109248K [0x00000000e0000000, 0x00000000e8000000, 0x00000000e8000000)
  eden space 87424K, 100% used [0x00000000e0000000, 0x00000000e5560000, 0x00000000e5560000)
  from space 21824K, 100% used [0x00000000e6ab0000, 0x00000000e8000000, 0x00000000e8000000)
  to   space 21824K,   0% used [0x00000000e5560000, 0x00000000e5560000, 0x00000000e6ab0000)
 concurrent mark-sweep generation total 393216K, used 192686K [0x00000000e8000000, 0x0000000100000000, 0x0000000100000000)
 Metaspace       used 30352K, capacity 30692K, committed 31180K, reserved 1077248K
  class space    used 3546K, capacity 3680K, committed 3788K, reserved 1048576K
2015-09-09T15:00:32.879+0200: 199.748: [GC (Allocation Failure) 199.748: [ParNew
Desired survivor size 20112992 bytes, new threshold 8 (max 8)
- age   1:    1492312 bytes,    1492312 total
- age   2:    7475608 bytes,    8967920 total
- age   3:     997536 bytes,    9965456 total
- age   4:    1097200 bytes,   11062656 total
- age   5:    3514624 bytes,   14577280 total
- age   6:    1244224 bytes,   15821504 total
- age   7:    1138584 bytes,   16960088 total
- age   8:    1094728 bytes,   18054816 total
: 109248K->21824K(109248K), 0.0092041 secs] 301934K->218324K(502464K), 0.0092550 secs] [Times: user=0.06 sys=0.00, real=0.01 secs] 
Heap after GC invocations=140 (full 4):
 par new generation   total 109248K, used 21824K [0x00000000e0000000, 0x00000000e8000000, 0x00000000e8000000)
  eden space 87424K,   0% used [0x00000000e0000000, 0x00000000e0000000, 0x00000000e5560000)
  from space 21824K, 100% used [0x00000000e5560000, 0x00000000e6ab0000, 0x00000000e6ab0000)
  to   space 21824K,   0% used [0x00000000e6ab0000, 0x00000000e6ab0000, 0x00000000e8000000)
 concurrent mark-sweep generation total 393216K, used 196500K [0x00000000e8000000, 0x0000000100000000, 0x0000000100000000)
 Metaspace       used 30352K, capacity 30692K, committed 31180K, reserved 1077248K
  class space    used 3546K, capacity 3680K, committed 3788K, reserved 1048576K
}
2015-09-09T15:00:32.888+0200: 199.758: Total time for which application threads were stopped: 0.0094038 seconds, Stopping threads took: 0.0000138 seconds
{Heap before GC invocations=140 (full 4):
 par new generation   total 109248K, used 109248K [0x00000000e0000000, 0x00000000e8000000, 0x00000000e8000000)
  eden space 87424K, 100% used [0x00000000e0000000, 0x00000000e5560000, 0x00000000e5560000)
  from space 21824K, 100% used [0x00000000e5560000, 0x00000000e6ab0000, 0x00000000e6ab0000)
  to   space 21824K,   0% used [0x00000000e6ab0000, 0x00000000e6ab0000, 0x00000000e8000000)
 concurrent mark-sweep generation total 393216K, used 196500K [0x00000000e8000000, 0x0000000100000000, 0x0000000100000000)
 Metaspace       used 30352K, capacity 30692K, committed 31180K, reserved 1077248K
  class space    used 3546K, capacity 3680K, committed 3788K, reserved 1048576K
2015-09-09T15:00:33.191+0200: 200.060: [GC (Allocation Failure) 200.060: [ParNew
Desired survivor size 20112992 bytes, new threshold 8 (max 8)
- age   1:    1947008 bytes,    1947008 total
- age   2:    1487128 bytes,    3434136 total
- age   3:    7474088 bytes,   10908224 total
- age   4:     995648 bytes,   11903872 total
- age   5:    1010760 bytes,   12914632 total
- age   6:    3512520 bytes,   16427152 total
- age   7:    1242312 bytes,   17669464 total
- age   8:    1137528 bytes,   18806992 total
: 109248K->21824K(109248K), 0.0094063 secs] 305748K->220264K(502464K), 0.0094527 secs] [Times: user=0.06 sys=0.00, real=0.01 secs] 
Heap after GC invocations=141 (full 4):
 par new generation   total 109248K, used 21824K [0x00000000e0000000, 0x00000000e8000000, 0x00000000e8000000)
  eden space 87424K,   0% used [0x00000000e0000000, 0x00000000e0000000, 0x00000000e5560000)
  from space 21824K, 100% used [0x00000000e6ab0000, 0x00000000e8000000, 0x00000000e8000000)
  to   space 21824K,   0% used [0x00000000e5560000, 0x00000000e5560000, 0x00000000e6ab0000)
 concurrent mark-sweep generation total 393216K, used 198440K [0x00000000e8000000, 0x0000000100000000, 0x0000000100000000)
 Metaspace       used 30352K, capacity 30692K, committed 31180K, reserved 1077248K
  class space    used 3546K, capacity 3680K, committed 3788K, reserved 1048576K
}
2015-09-09T15:00:33.200+0200: 200.069: Total time for which application threads were stopped: 0.0096041 seconds, Stopping threads took: 0.0000224 seconds
2015-09-09T15:00:33.200+0200: 200.069: [GC (CMS Initial Mark) [1 CMS-initial-mark: 198440K(393216K)] 222012K(502464K), 0.0011577 secs] [Times: user=0.00 sys=0.00, real=0.00 secs] 
2015-09-09T15:00:33.201+0200: 200.071: Total time for which application threads were stopped: 0.0012547 seconds, Stopping threads took: 0.0000237 seconds
2015-09-09T15:00:33.201+0200: 200.071: [CMS-concurrent-mark-start]
2015-09-09T15:00:33.225+0200: 200.094: [CMS-concurrent-mark: 0.024/0.024 secs] [Times: user=0.06 sys=0.00, real=0.02 secs] 
2015-09-09T15:00:33.225+0200: 200.095: [CMS-concurrent-preclean-start]
2015-09-09T15:00:33.226+0200: 200.096: [CMS-concurrent-preclean: 0.001/0.001 secs] [Times: user=0.00 sys=0.00, real=0.00 secs] 
2015-09-09T15:00:33.226+0200: 200.096: [CMS-concurrent-abortable-preclean-start]
2015-09-09T15:00:33.394+0200: 200.263: [CMS-concurrent-abortable-preclean: 0.167/0.168 secs] [Times: user=0.36 sys=0.00, real=0.17 secs] 
2015-09-09T15:00:33.394+0200: 200.264: [GC (CMS Final Remark) [YG occupancy: 74270 K (109248 K)]{Heap before GC invocations=141 (full 5):
 par new generation   total 109248K, used 74270K [0x00000000e0000000, 0x00000000e8000000, 0x00000000e8000000)
  eden space 87424K,  59% used [0x00000000e0000000, 0x00000000e33379b0, 0x00000000e5560000)
  from space 21824K, 100% used [0x00000000e6ab0000, 0x00000000e8000000, 0x00000000e8000000)
  to   space 21824K,   0% used [0x00000000e5560000, 0x00000000e5560000, 0x00000000e6ab0000)
 concurrent mark-sweep generation total 393216K, used 198440K [0x00000000e8000000, 0x0000000100000000, 0x0000000100000000)
 Metaspace       used 30352K, capacity 30692K, committed 31180K, reserved 1077248K
  class space    used 3546K, capacity 3680K, committed 3788K, reserved 1048576K
2015-09-09T15:00:33.394+0200: 200.264: [GC (CMS Final Remark) 200.264: [ParNew
Desired survivor size 20112992 bytes, new threshold 8 (max 8)
- age   1:     918776 bytes,     918776 total
- age   2:    1610584 bytes,    2529360 total
- age   3:    1450784 bytes,    3980144 total
- age   4:    7470760 bytes,   11450904 total
- age   5:     988184 bytes,   12439088 total
- age   6:    1008768 bytes,   13447856 total
- age   7:    3477416 bytes,   16925272 total
- age   8:    1207232 bytes,   18132504 total
: 74270K->21824K(109248K), 0.0092201 secs] 272710K->222485K(502464K), 0.0092556 secs] [Times: user=0.06 sys=0.00, real=0.01 secs] 
Heap after GC invocations=142 (full 5):
 par new generation   total 109248K, used 21824K [0x00000000e0000000, 0x00000000e8000000, 0x00000000e8000000)
  eden space 87424K,   0% used [0x00000000e0000000, 0x00000000e0000000, 0x00000000e5560000)
  from space 21824K, 100% used [0x00000000e5560000, 0x00000000e6ab0000, 0x00000000e6ab0000)
  to   space 21824K,   0% used [0x00000000e6ab0000, 0x00000000e6ab0000, 0x00000000e8000000)
 concurrent mark-sweep generation total 393216K, used 200661K [0x00000000e8000000, 0x0000000100000000, 0x0000000100000000)
 Metaspace       used 30352K, capacity 30692K, committed 31180K, reserved 1077248K
  class space    used 3546K, capacity 3680K, committed 3788K, reserved 1048576K
}
200.273: [Rescan (parallel) , 0.0035126 secs]200.276: [weak refs processing, 0.0008490 secs]200.277: [class unloading, 0.0039859 secs]200.281: [scrub symbol table, 0.0027891 secs]200.284: [scrub string table, 0.0003718 secs][1 CMS-remark: 200661K(393216K)] 222485K(502464K), 0.0213912 secs] [Times: user=0.08 sys=0.00, real=0.02 secs] 
2015-09-09T15:00:33.416+0200: 200.285: Total time for which application threads were stopped: 0.0215518 seconds, Stopping threads took: 0.0000790 seconds
2015-09-09T15:00:33.416+0200: 200.285: [CMS-concurrent-sweep-start]
2015-09-09T15:00:33.430+0200: 200.300: [CMS-concurrent-sweep: 0.015/0.015 secs] [Times: user=0.00 sys=0.00, real=0.01 secs] 
2015-09-09T15:00:33.430+0200: 200.300: [CMS-concurrent-reset-start]
2015-09-09T15:00:33.431+0200: 200.300: [CMS-concurrent-reset: 0.000/0.000 secs] [Times: user=0.00 sys=0.00, real=0.00 secs] 
{Heap before GC invocations=142 (full 5):
 par new generation   total 109248K, used 109248K [0x00000000e0000000, 0x00000000e8000000, 0x00000000e8000000)
  eden space 87424K, 100% used [0x00000000e0000000, 0x00000000e5560000, 0x00000000e5560000)
  from space 21824K, 100% used [0x00000000e5560000, 0x00000000e6ab0000, 0x00000000e6ab0000)
  to   space 21824K,   0% used [0x00000000e6ab0000, 0x00000000e6ab0000, 0x00000000e8000000)
 concurrent mark-sweep generation total 393216K, used 134657K [0x00000000e8000000, 0x0000000100000000, 0x0000000100000000)
 Metaspace       used 30352K, capacity 30692K, committed 31180K, reserved 1077248K
  class space    used 3546K, capacity 3680K, committed 3788K, reserved 1048576K
2015-09-09T15:00:33.701+0200: 200.570: [GC (Allocation Failure) 200.570: [ParNew
Desired survivor size 20112992 bytes, new threshold 8 (max 8)
- age   1:    5512176 bytes,    5512176 total
- age   2:     913024 bytes,    6425200 total
- age   3:    1608088 bytes,    8033288 total
- age   4:    1449384 bytes,    9482672 total
- age   5:    4118240 bytes,   13600912 total
- age   6:     986960 bytes,   14587872 total
- age   7:     914656 bytes,   15502528 total
- age   8:    2810872 bytes,   18313400 total
: 109248K->21824K(109248K), 0.0096761 secs] 243905K->160642K(502464K), 0.0097189 secs] [Times: user=0.00 sys=0.00, real=0.01 secs] 
Heap after GC invocations=143 (full 5):
 par new generation   total 109248K, used 21824K [0x00000000e0000000, 0x00000000e8000000, 0x00000000e8000000)
  eden space 87424K,   0% used [0x00000000e0000000, 0x00000000e0000000, 0x00000000e5560000)
  from space 21824K, 100% used [0x00000000e6ab0000, 0x00000000e8000000, 0x00000000e8000000)
  to   space 21824K,   0% used [0x00000000e5560000, 0x00000000e5560000, 0x00000000e6ab0000)
 concurrent mark-sweep generation total 393216K, used 138818K [0x00000000e8000000, 0x0000000100000000, 0x0000000100000000)
 Metaspace       used 30352K, capacity 30692K, committed 31180K, reserved 1077248K
  class space    used 3546K, capacity 3680K, committed 3788K, reserved 1048576K
}
2015-09-09T15:00:33.711+0200: 200.580: Total time for which application threads were stopped: 0.0098652 seconds, Stopping threads took: 0.0000154 seconds
{Heap before GC invocations=143 (full 5):
 par new generation   total 109248K, used 109248K [0x00000000e0000000, 0x00000000e8000000, 0x00000000e8000000)
  eden space 87424K, 100% used [0x00000000e0000000, 0x00000000e5560000, 0x00000000e5560000)
  from space 21824K, 100% used [0x00000000e6ab0000, 0x00000000e8000000, 0x00000000e8000000)
  to   space 21824K,   0% used [0x00000000e5560000, 0x00000000e5560000, 0x00000000e6ab0000)
 concurrent mark-sweep generation total 393216K, used 138818K [0x00000000e8000000, 0x0000000100000000, 0x0000000100000000)
 Metaspace       used 30352K, capacity 30692K, committed 31180K, reserved 1077248K
  class space    used 3546K, capacity 3680K, committed 3788K, reserved 1048576K
2015-09-09T15:00:33.968+0200: 200.837: [GC (Allocation Failure) 200.837: [ParNew
Desired survivor size 20112992 bytes, new threshold 8 (max 8)
- age   1:    8735848 bytes,    8735848 total
- age   2:    5477176 bytes,   14213024 total
- age   3:     891120 bytes,   15104144 total
- age   4:    1571096 bytes,   16675240 total
- age   5:    1406720 bytes,   18081960 total
- age   6:     940432 bytes,   19022392 total
- age   7:     951144 bytes,   19973536 total
- age   8:     910312 bytes,   20883848 total
: 109248K->21824K(109248K), 0.0108313 secs] 248066K->170449K(502464K), 0.0108802 secs] [Times: user=0.06 sys=0.00, real=0.01 secs] 
Heap after GC invocations=144 (full 5):
 par new generation   total 109248K, used 21824K [0x00000000e0000000, 0x00000000e8000000, 0x00000000e8000000)
  eden space 87424K,   0% used [0x00000000e0000000, 0x00000000e0000000, 0x00000000e5560000)
  from space 21824K, 100% used [0x00000000e5560000, 0x00000000e6ab0000, 0x00000000e6ab0000)
  to   space 21824K,   0% used [0x00000000e6ab0000, 0x00000000e6ab0000, 0x00000000e8000000)
 concurrent mark-sweep generation total 393216K, used 148625K [0x00000000e8000000, 0x0000000100000000, 0x0000000100000000)
 Metaspace       used 30352K, capacity 30692K, committed 31180K, reserved 1077248K
  class space    used 3546K, capacity 3680K, committed 3788K, reserved 1048576K
}
2015-09-09T15:00:33.979+0200: 200.848: Total time for which application threads were stopped: 0.0110229 seconds, Stopping threads took: 0.0000128 seconds
2015-09-09T15:00:34.258+0200: 201.127: Total time for which application threads were stopped: 0.0000646 seconds, Stopping threads took: 0.0000154 seconds
{Heap before GC invocations=144 (full 5):
 par new generation   total 109248K, used 109248K [0x00000000e0000000, 0x00000000e8000000, 0x00000000e8000000)
  eden space 87424K, 100% used [0x00000000e0000000, 0x00000000e5560000, 0x00000000e5560000)
  from space 21824K, 100% used [0x00000000e5560000, 0x00000000e6ab0000, 0x00000000e6ab0000)
  to   space 21824K,   0% used [0x00000000e6ab0000, 0x00000000e6ab0000, 0x00000000e8000000)
 concurrent mark-sweep generation total 393216K, used 148625K [0x00000000e8000000, 0x0000000100000000, 0x0000000100000000)
 Metaspace       used 30352K, capacity 30692K, committed 31180K, reserved 1077248K
  class space    used 3546K, capacity 3680K, committed 3788K, reserved 1048576K
2015-09-09T15:00:35.206+0200: 202.076: [GC (Allocation Failure) 202.076: [ParNew
Desired survivor size 20112992 bytes, new threshold 7 (max 8)
- age   1:    2697192 bytes,    2697192 total
- age   2:    8401704 bytes,   11098896 total
- age   3:    5435936 bytes,   16534832 total
- age   4:     863968 bytes,   17398800 total
- age   5:    1337240 bytes,   18736040 total
- age   6:    1361416 bytes,   20097456 total
- age   7:     902352 bytes,   20999808 total
- age   8:     905432 bytes,   21905240 total
: 109248K->21824K(109248K), 0.0100655 secs] 257873K->174640K(502464K), 0.0101199 secs] [Times: user=0.06 sys=0.00, real=0.01 secs] 
Heap after GC invocations=145 (full 5):
 par new generation   total 109248K, used 21824K [0x00000000e0000000, 0x00000000e8000000, 0x00000000e8000000)
  eden space 87424K,   0% used [0x00000000e0000000, 0x00000000e0000000, 0x00000000e5560000)
  from space 21824K, 100% used [0x00000000e6ab0000, 0x00000000e8000000, 0x00000000e8000000)
  to   space 21824K,   0% used [0x00000000e5560000, 0x00000000e5560000, 0x00000000e6ab0000)
 concurrent mark-sweep generation total 393216K, used 152816K [0x00000000e8000000, 0x0000000100000000, 0x0000000100000000)
 Metaspace       used 30352K, capacity 30692K, committed 31180K, reserved 1077248K
  class space    used 3546K, capacity 3680K, committed 3788K, reserved 1048576K
}
2015-09-09T15:00:35.217+0200: 202.086: Total time for which application threads were stopped: 0.0103173 seconds, Stopping threads took: 0.0000141 seconds
{Heap before GC invocations=145 (full 5):
 par new generation   total 109248K, used 109248K [0x00000000e0000000, 0x00000000e8000000, 0x00000000e8000000)
  eden space 87424K, 100% used [0x00000000e0000000, 0x00000000e5560000, 0x00000000e5560000)
  from space 21824K, 100% used [0x00000000e6ab0000, 0x00000000e8000000, 0x00000000e8000000)
  to   space 21824K,   0% used [0x00000000e5560000, 0x00000000e5560000, 0x00000000e6ab0000)
 concurrent mark-sweep generation total 393216K, used 152816K [0x00000000e8000000, 0x0000000100000000, 0x0000000100000000)
 Metaspace       used 30352K, capacity 30692K, committed 31180K, reserved 1077248K
  class space    used 3546K, capacity 3680K, committed 3788K, reserved 1048576K
2015-09-09T15:00:35.290+0200: 202.159: [GC (Allocation Failure) 202.159: [ParNew
Desired survivor size 20112992 bytes, new threshold 7 (max 8)
- age   1:     106160 bytes,     106160 total
- age   2:    2687032 bytes,    2793192 total
- age   3:    8389544 bytes,   11182736 total
- age   4:    5422992 bytes,   16605728 total
- age   5:     857448 bytes,   17463176 total
- age   6:    1326352 bytes,   18789528 total
- age   7:    1348224 bytes,   20137752 total
: 109248K->21824K(109248K), 0.0088937 secs] 262064K->176535K(502464K), 0.0089526 secs] [Times: user=0.00 sys=0.00, real=0.01 secs] 
Heap after GC invocations=146 (full 5):
 par new generation   total 109248K, used 21824K [0x00000000e0000000, 0x00000000e8000000, 0x00000000e8000000)
  eden space 87424K,   0% used [0x00000000e0000000, 0x00000000e0000000, 0x00000000e5560000)
  from space 21824K, 100% used [0x00000000e5560000, 0x00000000e6ab0000, 0x00000000e6ab0000)
  to   space 21824K,   0% used [0x00000000e6ab0000, 0x00000000e6ab0000, 0x00000000e8000000)
 concurrent mark-sweep generation total 393216K, used 154711K [0x00000000e8000000, 0x0000000100000000, 0x0000000100000000)
 Metaspace       used 30352K, capacity 30692K, committed 31180K, reserved 1077248K
  class space    used 3546K, capacity 3680K, committed 3788K, reserved 1048576K
}
2015-09-09T15:00:35.299+0200: 202.168: Total time for which application threads were stopped: 0.0091234 seconds, Stopping threads took: 0.0000246 seconds
{Heap before GC invocations=146 (full 5):
 par new generation   total 109248K, used 109248K [0x00000000e0000000, 0x00000000e8000000, 0x00000000e8000000)
  eden space 87424K, 100% used [0x00000000e0000000, 0x00000000e5560000, 0x00000000e5560000)
  from space 21824K, 100% used [0x00000000e5560000, 0x00000000e6ab0000, 0x00000000e6ab0000)
  to   space 21824K,   0% used [0x00000000e6ab0000, 0x00000000e6ab0000, 0x00000000e8000000)
 concurrent mark-sweep generation total 393216K, used 154711K [0x00000000e8000000, 0x0000000100000000, 0x0000000100000000)
 Metaspace       used 30352K, capacity 30692K, committed 31180K, reserved 1077248K
  class space    used 3546K, capacity 3680K, committed 3788K, reserved 1048576K
2015-09-09T15:00:35.388+0200: 202.258: [GC (Allocation Failure) 202.258: [ParNew
Desired survivor size 20112992 bytes, new threshold 8 (max 8)
- age   1:      72984 bytes,      72984 total
- age   2:      50216 bytes,     123200 total
- age   3:    2687032 bytes,    2810232 total
- age   4:    8389528 bytes,   11199760 total
- age   5:    5422976 bytes,   16622736 total
- age   6:     857448 bytes,   17480184 total
- age   7:    1326336 bytes,   18806520 total
: 109248K->21824K(109248K), 0.0077062 secs] 263959K->177886K(502464K), 0.0077545 secs] [Times: user=0.00 sys=0.00, real=0.01 secs] 
Heap after GC invocations=147 (full 5):
 par new generation   total 109248K, used 21824K [0x00000000e0000000, 0x00000000e8000000, 0x00000000e8000000)
  eden space 87424K,   0% used [0x00000000e0000000, 0x00000000e0000000, 0x00000000e5560000)
  from space 21824K, 100% used [0x00000000e6ab0000, 0x00000000e8000000, 0x00000000e8000000)
  to   space 21824K,   0% used [0x00000000e5560000, 0x00000000e5560000, 0x00000000e6ab0000)
 concurrent mark-sweep generation total 393216K, used 156062K [0x00000000e8000000, 0x0000000100000000, 0x0000000100000000)
 Metaspace       used 30352K, capacity 30692K, committed 31180K, reserved 1077248K
  class space    used 3546K, capacity 3680K, committed 3788K, reserved 1048576K
}
2015-09-09T15:00:35.396+0200: 202.266: Total time for which application threads were stopped: 0.0078978 seconds, Stopping threads took: 0.0000150 seconds
{Heap before GC invocations=147 (full 5):
 par new generation   total 109248K, used 109248K [0x00000000e0000000, 0x00000000e8000000, 0x00000000e8000000)
  eden space 87424K, 100% used [0x00000000e0000000, 0x00000000e5560000, 0x00000000e5560000)
  from space 21824K, 100% used [0x00000000e6ab0000, 0x00000000e8000000, 0x00000000e8000000)
  to   space 21824K,   0% used [0x00000000e5560000, 0x00000000e5560000, 0x00000000e6ab0000)
 concurrent mark-sweep generation total 393216K, used 156062K [0x00000000e8000000, 0x0000000100000000, 0x0000000100000000)
 Metaspace       used 30352K, capacity 30692K, committed 31180K, reserved 1077248K
  class space    used 3546K, capacity 3680K, committed 3788K, reserved 1048576K
2015-09-09T15:00:35.510+0200: 202.379: [GC (Allocation Failure) 202.379: [ParNew
Desired survivor size 20112992 bytes, new threshold 8 (max 8)
- age   1:      29808 bytes,      29808 total
- age   2:      24064 bytes,      53872 total
- age   3:      49984 bytes,     103856 total
- age   4:    2611832 bytes,    2715688 total
- age   5:    8285912 bytes,   11001600 total
- age   6:    5318144 bytes,   16319744 total
- age   7:     786968 bytes,   17106712 total
- age   8:    1319864 bytes,   18426576 total
: 109248K->21824K(109248K), 0.0071174 secs] 265310K->178275K(502464K), 0.0071807 secs] [Times: user=0.00 sys=0.00, real=0.01 secs] 
Heap after GC invocations=148 (full 5):
 par new generation   total 109248K, used 21824K [0x00000000e0000000, 0x00000000e8000000, 0x00000000e8000000)
  eden space 87424K,   0% used [0x00000000e0000000, 0x00000000e0000000, 0x00000000e5560000)
  from space 21824K, 100% used [0x00000000e5560000, 0x00000000e6ab0000, 0x00000000e6ab0000)
  to   space 21824K,   0% used [0x00000000e6ab0000, 0x00000000e6ab0000, 0x00000000e8000000)
 concurrent mark-sweep generation total 393216K, used 156451K [0x00000000e8000000, 0x0000000100000000, 0x0000000100000000)
 Metaspace       used 30352K, capacity 30692K, committed 31180K, reserved 1077248K
  class space    used 3546K, capacity 3680K, committed 3788K, reserved 1048576K
}
2015-09-09T15:00:35.517+0200: 202.387: Total time for which application threads were stopped: 0.0073420 seconds, Stopping threads took: 0.0000141 seconds
{Heap before GC invocations=148 (full 5):
 par new generation   total 109248K, used 109248K [0x00000000e0000000, 0x00000000e8000000, 0x00000000e8000000)
  eden space 87424K, 100% used [0x00000000e0000000, 0x00000000e5560000, 0x00000000e5560000)
  from space 21824K, 100% used [0x00000000e5560000, 0x00000000e6ab0000, 0x00000000e6ab0000)
  to   space 21824K,   0% used [0x00000000e6ab0000, 0x00000000e6ab0000, 0x00000000e8000000)
 concurrent mark-sweep generation total 393216K, used 156451K [0x00000000e8000000, 0x0000000100000000, 0x0000000100000000)
 Metaspace       used 30352K, capacity 30692K, committed 31180K, reserved 1077248K
  class space    used 3546K, capacity 3680K, committed 3788K, reserved 1048576K
2015-09-09T15:00:35.672+0200: 202.541: [GC (Allocation Failure) 202.541: [ParNew
Desired survivor size 20112992 bytes, new threshold 8 (max 8)
- age   1:     213480 bytes,     213480 total
- age   2:       9480 bytes,     222960 total
- age   3:      24064 bytes,     247024 total
- age   4:      49984 bytes,     297008 total
- age   5:    2611416 bytes,    2908424 total
- age   6:    8285936 bytes,   11194360 total
- age   7:    5318144 bytes,   16512504 total
- age   8:     786968 bytes,   17299472 total
: 109248K->21824K(109248K), 0.0072447 secs] 265699K->179595K(502464K), 0.0072921 secs] [Times: user=0.06 sys=0.00, real=0.01 secs] 
Heap after GC invocations=149 (full 5):
 par new generation   total 109248K, used 21824K [0x00000000e0000000, 0x00000000e8000000, 0x00000000e8000000)
  eden space 87424K,   0% used [0x00000000e0000000, 0x00000000e0000000, 0x00000000e5560000)
  from space 21824K, 100% used [0x00000000e6ab0000, 0x00000000e8000000, 0x00000000e8000000)
  to   space 21824K,   0% used [0x00000000e5560000, 0x00000000e5560000, 0x00000000e6ab0000)
 concurrent mark-sweep generation total 393216K, used 157771K [0x00000000e8000000, 0x0000000100000000, 0x0000000100000000)
 Metaspace       used 30352K, capacity 30692K, committed 31180K, reserved 1077248K
  class space    used 3546K, capacity 3680K, committed 3788K, reserved 1048576K
}
2015-09-09T15:00:35.679+0200: 202.549: Total time for which application threads were stopped: 0.0074767 seconds, Stopping threads took: 0.0000163 seconds
{Heap before GC invocations=149 (full 5):
 par new generation   total 109248K, used 109248K [0x00000000e0000000, 0x00000000e8000000, 0x00000000e8000000)
  eden space 87424K, 100% used [0x00000000e0000000, 0x00000000e5560000, 0x00000000e5560000)
  from space 21824K, 100% used [0x00000000e6ab0000, 0x00000000e8000000, 0x00000000e8000000)
  to   space 21824K,   0% used [0x00000000e5560000, 0x00000000e5560000, 0x00000000e6ab0000)
 concurrent mark-sweep generation total 393216K, used 157771K [0x00000000e8000000, 0x0000000100000000, 0x0000000100000000)
 Metaspace       used 30352K, capacity 30692K, committed 31180K, reserved 1077248K
  class space    used 3546K, capacity 3680K, committed 3788K, reserved 1048576K
2015-09-09T15:00:35.747+0200: 202.616: [GC (Allocation Failure) 202.616: [ParNew
Desired survivor size 20112992 bytes, new threshold 8 (max 8)
- age   1:      70840 bytes,      70840 total
- age   2:      93808 bytes,     164648 total
- age   3:       9480 bytes,     174128 total
- age   4:      24064 bytes,     198192 total
- age   5:      49920 bytes,     248112 total
- age   6:    2611416 bytes,    2859528 total
- age   7:    8285912 bytes,   11145440 total
- age   8:    5318144 bytes,   16463584 total
: 109248K->21824K(109248K), 0.0060755 secs] 267019K->180381K(502464K), 0.0061225 secs] [Times: user=0.00 sys=0.00, real=0.01 secs] 
Heap after GC invocations=150 (full 5):
 par new generation   total 109248K, used 21824K [0x00000000e0000000, 0x00000000e8000000, 0x00000000e8000000)
  eden space 87424K,   0% used [0x00000000e0000000, 0x00000000e0000000, 0x00000000e5560000)
  from space 21824K, 100% used [0x00000000e5560000, 0x00000000e6ab0000, 0x00000000e6ab0000)
  to   space 21824K,   0% used [0x00000000e6ab0000, 0x00000000e6ab0000, 0x00000000e8000000)
 concurrent mark-sweep generation total 393216K, used 158557K [0x00000000e8000000, 0x0000000100000000, 0x0000000100000000)
 Metaspace       used 30352K, capacity 30692K, committed 31180K, reserved 1077248K
  class space    used 3546K, capacity 3680K, committed 3788K, reserved 1048576K
}
2015-09-09T15:00:35.753+0200: 202.623: Total time for which application threads were stopped: 0.0062889 seconds, Stopping threads took: 0.0000131 seconds
{Heap before GC invocations=150 (full 5):
 par new generation   total 109248K, used 109248K [0x00000000e0000000, 0x00000000e8000000, 0x00000000e8000000)
  eden space 87424K, 100% used [0x00000000e0000000, 0x00000000e5560000, 0x00000000e5560000)
  from space 21824K, 100% used [0x00000000e5560000, 0x00000000e6ab0000, 0x00000000e6ab0000)
  to   space 21824K,   0% used [0x00000000e6ab0000, 0x00000000e6ab0000, 0x00000000e8000000)
 concurrent mark-sweep generation total 393216K, used 158557K [0x00000000e8000000, 0x0000000100000000, 0x0000000100000000)
 Metaspace       used 30352K, capacity 30692K, committed 31180K, reserved 1077248K
  class space    used 3546K, capacity 3680K, committed 3788K, reserved 1048576K
2015-09-09T15:00:35.836+0200: 202.705: [GC (Allocation Failure) 202.705: [ParNew
Desired survivor size 20112992 bytes, new threshold 8 (max 8)
- age   1:     137464 bytes,     137464 total
- age   2:      37048 bytes,     174512 total
- age   3:      93808 bytes,     268320 total
- age   4:       9480 bytes,     277800 total
- age   5:      24064 bytes,     301864 total
- age   6:      49920 bytes,     351784 total
- age   7:    2611416 bytes,    2963200 total
- age   8:    8285936 bytes,   11249136 total
: 109248K->14090K(109248K), 0.0055225 secs] 267805K->177870K(502464K), 0.0055683 secs] [Times: user=0.00 sys=0.00, real=0.01 secs] 
Heap after GC invocations=151 (full 5):
 par new generation   total 109248K, used 14090K [0x00000000e0000000, 0x00000000e8000000, 0x00000000e8000000)
  eden space 87424K,   0% used [0x00000000e0000000, 0x00000000e0000000, 0x00000000e5560000)
  from space 21824K,  64% used [0x00000000e6ab0000, 0x00000000e7872ac8, 0x00000000e8000000)
  to   space 21824K,   0% used [0x00000000e5560000, 0x00000000e5560000, 0x00000000e6ab0000)
 concurrent mark-sweep generation total 393216K, used 163779K [0x00000000e8000000, 0x0000000100000000, 0x0000000100000000)
 Metaspace       used 30352K, capacity 30692K, committed 31180K, reserved 1077248K
  class space    used 3546K, capacity 3680K, committed 3788K, reserved 1048576K
}
2015-09-09T15:00:35.842+0200: 202.711: Total time for which application threads were stopped: 0.0057683 seconds, Stopping threads took: 0.0000147 seconds
2015-09-09T15:00:35.873+0200: 202.742: Total time for which application threads were stopped: 0.0000698 seconds, Stopping threads took: 0.0000131 seconds
2015-09-09T15:00:35.873+0200: 202.742: Total time for which application threads were stopped: 0.0000493 seconds, Stopping threads took: 0.0000048 seconds
{Heap before GC invocations=151 (full 5):
 par new generation   total 109248K, used 101514K [0x00000000e0000000, 0x00000000e8000000, 0x00000000e8000000)
  eden space 87424K, 100% used [0x00000000e0000000, 0x00000000e5560000, 0x00000000e5560000)
  from space 21824K,  64% used [0x00000000e6ab0000, 0x00000000e7872ac8, 0x00000000e8000000)
  to   space 21824K,   0% used [0x00000000e5560000, 0x00000000e5560000, 0x00000000e6ab0000)
 concurrent mark-sweep generation total 393216K, used 163779K [0x00000000e8000000, 0x0000000100000000, 0x0000000100000000)
 Metaspace       used 30353K, capacity 30692K, committed 31180K, reserved 1077248K
  class space    used 3546K, capacity 3680K, committed 3788K, reserved 1048576K
2015-09-09T15:00:36.134+0200: 203.004: [GC (Allocation Failure) 203.004: [ParNew
Desired survivor size 20112992 bytes, new threshold 8 (max 8)
- age   1:    4173432 bytes,    4173432 total
- age   2:        216 bytes,    4173648 total
- age   3:        880 bytes,    4174528 total
- age   4:      93808 bytes,    4268336 total
- age   5:       9480 bytes,    4277816 total
- age   6:      24064 bytes,    4301880 total
- age   7:      49920 bytes,    4351800 total
- age   8:    2515792 bytes,    6867592 total
: 101514K->8925K(109248K), 0.0070623 secs] 265294K->180735K(502464K), 0.0071097 secs] [Times: user=0.00 sys=0.00, real=0.01 secs] 
Heap after GC invocations=152 (full 5):
 par new generation   total 109248K, used 8925K [0x00000000e0000000, 0x00000000e8000000, 0x00000000e8000000)
  eden space 87424K,   0% used [0x00000000e0000000, 0x00000000e0000000, 0x00000000e5560000)
  from space 21824K,  40% used [0x00000000e5560000, 0x00000000e5e176f8, 0x00000000e6ab0000)
  to   space 21824K,   0% used [0x00000000e6ab0000, 0x00000000e6ab0000, 0x00000000e8000000)
 concurrent mark-sweep generation total 393216K, used 171809K [0x00000000e8000000, 0x0000000100000000, 0x0000000100000000)
 Metaspace       used 30353K, capacity 30692K, committed 31180K, reserved 1077248K
  class space    used 3546K, capacity 3680K, committed 3788K, reserved 1048576K
}
2015-09-09T15:00:36.141+0200: 203.011: Total time for which application threads were stopped: 0.0072585 seconds, Stopping threads took: 0.0000141 seconds
{Heap before GC invocations=152 (full 5):
 par new generation   total 109248K, used 96349K [0x00000000e0000000, 0x00000000e8000000, 0x00000000e8000000)
  eden space 87424K, 100% used [0x00000000e0000000, 0x00000000e5560000, 0x00000000e5560000)
  from space 21824K,  40% used [0x00000000e5560000, 0x00000000e5e176f8, 0x00000000e6ab0000)
  to   space 21824K,   0% used [0x00000000e6ab0000, 0x00000000e6ab0000, 0x00000000e8000000)
 concurrent mark-sweep generation total 393216K, used 171809K [0x00000000e8000000, 0x0000000100000000, 0x0000000100000000)
 Metaspace       used 30353K, capacity 30692K, committed 31180K, reserved 1077248K
  class space    used 3546K, capacity 3680K, committed 3788K, reserved 1048576K
2015-09-09T15:00:36.423+0200: 203.293: [GC (Allocation Failure) 203.293: [ParNew
Desired survivor size 20112992 bytes, new threshold 8 (max 8)
- age   1:    5277680 bytes,    5277680 total
- age   2:    2813952 bytes,    8091632 total
- age   3:        216 bytes,    8091848 total
- age   4:        880 bytes,    8092728 total
- age   5:      93808 bytes,    8186536 total
- age   6:       9480 bytes,    8196016 total
- age   7:      24064 bytes,    8220080 total
- age   8:      49920 bytes,    8270000 total
: 96349K->9218K(109248K), 0.0062678 secs] 268159K->183498K(502464K), 0.0063171 secs] [Times: user=0.06 sys=0.00, real=0.01 secs] 
Heap after GC invocations=153 (full 5):
 par new generation   total 109248K, used 9218K [0x00000000e0000000, 0x00000000e8000000, 0x00000000e8000000)
  eden space 87424K,   0% used [0x00000000e0000000, 0x00000000e0000000, 0x00000000e5560000)
  from space 21824K,  42% used [0x00000000e6ab0000, 0x00000000e73b08f0, 0x00000000e8000000)
  to   space 21824K,   0% used [0x00000000e5560000, 0x00000000e5560000, 0x00000000e6ab0000)
 concurrent mark-sweep generation total 393216K, used 174280K [0x00000000e8000000, 0x0000000100000000, 0x0000000100000000)
 Metaspace       used 30353K, capacity 30692K, committed 31180K, reserved 1077248K
  class space    used 3546K, capacity 3680K, committed 3788K, reserved 1048576K
}
2015-09-09T15:00:36.430+0200: 203.299: Total time for which application threads were stopped: 0.0064601 seconds, Stopping threads took: 0.0000141 seconds
{Heap before GC invocations=153 (full 5):
 par new generation   total 109248K, used 96642K [0x00000000e0000000, 0x00000000e8000000, 0x00000000e8000000)
  eden space 87424K, 100% used [0x00000000e0000000, 0x00000000e5560000, 0x00000000e5560000)
  from space 21824K,  42% used [0x00000000e6ab0000, 0x00000000e73b08f0, 0x00000000e8000000)
  to   space 21824K,   0% used [0x00000000e5560000, 0x00000000e5560000, 0x00000000e6ab0000)
 concurrent mark-sweep generation total 393216K, used 174280K [0x00000000e8000000, 0x0000000100000000, 0x0000000100000000)
 Metaspace       used 30353K, capacity 30692K, committed 31180K, reserved 1077248K
  class space    used 3546K, capacity 3680K, committed 3788K, reserved 1048576K
2015-09-09T15:00:36.711+0200: 203.580: [GC (Allocation Failure) 203.580: [ParNew
Desired survivor size 20112992 bytes, new threshold 8 (max 8)
- age   1:    5467800 bytes,    5467800 total
- age   2:    3496632 bytes,    8964432 total
- age   3:    2812912 bytes,   11777344 total
- age   4:        216 bytes,   11777560 total
- age   5:        880 bytes,   11778440 total
- age   6:      93808 bytes,   11872248 total
- age   7:       9480 bytes,   11881728 total
- age   8:      24064 bytes,   11905792 total
: 96642K->12786K(109248K), 0.0060847 secs] 270922K->187115K(502464K), 0.0061283 secs] [Times: user=0.00 sys=0.00, real=0.01 secs] 
Heap after GC invocations=154 (full 5):
 par new generation   total 109248K, used 12786K [0x00000000e0000000, 0x00000000e8000000, 0x00000000e8000000)
  eden space 87424K,   0% used [0x00000000e0000000, 0x00000000e0000000, 0x00000000e5560000)
  from space 21824K,  58% used [0x00000000e5560000, 0x00000000e61dca60, 0x00000000e6ab0000)
  to   space 21824K,   0% used [0x00000000e6ab0000, 0x00000000e6ab0000, 0x00000000e8000000)
 concurrent mark-sweep generation total 393216K, used 174329K [0x00000000e8000000, 0x0000000100000000, 0x0000000100000000)
 Metaspace       used 30353K, capacity 30692K, committed 31180K, reserved 1077248K
  class space    used 3546K, capacity 3680K, committed 3788K, reserved 1048576K
}
2015-09-09T15:00:36.717+0200: 203.586: Total time for which application threads were stopped: 0.0063062 seconds, Stopping threads took: 0.0000147 seconds
{Heap before GC invocations=154 (full 5):
 par new generation   total 109248K, used 100210K [0x00000000e0000000, 0x00000000e8000000, 0x00000000e8000000)
  eden space 87424K, 100% used [0x00000000e0000000, 0x00000000e5560000, 0x00000000e5560000)
  from space 21824K,  58% used [0x00000000e5560000, 0x00000000e61dca60, 0x00000000e6ab0000)
  to   space 21824K,   0% used [0x00000000e6ab0000, 0x00000000e6ab0000, 0x00000000e8000000)
 concurrent mark-sweep generation total 393216K, used 174329K [0x00000000e8000000, 0x0000000100000000, 0x0000000100000000)
 Metaspace       used 30353K, capacity 30692K, committed 31180K, reserved 1077248K
  class space    used 3546K, capacity 3680K, committed 3788K, reserved 1048576K
2015-09-09T15:00:36.997+0200: 203.866: [GC (Allocation Failure) 203.866: [ParNew
Desired survivor size 20112992 bytes, new threshold 8 (max 8)
- age   1:    8259928 bytes,    8259928 total
- age   2:    2672288 bytes,   10932216 total
- age   3:    2709048 bytes,   13641264 total
- age   4:    2812912 bytes,   16454176 total
- age   5:        216 bytes,   16454392 total
- age   6:        880 bytes,   16455272 total
- age   7:      93808 bytes,   16549080 total
- age   8:       9480 bytes,   16558560 total
: 100210K->20163K(109248K), 0.0075708 secs] 274539K->194516K(502464K), 0.0076201 secs] [Times: user=0.00 sys=0.00, real=0.01 secs] 
Heap after GC invocations=155 (full 5):
 par new generation   total 109248K, used 20163K [0x00000000e0000000, 0x00000000e8000000, 0x00000000e8000000)
  eden space 87424K,   0% used [0x00000000e0000000, 0x00000000e0000000, 0x00000000e5560000)
  from space 21824K,  92% used [0x00000000e6ab0000, 0x00000000e7e60ea0, 0x00000000e8000000)
  to   space 21824K,   0% used [0x00000000e5560000, 0x00000000e5560000, 0x00000000e6ab0000)
 concurrent mark-sweep generation total 393216K, used 174352K [0x00000000e8000000, 0x0000000100000000, 0x0000000100000000)
 Metaspace       used 30353K, capacity 30692K, committed 31180K, reserved 1077248K
  class space    used 3546K, capacity 3680K, committed 3788K, reserved 1048576K
}
2015-09-09T15:00:37.005+0200: 203.874: Total time for which application threads were stopped: 0.0077650 seconds, Stopping threads took: 0.0000138 seconds
{Heap before GC invocations=155 (full 5):
 par new generation   total 109248K, used 107587K [0x00000000e0000000, 0x00000000e8000000, 0x00000000e8000000)
  eden space 87424K, 100% used [0x00000000e0000000, 0x00000000e5560000, 0x00000000e5560000)
  from space 21824K,  92% used [0x00000000e6ab0000, 0x00000000e7e60ea0, 0x00000000e8000000)
  to   space 21824K,   0% used [0x00000000e5560000, 0x00000000e5560000, 0x00000000e6ab0000)
 concurrent mark-sweep generation total 393216K, used 174352K [0x00000000e8000000, 0x0000000100000000, 0x0000000100000000)
 Metaspace       used 30353K, capacity 30692K, committed 31180K, reserved 1077248K
  class space    used 3546K, capacity 3680K, committed 3788K, reserved 1048576K
2015-09-09T15:00:37.277+0200: 204.146: [GC (Allocation Failure) 204.146: [ParNew
Desired survivor size 20112992 bytes, new threshold 8 (max 8)
- age   1:    6502256 bytes,    6502256 total
- age   2:    5248728 bytes,   11750984 total
- age   3:    2590336 bytes,   14341320 total
- age   4:    2700840 bytes,   17042160 total
- age   5:    2808256 bytes,   19850416 total
- age   6:        216 bytes,   19850632 total
- age   7:        880 bytes,   19851512 total
- age   8:      93808 bytes,   19945320 total
: 107587K->21824K(109248K), 0.0077494 secs] 281940K->196186K(502464K), 0.0077954 secs] [Times: user=0.03 sys=0.00, real=0.01 secs] 
Heap after GC invocations=156 (full 5):
 par new generation   total 109248K, used 21824K [0x00000000e0000000, 0x00000000e8000000, 0x00000000e8000000)
  eden space 87424K,   0% used [0x00000000e0000000, 0x00000000e0000000, 0x00000000e5560000)
  from space 21824K, 100% used [0x00000000e5560000, 0x00000000e6ab0000, 0x00000000e6ab0000)
  to   space 21824K,   0% used [0x00000000e6ab0000, 0x00000000e6ab0000, 0x00000000e8000000)
 concurrent mark-sweep generation total 393216K, used 174362K [0x00000000e8000000, 0x0000000100000000, 0x0000000100000000)
 Metaspace       used 30353K, capacity 30692K, committed 31180K, reserved 1077248K
  class space    used 3546K, capacity 3680K, committed 3788K, reserved 1048576K
}
2015-09-09T15:00:37.285+0200: 204.154: Total time for which application threads were stopped: 0.0079388 seconds, Stopping threads took: 0.0000141 seconds
{Heap before GC invocations=156 (full 5):
 par new generation   total 109248K, used 109248K [0x00000000e0000000, 0x00000000e8000000, 0x00000000e8000000)
  eden space 87424K, 100% used [0x00000000e0000000, 0x00000000e5560000, 0x00000000e5560000)
  from space 21824K, 100% used [0x00000000e5560000, 0x00000000e6ab0000, 0x00000000e6ab0000)
  to   space 21824K,   0% used [0x00000000e6ab0000, 0x00000000e6ab0000, 0x00000000e8000000)
 concurrent mark-sweep generation total 393216K, used 174362K [0x00000000e8000000, 0x0000000100000000, 0x0000000100000000)
 Metaspace       used 30353K, capacity 30692K, committed 31180K, reserved 1077248K
  class space    used 3546K, capacity 3680K, committed 3788K, reserved 1048576K
2015-09-09T15:00:37.562+0200: 204.431: [GC (Allocation Failure) 204.431: [ParNew
Desired survivor size 20112992 bytes, new threshold 8 (max 8)
- age   1:    4800248 bytes,    4800248 total
- age   2:    2657120 bytes,    7457368 total
- age   3:    3896416 bytes,   11353784 total
- age   4:    2424352 bytes,   13778136 total
- age   5:    2504136 bytes,   16282272 total
- age   6:    2745056 bytes,   19027328 total
- age   7:        216 bytes,   19027544 total
- age   8:        880 bytes,   19028424 total
: 109248K->21824K(109248K), 0.0079330 secs] 283610K->200241K(502464K), 0.0079836 secs] [Times: user=0.06 sys=0.00, real=0.01 secs] 
Heap after GC invocations=157 (full 5):
 par new generation   total 109248K, used 21824K [0x00000000e0000000, 0x00000000e8000000, 0x00000000e8000000)
  eden space 87424K,   0% used [0x00000000e0000000, 0x00000000e0000000, 0x00000000e5560000)
  from space 21824K, 100% used [0x00000000e6ab0000, 0x00000000e8000000, 0x00000000e8000000)
  to   space 21824K,   0% used [0x00000000e5560000, 0x00000000e5560000, 0x00000000e6ab0000)
 concurrent mark-sweep generation total 393216K, used 178417K [0x00000000e8000000, 0x0000000100000000, 0x0000000100000000)
 Metaspace       used 30353K, capacity 30692K, committed 31180K, reserved 1077248K
  class space    used 3546K, capacity 3680K, committed 3788K, reserved 1048576K
}
2015-09-09T15:00:37.570+0200: 204.439: Total time for which application threads were stopped: 0.0081302 seconds, Stopping threads took: 0.0000141 seconds
{Heap before GC invocations=157 (full 5):
 par new generation   total 109248K, used 109248K [0x00000000e0000000, 0x00000000e8000000, 0x00000000e8000000)
  eden space 87424K, 100% used [0x00000000e0000000, 0x00000000e5560000, 0x00000000e5560000)
  from space 21824K, 100% used [0x00000000e6ab0000, 0x00000000e8000000, 0x00000000e8000000)
  to   space 21824K,   0% used [0x00000000e5560000, 0x00000000e5560000, 0x00000000e6ab0000)
 concurrent mark-sweep generation total 393216K, used 178417K [0x00000000e8000000, 0x0000000100000000, 0x0000000100000000)
 Metaspace       used 30353K, capacity 30692K, committed 31180K, reserved 1077248K
  class space    used 3546K, capacity 3680K, committed 3788K, reserved 1048576K
2015-09-09T15:00:37.856+0200: 204.726: [GC (Allocation Failure) 204.726: [ParNew
Desired survivor size 20112992 bytes, new threshold 8 (max 8)
- age   1:    4978848 bytes,    4978848 total
- age   2:    2069728 bytes,    7048576 total
- age   3:    2183992 bytes,    9232568 total
- age   4:    3058776 bytes,   12291344 total
- age   5:    2314536 bytes,   14605880 total
- age   6:    2427776 bytes,   17033656 total
- age   7:    2633096 bytes,   19666752 total
- age   8:        216 bytes,   19666968 total
: 109248K->21824K(109248K), 0.0091378 secs] 287665K->205179K(502464K), 0.0091839 secs] [Times: user=0.06 sys=0.00, real=0.01 secs] 
Heap after GC invocations=158 (full 5):
 par new generation   total 109248K, used 21824K [0x00000000e0000000, 0x00000000e8000000, 0x00000000e8000000)
  eden space 87424K,   0% used [0x00000000e0000000, 0x00000000e0000000, 0x00000000e5560000)
  from space 21824K, 100% used [0x00000000e5560000, 0x00000000e6ab0000, 0x00000000e6ab0000)
  to   space 21824K,   0% used [0x00000000e6ab0000, 0x00000000e6ab0000, 0x00000000e8000000)
 concurrent mark-sweep generation total 393216K, used 183355K [0x00000000e8000000, 0x0000000100000000, 0x0000000100000000)
 Metaspace       used 30353K, capacity 30692K, committed 31180K, reserved 1077248K
  class space    used 3546K, capacity 3680K, committed 3788K, reserved 1048576K
}
2015-09-09T15:00:37.866+0200: 204.735: Total time for which application threads were stopped: 0.0093468 seconds, Stopping threads took: 0.0000134 seconds
{Heap before GC invocations=158 (full 5):
 par new generation   total 109248K, used 109248K [0x00000000e0000000, 0x00000000e8000000, 0x00000000e8000000)
  eden space 87424K, 100% used [0x00000000e0000000, 0x00000000e5560000, 0x00000000e5560000)
  from space 21824K, 100% used [0x00000000e5560000, 0x00000000e6ab0000, 0x00000000e6ab0000)
  to   space 21824K,   0% used [0x00000000e6ab0000, 0x00000000e6ab0000, 0x00000000e8000000)
 concurrent mark-sweep generation total 393216K, used 183355K [0x00000000e8000000, 0x0000000100000000, 0x0000000100000000)
 Metaspace       used 30353K, capacity 30692K, committed 31180K, reserved 1077248K
  class space    used 3546K, capacity 3680K, committed 3788K, reserved 1048576K
2015-09-09T15:00:38.142+0200: 205.011: [GC (Allocation Failure) 205.011: [ParNew
Desired survivor size 20112992 bytes, new threshold 8 (max 8)
- age   1:    3252464 bytes,    3252464 total
- age   2:    2287992 bytes,    5540456 total
- age   3:    1940440 bytes,    7480896 total
- age   4:    2075912 bytes,    9556808 total
- age   5:    1900528 bytes,   11457336 total
- age   6:    2211384 bytes,   13668720 total
- age   7:    2321640 bytes,   15990360 total
- age   8:    2536288 bytes,   18526648 total
: 109248K->21824K(109248K), 0.0099948 secs] 292603K->211752K(502464K), 0.0100857 secs] [Times: user=0.06 sys=0.00, real=0.01 secs] 
Heap after GC invocations=159 (full 5):
 par new generation   total 109248K, used 21824K [0x00000000e0000000, 0x00000000e8000000, 0x00000000e8000000)
  eden space 87424K,   0% used [0x00000000e0000000, 0x00000000e0000000, 0x00000000e5560000)
  from space 21824K, 100% used [0x00000000e6ab0000, 0x00000000e8000000, 0x00000000e8000000)
  to   space 21824K,   0% used [0x00000000e5560000, 0x00000000e5560000, 0x00000000e6ab0000)
 concurrent mark-sweep generation total 393216K, used 189928K [0x00000000e8000000, 0x0000000100000000, 0x0000000100000000)
 Metaspace       used 30353K, capacity 30692K, committed 31180K, reserved 1077248K
  class space    used 3546K, capacity 3680K, committed 3788K, reserved 1048576K
}
2015-09-09T15:00:38.152+0200: 205.021: Total time for which application threads were stopped: 0.0102309 seconds, Stopping threads took: 0.0000138 seconds
{Heap before GC invocations=159 (full 5):
 par new generation   total 109248K, used 109248K [0x00000000e0000000, 0x00000000e8000000, 0x00000000e8000000)
  eden space 87424K, 100% used [0x00000000e0000000, 0x00000000e5560000, 0x00000000e5560000)
  from space 21824K, 100% used [0x00000000e6ab0000, 0x00000000e8000000, 0x00000000e8000000)
  to   space 21824K,   0% used [0x00000000e5560000, 0x00000000e5560000, 0x00000000e6ab0000)
 concurrent mark-sweep generation total 393216K, used 189928K [0x00000000e8000000, 0x0000000100000000, 0x0000000100000000)
 Metaspace       used 30353K, capacity 30692K, committed 31180K, reserved 1077248K
  class space    used 3546K, capacity 3680K, committed 3788K, reserved 1048576K
2015-09-09T15:00:38.440+0200: 205.310: [GC (Allocation Failure) 205.310: [ParNew
Desired survivor size 20112992 bytes, new threshold 8 (max 8)
- age   1:    8198104 bytes,    8198104 total
- age   2:     840496 bytes,    9038600 total
- age   3:    2100904 bytes,   11139504 total
- age   4:    1715984 bytes,   12855488 total
- age   5:    1855720 bytes,   14711208 total
- age   6:    1728288 bytes,   16439496 total
- age   7:    1909400 bytes,   18348896 total
- age   8:    2156032 bytes,   20504928 total
: 109248K->21824K(109248K), 0.0120556 secs] 299176K->219044K(502464K), 0.0121026 secs] [Times: user=0.00 sys=0.00, real=0.01 secs] 
Heap after GC invocations=160 (full 5):
 par new generation   total 109248K, used 21824K [0x00000000e0000000, 0x00000000e8000000, 0x00000000e8000000)
  eden space 87424K,   0% used [0x00000000e0000000, 0x00000000e0000000, 0x00000000e5560000)
  from space 21824K, 100% used [0x00000000e5560000, 0x00000000e6ab0000, 0x00000000e6ab0000)
  to   space 21824K,   0% used [0x00000000e6ab0000, 0x00000000e6ab0000, 0x00000000e8000000)
 concurrent mark-sweep generation total 393216K, used 197220K [0x00000000e8000000, 0x0000000100000000, 0x0000000100000000)
 Metaspace       used 30353K, capacity 30692K, committed 31180K, reserved 1077248K
  class space    used 3546K, capacity 3680K, committed 3788K, reserved 1048576K
}
2015-09-09T15:00:38.453+0200: 205.322: Total time for which application threads were stopped: 0.0122508 seconds, Stopping threads took: 0.0000134 seconds
2015-09-09T15:00:38.453+0200: 205.322: [GC (CMS Initial Mark) [1 CMS-initial-mark: 197220K(393216K)] 220792K(502464K), 0.0019744 secs] [Times: user=0.02 sys=0.00, real=0.00 secs] 
2015-09-09T15:00:38.455+0200: 205.324: Total time for which application threads were stopped: 0.0020630 seconds, Stopping threads took: 0.0000246 seconds
2015-09-09T15:00:38.455+0200: 205.324: [CMS-concurrent-mark-start]
2015-09-09T15:00:38.478+0200: 205.347: [CMS-concurrent-mark: 0.023/0.023 secs] [Times: user=0.05 sys=0.00, real=0.02 secs] 
2015-09-09T15:00:38.478+0200: 205.347: [CMS-concurrent-preclean-start]
2015-09-09T15:00:38.479+0200: 205.348: [CMS-concurrent-preclean: 0.001/0.001 secs] [Times: user=0.00 sys=0.00, real=0.00 secs] 
2015-09-09T15:00:38.479+0200: 205.348: [CMS-concurrent-abortable-preclean-start]
2015-09-09T15:00:38.618+0200: 205.487: [CMS-concurrent-abortable-preclean: 0.139/0.139 secs] [Times: user=0.26 sys=0.00, real=0.14 secs] 
2015-09-09T15:00:38.618+0200: 205.487: [GC (CMS Final Remark) [YG occupancy: 67277 K (109248 K)]{Heap before GC invocations=160 (full 6):
 par new generation   total 109248K, used 67277K [0x00000000e0000000, 0x00000000e8000000, 0x00000000e8000000)
  eden space 87424K,  51% used [0x00000000e0000000, 0x00000000e2c63688, 0x00000000e5560000)
  from space 21824K, 100% used [0x00000000e5560000, 0x00000000e6ab0000, 0x00000000e6ab0000)
  to   space 21824K,   0% used [0x00000000e6ab0000, 0x00000000e6ab0000, 0x00000000e8000000)
 concurrent mark-sweep generation total 393216K, used 197220K [0x00000000e8000000, 0x0000000100000000, 0x0000000100000000)
 Metaspace       used 30353K, capacity 30692K, committed 31180K, reserved 1077248K
  class space    used 3546K, capacity 3680K, committed 3788K, reserved 1048576K
2015-09-09T15:00:38.618+0200: 205.487: [GC (CMS Final Remark) 205.487: [ParNew
Desired survivor size 20112992 bytes, new threshold 8 (max 8)
- age   1:     905976 bytes,     905976 total
- age   2:    8143656 bytes,    9049632 total
- age   3:     787296 bytes,    9836928 total
- age   4:    1849656 bytes,   11686584 total
- age   5:    1695536 bytes,   13382120 total
- age   6:    1835632 bytes,   15217752 total
- age   7:    1709632 bytes,   16927384 total
- age   8:    1889272 bytes,   18816656 total
: 67277K->21824K(109248K), 0.0080470 secs] 264498K->222186K(502464K), 0.0080844 secs] [Times: user=0.00 sys=0.00, real=0.01 secs] 
Heap after GC invocations=161 (full 6):
 par new generation   total 109248K, used 21824K [0x00000000e0000000, 0x00000000e8000000, 0x00000000e8000000)
  eden space 87424K,   0% used [0x00000000e0000000, 0x00000000e0000000, 0x00000000e5560000)
  from space 21824K, 100% used [0x00000000e6ab0000, 0x00000000e8000000, 0x00000000e8000000)
  to   space 21824K,   0% used [0x00000000e5560000, 0x00000000e5560000, 0x00000000e6ab0000)
 concurrent mark-sweep generation total 393216K, used 200362K [0x00000000e8000000, 0x0000000100000000, 0x0000000100000000)
 Metaspace       used 30353K, capacity 30692K, committed 31180K, reserved 1077248K
  class space    used 3546K, capacity 3680K, committed 3788K, reserved 1048576K
}
205.495: [Rescan (parallel) , 0.0025843 secs]205.498: [weak refs processing, 0.0007056 secs]205.499: [class unloading, 0.0040953 secs]205.503: [scrub symbol table, 0.0028473 secs]205.506: [scrub string table, 0.0003978 secs][1 CMS-remark: 200362K(393216K)] 222186K(502464K), 0.0193477 secs] [Times: user=0.06 sys=0.00, real=0.02 secs] 
2015-09-09T15:00:38.637+0200: 205.507: Total time for which application threads were stopped: 0.0194366 seconds, Stopping threads took: 0.0000150 seconds
2015-09-09T15:00:38.637+0200: 205.507: [CMS-concurrent-sweep-start]
2015-09-09T15:00:38.661+0200: 205.531: [CMS-concurrent-sweep: 0.024/0.024 secs] [Times: user=0.06 sys=0.00, real=0.02 secs] 
2015-09-09T15:00:38.661+0200: 205.531: [CMS-concurrent-reset-start]
2015-09-09T15:00:38.662+0200: 205.531: [CMS-concurrent-reset: 0.000/0.000 secs] [Times: user=0.00 sys=0.00, real=0.00 secs] 
{Heap before GC invocations=161 (full 6):
 par new generation   total 109248K, used 109248K [0x00000000e0000000, 0x00000000e8000000, 0x00000000e8000000)
  eden space 87424K, 100% used [0x00000000e0000000, 0x00000000e5560000, 0x00000000e5560000)
  from space 21824K, 100% used [0x00000000e6ab0000, 0x00000000e8000000, 0x00000000e8000000)
  to   space 21824K,   0% used [0x00000000e5560000, 0x00000000e5560000, 0x00000000e6ab0000)
 concurrent mark-sweep generation total 393216K, used 100789K [0x00000000e8000000, 0x0000000100000000, 0x0000000100000000)
 Metaspace       used 30353K, capacity 30692K, committed 31180K, reserved 1077248K
  class space    used 3546K, capacity 3680K, committed 3788K, reserved 1048576K
2015-09-09T15:00:38.910+0200: 205.779: [GC (Allocation Failure) 205.779: [ParNew
Desired survivor size 20112992 bytes, new threshold 8 (max 8)
- age   1:    8797976 bytes,    8797976 total
- age   2:     851808 bytes,    9649784 total
- age   3:    3558512 bytes,   13208296 total
- age   4:     758656 bytes,   13966952 total
- age   5:    1002016 bytes,   14968968 total
- age   6:    1469888 bytes,   16438856 total
- age   7:    1314808 bytes,   17753664 total
- age   8:     959648 bytes,   18713312 total
: 109248K->21824K(109248K), 0.0089532 secs] 210037K->128490K(502464K), 0.0089977 secs] [Times: user=0.00 sys=0.00, real=0.01 secs] 
Heap after GC invocations=162 (full 6):
 par new generation   total 109248K, used 21824K [0x00000000e0000000, 0x00000000e8000000, 0x00000000e8000000)
  eden space 87424K,   0% used [0x00000000e0000000, 0x00000000e0000000, 0x00000000e5560000)
  from space 21824K, 100% used [0x00000000e5560000, 0x00000000e6ab0000, 0x00000000e6ab0000)
  to   space 21824K,   0% used [0x00000000e6ab0000, 0x00000000e6ab0000, 0x00000000e8000000)
 concurrent mark-sweep generation total 393216K, used 106666K [0x00000000e8000000, 0x0000000100000000, 0x0000000100000000)
 Metaspace       used 30353K, capacity 30692K, committed 31180K, reserved 1077248K
  class space    used 3546K, capacity 3680K, committed 3788K, reserved 1048576K
}
2015-09-09T15:00:38.919+0200: 205.789: Total time for which application threads were stopped: 0.0091420 seconds, Stopping threads took: 0.0000141 seconds
2015-09-09T15:00:39.134+0200: 206.003: Total time for which application threads were stopped: 0.0000829 seconds, Stopping threads took: 0.0000144 seconds
2015-09-09T15:00:39.134+0200: 206.004: Total time for which application threads were stopped: 0.0000733 seconds, Stopping threads took: 0.0000314 seconds
2015-09-09T15:00:39.167+0200: 206.037: Total time for which application threads were stopped: 0.0001075 seconds, Stopping threads took: 0.0000320 seconds
2015-09-09T15:00:39.173+0200: 206.043: Total time for which application threads were stopped: 0.0000928 seconds, Stopping threads took: 0.0000150 seconds
2015-09-09T15:00:39.174+0200: 206.043: Total time for which application threads were stopped: 0.0001002 seconds, Stopping threads took: 0.0000384 seconds
{Heap before GC invocations=162 (full 6):
 par new generation   total 109248K, used 109248K [0x00000000e0000000, 0x00000000e8000000, 0x00000000e8000000)
  eden space 87424K, 100% used [0x00000000e0000000, 0x00000000e5560000, 0x00000000e5560000)
  from space 21824K, 100% used [0x00000000e5560000, 0x00000000e6ab0000, 0x00000000e6ab0000)
  to   space 21824K,   0% used [0x00000000e6ab0000, 0x00000000e6ab0000, 0x00000000e8000000)
 concurrent mark-sweep generation total 393216K, used 106666K [0x00000000e8000000, 0x0000000100000000, 0x0000000100000000)
 Metaspace       used 30359K, capacity 30692K, committed 31180K, reserved 1077248K
  class space    used 3546K, capacity 3680K, committed 3788K, reserved 1048576K
2015-09-09T15:00:39.191+0200: 206.060: [GC (Allocation Failure) 206.060: [ParNew
Desired survivor size 20112992 bytes, new threshold 8 (max 8)
- age   1:    5733352 bytes,    5733352 total
- age   2:    3632064 bytes,    9365416 total
- age   3:     790416 bytes,   10155832 total
- age   4:    3491216 bytes,   13647048 total
- age   5:     704112 bytes,   14351160 total
- age   6:     950400 bytes,   15301560 total
- age   7:    1418656 bytes,   16720216 total
- age   8:    1263576 bytes,   17983792 total
: 109248K->21824K(109248K), 0.0078521 secs] 215914K->133123K(502464K), 0.0079026 secs] [Times: user=0.00 sys=0.00, real=0.01 secs] 
Heap after GC invocations=163 (full 6):
 par new generation   total 109248K, used 21824K [0x00000000e0000000, 0x00000000e8000000, 0x00000000e8000000)
  eden space 87424K,   0% used [0x00000000e0000000, 0x00000000e0000000, 0x00000000e5560000)
  from space 21824K, 100% used [0x00000000e6ab0000, 0x00000000e8000000, 0x00000000e8000000)
  to   space 21824K,   0% used [0x00000000e5560000, 0x00000000e5560000, 0x00000000e6ab0000)
 concurrent mark-sweep generation total 393216K, used 111299K [0x00000000e8000000, 0x0000000100000000, 0x0000000100000000)
 Metaspace       used 30359K, capacity 30692K, committed 31180K, reserved 1077248K
  class space    used 3546K, capacity 3680K, committed 3788K, reserved 1048576K
}
2015-09-09T15:00:39.199+0200: 206.068: Total time for which application threads were stopped: 0.0080751 seconds, Stopping threads took: 0.0000282 seconds
2015-09-09T15:00:39.392+0200: 206.261: Total time for which application threads were stopped: 0.0000838 seconds, Stopping threads took: 0.0000144 seconds
{Heap before GC invocations=163 (full 6):
 par new generation   total 109248K, used 109248K [0x00000000e0000000, 0x00000000e8000000, 0x00000000e8000000)
  eden space 87424K, 100% used [0x00000000e0000000, 0x00000000e5560000, 0x00000000e5560000)
  from space 21824K, 100% used [0x00000000e6ab0000, 0x00000000e8000000, 0x00000000e8000000)
  to   space 21824K,   0% used [0x00000000e5560000, 0x00000000e5560000, 0x00000000e6ab0000)
 concurrent mark-sweep generation total 393216K, used 111299K [0x00000000e8000000, 0x0000000100000000, 0x0000000100000000)
 Metaspace       used 30359K, capacity 30692K, committed 31180K, reserved 1077248K
  class space    used 3546K, capacity 3680K, committed 3788K, reserved 1048576K
2015-09-09T15:00:39.408+0200: 206.277: [GC (Allocation Failure) 206.277: [ParNew
Desired survivor size 20112992 bytes, new threshold 8 (max 8)
- age   1:    2377792 bytes,    2377792 total
- age   2:    5239704 bytes,    7617496 total
- age   3:    3632064 bytes,   11249560 total
- age   4:     790416 bytes,   12039976 total
- age   5:    3491216 bytes,   15531192 total
- age   6:     704112 bytes,   16235304 total
- age   7:     950400 bytes,   17185704 total
- age   8:    1418656 bytes,   18604360 total
: 109248K->21824K(109248K), 0.0075404 secs] 220547K->135753K(502464K), 0.0075881 secs] [Times: user=0.00 sys=0.00, real=0.01 secs] 
Heap after GC invocations=164 (full 6):
 par new generation   total 109248K, used 21824K [0x00000000e0000000, 0x00000000e8000000, 0x00000000e8000000)
  eden space 87424K,   0% used [0x00000000e0000000, 0x00000000e0000000, 0x00000000e5560000)
  from space 21824K, 100% used [0x00000000e5560000, 0x00000000e6ab0000, 0x00000000e6ab0000)
  to   space 21824K,   0% used [0x00000000e6ab0000, 0x00000000e6ab0000, 0x00000000e8000000)
 concurrent mark-sweep generation total 393216K, used 113929K [0x00000000e8000000, 0x0000000100000000, 0x0000000100000000)
 Metaspace       used 30359K, capacity 30692K, committed 31180K, reserved 1077248K
  class space    used 3546K, capacity 3680K, committed 3788K, reserved 1048576K
}
2015-09-09T15:00:39.416+0200: 206.285: Total time for which application threads were stopped: 0.0078086 seconds, Stopping threads took: 0.0000803 seconds
{Heap before GC invocations=164 (full 6):
 par new generation   total 109248K, used 109248K [0x00000000e0000000, 0x00000000e8000000, 0x00000000e8000000)
  eden space 87424K, 100% used [0x00000000e0000000, 0x00000000e5560000, 0x00000000e5560000)
  from space 21824K, 100% used [0x00000000e5560000, 0x00000000e6ab0000, 0x00000000e6ab0000)
  to   space 21824K,   0% used [0x00000000e6ab0000, 0x00000000e6ab0000, 0x00000000e8000000)
 concurrent mark-sweep generation total 393216K, used 113929K [0x00000000e8000000, 0x0000000100000000, 0x0000000100000000)
 Metaspace       used 30359K, capacity 30692K, committed 31180K, reserved 1077248K
  class space    used 3546K, capacity 3680K, committed 3788K, reserved 1048576K
2015-09-09T15:00:39.472+0200: 206.341: [GC (Allocation Failure) 206.341: [ParNew
Desired survivor size 20112992 bytes, new threshold 8 (max 8)
- age   1:    1828984 bytes,    1828984 total
- age   2:    2212480 bytes,    4041464 total
- age   3:    4021696 bytes,    8063160 total
- age   4:    3581264 bytes,   11644424 total
- age   5:     764640 bytes,   12409064 total
- age   6:    3203984 bytes,   15613048 total
- age   7:     693608 bytes,   16306656 total
- age   8:     930512 bytes,   17237168 total
: 109248K->21824K(109248K), 0.0068156 secs] 223177K->138732K(502464K), 0.0068623 secs] [Times: user=0.00 sys=0.00, real=0.01 secs] 
Heap after GC invocations=165 (full 6):
 par new generation   total 109248K, used 21824K [0x00000000e0000000, 0x00000000e8000000, 0x00000000e8000000)
  eden space 87424K,   0% used [0x00000000e0000000, 0x00000000e0000000, 0x00000000e5560000)
  from space 21824K, 100% used [0x00000000e6ab0000, 0x00000000e8000000, 0x00000000e8000000)
  to   space 21824K,   0% used [0x00000000e5560000, 0x00000000e5560000, 0x00000000e6ab0000)
 concurrent mark-sweep generation total 393216K, used 116908K [0x00000000e8000000, 0x0000000100000000, 0x0000000100000000)
 Metaspace       used 30359K, capacity 30692K, committed 31180K, reserved 1077248K
  class space    used 3546K, capacity 3680K, committed 3788K, reserved 1048576K
}
2015-09-09T15:00:39.478+0200: 206.348: Total time for which application threads were stopped: 0.0070204 seconds, Stopping threads took: 0.0000214 seconds
{Heap before GC invocations=165 (full 6):
 par new generation   total 109248K, used 109231K [0x00000000e0000000, 0x00000000e8000000, 0x00000000e8000000)
  eden space 87424K,  99% used [0x00000000e0000000, 0x00000000e555bd48, 0x00000000e5560000)
  from space 21824K, 100% used [0x00000000e6ab0000, 0x00000000e8000000, 0x00000000e8000000)
  to   space 21824K,   0% used [0x00000000e5560000, 0x00000000e5560000, 0x00000000e6ab0000)
 concurrent mark-sweep generation total 393216K, used 116908K [0x00000000e8000000, 0x0000000100000000, 0x0000000100000000)
 Metaspace       used 30359K, capacity 30692K, committed 31180K, reserved 1077248K
  class space    used 3546K, capacity 3680K, committed 3788K, reserved 1048576K
2015-09-09T15:00:39.565+0200: 206.434: [GC (Allocation Failure) 206.434: [ParNew
Desired survivor size 20112992 bytes, new threshold 8 (max 8)
- age   1:    2528680 bytes,    2528680 total
- age   2:     600480 bytes,    3129160 total
- age   3:    2184136 bytes,    5313296 total
- age   4:    4021640 bytes,    9334936 total
- age   5:    3581264 bytes,   12916200 total
- age   6:     764640 bytes,   13680840 total
- age   7:    3203984 bytes,   16884824 total
- age   8:     693608 bytes,   17578432 total
: 109231K->21824K(109248K), 0.0066329 secs] 226139K->139940K(502464K), 0.0066767 secs] [Times: user=0.00 sys=0.00, real=0.01 secs] 
Heap after GC invocations=166 (full 6):
 par new generation   total 109248K, used 21824K [0x00000000e0000000, 0x00000000e8000000, 0x00000000e8000000)
  eden space 87424K,   0% used [0x00000000e0000000, 0x00000000e0000000, 0x00000000e5560000)
  from space 21824K, 100% used [0x00000000e5560000, 0x00000000e6ab0000, 0x00000000e6ab0000)
  to   space 21824K,   0% used [0x00000000e6ab0000, 0x00000000e6ab0000, 0x00000000e8000000)
 concurrent mark-sweep generation total 393216K, used 118116K [0x00000000e8000000, 0x0000000100000000, 0x0000000100000000)
 Metaspace       used 30359K, capacity 30692K, committed 31180K, reserved 1077248K
  class space    used 3546K, capacity 3680K, committed 3788K, reserved 1048576K
}
2015-09-09T15:00:39.571+0200: 206.441: Total time for which application threads were stopped: 0.0068905 seconds, Stopping threads took: 0.0000426 seconds
2015-09-09T15:00:39.642+0200: 206.512: Total time for which application threads were stopped: 0.0000928 seconds, Stopping threads took: 0.0000259 seconds
2015-09-09T15:00:39.642+0200: 206.512: Total time for which application threads were stopped: 0.0000838 seconds, Stopping threads took: 0.0000179 seconds
2015-09-09T15:00:39.645+0200: 206.514: Total time for which application threads were stopped: 0.0001120 seconds, Stopping threads took: 0.0000221 seconds
2015-09-09T15:00:39.645+0200: 206.515: Total time for which application threads were stopped: 0.0000922 seconds, Stopping threads took: 0.0000256 seconds
{Heap before GC invocations=166 (full 6):
 par new generation   total 109248K, used 109248K [0x00000000e0000000, 0x00000000e8000000, 0x00000000e8000000)
  eden space 87424K, 100% used [0x00000000e0000000, 0x00000000e5560000, 0x00000000e5560000)
  from space 21824K, 100% used [0x00000000e5560000, 0x00000000e6ab0000, 0x00000000e6ab0000)
  to   space 21824K,   0% used [0x00000000e6ab0000, 0x00000000e6ab0000, 0x00000000e8000000)
 concurrent mark-sweep generation total 393216K, used 118116K [0x00000000e8000000, 0x0000000100000000, 0x0000000100000000)
 Metaspace       used 30371K, capacity 30704K, committed 31180K, reserved 1077248K
  class space    used 3547K, capacity 3682K, committed 3788K, reserved 1048576K
2015-09-09T15:00:39.660+0200: 206.529: [GC (Allocation Failure) 206.529: [ParNew
Desired survivor size 20112992 bytes, new threshold 8 (max 8)
- age   1:    2961008 bytes,    2961008 total
- age   2:    1374520 bytes,    4335528 total
- age   3:     598264 bytes,    4933792 total
- age   4:    2148128 bytes,    7081920 total
- age   5:    3949520 bytes,   11031440 total
- age   6:    3518080 bytes,   14549520 total
- age   7:     735264 bytes,   15284784 total
- age   8:    3151440 bytes,   18436224 total
: 109248K->20594K(109248K), 0.0102412 secs] 227364K->139338K(502464K), 0.0102956 secs] [Times: user=0.00 sys=0.00, real=0.01 secs] 
Heap after GC invocations=167 (full 6):
 par new generation   total 109248K, used 20594K [0x00000000e0000000, 0x00000000e8000000, 0x00000000e8000000)
  eden space 87424K,   0% used [0x00000000e0000000, 0x00000000e0000000, 0x00000000e5560000)
  from space 21824K,  94% used [0x00000000e6ab0000, 0x00000000e7ecca38, 0x00000000e8000000)
  to   space 21824K,   0% used [0x00000000e5560000, 0x00000000e5560000, 0x00000000e6ab0000)
 concurrent mark-sweep generation total 393216K, used 118744K [0x00000000e8000000, 0x0000000100000000, 0x0000000100000000)
 Metaspace       used 30371K, capacity 30704K, committed 31180K, reserved 1077248K
  class space    used 3547K, capacity 3682K, committed 3788K, reserved 1048576K
}
2015-09-09T15:00:39.670+0200: 206.539: Total time for which application threads were stopped: 0.0104780 seconds, Stopping threads took: 0.0000269 seconds
2015-09-09T15:00:39.677+0200: 206.546: Total time for which application threads were stopped: 0.0001318 seconds, Stopping threads took: 0.0000550 seconds
{Heap before GC invocations=167 (full 6):
 par new generation   total 109248K, used 108018K [0x00000000e0000000, 0x00000000e8000000, 0x00000000e8000000)
  eden space 87424K, 100% used [0x00000000e0000000, 0x00000000e5560000, 0x00000000e5560000)
  from space 21824K,  94% used [0x00000000e6ab0000, 0x00000000e7ecca38, 0x00000000e8000000)
  to   space 21824K,   0% used [0x00000000e5560000, 0x00000000e5560000, 0x00000000e6ab0000)
 concurrent mark-sweep generation total 393216K, used 118744K [0x00000000e8000000, 0x0000000100000000, 0x0000000100000000)
 Metaspace       used 30380K, capacity 30704K, committed 31180K, reserved 1077248K
  class space    used 3547K, capacity 3682K, committed 3788K, reserved 1048576K
2015-09-09T15:00:39.959+0200: 206.828: [GC (Allocation Failure) 206.828: [ParNew
Desired survivor size 20112992 bytes, new threshold 8 (max 8)
- age   1:    5042760 bytes,    5042760 total
- age   2:    1363360 bytes,    6406120 total
- age   3:    1340608 bytes,    7746728 total
- age   4:     532696 bytes,    8279424 total
- age   5:    2148128 bytes,   10427552 total
- age   6:    3192360 bytes,   13619912 total
- age   7:    3518080 bytes,   17137992 total
- age   8:     735264 bytes,   17873256 total
: 108018K->21824K(109248K), 0.0073916 secs] 226762K->143649K(502464K), 0.0074342 secs] [Times: user=0.00 sys=0.00, real=0.01 secs] 
Heap after GC invocations=168 (full 6):
 par new generation   total 109248K, used 21824K [0x00000000e0000000, 0x00000000e8000000, 0x00000000e8000000)
  eden space 87424K,   0% used [0x00000000e0000000, 0x00000000e0000000, 0x00000000e5560000)
  from space 21824K, 100% used [0x00000000e5560000, 0x00000000e6ab0000, 0x00000000e6ab0000)
  to   space 21824K,   0% used [0x00000000e6ab0000, 0x00000000e6ab0000, 0x00000000e8000000)
 concurrent mark-sweep generation total 393216K, used 121825K [0x00000000e8000000, 0x0000000100000000, 0x0000000100000000)
 Metaspace       used 30380K, capacity 30704K, committed 31180K, reserved 1077248K
  class space    used 3547K, capacity 3682K, committed 3788K, reserved 1048576K
}
2015-09-09T15:00:39.966+0200: 206.836: Total time for which application threads were stopped: 0.0075846 seconds, Stopping threads took: 0.0000250 seconds
{Heap before GC invocations=168 (full 6):
 par new generation   total 109248K, used 109248K [0x00000000e0000000, 0x00000000e8000000, 0x00000000e8000000)
  eden space 87424K, 100% used [0x00000000e0000000, 0x00000000e5560000, 0x00000000e5560000)
  from space 21824K, 100% used [0x00000000e5560000, 0x00000000e6ab0000, 0x00000000e6ab0000)
  to   space 21824K,   0% used [0x00000000e6ab0000, 0x00000000e6ab0000, 0x00000000e8000000)
 concurrent mark-sweep generation total 393216K, used 121825K [0x00000000e8000000, 0x0000000100000000, 0x0000000100000000)
 Metaspace       used 30380K, capacity 30704K, committed 31180K, reserved 1077248K
  class space    used 3547K, capacity 3682K, committed 3788K, reserved 1048576K
2015-09-09T15:00:40.273+0200: 207.142: [GC (Allocation Failure) 207.142: [ParNew
Desired survivor size 20112992 bytes, new threshold 8 (max 8)
- age   1:    5233576 bytes,    5233576 total
- age   2:    2306096 bytes,    7539672 total
- age   3:     755992 bytes,    8295664 total
- age   4:     688384 bytes,    8984048 total
- age   5:     435112 bytes,    9419160 total
- age   6:    1812712 bytes,   11231872 total
- age   7:    2403040 bytes,   13634912 total
- age   8:    3299272 bytes,   16934184 total
: 109248K->21824K(109248K), 0.0121180 secs] 231073K->148424K(502464K), 0.0121740 secs] [Times: user=0.03 sys=0.00, real=0.01 secs] 
Heap after GC invocations=169 (full 6):
 par new generation   total 109248K, used 21824K [0x00000000e0000000, 0x00000000e8000000, 0x00000000e8000000)
  eden space 87424K,   0% used [0x00000000e0000000, 0x00000000e0000000, 0x00000000e5560000)
  from space 21824K, 100% used [0x00000000e6ab0000, 0x00000000e8000000, 0x00000000e8000000)
  to   space 21824K,   0% used [0x00000000e5560000, 0x00000000e5560000, 0x00000000e6ab0000)
 concurrent mark-sweep generation total 393216K, used 126600K [0x00000000e8000000, 0x0000000100000000, 0x0000000100000000)
 Metaspace       used 30380K, capacity 30704K, committed 31180K, reserved 1077248K
  class space    used 3547K, capacity 3682K, committed 3788K, reserved 1048576K
}
2015-09-09T15:00:40.285+0200: 207.155: Total time for which application threads were stopped: 0.0123173 seconds, Stopping threads took: 0.0000131 seconds
2015-09-09T15:00:40.407+0200: 207.277: Total time for which application threads were stopped: 0.0000726 seconds, Stopping threads took: 0.0000154 seconds
2015-09-09T15:00:40.408+0200: 207.277: Total time for which application threads were stopped: 0.0000458 seconds, Stopping threads took: 0.0000106 seconds
2015-09-09T15:00:40.408+0200: 207.278: Total time for which application threads were stopped: 0.0000515 seconds, Stopping threads took: 0.0000147 seconds
2015-09-09T15:00:40.420+0200: 207.290: Total time for which application threads were stopped: 0.0000950 seconds, Stopping threads took: 0.0000230 seconds
2015-09-09T15:00:40.425+0200: 207.294: Total time for which application threads were stopped: 0.0001514 seconds, Stopping threads took: 0.0000138 seconds
{Heap before GC invocations=169 (full 6):
 par new generation   total 109248K, used 109248K [0x00000000e0000000, 0x00000000e8000000, 0x00000000e8000000)
  eden space 87424K, 100% used [0x00000000e0000000, 0x00000000e5560000, 0x00000000e5560000)
  from space 21824K, 100% used [0x00000000e6ab0000, 0x00000000e8000000, 0x00000000e8000000)
  to   space 21824K,   0% used [0x00000000e5560000, 0x00000000e5560000, 0x00000000e6ab0000)
 concurrent mark-sweep generation total 393216K, used 126600K [0x00000000e8000000, 0x0000000100000000, 0x0000000100000000)
 Metaspace       used 30386K, capacity 30704K, committed 31180K, reserved 1077248K
  class space    used 3547K, capacity 3682K, committed 3788K, reserved 1048576K
2015-09-09T15:00:40.522+0200: 207.392: [GC (Allocation Failure) 207.392: [ParNew
Desired survivor size 20112992 bytes, new threshold 8 (max 8)
- age   1:    6644880 bytes,    6644880 total
- age   2:    3362792 bytes,   10007672 total
- age   3:    2181560 bytes,   12189232 total
- age   4:     654600 bytes,   12843832 total
- age   5:     651904 bytes,   13495736 total
- age   6:     411256 bytes,   13906992 total
- age   7:    1722072 bytes,   15629064 total
- age   8:    2377904 bytes,   18006968 total
: 109248K->19687K(109248K), 0.0060463 secs] 235848K->149514K(502464K), 0.0060931 secs] [Times: user=0.00 sys=0.00, real=0.01 secs] 
Heap after GC invocations=170 (full 6):
 par new generation   total 109248K, used 19687K [0x00000000e0000000, 0x00000000e8000000, 0x00000000e8000000)
  eden space 87424K,   0% used [0x00000000e0000000, 0x00000000e0000000, 0x00000000e5560000)
  from space 21824K,  90% used [0x00000000e5560000, 0x00000000e6899fd8, 0x00000000e6ab0000)
  to   space 21824K,   0% used [0x00000000e6ab0000, 0x00000000e6ab0000, 0x00000000e8000000)
 concurrent mark-sweep generation total 393216K, used 129826K [0x00000000e8000000, 0x0000000100000000, 0x0000000100000000)
 Metaspace       used 30386K, capacity 30704K, committed 31180K, reserved 1077248K
  class space    used 3547K, capacity 3682K, committed 3788K, reserved 1048576K
}
2015-09-09T15:00:40.528+0200: 207.398: Total time for which application threads were stopped: 0.0062697 seconds, Stopping threads took: 0.0000378 seconds
{Heap before GC invocations=170 (full 6):
 par new generation   total 109248K, used 107111K [0x00000000e0000000, 0x00000000e8000000, 0x00000000e8000000)
  eden space 87424K, 100% used [0x00000000e0000000, 0x00000000e5560000, 0x00000000e5560000)
  from space 21824K,  90% used [0x00000000e5560000, 0x00000000e6899fd8, 0x00000000e6ab0000)
  to   space 21824K,   0% used [0x00000000e6ab0000, 0x00000000e6ab0000, 0x00000000e8000000)
 concurrent mark-sweep generation total 393216K, used 129826K [0x00000000e8000000, 0x0000000100000000, 0x0000000100000000)
 Metaspace       used 30393K, capacity 30704K, committed 31180K, reserved 1077248K
  class space    used 3547K, capacity 3682K, committed 3788K, reserved 1048576K
2015-09-09T15:00:40.615+0200: 207.484: [GC (Allocation Failure) 207.484: [ParNew
Desired survivor size 20112992 bytes, new threshold 8 (max 8)
- age   1:    2078264 bytes,    2078264 total
- age   2:    5882800 bytes,    7961064 total
- age   3:    3266096 bytes,   11227160 total
- age   4:    2021040 bytes,   13248200 total
- age   5:     623640 bytes,   13871840 total
- age   6:     621976 bytes,   14493816 total
- age   7:     391480 bytes,   14885296 total
- age   8:    1644024 bytes,   16529320 total
: 107111K->21810K(109248K), 0.0049731 secs] 236938K->153942K(502464K), 0.0050230 secs] [Times: user=0.00 sys=0.00, real=0.00 secs] 
Heap after GC invocations=171 (full 6):
 par new generation   total 109248K, used 21810K [0x00000000e0000000, 0x00000000e8000000, 0x00000000e8000000)
  eden space 87424K,   0% used [0x00000000e0000000, 0x00000000e0000000, 0x00000000e5560000)
  from space 21824K,  99% used [0x00000000e6ab0000, 0x00000000e7ffc9b0, 0x00000000e8000000)
  to   space 21824K,   0% used [0x00000000e5560000, 0x00000000e5560000, 0x00000000e6ab0000)
 concurrent mark-sweep generation total 393216K, used 132132K [0x00000000e8000000, 0x0000000100000000, 0x0000000100000000)
 Metaspace       used 30393K, capacity 30704K, committed 31180K, reserved 1077248K
  class space    used 3547K, capacity 3682K, committed 3788K, reserved 1048576K
}
2015-09-09T15:00:40.620+0200: 207.489: Total time for which application threads were stopped: 0.0051923 seconds, Stopping threads took: 0.0000333 seconds
2015-09-09T15:00:40.625+0200: 207.494: Total time for which application threads were stopped: 0.0001322 seconds, Stopping threads took: 0.0000550 seconds
2015-09-09T15:00:40.625+0200: 207.494: Total time for which application threads were stopped: 0.0000490 seconds, Stopping threads took: 0.0000054 seconds
2015-09-09T15:00:40.625+0200: 207.495: Total time for which application threads were stopped: 0.0000544 seconds, Stopping threads took: 0.0000042 seconds
2015-09-09T15:00:40.625+0200: 207.495: Total time for which application threads were stopped: 0.0000739 seconds, Stopping threads took: 0.0000189 seconds
{Heap before GC invocations=171 (full 6):
 par new generation   total 109248K, used 109234K [0x00000000e0000000, 0x00000000e8000000, 0x00000000e8000000)
  eden space 87424K, 100% used [0x00000000e0000000, 0x00000000e5560000, 0x00000000e5560000)
  from space 21824K,  99% used [0x00000000e6ab0000, 0x00000000e7ffc9b0, 0x00000000e8000000)
  to   space 21824K,   0% used [0x00000000e5560000, 0x00000000e5560000, 0x00000000e6ab0000)
 concurrent mark-sweep generation total 393216K, used 132132K [0x00000000e8000000, 0x0000000100000000, 0x0000000100000000)
 Metaspace       used 30396K, capacity 30704K, committed 31180K, reserved 1077248K
  class space    used 3547K, capacity 3682K, committed 3788K, reserved 1048576K
2015-09-09T15:00:40.893+0200: 207.763: [GC (Allocation Failure) 207.763: [ParNew
Desired survivor size 20112992 bytes, new threshold 8 (max 8)
- age   1:    4973968 bytes,    4973968 total
- age   2:     995936 bytes,    5969904 total
- age   3:    5441576 bytes,   11411480 total
- age   4:    3266096 bytes,   14677576 total
- age   5:    2021040 bytes,   16698616 total
- age   6:     623640 bytes,   17322256 total
- age   7:     621976 bytes,   17944232 total
- age   8:     391480 bytes,   18335712 total
: 109234K->21340K(109248K), 0.0057548 secs] 241366K->155077K(502464K), 0.0058012 secs] [Times: user=0.00 sys=0.00, real=0.01 secs] 
Heap after GC invocations=172 (full 6):
 par new generation   total 109248K, used 21340K [0x00000000e0000000, 0x00000000e8000000, 0x00000000e8000000)
  eden space 87424K,   0% used [0x00000000e0000000, 0x00000000e0000000, 0x00000000e5560000)
  from space 21824K,  97% used [0x00000000e5560000, 0x00000000e6a370a0, 0x00000000e6ab0000)
  to   space 21824K,   0% used [0x00000000e6ab0000, 0x00000000e6ab0000, 0x00000000e8000000)
 concurrent mark-sweep generation total 393216K, used 133737K [0x00000000e8000000, 0x0000000100000000, 0x0000000100000000)
 Metaspace       used 30396K, capacity 30704K, committed 31180K, reserved 1077248K
  class space    used 3547K, capacity 3682K, committed 3788K, reserved 1048576K
}
2015-09-09T15:00:40.899+0200: 207.769: Total time for which application threads were stopped: 0.0059462 seconds, Stopping threads took: 0.0000138 seconds
{Heap before GC invocations=172 (full 6):
 par new generation   total 109248K, used 108764K [0x00000000e0000000, 0x00000000e8000000, 0x00000000e8000000)
  eden space 87424K, 100% used [0x00000000e0000000, 0x00000000e5560000, 0x00000000e5560000)
  from space 21824K,  97% used [0x00000000e5560000, 0x00000000e6a370a0, 0x00000000e6ab0000)
  to   space 21824K,   0% used [0x00000000e6ab0000, 0x00000000e6ab0000, 0x00000000e8000000)
 concurrent mark-sweep generation total 393216K, used 133737K [0x00000000e8000000, 0x0000000100000000, 0x0000000100000000)
 Metaspace       used 30396K, capacity 30704K, committed 31180K, reserved 1077248K
  class space    used 3547K, capacity 3682K, committed 3788K, reserved 1048576K
2015-09-09T15:00:41.177+0200: 208.047: [GC (Allocation Failure) 208.047: [ParNew
Desired survivor size 20112992 bytes, new threshold 8 (max 8)
- age   1:    2746976 bytes,    2746976 total
- age   2:    2530848 bytes,    5277824 total
- age   3:     990736 bytes,    6268560 total
- age   4:    5291456 bytes,   11560016 total
- age   5:    3231280 bytes,   14791296 total
- age   6:    1987056 bytes,   16778352 total
- age   7:     611184 bytes,   17389536 total
- age   8:     613072 bytes,   18002608 total
: 108764K->21824K(109248K), 0.0062255 secs] 242501K->159275K(502464K), 0.0062735 secs] [Times: user=0.00 sys=0.00, real=0.01 secs] 
Heap after GC invocations=173 (full 6):
 par new generation   total 109248K, used 21824K [0x00000000e0000000, 0x00000000e8000000, 0x00000000e8000000)
  eden space 87424K,   0% used [0x00000000e0000000, 0x00000000e0000000, 0x00000000e5560000)
  from space 21824K, 100% used [0x00000000e6ab0000, 0x00000000e8000000, 0x00000000e8000000)
  to   space 21824K,   0% used [0x00000000e5560000, 0x00000000e5560000, 0x00000000e6ab0000)
 concurrent mark-sweep generation total 393216K, used 137451K [0x00000000e8000000, 0x0000000100000000, 0x0000000100000000)
 Metaspace       used 30396K, capacity 30704K, committed 31180K, reserved 1077248K
  class space    used 3547K, capacity 3682K, committed 3788K, reserved 1048576K
}
2015-09-09T15:00:41.183+0200: 208.053: Total time for which application threads were stopped: 0.0064159 seconds, Stopping threads took: 0.0000131 seconds
{Heap before GC invocations=173 (full 6):
 par new generation   total 109248K, used 109248K [0x00000000e0000000, 0x00000000e8000000, 0x00000000e8000000)
  eden space 87424K, 100% used [0x00000000e0000000, 0x00000000e5560000, 0x00000000e5560000)
  from space 21824K, 100% used [0x00000000e6ab0000, 0x00000000e8000000, 0x00000000e8000000)
  to   space 21824K,   0% used [0x00000000e5560000, 0x00000000e5560000, 0x00000000e6ab0000)
 concurrent mark-sweep generation total 393216K, used 137451K [0x00000000e8000000, 0x0000000100000000, 0x0000000100000000)
 Metaspace       used 30396K, capacity 30704K, committed 31180K, reserved 1077248K
  class space    used 3547K, capacity 3682K, committed 3788K, reserved 1048576K
2015-09-09T15:00:41.463+0200: 208.332: [GC (Allocation Failure) 208.332: [ParNew
Desired survivor size 20112992 bytes, new threshold 8 (max 8)
- age   1:    5020280 bytes,    5020280 total
- age   2:    2052848 bytes,    7073128 total
- age   3:    2263808 bytes,    9336936 total
- age   4:     930184 bytes,   10267120 total
- age   5:    3492000 bytes,   13759120 total
- age   6:    3180272 bytes,   16939392 total
- age   7:    1934688 bytes,   18874080 total
- age   8:     596056 bytes,   19470136 total
: 109248K->21824K(109248K), 0.0070646 secs] 246699K->164403K(502464K), 0.0071110 secs] [Times: user=0.06 sys=0.00, real=0.01 secs] 
Heap after GC invocations=174 (full 6):
 par new generation   total 109248K, used 21824K [0x00000000e0000000, 0x00000000e8000000, 0x00000000e8000000)
  eden space 87424K,   0% used [0x00000000e0000000, 0x00000000e0000000, 0x00000000e5560000)
  from space 21824K, 100% used [0x00000000e5560000, 0x00000000e6ab0000, 0x00000000e6ab0000)
  to   space 21824K,   0% used [0x00000000e6ab0000, 0x00000000e6ab0000, 0x00000000e8000000)
 concurrent mark-sweep generation total 393216K, used 142579K [0x00000000e8000000, 0x0000000100000000, 0x0000000100000000)
 Metaspace       used 30396K, capacity 30704K, committed 31180K, reserved 1077248K
  class space    used 3547K, capacity 3682K, committed 3788K, reserved 1048576K
}
2015-09-09T15:00:41.470+0200: 208.340: Total time for which application threads were stopped: 0.0072556 seconds, Stopping threads took: 0.0000144 seconds
{Heap before GC invocations=174 (full 6):
 par new generation   total 109248K, used 109248K [0x00000000e0000000, 0x00000000e8000000, 0x00000000e8000000)
  eden space 87424K, 100% used [0x00000000e0000000, 0x00000000e5560000, 0x00000000e5560000)
  from space 21824K, 100% used [0x00000000e5560000, 0x00000000e6ab0000, 0x00000000e6ab0000)
  to   space 21824K,   0% used [0x00000000e6ab0000, 0x00000000e6ab0000, 0x00000000e8000000)
 concurrent mark-sweep generation total 393216K, used 142579K [0x00000000e8000000, 0x0000000100000000, 0x0000000100000000)
 Metaspace       used 30396K, capacity 30704K, committed 31180K, reserved 1077248K
  class space    used 3547K, capacity 3682K, committed 3788K, reserved 1048576K
2015-09-09T15:00:41.757+0200: 208.627: [GC (Allocation Failure) 208.627: [ParNew
Desired survivor size 20112992 bytes, new threshold 8 (max 8)
- age   1:    5084152 bytes,    5084152 total
- age   2:    2364368 bytes,    7448520 total
- age   3:    1111008 bytes,    8559528 total
- age   4:    1293832 bytes,    9853360 total
- age   5:     915384 bytes,   10768744 total
- age   6:    3030912 bytes,   13799656 total
- age   7:    3139040 bytes,   16938696 total
- age   8:    1895304 bytes,   18834000 total
: 109248K->21824K(109248K), 0.0063743 secs] 251827K->168788K(502464K), 0.0064204 secs] [Times: user=0.06 sys=0.00, real=0.01 secs] 
Heap after GC invocations=175 (full 6):
 par new generation   total 109248K, used 21824K [0x00000000e0000000, 0x00000000e8000000, 0x00000000e8000000)
  eden space 87424K,   0% used [0x00000000e0000000, 0x00000000e0000000, 0x00000000e5560000)
  from space 21824K, 100% used [0x00000000e6ab0000, 0x00000000e8000000, 0x00000000e8000000)
  to   space 21824K,   0% used [0x00000000e5560000, 0x00000000e5560000, 0x00000000e6ab0000)
 concurrent mark-sweep generation total 393216K, used 146964K [0x00000000e8000000, 0x0000000100000000, 0x0000000100000000)
 Metaspace       used 30396K, capacity 30704K, committed 31180K, reserved 1077248K
  class space    used 3547K, capacity 3682K, committed 3788K, reserved 1048576K
}
2015-09-09T15:00:41.764+0200: 208.633: Total time for which application threads were stopped: 0.0065638 seconds, Stopping threads took: 0.0000134 seconds
{Heap before GC invocations=175 (full 6):
 par new generation   total 109248K, used 109248K [0x00000000e0000000, 0x00000000e8000000, 0x00000000e8000000)
  eden space 87424K, 100% used [0x00000000e0000000, 0x00000000e5560000, 0x00000000e5560000)
  from space 21824K, 100% used [0x00000000e6ab0000, 0x00000000e8000000, 0x00000000e8000000)
  to   space 21824K,   0% used [0x00000000e5560000, 0x00000000e5560000, 0x00000000e6ab0000)
 concurrent mark-sweep generation total 393216K, used 146964K [0x00000000e8000000, 0x0000000100000000, 0x0000000100000000)
 Metaspace       used 30396K, capacity 30704K, committed 31180K, reserved 1077248K
  class space    used 3547K, capacity 3682K, committed 3788K, reserved 1048576K
2015-09-09T15:00:42.049+0200: 208.919: [GC (Allocation Failure) 208.919: [ParNew
Desired survivor size 20112992 bytes, new threshold 8 (max 8)
- age   1:    6996512 bytes,    6996512 total
- age   2:    1359112 bytes,    8355624 total
- age   3:    1271920 bytes,    9627544 total
- age   4:    1012344 bytes,   10639888 total
- age   5:    1243872 bytes,   11883760 total
- age   6:     771712 bytes,   12655472 total
- age   7:    3008400 bytes,   15663872 total
- age   8:    3131728 bytes,   18795600 total
: 109248K->21824K(109248K), 0.0073091 secs] 256212K->172252K(502464K), 0.0073542 secs] [Times: user=0.00 sys=0.00, real=0.01 secs] 
Heap after GC invocations=176 (full 6):
 par new generation   total 109248K, used 21824K [0x00000000e0000000, 0x00000000e8000000, 0x00000000e8000000)
  eden space 87424K,   0% used [0x00000000e0000000, 0x00000000e0000000, 0x00000000e5560000)
  from space 21824K, 100% used [0x00000000e5560000, 0x00000000e6ab0000, 0x00000000e6ab0000)
  to   space 21824K,   0% used [0x00000000e6ab0000, 0x00000000e6ab0000, 0x00000000e8000000)
 concurrent mark-sweep generation total 393216K, used 150428K [0x00000000e8000000, 0x0000000100000000, 0x0000000100000000)
 Metaspace       used 30396K, capacity 30704K, committed 31180K, reserved 1077248K
  class space    used 3547K, capacity 3682K, committed 3788K, reserved 1048576K
}
2015-09-09T15:00:42.057+0200: 208.927: Total time for which application threads were stopped: 0.0074998 seconds, Stopping threads took: 0.0000131 seconds
{Heap before GC invocations=176 (full 6):
 par new generation   total 109248K, used 109248K [0x00000000e0000000, 0x00000000e8000000, 0x00000000e8000000)
  eden space 87424K, 100% used [0x00000000e0000000, 0x00000000e5560000, 0x00000000e5560000)
  from space 21824K, 100% used [0x00000000e5560000, 0x00000000e6ab0000, 0x00000000e6ab0000)
  to   space 21824K,   0% used [0x00000000e6ab0000, 0x00000000e6ab0000, 0x00000000e8000000)
 concurrent mark-sweep generation total 393216K, used 150428K [0x00000000e8000000, 0x0000000100000000, 0x0000000100000000)
 Metaspace       used 30396K, capacity 30704K, committed 31180K, reserved 1077248K
  class space    used 3547K, capacity 3682K, committed 3788K, reserved 1048576K
2015-09-09T15:00:42.342+0200: 209.212: [GC (Allocation Failure) 209.212: [ParNew
Desired survivor size 20112992 bytes, new threshold 8 (max 8)
- age   1:    7580656 bytes,    7580656 total
- age   2:    2665104 bytes,   10245760 total
- age   3:    1316024 bytes,   11561784 total
- age   4:    1094136 bytes,   12655920 total
- age   5:     962328 bytes,   13618248 total
- age   6:    1194480 bytes,   14812728 total
- age   7:     756112 bytes,   15568840 total
- age   8:    3281232 bytes,   18850072 total
: 109248K->21824K(109248K), 0.0072521 secs] 259676K->176239K(502464K), 0.0072988 secs] [Times: user=0.00 sys=0.00, real=0.01 secs] 
Heap after GC invocations=177 (full 6):
 par new generation   total 109248K, used 21824K [0x00000000e0000000, 0x00000000e8000000, 0x00000000e8000000)
  eden space 87424K,   0% used [0x00000000e0000000, 0x00000000e0000000, 0x00000000e5560000)
  from space 21824K, 100% used [0x00000000e6ab0000, 0x00000000e8000000, 0x00000000e8000000)
  to   space 21824K,   0% used [0x00000000e5560000, 0x00000000e5560000, 0x00000000e6ab0000)
 concurrent mark-sweep generation total 393216K, used 154415K [0x00000000e8000000, 0x0000000100000000, 0x0000000100000000)
 Metaspace       used 30396K, capacity 30704K, committed 31180K, reserved 1077248K
  class space    used 3547K, capacity 3682K, committed 3788K, reserved 1048576K
}
2015-09-09T15:00:42.350+0200: 209.219: Total time for which application threads were stopped: 0.0074572 seconds, Stopping threads took: 0.0000144 seconds
{Heap before GC invocations=177 (full 6):
 par new generation   total 109248K, used 109248K [0x00000000e0000000, 0x00000000e8000000, 0x00000000e8000000)
  eden space 87424K, 100% used [0x00000000e0000000, 0x00000000e5560000, 0x00000000e5560000)
  from space 21824K, 100% used [0x00000000e6ab0000, 0x00000000e8000000, 0x00000000e8000000)
  to   space 21824K,   0% used [0x00000000e5560000, 0x00000000e5560000, 0x00000000e6ab0000)
 concurrent mark-sweep generation total 393216K, used 154415K [0x00000000e8000000, 0x0000000100000000, 0x0000000100000000)
 Metaspace       used 30396K, capacity 30704K, committed 31180K, reserved 1077248K
  class space    used 3547K, capacity 3682K, committed 3788K, reserved 1048576K
2015-09-09T15:00:42.627+0200: 209.497: [GC (Allocation Failure) 209.497: [ParNew
Desired survivor size 20112992 bytes, new threshold 8 (max 8)
- age   1:    7095040 bytes,    7095040 total
- age   2:    1918784 bytes,    9013824 total
- age   3:    1577600 bytes,   10591424 total
- age   4:    1277992 bytes,   11869416 total
- age   5:    1090392 bytes,   12959808 total
- age   6:     959480 bytes,   13919288 total
- age   7:     992688 bytes,   14911976 total
- age   8:     558512 bytes,   15470488 total
: 109248K->21824K(109248K), 0.0073999 secs] 263663K->182374K(502464K), 0.0074582 secs] [Times: user=0.00 sys=0.00, real=0.01 secs] 
Heap after GC invocations=178 (full 6):
 par new generation   total 109248K, used 21824K [0x00000000e0000000, 0x00000000e8000000, 0x00000000e8000000)
  eden space 87424K,   0% used [0x00000000e0000000, 0x00000000e0000000, 0x00000000e5560000)
  from space 21824K, 100% used [0x00000000e5560000, 0x00000000e6ab0000, 0x00000000e6ab0000)
  to   space 21824K,   0% used [0x00000000e6ab0000, 0x00000000e6ab0000, 0x00000000e8000000)
 concurrent mark-sweep generation total 393216K, used 160550K [0x00000000e8000000, 0x0000000100000000, 0x0000000100000000)
 Metaspace       used 30396K, capacity 30704K, committed 31180K, reserved 1077248K
  class space    used 3547K, capacity 3682K, committed 3788K, reserved 1048576K
}
2015-09-09T15:00:42.634+0200: 209.504: Total time for which application threads were stopped: 0.0076879 seconds, Stopping threads took: 0.0000374 seconds
{Heap before GC invocations=178 (full 6):
 par new generation   total 109248K, used 109248K [0x00000000e0000000, 0x00000000e8000000, 0x00000000e8000000)
  eden space 87424K, 100% used [0x00000000e0000000, 0x00000000e5560000, 0x00000000e5560000)
  from space 21824K, 100% used [0x00000000e5560000, 0x00000000e6ab0000, 0x00000000e6ab0000)
  to   space 21824K,   0% used [0x00000000e6ab0000, 0x00000000e6ab0000, 0x00000000e8000000)
 concurrent mark-sweep generation total 393216K, used 160550K [0x00000000e8000000, 0x0000000100000000, 0x0000000100000000)
 Metaspace       used 30396K, capacity 30704K, committed 31180K, reserved 1077248K
  class space    used 3547K, capacity 3682K, committed 3788K, reserved 1048576K
2015-09-09T15:00:42.919+0200: 209.789: [GC (Allocation Failure) 209.789: [ParNew
Desired survivor size 20112992 bytes, new threshold 8 (max 8)
- age   1:    8510256 bytes,    8510256 total
- age   2:    1728504 bytes,   10238760 total
- age   3:    1909040 bytes,   12147800 total
- age   4:    1555792 bytes,   13703592 total
- age   5:    1254824 bytes,   14958416 total
- age   6:    1085888 bytes,   16044304 total
- age   7:     954064 bytes,   16998368 total
- age   8:     989016 bytes,   17987384 total
: 109248K->21824K(109248K), 0.0079449 secs] 269798K->185309K(502464K), 0.0079890 secs] [Times: user=0.00 sys=0.00, real=0.01 secs] 
Heap after GC invocations=179 (full 6):
 par new generation   total 109248K, used 21824K [0x00000000e0000000, 0x00000000e8000000, 0x00000000e8000000)
  eden space 87424K,   0% used [0x00000000e0000000, 0x00000000e0000000, 0x00000000e5560000)
  from space 21824K, 100% used [0x00000000e6ab0000, 0x00000000e8000000, 0x00000000e8000000)
  to   space 21824K,   0% used [0x00000000e5560000, 0x00000000e5560000, 0x00000000e6ab0000)
 concurrent mark-sweep generation total 393216K, used 163485K [0x00000000e8000000, 0x0000000100000000, 0x0000000100000000)
 Metaspace       used 30396K, capacity 30704K, committed 31180K, reserved 1077248K
  class space    used 3547K, capacity 3682K, committed 3788K, reserved 1048576K
}
2015-09-09T15:00:42.927+0200: 209.797: Total time for which application threads were stopped: 0.0081314 seconds, Stopping threads took: 0.0000144 seconds
{Heap before GC invocations=179 (full 6):
 par new generation   total 109248K, used 109248K [0x00000000e0000000, 0x00000000e8000000, 0x00000000e8000000)
  eden space 87424K, 100% used [0x00000000e0000000, 0x00000000e5560000, 0x00000000e5560000)
  from space 21824K, 100% used [0x00000000e6ab0000, 0x00000000e8000000, 0x00000000e8000000)
  to   space 21824K,   0% used [0x00000000e5560000, 0x00000000e5560000, 0x00000000e6ab0000)
 concurrent mark-sweep generation total 393216K, used 163485K [0x00000000e8000000, 0x0000000100000000, 0x0000000100000000)
 Metaspace       used 30396K, capacity 30704K, committed 31180K, reserved 1077248K
  class space    used 3547K, capacity 3682K, committed 3788K, reserved 1048576K
2015-09-09T15:00:43.212+0200: 210.082: [GC (Allocation Failure) 210.082: [ParNew
Desired survivor size 20112992 bytes, new threshold 8 (max 8)
- age   1:    5258880 bytes,    5258880 total
- age   2:    5518304 bytes,   10777184 total
- age   3:    1601336 bytes,   12378520 total
- age   4:    1606416 bytes,   13984936 total
- age   5:    1378464 bytes,   15363400 total
- age   6:    1183232 bytes,   16546632 total
- age   7:    1060528 bytes,   17607160 total
- age   8:     930368 bytes,   18537528 total
: 109248K->21824K(109248K), 0.0088284 secs] 272733K->188055K(502464K), 0.0088780 secs] [Times: user=0.06 sys=0.00, real=0.01 secs] 
Heap after GC invocations=180 (full 6):
 par new generation   total 109248K, used 21824K [0x00000000e0000000, 0x00000000e8000000, 0x00000000e8000000)
  eden space 87424K,   0% used [0x00000000e0000000, 0x00000000e0000000, 0x00000000e5560000)
  from space 21824K, 100% used [0x00000000e5560000, 0x00000000e6ab0000, 0x00000000e6ab0000)
  to   space 21824K,   0% used [0x00000000e6ab0000, 0x00000000e6ab0000, 0x00000000e8000000)
 concurrent mark-sweep generation total 393216K, used 166231K [0x00000000e8000000, 0x0000000100000000, 0x0000000100000000)
 Metaspace       used 30396K, capacity 30704K, committed 31180K, reserved 1077248K
  class space    used 3547K, capacity 3682K, committed 3788K, reserved 1048576K
}
2015-09-09T15:00:43.221+0200: 210.091: Total time for which application threads were stopped: 0.0090204 seconds, Stopping threads took: 0.0000138 seconds
{Heap before GC invocations=180 (full 6):
 par new generation   total 109248K, used 109248K [0x00000000e0000000, 0x00000000e8000000, 0x00000000e8000000)
  eden space 87424K, 100% used [0x00000000e0000000, 0x00000000e5560000, 0x00000000e5560000)
  from space 21824K, 100% used [0x00000000e5560000, 0x00000000e6ab0000, 0x00000000e6ab0000)
  to   space 21824K,   0% used [0x00000000e6ab0000, 0x00000000e6ab0000, 0x00000000e8000000)
 concurrent mark-sweep generation total 393216K, used 166231K [0x00000000e8000000, 0x0000000100000000, 0x0000000100000000)
 Metaspace       used 30396K, capacity 30704K, committed 31180K, reserved 1077248K
  class space    used 3547K, capacity 3682K, committed 3788K, reserved 1048576K
2015-09-09T15:00:43.496+0200: 210.365: [GC (Allocation Failure) 210.365: [ParNew
Desired survivor size 20112992 bytes, new threshold 8 (max 8)
- age   1:    7777512 bytes,    7777512 total
- age   2:    2959560 bytes,   10737072 total
- age   3:    2344736 bytes,   13081808 total
- age   4:    1531648 bytes,   14613456 total
- age   5:    1279400 bytes,   15892856 total
- age   6:    1289712 bytes,   17182568 total
- age   7:    1113600 bytes,   18296168 total
- age   8:    1014040 bytes,   19310208 total
: 109248K->21824K(109248K), 0.0089129 secs] 275479K->191759K(502464K), 0.0089679 secs] [Times: user=0.00 sys=0.00, real=0.01 secs] 
Heap after GC invocations=181 (full 6):
 par new generation   total 109248K, used 21824K [0x00000000e0000000, 0x00000000e8000000, 0x00000000e8000000)
  eden space 87424K,   0% used [0x00000000e0000000, 0x00000000e0000000, 0x00000000e5560000)
  from space 21824K, 100% used [0x00000000e6ab0000, 0x00000000e8000000, 0x00000000e8000000)
  to   space 21824K,   0% used [0x00000000e5560000, 0x00000000e5560000, 0x00000000e6ab0000)
 concurrent mark-sweep generation total 393216K, used 169935K [0x00000000e8000000, 0x0000000100000000, 0x0000000100000000)
 Metaspace       used 30396K, capacity 30704K, committed 31180K, reserved 1077248K
  class space    used 3547K, capacity 3682K, committed 3788K, reserved 1048576K
}
2015-09-09T15:00:43.505+0200: 210.374: Total time for which application threads were stopped: 0.0091337 seconds, Stopping threads took: 0.0000128 seconds
{Heap before GC invocations=181 (full 6):
 par new generation   total 109248K, used 109248K [0x00000000e0000000, 0x00000000e8000000, 0x00000000e8000000)
  eden space 87424K, 100% used [0x00000000e0000000, 0x00000000e5560000, 0x00000000e5560000)
  from space 21824K, 100% used [0x00000000e6ab0000, 0x00000000e8000000, 0x00000000e8000000)
  to   space 21824K,   0% used [0x00000000e5560000, 0x00000000e5560000, 0x00000000e6ab0000)
 concurrent mark-sweep generation total 393216K, used 169935K [0x00000000e8000000, 0x0000000100000000, 0x0000000100000000)
 Metaspace       used 30396K, capacity 30704K, committed 31180K, reserved 1077248K
  class space    used 3547K, capacity 3682K, committed 3788K, reserved 1048576K
2015-09-09T15:00:43.777+0200: 210.647: [GC (Allocation Failure) 210.647: [ParNew
Desired survivor size 20112992 bytes, new threshold 8 (max 8)
- age   1:    6174608 bytes,    6174608 total
- age   2:    2389040 bytes,    8563648 total
- age   3:    2716344 bytes,   11279992 total
- age   4:    2276496 bytes,   13556488 total
- age   5:    1463472 bytes,   15019960 total
- age   6:    1213088 bytes,   16233048 total
- age   7:    1211824 bytes,   17444872 total
- age   8:    1056952 bytes,   18501824 total
: 109248K->21824K(109248K), 0.0093730 secs] 279183K->197475K(502464K), 0.0094207 secs] [Times: user=0.00 sys=0.00, real=0.01 secs] 
Heap after GC invocations=182 (full 6):
 par new generation   total 109248K, used 21824K [0x00000000e0000000, 0x00000000e8000000, 0x00000000e8000000)
  eden space 87424K,   0% used [0x00000000e0000000, 0x00000000e0000000, 0x00000000e5560000)
  from space 21824K, 100% used [0x00000000e5560000, 0x00000000e6ab0000, 0x00000000e6ab0000)
  to   space 21824K,   0% used [0x00000000e6ab0000, 0x00000000e6ab0000, 0x00000000e8000000)
 concurrent mark-sweep generation total 393216K, used 175651K [0x00000000e8000000, 0x0000000100000000, 0x0000000100000000)
 Metaspace       used 30396K, capacity 30704K, committed 31180K, reserved 1077248K
  class space    used 3547K, capacity 3682K, committed 3788K, reserved 1048576K
}
2015-09-09T15:00:43.786+0200: 210.656: Total time for which application threads were stopped: 0.0095634 seconds, Stopping threads took: 0.0000131 seconds
{Heap before GC invocations=182 (full 6):
 par new generation   total 109248K, used 109248K [0x00000000e0000000, 0x00000000e8000000, 0x00000000e8000000)
  eden space 87424K, 100% used [0x00000000e0000000, 0x00000000e5560000, 0x00000000e5560000)
  from space 21824K, 100% used [0x00000000e5560000, 0x00000000e6ab0000, 0x00000000e6ab0000)
  to   space 21824K,   0% used [0x00000000e6ab0000, 0x00000000e6ab0000, 0x00000000e8000000)
 concurrent mark-sweep generation total 393216K, used 175651K [0x00000000e8000000, 0x0000000100000000, 0x0000000100000000)
 Metaspace       used 30396K, capacity 30704K, committed 31180K, reserved 1077248K
  class space    used 3547K, capacity 3682K, committed 3788K, reserved 1048576K
2015-09-09T15:00:44.100+0200: 210.969: [GC (Allocation Failure) 210.969: [ParNew
Desired survivor size 20112992 bytes, new threshold 8 (max 8)
- age   1:    5368072 bytes,    5368072 total
- age   2:    2580176 bytes,    7948248 total
- age   3:    2345832 bytes,   10294080 total
- age   4:    2676632 bytes,   12970712 total
- age   5:    2224336 bytes,   15195048 total
- age   6:    1425616 bytes,   16620664 total
- age   7:    1172832 bytes,   17793496 total
- age   8:    1189360 bytes,   18982856 total
: 109248K->21824K(109248K), 0.0089986 secs] 284899K->201408K(502464K), 0.0090486 secs] [Times: user=0.06 sys=0.00, real=0.01 secs] 
Heap after GC invocations=183 (full 6):
 par new generation   total 109248K, used 21824K [0x00000000e0000000, 0x00000000e8000000, 0x00000000e8000000)
  eden space 87424K,   0% used [0x00000000e0000000, 0x00000000e0000000, 0x00000000e5560000)
  from space 21824K, 100% used [0x00000000e6ab0000, 0x00000000e8000000, 0x00000000e8000000)
  to   space 21824K,   0% used [0x00000000e5560000, 0x00000000e5560000, 0x00000000e6ab0000)
 concurrent mark-sweep generation total 393216K, used 179584K [0x00000000e8000000, 0x0000000100000000, 0x0000000100000000)
 Metaspace       used 30396K, capacity 30704K, committed 31180K, reserved 1077248K
  class space    used 3547K, capacity 3682K, committed 3788K, reserved 1048576K
}
2015-09-09T15:00:44.109+0200: 210.979: Total time for which application threads were stopped: 0.0091890 seconds, Stopping threads took: 0.0000134 seconds
{Heap before GC invocations=183 (full 6):
 par new generation   total 109248K, used 109248K [0x00000000e0000000, 0x00000000e8000000, 0x00000000e8000000)
  eden space 87424K, 100% used [0x00000000e0000000, 0x00000000e5560000, 0x00000000e5560000)
  from space 21824K, 100% used [0x00000000e6ab0000, 0x00000000e8000000, 0x00000000e8000000)
  to   space 21824K,   0% used [0x00000000e5560000, 0x00000000e5560000, 0x00000000e6ab0000)
 concurrent mark-sweep generation total 393216K, used 179584K [0x00000000e8000000, 0x0000000100000000, 0x0000000100000000)
 Metaspace       used 30396K, capacity 30704K, committed 31180K, reserved 1077248K
  class space    used 3547K, capacity 3682K, committed 3788K, reserved 1048576K
2015-09-09T15:00:44.402+0200: 211.272: [GC (Allocation Failure) 211.272: [ParNew
Desired survivor size 20112992 bytes, new threshold 8 (max 8)
- age   1:    1573296 bytes,    1573296 total
- age   2:    4473560 bytes,    6046856 total
- age   3:    2304400 bytes,    8351256 total
- age   4:    2308360 bytes,   10659616 total
- age   5:    2642424 bytes,   13302040 total
- age   6:    2190136 bytes,   15492176 total
- age   7:    1392008 bytes,   16884184 total
- age   8:    1082312 bytes,   17966496 total
: 109248K->21824K(109248K), 0.0126236 secs] 288832K->211247K(502464K), 0.0126690 secs] [Times: user=0.05 sys=0.00, real=0.01 secs] 
Heap after GC invocations=184 (full 6):
 par new generation   total 109248K, used 21824K [0x00000000e0000000, 0x00000000e8000000, 0x00000000e8000000)
  eden space 87424K,   0% used [0x00000000e0000000, 0x00000000e0000000, 0x00000000e5560000)
  from space 21824K, 100% used [0x00000000e5560000, 0x00000000e6ab0000, 0x00000000e6ab0000)
  to   space 21824K,   0% used [0x00000000e6ab0000, 0x00000000e6ab0000, 0x00000000e8000000)
 concurrent mark-sweep generation total 393216K, used 189423K [0x00000000e8000000, 0x0000000100000000, 0x0000000100000000)
 Metaspace       used 30396K, capacity 30704K, committed 31180K, reserved 1077248K
  class space    used 3547K, capacity 3682K, committed 3788K, reserved 1048576K
}
2015-09-09T15:00:44.415+0200: 211.285: Total time for which application threads were stopped: 0.0128120 seconds, Stopping threads took: 0.0000138 seconds
{Heap before GC invocations=184 (full 6):
 par new generation   total 109248K, used 109248K [0x00000000e0000000, 0x00000000e8000000, 0x00000000e8000000)
  eden space 87424K, 100% used [0x00000000e0000000, 0x00000000e5560000, 0x00000000e5560000)
  from space 21824K, 100% used [0x00000000e5560000, 0x00000000e6ab0000, 0x00000000e6ab0000)
  to   space 21824K,   0% used [0x00000000e6ab0000, 0x00000000e6ab0000, 0x00000000e8000000)
 concurrent mark-sweep generation total 393216K, used 189423K [0x00000000e8000000, 0x0000000100000000, 0x0000000100000000)
 Metaspace       used 30396K, capacity 30704K, committed 31180K, reserved 1077248K
  class space    used 3547K, capacity 3682K, committed 3788K, reserved 1048576K
2015-09-09T15:00:44.732+0200: 211.602: [GC (Allocation Failure) 211.602: [ParNew
Desired survivor size 20112992 bytes, new threshold 8 (max 8)
- age   1:    3369240 bytes,    3369240 total
- age   2:    1267120 bytes,    4636360 total
- age   3:    1887176 bytes,    6523536 total
- age   4:    1229792 bytes,    7753328 total
- age   5:    1210808 bytes,    8964136 total
- age   6:    2071720 bytes,   11035856 total
- age   7:    2179000 bytes,   13214856 total
- age   8:    1379368 bytes,   14594224 total
: 109248K->21824K(109248K), 0.0215022 secs] 298671K->218383K(502464K), 0.0215576 secs] [Times: user=0.05 sys=0.00, real=0.02 secs] 
Heap after GC invocations=185 (full 6):
 par new generation   total 109248K, used 21824K [0x00000000e0000000, 0x00000000e8000000, 0x00000000e8000000)
  eden space 87424K,   0% used [0x00000000e0000000, 0x00000000e0000000, 0x00000000e5560000)
  from space 21824K, 100% used [0x00000000e6ab0000, 0x00000000e8000000, 0x00000000e8000000)
  to   space 21824K,   0% used [0x00000000e5560000, 0x00000000e5560000, 0x00000000e6ab0000)
 concurrent mark-sweep generation total 393216K, used 196559K [0x00000000e8000000, 0x0000000100000000, 0x0000000100000000)
 Metaspace       used 30396K, capacity 30704K, committed 31180K, reserved 1077248K
  class space    used 3547K, capacity 3682K, committed 3788K, reserved 1048576K
}
2015-09-09T15:00:44.753+0200: 211.623: Total time for which application threads were stopped: 0.0217150 seconds, Stopping threads took: 0.0000160 seconds
{Heap before GC invocations=185 (full 6):
 par new generation   total 109248K, used 108476K [0x00000000e0000000, 0x00000000e8000000, 0x00000000e8000000)
  eden space 87424K,  99% used [0x00000000e0000000, 0x00000000e549f060, 0x00000000e5560000)
  from space 21824K, 100% used [0x00000000e6ab0000, 0x00000000e8000000, 0x00000000e8000000)
  to   space 21824K,   0% used [0x00000000e5560000, 0x00000000e5560000, 0x00000000e6ab0000)
 concurrent mark-sweep generation total 393216K, used 196559K [0x00000000e8000000, 0x0000000100000000, 0x0000000100000000)
 Metaspace       used 30396K, capacity 30704K, committed 31180K, reserved 1077248K
  class space    used 3547K, capacity 3682K, committed 3788K, reserved 1048576K
2015-09-09T15:00:45.051+0200: 211.921: [GC (Allocation Failure) 211.921: [ParNew
Desired survivor size 20112992 bytes, new threshold 8 (max 8)
- age   1:    5595912 bytes,    5595912 total
- age   2:    3366256 bytes,    8962168 total
- age   3:    1265104 bytes,   10227272 total
- age   4:    1887176 bytes,   12114448 total
- age   5:    1229792 bytes,   13344240 total
- age   6:    1210808 bytes,   14555048 total
- age   7:    2071720 bytes,   16626768 total
- age   8:    2179000 bytes,   18805768 total
: 108476K->21824K(109248K), 0.0099874 secs] 305035K->220691K(502464K), 0.0100713 secs] [Times: user=0.06 sys=0.00, real=0.01 secs] 
Heap after GC invocations=186 (full 6):
 par new generation   total 109248K, used 21824K [0x00000000e0000000, 0x00000000e8000000, 0x00000000e8000000)
  eden space 87424K,   0% used [0x00000000e0000000, 0x00000000e0000000, 0x00000000e5560000)
  from space 21824K, 100% used [0x00000000e5560000, 0x00000000e6ab0000, 0x00000000e6ab0000)
  to   space 21824K,   0% used [0x00000000e6ab0000, 0x00000000e6ab0000, 0x00000000e8000000)
 concurrent mark-sweep generation total 393216K, used 198867K [0x00000000e8000000, 0x0000000100000000, 0x0000000100000000)
 Metaspace       used 30396K, capacity 30704K, committed 31180K, reserved 1077248K
  class space    used 3547K, capacity 3682K, committed 3788K, reserved 1048576K
}
2015-09-09T15:00:45.061+0200: 211.931: Total time for which application threads were stopped: 0.0102207 seconds, Stopping threads took: 0.0000141 seconds
2015-09-09T15:00:45.061+0200: 211.931: [GC (CMS Initial Mark) [1 CMS-initial-mark: 198867K(393216K)] 221636K(502464K), 0.0017363 secs] [Times: user=0.00 sys=0.00, real=0.00 secs] 
2015-09-09T15:00:45.063+0200: 211.933: Total time for which application threads were stopped: 0.0018697 seconds, Stopping threads took: 0.0000490 seconds
2015-09-09T15:00:45.063+0200: 211.933: [CMS-concurrent-mark-start]
2015-09-09T15:00:45.078+0200: 211.948: [CMS-concurrent-mark: 0.015/0.015 secs] [Times: user=0.06 sys=0.00, real=0.02 secs] 
2015-09-09T15:00:45.079+0200: 211.948: [CMS-concurrent-preclean-start]
2015-09-09T15:00:45.079+0200: 211.949: [CMS-concurrent-preclean: 0.001/0.001 secs] [Times: user=0.00 sys=0.00, real=0.00 secs] 
2015-09-09T15:00:45.079+0200: 211.949: [CMS-concurrent-abortable-preclean-start]
2015-09-09T15:00:45.223+0200: 212.093: [CMS-concurrent-abortable-preclean: 0.143/0.144 secs] [Times: user=0.28 sys=0.00, real=0.14 secs] 
2015-09-09T15:00:45.223+0200: 212.093: [GC (CMS Final Remark) [YG occupancy: 73305 K (109248 K)]{Heap before GC invocations=186 (full 7):
 par new generation   total 109248K, used 73305K [0x00000000e0000000, 0x00000000e8000000, 0x00000000e8000000)
  eden space 87424K,  58% used [0x00000000e0000000, 0x00000000e3246778, 0x00000000e5560000)
  from space 21824K, 100% used [0x00000000e5560000, 0x00000000e6ab0000, 0x00000000e6ab0000)
  to   space 21824K,   0% used [0x00000000e6ab0000, 0x00000000e6ab0000, 0x00000000e8000000)
 concurrent mark-sweep generation total 393216K, used 198867K [0x00000000e8000000, 0x0000000100000000, 0x0000000100000000)
 Metaspace       used 30396K, capacity 30704K, committed 31180K, reserved 1077248K
  class space    used 3547K, capacity 3682K, committed 3788K, reserved 1048576K
2015-09-09T15:00:45.223+0200: 212.093: [GC (CMS Final Remark) 212.093: [ParNew
Desired survivor size 20112992 bytes, new threshold 8 (max 8)
- age   1:    6068888 bytes,    6068888 total
- age   2:    5396456 bytes,   11465344 total
- age   3:    1571328 bytes,   13036672 total
- age   4:    1183976 bytes,   14220648 total
- age   5:    1275568 bytes,   15496216 total
- age   6:    1137456 bytes,   16633672 total
- age   7:    1121608 bytes,   17755280 total
- age   8:    2002496 bytes,   19757776 total
: 73305K->21824K(109248K), 0.0123196 secs] 272173K->226130K(502464K), 0.0123564 secs] [Times: user=0.06 sys=0.00, real=0.01 secs] 
Heap after GC invocations=187 (full 7):
 par new generation   total 109248K, used 21824K [0x00000000e0000000, 0x00000000e8000000, 0x00000000e8000000)
  eden space 87424K,   0% used [0x00000000e0000000, 0x00000000e0000000, 0x00000000e5560000)
  from space 21824K, 100% used [0x00000000e6ab0000, 0x00000000e8000000, 0x00000000e8000000)
  to   space 21824K,   0% used [0x00000000e5560000, 0x00000000e5560000, 0x00000000e6ab0000)
 concurrent mark-sweep generation total 393216K, used 204306K [0x00000000e8000000, 0x0000000100000000, 0x0000000100000000)
 Metaspace       used 30396K, capacity 30704K, committed 31180K, reserved 1077248K
  class space    used 3547K, capacity 3682K, committed 3788K, reserved 1048576K
}
212.105: [Rescan (parallel) , 0.0029209 secs]212.108: [weak refs processing, 0.0006630 secs]212.109: [class unloading, 0.0042172 secs]212.113: [scrub symbol table, 0.0038064 secs]212.117: [scrub string table, 0.0003981 secs][1 CMS-remark: 204306K(393216K)] 226130K(502464K), 0.0249457 secs] [Times: user=0.08 sys=0.00, real=0.02 secs] 
2015-09-09T15:00:45.248+0200: 212.118: Total time for which application threads were stopped: 0.0250442 seconds, Stopping threads took: 0.0000198 seconds
2015-09-09T15:00:45.248+0200: 212.118: [CMS-concurrent-sweep-start]
2015-09-09T15:00:45.279+0200: 212.149: [CMS-concurrent-sweep: 0.031/0.031 secs] [Times: user=0.06 sys=0.00, real=0.03 secs] 
2015-09-09T15:00:45.279+0200: 212.149: [CMS-concurrent-reset-start]
2015-09-09T15:00:45.279+0200: 212.149: [CMS-concurrent-reset: 0.000/0.000 secs] [Times: user=0.00 sys=0.00, real=0.00 secs] 
{Heap before GC invocations=187 (full 7):
 par new generation   total 109248K, used 109248K [0x00000000e0000000, 0x00000000e8000000, 0x00000000e8000000)
  eden space 87424K, 100% used [0x00000000e0000000, 0x00000000e5560000, 0x00000000e5560000)
  from space 21824K, 100% used [0x00000000e6ab0000, 0x00000000e8000000, 0x00000000e8000000)
  to   space 21824K,   0% used [0x00000000e5560000, 0x00000000e5560000, 0x00000000e6ab0000)
 concurrent mark-sweep generation total 393216K, used 112558K [0x00000000e8000000, 0x0000000100000000, 0x0000000100000000)
 Metaspace       used 30396K, capacity 30704K, committed 31180K, reserved 1077248K
  class space    used 3547K, capacity 3682K, committed 3788K, reserved 1048576K
2015-09-09T15:00:45.555+0200: 212.425: [GC (Allocation Failure) 212.425: [ParNew
Desired survivor size 20112992 bytes, new threshold 8 (max 8)
- age   1:    2880224 bytes,    2880224 total
- age   2:    4105568 bytes,    6985792 total
- age   3:    5346640 bytes,   12332432 total
- age   4:    1516072 bytes,   13848504 total
- age   5:    1140296 bytes,   14988800 total
- age   6:    1237024 bytes,   16225824 total
- age   7:    1123208 bytes,   17349032 total
- age   8:    1110680 bytes,   18459712 total
: 109248K->21824K(109248K), 0.0102332 secs] 221806K->138522K(502464K), 0.0102895 secs] [Times: user=0.00 sys=0.00, real=0.01 secs] 
Heap after GC invocations=188 (full 7):
 par new generation   total 109248K, used 21824K [0x00000000e0000000, 0x00000000e8000000, 0x00000000e8000000)
  eden space 87424K,   0% used [0x00000000e0000000, 0x00000000e0000000, 0x00000000e5560000)
  from space 21824K, 100% used [0x00000000e5560000, 0x00000000e6ab0000, 0x00000000e6ab0000)
  to   space 21824K,   0% used [0x00000000e6ab0000, 0x00000000e6ab0000, 0x00000000e8000000)
 concurrent mark-sweep generation total 393216K, used 116698K [0x00000000e8000000, 0x0000000100000000, 0x0000000100000000)
 Metaspace       used 30396K, capacity 30704K, committed 31180K, reserved 1077248K
  class space    used 3547K, capacity 3682K, committed 3788K, reserved 1048576K
}
2015-09-09T15:00:45.565+0200: 212.435: Total time for which application threads were stopped: 0.0104447 seconds, Stopping threads took: 0.0000259 seconds
{Heap before GC invocations=188 (full 7):
 par new generation   total 109248K, used 108924K [0x00000000e0000000, 0x00000000e8000000, 0x00000000e8000000)
  eden space 87424K,  99% used [0x00000000e0000000, 0x00000000e550f2c8, 0x00000000e5560000)
  from space 21824K, 100% used [0x00000000e5560000, 0x00000000e6ab0000, 0x00000000e6ab0000)
  to   space 21824K,   0% used [0x00000000e6ab0000, 0x00000000e6ab0000, 0x00000000e8000000)
 concurrent mark-sweep generation total 393216K, used 116698K [0x00000000e8000000, 0x0000000100000000, 0x0000000100000000)
 Metaspace       used 30396K, capacity 30704K, committed 31180K, reserved 1077248K
  class space    used 3547K, capacity 3682K, committed 3788K, reserved 1048576K
2015-09-09T15:00:45.855+0200: 212.725: [GC (Allocation Failure) 212.725: [ParNew
Desired survivor size 20112992 bytes, new threshold 8 (max 8)
- age   1:    6952040 bytes,    6952040 total
- age   2:    2787904 bytes,    9739944 total
- age   3:    1217136 bytes,   10957080 total
- age   4:    2812816 bytes,   13769896 total
- age   5:    1492904 bytes,   15262800 total
- age   6:    1133368 bytes,   16396168 total
- age   7:    1195496 bytes,   17591664 total
- age   8:    1111744 bytes,   18703408 total
: 108924K->21824K(109248K), 0.0109321 secs] 225622K->142227K(502464K), 0.0109865 secs] [Times: user=0.05 sys=0.00, real=0.01 secs] 
Heap after GC invocations=189 (full 7):
 par new generation   total 109248K, used 21824K [0x00000000e0000000, 0x00000000e8000000, 0x00000000e8000000)
  eden space 87424K,   0% used [0x00000000e0000000, 0x00000000e0000000, 0x00000000e5560000)
  from space 21824K, 100% used [0x00000000e6ab0000, 0x00000000e8000000, 0x00000000e8000000)
  to   space 21824K,   0% used [0x00000000e5560000, 0x00000000e5560000, 0x00000000e6ab0000)
 concurrent mark-sweep generation total 393216K, used 120403K [0x00000000e8000000, 0x0000000100000000, 0x0000000100000000)
 Metaspace       used 30396K, capacity 30704K, committed 31180K, reserved 1077248K
  class space    used 3547K, capacity 3682K, committed 3788K, reserved 1048576K
}
2015-09-09T15:00:45.866+0200: 212.736: Total time for which application threads were stopped: 0.0111394 seconds, Stopping threads took: 0.0000224 seconds
{Heap before GC invocations=189 (full 7):
 par new generation   total 109248K, used 109248K [0x00000000e0000000, 0x00000000e8000000, 0x00000000e8000000)
  eden space 87424K, 100% used [0x00000000e0000000, 0x00000000e5560000, 0x00000000e5560000)
  from space 21824K, 100% used [0x00000000e6ab0000, 0x00000000e8000000, 0x00000000e8000000)
  to   space 21824K,   0% used [0x00000000e5560000, 0x00000000e5560000, 0x00000000e6ab0000)
 concurrent mark-sweep generation total 393216K, used 120403K [0x00000000e8000000, 0x0000000100000000, 0x0000000100000000)
 Metaspace       used 30396K, capacity 30704K, committed 31180K, reserved 1077248K
  class space    used 3547K, capacity 3682K, committed 3788K, reserved 1048576K
2015-09-09T15:00:46.161+0200: 213.031: [GC (Allocation Failure) 213.031: [ParNew
Desired survivor size 20112992 bytes, new threshold 8 (max 8)
- age   1:    3028816 bytes,    3028816 total
- age   2:    4735704 bytes,    7764520 total
- age   3:    2381448 bytes,   10145968 total
- age   4:    1157960 bytes,   11303928 total
- age   5:    2710696 bytes,   14014624 total
- age   6:    1430008 bytes,   15444632 total
- age   7:    1111280 bytes,   16555912 total
- age   8:    1165808 bytes,   17721720 total
: 109248K->21824K(109248K), 0.0155183 secs] 229651K->153101K(502464K), 0.0155749 secs] [Times: user=0.01 sys=0.00, real=0.02 secs] 
Heap after GC invocations=190 (full 7):
 par new generation   total 109248K, used 21824K [0x00000000e0000000, 0x00000000e8000000, 0x00000000e8000000)
  eden space 87424K,   0% used [0x00000000e0000000, 0x00000000e0000000, 0x00000000e5560000)
  from space 21824K, 100% used [0x00000000e5560000, 0x00000000e6ab0000, 0x00000000e6ab0000)
  to   space 21824K,   0% used [0x00000000e6ab0000, 0x00000000e6ab0000, 0x00000000e8000000)
 concurrent mark-sweep generation total 393216K, used 131277K [0x00000000e8000000, 0x0000000100000000, 0x0000000100000000)
 Metaspace       used 30396K, capacity 30704K, committed 31180K, reserved 1077248K
  class space    used 3547K, capacity 3682K, committed 3788K, reserved 1048576K
}
2015-09-09T15:00:46.177+0200: 213.046: Total time for which application threads were stopped: 0.0157368 seconds, Stopping threads took: 0.0000134 seconds
{Heap before GC invocations=190 (full 7):
 par new generation   total 109248K, used 109248K [0x00000000e0000000, 0x00000000e8000000, 0x00000000e8000000)
  eden space 87424K, 100% used [0x00000000e0000000, 0x00000000e5560000, 0x00000000e5560000)
  from space 21824K, 100% used [0x00000000e5560000, 0x00000000e6ab0000, 0x00000000e6ab0000)
  to   space 21824K,   0% used [0x00000000e6ab0000, 0x00000000e6ab0000, 0x00000000e8000000)
 concurrent mark-sweep generation total 393216K, used 131277K [0x00000000e8000000, 0x0000000100000000, 0x0000000100000000)
 Metaspace       used 30396K, capacity 30704K, committed 31180K, reserved 1077248K
  class space    used 3547K, capacity 3682K, committed 3788K, reserved 1048576K
2015-09-09T15:00:46.480+0200: 213.350: [GC (Allocation Failure) 213.350: [ParNew
Desired survivor size 20112992 bytes, new threshold 8 (max 8)
- age   1:    3949560 bytes,    3949560 total
- age   2:    2769552 bytes,    6719112 total
- age   3:    2363600 bytes,    9082712 total
- age   4:    2310664 bytes,   11393376 total
- age   5:    1140688 bytes,   12534064 total
- age   6:    2677400 bytes,   15211464 total
- age   7:    1398648 bytes,   16610112 total
- age   8:    1067432 bytes,   17677544 total
: 109248K->21824K(109248K), 0.0093494 secs] 240525K->157050K(502464K), 0.0093919 secs] [Times: user=0.00 sys=0.00, real=0.01 secs] 
Heap after GC invocations=191 (full 7):
 par new generation   total 109248K, used 21824K [0x00000000e0000000, 0x00000000e8000000, 0x00000000e8000000)
  eden space 87424K,   0% used [0x00000000e0000000, 0x00000000e0000000, 0x00000000e5560000)
  from space 21824K, 100% used [0x00000000e6ab0000, 0x00000000e8000000, 0x00000000e8000000)
  to   space 21824K,   0% used [0x00000000e5560000, 0x00000000e5560000, 0x00000000e6ab0000)
 concurrent mark-sweep generation total 393216K, used 135226K [0x00000000e8000000, 0x0000000100000000, 0x0000000100000000)
 Metaspace       used 30396K, capacity 30704K, committed 31180K, reserved 1077248K
  class space    used 3547K, capacity 3682K, committed 3788K, reserved 1048576K
}
2015-09-09T15:00:46.490+0200: 213.360: Total time for which application threads were stopped: 0.0095330 seconds, Stopping threads took: 0.0000138 seconds
{Heap before GC invocations=191 (full 7):
 par new generation   total 109248K, used 109248K [0x00000000e0000000, 0x00000000e8000000, 0x00000000e8000000)
  eden space 87424K, 100% used [0x00000000e0000000, 0x00000000e5560000, 0x00000000e5560000)
  from space 21824K, 100% used [0x00000000e6ab0000, 0x00000000e8000000, 0x00000000e8000000)
  to   space 21824K,   0% used [0x00000000e5560000, 0x00000000e5560000, 0x00000000e6ab0000)
 concurrent mark-sweep generation total 393216K, used 135226K [0x00000000e8000000, 0x0000000100000000, 0x0000000100000000)
 Metaspace       used 30396K, capacity 30704K, committed 31180K, reserved 1077248K
  class space    used 3547K, capacity 3682K, committed 3788K, reserved 1048576K
2015-09-09T15:00:46.823+0200: 213.693: [GC (Allocation Failure) 213.693: [ParNew
Desired survivor size 20112992 bytes, new threshold 8 (max 8)
- age   1:    2722568 bytes,    2722568 total
- age   2:    3435360 bytes,    6157928 total
- age   3:    1743592 bytes,    7901520 total
- age   4:    1212616 bytes,    9114136 total
- age   5:    1191712 bytes,   10305848 total
- age   6:     580448 bytes,   10886296 total
- age   7:    1787464 bytes,   12673760 total
- age   8:    1388712 bytes,   14062472 total
: 109248K->21824K(109248K), 0.0284343 secs] 244474K->168384K(502464K), 0.0284826 secs] [Times: user=0.09 sys=0.00, real=0.03 secs] 
Heap after GC invocations=192 (full 7):
 par new generation   total 109248K, used 21824K [0x00000000e0000000, 0x00000000e8000000, 0x00000000e8000000)
  eden space 87424K,   0% used [0x00000000e0000000, 0x00000000e0000000, 0x00000000e5560000)
  from space 21824K, 100% used [0x00000000e5560000, 0x00000000e6ab0000, 0x00000000e6ab0000)
  to   space 21824K,   0% used [0x00000000e6ab0000, 0x00000000e6ab0000, 0x00000000e8000000)
 concurrent mark-sweep generation total 393216K, used 146560K [0x00000000e8000000, 0x0000000100000000, 0x0000000100000000)
 Metaspace       used 30396K, capacity 30704K, committed 31180K, reserved 1077248K
  class space    used 3547K, capacity 3682K, committed 3788K, reserved 1048576K
}
2015-09-09T15:00:46.852+0200: 213.722: Total time for which application threads were stopped: 0.0286385 seconds, Stopping threads took: 0.0000240 seconds
{Heap before GC invocations=192 (full 7):
 par new generation   total 109248K, used 109248K [0x00000000e0000000, 0x00000000e8000000, 0x00000000e8000000)
  eden space 87424K, 100% used [0x00000000e0000000, 0x00000000e5560000, 0x00000000e5560000)
  from space 21824K, 100% used [0x00000000e5560000, 0x00000000e6ab0000, 0x00000000e6ab0000)
  to   space 21824K,   0% used [0x00000000e6ab0000, 0x00000000e6ab0000, 0x00000000e8000000)
 concurrent mark-sweep generation total 393216K, used 146560K [0x00000000e8000000, 0x0000000100000000, 0x0000000100000000)
 Metaspace       used 30396K, capacity 30704K, committed 31180K, reserved 1077248K
  class space    used 3547K, capacity 3682K, committed 3788K, reserved 1048576K
2015-09-09T15:00:47.139+0200: 214.008: [GC (Allocation Failure) 214.008: [ParNew
Desired survivor size 20112992 bytes, new threshold 8 (max 8)
- age   1:    7568712 bytes,    7568712 total
- age   2:    2197976 bytes,    9766688 total
- age   3:    3435360 bytes,   13202048 total
- age   4:    1739968 bytes,   14942016 total
- age   5:    1212616 bytes,   16154632 total
- age   6:    1191712 bytes,   17346344 total
- age   7:     580448 bytes,   17926792 total
- age   8:    1787464 bytes,   19714256 total
: 109248K->21824K(109248K), 0.0093471 secs] 255808K->173858K(502464K), 0.0094156 secs] [Times: user=0.06 sys=0.00, real=0.01 secs] 
Heap after GC invocations=193 (full 7):
 par new generation   total 109248K, used 21824K [0x00000000e0000000, 0x00000000e8000000, 0x00000000e8000000)
  eden space 87424K,   0% used [0x00000000e0000000, 0x00000000e0000000, 0x00000000e5560000)
  from space 21824K, 100% used [0x00000000e6ab0000, 0x00000000e8000000, 0x00000000e8000000)
  to   space 21824K,   0% used [0x00000000e5560000, 0x00000000e5560000, 0x00000000e6ab0000)
 concurrent mark-sweep generation total 393216K, used 152034K [0x00000000e8000000, 0x0000000100000000, 0x0000000100000000)
 Metaspace       used 30396K, capacity 30704K, committed 31180K, reserved 1077248K
  class space    used 3547K, capacity 3682K, committed 3788K, reserved 1048576K
}
2015-09-09T15:00:47.148+0200: 214.018: Total time for which application threads were stopped: 0.0096422 seconds, Stopping threads took: 0.0000336 seconds
{Heap before GC invocations=193 (full 7):
 par new generation   total 109248K, used 109248K [0x00000000e0000000, 0x00000000e8000000, 0x00000000e8000000)
  eden space 87424K, 100% used [0x00000000e0000000, 0x00000000e5560000, 0x00000000e5560000)
  from space 21824K, 100% used [0x00000000e6ab0000, 0x00000000e8000000, 0x00000000e8000000)
  to   space 21824K,   0% used [0x00000000e5560000, 0x00000000e5560000, 0x00000000e6ab0000)
 concurrent mark-sweep generation total 393216K, used 152034K [0x00000000e8000000, 0x0000000100000000, 0x0000000100000000)
 Metaspace       used 30396K, capacity 30704K, committed 31180K, reserved 1077248K
  class space    used 3547K, capacity 3682K, committed 3788K, reserved 1048576K
2015-09-09T15:00:47.448+0200: 214.317: [GC (Allocation Failure) 214.317: [ParNew
Desired survivor size 20112992 bytes, new threshold 8 (max 8)
- age   1:    6561136 bytes,    6561136 total
- age   2:    2668056 bytes,    9229192 total
- age   3:    2197976 bytes,   11427168 total
- age   4:    1552272 bytes,   12979440 total
- age   5:    1739968 bytes,   14719408 total
- age   6:    1212616 bytes,   15932024 total
- age   7:    1191712 bytes,   17123736 total
- age   8:     580448 bytes,   17704184 total
: 109248K->21824K(109248K), 0.0099567 secs] 261282K->180400K(502464K), 0.0100236 secs] [Times: user=0.00 sys=0.00, real=0.01 secs] 
Heap after GC invocations=194 (full 7):
 par new generation   total 109248K, used 21824K [0x00000000e0000000, 0x00000000e8000000, 0x00000000e8000000)
  eden space 87424K,   0% used [0x00000000e0000000, 0x00000000e0000000, 0x00000000e5560000)
  from space 21824K, 100% used [0x00000000e5560000, 0x00000000e6ab0000, 0x00000000e6ab0000)
  to   space 21824K,   0% used [0x00000000e6ab0000, 0x00000000e6ab0000, 0x00000000e8000000)
 concurrent mark-sweep generation total 393216K, used 158576K [0x00000000e8000000, 0x0000000100000000, 0x0000000100000000)
 Metaspace       used 30396K, capacity 30704K, committed 31180K, reserved 1077248K
  class space    used 3547K, capacity 3682K, committed 3788K, reserved 1048576K
}
2015-09-09T15:00:47.458+0200: 214.327: Total time for which application threads were stopped: 0.0101698 seconds, Stopping threads took: 0.0000134 seconds
{Heap before GC invocations=194 (full 7):
 par new generation   total 109248K, used 109248K [0x00000000e0000000, 0x00000000e8000000, 0x00000000e8000000)
  eden space 87424K, 100% used [0x00000000e0000000, 0x00000000e5560000, 0x00000000e5560000)
  from space 21824K, 100% used [0x00000000e5560000, 0x00000000e6ab0000, 0x00000000e6ab0000)
  to   space 21824K,   0% used [0x00000000e6ab0000, 0x00000000e6ab0000, 0x00000000e8000000)
 concurrent mark-sweep generation total 393216K, used 158576K [0x00000000e8000000, 0x0000000100000000, 0x0000000100000000)
 Metaspace       used 30396K, capacity 30704K, committed 31180K, reserved 1077248K
  class space    used 3547K, capacity 3682K, committed 3788K, reserved 1048576K
2015-09-09T15:00:47.771+0200: 214.640: [GC (Allocation Failure) 214.640: [ParNew
Desired survivor size 20112992 bytes, new threshold 8 (max 8)
- age   1:    2418704 bytes,    2418704 total
- age   2:    4137952 bytes,    6556656 total
- age   3:    1541056 bytes,    8097712 total
- age   4:    1433112 bytes,    9530824 total
- age   5:    1543648 bytes,   11074472 total
- age   6:    1725440 bytes,   12799912 total
- age   7:    1170408 bytes,   13970320 total
- age   8:    1156544 bytes,   15126864 total
: 109248K->21824K(109248K), 0.0102767 secs] 267824K->185774K(502464K), 0.0103282 secs] [Times: user=0.00 sys=0.00, real=0.01 secs] 
Heap after GC invocations=195 (full 7):
 par new generation   total 109248K, used 21824K [0x00000000e0000000, 0x00000000e8000000, 0x00000000e8000000)
  eden space 87424K,   0% used [0x00000000e0000000, 0x00000000e0000000, 0x00000000e5560000)
  from space 21824K, 100% used [0x00000000e6ab0000, 0x00000000e8000000, 0x00000000e8000000)
  to   space 21824K,   0% used [0x00000000e5560000, 0x00000000e5560000, 0x00000000e6ab0000)
 concurrent mark-sweep generation total 393216K, used 163950K [0x00000000e8000000, 0x0000000100000000, 0x0000000100000000)
 Metaspace       used 30396K, capacity 30704K, committed 31180K, reserved 1077248K
  class space    used 3547K, capacity 3682K, committed 3788K, reserved 1048576K
}
2015-09-09T15:00:47.781+0200: 214.650: Total time for which application threads were stopped: 0.0104773 seconds, Stopping threads took: 0.0000240 seconds
{Heap before GC invocations=195 (full 7):
 par new generation   total 109248K, used 109248K [0x00000000e0000000, 0x00000000e8000000, 0x00000000e8000000)
  eden space 87424K, 100% used [0x00000000e0000000, 0x00000000e5560000, 0x00000000e5560000)
  from space 21824K, 100% used [0x00000000e6ab0000, 0x00000000e8000000, 0x00000000e8000000)
  to   space 21824K,   0% used [0x00000000e5560000, 0x00000000e5560000, 0x00000000e6ab0000)
 concurrent mark-sweep generation total 393216K, used 163950K [0x00000000e8000000, 0x0000000100000000, 0x0000000100000000)
 Metaspace       used 30396K, capacity 30704K, committed 31180K, reserved 1077248K
  class space    used 3547K, capacity 3682K, committed 3788K, reserved 1048576K
2015-09-09T15:00:48.087+0200: 214.956: [GC (Allocation Failure) 214.956: [ParNew
Desired survivor size 20112992 bytes, new threshold 8 (max 8)
- age   1:    6918448 bytes,    6918448 total
- age   2:    2208752 bytes,    9127200 total
- age   3:    4223320 bytes,   13350520 total
- age   4:    1290776 bytes,   14641296 total
- age   5:    1259536 bytes,   15900832 total
- age   6:    1360544 bytes,   17261376 total
- age   7:    1546792 bytes,   18808168 total
- age   8:    1024968 bytes,   19833136 total
: 109248K->21824K(109248K), 0.0116549 secs] 273198K->196433K(502464K), 0.0117298 secs] [Times: user=0.05 sys=0.01, real=0.01 secs] 
Heap after GC invocations=196 (full 7):
 par new generation   total 109248K, used 21824K [0x00000000e0000000, 0x00000000e8000000, 0x00000000e8000000)
  eden space 87424K,   0% used [0x00000000e0000000, 0x00000000e0000000, 0x00000000e5560000)
  from space 21824K, 100% used [0x00000000e5560000, 0x00000000e6ab0000, 0x00000000e6ab0000)
  to   space 21824K,   0% used [0x00000000e6ab0000, 0x00000000e6ab0000, 0x00000000e8000000)
 concurrent mark-sweep generation total 393216K, used 174609K [0x00000000e8000000, 0x0000000100000000, 0x0000000100000000)
 Metaspace       used 30396K, capacity 30704K, committed 31180K, reserved 1077248K
  class space    used 3547K, capacity 3682K, committed 3788K, reserved 1048576K
}
2015-09-09T15:00:48.099+0200: 214.968: Total time for which application threads were stopped: 0.0118940 seconds, Stopping threads took: 0.0000144 seconds
{Heap before GC invocations=196 (full 7):
 par new generation   total 109248K, used 109248K [0x00000000e0000000, 0x00000000e8000000, 0x00000000e8000000)
  eden space 87424K, 100% used [0x00000000e0000000, 0x00000000e5560000, 0x00000000e5560000)
  from space 21824K, 100% used [0x00000000e5560000, 0x00000000e6ab0000, 0x00000000e6ab0000)
  to   space 21824K,   0% used [0x00000000e6ab0000, 0x00000000e6ab0000, 0x00000000e8000000)
 concurrent mark-sweep generation total 393216K, used 174609K [0x00000000e8000000, 0x0000000100000000, 0x0000000100000000)
 Metaspace       used 30396K, capacity 30704K, committed 31180K, reserved 1077248K
  class space    used 3547K, capacity 3682K, committed 3788K, reserved 1048576K
2015-09-09T15:00:48.401+0200: 215.270: [GC (Allocation Failure) 215.270: [ParNew
Desired survivor size 20112992 bytes, new threshold 8 (max 8)
- age   1:    2784792 bytes,    2784792 total
- age   2:    5774400 bytes,    8559192 total
- age   3:    2208464 bytes,   10767656 total
- age   4:    1575352 bytes,   12343008 total
- age   5:    1225008 bytes,   13568016 total
- age   6:    1259440 bytes,   14827456 total
- age   7:    1360400 bytes,   16187856 total
- age   8:    1546640 bytes,   17734496 total
: 109248K->21824K(109248K), 0.0109561 secs] 283857K->202802K(502464K), 0.0110009 secs] [Times: user=0.06 sys=0.00, real=0.01 secs] 
Heap after GC invocations=197 (full 7):
 par new generation   total 109248K, used 21824K [0x00000000e0000000, 0x00000000e8000000, 0x00000000e8000000)
  eden space 87424K,   0% used [0x00000000e0000000, 0x00000000e0000000, 0x00000000e5560000)
  from space 21824K, 100% used [0x00000000e6ab0000, 0x00000000e8000000, 0x00000000e8000000)
  to   space 21824K,   0% used [0x00000000e5560000, 0x00000000e5560000, 0x00000000e6ab0000)
 concurrent mark-sweep generation total 393216K, used 180978K [0x00000000e8000000, 0x0000000100000000, 0x0000000100000000)
 Metaspace       used 30396K, capacity 30704K, committed 31180K, reserved 1077248K
  class space    used 3547K, capacity 3682K, committed 3788K, reserved 1048576K
}
2015-09-09T15:00:48.412+0200: 215.281: Total time for which application threads were stopped: 0.0111541 seconds, Stopping threads took: 0.0000234 seconds
{Heap before GC invocations=197 (full 7):
 par new generation   total 109248K, used 109248K [0x00000000e0000000, 0x00000000e8000000, 0x00000000e8000000)
  eden space 87424K, 100% used [0x00000000e0000000, 0x00000000e5560000, 0x00000000e5560000)
  from space 21824K, 100% used [0x00000000e6ab0000, 0x00000000e8000000, 0x00000000e8000000)
  to   space 21824K,   0% used [0x00000000e5560000, 0x00000000e5560000, 0x00000000e6ab0000)
 concurrent mark-sweep generation total 393216K, used 180978K [0x00000000e8000000, 0x0000000100000000, 0x0000000100000000)
 Metaspace       used 30396K, capacity 30704K, committed 31180K, reserved 1077248K
  class space    used 3547K, capacity 3682K, committed 3788K, reserved 1048576K
2015-09-09T15:00:48.723+0200: 215.592: [GC (Allocation Failure) 215.592: [ParNew
Desired survivor size 20112992 bytes, new threshold 8 (max 8)
- age   1:    2838352 bytes,    2838352 total
- age   2:    2745992 bytes,    5584344 total
- age   3:    4714240 bytes,   10298584 total
- age   4:    2189424 bytes,   12488008 total
- age   5:    1562696 bytes,   14050704 total
- age   6:    1212120 bytes,   15262824 total
- age   7:    1248144 bytes,   16510968 total
- age   8:    1349088 bytes,   17860056 total
: 109248K->21824K(109248K), 0.0109330 secs] 290226K->205508K(502464K), 0.0109817 secs] [Times: user=0.00 sys=0.00, real=0.01 secs] 
Heap after GC invocations=198 (full 7):
 par new generation   total 109248K, used 21824K [0x00000000e0000000, 0x00000000e8000000, 0x00000000e8000000)
  eden space 87424K,   0% used [0x00000000e0000000, 0x00000000e0000000, 0x00000000e5560000)
  from space 21824K, 100% used [0x00000000e5560000, 0x00000000e6ab0000, 0x00000000e6ab0000)
  to   space 21824K,   0% used [0x00000000e6ab0000, 0x00000000e6ab0000, 0x00000000e8000000)
 concurrent mark-sweep generation total 393216K, used 183684K [0x00000000e8000000, 0x0000000100000000, 0x0000000100000000)
 Metaspace       used 30396K, capacity 30704K, committed 31180K, reserved 1077248K
  class space    used 3547K, capacity 3682K, committed 3788K, reserved 1048576K
}
2015-09-09T15:00:48.734+0200: 215.603: Total time for which application threads were stopped: 0.0111257 seconds, Stopping threads took: 0.0000150 seconds
{Heap before GC invocations=198 (full 7):
 par new generation   total 109248K, used 109248K [0x00000000e0000000, 0x00000000e8000000, 0x00000000e8000000)
  eden space 87424K, 100% used [0x00000000e0000000, 0x00000000e5560000, 0x00000000e5560000)
  from space 21824K, 100% used [0x00000000e5560000, 0x00000000e6ab0000, 0x00000000e6ab0000)
  to   space 21824K,   0% used [0x00000000e6ab0000, 0x00000000e6ab0000, 0x00000000e8000000)
 concurrent mark-sweep generation total 393216K, used 183684K [0x00000000e8000000, 0x0000000100000000, 0x0000000100000000)
 Metaspace       used 30396K, capacity 30704K, committed 31180K, reserved 1077248K
  class space    used 3547K, capacity 3682K, committed 3788K, reserved 1048576K
2015-09-09T15:00:49.043+0200: 215.912: [GC (Allocation Failure) 215.912: [ParNew
Desired survivor size 20112992 bytes, new threshold 8 (max 8)
- age   1:    3600104 bytes,    3600104 total
- age   2:    2836888 bytes,    6436992 total
- age   3:    2745992 bytes,    9182984 total
- age   4:    4714240 bytes,   13897224 total
- age   5:    1362856 bytes,   15260080 total
- age   6:    1562696 bytes,   16822776 total
- age   7:    1212120 bytes,   18034896 total
- age   8:    1248144 bytes,   19283040 total
: 109248K->21824K(109248K), 0.0112620 secs] 292932K->206852K(502464K), 0.0113068 secs] [Times: user=0.06 sys=0.00, real=0.01 secs] 
Heap after GC invocations=199 (full 7):
 par new generation   total 109248K, used 21824K [0x00000000e0000000, 0x00000000e8000000, 0x00000000e8000000)
  eden space 87424K,   0% used [0x00000000e0000000, 0x00000000e0000000, 0x00000000e5560000)
  from space 21824K, 100% used [0x00000000e6ab0000, 0x00000000e8000000, 0x00000000e8000000)
  to   space 21824K,   0% used [0x00000000e5560000, 0x00000000e5560000, 0x00000000e6ab0000)
 concurrent mark-sweep generation total 393216K, used 185028K [0x00000000e8000000, 0x0000000100000000, 0x0000000100000000)
 Metaspace       used 30396K, capacity 30704K, committed 31180K, reserved 1077248K
  class space    used 3547K, capacity 3682K, committed 3788K, reserved 1048576K
}
2015-09-09T15:00:49.054+0200: 215.923: Total time for which application threads were stopped: 0.0114681 seconds, Stopping threads took: 0.0000240 seconds
{Heap before GC invocations=199 (full 7):
 par new generation   total 109248K, used 109248K [0x00000000e0000000, 0x00000000e8000000, 0x00000000e8000000)
  eden space 87424K, 100% used [0x00000000e0000000, 0x00000000e5560000, 0x00000000e5560000)
  from space 21824K, 100% used [0x00000000e6ab0000, 0x00000000e8000000, 0x00000000e8000000)
  to   space 21824K,   0% used [0x00000000e5560000, 0x00000000e5560000, 0x00000000e6ab0000)
 concurrent mark-sweep generation total 393216K, used 185028K [0x00000000e8000000, 0x0000000100000000, 0x0000000100000000)
 Metaspace       used 30396K, capacity 30704K, committed 31180K, reserved 1077248K
  class space    used 3547K, capacity 3682K, committed 3788K, reserved 1048576K
2015-09-09T15:00:49.318+0200: 216.187: [GC (Allocation Failure) 216.187: [ParNew
Desired survivor size 20112992 bytes, new threshold 8 (max 8)
- age   1:    6745264 bytes,    6745264 total
- age   2:    3111912 bytes,    9857176 total
- age   3:    2750824 bytes,   12608000 total
- age   4:    1773480 bytes,   14381480 total
- age   5:    2553192 bytes,   16934672 total
- age   6:    1295088 bytes,   18229760 total
- age   7:    1497928 bytes,   19727688 total
- age   8:    1149560 bytes,   20877248 total
: 109248K->21824K(109248K), 0.0238699 secs] 294276K->222427K(502464K), 0.0239217 secs] [Times: user=0.05 sys=0.00, real=0.02 secs] 
Heap after GC invocations=200 (full 7):
 par new generation   total 109248K, used 21824K [0x00000000e0000000, 0x00000000e8000000, 0x00000000e8000000)
  eden space 87424K,   0% used [0x00000000e0000000, 0x00000000e0000000, 0x00000000e5560000)
  from space 21824K, 100% used [0x00000000e5560000, 0x00000000e6ab0000, 0x00000000e6ab0000)
  to   space 21824K,   0% used [0x00000000e6ab0000, 0x00000000e6ab0000, 0x00000000e8000000)
 concurrent mark-sweep generation total 393216K, used 200603K [0x00000000e8000000, 0x0000000100000000, 0x0000000100000000)
 Metaspace       used 30396K, capacity 30704K, committed 31180K, reserved 1077248K
  class space    used 3547K, capacity 3682K, committed 3788K, reserved 1048576K
}
2015-09-09T15:00:49.342+0200: 216.211: Total time for which application threads were stopped: 0.0240654 seconds, Stopping threads took: 0.0000141 seconds
2015-09-09T15:00:49.343+0200: 216.212: [GC (CMS Initial Mark) [1 CMS-initial-mark: 200603K(393216K)] 224175K(502464K), 0.0014173 secs] [Times: user=0.03 sys=0.00, real=0.00 secs] 
2015-09-09T15:00:49.344+0200: 216.213: Total time for which application threads were stopped: 0.0015280 seconds, Stopping threads took: 0.0000336 seconds
2015-09-09T15:00:49.344+0200: 216.213: [CMS-concurrent-mark-start]
2015-09-09T15:00:49.368+0200: 216.237: [CMS-concurrent-mark: 0.024/0.024 secs] [Times: user=0.06 sys=0.00, real=0.02 secs] 
2015-09-09T15:00:49.368+0200: 216.237: [CMS-concurrent-preclean-start]
2015-09-09T15:00:49.369+0200: 216.238: [CMS-concurrent-preclean: 0.001/0.001 secs] [Times: user=0.00 sys=0.00, real=0.00 secs] 
2015-09-09T15:00:49.369+0200: 216.238: [GC (CMS Final Remark) [YG occupancy: 23572 K (109248 K)]{Heap before GC invocations=200 (full 8):
 par new generation   total 109248K, used 23572K [0x00000000e0000000, 0x00000000e8000000, 0x00000000e8000000)
  eden space 87424K,   1% used [0x00000000e0000000, 0x00000000e01b50c0, 0x00000000e5560000)
  from space 21824K, 100% used [0x00000000e5560000, 0x00000000e6ab0000, 0x00000000e6ab0000)
  to   space 21824K,   0% used [0x00000000e6ab0000, 0x00000000e6ab0000, 0x00000000e8000000)
 concurrent mark-sweep generation total 393216K, used 200603K [0x00000000e8000000, 0x0000000100000000, 0x0000000100000000)
 Metaspace       used 30396K, capacity 30704K, committed 31180K, reserved 1077248K
  class space    used 3547K, capacity 3682K, committed 3788K, reserved 1048576K
2015-09-09T15:00:49.369+0200: 216.238: [GC (CMS Final Remark) 216.238: [ParNew
Desired survivor size 20112992 bytes, new threshold 8 (max 8)
- age   1:       2240 bytes,       2240 total
- age   2:    6703624 bytes,    6705864 total
- age   3:    2520040 bytes,    9225904 total
- age   4:    2587904 bytes,   11813808 total
- age   5:    1756408 bytes,   13570216 total
- age   6:    1161960 bytes,   14732176 total
- age   7:    1279400 bytes,   16011576 total
- age   8:    1482968 bytes,   17494544 total
: 23572K->21824K(109248K), 0.0094425 secs] 224175K->225785K(502464K), 0.0094777 secs] [Times: user=0.05 sys=0.02, real=0.01 secs] 
Heap after GC invocations=201 (full 8):
 par new generation   total 109248K, used 21824K [0x00000000e0000000, 0x00000000e8000000, 0x00000000e8000000)
  eden space 87424K,   0% used [0x00000000e0000000, 0x00000000e0000000, 0x00000000e5560000)
  from space 21824K, 100% used [0x00000000e6ab0000, 0x00000000e8000000, 0x00000000e8000000)
  to   space 21824K,   0% used [0x00000000e5560000, 0x00000000e5560000, 0x00000000e6ab0000)
 concurrent mark-sweep generation total 393216K, used 203961K [0x00000000e8000000, 0x0000000100000000, 0x0000000100000000)
 Metaspace       used 30396K, capacity 30704K, committed 31180K, reserved 1077248K
  class space    used 3547K, capacity 3682K, committed 3788K, reserved 1048576K
}
216.248: [Rescan (parallel) , 0.0035225 secs]216.251: [weak refs processing, 0.0002211 secs]216.251: [class unloading, 0.0040172 secs]216.255: [scrub symbol table, 0.0027920 secs]216.258: [scrub string table, 0.0003878 secs][1 CMS-remark: 203961K(393216K)] 225785K(502464K), 0.0209256 secs] [Times: user=0.05 sys=0.02, real=0.02 secs] 
2015-09-09T15:00:49.390+0200: 216.259: Total time for which application threads were stopped: 0.0210132 seconds, Stopping threads took: 0.0000186 seconds
2015-09-09T15:00:49.390+0200: 216.259: [CMS-concurrent-sweep-start]
2015-09-09T15:00:49.409+0200: 216.278: [CMS-concurrent-sweep: 0.019/0.019 secs] [Times: user=0.06 sys=0.00, real=0.02 secs] 
2015-09-09T15:00:49.409+0200: 216.278: [CMS-concurrent-reset-start]
2015-09-09T15:00:49.410+0200: 216.279: [CMS-concurrent-reset: 0.000/0.000 secs] [Times: user=0.00 sys=0.00, real=0.00 secs] 
{Heap before GC invocations=201 (full 8):
 par new generation   total 109248K, used 109248K [0x00000000e0000000, 0x00000000e8000000, 0x00000000e8000000)
  eden space 87424K, 100% used [0x00000000e0000000, 0x00000000e5560000, 0x00000000e5560000)
  from space 21824K, 100% used [0x00000000e6ab0000, 0x00000000e8000000, 0x00000000e8000000)
  to   space 21824K,   0% used [0x00000000e5560000, 0x00000000e5560000, 0x00000000e6ab0000)
 concurrent mark-sweep generation total 393216K, used 152918K [0x00000000e8000000, 0x0000000100000000, 0x0000000100000000)
 Metaspace       used 30396K, capacity 30704K, committed 31180K, reserved 1077248K
  class space    used 3547K, capacity 3682K, committed 3788K, reserved 1048576K
2015-09-09T15:00:49.698+0200: 216.567: [GC (Allocation Failure) 216.567: [ParNew
Desired survivor size 20112992 bytes, new threshold 8 (max 8)
- age   1:    2117952 bytes,    2117952 total
- age   2:       1696 bytes,    2119648 total
- age   3:    5730864 bytes,    7850512 total
- age   4:    2467792 bytes,   10318304 total
- age   5:    2505752 bytes,   12824056 total
- age   6:    1410336 bytes,   14234392 total
- age   7:    1096952 bytes,   15331344 total
- age   8:    1232112 bytes,   16563456 total
: 109248K->21824K(109248K), 0.0099167 secs] 262166K->178170K(502464K), 0.0099644 secs] [Times: user=0.06 sys=0.00, real=0.01 secs] 
Heap after GC invocations=202 (full 8):
 par new generation   total 109248K, used 21824K [0x00000000e0000000, 0x00000000e8000000, 0x00000000e8000000)
  eden space 87424K,   0% used [0x00000000e0000000, 0x00000000e0000000, 0x00000000e5560000)
  from space 21824K, 100% used [0x00000000e5560000, 0x00000000e6ab0000, 0x00000000e6ab0000)
  to   space 21824K,   0% used [0x00000000e6ab0000, 0x00000000e6ab0000, 0x00000000e8000000)
 concurrent mark-sweep generation total 393216K, used 156346K [0x00000000e8000000, 0x0000000100000000, 0x0000000100000000)
 Metaspace       used 30396K, capacity 30704K, committed 31180K, reserved 1077248K
  class space    used 3547K, capacity 3682K, committed 3788K, reserved 1048576K
}
2015-09-09T15:00:49.708+0200: 216.577: Total time for which application threads were stopped: 0.0101157 seconds, Stopping threads took: 0.0000134 seconds
{Heap before GC invocations=202 (full 8):
 par new generation   total 109248K, used 109248K [0x00000000e0000000, 0x00000000e8000000, 0x00000000e8000000)
  eden space 87424K, 100% used [0x00000000e0000000, 0x00000000e5560000, 0x00000000e5560000)
  from space 21824K, 100% used [0x00000000e5560000, 0x00000000e6ab0000, 0x00000000e6ab0000)
  to   space 21824K,   0% used [0x00000000e6ab0000, 0x00000000e6ab0000, 0x00000000e8000000)
 concurrent mark-sweep generation total 393216K, used 156346K [0x00000000e8000000, 0x0000000100000000, 0x0000000100000000)
 Metaspace       used 30396K, capacity 30704K, committed 31180K, reserved 1077248K
  class space    used 3547K, capacity 3682K, committed 3788K, reserved 1048576K
2015-09-09T15:00:50.015+0200: 216.884: [GC (Allocation Failure) 216.884: [ParNew
Desired survivor size 20112992 bytes, new threshold 8 (max 8)
- age   1:    2681096 bytes,    2681096 total
- age   2:    2115760 bytes,    4796856 total
- age   3:       1696 bytes,    4798552 total
- age   4:    5395744 bytes,   10194296 total
- age   5:    2467792 bytes,   12662088 total
- age   6:    2505752 bytes,   15167840 total
- age   7:    1410336 bytes,   16578176 total
- age   8:    1096952 bytes,   17675128 total
: 109248K->20672K(109248K), 0.0119506 secs] 265594K->178248K(502464K), 0.0119960 secs] [Times: user=0.00 sys=0.00, real=0.01 secs] 
Heap after GC invocations=203 (full 8):
 par new generation   total 109248K, used 20672K [0x00000000e0000000, 0x00000000e8000000, 0x00000000e8000000)
  eden space 87424K,   0% used [0x00000000e0000000, 0x00000000e0000000, 0x00000000e5560000)
  from space 21824K,  94% used [0x00000000e6ab0000, 0x00000000e7ee03b8, 0x00000000e8000000)
  to   space 21824K,   0% used [0x00000000e5560000, 0x00000000e5560000, 0x00000000e6ab0000)
 concurrent mark-sweep generation total 393216K, used 157575K [0x00000000e8000000, 0x0000000100000000, 0x0000000100000000)
 Metaspace       used 30396K, capacity 30704K, committed 31180K, reserved 1077248K
  class space    used 3547K, capacity 3682K, committed 3788K, reserved 1048576K
}
2015-09-09T15:00:50.027+0200: 216.896: Total time for which application threads were stopped: 0.0121400 seconds, Stopping threads took: 0.0000138 seconds
{Heap before GC invocations=203 (full 8):
 par new generation   total 109248K, used 108096K [0x00000000e0000000, 0x00000000e8000000, 0x00000000e8000000)
  eden space 87424K, 100% used [0x00000000e0000000, 0x00000000e5560000, 0x00000000e5560000)
  from space 21824K,  94% used [0x00000000e6ab0000, 0x00000000e7ee03b8, 0x00000000e8000000)
  to   space 21824K,   0% used [0x00000000e5560000, 0x00000000e5560000, 0x00000000e6ab0000)
 concurrent mark-sweep generation total 393216K, used 157575K [0x00000000e8000000, 0x0000000100000000, 0x0000000100000000)
 Metaspace       used 30396K, capacity 30704K, committed 31180K, reserved 1077248K
  class space    used 3547K, capacity 3682K, committed 3788K, reserved 1048576K
2015-09-09T15:00:50.324+0200: 217.193: [GC (Allocation Failure) 217.193: [ParNew
Desired survivor size 20112992 bytes, new threshold 8 (max 8)
- age   1:    5538384 bytes,    5538384 total
- age   2:    1520080 bytes,    7058464 total
- age   3:    1514160 bytes,    8572624 total
- age   4:       1696 bytes,    8574320 total
- age   5:    1780544 bytes,   10354864 total
- age   6:    2461960 bytes,   12816824 total
- age   7:    2503592 bytes,   15320416 total
- age   8:    1408512 bytes,   16728928 total
: 108096K->21824K(109248K), 0.0110799 secs] 265672K->185028K(502464K), 0.0111385 secs] [Times: user=0.06 sys=0.00, real=0.01 secs] 
Heap after GC invocations=204 (full 8):
 par new generation   total 109248K, used 21824K [0x00000000e0000000, 0x00000000e8000000, 0x00000000e8000000)
  eden space 87424K,   0% used [0x00000000e0000000, 0x00000000e0000000, 0x00000000e5560000)
  from space 21824K, 100% used [0x00000000e5560000, 0x00000000e6ab0000, 0x00000000e6ab0000)
  to   space 21824K,   0% used [0x00000000e6ab0000, 0x00000000e6ab0000, 0x00000000e8000000)
 concurrent mark-sweep generation total 393216K, used 163204K [0x00000000e8000000, 0x0000000100000000, 0x0000000100000000)
 Metaspace       used 30396K, capacity 30704K, committed 31180K, reserved 1077248K
  class space    used 3547K, capacity 3682K, committed 3788K, reserved 1048576K
}
2015-09-09T15:00:50.335+0200: 217.204: Total time for which application threads were stopped: 0.0112796 seconds, Stopping threads took: 0.0000134 seconds
2015-09-09T15:00:50.545+0200: 217.414: Total time for which application threads were stopped: 0.0001062 seconds, Stopping threads took: 0.0000224 seconds
2015-09-09T15:00:50.683+0200: 217.552: Total time for which application threads were stopped: 0.0001238 seconds, Stopping threads took: 0.0000250 seconds
2015-09-09T15:00:50.689+0200: 217.558: Total time for which application threads were stopped: 0.0000918 seconds, Stopping threads took: 0.0000278 seconds
2015-09-09T15:00:50.690+0200: 217.559: Total time for which application threads were stopped: 0.0000624 seconds, Stopping threads took: 0.0000202 seconds
2015-09-09T15:00:51.398+0200: 218.267: Total time for which application threads were stopped: 0.0000566 seconds, Stopping threads took: 0.0000125 seconds
{Heap before GC invocations=204 (full 8):
 par new generation   total 109248K, used 109248K [0x00000000e0000000, 0x00000000e8000000, 0x00000000e8000000)
  eden space 87424K, 100% used [0x00000000e0000000, 0x00000000e5560000, 0x00000000e5560000)
  from space 21824K, 100% used [0x00000000e5560000, 0x00000000e6ab0000, 0x00000000e6ab0000)
  to   space 21824K,   0% used [0x00000000e6ab0000, 0x00000000e6ab0000, 0x00000000e8000000)
 concurrent mark-sweep generation total 393216K, used 163204K [0x00000000e8000000, 0x0000000100000000, 0x0000000100000000)
 Metaspace       used 30400K, capacity 30704K, committed 31180K, reserved 1077248K
  class space    used 3547K, capacity 3682K, committed 3788K, reserved 1048576K
2015-09-09T15:00:51.425+0200: 218.294: [GC (Allocation Failure) 218.294: [ParNew
Desired survivor size 20112992 bytes, new threshold 8 (max 8)
- age   1:    5121192 bytes,    5121192 total
- age   2:    5464880 bytes,   10586072 total
- age   3:    1443384 bytes,   12029456 total
- age   4:    1440960 bytes,   13470416 total
- age   5:       1544 bytes,   13471960 total
- age   6:    1751200 bytes,   15223160 total
- age   7:    2426752 bytes,   17649912 total
- age   8:    2470528 bytes,   20120440 total
: 109248K->21824K(109248K), 0.0125666 secs] 272452K->187629K(502464K), 0.0126108 secs] [Times: user=0.06 sys=0.00, real=0.01 secs] 
Heap after GC invocations=205 (full 8):
 par new generation   total 109248K, used 21824K [0x00000000e0000000, 0x00000000e8000000, 0x00000000e8000000)
  eden space 87424K,   0% used [0x00000000e0000000, 0x00000000e0000000, 0x00000000e5560000)
  from space 21824K, 100% used [0x00000000e6ab0000, 0x00000000e8000000, 0x00000000e8000000)
  to   space 21824K,   0% used [0x00000000e5560000, 0x00000000e5560000, 0x00000000e6ab0000)
 concurrent mark-sweep generation total 393216K, used 165805K [0x00000000e8000000, 0x0000000100000000, 0x0000000100000000)
 Metaspace       used 30400K, capacity 30704K, committed 31180K, reserved 1077248K
  class space    used 3547K, capacity 3682K, committed 3788K, reserved 1048576K
}
2015-09-09T15:00:51.437+0200: 218.307: Total time for which application threads were stopped: 0.0127522 seconds, Stopping threads took: 0.0000147 seconds
{Heap before GC invocations=205 (full 8):
 par new generation   total 109248K, used 109248K [0x00000000e0000000, 0x00000000e8000000, 0x00000000e8000000)
  eden space 87424K, 100% used [0x00000000e0000000, 0x00000000e5560000, 0x00000000e5560000)
  from space 21824K, 100% used [0x00000000e6ab0000, 0x00000000e8000000, 0x00000000e8000000)
  to   space 21824K,   0% used [0x00000000e5560000, 0x00000000e5560000, 0x00000000e6ab0000)
 concurrent mark-sweep generation total 393216K, used 165805K [0x00000000e8000000, 0x0000000100000000, 0x0000000100000000)
 Metaspace       used 30400K, capacity 30704K, committed 31180K, reserved 1077248K
  class space    used 3547K, capacity 3682K, committed 3788K, reserved 1048576K
2015-09-09T15:00:51.517+0200: 218.386: [GC (Allocation Failure) 218.386: [ParNew
Desired survivor size 20112992 bytes, new threshold 8 (max 8)
- age   1:     103920 bytes,     103920 total
- age   2:    5086064 bytes,    5189984 total
- age   3:    5464880 bytes,   10654864 total
- age   4:    1443384 bytes,   12098248 total
- age   5:    1440960 bytes,   13539208 total
- age   6:       1544 bytes,   13540752 total
- age   7:    1751200 bytes,   15291952 total
- age   8:    2426752 bytes,   17718704 total
: 109248K->19156K(109248K), 0.0085807 secs] 275053K->187401K(502464K), 0.0086287 secs] [Times: user=0.00 sys=0.00, real=0.01 secs] 
Heap after GC invocations=206 (full 8):
 par new generation   total 109248K, used 19156K [0x00000000e0000000, 0x00000000e8000000, 0x00000000e8000000)
  eden space 87424K,   0% used [0x00000000e0000000, 0x00000000e0000000, 0x00000000e5560000)
  from space 21824K,  87% used [0x00000000e5560000, 0x00000000e68153c0, 0x00000000e6ab0000)
  to   space 21824K,   0% used [0x00000000e6ab0000, 0x00000000e6ab0000, 0x00000000e8000000)
 concurrent mark-sweep generation total 393216K, used 168244K [0x00000000e8000000, 0x0000000100000000, 0x0000000100000000)
 Metaspace       used 30400K, capacity 30704K, committed 31180K, reserved 1077248K
  class space    used 3547K, capacity 3682K, committed 3788K, reserved 1048576K
}
2015-09-09T15:00:51.525+0200: 218.394: Total time for which application threads were stopped: 0.0088070 seconds, Stopping threads took: 0.0000147 seconds
{Heap before GC invocations=206 (full 8):
 par new generation   total 109248K, used 106580K [0x00000000e0000000, 0x00000000e8000000, 0x00000000e8000000)
  eden space 87424K, 100% used [0x00000000e0000000, 0x00000000e5560000, 0x00000000e5560000)
  from space 21824K,  87% used [0x00000000e5560000, 0x00000000e68153c0, 0x00000000e6ab0000)
  to   space 21824K,   0% used [0x00000000e6ab0000, 0x00000000e6ab0000, 0x00000000e8000000)
 concurrent mark-sweep generation total 393216K, used 168244K [0x00000000e8000000, 0x0000000100000000, 0x0000000100000000)
 Metaspace       used 30400K, capacity 30704K, committed 31180K, reserved 1077248K
  class space    used 3547K, capacity 3682K, committed 3788K, reserved 1048576K
2015-09-09T15:00:51.613+0200: 218.482: [GC (Allocation Failure) 218.482: [ParNew
Desired survivor size 20112992 bytes, new threshold 8 (max 8)
- age   1:     119464 bytes,     119464 total
- age   2:      28296 bytes,     147760 total
- age   3:    5085928 bytes,    5233688 total
- age   4:    5464880 bytes,   10698568 total
- age   5:    1443384 bytes,   12141952 total
- age   6:    1440960 bytes,   13582912 total
- age   7:       1544 bytes,   13584456 total
- age   8:    1751200 bytes,   15335656 total
: 106580K->21824K(109248K), 0.0080089 secs] 274825K->192463K(502464K), 0.0080591 secs] [Times: user=0.00 sys=0.00, real=0.01 secs] 
Heap after GC invocations=207 (full 8):
 par new generation   total 109248K, used 21824K [0x00000000e0000000, 0x00000000e8000000, 0x00000000e8000000)
  eden space 87424K,   0% used [0x00000000e0000000, 0x00000000e0000000, 0x00000000e5560000)
  from space 21824K, 100% used [0x00000000e6ab0000, 0x00000000e8000000, 0x00000000e8000000)
  to   space 21824K,   0% used [0x00000000e5560000, 0x00000000e5560000, 0x00000000e6ab0000)
 concurrent mark-sweep generation total 393216K, used 170639K [0x00000000e8000000, 0x0000000100000000, 0x0000000100000000)
 Metaspace       used 30400K, capacity 30704K, committed 31180K, reserved 1077248K
  class space    used 3547K, capacity 3682K, committed 3788K, reserved 1048576K
}
2015-09-09T15:00:51.621+0200: 218.490: Total time for which application threads were stopped: 0.0082022 seconds, Stopping threads took: 0.0000144 seconds
{Heap before GC invocations=207 (full 8):
 par new generation   total 109248K, used 109248K [0x00000000e0000000, 0x00000000e8000000, 0x00000000e8000000)
  eden space 87424K, 100% used [0x00000000e0000000, 0x00000000e5560000, 0x00000000e5560000)
  from space 21824K, 100% used [0x00000000e6ab0000, 0x00000000e8000000, 0x00000000e8000000)
  to   space 21824K,   0% used [0x00000000e5560000, 0x00000000e5560000, 0x00000000e6ab0000)
 concurrent mark-sweep generation total 393216K, used 170639K [0x00000000e8000000, 0x0000000100000000, 0x0000000100000000)
 Metaspace       used 30400K, capacity 30704K, committed 31180K, reserved 1077248K
  class space    used 3547K, capacity 3682K, committed 3788K, reserved 1048576K
2015-09-09T15:00:51.754+0200: 218.623: [GC (Allocation Failure) 218.623: [ParNew
Desired survivor size 20112992 bytes, new threshold 8 (max 8)
- age   1:      58992 bytes,      58992 total
- age   2:      27144 bytes,      86136 total
- age   3:      26080 bytes,     112216 total
- age   4:    5085872 bytes,    5198088 total
- age   5:    5464880 bytes,   10662968 total
- age   6:    1443384 bytes,   12106352 total
- age   7:    1440960 bytes,   13547312 total
- age   8:       1544 bytes,   13548856 total
: 109248K->16780K(109248K), 0.0071225 secs] 279887K->189151K(502464K), 0.0071695 secs] [Times: user=0.00 sys=0.00, real=0.01 secs] 
Heap after GC invocations=208 (full 8):
 par new generation   total 109248K, used 16780K [0x00000000e0000000, 0x00000000e8000000, 0x00000000e8000000)
  eden space 87424K,   0% used [0x00000000e0000000, 0x00000000e0000000, 0x00000000e5560000)
  from space 21824K,  76% used [0x00000000e5560000, 0x00000000e65c3068, 0x00000000e6ab0000)
  to   space 21824K,   0% used [0x00000000e6ab0000, 0x00000000e6ab0000, 0x00000000e8000000)
 concurrent mark-sweep generation total 393216K, used 172371K [0x00000000e8000000, 0x0000000100000000, 0x0000000100000000)
 Metaspace       used 30400K, capacity 30704K, committed 31180K, reserved 1077248K
  class space    used 3547K, capacity 3682K, committed 3788K, reserved 1048576K
}
2015-09-09T15:00:51.762+0200: 218.631: Total time for which application threads were stopped: 0.0073161 seconds, Stopping threads took: 0.0000144 seconds
{Heap before GC invocations=208 (full 8):
 par new generation   total 109248K, used 104204K [0x00000000e0000000, 0x00000000e8000000, 0x00000000e8000000)
  eden space 87424K, 100% used [0x00000000e0000000, 0x00000000e5560000, 0x00000000e5560000)
  from space 21824K,  76% used [0x00000000e5560000, 0x00000000e65c3068, 0x00000000e6ab0000)
  to   space 21824K,   0% used [0x00000000e6ab0000, 0x00000000e6ab0000, 0x00000000e8000000)
 concurrent mark-sweep generation total 393216K, used 172371K [0x00000000e8000000, 0x0000000100000000, 0x0000000100000000)
 Metaspace       used 30401K, capacity 30704K, committed 31180K, reserved 1077248K
  class space    used 3547K, capacity 3682K, committed 3788K, reserved 1048576K
2015-09-09T15:00:51.873+0200: 218.742: [GC (Allocation Failure) 218.742: [ParNew
Desired survivor size 20112992 bytes, new threshold 8 (max 8)
- age   1:      86024 bytes,      86024 total
- age   5:    5065744 bytes,    5151768 total
- age   6:    5464880 bytes,   10616648 total
- age   7:    1443384 bytes,   12060032 total
- age   8:    1440984 bytes,   13501016 total
: 104204K->16242K(109248K), 0.0062966 secs] 276575K->188615K(502464K), 0.0063439 secs] [Times: user=0.00 sys=0.00, real=0.01 secs] 
Heap after GC invocations=209 (full 8):
 par new generation   total 109248K, used 16242K [0x00000000e0000000, 0x00000000e8000000, 0x00000000e8000000)
  eden space 87424K,   0% used [0x00000000e0000000, 0x00000000e0000000, 0x00000000e5560000)
  from space 21824K,  74% used [0x00000000e6ab0000, 0x00000000e7a8caf8, 0x00000000e8000000)
  to   space 21824K,   0% used [0x00000000e5560000, 0x00000000e5560000, 0x00000000e6ab0000)
 concurrent mark-sweep generation total 393216K, used 172373K [0x00000000e8000000, 0x0000000100000000, 0x0000000100000000)
 Metaspace       used 30401K, capacity 30704K, committed 31180K, reserved 1077248K
  class space    used 3547K, capacity 3682K, committed 3788K, reserved 1048576K
}
2015-09-09T15:00:51.879+0200: 218.749: Total time for which application threads were stopped: 0.0064889 seconds, Stopping threads took: 0.0000144 seconds
{Heap before GC invocations=209 (full 8):
 par new generation   total 109248K, used 103666K [0x00000000e0000000, 0x00000000e8000000, 0x00000000e8000000)
  eden space 87424K, 100% used [0x00000000e0000000, 0x00000000e5560000, 0x00000000e5560000)
  from space 21824K,  74% used [0x00000000e6ab0000, 0x00000000e7a8caf8, 0x00000000e8000000)
  to   space 21824K,   0% used [0x00000000e5560000, 0x00000000e5560000, 0x00000000e6ab0000)
 concurrent mark-sweep generation total 393216K, used 172373K [0x00000000e8000000, 0x0000000100000000, 0x0000000100000000)
 Metaspace       used 30401K, capacity 30704K, committed 31180K, reserved 1077248K
  class space    used 3547K, capacity 3682K, committed 3788K, reserved 1048576K
2015-09-09T15:00:51.954+0200: 218.823: [GC (Allocation Failure) 218.823: [ParNew
Desired survivor size 20112992 bytes, new threshold 8 (max 8)
- age   1:     152400 bytes,     152400 total
- age   2:       1264 bytes,     153664 total
- age   6:    5065768 bytes,    5219432 total
- age   7:    5464880 bytes,   10684312 total
- age   8:    1443384 bytes,   12127696 total
: 103666K->15661K(109248K), 0.0067011 secs] 276039K->189472K(502464K), 0.0067478 secs] [Times: user=0.00 sys=0.00, real=0.01 secs] 
Heap after GC invocations=210 (full 8):
 par new generation   total 109248K, used 15661K [0x00000000e0000000, 0x00000000e8000000, 0x00000000e8000000)
  eden space 87424K,   0% used [0x00000000e0000000, 0x00000000e0000000, 0x00000000e5560000)
  from space 21824K,  71% used [0x00000000e5560000, 0x00000000e64ab690, 0x00000000e6ab0000)
  to   space 21824K,   0% used [0x00000000e6ab0000, 0x00000000e6ab0000, 0x00000000e8000000)
 concurrent mark-sweep generation total 393216K, used 173810K [0x00000000e8000000, 0x0000000100000000, 0x0000000100000000)
 Metaspace       used 30401K, capacity 30704K, committed 31180K, reserved 1077248K
  class space    used 3547K, capacity 3682K, committed 3788K, reserved 1048576K
}
2015-09-09T15:00:51.960+0200: 218.830: Total time for which application threads were stopped: 0.0069372 seconds, Stopping threads took: 0.0000368 seconds
2015-09-09T15:00:52.036+0200: 218.905: Total time for which application threads were stopped: 0.0000717 seconds, Stopping threads took: 0.0000221 seconds
2015-09-09T15:00:52.036+0200: 218.905: Total time for which application threads were stopped: 0.0000429 seconds, Stopping threads took: 0.0000176 seconds
2015-09-09T15:00:52.036+0200: 218.905: Total time for which application threads were stopped: 0.0000323 seconds, Stopping threads took: 0.0000051 seconds
2015-09-09T15:00:52.068+0200: 218.937: Total time for which application threads were stopped: 0.0001062 seconds, Stopping threads took: 0.0000192 seconds
2015-09-09T15:00:52.068+0200: 218.937: Total time for which application threads were stopped: 0.0000390 seconds, Stopping threads took: 0.0000128 seconds
2015-09-09T15:00:52.068+0200: 218.937: Total time for which application threads were stopped: 0.0000381 seconds, Stopping threads took: 0.0000122 seconds
2015-09-09T15:00:52.130+0200: 218.999: Total time for which application threads were stopped: 0.0000752 seconds, Stopping threads took: 0.0000234 seconds
2015-09-09T15:00:52.681+0200: 219.550: Total time for which application threads were stopped: 0.0000976 seconds, Stopping threads took: 0.0000224 seconds
2015-09-09T15:00:52.681+0200: 219.551: Total time for which application threads were stopped: 0.0000435 seconds, Stopping threads took: 0.0000166 seconds
2015-09-09T15:00:52.682+0200: 219.551: Total time for which application threads were stopped: 0.0000538 seconds, Stopping threads took: 0.0000067 seconds
2015-09-09T15:00:52.683+0200: 219.552: Total time for which application threads were stopped: 0.0000979 seconds, Stopping threads took: 0.0000128 seconds
2015-09-09T15:00:52.683+0200: 219.552: Total time for which application threads were stopped: 0.0000838 seconds, Stopping threads took: 0.0000035 seconds
2015-09-09T15:00:52.683+0200: 219.552: Total time for which application threads were stopped: 0.0000810 seconds, Stopping threads took: 0.0000390 seconds
2015-09-09T15:00:53.683+0200: 220.552: Total time for which application threads were stopped: 0.0000659 seconds, Stopping threads took: 0.0000157 seconds
2015-09-09T15:01:04.052+0200: 230.922: Total time for which application threads were stopped: 0.0000730 seconds, Stopping threads took: 0.0000189 seconds
2015-09-09T15:01:04.101+0200: 230.971: Total time for which application threads were stopped: 0.0001030 seconds, Stopping threads took: 0.0000509 seconds
2015-09-09T15:01:05.102+0200: 231.970: Total time for which application threads were stopped: 0.0000720 seconds, Stopping threads took: 0.0000256 seconds
2015-09-09T15:01:05.356+0200: 232.224: Total time for which application threads were stopped: 0.0001322 seconds, Stopping threads took: 0.0000275 seconds
2015-09-09T15:01:05.364+0200: 232.233: Total time for which application threads were stopped: 0.0000854 seconds, Stopping threads took: 0.0000208 seconds
2015-09-09T15:01:05.366+0200: 232.234: Total time for which application threads were stopped: 0.0000634 seconds, Stopping threads took: 0.0000179 seconds
2015-09-09T15:01:06.366+0200: 233.234: Total time for which application threads were stopped: 0.0000864 seconds, Stopping threads took: 0.0000266 seconds
2015-09-09T15:01:12.366+0200: 239.235: Total time for which application threads were stopped: 0.0000704 seconds, Stopping threads took: 0.0000266 seconds
2015-09-09T15:01:29.316+0200: 256.185: Total time for which application threads were stopped: 0.0001152 seconds, Stopping threads took: 0.0000221 seconds
2015-09-09T15:01:29.316+0200: 256.185: Total time for which application threads were stopped: 0.0000371 seconds, Stopping threads took: 0.0000048 seconds
2015-09-09T15:01:29.317+0200: 256.186: Total time for which application threads were stopped: 0.0004291 seconds, Stopping threads took: 0.0000070 seconds
2015-09-09T15:01:29.317+0200: 256.186: Total time for which application threads were stopped: 0.0000358 seconds, Stopping threads took: 0.0000058 seconds
2015-09-09T15:01:29.318+0200: 256.187: Total time for which application threads were stopped: 0.0003542 seconds, Stopping threads took: 0.0000064 seconds
2015-09-09T15:01:29.320+0200: 256.189: Total time for which application threads were stopped: 0.0000618 seconds, Stopping threads took: 0.0000179 seconds
2015-09-09T15:01:29.325+0200: 256.194: Total time for which application threads were stopped: 0.0000691 seconds, Stopping threads took: 0.0000134 seconds
2015-09-09T15:01:29.325+0200: 256.194: Total time for which application threads were stopped: 0.0000442 seconds, Stopping threads took: 0.0000163 seconds
2015-09-09T15:01:29.325+0200: 256.194: Total time for which application threads were stopped: 0.0000362 seconds, Stopping threads took: 0.0000077 seconds
2015-09-09T15:01:29.326+0200: 256.194: Total time for which application threads were stopped: 0.0000227 seconds, Stopping threads took: 0.0000048 seconds
2015-09-09T15:01:29.326+0200: 256.195: Total time for which application threads were stopped: 0.0000483 seconds, Stopping threads took: 0.0000106 seconds
2015-09-09T15:01:29.327+0200: 256.196: Total time for which application threads were stopped: 0.0000643 seconds, Stopping threads took: 0.0000211 seconds
2015-09-09T15:01:29.327+0200: 256.196: Total time for which application threads were stopped: 0.0000966 seconds, Stopping threads took: 0.0000595 seconds
2015-09-09T15:01:29.327+0200: 256.196: Total time for which application threads were stopped: 0.0000317 seconds, Stopping threads took: 0.0000058 seconds
2015-09-09T15:01:29.327+0200: 256.196: Total time for which application threads were stopped: 0.0000278 seconds, Stopping threads took: 0.0000064 seconds
2015-09-09T15:01:29.327+0200: 256.196: Total time for which application threads were stopped: 0.0000310 seconds, Stopping threads took: 0.0000067 seconds
2015-09-09T15:01:29.328+0200: 256.197: Total time for which application threads were stopped: 0.0000397 seconds, Stopping threads took: 0.0000070 seconds
2015-09-09T15:01:29.328+0200: 256.197: Total time for which application threads were stopped: 0.0000957 seconds, Stopping threads took: 0.0000102 seconds
2015-09-09T15:01:29.329+0200: 256.198: Total time for which application threads were stopped: 0.0000368 seconds, Stopping threads took: 0.0000083 seconds
2015-09-09T15:01:29.329+0200: 256.198: Total time for which application threads were stopped: 0.0000826 seconds, Stopping threads took: 0.0000106 seconds
2015-09-09T15:01:29.329+0200: 256.198: Total time for which application threads were stopped: 0.0000496 seconds, Stopping threads took: 0.0000186 seconds
2015-09-09T15:01:29.332+0200: 256.201: Total time for which application threads were stopped: 0.0000768 seconds, Stopping threads took: 0.0000269 seconds
2015-09-09T15:01:29.333+0200: 256.201: Total time for which application threads were stopped: 0.0000554 seconds, Stopping threads took: 0.0000192 seconds
2015-09-09T15:01:29.333+0200: 256.202: Total time for which application threads were stopped: 0.0000317 seconds, Stopping threads took: 0.0000067 seconds
2015-09-09T15:01:29.333+0200: 256.202: Total time for which application threads were stopped: 0.0000326 seconds, Stopping threads took: 0.0000074 seconds
2015-09-09T15:01:29.338+0200: 256.207: Total time for which application threads were stopped: 0.0000570 seconds, Stopping threads took: 0.0000147 seconds
2015-09-09T15:01:29.338+0200: 256.207: Total time for which application threads were stopped: 0.0000211 seconds, Stopping threads took: 0.0000099 seconds
2015-09-09T15:01:29.338+0200: 256.207: Total time for which application threads were stopped: 0.0000419 seconds, Stopping threads took: 0.0000202 seconds
2015-09-09T15:01:29.338+0200: 256.207: Total time for which application threads were stopped: 0.0000176 seconds, Stopping threads took: 0.0000080 seconds
2015-09-09T15:01:29.339+0200: 256.207: Total time for which application threads were stopped: 0.0000384 seconds, Stopping threads took: 0.0000227 seconds
Heap
 par new generation   total 109248K, used 80269K [0x00000000e0000000, 0x00000000e8000000, 0x00000000e8000000)
  eden space 87424K,  73% used [0x00000000e0000000, 0x00000000e3f180f8, 0x00000000e5560000)
  from space 21824K,  71% used [0x00000000e5560000, 0x00000000e64ab690, 0x00000000e6ab0000)
  to   space 21824K,   0% used [0x00000000e6ab0000, 0x00000000e6ab0000, 0x00000000e8000000)
 concurrent mark-sweep generation total 393216K, used 173810K [0x00000000e8000000, 0x0000000100000000, 0x0000000100000000)
 Metaspace       used 30515K, capacity 30864K, committed 31180K, reserved 1077248K
  class space    used 3557K, capacity 3714K, committed 3788K, reserved 1048576K
