Java HotSpot(TM) 64-Bit Server VM (25.45-b02) for windows-amd64 JRE (1.8.0_45-b15), built on Apr 30 2015 12:40:44 by "java_re" with MS VC++ 10.0 (VS2010)
Memory: 4k page, physical 8247616k(5164912k free), swap 16493392k(13034108k free)
CommandLine flags: -XX:CMSInitiatingOccupancyFraction=50 -XX:CMSMaxAbortablePrecleanTime=6000 -XX:+CMSParallelRemarkEnabled -XX:+CMSScavengeBeforeRemark -XX:ConcGCThreads=4 -XX:InitialHeapSize=536870912 -XX:MaxHeapSize=536870912 -XX:MaxTenuringThreshold=8 -XX:NewRatio=3 -XX:OldPLABSize=16 -XX:ParallelGCThreads=4 -XX:+ParallelRefProcEnabled -XX:PretenureSizeThreshold=67108864 -XX:+PrintGC -XX:+PrintGCApplicationStoppedTime -XX:+PrintGCDateStamps -XX:+PrintGCDetails -XX:+PrintGCTimeStamps -XX:+PrintHeapAtGC -XX:+PrintTenuringDistribution -XX:SurvivorRatio=4 -XX:TargetSurvivorRatio=90 -XX:ThreadStackSize=256 -XX:+UseCMSInitiatingOccupancyOnly -XX:+UseCompressedClassPointers -XX:+UseCompressedOops -XX:+UseConcMarkSweepGC -XX:-UseLargePagesIndividualAllocation -XX:+UseParNewGC 
2015-09-11T13:07:36.263+0200: 0.091: Total time for which application threads were stopped: 0.0000698 seconds, Stopping threads took: 0.0000218 seconds
2015-09-11T13:07:36.416+0200: 0.244: Total time for which application threads were stopped: 0.0001142 seconds, Stopping threads took: 0.0000125 seconds
2015-09-11T13:07:36.538+0200: 0.366: Total time for which application threads were stopped: 0.0000982 seconds, Stopping threads took: 0.0000102 seconds
2015-09-11T13:07:36.571+0200: 0.399: Total time for which application threads were stopped: 0.0001133 seconds, Stopping threads took: 0.0000109 seconds
2015-09-11T13:07:36.580+0200: 0.407: Total time for which application threads were stopped: 0.0001155 seconds, Stopping threads took: 0.0000141 seconds
2015-09-11T13:07:36.587+0200: 0.415: Total time for which application threads were stopped: 0.0001075 seconds, Stopping threads took: 0.0000147 seconds
{Heap before GC invocations=0 (full 0):
 par new generation   total 109248K, used 87424K [0x00000000e0000000, 0x00000000e8000000, 0x00000000e8000000)
  eden space 87424K, 100% used [0x00000000e0000000, 0x00000000e5560000, 0x00000000e5560000)
  from space 21824K,   0% used [0x00000000e5560000, 0x00000000e5560000, 0x00000000e6ab0000)
  to   space 21824K,   0% used [0x00000000e6ab0000, 0x00000000e6ab0000, 0x00000000e8000000)
 concurrent mark-sweep generation total 393216K, used 0K [0x00000000e8000000, 0x0000000100000000, 0x0000000100000000)
 Metaspace       used 9817K, capacity 10024K, committed 10240K, reserved 1058816K
  class space    used 1158K, capacity 1212K, committed 1280K, reserved 1048576K
2015-09-11T13:07:36.795+0200: 0.623: [GC (Allocation Failure) 0.623: [ParNew
Desired survivor size 20112992 bytes, new threshold 8 (max 8)
- age   1:    5471640 bytes,    5471640 total
: 87424K->5407K(109248K), 0.0099352 secs] 87424K->5407K(502464K), 0.0100668 secs] [Times: user=0.06 sys=0.00, real=0.01 secs] 
Heap after GC invocations=1 (full 0):
 par new generation   total 109248K, used 5407K [0x00000000e0000000, 0x00000000e8000000, 0x00000000e8000000)
  eden space 87424K,   0% used [0x00000000e0000000, 0x00000000e0000000, 0x00000000e5560000)
  from space 21824K,  24% used [0x00000000e6ab0000, 0x00000000e6ff7d48, 0x00000000e8000000)
  to   space 21824K,   0% used [0x00000000e5560000, 0x00000000e5560000, 0x00000000e6ab0000)
 concurrent mark-sweep generation total 393216K, used 0K [0x00000000e8000000, 0x0000000100000000, 0x0000000100000000)
 Metaspace       used 9817K, capacity 10024K, committed 10240K, reserved 1058816K
  class space    used 1158K, capacity 1212K, committed 1280K, reserved 1048576K
}
2015-09-11T13:07:36.805+0200: 0.633: Total time for which application threads were stopped: 0.0102220 seconds, Stopping threads took: 0.0000134 seconds
2015-09-11T13:07:36.891+0200: 0.718: Total time for which application threads were stopped: 0.0001350 seconds, Stopping threads took: 0.0000109 seconds
2015-09-11T13:07:37.079+0200: 0.906: Total time for which application threads were stopped: 0.0002109 seconds, Stopping threads took: 0.0000221 seconds
2015-09-11T13:07:37.079+0200: 0.907: Total time for which application threads were stopped: 0.0001232 seconds, Stopping threads took: 0.0000093 seconds
2015-09-11T13:07:37.082+0200: 0.909: Total time for which application threads were stopped: 0.0001187 seconds, Stopping threads took: 0.0000080 seconds
2015-09-11T13:07:37.221+0200: 1.049: Total time for which application threads were stopped: 0.0002806 seconds, Stopping threads took: 0.0000832 seconds
{Heap before GC invocations=1 (full 0):
 par new generation   total 109248K, used 92831K [0x00000000e0000000, 0x00000000e8000000, 0x00000000e8000000)
  eden space 87424K, 100% used [0x00000000e0000000, 0x00000000e5560000, 0x00000000e5560000)
  from space 21824K,  24% used [0x00000000e6ab0000, 0x00000000e6ff7d48, 0x00000000e8000000)
  to   space 21824K,   0% used [0x00000000e5560000, 0x00000000e5560000, 0x00000000e6ab0000)
 concurrent mark-sweep generation total 393216K, used 0K [0x00000000e8000000, 0x0000000100000000, 0x0000000100000000)
 Metaspace       used 17921K, capacity 18166K, committed 18432K, reserved 1064960K
  class space    used 2181K, capacity 2285K, committed 2304K, reserved 1048576K
2015-09-11T13:07:37.263+0200: 1.090: [GC (Allocation Failure) 1.090: [ParNew
Desired survivor size 20112992 bytes, new threshold 8 (max 8)
- age   1:    8253328 bytes,    8253328 total
- age   2:    2546744 bytes,   10800072 total
: 92831K->12208K(109248K), 0.0069183 secs] 92831K->12208K(502464K), 0.0070127 secs] [Times: user=0.00 sys=0.00, real=0.01 secs] 
Heap after GC invocations=2 (full 0):
 par new generation   total 109248K, used 12208K [0x00000000e0000000, 0x00000000e8000000, 0x00000000e8000000)
  eden space 87424K,   0% used [0x00000000e0000000, 0x00000000e0000000, 0x00000000e5560000)
  from space 21824K,  55% used [0x00000000e5560000, 0x00000000e614c070, 0x00000000e6ab0000)
  to   space 21824K,   0% used [0x00000000e6ab0000, 0x00000000e6ab0000, 0x00000000e8000000)
 concurrent mark-sweep generation total 393216K, used 0K [0x00000000e8000000, 0x0000000100000000, 0x0000000100000000)
 Metaspace       used 17921K, capacity 18166K, committed 18432K, reserved 1064960K
  class space    used 2181K, capacity 2285K, committed 2304K, reserved 1048576K
}
2015-09-11T13:07:37.270+0200: 1.097: Total time for which application threads were stopped: 0.0072076 seconds, Stopping threads took: 0.0000374 seconds
2015-09-11T13:07:37.381+0200: 1.208: Total time for which application threads were stopped: 0.0006461 seconds, Stopping threads took: 0.0003651 seconds
2015-09-11T13:07:37.390+0200: 1.217: Total time for which application threads were stopped: 0.0003546 seconds, Stopping threads took: 0.0001123 seconds
2015-09-11T13:07:37.404+0200: 1.232: Total time for which application threads were stopped: 0.0002650 seconds, Stopping threads took: 0.0000237 seconds
{Heap before GC invocations=2 (full 0):
 par new generation   total 109248K, used 99632K [0x00000000e0000000, 0x00000000e8000000, 0x00000000e8000000)
  eden space 87424K, 100% used [0x00000000e0000000, 0x00000000e5560000, 0x00000000e5560000)
  from space 21824K,  55% used [0x00000000e5560000, 0x00000000e614c070, 0x00000000e6ab0000)
  to   space 21824K,   0% used [0x00000000e6ab0000, 0x00000000e6ab0000, 0x00000000e8000000)
 concurrent mark-sweep generation total 393216K, used 0K [0x00000000e8000000, 0x0000000100000000, 0x0000000100000000)
 Metaspace       used 20015K, capacity 20356K, committed 20480K, reserved 1067008K
  class space    used 2426K, capacity 2548K, committed 2560K, reserved 1048576K
2015-09-11T13:07:37.446+0200: 1.274: [GC (Allocation Failure) 1.274: [ParNew
Desired survivor size 20112992 bytes, new threshold 8 (max 8)
- age   1:    2733904 bytes,    2733904 total
- age   2:    2832080 bytes,    5565984 total
- age   3:    2493456 bytes,    8059440 total
: 99632K->13173K(109248K), 0.0059775 secs] 99632K->13173K(502464K), 0.0060287 secs] [Times: user=0.00 sys=0.00, real=0.01 secs] 
Heap after GC invocations=3 (full 0):
 par new generation   total 109248K, used 13173K [0x00000000e0000000, 0x00000000e8000000, 0x00000000e8000000)
  eden space 87424K,   0% used [0x00000000e0000000, 0x00000000e0000000, 0x00000000e5560000)
  from space 21824K,  60% used [0x00000000e6ab0000, 0x00000000e778d550, 0x00000000e8000000)
  to   space 21824K,   0% used [0x00000000e5560000, 0x00000000e5560000, 0x00000000e6ab0000)
 concurrent mark-sweep generation total 393216K, used 0K [0x00000000e8000000, 0x0000000100000000, 0x0000000100000000)
 Metaspace       used 20015K, capacity 20356K, committed 20480K, reserved 1067008K
  class space    used 2426K, capacity 2548K, committed 2560K, reserved 1048576K
}
2015-09-11T13:07:37.452+0200: 1.280: Total time for which application threads were stopped: 0.0062674 seconds, Stopping threads took: 0.0000851 seconds
2015-09-11T13:07:37.522+0200: 1.350: Total time for which application threads were stopped: 0.0003136 seconds, Stopping threads took: 0.0000243 seconds
2015-09-11T13:07:37.544+0200: 1.371: Total time for which application threads were stopped: 0.0000752 seconds, Stopping threads took: 0.0000150 seconds
{Heap before GC invocations=3 (full 0):
 par new generation   total 109248K, used 100586K [0x00000000e0000000, 0x00000000e8000000, 0x00000000e8000000)
  eden space 87424K,  99% used [0x00000000e0000000, 0x00000000e555d458, 0x00000000e5560000)
  from space 21824K,  60% used [0x00000000e6ab0000, 0x00000000e778d550, 0x00000000e8000000)
  to   space 21824K,   0% used [0x00000000e5560000, 0x00000000e5560000, 0x00000000e6ab0000)
 concurrent mark-sweep generation total 393216K, used 0K [0x00000000e8000000, 0x0000000100000000, 0x0000000100000000)
 Metaspace       used 20906K, capacity 21234K, committed 21552K, reserved 1069056K
  class space    used 2533K, capacity 2647K, committed 2688K, reserved 1048576K
2015-09-11T13:07:37.563+0200: 1.390: [GC (Allocation Failure) 1.390: [ParNew
Desired survivor size 20112992 bytes, new threshold 8 (max 8)
- age   1:    2140080 bytes,    2140080 total
- age   2:    1179712 bytes,    3319792 total
- age   3:    2829464 bytes,    6149256 total
- age   4:    2494528 bytes,    8643784 total
: 100586K->10407K(109248K), 0.0066521 secs] 100586K->10407K(502464K), 0.0067071 secs] [Times: user=0.06 sys=0.00, real=0.01 secs] 
Heap after GC invocations=4 (full 0):
 par new generation   total 109248K, used 10407K [0x00000000e0000000, 0x00000000e8000000, 0x00000000e8000000)
  eden space 87424K,   0% used [0x00000000e0000000, 0x00000000e0000000, 0x00000000e5560000)
  from space 21824K,  47% used [0x00000000e5560000, 0x00000000e5f89fe0, 0x00000000e6ab0000)
  to   space 21824K,   0% used [0x00000000e6ab0000, 0x00000000e6ab0000, 0x00000000e8000000)
 concurrent mark-sweep generation total 393216K, used 0K [0x00000000e8000000, 0x0000000100000000, 0x0000000100000000)
 Metaspace       used 20906K, capacity 21234K, committed 21552K, reserved 1069056K
  class space    used 2533K, capacity 2647K, committed 2688K, reserved 1048576K
}
2015-09-11T13:07:37.569+0200: 1.397: Total time for which application threads were stopped: 0.0068758 seconds, Stopping threads took: 0.0000230 seconds
2015-09-11T13:07:37.569+0200: 1.397: [GC (CMS Initial Mark) [1 CMS-initial-mark: 0K(393216K)] 10909K(502464K), 0.0017507 secs] [Times: user=0.00 sys=0.00, real=0.00 secs] 
2015-09-11T13:07:37.571+0200: 1.399: Total time for which application threads were stopped: 0.0018573 seconds, Stopping threads took: 0.0000214 seconds
2015-09-11T13:07:37.571+0200: 1.399: [CMS-concurrent-mark-start]
2015-09-11T13:07:37.578+0200: 1.405: [CMS-concurrent-mark: 0.006/0.006 secs] [Times: user=0.00 sys=0.00, real=0.01 secs] 
2015-09-11T13:07:37.578+0200: 1.405: [CMS-concurrent-preclean-start]
2015-09-11T13:07:37.578+0200: 1.406: [CMS-concurrent-preclean: 0.001/0.001 secs] [Times: user=0.00 sys=0.00, real=0.00 secs] 
2015-09-11T13:07:37.578+0200: 1.406: [CMS-concurrent-abortable-preclean-start]
2015-09-11T13:07:37.601+0200: 1.428: Total time for which application threads were stopped: 0.0001043 seconds, Stopping threads took: 0.0000288 seconds
2015-09-11T13:07:37.621+0200: 1.448: Total time for which application threads were stopped: 0.0000979 seconds, Stopping threads took: 0.0000234 seconds
2015-09-11T13:07:37.636+0200: 1.463: Total time for which application threads were stopped: 0.0000733 seconds, Stopping threads took: 0.0000170 seconds
2015-09-11T13:07:37.662+0200: 1.490: Total time for which application threads were stopped: 0.0004144 seconds, Stopping threads took: 0.0003632 seconds
2015-09-11T13:07:37.673+0200: 1.501: Total time for which application threads were stopped: 0.0004410 seconds, Stopping threads took: 0.0001952 seconds
2015-09-11T13:07:37.675+0200: 1.502: Total time for which application threads were stopped: 0.0000570 seconds, Stopping threads took: 0.0000170 seconds
2015-09-11T13:07:37.677+0200: 1.504: Total time for which application threads were stopped: 0.0002618 seconds, Stopping threads took: 0.0000125 seconds
2015-09-11T13:07:37.699+0200: 1.526: Total time for which application threads were stopped: 0.0000755 seconds, Stopping threads took: 0.0000160 seconds
2015-09-11T13:07:37.699+0200: 1.527: [CMS-concurrent-abortable-preclean: 0.102/0.121 secs] [Times: user=0.44 sys=0.05, real=0.12 secs] 
2015-09-11T13:07:37.699+0200: 1.527: [GC (CMS Final Remark) [YG occupancy: 59422 K (109248 K)]{Heap before GC invocations=4 (full 1):
 par new generation   total 109248K, used 59422K [0x00000000e0000000, 0x00000000e8000000, 0x00000000e8000000)
  eden space 87424K,  56% used [0x00000000e0000000, 0x00000000e2fdd938, 0x00000000e5560000)
  from space 21824K,  47% used [0x00000000e5560000, 0x00000000e5f89fe0, 0x00000000e6ab0000)
  to   space 21824K,   0% used [0x00000000e6ab0000, 0x00000000e6ab0000, 0x00000000e8000000)
 concurrent mark-sweep generation total 393216K, used 0K [0x00000000e8000000, 0x0000000100000000, 0x0000000100000000)
 Metaspace       used 22909K, capacity 23218K, committed 23448K, reserved 1069056K
  class space    used 2844K, capacity 2967K, committed 2968K, reserved 1048576K
2015-09-11T13:07:37.699+0200: 1.527: [GC (CMS Final Remark) 1.527: [ParNew
Desired survivor size 20112992 bytes, new threshold 8 (max 8)
- age   1:    2293896 bytes,    2293896 total
- age   2:    1501104 bytes,    3795000 total
- age   3:    1159720 bytes,    4954720 total
- age   4:    2822880 bytes,    7777600 total
- age   5:    2492984 bytes,   10270584 total
: 59422K->14739K(109248K), 0.0072274 secs] 59422K->14739K(502464K), 0.0072677 secs] [Times: user=0.00 sys=0.00, real=0.01 secs] 
Heap after GC invocations=5 (full 1):
 par new generation   total 109248K, used 14739K [0x00000000e0000000, 0x00000000e8000000, 0x00000000e8000000)
  eden space 87424K,   0% used [0x00000000e0000000, 0x00000000e0000000, 0x00000000e5560000)
  from space 21824K,  67% used [0x00000000e6ab0000, 0x00000000e7914f80, 0x00000000e8000000)
  to   space 21824K,   0% used [0x00000000e5560000, 0x00000000e5560000, 0x00000000e6ab0000)
 concurrent mark-sweep generation total 393216K, used 0K [0x00000000e8000000, 0x0000000100000000, 0x0000000100000000)
 Metaspace       used 22909K, capacity 23218K, committed 23448K, reserved 1069056K
  class space    used 2844K, capacity 2967K, committed 2968K, reserved 1048576K
}
1.534: [Rescan (parallel) , 0.0023149 secs]1.537: [weak refs processing, 0.0003859 secs]1.537: [class unloading, 0.0026144 secs]1.540: [scrub symbol table, 0.0036560 secs]1.543: [scrub string table, 0.0002710 secs][1 CMS-remark: 0K(393216K)] 14739K(502464K), 0.0173246 secs] [Times: user=0.06 sys=0.00, real=0.02 secs] 
2015-09-11T13:07:37.717+0200: 1.544: Total time for which application threads were stopped: 0.0177783 seconds, Stopping threads took: 0.0003750 seconds
2015-09-11T13:07:37.717+0200: 1.545: [CMS-concurrent-sweep-start]
2015-09-11T13:07:37.717+0200: 1.545: [CMS-concurrent-sweep: 0.000/0.000 secs] [Times: user=0.00 sys=0.00, real=0.00 secs] 
2015-09-11T13:07:37.717+0200: 1.545: [CMS-concurrent-reset-start]
2015-09-11T13:07:37.719+0200: 1.546: [CMS-concurrent-reset: 0.001/0.001 secs] [Times: user=0.00 sys=0.00, real=0.00 secs] 
{Heap before GC invocations=5 (full 1):
 par new generation   total 109248K, used 102163K [0x00000000e0000000, 0x00000000e8000000, 0x00000000e8000000)
  eden space 87424K, 100% used [0x00000000e0000000, 0x00000000e5560000, 0x00000000e5560000)
  from space 21824K,  67% used [0x00000000e6ab0000, 0x00000000e7914f80, 0x00000000e8000000)
  to   space 21824K,   0% used [0x00000000e5560000, 0x00000000e5560000, 0x00000000e6ab0000)
 concurrent mark-sweep generation total 393216K, used 0K [0x00000000e8000000, 0x0000000100000000, 0x0000000100000000)
 Metaspace       used 23752K, capacity 24112K, committed 24344K, reserved 1071104K
  class space    used 2932K, capacity 3068K, committed 3096K, reserved 1048576K
2015-09-11T13:07:37.781+0200: 1.609: [GC (Allocation Failure) 1.609: [ParNew
Desired survivor size 20112992 bytes, new threshold 8 (max 8)
- age   1:    1012936 bytes,    1012936 total
- age   2:     509960 bytes,    1522896 total
- age   3:    1500048 bytes,    3022944 total
- age   4:    1159208 bytes,    4182152 total
- age   5:    2822168 bytes,    7004320 total
- age   6:    2492984 bytes,    9497304 total
: 102163K->12608K(109248K), 0.0054639 secs] 102163K->12608K(502464K), 0.0055097 secs] [Times: user=0.06 sys=0.00, real=0.01 secs] 
Heap after GC invocations=6 (full 1):
 par new generation   total 109248K, used 12608K [0x00000000e0000000, 0x00000000e8000000, 0x00000000e8000000)
  eden space 87424K,   0% used [0x00000000e0000000, 0x00000000e0000000, 0x00000000e5560000)
  from space 21824K,  57% used [0x00000000e5560000, 0x00000000e61b0130, 0x00000000e6ab0000)
  to   space 21824K,   0% used [0x00000000e6ab0000, 0x00000000e6ab0000, 0x00000000e8000000)
 concurrent mark-sweep generation total 393216K, used 0K [0x00000000e8000000, 0x0000000100000000, 0x0000000100000000)
 Metaspace       used 23752K, capacity 24112K, committed 24344K, reserved 1071104K
  class space    used 2932K, capacity 3068K, committed 3096K, reserved 1048576K
}
2015-09-11T13:07:37.787+0200: 1.615: Total time for which application threads were stopped: 0.0056886 seconds, Stopping threads took: 0.0000214 seconds
{Heap before GC invocations=6 (full 1):
 par new generation   total 109248K, used 100032K [0x00000000e0000000, 0x00000000e8000000, 0x00000000e8000000)
  eden space 87424K, 100% used [0x00000000e0000000, 0x00000000e5560000, 0x00000000e5560000)
  from space 21824K,  57% used [0x00000000e5560000, 0x00000000e61b0130, 0x00000000e6ab0000)
  to   space 21824K,   0% used [0x00000000e6ab0000, 0x00000000e6ab0000, 0x00000000e8000000)
 concurrent mark-sweep generation total 393216K, used 0K [0x00000000e8000000, 0x0000000100000000, 0x0000000100000000)
 Metaspace       used 24315K, capacity 24694K, committed 24984K, reserved 1071104K
  class space    used 2995K, capacity 3133K, committed 3224K, reserved 1048576K
2015-09-11T13:07:37.848+0200: 1.675: [GC (Allocation Failure) 1.679: [ParNew
Desired survivor size 20112992 bytes, new threshold 8 (max 8)
- age   1:    3398264 bytes,    3398264 total
- age   2:     206616 bytes,    3604880 total
- age   3:     508512 bytes,    4113392 total
- age   4:    1500000 bytes,    5613392 total
- age   5:    1158856 bytes,    6772248 total
- age   6:    2821832 bytes,    9594080 total
- age   7:    2492872 bytes,   12086952 total
: 100032K->13417K(109248K), 0.0073189 secs] 100032K->13417K(502464K), 0.0114437 secs] [Times: user=0.00 sys=0.00, real=0.01 secs] 
Heap after GC invocations=7 (full 1):
 par new generation   total 109248K, used 13417K [0x00000000e0000000, 0x00000000e8000000, 0x00000000e8000000)
  eden space 87424K,   0% used [0x00000000e0000000, 0x00000000e0000000, 0x00000000e5560000)
  from space 21824K,  61% used [0x00000000e6ab0000, 0x00000000e77ca450, 0x00000000e8000000)
  to   space 21824K,   0% used [0x00000000e5560000, 0x00000000e5560000, 0x00000000e6ab0000)
 concurrent mark-sweep generation total 393216K, used 0K [0x00000000e8000000, 0x0000000100000000, 0x0000000100000000)
 Metaspace       used 24315K, capacity 24694K, committed 24984K, reserved 1071104K
  class space    used 2995K, capacity 3133K, committed 3224K, reserved 1048576K
}
2015-09-11T13:07:37.859+0200: 1.687: Total time for which application threads were stopped: 0.0122018 seconds, Stopping threads took: 0.0005920 seconds
2015-09-11T13:07:37.949+0200: 1.776: Total time for which application threads were stopped: 0.0003888 seconds, Stopping threads took: 0.0000243 seconds
{Heap before GC invocations=7 (full 1):
 par new generation   total 109248K, used 100841K [0x00000000e0000000, 0x00000000e8000000, 0x00000000e8000000)
  eden space 87424K, 100% used [0x00000000e0000000, 0x00000000e5560000, 0x00000000e5560000)
  from space 21824K,  61% used [0x00000000e6ab0000, 0x00000000e77ca450, 0x00000000e8000000)
  to   space 21824K,   0% used [0x00000000e5560000, 0x00000000e5560000, 0x00000000e6ab0000)
 concurrent mark-sweep generation total 393216K, used 0K [0x00000000e8000000, 0x0000000100000000, 0x0000000100000000)
 Metaspace       used 26207K, capacity 26496K, committed 26904K, reserved 1073152K
  class space    used 3208K, capacity 3328K, committed 3352K, reserved 1048576K
2015-09-11T13:07:37.985+0200: 1.812: [GC (Allocation Failure) 1.812: [ParNew
Desired survivor size 20112992 bytes, new threshold 8 (max 8)
- age   1:    2928176 bytes,    2928176 total
- age   2:    2074912 bytes,    5003088 total
- age   3:     205272 bytes,    5208360 total
- age   4:     508048 bytes,    5716408 total
- age   5:    1495920 bytes,    7212328 total
- age   6:    1147248 bytes,    8359576 total
- age   7:    2817136 bytes,   11176712 total
- age   8:    2492840 bytes,   13669552 total
: 100841K->20145K(109248K), 0.0071535 secs] 100841K->20145K(502464K), 0.0072041 secs] [Times: user=0.06 sys=0.00, real=0.01 secs] 
Heap after GC invocations=8 (full 1):
 par new generation   total 109248K, used 20145K [0x00000000e0000000, 0x00000000e8000000, 0x00000000e8000000)
  eden space 87424K,   0% used [0x00000000e0000000, 0x00000000e0000000, 0x00000000e5560000)
  from space 21824K,  92% used [0x00000000e5560000, 0x00000000e690c400, 0x00000000e6ab0000)
  to   space 21824K,   0% used [0x00000000e6ab0000, 0x00000000e6ab0000, 0x00000000e8000000)
 concurrent mark-sweep generation total 393216K, used 0K [0x00000000e8000000, 0x0000000100000000, 0x0000000100000000)
 Metaspace       used 26207K, capacity 26496K, committed 26904K, reserved 1073152K
  class space    used 3208K, capacity 3328K, committed 3352K, reserved 1048576K
}
2015-09-11T13:07:37.992+0200: 1.820: Total time for which application threads were stopped: 0.0073717 seconds, Stopping threads took: 0.0000166 seconds
2015-09-11T13:07:38.021+0200: 1.849: Total time for which application threads were stopped: 0.0003277 seconds, Stopping threads took: 0.0000278 seconds
2015-09-11T13:07:38.116+0200: 1.943: Total time for which application threads were stopped: 0.0003632 seconds, Stopping threads took: 0.0000160 seconds
2015-09-11T13:07:39.116+0200: 2.943: Total time for which application threads were stopped: 0.0001402 seconds, Stopping threads took: 0.0000272 seconds
2015-09-11T13:07:40.377+0200: 4.204: Total time for which application threads were stopped: 0.0002723 seconds, Stopping threads took: 0.0000253 seconds
2015-09-11T13:07:44.014+0200: 7.841: Total time for which application threads were stopped: 0.0000538 seconds, Stopping threads took: 0.0000138 seconds
2015-09-11T13:07:44.014+0200: 7.841: Total time for which application threads were stopped: 0.0000323 seconds, Stopping threads took: 0.0000054 seconds
2015-09-11T13:07:44.022+0200: 7.849: Total time for which application threads were stopped: 0.0002829 seconds, Stopping threads took: 0.0000118 seconds
2015-09-11T13:07:44.023+0200: 7.850: Total time for which application threads were stopped: 0.0000259 seconds, Stopping threads took: 0.0000045 seconds
2015-09-11T13:07:44.369+0200: 8.196: Total time for which application threads were stopped: 0.0001123 seconds, Stopping threads took: 0.0000186 seconds
2015-09-11T13:07:44.369+0200: 8.196: Total time for which application threads were stopped: 0.0000362 seconds, Stopping threads took: 0.0000102 seconds
2015-09-11T13:07:44.371+0200: 8.198: Total time for which application threads were stopped: 0.0000534 seconds, Stopping threads took: 0.0000125 seconds
2015-09-11T13:07:44.372+0200: 8.199: Total time for which application threads were stopped: 0.0000518 seconds, Stopping threads took: 0.0000125 seconds
2015-09-11T13:07:44.518+0200: 8.345: Total time for which application threads were stopped: 0.0000720 seconds, Stopping threads took: 0.0000150 seconds
2015-09-11T13:08:02.936+0200: 26.762: Total time for which application threads were stopped: 0.0000598 seconds, Stopping threads took: 0.0000154 seconds
2015-09-11T13:08:02.936+0200: 26.762: Total time for which application threads were stopped: 0.0000243 seconds, Stopping threads took: 0.0000067 seconds
2015-09-11T13:08:02.938+0200: 26.765: Total time for which application threads were stopped: 0.0000630 seconds, Stopping threads took: 0.0000214 seconds
{Heap before GC invocations=8 (full 1):
 par new generation   total 109248K, used 107569K [0x00000000e0000000, 0x00000000e8000000, 0x00000000e8000000)
  eden space 87424K, 100% used [0x00000000e0000000, 0x00000000e5560000, 0x00000000e5560000)
  from space 21824K,  92% used [0x00000000e5560000, 0x00000000e690c400, 0x00000000e6ab0000)
  to   space 21824K,   0% used [0x00000000e6ab0000, 0x00000000e6ab0000, 0x00000000e8000000)
 concurrent mark-sweep generation total 393216K, used 0K [0x00000000e8000000, 0x0000000100000000, 0x0000000100000000)
 Metaspace       used 28521K, capacity 28938K, committed 29208K, reserved 1075200K
  class space    used 3432K, capacity 3559K, committed 3608K, reserved 1048576K
2015-09-11T13:08:02.978+0200: 26.805: [GC (Allocation Failure) 26.805: [ParNew
Desired survivor size 20112992 bytes, new threshold 8 (max 8)
- age   1:    9541608 bytes,    9541608 total
- age   2:     804472 bytes,   10346080 total
- age   3:    2074160 bytes,   12420240 total
- age   4:     204088 bytes,   12624328 total
- age   5:     495760 bytes,   13120088 total
- age   6:     269344 bytes,   13389432 total
- age   7:    1139584 bytes,   14529016 total
- age   8:    2731544 bytes,   17260560 total
: 107569K->20493K(109248K), 0.0155848 secs] 107569K->23178K(502464K), 0.0156456 secs] [Times: user=0.06 sys=0.00, real=0.02 secs] 
Heap after GC invocations=9 (full 1):
 par new generation   total 109248K, used 20493K [0x00000000e0000000, 0x00000000e8000000, 0x00000000e8000000)
  eden space 87424K,   0% used [0x00000000e0000000, 0x00000000e0000000, 0x00000000e5560000)
  from space 21824K,  93% used [0x00000000e6ab0000, 0x00000000e7eb37b0, 0x00000000e8000000)
  to   space 21824K,   0% used [0x00000000e5560000, 0x00000000e5560000, 0x00000000e6ab0000)
 concurrent mark-sweep generation total 393216K, used 2684K [0x00000000e8000000, 0x0000000100000000, 0x0000000100000000)
 Metaspace       used 28521K, capacity 28938K, committed 29208K, reserved 1075200K
  class space    used 3432K, capacity 3559K, committed 3608K, reserved 1048576K
}
2015-09-11T13:08:02.994+0200: 26.820: Total time for which application threads were stopped: 0.0158433 seconds, Stopping threads took: 0.0000534 seconds
2015-09-11T13:08:02.994+0200: 26.821: Total time for which application threads were stopped: 0.0000762 seconds, Stopping threads took: 0.0000250 seconds
2015-09-11T13:08:02.994+0200: 26.821: Total time for which application threads were stopped: 0.0000483 seconds, Stopping threads took: 0.0000166 seconds
2015-09-11T13:08:02.994+0200: 26.821: Total time for which application threads were stopped: 0.0000448 seconds, Stopping threads took: 0.0000160 seconds
2015-09-11T13:08:02.994+0200: 26.821: Total time for which application threads were stopped: 0.0000502 seconds, Stopping threads took: 0.0000179 seconds
2015-09-11T13:08:02.995+0200: 26.821: Total time for which application threads were stopped: 0.0000826 seconds, Stopping threads took: 0.0000282 seconds
2015-09-11T13:08:02.995+0200: 26.821: Total time for which application threads were stopped: 0.0000438 seconds, Stopping threads took: 0.0000080 seconds
2015-09-11T13:08:02.995+0200: 26.821: Total time for which application threads were stopped: 0.0000330 seconds, Stopping threads took: 0.0000051 seconds
2015-09-11T13:08:02.995+0200: 26.821: Total time for which application threads were stopped: 0.0000333 seconds, Stopping threads took: 0.0000051 seconds
2015-09-11T13:08:02.995+0200: 26.822: Total time for which application threads were stopped: 0.0000598 seconds, Stopping threads took: 0.0000186 seconds
2015-09-11T13:08:02.995+0200: 26.822: Total time for which application threads were stopped: 0.0000451 seconds, Stopping threads took: 0.0000163 seconds
2015-09-11T13:08:02.995+0200: 26.822: Total time for which application threads were stopped: 0.0000461 seconds, Stopping threads took: 0.0000173 seconds
2015-09-11T13:08:02.995+0200: 26.822: Total time for which application threads were stopped: 0.0000470 seconds, Stopping threads took: 0.0000173 seconds
2015-09-11T13:08:02.995+0200: 26.822: Total time for which application threads were stopped: 0.0001830 seconds, Stopping threads took: 0.0000915 seconds
2015-09-11T13:08:03.030+0200: 26.857: Total time for which application threads were stopped: 0.0003482 seconds, Stopping threads took: 0.0000163 seconds
2015-09-11T13:08:03.032+0200: 26.859: Total time for which application threads were stopped: 0.0001718 seconds, Stopping threads took: 0.0000070 seconds
2015-09-11T13:08:03.127+0200: 26.953: Total time for which application threads were stopped: 0.0001437 seconds, Stopping threads took: 0.0000166 seconds
2015-09-11T13:08:03.274+0200: 27.101: Total time for which application threads were stopped: 0.0001200 seconds, Stopping threads took: 0.0000166 seconds
{Heap before GC invocations=9 (full 1):
 par new generation   total 109248K, used 107917K [0x00000000e0000000, 0x00000000e8000000, 0x00000000e8000000)
  eden space 87424K, 100% used [0x00000000e0000000, 0x00000000e5560000, 0x00000000e5560000)
  from space 21824K,  93% used [0x00000000e6ab0000, 0x00000000e7eb37b0, 0x00000000e8000000)
  to   space 21824K,   0% used [0x00000000e5560000, 0x00000000e5560000, 0x00000000e6ab0000)
 concurrent mark-sweep generation total 393216K, used 2684K [0x00000000e8000000, 0x0000000100000000, 0x0000000100000000)
 Metaspace       used 29472K, capacity 29834K, committed 30360K, reserved 1075200K
  class space    used 3476K, capacity 3623K, committed 3736K, reserved 1048576K
2015-09-11T13:08:03.515+0200: 27.342: [GC (Allocation Failure) 27.342: [ParNew
Desired survivor size 20112992 bytes, new threshold 6 (max 8)
- age   1:    8698680 bytes,    8698680 total
- age   2:    7963768 bytes,   16662448 total
- age   3:     803968 bytes,   17466416 total
- age   4:    2074112 bytes,   19540528 total
- age   5:     204088 bytes,   19744616 total
- age   6:     495760 bytes,   20240376 total
- age   7:     268592 bytes,   20508968 total
- age   8:    1139552 bytes,   21648520 total
: 107917K->21824K(109248K), 0.0120821 secs] 110602K->27262K(502464K), 0.0121240 secs] [Times: user=0.03 sys=0.00, real=0.01 secs] 
Heap after GC invocations=10 (full 1):
 par new generation   total 109248K, used 21824K [0x00000000e0000000, 0x00000000e8000000, 0x00000000e8000000)
  eden space 87424K,   0% used [0x00000000e0000000, 0x00000000e0000000, 0x00000000e5560000)
  from space 21824K, 100% used [0x00000000e5560000, 0x00000000e6ab0000, 0x00000000e6ab0000)
  to   space 21824K,   0% used [0x00000000e6ab0000, 0x00000000e6ab0000, 0x00000000e8000000)
 concurrent mark-sweep generation total 393216K, used 5438K [0x00000000e8000000, 0x0000000100000000, 0x0000000100000000)
 Metaspace       used 29472K, capacity 29834K, committed 30360K, reserved 1075200K
  class space    used 3476K, capacity 3623K, committed 3736K, reserved 1048576K
}
2015-09-11T13:08:03.527+0200: 27.354: Total time for which application threads were stopped: 0.0123320 seconds, Stopping threads took: 0.0000166 seconds
2015-09-11T13:08:03.528+0200: 27.354: Total time for which application threads were stopped: 0.0001331 seconds, Stopping threads took: 0.0000509 seconds
{Heap before GC invocations=10 (full 1):
 par new generation   total 109248K, used 109248K [0x00000000e0000000, 0x00000000e8000000, 0x00000000e8000000)
  eden space 87424K, 100% used [0x00000000e0000000, 0x00000000e5560000, 0x00000000e5560000)
  from space 21824K, 100% used [0x00000000e5560000, 0x00000000e6ab0000, 0x00000000e6ab0000)
  to   space 21824K,   0% used [0x00000000e6ab0000, 0x00000000e6ab0000, 0x00000000e8000000)
 concurrent mark-sweep generation total 393216K, used 5438K [0x00000000e8000000, 0x0000000100000000, 0x0000000100000000)
 Metaspace       used 29475K, capacity 29834K, committed 30360K, reserved 1075200K
  class space    used 3476K, capacity 3623K, committed 3736K, reserved 1048576K
2015-09-11T13:08:03.856+0200: 27.683: [GC (Allocation Failure) 27.683: [ParNew
Desired survivor size 20112992 bytes, new threshold 8 (max 8)
- age   1:    3473464 bytes,    3473464 total
- age   2:    4904720 bytes,    8378184 total
- age   3:    7414304 bytes,   15792488 total
- age   4:     725016 bytes,   16517504 total
- age   5:    2048640 bytes,   18566144 total
- age   6:     195432 bytes,   18761576 total
: 109248K->21824K(109248K), 0.0117416 secs] 114686K->31527K(502464K), 0.0118274 secs] [Times: user=0.00 sys=0.00, real=0.01 secs] 
Heap after GC invocations=11 (full 1):
 par new generation   total 109248K, used 21824K [0x00000000e0000000, 0x00000000e8000000, 0x00000000e8000000)
  eden space 87424K,   0% used [0x00000000e0000000, 0x00000000e0000000, 0x00000000e5560000)
  from space 21824K, 100% used [0x00000000e6ab0000, 0x00000000e8000000, 0x00000000e8000000)
  to   space 21824K,   0% used [0x00000000e5560000, 0x00000000e5560000, 0x00000000e6ab0000)
 concurrent mark-sweep generation total 393216K, used 9703K [0x00000000e8000000, 0x0000000100000000, 0x0000000100000000)
 Metaspace       used 29475K, capacity 29834K, committed 30360K, reserved 1075200K
  class space    used 3476K, capacity 3623K, committed 3736K, reserved 1048576K
}
2015-09-11T13:08:03.868+0200: 27.695: Total time for which application threads were stopped: 0.0120002 seconds, Stopping threads took: 0.0000170 seconds
{Heap before GC invocations=11 (full 1):
 par new generation   total 109248K, used 109248K [0x00000000e0000000, 0x00000000e8000000, 0x00000000e8000000)
  eden space 87424K, 100% used [0x00000000e0000000, 0x00000000e5560000, 0x00000000e5560000)
  from space 21824K, 100% used [0x00000000e6ab0000, 0x00000000e8000000, 0x00000000e8000000)
  to   space 21824K,   0% used [0x00000000e5560000, 0x00000000e5560000, 0x00000000e6ab0000)
 concurrent mark-sweep generation total 393216K, used 9703K [0x00000000e8000000, 0x0000000100000000, 0x0000000100000000)
 Metaspace       used 29476K, capacity 29834K, committed 30360K, reserved 1075200K
  class space    used 3476K, capacity 3623K, committed 3736K, reserved 1048576K
2015-09-11T13:08:04.167+0200: 27.994: [GC (Allocation Failure) 27.994: [ParNew
Desired survivor size 20112992 bytes, new threshold 8 (max 8)
- age   1:    2693528 bytes,    2693528 total
- age   2:    2505128 bytes,    5198656 total
- age   3:    4574760 bytes,    9773416 total
- age   4:    6449808 bytes,   16223224 total
- age   5:     690792 bytes,   16914016 total
- age   6:    2038040 bytes,   18952056 total
- age   7:     180952 bytes,   19133008 total
: 109248K->21824K(109248K), 0.0105896 secs] 118951K->35957K(502464K), 0.0106370 secs] [Times: user=0.00 sys=0.00, real=0.01 secs] 
Heap after GC invocations=12 (full 1):
 par new generation   total 109248K, used 21824K [0x00000000e0000000, 0x00000000e8000000, 0x00000000e8000000)
  eden space 87424K,   0% used [0x00000000e0000000, 0x00000000e0000000, 0x00000000e5560000)
  from space 21824K, 100% used [0x00000000e5560000, 0x00000000e6ab0000, 0x00000000e6ab0000)
  to   space 21824K,   0% used [0x00000000e6ab0000, 0x00000000e6ab0000, 0x00000000e8000000)
 concurrent mark-sweep generation total 393216K, used 14133K [0x00000000e8000000, 0x0000000100000000, 0x0000000100000000)
 Metaspace       used 29476K, capacity 29834K, committed 30360K, reserved 1075200K
  class space    used 3476K, capacity 3623K, committed 3736K, reserved 1048576K
}
2015-09-11T13:08:04.178+0200: 28.005: Total time for which application threads were stopped: 0.0107787 seconds, Stopping threads took: 0.0000141 seconds
{Heap before GC invocations=12 (full 1):
 par new generation   total 109248K, used 109248K [0x00000000e0000000, 0x00000000e8000000, 0x00000000e8000000)
  eden space 87424K, 100% used [0x00000000e0000000, 0x00000000e5560000, 0x00000000e5560000)
  from space 21824K, 100% used [0x00000000e5560000, 0x00000000e6ab0000, 0x00000000e6ab0000)
  to   space 21824K,   0% used [0x00000000e6ab0000, 0x00000000e6ab0000, 0x00000000e8000000)
 concurrent mark-sweep generation total 393216K, used 14133K [0x00000000e8000000, 0x0000000100000000, 0x0000000100000000)
 Metaspace       used 29482K, capacity 29834K, committed 30360K, reserved 1075200K
  class space    used 3476K, capacity 3623K, committed 3736K, reserved 1048576K
2015-09-11T13:08:04.465+0200: 28.291: [GC (Allocation Failure) 28.291: [ParNew
Desired survivor size 20112992 bytes, new threshold 7 (max 8)
- age   1:    3886312 bytes,    3886312 total
- age   2:    2526136 bytes,    6412448 total
- age   3:    2381736 bytes,    8794184 total
- age   4:    4464888 bytes,   13259072 total
- age   5:    6168176 bytes,   19427248 total
- age   6:     678936 bytes,   20106184 total
- age   7:    2036264 bytes,   22142448 total
- age   8:     176440 bytes,   22318888 total
: 109248K->21824K(109248K), 0.0126398 secs] 123381K->39560K(502464K), 0.0126987 secs] [Times: user=0.00 sys=0.00, real=0.01 secs] 
Heap after GC invocations=13 (full 1):
 par new generation   total 109248K, used 21824K [0x00000000e0000000, 0x00000000e8000000, 0x00000000e8000000)
  eden space 87424K,   0% used [0x00000000e0000000, 0x00000000e0000000, 0x00000000e5560000)
  from space 21824K, 100% used [0x00000000e6ab0000, 0x00000000e8000000, 0x00000000e8000000)
  to   space 21824K,   0% used [0x00000000e5560000, 0x00000000e5560000, 0x00000000e6ab0000)
 concurrent mark-sweep generation total 393216K, used 17736K [0x00000000e8000000, 0x0000000100000000, 0x0000000100000000)
 Metaspace       used 29482K, capacity 29834K, committed 30360K, reserved 1075200K
  class space    used 3476K, capacity 3623K, committed 3736K, reserved 1048576K
}
2015-09-11T13:08:04.477+0200: 28.304: Total time for which application threads were stopped: 0.0128597 seconds, Stopping threads took: 0.0000154 seconds
{Heap before GC invocations=13 (full 1):
 par new generation   total 109248K, used 109248K [0x00000000e0000000, 0x00000000e8000000, 0x00000000e8000000)
  eden space 87424K, 100% used [0x00000000e0000000, 0x00000000e5560000, 0x00000000e5560000)
  from space 21824K, 100% used [0x00000000e6ab0000, 0x00000000e8000000, 0x00000000e8000000)
  to   space 21824K,   0% used [0x00000000e5560000, 0x00000000e5560000, 0x00000000e6ab0000)
 concurrent mark-sweep generation total 393216K, used 17736K [0x00000000e8000000, 0x0000000100000000, 0x0000000100000000)
 Metaspace       used 29482K, capacity 29834K, committed 30360K, reserved 1075200K
  class space    used 3476K, capacity 3623K, committed 3736K, reserved 1048576K
2015-09-11T13:08:04.764+0200: 28.591: [GC (Allocation Failure) 28.591: [ParNew
Desired survivor size 20112992 bytes, new threshold 8 (max 8)
- age   1:    2604464 bytes,    2604464 total
- age   2:    2399936 bytes,    5004400 total
- age   3:    2506712 bytes,    7511112 total
- age   4:    2215632 bytes,    9726744 total
- age   5:    4457632 bytes,   14184376 total
- age   6:    3851992 bytes,   18036368 total
- age   7:     369360 bytes,   18405728 total
: 109248K->21824K(109248K), 0.0142200 secs] 126984K->50248K(502464K), 0.0142718 secs] [Times: user=0.06 sys=0.00, real=0.01 secs] 
Heap after GC invocations=14 (full 1):
 par new generation   total 109248K, used 21824K [0x00000000e0000000, 0x00000000e8000000, 0x00000000e8000000)
  eden space 87424K,   0% used [0x00000000e0000000, 0x00000000e0000000, 0x00000000e5560000)
  from space 21824K, 100% used [0x00000000e5560000, 0x00000000e6ab0000, 0x00000000e6ab0000)
  to   space 21824K,   0% used [0x00000000e6ab0000, 0x00000000e6ab0000, 0x00000000e8000000)
 concurrent mark-sweep generation total 393216K, used 28424K [0x00000000e8000000, 0x0000000100000000, 0x0000000100000000)
 Metaspace       used 29482K, capacity 29834K, committed 30360K, reserved 1075200K
  class space    used 3476K, capacity 3623K, committed 3736K, reserved 1048576K
}
2015-09-11T13:08:04.778+0200: 28.605: Total time for which application threads were stopped: 0.0144350 seconds, Stopping threads took: 0.0000176 seconds
{Heap before GC invocations=14 (full 1):
 par new generation   total 109248K, used 109248K [0x00000000e0000000, 0x00000000e8000000, 0x00000000e8000000)
  eden space 87424K, 100% used [0x00000000e0000000, 0x00000000e5560000, 0x00000000e5560000)
  from space 21824K, 100% used [0x00000000e5560000, 0x00000000e6ab0000, 0x00000000e6ab0000)
  to   space 21824K,   0% used [0x00000000e6ab0000, 0x00000000e6ab0000, 0x00000000e8000000)
 concurrent mark-sweep generation total 393216K, used 28424K [0x00000000e8000000, 0x0000000100000000, 0x0000000100000000)
 Metaspace       used 29482K, capacity 29834K, committed 30360K, reserved 1075200K
  class space    used 3476K, capacity 3623K, committed 3736K, reserved 1048576K
2015-09-11T13:08:05.054+0200: 28.881: [GC (Allocation Failure) 28.881: [ParNew
Desired survivor size 20112992 bytes, new threshold 8 (max 8)
- age   1:    1756600 bytes,    1756600 total
- age   2:    2003904 bytes,    3760504 total
- age   3:    2336960 bytes,    6097464 total
- age   4:    2259416 bytes,    8356880 total
- age   5:    2122640 bytes,   10479520 total
- age   6:    4373816 bytes,   14853336 total
- age   7:    3714336 bytes,   18567672 total
- age   8:     345240 bytes,   18912912 total
: 109248K->21824K(109248K), 0.0097423 secs] 137672K->56634K(502464K), 0.0097909 secs] [Times: user=0.06 sys=0.00, real=0.01 secs] 
Heap after GC invocations=15 (full 1):
 par new generation   total 109248K, used 21824K [0x00000000e0000000, 0x00000000e8000000, 0x00000000e8000000)
  eden space 87424K,   0% used [0x00000000e0000000, 0x00000000e0000000, 0x00000000e5560000)
  from space 21824K, 100% used [0x00000000e6ab0000, 0x00000000e8000000, 0x00000000e8000000)
  to   space 21824K,   0% used [0x00000000e5560000, 0x00000000e5560000, 0x00000000e6ab0000)
 concurrent mark-sweep generation total 393216K, used 34810K [0x00000000e8000000, 0x0000000100000000, 0x0000000100000000)
 Metaspace       used 29482K, capacity 29834K, committed 30360K, reserved 1075200K
  class space    used 3476K, capacity 3623K, committed 3736K, reserved 1048576K
}
2015-09-11T13:08:05.064+0200: 28.891: Total time for which application threads were stopped: 0.0099452 seconds, Stopping threads took: 0.0000141 seconds
{Heap before GC invocations=15 (full 1):
 par new generation   total 109248K, used 109248K [0x00000000e0000000, 0x00000000e8000000, 0x00000000e8000000)
  eden space 87424K, 100% used [0x00000000e0000000, 0x00000000e5560000, 0x00000000e5560000)
  from space 21824K, 100% used [0x00000000e6ab0000, 0x00000000e8000000, 0x00000000e8000000)
  to   space 21824K,   0% used [0x00000000e5560000, 0x00000000e5560000, 0x00000000e6ab0000)
 concurrent mark-sweep generation total 393216K, used 34810K [0x00000000e8000000, 0x0000000100000000, 0x0000000100000000)
 Metaspace       used 29482K, capacity 29834K, committed 30360K, reserved 1075200K
  class space    used 3476K, capacity 3623K, committed 3736K, reserved 1048576K
2015-09-11T13:08:05.341+0200: 29.168: [GC (Allocation Failure) 29.168: [ParNew
Desired survivor size 20112992 bytes, new threshold 8 (max 8)
- age   1:    2317696 bytes,    2317696 total
- age   2:    1671184 bytes,    3988880 total
- age   3:    1975312 bytes,    5964192 total
- age   4:    2290864 bytes,    8255056 total
- age   5:    2210488 bytes,   10465544 total
- age   6:    2079000 bytes,   12544544 total
- age   7:    4319192 bytes,   16863736 total
- age   8:    3518552 bytes,   20382288 total
: 109248K->21824K(109248K), 0.0100639 secs] 144058K->63206K(502464K), 0.0101132 secs] [Times: user=0.00 sys=0.00, real=0.01 secs] 
Heap after GC invocations=16 (full 1):
 par new generation   total 109248K, used 21824K [0x00000000e0000000, 0x00000000e8000000, 0x00000000e8000000)
  eden space 87424K,   0% used [0x00000000e0000000, 0x00000000e0000000, 0x00000000e5560000)
  from space 21824K, 100% used [0x00000000e5560000, 0x00000000e6ab0000, 0x00000000e6ab0000)
  to   space 21824K,   0% used [0x00000000e6ab0000, 0x00000000e6ab0000, 0x00000000e8000000)
 concurrent mark-sweep generation total 393216K, used 41382K [0x00000000e8000000, 0x0000000100000000, 0x0000000100000000)
 Metaspace       used 29482K, capacity 29834K, committed 30360K, reserved 1075200K
  class space    used 3476K, capacity 3623K, committed 3736K, reserved 1048576K
}
2015-09-11T13:08:05.351+0200: 29.178: Total time for which application threads were stopped: 0.0102828 seconds, Stopping threads took: 0.0000147 seconds
{Heap before GC invocations=16 (full 1):
 par new generation   total 109248K, used 109248K [0x00000000e0000000, 0x00000000e8000000, 0x00000000e8000000)
  eden space 87424K, 100% used [0x00000000e0000000, 0x00000000e5560000, 0x00000000e5560000)
  from space 21824K, 100% used [0x00000000e5560000, 0x00000000e6ab0000, 0x00000000e6ab0000)
  to   space 21824K,   0% used [0x00000000e6ab0000, 0x00000000e6ab0000, 0x00000000e8000000)
 concurrent mark-sweep generation total 393216K, used 41382K [0x00000000e8000000, 0x0000000100000000, 0x0000000100000000)
 Metaspace       used 29488K, capacity 29834K, committed 30360K, reserved 1075200K
  class space    used 3476K, capacity 3623K, committed 3736K, reserved 1048576K
2015-09-11T13:08:05.631+0200: 29.458: [GC (Allocation Failure) 29.458: [ParNew
Desired survivor size 20112992 bytes, new threshold 8 (max 8)
- age   1:    7525488 bytes,    7525488 total
- age   2:    2053016 bytes,    9578504 total
- age   3:    1435256 bytes,   11013760 total
- age   4:    1874384 bytes,   12888144 total
- age   5:    2250592 bytes,   15138736 total
- age   6:    1120424 bytes,   16259160 total
- age   7:     899064 bytes,   17158224 total
- age   8:    3274544 bytes,   20432768 total
: 109248K->21824K(109248K), 0.0115461 secs] 150630K->71323K(502464K), 0.0115931 secs] [Times: user=0.06 sys=0.00, real=0.01 secs] 
Heap after GC invocations=17 (full 1):
 par new generation   total 109248K, used 21824K [0x00000000e0000000, 0x00000000e8000000, 0x00000000e8000000)
  eden space 87424K,   0% used [0x00000000e0000000, 0x00000000e0000000, 0x00000000e5560000)
  from space 21824K, 100% used [0x00000000e6ab0000, 0x00000000e8000000, 0x00000000e8000000)
  to   space 21824K,   0% used [0x00000000e5560000, 0x00000000e5560000, 0x00000000e6ab0000)
 concurrent mark-sweep generation total 393216K, used 49499K [0x00000000e8000000, 0x0000000100000000, 0x0000000100000000)
 Metaspace       used 29488K, capacity 29834K, committed 30360K, reserved 1075200K
  class space    used 3476K, capacity 3623K, committed 3736K, reserved 1048576K
}
2015-09-11T13:08:05.643+0200: 29.470: Total time for which application threads were stopped: 0.0117467 seconds, Stopping threads took: 0.0000150 seconds
{Heap before GC invocations=17 (full 1):
 par new generation   total 109248K, used 109248K [0x00000000e0000000, 0x00000000e8000000, 0x00000000e8000000)
  eden space 87424K, 100% used [0x00000000e0000000, 0x00000000e5560000, 0x00000000e5560000)
  from space 21824K, 100% used [0x00000000e6ab0000, 0x00000000e8000000, 0x00000000e8000000)
  to   space 21824K,   0% used [0x00000000e5560000, 0x00000000e5560000, 0x00000000e6ab0000)
 concurrent mark-sweep generation total 393216K, used 49499K [0x00000000e8000000, 0x0000000100000000, 0x0000000100000000)
 Metaspace       used 29489K, capacity 29834K, committed 30360K, reserved 1075200K
  class space    used 3476K, capacity 3623K, committed 3736K, reserved 1048576K
2015-09-11T13:08:05.927+0200: 29.754: [GC (Allocation Failure) 29.754: [ParNew
Desired survivor size 20112992 bytes, new threshold 8 (max 8)
- age   1:    7901288 bytes,    7901288 total
- age   2:    2031880 bytes,    9933168 total
- age   3:    1988896 bytes,   11922064 total
- age   4:    1360896 bytes,   13282960 total
- age   5:    1814160 bytes,   15097120 total
- age   6:    2198976 bytes,   17296096 total
- age   7:    1069832 bytes,   18365928 total
- age   8:     851264 bytes,   19217192 total
: 109248K->21824K(109248K), 0.0095644 secs] 158747K->78013K(502464K), 0.0096143 secs] [Times: user=0.06 sys=0.00, real=0.01 secs] 
Heap after GC invocations=18 (full 1):
 par new generation   total 109248K, used 21824K [0x00000000e0000000, 0x00000000e8000000, 0x00000000e8000000)
  eden space 87424K,   0% used [0x00000000e0000000, 0x00000000e0000000, 0x00000000e5560000)
  from space 21824K, 100% used [0x00000000e5560000, 0x00000000e6ab0000, 0x00000000e6ab0000)
  to   space 21824K,   0% used [0x00000000e6ab0000, 0x00000000e6ab0000, 0x00000000e8000000)
 concurrent mark-sweep generation total 393216K, used 56189K [0x00000000e8000000, 0x0000000100000000, 0x0000000100000000)
 Metaspace       used 29489K, capacity 29834K, committed 30360K, reserved 1075200K
  class space    used 3476K, capacity 3623K, committed 3736K, reserved 1048576K
}
2015-09-11T13:08:05.936+0200: 29.763: Total time for which application threads were stopped: 0.0097567 seconds, Stopping threads took: 0.0000147 seconds
{Heap before GC invocations=18 (full 1):
 par new generation   total 109248K, used 109248K [0x00000000e0000000, 0x00000000e8000000, 0x00000000e8000000)
  eden space 87424K, 100% used [0x00000000e0000000, 0x00000000e5560000, 0x00000000e5560000)
  from space 21824K, 100% used [0x00000000e5560000, 0x00000000e6ab0000, 0x00000000e6ab0000)
  to   space 21824K,   0% used [0x00000000e6ab0000, 0x00000000e6ab0000, 0x00000000e8000000)
 concurrent mark-sweep generation total 393216K, used 56189K [0x00000000e8000000, 0x0000000100000000, 0x0000000100000000)
 Metaspace       used 29490K, capacity 29834K, committed 30360K, reserved 1075200K
  class space    used 3476K, capacity 3623K, committed 3736K, reserved 1048576K
2015-09-11T13:08:06.223+0200: 30.049: [GC (Allocation Failure) 30.049: [ParNew
Desired survivor size 20112992 bytes, new threshold 8 (max 8)
- age   1:    5092040 bytes,    5092040 total
- age   2:    2365152 bytes,    7457192 total
- age   3:    1987392 bytes,    9444584 total
- age   4:    1173680 bytes,   10618264 total
- age   5:     925240 bytes,   11543504 total
- age   6:    1725048 bytes,   13268552 total
- age   7:    2168808 bytes,   15437360 total
- age   8:    1041144 bytes,   16478504 total
: 109248K->21824K(109248K), 0.0090290 secs] 165437K->83944K(502464K), 0.0090757 secs] [Times: user=0.06 sys=0.00, real=0.01 secs] 
Heap after GC invocations=19 (full 1):
 par new generation   total 109248K, used 21824K [0x00000000e0000000, 0x00000000e8000000, 0x00000000e8000000)
  eden space 87424K,   0% used [0x00000000e0000000, 0x00000000e0000000, 0x00000000e5560000)
  from space 21824K, 100% used [0x00000000e6ab0000, 0x00000000e8000000, 0x00000000e8000000)
  to   space 21824K,   0% used [0x00000000e5560000, 0x00000000e5560000, 0x00000000e6ab0000)
 concurrent mark-sweep generation total 393216K, used 62120K [0x00000000e8000000, 0x0000000100000000, 0x0000000100000000)
 Metaspace       used 29490K, capacity 29834K, committed 30360K, reserved 1075200K
  class space    used 3476K, capacity 3623K, committed 3736K, reserved 1048576K
}
2015-09-11T13:08:06.232+0200: 30.059: Total time for which application threads were stopped: 0.0092172 seconds, Stopping threads took: 0.0000150 seconds
{Heap before GC invocations=19 (full 1):
 par new generation   total 109248K, used 109248K [0x00000000e0000000, 0x00000000e8000000, 0x00000000e8000000)
  eden space 87424K, 100% used [0x00000000e0000000, 0x00000000e5560000, 0x00000000e5560000)
  from space 21824K, 100% used [0x00000000e6ab0000, 0x00000000e8000000, 0x00000000e8000000)
  to   space 21824K,   0% used [0x00000000e5560000, 0x00000000e5560000, 0x00000000e6ab0000)
 concurrent mark-sweep generation total 393216K, used 62120K [0x00000000e8000000, 0x0000000100000000, 0x0000000100000000)
 Metaspace       used 29490K, capacity 29834K, committed 30360K, reserved 1075200K
  class space    used 3476K, capacity 3623K, committed 3736K, reserved 1048576K
2015-09-11T13:08:06.505+0200: 30.332: [GC (Allocation Failure) 30.332: [ParNew
Desired survivor size 20112992 bytes, new threshold 8 (max 8)
- age   1:    8309912 bytes,    8309912 total
- age   2:    3783816 bytes,   12093728 total
- age   3:    2218136 bytes,   14311864 total
- age   4:    1850264 bytes,   16162128 total
- age   5:    1003320 bytes,   17165448 total
- age   6:     789384 bytes,   17954832 total
- age   7:    1557952 bytes,   19512784 total
- age   8:    2134616 bytes,   21647400 total
: 109248K->21824K(109248K), 0.0089506 secs] 171368K->86686K(502464K), 0.0089980 secs] [Times: user=0.06 sys=0.00, real=0.01 secs] 
Heap after GC invocations=20 (full 1):
 par new generation   total 109248K, used 21824K [0x00000000e0000000, 0x00000000e8000000, 0x00000000e8000000)
  eden space 87424K,   0% used [0x00000000e0000000, 0x00000000e0000000, 0x00000000e5560000)
  from space 21824K, 100% used [0x00000000e5560000, 0x00000000e6ab0000, 0x00000000e6ab0000)
  to   space 21824K,   0% used [0x00000000e6ab0000, 0x00000000e6ab0000, 0x00000000e8000000)
 concurrent mark-sweep generation total 393216K, used 64862K [0x00000000e8000000, 0x0000000100000000, 0x0000000100000000)
 Metaspace       used 29490K, capacity 29834K, committed 30360K, reserved 1075200K
  class space    used 3476K, capacity 3623K, committed 3736K, reserved 1048576K
}
2015-09-11T13:08:06.514+0200: 30.341: Total time for which application threads were stopped: 0.0091346 seconds, Stopping threads took: 0.0000150 seconds
{Heap before GC invocations=20 (full 1):
 par new generation   total 109248K, used 109248K [0x00000000e0000000, 0x00000000e8000000, 0x00000000e8000000)
  eden space 87424K, 100% used [0x00000000e0000000, 0x00000000e5560000, 0x00000000e5560000)
  from space 21824K, 100% used [0x00000000e5560000, 0x00000000e6ab0000, 0x00000000e6ab0000)
  to   space 21824K,   0% used [0x00000000e6ab0000, 0x00000000e6ab0000, 0x00000000e8000000)
 concurrent mark-sweep generation total 393216K, used 64862K [0x00000000e8000000, 0x0000000100000000, 0x0000000100000000)
 Metaspace       used 29491K, capacity 29834K, committed 30360K, reserved 1075200K
  class space    used 3477K, capacity 3623K, committed 3736K, reserved 1048576K
2015-09-11T13:08:06.779+0200: 30.606: [GC (Allocation Failure) 30.606: [ParNew
Desired survivor size 20112992 bytes, new threshold 8 (max 8)
- age   1:    5077472 bytes,    5077472 total
- age   2:    2387512 bytes,    7464984 total
- age   3:    3264080 bytes,   10729064 total
- age   4:    2187528 bytes,   12916592 total
- age   5:    1837808 bytes,   14754400 total
- age   6:     999496 bytes,   15753896 total
- age   7:     784976 bytes,   16538872 total
- age   8:    1554192 bytes,   18093064 total
: 109248K->21824K(109248K), 0.0091599 secs] 174110K->94120K(502464K), 0.0092069 secs] [Times: user=0.00 sys=0.00, real=0.01 secs] 
Heap after GC invocations=21 (full 1):
 par new generation   total 109248K, used 21824K [0x00000000e0000000, 0x00000000e8000000, 0x00000000e8000000)
  eden space 87424K,   0% used [0x00000000e0000000, 0x00000000e0000000, 0x00000000e5560000)
  from space 21824K, 100% used [0x00000000e6ab0000, 0x00000000e8000000, 0x00000000e8000000)
  to   space 21824K,   0% used [0x00000000e5560000, 0x00000000e5560000, 0x00000000e6ab0000)
 concurrent mark-sweep generation total 393216K, used 72296K [0x00000000e8000000, 0x0000000100000000, 0x0000000100000000)
 Metaspace       used 29491K, capacity 29834K, committed 30360K, reserved 1075200K
  class space    used 3477K, capacity 3623K, committed 3736K, reserved 1048576K
}
2015-09-11T13:08:06.788+0200: 30.615: Total time for which application threads were stopped: 0.0093461 seconds, Stopping threads took: 0.0000147 seconds
{Heap before GC invocations=21 (full 1):
 par new generation   total 109248K, used 109248K [0x00000000e0000000, 0x00000000e8000000, 0x00000000e8000000)
  eden space 87424K, 100% used [0x00000000e0000000, 0x00000000e5560000, 0x00000000e5560000)
  from space 21824K, 100% used [0x00000000e6ab0000, 0x00000000e8000000, 0x00000000e8000000)
  to   space 21824K,   0% used [0x00000000e5560000, 0x00000000e5560000, 0x00000000e6ab0000)
 concurrent mark-sweep generation total 393216K, used 72296K [0x00000000e8000000, 0x0000000100000000, 0x0000000100000000)
 Metaspace       used 29493K, capacity 29834K, committed 30360K, reserved 1075200K
  class space    used 3477K, capacity 3623K, committed 3736K, reserved 1048576K
2015-09-11T13:08:07.081+0200: 30.908: [GC (Allocation Failure) 30.908: [ParNew
Desired survivor size 20112992 bytes, new threshold 8 (max 8)
- age   1:    3888144 bytes,    3888144 total
- age   2:    2395472 bytes,    6283616 total
- age   3:    2322992 bytes,    8606608 total
- age   4:    3233104 bytes,   11839712 total
- age   5:    2162168 bytes,   14001880 total
- age   6:    1824976 bytes,   15826856 total
- age   7:     985392 bytes,   16812248 total
- age   8:     772320 bytes,   17584568 total
: 109248K->21824K(109248K), 0.0091448 secs] 181544K->98967K(502464K), 0.0091951 secs] [Times: user=0.06 sys=0.00, real=0.01 secs] 
Heap after GC invocations=22 (full 1):
 par new generation   total 109248K, used 21824K [0x00000000e0000000, 0x00000000e8000000, 0x00000000e8000000)
  eden space 87424K,   0% used [0x00000000e0000000, 0x00000000e0000000, 0x00000000e5560000)
  from space 21824K, 100% used [0x00000000e5560000, 0x00000000e6ab0000, 0x00000000e6ab0000)
  to   space 21824K,   0% used [0x00000000e6ab0000, 0x00000000e6ab0000, 0x00000000e8000000)
 concurrent mark-sweep generation total 393216K, used 77143K [0x00000000e8000000, 0x0000000100000000, 0x0000000100000000)
 Metaspace       used 29493K, capacity 29834K, committed 30360K, reserved 1075200K
  class space    used 3477K, capacity 3623K, committed 3736K, reserved 1048576K
}
2015-09-11T13:08:07.091+0200: 30.918: Total time for which application threads were stopped: 0.0093349 seconds, Stopping threads took: 0.0000128 seconds
{Heap before GC invocations=22 (full 1):
 par new generation   total 109248K, used 109248K [0x00000000e0000000, 0x00000000e8000000, 0x00000000e8000000)
  eden space 87424K, 100% used [0x00000000e0000000, 0x00000000e5560000, 0x00000000e5560000)
  from space 21824K, 100% used [0x00000000e5560000, 0x00000000e6ab0000, 0x00000000e6ab0000)
  to   space 21824K,   0% used [0x00000000e6ab0000, 0x00000000e6ab0000, 0x00000000e8000000)
 concurrent mark-sweep generation total 393216K, used 77143K [0x00000000e8000000, 0x0000000100000000, 0x0000000100000000)
 Metaspace       used 29493K, capacity 29834K, committed 30360K, reserved 1075200K
  class space    used 3477K, capacity 3623K, committed 3736K, reserved 1048576K
2015-09-11T13:08:07.366+0200: 31.193: [GC (Allocation Failure) 31.193: [ParNew
Desired survivor size 20112992 bytes, new threshold 8 (max 8)
- age   1:    2514360 bytes,    2514360 total
- age   2:    2978456 bytes,    5492816 total
- age   3:    2281848 bytes,    7774664 total
- age   4:    2315560 bytes,   10090224 total
- age   5:    3227752 bytes,   13317976 total
- age   6:    2156680 bytes,   15474656 total
- age   7:    1823048 bytes,   17297704 total
- age   8:     983760 bytes,   18281464 total
: 109248K->21824K(109248K), 0.0096312 secs] 186391K->107054K(502464K), 0.0096783 secs] [Times: user=0.00 sys=0.00, real=0.01 secs] 
Heap after GC invocations=23 (full 1):
 par new generation   total 109248K, used 21824K [0x00000000e0000000, 0x00000000e8000000, 0x00000000e8000000)
  eden space 87424K,   0% used [0x00000000e0000000, 0x00000000e0000000, 0x00000000e5560000)
  from space 21824K, 100% used [0x00000000e6ab0000, 0x00000000e8000000, 0x00000000e8000000)
  to   space 21824K,   0% used [0x00000000e5560000, 0x00000000e5560000, 0x00000000e6ab0000)
 concurrent mark-sweep generation total 393216K, used 85230K [0x00000000e8000000, 0x0000000100000000, 0x0000000100000000)
 Metaspace       used 29493K, capacity 29834K, committed 30360K, reserved 1075200K
  class space    used 3477K, capacity 3623K, committed 3736K, reserved 1048576K
}
2015-09-11T13:08:07.376+0200: 31.203: Total time for which application threads were stopped: 0.0098159 seconds, Stopping threads took: 0.0000144 seconds
{Heap before GC invocations=23 (full 1):
 par new generation   total 109248K, used 109248K [0x00000000e0000000, 0x00000000e8000000, 0x00000000e8000000)
  eden space 87424K, 100% used [0x00000000e0000000, 0x00000000e5560000, 0x00000000e5560000)
  from space 21824K, 100% used [0x00000000e6ab0000, 0x00000000e8000000, 0x00000000e8000000)
  to   space 21824K,   0% used [0x00000000e5560000, 0x00000000e5560000, 0x00000000e6ab0000)
 concurrent mark-sweep generation total 393216K, used 85230K [0x00000000e8000000, 0x0000000100000000, 0x0000000100000000)
 Metaspace       used 29493K, capacity 29834K, committed 30360K, reserved 1075200K
  class space    used 3477K, capacity 3623K, committed 3736K, reserved 1048576K
2015-09-11T13:08:07.663+0200: 31.490: [GC (Allocation Failure) 31.490: [ParNew
Desired survivor size 20112992 bytes, new threshold 8 (max 8)
- age   1:    2296592 bytes,    2296592 total
- age   2:    2261288 bytes,    4557880 total
- age   3:    2314416 bytes,    6872296 total
- age   4:    2214624 bytes,    9086920 total
- age   5:    2263848 bytes,   11350768 total
- age   6:    3175936 bytes,   14526704 total
- age   7:    2105496 bytes,   16632200 total
- age   8:    1758000 bytes,   18390200 total
: 109248K->21824K(109248K), 0.0096588 secs] 194478K->111650K(502464K), 0.0097084 secs] [Times: user=0.00 sys=0.00, real=0.01 secs] 
Heap after GC invocations=24 (full 1):
 par new generation   total 109248K, used 21824K [0x00000000e0000000, 0x00000000e8000000, 0x00000000e8000000)
  eden space 87424K,   0% used [0x00000000e0000000, 0x00000000e0000000, 0x00000000e5560000)
  from space 21824K, 100% used [0x00000000e5560000, 0x00000000e6ab0000, 0x00000000e6ab0000)
  to   space 21824K,   0% used [0x00000000e6ab0000, 0x00000000e6ab0000, 0x00000000e8000000)
 concurrent mark-sweep generation total 393216K, used 89826K [0x00000000e8000000, 0x0000000100000000, 0x0000000100000000)
 Metaspace       used 29493K, capacity 29834K, committed 30360K, reserved 1075200K
  class space    used 3477K, capacity 3623K, committed 3736K, reserved 1048576K
}
2015-09-11T13:08:07.673+0200: 31.500: Total time for which application threads were stopped: 0.0098495 seconds, Stopping threads took: 0.0000147 seconds
{Heap before GC invocations=24 (full 1):
 par new generation   total 109248K, used 109248K [0x00000000e0000000, 0x00000000e8000000, 0x00000000e8000000)
  eden space 87424K, 100% used [0x00000000e0000000, 0x00000000e5560000, 0x00000000e5560000)
  from space 21824K, 100% used [0x00000000e5560000, 0x00000000e6ab0000, 0x00000000e6ab0000)
  to   space 21824K,   0% used [0x00000000e6ab0000, 0x00000000e6ab0000, 0x00000000e8000000)
 concurrent mark-sweep generation total 393216K, used 89826K [0x00000000e8000000, 0x0000000100000000, 0x0000000100000000)
 Metaspace       used 29493K, capacity 29834K, committed 30360K, reserved 1075200K
  class space    used 3477K, capacity 3623K, committed 3736K, reserved 1048576K
2015-09-11T13:08:07.947+0200: 31.774: [GC (Allocation Failure) 31.774: [ParNew
Desired survivor size 20112992 bytes, new threshold 8 (max 8)
- age   1:    2262576 bytes,    2262576 total
- age   2:    2224080 bytes,    4486656 total
- age   3:    2238896 bytes,    6725552 total
- age   4:    2296928 bytes,    9022480 total
- age   5:    2198704 bytes,   11221184 total
- age   6:    2252672 bytes,   13473856 total
- age   7:    3164320 bytes,   16638176 total
- age   8:    2093896 bytes,   18732072 total
: 109248K->21824K(109248K), 0.0099352 secs] 199074K->120966K(502464K), 0.0099800 secs] [Times: user=0.01 sys=0.00, real=0.01 secs] 
Heap after GC invocations=25 (full 1):
 par new generation   total 109248K, used 21824K [0x00000000e0000000, 0x00000000e8000000, 0x00000000e8000000)
  eden space 87424K,   0% used [0x00000000e0000000, 0x00000000e0000000, 0x00000000e5560000)
  from space 21824K, 100% used [0x00000000e6ab0000, 0x00000000e8000000, 0x00000000e8000000)
  to   space 21824K,   0% used [0x00000000e5560000, 0x00000000e5560000, 0x00000000e6ab0000)
 concurrent mark-sweep generation total 393216K, used 99142K [0x00000000e8000000, 0x0000000100000000, 0x0000000100000000)
 Metaspace       used 29493K, capacity 29834K, committed 30360K, reserved 1075200K
  class space    used 3477K, capacity 3623K, committed 3736K, reserved 1048576K
}
2015-09-11T13:08:07.957+0200: 31.784: Total time for which application threads were stopped: 0.0101199 seconds, Stopping threads took: 0.0000147 seconds
{Heap before GC invocations=25 (full 1):
 par new generation   total 109248K, used 109248K [0x00000000e0000000, 0x00000000e8000000, 0x00000000e8000000)
  eden space 87424K, 100% used [0x00000000e0000000, 0x00000000e5560000, 0x00000000e5560000)
  from space 21824K, 100% used [0x00000000e6ab0000, 0x00000000e8000000, 0x00000000e8000000)
  to   space 21824K,   0% used [0x00000000e5560000, 0x00000000e5560000, 0x00000000e6ab0000)
 concurrent mark-sweep generation total 393216K, used 99142K [0x00000000e8000000, 0x0000000100000000, 0x0000000100000000)
 Metaspace       used 29493K, capacity 29834K, committed 30360K, reserved 1075200K
  class space    used 3477K, capacity 3623K, committed 3736K, reserved 1048576K
2015-09-11T13:08:08.244+0200: 32.071: [GC (Allocation Failure) 32.071: [ParNew
Desired survivor size 20112992 bytes, new threshold 8 (max 8)
- age   1:    2274584 bytes,    2274584 total
- age   2:    2169592 bytes,    4444176 total
- age   3:    2035328 bytes,    6479504 total
- age   4:    2210352 bytes,    8689856 total
- age   5:    2268352 bytes,   10958208 total
- age   6:    2168672 bytes,   13126880 total
- age   7:    2225032 bytes,   15351912 total
- age   8:    3137024 bytes,   18488936 total
: 109248K->21824K(109248K), 0.0096370 secs] 208390K->126648K(502464K), 0.0097122 secs] [Times: user=0.02 sys=0.00, real=0.01 secs] 
Heap after GC invocations=26 (full 1):
 par new generation   total 109248K, used 21824K [0x00000000e0000000, 0x00000000e8000000, 0x00000000e8000000)
  eden space 87424K,   0% used [0x00000000e0000000, 0x00000000e0000000, 0x00000000e5560000)
  from space 21824K, 100% used [0x00000000e5560000, 0x00000000e6ab0000, 0x00000000e6ab0000)
  to   space 21824K,   0% used [0x00000000e6ab0000, 0x00000000e6ab0000, 0x00000000e8000000)
 concurrent mark-sweep generation total 393216K, used 104824K [0x00000000e8000000, 0x0000000100000000, 0x0000000100000000)
 Metaspace       used 29493K, capacity 29834K, committed 30360K, reserved 1075200K
  class space    used 3477K, capacity 3623K, committed 3736K, reserved 1048576K
}
2015-09-11T13:08:08.254+0200: 32.081: Total time for which application threads were stopped: 0.0098546 seconds, Stopping threads took: 0.0000150 seconds
{Heap before GC invocations=26 (full 1):
 par new generation   total 109248K, used 109248K [0x00000000e0000000, 0x00000000e8000000, 0x00000000e8000000)
  eden space 87424K, 100% used [0x00000000e0000000, 0x00000000e5560000, 0x00000000e5560000)
  from space 21824K, 100% used [0x00000000e5560000, 0x00000000e6ab0000, 0x00000000e6ab0000)
  to   space 21824K,   0% used [0x00000000e6ab0000, 0x00000000e6ab0000, 0x00000000e8000000)
 concurrent mark-sweep generation total 393216K, used 104824K [0x00000000e8000000, 0x0000000100000000, 0x0000000100000000)
 Metaspace       used 29494K, capacity 29834K, committed 30360K, reserved 1075200K
  class space    used 3477K, capacity 3623K, committed 3736K, reserved 1048576K
2015-09-11T13:08:08.542+0200: 32.369: [GC (Allocation Failure) 32.369: [ParNew
Desired survivor size 20112992 bytes, new threshold 8 (max 8)
- age   1:    2439856 bytes,    2439856 total
- age   2:    2177576 bytes,    4617432 total
- age   3:    2126320 bytes,    6743752 total
- age   4:    1992688 bytes,    8736440 total
- age   5:    2174608 bytes,   10911048 total
- age   6:    2234792 bytes,   13145840 total
- age   7:    2114184 bytes,   15260024 total
- age   8:    2195624 bytes,   17455648 total
: 109248K->21824K(109248K), 0.0100213 secs] 214072K->133014K(502464K), 0.0100754 secs] [Times: user=0.06 sys=0.00, real=0.01 secs] 
Heap after GC invocations=27 (full 1):
 par new generation   total 109248K, used 21824K [0x00000000e0000000, 0x00000000e8000000, 0x00000000e8000000)
  eden space 87424K,   0% used [0x00000000e0000000, 0x00000000e0000000, 0x00000000e5560000)
  from space 21824K, 100% used [0x00000000e6ab0000, 0x00000000e8000000, 0x00000000e8000000)
  to   space 21824K,   0% used [0x00000000e5560000, 0x00000000e5560000, 0x00000000e6ab0000)
 concurrent mark-sweep generation total 393216K, used 111190K [0x00000000e8000000, 0x0000000100000000, 0x0000000100000000)
 Metaspace       used 29494K, capacity 29834K, committed 30360K, reserved 1075200K
  class space    used 3477K, capacity 3623K, committed 3736K, reserved 1048576K
}
2015-09-11T13:08:08.553+0200: 32.380: Total time for which application threads were stopped: 0.0102140 seconds, Stopping threads took: 0.0000147 seconds
{Heap before GC invocations=27 (full 1):
 par new generation   total 109248K, used 109248K [0x00000000e0000000, 0x00000000e8000000, 0x00000000e8000000)
  eden space 87424K, 100% used [0x00000000e0000000, 0x00000000e5560000, 0x00000000e5560000)
  from space 21824K, 100% used [0x00000000e6ab0000, 0x00000000e8000000, 0x00000000e8000000)
  to   space 21824K,   0% used [0x00000000e5560000, 0x00000000e5560000, 0x00000000e6ab0000)
 concurrent mark-sweep generation total 393216K, used 111190K [0x00000000e8000000, 0x0000000100000000, 0x0000000100000000)
 Metaspace       used 29494K, capacity 29834K, committed 30360K, reserved 1075200K
  class space    used 3477K, capacity 3623K, committed 3736K, reserved 1048576K
2015-09-11T13:08:08.824+0200: 32.651: [GC (Allocation Failure) 32.651: [ParNew
Desired survivor size 20112992 bytes, new threshold 8 (max 8)
- age   1:    4422336 bytes,    4422336 total
- age   2:    2272512 bytes,    6694848 total
- age   3:    1917432 bytes,    8612280 total
- age   4:    2014248 bytes,   10626528 total
- age   5:    1867872 bytes,   12494400 total
- age   6:    2053024 bytes,   14547424 total
- age   7:    2117544 bytes,   16664968 total
- age   8:    2010600 bytes,   18675568 total
: 109248K->21824K(109248K), 0.0118581 secs] 220438K->142798K(502464K), 0.0119071 secs] [Times: user=0.06 sys=0.00, real=0.01 secs] 
Heap after GC invocations=28 (full 1):
 par new generation   total 109248K, used 21824K [0x00000000e0000000, 0x00000000e8000000, 0x00000000e8000000)
  eden space 87424K,   0% used [0x00000000e0000000, 0x00000000e0000000, 0x00000000e5560000)
  from space 21824K, 100% used [0x00000000e5560000, 0x00000000e6ab0000, 0x00000000e6ab0000)
  to   space 21824K,   0% used [0x00000000e6ab0000, 0x00000000e6ab0000, 0x00000000e8000000)
 concurrent mark-sweep generation total 393216K, used 120974K [0x00000000e8000000, 0x0000000100000000, 0x0000000100000000)
 Metaspace       used 29494K, capacity 29834K, committed 30360K, reserved 1075200K
  class space    used 3477K, capacity 3623K, committed 3736K, reserved 1048576K
}
2015-09-11T13:08:08.836+0200: 32.663: Total time for which application threads were stopped: 0.0120491 seconds, Stopping threads took: 0.0000150 seconds
{Heap before GC invocations=28 (full 1):
 par new generation   total 109248K, used 109248K [0x00000000e0000000, 0x00000000e8000000, 0x00000000e8000000)
  eden space 87424K, 100% used [0x00000000e0000000, 0x00000000e5560000, 0x00000000e5560000)
  from space 21824K, 100% used [0x00000000e5560000, 0x00000000e6ab0000, 0x00000000e6ab0000)
  to   space 21824K,   0% used [0x00000000e6ab0000, 0x00000000e6ab0000, 0x00000000e8000000)
 concurrent mark-sweep generation total 393216K, used 120974K [0x00000000e8000000, 0x0000000100000000, 0x0000000100000000)
 Metaspace       used 29494K, capacity 29834K, committed 30360K, reserved 1075200K
  class space    used 3477K, capacity 3623K, committed 3736K, reserved 1048576K
2015-09-11T13:08:09.131+0200: 32.958: [GC (Allocation Failure) 32.959: [ParNew
Desired survivor size 20112992 bytes, new threshold 8 (max 8)
- age   1:    4348096 bytes,    4348096 total
- age   2:    1993880 bytes,    6341976 total
- age   3:    2190640 bytes,    8532616 total
- age   4:    1870136 bytes,   10402752 total
- age   5:    1973536 bytes,   12376288 total
- age   6:    1828000 bytes,   14204288 total
- age   7:    2015152 bytes,   16219440 total
- age   8:    2082752 bytes,   18302192 total
: 109248K->21824K(109248K), 0.0101080 secs] 230222K->147633K(502464K), 0.0101823 secs] [Times: user=0.00 sys=0.00, real=0.01 secs] 
Heap after GC invocations=29 (full 1):
 par new generation   total 109248K, used 21824K [0x00000000e0000000, 0x00000000e8000000, 0x00000000e8000000)
  eden space 87424K,   0% used [0x00000000e0000000, 0x00000000e0000000, 0x00000000e5560000)
  from space 21824K, 100% used [0x00000000e6ab0000, 0x00000000e8000000, 0x00000000e8000000)
  to   space 21824K,   0% used [0x00000000e5560000, 0x00000000e5560000, 0x00000000e6ab0000)
 concurrent mark-sweep generation total 393216K, used 125809K [0x00000000e8000000, 0x0000000100000000, 0x0000000100000000)
 Metaspace       used 29494K, capacity 29834K, committed 30360K, reserved 1075200K
  class space    used 3477K, capacity 3623K, committed 3736K, reserved 1048576K
}
2015-09-11T13:08:09.142+0200: 32.969: Total time for which application threads were stopped: 0.0103237 seconds, Stopping threads took: 0.0000157 seconds
{Heap before GC invocations=29 (full 1):
 par new generation   total 109248K, used 109248K [0x00000000e0000000, 0x00000000e8000000, 0x00000000e8000000)
  eden space 87424K, 100% used [0x00000000e0000000, 0x00000000e5560000, 0x00000000e5560000)
  from space 21824K, 100% used [0x00000000e6ab0000, 0x00000000e8000000, 0x00000000e8000000)
  to   space 21824K,   0% used [0x00000000e5560000, 0x00000000e5560000, 0x00000000e6ab0000)
 concurrent mark-sweep generation total 393216K, used 125809K [0x00000000e8000000, 0x0000000100000000, 0x0000000100000000)
 Metaspace       used 29494K, capacity 29834K, committed 30360K, reserved 1075200K
  class space    used 3477K, capacity 3623K, committed 3736K, reserved 1048576K
2015-09-11T13:08:09.445+0200: 33.272: [GC (Allocation Failure) 33.272: [ParNew
Desired survivor size 20112992 bytes, new threshold 8 (max 8)
- age   1:    2841064 bytes,    2841064 total
- age   2:    4338192 bytes,    7179256 total
- age   3:    1988088 bytes,    9167344 total
- age   4:    2186024 bytes,   11353368 total
- age   5:    1867184 bytes,   13220552 total
- age   6:    1968280 bytes,   15188832 total
- age   7:    1824640 bytes,   17013472 total
- age   8:    2011120 bytes,   19024592 total
: 109248K->21824K(109248K), 0.0106056 secs] 235057K->158189K(502464K), 0.0106555 secs] [Times: user=0.01 sys=0.00, real=0.01 secs] 
Heap after GC invocations=30 (full 1):
 par new generation   total 109248K, used 21824K [0x00000000e0000000, 0x00000000e8000000, 0x00000000e8000000)
  eden space 87424K,   0% used [0x00000000e0000000, 0x00000000e0000000, 0x00000000e5560000)
  from space 21824K, 100% used [0x00000000e5560000, 0x00000000e6ab0000, 0x00000000e6ab0000)
  to   space 21824K,   0% used [0x00000000e6ab0000, 0x00000000e6ab0000, 0x00000000e8000000)
 concurrent mark-sweep generation total 393216K, used 136365K [0x00000000e8000000, 0x0000000100000000, 0x0000000100000000)
 Metaspace       used 29494K, capacity 29834K, committed 30360K, reserved 1075200K
  class space    used 3477K, capacity 3623K, committed 3736K, reserved 1048576K
}
2015-09-11T13:08:09.456+0200: 33.283: Total time for which application threads were stopped: 0.0107986 seconds, Stopping threads took: 0.0000144 seconds
{Heap before GC invocations=30 (full 1):
 par new generation   total 109248K, used 109248K [0x00000000e0000000, 0x00000000e8000000, 0x00000000e8000000)
  eden space 87424K, 100% used [0x00000000e0000000, 0x00000000e5560000, 0x00000000e5560000)
  from space 21824K, 100% used [0x00000000e5560000, 0x00000000e6ab0000, 0x00000000e6ab0000)
  to   space 21824K,   0% used [0x00000000e6ab0000, 0x00000000e6ab0000, 0x00000000e8000000)
 concurrent mark-sweep generation total 393216K, used 136365K [0x00000000e8000000, 0x0000000100000000, 0x0000000100000000)
 Metaspace       used 29494K, capacity 29834K, committed 30360K, reserved 1075200K
  class space    used 3477K, capacity 3623K, committed 3736K, reserved 1048576K
2015-09-11T13:08:09.729+0200: 33.556: [GC (Allocation Failure) 33.556: [ParNew
Desired survivor size 20112992 bytes, new threshold 8 (max 8)
- age   1:    2279264 bytes,    2279264 total
- age   2:    2694152 bytes,    4973416 total
- age   3:    4093048 bytes,    9066464 total
- age   4:    1966112 bytes,   11032576 total
- age   5:    2170016 bytes,   13202592 total
- age   6:    1851160 bytes,   15053752 total
- age   7:    1954584 bytes,   17008336 total
- age   8:    1812944 bytes,   18821280 total
: 109248K->21824K(109248K), 0.0104891 secs] 245613K->169215K(502464K), 0.0105371 secs] [Times: user=0.06 sys=0.00, real=0.01 secs] 
Heap after GC invocations=31 (full 1):
 par new generation   total 109248K, used 21824K [0x00000000e0000000, 0x00000000e8000000, 0x00000000e8000000)
  eden space 87424K,   0% used [0x00000000e0000000, 0x00000000e0000000, 0x00000000e5560000)
  from space 21824K, 100% used [0x00000000e6ab0000, 0x00000000e8000000, 0x00000000e8000000)
  to   space 21824K,   0% used [0x00000000e5560000, 0x00000000e5560000, 0x00000000e6ab0000)
 concurrent mark-sweep generation total 393216K, used 147391K [0x00000000e8000000, 0x0000000100000000, 0x0000000100000000)
 Metaspace       used 29494K, capacity 29834K, committed 30360K, reserved 1075200K
  class space    used 3477K, capacity 3623K, committed 3736K, reserved 1048576K
}
2015-09-11T13:08:09.739+0200: 33.566: Total time for which application threads were stopped: 0.0106795 seconds, Stopping threads took: 0.0000147 seconds
{Heap before GC invocations=31 (full 1):
 par new generation   total 109248K, used 109248K [0x00000000e0000000, 0x00000000e8000000, 0x00000000e8000000)
  eden space 87424K, 100% used [0x00000000e0000000, 0x00000000e5560000, 0x00000000e5560000)
  from space 21824K, 100% used [0x00000000e6ab0000, 0x00000000e8000000, 0x00000000e8000000)
  to   space 21824K,   0% used [0x00000000e5560000, 0x00000000e5560000, 0x00000000e6ab0000)
 concurrent mark-sweep generation total 393216K, used 147391K [0x00000000e8000000, 0x0000000100000000, 0x0000000100000000)
 Metaspace       used 29494K, capacity 29834K, committed 30360K, reserved 1075200K
  class space    used 3477K, capacity 3623K, committed 3736K, reserved 1048576K
2015-09-11T13:08:10.025+0200: 33.852: [GC (Allocation Failure) 33.852: [ParNew
Desired survivor size 20112992 bytes, new threshold 8 (max 8)
- age   1:    2272888 bytes,    2272888 total
- age   2:    2174832 bytes,    4447720 total
- age   3:    2164568 bytes,    6612288 total
- age   4:    4037528 bytes,   10649816 total
- age   5:    1923752 bytes,   12573568 total
- age   6:    2116344 bytes,   14689912 total
- age   7:    1804352 bytes,   16494264 total
- age   8:    1923448 bytes,   18417712 total
: 109248K->21824K(109248K), 0.0101240 secs] 256639K->175623K(502464K), 0.0101720 secs] [Times: user=0.06 sys=0.00, real=0.01 secs] 
Heap after GC invocations=32 (full 1):
 par new generation   total 109248K, used 21824K [0x00000000e0000000, 0x00000000e8000000, 0x00000000e8000000)
  eden space 87424K,   0% used [0x00000000e0000000, 0x00000000e0000000, 0x00000000e5560000)
  from space 21824K, 100% used [0x00000000e5560000, 0x00000000e6ab0000, 0x00000000e6ab0000)
  to   space 21824K,   0% used [0x00000000e6ab0000, 0x00000000e6ab0000, 0x00000000e8000000)
 concurrent mark-sweep generation total 393216K, used 153799K [0x00000000e8000000, 0x0000000100000000, 0x0000000100000000)
 Metaspace       used 29494K, capacity 29834K, committed 30360K, reserved 1075200K
  class space    used 3477K, capacity 3623K, committed 3736K, reserved 1048576K
}
2015-09-11T13:08:10.035+0200: 33.862: Total time for which application threads were stopped: 0.0103122 seconds, Stopping threads took: 0.0000147 seconds
{Heap before GC invocations=32 (full 1):
 par new generation   total 109248K, used 109248K [0x00000000e0000000, 0x00000000e8000000, 0x00000000e8000000)
  eden space 87424K, 100% used [0x00000000e0000000, 0x00000000e5560000, 0x00000000e5560000)
  from space 21824K, 100% used [0x00000000e5560000, 0x00000000e6ab0000, 0x00000000e6ab0000)
  to   space 21824K,   0% used [0x00000000e6ab0000, 0x00000000e6ab0000, 0x00000000e8000000)
 concurrent mark-sweep generation total 393216K, used 153799K [0x00000000e8000000, 0x0000000100000000, 0x0000000100000000)
 Metaspace       used 29494K, capacity 29834K, committed 30360K, reserved 1075200K
  class space    used 3477K, capacity 3623K, committed 3736K, reserved 1048576K
2015-09-11T13:08:10.332+0200: 34.159: [GC (Allocation Failure) 34.159: [ParNew
Desired survivor size 20112992 bytes, new threshold 8 (max 8)
- age   1:    2222472 bytes,    2222472 total
- age   2:    1822816 bytes,    4045288 total
- age   3:    1865928 bytes,    5911216 total
- age   4:    1768336 bytes,    7679552 total
- age   5:    3624760 bytes,   11304312 total
- age   6:    1627176 bytes,   12931488 total
- age   7:    1659928 bytes,   14591416 total
- age   8:    1407816 bytes,   15999232 total
: 109248K->21824K(109248K), 0.0099407 secs] 263047K->180750K(502464K), 0.0099887 secs] [Times: user=0.00 sys=0.00, real=0.01 secs] 
Heap after GC invocations=33 (full 1):
 par new generation   total 109248K, used 21824K [0x00000000e0000000, 0x00000000e8000000, 0x00000000e8000000)
  eden space 87424K,   0% used [0x00000000e0000000, 0x00000000e0000000, 0x00000000e5560000)
  from space 21824K, 100% used [0x00000000e6ab0000, 0x00000000e8000000, 0x00000000e8000000)
  to   space 21824K,   0% used [0x00000000e5560000, 0x00000000e5560000, 0x00000000e6ab0000)
 concurrent mark-sweep generation total 393216K, used 158926K [0x00000000e8000000, 0x0000000100000000, 0x0000000100000000)
 Metaspace       used 29494K, capacity 29834K, committed 30360K, reserved 1075200K
  class space    used 3477K, capacity 3623K, committed 3736K, reserved 1048576K
}
2015-09-11T13:08:10.342+0200: 34.169: Total time for which application threads were stopped: 0.0101295 seconds, Stopping threads took: 0.0000154 seconds
{Heap before GC invocations=33 (full 1):
 par new generation   total 109248K, used 109248K [0x00000000e0000000, 0x00000000e8000000, 0x00000000e8000000)
  eden space 87424K, 100% used [0x00000000e0000000, 0x00000000e5560000, 0x00000000e5560000)
  from space 21824K, 100% used [0x00000000e6ab0000, 0x00000000e8000000, 0x00000000e8000000)
  to   space 21824K,   0% used [0x00000000e5560000, 0x00000000e5560000, 0x00000000e6ab0000)
 concurrent mark-sweep generation total 393216K, used 158926K [0x00000000e8000000, 0x0000000100000000, 0x0000000100000000)
 Metaspace       used 29494K, capacity 29834K, committed 30360K, reserved 1075200K
  class space    used 3477K, capacity 3623K, committed 3736K, reserved 1048576K
2015-09-11T13:08:10.605+0200: 34.432: [GC (Allocation Failure) 34.432: [ParNew
Desired survivor size 20112992 bytes, new threshold 8 (max 8)
- age   1:    5956160 bytes,    5956160 total
- age   2:    2190312 bytes,    8146472 total
- age   3:    1805888 bytes,    9952360 total
- age   4:    1849264 bytes,   11801624 total
- age   5:    1752504 bytes,   13554128 total
- age   6:    3082776 bytes,   16636904 total
- age   7:    1612176 bytes,   18249080 total
- age   8:    1645832 bytes,   19894912 total
: 109248K->21824K(109248K), 0.0104619 secs] 268174K->189519K(502464K), 0.0105080 secs] [Times: user=0.06 sys=0.00, real=0.01 secs] 
Heap after GC invocations=34 (full 1):
 par new generation   total 109248K, used 21824K [0x00000000e0000000, 0x00000000e8000000, 0x00000000e8000000)
  eden space 87424K,   0% used [0x00000000e0000000, 0x00000000e0000000, 0x00000000e5560000)
  from space 21824K, 100% used [0x00000000e5560000, 0x00000000e6ab0000, 0x00000000e6ab0000)
  to   space 21824K,   0% used [0x00000000e6ab0000, 0x00000000e6ab0000, 0x00000000e8000000)
 concurrent mark-sweep generation total 393216K, used 167695K [0x00000000e8000000, 0x0000000100000000, 0x0000000100000000)
 Metaspace       used 29494K, capacity 29834K, committed 30360K, reserved 1075200K
  class space    used 3477K, capacity 3623K, committed 3736K, reserved 1048576K
}
2015-09-11T13:08:10.615+0200: 34.442: Total time for which application threads were stopped: 0.0106482 seconds, Stopping threads took: 0.0000144 seconds
{Heap before GC invocations=34 (full 1):
 par new generation   total 109248K, used 109248K [0x00000000e0000000, 0x00000000e8000000, 0x00000000e8000000)
  eden space 87424K, 100% used [0x00000000e0000000, 0x00000000e5560000, 0x00000000e5560000)
  from space 21824K, 100% used [0x00000000e5560000, 0x00000000e6ab0000, 0x00000000e6ab0000)
  to   space 21824K,   0% used [0x00000000e6ab0000, 0x00000000e6ab0000, 0x00000000e8000000)
 concurrent mark-sweep generation total 393216K, used 167695K [0x00000000e8000000, 0x0000000100000000, 0x0000000100000000)
 Metaspace       used 29494K, capacity 29834K, committed 30360K, reserved 1075200K
  class space    used 3477K, capacity 3623K, committed 3736K, reserved 1048576K
2015-09-11T13:08:10.915+0200: 34.742: [GC (Allocation Failure) 34.742: [ParNew
Desired survivor size 20112992 bytes, new threshold 8 (max 8)
- age   1:    5483952 bytes,    5483952 total
- age   2:    2314512 bytes,    7798464 total
- age   3:    2115296 bytes,    9913760 total
- age   4:    1781808 bytes,   11695568 total
- age   5:    1830592 bytes,   13526160 total
- age   6:    1739408 bytes,   15265568 total
- age   7:    3071392 bytes,   18336960 total
- age   8:    1604584 bytes,   19941544 total
: 109248K->21824K(109248K), 0.0109157 secs] 276943K->199571K(502464K), 0.0109640 secs] [Times: user=0.06 sys=0.00, real=0.01 secs] 
Heap after GC invocations=35 (full 1):
 par new generation   total 109248K, used 21824K [0x00000000e0000000, 0x00000000e8000000, 0x00000000e8000000)
  eden space 87424K,   0% used [0x00000000e0000000, 0x00000000e0000000, 0x00000000e5560000)
  from space 21824K, 100% used [0x00000000e6ab0000, 0x00000000e8000000, 0x00000000e8000000)
  to   space 21824K,   0% used [0x00000000e5560000, 0x00000000e5560000, 0x00000000e6ab0000)
 concurrent mark-sweep generation total 393216K, used 177747K [0x00000000e8000000, 0x0000000100000000, 0x0000000100000000)
 Metaspace       used 29494K, capacity 29834K, committed 30360K, reserved 1075200K
  class space    used 3477K, capacity 3623K, committed 3736K, reserved 1048576K
}
2015-09-11T13:08:10.926+0200: 34.753: Total time for which application threads were stopped: 0.0111048 seconds, Stopping threads took: 0.0000154 seconds
{Heap before GC invocations=35 (full 1):
 par new generation   total 109248K, used 109248K [0x00000000e0000000, 0x00000000e8000000, 0x00000000e8000000)
  eden space 87424K, 100% used [0x00000000e0000000, 0x00000000e5560000, 0x00000000e5560000)
  from space 21824K, 100% used [0x00000000e6ab0000, 0x00000000e8000000, 0x00000000e8000000)
  to   space 21824K,   0% used [0x00000000e5560000, 0x00000000e5560000, 0x00000000e6ab0000)
 concurrent mark-sweep generation total 393216K, used 177747K [0x00000000e8000000, 0x0000000100000000, 0x0000000100000000)
 Metaspace       used 29498K, capacity 29834K, committed 30360K, reserved 1075200K
  class space    used 3477K, capacity 3623K, committed 3736K, reserved 1048576K
2015-09-11T13:08:11.222+0200: 35.049: [GC (Allocation Failure) 35.049: [ParNew
Desired survivor size 20112992 bytes, new threshold 8 (max 8)
- age   1:    2285096 bytes,    2285096 total
- age   2:    2545528 bytes,    4830624 total
- age   3:    2225088 bytes,    7055712 total
- age   4:    2014168 bytes,    9069880 total
- age   5:    1713968 bytes,   10783848 total
- age   6:    1785344 bytes,   12569192 total
- age   7:    1706224 bytes,   14275416 total
- age   8:    3037704 bytes,   17313120 total
: 109248K->21824K(109248K), 0.0101941 secs] 286995K->205018K(502464K), 0.0102437 secs] [Times: user=0.00 sys=0.00, real=0.01 secs] 
Heap after GC invocations=36 (full 1):
 par new generation   total 109248K, used 21824K [0x00000000e0000000, 0x00000000e8000000, 0x00000000e8000000)
  eden space 87424K,   0% used [0x00000000e0000000, 0x00000000e0000000, 0x00000000e5560000)
  from space 21824K, 100% used [0x00000000e5560000, 0x00000000e6ab0000, 0x00000000e6ab0000)
  to   space 21824K,   0% used [0x00000000e6ab0000, 0x00000000e6ab0000, 0x00000000e8000000)
 concurrent mark-sweep generation total 393216K, used 183194K [0x00000000e8000000, 0x0000000100000000, 0x0000000100000000)
 Metaspace       used 29498K, capacity 29834K, committed 30360K, reserved 1075200K
  class space    used 3477K, capacity 3623K, committed 3736K, reserved 1048576K
}
2015-09-11T13:08:11.232+0200: 35.060: Total time for which application threads were stopped: 0.0103858 seconds, Stopping threads took: 0.0000150 seconds
{Heap before GC invocations=36 (full 1):
 par new generation   total 109248K, used 109248K [0x00000000e0000000, 0x00000000e8000000, 0x00000000e8000000)
  eden space 87424K, 100% used [0x00000000e0000000, 0x00000000e5560000, 0x00000000e5560000)
  from space 21824K, 100% used [0x00000000e5560000, 0x00000000e6ab0000, 0x00000000e6ab0000)
  to   space 21824K,   0% used [0x00000000e6ab0000, 0x00000000e6ab0000, 0x00000000e8000000)
 concurrent mark-sweep generation total 393216K, used 183194K [0x00000000e8000000, 0x0000000100000000, 0x0000000100000000)
 Metaspace       used 29500K, capacity 29898K, committed 30360K, reserved 1075200K
  class space    used 3477K, capacity 3623K, committed 3736K, reserved 1048576K
2015-09-11T13:08:11.528+0200: 35.355: [GC (Allocation Failure) 35.356: [ParNew
Desired survivor size 20112992 bytes, new threshold 8 (max 8)
- age   1:    2696264 bytes,    2696264 total
- age   2:    2270000 bytes,    4966264 total
- age   3:    2545840 bytes,    7512104 total
- age   4:    2226024 bytes,    9738128 total
- age   5:    2015080 bytes,   11753208 total
- age   6:    1714760 bytes,   13467968 total
- age   7:    1785536 bytes,   15253504 total
- age   8:    1706248 bytes,   16959752 total
: 109248K->21824K(109248K), 0.0104997 secs] 292442K->208014K(502464K), 0.0105477 secs] [Times: user=0.05 sys=0.02, real=0.01 secs] 
Heap after GC invocations=37 (full 1):
 par new generation   total 109248K, used 21824K [0x00000000e0000000, 0x00000000e8000000, 0x00000000e8000000)
  eden space 87424K,   0% used [0x00000000e0000000, 0x00000000e0000000, 0x00000000e5560000)
  from space 21824K, 100% used [0x00000000e6ab0000, 0x00000000e8000000, 0x00000000e8000000)
  to   space 21824K,   0% used [0x00000000e5560000, 0x00000000e5560000, 0x00000000e6ab0000)
 concurrent mark-sweep generation total 393216K, used 186190K [0x00000000e8000000, 0x0000000100000000, 0x0000000100000000)
 Metaspace       used 29500K, capacity 29898K, committed 30360K, reserved 1075200K
  class space    used 3477K, capacity 3623K, committed 3736K, reserved 1048576K
}
2015-09-11T13:08:11.539+0200: 35.366: Total time for which application threads were stopped: 0.0106920 seconds, Stopping threads took: 0.0000154 seconds
{Heap before GC invocations=37 (full 1):
 par new generation   total 109248K, used 109248K [0x00000000e0000000, 0x00000000e8000000, 0x00000000e8000000)
  eden space 87424K, 100% used [0x00000000e0000000, 0x00000000e5560000, 0x00000000e5560000)
  from space 21824K, 100% used [0x00000000e6ab0000, 0x00000000e8000000, 0x00000000e8000000)
  to   space 21824K,   0% used [0x00000000e5560000, 0x00000000e5560000, 0x00000000e6ab0000)
 concurrent mark-sweep generation total 393216K, used 186190K [0x00000000e8000000, 0x0000000100000000, 0x0000000100000000)
 Metaspace       used 29502K, capacity 29898K, committed 30360K, reserved 1075200K
  class space    used 3477K, capacity 3623K, committed 3736K, reserved 1048576K
2015-09-11T13:08:11.781+0200: 35.608: [GC (Allocation Failure) 35.608: [ParNew
Desired survivor size 20112992 bytes, new threshold 8 (max 8)
- age   1:    7732424 bytes,    7732424 total
- age   2:    2507248 bytes,   10239672 total
- age   3:    2111096 bytes,   12350768 total
- age   4:    2180032 bytes,   14530800 total
- age   5:    2084056 bytes,   16614856 total
- age   6:    1881528 bytes,   18496384 total
- age   7:    1601304 bytes,   20097688 total
- age   8:    1681688 bytes,   21779376 total
: 109248K->21824K(109248K), 0.0124862 secs] 295438K->221875K(502464K), 0.0125368 secs] [Times: user=0.00 sys=0.00, real=0.01 secs] 
Heap after GC invocations=38 (full 1):
 par new generation   total 109248K, used 21824K [0x00000000e0000000, 0x00000000e8000000, 0x00000000e8000000)
  eden space 87424K,   0% used [0x00000000e0000000, 0x00000000e0000000, 0x00000000e5560000)
  from space 21824K, 100% used [0x00000000e5560000, 0x00000000e6ab0000, 0x00000000e6ab0000)
  to   space 21824K,   0% used [0x00000000e6ab0000, 0x00000000e6ab0000, 0x00000000e8000000)
 concurrent mark-sweep generation total 393216K, used 200051K [0x00000000e8000000, 0x0000000100000000, 0x0000000100000000)
 Metaspace       used 29502K, capacity 29898K, committed 30360K, reserved 1075200K
  class space    used 3477K, capacity 3623K, committed 3736K, reserved 1048576K
}
2015-09-11T13:08:11.794+0200: 35.621: Total time for which application threads were stopped: 0.0126936 seconds, Stopping threads took: 0.0000150 seconds
2015-09-11T13:08:11.794+0200: 35.621: [GC (CMS Initial Mark) [1 CMS-initial-mark: 200051K(393216K)] 223615K(502464K), 0.0010934 secs] [Times: user=0.03 sys=0.00, real=0.00 secs] 
2015-09-11T13:08:11.795+0200: 35.622: Total time for which application threads were stopped: 0.0011750 seconds, Stopping threads took: 0.0000157 seconds
2015-09-11T13:08:11.795+0200: 35.622: [CMS-concurrent-mark-start]
2015-09-11T13:08:11.815+0200: 35.642: [CMS-concurrent-mark: 0.020/0.020 secs] [Times: user=0.06 sys=0.00, real=0.02 secs] 
2015-09-11T13:08:11.815+0200: 35.642: [CMS-concurrent-preclean-start]
2015-09-11T13:08:11.816+0200: 35.643: [CMS-concurrent-preclean: 0.001/0.001 secs] [Times: user=0.00 sys=0.00, real=0.00 secs] 
2015-09-11T13:08:11.816+0200: 35.643: [GC (CMS Final Remark) [YG occupancy: 23564 K (109248 K)]{Heap before GC invocations=38 (full 2):
 par new generation   total 109248K, used 23564K [0x00000000e0000000, 0x00000000e8000000, 0x00000000e8000000)
  eden space 87424K,   1% used [0x00000000e0000000, 0x00000000e01b3090, 0x00000000e5560000)
  from space 21824K, 100% used [0x00000000e5560000, 0x00000000e6ab0000, 0x00000000e6ab0000)
  to   space 21824K,   0% used [0x00000000e6ab0000, 0x00000000e6ab0000, 0x00000000e8000000)
 concurrent mark-sweep generation total 393216K, used 200051K [0x00000000e8000000, 0x0000000100000000, 0x0000000100000000)
 Metaspace       used 29502K, capacity 29898K, committed 30360K, reserved 1075200K
  class space    used 3477K, capacity 3623K, committed 3736K, reserved 1048576K
2015-09-11T13:08:11.816+0200: 35.643: [GC (CMS Final Remark) 35.643: [ParNew
Desired survivor size 20112992 bytes, new threshold 8 (max 8)
- age   1:       5864 bytes,       5864 total
- age   2:    5641048 bytes,    5646912 total
- age   3:    2100304 bytes,    7747216 total
- age   4:    1703392 bytes,    9450608 total
- age   5:    2155496 bytes,   11606104 total
- age   6:    2080064 bytes,   13686168 total
- age   7:    1876960 bytes,   15563128 total
- age   8:    1597968 bytes,   17161096 total
: 23564K->21824K(109248K), 0.0089087 secs] 223615K->226423K(502464K), 0.0089458 secs] [Times: user=0.00 sys=0.00, real=0.01 secs] 
Heap after GC invocations=39 (full 2):
 par new generation   total 109248K, used 21824K [0x00000000e0000000, 0x00000000e8000000, 0x00000000e8000000)
  eden space 87424K,   0% used [0x00000000e0000000, 0x00000000e0000000, 0x00000000e5560000)
  from space 21824K, 100% used [0x00000000e6ab0000, 0x00000000e8000000, 0x00000000e8000000)
  to   space 21824K,   0% used [0x00000000e5560000, 0x00000000e5560000, 0x00000000e6ab0000)
 concurrent mark-sweep generation total 393216K, used 204599K [0x00000000e8000000, 0x0000000100000000, 0x0000000100000000)
 Metaspace       used 29502K, capacity 29898K, committed 30360K, reserved 1075200K
  class space    used 3477K, capacity 3623K, committed 3736K, reserved 1048576K
}
35.652: [Rescan (parallel) , 0.0029171 secs]35.655: [weak refs processing, 0.0006934 secs]35.656: [class unloading, 0.0050732 secs]35.661: [scrub symbol table, 0.0029088 secs]35.664: [scrub string table, 0.0003645 secs][1 CMS-remark: 204599K(393216K)] 226423K(502464K), 0.0221652 secs] [Times: user=0.06 sys=0.00, real=0.02 secs] 
2015-09-11T13:08:11.838+0200: 35.665: Total time for which application threads were stopped: 0.0222685 seconds, Stopping threads took: 0.0000278 seconds
2015-09-11T13:08:11.838+0200: 35.665: [CMS-concurrent-sweep-start]
2015-09-11T13:08:11.851+0200: 35.678: [CMS-concurrent-sweep: 0.013/0.013 secs] [Times: user=0.03 sys=0.00, real=0.01 secs] 
2015-09-11T13:08:11.851+0200: 35.678: [CMS-concurrent-reset-start]
2015-09-11T13:08:11.851+0200: 35.678: [CMS-concurrent-reset: 0.000/0.000 secs] [Times: user=0.00 sys=0.00, real=0.00 secs] 
{Heap before GC invocations=39 (full 2):
 par new generation   total 109248K, used 109248K [0x00000000e0000000, 0x00000000e8000000, 0x00000000e8000000)
  eden space 87424K, 100% used [0x00000000e0000000, 0x00000000e5560000, 0x00000000e5560000)
  from space 21824K, 100% used [0x00000000e6ab0000, 0x00000000e8000000, 0x00000000e8000000)
  to   space 21824K,   0% used [0x00000000e5560000, 0x00000000e5560000, 0x00000000e6ab0000)
 concurrent mark-sweep generation total 393216K, used 104236K [0x00000000e8000000, 0x0000000100000000, 0x0000000100000000)
 Metaspace       used 29497K, capacity 29890K, committed 30360K, reserved 1075200K
  class space    used 3476K, capacity 3621K, committed 3736K, reserved 1048576K
2015-09-11T13:08:12.137+0200: 35.964: [GC (Allocation Failure) 35.964: [ParNew
Desired survivor size 20112992 bytes, new threshold 8 (max 8)
- age   1:    2522960 bytes,    2522960 total
- age   2:       1768 bytes,    2524728 total
- age   3:    5498056 bytes,    8022784 total
- age   4:    1912320 bytes,    9935104 total
- age   5:    1549112 bytes,   11484216 total
- age   6:    2034920 bytes,   13519136 total
- age   7:    2026824 bytes,   15545960 total
- age   8:    1852960 bytes,   17398920 total
: 109248K->21824K(109248K), 0.0087881 secs] 213484K->128486K(502464K), 0.0088328 secs] [Times: user=0.06 sys=0.00, real=0.01 secs] 
Heap after GC invocations=40 (full 2):
 par new generation   total 109248K, used 21824K [0x00000000e0000000, 0x00000000e8000000, 0x00000000e8000000)
  eden space 87424K,   0% used [0x00000000e0000000, 0x00000000e0000000, 0x00000000e5560000)
  from space 21824K, 100% used [0x00000000e5560000, 0x00000000e6ab0000, 0x00000000e6ab0000)
  to   space 21824K,   0% used [0x00000000e6ab0000, 0x00000000e6ab0000, 0x00000000e8000000)
 concurrent mark-sweep generation total 393216K, used 106662K [0x00000000e8000000, 0x0000000100000000, 0x0000000100000000)
 Metaspace       used 29497K, capacity 29890K, committed 30360K, reserved 1075200K
  class space    used 3476K, capacity 3621K, committed 3736K, reserved 1048576K
}
2015-09-11T13:08:12.146+0200: 35.973: Total time for which application threads were stopped: 0.0090018 seconds, Stopping threads took: 0.0000147 seconds
{Heap before GC invocations=40 (full 2):
 par new generation   total 109248K, used 109248K [0x00000000e0000000, 0x00000000e8000000, 0x00000000e8000000)
  eden space 87424K, 100% used [0x00000000e0000000, 0x00000000e5560000, 0x00000000e5560000)
  from space 21824K, 100% used [0x00000000e5560000, 0x00000000e6ab0000, 0x00000000e6ab0000)
  to   space 21824K,   0% used [0x00000000e6ab0000, 0x00000000e6ab0000, 0x00000000e8000000)
 concurrent mark-sweep generation total 393216K, used 106662K [0x00000000e8000000, 0x0000000100000000, 0x0000000100000000)
 Metaspace       used 29497K, capacity 29890K, committed 30360K, reserved 1075200K
  class space    used 3476K, capacity 3621K, committed 3736K, reserved 1048576K
2015-09-11T13:08:12.443+0200: 36.270: [GC (Allocation Failure) 36.270: [ParNew
Desired survivor size 20112992 bytes, new threshold 8 (max 8)
- age   1:    2308088 bytes,    2308088 total
- age   2:    2023696 bytes,    4331784 total
- age   3:       1768 bytes,    4333552 total
- age   4:    5303736 bytes,    9637288 total
- age   5:    1902128 bytes,   11539416 total
- age   6:    1542272 bytes,   13081688 total
- age   7:    1991000 bytes,   15072688 total
- age   8:    2023792 bytes,   17096480 total
: 109248K->21824K(109248K), 0.0087612 secs] 215910K->131552K(502464K), 0.0088073 secs] [Times: user=0.05 sys=0.00, real=0.01 secs] 
Heap after GC invocations=41 (full 2):
 par new generation   total 109248K, used 21824K [0x00000000e0000000, 0x00000000e8000000, 0x00000000e8000000)
  eden space 87424K,   0% used [0x00000000e0000000, 0x00000000e0000000, 0x00000000e5560000)
  from space 21824K, 100% used [0x00000000e6ab0000, 0x00000000e8000000, 0x00000000e8000000)
  to   space 21824K,   0% used [0x00000000e5560000, 0x00000000e5560000, 0x00000000e6ab0000)
 concurrent mark-sweep generation total 393216K, used 109728K [0x00000000e8000000, 0x0000000100000000, 0x0000000100000000)
 Metaspace       used 29497K, capacity 29890K, committed 30360K, reserved 1075200K
  class space    used 3476K, capacity 3621K, committed 3736K, reserved 1048576K
}
2015-09-11T13:08:12.452+0200: 36.279: Total time for which application threads were stopped: 0.0089464 seconds, Stopping threads took: 0.0000141 seconds
{Heap before GC invocations=41 (full 2):
 par new generation   total 109248K, used 109248K [0x00000000e0000000, 0x00000000e8000000, 0x00000000e8000000)
  eden space 87424K, 100% used [0x00000000e0000000, 0x00000000e5560000, 0x00000000e5560000)
  from space 21824K, 100% used [0x00000000e6ab0000, 0x00000000e8000000, 0x00000000e8000000)
  to   space 21824K,   0% used [0x00000000e5560000, 0x00000000e5560000, 0x00000000e6ab0000)
 concurrent mark-sweep generation total 393216K, used 109728K [0x00000000e8000000, 0x0000000100000000, 0x0000000100000000)
 Metaspace       used 29497K, capacity 29890K, committed 30360K, reserved 1075200K
  class space    used 3476K, capacity 3621K, committed 3736K, reserved 1048576K
2015-09-11T13:08:12.750+0200: 36.577: [GC (Allocation Failure) 36.577: [ParNew
Desired survivor size 20112992 bytes, new threshold 8 (max 8)
- age   1:    2709928 bytes,    2709928 total
- age   2:    2305016 bytes,    5014944 total
- age   3:    2023696 bytes,    7038640 total
- age   4:       1768 bytes,    7040408 total
- age   5:    5303736 bytes,   12344144 total
- age   6:    1902128 bytes,   14246272 total
- age   7:    1542272 bytes,   15788544 total
- age   8:    1991000 bytes,   17779544 total
: 109248K->21824K(109248K), 0.0090860 secs] 218976K->133549K(502464K), 0.0091330 secs] [Times: user=0.00 sys=0.00, real=0.01 secs] 
Heap after GC invocations=42 (full 2):
 par new generation   total 109248K, used 21824K [0x00000000e0000000, 0x00000000e8000000, 0x00000000e8000000)
  eden space 87424K,   0% used [0x00000000e0000000, 0x00000000e0000000, 0x00000000e5560000)
  from space 21824K, 100% used [0x00000000e5560000, 0x00000000e6ab0000, 0x00000000e6ab0000)
  to   space 21824K,   0% used [0x00000000e6ab0000, 0x00000000e6ab0000, 0x00000000e8000000)
 concurrent mark-sweep generation total 393216K, used 111725K [0x00000000e8000000, 0x0000000100000000, 0x0000000100000000)
 Metaspace       used 29497K, capacity 29890K, committed 30360K, reserved 1075200K
  class space    used 3476K, capacity 3621K, committed 3736K, reserved 1048576K
}
2015-09-11T13:08:12.759+0200: 36.586: Total time for which application threads were stopped: 0.0092706 seconds, Stopping threads took: 0.0000154 seconds
{Heap before GC invocations=42 (full 2):
 par new generation   total 109248K, used 109248K [0x00000000e0000000, 0x00000000e8000000, 0x00000000e8000000)
  eden space 87424K, 100% used [0x00000000e0000000, 0x00000000e5560000, 0x00000000e5560000)
  from space 21824K, 100% used [0x00000000e5560000, 0x00000000e6ab0000, 0x00000000e6ab0000)
  to   space 21824K,   0% used [0x00000000e6ab0000, 0x00000000e6ab0000, 0x00000000e8000000)
 concurrent mark-sweep generation total 393216K, used 111725K [0x00000000e8000000, 0x0000000100000000, 0x0000000100000000)
 Metaspace       used 29497K, capacity 29890K, committed 30360K, reserved 1075200K
  class space    used 3476K, capacity 3621K, committed 3736K, reserved 1048576K
2015-09-11T13:08:13.034+0200: 36.861: [GC (Allocation Failure) 36.861: [ParNew
Desired survivor size 20112992 bytes, new threshold 8 (max 8)
- age   1:    5889792 bytes,    5889792 total
- age   2:    2683888 bytes,    8573680 total
- age   3:    2300608 bytes,   10874288 total
- age   4:    2019840 bytes,   12894128 total
- age   5:       1768 bytes,   12895896 total
- age   6:    1578904 bytes,   14474800 total
- age   7:    1901168 bytes,   16375968 total
- age   8:    1541472 bytes,   17917440 total
: 109248K->21824K(109248K), 0.0095634 secs] 220973K->138979K(502464K), 0.0096130 secs] [Times: user=0.03 sys=0.00, real=0.01 secs] 
Heap after GC invocations=43 (full 2):
 par new generation   total 109248K, used 21824K [0x00000000e0000000, 0x00000000e8000000, 0x00000000e8000000)
  eden space 87424K,   0% used [0x00000000e0000000, 0x00000000e0000000, 0x00000000e5560000)
  from space 21824K, 100% used [0x00000000e6ab0000, 0x00000000e8000000, 0x00000000e8000000)
  to   space 21824K,   0% used [0x00000000e5560000, 0x00000000e5560000, 0x00000000e6ab0000)
 concurrent mark-sweep generation total 393216K, used 117155K [0x00000000e8000000, 0x0000000100000000, 0x0000000100000000)
 Metaspace       used 29497K, capacity 29890K, committed 30360K, reserved 1075200K
  class space    used 3476K, capacity 3621K, committed 3736K, reserved 1048576K
}
2015-09-11T13:08:13.044+0200: 36.871: Total time for which application threads were stopped: 0.0097644 seconds, Stopping threads took: 0.0000157 seconds
2015-09-11T13:08:14.044+0200: 37.871: Total time for which application threads were stopped: 0.0001216 seconds, Stopping threads took: 0.0000358 seconds
2015-09-11T13:08:14.287+0200: 38.114: Total time for which application threads were stopped: 0.0003878 seconds, Stopping threads took: 0.0000138 seconds
{Heap before GC invocations=43 (full 2):
 par new generation   total 109248K, used 109248K [0x00000000e0000000, 0x00000000e8000000, 0x00000000e8000000)
  eden space 87424K, 100% used [0x00000000e0000000, 0x00000000e5560000, 0x00000000e5560000)
  from space 21824K, 100% used [0x00000000e6ab0000, 0x00000000e8000000, 0x00000000e8000000)
  to   space 21824K,   0% used [0x00000000e5560000, 0x00000000e5560000, 0x00000000e6ab0000)
 concurrent mark-sweep generation total 393216K, used 117155K [0x00000000e8000000, 0x0000000100000000, 0x0000000100000000)
 Metaspace       used 29783K, capacity 30178K, committed 30616K, reserved 1077248K
  class space    used 3500K, capacity 3653K, committed 3736K, reserved 1048576K
2015-09-11T13:08:14.502+0200: 38.329: [GC (Allocation Failure) 38.329: [ParNew
Desired survivor size 20112992 bytes, new threshold 8 (max 8)
- age   1:    3593872 bytes,    3593872 total
- age   2:    5169568 bytes,    8763440 total
- age   3:    2144992 bytes,   10908432 total
- age   4:    2241656 bytes,   13150088 total
- age   5:    1978776 bytes,   15128864 total
- age   6:       1720 bytes,   15130584 total
- age   7:    1572296 bytes,   16702880 total
- age   8:    1893512 bytes,   18596392 total
: 109248K->21824K(109248K), 0.0124146 secs] 226403K->155358K(502464K), 0.0124638 secs] [Times: user=0.06 sys=0.00, real=0.01 secs] 
Heap after GC invocations=44 (full 2):
 par new generation   total 109248K, used 21824K [0x00000000e0000000, 0x00000000e8000000, 0x00000000e8000000)
  eden space 87424K,   0% used [0x00000000e0000000, 0x00000000e0000000, 0x00000000e5560000)
  from space 21824K, 100% used [0x00000000e5560000, 0x00000000e6ab0000, 0x00000000e6ab0000)
  to   space 21824K,   0% used [0x00000000e6ab0000, 0x00000000e6ab0000, 0x00000000e8000000)
 concurrent mark-sweep generation total 393216K, used 133534K [0x00000000e8000000, 0x0000000100000000, 0x0000000100000000)
 Metaspace       used 29783K, capacity 30178K, committed 30616K, reserved 1077248K
  class space    used 3500K, capacity 3653K, committed 3736K, reserved 1048576K
}
2015-09-11T13:08:14.514+0200: 38.341: Total time for which application threads were stopped: 0.0126514 seconds, Stopping threads took: 0.0000147 seconds
{Heap before GC invocations=44 (full 2):
 par new generation   total 109248K, used 109248K [0x00000000e0000000, 0x00000000e8000000, 0x00000000e8000000)
  eden space 87424K, 100% used [0x00000000e0000000, 0x00000000e5560000, 0x00000000e5560000)
  from space 21824K, 100% used [0x00000000e5560000, 0x00000000e6ab0000, 0x00000000e6ab0000)
  to   space 21824K,   0% used [0x00000000e6ab0000, 0x00000000e6ab0000, 0x00000000e8000000)
 concurrent mark-sweep generation total 393216K, used 133534K [0x00000000e8000000, 0x0000000100000000, 0x0000000100000000)
 Metaspace       used 29866K, capacity 30242K, committed 30616K, reserved 1077248K
  class space    used 3502K, capacity 3653K, committed 3736K, reserved 1048576K
2015-09-11T13:08:14.707+0200: 38.533: [GC (Allocation Failure) 38.533: [ParNew
Desired survivor size 20112992 bytes, new threshold 8 (max 8)
- age   1:      12792 bytes,      12792 total
- age   2:    3409152 bytes,    3421944 total
- age   3:    4014272 bytes,    7436216 total
- age   4:    2117864 bytes,    9554080 total
- age   5:    2044536 bytes,   11598616 total
- age   6:    1963800 bytes,   13562416 total
- age   7:       1672 bytes,   13564088 total
- age   8:    1560128 bytes,   15124216 total
: 109248K->21824K(109248K), 0.0081093 secs] 242782K->159179K(502464K), 0.0081740 secs] [Times: user=0.06 sys=0.00, real=0.01 secs] 
Heap after GC invocations=45 (full 2):
 par new generation   total 109248K, used 21824K [0x00000000e0000000, 0x00000000e8000000, 0x00000000e8000000)
  eden space 87424K,   0% used [0x00000000e0000000, 0x00000000e0000000, 0x00000000e5560000)
  from space 21824K, 100% used [0x00000000e6ab0000, 0x00000000e8000000, 0x00000000e8000000)
  to   space 21824K,   0% used [0x00000000e5560000, 0x00000000e5560000, 0x00000000e6ab0000)
 concurrent mark-sweep generation total 393216K, used 137355K [0x00000000e8000000, 0x0000000100000000, 0x0000000100000000)
 Metaspace       used 29866K, capacity 30242K, committed 30616K, reserved 1077248K
  class space    used 3502K, capacity 3653K, committed 3736K, reserved 1048576K
}
2015-09-11T13:08:14.715+0200: 38.542: Total time for which application threads were stopped: 0.0083836 seconds, Stopping threads took: 0.0000163 seconds
{Heap before GC invocations=45 (full 2):
 par new generation   total 109248K, used 109248K [0x00000000e0000000, 0x00000000e8000000, 0x00000000e8000000)
  eden space 87424K, 100% used [0x00000000e0000000, 0x00000000e5560000, 0x00000000e5560000)
  from space 21824K, 100% used [0x00000000e6ab0000, 0x00000000e8000000, 0x00000000e8000000)
  to   space 21824K,   0% used [0x00000000e5560000, 0x00000000e5560000, 0x00000000e6ab0000)
 concurrent mark-sweep generation total 393216K, used 137355K [0x00000000e8000000, 0x0000000100000000, 0x0000000100000000)
 Metaspace       used 29866K, capacity 30242K, committed 30616K, reserved 1077248K
  class space    used 3502K, capacity 3653K, committed 3736K, reserved 1048576K
2015-09-11T13:08:14.867+0200: 38.693: [GC (Allocation Failure) 38.693: [ParNew
Desired survivor size 20112992 bytes, new threshold 8 (max 8)
- age   1:     139072 bytes,     139072 total
- age   2:       2568 bytes,     141640 total
- age   3:    3409176 bytes,    3550816 total
- age   4:    3637256 bytes,    7188072 total
- age   5:    2117864 bytes,    9305936 total
- age   6:    2044536 bytes,   11350472 total
- age   7:    1963800 bytes,   13314272 total
- age   8:       1672 bytes,   13315944 total
: 109248K->17938K(109248K), 0.0076351 secs] 246603K->156838K(502464K), 0.0076789 secs] [Times: user=0.06 sys=0.00, real=0.01 secs] 
Heap after GC invocations=46 (full 2):
 par new generation   total 109248K, used 17938K [0x00000000e0000000, 0x00000000e8000000, 0x00000000e8000000)
  eden space 87424K,   0% used [0x00000000e0000000, 0x00000000e0000000, 0x00000000e5560000)
  from space 21824K,  82% used [0x00000000e5560000, 0x00000000e66e4ba8, 0x00000000e6ab0000)
  to   space 21824K,   0% used [0x00000000e6ab0000, 0x00000000e6ab0000, 0x00000000e8000000)
 concurrent mark-sweep generation total 393216K, used 138899K [0x00000000e8000000, 0x0000000100000000, 0x0000000100000000)
 Metaspace       used 29866K, capacity 30242K, committed 30616K, reserved 1077248K
  class space    used 3502K, capacity 3653K, committed 3736K, reserved 1048576K
}
2015-09-11T13:08:14.875+0200: 38.701: Total time for which application threads were stopped: 0.0078297 seconds, Stopping threads took: 0.0000170 seconds
{Heap before GC invocations=46 (full 2):
 par new generation   total 109248K, used 105362K [0x00000000e0000000, 0x00000000e8000000, 0x00000000e8000000)
  eden space 87424K, 100% used [0x00000000e0000000, 0x00000000e5560000, 0x00000000e5560000)
  from space 21824K,  82% used [0x00000000e5560000, 0x00000000e66e4ba8, 0x00000000e6ab0000)
  to   space 21824K,   0% used [0x00000000e6ab0000, 0x00000000e6ab0000, 0x00000000e8000000)
 concurrent mark-sweep generation total 393216K, used 138899K [0x00000000e8000000, 0x0000000100000000, 0x0000000100000000)
 Metaspace       used 29866K, capacity 30242K, committed 30616K, reserved 1077248K
  class space    used 3502K, capacity 3653K, committed 3736K, reserved 1048576K
2015-09-11T13:08:15.017+0200: 38.843: [GC (Allocation Failure) 38.843: [ParNew
Desired survivor size 20112992 bytes, new threshold 8 (max 8)
- age   1:      66992 bytes,      66992 total
- age   2:     127216 bytes,     194208 total
- age   3:       2568 bytes,     196776 total
- age   4:    3409152 bytes,    3605928 total
- age   5:    3637256 bytes,    7243184 total
- age   6:    2117864 bytes,    9361048 total
- age   7:    2044536 bytes,   11405584 total
- age   8:    1963800 bytes,   13369384 total
: 105362K->17188K(109248K), 0.0068159 secs] 244262K->156090K(502464K), 0.0068617 secs] [Times: user=0.00 sys=0.00, real=0.01 secs] 
Heap after GC invocations=47 (full 2):
 par new generation   total 109248K, used 17188K [0x00000000e0000000, 0x00000000e8000000, 0x00000000e8000000)
  eden space 87424K,   0% used [0x00000000e0000000, 0x00000000e0000000, 0x00000000e5560000)
  from space 21824K,  78% used [0x00000000e6ab0000, 0x00000000e7b793b8, 0x00000000e8000000)
  to   space 21824K,   0% used [0x00000000e5560000, 0x00000000e5560000, 0x00000000e6ab0000)
 concurrent mark-sweep generation total 393216K, used 138901K [0x00000000e8000000, 0x0000000100000000, 0x0000000100000000)
 Metaspace       used 29866K, capacity 30242K, committed 30616K, reserved 1077248K
  class space    used 3502K, capacity 3653K, committed 3736K, reserved 1048576K
}
2015-09-11T13:08:15.023+0200: 38.850: Total time for which application threads were stopped: 0.0070268 seconds, Stopping threads took: 0.0000173 seconds
2015-09-11T13:08:15.139+0200: 38.965: Total time for which application threads were stopped: 0.0001062 seconds, Stopping threads took: 0.0000163 seconds
{Heap before GC invocations=47 (full 2):
 par new generation   total 109248K, used 104612K [0x00000000e0000000, 0x00000000e8000000, 0x00000000e8000000)
  eden space 87424K, 100% used [0x00000000e0000000, 0x00000000e5560000, 0x00000000e5560000)
  from space 21824K,  78% used [0x00000000e6ab0000, 0x00000000e7b793b8, 0x00000000e8000000)
  to   space 21824K,   0% used [0x00000000e5560000, 0x00000000e5560000, 0x00000000e6ab0000)
 concurrent mark-sweep generation total 393216K, used 138901K [0x00000000e8000000, 0x0000000100000000, 0x0000000100000000)
 Metaspace       used 29870K, capacity 30242K, committed 30616K, reserved 1077248K
  class space    used 3503K, capacity 3653K, committed 3736K, reserved 1048576K
2015-09-11T13:08:15.265+0200: 39.092: [GC (Allocation Failure) 39.092: [ParNew
Desired survivor size 20112992 bytes, new threshold 8 (max 8)
- age   1:     193488 bytes,     193488 total
- age   2:      10784 bytes,     204272 total
- age   3:     104624 bytes,     308896 total
- age   4:       2568 bytes,     311464 total
- age   5:    3408968 bytes,    3720432 total
- age   6:    3637256 bytes,    7357688 total
- age   7:    2117864 bytes,    9475552 total
- age   8:    2044536 bytes,   11520088 total
: 104612K->14454K(109248K), 0.0060879 secs] 243514K->155300K(502464K), 0.0061404 secs] [Times: user=0.00 sys=0.00, real=0.01 secs] 
Heap after GC invocations=48 (full 2):
 par new generation   total 109248K, used 14454K [0x00000000e0000000, 0x00000000e8000000, 0x00000000e8000000)
  eden space 87424K,   0% used [0x00000000e0000000, 0x00000000e0000000, 0x00000000e5560000)
  from space 21824K,  66% used [0x00000000e5560000, 0x00000000e637d898, 0x00000000e6ab0000)
  to   space 21824K,   0% used [0x00000000e6ab0000, 0x00000000e6ab0000, 0x00000000e8000000)
 concurrent mark-sweep generation total 393216K, used 140846K [0x00000000e8000000, 0x0000000100000000, 0x0000000100000000)
 Metaspace       used 29870K, capacity 30242K, committed 30616K, reserved 1077248K
  class space    used 3503K, capacity 3653K, committed 3736K, reserved 1048576K
}
2015-09-11T13:08:15.272+0200: 39.098: Total time for which application threads were stopped: 0.0063074 seconds, Stopping threads took: 0.0000176 seconds
{Heap before GC invocations=48 (full 2):
 par new generation   total 109248K, used 101878K [0x00000000e0000000, 0x00000000e8000000, 0x00000000e8000000)
  eden space 87424K, 100% used [0x00000000e0000000, 0x00000000e5560000, 0x00000000e5560000)
  from space 21824K,  66% used [0x00000000e5560000, 0x00000000e637d898, 0x00000000e6ab0000)
  to   space 21824K,   0% used [0x00000000e6ab0000, 0x00000000e6ab0000, 0x00000000e8000000)
 concurrent mark-sweep generation total 393216K, used 140846K [0x00000000e8000000, 0x0000000100000000, 0x0000000100000000)
 Metaspace       used 29871K, capacity 30242K, committed 30616K, reserved 1077248K
  class space    used 3503K, capacity 3653K, committed 3736K, reserved 1048576K
2015-09-11T13:08:15.375+0200: 39.201: [GC (Allocation Failure) 39.201: [ParNew
Desired survivor size 20112992 bytes, new threshold 8 (max 8)
- age   1:     168104 bytes,     168104 total
- age   2:      94160 bytes,     262264 total
- age   3:      10784 bytes,     273048 total
- age   4:     104624 bytes,     377672 total
- age   5:       2568 bytes,     380240 total
- age   6:    3408968 bytes,    3789208 total
- age   7:    3637256 bytes,    7426464 total
- age   8:    2117864 bytes,    9544328 total
: 101878K->11461K(109248K), 0.0055139 secs] 242724K->154331K(502464K), 0.0055587 secs] [Times: user=0.00 sys=0.00, real=0.01 secs] 
Heap after GC invocations=49 (full 2):
 par new generation   total 109248K, used 11461K [0x00000000e0000000, 0x00000000e8000000, 0x00000000e8000000)
  eden space 87424K,   0% used [0x00000000e0000000, 0x00000000e0000000, 0x00000000e5560000)
  from space 21824K,  52% used [0x00000000e6ab0000, 0x00000000e75e14b8, 0x00000000e8000000)
  to   space 21824K,   0% used [0x00000000e5560000, 0x00000000e5560000, 0x00000000e6ab0000)
 concurrent mark-sweep generation total 393216K, used 142870K [0x00000000e8000000, 0x0000000100000000, 0x0000000100000000)
 Metaspace       used 29871K, capacity 30242K, committed 30616K, reserved 1077248K
  class space    used 3503K, capacity 3653K, committed 3736K, reserved 1048576K
}
2015-09-11T13:08:15.381+0200: 39.207: Total time for which application threads were stopped: 0.0057231 seconds, Stopping threads took: 0.0000192 seconds
{Heap before GC invocations=49 (full 2):
 par new generation   total 109248K, used 98885K [0x00000000e0000000, 0x00000000e8000000, 0x00000000e8000000)
  eden space 87424K, 100% used [0x00000000e0000000, 0x00000000e5560000, 0x00000000e5560000)
  from space 21824K,  52% used [0x00000000e6ab0000, 0x00000000e75e14b8, 0x00000000e8000000)
  to   space 21824K,   0% used [0x00000000e5560000, 0x00000000e5560000, 0x00000000e6ab0000)
 concurrent mark-sweep generation total 393216K, used 142870K [0x00000000e8000000, 0x0000000100000000, 0x0000000100000000)
 Metaspace       used 29873K, capacity 30242K, committed 30616K, reserved 1077248K
  class space    used 3503K, capacity 3653K, committed 3736K, reserved 1048576K
2015-09-11T13:08:15.492+0200: 39.318: [GC (Allocation Failure) 39.318: [ParNew
Desired survivor size 20112992 bytes, new threshold 8 (max 8)
- age   1:     222960 bytes,     222960 total
- age   2:        688 bytes,     223648 total
- age   3:      94160 bytes,     317808 total
- age   4:      10784 bytes,     328592 total
- age   5:     104624 bytes,     433216 total
- age   6:       2568 bytes,     435784 total
- age   7:    3408968 bytes,    3844752 total
- age   8:    3637256 bytes,    7482008 total
: 98885K->14381K(109248K), 0.0079951 secs] 241755K->159345K(502464K), 0.0080441 secs] [Times: user=0.06 sys=0.00, real=0.01 secs] 
Heap after GC invocations=50 (full 2):
 par new generation   total 109248K, used 14381K [0x00000000e0000000, 0x00000000e8000000, 0x00000000e8000000)
  eden space 87424K,   0% used [0x00000000e0000000, 0x00000000e0000000, 0x00000000e5560000)
  from space 21824K,  65% used [0x00000000e5560000, 0x00000000e636b440, 0x00000000e6ab0000)
  to   space 21824K,   0% used [0x00000000e6ab0000, 0x00000000e6ab0000, 0x00000000e8000000)
 concurrent mark-sweep generation total 393216K, used 144964K [0x00000000e8000000, 0x0000000100000000, 0x0000000100000000)
 Metaspace       used 29873K, capacity 30242K, committed 30616K, reserved 1077248K
  class space    used 3503K, capacity 3653K, committed 3736K, reserved 1048576K
}
2015-09-11T13:08:15.500+0200: 39.326: Total time for which application threads were stopped: 0.0081989 seconds, Stopping threads took: 0.0000166 seconds
{Heap before GC invocations=50 (full 2):
 par new generation   total 109248K, used 101805K [0x00000000e0000000, 0x00000000e8000000, 0x00000000e8000000)
  eden space 87424K, 100% used [0x00000000e0000000, 0x00000000e5560000, 0x00000000e5560000)
  from space 21824K,  65% used [0x00000000e5560000, 0x00000000e636b440, 0x00000000e6ab0000)
  to   space 21824K,   0% used [0x00000000e6ab0000, 0x00000000e6ab0000, 0x00000000e8000000)
 concurrent mark-sweep generation total 393216K, used 144964K [0x00000000e8000000, 0x0000000100000000, 0x0000000100000000)
 Metaspace       used 29900K, capacity 30306K, committed 30616K, reserved 1077248K
  class space    used 3507K, capacity 3653K, committed 3736K, reserved 1048576K
2015-09-11T13:08:15.830+0200: 39.657: [GC (Allocation Failure) 39.657: [ParNew
Desired survivor size 20112992 bytes, new threshold 8 (max 8)
- age   1:    4317112 bytes,    4317112 total
- age   2:        496 bytes,    4317608 total
- age   3:        688 bytes,    4318296 total
- age   4:      94160 bytes,    4412456 total
- age   5:      10784 bytes,    4423240 total
- age   6:     104624 bytes,    4527864 total
- age   7:       2568 bytes,    4530432 total
- age   8:    3325120 bytes,    7855552 total
: 101805K->10308K(109248K), 0.0061983 secs] 246769K->158746K(502464K), 0.0062658 secs] [Times: user=0.06 sys=0.00, real=0.01 secs] 
Heap after GC invocations=51 (full 2):
 par new generation   total 109248K, used 10308K [0x00000000e0000000, 0x00000000e8000000, 0x00000000e8000000)
  eden space 87424K,   0% used [0x00000000e0000000, 0x00000000e0000000, 0x00000000e5560000)
  from space 21824K,  47% used [0x00000000e6ab0000, 0x00000000e74c1350, 0x00000000e8000000)
  to   space 21824K,   0% used [0x00000000e5560000, 0x00000000e5560000, 0x00000000e6ab0000)
 concurrent mark-sweep generation total 393216K, used 148437K [0x00000000e8000000, 0x0000000100000000, 0x0000000100000000)
 Metaspace       used 29900K, capacity 30306K, committed 30616K, reserved 1077248K
  class space    used 3507K, capacity 3653K, committed 3736K, reserved 1048576K
}
2015-09-11T13:08:15.837+0200: 39.663: Total time for which application threads were stopped: 0.0064386 seconds, Stopping threads took: 0.0000160 seconds
{Heap before GC invocations=51 (full 2):
 par new generation   total 109248K, used 97732K [0x00000000e0000000, 0x00000000e8000000, 0x00000000e8000000)
  eden space 87424K, 100% used [0x00000000e0000000, 0x00000000e5560000, 0x00000000e5560000)
  from space 21824K,  47% used [0x00000000e6ab0000, 0x00000000e74c1350, 0x00000000e8000000)
  to   space 21824K,   0% used [0x00000000e5560000, 0x00000000e5560000, 0x00000000e6ab0000)
 concurrent mark-sweep generation total 393216K, used 148437K [0x00000000e8000000, 0x0000000100000000, 0x0000000100000000)
 Metaspace       used 29900K, capacity 30306K, committed 30616K, reserved 1077248K
  class space    used 3507K, capacity 3653K, committed 3736K, reserved 1048576K
2015-09-11T13:08:16.108+0200: 39.934: [GC (Allocation Failure) 39.934: [ParNew
Desired survivor size 20112992 bytes, new threshold 8 (max 8)
- age   1:    5280344 bytes,    5280344 total
- age   2:    2941792 bytes,    8222136 total
- age   3:        496 bytes,    8222632 total
- age   4:        688 bytes,    8223320 total
- age   5:      94160 bytes,    8317480 total
- age   6:      10784 bytes,    8328264 total
- age   7:     104624 bytes,    8432888 total
- age   8:       2568 bytes,    8435456 total
: 97732K->10284K(109248K), 0.0061273 secs] 246170K->161981K(502464K), 0.0061766 secs] [Times: user=0.00 sys=0.00, real=0.01 secs] 
Heap after GC invocations=52 (full 2):
 par new generation   total 109248K, used 10284K [0x00000000e0000000, 0x00000000e8000000, 0x00000000e8000000)
  eden space 87424K,   0% used [0x00000000e0000000, 0x00000000e0000000, 0x00000000e5560000)
  from space 21824K,  47% used [0x00000000e5560000, 0x00000000e5f6b2d0, 0x00000000e6ab0000)
  to   space 21824K,   0% used [0x00000000e6ab0000, 0x00000000e6ab0000, 0x00000000e8000000)
 concurrent mark-sweep generation total 393216K, used 151696K [0x00000000e8000000, 0x0000000100000000, 0x0000000100000000)
 Metaspace       used 29900K, capacity 30306K, committed 30616K, reserved 1077248K
  class space    used 3507K, capacity 3653K, committed 3736K, reserved 1048576K
}
2015-09-11T13:08:16.114+0200: 39.940: Total time for which application threads were stopped: 0.0063196 seconds, Stopping threads took: 0.0000150 seconds
{Heap before GC invocations=52 (full 2):
 par new generation   total 109248K, used 97708K [0x00000000e0000000, 0x00000000e8000000, 0x00000000e8000000)
  eden space 87424K, 100% used [0x00000000e0000000, 0x00000000e5560000, 0x00000000e5560000)
  from space 21824K,  47% used [0x00000000e5560000, 0x00000000e5f6b2d0, 0x00000000e6ab0000)
  to   space 21824K,   0% used [0x00000000e6ab0000, 0x00000000e6ab0000, 0x00000000e8000000)
 concurrent mark-sweep generation total 393216K, used 151696K [0x00000000e8000000, 0x0000000100000000, 0x0000000100000000)
 Metaspace       used 29900K, capacity 30306K, committed 30616K, reserved 1077248K
  class space    used 3507K, capacity 3653K, committed 3736K, reserved 1048576K
2015-09-11T13:08:16.380+0200: 40.206: [GC (Allocation Failure) 40.206: [ParNew
Desired survivor size 20112992 bytes, new threshold 8 (max 8)
- age   1:    5306352 bytes,    5306352 total
- age   2:    3469384 bytes,    8775736 total
- age   3:    2932544 bytes,   11708280 total
- age   4:        496 bytes,   11708776 total
- age   5:        688 bytes,   11709464 total
- age   6:      94160 bytes,   11803624 total
- age   7:      10784 bytes,   11814408 total
- age   8:     104624 bytes,   11919032 total
: 97708K->15651K(109248K), 0.0070255 secs] 249405K->167350K(502464K), 0.0070694 secs] [Times: user=0.06 sys=0.00, real=0.01 secs] 
Heap after GC invocations=53 (full 2):
 par new generation   total 109248K, used 15651K [0x00000000e0000000, 0x00000000e8000000, 0x00000000e8000000)
  eden space 87424K,   0% used [0x00000000e0000000, 0x00000000e0000000, 0x00000000e5560000)
  from space 21824K,  71% used [0x00000000e6ab0000, 0x00000000e79f8ec0, 0x00000000e8000000)
  to   space 21824K,   0% used [0x00000000e5560000, 0x00000000e5560000, 0x00000000e6ab0000)
 concurrent mark-sweep generation total 393216K, used 151699K [0x00000000e8000000, 0x0000000100000000, 0x0000000100000000)
 Metaspace       used 29900K, capacity 30306K, committed 30616K, reserved 1077248K
  class space    used 3507K, capacity 3653K, committed 3736K, reserved 1048576K
}
2015-09-11T13:08:16.387+0200: 40.214: Total time for which application threads were stopped: 0.0072095 seconds, Stopping threads took: 0.0000160 seconds
{Heap before GC invocations=53 (full 2):
 par new generation   total 109248K, used 103075K [0x00000000e0000000, 0x00000000e8000000, 0x00000000e8000000)
  eden space 87424K, 100% used [0x00000000e0000000, 0x00000000e5560000, 0x00000000e5560000)
  from space 21824K,  71% used [0x00000000e6ab0000, 0x00000000e79f8ec0, 0x00000000e8000000)
  to   space 21824K,   0% used [0x00000000e5560000, 0x00000000e5560000, 0x00000000e6ab0000)
 concurrent mark-sweep generation total 393216K, used 151699K [0x00000000e8000000, 0x0000000100000000, 0x0000000100000000)
 Metaspace       used 29900K, capacity 30306K, committed 30616K, reserved 1077248K
  class space    used 3507K, capacity 3653K, committed 3736K, reserved 1048576K
2015-09-11T13:08:16.657+0200: 40.483: [GC (Allocation Failure) 40.483: [ParNew
Desired survivor size 20112992 bytes, new threshold 8 (max 8)
- age   1:    9541688 bytes,    9541688 total
- age   2:    2775096 bytes,   12316784 total
- age   3:    2682872 bytes,   14999656 total
- age   4:    2932544 bytes,   17932200 total
- age   5:        496 bytes,   17932696 total
- age   6:        688 bytes,   17933384 total
- age   7:      94160 bytes,   18027544 total
- age   8:      10784 bytes,   18038328 total
: 103075K->20083K(109248K), 0.0073068 secs] 254774K->171884K(502464K), 0.0073829 secs] [Times: user=0.06 sys=0.00, real=0.01 secs] 
Heap after GC invocations=54 (full 2):
 par new generation   total 109248K, used 20083K [0x00000000e0000000, 0x00000000e8000000, 0x00000000e8000000)
  eden space 87424K,   0% used [0x00000000e0000000, 0x00000000e0000000, 0x00000000e5560000)
  from space 21824K,  92% used [0x00000000e5560000, 0x00000000e68fcc30, 0x00000000e6ab0000)
  to   space 21824K,   0% used [0x00000000e6ab0000, 0x00000000e6ab0000, 0x00000000e8000000)
 concurrent mark-sweep generation total 393216K, used 151801K [0x00000000e8000000, 0x0000000100000000, 0x0000000100000000)
 Metaspace       used 29900K, capacity 30306K, committed 30616K, reserved 1077248K
  class space    used 3507K, capacity 3653K, committed 3736K, reserved 1048576K
}
2015-09-11T13:08:16.664+0200: 40.491: Total time for which application threads were stopped: 0.0075295 seconds, Stopping threads took: 0.0000150 seconds
{Heap before GC invocations=54 (full 2):
 par new generation   total 109248K, used 107507K [0x00000000e0000000, 0x00000000e8000000, 0x00000000e8000000)
  eden space 87424K, 100% used [0x00000000e0000000, 0x00000000e5560000, 0x00000000e5560000)
  from space 21824K,  92% used [0x00000000e5560000, 0x00000000e68fcc30, 0x00000000e6ab0000)
  to   space 21824K,   0% used [0x00000000e6ab0000, 0x00000000e6ab0000, 0x00000000e8000000)
 concurrent mark-sweep generation total 393216K, used 151801K [0x00000000e8000000, 0x0000000100000000, 0x0000000100000000)
 Metaspace       used 29900K, capacity 30306K, committed 30616K, reserved 1077248K
  class space    used 3507K, capacity 3653K, committed 3736K, reserved 1048576K
2015-09-11T13:08:16.936+0200: 40.763: [GC (Allocation Failure) 40.763: [ParNew
Desired survivor size 20112992 bytes, new threshold 8 (max 8)
- age   1:    6308320 bytes,    6308320 total
- age   2:    4173432 bytes,   10481752 total
- age   3:    2693112 bytes,   13174864 total
- age   4:    2674664 bytes,   15849528 total
- age   5:    2928272 bytes,   18777800 total
- age   6:        496 bytes,   18778296 total
- age   7:        688 bytes,   18778984 total
- age   8:      94160 bytes,   18873144 total
: 107507K->21824K(109248K), 0.0074332 secs] 259308K->175012K(502464K), 0.0075090 secs] [Times: user=0.03 sys=0.00, real=0.01 secs] 
Heap after GC invocations=55 (full 2):
 par new generation   total 109248K, used 21824K [0x00000000e0000000, 0x00000000e8000000, 0x00000000e8000000)
  eden space 87424K,   0% used [0x00000000e0000000, 0x00000000e0000000, 0x00000000e5560000)
  from space 21824K, 100% used [0x00000000e6ab0000, 0x00000000e8000000, 0x00000000e8000000)
  to   space 21824K,   0% used [0x00000000e5560000, 0x00000000e5560000, 0x00000000e6ab0000)
 concurrent mark-sweep generation total 393216K, used 153188K [0x00000000e8000000, 0x0000000100000000, 0x0000000100000000)
 Metaspace       used 29900K, capacity 30306K, committed 30616K, reserved 1077248K
  class space    used 3507K, capacity 3653K, committed 3736K, reserved 1048576K
}
2015-09-11T13:08:16.944+0200: 40.770: Total time for which application threads were stopped: 0.0076498 seconds, Stopping threads took: 0.0000147 seconds
{Heap before GC invocations=55 (full 2):
 par new generation   total 109248K, used 109248K [0x00000000e0000000, 0x00000000e8000000, 0x00000000e8000000)
  eden space 87424K, 100% used [0x00000000e0000000, 0x00000000e5560000, 0x00000000e5560000)
  from space 21824K, 100% used [0x00000000e6ab0000, 0x00000000e8000000, 0x00000000e8000000)
  to   space 21824K,   0% used [0x00000000e5560000, 0x00000000e5560000, 0x00000000e6ab0000)
 concurrent mark-sweep generation total 393216K, used 153188K [0x00000000e8000000, 0x0000000100000000, 0x0000000100000000)
 Metaspace       used 29900K, capacity 30306K, committed 30616K, reserved 1077248K
  class space    used 3507K, capacity 3653K, committed 3736K, reserved 1048576K
2015-09-11T13:08:17.225+0200: 41.051: [GC (Allocation Failure) 41.051: [ParNew
Desired survivor size 20112992 bytes, new threshold 6 (max 8)
- age   1:    5800168 bytes,    5800168 total
- age   2:    2499360 bytes,    8299528 total
- age   3:    3771456 bytes,   12070984 total
- age   4:    2691072 bytes,   14762056 total
- age   5:    2674664 bytes,   17436720 total
- age   6:    2916912 bytes,   20353632 total
- age   7:        496 bytes,   20354128 total
- age   8:        688 bytes,   20354816 total
: 109248K->21824K(109248K), 0.0085769 secs] 262436K->176692K(502464K), 0.0086348 secs] [Times: user=0.00 sys=0.00, real=0.01 secs] 
Heap after GC invocations=56 (full 2):
 par new generation   total 109248K, used 21824K [0x00000000e0000000, 0x00000000e8000000, 0x00000000e8000000)
  eden space 87424K,   0% used [0x00000000e0000000, 0x00000000e0000000, 0x00000000e5560000)
  from space 21824K, 100% used [0x00000000e5560000, 0x00000000e6ab0000, 0x00000000e6ab0000)
  to   space 21824K,   0% used [0x00000000e6ab0000, 0x00000000e6ab0000, 0x00000000e8000000)
 concurrent mark-sweep generation total 393216K, used 154868K [0x00000000e8000000, 0x0000000100000000, 0x0000000100000000)
 Metaspace       used 29900K, capacity 30306K, committed 30616K, reserved 1077248K
  class space    used 3507K, capacity 3653K, committed 3736K, reserved 1048576K
}
2015-09-11T13:08:17.234+0200: 41.060: Total time for which application threads were stopped: 0.0087714 seconds, Stopping threads took: 0.0000150 seconds
{Heap before GC invocations=56 (full 2):
 par new generation   total 109248K, used 109248K [0x00000000e0000000, 0x00000000e8000000, 0x00000000e8000000)
  eden space 87424K, 100% used [0x00000000e0000000, 0x00000000e5560000, 0x00000000e5560000)
  from space 21824K, 100% used [0x00000000e5560000, 0x00000000e6ab0000, 0x00000000e6ab0000)
  to   space 21824K,   0% used [0x00000000e6ab0000, 0x00000000e6ab0000, 0x00000000e8000000)
 concurrent mark-sweep generation total 393216K, used 154868K [0x00000000e8000000, 0x0000000100000000, 0x0000000100000000)
 Metaspace       used 29900K, capacity 30306K, committed 30616K, reserved 1077248K
  class space    used 3507K, capacity 3653K, committed 3736K, reserved 1048576K
2015-09-11T13:08:17.515+0200: 41.341: [GC (Allocation Failure) 41.342: [ParNew
Desired survivor size 20112992 bytes, new threshold 8 (max 8)
- age   1:    6578440 bytes,    6578440 total
- age   2:    1639264 bytes,    8217704 total
- age   3:    2499360 bytes,   10717064 total
- age   4:    3640216 bytes,   14357280 total
- age   5:    2691048 bytes,   17048328 total
- age   6:    2674664 bytes,   19722992 total
: 109248K->21824K(109248K), 0.0101925 secs] 264116K->181288K(502464K), 0.0102380 secs] [Times: user=0.06 sys=0.00, real=0.01 secs] 
Heap after GC invocations=57 (full 2):
 par new generation   total 109248K, used 21824K [0x00000000e0000000, 0x00000000e8000000, 0x00000000e8000000)
  eden space 87424K,   0% used [0x00000000e0000000, 0x00000000e0000000, 0x00000000e5560000)
  from space 21824K, 100% used [0x00000000e6ab0000, 0x00000000e8000000, 0x00000000e8000000)
  to   space 21824K,   0% used [0x00000000e5560000, 0x00000000e5560000, 0x00000000e6ab0000)
 concurrent mark-sweep generation total 393216K, used 159464K [0x00000000e8000000, 0x0000000100000000, 0x0000000100000000)
 Metaspace       used 29900K, capacity 30306K, committed 30616K, reserved 1077248K
  class space    used 3507K, capacity 3653K, committed 3736K, reserved 1048576K
}
2015-09-11T13:08:17.525+0200: 41.352: Total time for which application threads were stopped: 0.0103826 seconds, Stopping threads took: 0.0000147 seconds
{Heap before GC invocations=57 (full 2):
 par new generation   total 109248K, used 109248K [0x00000000e0000000, 0x00000000e8000000, 0x00000000e8000000)
  eden space 87424K, 100% used [0x00000000e0000000, 0x00000000e5560000, 0x00000000e5560000)
  from space 21824K, 100% used [0x00000000e6ab0000, 0x00000000e8000000, 0x00000000e8000000)
  to   space 21824K,   0% used [0x00000000e5560000, 0x00000000e5560000, 0x00000000e6ab0000)
 concurrent mark-sweep generation total 393216K, used 159464K [0x00000000e8000000, 0x0000000100000000, 0x0000000100000000)
 Metaspace       used 29900K, capacity 30306K, committed 30616K, reserved 1077248K
  class space    used 3507K, capacity 3653K, committed 3736K, reserved 1048576K
2015-09-11T13:08:17.803+0200: 41.630: [GC (Allocation Failure) 41.630: [ParNew
Desired survivor size 20112992 bytes, new threshold 8 (max 8)
- age   1:    3526512 bytes,    3526512 total
- age   2:    1988536 bytes,    5515048 total
- age   3:    1461200 bytes,    6976248 total
- age   4:    2341176 bytes,    9317424 total
- age   5:    3583400 bytes,   12900824 total
- age   6:    2635520 bytes,   15536344 total
- age   7:    2617072 bytes,   18153416 total
: 109248K->21824K(109248K), 0.0094242 secs] 268712K->187565K(502464K), 0.0094709 secs] [Times: user=0.00 sys=0.00, real=0.01 secs] 
Heap after GC invocations=58 (full 2):
 par new generation   total 109248K, used 21824K [0x00000000e0000000, 0x00000000e8000000, 0x00000000e8000000)
  eden space 87424K,   0% used [0x00000000e0000000, 0x00000000e0000000, 0x00000000e5560000)
  from space 21824K, 100% used [0x00000000e5560000, 0x00000000e6ab0000, 0x00000000e6ab0000)
  to   space 21824K,   0% used [0x00000000e6ab0000, 0x00000000e6ab0000, 0x00000000e8000000)
 concurrent mark-sweep generation total 393216K, used 165741K [0x00000000e8000000, 0x0000000100000000, 0x0000000100000000)
 Metaspace       used 29900K, capacity 30306K, committed 30616K, reserved 1077248K
  class space    used 3507K, capacity 3653K, committed 3736K, reserved 1048576K
}
2015-09-11T13:08:17.813+0200: 41.639: Total time for which application threads were stopped: 0.0096117 seconds, Stopping threads took: 0.0000144 seconds
2015-09-11T13:08:18.081+0200: 41.907: Total time for which application threads were stopped: 0.0002291 seconds, Stopping threads took: 0.0000250 seconds
2015-09-11T13:08:18.091+0200: 41.918: Total time for which application threads were stopped: 0.0002032 seconds, Stopping threads took: 0.0001251 seconds
2015-09-11T13:08:18.092+0200: 41.918: Total time for which application threads were stopped: 0.0000566 seconds, Stopping threads took: 0.0000115 seconds
{Heap before GC invocations=58 (full 2):
 par new generation   total 109248K, used 109248K [0x00000000e0000000, 0x00000000e8000000, 0x00000000e8000000)
  eden space 87424K, 100% used [0x00000000e0000000, 0x00000000e5560000, 0x00000000e5560000)
  from space 21824K, 100% used [0x00000000e5560000, 0x00000000e6ab0000, 0x00000000e6ab0000)
  to   space 21824K,   0% used [0x00000000e6ab0000, 0x00000000e6ab0000, 0x00000000e8000000)
 concurrent mark-sweep generation total 393216K, used 165741K [0x00000000e8000000, 0x0000000100000000, 0x0000000100000000)
 Metaspace       used 29900K, capacity 30306K, committed 30616K, reserved 1077248K
  class space    used 3507K, capacity 3653K, committed 3736K, reserved 1048576K
2015-09-11T13:08:18.106+0200: 41.933: [GC (Allocation Failure) 41.933: [ParNew
Desired survivor size 20112992 bytes, new threshold 8 (max 8)
- age   1:    6452488 bytes,    6452488 total
- age   2:    1674864 bytes,    8127352 total
- age   3:    1897304 bytes,   10024656 total
- age   4:    1369664 bytes,   11394320 total
- age   5:    1577480 bytes,   12971800 total
- age   6:    2710520 bytes,   15682320 total
- age   7:    2546112 bytes,   18228432 total
- age   8:    2529328 bytes,   20757760 total
: 109248K->21824K(109248K), 0.0093730 secs] 274989K->193468K(502464K), 0.0094223 secs] [Times: user=0.06 sys=0.00, real=0.01 secs] 
Heap after GC invocations=59 (full 2):
 par new generation   total 109248K, used 21824K [0x00000000e0000000, 0x00000000e8000000, 0x00000000e8000000)
  eden space 87424K,   0% used [0x00000000e0000000, 0x00000000e0000000, 0x00000000e5560000)
  from space 21824K, 100% used [0x00000000e6ab0000, 0x00000000e8000000, 0x00000000e8000000)
  to   space 21824K,   0% used [0x00000000e5560000, 0x00000000e5560000, 0x00000000e6ab0000)
 concurrent mark-sweep generation total 393216K, used 171644K [0x00000000e8000000, 0x0000000100000000, 0x0000000100000000)
 Metaspace       used 29900K, capacity 30306K, committed 30616K, reserved 1077248K
  class space    used 3507K, capacity 3653K, committed 3736K, reserved 1048576K
}
2015-09-11T13:08:18.116+0200: 41.942: Total time for which application threads were stopped: 0.0095762 seconds, Stopping threads took: 0.0000205 seconds
{Heap before GC invocations=59 (full 2):
 par new generation   total 109248K, used 109248K [0x00000000e0000000, 0x00000000e8000000, 0x00000000e8000000)
  eden space 87424K, 100% used [0x00000000e0000000, 0x00000000e5560000, 0x00000000e5560000)
  from space 21824K, 100% used [0x00000000e6ab0000, 0x00000000e8000000, 0x00000000e8000000)
  to   space 21824K,   0% used [0x00000000e5560000, 0x00000000e5560000, 0x00000000e6ab0000)
 concurrent mark-sweep generation total 393216K, used 171644K [0x00000000e8000000, 0x0000000100000000, 0x0000000100000000)
 Metaspace       used 29900K, capacity 30306K, committed 30616K, reserved 1077248K
  class space    used 3507K, capacity 3653K, committed 3736K, reserved 1048576K
2015-09-11T13:08:18.436+0200: 42.263: [GC (Allocation Failure) 42.263: [ParNew
Desired survivor size 20112992 bytes, new threshold 8 (max 8)
- age   1:    4354768 bytes,    4354768 total
- age   2:    5005784 bytes,    9360552 total
- age   3:    1450224 bytes,   10810776 total
- age   4:    1745480 bytes,   12556256 total
- age   5:    1223704 bytes,   13779960 total
- age   6:    1438728 bytes,   15218688 total
- age   7:    2261432 bytes,   17480120 total
- age   8:    1243616 bytes,   18723736 total
: 109248K->21824K(109248K), 0.0092261 secs] 280892K->199524K(502464K), 0.0092943 secs] [Times: user=0.06 sys=0.00, real=0.01 secs] 
Heap after GC invocations=60 (full 2):
 par new generation   total 109248K, used 21824K [0x00000000e0000000, 0x00000000e8000000, 0x00000000e8000000)
  eden space 87424K,   0% used [0x00000000e0000000, 0x00000000e0000000, 0x00000000e5560000)
  from space 21824K, 100% used [0x00000000e5560000, 0x00000000e6ab0000, 0x00000000e6ab0000)
  to   space 21824K,   0% used [0x00000000e6ab0000, 0x00000000e6ab0000, 0x00000000e8000000)
 concurrent mark-sweep generation total 393216K, used 177700K [0x00000000e8000000, 0x0000000100000000, 0x0000000100000000)
 Metaspace       used 29900K, capacity 30306K, committed 30616K, reserved 1077248K
  class space    used 3507K, capacity 3653K, committed 3736K, reserved 1048576K
}
2015-09-11T13:08:18.446+0200: 42.272: Total time for which application threads were stopped: 0.0094728 seconds, Stopping threads took: 0.0000294 seconds
2015-09-11T13:08:18.450+0200: 42.276: Total time for which application threads were stopped: 0.0000864 seconds, Stopping threads took: 0.0000278 seconds
{Heap before GC invocations=60 (full 2):
 par new generation   total 109248K, used 109230K [0x00000000e0000000, 0x00000000e8000000, 0x00000000e8000000)
  eden space 87424K,  99% used [0x00000000e0000000, 0x00000000e555b850, 0x00000000e5560000)
  from space 21824K, 100% used [0x00000000e5560000, 0x00000000e6ab0000, 0x00000000e6ab0000)
  to   space 21824K,   0% used [0x00000000e6ab0000, 0x00000000e6ab0000, 0x00000000e8000000)
 concurrent mark-sweep generation total 393216K, used 177700K [0x00000000e8000000, 0x0000000100000000, 0x0000000100000000)
 Metaspace       used 29901K, capacity 30306K, committed 30616K, reserved 1077248K
  class space    used 3507K, capacity 3653K, committed 3736K, reserved 1048576K
2015-09-11T13:08:18.536+0200: 42.363: [GC (Allocation Failure) 42.363: [ParNew
Desired survivor size 20112992 bytes, new threshold 8 (max 8)
- age   1:    2856744 bytes,    2856744 total
- age   2:    2844576 bytes,    5701320 total
- age   3:    4583408 bytes,   10284728 total
- age   4:    1265168 bytes,   11549896 total
- age   5:    1530888 bytes,   13080784 total
- age   6:    1038888 bytes,   14119672 total
- age   7:    1094728 bytes,   15214400 total
- age   8:    2111400 bytes,   17325800 total
: 109230K->21824K(109248K), 0.0120901 secs] 286930K->202251K(502464K), 0.0121378 secs] [Times: user=0.00 sys=0.00, real=0.01 secs] 
Heap after GC invocations=61 (full 2):
 par new generation   total 109248K, used 21824K [0x00000000e0000000, 0x00000000e8000000, 0x00000000e8000000)
  eden space 87424K,   0% used [0x00000000e0000000, 0x00000000e0000000, 0x00000000e5560000)
  from space 21824K, 100% used [0x00000000e6ab0000, 0x00000000e8000000, 0x00000000e8000000)
  to   space 21824K,   0% used [0x00000000e5560000, 0x00000000e5560000, 0x00000000e6ab0000)
 concurrent mark-sweep generation total 393216K, used 180427K [0x00000000e8000000, 0x0000000100000000, 0x0000000100000000)
 Metaspace       used 29901K, capacity 30306K, committed 30616K, reserved 1077248K
  class space    used 3507K, capacity 3653K, committed 3736K, reserved 1048576K
}
2015-09-11T13:08:18.548+0200: 42.375: Total time for which application threads were stopped: 0.0123141 seconds, Stopping threads took: 0.0000227 seconds
2015-09-11T13:08:18.549+0200: 42.375: Total time for which application threads were stopped: 0.0000646 seconds, Stopping threads took: 0.0000141 seconds
2015-09-11T13:08:18.549+0200: 42.376: Total time for which application threads were stopped: 0.0000758 seconds, Stopping threads took: 0.0000403 seconds
{Heap before GC invocations=61 (full 2):
 par new generation   total 109248K, used 109248K [0x00000000e0000000, 0x00000000e8000000, 0x00000000e8000000)
  eden space 87424K, 100% used [0x00000000e0000000, 0x00000000e5560000, 0x00000000e5560000)
  from space 21824K, 100% used [0x00000000e6ab0000, 0x00000000e8000000, 0x00000000e8000000)
  to   space 21824K,   0% used [0x00000000e5560000, 0x00000000e5560000, 0x00000000e6ab0000)
 concurrent mark-sweep generation total 393216K, used 180427K [0x00000000e8000000, 0x0000000100000000, 0x0000000100000000)
 Metaspace       used 29901K, capacity 30306K, committed 30616K, reserved 1077248K
  class space    used 3507K, capacity 3653K, committed 3736K, reserved 1048576K
2015-09-11T13:08:18.646+0200: 42.472: [GC (Allocation Failure) 42.472: [ParNew
Desired survivor size 20112992 bytes, new threshold 8 (max 8)
- age   1:    2633392 bytes,    2633392 total
- age   2:    1366128 bytes,    3999520 total
- age   3:    2744440 bytes,    6743960 total
- age   4:    2486432 bytes,    9230392 total
- age   5:    1265168 bytes,   10495560 total
- age   6:    1530888 bytes,   12026448 total
- age   7:    1038888 bytes,   13065336 total
- age   8:    1094728 bytes,   14160064 total
: 109248K->21071K(109248K), 0.0105522 secs] 289675K->205610K(502464K), 0.0106072 secs] [Times: user=0.00 sys=0.00, real=0.01 secs] 
Heap after GC invocations=62 (full 2):
 par new generation   total 109248K, used 21071K [0x00000000e0000000, 0x00000000e8000000, 0x00000000e8000000)
  eden space 87424K,   0% used [0x00000000e0000000, 0x00000000e0000000, 0x00000000e5560000)
  from space 21824K,  96% used [0x00000000e5560000, 0x00000000e69f3e68, 0x00000000e6ab0000)
  to   space 21824K,   0% used [0x00000000e6ab0000, 0x00000000e6ab0000, 0x00000000e8000000)
 concurrent mark-sweep generation total 393216K, used 184538K [0x00000000e8000000, 0x0000000100000000, 0x0000000100000000)
 Metaspace       used 29901K, capacity 30306K, committed 30616K, reserved 1077248K
  class space    used 3507K, capacity 3653K, committed 3736K, reserved 1048576K
}
2015-09-11T13:08:18.657+0200: 42.483: Total time for which application threads were stopped: 0.0108213 seconds, Stopping threads took: 0.0000227 seconds
2015-09-11T13:08:18.703+0200: 42.530: Total time for which application threads were stopped: 0.0001370 seconds, Stopping threads took: 0.0000192 seconds
2015-09-11T13:08:18.706+0200: 42.532: Total time for which application threads were stopped: 0.0001341 seconds, Stopping threads took: 0.0000198 seconds
2015-09-11T13:08:18.706+0200: 42.533: Total time for which application threads were stopped: 0.0001082 seconds, Stopping threads took: 0.0000198 seconds
{Heap before GC invocations=62 (full 2):
 par new generation   total 109248K, used 108495K [0x00000000e0000000, 0x00000000e8000000, 0x00000000e8000000)
  eden space 87424K, 100% used [0x00000000e0000000, 0x00000000e5560000, 0x00000000e5560000)
  from space 21824K,  96% used [0x00000000e5560000, 0x00000000e69f3e68, 0x00000000e6ab0000)
  to   space 21824K,   0% used [0x00000000e6ab0000, 0x00000000e6ab0000, 0x00000000e8000000)
 concurrent mark-sweep generation total 393216K, used 184538K [0x00000000e8000000, 0x0000000100000000, 0x0000000100000000)
 Metaspace       used 29986K, capacity 30370K, committed 30872K, reserved 1077248K
  class space    used 3515K, capacity 3653K, committed 3736K, reserved 1048576K
2015-09-11T13:08:18.859+0200: 42.686: [GC (Allocation Failure) 42.686: [ParNew
Desired survivor size 20112992 bytes, new threshold 8 (max 8)
- age   1:    4388376 bytes,    4388376 total
- age   2:     970232 bytes,    5358608 total
- age   3:    1220168 bytes,    6578776 total
- age   4:    2697880 bytes,    9276656 total
- age   5:    2557600 bytes,   11834256 total
- age   6:    1264096 bytes,   13098352 total
- age   7:    1530200 bytes,   14628552 total
- age   8:    1037848 bytes,   15666400 total
: 108495K->20270K(109248K), 0.0077618 secs] 293034K->205878K(502464K), 0.0078188 secs] [Times: user=0.05 sys=0.00, real=0.01 secs] 
Heap after GC invocations=63 (full 2):
 par new generation   total 109248K, used 20270K [0x00000000e0000000, 0x00000000e8000000, 0x00000000e8000000)
  eden space 87424K,   0% used [0x00000000e0000000, 0x00000000e0000000, 0x00000000e5560000)
  from space 21824K,  92% used [0x00000000e6ab0000, 0x00000000e7e7bb50, 0x00000000e8000000)
  to   space 21824K,   0% used [0x00000000e5560000, 0x00000000e5560000, 0x00000000e6ab0000)
 concurrent mark-sweep generation total 393216K, used 185607K [0x00000000e8000000, 0x0000000100000000, 0x0000000100000000)
 Metaspace       used 29986K, capacity 30370K, committed 30872K, reserved 1077248K
  class space    used 3515K, capacity 3653K, committed 3736K, reserved 1048576K
}
2015-09-11T13:08:18.867+0200: 42.694: Total time for which application threads were stopped: 0.0079791 seconds, Stopping threads took: 0.0000176 seconds
{Heap before GC invocations=63 (full 2):
 par new generation   total 109248K, used 107694K [0x00000000e0000000, 0x00000000e8000000, 0x00000000e8000000)
  eden space 87424K, 100% used [0x00000000e0000000, 0x00000000e5560000, 0x00000000e5560000)
  from space 21824K,  92% used [0x00000000e6ab0000, 0x00000000e7e7bb50, 0x00000000e8000000)
  to   space 21824K,   0% used [0x00000000e5560000, 0x00000000e5560000, 0x00000000e6ab0000)
 concurrent mark-sweep generation total 393216K, used 185607K [0x00000000e8000000, 0x0000000100000000, 0x0000000100000000)
 Metaspace       used 29986K, capacity 30370K, committed 30872K, reserved 1077248K
  class space    used 3515K, capacity 3653K, committed 3736K, reserved 1048576K
2015-09-11T13:08:19.149+0200: 42.975: [GC (Allocation Failure) 42.975: [ParNew
Desired survivor size 20112992 bytes, new threshold 8 (max 8)
- age   1:    6825336 bytes,    6825336 total
- age   2:    2333744 bytes,    9159080 total
- age   3:     773576 bytes,    9932656 total
- age   4:     695696 bytes,   10628352 total
- age   5:    2697448 bytes,   13325800 total
- age   6:    2485248 bytes,   15811048 total
- age   7:    1264096 bytes,   17075144 total
- age   8:    1530200 bytes,   18605344 total
: 107694K->21824K(109248K), 0.0080927 secs] 293302K->208446K(502464K), 0.0081417 secs] [Times: user=0.00 sys=0.00, real=0.01 secs] 
Heap after GC invocations=64 (full 2):
 par new generation   total 109248K, used 21824K [0x00000000e0000000, 0x00000000e8000000, 0x00000000e8000000)
  eden space 87424K,   0% used [0x00000000e0000000, 0x00000000e0000000, 0x00000000e5560000)
  from space 21824K, 100% used [0x00000000e5560000, 0x00000000e6ab0000, 0x00000000e6ab0000)
  to   space 21824K,   0% used [0x00000000e6ab0000, 0x00000000e6ab0000, 0x00000000e8000000)
 concurrent mark-sweep generation total 393216K, used 186622K [0x00000000e8000000, 0x0000000100000000, 0x0000000100000000)
 Metaspace       used 29986K, capacity 30370K, committed 30872K, reserved 1077248K
  class space    used 3515K, capacity 3653K, committed 3736K, reserved 1048576K
}
2015-09-11T13:08:19.157+0200: 42.983: Total time for which application threads were stopped: 0.0082882 seconds, Stopping threads took: 0.0000147 seconds
2015-09-11T13:08:19.261+0200: 43.087: Total time for which application threads were stopped: 0.0001302 seconds, Stopping threads took: 0.0000250 seconds
2015-09-11T13:08:19.271+0200: 43.097: Total time for which application threads were stopped: 0.0001187 seconds, Stopping threads took: 0.0000461 seconds
2015-09-11T13:08:19.271+0200: 43.098: Total time for which application threads were stopped: 0.0000669 seconds, Stopping threads took: 0.0000115 seconds
{Heap before GC invocations=64 (full 2):
 par new generation   total 109248K, used 109245K [0x00000000e0000000, 0x00000000e8000000, 0x00000000e8000000)
  eden space 87424K,  99% used [0x00000000e0000000, 0x00000000e555f7b0, 0x00000000e5560000)
  from space 21824K, 100% used [0x00000000e5560000, 0x00000000e6ab0000, 0x00000000e6ab0000)
  to   space 21824K,   0% used [0x00000000e6ab0000, 0x00000000e6ab0000, 0x00000000e8000000)
 concurrent mark-sweep generation total 393216K, used 186622K [0x00000000e8000000, 0x0000000100000000, 0x0000000100000000)
 Metaspace       used 30006K, capacity 30370K, committed 30872K, reserved 1077248K
  class space    used 3517K, capacity 3653K, committed 3736K, reserved 1048576K
2015-09-11T13:08:19.370+0200: 43.197: [GC (Allocation Failure) 43.197: [ParNew
Desired survivor size 20112992 bytes, new threshold 8 (max 8)
- age   1:    4345120 bytes,    4345120 total
- age   2:    4694656 bytes,    9039776 total
- age   3:    2212168 bytes,   11251944 total
- age   4:     722504 bytes,   11974448 total
- age   5:     650992 bytes,   12625440 total
- age   6:    2527104 bytes,   15152544 total
- age   7:    2428744 bytes,   17581288 total
- age   8:    1264096 bytes,   18845384 total
: 109245K->21824K(109248K), 0.0065903 secs] 295868K->211567K(502464K), 0.0066434 secs] [Times: user=0.01 sys=0.00, real=0.01 secs] 
Heap after GC invocations=65 (full 2):
 par new generation   total 109248K, used 21824K [0x00000000e0000000, 0x00000000e8000000, 0x00000000e8000000)
  eden space 87424K,   0% used [0x00000000e0000000, 0x00000000e0000000, 0x00000000e5560000)
  from space 21824K, 100% used [0x00000000e6ab0000, 0x00000000e8000000, 0x00000000e8000000)
  to   space 21824K,   0% used [0x00000000e5560000, 0x00000000e5560000, 0x00000000e6ab0000)
 concurrent mark-sweep generation total 393216K, used 189743K [0x00000000e8000000, 0x0000000100000000, 0x0000000100000000)
 Metaspace       used 30006K, capacity 30370K, committed 30872K, reserved 1077248K
  class space    used 3517K, capacity 3653K, committed 3736K, reserved 1048576K
}
2015-09-11T13:08:19.377+0200: 43.203: Total time for which application threads were stopped: 0.0068121 seconds, Stopping threads took: 0.0000266 seconds
2015-09-11T13:08:19.464+0200: 43.291: Total time for which application threads were stopped: 0.0001024 seconds, Stopping threads took: 0.0000218 seconds
2015-09-11T13:08:19.465+0200: 43.291: Total time for which application threads were stopped: 0.0000762 seconds, Stopping threads took: 0.0000154 seconds
2015-09-11T13:08:19.465+0200: 43.291: Total time for which application threads were stopped: 0.0000515 seconds, Stopping threads took: 0.0000112 seconds
2015-09-11T13:08:19.465+0200: 43.291: Total time for which application threads were stopped: 0.0000470 seconds, Stopping threads took: 0.0000102 seconds
2015-09-11T13:08:19.465+0200: 43.291: Total time for which application threads were stopped: 0.0000374 seconds, Stopping threads took: 0.0000064 seconds
{Heap before GC invocations=65 (full 2):
 par new generation   total 109248K, used 109248K [0x00000000e0000000, 0x00000000e8000000, 0x00000000e8000000)
  eden space 87424K, 100% used [0x00000000e0000000, 0x00000000e5560000, 0x00000000e5560000)
  from space 21824K, 100% used [0x00000000e6ab0000, 0x00000000e8000000, 0x00000000e8000000)
  to   space 21824K,   0% used [0x00000000e5560000, 0x00000000e5560000, 0x00000000e6ab0000)
 concurrent mark-sweep generation total 393216K, used 189743K [0x00000000e8000000, 0x0000000100000000, 0x0000000100000000)
 Metaspace       used 30008K, capacity 30370K, committed 30872K, reserved 1077248K
  class space    used 3517K, capacity 3653K, committed 3736K, reserved 1048576K
2015-09-11T13:08:19.491+0200: 43.317: [GC (Allocation Failure) 43.317: [ParNew
Desired survivor size 20112992 bytes, new threshold 8 (max 8)
- age   1:    2388296 bytes,    2388296 total
- age   2:    1756744 bytes,    4145040 total
- age   3:     908016 bytes,    5053056 total
- age   4:     952016 bytes,    6005072 total
- age   5:     277104 bytes,    6282176 total
- age   6:     244064 bytes,    6526240 total
- age   7:     907696 bytes,    7433936 total
- age   8:    1902144 bytes,    9336080 total
: 109248K->16970K(109248K), 0.0058857 secs] 298991K->207949K(502464K), 0.0059426 secs] [Times: user=0.00 sys=0.00, real=0.01 secs] 
Heap after GC invocations=66 (full 2):
 par new generation   total 109248K, used 16970K [0x00000000e0000000, 0x00000000e8000000, 0x00000000e8000000)
  eden space 87424K,   0% used [0x00000000e0000000, 0x00000000e0000000, 0x00000000e5560000)
  from space 21824K,  77% used [0x00000000e5560000, 0x00000000e65f2860, 0x00000000e6ab0000)
  to   space 21824K,   0% used [0x00000000e6ab0000, 0x00000000e6ab0000, 0x00000000e8000000)
 concurrent mark-sweep generation total 393216K, used 190979K [0x00000000e8000000, 0x0000000100000000, 0x0000000100000000)
 Metaspace       used 30008K, capacity 30370K, committed 30872K, reserved 1077248K
  class space    used 3517K, capacity 3653K, committed 3736K, reserved 1048576K
}
2015-09-11T13:08:19.497+0200: 43.323: Total time for which application threads were stopped: 0.0060902 seconds, Stopping threads took: 0.0000154 seconds
{Heap before GC invocations=66 (full 2):
 par new generation   total 109248K, used 104394K [0x00000000e0000000, 0x00000000e8000000, 0x00000000e8000000)
  eden space 87424K, 100% used [0x00000000e0000000, 0x00000000e5560000, 0x00000000e5560000)
  from space 21824K,  77% used [0x00000000e5560000, 0x00000000e65f2860, 0x00000000e6ab0000)
  to   space 21824K,   0% used [0x00000000e6ab0000, 0x00000000e6ab0000, 0x00000000e8000000)
 concurrent mark-sweep generation total 393216K, used 190979K [0x00000000e8000000, 0x0000000100000000, 0x0000000100000000)
 Metaspace       used 30008K, capacity 30370K, committed 30872K, reserved 1077248K
  class space    used 3517K, capacity 3653K, committed 3736K, reserved 1048576K
2015-09-11T13:08:19.767+0200: 43.593: [GC (Allocation Failure) 43.593: [ParNew
Desired survivor size 20112992 bytes, new threshold 8 (max 8)
- age   1:    5243144 bytes,    5243144 total
- age   2:    1153376 bytes,    6396520 total
- age   3:    1741312 bytes,    8137832 total
- age   4:     908016 bytes,    9045848 total
- age   5:     886464 bytes,    9932312 total
- age   6:     277104 bytes,   10209416 total
- age   7:     244064 bytes,   10453480 total
- age   8:     907696 bytes,   11361176 total
: 104394K->13546K(109248K), 0.0078210 secs] 295373K->206384K(502464K), 0.0078684 secs] [Times: user=0.00 sys=0.00, real=0.01 secs] 
Heap after GC invocations=67 (full 2):
 par new generation   total 109248K, used 13546K [0x00000000e0000000, 0x00000000e8000000, 0x00000000e8000000)
  eden space 87424K,   0% used [0x00000000e0000000, 0x00000000e0000000, 0x00000000e5560000)
  from space 21824K,  62% used [0x00000000e6ab0000, 0x00000000e77ea818, 0x00000000e8000000)
  to   space 21824K,   0% used [0x00000000e5560000, 0x00000000e5560000, 0x00000000e6ab0000)
 concurrent mark-sweep generation total 393216K, used 192838K [0x00000000e8000000, 0x0000000100000000, 0x0000000100000000)
 Metaspace       used 30008K, capacity 30370K, committed 30872K, reserved 1077248K
  class space    used 3517K, capacity 3653K, committed 3736K, reserved 1048576K
}
2015-09-11T13:08:19.775+0200: 43.601: Total time for which application threads were stopped: 0.0080709 seconds, Stopping threads took: 0.0000269 seconds
{Heap before GC invocations=67 (full 2):
 par new generation   total 109248K, used 100970K [0x00000000e0000000, 0x00000000e8000000, 0x00000000e8000000)
  eden space 87424K, 100% used [0x00000000e0000000, 0x00000000e5560000, 0x00000000e5560000)
  from space 21824K,  62% used [0x00000000e6ab0000, 0x00000000e77ea818, 0x00000000e8000000)
  to   space 21824K,   0% used [0x00000000e5560000, 0x00000000e5560000, 0x00000000e6ab0000)
 concurrent mark-sweep generation total 393216K, used 192838K [0x00000000e8000000, 0x0000000100000000, 0x0000000100000000)
 Metaspace       used 30008K, capacity 30370K, committed 30872K, reserved 1077248K
  class space    used 3517K, capacity 3653K, committed 3736K, reserved 1048576K
2015-09-11T13:08:20.041+0200: 43.868: [GC (Allocation Failure) 43.868: [ParNew
Desired survivor size 20112992 bytes, new threshold 8 (max 8)
- age   1:    5130632 bytes,    5130632 total
- age   2:    3573152 bytes,    8703784 total
- age   3:    1153736 bytes,    9857520 total
- age   4:    1742464 bytes,   11599984 total
- age   5:     908016 bytes,   12508000 total
- age   6:     886488 bytes,   13394488 total
- age   7:     277104 bytes,   13671592 total
- age   8:     244064 bytes,   13915656 total
: 100970K->19248K(109248K), 0.0056086 secs] 293808K->212973K(502464K), 0.0056537 secs] [Times: user=0.00 sys=0.00, real=0.01 secs] 
Heap after GC invocations=68 (full 2):
 par new generation   total 109248K, used 19248K [0x00000000e0000000, 0x00000000e8000000, 0x00000000e8000000)
  eden space 87424K,   0% used [0x00000000e0000000, 0x00000000e0000000, 0x00000000e5560000)
  from space 21824K,  88% used [0x00000000e5560000, 0x00000000e682c2e8, 0x00000000e6ab0000)
  to   space 21824K,   0% used [0x00000000e6ab0000, 0x00000000e6ab0000, 0x00000000e8000000)
 concurrent mark-sweep generation total 393216K, used 193724K [0x00000000e8000000, 0x0000000100000000, 0x0000000100000000)
 Metaspace       used 30008K, capacity 30370K, committed 30872K, reserved 1077248K
  class space    used 3517K, capacity 3653K, committed 3736K, reserved 1048576K
}
2015-09-11T13:08:20.047+0200: 43.874: Total time for which application threads were stopped: 0.0057974 seconds, Stopping threads took: 0.0000144 seconds
{Heap before GC invocations=68 (full 2):
 par new generation   total 109248K, used 106672K [0x00000000e0000000, 0x00000000e8000000, 0x00000000e8000000)
  eden space 87424K, 100% used [0x00000000e0000000, 0x00000000e5560000, 0x00000000e5560000)
  from space 21824K,  88% used [0x00000000e5560000, 0x00000000e682c2e8, 0x00000000e6ab0000)
  to   space 21824K,   0% used [0x00000000e6ab0000, 0x00000000e6ab0000, 0x00000000e8000000)
 concurrent mark-sweep generation total 393216K, used 193724K [0x00000000e8000000, 0x0000000100000000, 0x0000000100000000)
 Metaspace       used 30008K, capacity 30370K, committed 30872K, reserved 1077248K
  class space    used 3517K, capacity 3653K, committed 3736K, reserved 1048576K
2015-09-11T13:08:20.320+0200: 44.147: [GC (Allocation Failure) 44.147: [ParNew
Desired survivor size 20112992 bytes, new threshold 8 (max 8)
- age   1:    7131072 bytes,    7131072 total
- age   2:    2793808 bytes,    9924880 total
- age   3:    2785048 bytes,   12709928 total
- age   4:    1153880 bytes,   13863808 total
- age   5:    1741552 bytes,   15605360 total
- age   6:     908016 bytes,   16513376 total
- age   7:     886464 bytes,   17399840 total
- age   8:     277104 bytes,   17676944 total
: 106672K->19579K(109248K), 0.0058130 secs] 300397K->213542K(502464K), 0.0058620 secs] [Times: user=0.00 sys=0.00, real=0.01 secs] 
Heap after GC invocations=69 (full 2):
 par new generation   total 109248K, used 19579K [0x00000000e0000000, 0x00000000e8000000, 0x00000000e8000000)
  eden space 87424K,   0% used [0x00000000e0000000, 0x00000000e0000000, 0x00000000e5560000)
  from space 21824K,  89% used [0x00000000e6ab0000, 0x00000000e7dceda0, 0x00000000e8000000)
  to   space 21824K,   0% used [0x00000000e5560000, 0x00000000e5560000, 0x00000000e6ab0000)
 concurrent mark-sweep generation total 393216K, used 193963K [0x00000000e8000000, 0x0000000100000000, 0x0000000100000000)
 Metaspace       used 30008K, capacity 30370K, committed 30872K, reserved 1077248K
  class space    used 3517K, capacity 3653K, committed 3736K, reserved 1048576K
}
2015-09-11T13:08:20.326+0200: 44.153: Total time for which application threads were stopped: 0.0060015 seconds, Stopping threads took: 0.0000144 seconds
{Heap before GC invocations=69 (full 2):
 par new generation   total 109248K, used 107003K [0x00000000e0000000, 0x00000000e8000000, 0x00000000e8000000)
  eden space 87424K, 100% used [0x00000000e0000000, 0x00000000e5560000, 0x00000000e5560000)
  from space 21824K,  89% used [0x00000000e6ab0000, 0x00000000e7dceda0, 0x00000000e8000000)
  to   space 21824K,   0% used [0x00000000e5560000, 0x00000000e5560000, 0x00000000e6ab0000)
 concurrent mark-sweep generation total 393216K, used 193963K [0x00000000e8000000, 0x0000000100000000, 0x0000000100000000)
 Metaspace       used 30008K, capacity 30370K, committed 30872K, reserved 1077248K
  class space    used 3517K, capacity 3653K, committed 3736K, reserved 1048576K
2015-09-11T13:08:20.593+0200: 44.419: [GC (Allocation Failure) 44.419: [ParNew
Desired survivor size 20112992 bytes, new threshold 8 (max 8)
- age   1:    6369528 bytes,    6369528 total
- age   2:    3918144 bytes,   10287672 total
- age   3:    2372312 bytes,   12659984 total
- age   4:    2494920 bytes,   15154904 total
- age   5:    1016872 bytes,   16171776 total
- age   6:    1680936 bytes,   17852712 total
- age   7:     846920 bytes,   18699632 total
- age   8:     837864 bytes,   19537496 total
: 107003K->21824K(109248K), 0.0070415 secs] 300966K->217377K(502464K), 0.0070886 secs] [Times: user=0.06 sys=0.00, real=0.01 secs] 
Heap after GC invocations=70 (full 2):
 par new generation   total 109248K, used 21824K [0x00000000e0000000, 0x00000000e8000000, 0x00000000e8000000)
  eden space 87424K,   0% used [0x00000000e0000000, 0x00000000e0000000, 0x00000000e5560000)
  from space 21824K, 100% used [0x00000000e5560000, 0x00000000e6ab0000, 0x00000000e6ab0000)
  to   space 21824K,   0% used [0x00000000e6ab0000, 0x00000000e6ab0000, 0x00000000e8000000)
 concurrent mark-sweep generation total 393216K, used 195553K [0x00000000e8000000, 0x0000000100000000, 0x0000000100000000)
 Metaspace       used 30008K, capacity 30370K, committed 30872K, reserved 1077248K
  class space    used 3517K, capacity 3653K, committed 3736K, reserved 1048576K
}
2015-09-11T13:08:20.600+0200: 44.426: Total time for which application threads were stopped: 0.0072293 seconds, Stopping threads took: 0.0000144 seconds
{Heap before GC invocations=70 (full 2):
 par new generation   total 109248K, used 109248K [0x00000000e0000000, 0x00000000e8000000, 0x00000000e8000000)
  eden space 87424K, 100% used [0x00000000e0000000, 0x00000000e5560000, 0x00000000e5560000)
  from space 21824K, 100% used [0x00000000e5560000, 0x00000000e6ab0000, 0x00000000e6ab0000)
  to   space 21824K,   0% used [0x00000000e6ab0000, 0x00000000e6ab0000, 0x00000000e8000000)
 concurrent mark-sweep generation total 393216K, used 195553K [0x00000000e8000000, 0x0000000100000000, 0x0000000100000000)
 Metaspace       used 30008K, capacity 30370K, committed 30872K, reserved 1077248K
  class space    used 3517K, capacity 3653K, committed 3736K, reserved 1048576K
2015-09-11T13:08:20.877+0200: 44.703: [GC (Allocation Failure) 44.703: [ParNew
Desired survivor size 20112992 bytes, new threshold 8 (max 8)
- age   1:    5026512 bytes,    5026512 total
- age   2:    2615752 bytes,    7642264 total
- age   3:    2821856 bytes,   10464120 total
- age   4:    2331672 bytes,   12795792 total
- age   5:    2322728 bytes,   15118520 total
- age   6:     998760 bytes,   16117280 total
- age   7:    1652400 bytes,   17769680 total
- age   8:     803736 bytes,   18573416 total
: 109248K->21824K(109248K), 0.0073154 secs] 304801K->221607K(502464K), 0.0073650 secs] [Times: user=0.00 sys=0.00, real=0.01 secs] 
Heap after GC invocations=71 (full 2):
 par new generation   total 109248K, used 21824K [0x00000000e0000000, 0x00000000e8000000, 0x00000000e8000000)
  eden space 87424K,   0% used [0x00000000e0000000, 0x00000000e0000000, 0x00000000e5560000)
  from space 21824K, 100% used [0x00000000e6ab0000, 0x00000000e8000000, 0x00000000e8000000)
  to   space 21824K,   0% used [0x00000000e5560000, 0x00000000e5560000, 0x00000000e6ab0000)
 concurrent mark-sweep generation total 393216K, used 199783K [0x00000000e8000000, 0x0000000100000000, 0x0000000100000000)
 Metaspace       used 30008K, capacity 30370K, committed 30872K, reserved 1077248K
  class space    used 3517K, capacity 3653K, committed 3736K, reserved 1048576K
}
2015-09-11T13:08:20.884+0200: 44.711: Total time for which application threads were stopped: 0.0075065 seconds, Stopping threads took: 0.0000147 seconds
2015-09-11T13:08:20.884+0200: 44.711: [GC (CMS Initial Mark) [1 CMS-initial-mark: 199783K(393216K)] 223280K(502464K), 0.0013888 secs] [Times: user=0.00 sys=0.00, real=0.00 secs] 
2015-09-11T13:08:20.886+0200: 44.712: Total time for which application threads were stopped: 0.0014768 seconds, Stopping threads took: 0.0000253 seconds
2015-09-11T13:08:20.886+0200: 44.712: [CMS-concurrent-mark-start]
2015-09-11T13:08:20.898+0200: 44.725: [CMS-concurrent-mark: 0.013/0.013 secs] [Times: user=0.06 sys=0.00, real=0.01 secs] 
2015-09-11T13:08:20.899+0200: 44.725: [CMS-concurrent-preclean-start]
2015-09-11T13:08:20.899+0200: 44.726: [CMS-concurrent-preclean: 0.001/0.001 secs] [Times: user=0.00 sys=0.00, real=0.00 secs] 
2015-09-11T13:08:20.899+0200: 44.726: [CMS-concurrent-abortable-preclean-start]
2015-09-11T13:08:21.057+0200: 44.883: [CMS-concurrent-abortable-preclean: 0.058/0.157 secs] [Times: user=0.22 sys=0.00, real=0.16 secs] 
2015-09-11T13:08:21.057+0200: 44.883: [GC (CMS Final Remark) [YG occupancy: 76158 K (109248 K)]{Heap before GC invocations=71 (full 3):
 par new generation   total 109248K, used 76158K [0x00000000e0000000, 0x00000000e8000000, 0x00000000e8000000)
  eden space 87424K,  62% used [0x00000000e0000000, 0x00000000e350fa58, 0x00000000e5560000)
  from space 21824K, 100% used [0x00000000e6ab0000, 0x00000000e8000000, 0x00000000e8000000)
  to   space 21824K,   0% used [0x00000000e5560000, 0x00000000e5560000, 0x00000000e6ab0000)
 concurrent mark-sweep generation total 393216K, used 199783K [0x00000000e8000000, 0x0000000100000000, 0x0000000100000000)
 Metaspace       used 30008K, capacity 30370K, committed 30872K, reserved 1077248K
  class space    used 3517K, capacity 3653K, committed 3736K, reserved 1048576K
2015-09-11T13:08:21.057+0200: 44.883: [GC (CMS Final Remark) 44.883: [ParNew
Desired survivor size 20112992 bytes, new threshold 8 (max 8)
- age   1:    2219680 bytes,    2219680 total
- age   2:    2807608 bytes,    5027288 total
- age   3:    2536680 bytes,    7563968 total
- age   4:    2269888 bytes,    9833856 total
- age   5:    2306360 bytes,   12140216 total
- age   6:    2297544 bytes,   14437760 total
- age   7:     985536 bytes,   15423296 total
- age   8:    1513792 bytes,   16937088 total
: 76158K->21824K(109248K), 0.0066687 secs] 275942K->227668K(502464K), 0.0067052 secs] [Times: user=0.06 sys=0.00, real=0.01 secs] 
Heap after GC invocations=72 (full 3):
 par new generation   total 109248K, used 21824K [0x00000000e0000000, 0x00000000e8000000, 0x00000000e8000000)
  eden space 87424K,   0% used [0x00000000e0000000, 0x00000000e0000000, 0x00000000e5560000)
  from space 21824K, 100% used [0x00000000e5560000, 0x00000000e6ab0000, 0x00000000e6ab0000)
  to   space 21824K,   0% used [0x00000000e6ab0000, 0x00000000e6ab0000, 0x00000000e8000000)
 concurrent mark-sweep generation total 393216K, used 205844K [0x00000000e8000000, 0x0000000100000000, 0x0000000100000000)
 Metaspace       used 30008K, capacity 30370K, committed 30872K, reserved 1077248K
  class space    used 3517K, capacity 3653K, committed 3736K, reserved 1048576K
}
44.890: [Rescan (parallel) , 0.0016950 secs]44.892: [weak refs processing, 0.0003878 secs]44.892: [class unloading, 0.0040019 secs]44.896: [scrub symbol table, 0.0028560 secs]44.899: [scrub string table, 0.0003635 secs][1 CMS-remark: 205844K(393216K)] 227668K(502464K), 0.0167796 secs] [Times: user=0.06 sys=0.00, real=0.02 secs] 
2015-09-11T13:08:21.074+0200: 44.900: Total time for which application threads were stopped: 0.0168788 seconds, Stopping threads took: 0.0000218 seconds
2015-09-11T13:08:21.074+0200: 44.900: [CMS-concurrent-sweep-start]
2015-09-11T13:08:21.113+0200: 44.939: [CMS-concurrent-sweep: 0.039/0.039 secs] [Times: user=0.11 sys=0.01, real=0.04 secs] 
2015-09-11T13:08:21.113+0200: 44.939: [CMS-concurrent-reset-start]
2015-09-11T13:08:21.113+0200: 44.940: [CMS-concurrent-reset: 0.000/0.000 secs] [Times: user=0.00 sys=0.00, real=0.00 secs] 
{Heap before GC invocations=72 (full 3):
 par new generation   total 109248K, used 109248K [0x00000000e0000000, 0x00000000e8000000, 0x00000000e8000000)
  eden space 87424K, 100% used [0x00000000e0000000, 0x00000000e5560000, 0x00000000e5560000)
  from space 21824K, 100% used [0x00000000e5560000, 0x00000000e6ab0000, 0x00000000e6ab0000)
  to   space 21824K,   0% used [0x00000000e6ab0000, 0x00000000e6ab0000, 0x00000000e8000000)
 concurrent mark-sweep generation total 393216K, used 50962K [0x00000000e8000000, 0x0000000100000000, 0x0000000100000000)
 Metaspace       used 30008K, capacity 30370K, committed 30872K, reserved 1077248K
  class space    used 3517K, capacity 3653K, committed 3736K, reserved 1048576K
2015-09-11T13:08:21.349+0200: 45.175: [GC (Allocation Failure) 45.175: [ParNew
Desired survivor size 20112992 bytes, new threshold 8 (max 8)
- age   1:    5809056 bytes,    5809056 total
- age   2:    1446864 bytes,    7255920 total
- age   3:    2729872 bytes,    9985792 total
- age   4:    2469832 bytes,   12455624 total
- age   5:    2201208 bytes,   14656832 total
- age   6:    2238144 bytes,   16894976 total
- age   7:    2230824 bytes,   19125800 total
- age   8:     961424 bytes,   20087224 total
: 109248K->21824K(109248K), 0.0075609 secs] 160210K->77156K(502464K), 0.0076073 secs] [Times: user=0.00 sys=0.00, real=0.01 secs] 
Heap after GC invocations=73 (full 3):
 par new generation   total 109248K, used 21824K [0x00000000e0000000, 0x00000000e8000000, 0x00000000e8000000)
  eden space 87424K,   0% used [0x00000000e0000000, 0x00000000e0000000, 0x00000000e5560000)
  from space 21824K, 100% used [0x00000000e6ab0000, 0x00000000e8000000, 0x00000000e8000000)
  to   space 21824K,   0% used [0x00000000e5560000, 0x00000000e5560000, 0x00000000e6ab0000)
 concurrent mark-sweep generation total 393216K, used 55332K [0x00000000e8000000, 0x0000000100000000, 0x0000000100000000)
 Metaspace       used 30008K, capacity 30370K, committed 30872K, reserved 1077248K
  class space    used 3517K, capacity 3653K, committed 3736K, reserved 1048576K
}
2015-09-11T13:08:21.356+0200: 45.183: Total time for which application threads were stopped: 0.0077602 seconds, Stopping threads took: 0.0000150 seconds
{Heap before GC invocations=73 (full 3):
 par new generation   total 109248K, used 109248K [0x00000000e0000000, 0x00000000e8000000, 0x00000000e8000000)
  eden space 87424K, 100% used [0x00000000e0000000, 0x00000000e5560000, 0x00000000e5560000)
  from space 21824K, 100% used [0x00000000e6ab0000, 0x00000000e8000000, 0x00000000e8000000)
  to   space 21824K,   0% used [0x00000000e5560000, 0x00000000e5560000, 0x00000000e6ab0000)
 concurrent mark-sweep generation total 393216K, used 55332K [0x00000000e8000000, 0x0000000100000000, 0x0000000100000000)
 Metaspace       used 30008K, capacity 30370K, committed 30872K, reserved 1077248K
  class space    used 3517K, capacity 3653K, committed 3736K, reserved 1048576K
2015-09-11T13:08:21.651+0200: 45.478: [GC (Allocation Failure) 45.478: [ParNew
Desired survivor size 20112992 bytes, new threshold 8 (max 8)
- age   1:    5935136 bytes,    5935136 total
- age   2:    2512312 bytes,    8447448 total
- age   3:    1156104 bytes,    9603552 total
- age   4:    2214656 bytes,   11818208 total
- age   5:    1998072 bytes,   13816280 total
- age   6:    1737888 bytes,   15554168 total
- age   7:    1769288 bytes,   17323456 total
- age   8:    1763968 bytes,   19087424 total
: 109248K->21824K(109248K), 0.0082476 secs] 164580K->83508K(502464K), 0.0082953 secs] [Times: user=0.06 sys=0.00, real=0.01 secs] 
Heap after GC invocations=74 (full 3):
 par new generation   total 109248K, used 21824K [0x00000000e0000000, 0x00000000e8000000, 0x00000000e8000000)
  eden space 87424K,   0% used [0x00000000e0000000, 0x00000000e0000000, 0x00000000e5560000)
  from space 21824K, 100% used [0x00000000e5560000, 0x00000000e6ab0000, 0x00000000e6ab0000)
  to   space 21824K,   0% used [0x00000000e6ab0000, 0x00000000e6ab0000, 0x00000000e8000000)
 concurrent mark-sweep generation total 393216K, used 61684K [0x00000000e8000000, 0x0000000100000000, 0x0000000100000000)
 Metaspace       used 30008K, capacity 30370K, committed 30872K, reserved 1077248K
  class space    used 3517K, capacity 3653K, committed 3736K, reserved 1048576K
}
2015-09-11T13:08:21.660+0200: 45.486: Total time for which application threads were stopped: 0.0084325 seconds, Stopping threads took: 0.0000150 seconds
{Heap before GC invocations=74 (full 3):
 par new generation   total 109248K, used 109248K [0x00000000e0000000, 0x00000000e8000000, 0x00000000e8000000)
  eden space 87424K, 100% used [0x00000000e0000000, 0x00000000e5560000, 0x00000000e5560000)
  from space 21824K, 100% used [0x00000000e5560000, 0x00000000e6ab0000, 0x00000000e6ab0000)
  to   space 21824K,   0% used [0x00000000e6ab0000, 0x00000000e6ab0000, 0x00000000e8000000)
 concurrent mark-sweep generation total 393216K, used 61684K [0x00000000e8000000, 0x0000000100000000, 0x0000000100000000)
 Metaspace       used 30008K, capacity 30370K, committed 30872K, reserved 1077248K
  class space    used 3517K, capacity 3653K, committed 3736K, reserved 1048576K
2015-09-11T13:08:21.942+0200: 45.769: [GC (Allocation Failure) 45.769: [ParNew
Desired survivor size 20112992 bytes, new threshold 8 (max 8)
- age   1:    3996184 bytes,    3996184 total
- age   2:    4288888 bytes,    8285072 total
- age   3:    1868832 bytes,   10153904 total
- age   4:    1097616 bytes,   11251520 total
- age   5:    2116472 bytes,   13367992 total
- age   6:    1652616 bytes,   15020608 total
- age   7:    1660192 bytes,   16680800 total
- age   8:    1696248 bytes,   18377048 total
: 109248K->21824K(109248K), 0.0082665 secs] 170932K->91088K(502464K), 0.0083234 secs] [Times: user=0.02 sys=0.00, real=0.01 secs] 
Heap after GC invocations=75 (full 3):
 par new generation   total 109248K, used 21824K [0x00000000e0000000, 0x00000000e8000000, 0x00000000e8000000)
  eden space 87424K,   0% used [0x00000000e0000000, 0x00000000e0000000, 0x00000000e5560000)
  from space 21824K, 100% used [0x00000000e6ab0000, 0x00000000e8000000, 0x00000000e8000000)
  to   space 21824K,   0% used [0x00000000e5560000, 0x00000000e5560000, 0x00000000e6ab0000)
 concurrent mark-sweep generation total 393216K, used 69264K [0x00000000e8000000, 0x0000000100000000, 0x0000000100000000)
 Metaspace       used 30008K, capacity 30370K, committed 30872K, reserved 1077248K
  class space    used 3517K, capacity 3653K, committed 3736K, reserved 1048576K
}
2015-09-11T13:08:21.951+0200: 45.777: Total time for which application threads were stopped: 0.0084713 seconds, Stopping threads took: 0.0000150 seconds
{Heap before GC invocations=75 (full 3):
 par new generation   total 109248K, used 109248K [0x00000000e0000000, 0x00000000e8000000, 0x00000000e8000000)
  eden space 87424K, 100% used [0x00000000e0000000, 0x00000000e5560000, 0x00000000e5560000)
  from space 21824K, 100% used [0x00000000e6ab0000, 0x00000000e8000000, 0x00000000e8000000)
  to   space 21824K,   0% used [0x00000000e5560000, 0x00000000e5560000, 0x00000000e6ab0000)
 concurrent mark-sweep generation total 393216K, used 69264K [0x00000000e8000000, 0x0000000100000000, 0x0000000100000000)
 Metaspace       used 30009K, capacity 30370K, committed 30872K, reserved 1077248K
  class space    used 3517K, capacity 3653K, committed 3736K, reserved 1048576K
2015-09-11T13:08:22.227+0200: 46.054: [GC (Allocation Failure) 46.054: [ParNew
Desired survivor size 20112992 bytes, new threshold 8 (max 8)
- age   1:    6762160 bytes,    6762160 total
- age   2:    1596288 bytes,    8358448 total
- age   3:    3833552 bytes,   12192000 total
- age   4:    1798952 bytes,   13990952 total
- age   5:    1059328 bytes,   15050280 total
- age   6:    1791848 bytes,   16842128 total
- age   7:    1595168 bytes,   18437296 total
- age   8:    1602816 bytes,   20040112 total
: 109248K->21824K(109248K), 0.0082601 secs] 178512K->96271K(502464K), 0.0083359 secs] [Times: user=0.06 sys=0.00, real=0.01 secs] 
Heap after GC invocations=76 (full 3):
 par new generation   total 109248K, used 21824K [0x00000000e0000000, 0x00000000e8000000, 0x00000000e8000000)
  eden space 87424K,   0% used [0x00000000e0000000, 0x00000000e0000000, 0x00000000e5560000)
  from space 21824K, 100% used [0x00000000e5560000, 0x00000000e6ab0000, 0x00000000e6ab0000)
  to   space 21824K,   0% used [0x00000000e6ab0000, 0x00000000e6ab0000, 0x00000000e8000000)
 concurrent mark-sweep generation total 393216K, used 74447K [0x00000000e8000000, 0x0000000100000000, 0x0000000100000000)
 Metaspace       used 30009K, capacity 30370K, committed 30872K, reserved 1077248K
  class space    used 3517K, capacity 3653K, committed 3736K, reserved 1048576K
}
2015-09-11T13:08:22.236+0200: 46.062: Total time for which application threads were stopped: 0.0084905 seconds, Stopping threads took: 0.0000144 seconds
{Heap before GC invocations=76 (full 3):
 par new generation   total 109248K, used 109248K [0x00000000e0000000, 0x00000000e8000000, 0x00000000e8000000)
  eden space 87424K, 100% used [0x00000000e0000000, 0x00000000e5560000, 0x00000000e5560000)
  from space 21824K, 100% used [0x00000000e5560000, 0x00000000e6ab0000, 0x00000000e6ab0000)
  to   space 21824K,   0% used [0x00000000e6ab0000, 0x00000000e6ab0000, 0x00000000e8000000)
 concurrent mark-sweep generation total 393216K, used 74447K [0x00000000e8000000, 0x0000000100000000, 0x0000000100000000)
 Metaspace       used 30009K, capacity 30370K, committed 30872K, reserved 1077248K
  class space    used 3517K, capacity 3653K, committed 3736K, reserved 1048576K
2015-09-11T13:08:22.529+0200: 46.355: [GC (Allocation Failure) 46.355: [ParNew
Desired survivor size 20112992 bytes, new threshold 8 (max 8)
- age   1:    3653528 bytes,    3653528 total
- age   2:    4158456 bytes,    7811984 total
- age   3:    1543936 bytes,    9355920 total
- age   4:    3789576 bytes,   13145496 total
- age   5:    1756528 bytes,   14902024 total
- age   6:    1034064 bytes,   15936088 total
- age   7:    1744160 bytes,   17680248 total
- age   8:    1549360 bytes,   19229608 total
: 109248K->21824K(109248K), 0.0078956 secs] 183695K->99963K(502464K), 0.0079525 secs] [Times: user=0.00 sys=0.00, real=0.01 secs] 
Heap after GC invocations=77 (full 3):
 par new generation   total 109248K, used 21824K [0x00000000e0000000, 0x00000000e8000000, 0x00000000e8000000)
  eden space 87424K,   0% used [0x00000000e0000000, 0x00000000e0000000, 0x00000000e5560000)
  from space 21824K, 100% used [0x00000000e6ab0000, 0x00000000e8000000, 0x00000000e8000000)
  to   space 21824K,   0% used [0x00000000e5560000, 0x00000000e5560000, 0x00000000e6ab0000)
 concurrent mark-sweep generation total 393216K, used 78139K [0x00000000e8000000, 0x0000000100000000, 0x0000000100000000)
 Metaspace       used 30009K, capacity 30370K, committed 30872K, reserved 1077248K
  class space    used 3517K, capacity 3653K, committed 3736K, reserved 1048576K
}
2015-09-11T13:08:22.537+0200: 46.363: Total time for which application threads were stopped: 0.0080940 seconds, Stopping threads took: 0.0000150 seconds
{Heap before GC invocations=77 (full 3):
 par new generation   total 109248K, used 109248K [0x00000000e0000000, 0x00000000e8000000, 0x00000000e8000000)
  eden space 87424K, 100% used [0x00000000e0000000, 0x00000000e5560000, 0x00000000e5560000)
  from space 21824K, 100% used [0x00000000e6ab0000, 0x00000000e8000000, 0x00000000e8000000)
  to   space 21824K,   0% used [0x00000000e5560000, 0x00000000e5560000, 0x00000000e6ab0000)
 concurrent mark-sweep generation total 393216K, used 78139K [0x00000000e8000000, 0x0000000100000000, 0x0000000100000000)
 Metaspace       used 30009K, capacity 30370K, committed 30872K, reserved 1077248K
  class space    used 3517K, capacity 3653K, committed 3736K, reserved 1048576K
2015-09-11T13:08:22.815+0200: 46.642: [GC (Allocation Failure) 46.642: [ParNew
Desired survivor size 20112992 bytes, new threshold 8 (max 8)
- age   1:    4515752 bytes,    4515752 total
- age   2:    3556400 bytes,    8072152 total
- age   3:    1954616 bytes,   10026768 total
- age   4:    1519424 bytes,   11546192 total
- age   5:    3753600 bytes,   15299792 total
- age   6:    1739856 bytes,   17039648 total
- age   7:    1022880 bytes,   18062528 total
- age   8:    1728304 bytes,   19790832 total
: 109248K->21824K(109248K), 0.0078133 secs] 187387K->105203K(502464K), 0.0078601 secs] [Times: user=0.00 sys=0.00, real=0.01 secs] 
Heap after GC invocations=78 (full 3):
 par new generation   total 109248K, used 21824K [0x00000000e0000000, 0x00000000e8000000, 0x00000000e8000000)
  eden space 87424K,   0% used [0x00000000e0000000, 0x00000000e0000000, 0x00000000e5560000)
  from space 21824K, 100% used [0x00000000e5560000, 0x00000000e6ab0000, 0x00000000e6ab0000)
  to   space 21824K,   0% used [0x00000000e6ab0000, 0x00000000e6ab0000, 0x00000000e8000000)
 concurrent mark-sweep generation total 393216K, used 83379K [0x00000000e8000000, 0x0000000100000000, 0x0000000100000000)
 Metaspace       used 30009K, capacity 30370K, committed 30872K, reserved 1077248K
  class space    used 3517K, capacity 3653K, committed 3736K, reserved 1048576K
}
2015-09-11T13:08:22.823+0200: 46.649: Total time for which application threads were stopped: 0.0080034 seconds, Stopping threads took: 0.0000150 seconds
{Heap before GC invocations=78 (full 3):
 par new generation   total 109248K, used 108859K [0x00000000e0000000, 0x00000000e8000000, 0x00000000e8000000)
  eden space 87424K,  99% used [0x00000000e0000000, 0x00000000e54fecc8, 0x00000000e5560000)
  from space 21824K, 100% used [0x00000000e5560000, 0x00000000e6ab0000, 0x00000000e6ab0000)
  to   space 21824K,   0% used [0x00000000e6ab0000, 0x00000000e6ab0000, 0x00000000e8000000)
 concurrent mark-sweep generation total 393216K, used 83379K [0x00000000e8000000, 0x0000000100000000, 0x0000000100000000)
 Metaspace       used 30009K, capacity 30370K, committed 30872K, reserved 1077248K
  class space    used 3517K, capacity 3653K, committed 3736K, reserved 1048576K
2015-09-11T13:08:23.116+0200: 46.942: [GC (Allocation Failure) 46.942: [ParNew
Desired survivor size 20112992 bytes, new threshold 8 (max 8)
- age   1:    6297648 bytes,    6297648 total
- age   2:    2861080 bytes,    9158728 total
- age   3:    1027936 bytes,   10186664 total
- age   4:    1900712 bytes,   12087376 total
- age   5:    1484040 bytes,   13571416 total
- age   6:    3727184 bytes,   17298600 total
- age   7:    1711424 bytes,   19010024 total
- age   8:    1006000 bytes,   20016024 total
: 108859K->21824K(109248K), 0.0084338 secs] 192238K->110267K(502464K), 0.0084818 secs] [Times: user=0.06 sys=0.00, real=0.01 secs] 
Heap after GC invocations=79 (full 3):
 par new generation   total 109248K, used 21824K [0x00000000e0000000, 0x00000000e8000000, 0x00000000e8000000)
  eden space 87424K,   0% used [0x00000000e0000000, 0x00000000e0000000, 0x00000000e5560000)
  from space 21824K, 100% used [0x00000000e6ab0000, 0x00000000e8000000, 0x00000000e8000000)
  to   space 21824K,   0% used [0x00000000e5560000, 0x00000000e5560000, 0x00000000e6ab0000)
 concurrent mark-sweep generation total 393216K, used 88443K [0x00000000e8000000, 0x0000000100000000, 0x0000000100000000)
 Metaspace       used 30009K, capacity 30370K, committed 30872K, reserved 1077248K
  class space    used 3517K, capacity 3653K, committed 3736K, reserved 1048576K
}
2015-09-11T13:08:23.124+0200: 46.951: Total time for which application threads were stopped: 0.0086373 seconds, Stopping threads took: 0.0000243 seconds
{Heap before GC invocations=79 (full 3):
 par new generation   total 109248K, used 109248K [0x00000000e0000000, 0x00000000e8000000, 0x00000000e8000000)
  eden space 87424K, 100% used [0x00000000e0000000, 0x00000000e5560000, 0x00000000e5560000)
  from space 21824K, 100% used [0x00000000e6ab0000, 0x00000000e8000000, 0x00000000e8000000)
  to   space 21824K,   0% used [0x00000000e5560000, 0x00000000e5560000, 0x00000000e6ab0000)
 concurrent mark-sweep generation total 393216K, used 88443K [0x00000000e8000000, 0x0000000100000000, 0x0000000100000000)
 Metaspace       used 30009K, capacity 30370K, committed 30872K, reserved 1077248K
  class space    used 3517K, capacity 3653K, committed 3736K, reserved 1048576K
2015-09-11T13:08:23.398+0200: 47.224: [GC (Allocation Failure) 47.224: [ParNew
Desired survivor size 20112992 bytes, new threshold 8 (max 8)
- age   1:    3625592 bytes,    3625592 total
- age   2:    4051160 bytes,    7676752 total
- age   3:    1997944 bytes,    9674696 total
- age   4:     993456 bytes,   10668152 total
- age   5:    1869560 bytes,   12537712 total
- age   6:    1448136 bytes,   13985848 total
- age   7:    3703112 bytes,   17688960 total
- age   8:    1689024 bytes,   19377984 total
: 109248K->21824K(109248K), 0.0082985 secs] 197691K->117916K(502464K), 0.0083468 secs] [Times: user=0.06 sys=0.00, real=0.01 secs] 
Heap after GC invocations=80 (full 3):
 par new generation   total 109248K, used 21824K [0x00000000e0000000, 0x00000000e8000000, 0x00000000e8000000)
  eden space 87424K,   0% used [0x00000000e0000000, 0x00000000e0000000, 0x00000000e5560000)
  from space 21824K, 100% used [0x00000000e5560000, 0x00000000e6ab0000, 0x00000000e6ab0000)
  to   space 21824K,   0% used [0x00000000e6ab0000, 0x00000000e6ab0000, 0x00000000e8000000)
 concurrent mark-sweep generation total 393216K, used 96092K [0x00000000e8000000, 0x0000000100000000, 0x0000000100000000)
 Metaspace       used 30009K, capacity 30370K, committed 30872K, reserved 1077248K
  class space    used 3517K, capacity 3653K, committed 3736K, reserved 1048576K
}
2015-09-11T13:08:23.406+0200: 47.233: Total time for which application threads were stopped: 0.0084869 seconds, Stopping threads took: 0.0000150 seconds
2015-09-11T13:08:23.549+0200: 47.376: Total time for which application threads were stopped: 0.0001219 seconds, Stopping threads took: 0.0000163 seconds
{Heap before GC invocations=80 (full 3):
 par new generation   total 109248K, used 109248K [0x00000000e0000000, 0x00000000e8000000, 0x00000000e8000000)
  eden space 87424K, 100% used [0x00000000e0000000, 0x00000000e5560000, 0x00000000e5560000)
  from space 21824K, 100% used [0x00000000e5560000, 0x00000000e6ab0000, 0x00000000e6ab0000)
  to   space 21824K,   0% used [0x00000000e6ab0000, 0x00000000e6ab0000, 0x00000000e8000000)
 concurrent mark-sweep generation total 393216K, used 96092K [0x00000000e8000000, 0x0000000100000000, 0x0000000100000000)
 Metaspace       used 30009K, capacity 30370K, committed 30872K, reserved 1077248K
  class space    used 3517K, capacity 3653K, committed 3736K, reserved 1048576K
2015-09-11T13:08:23.701+0200: 47.528: [GC (Allocation Failure) 47.528: [ParNew
Desired survivor size 20112992 bytes, new threshold 8 (max 8)
- age   1:    3659416 bytes,    3659416 total
- age   2:    3429544 bytes,    7088960 total
- age   3:    3897840 bytes,   10986800 total
- age   4:    1845336 bytes,   12832136 total
- age   5:     842464 bytes,   13674600 total
- age   6:    1731144 bytes,   15405744 total
- age   7:    1343352 bytes,   16749096 total
- age   8:    3565368 bytes,   20314464 total
: 109248K->21824K(109248K), 0.0085180 secs] 205340K->120819K(502464K), 0.0085957 secs] [Times: user=0.00 sys=0.00, real=0.01 secs] 
Heap after GC invocations=81 (full 3):
 par new generation   total 109248K, used 21824K [0x00000000e0000000, 0x00000000e8000000, 0x00000000e8000000)
  eden space 87424K,   0% used [0x00000000e0000000, 0x00000000e0000000, 0x00000000e5560000)
  from space 21824K, 100% used [0x00000000e6ab0000, 0x00000000e8000000, 0x00000000e8000000)
  to   space 21824K,   0% used [0x00000000e5560000, 0x00000000e5560000, 0x00000000e6ab0000)
 concurrent mark-sweep generation total 393216K, used 98995K [0x00000000e8000000, 0x0000000100000000, 0x0000000100000000)
 Metaspace       used 30009K, capacity 30370K, committed 30872K, reserved 1077248K
  class space    used 3517K, capacity 3653K, committed 3736K, reserved 1048576K
}
2015-09-11T13:08:23.710+0200: 47.537: Total time for which application threads were stopped: 0.0087356 seconds, Stopping threads took: 0.0000157 seconds
2015-09-11T13:08:23.864+0200: 47.690: Total time for which application threads were stopped: 0.0001069 seconds, Stopping threads took: 0.0000394 seconds
2015-09-11T13:08:23.864+0200: 47.691: Total time for which application threads were stopped: 0.0000547 seconds, Stopping threads took: 0.0000208 seconds
{Heap before GC invocations=81 (full 3):
 par new generation   total 109248K, used 109248K [0x00000000e0000000, 0x00000000e8000000, 0x00000000e8000000)
  eden space 87424K, 100% used [0x00000000e0000000, 0x00000000e5560000, 0x00000000e5560000)
  from space 21824K, 100% used [0x00000000e6ab0000, 0x00000000e8000000, 0x00000000e8000000)
  to   space 21824K,   0% used [0x00000000e5560000, 0x00000000e5560000, 0x00000000e6ab0000)
 concurrent mark-sweep generation total 393216K, used 98995K [0x00000000e8000000, 0x0000000100000000, 0x0000000100000000)
 Metaspace       used 30009K, capacity 30370K, committed 30872K, reserved 1077248K
  class space    used 3517K, capacity 3653K, committed 3736K, reserved 1048576K
2015-09-11T13:08:23.984+0200: 47.810: [GC (Allocation Failure) 47.810: [ParNew
Desired survivor size 20112992 bytes, new threshold 8 (max 8)
- age   1:    5436144 bytes,    5436144 total
- age   2:    2864736 bytes,    8300880 total
- age   3:    1667240 bytes,    9968120 total
- age   4:    3862640 bytes,   13830760 total
- age   5:    1805576 bytes,   15636336 total
- age   6:     795704 bytes,   16432040 total
- age   7:    1700688 bytes,   18132728 total
- age   8:    1294064 bytes,   19426792 total
: 109248K->21824K(109248K), 0.0091845 secs] 208243K->131917K(502464K), 0.0092316 secs] [Times: user=0.00 sys=0.00, real=0.01 secs] 
Heap after GC invocations=82 (full 3):
 par new generation   total 109248K, used 21824K [0x00000000e0000000, 0x00000000e8000000, 0x00000000e8000000)
  eden space 87424K,   0% used [0x00000000e0000000, 0x00000000e0000000, 0x00000000e5560000)
  from space 21824K, 100% used [0x00000000e5560000, 0x00000000e6ab0000, 0x00000000e6ab0000)
  to   space 21824K,   0% used [0x00000000e6ab0000, 0x00000000e6ab0000, 0x00000000e8000000)
 concurrent mark-sweep generation total 393216K, used 110093K [0x00000000e8000000, 0x0000000100000000, 0x0000000100000000)
 Metaspace       used 30009K, capacity 30370K, committed 30872K, reserved 1077248K
  class space    used 3517K, capacity 3653K, committed 3736K, reserved 1048576K
}
2015-09-11T13:08:23.993+0200: 47.820: Total time for which application threads were stopped: 0.0093749 seconds, Stopping threads took: 0.0000157 seconds
2015-09-11T13:08:24.035+0200: 47.862: Total time for which application threads were stopped: 0.0001370 seconds, Stopping threads took: 0.0000771 seconds
2015-09-11T13:08:24.065+0200: 47.891: Total time for which application threads were stopped: 0.0001056 seconds, Stopping threads took: 0.0000390 seconds
2015-09-11T13:08:24.065+0200: 47.892: Total time for which application threads were stopped: 0.0000886 seconds, Stopping threads took: 0.0000419 seconds
2015-09-11T13:08:24.065+0200: 47.892: Total time for which application threads were stopped: 0.0000406 seconds, Stopping threads took: 0.0000096 seconds
2015-09-11T13:08:24.065+0200: 47.892: Total time for which application threads were stopped: 0.0000406 seconds, Stopping threads took: 0.0000144 seconds
2015-09-11T13:08:24.066+0200: 47.892: Total time for which application threads were stopped: 0.0000365 seconds, Stopping threads took: 0.0000106 seconds
2015-09-11T13:08:24.067+0200: 47.894: Total time for which application threads were stopped: 0.0002384 seconds, Stopping threads took: 0.0001875 seconds
2015-09-11T13:08:24.069+0200: 47.896: Total time for which application threads were stopped: 0.0000826 seconds, Stopping threads took: 0.0000269 seconds
2015-09-11T13:08:24.070+0200: 47.897: Total time for which application threads were stopped: 0.0000637 seconds, Stopping threads took: 0.0000202 seconds
2015-09-11T13:08:24.070+0200: 47.897: Total time for which application threads were stopped: 0.0000317 seconds, Stopping threads took: 0.0000080 seconds
2015-09-11T13:08:24.071+0200: 47.898: Total time for which application threads were stopped: 0.0000618 seconds, Stopping threads took: 0.0000224 seconds
2015-09-11T13:08:24.071+0200: 47.898: Total time for which application threads were stopped: 0.0000352 seconds, Stopping threads took: 0.0000086 seconds
2015-09-11T13:08:24.075+0200: 47.901: Total time for which application threads were stopped: 0.0001600 seconds, Stopping threads took: 0.0000784 seconds
2015-09-11T13:08:24.079+0200: 47.906: Total time for which application threads were stopped: 0.0000912 seconds, Stopping threads took: 0.0000253 seconds
2015-09-11T13:08:24.080+0200: 47.906: Total time for which application threads were stopped: 0.0001971 seconds, Stopping threads took: 0.0000086 seconds
2015-09-11T13:08:24.082+0200: 47.909: Total time for which application threads were stopped: 0.0000742 seconds, Stopping threads took: 0.0000227 seconds
2015-09-11T13:08:24.085+0200: 47.912: Total time for which application threads were stopped: 0.0000806 seconds, Stopping threads took: 0.0000221 seconds
2015-09-11T13:08:24.092+0200: 47.919: Total time for which application threads were stopped: 0.0001130 seconds, Stopping threads took: 0.0000211 seconds
2015-09-11T13:08:24.095+0200: 47.921: Total time for which application threads were stopped: 0.0004483 seconds, Stopping threads took: 0.0003533 seconds
2015-09-11T13:08:24.097+0200: 47.924: Total time for which application threads were stopped: 0.0000944 seconds, Stopping threads took: 0.0000214 seconds
2015-09-11T13:08:24.097+0200: 47.924: Total time for which application threads were stopped: 0.0000384 seconds, Stopping threads took: 0.0000118 seconds
2015-09-11T13:08:24.227+0200: 48.053: Total time for which application threads were stopped: 0.0001056 seconds, Stopping threads took: 0.0000307 seconds
2015-09-11T13:08:24.227+0200: 48.054: Total time for which application threads were stopped: 0.0000531 seconds, Stopping threads took: 0.0000176 seconds
2015-09-11T13:08:24.227+0200: 48.054: Total time for which application threads were stopped: 0.0000413 seconds, Stopping threads took: 0.0000090 seconds
2015-09-11T13:08:24.227+0200: 48.054: Total time for which application threads were stopped: 0.0000378 seconds, Stopping threads took: 0.0000144 seconds
2015-09-11T13:08:24.228+0200: 48.054: Total time for which application threads were stopped: 0.0000349 seconds, Stopping threads took: 0.0000115 seconds
2015-09-11T13:08:24.235+0200: 48.061: Total time for which application threads were stopped: 0.0001194 seconds, Stopping threads took: 0.0000429 seconds
2015-09-11T13:08:24.238+0200: 48.065: Total time for which application threads were stopped: 0.0000877 seconds, Stopping threads took: 0.0000202 seconds
2015-09-11T13:08:24.239+0200: 48.066: Total time for which application threads were stopped: 0.0001168 seconds, Stopping threads took: 0.0000486 seconds
2015-09-11T13:08:24.241+0200: 48.067: Total time for which application threads were stopped: 0.0002621 seconds, Stopping threads took: 0.0000570 seconds
2015-09-11T13:08:24.248+0200: 48.074: Total time for which application threads were stopped: 0.0001360 seconds, Stopping threads took: 0.0000666 seconds
2015-09-11T13:08:24.252+0200: 48.079: Total time for which application threads were stopped: 0.0001056 seconds, Stopping threads took: 0.0000432 seconds
2015-09-11T13:08:24.252+0200: 48.079: Total time for which application threads were stopped: 0.0000528 seconds, Stopping threads took: 0.0000141 seconds
2015-09-11T13:08:24.253+0200: 48.080: Total time for which application threads were stopped: 0.0001024 seconds, Stopping threads took: 0.0000486 seconds
2015-09-11T13:08:24.253+0200: 48.080: Total time for which application threads were stopped: 0.0000560 seconds, Stopping threads took: 0.0000186 seconds
2015-09-11T13:08:24.253+0200: 48.080: Total time for which application threads were stopped: 0.0000448 seconds, Stopping threads took: 0.0000163 seconds
2015-09-11T13:08:24.253+0200: 48.080: Total time for which application threads were stopped: 0.0000518 seconds, Stopping threads took: 0.0000179 seconds
2015-09-11T13:08:24.257+0200: 48.084: Total time for which application threads were stopped: 0.0000822 seconds, Stopping threads took: 0.0000157 seconds
2015-09-11T13:08:24.257+0200: 48.084: Total time for which application threads were stopped: 0.0001354 seconds, Stopping threads took: 0.0000918 seconds
2015-09-11T13:08:24.261+0200: 48.087: Total time for which application threads were stopped: 0.0001136 seconds, Stopping threads took: 0.0000576 seconds
2015-09-11T13:08:24.262+0200: 48.089: Total time for which application threads were stopped: 0.0000934 seconds, Stopping threads took: 0.0000278 seconds
2015-09-11T13:08:24.263+0200: 48.090: Total time for which application threads were stopped: 0.0000973 seconds, Stopping threads took: 0.0000282 seconds
{Heap before GC invocations=82 (full 3):
 par new generation   total 109248K, used 109248K [0x00000000e0000000, 0x00000000e8000000, 0x00000000e8000000)
  eden space 87424K, 100% used [0x00000000e0000000, 0x00000000e5560000, 0x00000000e5560000)
  from space 21824K, 100% used [0x00000000e5560000, 0x00000000e6ab0000, 0x00000000e6ab0000)
  to   space 21824K,   0% used [0x00000000e6ab0000, 0x00000000e6ab0000, 0x00000000e8000000)
 concurrent mark-sweep generation total 393216K, used 110093K [0x00000000e8000000, 0x0000000100000000, 0x0000000100000000)
 Metaspace       used 30153K, capacity 30498K, committed 30872K, reserved 1077248K
  class space    used 3527K, capacity 3653K, committed 3736K, reserved 1048576K
2015-09-11T13:08:24.330+0200: 48.157: [GC (Allocation Failure) 48.157: [ParNew
Desired survivor size 20112992 bytes, new threshold 8 (max 8)
- age   1:    3139480 bytes,    3139480 total
- age   2:    5411288 bytes,    8550768 total
- age   3:    2845256 bytes,   11396024 total
- age   4:    1651592 bytes,   13047616 total
- age   5:    3848048 bytes,   16895664 total
- age   6:    1765408 bytes,   18661072 total
- age   7:     781208 bytes,   19442280 total
- age   8:    1695408 bytes,   21137688 total
: 109248K->21824K(109248K), 0.0130942 secs] 219341K->133339K(502464K), 0.0131538 secs] [Times: user=0.05 sys=0.00, real=0.01 secs] 
Heap after GC invocations=83 (full 3):
 par new generation   total 109248K, used 21824K [0x00000000e0000000, 0x00000000e8000000, 0x00000000e8000000)
  eden space 87424K,   0% used [0x00000000e0000000, 0x00000000e0000000, 0x00000000e5560000)
  from space 21824K, 100% used [0x00000000e6ab0000, 0x00000000e8000000, 0x00000000e8000000)
  to   space 21824K,   0% used [0x00000000e5560000, 0x00000000e5560000, 0x00000000e6ab0000)
 concurrent mark-sweep generation total 393216K, used 111515K [0x00000000e8000000, 0x0000000100000000, 0x0000000100000000)
 Metaspace       used 30153K, capacity 30498K, committed 30872K, reserved 1077248K
  class space    used 3527K, capacity 3653K, committed 3736K, reserved 1048576K
}
2015-09-11T13:08:24.343+0200: 48.170: Total time for which application threads were stopped: 0.0133109 seconds, Stopping threads took: 0.0000154 seconds
{Heap before GC invocations=83 (full 3):
 par new generation   total 109248K, used 109248K [0x00000000e0000000, 0x00000000e8000000, 0x00000000e8000000)
  eden space 87424K, 100% used [0x00000000e0000000, 0x00000000e5560000, 0x00000000e5560000)
  from space 21824K, 100% used [0x00000000e6ab0000, 0x00000000e8000000, 0x00000000e8000000)
  to   space 21824K,   0% used [0x00000000e5560000, 0x00000000e5560000, 0x00000000e6ab0000)
 concurrent mark-sweep generation total 393216K, used 111515K [0x00000000e8000000, 0x0000000100000000, 0x0000000100000000)
 Metaspace       used 30173K, capacity 30530K, committed 30872K, reserved 1077248K
  class space    used 3530K, capacity 3685K, committed 3736K, reserved 1048576K
2015-09-11T13:08:24.616+0200: 48.443: [GC (Allocation Failure) 48.443: [ParNew
Desired survivor size 20112992 bytes, new threshold 7 (max 8)
- age   1:    6825672 bytes,    6825672 total
- age   2:    2828576 bytes,    9654248 total
- age   3:    2589360 bytes,   12243608 total
- age   4:    2107984 bytes,   14351592 total
- age   5:    1463664 bytes,   15815256 total
- age   6:    3745312 bytes,   19560568 total
- age   7:    1668888 bytes,   21229456 total
- age   8:     662616 bytes,   21892072 total
: 109248K->21824K(109248K), 0.0108805 secs] 220763K->143581K(502464K), 0.0109506 secs] [Times: user=0.06 sys=0.00, real=0.01 secs] 
Heap after GC invocations=84 (full 3):
 par new generation   total 109248K, used 21824K [0x00000000e0000000, 0x00000000e8000000, 0x00000000e8000000)
  eden space 87424K,   0% used [0x00000000e0000000, 0x00000000e0000000, 0x00000000e5560000)
  from space 21824K, 100% used [0x00000000e5560000, 0x00000000e6ab0000, 0x00000000e6ab0000)
  to   space 21824K,   0% used [0x00000000e6ab0000, 0x00000000e6ab0000, 0x00000000e8000000)
 concurrent mark-sweep generation total 393216K, used 121757K [0x00000000e8000000, 0x0000000100000000, 0x0000000100000000)
 Metaspace       used 30173K, capacity 30530K, committed 30872K, reserved 1077248K
  class space    used 3530K, capacity 3685K, committed 3736K, reserved 1048576K
}
2015-09-11T13:08:24.628+0200: 48.454: Total time for which application threads were stopped: 0.0111301 seconds, Stopping threads took: 0.0000147 seconds
{Heap before GC invocations=84 (full 3):
 par new generation   total 109248K, used 109248K [0x00000000e0000000, 0x00000000e8000000, 0x00000000e8000000)
  eden space 87424K, 100% used [0x00000000e0000000, 0x00000000e5560000, 0x00000000e5560000)
  from space 21824K, 100% used [0x00000000e5560000, 0x00000000e6ab0000, 0x00000000e6ab0000)
  to   space 21824K,   0% used [0x00000000e6ab0000, 0x00000000e6ab0000, 0x00000000e8000000)
 concurrent mark-sweep generation total 393216K, used 121757K [0x00000000e8000000, 0x0000000100000000, 0x0000000100000000)
 Metaspace       used 30173K, capacity 30530K, committed 30872K, reserved 1077248K
  class space    used 3530K, capacity 3685K, committed 3736K, reserved 1048576K
2015-09-11T13:08:24.944+0200: 48.771: [GC (Allocation Failure) 48.771: [ParNew
Desired survivor size 20112992 bytes, new threshold 8 (max 8)
- age   1:    2606064 bytes,    2606064 total
- age   2:    5267376 bytes,    7873440 total
- age   3:    2180776 bytes,   10054216 total
- age   4:    2504840 bytes,   12559056 total
- age   5:    1768176 bytes,   14327232 total
- age   6:    1027888 bytes,   15355120 total
- age   7:    3701784 bytes,   19056904 total
: 109248K->21824K(109248K), 0.0090808 secs] 231005K->150096K(502464K), 0.0091368 secs] [Times: user=0.06 sys=0.00, real=0.01 secs] 
Heap after GC invocations=85 (full 3):
 par new generation   total 109248K, used 21824K [0x00000000e0000000, 0x00000000e8000000, 0x00000000e8000000)
  eden space 87424K,   0% used [0x00000000e0000000, 0x00000000e0000000, 0x00000000e5560000)
  from space 21824K, 100% used [0x00000000e6ab0000, 0x00000000e8000000, 0x00000000e8000000)
  to   space 21824K,   0% used [0x00000000e5560000, 0x00000000e5560000, 0x00000000e6ab0000)
 concurrent mark-sweep generation total 393216K, used 128272K [0x00000000e8000000, 0x0000000100000000, 0x0000000100000000)
 Metaspace       used 30173K, capacity 30530K, committed 30872K, reserved 1077248K
  class space    used 3530K, capacity 3685K, committed 3736K, reserved 1048576K
}
2015-09-11T13:08:24.953+0200: 48.780: Total time for which application threads were stopped: 0.0093029 seconds, Stopping threads took: 0.0000176 seconds
{Heap before GC invocations=85 (full 3):
 par new generation   total 109248K, used 109248K [0x00000000e0000000, 0x00000000e8000000, 0x00000000e8000000)
  eden space 87424K, 100% used [0x00000000e0000000, 0x00000000e5560000, 0x00000000e5560000)
  from space 21824K, 100% used [0x00000000e6ab0000, 0x00000000e8000000, 0x00000000e8000000)
  to   space 21824K,   0% used [0x00000000e5560000, 0x00000000e5560000, 0x00000000e6ab0000)
 concurrent mark-sweep generation total 393216K, used 128272K [0x00000000e8000000, 0x0000000100000000, 0x0000000100000000)
 Metaspace       used 30173K, capacity 30530K, committed 30872K, reserved 1077248K
  class space    used 3530K, capacity 3685K, committed 3736K, reserved 1048576K
2015-09-11T13:08:25.271+0200: 49.097: [GC (Allocation Failure) 49.097: [ParNew
Desired survivor size 20112992 bytes, new threshold 8 (max 8)
- age   1:    5672144 bytes,    5672144 total
- age   2:    2537112 bytes,    8209256 total
- age   3:    1925152 bytes,   10134408 total
- age   4:    2113376 bytes,   12247784 total
- age   5:    2475048 bytes,   14722832 total
- age   6:    1735184 bytes,   16458016 total
- age   7:     976688 bytes,   17434704 total
- age   8:    2526320 bytes,   19961024 total
: 109248K->21824K(109248K), 0.0106847 secs] 237520K->156248K(502464K), 0.0107496 secs] [Times: user=0.06 sys=0.00, real=0.01 secs] 
Heap after GC invocations=86 (full 3):
 par new generation   total 109248K, used 21824K [0x00000000e0000000, 0x00000000e8000000, 0x00000000e8000000)
  eden space 87424K,   0% used [0x00000000e0000000, 0x00000000e0000000, 0x00000000e5560000)
  from space 21824K, 100% used [0x00000000e5560000, 0x00000000e6ab0000, 0x00000000e6ab0000)
  to   space 21824K,   0% used [0x00000000e6ab0000, 0x00000000e6ab0000, 0x00000000e8000000)
 concurrent mark-sweep generation total 393216K, used 134424K [0x00000000e8000000, 0x0000000100000000, 0x0000000100000000)
 Metaspace       used 30173K, capacity 30530K, committed 30872K, reserved 1077248K
  class space    used 3530K, capacity 3685K, committed 3736K, reserved 1048576K
}
2015-09-11T13:08:25.281+0200: 49.108: Total time for which application threads were stopped: 0.0109048 seconds, Stopping threads took: 0.0000243 seconds
{Heap before GC invocations=86 (full 3):
 par new generation   total 109248K, used 109248K [0x00000000e0000000, 0x00000000e8000000, 0x00000000e8000000)
  eden space 87424K, 100% used [0x00000000e0000000, 0x00000000e5560000, 0x00000000e5560000)
  from space 21824K, 100% used [0x00000000e5560000, 0x00000000e6ab0000, 0x00000000e6ab0000)
  to   space 21824K,   0% used [0x00000000e6ab0000, 0x00000000e6ab0000, 0x00000000e8000000)
 concurrent mark-sweep generation total 393216K, used 134424K [0x00000000e8000000, 0x0000000100000000, 0x0000000100000000)
 Metaspace       used 30173K, capacity 30530K, committed 30872K, reserved 1077248K
  class space    used 3530K, capacity 3685K, committed 3736K, reserved 1048576K
2015-09-11T13:08:25.559+0200: 49.385: [GC (Allocation Failure) 49.385: [ParNew
Desired survivor size 20112992 bytes, new threshold 8 (max 8)
- age   1:    4498712 bytes,    4498712 total
- age   2:    5613232 bytes,   10111944 total
- age   3:    2479464 bytes,   12591408 total
- age   4:     712064 bytes,   13303472 total
- age   5:    2033224 bytes,   15336696 total
- age   6:    2460256 bytes,   17796952 total
- age   7:    1720376 bytes,   19517328 total
- age   8:     965784 bytes,   20483112 total
: 109248K->21824K(109248K), 0.0102703 secs] 243672K->166648K(502464K), 0.0103173 secs] [Times: user=0.00 sys=0.00, real=0.01 secs] 
Heap after GC invocations=87 (full 3):
 par new generation   total 109248K, used 21824K [0x00000000e0000000, 0x00000000e8000000, 0x00000000e8000000)
  eden space 87424K,   0% used [0x00000000e0000000, 0x00000000e0000000, 0x00000000e5560000)
  from space 21824K, 100% used [0x00000000e6ab0000, 0x00000000e8000000, 0x00000000e8000000)
  to   space 21824K,   0% used [0x00000000e5560000, 0x00000000e5560000, 0x00000000e6ab0000)
 concurrent mark-sweep generation total 393216K, used 144824K [0x00000000e8000000, 0x0000000100000000, 0x0000000100000000)
 Metaspace       used 30173K, capacity 30530K, committed 30872K, reserved 1077248K
  class space    used 3530K, capacity 3685K, committed 3736K, reserved 1048576K
}
2015-09-11T13:08:25.569+0200: 49.396: Total time for which application threads were stopped: 0.0104555 seconds, Stopping threads took: 0.0000150 seconds
{Heap before GC invocations=87 (full 3):
 par new generation   total 109248K, used 109248K [0x00000000e0000000, 0x00000000e8000000, 0x00000000e8000000)
  eden space 87424K, 100% used [0x00000000e0000000, 0x00000000e5560000, 0x00000000e5560000)
  from space 21824K, 100% used [0x00000000e6ab0000, 0x00000000e8000000, 0x00000000e8000000)
  to   space 21824K,   0% used [0x00000000e5560000, 0x00000000e5560000, 0x00000000e6ab0000)
 concurrent mark-sweep generation total 393216K, used 144824K [0x00000000e8000000, 0x0000000100000000, 0x0000000100000000)
 Metaspace       used 30173K, capacity 30530K, committed 30872K, reserved 1077248K
  class space    used 3530K, capacity 3685K, committed 3736K, reserved 1048576K
2015-09-11T13:08:25.876+0200: 49.703: [GC (Allocation Failure) 49.703: [ParNew
Desired survivor size 20112992 bytes, new threshold 8 (max 8)
- age   1:    1222440 bytes,    1222440 total
- age   2:    4397560 bytes,    5620000 total
- age   3:    4610608 bytes,   10230608 total
- age   4:    2421128 bytes,   12651736 total
- age   5:     686496 bytes,   13338232 total
- age   6:    2000792 bytes,   15339024 total
- age   7:    2450576 bytes,   17789600 total
- age   8:    1709000 bytes,   19498600 total
: 109248K->21824K(109248K), 0.0096354 secs] 254072K->170610K(502464K), 0.0096831 secs] [Times: user=0.06 sys=0.00, real=0.01 secs] 
Heap after GC invocations=88 (full 3):
 par new generation   total 109248K, used 21824K [0x00000000e0000000, 0x00000000e8000000, 0x00000000e8000000)
  eden space 87424K,   0% used [0x00000000e0000000, 0x00000000e0000000, 0x00000000e5560000)
  from space 21824K, 100% used [0x00000000e5560000, 0x00000000e6ab0000, 0x00000000e6ab0000)
  to   space 21824K,   0% used [0x00000000e6ab0000, 0x00000000e6ab0000, 0x00000000e8000000)
 concurrent mark-sweep generation total 393216K, used 148786K [0x00000000e8000000, 0x0000000100000000, 0x0000000100000000)
 Metaspace       used 30173K, capacity 30530K, committed 30872K, reserved 1077248K
  class space    used 3530K, capacity 3685K, committed 3736K, reserved 1048576K
}
2015-09-11T13:08:25.886+0200: 49.713: Total time for which application threads were stopped: 0.0098376 seconds, Stopping threads took: 0.0000154 seconds
{Heap before GC invocations=88 (full 3):
 par new generation   total 109248K, used 109248K [0x00000000e0000000, 0x00000000e8000000, 0x00000000e8000000)
  eden space 87424K, 100% used [0x00000000e0000000, 0x00000000e5560000, 0x00000000e5560000)
  from space 21824K, 100% used [0x00000000e5560000, 0x00000000e6ab0000, 0x00000000e6ab0000)
  to   space 21824K,   0% used [0x00000000e6ab0000, 0x00000000e6ab0000, 0x00000000e8000000)
 concurrent mark-sweep generation total 393216K, used 148786K [0x00000000e8000000, 0x0000000100000000, 0x0000000100000000)
 Metaspace       used 30173K, capacity 30530K, committed 30872K, reserved 1077248K
  class space    used 3530K, capacity 3685K, committed 3736K, reserved 1048576K
2015-09-11T13:08:26.185+0200: 50.012: [GC (Allocation Failure) 50.012: [ParNew
Desired survivor size 20112992 bytes, new threshold 8 (max 8)
- age   1:    5522400 bytes,    5522400 total
- age   2:     961296 bytes,    6483696 total
- age   3:    3723096 bytes,   10206792 total
- age   4:    1968760 bytes,   12175552 total
- age   5:    2370704 bytes,   14546256 total
- age   6:     645144 bytes,   15191400 total
- age   7:    1956792 bytes,   17148192 total
- age   8:    2430264 bytes,   19578456 total
: 109248K->21824K(109248K), 0.0094018 secs] 258034K->174321K(502464K), 0.0094488 secs] [Times: user=0.02 sys=0.02, real=0.01 secs] 
Heap after GC invocations=89 (full 3):
 par new generation   total 109248K, used 21824K [0x00000000e0000000, 0x00000000e8000000, 0x00000000e8000000)
  eden space 87424K,   0% used [0x00000000e0000000, 0x00000000e0000000, 0x00000000e5560000)
  from space 21824K, 100% used [0x00000000e6ab0000, 0x00000000e8000000, 0x00000000e8000000)
  to   space 21824K,   0% used [0x00000000e5560000, 0x00000000e5560000, 0x00000000e6ab0000)
 concurrent mark-sweep generation total 393216K, used 152497K [0x00000000e8000000, 0x0000000100000000, 0x0000000100000000)
 Metaspace       used 30173K, capacity 30530K, committed 30872K, reserved 1077248K
  class space    used 3530K, capacity 3685K, committed 3736K, reserved 1048576K
}
2015-09-11T13:08:26.195+0200: 50.021: Total time for which application threads were stopped: 0.0095938 seconds, Stopping threads took: 0.0000150 seconds
{Heap before GC invocations=89 (full 3):
 par new generation   total 109248K, used 109248K [0x00000000e0000000, 0x00000000e8000000, 0x00000000e8000000)
  eden space 87424K, 100% used [0x00000000e0000000, 0x00000000e5560000, 0x00000000e5560000)
  from space 21824K, 100% used [0x00000000e6ab0000, 0x00000000e8000000, 0x00000000e8000000)
  to   space 21824K,   0% used [0x00000000e5560000, 0x00000000e5560000, 0x00000000e6ab0000)
 concurrent mark-sweep generation total 393216K, used 152497K [0x00000000e8000000, 0x0000000100000000, 0x0000000100000000)
 Metaspace       used 30173K, capacity 30530K, committed 30872K, reserved 1077248K
  class space    used 3530K, capacity 3685K, committed 3736K, reserved 1048576K
2015-09-11T13:08:26.498+0200: 50.325: [GC (Allocation Failure) 50.325: [ParNew
Desired survivor size 20112992 bytes, new threshold 8 (max 8)
- age   1:    2733280 bytes,    2733280 total
- age   2:    4930544 bytes,    7663824 total
- age   3:     934296 bytes,    8598120 total
- age   4:    3680768 bytes,   12278888 total
- age   5:    1951280 bytes,   14230168 total
- age   6:    2354440 bytes,   16584608 total
- age   7:     632040 bytes,   17216648 total
- age   8:    1940360 bytes,   19157008 total
: 109248K->21824K(109248K), 0.0090088 secs] 261745K->178177K(502464K), 0.0090572 secs] [Times: user=0.06 sys=0.00, real=0.01 secs] 
Heap after GC invocations=90 (full 3):
 par new generation   total 109248K, used 21824K [0x00000000e0000000, 0x00000000e8000000, 0x00000000e8000000)
  eden space 87424K,   0% used [0x00000000e0000000, 0x00000000e0000000, 0x00000000e5560000)
  from space 21824K, 100% used [0x00000000e5560000, 0x00000000e6ab0000, 0x00000000e6ab0000)
  to   space 21824K,   0% used [0x00000000e6ab0000, 0x00000000e6ab0000, 0x00000000e8000000)
 concurrent mark-sweep generation total 393216K, used 156353K [0x00000000e8000000, 0x0000000100000000, 0x0000000100000000)
 Metaspace       used 30173K, capacity 30530K, committed 30872K, reserved 1077248K
  class space    used 3530K, capacity 3685K, committed 3736K, reserved 1048576K
}
2015-09-11T13:08:26.507+0200: 50.334: Total time for which application threads were stopped: 0.0091986 seconds, Stopping threads took: 0.0000154 seconds
{Heap before GC invocations=90 (full 3):
 par new generation   total 109248K, used 109248K [0x00000000e0000000, 0x00000000e8000000, 0x00000000e8000000)
  eden space 87424K, 100% used [0x00000000e0000000, 0x00000000e5560000, 0x00000000e5560000)
  from space 21824K, 100% used [0x00000000e5560000, 0x00000000e6ab0000, 0x00000000e6ab0000)
  to   space 21824K,   0% used [0x00000000e6ab0000, 0x00000000e6ab0000, 0x00000000e8000000)
 concurrent mark-sweep generation total 393216K, used 156353K [0x00000000e8000000, 0x0000000100000000, 0x0000000100000000)
 Metaspace       used 30173K, capacity 30530K, committed 30872K, reserved 1077248K
  class space    used 3530K, capacity 3685K, committed 3736K, reserved 1048576K
2015-09-11T13:08:26.785+0200: 50.612: [GC (Allocation Failure) 50.612: [ParNew
Desired survivor size 20112992 bytes, new threshold 7 (max 8)
- age   1:    9389400 bytes,    9389400 total
- age   2:    2638688 bytes,   12028088 total
- age   3:    2235000 bytes,   14263088 total
- age   4:     846736 bytes,   15109824 total
- age   5:    1742104 bytes,   16851928 total
- age   6:    1909848 bytes,   18761776 total
- age   7:    2304432 bytes,   21066208 total
- age   8:     613616 bytes,   21679824 total
: 109248K->21824K(109248K), 0.0099218 secs] 265601K->192575K(502464K), 0.0099717 secs] [Times: user=0.06 sys=0.00, real=0.01 secs] 
Heap after GC invocations=91 (full 3):
 par new generation   total 109248K, used 21824K [0x00000000e0000000, 0x00000000e8000000, 0x00000000e8000000)
  eden space 87424K,   0% used [0x00000000e0000000, 0x00000000e0000000, 0x00000000e5560000)
  from space 21824K, 100% used [0x00000000e6ab0000, 0x00000000e8000000, 0x00000000e8000000)
  to   space 21824K,   0% used [0x00000000e5560000, 0x00000000e5560000, 0x00000000e6ab0000)
 concurrent mark-sweep generation total 393216K, used 170751K [0x00000000e8000000, 0x0000000100000000, 0x0000000100000000)
 Metaspace       used 30173K, capacity 30530K, committed 30872K, reserved 1077248K
  class space    used 3530K, capacity 3685K, committed 3736K, reserved 1048576K
}
2015-09-11T13:08:26.796+0200: 50.622: Total time for which application threads were stopped: 0.0101173 seconds, Stopping threads took: 0.0000166 seconds
{Heap before GC invocations=91 (full 3):
 par new generation   total 109248K, used 109248K [0x00000000e0000000, 0x00000000e8000000, 0x00000000e8000000)
  eden space 87424K, 100% used [0x00000000e0000000, 0x00000000e5560000, 0x00000000e5560000)
  from space 21824K, 100% used [0x00000000e6ab0000, 0x00000000e8000000, 0x00000000e8000000)
  to   space 21824K,   0% used [0x00000000e5560000, 0x00000000e5560000, 0x00000000e6ab0000)
 concurrent mark-sweep generation total 393216K, used 170751K [0x00000000e8000000, 0x0000000100000000, 0x0000000100000000)
 Metaspace       used 30173K, capacity 30530K, committed 30872K, reserved 1077248K
  class space    used 3530K, capacity 3685K, committed 3736K, reserved 1048576K
2015-09-11T13:08:27.096+0200: 50.923: [GC (Allocation Failure) 50.923: [ParNew
Desired survivor size 20112992 bytes, new threshold 8 (max 8)
- age   1:    1540536 bytes,    1540536 total
- age   2:    8397360 bytes,    9937896 total
- age   3:    2227112 bytes,   12165008 total
- age   4:    2145280 bytes,   14310288 total
- age   5:     793592 bytes,   15103880 total
- age   6:    1697584 bytes,   16801464 total
- age   7:    1882752 bytes,   18684216 total
: 109248K->21824K(109248K), 0.0098328 secs] 279999K->198401K(502464K), 0.0098885 secs] [Times: user=0.05 sys=0.00, real=0.01 secs] 
Heap after GC invocations=92 (full 3):
 par new generation   total 109248K, used 21824K [0x00000000e0000000, 0x00000000e8000000, 0x00000000e8000000)
  eden space 87424K,   0% used [0x00000000e0000000, 0x00000000e0000000, 0x00000000e5560000)
  from space 21824K, 100% used [0x00000000e5560000, 0x00000000e6ab0000, 0x00000000e6ab0000)
  to   space 21824K,   0% used [0x00000000e6ab0000, 0x00000000e6ab0000, 0x00000000e8000000)
 concurrent mark-sweep generation total 393216K, used 176577K [0x00000000e8000000, 0x0000000100000000, 0x0000000100000000)
 Metaspace       used 30173K, capacity 30530K, committed 30872K, reserved 1077248K
  class space    used 3530K, capacity 3685K, committed 3736K, reserved 1048576K
}
2015-09-11T13:08:27.106+0200: 50.933: Total time for which application threads were stopped: 0.0100328 seconds, Stopping threads took: 0.0000157 seconds
{Heap before GC invocations=92 (full 3):
 par new generation   total 109248K, used 109248K [0x00000000e0000000, 0x00000000e8000000, 0x00000000e8000000)
  eden space 87424K, 100% used [0x00000000e0000000, 0x00000000e5560000, 0x00000000e5560000)
  from space 21824K, 100% used [0x00000000e5560000, 0x00000000e6ab0000, 0x00000000e6ab0000)
  to   space 21824K,   0% used [0x00000000e6ab0000, 0x00000000e6ab0000, 0x00000000e8000000)
 concurrent mark-sweep generation total 393216K, used 176577K [0x00000000e8000000, 0x0000000100000000, 0x0000000100000000)
 Metaspace       used 30173K, capacity 30530K, committed 30872K, reserved 1077248K
  class space    used 3530K, capacity 3685K, committed 3736K, reserved 1048576K
2015-09-11T13:08:27.413+0200: 51.240: [GC (Allocation Failure) 51.240: [ParNew
Desired survivor size 20112992 bytes, new threshold 8 (max 8)
- age   1:    2351808 bytes,    2351808 total
- age   2:    1354152 bytes,    3705960 total
- age   3:    7239976 bytes,   10945936 total
- age   4:    1915448 bytes,   12861384 total
- age   5:    2047448 bytes,   14908832 total
- age   6:     741312 bytes,   15650144 total
- age   7:    1650816 bytes,   17300960 total
- age   8:    1811136 bytes,   19112096 total
: 109248K->21824K(109248K), 0.0090373 secs] 285825K->200655K(502464K), 0.0090869 secs] [Times: user=0.00 sys=0.00, real=0.01 secs] 
Heap after GC invocations=93 (full 3):
 par new generation   total 109248K, used 21824K [0x00000000e0000000, 0x00000000e8000000, 0x00000000e8000000)
  eden space 87424K,   0% used [0x00000000e0000000, 0x00000000e0000000, 0x00000000e5560000)
  from space 21824K, 100% used [0x00000000e6ab0000, 0x00000000e8000000, 0x00000000e8000000)
  to   space 21824K,   0% used [0x00000000e5560000, 0x00000000e5560000, 0x00000000e6ab0000)
 concurrent mark-sweep generation total 393216K, used 178831K [0x00000000e8000000, 0x0000000100000000, 0x0000000100000000)
 Metaspace       used 30173K, capacity 30530K, committed 30872K, reserved 1077248K
  class space    used 3530K, capacity 3685K, committed 3736K, reserved 1048576K
}
2015-09-11T13:08:27.422+0200: 51.249: Total time for which application threads were stopped: 0.0092309 seconds, Stopping threads took: 0.0000157 seconds
{Heap before GC invocations=93 (full 3):
 par new generation   total 109248K, used 109248K [0x00000000e0000000, 0x00000000e8000000, 0x00000000e8000000)
  eden space 87424K, 100% used [0x00000000e0000000, 0x00000000e5560000, 0x00000000e5560000)
  from space 21824K, 100% used [0x00000000e6ab0000, 0x00000000e8000000, 0x00000000e8000000)
  to   space 21824K,   0% used [0x00000000e5560000, 0x00000000e5560000, 0x00000000e6ab0000)
 concurrent mark-sweep generation total 393216K, used 178831K [0x00000000e8000000, 0x0000000100000000, 0x0000000100000000)
 Metaspace       used 30173K, capacity 30530K, committed 30872K, reserved 1077248K
  class space    used 3530K, capacity 3685K, committed 3736K, reserved 1048576K
2015-09-11T13:08:27.706+0200: 51.533: [GC (Allocation Failure) 51.533: [ParNew
Desired survivor size 20112992 bytes, new threshold 8 (max 8)
- age   1:    6519424 bytes,    6519424 total
- age   2:    1970032 bytes,    8489456 total
- age   3:    1278664 bytes,    9768120 total
- age   4:    4217744 bytes,   13985864 total
- age   5:    1864208 bytes,   15850072 total
- age   6:    2012656 bytes,   17862728 total
- age   7:     711600 bytes,   18574328 total
- age   8:    1628600 bytes,   20202928 total
: 109248K->21824K(109248K), 0.0092431 secs] 288079K->205222K(502464K), 0.0093119 secs] [Times: user=0.06 sys=0.00, real=0.01 secs] 
Heap after GC invocations=94 (full 3):
 par new generation   total 109248K, used 21824K [0x00000000e0000000, 0x00000000e8000000, 0x00000000e8000000)
  eden space 87424K,   0% used [0x00000000e0000000, 0x00000000e0000000, 0x00000000e5560000)
  from space 21824K, 100% used [0x00000000e5560000, 0x00000000e6ab0000, 0x00000000e6ab0000)
  to   space 21824K,   0% used [0x00000000e6ab0000, 0x00000000e6ab0000, 0x00000000e8000000)
 concurrent mark-sweep generation total 393216K, used 183398K [0x00000000e8000000, 0x0000000100000000, 0x0000000100000000)
 Metaspace       used 30173K, capacity 30530K, committed 30872K, reserved 1077248K
  class space    used 3530K, capacity 3685K, committed 3736K, reserved 1048576K
}
2015-09-11T13:08:27.716+0200: 51.542: Total time for which application threads were stopped: 0.0094568 seconds, Stopping threads took: 0.0000150 seconds
{Heap before GC invocations=94 (full 3):
 par new generation   total 109248K, used 109248K [0x00000000e0000000, 0x00000000e8000000, 0x00000000e8000000)
  eden space 87424K, 100% used [0x00000000e0000000, 0x00000000e5560000, 0x00000000e5560000)
  from space 21824K, 100% used [0x00000000e5560000, 0x00000000e6ab0000, 0x00000000e6ab0000)
  to   space 21824K,   0% used [0x00000000e6ab0000, 0x00000000e6ab0000, 0x00000000e8000000)
 concurrent mark-sweep generation total 393216K, used 183398K [0x00000000e8000000, 0x0000000100000000, 0x0000000100000000)
 Metaspace       used 30173K, capacity 30530K, committed 30872K, reserved 1077248K
  class space    used 3530K, capacity 3685K, committed 3736K, reserved 1048576K
2015-09-11T13:08:27.989+0200: 51.816: [GC (Allocation Failure) 51.816: [ParNew
Desired survivor size 20112992 bytes, new threshold 8 (max 8)
- age   1:    3096504 bytes,    3096504 total
- age   2:    5741856 bytes,    8838360 total
- age   3:    1915592 bytes,   10753952 total
- age   4:    1240048 bytes,   11994000 total
- age   5:    2509192 bytes,   14503192 total
- age   6:    1834152 bytes,   16337344 total
- age   7:    1975896 bytes,   18313240 total
- age   8:     682280 bytes,   18995520 total
: 109248K->21824K(109248K), 0.0095551 secs] 292646K->219315K(502464K), 0.0096015 secs] [Times: user=0.00 sys=0.00, real=0.01 secs] 
Heap after GC invocations=95 (full 3):
 par new generation   total 109248K, used 21824K [0x00000000e0000000, 0x00000000e8000000, 0x00000000e8000000)
  eden space 87424K,   0% used [0x00000000e0000000, 0x00000000e0000000, 0x00000000e5560000)
  from space 21824K, 100% used [0x00000000e6ab0000, 0x00000000e8000000, 0x00000000e8000000)
  to   space 21824K,   0% used [0x00000000e5560000, 0x00000000e5560000, 0x00000000e6ab0000)
 concurrent mark-sweep generation total 393216K, used 197491K [0x00000000e8000000, 0x0000000100000000, 0x0000000100000000)
 Metaspace       used 30173K, capacity 30530K, committed 30872K, reserved 1077248K
  class space    used 3530K, capacity 3685K, committed 3736K, reserved 1048576K
}
2015-09-11T13:08:27.999+0200: 51.826: Total time for which application threads were stopped: 0.0097452 seconds, Stopping threads took: 0.0000154 seconds
2015-09-11T13:08:27.999+0200: 51.826: [GC (CMS Initial Mark) [1 CMS-initial-mark: 197491K(393216K)] 221063K(502464K), 0.0010333 secs] [Times: user=0.00 sys=0.00, real=0.00 secs] 
2015-09-11T13:08:28.000+0200: 51.827: Total time for which application threads were stopped: 0.0011350 seconds, Stopping threads took: 0.0000342 seconds
2015-09-11T13:08:28.000+0200: 51.827: [CMS-concurrent-mark-start]
2015-09-11T13:08:28.028+0200: 51.855: [CMS-concurrent-mark: 0.028/0.028 secs] [Times: user=0.13 sys=0.00, real=0.03 secs] 
2015-09-11T13:08:28.028+0200: 51.855: [CMS-concurrent-preclean-start]
2015-09-11T13:08:28.030+0200: 51.857: [CMS-concurrent-preclean: 0.001/0.002 secs] [Times: user=0.00 sys=0.00, real=0.00 secs] 
2015-09-11T13:08:28.030+0200: 51.857: [CMS-concurrent-abortable-preclean-start]
2015-09-11T13:08:28.059+0200: 51.885: Total time for which application threads were stopped: 0.0000784 seconds, Stopping threads took: 0.0000192 seconds
2015-09-11T13:08:28.088+0200: 51.914: Total time for which application threads were stopped: 0.0000976 seconds, Stopping threads took: 0.0000202 seconds
2015-09-11T13:08:28.093+0200: 51.920: Total time for which application threads were stopped: 0.0001469 seconds, Stopping threads took: 0.0000768 seconds
2015-09-11T13:08:28.094+0200: 51.920: Total time for which application threads were stopped: 0.0001072 seconds, Stopping threads took: 0.0000266 seconds
2015-09-11T13:08:28.171+0200: 51.998: [CMS-concurrent-abortable-preclean: 0.140/0.141 secs] [Times: user=0.30 sys=0.00, real=0.14 secs] 
2015-09-11T13:08:28.172+0200: 51.998: [GC (CMS Final Remark) [YG occupancy: 68904 K (109248 K)]{Heap before GC invocations=95 (full 4):
 par new generation   total 109248K, used 68904K [0x00000000e0000000, 0x00000000e8000000, 0x00000000e8000000)
  eden space 87424K,  53% used [0x00000000e0000000, 0x00000000e2dfa188, 0x00000000e5560000)
  from space 21824K, 100% used [0x00000000e6ab0000, 0x00000000e8000000, 0x00000000e8000000)
  to   space 21824K,   0% used [0x00000000e5560000, 0x00000000e5560000, 0x00000000e6ab0000)
 concurrent mark-sweep generation total 393216K, used 197491K [0x00000000e8000000, 0x0000000100000000, 0x0000000100000000)
 Metaspace       used 30238K, capacity 30658K, committed 31128K, reserved 1077248K
  class space    used 3536K, capacity 3685K, committed 3736K, reserved 1048576K
2015-09-11T13:08:28.172+0200: 51.998: [GC (CMS Final Remark) 51.998: [ParNew
Desired survivor size 20112992 bytes, new threshold 8 (max 8)
- age   1:    1246288 bytes,    1246288 total
- age   2:    3021464 bytes,    4267752 total
- age   3:    4858640 bytes,    9126392 total
- age   4:    1862968 bytes,   10989360 total
- age   5:    1194552 bytes,   12183912 total
- age   6:    2495888 bytes,   14679800 total
- age   7:    1804136 bytes,   16483936 total
- age   8:    1962344 bytes,   18446280 total
: 68904K->21824K(109248K), 0.0093816 secs] 266396K->221361K(502464K), 0.0094188 secs] [Times: user=0.06 sys=0.00, real=0.01 secs] 
Heap after GC invocations=96 (full 4):
 par new generation   total 109248K, used 21824K [0x00000000e0000000, 0x00000000e8000000, 0x00000000e8000000)
  eden space 87424K,   0% used [0x00000000e0000000, 0x00000000e0000000, 0x00000000e5560000)
  from space 21824K, 100% used [0x00000000e5560000, 0x00000000e6ab0000, 0x00000000e6ab0000)
  to   space 21824K,   0% used [0x00000000e6ab0000, 0x00000000e6ab0000, 0x00000000e8000000)
 concurrent mark-sweep generation total 393216K, used 199537K [0x00000000e8000000, 0x0000000100000000, 0x0000000100000000)
 Metaspace       used 30238K, capacity 30658K, committed 31128K, reserved 1077248K
  class space    used 3536K, capacity 3685K, committed 3736K, reserved 1048576K
}
52.008: [Rescan (parallel) , 0.0036086 secs]52.011: [weak refs processing, 0.0003306 secs]52.012: [class unloading, 0.0039398 secs]52.016: [scrub symbol table, 0.0028851 secs]52.019: [scrub string table, 0.0004125 secs][1 CMS-remark: 199537K(393216K)] 221361K(502464K), 0.0211233 secs] [Times: user=0.08 sys=0.00, real=0.02 secs] 
2015-09-11T13:08:28.193+0200: 52.020: Total time for which application threads were stopped: 0.0212164 seconds, Stopping threads took: 0.0000230 seconds
2015-09-11T13:08:28.193+0200: 52.020: [CMS-concurrent-sweep-start]
2015-09-11T13:08:28.207+0200: 52.034: [CMS-concurrent-sweep: 0.014/0.014 secs] [Times: user=0.03 sys=0.00, real=0.01 secs] 
2015-09-11T13:08:28.207+0200: 52.034: [CMS-concurrent-reset-start]
2015-09-11T13:08:28.208+0200: 52.034: [CMS-concurrent-reset: 0.000/0.000 secs] [Times: user=0.00 sys=0.00, real=0.00 secs] 
{Heap before GC invocations=96 (full 4):
 par new generation   total 109248K, used 109248K [0x00000000e0000000, 0x00000000e8000000, 0x00000000e8000000)
  eden space 87424K, 100% used [0x00000000e0000000, 0x00000000e5560000, 0x00000000e5560000)
  from space 21824K, 100% used [0x00000000e5560000, 0x00000000e6ab0000, 0x00000000e6ab0000)
  to   space 21824K,   0% used [0x00000000e6ab0000, 0x00000000e6ab0000, 0x00000000e8000000)
 concurrent mark-sweep generation total 393216K, used 126017K [0x00000000e8000000, 0x0000000100000000, 0x0000000100000000)
 Metaspace       used 30238K, capacity 30658K, committed 31128K, reserved 1077248K
  class space    used 3536K, capacity 3685K, committed 3736K, reserved 1048576K
2015-09-11T13:08:28.495+0200: 52.322: [GC (Allocation Failure) 52.322: [ParNew
Desired survivor size 20112992 bytes, new threshold 8 (max 8)
- age   1:    1011688 bytes,    1011688 total
- age   2:     780600 bytes,    1792288 total
- age   3:    2920848 bytes,    4713136 total
- age   4:    4853128 bytes,    9566264 total
- age   5:    1854760 bytes,   11421024 total
- age   6:     996752 bytes,   12417776 total
- age   7:    2379144 bytes,   14796920 total
- age   8:    1718880 bytes,   16515800 total
: 109248K->21824K(109248K), 0.0085231 secs] 235265K->152329K(502464K), 0.0085906 secs] [Times: user=0.06 sys=0.00, real=0.01 secs] 
Heap after GC invocations=97 (full 4):
 par new generation   total 109248K, used 21824K [0x00000000e0000000, 0x00000000e8000000, 0x00000000e8000000)
  eden space 87424K,   0% used [0x00000000e0000000, 0x00000000e0000000, 0x00000000e5560000)
  from space 21824K, 100% used [0x00000000e6ab0000, 0x00000000e8000000, 0x00000000e8000000)
  to   space 21824K,   0% used [0x00000000e5560000, 0x00000000e5560000, 0x00000000e6ab0000)
 concurrent mark-sweep generation total 393216K, used 130505K [0x00000000e8000000, 0x0000000100000000, 0x0000000100000000)
 Metaspace       used 30238K, capacity 30658K, committed 31128K, reserved 1077248K
  class space    used 3536K, capacity 3685K, committed 3736K, reserved 1048576K
}
2015-09-11T13:08:28.504+0200: 52.331: Total time for which application threads were stopped: 0.0087487 seconds, Stopping threads took: 0.0000154 seconds
{Heap before GC invocations=97 (full 4):
 par new generation   total 109248K, used 109248K [0x00000000e0000000, 0x00000000e8000000, 0x00000000e8000000)
  eden space 87424K, 100% used [0x00000000e0000000, 0x00000000e5560000, 0x00000000e5560000)
  from space 21824K, 100% used [0x00000000e6ab0000, 0x00000000e8000000, 0x00000000e8000000)
  to   space 21824K,   0% used [0x00000000e5560000, 0x00000000e5560000, 0x00000000e6ab0000)
 concurrent mark-sweep generation total 393216K, used 130505K [0x00000000e8000000, 0x0000000100000000, 0x0000000100000000)
 Metaspace       used 30238K, capacity 30658K, committed 31128K, reserved 1077248K
  class space    used 3536K, capacity 3685K, committed 3736K, reserved 1048576K
2015-09-11T13:08:28.790+0200: 52.617: [GC (Allocation Failure) 52.617: [ParNew
Desired survivor size 20112992 bytes, new threshold 8 (max 8)
- age   1:    7735248 bytes,    7735248 total
- age   2:     983640 bytes,    8718888 total
- age   3:     768680 bytes,    9487568 total
- age   4:    2896360 bytes,   12383928 total
- age   5:    2150920 bytes,   14534848 total
- age   6:    1854184 bytes,   16389032 total
- age   7:     995864 bytes,   17384896 total
- age   8:    2378576 bytes,   19763472 total
: 109248K->21824K(109248K), 0.0087228 secs] 239753K->154501K(502464K), 0.0087689 secs] [Times: user=0.00 sys=0.02, real=0.01 secs] 
Heap after GC invocations=98 (full 4):
 par new generation   total 109248K, used 21824K [0x00000000e0000000, 0x00000000e8000000, 0x00000000e8000000)
  eden space 87424K,   0% used [0x00000000e0000000, 0x00000000e0000000, 0x00000000e5560000)
  from space 21824K, 100% used [0x00000000e5560000, 0x00000000e6ab0000, 0x00000000e6ab0000)
  to   space 21824K,   0% used [0x00000000e6ab0000, 0x00000000e6ab0000, 0x00000000e8000000)
 concurrent mark-sweep generation total 393216K, used 132677K [0x00000000e8000000, 0x0000000100000000, 0x0000000100000000)
 Metaspace       used 30238K, capacity 30658K, committed 31128K, reserved 1077248K
  class space    used 3536K, capacity 3685K, committed 3736K, reserved 1048576K
}
2015-09-11T13:08:28.799+0200: 52.626: Total time for which application threads were stopped: 0.0089128 seconds, Stopping threads took: 0.0000154 seconds
{Heap before GC invocations=98 (full 4):
 par new generation   total 109248K, used 109248K [0x00000000e0000000, 0x00000000e8000000, 0x00000000e8000000)
  eden space 87424K, 100% used [0x00000000e0000000, 0x00000000e5560000, 0x00000000e5560000)
  from space 21824K, 100% used [0x00000000e5560000, 0x00000000e6ab0000, 0x00000000e6ab0000)
  to   space 21824K,   0% used [0x00000000e6ab0000, 0x00000000e6ab0000, 0x00000000e8000000)
 concurrent mark-sweep generation total 393216K, used 132677K [0x00000000e8000000, 0x0000000100000000, 0x0000000100000000)
 Metaspace       used 30238K, capacity 30658K, committed 31128K, reserved 1077248K
  class space    used 3536K, capacity 3685K, committed 3736K, reserved 1048576K
2015-09-11T13:08:29.103+0200: 52.929: [GC (Allocation Failure) 52.929: [ParNew
Desired survivor size 20112992 bytes, new threshold 8 (max 8)
- age   1:    3134808 bytes,    3134808 total
- age   2:    5813224 bytes,    8948032 total
- age   3:     948584 bytes,    9896616 total
- age   4:     744104 bytes,   10640720 total
- age   5:    2896136 bytes,   13536856 total
- age   6:    2150824 bytes,   15687680 total
- age   7:    1853760 bytes,   17541440 total
- age   8:     995864 bytes,   18537304 total
: 109248K->21824K(109248K), 0.0093538 secs] 241925K->159624K(502464K), 0.0094111 secs] [Times: user=0.02 sys=0.00, real=0.01 secs] 
Heap after GC invocations=99 (full 4):
 par new generation   total 109248K, used 21824K [0x00000000e0000000, 0x00000000e8000000, 0x00000000e8000000)
  eden space 87424K,   0% used [0x00000000e0000000, 0x00000000e0000000, 0x00000000e5560000)
  from space 21824K, 100% used [0x00000000e6ab0000, 0x00000000e8000000, 0x00000000e8000000)
  to   space 21824K,   0% used [0x00000000e5560000, 0x00000000e5560000, 0x00000000e6ab0000)
 concurrent mark-sweep generation total 393216K, used 137800K [0x00000000e8000000, 0x0000000100000000, 0x0000000100000000)
 Metaspace       used 30238K, capacity 30658K, committed 31128K, reserved 1077248K
  class space    used 3536K, capacity 3685K, committed 3736K, reserved 1048576K
}
2015-09-11T13:08:29.112+0200: 52.939: Total time for which application threads were stopped: 0.0095848 seconds, Stopping threads took: 0.0000160 seconds
2015-09-11T13:08:30.112+0200: 53.939: Total time for which application threads were stopped: 0.0000963 seconds, Stopping threads took: 0.0000278 seconds
{Heap before GC invocations=99 (full 4):
 par new generation   total 109248K, used 109248K [0x00000000e0000000, 0x00000000e8000000, 0x00000000e8000000)
  eden space 87424K, 100% used [0x00000000e0000000, 0x00000000e5560000, 0x00000000e5560000)
  from space 21824K, 100% used [0x00000000e6ab0000, 0x00000000e8000000, 0x00000000e8000000)
  to   space 21824K,   0% used [0x00000000e5560000, 0x00000000e5560000, 0x00000000e6ab0000)
 concurrent mark-sweep generation total 393216K, used 137800K [0x00000000e8000000, 0x0000000100000000, 0x0000000100000000)
 Metaspace       used 30263K, capacity 30658K, committed 31128K, reserved 1077248K
  class space    used 3536K, capacity 3685K, committed 3736K, reserved 1048576K
2015-09-11T13:08:30.203+0200: 54.030: [GC (Allocation Failure) 54.030: [ParNew
Desired survivor size 20112992 bytes, new threshold 8 (max 8)
- age   1:    4155912 bytes,    4155912 total
- age   2:    2657288 bytes,    6813200 total
- age   3:    5187352 bytes,   12000552 total
- age   4:     840024 bytes,   12840576 total
- age   5:     693096 bytes,   13533672 total
- age   6:    2810080 bytes,   16343752 total
- age   7:    2067808 bytes,   18411560 total
- age   8:    1814320 bytes,   20225880 total
: 109248K->21824K(109248K), 0.0119202 secs] 247048K->174424K(502464K), 0.0119752 secs] [Times: user=0.00 sys=0.00, real=0.01 secs] 
Heap after GC invocations=100 (full 4):
 par new generation   total 109248K, used 21824K [0x00000000e0000000, 0x00000000e8000000, 0x00000000e8000000)
  eden space 87424K,   0% used [0x00000000e0000000, 0x00000000e0000000, 0x00000000e5560000)
  from space 21824K, 100% used [0x00000000e5560000, 0x00000000e6ab0000, 0x00000000e6ab0000)
  to   space 21824K,   0% used [0x00000000e6ab0000, 0x00000000e6ab0000, 0x00000000e8000000)
 concurrent mark-sweep generation total 393216K, used 152600K [0x00000000e8000000, 0x0000000100000000, 0x0000000100000000)
 Metaspace       used 30263K, capacity 30658K, committed 31128K, reserved 1077248K
  class space    used 3536K, capacity 3685K, committed 3736K, reserved 1048576K
}
2015-09-11T13:08:30.215+0200: 54.042: Total time for which application threads were stopped: 0.0121211 seconds, Stopping threads took: 0.0000157 seconds
{Heap before GC invocations=100 (full 4):
 par new generation   total 109248K, used 109248K [0x00000000e0000000, 0x00000000e8000000, 0x00000000e8000000)
  eden space 87424K, 100% used [0x00000000e0000000, 0x00000000e5560000, 0x00000000e5560000)
  from space 21824K, 100% used [0x00000000e5560000, 0x00000000e6ab0000, 0x00000000e6ab0000)
  to   space 21824K,   0% used [0x00000000e6ab0000, 0x00000000e6ab0000, 0x00000000e8000000)
 concurrent mark-sweep generation total 393216K, used 152600K [0x00000000e8000000, 0x0000000100000000, 0x0000000100000000)
 Metaspace       used 30263K, capacity 30658K, committed 31128K, reserved 1077248K
  class space    used 3536K, capacity 3685K, committed 3736K, reserved 1048576K
2015-09-11T13:08:30.293+0200: 54.119: [GC (Allocation Failure) 54.119: [ParNew
Desired survivor size 20112992 bytes, new threshold 8 (max 8)
- age   1:      44288 bytes,      44288 total
- age   2:    2954200 bytes,    2998488 total
- age   3:    2511544 bytes,    5510032 total
- age   4:    4707968 bytes,   10218000 total
- age   5:     705096 bytes,   10923096 total
- age   6:     625480 bytes,   11548576 total
- age   7:    2709184 bytes,   14257760 total
- age   8:    1966648 bytes,   16224408 total
: 109248K->21824K(109248K), 0.0091948 secs] 261848K->178448K(502464K), 0.0092511 secs] [Times: user=0.06 sys=0.00, real=0.01 secs] 
Heap after GC invocations=101 (full 4):
 par new generation   total 109248K, used 21824K [0x00000000e0000000, 0x00000000e8000000, 0x00000000e8000000)
  eden space 87424K,   0% used [0x00000000e0000000, 0x00000000e0000000, 0x00000000e5560000)
  from space 21824K, 100% used [0x00000000e6ab0000, 0x00000000e8000000, 0x00000000e8000000)
  to   space 21824K,   0% used [0x00000000e5560000, 0x00000000e5560000, 0x00000000e6ab0000)
 concurrent mark-sweep generation total 393216K, used 156624K [0x00000000e8000000, 0x0000000100000000, 0x0000000100000000)
 Metaspace       used 30263K, capacity 30658K, committed 31128K, reserved 1077248K
  class space    used 3536K, capacity 3685K, committed 3736K, reserved 1048576K
}
2015-09-11T13:08:30.302+0200: 54.129: Total time for which application threads were stopped: 0.0094306 seconds, Stopping threads took: 0.0000157 seconds
{Heap before GC invocations=101 (full 4):
 par new generation   total 109248K, used 109248K [0x00000000e0000000, 0x00000000e8000000, 0x00000000e8000000)
  eden space 87424K, 100% used [0x00000000e0000000, 0x00000000e5560000, 0x00000000e5560000)
  from space 21824K, 100% used [0x00000000e6ab0000, 0x00000000e8000000, 0x00000000e8000000)
  to   space 21824K,   0% used [0x00000000e5560000, 0x00000000e5560000, 0x00000000e6ab0000)
 concurrent mark-sweep generation total 393216K, used 156624K [0x00000000e8000000, 0x0000000100000000, 0x0000000100000000)
 Metaspace       used 30263K, capacity 30658K, committed 31128K, reserved 1077248K
  class space    used 3536K, capacity 3685K, committed 3736K, reserved 1048576K
2015-09-11T13:08:30.402+0200: 54.229: [GC (Allocation Failure) 54.229: [ParNew
Desired survivor size 20112992 bytes, new threshold 8 (max 8)
- age   1:      80440 bytes,      80440 total
- age   2:      42712 bytes,     123152 total
- age   3:    2954160 bytes,    3077312 total
- age   4:    2511544 bytes,    5588856 total
- age   5:    4707968 bytes,   10296824 total
- age   6:     705096 bytes,   11001920 total
- age   7:     625480 bytes,   11627400 total
- age   8:    2709184 bytes,   14336584 total
: 109248K->18179K(109248K), 0.0068374 secs] 265872K->176745K(502464K), 0.0068850 secs] [Times: user=0.06 sys=0.00, real=0.01 secs] 
Heap after GC invocations=102 (full 4):
 par new generation   total 109248K, used 18179K [0x00000000e0000000, 0x00000000e8000000, 0x00000000e8000000)
  eden space 87424K,   0% used [0x00000000e0000000, 0x00000000e0000000, 0x00000000e5560000)
  from space 21824K,  83% used [0x00000000e5560000, 0x00000000e6720f98, 0x00000000e6ab0000)
  to   space 21824K,   0% used [0x00000000e6ab0000, 0x00000000e6ab0000, 0x00000000e8000000)
 concurrent mark-sweep generation total 393216K, used 158565K [0x00000000e8000000, 0x0000000100000000, 0x0000000100000000)
 Metaspace       used 30263K, capacity 30658K, committed 31128K, reserved 1077248K
  class space    used 3536K, capacity 3685K, committed 3736K, reserved 1048576K
}
2015-09-11T13:08:30.409+0200: 54.236: Total time for which application threads were stopped: 0.0070300 seconds, Stopping threads took: 0.0000141 seconds
{Heap before GC invocations=102 (full 4):
 par new generation   total 109248K, used 105603K [0x00000000e0000000, 0x00000000e8000000, 0x00000000e8000000)
  eden space 87424K, 100% used [0x00000000e0000000, 0x00000000e5560000, 0x00000000e5560000)
  from space 21824K,  83% used [0x00000000e5560000, 0x00000000e6720f98, 0x00000000e6ab0000)
  to   space 21824K,   0% used [0x00000000e6ab0000, 0x00000000e6ab0000, 0x00000000e8000000)
 concurrent mark-sweep generation total 393216K, used 158565K [0x00000000e8000000, 0x0000000100000000, 0x0000000100000000)
 Metaspace       used 30263K, capacity 30658K, committed 31128K, reserved 1077248K
  class space    used 3536K, capacity 3685K, committed 3736K, reserved 1048576K
2015-09-11T13:08:30.552+0200: 54.379: [GC (Allocation Failure) 54.379: [ParNew
Desired survivor size 20112992 bytes, new threshold 8 (max 8)
- age   1:      56904 bytes,      56904 total
- age   2:      44768 bytes,     101672 total
- age   3:      42712 bytes,     144384 total
- age   4:    2954160 bytes,    3098544 total
- age   5:    2511544 bytes,    5610088 total
- age   6:    4707968 bytes,   10318056 total
- age   7:     705096 bytes,   11023152 total
- age   8:     625480 bytes,   11648632 total
: 105603K->16070K(109248K), 0.0069535 secs] 264169K->177302K(502464K), 0.0069986 secs] [Times: user=0.00 sys=0.00, real=0.01 secs] 
Heap after GC invocations=103 (full 4):
 par new generation   total 109248K, used 16070K [0x00000000e0000000, 0x00000000e8000000, 0x00000000e8000000)
  eden space 87424K,   0% used [0x00000000e0000000, 0x00000000e0000000, 0x00000000e5560000)
  from space 21824K,  73% used [0x00000000e6ab0000, 0x00000000e7a61bb8, 0x00000000e8000000)
  to   space 21824K,   0% used [0x00000000e5560000, 0x00000000e5560000, 0x00000000e6ab0000)
 concurrent mark-sweep generation total 393216K, used 161231K [0x00000000e8000000, 0x0000000100000000, 0x0000000100000000)
 Metaspace       used 30263K, capacity 30658K, committed 31128K, reserved 1077248K
  class space    used 3536K, capacity 3685K, committed 3736K, reserved 1048576K
}
2015-09-11T13:08:30.559+0200: 54.386: Total time for which application threads were stopped: 0.0071606 seconds, Stopping threads took: 0.0000269 seconds
{Heap before GC invocations=103 (full 4):
 par new generation   total 109248K, used 103494K [0x00000000e0000000, 0x00000000e8000000, 0x00000000e8000000)
  eden space 87424K, 100% used [0x00000000e0000000, 0x00000000e5560000, 0x00000000e5560000)
  from space 21824K,  73% used [0x00000000e6ab0000, 0x00000000e7a61bb8, 0x00000000e8000000)
  to   space 21824K,   0% used [0x00000000e5560000, 0x00000000e5560000, 0x00000000e6ab0000)
 concurrent mark-sweep generation total 393216K, used 161231K [0x00000000e8000000, 0x0000000100000000, 0x0000000100000000)
 Metaspace       used 30263K, capacity 30658K, committed 31128K, reserved 1077248K
  class space    used 3536K, capacity 3685K, committed 3736K, reserved 1048576K
2015-09-11T13:08:30.699+0200: 54.526: [GC (Allocation Failure) 54.526: [ParNew
Desired survivor size 20112992 bytes, new threshold 8 (max 8)
- age   1:     182568 bytes,     182568 total
- age   2:       9432 bytes,     192000 total
- age   3:      13408 bytes,     205408 total
- age   4:      42648 bytes,     248056 total
- age   5:    2953952 bytes,    3202008 total
- age   6:    2511544 bytes,    5713552 total
- age   7:    4707968 bytes,   10421520 total
- age   8:     705096 bytes,   11126616 total
: 103494K->13481K(109248K), 0.0122181 secs] 264726K->175333K(502464K), 0.0122645 secs] [Times: user=0.06 sys=0.00, real=0.01 secs] 
Heap after GC invocations=104 (full 4):
 par new generation   total 109248K, used 13481K [0x00000000e0000000, 0x00000000e8000000, 0x00000000e8000000)
  eden space 87424K,   0% used [0x00000000e0000000, 0x00000000e0000000, 0x00000000e5560000)
  from space 21824K,  61% used [0x00000000e5560000, 0x00000000e628a5c8, 0x00000000e6ab0000)
  to   space 21824K,   0% used [0x00000000e6ab0000, 0x00000000e6ab0000, 0x00000000e8000000)
 concurrent mark-sweep generation total 393216K, used 161851K [0x00000000e8000000, 0x0000000100000000, 0x0000000100000000)
 Metaspace       used 30263K, capacity 30658K, committed 31128K, reserved 1077248K
  class space    used 3536K, capacity 3685K, committed 3736K, reserved 1048576K
}
2015-09-11T13:08:30.712+0200: 54.539: Total time for which application threads were stopped: 0.0124261 seconds, Stopping threads took: 0.0000170 seconds
{Heap before GC invocations=104 (full 4):
 par new generation   total 109248K, used 100905K [0x00000000e0000000, 0x00000000e8000000, 0x00000000e8000000)
  eden space 87424K, 100% used [0x00000000e0000000, 0x00000000e5560000, 0x00000000e5560000)
  from space 21824K,  61% used [0x00000000e5560000, 0x00000000e628a5c8, 0x00000000e6ab0000)
  to   space 21824K,   0% used [0x00000000e6ab0000, 0x00000000e6ab0000, 0x00000000e8000000)
 concurrent mark-sweep generation total 393216K, used 161851K [0x00000000e8000000, 0x0000000100000000, 0x0000000100000000)
 Metaspace       used 30264K, capacity 30658K, committed 31128K, reserved 1077248K
  class space    used 3536K, capacity 3685K, committed 3736K, reserved 1048576K
2015-09-11T13:08:30.785+0200: 54.612: [GC (Allocation Failure) 54.612: [ParNew
Desired survivor size 20112992 bytes, new threshold 8 (max 8)
- age   1:     119448 bytes,     119448 total
- age   2:      93704 bytes,     213152 total
- age   3:       9432 bytes,     222584 total
- age   4:      13408 bytes,     235992 total
- age   5:      42648 bytes,     278640 total
- age   6:    2953952 bytes,    3232592 total
- age   7:    2511544 bytes,    5744136 total
- age   8:    4707968 bytes,   10452104 total
: 100905K->11553K(109248K), 0.0057183 secs] 262757K->174113K(502464K), 0.0057641 secs] [Times: user=0.00 sys=0.00, real=0.01 secs] 
Heap after GC invocations=105 (full 4):
 par new generation   total 109248K, used 11553K [0x00000000e0000000, 0x00000000e8000000, 0x00000000e8000000)
  eden space 87424K,   0% used [0x00000000e0000000, 0x00000000e0000000, 0x00000000e5560000)
  from space 21824K,  52% used [0x00000000e6ab0000, 0x00000000e75f85a0, 0x00000000e8000000)
  to   space 21824K,   0% used [0x00000000e5560000, 0x00000000e5560000, 0x00000000e6ab0000)
 concurrent mark-sweep generation total 393216K, used 162559K [0x00000000e8000000, 0x0000000100000000, 0x0000000100000000)
 Metaspace       used 30264K, capacity 30658K, committed 31128K, reserved 1077248K
  class space    used 3536K, capacity 3685K, committed 3736K, reserved 1048576K
}
2015-09-11T13:08:30.791+0200: 54.618: Total time for which application threads were stopped: 0.0059295 seconds, Stopping threads took: 0.0000256 seconds
2015-09-11T13:08:30.884+0200: 54.711: Total time for which application threads were stopped: 0.0000787 seconds, Stopping threads took: 0.0000147 seconds
2015-09-11T13:08:30.884+0200: 54.711: Total time for which application threads were stopped: 0.0000432 seconds, Stopping threads took: 0.0000163 seconds
2015-09-11T13:08:30.884+0200: 54.711: Total time for which application threads were stopped: 0.0000426 seconds, Stopping threads took: 0.0000160 seconds
{Heap before GC invocations=105 (full 4):
 par new generation   total 109248K, used 98977K [0x00000000e0000000, 0x00000000e8000000, 0x00000000e8000000)
  eden space 87424K, 100% used [0x00000000e0000000, 0x00000000e5560000, 0x00000000e5560000)
  from space 21824K,  52% used [0x00000000e6ab0000, 0x00000000e75f85a0, 0x00000000e8000000)
  to   space 21824K,   0% used [0x00000000e5560000, 0x00000000e5560000, 0x00000000e6ab0000)
 concurrent mark-sweep generation total 393216K, used 162559K [0x00000000e8000000, 0x0000000100000000, 0x0000000100000000)
 Metaspace       used 30271K, capacity 30658K, committed 31128K, reserved 1077248K
  class space    used 3536K, capacity 3685K, committed 3736K, reserved 1048576K
2015-09-11T13:08:30.933+0200: 54.760: [GC (Allocation Failure) 54.760: [ParNew
Desired survivor size 20112992 bytes, new threshold 8 (max 8)
- age   1:    2083232 bytes,    2083232 total
- age   2:        872 bytes,    2084104 total
- age   3:      93704 bytes,    2177808 total
- age   4:       9432 bytes,    2187240 total
- age   5:      13408 bytes,    2200648 total
- age   6:      42648 bytes,    2243296 total
- age   7:    4649664 bytes,    6892960 total
- age   8:    2431552 bytes,    9324512 total
: 98977K->12926K(109248K), 0.0068159 secs] 261537K->180026K(502464K), 0.0069266 secs] [Times: user=0.06 sys=0.00, real=0.01 secs] 
Heap after GC invocations=106 (full 4):
 par new generation   total 109248K, used 12926K [0x00000000e0000000, 0x00000000e8000000, 0x00000000e8000000)
  eden space 87424K,   0% used [0x00000000e0000000, 0x00000000e0000000, 0x00000000e5560000)
  from space 21824K,  59% used [0x00000000e5560000, 0x00000000e61ffa00, 0x00000000e6ab0000)
  to   space 21824K,   0% used [0x00000000e6ab0000, 0x00000000e6ab0000, 0x00000000e8000000)
 concurrent mark-sweep generation total 393216K, used 167099K [0x00000000e8000000, 0x0000000100000000, 0x0000000100000000)
 Metaspace       used 30271K, capacity 30658K, committed 31128K, reserved 1077248K
  class space    used 3536K, capacity 3685K, committed 3736K, reserved 1048576K
}
2015-09-11T13:08:30.940+0200: 54.767: Total time for which application threads were stopped: 0.0070738 seconds, Stopping threads took: 0.0000166 seconds
{Heap before GC invocations=106 (full 4):
 par new generation   total 109248K, used 100350K [0x00000000e0000000, 0x00000000e8000000, 0x00000000e8000000)
  eden space 87424K, 100% used [0x00000000e0000000, 0x00000000e5560000, 0x00000000e5560000)
  from space 21824K,  59% used [0x00000000e5560000, 0x00000000e61ffa00, 0x00000000e6ab0000)
  to   space 21824K,   0% used [0x00000000e6ab0000, 0x00000000e6ab0000, 0x00000000e8000000)
 concurrent mark-sweep generation total 393216K, used 167099K [0x00000000e8000000, 0x0000000100000000, 0x0000000100000000)
 Metaspace       used 30271K, capacity 30658K, committed 31128K, reserved 1077248K
  class space    used 3536K, capacity 3685K, committed 3736K, reserved 1048576K
2015-09-11T13:08:31.199+0200: 55.026: [GC (Allocation Failure) 55.026: [ParNew
Desired survivor size 20112992 bytes, new threshold 8 (max 8)
- age   1:    4273448 bytes,    4273448 total
- age   2:    1771008 bytes,    6044456 total
- age   3:        872 bytes,    6045328 total
- age   4:      93704 bytes,    6139032 total
- age   5:       9432 bytes,    6148464 total
- age   6:      13408 bytes,    6161872 total
- age   7:      42648 bytes,    6204520 total
- age   8:    2906480 bytes,    9111000 total
: 100350K->10082K(109248K), 0.0062844 secs] 267450K->179567K(502464K), 0.0063327 secs] [Times: user=0.06 sys=0.00, real=0.01 secs] 
Heap after GC invocations=107 (full 4):
 par new generation   total 109248K, used 10082K [0x00000000e0000000, 0x00000000e8000000, 0x00000000e8000000)
  eden space 87424K,   0% used [0x00000000e0000000, 0x00000000e0000000, 0x00000000e5560000)
  from space 21824K,  46% used [0x00000000e6ab0000, 0x00000000e7488a08, 0x00000000e8000000)
  to   space 21824K,   0% used [0x00000000e5560000, 0x00000000e5560000, 0x00000000e6ab0000)
 concurrent mark-sweep generation total 393216K, used 169484K [0x00000000e8000000, 0x0000000100000000, 0x0000000100000000)
 Metaspace       used 30271K, capacity 30658K, committed 31128K, reserved 1077248K
  class space    used 3536K, capacity 3685K, committed 3736K, reserved 1048576K
}
2015-09-11T13:08:31.205+0200: 55.032: Total time for which application threads were stopped: 0.0064783 seconds, Stopping threads took: 0.0000163 seconds
{Heap before GC invocations=107 (full 4):
 par new generation   total 109248K, used 97506K [0x00000000e0000000, 0x00000000e8000000, 0x00000000e8000000)
  eden space 87424K, 100% used [0x00000000e0000000, 0x00000000e5560000, 0x00000000e5560000)
  from space 21824K,  46% used [0x00000000e6ab0000, 0x00000000e7488a08, 0x00000000e8000000)
  to   space 21824K,   0% used [0x00000000e5560000, 0x00000000e5560000, 0x00000000e6ab0000)
 concurrent mark-sweep generation total 393216K, used 169484K [0x00000000e8000000, 0x0000000100000000, 0x0000000100000000)
 Metaspace       used 30271K, capacity 30658K, committed 31128K, reserved 1077248K
  class space    used 3536K, capacity 3685K, committed 3736K, reserved 1048576K
2015-09-11T13:08:31.472+0200: 55.299: [GC (Allocation Failure) 55.299: [ParNew
Desired survivor size 20112992 bytes, new threshold 8 (max 8)
- age   1:    5480904 bytes,    5480904 total
- age   2:    2763680 bytes,    8244584 total
- age   3:    1770952 bytes,   10015536 total
- age   4:        872 bytes,   10016408 total
- age   5:      93704 bytes,   10110112 total
- age   6:       9432 bytes,   10119544 total
- age   7:      13408 bytes,   10132952 total
- age   8:      42648 bytes,   10175600 total
: 97506K->12081K(109248K), 0.0071142 secs] 266991K->184412K(502464K), 0.0071650 secs] [Times: user=0.00 sys=0.00, real=0.01 secs] 
Heap after GC invocations=108 (full 4):
 par new generation   total 109248K, used 12081K [0x00000000e0000000, 0x00000000e8000000, 0x00000000e8000000)
  eden space 87424K,   0% used [0x00000000e0000000, 0x00000000e0000000, 0x00000000e5560000)
  from space 21824K,  55% used [0x00000000e5560000, 0x00000000e612c618, 0x00000000e6ab0000)
  to   space 21824K,   0% used [0x00000000e6ab0000, 0x00000000e6ab0000, 0x00000000e8000000)
 concurrent mark-sweep generation total 393216K, used 172330K [0x00000000e8000000, 0x0000000100000000, 0x0000000100000000)
 Metaspace       used 30271K, capacity 30658K, committed 31128K, reserved 1077248K
  class space    used 3536K, capacity 3685K, committed 3736K, reserved 1048576K
}
2015-09-11T13:08:31.479+0200: 55.306: Total time for which application threads were stopped: 0.0073058 seconds, Stopping threads took: 0.0000147 seconds
2015-09-11T13:08:31.689+0200: 55.516: Total time for which application threads were stopped: 0.0000992 seconds, Stopping threads took: 0.0000480 seconds
2015-09-11T13:08:31.698+0200: 55.525: Total time for which application threads were stopped: 0.0000739 seconds, Stopping threads took: 0.0000262 seconds
2015-09-11T13:08:31.707+0200: 55.534: Total time for which application threads were stopped: 0.0000730 seconds, Stopping threads took: 0.0000256 seconds
2015-09-11T13:08:31.707+0200: 55.534: Total time for which application threads were stopped: 0.0000570 seconds, Stopping threads took: 0.0000179 seconds
2015-09-11T13:08:31.759+0200: 55.586: Total time for which application threads were stopped: 0.0001251 seconds, Stopping threads took: 0.0000403 seconds
{Heap before GC invocations=108 (full 4):
 par new generation   total 109248K, used 99504K [0x00000000e0000000, 0x00000000e8000000, 0x00000000e8000000)
  eden space 87424K,  99% used [0x00000000e0000000, 0x00000000e555fba0, 0x00000000e5560000)
  from space 21824K,  55% used [0x00000000e5560000, 0x00000000e612c618, 0x00000000e6ab0000)
  to   space 21824K,   0% used [0x00000000e6ab0000, 0x00000000e6ab0000, 0x00000000e8000000)
 concurrent mark-sweep generation total 393216K, used 172330K [0x00000000e8000000, 0x0000000100000000, 0x0000000100000000)
 Metaspace       used 30272K, capacity 30658K, committed 31128K, reserved 1077248K
  class space    used 3536K, capacity 3685K, committed 3736K, reserved 1048576K
2015-09-11T13:08:31.790+0200: 55.617: [GC (Allocation Failure) 55.617: [ParNew
Desired survivor size 20112992 bytes, new threshold 8 (max 8)
- age   1:    4938448 bytes,    4938448 total
- age   2:    3381504 bytes,    8319952 total
- age   3:    2640288 bytes,   10960240 total
- age   4:    1727680 bytes,   12687920 total
- age   5:        872 bytes,   12688792 total
- age   6:      93704 bytes,   12782496 total
- age   7:       9432 bytes,   12791928 total
- age   8:      13408 bytes,   12805336 total
: 99504K->16654K(109248K), 0.0062230 secs] 271835K->189027K(502464K), 0.0062710 secs] [Times: user=0.06 sys=0.00, real=0.01 secs] 
Heap after GC invocations=109 (full 4):
 par new generation   total 109248K, used 16654K [0x00000000e0000000, 0x00000000e8000000, 0x00000000e8000000)
  eden space 87424K,   0% used [0x00000000e0000000, 0x00000000e0000000, 0x00000000e5560000)
  from space 21824K,  76% used [0x00000000e6ab0000, 0x00000000e7af3b70, 0x00000000e8000000)
  to   space 21824K,   0% used [0x00000000e5560000, 0x00000000e5560000, 0x00000000e6ab0000)
 concurrent mark-sweep generation total 393216K, used 172372K [0x00000000e8000000, 0x0000000100000000, 0x0000000100000000)
 Metaspace       used 30272K, capacity 30658K, committed 31128K, reserved 1077248K
  class space    used 3536K, capacity 3685K, committed 3736K, reserved 1048576K
}
2015-09-11T13:08:31.796+0200: 55.623: Total time for which application threads were stopped: 0.0064198 seconds, Stopping threads took: 0.0000163 seconds
2015-09-11T13:08:31.851+0200: 55.678: Total time for which application threads were stopped: 0.0000925 seconds, Stopping threads took: 0.0000144 seconds
2015-09-11T13:08:31.854+0200: 55.681: Total time for which application threads were stopped: 0.0000902 seconds, Stopping threads took: 0.0000416 seconds
2015-09-11T13:08:31.976+0200: 55.803: Total time for which application threads were stopped: 0.0001101 seconds, Stopping threads took: 0.0000208 seconds
2015-09-11T13:08:32.435+0200: 56.261: Total time for which application threads were stopped: 0.0000893 seconds, Stopping threads took: 0.0000227 seconds
2015-09-11T13:08:32.440+0200: 56.266: Total time for which application threads were stopped: 0.0000624 seconds, Stopping threads took: 0.0000118 seconds
2015-09-11T13:08:32.532+0200: 56.358: Total time for which application threads were stopped: 0.0000822 seconds, Stopping threads took: 0.0000352 seconds
2015-09-11T13:08:32.532+0200: 56.358: Total time for which application threads were stopped: 0.0000538 seconds, Stopping threads took: 0.0000195 seconds
2015-09-11T13:08:32.532+0200: 56.358: Total time for which application threads were stopped: 0.0000541 seconds, Stopping threads took: 0.0000195 seconds
2015-09-11T13:08:32.534+0200: 56.360: Total time for which application threads were stopped: 0.0000701 seconds, Stopping threads took: 0.0000211 seconds
2015-09-11T13:08:32.534+0200: 56.360: Total time for which application threads were stopped: 0.0000746 seconds, Stopping threads took: 0.0000333 seconds
2015-09-11T13:08:32.534+0200: 56.360: Total time for which application threads were stopped: 0.0000717 seconds, Stopping threads took: 0.0000307 seconds
2015-09-11T13:08:33.534+0200: 57.360: Total time for which application threads were stopped: 0.0000707 seconds, Stopping threads took: 0.0000272 seconds
2015-09-11T13:08:34.296+0200: 58.122: Total time for which application threads were stopped: 0.0000781 seconds, Stopping threads took: 0.0000147 seconds
2015-09-11T13:08:37.296+0200: 61.122: Total time for which application threads were stopped: 0.0000746 seconds, Stopping threads took: 0.0000272 seconds
2015-09-11T13:08:40.296+0200: 64.122: Total time for which application threads were stopped: 0.0000992 seconds, Stopping threads took: 0.0000157 seconds
2015-09-11T13:08:43.296+0200: 67.122: Total time for which application threads were stopped: 0.0000762 seconds, Stopping threads took: 0.0000272 seconds
2015-09-11T13:08:48.269+0200: 72.095: Total time for which application threads were stopped: 0.0000733 seconds, Stopping threads took: 0.0000250 seconds
2015-09-11T13:08:48.293+0200: 72.120: Total time for which application threads were stopped: 0.0004045 seconds, Stopping threads took: 0.0000144 seconds
2015-09-11T13:08:49.293+0200: 73.119: Total time for which application threads were stopped: 0.0000691 seconds, Stopping threads took: 0.0000262 seconds
2015-09-11T13:08:51.096+0200: 74.922: Total time for which application threads were stopped: 0.0000534 seconds, Stopping threads took: 0.0000134 seconds
2015-09-11T13:08:51.104+0200: 74.930: Total time for which application threads were stopped: 0.0001165 seconds, Stopping threads took: 0.0000726 seconds
2015-09-11T13:08:52.104+0200: 75.930: Total time for which application threads were stopped: 0.0001034 seconds, Stopping threads took: 0.0000266 seconds
2015-09-11T13:08:58.104+0200: 81.930: Total time for which application threads were stopped: 0.0000787 seconds, Stopping threads took: 0.0000272 seconds
2015-09-11T13:09:41.106+0200: 124.932: Total time for which application threads were stopped: 0.0000627 seconds, Stopping threads took: 0.0000272 seconds
2015-09-11T13:12:13.115+0200: 276.938: Total time for which application threads were stopped: 0.0000720 seconds, Stopping threads took: 0.0000269 seconds
2015-09-11T13:12:33.648+0200: 297.471: Total time for which application threads were stopped: 0.0000666 seconds, Stopping threads took: 0.0000154 seconds
2015-09-11T13:12:57.370+0200: 321.193: Total time for which application threads were stopped: 0.0000870 seconds, Stopping threads took: 0.0000134 seconds
2015-09-11T13:12:57.395+0200: 321.218: Total time for which application threads were stopped: 0.0000931 seconds, Stopping threads took: 0.0000378 seconds
2015-09-11T13:12:57.396+0200: 321.219: Total time for which application threads were stopped: 0.0000483 seconds, Stopping threads took: 0.0000109 seconds
2015-09-11T13:12:57.396+0200: 321.219: Total time for which application threads were stopped: 0.0000506 seconds, Stopping threads took: 0.0000128 seconds
2015-09-11T13:12:57.397+0200: 321.220: Total time for which application threads were stopped: 0.0000554 seconds, Stopping threads took: 0.0000125 seconds
2015-09-11T13:12:57.397+0200: 321.220: Total time for which application threads were stopped: 0.0000426 seconds, Stopping threads took: 0.0000125 seconds
2015-09-11T13:12:57.404+0200: 321.227: Total time for which application threads were stopped: 0.0000829 seconds, Stopping threads took: 0.0000154 seconds
2015-09-11T13:12:57.409+0200: 321.232: Total time for which application threads were stopped: 0.0000717 seconds, Stopping threads took: 0.0000154 seconds
2015-09-11T13:12:57.409+0200: 321.232: Total time for which application threads were stopped: 0.0000458 seconds, Stopping threads took: 0.0000109 seconds
2015-09-11T13:12:58.409+0200: 322.231: Total time for which application threads were stopped: 0.0000874 seconds, Stopping threads took: 0.0000269 seconds
2015-09-11T13:13:02.409+0200: 326.231: Total time for which application threads were stopped: 0.0000896 seconds, Stopping threads took: 0.0000253 seconds
2015-09-11T13:13:07.409+0200: 331.232: Total time for which application threads were stopped: 0.0000752 seconds, Stopping threads took: 0.0000298 seconds
2015-09-11T13:13:54.971+0200: 378.793: Total time for which application threads were stopped: 0.0001315 seconds, Stopping threads took: 0.0000608 seconds
2015-09-11T13:19:57.646+0200: 741.464: Total time for which application threads were stopped: 0.0000877 seconds, Stopping threads took: 0.0000131 seconds
2015-09-11T13:19:57.673+0200: 741.490: Total time for which application threads were stopped: 0.0000720 seconds, Stopping threads took: 0.0000240 seconds
2015-09-11T13:20:01.673+0200: 745.490: Total time for which application threads were stopped: 0.0000630 seconds, Stopping threads took: 0.0000163 seconds
2015-09-11T13:21:43.563+0200: 847.378: Total time for which application threads were stopped: 0.0000678 seconds, Stopping threads took: 0.0000147 seconds
2015-09-11T13:21:43.573+0200: 847.389: Total time for which application threads were stopped: 0.0004208 seconds, Stopping threads took: 0.0000138 seconds
2015-09-11T13:21:44.573+0200: 848.388: Total time for which application threads were stopped: 0.0000934 seconds, Stopping threads took: 0.0000259 seconds
2015-09-11T13:21:44.744+0200: 848.559: Total time for which application threads were stopped: 0.0001264 seconds, Stopping threads took: 0.0000378 seconds
2015-09-11T13:21:44.744+0200: 848.560: Total time for which application threads were stopped: 0.0000704 seconds, Stopping threads took: 0.0000173 seconds
2015-09-11T13:21:44.745+0200: 848.561: Total time for which application threads were stopped: 0.0000490 seconds, Stopping threads took: 0.0000179 seconds
2015-09-11T13:21:45.745+0200: 849.560: Total time for which application threads were stopped: 0.0000662 seconds, Stopping threads took: 0.0000150 seconds
2015-09-11T13:21:45.809+0200: 849.625: Total time for which application threads were stopped: 0.0001366 seconds, Stopping threads took: 0.0000627 seconds
2015-09-11T13:21:46.809+0200: 850.625: Total time for which application threads were stopped: 0.0001011 seconds, Stopping threads took: 0.0000259 seconds
2015-09-11T13:21:47.809+0200: 851.625: Total time for which application threads were stopped: 0.0000739 seconds, Stopping threads took: 0.0000262 seconds
2015-09-11T13:21:48.809+0200: 852.625: Total time for which application threads were stopped: 0.0000797 seconds, Stopping threads took: 0.0000288 seconds
2015-09-11T13:21:49.809+0200: 853.625: Total time for which application threads were stopped: 0.0000842 seconds, Stopping threads took: 0.0000253 seconds
2015-09-11T13:21:50.809+0200: 854.625: Total time for which application threads were stopped: 0.0000934 seconds, Stopping threads took: 0.0000291 seconds
2015-09-11T13:21:51.832+0200: 855.648: Total time for which application threads were stopped: 0.0001686 seconds, Stopping threads took: 0.0000874 seconds
2015-09-11T13:21:53.832+0200: 857.648: Total time for which application threads were stopped: 0.0000778 seconds, Stopping threads took: 0.0000275 seconds
2015-09-11T13:21:55.356+0200: 859.172: Total time for which application threads were stopped: 0.0000704 seconds, Stopping threads took: 0.0000221 seconds
2015-09-11T13:30:51.049+0200: 1394.858: Total time for which application threads were stopped: 0.0000630 seconds, Stopping threads took: 0.0000128 seconds
2015-09-11T13:30:51.050+0200: 1394.859: Total time for which application threads were stopped: 0.0000451 seconds, Stopping threads took: 0.0000074 seconds
2015-09-11T13:30:52.050+0200: 1395.858: Total time for which application threads were stopped: 0.0000707 seconds, Stopping threads took: 0.0000243 seconds
2015-09-11T13:30:58.035+0200: 1401.844: Total time for which application threads were stopped: 0.0001261 seconds, Stopping threads took: 0.0000470 seconds
2015-09-11T13:30:59.036+0200: 1402.844: Total time for which application threads were stopped: 0.0000835 seconds, Stopping threads took: 0.0000282 seconds
2015-09-11T13:33:16.043+0200: 1539.850: Total time for which application threads were stopped: 0.0000787 seconds, Stopping threads took: 0.0000323 seconds
2015-09-11T13:33:34.514+0200: 1558.321: Total time for which application threads were stopped: 0.0000688 seconds, Stopping threads took: 0.0000157 seconds
2015-09-11T13:33:34.518+0200: 1558.325: Total time for which application threads were stopped: 0.0000771 seconds, Stopping threads took: 0.0000205 seconds
2015-09-11T13:33:34.518+0200: 1558.325: Total time for which application threads were stopped: 0.0000531 seconds, Stopping threads took: 0.0000160 seconds
2015-09-11T13:33:34.518+0200: 1558.325: Total time for which application threads were stopped: 0.0000614 seconds, Stopping threads took: 0.0000157 seconds
2015-09-11T13:33:34.518+0200: 1558.325: Total time for which application threads were stopped: 0.0000525 seconds, Stopping threads took: 0.0000157 seconds
2015-09-11T13:33:34.518+0200: 1558.325: Total time for which application threads were stopped: 0.0000326 seconds, Stopping threads took: 0.0000061 seconds
2015-09-11T13:33:34.518+0200: 1558.325: Total time for which application threads were stopped: 0.0000326 seconds, Stopping threads took: 0.0000061 seconds
2015-09-11T13:33:34.518+0200: 1558.325: Total time for which application threads were stopped: 0.0000563 seconds, Stopping threads took: 0.0000192 seconds
2015-09-11T13:33:34.519+0200: 1558.326: Total time for which application threads were stopped: 0.0000803 seconds, Stopping threads took: 0.0000195 seconds
2015-09-11T13:33:35.519+0200: 1559.326: Total time for which application threads were stopped: 0.0000819 seconds, Stopping threads took: 0.0000269 seconds
2015-09-11T13:33:45.801+0200: 1569.607: Total time for which application threads were stopped: 0.0000736 seconds, Stopping threads took: 0.0000134 seconds
2015-09-11T13:33:46.801+0200: 1570.607: Total time for which application threads were stopped: 0.0000650 seconds, Stopping threads took: 0.0000160 seconds
2015-09-11T13:33:58.802+0200: 1582.608: Total time for which application threads were stopped: 0.0000742 seconds, Stopping threads took: 0.0000269 seconds
2015-09-11T13:34:16.803+0200: 1600.609: Total time for which application threads were stopped: 0.0000896 seconds, Stopping threads took: 0.0000272 seconds
2015-09-11T13:34:17.803+0200: 1601.609: Total time for which application threads were stopped: 0.0000742 seconds, Stopping threads took: 0.0000272 seconds
2015-09-11T13:34:19.803+0200: 1603.609: Total time for which application threads were stopped: 0.0000749 seconds, Stopping threads took: 0.0000288 seconds
2015-09-11T13:34:21.803+0200: 1605.609: Total time for which application threads were stopped: 0.0000806 seconds, Stopping threads took: 0.0000160 seconds
2015-09-11T13:34:22.803+0200: 1606.609: Total time for which application threads were stopped: 0.0000736 seconds, Stopping threads took: 0.0000256 seconds
2015-09-11T13:34:23.907+0200: 1607.713: Total time for which application threads were stopped: 0.0001875 seconds, Stopping threads took: 0.0000122 seconds
2015-09-11T13:34:41.908+0200: 1625.714: Total time for which application threads were stopped: 0.0001101 seconds, Stopping threads took: 0.0000406 seconds
2015-09-11T13:34:42.908+0200: 1626.714: Total time for which application threads were stopped: 0.0000771 seconds, Stopping threads took: 0.0000266 seconds
2015-09-11T13:34:54.909+0200: 1638.714: Total time for which application threads were stopped: 0.0000730 seconds, Stopping threads took: 0.0000266 seconds
2015-09-11T13:37:16.222+0200: 1780.025: Total time for which application threads were stopped: 0.0000672 seconds, Stopping threads took: 0.0000141 seconds
2015-09-11T13:37:17.222+0200: 1781.025: Total time for which application threads were stopped: 0.0000656 seconds, Stopping threads took: 0.0000150 seconds
2015-09-11T13:39:49.866+0200: 1933.668: Total time for which application threads were stopped: 0.0002019 seconds, Stopping threads took: 0.0000771 seconds
2015-09-11T13:40:05.152+0200: 1948.953: Total time for which application threads were stopped: 0.0000592 seconds, Stopping threads took: 0.0000125 seconds
2015-09-11T13:40:05.152+0200: 1948.953: Total time for which application threads were stopped: 0.0000394 seconds, Stopping threads took: 0.0000157 seconds
2015-09-11T13:40:05.153+0200: 1948.955: Total time for which application threads were stopped: 0.0000474 seconds, Stopping threads took: 0.0000170 seconds
2015-09-11T13:40:06.153+0200: 1949.954: Total time for which application threads were stopped: 0.0000678 seconds, Stopping threads took: 0.0000154 seconds
2015-09-11T13:45:30.171+0200: 2273.968: Total time for which application threads were stopped: 0.0000653 seconds, Stopping threads took: 0.0000157 seconds
2015-09-11T13:45:30.415+0200: 2274.213: Total time for which application threads were stopped: 0.0000835 seconds, Stopping threads took: 0.0000234 seconds
2015-09-11T13:45:31.415+0200: 2275.212: Total time for which application threads were stopped: 0.0000736 seconds, Stopping threads took: 0.0000259 seconds
2015-09-11T13:45:39.426+0200: 2283.223: Total time for which application threads were stopped: 0.0001398 seconds, Stopping threads took: 0.0000237 seconds
2015-09-11T13:45:40.426+0200: 2284.222: Total time for which application threads were stopped: 0.0000736 seconds, Stopping threads took: 0.0000246 seconds
2015-09-11T13:45:55.117+0200: 2298.913: Total time for which application threads were stopped: 0.0001277 seconds, Stopping threads took: 0.0000144 seconds
2015-09-11T13:45:56.117+0200: 2299.913: Total time for which application threads were stopped: 0.0000634 seconds, Stopping threads took: 0.0000160 seconds
2015-09-11T13:46:06.117+0200: 2309.914: Total time for which application threads were stopped: 0.0000640 seconds, Stopping threads took: 0.0000163 seconds
2015-09-11T13:46:18.118+0200: 2321.914: Total time for which application threads were stopped: 0.0000819 seconds, Stopping threads took: 0.0000317 seconds
2015-09-11T13:47:03.121+0200: 2366.916: Total time for which application threads were stopped: 0.0000995 seconds, Stopping threads took: 0.0000378 seconds
2015-09-11T13:47:42.123+0200: 2405.918: Total time for which application threads were stopped: 0.0000765 seconds, Stopping threads took: 0.0000269 seconds
2015-09-11T13:47:45.123+0200: 2408.918: Total time for which application threads were stopped: 0.0000691 seconds, Stopping threads took: 0.0000234 seconds
2015-09-11T13:47:46.828+0200: 2410.623: Total time for which application threads were stopped: 0.0000659 seconds, Stopping threads took: 0.0000144 seconds
2015-09-11T13:47:46.828+0200: 2410.624: Total time for which application threads were stopped: 0.0000368 seconds, Stopping threads took: 0.0000064 seconds
2015-09-11T13:47:46.830+0200: 2410.625: Total time for which application threads were stopped: 0.0004429 seconds, Stopping threads took: 0.0000064 seconds
2015-09-11T13:47:47.830+0200: 2411.625: Total time for which application threads were stopped: 0.0000742 seconds, Stopping threads took: 0.0000170 seconds
2015-09-11T13:47:50.399+0200: 2414.195: Total time for which application threads were stopped: 0.0001024 seconds, Stopping threads took: 0.0000243 seconds
2015-09-11T13:47:50.400+0200: 2414.195: Total time for which application threads were stopped: 0.0001219 seconds, Stopping threads took: 0.0000806 seconds
2015-09-11T13:47:50.400+0200: 2414.196: Total time for which application threads were stopped: 0.0002384 seconds, Stopping threads took: 0.0000605 seconds
2015-09-11T13:47:51.400+0200: 2415.195: Total time for which application threads were stopped: 0.0000720 seconds, Stopping threads took: 0.0000250 seconds
2015-09-11T13:47:56.401+0200: 2420.195: Total time for which application threads were stopped: 0.0000822 seconds, Stopping threads took: 0.0000272 seconds
2015-09-11T13:47:56.752+0200: 2420.547: Total time for which application threads were stopped: 0.0000742 seconds, Stopping threads took: 0.0000205 seconds
2015-09-11T13:47:56.753+0200: 2420.548: Total time for which application threads were stopped: 0.0001005 seconds, Stopping threads took: 0.0000214 seconds
2015-09-11T13:47:56.753+0200: 2420.548: Total time for which application threads were stopped: 0.0000925 seconds, Stopping threads took: 0.0000211 seconds
2015-09-11T13:47:56.753+0200: 2420.548: Total time for which application threads were stopped: 0.0000589 seconds, Stopping threads took: 0.0000157 seconds
{Heap before GC invocations=109 (full 4):
 par new generation   total 109248K, used 104078K [0x00000000e0000000, 0x00000000e8000000, 0x00000000e8000000)
  eden space 87424K, 100% used [0x00000000e0000000, 0x00000000e5560000, 0x00000000e5560000)
  from space 21824K,  76% used [0x00000000e6ab0000, 0x00000000e7af3b70, 0x00000000e8000000)
  to   space 21824K,   0% used [0x00000000e5560000, 0x00000000e5560000, 0x00000000e6ab0000)
 concurrent mark-sweep generation total 393216K, used 172372K [0x00000000e8000000, 0x0000000100000000, 0x0000000100000000)
 Metaspace       used 32097K, capacity 32488K, committed 32792K, reserved 1079296K
  class space    used 3710K, capacity 3846K, committed 3864K, reserved 1048576K
2015-09-11T13:47:56.754+0200: 2420.549: [GC (Allocation Failure) 2420.549: [ParNew
Desired survivor size 20112992 bytes, new threshold 8 (max 8)
- age   1:    5620552 bytes,    5620552 total
- age   2:     833848 bytes,    6454400 total
- age   3:    1069904 bytes,    7524304 total
- age   4:    1072496 bytes,    8596800 total
- age   5:    1239496 bytes,    9836296 total
- age   6:        872 bytes,    9837168 total
- age   7:      93704 bytes,    9930872 total
- age   8:       9432 bytes,    9940304 total
: 104078K->11632K(109248K), 0.0061945 secs] 276451K->184017K(502464K), 0.0062441 secs] [Times: user=0.00 sys=0.00, real=0.01 secs] 
Heap after GC invocations=110 (full 4):
 par new generation   total 109248K, used 11632K [0x00000000e0000000, 0x00000000e8000000, 0x00000000e8000000)
  eden space 87424K,   0% used [0x00000000e0000000, 0x00000000e0000000, 0x00000000e5560000)
  from space 21824K,  53% used [0x00000000e5560000, 0x00000000e60bc018, 0x00000000e6ab0000)
  to   space 21824K,   0% used [0x00000000e6ab0000, 0x00000000e6ab0000, 0x00000000e8000000)
 concurrent mark-sweep generation total 393216K, used 172385K [0x00000000e8000000, 0x0000000100000000, 0x0000000100000000)
 Metaspace       used 32097K, capacity 32488K, committed 32792K, reserved 1079296K
  class space    used 3710K, capacity 3846K, committed 3864K, reserved 1048576K
}
2015-09-11T13:47:56.760+0200: 2420.555: Total time for which application threads were stopped: 0.0063974 seconds, Stopping threads took: 0.0000221 seconds
2015-09-11T13:47:56.761+0200: 2420.556: Total time for which application threads were stopped: 0.0001066 seconds, Stopping threads took: 0.0000272 seconds
2015-09-11T13:47:56.761+0200: 2420.556: Total time for which application threads were stopped: 0.0000726 seconds, Stopping threads took: 0.0000154 seconds
2015-09-11T13:47:56.761+0200: 2420.556: Total time for which application threads were stopped: 0.0000544 seconds, Stopping threads took: 0.0000134 seconds
2015-09-11T13:47:56.761+0200: 2420.556: Total time for which application threads were stopped: 0.0000486 seconds, Stopping threads took: 0.0000131 seconds
2015-09-11T13:47:56.761+0200: 2420.556: Total time for which application threads were stopped: 0.0000298 seconds, Stopping threads took: 0.0000064 seconds
2015-09-11T13:47:56.761+0200: 2420.556: Total time for which application threads were stopped: 0.0000272 seconds, Stopping threads took: 0.0000054 seconds
2015-09-11T13:47:56.761+0200: 2420.556: Total time for which application threads were stopped: 0.0000266 seconds, Stopping threads took: 0.0000054 seconds
2015-09-11T13:47:56.762+0200: 2420.556: Total time for which application threads were stopped: 0.0000262 seconds, Stopping threads took: 0.0000051 seconds
2015-09-11T13:47:56.762+0200: 2420.556: Total time for which application threads were stopped: 0.0000262 seconds, Stopping threads took: 0.0000051 seconds
2015-09-11T13:47:56.762+0200: 2420.556: Total time for which application threads were stopped: 0.0000259 seconds, Stopping threads took: 0.0000054 seconds
2015-09-11T13:47:56.762+0200: 2420.556: Total time for which application threads were stopped: 0.0000259 seconds, Stopping threads took: 0.0000051 seconds
2015-09-11T13:47:56.762+0200: 2420.557: Total time for which application threads were stopped: 0.0000262 seconds, Stopping threads took: 0.0000051 seconds
2015-09-11T13:47:56.762+0200: 2420.557: Total time for which application threads were stopped: 0.0000262 seconds, Stopping threads took: 0.0000051 seconds
2015-09-11T13:47:56.762+0200: 2420.557: Total time for which application threads were stopped: 0.0000259 seconds, Stopping threads took: 0.0000051 seconds
2015-09-11T13:47:56.762+0200: 2420.557: Total time for which application threads were stopped: 0.0000256 seconds, Stopping threads took: 0.0000051 seconds
2015-09-11T13:47:57.762+0200: 2421.557: Total time for which application threads were stopped: 0.0000861 seconds, Stopping threads took: 0.0000275 seconds
2015-09-11T13:48:23.763+0200: 2447.558: Total time for which application threads were stopped: 0.0000810 seconds, Stopping threads took: 0.0000266 seconds
2015-09-11T13:48:25.763+0200: 2449.558: Total time for which application threads were stopped: 0.0000765 seconds, Stopping threads took: 0.0000266 seconds
2015-09-11T13:48:47.765+0200: 2471.559: Total time for which application threads were stopped: 0.0000755 seconds, Stopping threads took: 0.0000282 seconds
2015-09-11T13:50:58.046+0200: 2601.839: Total time for which application threads were stopped: 0.0000762 seconds, Stopping threads took: 0.0000154 seconds
2015-09-11T13:50:59.335+0200: 2603.128: Total time for which application threads were stopped: 0.0000704 seconds, Stopping threads took: 0.0000166 seconds
2015-09-11T13:51:00.335+0200: 2604.128: Total time for which application threads were stopped: 0.0000618 seconds, Stopping threads took: 0.0000147 seconds
2015-09-11T13:53:55.823+0200: 2779.614: Total time for which application threads were stopped: 0.0000666 seconds, Stopping threads took: 0.0000128 seconds
2015-09-11T13:53:56.823+0200: 2780.613: Total time for which application threads were stopped: 0.0001069 seconds, Stopping threads took: 0.0000378 seconds
2015-09-11T13:53:56.894+0200: 2780.685: Total time for which application threads were stopped: 0.0000723 seconds, Stopping threads took: 0.0000243 seconds
2015-09-11T13:53:57.894+0200: 2781.684: Total time for which application threads were stopped: 0.0000624 seconds, Stopping threads took: 0.0000157 seconds
2015-09-11T13:54:32.896+0200: 2816.686: Total time for which application threads were stopped: 0.0000765 seconds, Stopping threads took: 0.0000278 seconds
2015-09-11T13:55:27.900+0200: 2871.688: Total time for which application threads were stopped: 0.0000742 seconds, Stopping threads took: 0.0000272 seconds
2015-09-11T13:56:12.010+0200: 2915.798: Total time for which application threads were stopped: 0.0000851 seconds, Stopping threads took: 0.0000285 seconds
2015-09-11T13:56:12.010+0200: 2915.798: Total time for which application threads were stopped: 0.0000438 seconds, Stopping threads took: 0.0000106 seconds
2015-09-11T13:56:17.010+0200: 2920.799: Total time for which application threads were stopped: 0.0001395 seconds, Stopping threads took: 0.0000243 seconds
2015-09-11T13:56:29.028+0200: 2932.816: Total time for which application threads were stopped: 0.0000701 seconds, Stopping threads took: 0.0000234 seconds
2015-09-11T13:56:36.070+0200: 2939.858: Total time for which application threads were stopped: 0.0000698 seconds, Stopping threads took: 0.0000250 seconds
2015-09-11T13:56:37.071+0200: 2940.858: Total time for which application threads were stopped: 0.0000733 seconds, Stopping threads took: 0.0000272 seconds
2015-09-11T13:56:44.071+0200: 2947.859: Total time for which application threads were stopped: 0.0000749 seconds, Stopping threads took: 0.0000272 seconds
2015-09-11T13:58:03.437+0200: 3027.225: Total time for which application threads were stopped: 0.0000682 seconds, Stopping threads took: 0.0000147 seconds
2015-09-11T13:58:05.660+0200: 3029.447: Total time for which application threads were stopped: 0.0000618 seconds, Stopping threads took: 0.0000144 seconds
2015-09-11T13:58:06.661+0200: 3030.447: Total time for which application threads were stopped: 0.0000861 seconds, Stopping threads took: 0.0000262 seconds
2015-09-11T13:58:07.661+0200: 3031.447: Total time for which application threads were stopped: 0.0000781 seconds, Stopping threads took: 0.0000304 seconds
2015-09-11T13:58:59.664+0200: 3083.450: Total time for which application threads were stopped: 0.0001110 seconds, Stopping threads took: 0.0000442 seconds
2015-09-11T13:59:38.666+0200: 3122.451: Total time for which application threads were stopped: 0.0000726 seconds, Stopping threads took: 0.0000246 seconds
2015-09-11T13:59:42.205+0200: 3125.991: Total time for which application threads were stopped: 0.0001882 seconds, Stopping threads took: 0.0000733 seconds
2015-09-11T13:59:42.222+0200: 3126.007: Total time for which application threads were stopped: 0.0002038 seconds, Stopping threads took: 0.0000950 seconds
2015-09-11T13:59:42.225+0200: 3126.011: Total time for which application threads were stopped: 0.0001082 seconds, Stopping threads took: 0.0000179 seconds
2015-09-11T13:59:42.226+0200: 3126.011: Total time for which application threads were stopped: 0.0000598 seconds, Stopping threads took: 0.0000086 seconds
2015-09-11T13:59:42.231+0200: 3126.016: Total time for which application threads were stopped: 0.0000864 seconds, Stopping threads took: 0.0000195 seconds
2015-09-11T13:59:42.231+0200: 3126.017: Total time for which application threads were stopped: 0.0000470 seconds, Stopping threads took: 0.0000086 seconds
2015-09-11T13:59:42.231+0200: 3126.017: Total time for which application threads were stopped: 0.0000701 seconds, Stopping threads took: 0.0000198 seconds
2015-09-11T13:59:42.231+0200: 3126.017: Total time for which application threads were stopped: 0.0000358 seconds, Stopping threads took: 0.0000054 seconds
2015-09-11T13:59:42.231+0200: 3126.017: Total time for which application threads were stopped: 0.0000333 seconds, Stopping threads took: 0.0000048 seconds
2015-09-11T13:59:42.231+0200: 3126.017: Total time for which application threads were stopped: 0.0000467 seconds, Stopping threads took: 0.0000115 seconds
2015-09-11T13:59:42.232+0200: 3126.018: Total time for which application threads were stopped: 0.0000483 seconds, Stopping threads took: 0.0000086 seconds
2015-09-11T13:59:42.232+0200: 3126.018: Total time for which application threads were stopped: 0.0000522 seconds, Stopping threads took: 0.0000189 seconds
2015-09-11T13:59:42.243+0200: 3126.029: Total time for which application threads were stopped: 0.0000701 seconds, Stopping threads took: 0.0000154 seconds
2015-09-11T13:59:42.905+0200: 3126.691: Total time for which application threads were stopped: 0.0000755 seconds, Stopping threads took: 0.0000256 seconds
2015-09-11T13:59:42.911+0200: 3126.697: Total time for which application threads were stopped: 0.0000848 seconds, Stopping threads took: 0.0000147 seconds
2015-09-11T13:59:42.928+0200: 3126.714: Total time for which application threads were stopped: 0.0001453 seconds, Stopping threads took: 0.0000797 seconds
2015-09-11T13:59:42.933+0200: 3126.718: Total time for which application threads were stopped: 0.0001459 seconds, Stopping threads took: 0.0000707 seconds
2015-09-11T13:59:42.933+0200: 3126.719: Total time for which application threads were stopped: 0.0000605 seconds, Stopping threads took: 0.0000182 seconds
2015-09-11T13:59:42.933+0200: 3126.719: Total time for which application threads were stopped: 0.0001194 seconds, Stopping threads took: 0.0000810 seconds
2015-09-11T13:59:42.933+0200: 3126.719: Total time for which application threads were stopped: 0.0000397 seconds, Stopping threads took: 0.0000090 seconds
2015-09-11T13:59:42.933+0200: 3126.719: Total time for which application threads were stopped: 0.0001069 seconds, Stopping threads took: 0.0000678 seconds
2015-09-11T13:59:42.934+0200: 3126.719: Total time for which application threads were stopped: 0.0000352 seconds, Stopping threads took: 0.0000080 seconds
2015-09-11T13:59:42.934+0200: 3126.720: Total time for which application threads were stopped: 0.0000355 seconds, Stopping threads took: 0.0000080 seconds
2015-09-11T13:59:42.934+0200: 3126.720: Total time for which application threads were stopped: 0.0000448 seconds, Stopping threads took: 0.0000176 seconds
2015-09-11T13:59:42.934+0200: 3126.720: Total time for which application threads were stopped: 0.0000294 seconds, Stopping threads took: 0.0000064 seconds
2015-09-11T13:59:42.936+0200: 3126.722: Total time for which application threads were stopped: 0.0001018 seconds, Stopping threads took: 0.0000278 seconds
2015-09-11T13:59:42.937+0200: 3126.723: Total time for which application threads were stopped: 0.0001030 seconds, Stopping threads took: 0.0000582 seconds
2015-09-11T13:59:42.938+0200: 3126.724: Total time for which application threads were stopped: 0.0000816 seconds, Stopping threads took: 0.0000170 seconds
2015-09-11T13:59:42.938+0200: 3126.724: Total time for which application threads were stopped: 0.0000717 seconds, Stopping threads took: 0.0000211 seconds
2015-09-11T13:59:42.943+0200: 3126.729: Total time for which application threads were stopped: 0.0000781 seconds, Stopping threads took: 0.0000227 seconds
2015-09-11T13:59:42.943+0200: 3126.729: Total time for which application threads were stopped: 0.0000621 seconds, Stopping threads took: 0.0000333 seconds
2015-09-11T13:59:42.943+0200: 3126.729: Total time for which application threads were stopped: 0.0000502 seconds, Stopping threads took: 0.0000179 seconds
2015-09-11T13:59:42.944+0200: 3126.730: Total time for which application threads were stopped: 0.0000454 seconds, Stopping threads took: 0.0000173 seconds
2015-09-11T13:59:42.944+0200: 3126.730: Total time for which application threads were stopped: 0.0000461 seconds, Stopping threads took: 0.0000176 seconds
2015-09-11T13:59:42.944+0200: 3126.730: Total time for which application threads were stopped: 0.0000560 seconds, Stopping threads took: 0.0000192 seconds
2015-09-11T13:59:42.944+0200: 3126.730: Total time for which application threads were stopped: 0.0000528 seconds, Stopping threads took: 0.0000272 seconds
2015-09-11T13:59:42.944+0200: 3126.730: Total time for which application threads were stopped: 0.0000461 seconds, Stopping threads took: 0.0000173 seconds
2015-09-11T13:59:42.944+0200: 3126.730: Total time for which application threads were stopped: 0.0000525 seconds, Stopping threads took: 0.0000192 seconds
2015-09-11T13:59:42.944+0200: 3126.730: Total time for which application threads were stopped: 0.0000400 seconds, Stopping threads took: 0.0000170 seconds
2015-09-11T13:59:42.944+0200: 3126.730: Total time for which application threads were stopped: 0.0000528 seconds, Stopping threads took: 0.0000186 seconds
2015-09-11T13:59:42.945+0200: 3126.730: Total time for which application threads were stopped: 0.0001104 seconds, Stopping threads took: 0.0000851 seconds
2015-09-11T13:59:42.945+0200: 3126.731: Total time for which application threads were stopped: 0.0001558 seconds, Stopping threads took: 0.0000586 seconds
2015-09-11T13:59:42.950+0200: 3126.736: Total time for which application threads were stopped: 0.0000710 seconds, Stopping threads took: 0.0000144 seconds
2015-09-11T13:59:43.410+0200: 3127.196: Total time for which application threads were stopped: 0.0000755 seconds, Stopping threads took: 0.0000246 seconds
{Heap before GC invocations=110 (full 4):
 par new generation   total 109248K, used 99056K [0x00000000e0000000, 0x00000000e8000000, 0x00000000e8000000)
  eden space 87424K, 100% used [0x00000000e0000000, 0x00000000e5560000, 0x00000000e5560000)
  from space 21824K,  53% used [0x00000000e5560000, 0x00000000e60bc018, 0x00000000e6ab0000)
  to   space 21824K,   0% used [0x00000000e6ab0000, 0x00000000e6ab0000, 0x00000000e8000000)
 concurrent mark-sweep generation total 393216K, used 172385K [0x00000000e8000000, 0x0000000100000000, 0x0000000100000000)
 Metaspace       used 32278K, capacity 32634K, committed 33048K, reserved 1079296K
  class space    used 3718K, capacity 3849K, committed 3864K, reserved 1048576K
2015-09-11T13:59:43.414+0200: 3127.200: [GC (Allocation Failure) 3127.200: [ParNew
Desired survivor size 20112992 bytes, new threshold 8 (max 8)
- age   1:    1118320 bytes,    1118320 total
- age   2:    1570120 bytes,    2688440 total
- age   3:     833848 bytes,    3522288 total
- age   4:    1069880 bytes,    4592168 total
- age   5:    1072496 bytes,    5664664 total
- age   6:    1239496 bytes,    6904160 total
- age   7:        872 bytes,    6905032 total
- age   8:      93704 bytes,    6998736 total
: 99056K->11963K(109248K), 0.0062479 secs] 271441K->184357K(502464K), 0.0063004 secs] [Times: user=0.00 sys=0.00, real=0.01 secs] 
Heap after GC invocations=111 (full 4):
 par new generation   total 109248K, used 11963K [0x00000000e0000000, 0x00000000e8000000, 0x00000000e8000000)
  eden space 87424K,   0% used [0x00000000e0000000, 0x00000000e0000000, 0x00000000e5560000)
  from space 21824K,  54% used [0x00000000e6ab0000, 0x00000000e765ec10, 0x00000000e8000000)
  to   space 21824K,   0% used [0x00000000e5560000, 0x00000000e5560000, 0x00000000e6ab0000)
 concurrent mark-sweep generation total 393216K, used 172394K [0x00000000e8000000, 0x0000000100000000, 0x0000000100000000)
 Metaspace       used 32278K, capacity 32634K, committed 33048K, reserved 1079296K
  class space    used 3718K, capacity 3849K, committed 3864K, reserved 1048576K
}
2015-09-11T13:59:43.421+0200: 3127.207: Total time for which application threads were stopped: 0.0065218 seconds, Stopping threads took: 0.0000912 seconds
2015-09-11T13:59:43.423+0200: 3127.209: Total time for which application threads were stopped: 0.0000845 seconds, Stopping threads took: 0.0000150 seconds
2015-09-11T13:59:43.441+0200: 3127.226: Total time for which application threads were stopped: 0.0002029 seconds, Stopping threads took: 0.0000848 seconds
2015-09-11T13:59:43.445+0200: 3127.231: Total time for which application threads were stopped: 0.0001005 seconds, Stopping threads took: 0.0000330 seconds
2015-09-11T13:59:43.445+0200: 3127.231: Total time for which application threads were stopped: 0.0000554 seconds, Stopping threads took: 0.0000102 seconds
2015-09-11T13:59:43.445+0200: 3127.231: Total time for which application threads were stopped: 0.0000294 seconds, Stopping threads took: 0.0000077 seconds
2015-09-11T13:59:43.446+0200: 3127.231: Total time for which application threads were stopped: 0.0001152 seconds, Stopping threads took: 0.0000627 seconds
2015-09-11T13:59:43.446+0200: 3127.232: Total time for which application threads were stopped: 0.0000813 seconds, Stopping threads took: 0.0000499 seconds
2015-09-11T13:59:43.446+0200: 3127.232: Total time for which application threads were stopped: 0.0000445 seconds, Stopping threads took: 0.0000166 seconds
2015-09-11T13:59:43.446+0200: 3127.232: Total time for which application threads were stopped: 0.0000454 seconds, Stopping threads took: 0.0000176 seconds
2015-09-11T13:59:43.446+0200: 3127.232: Total time for which application threads were stopped: 0.0000688 seconds, Stopping threads took: 0.0000387 seconds
2015-09-11T13:59:43.446+0200: 3127.232: Total time for which application threads were stopped: 0.0000461 seconds, Stopping threads took: 0.0000170 seconds
2015-09-11T13:59:43.448+0200: 3127.234: Total time for which application threads were stopped: 0.0001011 seconds, Stopping threads took: 0.0000256 seconds
2015-09-11T13:59:43.448+0200: 3127.234: Total time for which application threads were stopped: 0.0000691 seconds, Stopping threads took: 0.0000157 seconds
2015-09-11T13:59:43.450+0200: 3127.236: Total time for which application threads were stopped: 0.0000723 seconds, Stopping threads took: 0.0000163 seconds
2015-09-11T13:59:43.450+0200: 3127.236: Total time for which application threads were stopped: 0.0000403 seconds, Stopping threads took: 0.0000074 seconds
2015-09-11T13:59:43.455+0200: 3127.241: Total time for which application threads were stopped: 0.0000874 seconds, Stopping threads took: 0.0000182 seconds
2015-09-11T13:59:43.455+0200: 3127.241: Total time for which application threads were stopped: 0.0000531 seconds, Stopping threads took: 0.0000202 seconds
2015-09-11T13:59:43.455+0200: 3127.241: Total time for which application threads were stopped: 0.0000797 seconds, Stopping threads took: 0.0000496 seconds
2015-09-11T13:59:43.455+0200: 3127.241: Total time for which application threads were stopped: 0.0000454 seconds, Stopping threads took: 0.0000083 seconds
2015-09-11T13:59:43.462+0200: 3127.247: Total time for which application threads were stopped: 0.0001638 seconds, Stopping threads took: 0.0000739 seconds
2015-09-11T13:59:43.633+0200: 3127.419: Total time for which application threads were stopped: 0.0000746 seconds, Stopping threads took: 0.0000166 seconds
2015-09-11T13:59:43.640+0200: 3127.426: Total time for which application threads were stopped: 0.0001667 seconds, Stopping threads took: 0.0001014 seconds
2015-09-11T13:59:43.657+0200: 3127.443: Total time for which application threads were stopped: 0.0001053 seconds, Stopping threads took: 0.0000144 seconds
2015-09-11T13:59:43.662+0200: 3127.448: Total time for which application threads were stopped: 0.0001136 seconds, Stopping threads took: 0.0000150 seconds
2015-09-11T13:59:43.662+0200: 3127.448: Total time for which application threads were stopped: 0.0000643 seconds, Stopping threads took: 0.0000157 seconds
2015-09-11T13:59:43.662+0200: 3127.448: Total time for which application threads were stopped: 0.0000464 seconds, Stopping threads took: 0.0000112 seconds
2015-09-11T13:59:43.662+0200: 3127.448: Total time for which application threads were stopped: 0.0000371 seconds, Stopping threads took: 0.0000083 seconds
2015-09-11T13:59:43.662+0200: 3127.448: Total time for which application threads were stopped: 0.0000326 seconds, Stopping threads took: 0.0000077 seconds
2015-09-11T13:59:43.663+0200: 3127.448: Total time for which application threads were stopped: 0.0000298 seconds, Stopping threads took: 0.0000070 seconds
2015-09-11T13:59:43.663+0200: 3127.448: Total time for which application threads were stopped: 0.0000304 seconds, Stopping threads took: 0.0000074 seconds
2015-09-11T13:59:43.663+0200: 3127.449: Total time for which application threads were stopped: 0.0000275 seconds, Stopping threads took: 0.0000064 seconds
2015-09-11T13:59:43.663+0200: 3127.449: Total time for which application threads were stopped: 0.0000326 seconds, Stopping threads took: 0.0000074 seconds
2015-09-11T13:59:43.664+0200: 3127.450: Total time for which application threads were stopped: 0.0000784 seconds, Stopping threads took: 0.0000112 seconds
2015-09-11T13:59:43.664+0200: 3127.450: Total time for which application threads were stopped: 0.0000723 seconds, Stopping threads took: 0.0000218 seconds
2015-09-11T13:59:43.667+0200: 3127.452: Total time for which application threads were stopped: 0.0000675 seconds, Stopping threads took: 0.0000154 seconds
2015-09-11T13:59:43.667+0200: 3127.453: Total time for which application threads were stopped: 0.0000426 seconds, Stopping threads took: 0.0000080 seconds
2015-09-11T13:59:43.672+0200: 3127.457: Total time for which application threads were stopped: 0.0000694 seconds, Stopping threads took: 0.0000150 seconds
2015-09-11T13:59:43.672+0200: 3127.458: Total time for which application threads were stopped: 0.0001936 seconds, Stopping threads took: 0.0000787 seconds
2015-09-11T13:59:43.672+0200: 3127.458: Total time for which application threads were stopped: 0.0000605 seconds, Stopping threads took: 0.0000160 seconds
2015-09-11T13:59:43.672+0200: 3127.458: Total time for which application threads were stopped: 0.0000419 seconds, Stopping threads took: 0.0000144 seconds
2015-09-11T13:59:43.672+0200: 3127.458: Total time for which application threads were stopped: 0.0000416 seconds, Stopping threads took: 0.0000093 seconds
2015-09-11T13:59:43.672+0200: 3127.458: Total time for which application threads were stopped: 0.0000451 seconds, Stopping threads took: 0.0000138 seconds
2015-09-11T13:59:43.672+0200: 3127.458: Total time for which application threads were stopped: 0.0000435 seconds, Stopping threads took: 0.0000131 seconds
2015-09-11T13:59:43.672+0200: 3127.458: Total time for which application threads were stopped: 0.0000397 seconds, Stopping threads took: 0.0000134 seconds
2015-09-11T13:59:43.672+0200: 3127.458: Total time for which application threads were stopped: 0.0000336 seconds, Stopping threads took: 0.0000086 seconds
2015-09-11T13:59:43.672+0200: 3127.458: Total time for which application threads were stopped: 0.0000397 seconds, Stopping threads took: 0.0000122 seconds
2015-09-11T13:59:43.672+0200: 3127.458: Total time for which application threads were stopped: 0.0000448 seconds, Stopping threads took: 0.0000138 seconds
2015-09-11T13:59:43.672+0200: 3127.458: Total time for which application threads were stopped: 0.0001110 seconds, Stopping threads took: 0.0000464 seconds
2015-09-11T13:59:43.673+0200: 3127.458: Total time for which application threads were stopped: 0.0000458 seconds, Stopping threads took: 0.0000144 seconds
2015-09-11T13:59:43.673+0200: 3127.459: Total time for which application threads were stopped: 0.0000406 seconds, Stopping threads took: 0.0000099 seconds
2015-09-11T13:59:43.673+0200: 3127.459: Total time for which application threads were stopped: 0.0000541 seconds, Stopping threads took: 0.0000138 seconds
2015-09-11T13:59:43.673+0200: 3127.459: Total time for which application threads were stopped: 0.0000480 seconds, Stopping threads took: 0.0000102 seconds
2015-09-11T13:59:43.673+0200: 3127.459: Total time for which application threads were stopped: 0.0001117 seconds, Stopping threads took: 0.0000723 seconds
2015-09-11T13:59:43.673+0200: 3127.459: Total time for which application threads were stopped: 0.0001197 seconds, Stopping threads took: 0.0000202 seconds
2015-09-11T13:59:43.683+0200: 3127.469: Total time for which application threads were stopped: 0.0000755 seconds, Stopping threads took: 0.0000246 seconds
2015-09-11T13:59:43.857+0200: 3127.643: Total time for which application threads were stopped: 0.0000762 seconds, Stopping threads took: 0.0000250 seconds
2015-09-11T13:59:43.863+0200: 3127.649: Total time for which application threads were stopped: 0.0001178 seconds, Stopping threads took: 0.0000246 seconds
{Heap before GC invocations=111 (full 4):
 par new generation   total 109248K, used 99384K [0x00000000e0000000, 0x00000000e8000000, 0x00000000e8000000)
  eden space 87424K,  99% used [0x00000000e0000000, 0x00000000e555f410, 0x00000000e5560000)
  from space 21824K,  54% used [0x00000000e6ab0000, 0x00000000e765ec10, 0x00000000e8000000)
  to   space 21824K,   0% used [0x00000000e5560000, 0x00000000e5560000, 0x00000000e6ab0000)
 concurrent mark-sweep generation total 393216K, used 172394K [0x00000000e8000000, 0x0000000100000000, 0x0000000100000000)
 Metaspace       used 32335K, capacity 32704K, committed 33048K, reserved 1079296K
  class space    used 3718K, capacity 3850K, committed 3864K, reserved 1048576K
2015-09-11T13:59:43.865+0200: 3127.651: [GC (Allocation Failure) 3127.651: [ParNew
Desired survivor size 20112992 bytes, new threshold 8 (max 8)
- age   1:    1072608 bytes,    1072608 total
- age   2:     499088 bytes,    1571696 total
- age   3:    1569784 bytes,    3141480 total
- age   4:     833848 bytes,    3975328 total
- age   5:    1069880 bytes,    5045208 total
- age   6:    1072496 bytes,    6117704 total
- age   7:    1239496 bytes,    7357200 total
- age   8:        872 bytes,    7358072 total
: 99384K->9354K(109248K), 0.0063132 secs] 271778K->181840K(502464K), 0.0063692 secs] [Times: user=0.00 sys=0.00, real=0.01 secs] 
Heap after GC invocations=112 (full 4):
 par new generation   total 109248K, used 9354K [0x00000000e0000000, 0x00000000e8000000, 0x00000000e8000000)
  eden space 87424K,   0% used [0x00000000e0000000, 0x00000000e0000000, 0x00000000e5560000)
  from space 21824K,  42% used [0x00000000e5560000, 0x00000000e5e82a90, 0x00000000e6ab0000)
  to   space 21824K,   0% used [0x00000000e6ab0000, 0x00000000e6ab0000, 0x00000000e8000000)
 concurrent mark-sweep generation total 393216K, used 172486K [0x00000000e8000000, 0x0000000100000000, 0x0000000100000000)
 Metaspace       used 32335K, capacity 32704K, committed 33048K, reserved 1079296K
  class space    used 3718K, capacity 3850K, committed 3864K, reserved 1048576K
}
2015-09-11T13:59:43.871+0200: 3127.657: Total time for which application threads were stopped: 0.0065177 seconds, Stopping threads took: 0.0000150 seconds
2015-09-11T13:59:43.886+0200: 3127.672: Total time for which application threads were stopped: 0.0000883 seconds, Stopping threads took: 0.0000147 seconds
2015-09-11T13:59:43.890+0200: 3127.676: Total time for which application threads were stopped: 0.0001405 seconds, Stopping threads took: 0.0000694 seconds
2015-09-11T13:59:43.890+0200: 3127.676: Total time for which application threads were stopped: 0.0000438 seconds, Stopping threads took: 0.0000157 seconds
2015-09-11T13:59:43.891+0200: 3127.676: Total time for which application threads were stopped: 0.0000614 seconds, Stopping threads took: 0.0000157 seconds
2015-09-11T13:59:43.891+0200: 3127.677: Total time for which application threads were stopped: 0.0000426 seconds, Stopping threads took: 0.0000157 seconds
2015-09-11T13:59:43.891+0200: 3127.677: Total time for which application threads were stopped: 0.0000426 seconds, Stopping threads took: 0.0000160 seconds
2015-09-11T13:59:43.891+0200: 3127.677: Total time for which application threads were stopped: 0.0000352 seconds, Stopping threads took: 0.0000147 seconds
2015-09-11T13:59:43.891+0200: 3127.677: Total time for which application threads were stopped: 0.0000342 seconds, Stopping threads took: 0.0000048 seconds
2015-09-11T13:59:43.891+0200: 3127.677: Total time for which application threads were stopped: 0.0000339 seconds, Stopping threads took: 0.0000048 seconds
2015-09-11T13:59:43.894+0200: 3127.680: Total time for which application threads were stopped: 0.0000851 seconds, Stopping threads took: 0.0000346 seconds
2015-09-11T13:59:43.895+0200: 3127.680: Total time for which application threads were stopped: 0.0000266 seconds, Stopping threads took: 0.0000051 seconds
2015-09-11T13:59:43.899+0200: 3127.685: Total time for which application threads were stopped: 0.0000518 seconds, Stopping threads took: 0.0000102 seconds
2015-09-11T13:59:43.904+0200: 3127.690: Total time for which application threads were stopped: 0.0001040 seconds, Stopping threads took: 0.0000512 seconds
2015-09-11T13:59:44.904+0200: 3128.690: Total time for which application threads were stopped: 0.0000611 seconds, Stopping threads took: 0.0000154 seconds
2015-09-11T13:59:46.165+0200: 3129.951: Total time for which application threads were stopped: 0.0000928 seconds, Stopping threads took: 0.0000202 seconds
2015-09-11T13:59:46.165+0200: 3129.951: Total time for which application threads were stopped: 0.0000730 seconds, Stopping threads took: 0.0000432 seconds
2015-09-11T13:59:46.166+0200: 3129.952: Total time for which application threads were stopped: 0.0000742 seconds, Stopping threads took: 0.0000157 seconds
2015-09-11T13:59:46.166+0200: 3129.952: Total time for which application threads were stopped: 0.0000490 seconds, Stopping threads took: 0.0000112 seconds
2015-09-11T13:59:47.167+0200: 3130.953: Total time for which application threads were stopped: 0.0000854 seconds, Stopping threads took: 0.0000358 seconds
2015-09-11T13:59:59.168+0200: 3142.953: Total time for which application threads were stopped: 0.0000835 seconds, Stopping threads took: 0.0000275 seconds
2015-09-11T14:05:16.551+0200: 3460.333: Total time for which application threads were stopped: 0.0000688 seconds, Stopping threads took: 0.0000147 seconds
2015-09-11T14:05:16.552+0200: 3460.333: Total time for which application threads were stopped: 0.0000406 seconds, Stopping threads took: 0.0000070 seconds
2015-09-11T14:05:16.552+0200: 3460.333: Total time for which application threads were stopped: 0.0000355 seconds, Stopping threads took: 0.0000067 seconds
2015-09-11T14:05:24.294+0200: 3468.075: Total time for which application threads were stopped: 0.0000736 seconds, Stopping threads took: 0.0000163 seconds
2015-09-11T14:05:25.294+0200: 3469.075: Total time for which application threads were stopped: 0.0000621 seconds, Stopping threads took: 0.0000160 seconds
2015-09-11T14:06:18.693+0200: 3522.474: Total time for which application threads were stopped: 0.0000640 seconds, Stopping threads took: 0.0000128 seconds
2015-09-11T14:06:18.729+0200: 3522.509: Total time for which application threads were stopped: 0.0000950 seconds, Stopping threads took: 0.0000141 seconds
2015-09-11T14:06:18.730+0200: 3522.510: Total time for which application threads were stopped: 0.0000621 seconds, Stopping threads took: 0.0000131 seconds
2015-09-11T14:06:18.731+0200: 3522.511: Total time for which application threads were stopped: 0.0000509 seconds, Stopping threads took: 0.0000096 seconds
2015-09-11T14:06:18.731+0200: 3522.511: Total time for which application threads were stopped: 0.0000474 seconds, Stopping threads took: 0.0000102 seconds
2015-09-11T14:06:18.732+0200: 3522.512: Total time for which application threads were stopped: 0.0000605 seconds, Stopping threads took: 0.0000182 seconds
2015-09-11T14:06:18.732+0200: 3522.512: Total time for which application threads were stopped: 0.0000470 seconds, Stopping threads took: 0.0000093 seconds
2015-09-11T14:06:18.736+0200: 3522.516: Total time for which application threads were stopped: 0.0000794 seconds, Stopping threads took: 0.0000234 seconds
2015-09-11T14:06:18.736+0200: 3522.516: Total time for which application threads were stopped: 0.0000390 seconds, Stopping threads took: 0.0000093 seconds
2015-09-11T14:06:18.737+0200: 3522.517: Total time for which application threads were stopped: 0.0002048 seconds, Stopping threads took: 0.0001494 seconds
2015-09-11T14:06:18.740+0200: 3522.520: Total time for which application threads were stopped: 0.0015971 seconds, Stopping threads took: 0.0015270 seconds
2015-09-11T14:06:18.744+0200: 3522.524: Total time for which application threads were stopped: 0.0011270 seconds, Stopping threads took: 0.0010627 seconds
2015-09-11T14:06:19.744+0200: 3523.524: Total time for which application threads were stopped: 0.0000854 seconds, Stopping threads took: 0.0000269 seconds
2015-09-11T14:06:23.744+0200: 3527.524: Total time for which application threads were stopped: 0.0000755 seconds, Stopping threads took: 0.0000160 seconds
2015-09-11T14:07:03.746+0200: 3567.526: Total time for which application threads were stopped: 0.0001088 seconds, Stopping threads took: 0.0000432 seconds
2015-09-11T14:07:08.747+0200: 3572.526: Total time for which application threads were stopped: 0.0001110 seconds, Stopping threads took: 0.0000422 seconds
2015-09-11T14:07:09.747+0200: 3573.526: Total time for which application threads were stopped: 0.0001078 seconds, Stopping threads took: 0.0000429 seconds
2015-09-11T14:07:13.747+0200: 3577.526: Total time for which application threads were stopped: 0.0001091 seconds, Stopping threads took: 0.0000416 seconds
2015-09-11T14:07:14.838+0200: 3578.618: Total time for which application threads were stopped: 0.0000909 seconds, Stopping threads took: 0.0000275 seconds
2015-09-11T14:07:14.838+0200: 3578.618: Total time for which application threads were stopped: 0.0000752 seconds, Stopping threads took: 0.0000099 seconds
2015-09-11T14:07:14.838+0200: 3578.618: Total time for which application threads were stopped: 0.0000458 seconds, Stopping threads took: 0.0000160 seconds
2015-09-11T14:07:14.839+0200: 3578.618: Total time for which application threads were stopped: 0.0000579 seconds, Stopping threads took: 0.0000077 seconds
2015-09-11T14:07:15.839+0200: 3579.618: