Java HotSpot(TM) 64-Bit Server VM (25.45-b02) for windows-amd64 JRE (1.8.0_45-b15), built on Apr 30 2015 12:40:44 by "java_re" with MS VC++ 10.0 (VS2010)
Memory: 4k page, physical 8247616k(5283260k free), swap 16493392k(12737584k free)
CommandLine flags: -XX:CMSInitiatingOccupancyFraction=50 -XX:CMSMaxAbortablePrecleanTime=6000 -XX:+CMSParallelRemarkEnabled -XX:+CMSScavengeBeforeRemark -XX:ConcGCThreads=4 -XX:InitialHeapSize=536870912 -XX:MaxHeapSize=536870912 -XX:MaxTenuringThreshold=8 -XX:NewRatio=3 -XX:OldPLABSize=16 -XX:ParallelGCThreads=4 -XX:+ParallelRefProcEnabled -XX:PretenureSizeThreshold=67108864 -XX:+PrintGC -XX:+PrintGCApplicationStoppedTime -XX:+PrintGCDateStamps -XX:+PrintGCDetails -XX:+PrintGCTimeStamps -XX:+PrintHeapAtGC -XX:+PrintTenuringDistribution -XX:SurvivorRatio=4 -XX:TargetSurvivorRatio=90 -XX:ThreadStackSize=256 -XX:+UseCMSInitiatingOccupancyOnly -XX:+UseCompressedClassPointers -XX:+UseCompressedOops -XX:+UseConcMarkSweepGC -XX:-UseLargePagesIndividualAllocation -XX:+UseParNewGC 
2015-08-31T13:25:38.167+0200: 0.165: Total time for which application threads were stopped: 0.0002650 seconds, Stopping threads took: 0.0000112 seconds
2015-08-31T13:25:38.622+0200: 0.620: Total time for which application threads were stopped: 0.0001200 seconds, Stopping threads took: 0.0000102 seconds
2015-08-31T13:25:38.639+0200: 0.636: Total time for which application threads were stopped: 0.0000787 seconds, Stopping threads took: 0.0000102 seconds
2015-08-31T13:25:38.812+0200: 0.809: Total time for which application threads were stopped: 0.0000979 seconds, Stopping threads took: 0.0000106 seconds
2015-08-31T13:25:38.857+0200: 0.854: Total time for which application threads were stopped: 0.0001174 seconds, Stopping threads took: 0.0000118 seconds
2015-08-31T13:25:38.868+0200: 0.865: Total time for which application threads were stopped: 0.0001206 seconds, Stopping threads took: 0.0000138 seconds
2015-08-31T13:25:38.879+0200: 0.876: Total time for which application threads were stopped: 0.0001123 seconds, Stopping threads took: 0.0000144 seconds
{Heap before GC invocations=0 (full 0):
 par new generation   total 109248K, used 87424K [0x00000000e0000000, 0x00000000e8000000, 0x00000000e8000000)
  eden space 87424K, 100% used [0x00000000e0000000, 0x00000000e5560000, 0x00000000e5560000)
  from space 21824K,   0% used [0x00000000e5560000, 0x00000000e5560000, 0x00000000e6ab0000)
  to   space 21824K,   0% used [0x00000000e6ab0000, 0x00000000e6ab0000, 0x00000000e8000000)
 concurrent mark-sweep generation total 393216K, used 0K [0x00000000e8000000, 0x0000000100000000, 0x0000000100000000)
 Metaspace       used 9837K, capacity 10024K, committed 10240K, reserved 1058816K
  class space    used 1158K, capacity 1212K, committed 1280K, reserved 1048576K
2015-08-31T13:25:39.117+0200: 1.115: [GC (Allocation Failure) 1.115: [ParNew
Desired survivor size 20112992 bytes, new threshold 8 (max 8)
- age   1:    5345896 bytes,    5345896 total
: 87424K->5289K(109248K), 0.0073989 secs] 87424K->5289K(502464K), 0.0075378 secs] [Times: user=0.00 sys=0.00, real=0.01 secs] 
Heap after GC invocations=1 (full 0):
 par new generation   total 109248K, used 5289K [0x00000000e0000000, 0x00000000e8000000, 0x00000000e8000000)
  eden space 87424K,   0% used [0x00000000e0000000, 0x00000000e0000000, 0x00000000e5560000)
  from space 21824K,  24% used [0x00000000e6ab0000, 0x00000000e6fda610, 0x00000000e8000000)
  to   space 21824K,   0% used [0x00000000e5560000, 0x00000000e5560000, 0x00000000e6ab0000)
 concurrent mark-sweep generation total 393216K, used 0K [0x00000000e8000000, 0x0000000100000000, 0x0000000100000000)
 Metaspace       used 9837K, capacity 10024K, committed 10240K, reserved 1058816K
  class space    used 1158K, capacity 1212K, committed 1280K, reserved 1048576K
}
2015-08-31T13:25:39.125+0200: 1.122: Total time for which application threads were stopped: 0.0077381 seconds, Stopping threads took: 0.0000499 seconds
2015-08-31T13:25:39.229+0200: 1.226: Total time for which application threads were stopped: 0.0001370 seconds, Stopping threads took: 0.0000115 seconds
2015-08-31T13:25:39.526+0200: 1.524: Total time for which application threads were stopped: 0.0002198 seconds, Stopping threads took: 0.0000147 seconds
2015-08-31T13:25:39.527+0200: 1.525: Total time for which application threads were stopped: 0.0001606 seconds, Stopping threads took: 0.0000208 seconds
2015-08-31T13:25:39.530+0200: 1.527: Total time for which application threads were stopped: 0.0001830 seconds, Stopping threads took: 0.0000090 seconds
2015-08-31T13:25:39.730+0200: 1.727: Total time for which application threads were stopped: 0.0002154 seconds, Stopping threads took: 0.0000106 seconds
{Heap before GC invocations=1 (full 0):
 par new generation   total 109248K, used 92713K [0x00000000e0000000, 0x00000000e8000000, 0x00000000e8000000)
  eden space 87424K, 100% used [0x00000000e0000000, 0x00000000e5560000, 0x00000000e5560000)
  from space 21824K,  24% used [0x00000000e6ab0000, 0x00000000e6fda610, 0x00000000e8000000)
  to   space 21824K,   0% used [0x00000000e5560000, 0x00000000e5560000, 0x00000000e6ab0000)
 concurrent mark-sweep generation total 393216K, used 0K [0x00000000e8000000, 0x0000000100000000, 0x0000000100000000)
 Metaspace       used 18794K, capacity 19076K, committed 19328K, reserved 1067008K
  class space    used 2296K, capacity 2420K, committed 2432K, reserved 1048576K
2015-08-31T13:25:39.799+0200: 1.796: [GC (Allocation Failure) 1.796: [ParNew
Desired survivor size 20112992 bytes, new threshold 8 (max 8)
- age   1:    8407480 bytes,    8407480 total
- age   2:    2545384 bytes,   10952864 total
: 92713K->11770K(109248K), 0.0058018 secs] 92713K->11770K(502464K), 0.0058966 secs] [Times: user=0.00 sys=0.00, real=0.01 secs] 
Heap after GC invocations=2 (full 0):
 par new generation   total 109248K, used 11770K [0x00000000e0000000, 0x00000000e8000000, 0x00000000e8000000)
  eden space 87424K,   0% used [0x00000000e0000000, 0x00000000e0000000, 0x00000000e5560000)
  from space 21824K,  53% used [0x00000000e5560000, 0x00000000e60de990, 0x00000000e6ab0000)
  to   space 21824K,   0% used [0x00000000e6ab0000, 0x00000000e6ab0000, 0x00000000e8000000)
 concurrent mark-sweep generation total 393216K, used 0K [0x00000000e8000000, 0x0000000100000000, 0x0000000100000000)
 Metaspace       used 18794K, capacity 19076K, committed 19328K, reserved 1067008K
  class space    used 2296K, capacity 2420K, committed 2432K, reserved 1048576K
}
2015-08-31T13:25:39.805+0200: 1.802: Total time for which application threads were stopped: 0.0060828 seconds, Stopping threads took: 0.0000198 seconds
2015-08-31T13:25:40.120+0200: 2.118: Total time for which application threads were stopped: 0.0002438 seconds, Stopping threads took: 0.0000221 seconds
2015-08-31T13:25:40.136+0200: 2.134: Total time for which application threads were stopped: 0.0004890 seconds, Stopping threads took: 0.0002573 seconds
2015-08-31T13:25:40.159+0200: 2.157: Total time for which application threads were stopped: 0.0002326 seconds, Stopping threads took: 0.0000224 seconds
2015-08-31T13:25:40.164+0200: 2.162: Total time for which application threads were stopped: 0.0002125 seconds, Stopping threads took: 0.0000154 seconds
2015-08-31T13:25:40.266+0200: 2.263: Total time for which application threads were stopped: 0.0001062 seconds, Stopping threads took: 0.0000205 seconds
{Heap before GC invocations=2 (full 0):
 par new generation   total 109248K, used 99194K [0x00000000e0000000, 0x00000000e8000000, 0x00000000e8000000)
  eden space 87424K, 100% used [0x00000000e0000000, 0x00000000e5560000, 0x00000000e5560000)
  from space 21824K,  53% used [0x00000000e5560000, 0x00000000e60de990, 0x00000000e6ab0000)
  to   space 21824K,   0% used [0x00000000e6ab0000, 0x00000000e6ab0000, 0x00000000e8000000)
 concurrent mark-sweep generation total 393216K, used 0K [0x00000000e8000000, 0x0000000100000000, 0x0000000100000000)
 Metaspace       used 21114K, capacity 21450K, committed 21628K, reserved 1069056K
  class space    used 2574K, capacity 2677K, committed 2688K, reserved 1048576K
2015-08-31T13:25:40.331+0200: 2.328: [GC (Allocation Failure) 2.328: [ParNew
Desired survivor size 20112992 bytes, new threshold 8 (max 8)
- age   1:    3454800 bytes,    3454800 total
- age   2:    2792480 bytes,    6247280 total
- age   3:    2487560 bytes,    8734840 total
: 99194K->13280K(109248K), 0.0047535 secs] 99194K->13280K(502464K), 0.0048419 secs] [Times: user=0.00 sys=0.00, real=0.00 secs] 
Heap after GC invocations=3 (full 0):
 par new generation   total 109248K, used 13280K [0x00000000e0000000, 0x00000000e8000000, 0x00000000e8000000)
  eden space 87424K,   0% used [0x00000000e0000000, 0x00000000e0000000, 0x00000000e5560000)
  from space 21824K,  60% used [0x00000000e6ab0000, 0x00000000e77a8250, 0x00000000e8000000)
  to   space 21824K,   0% used [0x00000000e5560000, 0x00000000e5560000, 0x00000000e6ab0000)
 concurrent mark-sweep generation total 393216K, used 0K [0x00000000e8000000, 0x0000000100000000, 0x0000000100000000)
 Metaspace       used 21114K, capacity 21450K, committed 21628K, reserved 1069056K
  class space    used 2574K, capacity 2677K, committed 2688K, reserved 1048576K
}
2015-08-31T13:25:40.336+0200: 2.333: Total time for which application threads were stopped: 0.0049891 seconds, Stopping threads took: 0.0000160 seconds
2015-08-31T13:25:40.336+0200: 2.333: [GC (CMS Initial Mark) [1 CMS-initial-mark: 0K(393216K)] 13296K(502464K), 0.0015203 secs] [Times: user=0.00 sys=0.00, real=0.00 secs] 
2015-08-31T13:25:40.337+0200: 2.335: Total time for which application threads were stopped: 0.0016214 seconds, Stopping threads took: 0.0000234 seconds
2015-08-31T13:25:40.337+0200: 2.335: [CMS-concurrent-mark-start]
2015-08-31T13:25:40.339+0200: 2.337: [CMS-concurrent-mark: 0.002/0.002 secs] [Times: user=0.00 sys=0.00, real=0.00 secs] 
2015-08-31T13:25:40.339+0200: 2.337: [CMS-concurrent-preclean-start]
2015-08-31T13:25:40.340+0200: 2.337: [CMS-concurrent-preclean: 0.001/0.001 secs] [Times: user=0.00 sys=0.00, real=0.00 secs] 
2015-08-31T13:25:40.340+0200: 2.337: [GC (CMS Final Remark) [YG occupancy: 14001 K (109248 K)]{Heap before GC invocations=3 (full 1):
 par new generation   total 109248K, used 14001K [0x00000000e0000000, 0x00000000e8000000, 0x00000000e8000000)
  eden space 87424K,   0% used [0x00000000e0000000, 0x00000000e00b4478, 0x00000000e5560000)
  from space 21824K,  60% used [0x00000000e6ab0000, 0x00000000e77a8250, 0x00000000e8000000)
  to   space 21824K,   0% used [0x00000000e5560000, 0x00000000e5560000, 0x00000000e6ab0000)
 concurrent mark-sweep generation total 393216K, used 0K [0x00000000e8000000, 0x0000000100000000, 0x0000000100000000)
 Metaspace       used 21114K, capacity 21450K, committed 21628K, reserved 1069056K
  class space    used 2574K, capacity 2677K, committed 2688K, reserved 1048576K
2015-08-31T13:25:40.340+0200: 2.337: [GC (CMS Final Remark) 2.337: [ParNew
Desired survivor size 20112992 bytes, new threshold 8 (max 8)
- age   1:      98400 bytes,      98400 total
- age   2:    1811800 bytes,    1910200 total
- age   3:    2783240 bytes,    4693440 total
- age   4:    2486408 bytes,    7179848 total
: 14001K->10863K(109248K), 0.0039264 secs] 14001K->10863K(502464K), 0.0039772 secs] [Times: user=0.00 sys=0.00, real=0.00 secs] 
Heap after GC invocations=4 (full 1):
 par new generation   total 109248K, used 10863K [0x00000000e0000000, 0x00000000e8000000, 0x00000000e8000000)
  eden space 87424K,   0% used [0x00000000e0000000, 0x00000000e0000000, 0x00000000e5560000)
  from space 21824K,  49% used [0x00000000e5560000, 0x00000000e5ffbdc0, 0x00000000e6ab0000)
  to   space 21824K,   0% used [0x00000000e6ab0000, 0x00000000e6ab0000, 0x00000000e8000000)
 concurrent mark-sweep generation total 393216K, used 0K [0x00000000e8000000, 0x0000000100000000, 0x0000000100000000)
 Metaspace       used 21114K, capacity 21450K, committed 21628K, reserved 1069056K
  class space    used 2574K, capacity 2677K, committed 2688K, reserved 1048576K
}
2.341: [Rescan (parallel) , 0.0014185 secs]2.343: [weak refs processing, 0.0002160 secs]2.343: [class unloading, 0.0061932 secs]2.349: [scrub symbol table, 0.0025072 secs]2.352: [scrub string table, 0.0002314 secs][1 CMS-remark: 0K(393216K)] 10863K(502464K), 0.0153268 secs] [Times: user=0.00 sys=0.00, real=0.02 secs] 
2015-08-31T13:25:40.355+0200: 2.353: Total time for which application threads were stopped: 0.0154433 seconds, Stopping threads took: 0.0000224 seconds
2015-08-31T13:25:40.355+0200: 2.353: [CMS-concurrent-sweep-start]
2015-08-31T13:25:40.355+0200: 2.353: [CMS-concurrent-sweep: 0.000/0.000 secs] [Times: user=0.00 sys=0.00, real=0.00 secs] 
2015-08-31T13:25:40.355+0200: 2.353: [CMS-concurrent-reset-start]
2015-08-31T13:25:40.357+0200: 2.354: [CMS-concurrent-reset: 0.001/0.001 secs] [Times: user=0.00 sys=0.00, real=0.00 secs] 
{Heap before GC invocations=4 (full 1):
 par new generation   total 109248K, used 98287K [0x00000000e0000000, 0x00000000e8000000, 0x00000000e8000000)
  eden space 87424K, 100% used [0x00000000e0000000, 0x00000000e5560000, 0x00000000e5560000)
  from space 21824K,  49% used [0x00000000e5560000, 0x00000000e5ffbdc0, 0x00000000e6ab0000)
  to   space 21824K,   0% used [0x00000000e6ab0000, 0x00000000e6ab0000, 0x00000000e8000000)
 concurrent mark-sweep generation total 393216K, used 0K [0x00000000e8000000, 0x0000000100000000, 0x0000000100000000)
 Metaspace       used 22020K, capacity 22372K, committed 22524K, reserved 1069056K
  class space    used 2698K, capacity 2810K, committed 2816K, reserved 1048576K
2015-08-31T13:25:40.514+0200: 2.511: [GC (Allocation Failure) 2.511: [ParNew
Desired survivor size 20112992 bytes, new threshold 8 (max 8)
- age   1:     986024 bytes,     986024 total
- age   3:    1477112 bytes,    2463136 total
- age   4:    2779752 bytes,    5242888 total
- age   5:    2551976 bytes,    7794864 total
: 98287K->9227K(109248K), 0.0065068 secs] 98287K->9227K(502464K), 0.0065756 secs] [Times: user=0.06 sys=0.00, real=0.01 secs] 
Heap after GC invocations=5 (full 1):
 par new generation   total 109248K, used 9227K [0x00000000e0000000, 0x00000000e8000000, 0x00000000e8000000)
  eden space 87424K,   0% used [0x00000000e0000000, 0x00000000e0000000, 0x00000000e5560000)
  from space 21824K,  42% used [0x00000000e6ab0000, 0x00000000e73b2dd8, 0x00000000e8000000)
  to   space 21824K,   0% used [0x00000000e5560000, 0x00000000e5560000, 0x00000000e6ab0000)
 concurrent mark-sweep generation total 393216K, used 0K [0x00000000e8000000, 0x0000000100000000, 0x0000000100000000)
 Metaspace       used 22020K, capacity 22372K, committed 22524K, reserved 1069056K
  class space    used 2698K, capacity 2810K, committed 2816K, reserved 1048576K
}
2015-08-31T13:25:40.520+0200: 2.518: Total time for which application threads were stopped: 0.0067318 seconds, Stopping threads took: 0.0000154 seconds
2015-08-31T13:25:40.643+0200: 2.641: Total time for which application threads were stopped: 0.0002595 seconds, Stopping threads took: 0.0000128 seconds
2015-08-31T13:25:40.803+0200: 2.800: Total time for which application threads were stopped: 0.0003213 seconds, Stopping threads took: 0.0000218 seconds
2015-08-31T13:25:40.813+0200: 2.811: Total time for which application threads were stopped: 0.0002723 seconds, Stopping threads took: 0.0000154 seconds
2015-08-31T13:25:40.937+0200: 2.934: Total time for which application threads were stopped: 0.0002797 seconds, Stopping threads took: 0.0000166 seconds
2015-08-31T13:25:41.937+0200: 3.934: Total time for which application threads were stopped: 0.0001226 seconds, Stopping threads took: 0.0000378 seconds
2015-08-31T13:25:42.169+0200: 4.166: Total time for which application threads were stopped: 0.0002813 seconds, Stopping threads took: 0.0000131 seconds
2015-08-31T13:26:19.171+0200: 41.168: Total time for which application threads were stopped: 0.0000483 seconds, Stopping threads took: 0.0000138 seconds
2015-08-31T13:26:40.172+0200: 62.169: Total time for which application threads were stopped: 0.0000576 seconds, Stopping threads took: 0.0000227 seconds
2015-08-31T13:26:49.173+0200: 71.169: Total time for which application threads were stopped: 0.0000618 seconds, Stopping threads took: 0.0000259 seconds
2015-08-31T13:27:01.173+0200: 83.170: Total time for which application threads were stopped: 0.0000554 seconds, Stopping threads took: 0.0000224 seconds
2015-08-31T13:27:04.174+0200: 86.170: Total time for which application threads were stopped: 0.0000672 seconds, Stopping threads took: 0.0000262 seconds
2015-08-31T13:27:14.174+0200: 96.170: Total time for which application threads were stopped: 0.0000618 seconds, Stopping threads took: 0.0000259 seconds
2015-08-31T13:28:19.178+0200: 161.173: Total time for which application threads were stopped: 0.0000717 seconds, Stopping threads took: 0.0000266 seconds
2015-08-31T13:28:36.179+0200: 178.174: Total time for which application threads were stopped: 0.0000666 seconds, Stopping threads took: 0.0000278 seconds
{Heap before GC invocations=5 (full 1):
 par new generation   total 109248K, used 96651K [0x00000000e0000000, 0x00000000e8000000, 0x00000000e8000000)
  eden space 87424K, 100% used [0x00000000e0000000, 0x00000000e5560000, 0x00000000e5560000)
  from space 21824K,  42% used [0x00000000e6ab0000, 0x00000000e73b2dd8, 0x00000000e8000000)
  to   space 21824K,   0% used [0x00000000e5560000, 0x00000000e5560000, 0x00000000e6ab0000)
 concurrent mark-sweep generation total 393216K, used 0K [0x00000000e8000000, 0x0000000100000000, 0x0000000100000000)
 Metaspace       used 26867K, capacity 27238K, committed 27516K, reserved 1073152K
  class space    used 3277K, capacity 3387K, committed 3456K, reserved 1048576K
2015-08-31T13:30:03.832+0200: 265.826: [GC (Allocation Failure) 265.826: [ParNew
Desired survivor size 20112992 bytes, new threshold 8 (max 8)
- age   1:    7371648 bytes,    7371648 total
- age   2:     182896 bytes,    7554544 total
- age   4:     780824 bytes,    8335368 total
- age   5:    2739528 bytes,   11074896 total
- age   6:    2486008 bytes,   13560904 total
: 96651K->16183K(109248K), 0.0087100 secs] 96651K->16183K(502464K), 0.0088057 secs] [Times: user=0.00 sys=0.00, real=0.01 secs] 
Heap after GC invocations=6 (full 1):
 par new generation   total 109248K, used 16183K [0x00000000e0000000, 0x00000000e8000000, 0x00000000e8000000)
  eden space 87424K,   0% used [0x00000000e0000000, 0x00000000e0000000, 0x00000000e5560000)
  from space 21824K,  74% used [0x00000000e5560000, 0x00000000e652dd20, 0x00000000e6ab0000)
  to   space 21824K,   0% used [0x00000000e6ab0000, 0x00000000e6ab0000, 0x00000000e8000000)
 concurrent mark-sweep generation total 393216K, used 0K [0x00000000e8000000, 0x0000000100000000, 0x0000000100000000)
 Metaspace       used 26867K, capacity 27238K, committed 27516K, reserved 1073152K
  class space    used 3277K, capacity 3387K, committed 3456K, reserved 1048576K
}
2015-08-31T13:30:03.841+0200: 265.835: Total time for which application threads were stopped: 0.0090175 seconds, Stopping threads took: 0.0000646 seconds
2015-08-31T13:30:09.841+0200: 271.835: Total time for which application threads were stopped: 0.0000637 seconds, Stopping threads took: 0.0000259 seconds
2015-08-31T13:37:35.406+0200: 717.394: Total time for which application threads were stopped: 0.0000675 seconds, Stopping threads took: 0.0000275 seconds
2015-08-31T13:37:35.406+0200: 717.394: Total time for which application threads were stopped: 0.0000410 seconds, Stopping threads took: 0.0000067 seconds
2015-08-31T13:37:35.406+0200: 717.394: Total time for which application threads were stopped: 0.0000291 seconds, Stopping threads took: 0.0000064 seconds
2015-08-31T13:37:35.406+0200: 717.394: Total time for which application threads were stopped: 0.0000214 seconds, Stopping threads took: 0.0000045 seconds
2015-08-31T13:37:35.619+0200: 717.607: Total time for which application threads were stopped: 0.0000579 seconds, Stopping threads took: 0.0000122 seconds
2015-08-31T13:37:35.638+0200: 717.626: Total time for which application threads were stopped: 0.0000608 seconds, Stopping threads took: 0.0000166 seconds
2015-08-31T13:37:35.639+0200: 717.627: Total time for which application threads were stopped: 0.0000291 seconds, Stopping threads took: 0.0000090 seconds
2015-08-31T13:37:35.639+0200: 717.627: Total time for which application threads were stopped: 0.0000406 seconds, Stopping threads took: 0.0000118 seconds
2015-08-31T13:37:35.639+0200: 717.627: Total time for which application threads were stopped: 0.0000291 seconds, Stopping threads took: 0.0000109 seconds
2015-08-31T13:37:35.640+0200: 717.628: Total time for which application threads were stopped: 0.0000592 seconds, Stopping threads took: 0.0000304 seconds
2015-08-31T13:37:35.641+0200: 717.629: Total time for which application threads were stopped: 0.0000499 seconds, Stopping threads took: 0.0000134 seconds
2015-08-31T13:37:35.642+0200: 717.630: Total time for which application threads were stopped: 0.0000534 seconds, Stopping threads took: 0.0000218 seconds
2015-08-31T13:37:35.642+0200: 717.630: Total time for which application threads were stopped: 0.0000358 seconds, Stopping threads took: 0.0000163 seconds
2015-08-31T13:37:35.642+0200: 717.630: Total time for which application threads were stopped: 0.0000256 seconds, Stopping threads took: 0.0000086 seconds
2015-08-31T13:37:35.643+0200: 717.631: Total time for which application threads were stopped: 0.0000381 seconds, Stopping threads took: 0.0000109 seconds
2015-08-31T13:37:35.643+0200: 717.631: Total time for which application threads were stopped: 0.0000269 seconds, Stopping threads took: 0.0000093 seconds
2015-08-31T13:37:35.645+0200: 717.632: Total time for which application threads were stopped: 0.0001194 seconds, Stopping threads took: 0.0000800 seconds
2015-08-31T13:37:35.645+0200: 717.633: Total time for which application threads were stopped: 0.0000486 seconds, Stopping threads took: 0.0000154 seconds
2015-08-31T13:37:35.646+0200: 717.633: Total time for which application threads were stopped: 0.0001683 seconds, Stopping threads took: 0.0001293 seconds
2015-08-31T13:37:35.646+0200: 717.634: Total time for which application threads were stopped: 0.0000410 seconds, Stopping threads took: 0.0000141 seconds
2015-08-31T13:37:35.649+0200: 717.637: Total time for which application threads were stopped: 0.0000851 seconds, Stopping threads took: 0.0000192 seconds
2015-08-31T13:37:35.656+0200: 717.644: Total time for which application threads were stopped: 0.0000608 seconds, Stopping threads took: 0.0000179 seconds
2015-08-31T13:37:35.656+0200: 717.644: Total time for which application threads were stopped: 0.0000365 seconds, Stopping threads took: 0.0000086 seconds
2015-08-31T13:37:35.657+0200: 717.645: Total time for which application threads were stopped: 0.0000602 seconds, Stopping threads took: 0.0000134 seconds
2015-08-31T13:37:35.658+0200: 717.646: Total time for which application threads were stopped: 0.0000490 seconds, Stopping threads took: 0.0000150 seconds
2015-08-31T13:37:35.658+0200: 717.646: Total time for which application threads were stopped: 0.0000432 seconds, Stopping threads took: 0.0000128 seconds
2015-08-31T13:37:35.658+0200: 717.646: Total time for which application threads were stopped: 0.0000323 seconds, Stopping threads took: 0.0000102 seconds
2015-08-31T13:37:35.658+0200: 717.646: Total time for which application threads were stopped: 0.0001466 seconds, Stopping threads took: 0.0001194 seconds
2015-08-31T13:37:35.659+0200: 717.647: Total time for which application threads were stopped: 0.0000394 seconds, Stopping threads took: 0.0000128 seconds
2015-08-31T13:37:35.659+0200: 717.647: Total time for which application threads were stopped: 0.0000349 seconds, Stopping threads took: 0.0000093 seconds
2015-08-31T13:37:35.659+0200: 717.647: Total time for which application threads were stopped: 0.0000445 seconds, Stopping threads took: 0.0000086 seconds
2015-08-31T13:37:35.660+0200: 717.648: Total time for which application threads were stopped: 0.0000710 seconds, Stopping threads took: 0.0000202 seconds
2015-08-31T13:37:35.662+0200: 717.650: Total time for which application threads were stopped: 0.0000570 seconds, Stopping threads took: 0.0000131 seconds
2015-08-31T13:37:35.664+0200: 717.652: Total time for which application threads were stopped: 0.0002554 seconds, Stopping threads took: 0.0001414 seconds
2015-08-31T13:37:35.665+0200: 717.653: Total time for which application threads were stopped: 0.0002429 seconds, Stopping threads took: 0.0002048 seconds
2015-08-31T13:37:35.666+0200: 717.654: Total time for which application threads were stopped: 0.0000851 seconds, Stopping threads took: 0.0000410 seconds
2015-08-31T13:37:35.667+0200: 717.655: Total time for which application threads were stopped: 0.0001299 seconds, Stopping threads took: 0.0000995 seconds
2015-08-31T13:37:35.667+0200: 717.655: Total time for which application threads were stopped: 0.0000336 seconds, Stopping threads took: 0.0000131 seconds
2015-08-31T13:37:35.674+0200: 717.662: Total time for which application threads were stopped: 0.0000736 seconds, Stopping threads took: 0.0000144 seconds
2015-08-31T13:37:35.676+0200: 717.664: Total time for which application threads were stopped: 0.0000771 seconds, Stopping threads took: 0.0000099 seconds
2015-08-31T13:37:35.680+0200: 717.668: Total time for which application threads were stopped: 0.0000694 seconds, Stopping threads took: 0.0000170 seconds
2015-08-31T13:37:35.708+0200: 717.696: Total time for which application threads were stopped: 0.0000557 seconds, Stopping threads took: 0.0000131 seconds
2015-08-31T13:37:35.738+0200: 717.726: Total time for which application threads were stopped: 0.0000528 seconds, Stopping threads took: 0.0000122 seconds
2015-08-31T13:37:35.738+0200: 717.726: Total time for which application threads were stopped: 0.0000589 seconds, Stopping threads took: 0.0000202 seconds
2015-08-31T13:37:35.738+0200: 717.726: Total time for which application threads were stopped: 0.0000493 seconds, Stopping threads took: 0.0000061 seconds
2015-08-31T13:37:35.738+0200: 717.726: Total time for which application threads were stopped: 0.0000435 seconds, Stopping threads took: 0.0000144 seconds
2015-08-31T13:37:35.739+0200: 717.726: Total time for which application threads were stopped: 0.0000512 seconds, Stopping threads took: 0.0000131 seconds
2015-08-31T13:37:35.739+0200: 717.727: Total time for which application threads were stopped: 0.0000416 seconds, Stopping threads took: 0.0000067 seconds
2015-08-31T13:37:35.744+0200: 717.732: Total time for which application threads were stopped: 0.0000704 seconds, Stopping threads took: 0.0000131 seconds
2015-08-31T13:37:35.744+0200: 717.732: Total time for which application threads were stopped: 0.0000349 seconds, Stopping threads took: 0.0000067 seconds
2015-08-31T13:37:35.744+0200: 717.732: Total time for which application threads were stopped: 0.0000365 seconds, Stopping threads took: 0.0000067 seconds
2015-08-31T13:37:35.750+0200: 717.738: Total time for which application threads were stopped: 0.0001142 seconds, Stopping threads took: 0.0000541 seconds
2015-08-31T13:37:35.750+0200: 717.738: Total time for which application threads were stopped: 0.0000384 seconds, Stopping threads took: 0.0000090 seconds
2015-08-31T13:37:35.778+0200: 717.766: Total time for which application threads were stopped: 0.0000845 seconds, Stopping threads took: 0.0000138 seconds
2015-08-31T13:37:35.780+0200: 717.768: Total time for which application threads were stopped: 0.0000845 seconds, Stopping threads took: 0.0000074 seconds
2015-08-31T13:37:35.837+0200: 717.825: Total time for which application threads were stopped: 0.0000768 seconds, Stopping threads took: 0.0000154 seconds
2015-08-31T13:37:35.837+0200: 717.825: Total time for which application threads were stopped: 0.0000381 seconds, Stopping threads took: 0.0000096 seconds
2015-08-31T13:37:35.838+0200: 717.826: Total time for which application threads were stopped: 0.0000349 seconds, Stopping threads took: 0.0000077 seconds
2015-08-31T13:37:35.838+0200: 717.826: Total time for which application threads were stopped: 0.0000246 seconds, Stopping threads took: 0.0000067 seconds
2015-08-31T13:37:35.838+0200: 717.826: Total time for which application threads were stopped: 0.0000205 seconds, Stopping threads took: 0.0000054 seconds
2015-08-31T13:37:35.848+0200: 717.836: Total time for which application threads were stopped: 0.0000643 seconds, Stopping threads took: 0.0000131 seconds
2015-08-31T13:37:35.849+0200: 717.837: Total time for which application threads were stopped: 0.0000330 seconds, Stopping threads took: 0.0000061 seconds
2015-08-31T13:37:35.849+0200: 717.837: Total time for which application threads were stopped: 0.0000301 seconds, Stopping threads took: 0.0000048 seconds
2015-08-31T13:37:35.849+0200: 717.837: Total time for which application threads were stopped: 0.0000285 seconds, Stopping threads took: 0.0000045 seconds
2015-08-31T13:37:35.849+0200: 717.837: Total time for which application threads were stopped: 0.0000230 seconds, Stopping threads took: 0.0000045 seconds
2015-08-31T13:37:35.849+0200: 717.837: Total time for which application threads were stopped: 0.0000227 seconds, Stopping threads took: 0.0000045 seconds
2015-08-31T13:37:35.858+0200: 717.846: Total time for which application threads were stopped: 0.0000624 seconds, Stopping threads took: 0.0000150 seconds
2015-08-31T13:37:35.859+0200: 717.847: Total time for which application threads were stopped: 0.0000422 seconds, Stopping threads took: 0.0000090 seconds
2015-08-31T13:37:35.918+0200: 717.906: Total time for which application threads were stopped: 0.0000662 seconds, Stopping threads took: 0.0000138 seconds
2015-08-31T13:37:35.919+0200: 717.907: Total time for which application threads were stopped: 0.0000368 seconds, Stopping threads took: 0.0000080 seconds
2015-08-31T13:37:36.090+0200: 718.078: Total time for which application threads were stopped: 0.0001110 seconds, Stopping threads took: 0.0000259 seconds
2015-08-31T13:37:36.107+0200: 718.095: Total time for which application threads were stopped: 0.0000726 seconds, Stopping threads took: 0.0000214 seconds
2015-08-31T13:37:37.107+0200: 719.095: Total time for which application threads were stopped: 0.0000666 seconds, Stopping threads took: 0.0000150 seconds
2015-08-31T13:38:33.110+0200: 775.097: Total time for which application threads were stopped: 0.0000976 seconds, Stopping threads took: 0.0000259 seconds
2015-08-31T13:40:50.112+0200: 912.098: Total time for which application threads were stopped: 0.0000704 seconds, Stopping threads took: 0.0000246 seconds
2015-08-31T13:40:50.112+0200: 912.098: Total time for which application threads were stopped: 0.0000253 seconds, Stopping threads took: 0.0000048 seconds
2015-08-31T13:40:50.112+0200: 912.098: Total time for which application threads were stopped: 0.0000208 seconds, Stopping threads took: 0.0000038 seconds
2015-08-31T13:40:50.113+0200: 912.098: Total time for which application threads were stopped: 0.0000221 seconds, Stopping threads took: 0.0000042 seconds
2015-08-31T13:40:50.113+0200: 912.098: Total time for which application threads were stopped: 0.0000278 seconds, Stopping threads took: 0.0000099 seconds
2015-08-31T13:40:50.113+0200: 912.098: Total time for which application threads were stopped: 0.0000346 seconds, Stopping threads took: 0.0000106 seconds
2015-08-31T13:40:50.113+0200: 912.098: Total time for which application threads were stopped: 0.0000365 seconds, Stopping threads took: 0.0000090 seconds
2015-08-31T13:40:50.113+0200: 912.098: Total time for which application threads were stopped: 0.0000256 seconds, Stopping threads took: 0.0000061 seconds
2015-08-31T13:40:50.113+0200: 912.098: Total time for which application threads were stopped: 0.0000307 seconds, Stopping threads took: 0.0000093 seconds
2015-08-31T13:40:50.113+0200: 912.099: Total time for which application threads were stopped: 0.0000227 seconds, Stopping threads took: 0.0000042 seconds
2015-08-31T13:40:50.113+0200: 912.099: Total time for which application threads were stopped: 0.0000211 seconds, Stopping threads took: 0.0000042 seconds
2015-08-31T13:40:50.113+0200: 912.099: Total time for which application threads were stopped: 0.0001213 seconds, Stopping threads took: 0.0000067 seconds
2015-08-31T13:40:50.113+0200: 912.099: Total time for which application threads were stopped: 0.0000262 seconds, Stopping threads took: 0.0000070 seconds
2015-08-31T13:40:50.114+0200: 912.099: Total time for which application threads were stopped: 0.0000624 seconds, Stopping threads took: 0.0000397 seconds
2015-08-31T13:40:50.114+0200: 912.100: Total time for which application threads were stopped: 0.0000381 seconds, Stopping threads took: 0.0000090 seconds
2015-08-31T13:40:50.293+0200: 912.278: Total time for which application threads were stopped: 0.0000662 seconds, Stopping threads took: 0.0000134 seconds
2015-08-31T13:40:50.450+0200: 912.436: Total time for which application threads were stopped: 0.0000602 seconds, Stopping threads took: 0.0000131 seconds
2015-08-31T13:40:50.451+0200: 912.436: Total time for which application threads were stopped: 0.0000256 seconds, Stopping threads took: 0.0000054 seconds
2015-08-31T13:40:50.451+0200: 912.437: Total time for which application threads were stopped: 0.0001504 seconds, Stopping threads took: 0.0000131 seconds
2015-08-31T13:40:50.473+0200: 912.458: Total time for which application threads were stopped: 0.0000864 seconds, Stopping threads took: 0.0000234 seconds
2015-08-31T13:40:51.473+0200: 913.458: Total time for which application threads were stopped: 0.0000755 seconds, Stopping threads took: 0.0000150 seconds
2015-08-31T13:40:53.300+0200: 915.286: Total time for which application threads were stopped: 0.0000781 seconds, Stopping threads took: 0.0000157 seconds
2015-08-31T13:40:53.300+0200: 915.286: Total time for which application threads were stopped: 0.0001110 seconds, Stopping threads took: 0.0000826 seconds
2015-08-31T13:40:53.301+0200: 915.286: Total time for which application threads were stopped: 0.0000454 seconds, Stopping threads took: 0.0000112 seconds
2015-08-31T13:40:53.301+0200: 915.286: Total time for which application threads were stopped: 0.0000947 seconds, Stopping threads took: 0.0000570 seconds
2015-08-31T13:40:53.301+0200: 915.287: Total time for which application threads were stopped: 0.0000474 seconds, Stopping threads took: 0.0000090 seconds
2015-08-31T13:40:53.305+0200: 915.291: Total time for which application threads were stopped: 0.0000605 seconds, Stopping threads took: 0.0000157 seconds
2015-08-31T13:40:53.305+0200: 915.291: Total time for which application threads were stopped: 0.0000835 seconds, Stopping threads took: 0.0000531 seconds
2015-08-31T13:40:53.308+0200: 915.294: Total time for which application threads were stopped: 0.0000595 seconds, Stopping threads took: 0.0000141 seconds
2015-08-31T13:40:53.318+0200: 915.303: Total time for which application threads were stopped: 0.0000810 seconds, Stopping threads took: 0.0000346 seconds
2015-08-31T13:40:53.318+0200: 915.303: Total time for which application threads were stopped: 0.0000368 seconds, Stopping threads took: 0.0000106 seconds
2015-08-31T13:40:53.318+0200: 915.304: Total time for which application threads were stopped: 0.0000454 seconds, Stopping threads took: 0.0000141 seconds
2015-08-31T13:40:53.318+0200: 915.304: Total time for which application threads were stopped: 0.0000426 seconds, Stopping threads took: 0.0000150 seconds
2015-08-31T13:40:53.321+0200: 915.307: Total time for which application threads were stopped: 0.0000730 seconds, Stopping threads took: 0.0000211 seconds
2015-08-31T13:40:53.322+0200: 915.308: Total time for which application threads were stopped: 0.0000525 seconds, Stopping threads took: 0.0000112 seconds
2015-08-31T13:40:53.332+0200: 915.317: Total time for which application threads were stopped: 0.0000730 seconds, Stopping threads took: 0.0000294 seconds
2015-08-31T13:40:53.332+0200: 915.317: Total time for which application threads were stopped: 0.0000374 seconds, Stopping threads took: 0.0000125 seconds
2015-08-31T13:40:53.332+0200: 915.317: Total time for which application threads were stopped: 0.0001834 seconds, Stopping threads took: 0.0001434 seconds
2015-08-31T13:40:53.332+0200: 915.318: Total time for which application threads were stopped: 0.0000314 seconds, Stopping threads took: 0.0000115 seconds
2015-08-31T13:40:53.332+0200: 915.318: Total time for which application threads were stopped: 0.0000480 seconds, Stopping threads took: 0.0000294 seconds
2015-08-31T13:40:53.332+0200: 915.318: Total time for which application threads were stopped: 0.0000320 seconds, Stopping threads took: 0.0000134 seconds
2015-08-31T13:40:53.332+0200: 915.318: Total time for which application threads were stopped: 0.0000314 seconds, Stopping threads took: 0.0000051 seconds
2015-08-31T13:40:53.332+0200: 915.318: Total time for which application threads were stopped: 0.0000730 seconds, Stopping threads took: 0.0000464 seconds
2015-08-31T13:40:53.332+0200: 915.318: Total time for which application threads were stopped: 0.0000509 seconds, Stopping threads took: 0.0000189 seconds
2015-08-31T13:40:53.332+0200: 915.318: Total time for which application threads were stopped: 0.0001059 seconds, Stopping threads took: 0.0000765 seconds
2015-08-31T13:40:53.333+0200: 915.318: Total time for which application threads were stopped: 0.0001002 seconds, Stopping threads took: 0.0000528 seconds
2015-08-31T13:40:53.333+0200: 915.318: Total time for which application threads were stopped: 0.0000573 seconds, Stopping threads took: 0.0000166 seconds
2015-08-31T13:40:53.333+0200: 915.318: Total time for which application threads were stopped: 0.0000826 seconds, Stopping threads took: 0.0000528 seconds
2015-08-31T13:40:53.333+0200: 915.318: Total time for which application threads were stopped: 0.0000522 seconds, Stopping threads took: 0.0000182 seconds
2015-08-31T13:40:53.333+0200: 915.319: Total time for which application threads were stopped: 0.0000512 seconds, Stopping threads took: 0.0000198 seconds
2015-08-31T13:40:53.333+0200: 915.319: Total time for which application threads were stopped: 0.0000486 seconds, Stopping threads took: 0.0000202 seconds
2015-08-31T13:40:53.333+0200: 915.319: Total time for which application threads were stopped: 0.0000451 seconds, Stopping threads took: 0.0000163 seconds
2015-08-31T13:40:53.333+0200: 915.319: Total time for which application threads were stopped: 0.0000550 seconds, Stopping threads took: 0.0000288 seconds
2015-08-31T13:40:53.333+0200: 915.319: Total time for which application threads were stopped: 0.0000525 seconds, Stopping threads took: 0.0000278 seconds
2015-08-31T13:40:53.333+0200: 915.319: Total time for which application threads were stopped: 0.0001011 seconds, Stopping threads took: 0.0000061 seconds
2015-08-31T13:40:53.335+0200: 915.320: Total time for which application threads were stopped: 0.0000733 seconds, Stopping threads took: 0.0000275 seconds
2015-08-31T13:40:53.372+0200: 915.358: Total time for which application threads were stopped: 0.0001283 seconds, Stopping threads took: 0.0000640 seconds
2015-08-31T13:40:53.372+0200: 915.358: Total time for which application threads were stopped: 0.0000419 seconds, Stopping threads took: 0.0000131 seconds
2015-08-31T13:40:53.372+0200: 915.358: Total time for which application threads were stopped: 0.0000653 seconds, Stopping threads took: 0.0000128 seconds
2015-08-31T13:40:54.372+0200: 916.357: Total time for which application threads were stopped: 0.0000701 seconds, Stopping threads took: 0.0000285 seconds
2015-08-31T13:41:41.375+0200: 963.359: Total time for which application threads were stopped: 0.0000742 seconds, Stopping threads took: 0.0000262 seconds
2015-08-31T13:41:43.525+0200: 965.510: Total time for which application threads were stopped: 0.0000637 seconds, Stopping threads took: 0.0000179 seconds
2015-08-31T13:41:43.535+0200: 965.520: Total time for which application threads were stopped: 0.0000778 seconds, Stopping threads took: 0.0000131 seconds
2015-08-31T13:41:43.558+0200: 965.543: Total time for which application threads were stopped: 0.0000720 seconds, Stopping threads took: 0.0000227 seconds
2015-08-31T13:41:43.559+0200: 965.544: Total time for which application threads were stopped: 0.0000486 seconds, Stopping threads took: 0.0000109 seconds
{Heap before GC invocations=6 (full 1):
 par new generation   total 109248K, used 103607K [0x00000000e0000000, 0x00000000e8000000, 0x00000000e8000000)
  eden space 87424K, 100% used [0x00000000e0000000, 0x00000000e5560000, 0x00000000e5560000)
  from space 21824K,  74% used [0x00000000e5560000, 0x00000000e652dd20, 0x00000000e6ab0000)
  to   space 21824K,   0% used [0x00000000e6ab0000, 0x00000000e6ab0000, 0x00000000e8000000)
 concurrent mark-sweep generation total 393216K, used 0K [0x00000000e8000000, 0x0000000100000000, 0x0000000100000000)
 Metaspace       used 27429K, capacity 27736K, committed 28028K, reserved 1073152K
  class space    used 3312K, capacity 3422K, committed 3456K, reserved 1048576K
2015-08-31T13:41:50.672+0200: 972.657: [GC (Allocation Failure) 972.657: [ParNew
Desired survivor size 20112992 bytes, new threshold 8 (max 8)
- age   1:    2445192 bytes,    2445192 total
- age   2:    3326472 bytes,    5771664 total
- age   3:     182496 bytes,    5954160 total
- age   5:     760976 bytes,    6715136 total
- age   6:    2732448 bytes,    9447584 total
- age   7:    2461512 bytes,   11909096 total
: 103607K->16999K(109248K), 0.0082325 secs] 103607K->16999K(502464K), 0.0083177 secs] [Times: user=0.00 sys=0.00, real=0.01 secs] 
Heap after GC invocations=7 (full 1):
 par new generation   total 109248K, used 16999K [0x00000000e0000000, 0x00000000e8000000, 0x00000000e8000000)
  eden space 87424K,   0% used [0x00000000e0000000, 0x00000000e0000000, 0x00000000e5560000)
  from space 21824K,  77% used [0x00000000e6ab0000, 0x00000000e7b49e00, 0x00000000e8000000)
  to   space 21824K,   0% used [0x00000000e5560000, 0x00000000e5560000, 0x00000000e6ab0000)
 concurrent mark-sweep generation total 393216K, used 0K [0x00000000e8000000, 0x0000000100000000, 0x0000000100000000)
 Metaspace       used 27429K, capacity 27736K, committed 28028K, reserved 1073152K
  class space    used 3312K, capacity 3422K, committed 3456K, reserved 1048576K
}
2015-08-31T13:41:50.680+0200: 972.665: Total time for which application threads were stopped: 0.0085081 seconds, Stopping threads took: 0.0000179 seconds
2015-08-31T13:41:50.689+0200: 972.674: Total time for which application threads were stopped: 0.0000941 seconds, Stopping threads took: 0.0000186 seconds
2015-08-31T13:41:50.689+0200: 972.674: Total time for which application threads were stopped: 0.0000566 seconds, Stopping threads took: 0.0000118 seconds
2015-08-31T13:41:50.689+0200: 972.674: Total time for which application threads were stopped: 0.0000608 seconds, Stopping threads took: 0.0000128 seconds
2015-08-31T13:41:50.703+0200: 972.689: Total time for which application threads were stopped: 0.0001011 seconds, Stopping threads took: 0.0000243 seconds
2015-08-31T13:41:50.710+0200: 972.695: Total time for which application threads were stopped: 0.0000845 seconds, Stopping threads took: 0.0000208 seconds
{Heap before GC invocations=7 (full 1):
 par new generation   total 109248K, used 104423K [0x00000000e0000000, 0x00000000e8000000, 0x00000000e8000000)
  eden space 87424K, 100% used [0x00000000e0000000, 0x00000000e5560000, 0x00000000e5560000)
  from space 21824K,  77% used [0x00000000e6ab0000, 0x00000000e7b49e00, 0x00000000e8000000)
  to   space 21824K,   0% used [0x00000000e5560000, 0x00000000e5560000, 0x00000000e6ab0000)
 concurrent mark-sweep generation total 393216K, used 0K [0x00000000e8000000, 0x0000000100000000, 0x0000000100000000)
 Metaspace       used 27475K, capacity 27742K, committed 28028K, reserved 1073152K
  class space    used 3312K, capacity 3423K, committed 3456K, reserved 1048576K
2015-08-31T13:41:50.739+0200: 972.724: [GC (Allocation Failure) 972.724: [ParNew
Desired survivor size 20112992 bytes, new threshold 8 (max 8)
- age   1:     255736 bytes,     255736 total
- age   2:    1831728 bytes,    2087464 total
- age   3:     849024 bytes,    2936488 total
- age   4:      92288 bytes,    3028776 total
- age   6:     647880 bytes,    3676656 total
- age   7:    2149936 bytes,    5826592 total
- age   8:    2161224 bytes,    7987816 total
: 104423K->10791K(109248K), 0.0049887 secs] 104423K->10791K(502464K), 0.0050639 secs] [Times: user=0.00 sys=0.00, real=0.00 secs] 
Heap after GC invocations=8 (full 1):
 par new generation   total 109248K, used 10791K [0x00000000e0000000, 0x00000000e8000000, 0x00000000e8000000)
  eden space 87424K,   0% used [0x00000000e0000000, 0x00000000e0000000, 0x00000000e5560000)
  from space 21824K,  49% used [0x00000000e5560000, 0x00000000e5fe9ed0, 0x00000000e6ab0000)
  to   space 21824K,   0% used [0x00000000e6ab0000, 0x00000000e6ab0000, 0x00000000e8000000)
 concurrent mark-sweep generation total 393216K, used 0K [0x00000000e8000000, 0x0000000100000000, 0x0000000100000000)
 Metaspace       used 27475K, capacity 27742K, committed 28028K, reserved 1073152K
  class space    used 3312K, capacity 3423K, committed 3456K, reserved 1048576K
}
2015-08-31T13:41:50.744+0200: 972.729: Total time for which application threads were stopped: 0.0052547 seconds, Stopping threads took: 0.0000176 seconds
2015-08-31T13:41:50.744+0200: 972.729: Total time for which application threads were stopped: 0.0000944 seconds, Stopping threads took: 0.0000269 seconds
2015-08-31T13:41:50.808+0200: 972.793: Total time for which application threads were stopped: 0.0001117 seconds, Stopping threads took: 0.0000182 seconds
2015-08-31T13:41:51.039+0200: 973.024: Total time for which application threads were stopped: 0.0001034 seconds, Stopping threads took: 0.0000131 seconds
2015-08-31T13:41:51.048+0200: 973.033: Total time for which application threads were stopped: 0.0000867 seconds, Stopping threads took: 0.0000134 seconds
2015-08-31T13:41:51.048+0200: 973.033: Total time for which application threads were stopped: 0.0000714 seconds, Stopping threads took: 0.0000131 seconds
2015-08-31T13:41:51.048+0200: 973.033: Total time for which application threads were stopped: 0.0000547 seconds, Stopping threads took: 0.0000173 seconds
2015-08-31T13:41:51.063+0200: 973.049: Total time for which application threads were stopped: 0.0000630 seconds, Stopping threads took: 0.0000150 seconds
2015-08-31T13:41:51.064+0200: 973.049: Total time for which application threads were stopped: 0.0000256 seconds, Stopping threads took: 0.0000058 seconds
2015-08-31T13:41:51.064+0200: 973.049: Total time for which application threads were stopped: 0.0000310 seconds, Stopping threads took: 0.0000074 seconds
2015-08-31T13:41:52.064+0200: 974.049: Total time for which application threads were stopped: 0.0000685 seconds, Stopping threads took: 0.0000262 seconds
2015-08-31T13:42:10.065+0200: 992.050: Total time for which application threads were stopped: 0.0000682 seconds, Stopping threads took: 0.0000259 seconds
2015-08-31T13:42:42.904+0200: 1024.888: Total time for which application threads were stopped: 0.0000672 seconds, Stopping threads took: 0.0000125 seconds
2015-08-31T13:43:06.133+0200: 1048.116: Total time for which application threads were stopped: 0.0000602 seconds, Stopping threads took: 0.0000128 seconds
2015-08-31T13:43:06.133+0200: 1048.116: Total time for which application threads were stopped: 0.0000243 seconds, Stopping threads took: 0.0000048 seconds
2015-08-31T13:43:06.133+0200: 1048.116: Total time for which application threads were stopped: 0.0000243 seconds, Stopping threads took: 0.0000042 seconds
2015-08-31T13:43:06.134+0200: 1048.117: Total time for which application threads were stopped: 0.0000656 seconds, Stopping threads took: 0.0000128 seconds
2015-08-31T13:43:06.135+0200: 1048.118: Total time for which application threads were stopped: 0.0000656 seconds, Stopping threads took: 0.0000176 seconds
2015-08-31T13:43:06.136+0200: 1048.119: Total time for which application threads were stopped: 0.0000762 seconds, Stopping threads took: 0.0000160 seconds
2015-08-31T13:43:06.136+0200: 1048.120: Total time for which application threads were stopped: 0.0000656 seconds, Stopping threads took: 0.0000192 seconds
2015-08-31T13:43:06.137+0200: 1048.120: Total time for which application threads were stopped: 0.0000355 seconds, Stopping threads took: 0.0000122 seconds
2015-08-31T13:43:06.137+0200: 1048.120: Total time for which application threads were stopped: 0.0000390 seconds, Stopping threads took: 0.0000106 seconds
2015-08-31T13:43:06.137+0200: 1048.120: Total time for which application threads were stopped: 0.0000310 seconds, Stopping threads took: 0.0000106 seconds
2015-08-31T13:43:06.137+0200: 1048.120: Total time for which application threads were stopped: 0.0000314 seconds, Stopping threads took: 0.0000122 seconds
2015-08-31T13:43:06.137+0200: 1048.120: Total time for which application threads were stopped: 0.0000426 seconds, Stopping threads took: 0.0000086 seconds
2015-08-31T13:43:06.137+0200: 1048.121: Total time for which application threads were stopped: 0.0000653 seconds, Stopping threads took: 0.0000144 seconds
2015-08-31T13:43:06.138+0200: 1048.121: Total time for which application threads were stopped: 0.0000659 seconds, Stopping threads took: 0.0000173 seconds
2015-08-31T13:43:06.138+0200: 1048.122: Total time for which application threads were stopped: 0.0000278 seconds, Stopping threads took: 0.0000077 seconds
2015-08-31T13:43:06.138+0200: 1048.122: Total time for which application threads were stopped: 0.0000336 seconds, Stopping threads took: 0.0000064 seconds
2015-08-31T13:43:06.138+0200: 1048.122: Total time for which application threads were stopped: 0.0000240 seconds, Stopping threads took: 0.0000058 seconds
2015-08-31T13:43:06.138+0200: 1048.122: Total time for which application threads were stopped: 0.0000211 seconds, Stopping threads took: 0.0000045 seconds
2015-08-31T13:43:06.138+0200: 1048.122: Total time for which application threads were stopped: 0.0000314 seconds, Stopping threads took: 0.0000054 seconds
2015-08-31T13:43:06.138+0200: 1048.122: Total time for which application threads were stopped: 0.0000557 seconds, Stopping threads took: 0.0000166 seconds
2015-08-31T13:43:06.138+0200: 1048.122: Total time for which application threads were stopped: 0.0000675 seconds, Stopping threads took: 0.0000147 seconds
2015-08-31T13:43:06.139+0200: 1048.122: Total time for which application threads were stopped: 0.0000246 seconds, Stopping threads took: 0.0000064 seconds
2015-08-31T13:43:06.139+0200: 1048.122: Total time for which application threads were stopped: 0.0000416 seconds, Stopping threads took: 0.0000080 seconds
2015-08-31T13:43:06.139+0200: 1048.122: Total time for which application threads were stopped: 0.0000835 seconds, Stopping threads took: 0.0000477 seconds
2015-08-31T13:43:06.139+0200: 1048.122: Total time for which application threads were stopped: 0.0000394 seconds, Stopping threads took: 0.0000163 seconds
2015-08-31T13:43:06.139+0200: 1048.122: Total time for which application threads were stopped: 0.0000342 seconds, Stopping threads took: 0.0000067 seconds
2015-08-31T13:43:06.139+0200: 1048.123: Total time for which application threads were stopped: 0.0001888 seconds, Stopping threads took: 0.0000467 seconds
2015-08-31T13:43:06.145+0200: 1048.128: Total time for which application threads were stopped: 0.0000768 seconds, Stopping threads took: 0.0000141 seconds
2015-08-31T13:43:06.145+0200: 1048.129: Total time for which application threads were stopped: 0.0000512 seconds, Stopping threads took: 0.0000189 seconds
2015-08-31T13:43:06.146+0200: 1048.129: Total time for which application threads were stopped: 0.0000490 seconds, Stopping threads took: 0.0000182 seconds
2015-08-31T13:43:07.146+0200: 1049.129: Total time for which application threads were stopped: 0.0000762 seconds, Stopping threads took: 0.0000246 seconds
2015-08-31T13:43:17.146+0200: 1059.130: Total time for which application threads were stopped: 0.0000672 seconds, Stopping threads took: 0.0000147 seconds
2015-08-31T13:44:12.909+0200: 1114.892: Total time for which application threads were stopped: 0.0000672 seconds, Stopping threads took: 0.0000243 seconds
2015-08-31T13:44:53.295+0200: 1155.277: Total time for which application threads were stopped: 0.0000573 seconds, Stopping threads took: 0.0000125 seconds
2015-08-31T13:44:53.295+0200: 1155.277: Total time for which application threads were stopped: 0.0000227 seconds, Stopping threads took: 0.0000048 seconds
2015-08-31T13:44:53.295+0200: 1155.277: Total time for which application threads were stopped: 0.0000195 seconds, Stopping threads took: 0.0000038 seconds
2015-08-31T13:44:53.306+0200: 1155.288: Total time for which application threads were stopped: 0.0000586 seconds, Stopping threads took: 0.0000122 seconds
2015-08-31T13:44:53.329+0200: 1155.312: Total time for which application threads were stopped: 0.0001306 seconds, Stopping threads took: 0.0000134 seconds
2015-08-31T13:44:53.330+0200: 1155.312: Total time for which application threads were stopped: 0.0000416 seconds, Stopping threads took: 0.0000154 seconds
2015-08-31T13:44:53.330+0200: 1155.312: Total time for which application threads were stopped: 0.0000294 seconds, Stopping threads took: 0.0000058 seconds
2015-08-31T13:44:53.332+0200: 1155.315: Total time for which application threads were stopped: 0.0000909 seconds, Stopping threads took: 0.0000115 seconds
2015-08-31T13:44:53.333+0200: 1155.315: Total time for which application threads were stopped: 0.0000400 seconds, Stopping threads took: 0.0000096 seconds
2015-08-31T13:44:53.334+0200: 1155.316: Total time for which application threads were stopped: 0.0000333 seconds, Stopping threads took: 0.0000070 seconds
2015-08-31T13:44:53.334+0200: 1155.316: Total time for which application threads were stopped: 0.0000208 seconds, Stopping threads took: 0.0000042 seconds
2015-08-31T13:44:53.334+0200: 1155.316: Total time for which application threads were stopped: 0.0000304 seconds, Stopping threads took: 0.0000058 seconds
2015-08-31T13:44:53.336+0200: 1155.318: Total time for which application threads were stopped: 0.0000608 seconds, Stopping threads took: 0.0000166 seconds
2015-08-31T13:44:53.336+0200: 1155.318: Total time for which application threads were stopped: 0.0000419 seconds, Stopping threads took: 0.0000131 seconds
2015-08-31T13:44:53.478+0200: 1155.460: Total time for which application threads were stopped: 0.0000570 seconds, Stopping threads took: 0.0000128 seconds
2015-08-31T13:44:53.478+0200: 1155.460: Total time for which application threads were stopped: 0.0000336 seconds, Stopping threads took: 0.0000074 seconds
2015-08-31T13:44:53.478+0200: 1155.460: Total time for which application threads were stopped: 0.0000432 seconds, Stopping threads took: 0.0000077 seconds
{Heap before GC invocations=8 (full 1):
 par new generation   total 109248K, used 98215K [0x00000000e0000000, 0x00000000e8000000, 0x00000000e8000000)
  eden space 87424K, 100% used [0x00000000e0000000, 0x00000000e5560000, 0x00000000e5560000)
  from space 21824K,  49% used [0x00000000e5560000, 0x00000000e5fe9ed0, 0x00000000e6ab0000)
  to   space 21824K,   0% used [0x00000000e6ab0000, 0x00000000e6ab0000, 0x00000000e8000000)
 concurrent mark-sweep generation total 393216K, used 0K [0x00000000e8000000, 0x0000000100000000, 0x0000000100000000)
 Metaspace       used 27705K, capacity 28036K, committed 28284K, reserved 1075200K
  class space    used 3321K, capacity 3456K, committed 3456K, reserved 1048576K
2015-08-31T13:44:53.531+0200: 1155.513: [GC (Allocation Failure) 1155.513: [ParNew
Desired survivor size 20112992 bytes, new threshold 8 (max 8)
- age   1:    4570824 bytes,    4570824 total
- age   2:      84592 bytes,    4655416 total
- age   3:    1049472 bytes,    5704888 total
- age   4:     843984 bytes,    6548872 total
- age   5:      92264 bytes,    6641136 total
- age   7:     646848 bytes,    7287984 total
- age   8:    2147912 bytes,    9435896 total
: 98215K->12064K(109248K), 0.0115951 secs] 98215K->14391K(502464K), 0.0116818 secs] [Times: user=0.06 sys=0.00, real=0.01 secs] 
Heap after GC invocations=9 (full 1):
 par new generation   total 109248K, used 12064K [0x00000000e0000000, 0x00000000e8000000, 0x00000000e8000000)
  eden space 87424K,   0% used [0x00000000e0000000, 0x00000000e0000000, 0x00000000e5560000)
  from space 21824K,  55% used [0x00000000e6ab0000, 0x00000000e7678040, 0x00000000e8000000)
  to   space 21824K,   0% used [0x00000000e5560000, 0x00000000e5560000, 0x00000000e6ab0000)
 concurrent mark-sweep generation total 393216K, used 2327K [0x00000000e8000000, 0x0000000100000000, 0x0000000100000000)
 Metaspace       used 27705K, capacity 28036K, committed 28284K, reserved 1075200K
  class space    used 3321K, capacity 3456K, committed 3456K, reserved 1048576K
}
2015-08-31T13:44:53.542+0200: 1155.525: Total time for which application threads were stopped: 0.0118635 seconds, Stopping threads took: 0.0000170 seconds
2015-08-31T13:44:53.543+0200: 1155.525: Total time for which application threads were stopped: 0.0000941 seconds, Stopping threads took: 0.0000253 seconds
2015-08-31T13:44:53.543+0200: 1155.525: Total time for which application threads were stopped: 0.0000630 seconds, Stopping threads took: 0.0000182 seconds
2015-08-31T13:44:53.543+0200: 1155.525: Total time for which application threads were stopped: 0.0000541 seconds, Stopping threads took: 0.0000170 seconds
2015-08-31T13:44:53.543+0200: 1155.525: Total time for which application threads were stopped: 0.0000451 seconds, Stopping threads took: 0.0000112 seconds
{Heap before GC invocations=9 (full 1):
 par new generation   total 109248K, used 99488K [0x00000000e0000000, 0x00000000e8000000, 0x00000000e8000000)
  eden space 87424K, 100% used [0x00000000e0000000, 0x00000000e5560000, 0x00000000e5560000)
  from space 21824K,  55% used [0x00000000e6ab0000, 0x00000000e7678040, 0x00000000e8000000)
  to   space 21824K,   0% used [0x00000000e5560000, 0x00000000e5560000, 0x00000000e6ab0000)
 concurrent mark-sweep generation total 393216K, used 2327K [0x00000000e8000000, 0x0000000100000000, 0x0000000100000000)
 Metaspace       used 27708K, capacity 28036K, committed 28284K, reserved 1075200K
  class space    used 3321K, capacity 3456K, committed 3456K, reserved 1048576K
2015-08-31T13:44:53.585+0200: 1155.567: [GC (Allocation Failure) 1155.567: [ParNew
Desired survivor size 20112992 bytes, new threshold 8 (max 8)
- age   1:     206552 bytes,     206552 total
- age   2:    1824528 bytes,    2031080 total
- age   3:       4192 bytes,    2035272 total
- age   4:     474656 bytes,    2509928 total
- age   5:     843984 bytes,    3353912 total
- age   6:      92224 bytes,    3446136 total
- age   8:     646728 bytes,    4092864 total
: 99488K->6810K(109248K), 0.0063302 secs] 101815K->11310K(502464K), 0.0064134 secs] [Times: user=0.00 sys=0.00, real=0.01 secs] 
Heap after GC invocations=10 (full 1):
 par new generation   total 109248K, used 6810K [0x00000000e0000000, 0x00000000e8000000, 0x00000000e8000000)
  eden space 87424K,   0% used [0x00000000e0000000, 0x00000000e0000000, 0x00000000e5560000)
  from space 21824K,  31% used [0x00000000e5560000, 0x00000000e5c069e0, 0x00000000e6ab0000)
  to   space 21824K,   0% used [0x00000000e6ab0000, 0x00000000e6ab0000, 0x00000000e8000000)
 concurrent mark-sweep generation total 393216K, used 4500K [0x00000000e8000000, 0x0000000100000000, 0x0000000100000000)
 Metaspace       used 27708K, capacity 28036K, committed 28284K, reserved 1075200K
  class space    used 3321K, capacity 3456K, committed 3456K, reserved 1048576K
}
2015-08-31T13:44:53.591+0200: 1155.574: Total time for which application threads were stopped: 0.0065743 seconds, Stopping threads took: 0.0000186 seconds
2015-08-31T13:44:53.592+0200: 1155.574: Total time for which application threads were stopped: 0.0001075 seconds, Stopping threads took: 0.0000294 seconds
2015-08-31T13:44:53.676+0200: 1155.658: Total time for which application threads were stopped: 0.0001053 seconds, Stopping threads took: 0.0000205 seconds
2015-08-31T13:44:53.707+0200: 1155.689: Total time for which application threads were stopped: 0.0000886 seconds, Stopping threads took: 0.0000128 seconds
2015-08-31T13:44:53.716+0200: 1155.698: Total time for which application threads were stopped: 0.0000762 seconds, Stopping threads took: 0.0000157 seconds
2015-08-31T13:44:53.716+0200: 1155.698: Total time for which application threads were stopped: 0.0000314 seconds, Stopping threads took: 0.0000058 seconds
2015-08-31T13:44:53.716+0200: 1155.698: Total time for which application threads were stopped: 0.0000323 seconds, Stopping threads took: 0.0000051 seconds
2015-08-31T13:44:53.722+0200: 1155.704: Total time for which application threads were stopped: 0.0000630 seconds, Stopping threads took: 0.0000131 seconds
2015-08-31T13:44:53.722+0200: 1155.704: Total time for which application threads were stopped: 0.0000294 seconds, Stopping threads took: 0.0000054 seconds
2015-08-31T13:45:20.102+0200: 1182.084: Total time for which application threads were stopped: 0.0000595 seconds, Stopping threads took: 0.0000115 seconds
2015-08-31T13:45:20.102+0200: 1182.084: Total time for which application threads were stopped: 0.0000234 seconds, Stopping threads took: 0.0000045 seconds
2015-08-31T13:45:20.102+0200: 1182.084: Total time for which application threads were stopped: 0.0000202 seconds, Stopping threads took: 0.0000038 seconds
2015-08-31T13:45:20.107+0200: 1182.090: Total time for which application threads were stopped: 0.0000560 seconds, Stopping threads took: 0.0000186 seconds
2015-08-31T13:45:20.109+0200: 1182.092: Total time for which application threads were stopped: 0.0000483 seconds, Stopping threads took: 0.0000166 seconds
2015-08-31T13:45:20.118+0200: 1182.100: Total time for which application threads were stopped: 0.0000797 seconds, Stopping threads took: 0.0000227 seconds
2015-08-31T13:45:20.128+0200: 1182.111: Total time for which application threads were stopped: 0.0002714 seconds, Stopping threads took: 0.0000115 seconds
2015-08-31T13:45:20.155+0200: 1182.137: Total time for which application threads were stopped: 0.0000659 seconds, Stopping threads took: 0.0000208 seconds
2015-08-31T13:45:20.155+0200: 1182.137: Total time for which application threads were stopped: 0.0000294 seconds, Stopping threads took: 0.0000061 seconds
2015-08-31T13:45:20.206+0200: 1182.188: Total time for which application threads were stopped: 0.0001040 seconds, Stopping threads took: 0.0000112 seconds
2015-08-31T13:45:20.209+0200: 1182.191: Total time for which application threads were stopped: 0.0000490 seconds, Stopping threads took: 0.0000083 seconds
2015-08-31T13:45:20.212+0200: 1182.194: Total time for which application threads were stopped: 0.0000544 seconds, Stopping threads took: 0.0000115 seconds
2015-08-31T13:45:20.212+0200: 1182.194: Total time for which application threads were stopped: 0.0000541 seconds, Stopping threads took: 0.0000083 seconds
2015-08-31T13:45:20.222+0200: 1182.204: Total time for which application threads were stopped: 0.0000765 seconds, Stopping threads took: 0.0000154 seconds
2015-08-31T13:45:20.235+0200: 1182.217: Total time for which application threads were stopped: 0.0003696 seconds, Stopping threads took: 0.0000147 seconds
2015-08-31T13:45:20.243+0200: 1182.225: Total time for which application threads were stopped: 0.0003584 seconds, Stopping threads took: 0.0000189 seconds
2015-08-31T13:45:20.257+0200: 1182.240: Total time for which application threads were stopped: 0.0000720 seconds, Stopping threads took: 0.0000150 seconds
2015-08-31T13:45:20.258+0200: 1182.240: Total time for which application threads were stopped: 0.0000352 seconds, Stopping threads took: 0.0000070 seconds
2015-08-31T13:45:20.259+0200: 1182.241: Total time for which application threads were stopped: 0.0000541 seconds, Stopping threads took: 0.0000118 seconds
2015-08-31T13:45:20.260+0200: 1182.242: Total time for which application threads were stopped: 0.0000509 seconds, Stopping threads took: 0.0000106 seconds
2015-08-31T13:45:20.263+0200: 1182.246: Total time for which application threads were stopped: 0.0001347 seconds, Stopping threads took: 0.0000646 seconds
2015-08-31T13:45:20.291+0200: 1182.274: Total time for which application threads were stopped: 0.0000726 seconds, Stopping threads took: 0.0000266 seconds
2015-08-31T13:45:20.292+0200: 1182.274: Total time for which application threads were stopped: 0.0000285 seconds, Stopping threads took: 0.0000064 seconds
2015-08-31T13:45:20.293+0200: 1182.275: Total time for which application threads were stopped: 0.0000570 seconds, Stopping threads took: 0.0000125 seconds
2015-08-31T13:45:20.293+0200: 1182.275: Total time for which application threads were stopped: 0.0000445 seconds, Stopping threads took: 0.0000138 seconds
2015-08-31T13:45:20.293+0200: 1182.276: Total time for which application threads were stopped: 0.0000550 seconds, Stopping threads took: 0.0000243 seconds
2015-08-31T13:45:20.295+0200: 1182.277: Total time for which application threads were stopped: 0.0000611 seconds, Stopping threads took: 0.0000240 seconds
2015-08-31T13:45:20.295+0200: 1182.277: Total time for which application threads were stopped: 0.0000387 seconds, Stopping threads took: 0.0000176 seconds
2015-08-31T13:45:20.295+0200: 1182.277: Total time for which application threads were stopped: 0.0000368 seconds, Stopping threads took: 0.0000166 seconds
2015-08-31T13:45:20.295+0200: 1182.277: Total time for which application threads were stopped: 0.0000352 seconds, Stopping threads took: 0.0000109 seconds
2015-08-31T13:45:20.295+0200: 1182.278: Total time for which application threads were stopped: 0.0000381 seconds, Stopping threads took: 0.0000122 seconds
2015-08-31T13:45:20.301+0200: 1182.283: Total time for which application threads were stopped: 0.0000832 seconds, Stopping threads took: 0.0000288 seconds
{Heap before GC invocations=10 (full 1):
 par new generation   total 109248K, used 94234K [0x00000000e0000000, 0x00000000e8000000, 0x00000000e8000000)
  eden space 87424K, 100% used [0x00000000e0000000, 0x00000000e5560000, 0x00000000e5560000)
  from space 21824K,  31% used [0x00000000e5560000, 0x00000000e5c069e0, 0x00000000e6ab0000)
  to   space 21824K,   0% used [0x00000000e6ab0000, 0x00000000e6ab0000, 0x00000000e8000000)
 concurrent mark-sweep generation total 393216K, used 4500K [0x00000000e8000000, 0x0000000100000000, 0x0000000100000000)
 Metaspace       used 29385K, capacity 29708K, committed 30076K, reserved 1075200K
  class space    used 3514K, capacity 3650K, committed 3712K, reserved 1048576K
2015-08-31T13:45:20.312+0200: 1182.295: [GC (Allocation Failure) 1182.295: [ParNew
Desired survivor size 20112992 bytes, new threshold 8 (max 8)
- age   1:    6804240 bytes,    6804240 total
- age   2:      78840 bytes,    6883080 total
- age   3:    1090272 bytes,    7973352 total
- age   4:       4192 bytes,    7977544 total
- age   5:     474592 bytes,    8452136 total
- age   6:     842936 bytes,    9295072 total
- age   7:      92224 bytes,    9387296 total
: 94234K->10435K(109248K), 0.0072201 secs] 98734K->15575K(502464K), 0.0073215 secs] [Times: user=0.03 sys=0.00, real=0.01 secs] 
Heap after GC invocations=11 (full 1):
 par new generation   total 109248K, used 10435K [0x00000000e0000000, 0x00000000e8000000, 0x00000000e8000000)
  eden space 87424K,   0% used [0x00000000e0000000, 0x00000000e0000000, 0x00000000e5560000)
  from space 21824K,  47% used [0x00000000e6ab0000, 0x00000000e74e0ed0, 0x00000000e8000000)
  to   space 21824K,   0% used [0x00000000e5560000, 0x00000000e5560000, 0x00000000e6ab0000)
 concurrent mark-sweep generation total 393216K, used 5139K [0x00000000e8000000, 0x0000000100000000, 0x0000000100000000)
 Metaspace       used 29385K, capacity 29708K, committed 30076K, reserved 1075200K
  class space    used 3514K, capacity 3650K, committed 3712K, reserved 1048576K
}
2015-08-31T13:45:20.320+0200: 1182.302: Total time for which application threads were stopped: 0.0074850 seconds, Stopping threads took: 0.0000150 seconds
2015-08-31T13:45:20.320+0200: 1182.302: Total time for which application threads were stopped: 0.0000944 seconds, Stopping threads took: 0.0000432 seconds
2015-08-31T13:45:20.320+0200: 1182.302: Total time for which application threads were stopped: 0.0000298 seconds, Stopping threads took: 0.0000061 seconds
2015-08-31T13:45:20.320+0200: 1182.302: Total time for which application threads were stopped: 0.0000368 seconds, Stopping threads took: 0.0000125 seconds
2015-08-31T13:45:20.320+0200: 1182.302: Total time for which application threads were stopped: 0.0000301 seconds, Stopping threads took: 0.0000102 seconds
2015-08-31T13:45:20.320+0200: 1182.303: Total time for which application threads were stopped: 0.0000314 seconds, Stopping threads took: 0.0000093 seconds
2015-08-31T13:45:20.320+0200: 1182.303: Total time for which application threads were stopped: 0.0000298 seconds, Stopping threads took: 0.0000096 seconds
2015-08-31T13:45:20.320+0200: 1182.303: Total time for which application threads were stopped: 0.0000394 seconds, Stopping threads took: 0.0000173 seconds
2015-08-31T13:45:20.321+0200: 1182.303: Total time for which application threads were stopped: 0.0000595 seconds, Stopping threads took: 0.0000106 seconds
2015-08-31T13:45:20.321+0200: 1182.303: Total time for which application threads were stopped: 0.0000422 seconds, Stopping threads took: 0.0000118 seconds
2015-08-31T13:45:20.321+0200: 1182.304: Total time for which application threads were stopped: 0.0000378 seconds, Stopping threads took: 0.0000106 seconds
2015-08-31T13:45:20.321+0200: 1182.304: Total time for which application threads were stopped: 0.0000374 seconds, Stopping threads took: 0.0000106 seconds
2015-08-31T13:45:20.321+0200: 1182.304: Total time for which application threads were stopped: 0.0001056 seconds, Stopping threads took: 0.0000099 seconds
2015-08-31T13:45:20.322+0200: 1182.304: Total time for which application threads were stopped: 0.0000381 seconds, Stopping threads took: 0.0000122 seconds
2015-08-31T13:45:20.339+0200: 1182.321: Total time for which application threads were stopped: 0.0000659 seconds, Stopping threads took: 0.0000198 seconds
2015-08-31T13:45:20.346+0200: 1182.328: Total time for which application threads were stopped: 0.0000826 seconds, Stopping threads took: 0.0000202 seconds
2015-08-31T13:45:20.394+0200: 1182.376: Total time for which application threads were stopped: 0.0000890 seconds, Stopping threads took: 0.0000163 seconds
2015-08-31T13:45:20.420+0200: 1182.403: Total time for which application threads were stopped: 0.0000592 seconds, Stopping threads took: 0.0000147 seconds
2015-08-31T13:45:20.422+0200: 1182.404: Total time for which application threads were stopped: 0.0000506 seconds, Stopping threads took: 0.0000125 seconds
2015-08-31T13:45:20.427+0200: 1182.410: Total time for which application threads were stopped: 0.0000710 seconds, Stopping threads took: 0.0000205 seconds
2015-08-31T13:45:20.429+0200: 1182.411: Total time for which application threads were stopped: 0.0000685 seconds, Stopping threads took: 0.0000205 seconds
2015-08-31T13:45:20.430+0200: 1182.412: Total time for which application threads were stopped: 0.0000624 seconds, Stopping threads took: 0.0000144 seconds
2015-08-31T13:45:20.431+0200: 1182.413: Total time for which application threads were stopped: 0.0000445 seconds, Stopping threads took: 0.0000096 seconds
2015-08-31T13:45:20.440+0200: 1182.422: Total time for which application threads were stopped: 0.0000669 seconds, Stopping threads took: 0.0000205 seconds
2015-08-31T13:45:20.446+0200: 1182.428: Total time for which application threads were stopped: 0.0000874 seconds, Stopping threads took: 0.0000218 seconds
2015-08-31T13:45:20.453+0200: 1182.435: Total time for which application threads were stopped: 0.0000861 seconds, Stopping threads took: 0.0000250 seconds
2015-08-31T13:45:20.460+0200: 1182.442: Total time for which application threads were stopped: 0.0000627 seconds, Stopping threads took: 0.0000144 seconds
2015-08-31T13:45:20.471+0200: 1182.454: Total time for which application threads were stopped: 0.0000746 seconds, Stopping threads took: 0.0000144 seconds
2015-08-31T13:45:20.472+0200: 1182.454: Total time for which application threads were stopped: 0.0000467 seconds, Stopping threads took: 0.0000147 seconds
2015-08-31T13:45:20.480+0200: 1182.462: Total time for which application threads were stopped: 0.0000739 seconds, Stopping threads took: 0.0000224 seconds
2015-08-31T13:45:20.483+0200: 1182.466: Total time for which application threads were stopped: 0.0001322 seconds, Stopping threads took: 0.0000202 seconds
2015-08-31T13:45:20.488+0200: 1182.470: Total time for which application threads were stopped: 0.0000714 seconds, Stopping threads took: 0.0000208 seconds
2015-08-31T13:45:20.488+0200: 1182.470: Total time for which application threads were stopped: 0.0000362 seconds, Stopping threads took: 0.0000138 seconds
2015-08-31T13:45:20.488+0200: 1182.470: Total time for which application threads were stopped: 0.0000330 seconds, Stopping threads took: 0.0000102 seconds
2015-08-31T13:45:20.526+0200: 1182.509: Total time for which application threads were stopped: 0.0001216 seconds, Stopping threads took: 0.0000160 seconds
2015-08-31T13:45:20.618+0200: 1182.600: Total time for which application threads were stopped: 0.0000701 seconds, Stopping threads took: 0.0000166 seconds
2015-08-31T13:45:20.619+0200: 1182.601: Total time for which application threads were stopped: 0.0000582 seconds, Stopping threads took: 0.0000125 seconds
2015-08-31T13:45:20.619+0200: 1182.601: Total time for which application threads were stopped: 0.0000480 seconds, Stopping threads took: 0.0000096 seconds
2015-08-31T13:45:20.621+0200: 1182.604: Total time for which application threads were stopped: 0.0003578 seconds, Stopping threads took: 0.0000112 seconds
2015-08-31T13:45:20.630+0200: 1182.612: Total time for which application threads were stopped: 0.0003520 seconds, Stopping threads took: 0.0000138 seconds
2015-08-31T13:45:21.630+0200: 1183.612: Total time for which application threads were stopped: 0.0000675 seconds, Stopping threads took: 0.0000160 seconds
2015-08-31T13:45:30.631+0200: 1192.612: Total time for which application threads were stopped: 0.0000710 seconds, Stopping threads took: 0.0000272 seconds
2015-08-31T13:45:59.543+0200: 1221.524: Total time for which application threads were stopped: 0.0000614 seconds, Stopping threads took: 0.0000131 seconds
2015-08-31T13:45:59.543+0200: 1221.524: Total time for which application threads were stopped: 0.0000339 seconds, Stopping threads took: 0.0000064 seconds
2015-08-31T13:45:59.554+0200: 1221.535: Total time for which application threads were stopped: 0.0000563 seconds, Stopping threads took: 0.0000106 seconds
2015-08-31T13:45:59.574+0200: 1221.555: Total time for which application threads were stopped: 0.0000653 seconds, Stopping threads took: 0.0000141 seconds
2015-08-31T13:45:59.574+0200: 1221.555: Total time for which application threads were stopped: 0.0000445 seconds, Stopping threads took: 0.0000099 seconds
2015-08-31T13:45:59.574+0200: 1221.555: Total time for which application threads were stopped: 0.0000461 seconds, Stopping threads took: 0.0000080 seconds
2015-08-31T13:45:59.574+0200: 1221.556: Total time for which application threads were stopped: 0.0001203 seconds, Stopping threads took: 0.0000202 seconds
2015-08-31T13:45:59.577+0200: 1221.558: Total time for which application threads were stopped: 0.0000621 seconds, Stopping threads took: 0.0000179 seconds
2015-08-31T13:45:59.577+0200: 1221.558: Total time for which application threads were stopped: 0.0000451 seconds, Stopping threads took: 0.0000099 seconds
2015-08-31T13:45:59.577+0200: 1221.558: Total time for which application threads were stopped: 0.0000352 seconds, Stopping threads took: 0.0000074 seconds
2015-08-31T13:45:59.578+0200: 1221.559: Total time for which application threads were stopped: 0.0000403 seconds, Stopping threads took: 0.0000099 seconds
2015-08-31T13:45:59.578+0200: 1221.559: Total time for which application threads were stopped: 0.0000237 seconds, Stopping threads took: 0.0000054 seconds
2015-08-31T13:45:59.579+0200: 1221.560: Total time for which application threads were stopped: 0.0000413 seconds, Stopping threads took: 0.0000122 seconds
2015-08-31T13:45:59.580+0200: 1221.561: Total time for which application threads were stopped: 0.0000586 seconds, Stopping threads took: 0.0000128 seconds
2015-08-31T13:45:59.580+0200: 1221.561: Total time for which application threads were stopped: 0.0000589 seconds, Stopping threads took: 0.0000080 seconds
2015-08-31T13:45:59.582+0200: 1221.563: Total time for which application threads were stopped: 0.0000518 seconds, Stopping threads took: 0.0000131 seconds
2015-08-31T13:45:59.582+0200: 1221.563: Total time for which application threads were stopped: 0.0000240 seconds, Stopping threads took: 0.0000051 seconds
2015-08-31T13:45:59.583+0200: 1221.564: Total time for which application threads were stopped: 0.0000381 seconds, Stopping threads took: 0.0000099 seconds
{Heap before GC invocations=11 (full 1):
 par new generation   total 109248K, used 97859K [0x00000000e0000000, 0x00000000e8000000, 0x00000000e8000000)
  eden space 87424K, 100% used [0x00000000e0000000, 0x00000000e5560000, 0x00000000e5560000)
  from space 21824K,  47% used [0x00000000e6ab0000, 0x00000000e74e0ed0, 0x00000000e8000000)
  to   space 21824K,   0% used [0x00000000e5560000, 0x00000000e5560000, 0x00000000e6ab0000)
 concurrent mark-sweep generation total 393216K, used 5139K [0x00000000e8000000, 0x0000000100000000, 0x0000000100000000)
 Metaspace       used 30205K, capacity 30482K, committed 30972K, reserved 1077248K
  class space    used 3574K, capacity 3715K, committed 3840K, reserved 1048576K
2015-08-31T13:45:59.641+0200: 1221.622: [GC (Allocation Failure) 1221.622: [ParNew
Desired survivor size 20112992 bytes, new threshold 8 (max 8)
- age   1:    2844432 bytes,    2844432 total
- age   2:    4841512 bytes,    7685944 total
- age   3:      78840 bytes,    7764784 total
- age   4:    1065192 bytes,    8829976 total
- age   5:       4192 bytes,    8834168 total
- age   6:     474336 bytes,    9308504 total
- age   7:     842728 bytes,   10151232 total
- age   8:      92224 bytes,   10243456 total
: 97859K->13602K(109248K), 0.0057878 secs] 102999K->18741K(502464K), 0.0058882 secs] [Times: user=0.00 sys=0.00, real=0.01 secs] 
Heap after GC invocations=12 (full 1):
 par new generation   total 109248K, used 13602K [0x00000000e0000000, 0x00000000e8000000, 0x00000000e8000000)
  eden space 87424K,   0% used [0x00000000e0000000, 0x00000000e0000000, 0x00000000e5560000)
  from space 21824K,  62% used [0x00000000e5560000, 0x00000000e62a88a0, 0x00000000e6ab0000)
  to   space 21824K,   0% used [0x00000000e6ab0000, 0x00000000e6ab0000, 0x00000000e8000000)
 concurrent mark-sweep generation total 393216K, used 5139K [0x00000000e8000000, 0x0000000100000000, 0x0000000100000000)
 Metaspace       used 30205K, capacity 30482K, committed 30972K, reserved 1077248K
  class space    used 3574K, capacity 3715K, committed 3840K, reserved 1048576K
}
2015-08-31T13:45:59.647+0200: 1221.628: Total time for which application threads were stopped: 0.0060687 seconds, Stopping threads took: 0.0000170 seconds
2015-08-31T13:45:59.648+0200: 1221.629: Total time for which application threads were stopped: 0.0000829 seconds, Stopping threads took: 0.0000269 seconds
2015-08-31T13:45:59.648+0200: 1221.629: Total time for which application threads were stopped: 0.0000566 seconds, Stopping threads took: 0.0000166 seconds
2015-08-31T13:45:59.648+0200: 1221.629: Total time for which application threads were stopped: 0.0000490 seconds, Stopping threads took: 0.0000141 seconds
2015-08-31T13:45:59.648+0200: 1221.629: Total time for which application threads were stopped: 0.0000454 seconds, Stopping threads took: 0.0000157 seconds
2015-08-31T13:45:59.648+0200: 1221.629: Total time for which application threads were stopped: 0.0000528 seconds, Stopping threads took: 0.0000163 seconds
2015-08-31T13:45:59.648+0200: 1221.629: Total time for which application threads were stopped: 0.0000637 seconds, Stopping threads took: 0.0000195 seconds
2015-08-31T13:45:59.648+0200: 1221.629: Total time for which application threads were stopped: 0.0001814 seconds, Stopping threads took: 0.0000208 seconds
2015-08-31T13:45:59.648+0200: 1221.629: Total time for which application threads were stopped: 0.0000656 seconds, Stopping threads took: 0.0000134 seconds
{Heap before GC invocations=12 (full 1):
 par new generation   total 109248K, used 101026K [0x00000000e0000000, 0x00000000e8000000, 0x00000000e8000000)
  eden space 87424K, 100% used [0x00000000e0000000, 0x00000000e5560000, 0x00000000e5560000)
  from space 21824K,  62% used [0x00000000e5560000, 0x00000000e62a88a0, 0x00000000e6ab0000)
  to   space 21824K,   0% used [0x00000000e6ab0000, 0x00000000e6ab0000, 0x00000000e8000000)
 concurrent mark-sweep generation total 393216K, used 5139K [0x00000000e8000000, 0x0000000100000000, 0x0000000100000000)
 Metaspace       used 30244K, capacity 30640K, committed 31228K, reserved 1077248K
  class space    used 3577K, capacity 3720K, committed 3840K, reserved 1048576K
2015-08-31T13:45:59.696+0200: 1221.677: [GC (Allocation Failure) 1221.677: [ParNew
Desired survivor size 20112992 bytes, new threshold 8 (max 8)
- age   1:     397648 bytes,     397648 total
- age   2:    2137720 bytes,    2535368 total
- age   3:    4840408 bytes,    7375776 total
- age   4:      78840 bytes,    7454616 total
- age   5:    1065192 bytes,    8519808 total
- age   6:       4192 bytes,    8524000 total
- age   7:     474336 bytes,    8998336 total
- age   8:     842728 bytes,    9841064 total
: 101026K->10903K(109248K), 0.0059177 secs] 106165K->16134K(502464K), 0.0060063 secs] [Times: user=0.00 sys=0.00, real=0.01 secs] 
Heap after GC invocations=13 (full 1):
 par new generation   total 109248K, used 10903K [0x00000000e0000000, 0x00000000e8000000, 0x00000000e8000000)
  eden space 87424K,   0% used [0x00000000e0000000, 0x00000000e0000000, 0x00000000e5560000)
  from space 21824K,  49% used [0x00000000e6ab0000, 0x00000000e7555c60, 0x00000000e8000000)
  to   space 21824K,   0% used [0x00000000e5560000, 0x00000000e5560000, 0x00000000e6ab0000)
 concurrent mark-sweep generation total 393216K, used 5231K [0x00000000e8000000, 0x0000000100000000, 0x0000000100000000)
 Metaspace       used 30244K, capacity 30640K, committed 31228K, reserved 1077248K
  class space    used 3577K, capacity 3720K, committed 3840K, reserved 1048576K
}
2015-08-31T13:45:59.702+0200: 1221.683: Total time for which application threads were stopped: 0.0061772 seconds, Stopping threads took: 0.0000189 seconds
2015-08-31T13:45:59.702+0200: 1221.683: Total time for which application threads were stopped: 0.0001069 seconds, Stopping threads took: 0.0000298 seconds
2015-08-31T13:45:59.753+0200: 1221.734: Total time for which application threads were stopped: 0.0001040 seconds, Stopping threads took: 0.0000211 seconds
2015-08-31T13:45:59.760+0200: 1221.741: Total time for which application threads were stopped: 0.0000922 seconds, Stopping threads took: 0.0000234 seconds
2015-08-31T13:45:59.768+0200: 1221.749: Total time for which application threads were stopped: 0.0000957 seconds, Stopping threads took: 0.0000278 seconds
2015-08-31T13:45:59.768+0200: 1221.749: Total time for which application threads were stopped: 0.0000598 seconds, Stopping threads took: 0.0000163 seconds
2015-08-31T13:45:59.768+0200: 1221.749: Total time for which application threads were stopped: 0.0000525 seconds, Stopping threads took: 0.0000144 seconds
2015-08-31T13:45:59.770+0200: 1221.751: Total time for which application threads were stopped: 0.0000598 seconds, Stopping threads took: 0.0000134 seconds
2015-08-31T13:46:00.770+0200: 1222.751: Total time for which application threads were stopped: 0.0000621 seconds, Stopping threads took: 0.0000147 seconds
2015-08-31T13:46:13.558+0200: 1235.540: Total time for which application threads were stopped: 0.0000800 seconds, Stopping threads took: 0.0000173 seconds
2015-08-31T13:46:13.558+0200: 1235.540: Total time for which application threads were stopped: 0.0000499 seconds, Stopping threads took: 0.0000083 seconds
2015-08-31T13:46:13.558+0200: 1235.540: Total time for which application threads were stopped: 0.0000358 seconds, Stopping threads took: 0.0000064 seconds
2015-08-31T13:46:13.559+0200: 1235.541: Total time for which application threads were stopped: 0.0000794 seconds, Stopping threads took: 0.0000186 seconds
2015-08-31T13:46:13.560+0200: 1235.541: Total time for which application threads were stopped: 0.0000397 seconds, Stopping threads took: 0.0000083 seconds
2015-08-31T13:46:13.560+0200: 1235.541: Total time for which application threads were stopped: 0.0000362 seconds, Stopping threads took: 0.0000106 seconds
2015-08-31T13:46:13.560+0200: 1235.542: Total time for which application threads were stopped: 0.0000365 seconds, Stopping threads took: 0.0000086 seconds
2015-08-31T13:46:13.561+0200: 1235.542: Total time for which application threads were stopped: 0.0000598 seconds, Stopping threads took: 0.0000173 seconds
2015-08-31T13:46:13.571+0200: 1235.553: Total time for which application threads were stopped: 0.0001296 seconds, Stopping threads took: 0.0000342 seconds
2015-08-31T13:46:13.572+0200: 1235.553: Total time for which application threads were stopped: 0.0000470 seconds, Stopping threads took: 0.0000074 seconds
2015-08-31T13:46:13.573+0200: 1235.554: Total time for which application threads were stopped: 0.0000467 seconds, Stopping threads took: 0.0000070 seconds
2015-08-31T13:46:13.574+0200: 1235.556: Total time for which application threads were stopped: 0.0000701 seconds, Stopping threads took: 0.0000150 seconds
2015-08-31T13:46:13.575+0200: 1235.556: Total time for which application threads were stopped: 0.0000461 seconds, Stopping threads took: 0.0000118 seconds
2015-08-31T13:46:13.575+0200: 1235.556: Total time for which application threads were stopped: 0.0000352 seconds, Stopping threads took: 0.0000115 seconds
2015-08-31T13:46:13.577+0200: 1235.558: Total time for which application threads were stopped: 0.0000858 seconds, Stopping threads took: 0.0000147 seconds
2015-08-31T13:46:14.577+0200: 1236.558: Total time for which application threads were stopped: 0.0000950 seconds, Stopping threads took: 0.0000166 seconds
2015-08-31T13:46:15.040+0200: 1237.021: Total time for which application threads were stopped: 0.0000765 seconds, Stopping threads took: 0.0000125 seconds
2015-08-31T13:46:15.040+0200: 1237.022: Total time for which application threads were stopped: 0.0000397 seconds, Stopping threads took: 0.0000157 seconds
2015-08-31T13:46:16.040+0200: 1238.021: Total time for which application threads were stopped: 0.0000733 seconds, Stopping threads took: 0.0000253 seconds
2015-08-31T13:46:28.391+0200: 1250.373: Total time for which application threads were stopped: 0.0000816 seconds, Stopping threads took: 0.0000150 seconds
2015-08-31T13:46:29.391+0200: 1251.372: Total time for which application threads were stopped: 0.0000874 seconds, Stopping threads took: 0.0000250 seconds
2015-08-31T13:46:32.995+0200: 1254.976: Total time for which application threads were stopped: 0.0000829 seconds, Stopping threads took: 0.0000243 seconds
2015-08-31T13:46:32.995+0200: 1254.976: Total time for which application threads were stopped: 0.0000432 seconds, Stopping threads took: 0.0000096 seconds
2015-08-31T13:46:32.995+0200: 1254.977: Total time for which application threads were stopped: 0.0000512 seconds, Stopping threads took: 0.0000102 seconds
2015-08-31T13:46:33.002+0200: 1254.983: Total time for which application threads were stopped: 0.0000781 seconds, Stopping threads took: 0.0000160 seconds
2015-08-31T13:46:33.002+0200: 1254.983: Total time for which application threads were stopped: 0.0000291 seconds, Stopping threads took: 0.0000064 seconds
2015-08-31T13:46:33.003+0200: 1254.984: Total time for which application threads were stopped: 0.0000506 seconds, Stopping threads took: 0.0000096 seconds
2015-08-31T13:46:37.004+0200: 1258.984: Total time for which application threads were stopped: 0.0000803 seconds, Stopping threads took: 0.0000339 seconds
2015-08-31T13:47:26.716+0200: 1308.696: Total time for which application threads were stopped: 0.0000774 seconds, Stopping threads took: 0.0000272 seconds
2015-08-31T13:47:36.716+0200: 1318.696: Total time for which application threads were stopped: 0.0000800 seconds, Stopping threads took: 0.0000266 seconds
2015-08-31T13:47:42.027+0200: 1324.008: Total time for which application threads were stopped: 0.0000586 seconds, Stopping threads took: 0.0000128 seconds
2015-08-31T13:47:42.027+0200: 1324.008: Total time for which application threads were stopped: 0.0000352 seconds, Stopping threads took: 0.0000077 seconds
2015-08-31T13:47:42.028+0200: 1324.009: Total time for which application threads were stopped: 0.0000550 seconds, Stopping threads took: 0.0000109 seconds
2015-08-31T13:47:42.476+0200: 1324.456: Total time for which application threads were stopped: 0.0000902 seconds, Stopping threads took: 0.0000131 seconds
2015-08-31T13:47:42.476+0200: 1324.456: Total time for which application threads were stopped: 0.0000368 seconds, Stopping threads took: 0.0000083 seconds
2015-08-31T13:47:42.476+0200: 1324.457: Total time for which application threads were stopped: 0.0000336 seconds, Stopping threads took: 0.0000115 seconds
2015-08-31T13:47:42.476+0200: 1324.457: Total time for which application threads were stopped: 0.0000285 seconds, Stopping threads took: 0.0000093 seconds
2015-08-31T13:47:42.477+0200: 1324.458: Total time for which application threads were stopped: 0.0000435 seconds, Stopping threads took: 0.0000099 seconds
2015-08-31T13:47:42.487+0200: 1324.468: Total time for which application threads were stopped: 0.0000646 seconds, Stopping threads took: 0.0000122 seconds
2015-08-31T13:47:47.488+0200: 1329.467: Total time for which application threads were stopped: 0.0000714 seconds, Stopping threads took: 0.0000266 seconds
2015-08-31T13:48:27.939+0200: 1369.919: Total time for which application threads were stopped: 0.0000605 seconds, Stopping threads took: 0.0000118 seconds
2015-08-31T13:48:27.939+0200: 1369.919: Total time for which application threads were stopped: 0.0000467 seconds, Stopping threads took: 0.0000099 seconds
2015-08-31T13:48:27.940+0200: 1369.920: Total time for which application threads were stopped: 0.0000749 seconds, Stopping threads took: 0.0000301 seconds
2015-08-31T13:48:28.325+0200: 1370.304: Total time for which application threads were stopped: 0.0000829 seconds, Stopping threads took: 0.0000125 seconds
2015-08-31T13:48:28.325+0200: 1370.304: Total time for which application threads were stopped: 0.0000429 seconds, Stopping threads took: 0.0000093 seconds
2015-08-31T13:48:28.325+0200: 1370.305: Total time for which application threads were stopped: 0.0000378 seconds, Stopping threads took: 0.0000074 seconds
2015-08-31T13:48:28.326+0200: 1370.306: Total time for which application threads were stopped: 0.0000374 seconds, Stopping threads took: 0.0000077 seconds
2015-08-31T13:48:28.336+0200: 1370.316: Total time for which application threads were stopped: 0.0000874 seconds, Stopping threads took: 0.0000221 seconds
2015-08-31T13:49:09.348+0200: 1411.327: Total time for which application threads were stopped: 0.0000893 seconds, Stopping threads took: 0.0000314 seconds
2015-08-31T13:49:09.348+0200: 1411.327: Total time for which application threads were stopped: 0.0000483 seconds, Stopping threads took: 0.0000106 seconds
2015-08-31T13:49:09.349+0200: 1411.328: Total time for which application threads were stopped: 0.0000506 seconds, Stopping threads took: 0.0000106 seconds
2015-08-31T13:49:09.349+0200: 1411.328: Total time for which application threads were stopped: 0.0000566 seconds, Stopping threads took: 0.0000086 seconds
2015-08-31T13:49:09.350+0200: 1411.329: Total time for which application threads were stopped: 0.0000438 seconds, Stopping threads took: 0.0000058 seconds
2015-08-31T13:49:09.355+0200: 1411.335: Total time for which application threads were stopped: 0.0001075 seconds, Stopping threads took: 0.0000118 seconds
2015-08-31T13:49:09.355+0200: 1411.335: Total time for which application threads were stopped: 0.0000470 seconds, Stopping threads took: 0.0000170 seconds
2015-08-31T13:49:09.357+0200: 1411.337: Total time for which application threads were stopped: 0.0001149 seconds, Stopping threads took: 0.0000778 seconds
2015-08-31T13:49:09.359+0200: 1411.338: Total time for which application threads were stopped: 0.0001571 seconds, Stopping threads took: 0.0000966 seconds
2015-08-31T13:49:09.359+0200: 1411.338: Total time for which application threads were stopped: 0.0001264 seconds, Stopping threads took: 0.0000864 seconds
2015-08-31T13:49:09.361+0200: 1411.341: Total time for which application threads were stopped: 0.0001190 seconds, Stopping threads took: 0.0000746 seconds
2015-08-31T13:49:09.364+0200: 1411.343: Total time for which application threads were stopped: 0.0000643 seconds, Stopping threads took: 0.0000170 seconds
2015-08-31T13:49:09.364+0200: 1411.344: Total time for which application threads were stopped: 0.0000752 seconds, Stopping threads took: 0.0000330 seconds
2015-08-31T13:49:09.407+0200: 1411.387: Total time for which application threads were stopped: 0.0001056 seconds, Stopping threads took: 0.0000163 seconds
2015-08-31T13:49:09.418+0200: 1411.398: Total time for which application threads were stopped: 0.0000848 seconds, Stopping threads took: 0.0000147 seconds
2015-08-31T13:49:09.418+0200: 1411.398: Total time for which application threads were stopped: 0.0000515 seconds, Stopping threads took: 0.0000202 seconds
2015-08-31T13:49:09.428+0200: 1411.407: Total time for which application threads were stopped: 0.0000698 seconds, Stopping threads took: 0.0000221 seconds
2015-08-31T13:49:09.590+0200: 1411.569: Total time for which application threads were stopped: 0.0001312 seconds, Stopping threads took: 0.0000739 seconds
2015-08-31T13:49:09.590+0200: 1411.569: Total time for which application threads were stopped: 0.0000480 seconds, Stopping threads took: 0.0000102 seconds
2015-08-31T13:49:09.590+0200: 1411.569: Total time for which application threads were stopped: 0.0000326 seconds, Stopping threads took: 0.0000048 seconds
2015-08-31T13:49:09.590+0200: 1411.569: Total time for which application threads were stopped: 0.0000474 seconds, Stopping threads took: 0.0000035 seconds
2015-08-31T13:49:09.590+0200: 1411.570: Total time for which application threads were stopped: 0.0000669 seconds, Stopping threads took: 0.0000192 seconds
2015-08-31T13:49:35.465+0200: 1437.443: Total time for which application threads were stopped: 0.0000640 seconds, Stopping threads took: 0.0000147 seconds
2015-08-31T13:49:35.465+0200: 1437.443: Total time for which application threads were stopped: 0.0000355 seconds, Stopping threads took: 0.0000064 seconds
2015-08-31T13:49:35.466+0200: 1437.444: Total time for which application threads were stopped: 0.0000746 seconds, Stopping threads took: 0.0000208 seconds
2015-08-31T13:49:35.472+0200: 1437.451: Total time for which application threads were stopped: 0.0000653 seconds, Stopping threads took: 0.0000138 seconds
2015-08-31T13:49:35.472+0200: 1437.451: Total time for which application threads were stopped: 0.0001043 seconds, Stopping threads took: 0.0000077 seconds
2015-08-31T13:49:35.473+0200: 1437.452: Total time for which application threads were stopped: 0.0000413 seconds, Stopping threads took: 0.0000080 seconds
2015-08-31T13:49:35.858+0200: 1437.837: Total time for which application threads were stopped: 0.0000950 seconds, Stopping threads took: 0.0000138 seconds
2015-08-31T13:49:35.858+0200: 1437.837: Total time for which application threads were stopped: 0.0000419 seconds, Stopping threads took: 0.0000077 seconds
2015-08-31T13:49:35.869+0200: 1437.847: Total time for which application threads were stopped: 0.0000675 seconds, Stopping threads took: 0.0000138 seconds
2015-08-31T13:50:41.267+0200: 1503.245: Total time for which application threads were stopped: 0.0000845 seconds, Stopping threads took: 0.0000141 seconds
2015-08-31T13:50:41.267+0200: 1503.245: Total time for which application threads were stopped: 0.0000480 seconds, Stopping threads took: 0.0000099 seconds
2015-08-31T13:50:41.267+0200: 1503.245: Total time for which application threads were stopped: 0.0000304 seconds, Stopping threads took: 0.0000054 seconds
2015-08-31T13:50:41.268+0200: 1503.246: Total time for which application threads were stopped: 0.0000598 seconds, Stopping threads took: 0.0000102 seconds
2015-08-31T13:50:41.274+0200: 1503.252: Total time for which application threads were stopped: 0.0000614 seconds, Stopping threads took: 0.0000134 seconds
2015-08-31T13:50:41.275+0200: 1503.252: Total time for which application threads were stopped: 0.0000451 seconds, Stopping threads took: 0.0000096 seconds
2015-08-31T13:50:41.276+0200: 1503.253: Total time for which application threads were stopped: 0.0000496 seconds, Stopping threads took: 0.0000070 seconds
2015-08-31T13:50:41.287+0200: 1503.265: Total time for which application threads were stopped: 0.0000627 seconds, Stopping threads took: 0.0000122 seconds
2015-08-31T13:50:48.923+0200: 1510.901: Total time for which application threads were stopped: 0.0000592 seconds, Stopping threads took: 0.0000134 seconds
2015-08-31T13:50:48.923+0200: 1510.901: Total time for which application threads were stopped: 0.0000256 seconds, Stopping threads took: 0.0000070 seconds
2015-08-31T13:50:48.925+0200: 1510.902: Total time for which application threads were stopped: 0.0000650 seconds, Stopping threads took: 0.0000211 seconds
2015-08-31T13:50:48.934+0200: 1510.912: Total time for which application threads were stopped: 0.0000730 seconds, Stopping threads took: 0.0000122 seconds
2015-08-31T13:50:48.934+0200: 1510.912: Total time for which application threads were stopped: 0.0000397 seconds, Stopping threads took: 0.0000157 seconds
2015-08-31T13:50:48.936+0200: 1510.914: Total time for which application threads were stopped: 0.0001002 seconds, Stopping threads took: 0.0000176 seconds
2015-08-31T13:50:48.937+0200: 1510.914: Total time for which application threads were stopped: 0.0000621 seconds, Stopping threads took: 0.0000234 seconds
2015-08-31T13:50:48.937+0200: 1510.914: Total time for which application threads were stopped: 0.0000250 seconds, Stopping threads took: 0.0000054 seconds
2015-08-31T13:50:48.937+0200: 1510.915: Total time for which application threads were stopped: 0.0000477 seconds, Stopping threads took: 0.0000182 seconds
2015-08-31T13:50:48.937+0200: 1510.915: Total time for which application threads were stopped: 0.0000349 seconds, Stopping threads took: 0.0000077 seconds
2015-08-31T13:50:48.946+0200: 1510.924: Total time for which application threads were stopped: 0.0000800 seconds, Stopping threads took: 0.0000240 seconds
2015-08-31T13:50:48.947+0200: 1510.925: Total time for which application threads were stopped: 0.0000445 seconds, Stopping threads took: 0.0000083 seconds
2015-08-31T13:50:48.947+0200: 1510.925: Total time for which application threads were stopped: 0.0000314 seconds, Stopping threads took: 0.0000064 seconds
2015-08-31T13:50:48.947+0200: 1510.925: Total time for which application threads were stopped: 0.0000422 seconds, Stopping threads took: 0.0000154 seconds
2015-08-31T13:50:48.948+0200: 1510.925: Total time for which application threads were stopped: 0.0000470 seconds, Stopping threads took: 0.0000192 seconds
2015-08-31T13:50:48.948+0200: 1510.926: Total time for which application threads were stopped: 0.0000368 seconds, Stopping threads took: 0.0000170 seconds
2015-08-31T13:50:48.948+0200: 1510.926: Total time for which application threads were stopped: 0.0000358 seconds, Stopping threads took: 0.0000067 seconds
2015-08-31T13:50:48.949+0200: 1510.926: Total time for which application threads were stopped: 0.0000486 seconds, Stopping threads took: 0.0000253 seconds
2015-08-31T13:50:48.949+0200: 1510.927: Total time for which application threads were stopped: 0.0000461 seconds, Stopping threads took: 0.0000186 seconds
2015-08-31T13:50:48.949+0200: 1510.927: Total time for which application threads were stopped: 0.0000362 seconds, Stopping threads took: 0.0000166 seconds
2015-08-31T13:50:48.950+0200: 1510.927: Total time for which application threads were stopped: 0.0000470 seconds, Stopping threads took: 0.0000192 seconds
{Heap before GC invocations=13 (full 1):
 par new generation   total 109248K, used 98327K [0x00000000e0000000, 0x00000000e8000000, 0x00000000e8000000)
  eden space 87424K, 100% used [0x00000000e0000000, 0x00000000e5560000, 0x00000000e5560000)
  from space 21824K,  49% used [0x00000000e6ab0000, 0x00000000e7555c60, 0x00000000e8000000)
  to   space 21824K,   0% used [0x00000000e5560000, 0x00000000e5560000, 0x00000000e6ab0000)
 concurrent mark-sweep generation total 393216K, used 5231K [0x00000000e8000000, 0x0000000100000000, 0x0000000100000000)
 Metaspace       used 30659K, capacity 30984K, committed 31484K, reserved 1077248K
  class space    used 3591K, capacity 3724K, committed 3840K, reserved 1048576K
2015-08-31T13:50:48.959+0200: 1510.937: [GC (Allocation Failure) 1510.937: [ParNew
Desired survivor size 20112992 bytes, new threshold 8 (max 8)
- age   1:    3713064 bytes,    3713064 total
- age   2:      89216 bytes,    3802280 total
- age   3:    1338272 bytes,    5140552 total
- age   4:    4834864 bytes,    9975416 total
- age   5:      78840 bytes,   10054256 total
- age   6:    1064128 bytes,   11118384 total
- age   7:       4192 bytes,   11122576 total
- age   8:     473456 bytes,   11596032 total
: 98327K->15061K(109248K), 0.0078985 secs] 103558K->21132K(502464K), 0.0079708 secs] [Times: user=0.01 sys=0.00, real=0.01 secs] 
Heap after GC invocations=14 (full 1):
 par new generation   total 109248K, used 15061K [0x00000000e0000000, 0x00000000e8000000, 0x00000000e8000000)
  eden space 87424K,   0% used [0x00000000e0000000, 0x00000000e0000000, 0x00000000e5560000)
  from space 21824K,  69% used [0x00000000e5560000, 0x00000000e6415590, 0x00000000e6ab0000)
  to   space 21824K,   0% used [0x00000000e6ab0000, 0x00000000e6ab0000, 0x00000000e8000000)
 concurrent mark-sweep generation total 393216K, used 6071K [0x00000000e8000000, 0x0000000100000000, 0x0000000100000000)
 Metaspace       used 30659K, capacity 30984K, committed 31484K, reserved 1077248K
  class space    used 3591K, capacity 3724K, committed 3840K, reserved 1048576K
}
2015-08-31T13:50:48.967+0200: 1510.945: Total time for which application threads were stopped: 0.0081410 seconds, Stopping threads took: 0.0000240 seconds
2015-08-31T13:50:48.967+0200: 1510.945: Total time for which application threads were stopped: 0.0000723 seconds, Stopping threads took: 0.0000208 seconds
2015-08-31T13:50:48.979+0200: 1510.957: Total time for which application threads were stopped: 0.0000595 seconds, Stopping threads took: 0.0000122 seconds
2015-08-31T13:50:48.988+0200: 1510.966: Total time for which application threads were stopped: 0.0000694 seconds, Stopping threads took: 0.0000192 seconds
2015-08-31T13:50:48.988+0200: 1510.966: Total time for which application threads were stopped: 0.0000419 seconds, Stopping threads took: 0.0000074 seconds
2015-08-31T13:50:48.994+0200: 1510.972: Total time for which application threads were stopped: 0.0000771 seconds, Stopping threads took: 0.0000150 seconds
2015-08-31T13:50:48.995+0200: 1510.973: Total time for which application threads were stopped: 0.0000691 seconds, Stopping threads took: 0.0000176 seconds
2015-08-31T13:50:48.996+0200: 1510.974: Total time for which application threads were stopped: 0.0000970 seconds, Stopping threads took: 0.0000077 seconds
2015-08-31T13:50:49.136+0200: 1511.113: Total time for which application threads were stopped: 0.0000858 seconds, Stopping threads took: 0.0000259 seconds
2015-08-31T13:50:49.136+0200: 1511.114: Total time for which application threads were stopped: 0.0000426 seconds, Stopping threads took: 0.0000166 seconds
2015-08-31T13:50:49.136+0200: 1511.114: Total time for which application threads were stopped: 0.0000406 seconds, Stopping threads took: 0.0000163 seconds
2015-08-31T13:50:49.136+0200: 1511.114: Total time for which application threads were stopped: 0.0000400 seconds, Stopping threads took: 0.0000157 seconds
2015-08-31T13:50:49.136+0200: 1511.114: Total time for which application threads were stopped: 0.0000403 seconds, Stopping threads took: 0.0000160 seconds
2015-08-31T13:50:50.136+0200: 1512.113: Total time for which application threads were stopped: 0.0000605 seconds, Stopping threads took: 0.0000160 seconds
2015-08-31T13:50:54.851+0200: 1516.829: Total time for which application threads were stopped: 0.0000979 seconds, Stopping threads took: 0.0000128 seconds
2015-08-31T13:50:54.851+0200: 1516.829: Total time for which application threads were stopped: 0.0000234 seconds, Stopping threads took: 0.0000045 seconds
2015-08-31T13:50:54.852+0200: 1516.830: Total time for which application threads were stopped: 0.0000630 seconds, Stopping threads took: 0.0000176 seconds
2015-08-31T13:50:54.858+0200: 1516.836: Total time for which application threads were stopped: 0.0001034 seconds, Stopping threads took: 0.0000461 seconds
2015-08-31T13:50:54.858+0200: 1516.836: Total time for which application threads were stopped: 0.0000346 seconds, Stopping threads took: 0.0000058 seconds
2015-08-31T13:50:54.859+0200: 1516.837: Total time for which application threads were stopped: 0.0000317 seconds, Stopping threads took: 0.0000054 seconds
2015-08-31T13:50:54.869+0200: 1516.847: Total time for which application threads were stopped: 0.0000717 seconds, Stopping threads took: 0.0000218 seconds
2015-08-31T13:50:55.869+0200: 1517.847: Total time for which application threads were stopped: 0.0000723 seconds, Stopping threads took: 0.0000269 seconds
2015-08-31T13:51:22.193+0200: 1544.170: Total time for which application threads were stopped: 0.0000992 seconds, Stopping threads took: 0.0000224 seconds
2015-08-31T13:51:22.193+0200: 1544.170: Total time for which application threads were stopped: 0.0000352 seconds, Stopping threads took: 0.0000077 seconds
2015-08-31T13:51:22.193+0200: 1544.170: Total time for which application threads were stopped: 0.0000275 seconds, Stopping threads took: 0.0000090 seconds
2015-08-31T13:51:22.194+0200: 1544.171: Total time for which application threads were stopped: 0.0000483 seconds, Stopping threads took: 0.0000080 seconds
2015-08-31T13:51:22.205+0200: 1544.182: Total time for which application threads were stopped: 0.0000710 seconds, Stopping threads took: 0.0000160 seconds
2015-08-31T13:51:22.205+0200: 1544.183: Total time for which application threads were stopped: 0.0000448 seconds, Stopping threads took: 0.0000109 seconds
2015-08-31T13:51:22.206+0200: 1544.183: Total time for which application threads were stopped: 0.0000387 seconds, Stopping threads took: 0.0000138 seconds
2015-08-31T13:51:22.206+0200: 1544.183: Total time for which application threads were stopped: 0.0000397 seconds, Stopping threads took: 0.0000214 seconds
2015-08-31T13:51:22.206+0200: 1544.183: Total time for which application threads were stopped: 0.0000624 seconds, Stopping threads took: 0.0000154 seconds
2015-08-31T13:51:22.206+0200: 1544.184: Total time for which application threads were stopped: 0.0000403 seconds, Stopping threads took: 0.0000115 seconds
2015-08-31T13:51:22.207+0200: 1544.184: Total time for which application threads were stopped: 0.0000515 seconds, Stopping threads took: 0.0000093 seconds
2015-08-31T13:51:22.207+0200: 1544.184: Total time for which application threads were stopped: 0.0000477 seconds, Stopping threads took: 0.0000102 seconds
2015-08-31T13:51:22.207+0200: 1544.185: Total time for which application threads were stopped: 0.0000410 seconds, Stopping threads took: 0.0000083 seconds
2015-08-31T13:51:22.208+0200: 1544.185: Total time for which application threads were stopped: 0.0000435 seconds, Stopping threads took: 0.0000118 seconds
2015-08-31T13:51:22.208+0200: 1544.185: Total time for which application threads were stopped: 0.0000506 seconds, Stopping threads took: 0.0000131 seconds
2015-08-31T13:51:22.208+0200: 1544.186: Total time for which application threads were stopped: 0.0000720 seconds, Stopping threads took: 0.0000144 seconds
2015-08-31T13:51:22.210+0200: 1544.187: Total time for which application threads were stopped: 0.0003974 seconds, Stopping threads took: 0.0000224 seconds
2015-08-31T13:51:22.212+0200: 1544.189: Total time for which application threads were stopped: 0.0001674 seconds, Stopping threads took: 0.0000317 seconds
2015-08-31T13:51:23.142+0200: 1545.119: Total time for which application threads were stopped: 0.0001043 seconds, Stopping threads took: 0.0000259 seconds
2015-08-31T13:51:23.142+0200: 1545.119: Total time for which application threads were stopped: 0.0000390 seconds, Stopping threads took: 0.0000160 seconds
2015-08-31T13:51:23.143+0200: 1545.120: Total time for which application threads were stopped: 0.0003242 seconds, Stopping threads took: 0.0000058 seconds
2015-08-31T13:51:23.144+0200: 1545.121: Total time for which application threads were stopped: 0.0000624 seconds, Stopping threads took: 0.0000170 seconds
2015-08-31T13:51:28.673+0200: 1550.650: Total time for which application threads were stopped: 0.0000730 seconds, Stopping threads took: 0.0000256 seconds
2015-08-31T13:51:29.673+0200: 1551.650: Total time for which application threads were stopped: 0.0000710 seconds, Stopping threads took: 0.0000269 seconds
2015-08-31T13:51:34.419+0200: 1556.396: Total time for which application threads were stopped: 0.0000902 seconds, Stopping threads took: 0.0000144 seconds
2015-08-31T13:51:34.420+0200: 1556.396: Total time for which application threads were stopped: 0.0000464 seconds, Stopping threads took: 0.0000093 seconds
2015-08-31T13:51:34.420+0200: 1556.397: Total time for which application threads were stopped: 0.0000432 seconds, Stopping threads took: 0.0000099 seconds
2015-08-31T13:51:34.420+0200: 1556.397: Total time for which application threads were stopped: 0.0000502 seconds, Stopping threads took: 0.0000256 seconds
2015-08-31T13:51:34.421+0200: 1556.398: Total time for which application threads were stopped: 0.0001600 seconds, Stopping threads took: 0.0000982 seconds
2015-08-31T13:51:34.422+0200: 1556.399: Total time for which application threads were stopped: 0.0000778 seconds, Stopping threads took: 0.0000330 seconds
2015-08-31T13:51:34.423+0200: 1556.399: Total time for which application threads were stopped: 0.0001194 seconds, Stopping threads took: 0.0000282 seconds
2015-08-31T13:51:34.423+0200: 1556.400: Total time for which application threads were stopped: 0.0000477 seconds, Stopping threads took: 0.0000102 seconds
2015-08-31T13:51:39.423+0200: 1561.400: Total time for which application threads were stopped: 0.0000771 seconds, Stopping threads took: 0.0000240 seconds
2015-08-31T13:51:40.423+0200: 1562.400: Total time for which application threads were stopped: 0.0000733 seconds, Stopping threads took: 0.0000269 seconds
2015-08-31T13:51:41.430+0200: 1563.407: Total time for which application threads were stopped: 0.0000563 seconds, Stopping threads took: 0.0000122 seconds
2015-08-31T13:51:41.939+0200: 1563.916: Total time for which application threads were stopped: 0.0001008 seconds, Stopping threads took: 0.0000157 seconds
2015-08-31T13:51:41.939+0200: 1563.917: Total time for which application threads were stopped: 0.0001504 seconds, Stopping threads took: 0.0000112 seconds
2015-08-31T13:51:41.940+0200: 1563.917: Total time for which application threads were stopped: 0.0000650 seconds, Stopping threads took: 0.0000134 seconds
2015-08-31T13:51:41.941+0200: 1563.918: Total time for which application threads were stopped: 0.0000419 seconds, Stopping threads took: 0.0000086 seconds
2015-08-31T13:51:42.941+0200: 1564.918: Total time for which application threads were stopped: 0.0000752 seconds, Stopping threads took: 0.0000282 seconds
2015-08-31T13:51:43.941+0200: 1565.918: Total time for which application threads were stopped: 0.0000778 seconds, Stopping threads took: 0.0000272 seconds
2015-08-31T13:51:47.941+0200: 1569.918: Total time for which application threads were stopped: 0.0000755 seconds, Stopping threads took: 0.0000266 seconds
2015-08-31T13:51:49.125+0200: 1571.101: Total time for which application threads were stopped: 0.0000909 seconds, Stopping threads took: 0.0000320 seconds
2015-08-31T13:51:49.126+0200: 1571.102: Total time for which application threads were stopped: 0.0000966 seconds, Stopping threads took: 0.0000205 seconds
2015-08-31T13:51:50.126+0200: 1572.102: Total time for which application threads were stopped: 0.0000794 seconds, Stopping threads took: 0.0000259 seconds
2015-08-31T13:51:51.126+0200: 1573.102: Total time for which application threads were stopped: 0.0000845 seconds, Stopping threads took: 0.0000266 seconds
2015-08-31T13:51:54.126+0200: 1576.102: Total time for which application threads were stopped: 0.0000896 seconds, Stopping threads took: 0.0000291 seconds
2015-08-31T13:52:31.945+0200: 1613.921: Total time for which application threads were stopped: 0.0000669 seconds, Stopping threads took: 0.0000170 seconds
2015-08-31T13:52:31.945+0200: 1613.921: Total time for which application threads were stopped: 0.0000368 seconds, Stopping threads took: 0.0000077 seconds
2015-08-31T13:52:31.945+0200: 1613.921: Total time for which application threads were stopped: 0.0000342 seconds, Stopping threads took: 0.0000064 seconds
2015-08-31T13:52:31.945+0200: 1613.921: Total time for which application threads were stopped: 0.0000358 seconds, Stopping threads took: 0.0000115 seconds
2015-08-31T13:52:51.946+0200: 1633.922: Total time for which application threads were stopped: 0.0001037 seconds, Stopping threads took: 0.0000253 seconds
2015-08-31T14:00:26.032+0200: 2088.002: Total time for which application threads were stopped: 0.0000806 seconds, Stopping threads took: 0.0000118 seconds
2015-08-31T14:00:26.032+0200: 2088.002: Total time for which application threads were stopped: 0.0000442 seconds, Stopping threads took: 0.0000141 seconds
2015-08-31T14:00:26.032+0200: 2088.002: Total time for which application threads were stopped: 0.0000259 seconds, Stopping threads took: 0.0000070 seconds
2015-08-31T14:00:26.032+0200: 2088.002: Total time for which application threads were stopped: 0.0000243 seconds, Stopping threads took: 0.0000054 seconds
2015-08-31T14:00:26.032+0200: 2088.003: Total time for which application threads were stopped: 0.0000493 seconds, Stopping threads took: 0.0000077 seconds
2015-08-31T14:00:26.059+0200: 2088.029: Total time for which application threads were stopped: 0.0000736 seconds, Stopping threads took: 0.0000163 seconds
2015-08-31T14:00:26.059+0200: 2088.029: Total time for which application threads were stopped: 0.0000493 seconds, Stopping threads took: 0.0000144 seconds
2015-08-31T14:01:42.879+0200: 2164.849: Total time for which application threads were stopped: 0.0001139 seconds, Stopping threads took: 0.0000211 seconds
2015-08-31T14:01:42.880+0200: 2164.849: Total time for which application threads were stopped: 0.0000653 seconds, Stopping threads took: 0.0000368 seconds
2015-08-31T14:01:42.880+0200: 2164.849: Total time for which application threads were stopped: 0.0000301 seconds, Stopping threads took: 0.0000064 seconds
2015-08-31T14:01:42.881+0200: 2164.851: Total time for which application threads were stopped: 0.0000554 seconds, Stopping threads took: 0.0000109 seconds
2015-08-31T14:01:42.886+0200: 2164.855: Total time for which application threads were stopped: 0.0000650 seconds, Stopping threads took: 0.0000154 seconds
2015-08-31T14:01:42.886+0200: 2164.856: Total time for which application threads were stopped: 0.0000467 seconds, Stopping threads took: 0.0000170 seconds
2015-08-31T14:01:42.887+0200: 2164.856: Total time for which application threads were stopped: 0.0000541 seconds, Stopping threads took: 0.0000186 seconds
2015-08-31T14:01:42.905+0200: 2164.875: Total time for which application threads were stopped: 0.0001040 seconds, Stopping threads took: 0.0000320 seconds
2015-08-31T14:02:22.750+0200: 2204.719: Total time for which application threads were stopped: 0.0000618 seconds, Stopping threads took: 0.0000157 seconds
2015-08-31T14:02:22.751+0200: 2204.719: Total time for which application threads were stopped: 0.0000384 seconds, Stopping threads took: 0.0000138 seconds
2015-08-31T14:02:22.757+0200: 2204.725: Total time for which application threads were stopped: 0.0004141 seconds, Stopping threads took: 0.0000115 seconds
2015-08-31T14:02:22.757+0200: 2204.726: Total time for which application threads were stopped: 0.0000672 seconds, Stopping threads took: 0.0000080 seconds
2015-08-31T14:02:22.789+0200: 2204.757: Total time for which application threads were stopped: 0.0001488 seconds, Stopping threads took: 0.0000157 seconds
2015-08-31T14:02:22.789+0200: 2204.757: Total time for which application threads were stopped: 0.0000298 seconds, Stopping threads took: 0.0000074 seconds
2015-08-31T14:02:22.790+0200: 2204.758: Total time for which application threads were stopped: 0.0000534 seconds, Stopping threads took: 0.0000189 seconds
2015-08-31T14:02:22.790+0200: 2204.759: Total time for which application threads were stopped: 0.0000470 seconds, Stopping threads took: 0.0000093 seconds
2015-08-31T14:02:22.790+0200: 2204.759: Total time for which application threads were stopped: 0.0000595 seconds, Stopping threads took: 0.0000227 seconds
2015-08-31T14:02:22.792+0200: 2204.760: Total time for which application threads were stopped: 0.0000589 seconds, Stopping threads took: 0.0000131 seconds
2015-08-31T14:02:22.899+0200: 2204.868: Total time for which application threads were stopped: 0.0000842 seconds, Stopping threads took: 0.0000304 seconds
2015-08-31T14:02:22.901+0200: 2204.869: Total time for which application threads were stopped: 0.0000598 seconds, Stopping threads took: 0.0000106 seconds
2015-08-31T14:02:22.901+0200: 2204.869: Total time for which application threads were stopped: 0.0000784 seconds, Stopping threads took: 0.0000214 seconds
2015-08-31T14:02:22.901+0200: 2204.869: Total time for which application threads were stopped: 0.0000515 seconds, Stopping threads took: 0.0000109 seconds
2015-08-31T14:02:22.912+0200: 2204.880: Total time for which application threads were stopped: 0.0001008 seconds, Stopping threads took: 0.0000224 seconds
2015-08-31T14:02:56.920+0200: 2238.888: Total time for which application threads were stopped: 0.0000790 seconds, Stopping threads took: 0.0000138 seconds
2015-08-31T14:02:56.920+0200: 2238.888: Total time for which application threads were stopped: 0.0000227 seconds, Stopping threads took: 0.0000042 seconds
2015-08-31T14:02:56.921+0200: 2238.889: Total time for which application threads were stopped: 0.0000570 seconds, Stopping threads took: 0.0000099 seconds
2015-08-31T14:02:57.083+0200: 2239.051: Total time for which application threads were stopped: 0.0001485 seconds, Stopping threads took: 0.0000160 seconds
{Heap before GC invocations=14 (full 1):
 par new generation   total 109248K, used 102485K [0x00000000e0000000, 0x00000000e8000000, 0x00000000e8000000)
  eden space 87424K, 100% used [0x00000000e0000000, 0x00000000e5560000, 0x00000000e5560000)
  from space 21824K,  69% used [0x00000000e5560000, 0x00000000e6415590, 0x00000000e6ab0000)
  to   space 21824K,   0% used [0x00000000e6ab0000, 0x00000000e6ab0000, 0x00000000e8000000)
 concurrent mark-sweep generation total 393216K, used 6071K [0x00000000e8000000, 0x0000000100000000, 0x0000000100000000)
 Metaspace       used 31849K, capacity 32250K, committed 32508K, reserved 1077248K
  class space    used 3664K, capacity 3823K, committed 3840K, reserved 1048576K
2015-08-31T14:02:57.317+0200: 2239.285: [GC (Allocation Failure) 2239.285: [ParNew
Desired survivor size 20112992 bytes, new threshold 8 (max 8)
- age   1:    4326024 bytes,    4326024 total
- age   2:    3116440 bytes,    7442464 total
- age   3:      89216 bytes,    7531680 total
- age   4:     929056 bytes,    8460736 total
- age   5:    7025864 bytes,   15486600 total
- age   6:      78840 bytes,   15565440 total
- age   7:    1013680 bytes,   16579120 total
- age   8:       4112 bytes,   16583232 total
: 102485K->17211K(109248K), 0.0078223 secs] 108556K->23749K(502464K), 0.0078937 secs] [Times: user=0.06 sys=0.00, real=0.01 secs] 
Heap after GC invocations=15 (full 1):
 par new generation   total 109248K, used 17211K [0x00000000e0000000, 0x00000000e8000000, 0x00000000e8000000)
  eden space 87424K,   0% used [0x00000000e0000000, 0x00000000e0000000, 0x00000000e5560000)
  from space 21824K,  78% used [0x00000000e6ab0000, 0x00000000e7b7ecb0, 0x00000000e8000000)
  to   space 21824K,   0% used [0x00000000e5560000, 0x00000000e5560000, 0x00000000e6ab0000)
 concurrent mark-sweep generation total 393216K, used 6537K [0x00000000e8000000, 0x0000000100000000, 0x0000000100000000)
 Metaspace       used 31849K, capacity 32250K, committed 32508K, reserved 1077248K
  class space    used 3664K, capacity 3823K, committed 3840K, reserved 1048576K
}
2015-08-31T14:02:57.325+0200: 2239.293: Total time for which application threads were stopped: 0.0080847 seconds, Stopping threads took: 0.0000154 seconds
2015-08-31T14:02:57.325+0200: 2239.293: Total time for which application threads were stopped: 0.0000954 seconds, Stopping threads took: 0.0000243 seconds
2015-08-31T14:02:57.326+0200: 2239.293: Total time for which application threads were stopped: 0.0000950 seconds, Stopping threads took: 0.0000163 seconds
2015-08-31T14:02:57.326+0200: 2239.293: Total time for which application threads were stopped: 0.0000538 seconds, Stopping threads took: 0.0000064 seconds
2015-08-31T14:02:57.326+0200: 2239.293: Total time for which application threads were stopped: 0.0000496 seconds, Stopping threads took: 0.0000051 seconds
2015-08-31T14:02:57.326+0200: 2239.294: Total time for which application threads were stopped: 0.0000742 seconds, Stopping threads took: 0.0000144 seconds
2015-08-31T14:02:57.326+0200: 2239.294: Total time for which application threads were stopped: 0.0000787 seconds, Stopping threads took: 0.0000387 seconds
2015-08-31T14:02:57.326+0200: 2239.294: Total time for which application threads were stopped: 0.0000538 seconds, Stopping threads took: 0.0000067 seconds
2015-08-31T14:02:57.326+0200: 2239.294: Total time for which application threads were stopped: 0.0000550 seconds, Stopping threads took: 0.0000096 seconds
2015-08-31T14:02:57.326+0200: 2239.294: Total time for which application threads were stopped: 0.0000650 seconds, Stopping threads took: 0.0000189 seconds
2015-08-31T14:02:57.326+0200: 2239.294: Total time for which application threads were stopped: 0.0000502 seconds, Stopping threads took: 0.0000048 seconds
2015-08-31T14:02:57.326+0200: 2239.294: Total time for which application threads were stopped: 0.0000726 seconds, Stopping threads took: 0.0000128 seconds
2015-08-31T14:02:57.326+0200: 2239.294: Total time for which application threads were stopped: 0.0000611 seconds, Stopping threads took: 0.0000077 seconds
2015-08-31T14:02:57.326+0200: 2239.294: Total time for which application threads were stopped: 0.0000506 seconds, Stopping threads took: 0.0000096 seconds
2015-08-31T14:02:57.327+0200: 2239.294: Total time for which application threads were stopped: 0.0000499 seconds, Stopping threads took: 0.0000112 seconds
2015-08-31T14:02:57.327+0200: 2239.294: Total time for which application threads were stopped: 0.0000496 seconds, Stopping threads took: 0.0000115 seconds
2015-08-31T14:02:57.327+0200: 2239.294: Total time for which application threads were stopped: 0.0000467 seconds, Stopping threads took: 0.0000093 seconds
2015-08-31T14:02:57.327+0200: 2239.294: Total time for which application threads were stopped: 0.0000758 seconds, Stopping threads took: 0.0000390 seconds
2015-08-31T14:02:57.327+0200: 2239.295: Total time for which application threads were stopped: 0.0001027 seconds, Stopping threads took: 0.0000144 seconds
{Heap before GC invocations=15 (full 1):
 par new generation   total 109248K, used 104635K [0x00000000e0000000, 0x00000000e8000000, 0x00000000e8000000)
  eden space 87424K, 100% used [0x00000000e0000000, 0x00000000e5560000, 0x00000000e5560000)
  from space 21824K,  78% used [0x00000000e6ab0000, 0x00000000e7b7ecb0, 0x00000000e8000000)
  to   space 21824K,   0% used [0x00000000e5560000, 0x00000000e5560000, 0x00000000e6ab0000)
 concurrent mark-sweep generation total 393216K, used 6537K [0x00000000e8000000, 0x0000000100000000, 0x0000000100000000)
 Metaspace       used 31854K, capacity 32250K, committed 32508K, reserved 1077248K
  class space    used 3664K, capacity 3823K, committed 3840K, reserved 1048576K
2015-08-31T14:02:57.692+0200: 2239.660: [GC (Allocation Failure) 2239.660: [ParNew
Desired survivor size 20112992 bytes, new threshold 8 (max 8)
- age   1:    4785928 bytes,    4785928 total
- age   2:    2781544 bytes,    7567472 total
- age   3:    3107384 bytes,   10674856 total
- age   4:      88816 bytes,   10763672 total
- age   5:     844872 bytes,   11608544 total
- age   6:    4683352 bytes,   16291896 total
- age   7:      77496 bytes,   16369392 total
- age   8:     935968 bytes,   17305360 total
: 104635K->19588K(109248K), 0.0270307 secs] 111173K->26130K(502464K), 0.0270918 secs] [Times: user=0.13 sys=0.00, real=0.03 secs] 
Heap after GC invocations=16 (full 1):
 par new generation   total 109248K, used 19588K [0x00000000e0000000, 0x00000000e8000000, 0x00000000e8000000)
  eden space 87424K,   0% used [0x00000000e0000000, 0x00000000e0000000, 0x00000000e5560000)
  from space 21824K,  89% used [0x00000000e5560000, 0x00000000e6881398, 0x00000000e6ab0000)
  to   space 21824K,   0% used [0x00000000e6ab0000, 0x00000000e6ab0000, 0x00000000e8000000)
 concurrent mark-sweep generation total 393216K, used 6542K [0x00000000e8000000, 0x0000000100000000, 0x0000000100000000)
 Metaspace       used 31854K, capacity 32250K, committed 32508K, reserved 1077248K
  class space    used 3664K, capacity 3823K, committed 3840K, reserved 1048576K
}
2015-08-31T14:02:57.719+0200: 2239.687: Total time for which application threads were stopped: 0.0273651 seconds, Stopping threads took: 0.0000310 seconds
{Heap before GC invocations=16 (full 1):
 par new generation   total 109248K, used 106970K [0x00000000e0000000, 0x00000000e8000000, 0x00000000e8000000)
  eden space 87424K,  99% used [0x00000000e0000000, 0x00000000e55555b8, 0x00000000e5560000)
  from space 21824K,  89% used [0x00000000e5560000, 0x00000000e6881398, 0x00000000e6ab0000)
  to   space 21824K,   0% used [0x00000000e6ab0000, 0x00000000e6ab0000, 0x00000000e8000000)
 concurrent mark-sweep generation total 393216K, used 6542K [0x00000000e8000000, 0x0000000100000000, 0x0000000100000000)
 Metaspace       used 31860K, capacity 32250K, committed 32508K, reserved 1077248K
  class space    used 3665K, capacity 3823K, committed 3840K, reserved 1048576K
2015-08-31T14:02:58.031+0200: 2239.999: [GC (Allocation Failure) 2239.999: [ParNew
Desired survivor size 20112992 bytes, new threshold 7 (max 8)
- age   1:    6150792 bytes,    6150792 total
- age   2:    2992504 bytes,    9143296 total
- age   3:    2586616 bytes,   11729912 total
- age   4:    2973424 bytes,   14703336 total
- age   5:      88816 bytes,   14792152 total
- age   6:     844848 bytes,   15637000 total
- age   7:    4559568 bytes,   20196568 total
- age   8:      77496 bytes,   20274064 total
: 106970K->21824K(109248K), 0.0107896 secs] 113512K->29997K(502464K), 0.0108523 secs] [Times: user=0.06 sys=0.00, real=0.01 secs] 
Heap after GC invocations=17 (full 1):
 par new generation   total 109248K, used 21824K [0x00000000e0000000, 0x00000000e8000000, 0x00000000e8000000)
  eden space 87424K,   0% used [0x00000000e0000000, 0x00000000e0000000, 0x00000000e5560000)
  from space 21824K, 100% used [0x00000000e6ab0000, 0x00000000e8000000, 0x00000000e8000000)
  to   space 21824K,   0% used [0x00000000e5560000, 0x00000000e5560000, 0x00000000e6ab0000)
 concurrent mark-sweep generation total 393216K, used 8173K [0x00000000e8000000, 0x0000000100000000, 0x0000000100000000)
 Metaspace       used 31860K, capacity 32250K, committed 32508K, reserved 1077248K
  class space    used 3665K, capacity 3823K, committed 3840K, reserved 1048576K
}
2015-08-31T14:02:58.042+0200: 2240.010: Total time for which application threads were stopped: 0.0110434 seconds, Stopping threads took: 0.0000157 seconds
{Heap before GC invocations=17 (full 1):
 par new generation   total 109248K, used 109248K [0x00000000e0000000, 0x00000000e8000000, 0x00000000e8000000)
  eden space 87424K, 100% used [0x00000000e0000000, 0x00000000e5560000, 0x00000000e5560000)
  from space 21824K, 100% used [0x00000000e6ab0000, 0x00000000e8000000, 0x00000000e8000000)
  to   space 21824K,   0% used [0x00000000e5560000, 0x00000000e5560000, 0x00000000e6ab0000)
 concurrent mark-sweep generation total 393216K, used 8173K [0x00000000e8000000, 0x0000000100000000, 0x0000000100000000)
 Metaspace       used 31861K, capacity 32250K, committed 32508K, reserved 1077248K
  class space    used 3665K, capacity 3823K, committed 3840K, reserved 1048576K
2015-08-31T14:02:58.352+0200: 2240.320: [GC (Allocation Failure) 2240.320: [ParNew
Desired survivor size 20112992 bytes, new threshold 8 (max 8)
- age   1:    6045992 bytes,    6045992 total
- age   2:    2618328 bytes,    8664320 total
- age   3:    2437592 bytes,   11101912 total
- age   4:    2514896 bytes,   13616808 total
- age   5:    2973400 bytes,   16590208 total
- age   6:      88816 bytes,   16679024 total
- age   7:     844848 bytes,   17523872 total
: 109248K->21824K(109248K), 0.0131518 secs] 117421K->35716K(502464K), 0.0132478 secs] [Times: user=0.00 sys=0.00, real=0.01 secs] 
Heap after GC invocations=18 (full 1):
 par new generation   total 109248K, used 21824K [0x00000000e0000000, 0x00000000e8000000, 0x00000000e8000000)
  eden space 87424K,   0% used [0x00000000e0000000, 0x00000000e0000000, 0x00000000e5560000)
  from space 21824K, 100% used [0x00000000e5560000, 0x00000000e6ab0000, 0x00000000e6ab0000)
  to   space 21824K,   0% used [0x00000000e6ab0000, 0x00000000e6ab0000, 0x00000000e8000000)
 concurrent mark-sweep generation total 393216K, used 13892K [0x00000000e8000000, 0x0000000100000000, 0x0000000100000000)
 Metaspace       used 31861K, capacity 32250K, committed 32508K, reserved 1077248K
  class space    used 3665K, capacity 3823K, committed 3840K, reserved 1048576K
}
2015-08-31T14:02:58.366+0200: 2240.333: Total time for which application threads were stopped: 0.0134322 seconds, Stopping threads took: 0.0000173 seconds
{Heap before GC invocations=18 (full 1):
 par new generation   total 109248K, used 109248K [0x00000000e0000000, 0x00000000e8000000, 0x00000000e8000000)
  eden space 87424K, 100% used [0x00000000e0000000, 0x00000000e5560000, 0x00000000e5560000)
  from space 21824K, 100% used [0x00000000e5560000, 0x00000000e6ab0000, 0x00000000e6ab0000)
  to   space 21824K,   0% used [0x00000000e6ab0000, 0x00000000e6ab0000, 0x00000000e8000000)
 concurrent mark-sweep generation total 393216K, used 13892K [0x00000000e8000000, 0x0000000100000000, 0x0000000100000000)
 Metaspace       used 31863K, capacity 32250K, committed 32508K, reserved 1077248K
  class space    used 3665K, capacity 3823K, committed 3840K, reserved 1048576K
2015-08-31T14:02:58.674+0200: 2240.642: [GC (Allocation Failure) 2240.642: [ParNew
Desired survivor size 20112992 bytes, new threshold 8 (max 8)
- age   1:    3803064 bytes,    3803064 total
- age   2:    3653416 bytes,    7456480 total
- age   3:    2588664 bytes,   10045144 total
- age   4:    2437592 bytes,   12482736 total
- age   5:    2514896 bytes,   14997632 total
- age   6:    2973400 bytes,   17971032 total
- age   7:      88816 bytes,   18059848 total
- age   8:     844848 bytes,   18904696 total
: 109248K->21824K(109248K), 0.0085410 secs] 123140K->38007K(502464K), 0.0086028 secs] [Times: user=0.06 sys=0.00, real=0.01 secs] 
Heap after GC invocations=19 (full 1):
 par new generation   total 109248K, used 21824K [0x00000000e0000000, 0x00000000e8000000, 0x00000000e8000000)
  eden space 87424K,   0% used [0x00000000e0000000, 0x00000000e0000000, 0x00000000e5560000)
  from space 21824K, 100% used [0x00000000e6ab0000, 0x00000000e8000000, 0x00000000e8000000)
  to   space 21824K,   0% used [0x00000000e5560000, 0x00000000e5560000, 0x00000000e6ab0000)
 concurrent mark-sweep generation total 393216K, used 16183K [0x00000000e8000000, 0x0000000100000000, 0x0000000100000000)
 Metaspace       used 31863K, capacity 32250K, committed 32508K, reserved 1077248K
  class space    used 3665K, capacity 3823K, committed 3840K, reserved 1048576K
}
2015-08-31T14:02:58.683+0200: 2240.650: Total time for which application threads were stopped: 0.0087589 seconds, Stopping threads took: 0.0000141 seconds
2015-08-31T14:02:58.748+0200: 2240.715: Total time for which application threads were stopped: 0.0000707 seconds, Stopping threads took: 0.0000138 seconds
2015-08-31T14:02:58.816+0200: 2240.784: Total time for which application threads were stopped: 0.0000707 seconds, Stopping threads took: 0.0000141 seconds
{Heap before GC invocations=19 (full 1):
 par new generation   total 109248K, used 109248K [0x00000000e0000000, 0x00000000e8000000, 0x00000000e8000000)
  eden space 87424K, 100% used [0x00000000e0000000, 0x00000000e5560000, 0x00000000e5560000)
  from space 21824K, 100% used [0x00000000e6ab0000, 0x00000000e8000000, 0x00000000e8000000)
  to   space 21824K,   0% used [0x00000000e5560000, 0x00000000e5560000, 0x00000000e6ab0000)
 concurrent mark-sweep generation total 393216K, used 16183K [0x00000000e8000000, 0x0000000100000000, 0x0000000100000000)
 Metaspace       used 31863K, capacity 32250K, committed 32508K, reserved 1077248K
  class space    used 3665K, capacity 3823K, committed 3840K, reserved 1048576K
2015-08-31T14:02:58.971+0200: 2240.939: [GC (Allocation Failure) 2240.939: [ParNew
Desired survivor size 20112992 bytes, new threshold 7 (max 8)
- age   1:    4633952 bytes,    4633952 total
- age   2:    2673528 bytes,    7307480 total
- age   3:    3594848 bytes,   10902328 total
- age   4:    2341992 bytes,   13244320 total
- age   5:    2389424 bytes,   15633744 total
- age   6:    2286216 bytes,   17919960 total
- age   7:    2502104 bytes,   20422064 total
- age   8:      85136 bytes,   20507200 total
: 109248K->21824K(109248K), 0.0101893 secs] 125431K->42190K(502464K), 0.0102543 secs] [Times: user=0.06 sys=0.00, real=0.01 secs] 
Heap after GC invocations=20 (full 1):
 par new generation   total 109248K, used 21824K [0x00000000e0000000, 0x00000000e8000000, 0x00000000e8000000)
  eden space 87424K,   0% used [0x00000000e0000000, 0x00000000e0000000, 0x00000000e5560000)
  from space 21824K, 100% used [0x00000000e5560000, 0x00000000e6ab0000, 0x00000000e6ab0000)
  to   space 21824K,   0% used [0x00000000e6ab0000, 0x00000000e6ab0000, 0x00000000e8000000)
 concurrent mark-sweep generation total 393216K, used 20366K [0x00000000e8000000, 0x0000000100000000, 0x0000000100000000)
 Metaspace       used 31863K, capacity 32250K, committed 32508K, reserved 1077248K
  class space    used 3665K, capacity 3823K, committed 3840K, reserved 1048576K
}
2015-08-31T14:02:58.981+0200: 2240.949: Total time for which application threads were stopped: 0.0104082 seconds, Stopping threads took: 0.0000138 seconds
{Heap before GC invocations=20 (full 1):
 par new generation   total 109248K, used 109248K [0x00000000e0000000, 0x00000000e8000000, 0x00000000e8000000)
  eden space 87424K, 100% used [0x00000000e0000000, 0x00000000e5560000, 0x00000000e5560000)
  from space 21824K, 100% used [0x00000000e5560000, 0x00000000e6ab0000, 0x00000000e6ab0000)
  to   space 21824K,   0% used [0x00000000e6ab0000, 0x00000000e6ab0000, 0x00000000e8000000)
 concurrent mark-sweep generation total 393216K, used 20366K [0x00000000e8000000, 0x0000000100000000, 0x0000000100000000)
 Metaspace       used 31863K, capacity 32250K, committed 32508K, reserved 1077248K
  class space    used 3665K, capacity 3823K, committed 3840K, reserved 1048576K
2015-08-31T14:02:59.277+0200: 2241.245: [GC (Allocation Failure) 2241.245: [ParNew
Desired survivor size 20112992 bytes, new threshold 8 (max 8)
- age   1:    2857960 bytes,    2857960 total
- age   2:    2680776 bytes,    5538736 total
- age   3:    2462528 bytes,    8001264 total
- age   4:    3280176 bytes,   11281440 total
- age   5:    2102976 bytes,   13384416 total
- age   6:    2151768 bytes,   15536184 total
- age   7:    1927480 bytes,   17463664 total
: 109248K->21824K(109248K), 0.0113973 secs] 129614K->51740K(502464K), 0.0114779 secs] [Times: user=0.05 sys=0.02, real=0.01 secs] 
Heap after GC invocations=21 (full 1):
 par new generation   total 109248K, used 21824K [0x00000000e0000000, 0x00000000e8000000, 0x00000000e8000000)
  eden space 87424K,   0% used [0x00000000e0000000, 0x00000000e0000000, 0x00000000e5560000)
  from space 21824K, 100% used [0x00000000e6ab0000, 0x00000000e8000000, 0x00000000e8000000)
  to   space 21824K,   0% used [0x00000000e5560000, 0x00000000e5560000, 0x00000000e6ab0000)
 concurrent mark-sweep generation total 393216K, used 29916K [0x00000000e8000000, 0x0000000100000000, 0x0000000100000000)
 Metaspace       used 31863K, capacity 32250K, committed 32508K, reserved 1077248K
  class space    used 3665K, capacity 3823K, committed 3840K, reserved 1048576K
}
2015-08-31T14:02:59.289+0200: 2241.257: Total time for which application threads were stopped: 0.0116312 seconds, Stopping threads took: 0.0000138 seconds
{Heap before GC invocations=21 (full 1):
 par new generation   total 109248K, used 109248K [0x00000000e0000000, 0x00000000e8000000, 0x00000000e8000000)
  eden space 87424K, 100% used [0x00000000e0000000, 0x00000000e5560000, 0x00000000e5560000)
  from space 21824K, 100% used [0x00000000e6ab0000, 0x00000000e8000000, 0x00000000e8000000)
  to   space 21824K,   0% used [0x00000000e5560000, 0x00000000e5560000, 0x00000000e6ab0000)
 concurrent mark-sweep generation total 393216K, used 29916K [0x00000000e8000000, 0x0000000100000000, 0x0000000100000000)
 Metaspace       used 31865K, capacity 32250K, committed 32508K, reserved 1077248K
  class space    used 3665K, capacity 3823K, committed 3840K, reserved 1048576K
2015-08-31T14:02:59.584+0200: 2241.552: [GC (Allocation Failure) 2241.552: [ParNew
Desired survivor size 20112992 bytes, new threshold 8 (max 8)
- age   1:    3479624 bytes,    3479624 total
- age   2:    1841576 bytes,    5321200 total
- age   3:    2596952 bytes,    7918152 total
- age   4:    2357760 bytes,   10275912 total
- age   5:    2143976 bytes,   12419888 total
- age   6:    2047696 bytes,   14467584 total
- age   7:    2099208 bytes,   16566792 total
- age   8:    1735224 bytes,   18302016 total
: 109248K->21824K(109248K), 0.0091541 secs] 139164K->58311K(502464K), 0.0092463 secs] [Times: user=0.00 sys=0.00, real=0.01 secs] 
Heap after GC invocations=22 (full 1):
 par new generation   total 109248K, used 21824K [0x00000000e0000000, 0x00000000e8000000, 0x00000000e8000000)
  eden space 87424K,   0% used [0x00000000e0000000, 0x00000000e0000000, 0x00000000e5560000)
  from space 21824K, 100% used [0x00000000e5560000, 0x00000000e6ab0000, 0x00000000e6ab0000)
  to   space 21824K,   0% used [0x00000000e6ab0000, 0x00000000e6ab0000, 0x00000000e8000000)
 concurrent mark-sweep generation total 393216K, used 36487K [0x00000000e8000000, 0x0000000100000000, 0x0000000100000000)
 Metaspace       used 31865K, capacity 32250K, committed 32508K, reserved 1077248K
  class space    used 3665K, capacity 3823K, committed 3840K, reserved 1048576K
}
2015-08-31T14:02:59.593+0200: 2241.561: Total time for which application threads were stopped: 0.0094575 seconds, Stopping threads took: 0.0000240 seconds
{Heap before GC invocations=22 (full 1):
 par new generation   total 109248K, used 109248K [0x00000000e0000000, 0x00000000e8000000, 0x00000000e8000000)
  eden space 87424K, 100% used [0x00000000e0000000, 0x00000000e5560000, 0x00000000e5560000)
  from space 21824K, 100% used [0x00000000e5560000, 0x00000000e6ab0000, 0x00000000e6ab0000)
  to   space 21824K,   0% used [0x00000000e6ab0000, 0x00000000e6ab0000, 0x00000000e8000000)
 concurrent mark-sweep generation total 393216K, used 36487K [0x00000000e8000000, 0x0000000100000000, 0x0000000100000000)
 Metaspace       used 31866K, capacity 32250K, committed 32508K, reserved 1077248K
  class space    used 3665K, capacity 3823K, committed 3840K, reserved 1048576K
2015-08-31T14:02:59.909+0200: 2241.876: [GC (Allocation Failure) 2241.876: [ParNew
Desired survivor size 20112992 bytes, new threshold 8 (max 8)
- age   1:    5517600 bytes,    5517600 total
- age   2:    2156392 bytes,    7673992 total
- age   3:    1371336 bytes,    9045328 total
- age   4:    1997208 bytes,   11042536 total
- age   5:    1768616 bytes,   12811152 total
- age   6:    2052728 bytes,   14863880 total
- age   7:    1952560 bytes,   16816440 total
- age   8:    2013880 bytes,   18830320 total
: 109248K->21824K(109248K), 0.0097935 secs] 145735K->63109K(502464K), 0.0098578 secs] [Times: user=0.06 sys=0.00, real=0.01 secs] 
Heap after GC invocations=23 (full 1):
 par new generation   total 109248K, used 21824K [0x00000000e0000000, 0x00000000e8000000, 0x00000000e8000000)
  eden space 87424K,   0% used [0x00000000e0000000, 0x00000000e0000000, 0x00000000e5560000)
  from space 21824K, 100% used [0x00000000e6ab0000, 0x00000000e8000000, 0x00000000e8000000)
  to   space 21824K,   0% used [0x00000000e5560000, 0x00000000e5560000, 0x00000000e6ab0000)
 concurrent mark-sweep generation total 393216K, used 41285K [0x00000000e8000000, 0x0000000100000000, 0x0000000100000000)
 Metaspace       used 31866K, capacity 32250K, committed 32508K, reserved 1077248K
  class space    used 3665K, capacity 3823K, committed 3840K, reserved 1048576K
}
2015-08-31T14:02:59.918+0200: 2241.886: Total time for which application threads were stopped: 0.0100332 seconds, Stopping threads took: 0.0000141 seconds
{Heap before GC invocations=23 (full 1):
 par new generation   total 109248K, used 109248K [0x00000000e0000000, 0x00000000e8000000, 0x00000000e8000000)
  eden space 87424K, 100% used [0x00000000e0000000, 0x00000000e5560000, 0x00000000e5560000)
  from space 21824K, 100% used [0x00000000e6ab0000, 0x00000000e8000000, 0x00000000e8000000)
  to   space 21824K,   0% used [0x00000000e5560000, 0x00000000e5560000, 0x00000000e6ab0000)
 concurrent mark-sweep generation total 393216K, used 41285K [0x00000000e8000000, 0x0000000100000000, 0x0000000100000000)
 Metaspace       used 31866K, capacity 32250K, committed 32508K, reserved 1077248K
  class space    used 3665K, capacity 3823K, committed 3840K, reserved 1048576K
2015-08-31T14:03:00.214+0200: 2242.182: [GC (Allocation Failure) 2242.182: [ParNew
Desired survivor size 20112992 bytes, new threshold 8 (max 8)
- age   1:    6884160 bytes,    6884160 total
- age   2:    2908440 bytes,    9792600 total
- age   3:    1384192 bytes,   11176792 total
- age   4:    1292112 bytes,   12468904 total
- age   5:    1792192 bytes,   14261096 total
- age   6:    1691280 bytes,   15952376 total
- age   7:    1986440 bytes,   17938816 total
- age   8:    1903768 bytes,   19842584 total
: 109248K->21824K(109248K), 0.0098789 secs] 150533K->69328K(502464K), 0.0099388 secs] [Times: user=0.06 sys=0.00, real=0.01 secs] 
Heap after GC invocations=24 (full 1):
 par new generation   total 109248K, used 21824K [0x00000000e0000000, 0x00000000e8000000, 0x00000000e8000000)
  eden space 87424K,   0% used [0x00000000e0000000, 0x00000000e0000000, 0x00000000e5560000)
  from space 21824K, 100% used [0x00000000e5560000, 0x00000000e6ab0000, 0x00000000e6ab0000)
  to   space 21824K,   0% used [0x00000000e6ab0000, 0x00000000e6ab0000, 0x00000000e8000000)
 concurrent mark-sweep generation total 393216K, used 47504K [0x00000000e8000000, 0x0000000100000000, 0x0000000100000000)
 Metaspace       used 31866K, capacity 32250K, committed 32508K, reserved 1077248K
  class space    used 3665K, capacity 3823K, committed 3840K, reserved 1048576K
}
2015-08-31T14:03:00.224+0200: 2242.192: Total time for which application threads were stopped: 0.0100885 seconds, Stopping threads took: 0.0000141 seconds
{Heap before GC invocations=24 (full 1):
 par new generation   total 109248K, used 109248K [0x00000000e0000000, 0x00000000e8000000, 0x00000000e8000000)
  eden space 87424K, 100% used [0x00000000e0000000, 0x00000000e5560000, 0x00000000e5560000)
  from space 21824K, 100% used [0x00000000e5560000, 0x00000000e6ab0000, 0x00000000e6ab0000)
  to   space 21824K,   0% used [0x00000000e6ab0000, 0x00000000e6ab0000, 0x00000000e8000000)
 concurrent mark-sweep generation total 393216K, used 47504K [0x00000000e8000000, 0x0000000100000000, 0x0000000100000000)
 Metaspace       used 31866K, capacity 32250K, committed 32508K, reserved 1077248K
  class space    used 3665K, capacity 3823K, committed 3840K, reserved 1048576K
2015-08-31T14:03:00.515+0200: 2242.483: [GC (Allocation Failure) 2242.483: [ParNew
Desired survivor size 20112992 bytes, new threshold 8 (max 8)
- age   1:    7837384 bytes,    7837384 total
- age   2:    1277880 bytes,    9115264 total
- age   3:    2834976 bytes,   11950240 total
- age   4:    1321288 bytes,   13271528 total
- age   5:    1240072 bytes,   14511600 total
- age   6:    1608040 bytes,   16119640 total
- age   7:    1639392 bytes,   17759032 total
- age   8:    1947832 bytes,   19706864 total
: 109248K->21824K(109248K), 0.0099528 secs] 156752K->74356K(502464K), 0.0100124 secs] [Times: user=0.06 sys=0.00, real=0.01 secs] 
Heap after GC invocations=25 (full 1):
 par new generation   total 109248K, used 21824K [0x00000000e0000000, 0x00000000e8000000, 0x00000000e8000000)
  eden space 87424K,   0% used [0x00000000e0000000, 0x00000000e0000000, 0x00000000e5560000)
  from space 21824K, 100% used [0x00000000e6ab0000, 0x00000000e8000000, 0x00000000e8000000)
  to   space 21824K,   0% used [0x00000000e5560000, 0x00000000e5560000, 0x00000000e6ab0000)
 concurrent mark-sweep generation total 393216K, used 52532K [0x00000000e8000000, 0x0000000100000000, 0x0000000100000000)
 Metaspace       used 31866K, capacity 32250K, committed 32508K, reserved 1077248K
  class space    used 3665K, capacity 3823K, committed 3840K, reserved 1048576K
}
2015-08-31T14:03:00.526+0200: 2242.493: Total time for which application threads were stopped: 0.0101644 seconds, Stopping threads took: 0.0000141 seconds
{Heap before GC invocations=25 (full 1):
 par new generation   total 109248K, used 109248K [0x00000000e0000000, 0x00000000e8000000, 0x00000000e8000000)
  eden space 87424K, 100% used [0x00000000e0000000, 0x00000000e5560000, 0x00000000e5560000)
  from space 21824K, 100% used [0x00000000e6ab0000, 0x00000000e8000000, 0x00000000e8000000)
  to   space 21824K,   0% used [0x00000000e5560000, 0x00000000e5560000, 0x00000000e6ab0000)
 concurrent mark-sweep generation total 393216K, used 52532K [0x00000000e8000000, 0x0000000100000000, 0x0000000100000000)
 Metaspace       used 31866K, capacity 32250K, committed 32508K, reserved 1077248K
  class space    used 3665K, capacity 3823K, committed 3840K, reserved 1048576K
2015-08-31T14:03:00.834+0200: 2242.802: [GC (Allocation Failure) 2242.802: [ParNew
Desired survivor size 20112992 bytes, new threshold 8 (max 8)
- age   1:    4407576 bytes,    4407576 total
- age   2:    4323480 bytes,    8731056 total
- age   3:    1240040 bytes,    9971096 total
- age   4:    2811424 bytes,   12782520 total
- age   5:    1297848 bytes,   14080368 total
- age   6:    1224648 bytes,   15305016 total
- age   7:    1596664 bytes,   16901680 total
- age   8:    1628536 bytes,   18530216 total
: 109248K->21824K(109248K), 0.0094584 secs] 161780K->78842K(502464K), 0.0095397 secs] [Times: user=0.00 sys=0.00, real=0.01 secs] 
Heap after GC invocations=26 (full 1):
 par new generation   total 109248K, used 21824K [0x00000000e0000000, 0x00000000e8000000, 0x00000000e8000000)
  eden space 87424K,   0% used [0x00000000e0000000, 0x00000000e0000000, 0x00000000e5560000)
  from space 21824K, 100% used [0x00000000e5560000, 0x00000000e6ab0000, 0x00000000e6ab0000)
  to   space 21824K,   0% used [0x00000000e6ab0000, 0x00000000e6ab0000, 0x00000000e8000000)
 concurrent mark-sweep generation total 393216K, used 57018K [0x00000000e8000000, 0x0000000100000000, 0x0000000100000000)
 Metaspace       used 31866K, capacity 32250K, committed 32508K, reserved 1077248K
  class space    used 3665K, capacity 3823K, committed 3840K, reserved 1048576K
}
2015-08-31T14:03:00.844+0200: 2242.812: Total time for which application threads were stopped: 0.0096895 seconds, Stopping threads took: 0.0000138 seconds
{Heap before GC invocations=26 (full 1):
 par new generation   total 109248K, used 109248K [0x00000000e0000000, 0x00000000e8000000, 0x00000000e8000000)
  eden space 87424K, 100% used [0x00000000e0000000, 0x00000000e5560000, 0x00000000e5560000)
  from space 21824K, 100% used [0x00000000e5560000, 0x00000000e6ab0000, 0x00000000e6ab0000)
  to   space 21824K,   0% used [0x00000000e6ab0000, 0x00000000e6ab0000, 0x00000000e8000000)
 concurrent mark-sweep generation total 393216K, used 57018K [0x00000000e8000000, 0x0000000100000000, 0x0000000100000000)
 Metaspace       used 31867K, capacity 32250K, committed 32508K, reserved 1077248K
  class space    used 3665K, capacity 3823K, committed 3840K, reserved 1048576K
2015-08-31T14:03:01.143+0200: 2243.111: [GC (Allocation Failure) 2243.111: [ParNew
Desired survivor size 20112992 bytes, new threshold 8 (max 8)
- age   1:    4850096 bytes,    4850096 total
- age   2:    4015608 bytes,    8865704 total
- age   3:    1601392 bytes,   10467096 total
- age   4:    1168576 bytes,   11635672 total
- age   5:    2790952 bytes,   14426624 total
- age   6:    1294912 bytes,   15721536 total
- age   7:    1025456 bytes,   16746992 total
- age   8:    1396360 bytes,   18143352 total
: 109248K->21824K(109248K), 0.0100984 secs] 166266K->84265K(502464K), 0.0101618 secs] [Times: user=0.00 sys=0.00, real=0.01 secs] 
Heap after GC invocations=27 (full 1):
 par new generation   total 109248K, used 21824K [0x00000000e0000000, 0x00000000e8000000, 0x00000000e8000000)
  eden space 87424K,   0% used [0x00000000e0000000, 0x00000000e0000000, 0x00000000e5560000)
  from space 21824K, 100% used [0x00000000e6ab0000, 0x00000000e8000000, 0x00000000e8000000)
  to   space 21824K,   0% used [0x00000000e5560000, 0x00000000e5560000, 0x00000000e6ab0000)
 concurrent mark-sweep generation total 393216K, used 62441K [0x00000000e8000000, 0x0000000100000000, 0x0000000100000000)
 Metaspace       used 31867K, capacity 32250K, committed 32508K, reserved 1077248K
  class space    used 3665K, capacity 3823K, committed 3840K, reserved 1048576K
}
2015-08-31T14:03:01.153+0200: 2243.121: Total time for which application threads were stopped: 0.0103100 seconds, Stopping threads took: 0.0000141 seconds
{Heap before GC invocations=27 (full 1):
 par new generation   total 109248K, used 109248K [0x00000000e0000000, 0x00000000e8000000, 0x00000000e8000000)
  eden space 87424K, 100% used [0x00000000e0000000, 0x00000000e5560000, 0x00000000e5560000)
  from space 21824K, 100% used [0x00000000e6ab0000, 0x00000000e8000000, 0x00000000e8000000)
  to   space 21824K,   0% used [0x00000000e5560000, 0x00000000e5560000, 0x00000000e6ab0000)
 concurrent mark-sweep generation total 393216K, used 62441K [0x00000000e8000000, 0x0000000100000000, 0x0000000100000000)
 Metaspace       used 31867K, capacity 32250K, committed 32508K, reserved 1077248K
  class space    used 3665K, capacity 3823K, committed 3840K, reserved 1048576K
2015-08-31T14:03:01.466+0200: 2243.434: [GC (Allocation Failure) 2243.434: [ParNew
Desired survivor size 20112992 bytes, new threshold 8 (max 8)
- age   1:    5963472 bytes,    5963472 total
- age   2:    3153248 bytes,    9116720 total
- age   3:    1409672 bytes,   10526392 total
- age   4:    1601120 bytes,   12127512 total
- age   5:    1168144 bytes,   13295656 total
- age   6:    2788560 bytes,   16084216 total
- age   7:    1294656 bytes,   17378872 total
- age   8:    1024720 bytes,   18403592 total
: 109248K->21824K(109248K), 0.0095573 secs] 171689K->88298K(502464K), 0.0096389 secs] [Times: user=0.06 sys=0.00, real=0.01 secs] 
Heap after GC invocations=28 (full 1):
 par new generation   total 109248K, used 21824K [0x00000000e0000000, 0x00000000e8000000, 0x00000000e8000000)
  eden space 87424K,   0% used [0x00000000e0000000, 0x00000000e0000000, 0x00000000e5560000)
  from space 21824K, 100% used [0x00000000e5560000, 0x00000000e6ab0000, 0x00000000e6ab0000)
  to   space 21824K,   0% used [0x00000000e6ab0000, 0x00000000e6ab0000, 0x00000000e8000000)
 concurrent mark-sweep generation total 393216K, used 66474K [0x00000000e8000000, 0x0000000100000000, 0x0000000100000000)
 Metaspace       used 31867K, capacity 32250K, committed 32508K, reserved 1077248K
  class space    used 3665K, capacity 3823K, committed 3840K, reserved 1048576K
}
2015-08-31T14:03:01.476+0200: 2243.444: Total time for which application threads were stopped: 0.0097916 seconds, Stopping threads took: 0.0000144 seconds
{Heap before GC invocations=28 (full 1):
 par new generation   total 109248K, used 109248K [0x00000000e0000000, 0x00000000e8000000, 0x00000000e8000000)
  eden space 87424K, 100% used [0x00000000e0000000, 0x00000000e5560000, 0x00000000e5560000)
  from space 21824K, 100% used [0x00000000e5560000, 0x00000000e6ab0000, 0x00000000e6ab0000)
  to   space 21824K,   0% used [0x00000000e6ab0000, 0x00000000e6ab0000, 0x00000000e8000000)
 concurrent mark-sweep generation total 393216K, used 66474K [0x00000000e8000000, 0x0000000100000000, 0x0000000100000000)
 Metaspace       used 31867K, capacity 32250K, committed 32508K, reserved 1077248K
  class space    used 3665K, capacity 3823K, committed 3840K, reserved 1048576K
2015-08-31T14:03:01.763+0200: 2243.731: [GC (Allocation Failure) 2243.731: [ParNew
Desired survivor size 20112992 bytes, new threshold 8 (max 8)
- age   1:    6662448 bytes,    6662448 total
- age   2:    3632112 bytes,   10294560 total
- age   3:    1594368 bytes,   11888928 total
- age   4:    1381520 bytes,   13270448 total
- age   5:    1581808 bytes,   14852256 total
- age   6:    1082336 bytes,   15934592 total
- age   7:    2775040 bytes,   18709632 total
- age   8:    1278888 bytes,   19988520 total
: 109248K->21824K(109248K), 0.0107496 secs] 175722K->93802K(502464K), 0.0108104 secs] [Times: user=0.06 sys=0.00, real=0.01 secs] 
Heap after GC invocations=29 (full 1):
 par new generation   total 109248K, used 21824K [0x00000000e0000000, 0x00000000e8000000, 0x00000000e8000000)
  eden space 87424K,   0% used [0x00000000e0000000, 0x00000000e0000000, 0x00000000e5560000)
  from space 21824K, 100% used [0x00000000e6ab0000, 0x00000000e8000000, 0x00000000e8000000)
  to   space 21824K,   0% used [0x00000000e5560000, 0x00000000e5560000, 0x00000000e6ab0000)
 concurrent mark-sweep generation total 393216K, used 71978K [0x00000000e8000000, 0x0000000100000000, 0x0000000100000000)
 Metaspace       used 31867K, capacity 32250K, committed 32508K, reserved 1077248K
  class space    used 3665K, capacity 3823K, committed 3840K, reserved 1048576K
}
2015-08-31T14:03:01.774+0200: 2243.742: Total time for which application threads were stopped: 0.0109618 seconds, Stopping threads took: 0.0000141 seconds
{Heap before GC invocations=29 (full 1):
 par new generation   total 109248K, used 109248K [0x00000000e0000000, 0x00000000e8000000, 0x00000000e8000000)
  eden space 87424K, 100% used [0x00000000e0000000, 0x00000000e5560000, 0x00000000e5560000)
  from space 21824K, 100% used [0x00000000e6ab0000, 0x00000000e8000000, 0x00000000e8000000)
  to   space 21824K,   0% used [0x00000000e5560000, 0x00000000e5560000, 0x00000000e6ab0000)
 concurrent mark-sweep generation total 393216K, used 71978K [0x00000000e8000000, 0x0000000100000000, 0x0000000100000000)
 Metaspace       used 31867K, capacity 32250K, committed 32508K, reserved 1077248K
  class space    used 3665K, capacity 3823K, committed 3840K, reserved 1048576K
2015-08-31T14:03:02.089+0200: 2244.057: [GC (Allocation Failure) 2244.057: [ParNew
Desired survivor size 20112992 bytes, new threshold 8 (max 8)
- age   1:    3180040 bytes,    3180040 total
- age   2:    5864736 bytes,    9044776 total
- age   3:    3091672 bytes,   12136448 total
- age   4:    1590736 bytes,   13727184 total
- age   5:    1378488 bytes,   15105672 total
- age   6:    1217560 bytes,   16323232 total
- age   7:    1079168 bytes,   17402400 total
- age   8:    2772920 bytes,   20175320 total
: 109248K->21824K(109248K), 0.0093343 secs] 181226K->96425K(502464K), 0.0093944 secs] [Times: user=0.06 sys=0.00, real=0.01 secs] 
Heap after GC invocations=30 (full 1):
 par new generation   total 109248K, used 21824K [0x00000000e0000000, 0x00000000e8000000, 0x00000000e8000000)
  eden space 87424K,   0% used [0x00000000e0000000, 0x00000000e0000000, 0x00000000e5560000)
  from space 21824K, 100% used [0x00000000e5560000, 0x00000000e6ab0000, 0x00000000e6ab0000)
  to   space 21824K,   0% used [0x00000000e6ab0000, 0x00000000e6ab0000, 0x00000000e8000000)
 concurrent mark-sweep generation total 393216K, used 74601K [0x00000000e8000000, 0x0000000100000000, 0x0000000100000000)
 Metaspace       used 31867K, capacity 32250K, committed 32508K, reserved 1077248K
  class space    used 3665K, capacity 3823K, committed 3840K, reserved 1048576K
}
2015-08-31T14:03:02.098+0200: 2244.066: Total time for which application threads were stopped: 0.0095487 seconds, Stopping threads took: 0.0000141 seconds
{Heap before GC invocations=30 (full 1):
 par new generation   total 109248K, used 109248K [0x00000000e0000000, 0x00000000e8000000, 0x00000000e8000000)
  eden space 87424K, 100% used [0x00000000e0000000, 0x00000000e5560000, 0x00000000e5560000)
  from space 21824K, 100% used [0x00000000e5560000, 0x00000000e6ab0000, 0x00000000e6ab0000)
  to   space 21824K,   0% used [0x00000000e6ab0000, 0x00000000e6ab0000, 0x00000000e8000000)
 concurrent mark-sweep generation total 393216K, used 74601K [0x00000000e8000000, 0x0000000100000000, 0x0000000100000000)
 Metaspace       used 31867K, capacity 32250K, committed 32508K, reserved 1077248K
  class space    used 3665K, capacity 3823K, committed 3840K, reserved 1048576K
2015-08-31T14:03:02.385+0200: 2244.353: [GC (Allocation Failure) 2244.353: [ParNew
Desired survivor size 20112992 bytes, new threshold 8 (max 8)
- age   1:    6461824 bytes,    6461824 total
- age   2:    3159016 bytes,    9620840 total
- age   3:    1575320 bytes,   11196160 total
- age   4:    3081736 bytes,   14277896 total
- age   5:    1482232 bytes,   15760128 total
- age   6:     974848 bytes,   16734976 total
- age   7:    1042552 bytes,   17777528 total
- age   8:    1014080 bytes,   18791608 total
: 109248K->21824K(109248K), 0.0122974 secs] 183849K->105361K(502464K), 0.0123589 secs] [Times: user=0.06 sys=0.00, real=0.01 secs] 
Heap after GC invocations=31 (full 1):
 par new generation   total 109248K, used 21824K [0x00000000e0000000, 0x00000000e8000000, 0x00000000e8000000)
  eden space 87424K,   0% used [0x00000000e0000000, 0x00000000e0000000, 0x00000000e5560000)
  from space 21824K, 100% used [0x00000000e6ab0000, 0x00000000e8000000, 0x00000000e8000000)
  to   space 21824K,   0% used [0x00000000e5560000, 0x00000000e5560000, 0x00000000e6ab0000)
 concurrent mark-sweep generation total 393216K, used 83537K [0x00000000e8000000, 0x0000000100000000, 0x0000000100000000)
 Metaspace       used 31867K, capacity 32250K, committed 32508K, reserved 1077248K
  class space    used 3665K, capacity 3823K, committed 3840K, reserved 1048576K
}
2015-08-31T14:03:02.398+0200: 2244.365: Total time for which application threads were stopped: 0.0125221 seconds, Stopping threads took: 0.0000256 seconds
{Heap before GC invocations=31 (full 1):
 par new generation   total 109248K, used 109248K [0x00000000e0000000, 0x00000000e8000000, 0x00000000e8000000)
  eden space 87424K, 100% used [0x00000000e0000000, 0x00000000e5560000, 0x00000000e5560000)
  from space 21824K, 100% used [0x00000000e6ab0000, 0x00000000e8000000, 0x00000000e8000000)
  to   space 21824K,   0% used [0x00000000e5560000, 0x00000000e5560000, 0x00000000e6ab0000)
 concurrent mark-sweep generation total 393216K, used 83537K [0x00000000e8000000, 0x0000000100000000, 0x0000000100000000)
 Metaspace       used 31870K, capacity 32250K, committed 32508K, reserved 1077248K
  class space    used 3665K, capacity 3823K, committed 3840K, reserved 1048576K
2015-08-31T14:03:02.717+0200: 2244.685: [GC (Allocation Failure) 2244.685: [ParNew
Desired survivor size 20112992 bytes, new threshold 8 (max 8)
- age   1:    1928528 bytes,    1928528 total
- age   2:    6098080 bytes,    8026608 total
- age   3:    3657680 bytes,   11684288 total
- age   4:    1837472 bytes,   13521760 total
- age   5:    3147120 bytes,   16668880 total
- age   6:    1711648 bytes,   18380528 total
- age   7:     974672 bytes,   19355200 total
- age   8:    1042424 bytes,   20397624 total
: 109248K->21824K(109248K), 0.0101013 secs] 192785K->108146K(502464K), 0.0101628 secs] [Times: user=0.06 sys=0.00, real=0.01 secs] 
Heap after GC invocations=32 (full 1):
 par new generation   total 109248K, used 21824K [0x00000000e0000000, 0x00000000e8000000, 0x00000000e8000000)
  eden space 87424K,   0% used [0x00000000e0000000, 0x00000000e0000000, 0x00000000e5560000)
  from space 21824K, 100% used [0x00000000e5560000, 0x00000000e6ab0000, 0x00000000e6ab0000)
  to   space 21824K,   0% used [0x00000000e6ab0000, 0x00000000e6ab0000, 0x00000000e8000000)
 concurrent mark-sweep generation total 393216K, used 86322K [0x00000000e8000000, 0x0000000100000000, 0x0000000100000000)
 Metaspace       used 31870K, capacity 32250K, committed 32508K, reserved 1077248K
  class space    used 3665K, capacity 3823K, committed 3840K, reserved 1048576K
}
2015-08-31T14:03:02.727+0200: 2244.695: Total time for which application threads were stopped: 0.0103196 seconds, Stopping threads took: 0.0000138 seconds
{Heap before GC invocations=32 (full 1):
 par new generation   total 109248K, used 109248K [0x00000000e0000000, 0x00000000e8000000, 0x00000000e8000000)
  eden space 87424K, 100% used [0x00000000e0000000, 0x00000000e5560000, 0x00000000e5560000)
  from space 21824K, 100% used [0x00000000e5560000, 0x00000000e6ab0000, 0x00000000e6ab0000)
  to   space 21824K,   0% used [0x00000000e6ab0000, 0x00000000e6ab0000, 0x00000000e8000000)
 concurrent mark-sweep generation total 393216K, used 86322K [0x00000000e8000000, 0x0000000100000000, 0x0000000100000000)
 Metaspace       used 31870K, capacity 32250K, committed 32508K, reserved 1077248K
  class space    used 3665K, capacity 3823K, committed 3840K, reserved 1048576K
2015-08-31T14:03:03.028+0200: 2244.996: [GC (Allocation Failure) 2244.996: [ParNew
Desired survivor size 20112992 bytes, new threshold 8 (max 8)
- age   1:    6400216 bytes,    6400216 total
- age   2:    1826864 bytes,    8227080 total
- age   3:    3121776 bytes,   11348856 total
- age   4:    1601872 bytes,   12950728 total
- age   5:    1706408 bytes,   14657136 total
- age   6:    3144944 bytes,   17802080 total
- age   7:    1875552 bytes,   19677632 total
- age   8:     974600 bytes,   20652232 total
: 109248K->21824K(109248K), 0.0100479 secs] 195570K->110061K(502464K), 0.0101084 secs] [Times: user=0.06 sys=0.00, real=0.01 secs] 
Heap after GC invocations=33 (full 1):
 par new generation   total 109248K, used 21824K [0x00000000e0000000, 0x00000000e8000000, 0x00000000e8000000)
  eden space 87424K,   0% used [0x00000000e0000000, 0x00000000e0000000, 0x00000000e5560000)
  from space 21824K, 100% used [0x00000000e6ab0000, 0x00000000e8000000, 0x00000000e8000000)
  to   space 21824K,   0% used [0x00000000e5560000, 0x00000000e5560000, 0x00000000e6ab0000)
 concurrent mark-sweep generation total 393216K, used 88237K [0x00000000e8000000, 0x0000000100000000, 0x0000000100000000)
 Metaspace       used 31870K, capacity 32250K, committed 32508K, reserved 1077248K
  class space    used 3665K, capacity 3823K, committed 3840K, reserved 1048576K
}
2015-08-31T14:03:03.038+0200: 2245.006: Total time for which application threads were stopped: 0.0102597 seconds, Stopping threads took: 0.0000134 seconds
{Heap before GC invocations=33 (full 1):
 par new generation   total 109248K, used 109248K [0x00000000e0000000, 0x00000000e8000000, 0x00000000e8000000)
  eden space 87424K, 100% used [0x00000000e0000000, 0x00000000e5560000, 0x00000000e5560000)
  from space 21824K, 100% used [0x00000000e6ab0000, 0x00000000e8000000, 0x00000000e8000000)
  to   space 21824K,   0% used [0x00000000e5560000, 0x00000000e5560000, 0x00000000e6ab0000)
 concurrent mark-sweep generation total 393216K, used 88237K [0x00000000e8000000, 0x0000000100000000, 0x0000000100000000)
 Metaspace       used 31870K, capacity 32250K, committed 32508K, reserved 1077248K
  class space    used 3665K, capacity 3823K, committed 3840K, reserved 1048576K
2015-08-31T14:03:03.330+0200: 2245.298: [GC (Allocation Failure) 2245.298: [ParNew
Desired survivor size 20112992 bytes, new threshold 8 (max 8)
- age   1:    5265760 bytes,    5265760 total
- age   2:    5525112 bytes,   10790872 total
- age   3:    1614768 bytes,   12405640 total
- age   4:    1100800 bytes,   13506440 total
- age   5:    1404528 bytes,   14910968 total
- age   6:    1454272 bytes,   16365240 total
- age   7:    3020960 bytes,   19386200 total
- age   8:    1427952 bytes,   20814152 total
: 109248K->21824K(109248K), 0.0121893 secs] 197485K->118655K(502464K), 0.0122514 secs] [Times: user=0.05 sys=0.00, real=0.01 secs] 
Heap after GC invocations=34 (full 1):
 par new generation   total 109248K, used 21824K [0x00000000e0000000, 0x00000000e8000000, 0x00000000e8000000)
  eden space 87424K,   0% used [0x00000000e0000000, 0x00000000e0000000, 0x00000000e5560000)
  from space 21824K, 100% used [0x00000000e5560000, 0x00000000e6ab0000, 0x00000000e6ab0000)
  to   space 21824K,   0% used [0x00000000e6ab0000, 0x00000000e6ab0000, 0x00000000e8000000)
 concurrent mark-sweep generation total 393216K, used 96831K [0x00000000e8000000, 0x0000000100000000, 0x0000000100000000)
 Metaspace       used 31870K, capacity 32250K, committed 32508K, reserved 1077248K
  class space    used 3665K, capacity 3823K, committed 3840K, reserved 1048576K
}
2015-08-31T14:03:03.343+0200: 2245.311: Total time for which application threads were stopped: 0.0124021 seconds, Stopping threads took: 0.0000141 seconds
{Heap before GC invocations=34 (full 1):
 par new generation   total 109248K, used 109248K [0x00000000e0000000, 0x00000000e8000000, 0x00000000e8000000)
  eden space 87424K, 100% used [0x00000000e0000000, 0x00000000e5560000, 0x00000000e5560000)
  from space 21824K, 100% used [0x00000000e5560000, 0x00000000e6ab0000, 0x00000000e6ab0000)
  to   space 21824K,   0% used [0x00000000e6ab0000, 0x00000000e6ab0000, 0x00000000e8000000)
 concurrent mark-sweep generation total 393216K, used 96831K [0x00000000e8000000, 0x0000000100000000, 0x0000000100000000)
 Metaspace       used 31870K, capacity 32250K, committed 32508K, reserved 1077248K
  class space    used 3665K, capacity 3823K, committed 3840K, reserved 1048576K
2015-08-31T14:03:03.652+0200: 2245.620: [GC (Allocation Failure) 2245.620: [ParNew
Desired survivor size 20112992 bytes, new threshold 8 (max 8)
- age   1:    3992960 bytes,    3992960 total
- age   2:    4353888 bytes,    8346848 total
- age   3:    3056456 bytes,   11403304 total
- age   4:    1517344 bytes,   12920648 total
- age   5:     995136 bytes,   13915784 total
- age   6:    1285576 bytes,   15201360 total
- age   7:    1353584 bytes,   16554944 total
- age   8:    2911376 bytes,   19466320 total
: 109248K->21824K(109248K), 0.0115163 secs] 206079K->123934K(502464K), 0.0115784 secs] [Times: user=0.06 sys=0.00, real=0.01 secs] 
Heap after GC invocations=35 (full 1):
 par new generation   total 109248K, used 21824K [0x00000000e0000000, 0x00000000e8000000, 0x00000000e8000000)
  eden space 87424K,   0% used [0x00000000e0000000, 0x00000000e0000000, 0x00000000e5560000)
  from space 21824K, 100% used [0x00000000e6ab0000, 0x00000000e8000000, 0x00000000e8000000)
  to   space 21824K,   0% used [0x00000000e5560000, 0x00000000e5560000, 0x00000000e6ab0000)
 concurrent mark-sweep generation total 393216K, used 102110K [0x00000000e8000000, 0x0000000100000000, 0x0000000100000000)
 Metaspace       used 31870K, capacity 32250K, committed 32508K, reserved 1077248K
  class space    used 3665K, capacity 3823K, committed 3840K, reserved 1048576K
}
2015-08-31T14:03:03.663+0200: 2245.631: Total time for which application threads were stopped: 0.0117490 seconds, Stopping threads took: 0.0000138 seconds
{Heap before GC invocations=35 (full 1):
 par new generation   total 109248K, used 109248K [0x00000000e0000000, 0x00000000e8000000, 0x00000000e8000000)
  eden space 87424K, 100% used [0x00000000e0000000, 0x00000000e5560000, 0x00000000e5560000)
  from space 21824K, 100% used [0x00000000e6ab0000, 0x00000000e8000000, 0x00000000e8000000)
  to   space 21824K,   0% used [0x00000000e5560000, 0x00000000e5560000, 0x00000000e6ab0000)
 concurrent mark-sweep generation total 393216K, used 102110K [0x00000000e8000000, 0x0000000100000000, 0x0000000100000000)
 Metaspace       used 31870K, capacity 32250K, committed 32508K, reserved 1077248K
  class space    used 3665K, capacity 3823K, committed 3840K, reserved 1048576K
2015-08-31T14:03:03.999+0200: 2245.967: [GC (Allocation Failure) 2245.967: [ParNew
Desired survivor size 20112992 bytes, new threshold 8 (max 8)
- age   1:    3937480 bytes,    3937480 total
- age   2:    3959752 bytes,    7897232 total
- age   3:    4321976 bytes,   12219208 total
- age   4:    2371632 bytes,   14590840 total
- age   5:    1505872 bytes,   16096712 total
- age   6:     985736 bytes,   17082448 total
- age   7:    1276288 bytes,   18358736 total
- age   8:    1344552 bytes,   19703288 total
: 109248K->21824K(109248K), 0.0108827 secs] 211358K->131019K(502464K), 0.0109487 secs] [Times: user=0.00 sys=0.00, real=0.01 secs] 
Heap after GC invocations=36 (full 1):
 par new generation   total 109248K, used 21824K [0x00000000e0000000, 0x00000000e8000000, 0x00000000e8000000)
  eden space 87424K,   0% used [0x00000000e0000000, 0x00000000e0000000, 0x00000000e5560000)
  from space 21824K, 100% used [0x00000000e5560000, 0x00000000e6ab0000, 0x00000000e6ab0000)
  to   space 21824K,   0% used [0x00000000e6ab0000, 0x00000000e6ab0000, 0x00000000e8000000)
 concurrent mark-sweep generation total 393216K, used 109195K [0x00000000e8000000, 0x0000000100000000, 0x0000000100000000)
 Metaspace       used 31870K, capacity 32250K, committed 32508K, reserved 1077248K
  class space    used 3665K, capacity 3823K, committed 3840K, reserved 1048576K
}
2015-08-31T14:03:04.010+0200: 2245.978: Total time for which application threads were stopped: 0.0110978 seconds, Stopping threads took: 0.0000138 seconds
{Heap before GC invocations=36 (full 1):
 par new generation   total 109248K, used 109248K [0x00000000e0000000, 0x00000000e8000000, 0x00000000e8000000)
  eden space 87424K, 100% used [0x00000000e0000000, 0x00000000e5560000, 0x00000000e5560000)
  from space 21824K, 100% used [0x00000000e5560000, 0x00000000e6ab0000, 0x00000000e6ab0000)
  to   space 21824K,   0% used [0x00000000e6ab0000, 0x00000000e6ab0000, 0x00000000e8000000)
 concurrent mark-sweep generation total 393216K, used 109195K [0x00000000e8000000, 0x0000000100000000, 0x0000000100000000)
 Metaspace       used 31870K, capacity 32250K, committed 32508K, reserved 1077248K
  class space    used 3665K, capacity 3823K, committed 3840K, reserved 1048576K
2015-08-31T14:03:04.300+0200: 2246.269: [GC (Allocation Failure) 2246.269: [ParNew
Desired survivor size 20112992 bytes, new threshold 7 (max 8)
- age   1:    6506040 bytes,    6506040 total
- age   2:    2826272 bytes,    9332312 total
- age   3:    3908400 bytes,   13240712 total
- age   4:    2647688 bytes,   15888400 total
- age   5:    2356608 bytes,   18245008 total
- age   6:    1490400 bytes,   19735408 total
- age   7:     972960 bytes,   20708368 total
- age   8:    1261456 bytes,   21969824 total
: 109248K->21824K(109248K), 0.0127387 secs] 218443K->138551K(502464K), 0.0128117 secs] [Times: user=0.03 sys=0.03, real=0.01 secs] 
Heap after GC invocations=37 (full 1):
 par new generation   total 109248K, used 21824K [0x00000000e0000000, 0x00000000e8000000, 0x00000000e8000000)
  eden space 87424K,   0% used [0x00000000e0000000, 0x00000000e0000000, 0x00000000e5560000)
  from space 21824K, 100% used [0x00000000e6ab0000, 0x00000000e8000000, 0x00000000e8000000)
  to   space 21824K,   0% used [0x00000000e5560000, 0x00000000e5560000, 0x00000000e6ab0000)
 concurrent mark-sweep generation total 393216K, used 116727K [0x00000000e8000000, 0x0000000100000000, 0x0000000100000000)
 Metaspace       used 31870K, capacity 32250K, committed 32508K, reserved 1077248K
  class space    used 3665K, capacity 3823K, committed 3840K, reserved 1048576K
}
2015-08-31T14:03:04.313+0200: 2246.281: Total time for which application threads were stopped: 0.0129608 seconds, Stopping threads took: 0.0000141 seconds
{Heap before GC invocations=37 (full 1):
 par new generation   total 109248K, used 109248K [0x00000000e0000000, 0x00000000e8000000, 0x00000000e8000000)
  eden space 87424K, 100% used [0x00000000e0000000, 0x00000000e5560000, 0x00000000e5560000)
  from space 21824K, 100% used [0x00000000e6ab0000, 0x00000000e8000000, 0x00000000e8000000)
  to   space 21824K,   0% used [0x00000000e5560000, 0x00000000e5560000, 0x00000000e6ab0000)
 concurrent mark-sweep generation total 393216K, used 116727K [0x00000000e8000000, 0x0000000100000000, 0x0000000100000000)
 Metaspace       used 31871K, capacity 32250K, committed 32508K, reserved 1077248K
  class space    used 3665K, capacity 3823K, committed 3840K, reserved 1048576K
2015-08-31T14:03:04.620+0200: 2246.588: [GC (Allocation Failure) 2246.588: [ParNew
Desired survivor size 20112992 bytes, new threshold 7 (max 8)
- age   1:    6446624 bytes,    6446624 total
- age   2:    5210384 bytes,   11657008 total
- age   3:    2763120 bytes,   14420128 total
- age   4:    1272032 bytes,   15692160 total
- age   5:    2089768 bytes,   17781928 total
- age   6:    2322576 bytes,   20104504 total
- age   7:    1454640 bytes,   21559144 total
: 109248K->21824K(109248K), 0.0117861 secs] 225975K->142880K(502464K), 0.0118517 secs] [Times: user=0.06 sys=0.00, real=0.01 secs] 
Heap after GC invocations=38 (full 1):
 par new generation   total 109248K, used 21824K [0x00000000e0000000, 0x00000000e8000000, 0x00000000e8000000)
  eden space 87424K,   0% used [0x00000000e0000000, 0x00000000e0000000, 0x00000000e5560000)
  from space 21824K, 100% used [0x00000000e5560000, 0x00000000e6ab0000, 0x00000000e6ab0000)
  to   space 21824K,   0% used [0x00000000e6ab0000, 0x00000000e6ab0000, 0x00000000e8000000)
 concurrent mark-sweep generation total 393216K, used 121056K [0x00000000e8000000, 0x0000000100000000, 0x0000000100000000)
 Metaspace       used 31871K, capacity 32250K, committed 32508K, reserved 1077248K
  class space    used 3665K, capacity 3823K, committed 3840K, reserved 1048576K
}
2015-08-31T14:03:04.632+0200: 2246.600: Total time for which application threads were stopped: 0.0120149 seconds, Stopping threads took: 0.0000131 seconds
{Heap before GC invocations=38 (full 1):
 par new generation   total 109248K, used 109248K [0x00000000e0000000, 0x00000000e8000000, 0x00000000e8000000)
  eden space 87424K, 100% used [0x00000000e0000000, 0x00000000e5560000, 0x00000000e5560000)
  from space 21824K, 100% used [0x00000000e5560000, 0x00000000e6ab0000, 0x00000000e6ab0000)
  to   space 21824K,   0% used [0x00000000e6ab0000, 0x00000000e6ab0000, 0x00000000e8000000)
 concurrent mark-sweep generation total 393216K, used 121056K [0x00000000e8000000, 0x0000000100000000, 0x0000000100000000)
 Metaspace       used 31871K, capacity 32250K, committed 32508K, reserved 1077248K
  class space    used 3665K, capacity 3823K, committed 3840K, reserved 1048576K
2015-08-31T14:03:04.946+0200: 2246.914: [GC (Allocation Failure) 2246.914: [ParNew
Desired survivor size 20112992 bytes, new threshold 7 (max 8)
- age   1:    2822920 bytes,    2822920 total
- age   2:    6422368 bytes,    9245288 total
- age   3:    5193056 bytes,   14438344 total
- age   4:    1876944 bytes,   16315288 total
- age   5:    1265568 bytes,   17580856 total
- age   6:    2084072 bytes,   19664928 total
- age   7:    2315696 bytes,   21980624 total
: 109248K->21824K(109248K), 0.0107583 secs] 230304K->145250K(502464K), 0.0108200 secs] [Times: user=0.06 sys=0.00, real=0.01 secs] 
Heap after GC invocations=39 (full 1):
 par new generation   total 109248K, used 21824K [0x00000000e0000000, 0x00000000e8000000, 0x00000000e8000000)
  eden space 87424K,   0% used [0x00000000e0000000, 0x00000000e0000000, 0x00000000e5560000)
  from space 21824K, 100% used [0x00000000e6ab0000, 0x00000000e8000000, 0x00000000e8000000)
  to   space 21824K,   0% used [0x00000000e5560000, 0x00000000e5560000, 0x00000000e6ab0000)
 concurrent mark-sweep generation total 393216K, used 123426K [0x00000000e8000000, 0x0000000100000000, 0x0000000100000000)
 Metaspace       used 31871K, capacity 32250K, committed 32508K, reserved 1077248K
  class space    used 3665K, capacity 3823K, committed 3840K, reserved 1048576K
}
2015-08-31T14:03:04.957+0200: 2246.925: Total time for which application threads were stopped: 0.0109733 seconds, Stopping threads took: 0.0000138 seconds
{Heap before GC invocations=39 (full 1):
 par new generation   total 109248K, used 109248K [0x00000000e0000000, 0x00000000e8000000, 0x00000000e8000000)
  eden space 87424K, 100% used [0x00000000e0000000, 0x00000000e5560000, 0x00000000e5560000)
  from space 21824K, 100% used [0x00000000e6ab0000, 0x00000000e8000000, 0x00000000e8000000)
  to   space 21824K,   0% used [0x00000000e5560000, 0x00000000e5560000, 0x00000000e6ab0000)
 concurrent mark-sweep generation total 393216K, used 123426K [0x00000000e8000000, 0x0000000100000000, 0x0000000100000000)
 Metaspace       used 31872K, capacity 32250K, committed 32508K, reserved 1077248K
  class space    used 3665K, capacity 3823K, committed 3840K, reserved 1048576K
2015-08-31T14:03:05.251+0200: 2247.219: [GC (Allocation Failure) 2247.219: [ParNew
Desired survivor size 20112992 bytes, new threshold 7 (max 8)
- age   1:    6588104 bytes,    6588104 total
- age   2:    2740416 bytes,    9328520 total
- age   3:    6393952 bytes,   15722472 total
- age   4:    1294568 bytes,   17017040 total
- age   5:    1857376 bytes,   18874416 total
- age   6:    1112552 bytes,   19986968 total
- age   7:    2010032 bytes,   21997000 total
: 109248K->21824K(109248K), 0.0134600 secs] 232674K->155445K(502464K), 0.0135246 secs] [Times: user=0.06 sys=0.00, real=0.01 secs] 
Heap after GC invocations=40 (full 1):
 par new generation   total 109248K, used 21824K [0x00000000e0000000, 0x00000000e8000000, 0x00000000e8000000)
  eden space 87424K,   0% used [0x00000000e0000000, 0x00000000e0000000, 0x00000000e5560000)
  from space 21824K, 100% used [0x00000000e5560000, 0x00000000e6ab0000, 0x00000000e6ab0000)
  to   space 21824K,   0% used [0x00000000e6ab0000, 0x00000000e6ab0000, 0x00000000e8000000)
 concurrent mark-sweep generation total 393216K, used 133621K [0x00000000e8000000, 0x0000000100000000, 0x0000000100000000)
 Metaspace       used 31872K, capacity 32250K, committed 32508K, reserved 1077248K
  class space    used 3665K, capacity 3823K, committed 3840K, reserved 1048576K
}
2015-08-31T14:03:05.264+0200: 2247.232: Total time for which application threads were stopped: 0.0136725 seconds, Stopping threads took: 0.0000128 seconds
{Heap before GC invocations=40 (full 1):
 par new generation   total 109248K, used 109248K [0x00000000e0000000, 0x00000000e8000000, 0x00000000e8000000)
  eden space 87424K, 100% used [0x00000000e0000000, 0x00000000e5560000, 0x00000000e5560000)
  from space 21824K, 100% used [0x00000000e5560000, 0x00000000e6ab0000, 0x00000000e6ab0000)
  to   space 21824K,   0% used [0x00000000e6ab0000, 0x00000000e6ab0000, 0x00000000e8000000)
 concurrent mark-sweep generation total 393216K, used 133621K [0x00000000e8000000, 0x0000000100000000, 0x0000000100000000)
 Metaspace       used 31872K, capacity 32250K, committed 32508K, reserved 1077248K
  class space    used 3665K, capacity 3823K, committed 3840K, reserved 1048576K
2015-08-31T14:03:05.573+0200: 2247.542: [GC (Allocation Failure) 2247.542: [ParNew
Desired survivor size 20112992 bytes, new threshold 6 (max 8)
- age   1:    6763888 bytes,    6763888 total
- age   2:    5852088 bytes,   12615976 total
- age   3:    2222384 bytes,   14838360 total
- age   4:    2397256 bytes,   17235616 total
- age   5:    1271896 bytes,   18507512 total
- age   6:    1836536 bytes,   20344048 total
- age   7:    1092408 bytes,   21436456 total
: 109248K->21824K(109248K), 0.0118930 secs] 242869K->161382K(502464K), 0.0119791 secs] [Times: user=0.00 sys=0.00, real=0.01 secs] 
Heap after GC invocations=41 (full 1):
 par new generation   total 109248K, used 21824K [0x00000000e0000000, 0x00000000e8000000, 0x00000000e8000000)
  eden space 87424K,   0% used [0x00000000e0000000, 0x00000000e0000000, 0x00000000e5560000)
  from space 21824K, 100% used [0x00000000e6ab0000, 0x00000000e8000000, 0x00000000e8000000)
  to   space 21824K,   0% used [0x00000000e5560000, 0x00000000e5560000, 0x00000000e6ab0000)
 concurrent mark-sweep generation total 393216K, used 139558K [0x00000000e8000000, 0x0000000100000000, 0x0000000100000000)
 Metaspace       used 31872K, capacity 32250K, committed 32508K, reserved 1077248K
  class space    used 3665K, capacity 3823K, committed 3840K, reserved 1048576K
}
2015-08-31T14:03:05.586+0200: 2247.554: Total time for which application threads were stopped: 0.0121301 seconds, Stopping threads took: 0.0000138 seconds
{Heap before GC invocations=41 (full 1):
 par new generation   total 109248K, used 109248K [0x00000000e0000000, 0x00000000e8000000, 0x00000000e8000000)
  eden space 87424K, 100% used [0x00000000e0000000, 0x00000000e5560000, 0x00000000e5560000)
  from space 21824K, 100% used [0x00000000e6ab0000, 0x00000000e8000000, 0x00000000e8000000)
  to   space 21824K,   0% used [0x00000000e5560000, 0x00000000e5560000, 0x00000000e6ab0000)
 concurrent mark-sweep generation total 393216K, used 139558K [0x00000000e8000000, 0x0000000100000000, 0x0000000100000000)
 Metaspace       used 31872K, capacity 32250K, committed 32508K, reserved 1077248K
  class space    used 3665K, capacity 3823K, committed 3840K, reserved 1048576K
2015-08-31T14:03:05.903+0200: 2247.871: [GC (Allocation Failure) 2247.871: [ParNew
Desired survivor size 20112992 bytes, new threshold 8 (max 8)
- age   1:    1603816 bytes,    1603816 total
- age   2:    6663328 bytes,    8267144 total
- age   3:    4390800 bytes,   12657944 total
- age   4:    1960576 bytes,   14618520 total
- age   5:    1411912 bytes,   16030432 total
- age   6:    1213416 bytes,   17243848 total
: 109248K->21824K(109248K), 0.0118424 secs] 248806K->166856K(502464K), 0.0119055 secs] [Times: user=0.00 sys=0.00, real=0.01 secs] 
Heap after GC invocations=42 (full 1):
 par new generation   total 109248K, used 21824K [0x00000000e0000000, 0x00000000e8000000, 0x00000000e8000000)
  eden space 87424K,   0% used [0x00000000e0000000, 0x00000000e0000000, 0x00000000e5560000)
  from space 21824K, 100% used [0x00000000e5560000, 0x00000000e6ab0000, 0x00000000e6ab0000)
  to   space 21824K,   0% used [0x00000000e6ab0000, 0x00000000e6ab0000, 0x00000000e8000000)
 concurrent mark-sweep generation total 393216K, used 145032K [0x00000000e8000000, 0x0000000100000000, 0x0000000100000000)
 Metaspace       used 31872K, capacity 32250K, committed 32508K, reserved 1077248K
  class space    used 3665K, capacity 3823K, committed 3840K, reserved 1048576K
}
2015-08-31T14:03:05.915+0200: 2247.883: Total time for which application threads were stopped: 0.0120946 seconds, Stopping threads took: 0.0000144 seconds
{Heap before GC invocations=42 (full 1):
 par new generation   total 109248K, used 109248K [0x00000000e0000000, 0x00000000e8000000, 0x00000000e8000000)
  eden space 87424K, 100% used [0x00000000e0000000, 0x00000000e5560000, 0x00000000e5560000)
  from space 21824K, 100% used [0x00000000e5560000, 0x00000000e6ab0000, 0x00000000e6ab0000)
  to   space 21824K,   0% used [0x00000000e6ab0000, 0x00000000e6ab0000, 0x00000000e8000000)
 concurrent mark-sweep generation total 393216K, used 145032K [0x00000000e8000000, 0x0000000100000000, 0x0000000100000000)
 Metaspace       used 31872K, capacity 32250K, committed 32508K, reserved 1077248K
  class space    used 3665K, capacity 3823K, committed 3840K, reserved 1048576K
2015-08-31T14:03:06.229+0200: 2248.198: [GC (Allocation Failure) 2248.198: [ParNew
Desired survivor size 20112992 bytes, new threshold 8 (max 8)
- age   1:    3568136 bytes,    3568136 total
- age   2:    1567224 bytes,    5135360 total
- age   3:    6344232 bytes,   11479592 total
- age   4:    4372128 bytes,   15851720 total
- age   5:    1110328 bytes,   16962048 total
- age   6:    1387760 bytes,   18349808 total
- age   7:    1193496 bytes,   19543304 total
: 109248K->21824K(109248K), 0.0098287 secs] 254280K->167338K(502464K), 0.0098904 secs] [Times: user=0.00 sys=0.00, real=0.01 secs] 
Heap after GC invocations=43 (full 1):
 par new generation   total 109248K, used 21824K [0x00000000e0000000, 0x00000000e8000000, 0x00000000e8000000)
  eden space 87424K,   0% used [0x00000000e0000000, 0x00000000e0000000, 0x00000000e5560000)
  from space 21824K, 100% used [0x00000000e6ab0000, 0x00000000e8000000, 0x00000000e8000000)
  to   space 21824K,   0% used [0x00000000e5560000, 0x00000000e5560000, 0x00000000e6ab0000)
 concurrent mark-sweep generation total 393216K, used 145514K [0x00000000e8000000, 0x0000000100000000, 0x0000000100000000)
 Metaspace       used 31872K, capacity 32250K, committed 32508K, reserved 1077248K
  class space    used 3665K, capacity 3823K, committed 3840K, reserved 1048576K
}
2015-08-31T14:03:06.239+0200: 2248.208: Total time for which application threads were stopped: 0.0100415 seconds, Stopping threads took: 0.0000141 seconds
{Heap before GC invocations=43 (full 1):
 par new generation   total 109248K, used 109248K [0x00000000e0000000, 0x00000000e8000000, 0x00000000e8000000)
  eden space 87424K, 100% used [0x00000000e0000000, 0x00000000e5560000, 0x00000000e5560000)
  from space 21824K, 100% used [0x00000000e6ab0000, 0x00000000e8000000, 0x00000000e8000000)
  to   space 21824K,   0% used [0x00000000e5560000, 0x00000000e5560000, 0x00000000e6ab0000)
 concurrent mark-sweep generation total 393216K, used 145514K [0x00000000e8000000, 0x0000000100000000, 0x0000000100000000)
 Metaspace       used 31872K, capacity 32250K, committed 32508K, reserved 1077248K
  class space    used 3665K, capacity 3823K, committed 3840K, reserved 1048576K
2015-08-31T14:03:06.503+0200: 2248.471: [GC (Allocation Failure) 2248.471: [ParNew
Desired survivor size 20112992 bytes, new threshold 6 (max 8)
- age   1:   13393448 bytes,   13393448 total
- age   2:    1479296 bytes,   14872744 total
- age   3:     681272 bytes,   15554016 total
- age   4:    1442936 bytes,   16996952 total
- age   5:    2613040 bytes,   19609992 total
- age   6:     860976 bytes,   20470968 total
- age   7:     941520 bytes,   21412488 total
- age   8:     879248 bytes,   22291736 total
: 109248K->21824K(109248K), 0.0139755 secs] 254762K->177302K(502464K), 0.0140421 secs] [Times: user=0.05 sys=0.00, real=0.01 secs] 
Heap after GC invocations=44 (full 1):
 par new generation   total 109248K, used 21824K [0x00000000e0000000, 0x00000000e8000000, 0x00000000e8000000)
  eden space 87424K,   0% used [0x00000000e0000000, 0x00000000e0000000, 0x00000000e5560000)
  from space 21824K, 100% used [0x00000000e5560000, 0x00000000e6ab0000, 0x00000000e6ab0000)
  to   space 21824K,   0% used [0x00000000e6ab0000, 0x00000000e6ab0000, 0x00000000e8000000)
 concurrent mark-sweep generation total 393216K, used 155478K [0x00000000e8000000, 0x0000000100000000, 0x0000000100000000)
 Metaspace       used 31872K, capacity 32250K, committed 32508K, reserved 1077248K
  class space    used 3665K, capacity 3823K, committed 3840K, reserved 1048576K
}
2015-08-31T14:03:06.517+0200: 2248.485: Total time for which application threads were stopped: 0.0141960 seconds, Stopping threads took: 0.0000141 seconds
{Heap before GC invocations=44 (full 1):
 par new generation   total 109248K, used 109248K [0x00000000e0000000, 0x00000000e8000000, 0x00000000e8000000)
  eden space 87424K, 100% used [0x00000000e0000000, 0x00000000e5560000, 0x00000000e5560000)
  from space 21824K, 100% used [0x00000000e5560000, 0x00000000e6ab0000, 0x00000000e6ab0000)
  to   space 21824K,   0% used [0x00000000e6ab0000, 0x00000000e6ab0000, 0x00000000e8000000)
 concurrent mark-sweep generation total 393216K, used 155478K [0x00000000e8000000, 0x0000000100000000, 0x0000000100000000)
 Metaspace       used 31872K, capacity 32250K, committed 32508K, reserved 1077248K
  class space    used 3665K, capacity 3823K, committed 3840K, reserved 1048576K
2015-08-31T14:03:06.836+0200: 2248.804: [GC (Allocation Failure) 2248.804: [ParNew
Desired survivor size 20112992 bytes, new threshold 8 (max 8)
- age   1:    1461712 bytes,    1461712 total
- age   2:   11826752 bytes,   13288464 total
- age   3:    1418888 bytes,   14707352 total
- age   4:     523608 bytes,   15230960 total
- age   5:    1434128 bytes,   16665088 total
- age   6:    2596912 bytes,   19262000 total
: 109248K->21824K(109248K), 0.0102853 secs] 264726K->182899K(502464K), 0.0103452 secs] [Times: user=0.00 sys=0.00, real=0.01 secs] 
Heap after GC invocations=45 (full 1):
 par new generation   total 109248K, used 21824K [0x00000000e0000000, 0x00000000e8000000, 0x00000000e8000000)
  eden space 87424K,   0% used [0x00000000e0000000, 0x00000000e0000000, 0x00000000e5560000)
  from space 21824K, 100% used [0x00000000e6ab0000, 0x00000000e8000000, 0x00000000e8000000)
  to   space 21824K,   0% used [0x00000000e5560000, 0x00000000e5560000, 0x00000000e6ab0000)
 concurrent mark-sweep generation total 393216K, used 161075K [0x00000000e8000000, 0x0000000100000000, 0x0000000100000000)
 Metaspace       used 31872K, capacity 32250K, committed 32508K, reserved 1077248K
  class space    used 3665K, capacity 3823K, committed 3840K, reserved 1048576K
}
2015-08-31T14:03:06.846+0200: 2248.815: Total time for which application threads were stopped: 0.0104952 seconds, Stopping threads took: 0.0000134 seconds
{Heap before GC invocations=45 (full 1):
 par new generation   total 109248K, used 109248K [0x00000000e0000000, 0x00000000e8000000, 0x00000000e8000000)
  eden space 87424K, 100% used [0x00000000e0000000, 0x00000000e5560000, 0x00000000e5560000)
  from space 21824K, 100% used [0x00000000e6ab0000, 0x00000000e8000000, 0x00000000e8000000)
  to   space 21824K,   0% used [0x00000000e5560000, 0x00000000e5560000, 0x00000000e6ab0000)
 concurrent mark-sweep generation total 393216K, used 161075K [0x00000000e8000000, 0x0000000100000000, 0x0000000100000000)
 Metaspace       used 31872K, capacity 32250K, committed 32508K, reserved 1077248K
  class space    used 3665K, capacity 3823K, committed 3840K, reserved 1048576K
2015-08-31T14:03:07.165+0200: 2249.134: [GC (Allocation Failure) 2249.134: [ParNew
Desired survivor size 20112992 bytes, new threshold 8 (max 8)
- age   1:    2207680 bytes,    2207680 total
- age   2:    1336632 bytes,    3544312 total
- age   3:   10276136 bytes,   13820448 total
- age   4:    1417176 bytes,   15237624 total
- age   5:     494648 bytes,   15732272 total
- age   6:    1432992 bytes,   17165264 total
- age   7:    2595328 bytes,   19760592 total
: 109248K->21824K(109248K), 0.0090700 secs] 270323K->185064K(502464K), 0.0091317 secs] [Times: user=0.00 sys=0.00, real=0.01 secs] 
Heap after GC invocations=46 (full 1):
 par new generation   total 109248K, used 21824K [0x00000000e0000000, 0x00000000e8000000, 0x00000000e8000000)
  eden space 87424K,   0% used [0x00000000e0000000, 0x00000000e0000000, 0x00000000e5560000)
  from space 21824K, 100% used [0x00000000e5560000, 0x00000000e6ab0000, 0x00000000e6ab0000)
  to   space 21824K,   0% used [0x00000000e6ab0000, 0x00000000e6ab0000, 0x00000000e8000000)
 concurrent mark-sweep generation total 393216K, used 163240K [0x00000000e8000000, 0x0000000100000000, 0x0000000100000000)
 Metaspace       used 31872K, capacity 32250K, committed 32508K, reserved 1077248K
  class space    used 3665K, capacity 3823K, committed 3840K, reserved 1048576K
}
2015-08-31T14:03:07.175+0200: 2249.143: Total time for which application threads were stopped: 0.0092821 seconds, Stopping threads took: 0.0000138 seconds
{Heap before GC invocations=46 (full 1):
 par new generation   total 109248K, used 109248K [0x00000000e0000000, 0x00000000e8000000, 0x00000000e8000000)
  eden space 87424K, 100% used [0x00000000e0000000, 0x00000000e5560000, 0x00000000e5560000)
  from space 21824K, 100% used [0x00000000e5560000, 0x00000000e6ab0000, 0x00000000e6ab0000)
  to   space 21824K,   0% used [0x00000000e6ab0000, 0x00000000e6ab0000, 0x00000000e8000000)
 concurrent mark-sweep generation total 393216K, used 163240K [0x00000000e8000000, 0x0000000100000000, 0x0000000100000000)
 Metaspace       used 31874K, capacity 32250K, committed 32508K, reserved 1077248K
  class space    used 3665K, capacity 3823K, committed 3840K, reserved 1048576K
2015-08-31T14:03:07.474+0200: 2249.443: [GC (Allocation Failure) 2249.443: [ParNew
Desired survivor size 20112992 bytes, new threshold 8 (max 8)
- age   1:    6239336 bytes,    6239336 total
- age   2:    2120792 bytes,    8360128 total
- age   3:    1320120 bytes,    9680248 total
- age   4:    5039936 bytes,   14720184 total
- age   5:    1416728 bytes,   16136912 total
- age   6:     494360 bytes,   16631272 total
- age   7:    1432632 bytes,   18063904 total
- age   8:    2594760 bytes,   20658664 total
: 109248K->21824K(109248K), 0.0097532 secs] 272488K->188584K(502464K), 0.0098418 secs] [Times: user=0.06 sys=0.00, real=0.01 secs] 
Heap after GC invocations=47 (full 1):
 par new generation   total 109248K, used 21824K [0x00000000e0000000, 0x00000000e8000000, 0x00000000e8000000)
  eden space 87424K,   0% used [0x00000000e0000000, 0x00000000e0000000, 0x00000000e5560000)
  from space 21824K, 100% used [0x00000000e6ab0000, 0x00000000e8000000, 0x00000000e8000000)
  to   space 21824K,   0% used [0x00000000e5560000, 0x00000000e5560000, 0x00000000e6ab0000)
 concurrent mark-sweep generation total 393216K, used 166760K [0x00000000e8000000, 0x0000000100000000, 0x0000000100000000)
 Metaspace       used 31874K, capacity 32250K, committed 32508K, reserved 1077248K
  class space    used 3665K, capacity 3823K, committed 3840K, reserved 1048576K
}
2015-08-31T14:03:07.484+0200: 2249.452: Total time for which application threads were stopped: 0.0099922 seconds, Stopping threads took: 0.0000141 seconds
{Heap before GC invocations=47 (full 1):
 par new generation   total 109248K, used 109248K [0x00000000e0000000, 0x00000000e8000000, 0x00000000e8000000)
  eden space 87424K, 100% used [0x00000000e0000000, 0x00000000e5560000, 0x00000000e5560000)
  from space 21824K, 100% used [0x00000000e6ab0000, 0x00000000e8000000, 0x00000000e8000000)
  to   space 21824K,   0% used [0x00000000e5560000, 0x00000000e5560000, 0x00000000e6ab0000)
 concurrent mark-sweep generation total 393216K, used 166760K [0x00000000e8000000, 0x0000000100000000, 0x0000000100000000)
 Metaspace       used 31874K, capacity 32250K, committed 32508K, reserved 1077248K
  class space    used 3665K, capacity 3823K, committed 3840K, reserved 1048576K
2015-08-31T14:03:07.797+0200: 2249.765: [GC (Allocation Failure) 2249.765: [ParNew
Desired survivor size 20112992 bytes, new threshold 8 (max 8)
- age   1:    3841592 bytes,    3841592 total
- age   2:    6205248 bytes,   10046840 total
- age   3:    2089352 bytes,   12136192 total
- age   4:    1288408 bytes,   13424600 total
- age   5:    5039552 bytes,   18464152 total
- age   6:     486080 bytes,   18950232 total
- age   7:     493856 bytes,   19444088 total
- age   8:    1432344 bytes,   20876432 total
: 109248K->21824K(109248K), 0.0109592 secs] 276008K->191308K(502464K), 0.0110181 secs] [Times: user=0.06 sys=0.00, real=0.01 secs] 
Heap after GC invocations=48 (full 1):
 par new generation   total 109248K, used 21824K [0x00000000e0000000, 0x00000000e8000000, 0x00000000e8000000)
  eden space 87424K,   0% used [0x00000000e0000000, 0x00000000e0000000, 0x00000000e5560000)
  from space 21824K, 100% used [0x00000000e5560000, 0x00000000e6ab0000, 0x00000000e6ab0000)
  to   space 21824K,   0% used [0x00000000e6ab0000, 0x00000000e6ab0000, 0x00000000e8000000)
 concurrent mark-sweep generation total 393216K, used 169484K [0x00000000e8000000, 0x0000000100000000, 0x0000000100000000)
 Metaspace       used 31874K, capacity 32250K, committed 32508K, reserved 1077248K
  class space    used 3665K, capacity 3823K, committed 3840K, reserved 1048576K
}
2015-08-31T14:03:07.808+0200: 2249.776: Total time for which application threads were stopped: 0.0111663 seconds, Stopping threads took: 0.0000141 seconds
2015-08-31T14:03:08.808+0200: 2250.776: Total time for which application threads were stopped: 0.0001322 seconds, Stopping threads took: 0.0000387 seconds
{Heap before GC invocations=48 (full 1):
 par new generation   total 109248K, used 109248K [0x00000000e0000000, 0x00000000e8000000, 0x00000000e8000000)
  eden space 87424K, 100% used [0x00000000e0000000, 0x00000000e5560000, 0x00000000e5560000)
  from space 21824K, 100% used [0x00000000e5560000, 0x00000000e6ab0000, 0x00000000e6ab0000)
  to   space 21824K,   0% used [0x00000000e6ab0000, 0x00000000e6ab0000, 0x00000000e8000000)
 concurrent mark-sweep generation total 393216K, used 169484K [0x00000000e8000000, 0x0000000100000000, 0x0000000100000000)
 Metaspace       used 31971K, capacity 32314K, committed 32764K, reserved 1079296K
  class space    used 3668K, capacity 3823K, committed 3840K, reserved 1048576K
2015-08-31T14:03:09.217+0200: 2251.185: [GC (Allocation Failure) 2251.185: [ParNew
Desired survivor size 20112992 bytes, new threshold 5 (max 8)
- age   1:   12712224 bytes,   12712224 total
- age   2:    1817624 bytes,   14529848 total
- age   3:    4051576 bytes,   18581424 total
- age   4:    1366056 bytes,   19947480 total
- age   5:    1095136 bytes,   21042616 total
- age   6:     373064 bytes,   21415680 total
- age   7:     461592 bytes,   21877272 total
- age   8:     454504 bytes,   22331776 total
: 109248K->21824K(109248K), 0.0169796 secs] 278732K->202146K(502464K), 0.0170567 secs] [Times: user=0.06 sys=0.00, real=0.02 secs] 
Heap after GC invocations=49 (full 1):
 par new generation   total 109248K, used 21824K [0x00000000e0000000, 0x00000000e8000000, 0x00000000e8000000)
  eden space 87424K,   0% used [0x00000000e0000000, 0x00000000e0000000, 0x00000000e5560000)
  from space 21824K, 100% used [0x00000000e6ab0000, 0x00000000e8000000, 0x00000000e8000000)
  to   space 21824K,   0% used [0x00000000e5560000, 0x00000000e5560000, 0x00000000e6ab0000)
 concurrent mark-sweep generation total 393216K, used 180322K [0x00000000e8000000, 0x0000000100000000, 0x0000000100000000)
 Metaspace       used 31971K, capacity 32314K, committed 32764K, reserved 1079296K
  class space    used 3668K, capacity 3823K, committed 3840K, reserved 1048576K
}
2015-08-31T14:03:09.234+0200: 2251.203: Total time for which application threads were stopped: 0.0172446 seconds, Stopping threads took: 0.0000157 seconds
{Heap before GC invocations=49 (full 1):
 par new generation   total 109248K, used 109248K [0x00000000e0000000, 0x00000000e8000000, 0x00000000e8000000)
  eden space 87424K, 100% used [0x00000000e0000000, 0x00000000e5560000, 0x00000000e5560000)
  from space 21824K, 100% used [0x00000000e6ab0000, 0x00000000e8000000, 0x00000000e8000000)
  to   space 21824K,   0% used [0x00000000e5560000, 0x00000000e5560000, 0x00000000e6ab0000)
 concurrent mark-sweep generation total 393216K, used 180322K [0x00000000e8000000, 0x0000000100000000, 0x0000000100000000)
 Metaspace       used 31996K, capacity 32378K, committed 32764K, reserved 1079296K
  class space    used 3668K, capacity 3823K, committed 3840K, reserved 1048576K
2015-08-31T14:03:09.388+0200: 2251.356: [GC (Allocation Failure) 2251.357: [ParNew
Desired survivor size 20112992 bytes, new threshold 8 (max 8)
- age   1:      53080 bytes,      53080 total
- age   2:   12711424 bytes,   12764504 total
- age   3:    1817528 bytes,   14582032 total
- age   4:    4051496 bytes,   18633528 total
- age   5:    1365728 bytes,   19999256 total
: 109248K->21824K(109248K), 0.0094677 secs] 289570K->204514K(502464K), 0.0095362 secs] [Times: user=0.05 sys=0.01, real=0.01 secs] 
Heap after GC invocations=50 (full 1):
 par new generation   total 109248K, used 21824K [0x00000000e0000000, 0x00000000e8000000, 0x00000000e8000000)
  eden space 87424K,   0% used [0x00000000e0000000, 0x00000000e0000000, 0x00000000e5560000)
  from space 21824K, 100% used [0x00000000e5560000, 0x00000000e6ab0000, 0x00000000e6ab0000)
  to   space 21824K,   0% used [0x00000000e6ab0000, 0x00000000e6ab0000, 0x00000000e8000000)
 concurrent mark-sweep generation total 393216K, used 182690K [0x00000000e8000000, 0x0000000100000000, 0x0000000100000000)
 Metaspace       used 31996K, capacity 32378K, committed 32764K, reserved 1079296K
  class space    used 3668K, capacity 3823K, committed 3840K, reserved 1048576K
}
2015-08-31T14:03:09.398+0200: 2251.366: Total time for which application threads were stopped: 0.0097176 seconds, Stopping threads took: 0.0000166 seconds
{Heap before GC invocations=50 (full 1):
 par new generation   total 109248K, used 109248K [0x00000000e0000000, 0x00000000e8000000, 0x00000000e8000000)
  eden space 87424K, 100% used [0x00000000e0000000, 0x00000000e5560000, 0x00000000e5560000)
  from space 21824K, 100% used [0x00000000e5560000, 0x00000000e6ab0000, 0x00000000e6ab0000)
  to   space 21824K,   0% used [0x00000000e6ab0000, 0x00000000e6ab0000, 0x00000000e8000000)
 concurrent mark-sweep generation total 393216K, used 182690K [0x00000000e8000000, 0x0000000100000000, 0x0000000100000000)
 Metaspace       used 31996K, capacity 32378K, committed 32764K, reserved 1079296K
  class space    used 3668K, capacity 3823K, committed 3840K, reserved 1048576K
2015-08-31T14:03:09.526+0200: 2251.494: [GC (Allocation Failure) 2251.494: [ParNew
Desired survivor size 20112992 bytes, new threshold 6 (max 8)
- age   1:     191960 bytes,     191960 total
- age   2:      30536 bytes,     222496 total
- age   3:   12711424 bytes,   12933920 total
- age   4:    1817528 bytes,   14751448 total
- age   5:    4051496 bytes,   18802944 total
- age   6:    1365728 bytes,   20168672 total
: 109248K->21824K(109248K), 0.0095759 secs] 291938K->204514K(502464K), 0.0096380 secs] [Times: user=0.06 sys=0.00, real=0.01 secs] 
Heap after GC invocations=51 (full 1):
 par new generation   total 109248K, used 21824K [0x00000000e0000000, 0x00000000e8000000, 0x00000000e8000000)
  eden space 87424K,   0% used [0x00000000e0000000, 0x00000000e0000000, 0x00000000e5560000)
  from space 21824K, 100% used [0x00000000e6ab0000, 0x00000000e8000000, 0x00000000e8000000)
  to   space 21824K,   0% used [0x00000000e5560000, 0x00000000e5560000, 0x00000000e6ab0000)
 concurrent mark-sweep generation total 393216K, used 182690K [0x00000000e8000000, 0x0000000100000000, 0x0000000100000000)
 Metaspace       used 31996K, capacity 32378K, committed 32764K, reserved 1079296K
  class space    used 3668K, capacity 3823K, committed 3840K, reserved 1048576K
}
2015-08-31T14:03:09.536+0200: 2251.504: Total time for which application threads were stopped: 0.0098127 seconds, Stopping threads took: 0.0000166 seconds
{Heap before GC invocations=51 (full 1):
 par new generation   total 109248K, used 109248K [0x00000000e0000000, 0x00000000e8000000, 0x00000000e8000000)
  eden space 87424K, 100% used [0x00000000e0000000, 0x00000000e5560000, 0x00000000e5560000)
  from space 21824K, 100% used [0x00000000e6ab0000, 0x00000000e8000000, 0x00000000e8000000)
  to   space 21824K,   0% used [0x00000000e5560000, 0x00000000e5560000, 0x00000000e6ab0000)
 concurrent mark-sweep generation total 393216K, used 182690K [0x00000000e8000000, 0x0000000100000000, 0x0000000100000000)
 Metaspace       used 31996K, capacity 32378K, committed 32764K, reserved 1079296K
  class space    used 3668K, capacity 3823K, committed 3840K, reserved 1048576K
2015-08-31T14:03:09.688+0200: 2251.657: [GC (Allocation Failure) 2251.657: [ParNew
Desired survivor size 20112992 bytes, new threshold 8 (max 8)
- age   1:      54624 bytes,      54624 total
- age   2:     120688 bytes,     175312 total
- age   3:      30400 bytes,     205712 total
- age   4:   12711448 bytes,   12917160 total
- age   5:    1817552 bytes,   14734712 total
- age   6:    4051496 bytes,   18786208 total
: 109248K->19196K(109248K), 0.0097592 secs] 291938K->203235K(502464K), 0.0098248 secs] [Times: user=0.06 sys=0.00, real=0.01 secs] 
Heap after GC invocations=52 (full 1):
 par new generation   total 109248K, used 19196K [0x00000000e0000000, 0x00000000e8000000, 0x00000000e8000000)
  eden space 87424K,   0% used [0x00000000e0000000, 0x00000000e0000000, 0x00000000e5560000)
  from space 21824K,  87% used [0x00000000e5560000, 0x00000000e681f110, 0x00000000e6ab0000)
  to   space 21824K,   0% used [0x00000000e6ab0000, 0x00000000e6ab0000, 0x00000000e8000000)
 concurrent mark-sweep generation total 393216K, used 184038K [0x00000000e8000000, 0x0000000100000000, 0x0000000100000000)
 Metaspace       used 31996K, capacity 32378K, committed 32764K, reserved 1079296K
  class space    used 3668K, capacity 3823K, committed 3840K, reserved 1048576K
}
2015-08-31T14:03:09.698+0200: 2251.667: Total time for which application threads were stopped: 0.0099944 seconds, Stopping threads took: 0.0000170 seconds
{Heap before GC invocations=52 (full 1):
 par new generation   total 109248K, used 106620K [0x00000000e0000000, 0x00000000e8000000, 0x00000000e8000000)
  eden space 87424K, 100% used [0x00000000e0000000, 0x00000000e5560000, 0x00000000e5560000)
  from space 21824K,  87% used [0x00000000e5560000, 0x00000000e681f110, 0x00000000e6ab0000)
  to   space 21824K,   0% used [0x00000000e6ab0000, 0x00000000e6ab0000, 0x00000000e8000000)
 concurrent mark-sweep generation total 393216K, used 184038K [0x00000000e8000000, 0x0000000100000000, 0x0000000100000000)
 Metaspace       used 31997K, capacity 32378K, committed 32764K, reserved 1079296K
  class space    used 3668K, capacity 3823K, committed 3840K, reserved 1048576K
2015-08-31T14:03:09.928+0200: 2251.896: [GC (Allocation Failure) 2251.896: [ParNew
Desired survivor size 20112992 bytes, new threshold 8 (max 8)
- age   1:     246816 bytes,     246816 total
- age   2:      10672 bytes,     257488 total
- age   3:      98000 bytes,     355488 total
- age   4:      30336 bytes,     385824 total
- age   5:   12711216 bytes,   13097040 total
- age   6:    1817528 bytes,   14914568 total
- age   7:    4051496 bytes,   18966064 total
: 106620K->20852K(109248K), 0.0066178 secs] 290659K->204891K(502464K), 0.0066943 secs] [Times: user=0.00 sys=0.00, real=0.01 secs] 
Heap after GC invocations=53 (full 1):
 par new generation   total 109248K, used 20852K [0x00000000e0000000, 0x00000000e8000000, 0x00000000e8000000)
  eden space 87424K,   0% used [0x00000000e0000000, 0x00000000e0000000, 0x00000000e5560000)
  from space 21824K,  95% used [0x00000000e6ab0000, 0x00000000e7f0d158, 0x00000000e8000000)
  to   space 21824K,   0% used [0x00000000e5560000, 0x00000000e5560000, 0x00000000e6ab0000)
 concurrent mark-sweep generation total 393216K, used 184038K [0x00000000e8000000, 0x0000000100000000, 0x0000000100000000)
 Metaspace       used 31997K, capacity 32378K, committed 32764K, reserved 1079296K
  class space    used 3668K, capacity 3823K, committed 3840K, reserved 1048576K
}
2015-08-31T14:03:09.935+0200: 2251.903: Total time for which application threads were stopped: 0.0068783 seconds, Stopping threads took: 0.0000163 seconds
{Heap before GC invocations=53 (full 1):
 par new generation   total 109248K, used 108276K [0x00000000e0000000, 0x00000000e8000000, 0x00000000e8000000)
  eden space 87424K, 100% used [0x00000000e0000000, 0x00000000e5560000, 0x00000000e5560000)
  from space 21824K,  95% used [0x00000000e6ab0000, 0x00000000e7f0d158, 0x00000000e8000000)
  to   space 21824K,   0% used [0x00000000e5560000, 0x00000000e5560000, 0x00000000e6ab0000)
 concurrent mark-sweep generation total 393216K, used 184038K [0x00000000e8000000, 0x0000000100000000, 0x0000000100000000)
 Metaspace       used 31999K, capacity 32378K, committed 32764K, reserved 1079296K
  class space    used 3668K, capacity 3823K, committed 3840K, reserved 1048576K
2015-08-31T14:03:10.044+0200: 2252.013: [GC (Allocation Failure) 2252.013: [ParNew
Desired survivor size 20112992 bytes, new threshold 8 (max 8)
- age   1:     104240 bytes,     104240 total
- age   2:      94416 bytes,     198656 total
- age   3:      10672 bytes,     209328 total
- age   4:      98000 bytes,     307328 total
- age   5:      30336 bytes,     337664 total
- age   6:   12711216 bytes,   13048880 total
- age   7:    1817528 bytes,   14866408 total
- age   8:    4051496 bytes,   18917904 total
: 108276K->19658K(109248K), 0.0064790 secs] 292315K->203697K(502464K), 0.0065369 secs] [Times: user=0.05 sys=0.00, real=0.01 secs] 
Heap after GC invocations=54 (full 1):
 par new generation   total 109248K, used 19658K [0x00000000e0000000, 0x00000000e8000000, 0x00000000e8000000)
  eden space 87424K,   0% used [0x00000000e0000000, 0x00000000e0000000, 0x00000000e5560000)
  from space 21824K,  90% used [0x00000000e5560000, 0x00000000e6892a50, 0x00000000e6ab0000)
  to   space 21824K,   0% used [0x00000000e6ab0000, 0x00000000e6ab0000, 0x00000000e8000000)
 concurrent mark-sweep generation total 393216K, used 184038K [0x00000000e8000000, 0x0000000100000000, 0x0000000100000000)
 Metaspace       used 31999K, capacity 32378K, committed 32764K, reserved 1079296K
  class space    used 3668K, capacity 3823K, committed 3840K, reserved 1048576K
}
2015-08-31T14:03:10.051+0200: 2252.019: Total time for which application threads were stopped: 0.0067007 seconds, Stopping threads took: 0.0000166 seconds
2015-08-31T14:03:10.190+0200: 2252.159: Total time for which application threads were stopped: 0.0000931 seconds, Stopping threads took: 0.0000163 seconds
{Heap before GC invocations=54 (full 1):
 par new generation   total 109248K, used 107082K [0x00000000e0000000, 0x00000000e8000000, 0x00000000e8000000)
  eden space 87424K, 100% used [0x00000000e0000000, 0x00000000e5560000, 0x00000000e5560000)
  from space 21824K,  90% used [0x00000000e5560000, 0x00000000e6892a50, 0x00000000e6ab0000)
  to   space 21824K,   0% used [0x00000000e6ab0000, 0x00000000e6ab0000, 0x00000000e8000000)
 concurrent mark-sweep generation total 393216K, used 184038K [0x00000000e8000000, 0x0000000100000000, 0x0000000100000000)
 Metaspace       used 32004K, capacity 32378K, committed 32764K, reserved 1079296K
  class space    used 3668K, capacity 3823K, committed 3840K, reserved 1048576K
2015-08-31T14:03:10.220+0200: 2252.188: [GC (Allocation Failure) 2252.188: [ParNew
Desired survivor size 20112992 bytes, new threshold 8 (max 8)
- age   1:     615352 bytes,     615352 total
- age   2:       1096 bytes,     616448 total
- age   3:      94416 bytes,     710864 total
- age   4:      10672 bytes,     721536 total
- age   5:      98000 bytes,     819536 total
- age   6:      30336 bytes,     849872 total
- age   7:   12673864 bytes,   13523736 total
- age   8:    1766504 bytes,   15290240 total
: 107082K->16297K(109248K), 0.0074985 secs] 291121K->204256K(502464K), 0.0075775 secs] [Times: user=0.05 sys=0.00, real=0.01 secs] 
Heap after GC invocations=55 (full 1):
 par new generation   total 109248K, used 16297K [0x00000000e0000000, 0x00000000e8000000, 0x00000000e8000000)
  eden space 87424K,   0% used [0x00000000e0000000, 0x00000000e0000000, 0x00000000e5560000)
  from space 21824K,  74% used [0x00000000e6ab0000, 0x00000000e7a9a570, 0x00000000e8000000)
  to   space 21824K,   0% used [0x00000000e5560000, 0x00000000e5560000, 0x00000000e6ab0000)
 concurrent mark-sweep generation total 393216K, used 187959K [0x00000000e8000000, 0x0000000100000000, 0x0000000100000000)
 Metaspace       used 32004K, capacity 32378K, committed 32764K, reserved 1079296K
  class space    used 3668K, capacity 3823K, committed 3840K, reserved 1048576K
}
2015-08-31T14:03:10.228+0200: 2252.196: Total time for which application threads were stopped: 0.0077513 seconds, Stopping threads took: 0.0000186 seconds
{Heap before GC invocations=55 (full 1):
 par new generation   total 109248K, used 103721K [0x00000000e0000000, 0x00000000e8000000, 0x00000000e8000000)
  eden space 87424K, 100% used [0x00000000e0000000, 0x00000000e5560000, 0x00000000e5560000)
  from space 21824K,  74% used [0x00000000e6ab0000, 0x00000000e7a9a570, 0x00000000e8000000)
  to   space 21824K,   0% used [0x00000000e5560000, 0x00000000e5560000, 0x00000000e6ab0000)
 concurrent mark-sweep generation total 393216K, used 187959K [0x00000000e8000000, 0x0000000100000000, 0x0000000100000000)
 Metaspace       used 32004K, capacity 32378K, committed 32764K, reserved 1079296K
  class space    used 3668K, capacity 3823K, committed 3840K, reserved 1048576K
2015-08-31T14:03:10.520+0200: 2252.487: [GC (Allocation Failure) 2252.487: [ParNew
Desired survivor size 20112992 bytes, new threshold 8 (max 8)
- age   1:    4280056 bytes,    4280056 total
- age   2:     473872 bytes,    4753928 total
- age   3:       1096 bytes,    4755024 total
- age   4:      94416 bytes,    4849440 total
- age   5:      10672 bytes,    4860112 total
- age   6:      98000 bytes,    4958112 total
- age   7:      30336 bytes,    4988448 total
- age   8:   12673864 bytes,   17662312 total
: 103721K->17747K(109248K), 0.0069087 secs] 291680K->207443K(502464K), 0.0069727 secs] [Times: user=0.00 sys=0.00, real=0.01 secs] 
Heap after GC invocations=56 (full 1):
 par new generation   total 109248K, used 17747K [0x00000000e0000000, 0x00000000e8000000, 0x00000000e8000000)
  eden space 87424K,   0% used [0x00000000e0000000, 0x00000000e0000000, 0x00000000e5560000)
  from space 21824K,  81% used [0x00000000e5560000, 0x00000000e66b4fe0, 0x00000000e6ab0000)
  to   space 21824K,   0% used [0x00000000e6ab0000, 0x00000000e6ab0000, 0x00000000e8000000)
 concurrent mark-sweep generation total 393216K, used 189695K [0x00000000e8000000, 0x0000000100000000, 0x0000000100000000)
 Metaspace       used 32004K, capacity 32378K, committed 32764K, reserved 1079296K
  class space    used 3668K, capacity 3823K, committed 3840K, reserved 1048576K
}
2015-08-31T14:03:10.527+0200: 2252.494: Total time for which application threads were stopped: 0.0071308 seconds, Stopping threads took: 0.0000144 seconds
{Heap before GC invocations=56 (full 1):
 par new generation   total 109248K, used 105171K [0x00000000e0000000, 0x00000000e8000000, 0x00000000e8000000)
  eden space 87424K, 100% used [0x00000000e0000000, 0x00000000e5560000, 0x00000000e5560000)
  from space 21824K,  81% used [0x00000000e5560000, 0x00000000e66b4fe0, 0x00000000e6ab0000)
  to   space 21824K,   0% used [0x00000000e6ab0000, 0x00000000e6ab0000, 0x00000000e8000000)
 concurrent mark-sweep generation total 393216K, used 189695K [0x00000000e8000000, 0x0000000100000000, 0x0000000100000000)
 Metaspace       used 32004K, capacity 32378K, committed 32764K, reserved 1079296K
  class space    used 3668K, capacity 3823K, committed 3840K, reserved 1048576K
2015-08-31T14:03:10.818+0200: 2252.785: [GC (Allocation Failure) 2252.785: [ParNew
Desired survivor size 20112992 bytes, new threshold 8 (max 8)
- age   1:    5311368 bytes,    5311368 total
- age   2:    2733352 bytes,    8044720 total
- age   3:     440064 bytes,    8484784 total
- age   4:       1096 bytes,    8485880 total
- age   5:      94416 bytes,    8580296 total
- age   6:      10672 bytes,    8590968 total
- age   7:      98000 bytes,    8688968 total
- age   8:      30336 bytes,    8719304 total
: 105171K->11449K(109248K), 0.0096434 secs] 294867K->213528K(502464K), 0.0097199 secs] [Times: user=0.00 sys=0.00, real=0.01 secs] 
Heap after GC invocations=57 (full 1):
 par new generation   total 109248K, used 11449K [0x00000000e0000000, 0x00000000e8000000, 0x00000000e8000000)
  eden space 87424K,   0% used [0x00000000e0000000, 0x00000000e0000000, 0x00000000e5560000)
  from space 21824K,  52% used [0x00000000e6ab0000, 0x00000000e75de4e0, 0x00000000e8000000)
  to   space 21824K,   0% used [0x00000000e5560000, 0x00000000e5560000, 0x00000000e6ab0000)
 concurrent mark-sweep generation total 393216K, used 202079K [0x00000000e8000000, 0x0000000100000000, 0x0000000100000000)
 Metaspace       used 32004K, capacity 32378K, committed 32764K, reserved 1079296K
  class space    used 3668K, capacity 3823K, committed 3840K, reserved 1048576K
}
2015-08-31T14:03:10.828+0200: 2252.795: Total time for which application threads were stopped: 0.0098828 seconds, Stopping threads took: 0.0000182 seconds
2015-08-31T14:03:10.828+0200: 2252.795: [GC (CMS Initial Mark) [1 CMS-initial-mark: 202079K(393216K)] 215273K(502464K), 0.0008521 secs] [Times: user=0.00 sys=0.00, real=0.00 secs] 
2015-08-31T14:03:10.829+0200: 2252.796: Total time for which application threads were stopped: 0.0009446 seconds, Stopping threads took: 0.0000090 seconds
2015-08-31T14:03:10.829+0200: 2252.796: [CMS-concurrent-mark-start]
2015-08-31T14:03:10.855+0200: 2252.823: [CMS-concurrent-mark: 0.026/0.026 secs] [Times: user=0.13 sys=0.00, real=0.03 secs] 
2015-08-31T14:03:10.855+0200: 2252.823: [CMS-concurrent-preclean-start]
2015-08-31T14:03:10.856+0200: 2252.824: [CMS-concurrent-preclean: 0.001/0.001 secs] [Times: user=0.00 sys=0.00, real=0.00 secs] 
2015-08-31T14:03:10.856+0200: 2252.824: [CMS-concurrent-abortable-preclean-start]
2015-08-31T14:03:10.986+0200: 2252.953: [CMS-concurrent-abortable-preclean: 0.129/0.130 secs] [Times: user=0.26 sys=0.00, real=0.13 secs] 
2015-08-31T14:03:10.986+0200: 2252.953: [GC (CMS Final Remark) [YG occupancy: 56251 K (109248 K)]{Heap before GC invocations=57 (full 2):
 par new generation   total 109248K, used 56251K [0x00000000e0000000, 0x00000000e8000000, 0x00000000e8000000)
  eden space 87424K,  51% used [0x00000000e0000000, 0x00000000e2bc0978, 0x00000000e5560000)
  from space 21824K,  52% used [0x00000000e6ab0000, 0x00000000e75de4e0, 0x00000000e8000000)
  to   space 21824K,   0% used [0x00000000e5560000, 0x00000000e5560000, 0x00000000e6ab0000)
 concurrent mark-sweep generation total 393216K, used 202079K [0x00000000e8000000, 0x0000000100000000, 0x0000000100000000)
 Metaspace       used 32004K, capacity 32378K, committed 32764K, reserved 1079296K
  class space    used 3668K, capacity 3823K, committed 3840K, reserved 1048576K
2015-08-31T14:03:10.986+0200: 2252.954: [GC (CMS Final Remark) 2252.954: [ParNew
Desired survivor size 20112992 bytes, new threshold 8 (max 8)
- age   1:    3631424 bytes,    3631424 total
- age   2:    3499792 bytes,    7131216 total
- age   3:    2732312 bytes,    9863528 total
- age   4:     440064 bytes,   10303592 total
- age   5:       1096 bytes,   10304688 total
- age   6:      94416 bytes,   10399104 total
- age   7:      10672 bytes,   10409776 total
- age   8:      98000 bytes,   10507776 total
: 56251K->13006K(109248K), 0.0059762 secs] 258330K->215115K(502464K), 0.0060252 secs] [Times: user=0.06 sys=0.00, real=0.01 secs] 
Heap after GC invocations=58 (full 2):
 par new generation   total 109248K, used 13006K [0x00000000e0000000, 0x00000000e8000000, 0x00000000e8000000)
  eden space 87424K,   0% used [0x00000000e0000000, 0x00000000e0000000, 0x00000000e5560000)
  from space 21824K,  59% used [0x00000000e5560000, 0x00000000e6213bb0, 0x00000000e6ab0000)
  to   space 21824K,   0% used [0x00000000e6ab0000, 0x00000000e6ab0000, 0x00000000e8000000)
 concurrent mark-sweep generation total 393216K, used 202108K [0x00000000e8000000, 0x0000000100000000, 0x0000000100000000)
 Metaspace       used 32004K, capacity 32378K, committed 32764K, reserved 1079296K
  class space    used 3668K, capacity 3823K, committed 3840K, reserved 1048576K
}
2252.960: [Rescan (parallel) , 0.0017193 secs]2252.961: [weak refs processing, 0.0003421 secs]2252.962: [class unloading, 0.0069433 secs]2252.969: [scrub symbol table, 0.0031193 secs]2252.972: [scrub string table, 0.0004595 secs][1 CMS-remark: 202108K(393216K)] 215115K(502464K), 0.0200855 secs] [Times: user=0.08 sys=0.00, real=0.02 secs] 
2015-08-31T14:03:11.006+0200: 2252.974: Total time for which application threads were stopped: 0.0202519 seconds, Stopping threads took: 0.0000797 seconds
2015-08-31T14:03:11.006+0200: 2252.974: [CMS-concurrent-sweep-start]
2015-08-31T14:03:11.006+0200: 2252.974: Total time for which application threads were stopped: 0.0001190 seconds, Stopping threads took: 0.0000493 seconds
2015-08-31T14:03:11.008+0200: 2252.975: Total time for which application threads were stopped: 0.0000778 seconds, Stopping threads took: 0.0000144 seconds
2015-08-31T14:03:11.008+0200: 2252.975: Total time for which application threads were stopped: 0.0000602 seconds, Stopping threads took: 0.0000202 seconds
2015-08-31T14:03:11.008+0200: 2252.975: Total time for which application threads were stopped: 0.0000509 seconds, Stopping threads took: 0.0000182 seconds
2015-08-31T14:03:11.008+0200: 2252.975: Total time for which application threads were stopped: 0.0000784 seconds, Stopping threads took: 0.0000477 seconds
2015-08-31T14:03:11.008+0200: 2252.976: Total time for which application threads were stopped: 0.0000794 seconds, Stopping threads took: 0.0000490 seconds
2015-08-31T14:03:11.008+0200: 2252.976: Total time for which application threads were stopped: 0.0000531 seconds, Stopping threads took: 0.0000202 seconds
2015-08-31T14:03:11.008+0200: 2252.976: Total time for which application threads were stopped: 0.0000531 seconds, Stopping threads took: 0.0000186 seconds
2015-08-31T14:03:11.008+0200: 2252.976: Total time for which application threads were stopped: 0.0000499 seconds, Stopping threads took: 0.0000157 seconds
2015-08-31T14:03:11.009+0200: 2252.976: Total time for which application threads were stopped: 0.0000486 seconds, Stopping threads took: 0.0000157 seconds
2015-08-31T14:03:11.009+0200: 2252.976: Total time for which application threads were stopped: 0.0000480 seconds, Stopping threads took: 0.0000150 seconds
2015-08-31T14:03:11.009+0200: 2252.976: Total time for which application threads were stopped: 0.0000486 seconds, Stopping threads took: 0.0000154 seconds
2015-08-31T14:03:11.009+0200: 2252.976: Total time for which application threads were stopped: 0.0000630 seconds, Stopping threads took: 0.0000224 seconds
2015-08-31T14:03:11.009+0200: 2252.976: Total time for which application threads were stopped: 0.0000557 seconds, Stopping threads took: 0.0000205 seconds
2015-08-31T14:03:11.009+0200: 2252.976: Total time for which application threads were stopped: 0.0000461 seconds, Stopping threads took: 0.0000218 seconds
2015-08-31T14:03:11.009+0200: 2252.976: Total time for which application threads were stopped: 0.0000278 seconds, Stopping threads took: 0.0000058 seconds
2015-08-31T14:03:11.009+0200: 2252.976: Total time for which application threads were stopped: 0.0000413 seconds, Stopping threads took: 0.0000186 seconds
2015-08-31T14:03:11.009+0200: 2252.977: Total time for which application threads were stopped: 0.0000406 seconds, Stopping threads took: 0.0000176 seconds
2015-08-31T14:03:11.009+0200: 2252.977: Total time for which application threads were stopped: 0.0000406 seconds, Stopping threads took: 0.0000179 seconds
2015-08-31T14:03:11.009+0200: 2252.977: Total time for which application threads were stopped: 0.0000410 seconds, Stopping threads took: 0.0000182 seconds
2015-08-31T14:03:11.009+0200: 2252.977: Total time for which application threads were stopped: 0.0000378 seconds, Stopping threads took: 0.0000134 seconds
2015-08-31T14:03:11.009+0200: 2252.977: Total time for which application threads were stopped: 0.0000454 seconds, Stopping threads took: 0.0000205 seconds
2015-08-31T14:03:11.010+0200: 2252.977: Total time for which application threads were stopped: 0.0000365 seconds, Stopping threads took: 0.0000131 seconds
2015-08-31T14:03:11.010+0200: 2252.977: Total time for which application threads were stopped: 0.0000410 seconds, Stopping threads took: 0.0000182 seconds
2015-08-31T14:03:11.010+0200: 2252.977: Total time for which application threads were stopped: 0.0000403 seconds, Stopping threads took: 0.0000176 seconds
2015-08-31T14:03:11.010+0200: 2252.977: Total time for which application threads were stopped: 0.0000416 seconds, Stopping threads took: 0.0000179 seconds
2015-08-31T14:03:11.010+0200: 2252.977: Total time for which application threads were stopped: 0.0000285 seconds, Stopping threads took: 0.0000061 seconds
2015-08-31T14:03:11.010+0200: 2252.977: Total time for which application threads were stopped: 0.0000458 seconds, Stopping threads took: 0.0000211 seconds
2015-08-31T14:03:11.010+0200: 2252.977: Total time for which application threads were stopped: 0.0000445 seconds, Stopping threads took: 0.0000195 seconds
2015-08-31T14:03:11.010+0200: 2252.977: Total time for which application threads were stopped: 0.0000445 seconds, Stopping threads took: 0.0000176 seconds
2015-08-31T14:03:11.010+0200: 2252.977: Total time for which application threads were stopped: 0.0000432 seconds, Stopping threads took: 0.0000182 seconds
2015-08-31T14:03:11.010+0200: 2252.977: Total time for which application threads were stopped: 0.0000454 seconds, Stopping threads took: 0.0000182 seconds
2015-08-31T14:03:11.010+0200: 2252.978: Total time for which application threads were stopped: 0.0000454 seconds, Stopping threads took: 0.0000205 seconds
2015-08-31T14:03:11.010+0200: 2252.978: Total time for which application threads were stopped: 0.0000442 seconds, Stopping threads took: 0.0000195 seconds
2015-08-31T14:03:11.010+0200: 2252.978: Total time for which application threads were stopped: 0.0000442 seconds, Stopping threads took: 0.0000195 seconds
2015-08-31T14:03:11.010+0200: 2252.978: Total time for which application threads were stopped: 0.0000438 seconds, Stopping threads took: 0.0000195 seconds
2015-08-31T14:03:11.010+0200: 2252.978: Total time for which application threads were stopped: 0.0000438 seconds, Stopping threads took: 0.0000195 seconds
2015-08-31T14:03:11.011+0200: 2252.978: Total time for which application threads were stopped: 0.0001315 seconds, Stopping threads took: 0.0000205 seconds
2015-08-31T14:03:11.011+0200: 2252.978: Total time for which application threads were stopped: 0.0000448 seconds, Stopping threads took: 0.0000195 seconds
2015-08-31T14:03:11.011+0200: 2252.978: Total time for which application threads were stopped: 0.0000429 seconds, Stopping threads took: 0.0000202 seconds
2015-08-31T14:03:11.011+0200: 2252.978: Total time for which application threads were stopped: 0.0000406 seconds, Stopping threads took: 0.0000179 seconds
2015-08-31T14:03:11.011+0200: 2252.978: Total time for which application threads were stopped: 0.0000413 seconds, Stopping threads took: 0.0000186 seconds
2015-08-31T14:03:11.011+0200: 2252.978: Total time for which application threads were stopped: 0.0000406 seconds, Stopping threads took: 0.0000179 seconds
2015-08-31T14:03:11.011+0200: 2252.978: Total time for which application threads were stopped: 0.0000410 seconds, Stopping threads took: 0.0000186 seconds
2015-08-31T14:03:11.011+0200: 2252.978: Total time for which application threads were stopped: 0.0000550 seconds, Stopping threads took: 0.0000227 seconds
2015-08-31T14:03:11.011+0200: 2252.979: Total time for which application threads were stopped: 0.0000483 seconds, Stopping threads took: 0.0000218 seconds
2015-08-31T14:03:11.011+0200: 2252.979: Total time for which application threads were stopped: 0.0000278 seconds, Stopping threads took: 0.0000054 seconds
2015-08-31T14:03:11.011+0200: 2252.979: Total time for which application threads were stopped: 0.0000413 seconds, Stopping threads took: 0.0000182 seconds
2015-08-31T14:03:11.011+0200: 2252.979: Total time for which application threads were stopped: 0.0000272 seconds, Stopping threads took: 0.0000054 seconds
2015-08-31T14:03:11.011+0200: 2252.979: Total time for which application threads were stopped: 0.0000406 seconds, Stopping threads took: 0.0000179 seconds
2015-08-31T14:03:11.011+0200: 2252.979: Total time for which application threads were stopped: 0.0000416 seconds, Stopping threads took: 0.0000186 seconds
2015-08-31T14:03:11.012+0200: 2252.979: Total time for which application threads were stopped: 0.0000387 seconds, Stopping threads took: 0.0000131 seconds
2015-08-31T14:03:11.012+0200: 2252.979: Total time for which application threads were stopped: 0.0000381 seconds, Stopping threads took: 0.0000125 seconds
2015-08-31T14:03:11.012+0200: 2252.979: Total time for which application threads were stopped: 0.0000269 seconds, Stopping threads took: 0.0000058 seconds
2015-08-31T14:03:11.012+0200: 2252.979: Total time for which application threads were stopped: 0.0000432 seconds, Stopping threads took: 0.0000205 seconds
2015-08-31T14:03:11.012+0200: 2252.979: Total time for which application threads were stopped: 0.0000253 seconds, Stopping threads took: 0.0000058 seconds
2015-08-31T14:03:11.012+0200: 2252.979: Total time for which application threads were stopped: 0.0000317 seconds, Stopping threads took: 0.0000093 seconds
2015-08-31T14:03:11.012+0200: 2252.979: Total time for which application threads were stopped: 0.0001005 seconds, Stopping threads took: 0.0000170 seconds
2015-08-31T14:03:11.012+0200: 2252.979: Total time for which application threads were stopped: 0.0000410 seconds, Stopping threads took: 0.0000179 seconds
2015-08-31T14:03:11.012+0200: 2252.979: Total time for which application threads were stopped: 0.0000426 seconds, Stopping threads took: 0.0000122 seconds
2015-08-31T14:03:11.012+0200: 2252.979: Total time for which application threads were stopped: 0.0000483 seconds, Stopping threads took: 0.0000211 seconds
2015-08-31T14:03:11.012+0200: 2252.980: Total time for which application threads were stopped: 0.0000451 seconds, Stopping threads took: 0.0000198 seconds
2015-08-31T14:03:11.012+0200: 2252.980: Total time for which application threads were stopped: 0.0000278 seconds, Stopping threads took: 0.0000061 seconds
2015-08-31T14:03:11.012+0200: 2252.980: Total time for which application threads were stopped: 0.0000355 seconds, Stopping threads took: 0.0000061 seconds
2015-08-31T14:03:11.012+0200: 2252.980: Total time for which application threads were stopped: 0.0000442 seconds, Stopping threads took: 0.0000195 seconds
2015-08-31T14:03:11.013+0200: 2252.980: Total time for which application threads were stopped: 0.0000934 seconds, Stopping threads took: 0.0000179 seconds
2015-08-31T14:03:11.013+0200: 2252.980: Total time for which application threads were stopped: 0.0001059 seconds, Stopping threads took: 0.0000214 seconds
2015-08-31T14:03:11.033+0200: 2253.000: [CMS-concurrent-sweep: 0.023/0.026 secs] [Times: user=0.08 sys=0.00, real=0.03 secs] 
2015-08-31T14:03:11.033+0200: 2253.000: [CMS-concurrent-reset-start]
2015-08-31T14:03:11.033+0200: 2253.000: [CMS-concurrent-reset: 0.000/0.000 secs] [Times: user=0.00 sys=0.00, real=0.00 secs] 
{Heap before GC invocations=58 (full 2):
 par new generation   total 109248K, used 100430K [0x00000000e0000000, 0x00000000e8000000, 0x00000000e8000000)
  eden space 87424K, 100% used [0x00000000e0000000, 0x00000000e5560000, 0x00000000e5560000)
  from space 21824K,  59% used [0x00000000e5560000, 0x00000000e6213bb0, 0x00000000e6ab0000)
  to   space 21824K,   0% used [0x00000000e6ab0000, 0x00000000e6ab0000, 0x00000000e8000000)
 concurrent mark-sweep generation total 393216K, used 122128K [0x00000000e8000000, 0x0000000100000000, 0x0000000100000000)
 Metaspace       used 31928K, capacity 32254K, committed 32764K, reserved 1079296K
  class space    used 3655K, capacity 3799K, committed 3840K, reserved 1048576K
2015-08-31T14:03:11.303+0200: 2253.270: [GC (Allocation Failure) 2253.270: [ParNew
Desired survivor size 20112992 bytes, new threshold 8 (max 8)
- age   1:    6951528 bytes,    6951528 total
- age   2:    1382416 bytes,    8333944 total
- age   3:    2778832 bytes,   11112776 total
- age   4:    2732312 bytes,   13845088 total
- age   5:     438896 bytes,   14283984 total
- age   7:        176 bytes,   14284160 total
- age   8:       1424 bytes,   14285584 total
: 100430K->15062K(109248K), 0.0061366 secs] 222559K->137191K(502464K), 0.0061977 secs] [Times: user=0.00 sys=0.00, real=0.01 secs] 
Heap after GC invocations=59 (full 2):
 par new generation   total 109248K, used 15062K [0x00000000e0000000, 0x00000000e8000000, 0x00000000e8000000)
  eden space 87424K,   0% used [0x00000000e0000000, 0x00000000e0000000, 0x00000000e5560000)
  from space 21824K,  69% used [0x00000000e6ab0000, 0x00000000e7965b90, 0x00000000e8000000)
  to   space 21824K,   0% used [0x00000000e5560000, 0x00000000e5560000, 0x00000000e6ab0000)
 concurrent mark-sweep generation total 393216K, used 122128K [0x00000000e8000000, 0x0000000100000000, 0x0000000100000000)
 Metaspace       used 31928K, capacity 32254K, committed 32764K, reserved 1079296K
  class space    used 3655K, capacity 3799K, committed 3840K, reserved 1048576K
}
2015-08-31T14:03:11.309+0200: 2253.276: Total time for which application threads were stopped: 0.0064166 seconds, Stopping threads took: 0.0000157 seconds
{Heap before GC invocations=59 (full 2):
 par new generation   total 109248K, used 102486K [0x00000000e0000000, 0x00000000e8000000, 0x00000000e8000000)
  eden space 87424K, 100% used [0x00000000e0000000, 0x00000000e5560000, 0x00000000e5560000)
  from space 21824K,  69% used [0x00000000e6ab0000, 0x00000000e7965b90, 0x00000000e8000000)
  to   space 21824K,   0% used [0x00000000e5560000, 0x00000000e5560000, 0x00000000e6ab0000)
 concurrent mark-sweep generation total 393216K, used 122128K [0x00000000e8000000, 0x0000000100000000, 0x0000000100000000)
 Metaspace       used 31928K, capacity 32254K, committed 32764K, reserved 1079296K
  class space    used 3655K, capacity 3799K, committed 3840K, reserved 1048576K
2015-08-31T14:03:11.598+0200: 2253.565: [GC (Allocation Failure) 2253.566: [ParNew
Desired survivor size 20112992 bytes, new threshold 8 (max 8)
- age   1:    7255008 bytes,    7255008 total
- age   2:    4038744 bytes,   11293752 total
- age   3:    1381144 bytes,   12674896 total
- age   4:    2688672 bytes,   15363568 total
- age   5:    2732312 bytes,   18095880 total
- age   6:     438896 bytes,   18534776 total
- age   8:        176 bytes,   18534952 total
: 102486K->20499K(109248K), 0.0074741 secs] 224615K->142629K(502464K), 0.0075365 secs] [Times: user=0.00 sys=0.00, real=0.01 secs] 
Heap after GC invocations=60 (full 2):
 par new generation   total 109248K, used 20499K [0x00000000e0000000, 0x00000000e8000000, 0x00000000e8000000)
  eden space 87424K,   0% used [0x00000000e0000000, 0x00000000e0000000, 0x00000000e5560000)
  from space 21824K,  93% used [0x00000000e5560000, 0x00000000e6964db0, 0x00000000e6ab0000)
  to   space 21824K,   0% used [0x00000000e6ab0000, 0x00000000e6ab0000, 0x00000000e8000000)
 concurrent mark-sweep generation total 393216K, used 122130K [0x00000000e8000000, 0x0000000100000000, 0x0000000100000000)
 Metaspace       used 31928K, capacity 32254K, committed 32764K, reserved 1079296K
  class space    used 3655K, capacity 3799K, committed 3840K, reserved 1048576K
}
2015-08-31T14:03:11.606+0200: 2253.573: Total time for which application threads were stopped: 0.0076847 seconds, Stopping threads took: 0.0000141 seconds
{Heap before GC invocations=60 (full 2):
 par new generation   total 109248K, used 107923K [0x00000000e0000000, 0x00000000e8000000, 0x00000000e8000000)
  eden space 87424K, 100% used [0x00000000e0000000, 0x00000000e5560000, 0x00000000e5560000)
  from space 21824K,  93% used [0x00000000e5560000, 0x00000000e6964db0, 0x00000000e6ab0000)
  to   space 21824K,   0% used [0x00000000e6ab0000, 0x00000000e6ab0000, 0x00000000e8000000)
 concurrent mark-sweep generation total 393216K, used 122130K [0x00000000e8000000, 0x0000000100000000, 0x0000000100000000)
 Metaspace       used 31928K, capacity 32254K, committed 32764K, reserved 1079296K
  class space    used 3655K, capacity 3799K, committed 3840K, reserved 1048576K
2015-08-31T14:03:11.889+0200: 2253.856: [GC (Allocation Failure) 2253.856: [ParNew
Desired survivor size 20112992 bytes, new threshold 8 (max 8)
- age   1:    6439128 bytes,    6439128 total
- age   2:    3131672 bytes,    9570800 total
- age   3:    2252568 bytes,   11823368 total
- age   4:    1309224 bytes,   13132592 total
- age   5:    2679616 bytes,   15812208 total
- age   6:    2719688 bytes,   18531896 total
- age   7:     438208 bytes,   18970104 total
: 107923K->21824K(109248K), 0.0077522 secs] 230053K->146857K(502464K), 0.0078149 secs] [Times: user=0.06 sys=0.00, real=0.01 secs] 
Heap after GC invocations=61 (full 2):
 par new generation   total 109248K, used 21824K [0x00000000e0000000, 0x00000000e8000000, 0x00000000e8000000)
  eden space 87424K,   0% used [0x00000000e0000000, 0x00000000e0000000, 0x00000000e5560000)
  from space 21824K, 100% used [0x00000000e6ab0000, 0x00000000e8000000, 0x00000000e8000000)
  to   space 21824K,   0% used [0x00000000e5560000, 0x00000000e5560000, 0x00000000e6ab0000)
 concurrent mark-sweep generation total 393216K, used 125033K [0x00000000e8000000, 0x0000000100000000, 0x0000000100000000)
 Metaspace       used 31928K, capacity 32254K, committed 32764K, reserved 1079296K
  class space    used 3655K, capacity 3799K, committed 3840K, reserved 1048576K
}
2015-08-31T14:03:11.897+0200: 2253.864: Total time for which application threads were stopped: 0.0079708 seconds, Stopping threads took: 0.0000138 seconds
2015-08-31T14:03:11.991+0200: 2253.958: Total time for which application threads were stopped: 0.0001843 seconds, Stopping threads took: 0.0000285 seconds
2015-08-31T14:03:11.996+0200: 2253.964: Total time for which application threads were stopped: 0.0001162 seconds, Stopping threads took: 0.0000192 seconds
2015-08-31T14:03:11.997+0200: 2253.964: Total time for which application threads were stopped: 0.0000650 seconds, Stopping threads took: 0.0000099 seconds
{Heap before GC invocations=61 (full 2):
 par new generation   total 109248K, used 109248K [0x00000000e0000000, 0x00000000e8000000, 0x00000000e8000000)
  eden space 87424K, 100% used [0x00000000e0000000, 0x00000000e5560000, 0x00000000e5560000)
  from space 21824K, 100% used [0x00000000e6ab0000, 0x00000000e8000000, 0x00000000e8000000)
  to   space 21824K,   0% used [0x00000000e5560000, 0x00000000e5560000, 0x00000000e6ab0000)
 concurrent mark-sweep generation total 393216K, used 125033K [0x00000000e8000000, 0x0000000100000000, 0x0000000100000000)
 Metaspace       used 31932K, capacity 32254K, committed 32764K, reserved 1079296K
  class space    used 3655K, capacity 3799K, committed 3840K, reserved 1048576K
2015-08-31T14:03:12.146+0200: 2254.113: [GC (Allocation Failure) 2254.113: [ParNew
Desired survivor size 20112992 bytes, new threshold 8 (max 8)
- age   1:    4522288 bytes,    4522288 total
- age   2:    3498736 bytes,    8021024 total
- age   3:    2986448 bytes,   11007472 total
- age   4:    2111112 bytes,   13118584 total
- age   5:    1238960 bytes,   14357544 total
- age   6:    2536872 bytes,   16894416 total
- age   7:    2579728 bytes,   19474144 total
- age   8:     288824 bytes,   19762968 total
: 109248K->21824K(109248K), 0.0064716 secs] 234281K->149310K(502464K), 0.0065359 secs] [Times: user=0.00 sys=0.00, real=0.01 secs] 
Heap after GC invocations=62 (full 2):
 par new generation   total 109248K, used 21824K [0x00000000e0000000, 0x00000000e8000000, 0x00000000e8000000)
  eden space 87424K,   0% used [0x00000000e0000000, 0x00000000e0000000, 0x00000000e5560000)
  from space 21824K, 100% used [0x00000000e5560000, 0x00000000e6ab0000, 0x00000000e6ab0000)
  to   space 21824K,   0% used [0x00000000e6ab0000, 0x00000000e6ab0000, 0x00000000e8000000)
 concurrent mark-sweep generation total 393216K, used 127486K [0x00000000e8000000, 0x0000000100000000, 0x0000000100000000)
 Metaspace       used 31932K, capacity 32254K, committed 32764K, reserved 1079296K
  class space    used 3655K, capacity 3799K, committed 3840K, reserved 1048576K
}
2015-08-31T14:03:12.153+0200: 2254.120: Total time for which application threads were stopped: 0.0067951 seconds, Stopping threads took: 0.0000739 seconds
{Heap before GC invocations=62 (full 2):
 par new generation   total 109248K, used 109248K [0x00000000e0000000, 0x00000000e8000000, 0x00000000e8000000)
  eden space 87424K, 100% used [0x00000000e0000000, 0x00000000e5560000, 0x00000000e5560000)
  from space 21824K, 100% used [0x00000000e5560000, 0x00000000e6ab0000, 0x00000000e6ab0000)
  to   space 21824K,   0% used [0x00000000e6ab0000, 0x00000000e6ab0000, 0x00000000e8000000)
 concurrent mark-sweep generation total 393216K, used 127486K [0x00000000e8000000, 0x0000000100000000, 0x0000000100000000)
 Metaspace       used 31932K, capacity 32254K, committed 32764K, reserved 1079296K
  class space    used 3655K, capacity 3799K, committed 3840K, reserved 1048576K
2015-08-31T14:03:12.246+0200: 2254.213: [GC (Allocation Failure) 2254.213: [ParNew
Desired survivor size 20112992 bytes, new threshold 8 (max 8)
- age   1:    1971616 bytes,    1971616 total
- age   2:    3391880 bytes,    5363496 total
- age   3:    3449344 bytes,    8812840 total
- age   4:    2941376 bytes,   11754216 total
- age   5:    2068544 bytes,   13822760 total
- age   6:    1219744 bytes,   15042504 total
- age   7:    2502904 bytes,   17545408 total
- age   8:    2543880 bytes,   20089288 total
: 109248K->21824K(109248K), 0.0062255 secs] 236734K->150313K(502464K), 0.0062857 secs] [Times: user=0.06 sys=0.00, real=0.01 secs] 
Heap after GC invocations=63 (full 2):
 par new generation   total 109248K, used 21824K [0x00000000e0000000, 0x00000000e8000000, 0x00000000e8000000)
  eden space 87424K,   0% used [0x00000000e0000000, 0x00000000e0000000, 0x00000000e5560000)
  from space 21824K, 100% used [0x00000000e6ab0000, 0x00000000e8000000, 0x00000000e8000000)
  to   space 21824K,   0% used [0x00000000e5560000, 0x00000000e5560000, 0x00000000e6ab0000)
 concurrent mark-sweep generation total 393216K, used 128489K [0x00000000e8000000, 0x0000000100000000, 0x0000000100000000)
 Metaspace       used 31932K, capacity 32254K, committed 32764K, reserved 1079296K
  class space    used 3655K, capacity 3799K, committed 3840K, reserved 1048576K
}
2015-08-31T14:03:12.252+0200: 2254.219: Total time for which application threads were stopped: 0.0064822 seconds, Stopping threads took: 0.0000301 seconds
2015-08-31T14:03:12.283+0200: 2254.250: Total time for which application threads were stopped: 0.0001411 seconds, Stopping threads took: 0.0000323 seconds
2015-08-31T14:03:12.284+0200: 2254.252: Total time for which application threads were stopped: 0.0001757 seconds, Stopping threads took: 0.0000896 seconds
2015-08-31T14:03:12.285+0200: 2254.252: Total time for which application threads were stopped: 0.0000714 seconds, Stopping threads took: 0.0000083 seconds
2015-08-31T14:03:12.286+0200: 2254.254: Total time for which application threads were stopped: 0.0000950 seconds, Stopping threads took: 0.0000186 seconds
2015-08-31T14:03:12.288+0200: 2254.255: Total time for which application threads were stopped: 0.0000765 seconds, Stopping threads took: 0.0000234 seconds
2015-08-31T14:03:12.357+0200: 2254.325: Total time for which application threads were stopped: 0.0001267 seconds, Stopping threads took: 0.0000262 seconds
{Heap before GC invocations=63 (full 2):
 par new generation   total 109248K, used 109248K [0x00000000e0000000, 0x00000000e8000000, 0x00000000e8000000)
  eden space 87424K, 100% used [0x00000000e0000000, 0x00000000e5560000, 0x00000000e5560000)
  from space 21824K, 100% used [0x00000000e6ab0000, 0x00000000e8000000, 0x00000000e8000000)
  to   space 21824K,   0% used [0x00000000e5560000, 0x00000000e5560000, 0x00000000e6ab0000)
 concurrent mark-sweep generation total 393216K, used 128489K [0x00000000e8000000, 0x0000000100000000, 0x0000000100000000)
 Metaspace       used 31979K, capacity 32318K, committed 32764K, reserved 1079296K
  class space    used 3656K, capacity 3799K, committed 3840K, reserved 1048576K
2015-08-31T14:03:12.490+0200: 2254.458: [GC (Allocation Failure) 2254.458: [ParNew
Desired survivor size 20112992 bytes, new threshold 8 (max 8)
- age   1:    3938424 bytes,    3938424 total
- age   2:     434536 bytes,    4372960 total
- age   3:    3135280 bytes,    7508240 total
- age   4:    2940008 bytes,   10448248 total
- age   5:    2354392 bytes,   12802640 total
- age   6:    1807184 bytes,   14609824 total
- age   7:    1098480 bytes,   15708304 total
- age   8:    2317032 bytes,   18025336 total
: 109248K->21824K(109248K), 0.0094184 secs] 237737K->155348K(502464K), 0.0094748 secs] [Times: user=0.02 sys=0.00, real=0.01 secs] 
Heap after GC invocations=64 (full 2):
 par new generation   total 109248K, used 21824K [0x00000000e0000000, 0x00000000e8000000, 0x00000000e8000000)
  eden space 87424K,   0% used [0x00000000e0000000, 0x00000000e0000000, 0x00000000e5560000)
  from space 21824K, 100% used [0x00000000e5560000, 0x00000000e6ab0000, 0x00000000e6ab0000)
  to   space 21824K,   0% used [0x00000000e6ab0000, 0x00000000e6ab0000, 0x00000000e8000000)
 concurrent mark-sweep generation total 393216K, used 133524K [0x00000000e8000000, 0x0000000100000000, 0x0000000100000000)
 Metaspace       used 31979K, capacity 32318K, committed 32764K, reserved 1079296K
  class space    used 3656K, capacity 3799K, committed 3840K, reserved 1048576K
}
2015-08-31T14:03:12.500+0200: 2254.467: Total time for which application threads were stopped: 0.0096293 seconds, Stopping threads took: 0.0000147 seconds
2015-08-31T14:03:12.720+0200: 2254.688: Total time for which application threads were stopped: 0.0001024 seconds, Stopping threads took: 0.0000147 seconds
2015-08-31T14:03:12.725+0200: 2254.693: Total time for which application threads were stopped: 0.0001219 seconds, Stopping threads took: 0.0000227 seconds
2015-08-31T14:03:12.726+0200: 2254.693: Total time for which application threads were stopped: 0.0001110 seconds, Stopping threads took: 0.0000310 seconds
{Heap before GC invocations=64 (full 2):
 par new generation   total 109248K, used 109248K [0x00000000e0000000, 0x00000000e8000000, 0x00000000e8000000)
  eden space 87424K, 100% used [0x00000000e0000000, 0x00000000e5560000, 0x00000000e5560000)
  from space 21824K, 100% used [0x00000000e5560000, 0x00000000e6ab0000, 0x00000000e6ab0000)
  to   space 21824K,   0% used [0x00000000e6ab0000, 0x00000000e6ab0000, 0x00000000e8000000)
 concurrent mark-sweep generation total 393216K, used 133524K [0x00000000e8000000, 0x0000000100000000, 0x0000000100000000)
 Metaspace       used 31991K, capacity 32382K, committed 32764K, reserved 1079296K
  class space    used 3656K, capacity 3799K, committed 3840K, reserved 1048576K
2015-08-31T14:03:12.775+0200: 2254.742: [GC (Allocation Failure) 2254.742: [ParNew
Desired survivor size 20112992 bytes, new threshold 8 (max 8)
- age   1:    5298032 bytes,    5298032 total
- age   2:    3277016 bytes,    8575048 total
- age   3:     398248 bytes,    8973296 total
- age   4:    3056136 bytes,   12029432 total
- age   5:    2888008 bytes,   14917440 total
- age   6:    2341912 bytes,   17259352 total
- age   7:    1767664 bytes,   19027016 total
- age   8:    1098480 bytes,   20125496 total
: 109248K->21824K(109248K), 0.0068812 secs] 242772K->157787K(502464K), 0.0069458 secs] [Times: user=0.06 sys=0.00, real=0.01 secs] 
Heap after GC invocations=65 (full 2):
 par new generation   total 109248K, used 21824K [0x00000000e0000000, 0x00000000e8000000, 0x00000000e8000000)
  eden space 87424K,   0% used [0x00000000e0000000, 0x00000000e0000000, 0x00000000e5560000)
  from space 21824K, 100% used [0x00000000e6ab0000, 0x00000000e8000000, 0x00000000e8000000)
  to   space 21824K,   0% used [0x00000000e5560000, 0x00000000e5560000, 0x00000000e6ab0000)
 concurrent mark-sweep generation total 393216K, used 135963K [0x00000000e8000000, 0x0000000100000000, 0x0000000100000000)
 Metaspace       used 31991K, capacity 32382K, committed 32764K, reserved 1079296K
  class space    used 3656K, capacity 3799K, committed 3840K, reserved 1048576K
}
2015-08-31T14:03:12.782+0200: 2254.749: Total time for which application threads were stopped: 0.0071177 seconds, Stopping threads took: 0.0000202 seconds
2015-08-31T14:03:12.890+0200: 2254.858: Total time for which application threads were stopped: 0.0001190 seconds, Stopping threads took: 0.0000278 seconds
2015-08-31T14:03:12.894+0200: 2254.862: Total time for which application threads were stopped: 0.0001274 seconds, Stopping threads took: 0.0000266 seconds
2015-08-31T14:03:12.894+0200: 2254.862: Total time for which application threads were stopped: 0.0000992 seconds, Stopping threads took: 0.0000192 seconds
2015-08-31T14:03:12.895+0200: 2254.862: Total time for which application threads were stopped: 0.0000736 seconds, Stopping threads took: 0.0000090 seconds
2015-08-31T14:03:12.895+0200: 2254.862: Total time for which application threads were stopped: 0.0000755 seconds, Stopping threads took: 0.0000083 seconds
2015-08-31T14:03:12.895+0200: 2254.862: Total time for which application threads were stopped: 0.0000682 seconds, Stopping threads took: 0.0000086 seconds
2015-08-31T14:03:12.895+0200: 2254.862: Total time for which application threads were stopped: 0.0000640 seconds, Stopping threads took: 0.0000259 seconds
2015-08-31T14:03:12.896+0200: 2254.863: Total time for which application threads were stopped: 0.0000480 seconds, Stopping threads took: 0.0000093 seconds
2015-08-31T14:03:12.896+0200: 2254.864: Total time for which application threads were stopped: 0.0000474 seconds, Stopping threads took: 0.0000090 seconds
2015-08-31T14:03:12.897+0200: 2254.864: Total time for which application threads were stopped: 0.0000470 seconds, Stopping threads took: 0.0000086 seconds
{Heap before GC invocations=65 (full 2):
 par new generation   total 109248K, used 109248K [0x00000000e0000000, 0x00000000e8000000, 0x00000000e8000000)
  eden space 87424K, 100% used [0x00000000e0000000, 0x00000000e5560000, 0x00000000e5560000)
  from space 21824K, 100% used [0x00000000e6ab0000, 0x00000000e8000000, 0x00000000e8000000)
  to   space 21824K,   0% used [0x00000000e5560000, 0x00000000e5560000, 0x00000000e6ab0000)
 concurrent mark-sweep generation total 393216K, used 135963K [0x00000000e8000000, 0x0000000100000000, 0x0000000100000000)
 Metaspace       used 32010K, capacity 32382K, committed 32764K, reserved 1079296K
  class space    used 3656K, capacity 3799K, committed 3840K, reserved 1048576K
2015-08-31T14:03:12.929+0200: 2254.896: [GC (Allocation Failure) 2254.896: [ParNew
Desired survivor size 20112992 bytes, new threshold 8 (max 8)
- age   1:    2496328 bytes,    2496328 total
- age   2:    4328680 bytes,    6825008 total
- age   3:    1938872 bytes,    8763880 total
- age   4:     362616 bytes,    9126496 total
- age   5:    2982568 bytes,   12109064 total
- age   6:    2830048 bytes,   14939112 total
- age   7:    2333992 bytes,   17273104 total
- age   8:    1763424 bytes,   19036528 total
: 109248K->21824K(109248K), 0.0092757 secs] 245211K->159437K(502464K), 0.0093503 secs] [Times: user=0.06 sys=0.00, real=0.01 secs] 
Heap after GC invocations=66 (full 2):
 par new generation   total 109248K, used 21824K [0x00000000e0000000, 0x00000000e8000000, 0x00000000e8000000)
  eden space 87424K,   0% used [0x00000000e0000000, 0x00000000e0000000, 0x00000000e5560000)
  from space 21824K, 100% used [0x00000000e5560000, 0x00000000e6ab0000, 0x00000000e6ab0000)
  to   space 21824K,   0% used [0x00000000e6ab0000, 0x00000000e6ab0000, 0x00000000e8000000)
 concurrent mark-sweep generation total 393216K, used 137613K [0x00000000e8000000, 0x0000000100000000, 0x0000000100000000)
 Metaspace       used 32010K, capacity 32382K, committed 32764K, reserved 1079296K
  class space    used 3656K, capacity 3799K, committed 3840K, reserved 1048576K
}
2015-08-31T14:03:12.938+0200: 2254.906: Total time for which application threads were stopped: 0.0095103 seconds, Stopping threads took: 0.0000166 seconds
{Heap before GC invocations=66 (full 2):
 par new generation   total 109248K, used 109248K [0x00000000e0000000, 0x00000000e8000000, 0x00000000e8000000)
  eden space 87424K, 100% used [0x00000000e0000000, 0x00000000e5560000, 0x00000000e5560000)
  from space 21824K, 100% used [0x00000000e5560000, 0x00000000e6ab0000, 0x00000000e6ab0000)
  to   space 21824K,   0% used [0x00000000e6ab0000, 0x00000000e6ab0000, 0x00000000e8000000)
 concurrent mark-sweep generation total 393216K, used 137613K [0x00000000e8000000, 0x0000000100000000, 0x0000000100000000)
 Metaspace       used 32010K, capacity 32382K, committed 32764K, reserved 1079296K
  class space    used 3656K, capacity 3799K, committed 3840K, reserved 1048576K
2015-08-31T14:03:13.218+0200: 2255.185: [GC (Allocation Failure) 2255.186: [ParNew
Desired survivor size 20112992 bytes, new threshold 8 (max 8)
- age   1:    4194224 bytes,    4194224 total
- age   2:    1264656 bytes,    5458880 total
- age   3:    4285960 bytes,    9744840 total
- age   4:    1938872 bytes,   11683712 total
- age   5:     362616 bytes,   12046328 total
- age   6:    3012248 bytes,   15058576 total
- age   7:    2815928 bytes,   17874504 total
- age   8:    2269600 bytes,   20144104 total
: 109248K->21824K(109248K), 0.0076005 secs] 246861K->162147K(502464K), 0.0076613 secs] [Times: user=0.00 sys=0.00, real=0.01 secs] 
Heap after GC invocations=67 (full 2):
 par new generation   total 109248K, used 21824K [0x00000000e0000000, 0x00000000e8000000, 0x00000000e8000000)
  eden space 87424K,   0% used [0x00000000e0000000, 0x00000000e0000000, 0x00000000e5560000)
  from space 21824K, 100% used [0x00000000e6ab0000, 0x00000000e8000000, 0x00000000e8000000)
  to   space 21824K,   0% used [0x00000000e5560000, 0x00000000e5560000, 0x00000000e6ab0000)
 concurrent mark-sweep generation total 393216K, used 140323K [0x00000000e8000000, 0x0000000100000000, 0x0000000100000000)
 Metaspace       used 32010K, capacity 32382K, committed 32764K, reserved 1079296K
  class space    used 3656K, capacity 3799K, committed 3840K, reserved 1048576K
}
2015-08-31T14:03:13.226+0200: 2255.193: Total time for which application threads were stopped: 0.0078201 seconds, Stopping threads took: 0.0000141 seconds
{Heap before GC invocations=67 (full 2):
 par new generation   total 109248K, used 109248K [0x00000000e0000000, 0x00000000e8000000, 0x00000000e8000000)
  eden space 87424K, 100% used [0x00000000e0000000, 0x00000000e5560000, 0x00000000e5560000)
  from space 21824K, 100% used [0x00000000e6ab0000, 0x00000000e8000000, 0x00000000e8000000)
  to   space 21824K,   0% used [0x00000000e5560000, 0x00000000e5560000, 0x00000000e6ab0000)
 concurrent mark-sweep generation total 393216K, used 140323K [0x00000000e8000000, 0x0000000100000000, 0x0000000100000000)
 Metaspace       used 32010K, capacity 32382K, committed 32764K, reserved 1079296K
  class space    used 3656K, capacity 3799K, committed 3840K, reserved 1048576K
2015-08-31T14:03:13.510+0200: 2255.477: [GC (Allocation Failure) 2255.477: [ParNew
Desired survivor size 20112992 bytes, new threshold 8 (max 8)
- age   1:    3230472 bytes,    3230472 total
- age   2:    2525696 bytes,    5756168 total
- age   3:    1242248 bytes,    6998416 total
- age   4:    4134920 bytes,   11133336 total
- age   5:    1892368 bytes,   13025704 total
- age   6:     355056 bytes,   13380760 total
- age   7:    2966232 bytes,   16346992 total
- age   8:    2815896 bytes,   19162888 total
: 109248K->21824K(109248K), 0.0077977 secs] 249571K->166637K(502464K), 0.0078610 secs] [Times: user=0.06 sys=0.00, real=0.01 secs] 
Heap after GC invocations=68 (full 2):
 par new generation   total 109248K, used 21824K [0x00000000e0000000, 0x00000000e8000000, 0x00000000e8000000)
  eden space 87424K,   0% used [0x00000000e0000000, 0x00000000e0000000, 0x00000000e5560000)
  from space 21824K, 100% used [0x00000000e5560000, 0x00000000e6ab0000, 0x00000000e6ab0000)
  to   space 21824K,   0% used [0x00000000e6ab0000, 0x00000000e6ab0000, 0x00000000e8000000)
 concurrent mark-sweep generation total 393216K, used 144813K [0x00000000e8000000, 0x0000000100000000, 0x0000000100000000)
 Metaspace       used 32010K, capacity 32382K, committed 32764K, reserved 1079296K
  class space    used 3656K, capacity 3799K, committed 3840K, reserved 1048576K
}
2015-08-31T14:03:13.518+0200: 2255.485: Total time for which application threads were stopped: 0.0080130 seconds, Stopping threads took: 0.0000138 seconds
{Heap before GC invocations=68 (full 2):
 par new generation   total 109248K, used 109248K [0x00000000e0000000, 0x00000000e8000000, 0x00000000e8000000)
  eden space 87424K, 100% used [0x00000000e0000000, 0x00000000e5560000, 0x00000000e5560000)
  from space 21824K, 100% used [0x00000000e5560000, 0x00000000e6ab0000, 0x00000000e6ab0000)
  to   space 21824K,   0% used [0x00000000e6ab0000, 0x00000000e6ab0000, 0x00000000e8000000)
 concurrent mark-sweep generation total 393216K, used 144813K [0x00000000e8000000, 0x0000000100000000, 0x0000000100000000)
 Metaspace       used 32011K, capacity 32382K, committed 32764K, reserved 1079296K
  class space    used 3656K, capacity 3799K, committed 3840K, reserved 1048576K
2015-08-31T14:03:13.806+0200: 2255.773: [GC (Allocation Failure) 2255.773: [ParNew
Desired survivor size 20112992 bytes, new threshold 8 (max 8)
- age   1:    6415648 bytes,    6415648 total
- age   2:    2617928 bytes,    9033576 total
- age   3:    1884184 bytes,   10917760 total
- age   4:    1168624 bytes,   12086384 total
- age   5:    3194152 bytes,   15280536 total
- age   6:    1662104 bytes,   16942640 total
- age   7:     274472 bytes,   17217112 total
- age   8:    2469880 bytes,   19686992 total
: 109248K->21824K(109248K), 0.0078287 secs] 254061K->172020K(502464K), 0.0079525 secs] [Times: user=0.06 sys=0.00, real=0.01 secs] 
Heap after GC invocations=69 (full 2):
 par new generation   total 109248K, used 21824K [0x00000000e0000000, 0x00000000e8000000, 0x00000000e8000000)
  eden space 87424K,   0% used [0x00000000e0000000, 0x00000000e0000000, 0x00000000e5560000)
  from space 21824K, 100% used [0x00000000e6ab0000, 0x00000000e8000000, 0x00000000e8000000)
  to   space 21824K,   0% used [0x00000000e5560000, 0x00000000e5560000, 0x00000000e6ab0000)
 concurrent mark-sweep generation total 393216K, used 150196K [0x00000000e8000000, 0x0000000100000000, 0x0000000100000000)
 Metaspace       used 32011K, capacity 32382K, committed 32764K, reserved 1079296K
  class space    used 3656K, capacity 3799K, committed 3840K, reserved 1048576K
}
2015-08-31T14:03:13.814+0200: 2255.781: Total time for which application threads were stopped: 0.0081103 seconds, Stopping threads took: 0.0000147 seconds
{Heap before GC invocations=69 (full 2):
 par new generation   total 109248K, used 109248K [0x00000000e0000000, 0x00000000e8000000, 0x00000000e8000000)
  eden space 87424K, 100% used [0x00000000e0000000, 0x00000000e5560000, 0x00000000e5560000)
  from space 21824K, 100% used [0x00000000e6ab0000, 0x00000000e8000000, 0x00000000e8000000)
  to   space 21824K,   0% used [0x00000000e5560000, 0x00000000e5560000, 0x00000000e6ab0000)
 concurrent mark-sweep generation total 393216K, used 150196K [0x00000000e8000000, 0x0000000100000000, 0x0000000100000000)
 Metaspace       used 32011K, capacity 32382K, committed 32764K, reserved 1079296K
  class space    used 3656K, capacity 3799K, committed 3840K, reserved 1048576K
2015-08-31T14:03:14.100+0200: 2256.067: [GC (Allocation Failure) 2256.067: [ParNew
Desired survivor size 20112992 bytes, new threshold 8 (max 8)
- age   1:    6235712 bytes,    6235712 total
- age   2:    3551368 bytes,    9787080 total
- age   3:    2396008 bytes,   12183088 total
- age   4:    1743992 bytes,   13927080 total
- age   5:    1105896 bytes,   15032976 total
- age   6:    3161872 bytes,   18194848 total
- age   7:    1659520 bytes,   19854368 total
- age   8:     274152 bytes,   20128520 total
: 109248K->21824K(109248K), 0.0074498 secs] 259444K->175158K(502464K), 0.0075109 secs] [Times: user=0.06 sys=0.00, real=0.01 secs] 
Heap after GC invocations=70 (full 2):
 par new generation   total 109248K, used 21824K [0x00000000e0000000, 0x00000000e8000000, 0x00000000e8000000)
  eden space 87424K,   0% used [0x00000000e0000000, 0x00000000e0000000, 0x00000000e5560000)
  from space 21824K, 100% used [0x00000000e5560000, 0x00000000e6ab0000, 0x00000000e6ab0000)
  to   space 21824K,   0% used [0x00000000e6ab0000, 0x00000000e6ab0000, 0x00000000e8000000)
 concurrent mark-sweep generation total 393216K, used 153334K [0x00000000e8000000, 0x0000000100000000, 0x0000000100000000)
 Metaspace       used 32011K, capacity 32382K, committed 32764K, reserved 1079296K
  class space    used 3656K, capacity 3799K, committed 3840K, reserved 1048576K
}
2015-08-31T14:03:14.107+0200: 2256.075: Total time for which application threads were stopped: 0.0076607 seconds, Stopping threads took: 0.0000144 seconds
{Heap before GC invocations=70 (full 2):
 par new generation   total 109248K, used 109248K [0x00000000e0000000, 0x00000000e8000000, 0x00000000e8000000)
  eden space 87424K, 100% used [0x00000000e0000000, 0x00000000e5560000, 0x00000000e5560000)
  from space 21824K, 100% used [0x00000000e5560000, 0x00000000e6ab0000, 0x00000000e6ab0000)
  to   space 21824K,   0% used [0x00000000e6ab0000, 0x00000000e6ab0000, 0x00000000e8000000)
 concurrent mark-sweep generation total 393216K, used 153334K [0x00000000e8000000, 0x0000000100000000, 0x0000000100000000)
 Metaspace       used 32011K, capacity 32382K, committed 32764K, reserved 1079296K
  class space    used 3656K, capacity 3799K, committed 3840K, reserved 1048576K
2015-08-31T14:03:14.404+0200: 2256.371: [GC (Allocation Failure) 2256.371: [ParNew
Desired survivor size 20112992 bytes, new threshold 8 (max 8)
- age   1:    6685344 bytes,    6685344 total
- age   2:    2387488 bytes,    9072832 total
- age   3:    3436720 bytes,   12509552 total
- age   4:    2179304 bytes,   14688856 total
- age   5:    1658296 bytes,   16347152 total
- age   6:    1075072 bytes,   17422224 total
- age   7:    2578384 bytes,   20000608 total
- age   8:    1612184 bytes,   21612792 total
: 109248K->21824K(109248K), 0.0074329 secs] 262582K->176962K(502464K), 0.0074959 secs] [Times: user=0.00 sys=0.00, real=0.01 secs] 
Heap after GC invocations=71 (full 2):
 par new generation   total 109248K, used 21824K [0x00000000e0000000, 0x00000000e8000000, 0x00000000e8000000)
  eden space 87424K,   0% used [0x00000000e0000000, 0x00000000e0000000, 0x00000000e5560000)
  from space 21824K, 100% used [0x00000000e6ab0000, 0x00000000e8000000, 0x00000000e8000000)
  to   space 21824K,   0% used [0x00000000e5560000, 0x00000000e5560000, 0x00000000e6ab0000)
 concurrent mark-sweep generation total 393216K, used 155138K [0x00000000e8000000, 0x0000000100000000, 0x0000000100000000)
 Metaspace       used 32011K, capacity 32382K, committed 32764K, reserved 1079296K
  class space    used 3656K, capacity 3799K, committed 3840K, reserved 1048576K
}
2015-08-31T14:03:14.411+0200: 2256.379: Total time for which application threads were stopped: 0.0076453 seconds, Stopping threads took: 0.0000138 seconds
{Heap before GC invocations=71 (full 2):
 par new generation   total 109248K, used 109248K [0x00000000e0000000, 0x00000000e8000000, 0x00000000e8000000)
  eden space 87424K, 100% used [0x00000000e0000000, 0x00000000e5560000, 0x00000000e5560000)
  from space 21824K, 100% used [0x00000000e6ab0000, 0x00000000e8000000, 0x00000000e8000000)
  to   space 21824K,   0% used [0x00000000e5560000, 0x00000000e5560000, 0x00000000e6ab0000)
 concurrent mark-sweep generation total 393216K, used 155138K [0x00000000e8000000, 0x0000000100000000, 0x0000000100000000)
 Metaspace       used 32011K, capacity 32382K, committed 32764K, reserved 1079296K
  class space    used 3656K, capacity 3799K, committed 3840K, reserved 1048576K
2015-08-31T14:03:14.713+0200: 2256.680: [GC (Allocation Failure) 2256.680: [ParNew
Desired survivor size 20112992 bytes, new threshold 8 (max 8)
- age   1:    5728032 bytes,    5728032 total
- age   2:    2159752 bytes,    7887784 total
- age   3:    2158936 bytes,   10046720 total
- age   4:    3099944 bytes,   13146664 total
- age   5:    2112520 bytes,   15259184 total
- age   6:    1595272 bytes,   16854456 total
- age   7:    1013328 bytes,   17867784 total
- age   8:    2142272 bytes,   20010056 total
: 109248K->21824K(109248K), 0.0074863 secs] 264386K->182310K(502464K), 0.0075484 secs] [Times: user=0.06 sys=0.00, real=0.01 secs] 
Heap after GC invocations=72 (full 2):
 par new generation   total 109248K, used 21824K [0x00000000e0000000, 0x00000000e8000000, 0x00000000e8000000)
  eden space 87424K,   0% used [0x00000000e0000000, 0x00000000e0000000, 0x00000000e5560000)
  from space 21824K, 100% used [0x00000000e5560000, 0x00000000e6ab0000, 0x00000000e6ab0000)
  to   space 21824K,   0% used [0x00000000e6ab0000, 0x00000000e6ab0000, 0x00000000e8000000)
 concurrent mark-sweep generation total 393216K, used 160486K [0x00000000e8000000, 0x0000000100000000, 0x0000000100000000)
 Metaspace       used 32011K, capacity 32382K, committed 32764K, reserved 1079296K
  class space    used 3656K, capacity 3799K, committed 3840K, reserved 1048576K
}
2015-08-31T14:03:14.720+0200: 2256.688: Total time for which application threads were stopped: 0.0076975 seconds, Stopping threads took: 0.0000141 seconds
{Heap before GC invocations=72 (full 2):
 par new generation   total 109248K, used 109248K [0x00000000e0000000, 0x00000000e8000000, 0x00000000e8000000)
  eden space 87424K, 100% used [0x00000000e0000000, 0x00000000e5560000, 0x00000000e5560000)
  from space 21824K, 100% used [0x00000000e5560000, 0x00000000e6ab0000, 0x00000000e6ab0000)
  to   space 21824K,   0% used [0x00000000e6ab0000, 0x00000000e6ab0000, 0x00000000e8000000)
 concurrent mark-sweep generation total 393216K, used 160486K [0x00000000e8000000, 0x0000000100000000, 0x0000000100000000)
 Metaspace       used 32011K, capacity 32382K, committed 32764K, reserved 1079296K
  class space    used 3656K, capacity 3799K, committed 3840K, reserved 1048576K
2015-08-31T14:03:15.016+0200: 2256.984: [GC (Allocation Failure) 2256.984: [ParNew
Desired survivor size 20112992 bytes, new threshold 8 (max 8)
- age   1:    7199984 bytes,    7199984 total
- age   2:    1937696 bytes,    9137680 total
- age   3:    1240976 bytes,   10378656 total
- age   4:    1076664 bytes,   11455320 total
- age   5:    1984696 bytes,   13440016 total
- age   6:    1292584 bytes,   14732600 total
- age   7:    1595096 bytes,   16327696 total
- age   8:    1011600 bytes,   17339296 total
: 109248K->21824K(109248K), 0.0069788 secs] 269734K->189252K(502464K), 0.0070434 secs] [Times: user=0.00 sys=0.00, real=0.01 secs] 
Heap after GC invocations=73 (full 2):
 par new generation   total 109248K, used 21824K [0x00000000e0000000, 0x00000000e8000000, 0x00000000e8000000)
  eden space 87424K,   0% used [0x00000000e0000000, 0x00000000e0000000, 0x00000000e5560000)
  from space 21824K, 100% used [0x00000000e6ab0000, 0x00000000e8000000, 0x00000000e8000000)
  to   space 21824K,   0% used [0x00000000e5560000, 0x00000000e5560000, 0x00000000e6ab0000)
 concurrent mark-sweep generation total 393216K, used 167428K [0x00000000e8000000, 0x0000000100000000, 0x0000000100000000)
 Metaspace       used 32011K, capacity 32382K, committed 32764K, reserved 1079296K
  class space    used 3656K, capacity 3799K, committed 3840K, reserved 1048576K
}
2015-08-31T14:03:15.023+0200: 2256.991: Total time for which application threads were stopped: 0.0071938 seconds, Stopping threads took: 0.0000144 seconds
{Heap before GC invocations=73 (full 2):
 par new generation   total 109248K, used 109248K [0x00000000e0000000, 0x00000000e8000000, 0x00000000e8000000)
  eden space 87424K, 100% used [0x00000000e0000000, 0x00000000e5560000, 0x00000000e5560000)
  from space 21824K, 100% used [0x00000000e6ab0000, 0x00000000e8000000, 0x00000000e8000000)
  to   space 21824K,   0% used [0x00000000e5560000, 0x00000000e5560000, 0x00000000e6ab0000)
 concurrent mark-sweep generation total 393216K, used 167428K [0x00000000e8000000, 0x0000000100000000, 0x0000000100000000)
 Metaspace       used 32011K, capacity 32382K, committed 32764K, reserved 1079296K
  class space    used 3656K, capacity 3799K, committed 3840K, reserved 1048576K
2015-08-31T14:03:15.324+0200: 2257.292: [GC (Allocation Failure) 2257.292: [ParNew
Desired survivor size 20112992 bytes, new threshold 8 (max 8)
- age   1:    8633040 bytes,    8633040 total
- age   2:    1809232 bytes,   10442272 total
- age   3:    1911608 bytes,   12353880 total
- age   4:    1214120 bytes,   13568000 total
- age   5:    1047768 bytes,   14615768 total
- age   6:     925000 bytes,   15540768 total
- age   7:    1282968 bytes,   16823736 total
- age   8:    1585752 bytes,   18409488 total
: 109248K->21824K(109248K), 0.0073173 secs] 276676K->192316K(502464K), 0.0073765 secs] [Times: user=0.00 sys=0.00, real=0.01 secs] 
Heap after GC invocations=74 (full 2):
 par new generation   total 109248K, used 21824K [0x00000000e0000000, 0x00000000e8000000, 0x00000000e8000000)
  eden space 87424K,   0% used [0x00000000e0000000, 0x00000000e0000000, 0x00000000e5560000)
  from space 21824K, 100% used [0x00000000e5560000, 0x00000000e6ab0000, 0x00000000e6ab0000)
  to   space 21824K,   0% used [0x00000000e6ab0000, 0x00000000e6ab0000, 0x00000000e8000000)
 concurrent mark-sweep generation total 393216K, used 170492K [0x00000000e8000000, 0x0000000100000000, 0x0000000100000000)
 Metaspace       used 32011K, capacity 32382K, committed 32764K, reserved 1079296K
  class space    used 3656K, capacity 3799K, committed 3840K, reserved 1048576K
}
2015-08-31T14:03:15.332+0200: 2257.299: Total time for which application threads were stopped: 0.0075244 seconds, Stopping threads took: 0.0000138 seconds
{Heap before GC invocations=74 (full 2):
 par new generation   total 109248K, used 109248K [0x00000000e0000000, 0x00000000e8000000, 0x00000000e8000000)
  eden space 87424K, 100% used [0x00000000e0000000, 0x00000000e5560000, 0x00000000e5560000)
  from space 21824K, 100% used [0x00000000e5560000, 0x00000000e6ab0000, 0x00000000e6ab0000)
  to   space 21824K,   0% used [0x00000000e6ab0000, 0x00000000e6ab0000, 0x00000000e8000000)
 concurrent mark-sweep generation total 393216K, used 170492K [0x00000000e8000000, 0x0000000100000000, 0x0000000100000000)
 Metaspace       used 32011K, capacity 32382K, committed 32764K, reserved 1079296K
  class space    used 3656K, capacity 3799K, committed 3840K, reserved 1048576K
2015-08-31T14:03:15.642+0200: 2257.610: [GC (Allocation Failure) 2257.610: [ParNew
Desired survivor size 20112992 bytes, new threshold 8 (max 8)
- age   1:    4534936 bytes,    4534936 total
- age   2:    5033776 bytes,    9568712 total
- age   3:    1525336 bytes,   11094048 total
- age   4:    1846464 bytes,   12940512 total
- age   5:     934080 bytes,   13874592 total
- age   6:     837016 bytes,   14711608 total
- age   7:     752048 bytes,   15463656 total
- age   8:    1141320 bytes,   16604976 total
: 109248K->21824K(109248K), 0.0077045 secs] 279740K->197741K(502464K), 0.0077881 secs] [Times: user=0.00 sys=0.00, real=0.01 secs] 
Heap after GC invocations=75 (full 2):
 par new generation   total 109248K, used 21824K [0x00000000e0000000, 0x00000000e8000000, 0x00000000e8000000)
  eden space 87424K,   0% used [0x00000000e0000000, 0x00000000e0000000, 0x00000000e5560000)
  from space 21824K, 100% used [0x00000000e6ab0000, 0x00000000e8000000, 0x00000000e8000000)
  to   space 21824K,   0% used [0x00000000e5560000, 0x00000000e5560000, 0x00000000e6ab0000)
 concurrent mark-sweep generation total 393216K, used 175917K [0x00000000e8000000, 0x0000000100000000, 0x0000000100000000)
 Metaspace       used 32011K, capacity 32382K, committed 32764K, reserved 1079296K
  class space    used 3656K, capacity 3799K, committed 3840K, reserved 1048576K
}
2015-08-31T14:03:15.650+0200: 2257.618: Total time for which application threads were stopped: 0.0079452 seconds, Stopping threads took: 0.0000141 seconds
{Heap before GC invocations=75 (full 2):
 par new generation   total 109248K, used 109248K [0x00000000e0000000, 0x00000000e8000000, 0x00000000e8000000)
  eden space 87424K, 100% used [0x00000000e0000000, 0x00000000e5560000, 0x00000000e5560000)
  from space 21824K, 100% used [0x00000000e6ab0000, 0x00000000e8000000, 0x00000000e8000000)
  to   space 21824K,   0% used [0x00000000e5560000, 0x00000000e5560000, 0x00000000e6ab0000)
 concurrent mark-sweep generation total 393216K, used 175917K [0x00000000e8000000, 0x0000000100000000, 0x0000000100000000)
 Metaspace       used 32011K, capacity 32382K, committed 32764K, reserved 1079296K
  class space    used 3656K, capacity 3799K, committed 3840K, reserved 1048576K
2015-08-31T14:03:15.943+0200: 2257.910: [GC (Allocation Failure) 2257.910: [ParNew
Desired survivor size 20112992 bytes, new threshold 8 (max 8)
- age   1:    6952144 bytes,    6952144 total
- age   2:    3211760 bytes,   10163904 total
- age   3:    4303424 bytes,   14467328 total
- age   4:    1472120 bytes,   15939448 total
- age   5:    1814544 bytes,   17753992 total
- age   6:     921512 bytes,   18675504 total
- age   7:     827480 bytes,   19502984 total
- age   8:     744848 bytes,   20247832 total
: 109248K->21824K(109248K), 0.0079721 secs] 285165K->201630K(502464K), 0.0080482 secs] [Times: user=0.06 sys=0.00, real=0.01 secs] 
Heap after GC invocations=76 (full 2):
 par new generation   total 109248K, used 21824K [0x00000000e0000000, 0x00000000e8000000, 0x00000000e8000000)
  eden space 87424K,   0% used [0x00000000e0000000, 0x00000000e0000000, 0x00000000e5560000)
  from space 21824K, 100% used [0x00000000e5560000, 0x00000000e6ab0000, 0x00000000e6ab0000)
  to   space 21824K,   0% used [0x00000000e6ab0000, 0x00000000e6ab0000, 0x00000000e8000000)
 concurrent mark-sweep generation total 393216K, used 179806K [0x00000000e8000000, 0x0000000100000000, 0x0000000100000000)
 Metaspace       used 32011K, capacity 32382K, committed 32764K, reserved 1079296K
  class space    used 3656K, capacity 3799K, committed 3840K, reserved 1048576K
}
2015-08-31T14:03:15.951+0200: 2257.918: Total time for which application threads were stopped: 0.0082108 seconds, Stopping threads took: 0.0000141 seconds
{Heap before GC invocations=76 (full 2):
 par new generation   total 109248K, used 109248K [0x00000000e0000000, 0x00000000e8000000, 0x00000000e8000000)
  eden space 87424K, 100% used [0x00000000e0000000, 0x00000000e5560000, 0x00000000e5560000)
  from space 21824K, 100% used [0x00000000e5560000, 0x00000000e6ab0000, 0x00000000e6ab0000)
  to   space 21824K,   0% used [0x00000000e6ab0000, 0x00000000e6ab0000, 0x00000000e8000000)
 concurrent mark-sweep generation total 393216K, used 179806K [0x00000000e8000000, 0x0000000100000000, 0x0000000100000000)
 Metaspace       used 32011K, capacity 32382K, committed 32764K, reserved 1079296K
  class space    used 3656K, capacity 3799K, committed 3840K, reserved 1048576K
2015-08-31T14:03:16.257+0200: 2258.225: [GC (Allocation Failure) 2258.225: [ParNew
Desired survivor size 20112992 bytes, new threshold 8 (max 8)
- age   1:    3194080 bytes,    3194080 total
- age   2:    2842240 bytes,    6036320 total
- age   3:    3108944 bytes,    9145264 total
- age   4:    4246688 bytes,   13391952 total
- age   5:    1417176 bytes,   14809128 total
- age   6:    1755352 bytes,   16564480 total
- age   7:     875648 bytes,   17440128 total
- age   8:     796688 bytes,   18236816 total
: 109248K->21824K(109248K), 0.0081423 secs] 289054K->207534K(502464K), 0.0082057 secs] [Times: user=0.06 sys=0.00, real=0.01 secs] 
Heap after GC invocations=77 (full 2):
 par new generation   total 109248K, used 21824K [0x00000000e0000000, 0x00000000e8000000, 0x00000000e8000000)
  eden space 87424K,   0% used [0x00000000e0000000, 0x00000000e0000000, 0x00000000e5560000)
  from space 21824K, 100% used [0x00000000e6ab0000, 0x00000000e8000000, 0x00000000e8000000)
  to   space 21824K,   0% used [0x00000000e5560000, 0x00000000e5560000, 0x00000000e6ab0000)
 concurrent mark-sweep generation total 393216K, used 185710K [0x00000000e8000000, 0x0000000100000000, 0x0000000100000000)
 Metaspace       used 32011K, capacity 32382K, committed 32764K, reserved 1079296K
  class space    used 3656K, capacity 3799K, committed 3840K, reserved 1048576K
}
2015-08-31T14:03:16.265+0200: 2258.233: Total time for which application threads were stopped: 0.0083561 seconds, Stopping threads took: 0.0000138 seconds
{Heap before GC invocations=77 (full 2):
 par new generation   total 109248K, used 109248K [0x00000000e0000000, 0x00000000e8000000, 0x00000000e8000000)
  eden space 87424K, 100% used [0x00000000e0000000, 0x00000000e5560000, 0x00000000e5560000)
  from space 21824K, 100% used [0x00000000e6ab0000, 0x00000000e8000000, 0x00000000e8000000)
  to   space 21824K,   0% used [0x00000000e5560000, 0x00000000e5560000, 0x00000000e6ab0000)
 concurrent mark-sweep generation total 393216K, used 185710K [0x00000000e8000000, 0x0000000100000000, 0x0000000100000000)
 Metaspace       used 32011K, capacity 32382K, committed 32764K, reserved 1079296K
  class space    used 3656K, capacity 3799K, committed 3840K, reserved 1048576K
2015-08-31T14:03:16.564+0200: 2258.532: [GC (Allocation Failure) 2258.532: [ParNew
Desired survivor size 20112992 bytes, new threshold 8 (max 8)
- age   1:    2015216 bytes,    2015216 total
- age   2:    3069032 bytes,    5084248 total
- age   3:    2095104 bytes,    7179352 total
- age   4:    3059552 bytes,   10238904 total
- age   5:    4185296 bytes,   14424200 total
- age   6:    1370760 bytes,   15794960 total
- age   7:    1730408 bytes,   17525368 total
- age   8:     854696 bytes,   18380064 total
: 109248K->21824K(109248K), 0.0083583 secs] 294958K->214445K(502464K), 0.0084175 secs] [Times: user=0.06 sys=0.00, real=0.01 secs] 
Heap after GC invocations=78 (full 2):
 par new generation   total 109248K, used 21824K [0x00000000e0000000, 0x00000000e8000000, 0x00000000e8000000)
  eden space 87424K,   0% used [0x00000000e0000000, 0x00000000e0000000, 0x00000000e5560000)
  from space 21824K, 100% used [0x00000000e5560000, 0x00000000e6ab0000, 0x00000000e6ab0000)
  to   space 21824K,   0% used [0x00000000e6ab0000, 0x00000000e6ab0000, 0x00000000e8000000)
 concurrent mark-sweep generation total 393216K, used 192621K [0x00000000e8000000, 0x0000000100000000, 0x0000000100000000)
 Metaspace       used 32011K, capacity 32382K, committed 32764K, reserved 1079296K
  class space    used 3656K, capacity 3799K, committed 3840K, reserved 1048576K
}
2015-08-31T14:03:16.573+0200: 2258.540: Total time for which application threads were stopped: 0.0085711 seconds, Stopping threads took: 0.0000141 seconds
{Heap before GC invocations=78 (full 2):
 par new generation   total 109248K, used 109248K [0x00000000e0000000, 0x00000000e8000000, 0x00000000e8000000)
  eden space 87424K, 100% used [0x00000000e0000000, 0x00000000e5560000, 0x00000000e5560000)
  from space 21824K, 100% used [0x00000000e5560000, 0x00000000e6ab0000, 0x00000000e6ab0000)
  to   space 21824K,   0% used [0x00000000e6ab0000, 0x00000000e6ab0000, 0x00000000e8000000)
 concurrent mark-sweep generation total 393216K, used 192621K [0x00000000e8000000, 0x0000000100000000, 0x0000000100000000)
 Metaspace       used 32011K, capacity 32382K, committed 32764K, reserved 1079296K
  class space    used 3656K, capacity 3799K, committed 3840K, reserved 1048576K
2015-08-31T14:03:16.888+0200: 2258.856: [GC (Allocation Failure) 2258.856: [ParNew
Desired survivor size 20112992 bytes, new threshold 8 (max 8)
- age   1:    4043048 bytes,    4043048 total
- age   2:    1827472 bytes,    5870520 total
- age   3:    1062504 bytes,    6933024 total
- age   4:    1836704 bytes,    8769728 total
- age   5:    3009576 bytes,   11779304 total
- age   6:    4143312 bytes,   15922616 total
- age   7:    1326392 bytes,   17249008 total
- age   8:     915136 bytes,   18164144 total
: 109248K->21824K(109248K), 0.0079791 secs] 301869K->219672K(502464K), 0.0080402 secs] [Times: user=0.00 sys=0.00, real=0.01 secs] 
Heap after GC invocations=79 (full 2):
 par new generation   total 109248K, used 21824K [0x00000000e0000000, 0x00000000e8000000, 0x00000000e8000000)
  eden space 87424K,   0% used [0x00000000e0000000, 0x00000000e0000000, 0x00000000e5560000)
  from space 21824K, 100% used [0x00000000e6ab0000, 0x00000000e8000000, 0x00000000e8000000)
  to   space 21824K,   0% used [0x00000000e5560000, 0x00000000e5560000, 0x00000000e6ab0000)
 concurrent mark-sweep generation total 393216K, used 197848K [0x00000000e8000000, 0x0000000100000000, 0x0000000100000000)
 Metaspace       used 32011K, capacity 32382K, committed 32764K, reserved 1079296K
  class space    used 3656K, capacity 3799K, committed 3840K, reserved 1048576K
}
2015-08-31T14:03:16.896+0200: 2258.864: Total time for which application threads were stopped: 0.0081977 seconds, Stopping threads took: 0.0000138 seconds
2015-08-31T14:03:16.896+0200: 2258.864: [GC (CMS Initial Mark) [1 CMS-initial-mark: 197848K(393216K)] 220512K(502464K), 0.0017680 secs] [Times: user=0.00 sys=0.00, real=0.00 secs] 
2015-08-31T14:03:16.898+0200: 2258.866: Total time for which application threads were stopped: 0.0019110 seconds, Stopping threads took: 0.0000570 seconds
2015-08-31T14:03:16.898+0200: 2258.866: [CMS-concurrent-mark-start]
2015-08-31T14:03:16.912+0200: 2258.880: [CMS-concurrent-mark: 0.014/0.014 secs] [Times: user=0.06 sys=0.00, real=0.01 secs] 
2015-08-31T14:03:16.912+0200: 2258.880: [CMS-concurrent-preclean-start]
2015-08-31T14:03:16.913+0200: 2258.880: [CMS-concurrent-preclean: 0.001/0.001 secs] [Times: user=0.00 sys=0.00, real=0.00 secs] 
2015-08-31T14:03:16.913+0200: 2258.880: [CMS-concurrent-abortable-preclean-start]
{Heap before GC invocations=79 (full 3):
 par new generation   total 109248K, used 109248K [0x00000000e0000000, 0x00000000e8000000, 0x00000000e8000000)
  eden space 87424K, 100% used [0x00000000e0000000, 0x00000000e5560000, 0x00000000e5560000)
  from space 21824K, 100% used [0x00000000e6ab0000, 0x00000000e8000000, 0x00000000e8000000)
  to   space 21824K,   0% used [0x00000000e5560000, 0x00000000e5560000, 0x00000000e6ab0000)
 concurrent mark-sweep generation total 393216K, used 197848K [0x00000000e8000000, 0x0000000100000000, 0x0000000100000000)
 Metaspace       used 32011K, capacity 32382K, committed 32764K, reserved 1079296K
  class space    used 3656K, capacity 3799K, committed 3840K, reserved 1048576K
2015-08-31T14:03:17.192+0200: 2259.159: [GC (Allocation Failure) 2259.159: [ParNew
Desired survivor size 20112992 bytes, new threshold 8 (max 8)
- age   1:    5303752 bytes,    5303752 total
- age   2:    2772104 bytes,    8075856 total
- age   3:     964864 bytes,    9040720 total
- age   4:     970528 bytes,   10011248 total
- age   5:    1756648 bytes,   11767896 total
- age   6:    2941656 bytes,   14709552 total
- age   7:    4086608 bytes,   18796160 total
- age   8:    1266840 bytes,   20063000 total
: 109248K->21824K(109248K), 0.0087148 secs] 307096K->226905K(502464K), 0.0087781 secs] [Times: user=0.06 sys=0.00, real=0.01 secs] 
Heap after GC invocations=80 (full 3):
 par new generation   total 109248K, used 21824K [0x00000000e0000000, 0x00000000e8000000, 0x00000000e8000000)
  eden space 87424K,   0% used [0x00000000e0000000, 0x00000000e0000000, 0x00000000e5560000)
  from space 21824K, 100% used [0x00000000e5560000, 0x00000000e6ab0000, 0x00000000e6ab0000)
  to   space 21824K,   0% used [0x00000000e6ab0000, 0x00000000e6ab0000, 0x00000000e8000000)
 concurrent mark-sweep generation total 393216K, used 205081K [0x00000000e8000000, 0x0000000100000000, 0x0000000100000000)
 Metaspace       used 32011K, capacity 32382K, committed 32764K, reserved 1079296K
  class space    used 3656K, capacity 3799K, committed 3840K, reserved 1048576K
}
2015-08-31T14:03:17.201+0200: 2259.168: Total time for which application threads were stopped: 0.0089487 seconds, Stopping threads took: 0.0000227 seconds
2015-08-31T14:03:17.374+0200: 2259.342: [CMS-concurrent-abortable-preclean: 0.452/0.462 secs] [Times: user=0.97 sys=0.00, real=0.46 secs] 
2015-08-31T14:03:17.375+0200: 2259.342: [GC (CMS Final Remark) [YG occupancy: 70762 K (109248 K)]{Heap before GC invocations=80 (full 3):
 par new generation   total 109248K, used 70762K [0x00000000e0000000, 0x00000000e8000000, 0x00000000e8000000)
  eden space 87424K,  55% used [0x00000000e0000000, 0x00000000e2fcab40, 0x00000000e5560000)
  from space 21824K, 100% used [0x00000000e5560000, 0x00000000e6ab0000, 0x00000000e6ab0000)
  to   space 21824K,   0% used [0x00000000e6ab0000, 0x00000000e6ab0000, 0x00000000e8000000)
 concurrent mark-sweep generation total 393216K, used 205081K [0x00000000e8000000, 0x0000000100000000, 0x0000000100000000)
 Metaspace       used 32011K, capacity 32382K, committed 32764K, reserved 1079296K
  class space    used 3656K, capacity 3799K, committed 3840K, reserved 1048576K
2015-08-31T14:03:17.375+0200: 2259.342: [GC (CMS Final Remark) 2259.342: [ParNew
Desired survivor size 20112992 bytes, new threshold 8 (max 8)
- age   1:     856584 bytes,     856584 total
- age   2:    3096008 bytes,    3952592 total
- age   3:    2630192 bytes,    6582784 total
- age   4:     918576 bytes,    7501360 total
- age   5:     927824 bytes,    8429184 total
- age   6:    1719768 bytes,   10148952 total
- age   7:    2909312 bytes,   13058264 total
- age   8:    4057408 bytes,   17115672 total
: 70762K->21824K(109248K), 0.0077087 secs] 275844K->231287K(502464K), 0.0077567 secs] [Times: user=0.00 sys=0.00, real=0.01 secs] 
Heap after GC invocations=81 (full 3):
 par new generation   total 109248K, used 21824K [0x00000000e0000000, 0x00000000e8000000, 0x00000000e8000000)
  eden space 87424K,   0% used [0x00000000e0000000, 0x00000000e0000000, 0x00000000e5560000)
  from space 21824K, 100% used [0x00000000e6ab0000, 0x00000000e8000000, 0x00000000e8000000)
  to   space 21824K,   0% used [0x00000000e5560000, 0x00000000e5560000, 0x00000000e6ab0000)
 concurrent mark-sweep generation total 393216K, used 209463K [0x00000000e8000000, 0x0000000100000000, 0x0000000100000000)
 Metaspace       used 32011K, capacity 32382K, committed 32764K, reserved 1079296K
  class space    used 3656K, capacity 3799K, committed 3840K, reserved 1048576K
}
2259.350: [Rescan (parallel) , 0.0029254 secs]2259.353: [weak refs processing, 0.0006192 secs]2259.354: [class unloading, 0.0049721 secs]2259.359: [scrub symbol table, 0.0030134 secs]2259.362: [scrub string table, 0.0003987 secs][1 CMS-remark: 209463K(393216K)] 231287K(502464K), 0.0204551 secs] [Times: user=0.00 sys=0.00, real=0.02 secs] 
2015-08-31T14:03:17.395+0200: 2259.363: Total time for which application threads were stopped: 0.0206273 seconds, Stopping threads took: 0.0000864 seconds
2015-08-31T14:03:17.395+0200: 2259.363: [CMS-concurrent-sweep-start]
2015-08-31T14:03:17.422+0200: 2259.389: [CMS-concurrent-sweep: 0.026/0.026 secs] [Times: user=0.06 sys=0.00, real=0.03 secs] 
2015-08-31T14:03:17.422+0200: 2259.389: [CMS-concurrent-reset-start]
2015-08-31T14:03:17.422+0200: 2259.390: [CMS-concurrent-reset: 0.000/0.000 secs] [Times: user=0.00 sys=0.00, real=0.00 secs] 
{Heap before GC invocations=81 (full 3):
 par new generation   total 109248K, used 109248K [0x00000000e0000000, 0x00000000e8000000, 0x00000000e8000000)
  eden space 87424K, 100% used [0x00000000e0000000, 0x00000000e5560000, 0x00000000e5560000)
  from space 21824K, 100% used [0x00000000e6ab0000, 0x00000000e8000000, 0x00000000e8000000)
  to   space 21824K,   0% used [0x00000000e5560000, 0x00000000e5560000, 0x00000000e6ab0000)
 concurrent mark-sweep generation total 393216K, used 75178K [0x00000000e8000000, 0x0000000100000000, 0x0000000100000000)
 Metaspace       used 32011K, capacity 32382K, committed 32764K, reserved 1079296K
  class space    used 3656K, capacity 3799K, committed 3840K, reserved 1048576K
2015-08-31T14:03:17.681+0200: 2259.648: [GC (Allocation Failure) 2259.649: [ParNew
Desired survivor size 20112992 bytes, new threshold 8 (max 8)
- age   1:    8601888 bytes,    8601888 total
- age   2:     855240 bytes,    9457128 total
- age   3:    1078880 bytes,   10536008 total
- age   4:    2526872 bytes,   13062880 total
- age   5:     918576 bytes,   13981456 total
- age   6:     927824 bytes,   14909280 total
- age   7:    1719744 bytes,   16629024 total
- age   8:    2909312 bytes,   19538336 total
: 109248K->21824K(109248K), 0.0084165 secs] 184426K->104757K(502464K), 0.0084764 secs] [Times: user=0.00 sys=0.00, real=0.01 secs] 
Heap after GC invocations=82 (full 3):
 par new generation   total 109248K, used 21824K [0x00000000e0000000, 0x00000000e8000000, 0x00000000e8000000)
  eden space 87424K,   0% used [0x00000000e0000000, 0x00000000e0000000, 0x00000000e5560000)
  from space 21824K, 100% used [0x00000000e5560000, 0x00000000e6ab0000, 0x00000000e6ab0000)
  to   space 21824K,   0% used [0x00000000e6ab0000, 0x00000000e6ab0000, 0x00000000e8000000)
 concurrent mark-sweep generation total 393216K, used 82933K [0x00000000e8000000, 0x0000000100000000, 0x0000000100000000)
 Metaspace       used 32011K, capacity 32382K, committed 32764K, reserved 1079296K
  class space    used 3656K, capacity 3799K, committed 3840K, reserved 1048576K
}
2015-08-31T14:03:17.689+0200: 2259.657: Total time for which application threads were stopped: 0.0086300 seconds, Stopping threads took: 0.0000141 seconds
2015-08-31T14:03:17.740+0200: 2259.707: Total time for which application threads were stopped: 0.0000691 seconds, Stopping threads took: 0.0000141 seconds
{Heap before GC invocations=82 (full 3):
 par new generation   total 109248K, used 109248K [0x00000000e0000000, 0x00000000e8000000, 0x00000000e8000000)
  eden space 87424K, 100% used [0x00000000e0000000, 0x00000000e5560000, 0x00000000e5560000)
  from space 21824K, 100% used [0x00000000e5560000, 0x00000000e6ab0000, 0x00000000e6ab0000)
  to   space 21824K,   0% used [0x00000000e6ab0000, 0x00000000e6ab0000, 0x00000000e8000000)
 concurrent mark-sweep generation total 393216K, used 82933K [0x00000000e8000000, 0x0000000100000000, 0x0000000100000000)
 Metaspace       used 32011K, capacity 32382K, committed 32764K, reserved 1079296K
  class space    used 3656K, capacity 3799K, committed 3840K, reserved 1048576K
2015-08-31T14:03:18.006+0200: 2259.974: [GC (Allocation Failure) 2259.974: [ParNew
Desired survivor size 20112992 bytes, new threshold 8 (max 8)
- age   1:    2899688 bytes,    2899688 total
- age   2:    8209376 bytes,   11109064 total
- age   3:     618632 bytes,   11727696 total
- age   4:     678448 bytes,   12406144 total
- age   5:    2130344 bytes,   14536488 total
- age   6:     733304 bytes,   15269792 total
- age   7:     908648 bytes,   16178440 total
- age   8:    1701184 bytes,   17879624 total
: 109248K->21824K(109248K), 0.0085340 secs] 192181K->109759K(502464K), 0.0085996 secs] [Times: user=0.00 sys=0.00, real=0.01 secs] 
Heap after GC invocations=83 (full 3):
 par new generation   total 109248K, used 21824K [0x00000000e0000000, 0x00000000e8000000, 0x00000000e8000000)
  eden space 87424K,   0% used [0x00000000e0000000, 0x00000000e0000000, 0x00000000e5560000)
  from space 21824K, 100% used [0x00000000e6ab0000, 0x00000000e8000000, 0x00000000e8000000)
  to   space 21824K,   0% used [0x00000000e5560000, 0x00000000e5560000, 0x00000000e6ab0000)
 concurrent mark-sweep generation total 393216K, used 87935K [0x00000000e8000000, 0x0000000100000000, 0x0000000100000000)
 Metaspace       used 32011K, capacity 32382K, committed 32764K, reserved 1079296K
  class space    used 3656K, capacity 3799K, committed 3840K, reserved 1048576K
}
2015-08-31T14:03:18.015+0200: 2259.982: Total time for which application threads were stopped: 0.0087500 seconds, Stopping threads took: 0.0000138 seconds
{Heap before GC invocations=83 (full 3):
 par new generation   total 109248K, used 109248K [0x00000000e0000000, 0x00000000e8000000, 0x00000000e8000000)
  eden space 87424K, 100% used [0x00000000e0000000, 0x00000000e5560000, 0x00000000e5560000)
  from space 21824K, 100% used [0x00000000e6ab0000, 0x00000000e8000000, 0x00000000e8000000)
  to   space 21824K,   0% used [0x00000000e5560000, 0x00000000e5560000, 0x00000000e6ab0000)
 concurrent mark-sweep generation total 393216K, used 87935K [0x00000000e8000000, 0x0000000100000000, 0x0000000100000000)
 Metaspace       used 32011K, capacity 32382K, committed 32764K, reserved 1079296K
  class space    used 3656K, capacity 3799K, committed 3840K, reserved 1048576K
2015-08-31T14:03:18.320+0200: 2260.287: [GC (Allocation Failure) 2260.287: [ParNew
Desired survivor size 20112992 bytes, new threshold 8 (max 8)
- age   1:    6325112 bytes,    6325112 total
- age   2:    2875632 bytes,    9200744 total
- age   3:    5787200 bytes,   14987944 total
- age   4:     610336 bytes,   15598280 total
- age   5:     671280 bytes,   16269560 total
- age   6:    2125752 bytes,   18395312 total
- age   7:     703856 bytes,   19099168 total
- age   8:     905672 bytes,   20004840 total
: 109248K->21824K(109248K), 0.0088220 secs] 197183K->111526K(502464K), 0.0088834 secs] [Times: user=0.00 sys=0.00, real=0.01 secs] 
Heap after GC invocations=84 (full 3):
 par new generation   total 109248K, used 21824K [0x00000000e0000000, 0x00000000e8000000, 0x00000000e8000000)
  eden space 87424K,   0% used [0x00000000e0000000, 0x00000000e0000000, 0x00000000e5560000)
  from space 21824K, 100% used [0x00000000e5560000, 0x00000000e6ab0000, 0x00000000e6ab0000)
  to   space 21824K,   0% used [0x00000000e6ab0000, 0x00000000e6ab0000, 0x00000000e8000000)
 concurrent mark-sweep generation total 393216K, used 89702K [0x00000000e8000000, 0x0000000100000000, 0x0000000100000000)
 Metaspace       used 32011K, capacity 32382K, committed 32764K, reserved 1079296K
  class space    used 3656K, capacity 3799K, committed 3840K, reserved 1048576K
}
2015-08-31T14:03:18.329+0200: 2260.296: Total time for which application threads were stopped: 0.0090364 seconds, Stopping threads took: 0.0000144 seconds
{Heap before GC invocations=84 (full 3):
 par new generation   total 109248K, used 109248K [0x00000000e0000000, 0x00000000e8000000, 0x00000000e8000000)
  eden space 87424K, 100% used [0x00000000e0000000, 0x00000000e5560000, 0x00000000e5560000)
  from space 21824K, 100% used [0x00000000e5560000, 0x00000000e6ab0000, 0x00000000e6ab0000)
  to   space 21824K,   0% used [0x00000000e6ab0000, 0x00000000e6ab0000, 0x00000000e8000000)
 concurrent mark-sweep generation total 393216K, used 89702K [0x00000000e8000000, 0x0000000100000000, 0x0000000100000000)
 Metaspace       used 32012K, capacity 32382K, committed 32764K, reserved 1079296K
  class space    used 3656K, capacity 3799K, committed 3840K, reserved 1048576K
2015-08-31T14:03:18.624+0200: 2260.592: [GC (Allocation Failure) 2260.592: [ParNew
Desired survivor size 20112992 bytes, new threshold 8 (max 8)
- age   1:    5447400 bytes,    5447400 total
- age   2:    4341728 bytes,    9789128 total
- age   3:    2741168 bytes,   12530296 total
- age   4:    1896024 bytes,   14426320 total
- age   5:     603008 bytes,   15029328 total
- age   6:     664072 bytes,   15693400 total
- age   7:    1594632 bytes,   17288032 total
- age   8:     632776 bytes,   17920808 total
: 109248K->21824K(109248K), 0.0092437 secs] 198950K->120635K(502464K), 0.0093077 secs] [Times: user=0.06 sys=0.00, real=0.01 secs] 
Heap after GC invocations=85 (full 3):
 par new generation   total 109248K, used 21824K [0x00000000e0000000, 0x00000000e8000000, 0x00000000e8000000)
  eden space 87424K,   0% used [0x00000000e0000000, 0x00000000e0000000, 0x00000000e5560000)
  from space 21824K, 100% used [0x00000000e6ab0000, 0x00000000e8000000, 0x00000000e8000000)
  to   space 21824K,   0% used [0x00000000e5560000, 0x00000000e5560000, 0x00000000e6ab0000)
 concurrent mark-sweep generation total 393216K, used 98811K [0x00000000e8000000, 0x0000000100000000, 0x0000000100000000)
 Metaspace       used 32012K, capacity 32382K, committed 32764K, reserved 1079296K
  class space    used 3656K, capacity 3799K, committed 3840K, reserved 1048576K
}
2015-08-31T14:03:18.634+0200: 2260.601: Total time for which application threads were stopped: 0.0094607 seconds, Stopping threads took: 0.0000141 seconds
{Heap before GC invocations=85 (full 3):
 par new generation   total 109248K, used 109248K [0x00000000e0000000, 0x00000000e8000000, 0x00000000e8000000)
  eden space 87424K, 100% used [0x00000000e0000000, 0x00000000e5560000, 0x00000000e5560000)
  from space 21824K, 100% used [0x00000000e6ab0000, 0x00000000e8000000, 0x00000000e8000000)
  to   space 21824K,   0% used [0x00000000e5560000, 0x00000000e5560000, 0x00000000e6ab0000)
 concurrent mark-sweep generation total 393216K, used 98811K [0x00000000e8000000, 0x0000000100000000, 0x0000000100000000)
 Metaspace       used 32012K, capacity 32382K, committed 32764K, reserved 1079296K
  class space    used 3656K, capacity 3799K, committed 3840K, reserved 1048576K
2015-08-31T14:03:18.954+0200: 2260.922: [GC (Allocation Failure) 2260.922: [ParNew
Desired survivor size 20112992 bytes, new threshold 8 (max 8)
- age   1:    2448064 bytes,    2448064 total
- age   2:    4299792 bytes,    6747856 total
- age   3:    4292072 bytes,   11039928 total
- age   4:    2663928 bytes,   13703856 total
- age   5:    1855360 bytes,   15559216 total
- age   6:     594456 bytes,   16153672 total
- age   7:     653144 bytes,   16806816 total
- age   8:    1585344 bytes,   18392160 total
: 109248K->21824K(109248K), 0.0086031 secs] 208059K->123025K(502464K), 0.0086636 secs] [Times: user=0.06 sys=0.00, real=0.01 secs] 
Heap after GC invocations=86 (full 3):
 par new generation   total 109248K, used 21824K [0x00000000e0000000, 0x00000000e8000000, 0x00000000e8000000)
  eden space 87424K,   0% used [0x00000000e0000000, 0x00000000e0000000, 0x00000000e5560000)
  from space 21824K, 100% used [0x00000000e5560000, 0x00000000e6ab0000, 0x00000000e6ab0000)
  to   space 21824K,   0% used [0x00000000e6ab0000, 0x00000000e6ab0000, 0x00000000e8000000)
 concurrent mark-sweep generation total 393216K, used 101201K [0x00000000e8000000, 0x0000000100000000, 0x0000000100000000)
 Metaspace       used 32012K, capacity 32382K, committed 32764K, reserved 1079296K
  class space    used 3656K, capacity 3799K, committed 3840K, reserved 1048576K
}
2015-08-31T14:03:18.963+0200: 2260.930: Total time for which application threads were stopped: 0.0088127 seconds, Stopping threads took: 0.0000144 seconds
{Heap before GC invocations=86 (full 3):
 par new generation   total 109248K, used 109248K [0x00000000e0000000, 0x00000000e8000000, 0x00000000e8000000)
  eden space 87424K, 100% used [0x00000000e0000000, 0x00000000e5560000, 0x00000000e5560000)
  from space 21824K, 100% used [0x00000000e5560000, 0x00000000e6ab0000, 0x00000000e6ab0000)
  to   space 21824K,   0% used [0x00000000e6ab0000, 0x00000000e6ab0000, 0x00000000e8000000)
 concurrent mark-sweep generation total 393216K, used 101201K [0x00000000e8000000, 0x0000000100000000, 0x0000000100000000)
 Metaspace       used 32012K, capacity 32382K, committed 32764K, reserved 1079296K
  class space    used 3656K, capacity 3799K, committed 3840K, reserved 1048576K
2015-08-31T14:03:19.288+0200: 2261.256: [GC (Allocation Failure) 2261.256: [ParNew
Desired survivor size 20112992 bytes, new threshold 8 (max 8)
- age   1:    4453752 bytes,    4453752 total
- age   2:    2280608 bytes,    6734360 total
- age   3:    4192128 bytes,   10926488 total
- age   4:    2064368 bytes,   12990856 total
- age   5:    2661056 bytes,   15651912 total
- age   6:    1852720 bytes,   17504632 total
- age   7:     592672 bytes,   18097304 total
- age   8:     651664 bytes,   18748968 total
: 109248K->21824K(109248K), 0.0091109 secs] 210449K->131669K(502464K), 0.0091756 secs] [Times: user=0.00 sys=0.00, real=0.01 secs] 
Heap after GC invocations=87 (full 3):
 par new generation   total 109248K, used 21824K [0x00000000e0000000, 0x00000000e8000000, 0x00000000e8000000)
  eden space 87424K,   0% used [0x00000000e0000000, 0x00000000e0000000, 0x00000000e5560000)
  from space 21824K, 100% used [0x00000000e6ab0000, 0x00000000e8000000, 0x00000000e8000000)
  to   space 21824K,   0% used [0x00000000e5560000, 0x00000000e5560000, 0x00000000e6ab0000)
 concurrent mark-sweep generation total 393216K, used 109845K [0x00000000e8000000, 0x0000000100000000, 0x0000000100000000)
 Metaspace       used 32012K, capacity 32382K, committed 32764K, reserved 1079296K
  class space    used 3656K, capacity 3799K, committed 3840K, reserved 1048576K
}
2015-08-31T14:03:19.298+0200: 2261.265: Total time for which application threads were stopped: 0.0093256 seconds, Stopping threads took: 0.0000141 seconds
{Heap before GC invocations=87 (full 3):
 par new generation   total 109248K, used 109248K [0x00000000e0000000, 0x00000000e8000000, 0x00000000e8000000)
  eden space 87424K, 100% used [0x00000000e0000000, 0x00000000e5560000, 0x00000000e5560000)
  from space 21824K, 100% used [0x00000000e6ab0000, 0x00000000e8000000, 0x00000000e8000000)
  to   space 21824K,   0% used [0x00000000e5560000, 0x00000000e5560000, 0x00000000e6ab0000)
 concurrent mark-sweep generation total 393216K, used 109845K [0x00000000e8000000, 0x0000000100000000, 0x0000000100000000)
 Metaspace       used 32012K, capacity 32382K, committed 32764K, reserved 1079296K
  class space    used 3656K, capacity 3799K, committed 3840K, reserved 1048576K
2015-08-31T14:03:19.590+0200: 2261.558: [GC (Allocation Failure) 2261.558: [ParNew
Desired survivor size 20112992 bytes, new threshold 8 (max 8)
- age   1:    2463328 bytes,    2463328 total
- age   2:    4349464 bytes,    6812792 total
- age   3:    2218688 bytes,    9031480 total
- age   4:    3077328 bytes,   12108808 total
- age   5:    2044104 bytes,   14152912 total
- age   6:    2639776 bytes,   16792688 total
- age   7:    1833720 bytes,   18626408 total
- age   8:     587232 bytes,   19213640 total
: 109248K->21824K(109248K), 0.0095346 secs] 219093K->141014K(502464K), 0.0095957 secs] [Times: user=0.06 sys=0.00, real=0.01 secs] 
Heap after GC invocations=88 (full 3):
 par new generation   total 109248K, used 21824K [0x00000000e0000000, 0x00000000e8000000, 0x00000000e8000000)
  eden space 87424K,   0% used [0x00000000e0000000, 0x00000000e0000000, 0x00000000e5560000)
  from space 21824K, 100% used [0x00000000e5560000, 0x00000000e6ab0000, 0x00000000e6ab0000)
  to   space 21824K,   0% used [0x00000000e6ab0000, 0x00000000e6ab0000, 0x00000000e8000000)
 concurrent mark-sweep generation total 393216K, used 119190K [0x00000000e8000000, 0x0000000100000000, 0x0000000100000000)
 Metaspace       used 32012K, capacity 32382K, committed 32764K, reserved 1079296K
  class space    used 3656K, capacity 3799K, committed 3840K, reserved 1048576K
}
2015-08-31T14:03:19.600+0200: 2261.568: Total time for which application threads were stopped: 0.0097528 seconds, Stopping threads took: 0.0000138 seconds
{Heap before GC invocations=88 (full 3):
 par new generation   total 109248K, used 109248K [0x00000000e0000000, 0x00000000e8000000, 0x00000000e8000000)
  eden space 87424K, 100% used [0x00000000e0000000, 0x00000000e5560000, 0x00000000e5560000)
  from space 21824K, 100% used [0x00000000e5560000, 0x00000000e6ab0000, 0x00000000e6ab0000)
  to   space 21824K,   0% used [0x00000000e6ab0000, 0x00000000e6ab0000, 0x00000000e8000000)
 concurrent mark-sweep generation total 393216K, used 119190K [0x00000000e8000000, 0x0000000100000000, 0x0000000100000000)
 Metaspace       used 32012K, capacity 32382K, committed 32764K, reserved 1079296K
  class space    used 3656K, capacity 3799K, committed 3840K, reserved 1048576K
2015-08-31T14:03:19.909+0200: 2261.876: [GC (Allocation Failure) 2261.876: [ParNew
Desired survivor size 20112992 bytes, new threshold 8 (max 8)
- age   1:    2802296 bytes,    2802296 total
- age   2:    2367592 bytes,    5169888 total
- age   3:    2477392 bytes,    7647280 total
- age   4:    2184056 bytes,    9831336 total
- age   5:    3050176 bytes,   12881512 total
- age   6:    2020232 bytes,   14901744 total
- age   7:    2614384 bytes,   17516128 total
- age   8:    1808552 bytes,   19324680 total
: 109248K->21824K(109248K), 0.0088735 secs] 228438K->145935K(502464K), 0.0089388 secs] [Times: user=0.00 sys=0.00, real=0.01 secs] 
Heap after GC invocations=89 (full 3):
 par new generation   total 109248K, used 21824K [0x00000000e0000000, 0x00000000e8000000, 0x00000000e8000000)
  eden space 87424K,   0% used [0x00000000e0000000, 0x00000000e0000000, 0x00000000e5560000)
  from space 21824K, 100% used [0x00000000e6ab0000, 0x00000000e8000000, 0x00000000e8000000)
  to   space 21824K,   0% used [0x00000000e5560000, 0x00000000e5560000, 0x00000000e6ab0000)
 concurrent mark-sweep generation total 393216K, used 124111K [0x00000000e8000000, 0x0000000100000000, 0x0000000100000000)
 Metaspace       used 32012K, capacity 32382K, committed 32764K, reserved 1079296K
  class space    used 3656K, capacity 3799K, committed 3840K, reserved 1048576K
}
2015-08-31T14:03:19.918+0200: 2261.885: Total time for which application threads were stopped: 0.0090904 seconds, Stopping threads took: 0.0000150 seconds
{Heap before GC invocations=89 (full 3):
 par new generation   total 109248K, used 109248K [0x00000000e0000000, 0x00000000e8000000, 0x00000000e8000000)
  eden space 87424K, 100% used [0x00000000e0000000, 0x00000000e5560000, 0x00000000e5560000)
  from space 21824K, 100% used [0x00000000e6ab0000, 0x00000000e8000000, 0x00000000e8000000)
  to   space 21824K,   0% used [0x00000000e5560000, 0x00000000e5560000, 0x00000000e6ab0000)
 concurrent mark-sweep generation total 393216K, used 124111K [0x00000000e8000000, 0x0000000100000000, 0x0000000100000000)
 Metaspace       used 32012K, capacity 32382K, committed 32764K, reserved 1079296K
  class space    used 3656K, capacity 3799K, committed 3840K, reserved 1048576K
2015-08-31T14:03:20.235+0200: 2262.203: [GC (Allocation Failure) 2262.203: [ParNew
Desired survivor size 20112992 bytes, new threshold 8 (max 8)
- age   1:    2007256 bytes,    2007256 total
- age   2:    2714336 bytes,    4721592 total
- age   3:    2288920 bytes,    7010512 total
- age   4:    2246496 bytes,    9257008 total
- age   5:    2134328 bytes,   11391336 total
- age   6:    3003328 bytes,   14394664 total
- age   7:    1978024 bytes,   16372688 total
- age   8:    2571016 bytes,   18943704 total
: 109248K->21824K(109248K), 0.0111240 secs] 233359K->149680K(502464K), 0.0111976 secs] [Times: user=0.05 sys=0.00, real=0.01 secs] 
Heap after GC invocations=90 (full 3):
 par new generation   total 109248K, used 21824K [0x00000000e0000000, 0x00000000e8000000, 0x00000000e8000000)
  eden space 87424K,   0% used [0x00000000e0000000, 0x00000000e0000000, 0x00000000e5560000)
  from space 21824K, 100% used [0x00000000e5560000, 0x00000000e6ab0000, 0x00000000e6ab0000)
  to   space 21824K,   0% used [0x00000000e6ab0000, 0x00000000e6ab0000, 0x00000000e8000000)
 concurrent mark-sweep generation total 393216K, used 127856K [0x00000000e8000000, 0x0000000100000000, 0x0000000100000000)
 Metaspace       used 32012K, capacity 32382K, committed 32764K, reserved 1079296K
  class space    used 3656K, capacity 3799K, committed 3840K, reserved 1048576K
}
2015-08-31T14:03:20.247+0200: 2262.214: Total time for which application threads were stopped: 0.0113541 seconds, Stopping threads took: 0.0000141 seconds
{Heap before GC invocations=90 (full 3):
 par new generation   total 109248K, used 109248K [0x00000000e0000000, 0x00000000e8000000, 0x00000000e8000000)
  eden space 87424K, 100% used [0x00000000e0000000, 0x00000000e5560000, 0x00000000e5560000)
  from space 21824K, 100% used [0x00000000e5560000, 0x00000000e6ab0000, 0x00000000e6ab0000)
  to   space 21824K,   0% used [0x00000000e6ab0000, 0x00000000e6ab0000, 0x00000000e8000000)
 concurrent mark-sweep generation total 393216K, used 127856K [0x00000000e8000000, 0x0000000100000000, 0x0000000100000000)
 Metaspace       used 32012K, capacity 32382K, committed 32764K, reserved 1079296K
  class space    used 3656K, capacity 3799K, committed 3840K, reserved 1048576K
2015-08-31T14:03:20.535+0200: 2262.503: [GC (Allocation Failure) 2262.503: [ParNew
Desired survivor size 20112992 bytes, new threshold 8 (max 8)
- age   1:    3528312 bytes,    3528312 total
- age   2:    2001136 bytes,    5529448 total
- age   3:    2533024 bytes,    8062472 total
- age   4:    1063584 bytes,    9126056 total
- age   5:    2245600 bytes,   11371656 total
- age   6:    2133112 bytes,   13504768 total
- age   7:    3002816 bytes,   16507584 total
- age   8:    1978032 bytes,   18485616 total
: 109248K->21824K(109248K), 0.0095279 secs] 237104K->160661K(502464K), 0.0095912 secs] [Times: user=0.00 sys=0.00, real=0.01 secs] 
Heap after GC invocations=91 (full 3):
 par new generation   total 109248K, used 21824K [0x00000000e0000000, 0x00000000e8000000, 0x00000000e8000000)
  eden space 87424K,   0% used [0x00000000e0000000, 0x00000000e0000000, 0x00000000e5560000)
  from space 21824K, 100% used [0x00000000e6ab0000, 0x00000000e8000000, 0x00000000e8000000)
  to   space 21824K,   0% used [0x00000000e5560000, 0x00000000e5560000, 0x00000000e6ab0000)
 concurrent mark-sweep generation total 393216K, used 138837K [0x00000000e8000000, 0x0000000100000000, 0x0000000100000000)
 Metaspace       used 32012K, capacity 32382K, committed 32764K, reserved 1079296K
  class space    used 3656K, capacity 3799K, committed 3840K, reserved 1048576K
}
2015-08-31T14:03:20.545+0200: 2262.512: Total time for which application threads were stopped: 0.0097493 seconds, Stopping threads took: 0.0000144 seconds
{Heap before GC invocations=91 (full 3):
 par new generation   total 109248K, used 109248K [0x00000000e0000000, 0x00000000e8000000, 0x00000000e8000000)
  eden space 87424K, 100% used [0x00000000e0000000, 0x00000000e5560000, 0x00000000e5560000)
  from space 21824K, 100% used [0x00000000e6ab0000, 0x00000000e8000000, 0x00000000e8000000)
  to   space 21824K,   0% used [0x00000000e5560000, 0x00000000e5560000, 0x00000000e6ab0000)
 concurrent mark-sweep generation total 393216K, used 138837K [0x00000000e8000000, 0x0000000100000000, 0x0000000100000000)
 Metaspace       used 32012K, capacity 32382K, committed 32764K, reserved 1079296K
  class space    used 3656K, capacity 3799K, committed 3840K, reserved 1048576K
2015-08-31T14:03:20.869+0200: 2262.837: [GC (Allocation Failure) 2262.837: [ParNew
Desired survivor size 20112992 bytes, new threshold 8 (max 8)
- age   1:    6247656 bytes,    6247656 total
- age   2:    2266576 bytes,    8514232 total
- age   3:    1930840 bytes,   10445072 total
- age   4:     837088 bytes,   11282160 total
- age   5:     748504 bytes,   12030664 total
- age   6:    1859960 bytes,   13890624 total
- age   7:    2107544 bytes,   15998168 total
- age   8:    2887792 bytes,   18885960 total
: 109248K->21824K(109248K), 0.0098744 secs] 248085K->168521K(502464K), 0.0099359 secs] [Times: user=0.05 sys=0.00, real=0.01 secs] 
Heap after GC invocations=92 (full 3):
 par new generation   total 109248K, used 21824K [0x00000000e0000000, 0x00000000e8000000, 0x00000000e8000000)
  eden space 87424K,   0% used [0x00000000e0000000, 0x00000000e0000000, 0x00000000e5560000)
  from space 21824K, 100% used [0x00000000e5560000, 0x00000000e6ab0000, 0x00000000e6ab0000)
  to   space 21824K,   0% used [0x00000000e6ab0000, 0x00000000e6ab0000, 0x00000000e8000000)
 concurrent mark-sweep generation total 393216K, used 146697K [0x00000000e8000000, 0x0000000100000000, 0x0000000100000000)
 Metaspace       used 32012K, capacity 32382K, committed 32764K, reserved 1079296K
  class space    used 3656K, capacity 3799K, committed 3840K, reserved 1048576K
}
2015-08-31T14:03:20.879+0200: 2262.847: Total time for which application threads were stopped: 0.0100831 seconds, Stopping threads took: 0.0000138 seconds
{Heap before GC invocations=92 (full 3):
 par new generation   total 109248K, used 109248K [0x00000000e0000000, 0x00000000e8000000, 0x00000000e8000000)
  eden space 87424K, 100% used [0x00000000e0000000, 0x00000000e5560000, 0x00000000e5560000)
  from space 21824K, 100% used [0x00000000e5560000, 0x00000000e6ab0000, 0x00000000e6ab0000)
  to   space 21824K,   0% used [0x00000000e6ab0000, 0x00000000e6ab0000, 0x00000000e8000000)
 concurrent mark-sweep generation total 393216K, used 146697K [0x00000000e8000000, 0x0000000100000000, 0x0000000100000000)
 Metaspace       used 32012K, capacity 32382K, committed 32764K, reserved 1079296K
  class space    used 3656K, capacity 3799K, committed 3840K, reserved 1048576K
2015-08-31T14:03:21.196+0200: 2263.164: [GC (Allocation Failure) 2263.164: [ParNew
Desired survivor size 20112992 bytes, new threshold 8 (max 8)
- age   1:    2770816 bytes,    2770816 total
- age   2:    5188328 bytes,    7959144 total
- age   3:    2255096 bytes,   10214240 total
- age   4:    1892272 bytes,   12106512 total
- age   5:     830208 bytes,   12936720 total
- age   6:     741576 bytes,   13678296 total
- age   7:    1852792 bytes,   15531088 total
- age   8:    2102416 bytes,   17633504 total
: 109248K->21824K(109248K), 0.0094328 secs] 255945K->172810K(502464K), 0.0094930 secs] [Times: user=0.06 sys=0.00, real=0.01 secs] 
Heap after GC invocations=93 (full 3):
 par new generation   total 109248K, used 21824K [0x00000000e0000000, 0x00000000e8000000, 0x00000000e8000000)
  eden space 87424K,   0% used [0x00000000e0000000, 0x00000000e0000000, 0x00000000e5560000)
  from space 21824K, 100% used [0x00000000e6ab0000, 0x00000000e8000000, 0x00000000e8000000)
  to   space 21824K,   0% used [0x00000000e5560000, 0x00000000e5560000, 0x00000000e6ab0000)
 concurrent mark-sweep generation total 393216K, used 150986K [0x00000000e8000000, 0x0000000100000000, 0x0000000100000000)
 Metaspace       used 32012K, capacity 32382K, committed 32764K, reserved 1079296K
  class space    used 3656K, capacity 3799K, committed 3840K, reserved 1048576K
}
2015-08-31T14:03:21.206+0200: 2263.174: Total time for which application threads were stopped: 0.0096463 seconds, Stopping threads took: 0.0000144 seconds
{Heap before GC invocations=93 (full 3):
 par new generation   total 109248K, used 109248K [0x00000000e0000000, 0x00000000e8000000, 0x00000000e8000000)
  eden space 87424K, 100% used [0x00000000e0000000, 0x00000000e5560000, 0x00000000e5560000)
  from space 21824K, 100% used [0x00000000e6ab0000, 0x00000000e8000000, 0x00000000e8000000)
  to   space 21824K,   0% used [0x00000000e5560000, 0x00000000e5560000, 0x00000000e6ab0000)
 concurrent mark-sweep generation total 393216K, used 150986K [0x00000000e8000000, 0x0000000100000000, 0x0000000100000000)
 Metaspace       used 32012K, capacity 32382K, committed 32764K, reserved 1079296K
  class space    used 3656K, capacity 3799K, committed 3840K, reserved 1048576K
2015-08-31T14:03:21.527+0200: 2263.494: [GC (Allocation Failure) 2263.494: [ParNew
Desired survivor size 20112992 bytes, new threshold 8 (max 8)
- age   1:    2352152 bytes,    2352152 total
- age   2:    2740992 bytes,    5093144 total
- age   3:    4884000 bytes,    9977144 total
- age   4:    2247432 bytes,   12224576 total
- age   5:    1880680 bytes,   14105256 total
- age   6:     823832 bytes,   14929088 total
- age   7:     733096 bytes,   15662184 total
- age   8:    1845800 bytes,   17507984 total
: 109248K->21824K(109248K), 0.0096197 secs] 260234K->175237K(502464K), 0.0096828 secs] [Times: user=0.06 sys=0.00, real=0.01 secs] 
Heap after GC invocations=94 (full 3):
 par new generation   total 109248K, used 21824K [0x00000000e0000000, 0x00000000e8000000, 0x00000000e8000000)
  eden space 87424K,   0% used [0x00000000e0000000, 0x00000000e0000000, 0x00000000e5560000)
  from space 21824K, 100% used [0x00000000e5560000, 0x00000000e6ab0000, 0x00000000e6ab0000)
  to   space 21824K,   0% used [0x00000000e6ab0000, 0x00000000e6ab0000, 0x00000000e8000000)
 concurrent mark-sweep generation total 393216K, used 153413K [0x00000000e8000000, 0x0000000100000000, 0x0000000100000000)
 Metaspace       used 32012K, capacity 32382K, committed 32764K, reserved 1079296K
  class space    used 3656K, capacity 3799K, committed 3840K, reserved 1048576K
}
2015-08-31T14:03:21.536+0200: 2263.504: Total time for which application threads were stopped: 0.0098757 seconds, Stopping threads took: 0.0000141 seconds
{Heap before GC invocations=94 (full 3):
 par new generation   total 109248K, used 108955K [0x00000000e0000000, 0x00000000e8000000, 0x00000000e8000000)
  eden space 87424K,  99% used [0x00000000e0000000, 0x00000000e5516f90, 0x00000000e5560000)
  from space 21824K, 100% used [0x00000000e5560000, 0x00000000e6ab0000, 0x00000000e6ab0000)
  to   space 21824K,   0% used [0x00000000e6ab0000, 0x00000000e6ab0000, 0x00000000e8000000)
 concurrent mark-sweep generation total 393216K, used 153413K [0x00000000e8000000, 0x0000000100000000, 0x0000000100000000)
 Metaspace       used 32012K, capacity 32382K, committed 32764K, reserved 1079296K
  class space    used 3656K, capacity 3799K, committed 3840K, reserved 1048576K
2015-08-31T14:03:21.813+0200: 2263.781: [GC (Allocation Failure) 2263.781: [ParNew
Desired survivor size 20112992 bytes, new threshold 8 (max 8)
- age   1:    7500296 bytes,    7500296 total
- age   2:    1451376 bytes,    8951672 total
- age   3:    1543560 bytes,   10495232 total
- age   4:    2958872 bytes,   13454104 total
- age   5:    2246024 bytes,   15700128 total
- age   6:    1713200 bytes,   17413328 total
- age   7:     823032 bytes,   18236360 total
- age   8:     731960 bytes,   18968320 total
: 108955K->21824K(109248K), 0.0096668 secs] 262369K->186085K(502464K), 0.0097432 secs] [Times: user=0.00 sys=0.00, real=0.01 secs] 
Heap after GC invocations=95 (full 3):
 par new generation   total 109248K, used 21824K [0x00000000e0000000, 0x00000000e8000000, 0x00000000e8000000)
  eden space 87424K,   0% used [0x00000000e0000000, 0x00000000e0000000, 0x00000000e5560000)
  from space 21824K, 100% used [0x00000000e6ab0000, 0x00000000e8000000, 0x00000000e8000000)
  to   space 21824K,   0% used [0x00000000e5560000, 0x00000000e5560000, 0x00000000e6ab0000)
 concurrent mark-sweep generation total 393216K, used 164261K [0x00000000e8000000, 0x0000000100000000, 0x0000000100000000)
 Metaspace       used 32012K, capacity 32382K, committed 32764K, reserved 1079296K
  class space    used 3656K, capacity 3799K, committed 3840K, reserved 1048576K
}
2015-08-31T14:03:21.823+0200: 2263.791: Total time for which application threads were stopped: 0.0099020 seconds, Stopping threads took: 0.0000154 seconds
{Heap before GC invocations=95 (full 3):
 par new generation   total 109248K, used 109248K [0x00000000e0000000, 0x00000000e8000000, 0x00000000e8000000)
  eden space 87424K, 100% used [0x00000000e0000000, 0x00000000e5560000, 0x00000000e5560000)
  from space 21824K, 100% used [0x00000000e6ab0000, 0x00000000e8000000, 0x00000000e8000000)
  to   space 21824K,   0% used [0x00000000e5560000, 0x00000000e5560000, 0x00000000e6ab0000)
 concurrent mark-sweep generation total 393216K, used 164261K [0x00000000e8000000, 0x0000000100000000, 0x0000000100000000)
 Metaspace       used 32012K, capacity 32382K, committed 32764K, reserved 1079296K
  class space    used 3656K, capacity 3799K, committed 3840K, reserved 1048576K
2015-08-31T14:03:22.130+0200: 2264.098: [GC (Allocation Failure) 2264.098: [ParNew
Desired survivor size 20112992 bytes, new threshold 8 (max 8)
- age   1:    1380304 bytes,    1380304 total
- age   2:    7425736 bytes,    8806040 total
- age   3:    1408544 bytes,   10214584 total
- age   4:    1500248 bytes,   11714832 total
- age   5:    2935872 bytes,   14650704 total
- age   6:     847648 bytes,   15498352 total
- age   7:    1689608 bytes,   17187960 total
- age   8:     800352 bytes,   17988312 total
: 109248K->21824K(109248K), 0.0096949 secs] 273509K->192680K(502464K), 0.0097589 secs] [Times: user=0.00 sys=0.00, real=0.01 secs] 
Heap after GC invocations=96 (full 3):
 par new generation   total 109248K, used 21824K [0x00000000e0000000, 0x00000000e8000000, 0x00000000e8000000)
  eden space 87424K,   0% used [0x00000000e0000000, 0x00000000e0000000, 0x00000000e5560000)
  from space 21824K, 100% used [0x00000000e5560000, 0x00000000e6ab0000, 0x00000000e6ab0000)
  to   space 21824K,   0% used [0x00000000e6ab0000, 0x00000000e6ab0000, 0x00000000e8000000)
 concurrent mark-sweep generation total 393216K, used 170856K [0x00000000e8000000, 0x0000000100000000, 0x0000000100000000)
 Metaspace       used 32012K, capacity 32382K, committed 32764K, reserved 1079296K
  class space    used 3656K, capacity 3799K, committed 3840K, reserved 1048576K
}
2015-08-31T14:03:22.140+0200: 2264.108: Total time for which application threads were stopped: 0.0099074 seconds, Stopping threads took: 0.0000144 seconds
{Heap before GC invocations=96 (full 3):
 par new generation   total 109248K, used 109248K [0x00000000e0000000, 0x00000000e8000000, 0x00000000e8000000)
  eden space 87424K, 100% used [0x00000000e0000000, 0x00000000e5560000, 0x00000000e5560000)
  from space 21824K, 100% used [0x00000000e5560000, 0x00000000e6ab0000, 0x00000000e6ab0000)
  to   space 21824K,   0% used [0x00000000e6ab0000, 0x00000000e6ab0000, 0x00000000e8000000)
 concurrent mark-sweep generation total 393216K, used 170856K [0x00000000e8000000, 0x0000000100000000, 0x0000000100000000)
 Metaspace       used 32012K, capacity 32382K, committed 32764K, reserved 1079296K
  class space    used 3656K, capacity 3799K, committed 3840K, reserved 1048576K
2015-08-31T14:03:22.461+0200: 2264.429: [GC (Allocation Failure) 2264.429: [ParNew
Desired survivor size 20112992 bytes, new threshold 8 (max 8)
- age   1:    2256432 bytes,    2256432 total
- age   2:     977496 bytes,    3233928 total
- age   3:    5188904 bytes,    8422832 total
- age   4:     999320 bytes,    9422152 total
- age   5:    1385624 bytes,   10807776 total
- age   6:    2927768 bytes,   13735544 total
- age   7:     839872 bytes,   14575416 total
- age   8:    1681096 bytes,   16256512 total
: 109248K->21824K(109248K), 0.0103388 secs] 280104K->197152K(502464K), 0.0103983 secs] [Times: user=0.05 sys=0.00, real=0.01 secs] 
Heap after GC invocations=97 (full 3):
 par new generation   total 109248K, used 21824K [0x00000000e0000000, 0x00000000e8000000, 0x00000000e8000000)
  eden space 87424K,   0% used [0x00000000e0000000, 0x00000000e0000000, 0x00000000e5560000)
  from space 21824K, 100% used [0x00000000e6ab0000, 0x00000000e8000000, 0x00000000e8000000)
  to   space 21824K,   0% used [0x00000000e5560000, 0x00000000e5560000, 0x00000000e6ab0000)
 concurrent mark-sweep generation total 393216K, used 175328K [0x00000000e8000000, 0x0000000100000000, 0x0000000100000000)
 Metaspace       used 32012K, capacity 32382K, committed 32764K, reserved 1079296K
  class space    used 3656K, capacity 3799K, committed 3840K, reserved 1048576K
}
2015-08-31T14:03:22.471+0200: 2264.439: Total time for which application threads were stopped: 0.0105483 seconds, Stopping threads took: 0.0000141 seconds
{Heap before GC invocations=97 (full 3):
 par new generation   total 109248K, used 109248K [0x00000000e0000000, 0x00000000e8000000, 0x00000000e8000000)
  eden space 87424K, 100% used [0x00000000e0000000, 0x00000000e5560000, 0x00000000e5560000)
  from space 21824K, 100% used [0x00000000e6ab0000, 0x00000000e8000000, 0x00000000e8000000)
  to   space 21824K,   0% used [0x00000000e5560000, 0x00000000e5560000, 0x00000000e6ab0000)
 concurrent mark-sweep generation total 393216K, used 175328K [0x00000000e8000000, 0x0000000100000000, 0x0000000100000000)
 Metaspace       used 32012K, capacity 32382K, committed 32764K, reserved 1079296K
  class space    used 3656K, capacity 3799K, committed 3840K, reserved 1048576K
2015-08-31T14:03:22.795+0200: 2264.763: [GC (Allocation Failure) 2264.763: [ParNew
Desired survivor size 20112992 bytes, new threshold 8 (max 8)
- age   1:    2586392 bytes,    2586392 total
- age   2:    2255976 bytes,    4842368 total
- age   3:     977464 bytes,    5819832 total
- age   4:    5188904 bytes,   11008736 total
- age   5:     999320 bytes,   12008056 total
- age   6:    1385624 bytes,   13393680 total
- age   7:    2927768 bytes,   16321448 total
- age   8:     839872 bytes,   17161320 total
: 109248K->21790K(109248K), 0.0096296 secs] 284576K->198787K(502464K), 0.0097160 secs] [Times: user=0.00 sys=0.00, real=0.01 secs] 
Heap after GC invocations=98 (full 3):
 par new generation   total 109248K, used 21790K [0x00000000e0000000, 0x00000000e8000000, 0x00000000e8000000)
  eden space 87424K,   0% used [0x00000000e0000000, 0x00000000e0000000, 0x00000000e5560000)
  from space 21824K,  99% used [0x00000000e5560000, 0x00000000e6aa7a10, 0x00000000e6ab0000)
  to   space 21824K,   0% used [0x00000000e6ab0000, 0x00000000e6ab0000, 0x00000000e8000000)
 concurrent mark-sweep generation total 393216K, used 176997K [0x00000000e8000000, 0x0000000100000000, 0x0000000100000000)
 Metaspace       used 32012K, capacity 32382K, committed 32764K, reserved 1079296K
  class space    used 3656K, capacity 3799K, committed 3840K, reserved 1048576K
}
2015-08-31T14:03:22.804+0200: 2264.772: Total time for which application threads were stopped: 0.0098738 seconds, Stopping threads took: 0.0000144 seconds
{Heap before GC invocations=98 (full 3):
 par new generation   total 109248K, used 109214K [0x00000000e0000000, 0x00000000e8000000, 0x00000000e8000000)
  eden space 87424K, 100% used [0x00000000e0000000, 0x00000000e5560000, 0x00000000e5560000)
  from space 21824K,  99% used [0x00000000e5560000, 0x00000000e6aa7a10, 0x00000000e6ab0000)
  to   space 21824K,   0% used [0x00000000e6ab0000, 0x00000000e6ab0000, 0x00000000e8000000)
 concurrent mark-sweep generation total 393216K, used 176997K [0x00000000e8000000, 0x0000000100000000, 0x0000000100000000)
 Metaspace       used 32012K, capacity 32382K, committed 32764K, reserved 1079296K
  class space    used 3656K, capacity 3799K, committed 3840K, reserved 1048576K
2015-08-31T14:03:23.107+0200: 2265.075: [GC (Allocation Failure) 2265.075: [ParNew
Desired survivor size 20112992 bytes, new threshold 8 (max 8)
- age   1:    6901360 bytes,    6901360 total
- age   2:    2418424 bytes,    9319784 total
- age   3:    2254632 bytes,   11574416 total
- age   4:     976168 bytes,   12550584 total
- age   5:    2586544 bytes,   15137128 total
- age   6:     997848 bytes,   16134976 total
- age   7:    1384312 bytes,   17519288 total
- age   8:    2926936 bytes,   20446224 total
: 109214K->21824K(109248K), 0.0103525 secs] 286211K->201304K(502464K), 0.0104187 secs] [Times: user=0.00 sys=0.00, real=0.01 secs] 
Heap after GC invocations=99 (full 3):
 par new generation   total 109248K, used 21824K [0x00000000e0000000, 0x00000000e8000000, 0x00000000e8000000)
  eden space 87424K,   0% used [0x00000000e0000000, 0x00000000e0000000, 0x00000000e5560000)
  from space 21824K, 100% used [0x00000000e6ab0000, 0x00000000e8000000, 0x00000000e8000000)
  to   space 21824K,   0% used [0x00000000e5560000, 0x00000000e5560000, 0x00000000e6ab0000)
 concurrent mark-sweep generation total 393216K, used 179480K [0x00000000e8000000, 0x0000000100000000, 0x0000000100000000)
 Metaspace       used 32012K, capacity 32382K, committed 32764K, reserved 1079296K
  class space    used 3656K, capacity 3799K, committed 3840K, reserved 1048576K
}
2015-08-31T14:03:23.117+0200: 2265.085: Total time for which application threads were stopped: 0.0105883 seconds, Stopping threads took: 0.0000157 seconds
{Heap before GC invocations=99 (full 3):
 par new generation   total 109248K, used 109248K [0x00000000e0000000, 0x00000000e8000000, 0x00000000e8000000)
  eden space 87424K, 100% used [0x00000000e0000000, 0x00000000e5560000, 0x00000000e5560000)
  from space 21824K, 100% used [0x00000000e6ab0000, 0x00000000e8000000, 0x00000000e8000000)
  to   space 21824K,   0% used [0x00000000e5560000, 0x00000000e5560000, 0x00000000e6ab0000)
 concurrent mark-sweep generation total 393216K, used 179480K [0x00000000e8000000, 0x0000000100000000, 0x0000000100000000)
 Metaspace       used 32012K, capacity 32382K, committed 32764K, reserved 1079296K
  class space    used 3656K, capacity 3799K, committed 3840K, reserved 1048576K
2015-08-31T14:03:23.395+0200: 2265.363: [GC (Allocation Failure) 2265.363: [ParNew
Desired survivor size 20112992 bytes, new threshold 8 (max 8)
- age   1:    4874824 bytes,    4874824 total
- age   2:    6891784 bytes,   11766608 total
- age   3:    2244000 bytes,   14010608 total
- age   4:    2250424 bytes,   16261032 total
- age   5:     973320 bytes,   17234352 total
- age   6:     848648 bytes,   18083000 total
- age   7:     996464 bytes,   19079464 total
- age   8:    1383336 bytes,   20462800 total
: 109248K->21824K(109248K), 0.0132382 secs] 288728K->214734K(502464K), 0.0132971 secs] [Times: user=0.06 sys=0.00, real=0.01 secs] 
Heap after GC invocations=100 (full 3):
 par new generation   total 109248K, used 21824K [0x00000000e0000000, 0x00000000e8000000, 0x00000000e8000000)
  eden space 87424K,   0% used [0x00000000e0000000, 0x00000000e0000000, 0x00000000e5560000)
  from space 21824K, 100% used [0x00000000e5560000, 0x00000000e6ab0000, 0x00000000e6ab0000)
  to   space 21824K,   0% used [0x00000000e6ab0000, 0x00000000e6ab0000, 0x00000000e8000000)
 concurrent mark-sweep generation total 393216K, used 192910K [0x00000000e8000000, 0x0000000100000000, 0x0000000100000000)
 Metaspace       used 32012K, capacity 32382K, committed 32764K, reserved 1079296K
  class space    used 3656K, capacity 3799K, committed 3840K, reserved 1048576K
}
2015-08-31T14:03:23.408+0200: 2265.376: Total time for which application threads were stopped: 0.0134437 seconds, Stopping threads took: 0.0000141 seconds
2015-08-31T14:03:24.290+0200: 2266.258: Total time for which application threads were stopped: 0.0000848 seconds, Stopping threads took: 0.0000131 seconds
{Heap before GC invocations=100 (full 3):
 par new generation   total 109248K, used 109248K [0x00000000e0000000, 0x00000000e8000000, 0x00000000e8000000)
  eden space 87424K, 100% used [0x00000000e0000000, 0x00000000e5560000, 0x00000000e5560000)
  from space 21824K, 100% used [0x00000000e5560000, 0x00000000e6ab0000, 0x00000000e6ab0000)
  to   space 21824K,   0% used [0x00000000e6ab0000, 0x00000000e6ab0000, 0x00000000e8000000)
 concurrent mark-sweep generation total 393216K, used 192910K [0x00000000e8000000, 0x0000000100000000, 0x0000000100000000)
 Metaspace       used 32012K, capacity 32382K, committed 32764K, reserved 1079296K
  class space    used 3656K, capacity 3799K, committed 3840K, reserved 1048576K
2015-08-31T14:03:24.355+0200: 2266.323: [GC (Allocation Failure) 2266.323: [ParNew
Desired survivor size 20112992 bytes, new threshold 8 (max 8)
- age   1:    1316336 bytes,    1316336 total
- age   2:    3959768 bytes,    5276104 total
- age   3:    4924288 bytes,   10200392 total
- age   4:    2154456 bytes,   12354848 total
- age   5:    2168184 bytes,   14523032 total
- age   6:     894160 bytes,   15417192 total
- age   7:     780976 bytes,   16198168 total
- age   8:     915416 bytes,   17113584 total
: 109248K->21824K(109248K), 0.0094213 secs] 302158K->220974K(502464K), 0.0094818 secs] [Times: user=0.00 sys=0.00, real=0.01 secs] 
Heap after GC invocations=101 (full 3):
 par new generation   total 109248K, used 21824K [0x00000000e0000000, 0x00000000e8000000, 0x00000000e8000000)
  eden space 87424K,   0% used [0x00000000e0000000, 0x00000000e0000000, 0x00000000e5560000)
  from space 21824K, 100% used [0x00000000e6ab0000, 0x00000000e8000000, 0x00000000e8000000)
  to   space 21824K,   0% used [0x00000000e5560000, 0x00000000e5560000, 0x00000000e6ab0000)
 concurrent mark-sweep generation total 393216K, used 199150K [0x00000000e8000000, 0x0000000100000000, 0x0000000100000000)
 Metaspace       used 32012K, capacity 32382K, committed 32764K, reserved 1079296K
  class space    used 3656K, capacity 3799K, committed 3840K, reserved 1048576K
}
2015-08-31T14:03:24.364+0200: 2266.332: Total time for which application threads were stopped: 0.0096479 seconds, Stopping threads took: 0.0000131 seconds
2015-08-31T14:03:24.365+0200: 2266.333: [GC (CMS Initial Mark) [1 CMS-initial-mark: 199150K(393216K)] 222748K(502464K), 0.0011440 secs] [Times: user=0.00 sys=0.00, real=0.00 secs] 
2015-08-31T14:03:24.366+0200: 2266.334: Total time for which application threads were stopped: 0.0012739 seconds, Stopping threads took: 0.0000342 seconds
2015-08-31T14:03:24.366+0200: 2266.334: [CMS-concurrent-mark-start]
2015-08-31T14:03:24.389+0200: 2266.357: [CMS-concurrent-mark: 0.023/0.023 secs] [Times: user=0.13 sys=0.00, real=0.02 secs] 
2015-08-31T14:03:24.389+0200: 2266.357: [CMS-concurrent-preclean-start]
2015-08-31T14:03:24.390+0200: 2266.358: [CMS-concurrent-preclean: 0.001/0.001 secs] [Times: user=0.00 sys=0.00, real=0.00 secs] 
2015-08-31T14:03:24.390+0200: 2266.358: [CMS-concurrent-abortable-preclean-start]
{Heap before GC invocations=101 (full 4):
 par new generation   total 109248K, used 109248K [0x00000000e0000000, 0x00000000e8000000, 0x00000000e8000000)
  eden space 87424K, 100% used [0x00000000e0000000, 0x00000000e5560000, 0x00000000e5560000)
  from space 21824K, 100% used [0x00000000e6ab0000, 0x00000000e8000000, 0x00000000e8000000)
  to   space 21824K,   0% used [0x00000000e5560000, 0x00000000e5560000, 0x00000000e6ab0000)
 concurrent mark-sweep generation total 393216K, used 199150K [0x00000000e8000000, 0x0000000100000000, 0x0000000100000000)
 Metaspace       used 32012K, capacity 32382K, committed 32764K, reserved 1079296K
  class space    used 3656K, capacity 3799K, committed 3840K, reserved 1048576K
2015-08-31T14:03:24.462+0200: 2266.430: [GC (Allocation Failure) 2266.430: [ParNew
Desired survivor size 20112992 bytes, new threshold 8 (max 8)
- age   1:     103560 bytes,     103560 total
- age   2:    1206672 bytes,    1310232 total
- age   3:    5482992 bytes,    6793224 total
- age   4:    4917504 bytes,   11710728 total
- age   5:    2148280 bytes,   13859008 total
- age   6:    2161544 bytes,   16020552 total
- age   7:     889744 bytes,   16910296 total
- age   8:     776376 bytes,   17686672 total
: 109248K->21824K(109248K), 0.0085109 secs] 308398K->222177K(502464K), 0.0085660 secs] [Times: user=0.06 sys=0.00, real=0.01 secs] 
Heap after GC invocations=102 (full 4):
 par new generation   total 109248K, used 21824K [0x00000000e0000000, 0x00000000e8000000, 0x00000000e8000000)
  eden space 87424K,   0% used [0x00000000e0000000, 0x00000000e0000000, 0x00000000e5560000)
  from space 21824K, 100% used [0x00000000e5560000, 0x00000000e6ab0000, 0x00000000e6ab0000)
  to   space 21824K,   0% used [0x00000000e6ab0000, 0x00000000e6ab0000, 0x00000000e8000000)
 concurrent mark-sweep generation total 393216K, used 200353K [0x00000000e8000000, 0x0000000100000000, 0x0000000100000000)
 Metaspace       used 32012K, capacity 32382K, committed 32764K, reserved 1079296K
  class space    used 3656K, capacity 3799K, committed 3840K, reserved 1048576K
}
2015-08-31T14:03:24.471+0200: 2266.439: Total time for which application threads were stopped: 0.0087247 seconds, Stopping threads took: 0.0000157 seconds
{Heap before GC invocations=102 (full 4):
 par new generation   total 109248K, used 109248K [0x00000000e0000000, 0x00000000e8000000, 0x00000000e8000000)
  eden space 87424K, 100% used [0x00000000e0000000, 0x00000000e5560000, 0x00000000e5560000)
  from space 21824K, 100% used [0x00000000e5560000, 0x00000000e6ab0000, 0x00000000e6ab0000)
  to   space 21824K,   0% used [0x00000000e6ab0000, 0x00000000e6ab0000, 0x00000000e8000000)
 concurrent mark-sweep generation total 393216K, used 200353K [0x00000000e8000000, 0x0000000100000000, 0x0000000100000000)
 Metaspace       used 32012K, capacity 32382K, committed 32764K, reserved 1079296K
  class space    used 3656K, capacity 3799K, committed 3840K, reserved 1048576K
2015-08-31T14:03:24.577+0200: 2266.545: [GC (Allocation Failure) 2266.545: [ParNew
Desired survivor size 20112992 bytes, new threshold 8 (max 8)
- age   1:     101536 bytes,     101536 total
- age   2:      40584 bytes,     142120 total
- age   3:    1206480 bytes,    1348600 total
- age   4:    3739808 bytes,    5088408 total
- age   5:    4917504 bytes,   10005912 total
- age   6:    2148280 bytes,   12154192 total
- age   7:    2161544 bytes,   14315736 total
- age   8:     889744 bytes,   15205480 total
: 109248K->19245K(109248K), 0.0077343 secs] 309601K->220376K(502464K), 0.0077967 secs] [Times: user=0.00 sys=0.00, real=0.01 secs] 
Heap after GC invocations=103 (full 4):
 par new generation   total 109248K, used 19245K [0x00000000e0000000, 0x00000000e8000000, 0x00000000e8000000)
  eden space 87424K,   0% used [0x00000000e0000000, 0x00000000e0000000, 0x00000000e5560000)
  from space 21824K,  88% used [0x00000000e6ab0000, 0x00000000e7d7b640, 0x00000000e8000000)
  to   space 21824K,   0% used [0x00000000e5560000, 0x00000000e5560000, 0x00000000e6ab0000)
 concurrent mark-sweep generation total 393216K, used 201130K [0x00000000e8000000, 0x0000000100000000, 0x0000000100000000)
 Metaspace       used 32012K, capacity 32382K, committed 32764K, reserved 1079296K
  class space    used 3656K, capacity 3799K, committed 3840K, reserved 1048576K
}
2015-08-31T14:03:24.585+0200: 2266.553: Total time for which application threads were stopped: 0.0079631 seconds, Stopping threads took: 0.0000154 seconds
2015-08-31T14:03:24.585+0200: 2266.553: [CMS-concurrent-abortable-preclean: 0.089/0.195 secs] [Times: user=0.33 sys=0.00, real=0.19 secs] 
2015-08-31T14:03:24.585+0200: 2266.553: [GC (CMS Final Remark) [YG occupancy: 21017 K (109248 K)]{Heap before GC invocations=103 (full 4):
 par new generation   total 109248K, used 21017K [0x00000000e0000000, 0x00000000e8000000, 0x00000000e8000000)
  eden space 87424K,   2% used [0x00000000e0000000, 0x00000000e01bae98, 0x00000000e5560000)
  from space 21824K,  88% used [0x00000000e6ab0000, 0x00000000e7d7b640, 0x00000000e8000000)
  to   space 21824K,   0% used [0x00000000e5560000, 0x00000000e5560000, 0x00000000e6ab0000)
 concurrent mark-sweep generation total 393216K, used 201130K [0x00000000e8000000, 0x0000000100000000, 0x0000000100000000)
 Metaspace       used 32012K, capacity 32382K, committed 32764K, reserved 1079296K
  class space    used 3656K, capacity 3799K, committed 3840K, reserved 1048576K
2015-08-31T14:03:24.585+0200: 2266.553: [GC (CMS Final Remark) 2266.553: [ParNew
Desired survivor size 20112992 bytes, new threshold 8 (max 8)
- age   1:       4336 bytes,       4336 total
- age   2:      92232 bytes,      96568 total
- age   3:      40584 bytes,     137152 total
- age   4:    1206480 bytes,    1343632 total
- age   5:    3739808 bytes,    5083440 total
- age   6:    4917504 bytes,   10000944 total
- age   7:    2148280 bytes,   12149224 total
- age   8:    2161544 bytes,   14310768 total
: 21017K->17639K(109248K), 0.0070764 secs] 222147K->219660K(502464K), 0.0071174 secs] [Times: user=0.06 sys=0.00, real=0.01 secs] 
Heap after GC invocations=104 (full 4):
 par new generation   total 109248K, used 17639K [0x00000000e0000000, 0x00000000e8000000, 0x00000000e8000000)
  eden space 87424K,   0% used [0x00000000e0000000, 0x00000000e0000000, 0x00000000e5560000)
  from space 21824K,  80% used [0x00000000e5560000, 0x00000000e6699dc0, 0x00000000e6ab0000)
  to   space 21824K,   0% used [0x00000000e6ab0000, 0x00000000e6ab0000, 0x00000000e8000000)
 concurrent mark-sweep generation total 393216K, used 202021K [0x00000000e8000000, 0x0000000100000000, 0x0000000100000000)
 Metaspace       used 32012K, capacity 32382K, committed 32764K, reserved 1079296K
  class space    used 3656K, capacity 3799K, committed 3840K, reserved 1048576K
}
2266.561: [Rescan (parallel) , 0.0033318 secs]2266.564: [weak refs processing, 0.0012064 secs]2266.565: [class unloading, 0.0048905 secs]2266.570: [scrub symbol table, 0.0029980 secs]2266.573: [scrub string table, 0.0003824 secs][1 CMS-remark: 202021K(393216K)] 219660K(502464K), 0.0206679 secs] [Times: user=0.08 sys=0.00, real=0.02 secs] 
2015-08-31T14:03:24.606+0200: 2266.574: Total time for which application threads were stopped: 0.0207809 seconds, Stopping threads took: 0.0000237 seconds
2015-08-31T14:03:24.606+0200: 2266.574: [CMS-concurrent-sweep-start]
2015-08-31T14:03:24.625+0200: 2266.593: [CMS-concurrent-sweep: 0.018/0.018 secs] [Times: user=0.03 sys=0.00, real=0.02 secs] 
2015-08-31T14:03:24.625+0200: 2266.593: [CMS-concurrent-reset-start]
2015-08-31T14:03:24.625+0200: 2266.593: [CMS-concurrent-reset: 0.000/0.000 secs] [Times: user=0.00 sys=0.00, real=0.00 secs] 
{Heap before GC invocations=104 (full 4):
 par new generation   total 109248K, used 105063K [0x00000000e0000000, 0x00000000e8000000, 0x00000000e8000000)
  eden space 87424K, 100% used [0x00000000e0000000, 0x00000000e5560000, 0x00000000e5560000)
  from space 21824K,  80% used [0x00000000e5560000, 0x00000000e6699dc0, 0x00000000e6ab0000)
  to   space 21824K,   0% used [0x00000000e6ab0000, 0x00000000e6ab0000, 0x00000000e8000000)
 concurrent mark-sweep generation total 393216K, used 132381K [0x00000000e8000000, 0x0000000100000000, 0x0000000100000000)
 Metaspace       used 32013K, capacity 32382K, committed 32764K, reserved 1079296K
  class space    used 3656K, capacity 3799K, committed 3840K, reserved 1048576K
2015-08-31T14:03:24.797+0200: 2266.765: [GC (Allocation Failure) 2266.765: [ParNew
Desired survivor size 20112992 bytes, new threshold 8 (max 8)
- age   1:      70136 bytes,      70136 total
- age   4:        168 bytes,      70304 total
- age   5:    1180640 bytes,    1250944 total
- age   6:    5444256 bytes,    6695200 total
- age   7:    4872096 bytes,   11567296 total
- age   8:    2101992 bytes,   13669288 total
: 105063K->18937K(109248K), 0.0063599 secs] 237444K->153405K(502464K), 0.0064409 secs] [Times: user=0.00 sys=0.00, real=0.01 secs] 
Heap after GC invocations=105 (full 4):
 par new generation   total 109248K, used 18937K [0x00000000e0000000, 0x00000000e8000000, 0x00000000e8000000)
  eden space 87424K,   0% used [0x00000000e0000000, 0x00000000e0000000, 0x00000000e5560000)
  from space 21824K,  86% used [0x00000000e6ab0000, 0x00000000e7d2e760, 0x00000000e8000000)
  to   space 21824K,   0% used [0x00000000e5560000, 0x00000000e5560000, 0x00000000e6ab0000)
 concurrent mark-sweep generation total 393216K, used 134467K [0x00000000e8000000, 0x0000000100000000, 0x0000000100000000)
 Metaspace       used 32013K, capacity 32382K, committed 32764K, reserved 1079296K
  class space    used 3656K, capacity 3799K, committed 3840K, reserved 1048576K
}
2015-08-31T14:03:24.803+0200: 2266.771: Total time for which application threads were stopped: 0.0066585 seconds, Stopping threads took: 0.0000150 seconds
{Heap before GC invocations=105 (full 4):
 par new generation   total 109248K, used 106361K [0x00000000e0000000, 0x00000000e8000000, 0x00000000e8000000)
  eden space 87424K, 100% used [0x00000000e0000000, 0x00000000e5560000, 0x00000000e5560000)
  from space 21824K,  86% used [0x00000000e6ab0000, 0x00000000e7d2e760, 0x00000000e8000000)
  to   space 21824K,   0% used [0x00000000e5560000, 0x00000000e5560000, 0x00000000e6ab0000)
 concurrent mark-sweep generation total 393216K, used 134467K [0x00000000e8000000, 0x0000000100000000, 0x0000000100000000)
 Metaspace       used 32013K, capacity 32382K, committed 32764K, reserved 1079296K
  class space    used 3656K, capacity 3799K, committed 3840K, reserved 1048576K
2015-08-31T14:03:24.869+0200: 2266.837: [GC (Allocation Failure) 2266.837: [ParNew
Desired survivor size 20112992 bytes, new threshold 8 (max 8)
- age   1:     149280 bytes,     149280 total
- age   2:        752 bytes,     150032 total
- age   5:        168 bytes,     150200 total
- age   6:    1180576 bytes,    1330776 total
- age   7:    3701072 bytes,    5031848 total
- age   8:    4872096 bytes,    9903944 total
: 106361K->13892K(109248K), 0.0055855 secs] 240829K->150433K(502464K), 0.0056479 secs] [Times: user=0.06 sys=0.00, real=0.01 secs] 
Heap after GC invocations=106 (full 4):
 par new generation   total 109248K, used 13892K [0x00000000e0000000, 0x00000000e8000000, 0x00000000e8000000)
  eden space 87424K,   0% used [0x00000000e0000000, 0x00000000e0000000, 0x00000000e5560000)
  from space 21824K,  63% used [0x00000000e5560000, 0x00000000e62f1130, 0x00000000e6ab0000)
  to   space 21824K,   0% used [0x00000000e6ab0000, 0x00000000e6ab0000, 0x00000000e8000000)
 concurrent mark-sweep generation total 393216K, used 136541K [0x00000000e8000000, 0x0000000100000000, 0x0000000100000000)
 Metaspace       used 32013K, capacity 32382K, committed 32764K, reserved 1079296K
  class space    used 3656K, capacity 3799K, committed 3840K, reserved 1048576K
}
2015-08-31T14:03:24.875+0200: 2266.843: Total time for which application threads were stopped: 0.0058057 seconds, Stopping threads took: 0.0000150 seconds
{Heap before GC invocations=106 (full 4):
 par new generation   total 109248K, used 101316K [0x00000000e0000000, 0x00000000e8000000, 0x00000000e8000000)
  eden space 87424K, 100% used [0x00000000e0000000, 0x00000000e5560000, 0x00000000e5560000)
  from space 21824K,  63% used [0x00000000e5560000, 0x00000000e62f1130, 0x00000000e6ab0000)
  to   space 21824K,   0% used [0x00000000e6ab0000, 0x00000000e6ab0000, 0x00000000e8000000)
 concurrent mark-sweep generation total 393216K, used 136541K [0x00000000e8000000, 0x0000000100000000, 0x0000000100000000)
 Metaspace       used 32013K, capacity 32382K, committed 32764K, reserved 1079296K
  class space    used 3656K, capacity 3799K, committed 3840K, reserved 1048576K
2015-08-31T14:03:24.952+0200: 2266.920: [GC (Allocation Failure) 2266.920: [ParNew
Desired survivor size 20112992 bytes, new threshold 8 (max 8)
- age   1:     149520 bytes,     149520 total
- age   2:        536 bytes,     150056 total
- age   3:        752 bytes,     150808 total
- age   6:        168 bytes,     150976 total
- age   7:    1180576 bytes,    1331552 total
- age   8:    3701072 bytes,    5032624 total
: 101316K->6148K(109248K), 0.0049004 secs] 237857K->147467K(502464K), 0.0049590 secs] [Times: user=0.00 sys=0.00, real=0.01 secs] 
Heap after GC invocations=107 (full 4):
 par new generation   total 109248K, used 6148K [0x00000000e0000000, 0x00000000e8000000, 0x00000000e8000000)
  eden space 87424K,   0% used [0x00000000e0000000, 0x00000000e0000000, 0x00000000e5560000)
  from space 21824K,  28% used [0x00000000e6ab0000, 0x00000000e70b1060, 0x00000000e8000000)
  to   space 21824K,   0% used [0x00000000e5560000, 0x00000000e5560000, 0x00000000e6ab0000)
 concurrent mark-sweep generation total 393216K, used 141319K [0x00000000e8000000, 0x0000000100000000, 0x0000000100000000)
 Metaspace       used 32013K, capacity 32382K, committed 32764K, reserved 1079296K
  class space    used 3656K, capacity 3799K, committed 3840K, reserved 1048576K
}
2015-08-31T14:03:24.957+0200: 2266.925: Total time for which application threads were stopped: 0.0051203 seconds, Stopping threads took: 0.0000147 seconds
2015-08-31T14:03:25.001+0200: 2266.969: Total time for which application threads were stopped: 0.0000835 seconds, Stopping threads took: 0.0000230 seconds
2015-08-31T14:03:25.001+0200: 2266.969: Total time for which application threads were stopped: 0.0000282 seconds, Stopping threads took: 0.0000051 seconds
2015-08-31T14:03:25.001+0200: 2266.969: Total time for which application threads were stopped: 0.0000266 seconds, Stopping threads took: 0.0000048 seconds
{Heap before GC invocations=107 (full 4):
 par new generation   total 109248K, used 93572K [0x00000000e0000000, 0x00000000e8000000, 0x00000000e8000000)
  eden space 87424K, 100% used [0x00000000e0000000, 0x00000000e5560000, 0x00000000e5560000)
  from space 21824K,  28% used [0x00000000e6ab0000, 0x00000000e70b1060, 0x00000000e8000000)
  to   space 21824K,   0% used [0x00000000e5560000, 0x00000000e5560000, 0x00000000e6ab0000)
 concurrent mark-sweep generation total 393216K, used 141319K [0x00000000e8000000, 0x0000000100000000, 0x0000000100000000)
 Metaspace       used 32017K, capacity 32382K, committed 32764K, reserved 1079296K
  class space    used 3656K, capacity 3799K, committed 3840K, reserved 1048576K
2015-08-31T14:03:25.218+0200: 2267.186: [GC (Allocation Failure) 2267.186: [ParNew
Desired survivor size 20112992 bytes, new threshold 8 (max 8)
- age   1:    3540792 bytes,    3540792 total
- age   7:        168 bytes,    3540960 total
- age   8:    1111320 bytes,    4652280 total
: 93572K->5438K(109248K), 0.0048054 secs] 234891K->150293K(502464K), 0.0048691 secs] [Times: user=0.00 sys=0.00, real=0.00 secs] 
Heap after GC invocations=108 (full 4):
 par new generation   total 109248K, used 5438K [0x00000000e0000000, 0x00000000e8000000, 0x00000000e8000000)
  eden space 87424K,   0% used [0x00000000e0000000, 0x00000000e0000000, 0x00000000e5560000)
  from space 21824K,  24% used [0x00000000e5560000, 0x00000000e5aafa00, 0x00000000e6ab0000)
  to   space 21824K,   0% used [0x00000000e6ab0000, 0x00000000e6ab0000, 0x00000000e8000000)
 concurrent mark-sweep generation total 393216K, used 144855K [0x00000000e8000000, 0x0000000100000000, 0x0000000100000000)
 Metaspace       used 32017K, capacity 32382K, committed 32764K, reserved 1079296K
  class space    used 3656K, capacity 3799K, committed 3840K, reserved 1048576K
}
2015-08-31T14:03:25.223+0200: 2267.191: Total time for which application threads were stopped: 0.0050627 seconds, Stopping threads took: 0.0000144 seconds
{Heap before GC invocations=108 (full 4):
 par new generation   total 109248K, used 92862K [0x00000000e0000000, 0x00000000e8000000, 0x00000000e8000000)
  eden space 87424K, 100% used [0x00000000e0000000, 0x00000000e5560000, 0x00000000e5560000)
  from space 21824K,  24% used [0x00000000e5560000, 0x00000000e5aafa00, 0x00000000e6ab0000)
  to   space 21824K,   0% used [0x00000000e6ab0000, 0x00000000e6ab0000, 0x00000000e8000000)
 concurrent mark-sweep generation total 393216K, used 144855K [0x00000000e8000000, 0x0000000100000000, 0x0000000100000000)
 Metaspace       used 32017K, capacity 32382K, committed 32764K, reserved 1079296K
  class space    used 3656K, capacity 3799K, committed 3840K, reserved 1048576K
2015-08-31T14:03:25.501+0200: 2267.469: [GC (Allocation Failure) 2267.469: [ParNew
Desired survivor size 20112992 bytes, new threshold 8 (max 8)
- age   1:    6030752 bytes,    6030752 total
- age   2:    2424840 bytes,    8455592 total
- age   8:        168 bytes,    8455760 total
: 92862K->10134K(109248K), 0.0061948 secs] 237717K->156076K(502464K), 0.0062566 secs] [Times: user=0.00 sys=0.00, real=0.01 secs] 
Heap after GC invocations=109 (full 4):
 par new generation   total 109248K, used 10134K [0x00000000e0000000, 0x00000000e8000000, 0x00000000e8000000)
  eden space 87424K,   0% used [0x00000000e0000000, 0x00000000e0000000, 0x00000000e5560000)
  from space 21824K,  46% used [0x00000000e6ab0000, 0x00000000e7495b70, 0x00000000e8000000)
  to   space 21824K,   0% used [0x00000000e5560000, 0x00000000e5560000, 0x00000000e6ab0000)
 concurrent mark-sweep generation total 393216K, used 145942K [0x00000000e8000000, 0x0000000100000000, 0x0000000100000000)
 Metaspace       used 32017K, capacity 32382K, committed 32764K, reserved 1079296K
  class space    used 3656K, capacity 3799K, committed 3840K, reserved 1048576K
}
2015-08-31T14:03:25.508+0200: 2267.476: Total time for which application threads were stopped: 0.0064073 seconds, Stopping threads took: 0.0000141 seconds
{Heap before GC invocations=109 (full 4):
 par new generation   total 109248K, used 97558K [0x00000000e0000000, 0x00000000e8000000, 0x00000000e8000000)
  eden space 87424K, 100% used [0x00000000e0000000, 0x00000000e5560000, 0x00000000e5560000)
  from space 21824K,  46% used [0x00000000e6ab0000, 0x00000000e7495b70, 0x00000000e8000000)
  to   space 21824K,   0% used [0x00000000e5560000, 0x00000000e5560000, 0x00000000e6ab0000)
 concurrent mark-sweep generation total 393216K, used 145942K [0x00000000e8000000, 0x0000000100000000, 0x0000000100000000)
 Metaspace       used 32017K, capacity 32382K, committed 32764K, reserved 1079296K
  class space    used 3656K, capacity 3799K, committed 3840K, reserved 1048576K
2015-08-31T14:03:25.793+0200: 2267.761: [GC (Allocation Failure) 2267.761: [ParNew
Desired survivor size 20112992 bytes, new threshold 8 (max 8)
- age   1:    5086256 bytes,    5086256 total
- age   2:    4371976 bytes,    9458232 total
- age   3:    2424840 bytes,   11883072 total
: 97558K->13166K(109248K), 0.0060642 secs] 243500K->159109K(502464K), 0.0061292 secs] [Times: user=0.00 sys=0.00, real=0.01 secs] 
Heap after GC invocations=110 (full 4):
 par new generation   total 109248K, used 13166K [0x00000000e0000000, 0x00000000e8000000, 0x00000000e8000000)
  eden space 87424K,   0% used [0x00000000e0000000, 0x00000000e0000000, 0x00000000e5560000)
  from space 21824K,  60% used [0x00000000e5560000, 0x00000000e623bb80, 0x00000000e6ab0000)
  to   space 21824K,   0% used [0x00000000e6ab0000, 0x00000000e6ab0000, 0x00000000e8000000)
 concurrent mark-sweep generation total 393216K, used 145942K [0x00000000e8000000, 0x0000000100000000, 0x0000000100000000)
 Metaspace       used 32017K, capacity 32382K, committed 32764K, reserved 1079296K
  class space    used 3656K, capacity 3799K, committed 3840K, reserved 1048576K
}
2015-08-31T14:03:25.799+0200: 2267.767: Total time for which application threads were stopped: 0.0062844 seconds, Stopping threads took: 0.0000141 seconds
{Heap before GC invocations=110 (full 4):
 par new generation   total 109248K, used 100590K [0x00000000e0000000, 0x00000000e8000000, 0x00000000e8000000)
  eden space 87424K, 100% used [0x00000000e0000000, 0x00000000e5560000, 0x00000000e5560000)
  from space 21824K,  60% used [0x00000000e5560000, 0x00000000e623bb80, 0x00000000e6ab0000)
  to   space 21824K,   0% used [0x00000000e6ab0000, 0x00000000e6ab0000, 0x00000000e8000000)
 concurrent mark-sweep generation total 393216K, used 145942K [0x00000000e8000000, 0x0000000100000000, 0x0000000100000000)
 Metaspace       used 32017K, capacity 32382K, committed 32764K, reserved 1079296K
  class space    used 3656K, capacity 3799K, committed 3840K, reserved 1048576K
2015-08-31T14:03:26.090+0200: 2268.058: [GC (Allocation Failure) 2268.058: [ParNew
Desired survivor size 20112992 bytes, new threshold 8 (max 8)
- age   1:    6988600 bytes,    6988600 total
- age   2:    2832560 bytes,    9821160 total
- age   3:    3645680 bytes,   13466840 total
- age   4:    2424416 bytes,   15891256 total
: 100590K->20267K(109248K), 0.0066271 secs] 246533K->166209K(502464K), 0.0066876 secs] [Times: user=0.00 sys=0.00, real=0.01 secs] 
Heap after GC invocations=111 (full 4):
 par new generation   total 109248K, used 20267K [0x00000000e0000000, 0x00000000e8000000, 0x00000000e8000000)
  eden space 87424K,   0% used [0x00000000e0000000, 0x00000000e0000000, 0x00000000e5560000)
  from space 21824K,  92% used [0x00000000e6ab0000, 0x00000000e7e7ae70, 0x00000000e8000000)
  to   space 21824K,   0% used [0x00000000e5560000, 0x00000000e5560000, 0x00000000e6ab0000)
 concurrent mark-sweep generation total 393216K, used 145942K [0x00000000e8000000, 0x0000000100000000, 0x0000000100000000)
 Metaspace       used 32017K, capacity 32382K, committed 32764K, reserved 1079296K
  class space    used 3656K, capacity 3799K, committed 3840K, reserved 1048576K
}
2015-08-31T14:03:26.097+0200: 2268.065: Total time for which application threads were stopped: 0.0068367 seconds, Stopping threads took: 0.0000144 seconds
{Heap before GC invocations=111 (full 4):
 par new generation   total 109248K, used 107691K [0x00000000e0000000, 0x00000000e8000000, 0x00000000e8000000)
  eden space 87424K, 100% used [0x00000000e0000000, 0x00000000e5560000, 0x00000000e5560000)
  from space 21824K,  92% used [0x00000000e6ab0000, 0x00000000e7e7ae70, 0x00000000e8000000)
  to   space 21824K,   0% used [0x00000000e5560000, 0x00000000e5560000, 0x00000000e6ab0000)
 concurrent mark-sweep generation total 393216K, used 145942K [0x00000000e8000000, 0x0000000100000000, 0x0000000100000000)
 Metaspace       used 32017K, capacity 32382K, committed 32764K, reserved 1079296K
  class space    used 3656K, capacity 3799K, committed 3840K, reserved 1048576K
2015-08-31T14:03:26.383+0200: 2268.351: [GC (Allocation Failure) 2268.351: [ParNew
Desired survivor size 20112992 bytes, new threshold 8 (max 8)
- age   1:    6468568 bytes,    6468568 total
- age   2:    4054128 bytes,   10522696 total
- age   3:    2742400 bytes,   13265096 total
- age   4:    3645680 bytes,   16910776 total
- age   5:    2424416 bytes,   19335192 total
: 107691K->21824K(109248K), 0.0074236 secs] 253633K->167766K(502464K), 0.0074873 secs] [Times: user=0.00 sys=0.00, real=0.01 secs] 
Heap after GC invocations=112 (full 4):
 par new generation   total 109248K, used 21824K [0x00000000e0000000, 0x00000000e8000000, 0x00000000e8000000)
  eden space 87424K,   0% used [0x00000000e0000000, 0x00000000e0000000, 0x00000000e5560000)
  from space 21824K, 100% used [0x00000000e5560000, 0x00000000e6ab0000, 0x00000000e6ab0000)
  to   space 21824K,   0% used [0x00000000e6ab0000, 0x00000000e6ab0000, 0x00000000e8000000)
 concurrent mark-sweep generation total 393216K, used 145942K [0x00000000e8000000, 0x0000000100000000, 0x0000000100000000)
 Metaspace       used 32017K, capacity 32382K, committed 32764K, reserved 1079296K
  class space    used 3656K, capacity 3799K, committed 3840K, reserved 1048576K
}
2015-08-31T14:03:26.391+0200: 2268.359: Total time for which application threads were stopped: 0.0076389 seconds, Stopping threads took: 0.0000144 seconds
{Heap before GC invocations=112 (full 4):
 par new generation   total 109248K, used 109248K [0x00000000e0000000, 0x00000000e8000000, 0x00000000e8000000)
  eden space 87424K, 100% used [0x00000000e0000000, 0x00000000e5560000, 0x00000000e5560000)
  from space 21824K, 100% used [0x00000000e5560000, 0x00000000e6ab0000, 0x00000000e6ab0000)
  to   space 21824K,   0% used [0x00000000e6ab0000, 0x00000000e6ab0000, 0x00000000e8000000)
 concurrent mark-sweep generation total 393216K, used 145942K [0x00000000e8000000, 0x0000000100000000, 0x0000000100000000)
 Metaspace       used 32017K, capacity 32382K, committed 32764K, reserved 1079296K
  class space    used 3656K, capacity 3799K, committed 3840K, reserved 1048576K
2015-08-31T14:03:26.683+0200: 2268.651: [GC (Allocation Failure) 2268.651: [ParNew
Desired survivor size 20112992 bytes, new threshold 8 (max 8)
- age   1:    6261512 bytes,    6261512 total
- age   2:    2616328 bytes,    8877840 total
- age   3:    2533480 bytes,   11411320 total
- age   4:    2540624 bytes,   13951944 total
- age   5:    3610112 bytes,   17562056 total
- age   6:    2374520 bytes,   19936576 total
: 109248K->21824K(109248K), 0.0082357 secs] 255190K->170370K(502464K), 0.0082956 secs] [Times: user=0.00 sys=0.00, real=0.01 secs] 
Heap after GC invocations=113 (full 4):
 par new generation   total 109248K, used 21824K [0x00000000e0000000, 0x00000000e8000000, 0x00000000e8000000)
  eden space 87424K,   0% used [0x00000000e0000000, 0x00000000e0000000, 0x00000000e5560000)
  from space 21824K, 100% used [0x00000000e6ab0000, 0x00000000e8000000, 0x00000000e8000000)
  to   space 21824K,   0% used [0x00000000e5560000, 0x00000000e5560000, 0x00000000e6ab0000)
 concurrent mark-sweep generation total 393216K, used 148546K [0x00000000e8000000, 0x0000000100000000, 0x0000000100000000)
 Metaspace       used 32017K, capacity 32382K, committed 32764K, reserved 1079296K
  class space    used 3656K, capacity 3799K, committed 3840K, reserved 1048576K
}
2015-08-31T14:03:26.691+0200: 2268.659: Total time for which application threads were stopped: 0.0084495 seconds, Stopping threads took: 0.0000141 seconds
2015-08-31T14:03:26.977+0200: 2268.945: Total time for which application threads were stopped: 0.0001456 seconds, Stopping threads took: 0.0000144 seconds
2015-08-31T14:03:26.977+0200: 2268.945: Total time for which application threads were stopped: 0.0000765 seconds, Stopping threads took: 0.0000186 seconds
{Heap before GC invocations=113 (full 4):
 par new generation   total 109248K, used 109248K [0x00000000e0000000, 0x00000000e8000000, 0x00000000e8000000)
  eden space 87424K, 100% used [0x00000000e0000000, 0x00000000e5560000, 0x00000000e5560000)
  from space 21824K, 100% used [0x00000000e6ab0000, 0x00000000e8000000, 0x00000000e8000000)
  to   space 21824K,   0% used [0x00000000e5560000, 0x00000000e5560000, 0x00000000e6ab0000)
 concurrent mark-sweep generation total 393216K, used 148546K [0x00000000e8000000, 0x0000000100000000, 0x0000000100000000)
 Metaspace       used 32028K, capacity 32382K, committed 32764K, reserved 1079296K
  class space    used 3656K, capacity 3799K, committed 3840K, reserved 1048576K
2015-08-31T14:03:26.983+0200: 2268.951: [GC (Allocation Failure) 2268.951: [ParNew
Desired survivor size 20112992 bytes, new threshold 8 (max 8)
- age   1:    7345792 bytes,    7345792 total
- age   2:    1200648 bytes,    8546440 total
- age   3:    1246456 bytes,    9792896 total
- age   4:    1057256 bytes,   10850152 total
- age   5:    2062600 bytes,   12912752 total
- age   6:    3402288 bytes,   16315040 total
- age   7:    2199008 bytes,   18514048 total
: 109248K->21824K(109248K), 0.0085493 secs] 257794K->176247K(502464K), 0.0085989 secs] [Times: user=0.05 sys=0.00, real=0.01 secs] 
Heap after GC invocations=114 (full 4):
 par new generation   total 109248K, used 21824K [0x00000000e0000000, 0x00000000e8000000, 0x00000000e8000000)
  eden space 87424K,   0% used [0x00000000e0000000, 0x00000000e0000000, 0x00000000e5560000)
  from space 21824K, 100% used [0x00000000e5560000, 0x00000000e6ab0000, 0x00000000e6ab0000)
  to   space 21824K,   0% used [0x00000000e6ab0000, 0x00000000e6ab0000, 0x00000000e8000000)
 concurrent mark-sweep generation total 393216K, used 154423K [0x00000000e8000000, 0x0000000100000000, 0x0000000100000000)
 Metaspace       used 32028K, capacity 32382K, committed 32764K, reserved 1079296K
  class space    used 3656K, capacity 3799K, committed 3840K, reserved 1048576K
}
2015-08-31T14:03:26.991+0200: 2268.959: Total time for which application threads were stopped: 0.0087887 seconds, Stopping threads took: 0.0000163 seconds
2015-08-31T14:03:26.993+0200: 2268.961: Total time for which application threads were stopped: 0.0000998 seconds, Stopping threads took: 0.0000182 seconds
2015-08-31T14:03:26.993+0200: 2268.961: Total time for which application threads were stopped: 0.0000573 seconds, Stopping threads took: 0.0000106 seconds
2015-08-31T14:03:27.118+0200: 2269.086: Total time for which application threads were stopped: 0.0001296 seconds, Stopping threads took: 0.0000387 seconds
{Heap before GC invocations=114 (full 4):
 par new generation   total 109248K, used 109248K [0x00000000e0000000, 0x00000000e8000000, 0x00000000e8000000)
  eden space 87424K, 100% used [0x00000000e0000000, 0x00000000e5560000, 0x00000000e5560000)
  from space 21824K, 100% used [0x00000000e5560000, 0x00000000e6ab0000, 0x00000000e6ab0000)
  to   space 21824K,   0% used [0x00000000e6ab0000, 0x00000000e6ab0000, 0x00000000e8000000)
 concurrent mark-sweep generation total 393216K, used 154423K [0x00000000e8000000, 0x0000000100000000, 0x0000000100000000)
 Metaspace       used 32028K, capacity 32382K, committed 32764K, reserved 1079296K
  class space    used 3656K, capacity 3799K, committed 3840K, reserved 1048576K
2015-08-31T14:03:27.164+0200: 2269.132: [GC (Allocation Failure) 2269.132: [ParNew
Desired survivor size 20112992 bytes, new threshold 8 (max 8)
- age   1:    2832096 bytes,    2832096 total
- age   2:    5724176 bytes,    8556272 total
- age   3:    1200648 bytes,    9756920 total
- age   4:    1246456 bytes,   11003376 total
- age   5:    1057256 bytes,   12060632 total
- age   6:    2062600 bytes,   14123232 total
- age   7:    3402288 bytes,   17525520 total
- age   8:    2169264 bytes,   19694784 total
: 109248K->21824K(109248K), 0.0064457 secs] 263671K->177725K(502464K), 0.0065071 secs] [Times: user=0.00 sys=0.00, real=0.01 secs] 
Heap after GC invocations=115 (full 4):
 par new generation   total 109248K, used 21824K [0x00000000e0000000, 0x00000000e8000000, 0x00000000e8000000)
  eden space 87424K,   0% used [0x00000000e0000000, 0x00000000e0000000, 0x00000000e5560000)
  from space 21824K, 100% used [0x00000000e6ab0000, 0x00000000e8000000, 0x00000000e8000000)
  to   space 21824K,   0% used [0x00000000e5560000, 0x00000000e5560000, 0x00000000e6ab0000)
 concurrent mark-sweep generation total 393216K, used 155901K [0x00000000e8000000, 0x0000000100000000, 0x0000000100000000)
 Metaspace       used 32028K, capacity 32382K, committed 32764K, reserved 1079296K
  class space    used 3656K, capacity 3799K, committed 3840K, reserved 1048576K
}
2015-08-31T14:03:27.171+0200: 2269.139: Total time for which application threads were stopped: 0.0066754 seconds, Stopping threads took: 0.0000243 seconds
2015-08-31T14:03:27.222+0200: 2269.190: Total time for which application threads were stopped: 0.0000934 seconds, Stopping threads took: 0.0000355 seconds
2015-08-31T14:03:27.223+0200: 2269.191: Total time for which application threads were stopped: 0.0000486 seconds, Stopping threads took: 0.0000186 seconds
{Heap before GC invocations=115 (full 4):
 par new generation   total 109248K, used 109248K [0x00000000e0000000, 0x00000000e8000000, 0x00000000e8000000)
  eden space 87424K, 100% used [0x00000000e0000000, 0x00000000e5560000, 0x00000000e5560000)
  from space 21824K, 100% used [0x00000000e6ab0000, 0x00000000e8000000, 0x00000000e8000000)
  to   space 21824K,   0% used [0x00000000e5560000, 0x00000000e5560000, 0x00000000e6ab0000)
 concurrent mark-sweep generation total 393216K, used 155901K [0x00000000e8000000, 0x0000000100000000, 0x0000000100000000)
 Metaspace       used 32028K, capacity 32382K, committed 32764K, reserved 1079296K
  class space    used 3656K, capacity 3799K, committed 3840K, reserved 1048576K
2015-08-31T14:03:27.253+0200: 2269.222: [GC (Allocation Failure) 2269.222: [ParNew
Desired survivor size 20112992 bytes, new threshold 8 (max 8)
- age   1:    1552328 bytes,    1552328 total
- age   2:    2069736 bytes,    3622064 total
- age   3:    5724040 bytes,    9346104 total
- age   4:    1200648 bytes,   10546752 total
- age   5:    1246456 bytes,   11793208 total
- age   6:    1057256 bytes,   12850464 total
- age   7:    2062600 bytes,   14913064 total
- age   8:    3402288 bytes,   18315352 total
: 109248K->21824K(109248K), 0.0091548 secs] 265149K->179852K(502464K), 0.0092239 secs] [Times: user=0.06 sys=0.00, real=0.01 secs] 
Heap after GC invocations=116 (full 4):
 par new generation   total 109248K, used 21824K [0x00000000e0000000, 0x00000000e8000000, 0x00000000e8000000)
  eden space 87424K,   0% used [0x00000000e0000000, 0x00000000e0000000, 0x00000000e5560000)
  from space 21824K, 100% used [0x00000000e5560000, 0x00000000e6ab0000, 0x00000000e6ab0000)
  to   space 21824K,   0% used [0x00000000e6ab0000, 0x00000000e6ab0000, 0x00000000e8000000)
 concurrent mark-sweep generation total 393216K, used 158028K [0x00000000e8000000, 0x0000000100000000, 0x0000000100000000)
 Metaspace       used 32028K, capacity 32382K, committed 32764K, reserved 1079296K
  class space    used 3656K, capacity 3799K, committed 3840K, reserved 1048576K
}
2015-08-31T14:03:27.263+0200: 2269.231: Total time for which application threads were stopped: 0.0093832 seconds, Stopping threads took: 0.0000150 seconds
2015-08-31T14:03:27.277+0200: 2269.245: Total time for which application threads were stopped: 0.0001712 seconds, Stopping threads took: 0.0000138 seconds
2015-08-31T14:03:27.277+0200: 2269.245: Total time for which application threads were stopped: 0.0000525 seconds, Stopping threads took: 0.0000058 seconds
2015-08-31T14:03:27.277+0200: 2269.245: Total time for which application threads were stopped: 0.0000362 seconds, Stopping threads took: 0.0000147 seconds
2015-08-31T14:03:27.282+0200: 2269.250: Total time for which application threads were stopped: 0.0001501 seconds, Stopping threads took: 0.0000566 seconds
2015-08-31T14:03:27.284+0200: 2269.252: Total time for which application threads were stopped: 0.0001533 seconds, Stopping threads took: 0.0000918 seconds
2015-08-31T14:03:27.284+0200: 2269.252: Total time for which application threads were stopped: 0.0000659 seconds, Stopping threads took: 0.0000218 seconds
2015-08-31T14:03:27.285+0200: 2269.253: Total time for which application threads were stopped: 0.0001482 seconds, Stopping threads took: 0.0000234 seconds
2015-08-31T14:03:27.939+0200: 2269.906: Total time for which application threads were stopped: 0.0000947 seconds, Stopping threads took: 0.0000218 seconds
2015-08-31T14:03:28.035+0200: 2270.002: Total time for which application threads were stopped: 0.0001050 seconds, Stopping threads took: 0.0000230 seconds
2015-08-31T14:03:28.035+0200: 2270.002: Total time for which application threads were stopped: 0.0002083 seconds, Stopping threads took: 0.0001587 seconds
2015-08-31T14:03:28.035+0200: 2270.002: Total time for which application threads were stopped: 0.0000605 seconds, Stopping threads took: 0.0000195 seconds
2015-08-31T14:03:28.035+0200: 2270.002: Total time for which application threads were stopped: 0.0000342 seconds, Stopping threads took: 0.0000080 seconds
2015-08-31T14:03:28.035+0200: 2270.002: Total time for which application threads were stopped: 0.0000310 seconds, Stopping threads took: 0.0000058 seconds
2015-08-31T14:03:28.041+0200: 2270.008: Total time for which application threads were stopped: 0.0000880 seconds, Stopping threads took: 0.0000208 seconds
2015-08-31T14:03:28.041+0200: 2270.008: Total time for which application threads were stopped: 0.0000477 seconds, Stopping threads took: 0.0000077 seconds
2015-08-31T14:03:28.041+0200: 2270.008: Total time for which application threads were stopped: 0.0000314 seconds, Stopping threads took: 0.0000061 seconds
2015-08-31T14:03:28.042+0200: 2270.009: Total time for which application threads were stopped: 0.0000534 seconds, Stopping threads took: 0.0000106 seconds
2015-08-31T14:03:28.050+0200: 2270.017: Total time for which application threads were stopped: 0.0001011 seconds, Stopping threads took: 0.0000160 seconds
2015-08-31T14:03:28.052+0200: 2270.019: Total time for which application threads were stopped: 0.0000774 seconds, Stopping threads took: 0.0000166 seconds
2015-08-31T14:03:28.053+0200: 2270.020: Total time for which application threads were stopped: 0.0000707 seconds, Stopping threads took: 0.0000170 seconds
2015-08-31T14:03:28.064+0200: 2270.031: Total time for which application threads were stopped: 0.0000758 seconds, Stopping threads took: 0.0000170 seconds
2015-08-31T14:03:28.066+0200: 2270.034: Total time for which application threads were stopped: 0.0000864 seconds, Stopping threads took: 0.0000224 seconds
2015-08-31T14:03:28.067+0200: 2270.034: Total time for which application threads were stopped: 0.0000765 seconds, Stopping threads took: 0.0000157 seconds
2015-08-31T14:03:28.069+0200: 2270.036: Total time for which application threads were stopped: 0.0000861 seconds, Stopping threads took: 0.0000198 seconds
2015-08-31T14:03:28.070+0200: 2270.037: Total time for which application threads were stopped: 0.0000893 seconds, Stopping threads took: 0.0000275 seconds
2015-08-31T14:03:28.074+0200: 2270.041: Total time for which application threads were stopped: 0.0000822 seconds, Stopping threads took: 0.0000205 seconds
2015-08-31T14:03:28.076+0200: 2270.043: Total time for which application threads were stopped: 0.0000762 seconds, Stopping threads took: 0.0000202 seconds
2015-08-31T14:03:28.079+0200: 2270.046: Total time for which application threads were stopped: 0.0000864 seconds, Stopping threads took: 0.0000205 seconds
2015-08-31T14:03:28.080+0200: 2270.047: Total time for which application threads were stopped: 0.0000704 seconds, Stopping threads took: 0.0000157 seconds
2015-08-31T14:03:28.083+0200: 2270.050: Total time for which application threads were stopped: 0.0000730 seconds, Stopping threads took: 0.0000157 seconds
2015-08-31T14:03:28.087+0200: 2270.054: Total time for which application threads were stopped: 0.0000832 seconds, Stopping threads took: 0.0000205 seconds
2015-08-31T14:03:28.332+0200: 2270.300: Total time for which application threads were stopped: 0.0000701 seconds, Stopping threads took: 0.0000150 seconds
2015-08-31T14:03:28.333+0200: 2270.300: Total time for which application threads were stopped: 0.0000477 seconds, Stopping threads took: 0.0000099 seconds
2015-08-31T14:03:28.333+0200: 2270.300: Total time for which application threads were stopped: 0.0000573 seconds, Stopping threads took: 0.0000205 seconds
2015-08-31T14:03:28.333+0200: 2270.300: Total time for which application threads were stopped: 0.0000509 seconds, Stopping threads took: 0.0000214 seconds
2015-08-31T14:03:28.333+0200: 2270.300: Total time for which application threads were stopped: 0.0001347 seconds, Stopping threads took: 0.0000221 seconds
2015-08-31T14:03:28.334+0200: 2270.301: Total time for which application threads were stopped: 0.0000707 seconds, Stopping threads took: 0.0000243 seconds
2015-08-31T14:03:28.334+0200: 2270.301: Total time for which application threads were stopped: 0.0000342 seconds, Stopping threads took: 0.0000042 seconds
2015-08-31T14:03:28.334+0200: 2270.301: Total time for which application threads were stopped: 0.0000464 seconds, Stopping threads took: 0.0000093 seconds
2015-08-31T14:03:28.334+0200: 2270.301: Total time for which application threads were stopped: 0.0000822 seconds, Stopping threads took: 0.0000509 seconds
2015-08-31T14:03:28.335+0200: 2270.302: Total time for which application threads were stopped: 0.0001450 seconds, Stopping threads took: 0.0000496 seconds
2015-08-31T14:03:28.373+0200: 2270.340: Total time for which application threads were stopped: 0.0001104 seconds, Stopping threads took: 0.0000259 seconds
2015-08-31T14:03:29.373+0200: 2271.340: Total time for which application threads were stopped: 0.0000752 seconds, Stopping threads took: 0.0000294 seconds
2015-08-31T14:03:49.714+0200: 2291.681: Total time for which application threads were stopped: 0.0000701 seconds, Stopping threads took: 0.0000163 seconds
2015-08-31T14:03:49.714+0200: 2291.681: Total time for which application threads were stopped: 0.0000726 seconds, Stopping threads took: 0.0000381 seconds
2015-08-31T14:03:49.714+0200: 2291.681: Total time for which application threads were stopped: 0.0000534 seconds, Stopping threads took: 0.0000106 seconds
2015-08-31T14:03:50.714+0200: 2292.681: Total time for which application threads were stopped: 0.0000806 seconds, Stopping threads took: 0.0000333 seconds
2015-08-31T14:03:52.507+0200: 2294.474: Total time for which application threads were stopped: 0.0001635 seconds, Stopping threads took: 0.0000154 seconds
2015-08-31T14:03:52.507+0200: 2294.474: Total time for which application threads were stopped: 0.0000762 seconds, Stopping threads took: 0.0000186 seconds
2015-08-31T14:03:52.508+0200: 2294.475: Total time for which application threads were stopped: 0.0000640 seconds, Stopping threads took: 0.0000195 seconds
2015-08-31T14:03:53.508+0200: 2295.475: Total time for which application threads were stopped: 0.0001014 seconds, Stopping threads took: 0.0000362 seconds
2015-08-31T14:03:56.369+0200: 2298.336: Total time for which application threads were stopped: 0.0000835 seconds, Stopping threads took: 0.0000189 seconds
2015-08-31T14:03:56.370+0200: 2298.337: Total time for which application threads were stopped: 0.0000531 seconds, Stopping threads took: 0.0000163 seconds
2015-08-31T14:03:56.370+0200: 2298.337: Total time for which application threads were stopped: 0.0000320 seconds, Stopping threads took: 0.0000109 seconds
2015-08-31T14:03:56.370+0200: 2298.337: Total time for which application threads were stopped: 0.0001104 seconds, Stopping threads took: 0.0000112 seconds
2015-08-31T14:03:56.370+0200: 2298.338: Total time for which application threads were stopped: 0.0000502 seconds, Stopping threads took: 0.0000141 seconds
2015-08-31T14:03:56.370+0200: 2298.338: Total time for which application threads were stopped: 0.0000429 seconds, Stopping threads took: 0.0000150 seconds
2015-08-31T14:03:56.371+0200: 2298.338: Total time for which application threads were stopped: 0.0000419 seconds, Stopping threads took: 0.0000093 seconds
2015-08-31T14:03:56.371+0200: 2298.338: Total time for which application threads were stopped: 0.0000266 seconds, Stopping threads took: 0.0000058 seconds
2015-08-31T14:03:56.371+0200: 2298.339: Total time for which application threads were stopped: 0.0000480 seconds, Stopping threads took: 0.0000090 seconds
2015-08-31T14:03:56.372+0200: 2298.340: Total time for which application threads were stopped: 0.0001149 seconds, Stopping threads took: 0.0000294 seconds
2015-08-31T14:03:56.373+0200: 2298.340: Total time for which application threads were stopped: 0.0000816 seconds, Stopping threads took: 0.0000394 seconds
2015-08-31T14:03:56.373+0200: 2298.340: Total time for which application threads were stopped: 0.0000470 seconds, Stopping threads took: 0.0000150 seconds
2015-08-31T14:03:56.374+0200: 2298.341: Total time for which application threads were stopped: 0.0000509 seconds, Stopping threads took: 0.0000093 seconds
2015-08-31T14:03:57.374+0200: 2299.341: Total time for which application threads were stopped: 0.0000669 seconds, Stopping threads took: 0.0000144 seconds
2015-08-31T14:04:08.467+0200: 2310.434: Total time for which application threads were stopped: 0.0000659 seconds, Stopping threads took: 0.0000157 seconds
2015-08-31T14:04:08.467+0200: 2310.434: Total time for which application threads were stopped: 0.0000426 seconds, Stopping threads took: 0.0000170 seconds
2015-08-31T14:04:08.470+0200: 2310.437: Total time for which application threads were stopped: 0.0001613 seconds, Stopping threads took: 0.0000352 seconds
2015-08-31T14:04:08.479+0200: 2310.445: Total time for which application threads were stopped: 0.0001702 seconds, Stopping threads took: 0.0000675 seconds
2015-08-31T14:04:12.638+0200: 2314.606: Total time for which application threads were stopped: 0.0000778 seconds, Stopping threads took: 0.0000144 seconds
2015-08-31T14:04:12.639+0200: 2314.606: Total time for which application threads were stopped: 0.0000333 seconds, Stopping threads took: 0.0000080 seconds
2015-08-31T14:04:12.639+0200: 2314.606: Total time for which application threads were stopped: 0.0000435 seconds, Stopping threads took: 0.0000096 seconds
2015-08-31T14:04:12.639+0200: 2314.606: Total time for which application threads were stopped: 0.0000739 seconds, Stopping threads took: 0.0000477 seconds
2015-08-31T14:04:12.639+0200: 2314.606: Total time for which application threads were stopped: 0.0000394 seconds, Stopping threads took: 0.0000112 seconds
2015-08-31T14:04:12.639+0200: 2314.606: Total time for which application threads were stopped: 0.0000477 seconds, Stopping threads took: 0.0000138 seconds
2015-08-31T14:04:12.639+0200: 2314.606: Total time for which application threads were stopped: 0.0000384 seconds, Stopping threads took: 0.0000112 seconds
2015-08-31T14:04:12.640+0200: 2314.607: Total time for which application threads were stopped: 0.0000560 seconds, Stopping threads took: 0.0000179 seconds
2015-08-31T14:04:12.640+0200: 2314.607: Total time for which application threads were stopped: 0.0000416 seconds, Stopping threads took: 0.0000154 seconds
2015-08-31T14:04:13.640+0200: 2315.607: Total time for which application threads were stopped: 0.0000752 seconds, Stopping threads took: 0.0000269 seconds
2015-08-31T14:04:14.919+0200: 2316.886: Total time for which application threads were stopped: 0.0000861 seconds, Stopping threads took: 0.0000323 seconds
2015-08-31T14:04:14.920+0200: 2316.887: Total time for which application threads were stopped: 0.0000416 seconds, Stopping threads took: 0.0000080 seconds
2015-08-31T14:04:14.920+0200: 2316.888: Total time for which application threads were stopped: 0.0000301 seconds, Stopping threads took: 0.0000067 seconds
2015-08-31T14:04:14.921+0200: 2316.888: Total time for which application threads were stopped: 0.0000794 seconds, Stopping threads took: 0.0000208 seconds
2015-08-31T14:04:14.921+0200: 2316.888: Total time for which application threads were stopped: 0.0000320 seconds, Stopping threads took: 0.0000067 seconds
2015-08-31T14:04:14.921+0200: 2316.888: Total time for which application threads were stopped: 0.0000240 seconds, Stopping threads took: 0.0000048 seconds
2015-08-31T14:04:14.921+0200: 2316.888: Total time for which application threads were stopped: 0.0000227 seconds, Stopping threads took: 0.0000045 seconds
2015-08-31T14:04:14.921+0200: 2316.888: Total time for which application threads were stopped: 0.0000198 seconds, Stopping threads took: 0.0000045 seconds
2015-08-31T14:04:14.921+0200: 2316.888: Total time for which application threads were stopped: 0.0000221 seconds, Stopping threads took: 0.0000045 seconds
2015-08-31T14:04:14.921+0200: 2316.888: Total time for which application threads were stopped: 0.0000218 seconds, Stopping threads took: 0.0000042 seconds
2015-08-31T14:04:14.922+0200: 2316.889: Total time for which application threads were stopped: 0.0000598 seconds, Stopping threads took: 0.0000278 seconds
2015-08-31T14:04:14.922+0200: 2316.889: Total time for which application threads were stopped: 0.0000528 seconds, Stopping threads took: 0.0000227 seconds
2015-08-31T14:04:14.923+0200: 2316.890: Total time for which application threads were stopped: 0.0000944 seconds, Stopping threads took: 0.0000550 seconds
2015-08-31T14:04:14.923+0200: 2316.890: Total time for which application threads were stopped: 0.0000342 seconds, Stopping threads took: 0.0000061 seconds
2015-08-31T14:04:14.923+0200: 2316.890: Total time for which application threads were stopped: 0.0000486 seconds, Stopping threads took: 0.0000154 seconds
2015-08-31T14:04:14.923+0200: 2316.890: Total time for which application threads were stopped: 0.0000605 seconds, Stopping threads took: 0.0000301 seconds
2015-08-31T14:04:14.923+0200: 2316.891: Total time for which application threads were stopped: 0.0000474 seconds, Stopping threads took: 0.0000176 seconds
2015-08-31T14:04:14.924+0200: 2316.891: Total time for which application threads were stopped: 0.0000666 seconds, Stopping threads took: 0.0000173 seconds
2015-08-31T14:04:14.924+0200: 2316.891: Total time for which application threads were stopped: 0.0000394 seconds, Stopping threads took: 0.0000163 seconds
2015-08-31T14:04:14.924+0200: 2316.891: Total time for which application threads were stopped: 0.0000458 seconds, Stopping threads took: 0.0000170 seconds
2015-08-31T14:04:14.924+0200: 2316.891: Total time for which application threads were stopped: 0.0000429 seconds, Stopping threads took: 0.0000179 seconds
2015-08-31T14:04:14.924+0200: 2316.891: Total time for which application threads were stopped: 0.0000730 seconds, Stopping threads took: 0.0000173 seconds
2015-08-31T14:04:14.924+0200: 2316.891: Total time for which application threads were stopped: 0.0001040 seconds, Stopping threads took: 0.0000160 seconds
2015-08-31T14:04:14.924+0200: 2316.892: Total time for which application threads were stopped: 0.0000454 seconds, Stopping threads took: 0.0000166 seconds
2015-08-31T14:04:14.925+0200: 2316.892: Total time for which application threads were stopped: 0.0000602 seconds, Stopping threads took: 0.0000422 seconds
2015-08-31T14:04:14.925+0200: 2316.892: Total time for which application threads were stopped: 0.0000214 seconds, Stopping threads took: 0.0000058 seconds
2015-08-31T14:04:46.377+0200: 2348.343: Total time for which application threads were stopped: 0.0000714 seconds, Stopping threads took: 0.0000195 seconds
2015-08-31T14:04:51.318+0200: 2353.284: Total time for which application threads were stopped: 0.0000630 seconds, Stopping threads took: 0.0000166 seconds
2015-08-31T14:04:51.318+0200: 2353.285: Total time for which application threads were stopped: 0.0000269 seconds, Stopping threads took: 0.0000083 seconds
2015-08-31T14:04:51.318+0200: 2353.285: Total time for which application threads were stopped: 0.0000227 seconds, Stopping threads took: 0.0000051 seconds
2015-08-31T14:04:51.329+0200: 2353.296: Total time for which application threads were stopped: 0.0000573 seconds, Stopping threads took: 0.0000125 seconds
2015-08-31T14:04:51.348+0200: 2353.315: Total time for which application threads were stopped: 0.0000800 seconds, Stopping threads took: 0.0000144 seconds
2015-08-31T14:04:51.348+0200: 2353.315: Total time for which application threads were stopped: 0.0000387 seconds, Stopping threads took: 0.0000070 seconds
2015-08-31T14:04:51.348+0200: 2353.315: Total time for which application threads were stopped: 0.0000426 seconds, Stopping threads took: 0.0000070 seconds
2015-08-31T14:04:51.348+0200: 2353.315: Total time for which application threads were stopped: 0.0000323 seconds, Stopping threads took: 0.0000070 seconds
2015-08-31T14:04:51.348+0200: 2353.315: Total time for which application threads were stopped: 0.0000394 seconds, Stopping threads took: 0.0000150 seconds
2015-08-31T14:04:51.351+0200: 2353.318: Total time for which application threads were stopped: 0.0000691 seconds, Stopping threads took: 0.0000118 seconds
2015-08-31T14:04:51.352+0200: 2353.318: Total time for which application threads were stopped: 0.0000355 seconds, Stopping threads took: 0.0000064 seconds
2015-08-31T14:04:51.353+0200: 2353.320: Total time for which application threads were stopped: 0.0000384 seconds, Stopping threads took: 0.0000112 seconds
2015-08-31T14:04:51.353+0200: 2353.320: Total time for which application threads were stopped: 0.0000234 seconds, Stopping threads took: 0.0000064 seconds
2015-08-31T14:04:51.353+0200: 2353.320: Total time for which application threads were stopped: 0.0000426 seconds, Stopping threads took: 0.0000157 seconds
2015-08-31T14:04:51.354+0200: 2353.321: Total time for which application threads were stopped: 0.0000381 seconds, Stopping threads took: 0.0000083 seconds
2015-08-31T14:04:51.354+0200: 2353.321: Total time for which application threads were stopped: 0.0000310 seconds, Stopping threads took: 0.0000077 seconds
2015-08-31T14:04:51.356+0200: 2353.323: Total time for which application threads were stopped: 0.0000426 seconds, Stopping threads took: 0.0000122 seconds
2015-08-31T14:04:51.356+0200: 2353.323: Total time for which application threads were stopped: 0.0000230 seconds, Stopping threads took: 0.0000061 seconds
2015-08-31T14:04:51.356+0200: 2353.323: Total time for which application threads were stopped: 0.0000291 seconds, Stopping threads took: 0.0000051 seconds
{Heap before GC invocations=116 (full 4):
 par new generation   total 109248K, used 109219K [0x00000000e0000000, 0x00000000e8000000, 0x00000000e8000000)
  eden space 87424K,  99% used [0x00000000e0000000, 0x00000000e5558da0, 0x00000000e5560000)
  from space 21824K, 100% used [0x00000000e5560000, 0x00000000e6ab0000, 0x00000000e6ab0000)
  to   space 21824K,   0% used [0x00000000e6ab0000, 0x00000000e6ab0000, 0x00000000e8000000)
 concurrent mark-sweep generation total 393216K, used 158028K [0x00000000e8000000, 0x0000000100000000, 0x0000000100000000)
 Metaspace       used 32086K, capacity 32394K, committed 32764K, reserved 1079296K
  class space    used 3657K, capacity 3801K, committed 3840K, reserved 1048576K
2015-08-31T14:04:51.407+0200: 2353.374: [GC (Allocation Failure) 2353.374: [ParNew
Desired survivor size 20112992 bytes, new threshold 8 (max 8)
- age   1:    2676392 bytes,    2676392 total
- age   2:      61520 bytes,    2737912 total
- age   3:     238280 bytes,    2976192 total
- age   4:    5260120 bytes,    8236312 total
- age   5:    1128984 bytes,    9365296 total
- age   6:    1176184 bytes,   10541480 total
- age   7:     990664 bytes,   11532144 total
- age   8:    1990504 bytes,   13522648 total
: 109219K->17872K(109248K), 0.0081007 secs] 267248K->179158K(502464K), 0.0081964 secs] [Times: user=0.00 sys=0.00, real=0.01 secs] 
Heap after GC invocations=117 (full 4):
 par new generation   total 109248K, used 17872K [0x00000000e0000000, 0x00000000e8000000, 0x00000000e8000000)
  eden space 87424K,   0% used [0x00000000e0000000, 0x00000000e0000000, 0x00000000e5560000)
  from space 21824K,  81% used [0x00000000e6ab0000, 0x00000000e7c240a0, 0x00000000e8000000)
  to   space 21824K,   0% used [0x00000000e5560000, 0x00000000e5560000, 0x00000000e6ab0000)
 concurrent mark-sweep generation total 393216K, used 161286K [0x00000000e8000000, 0x0000000100000000, 0x0000000100000000)
 Metaspace       used 32086K, capacity 32394K, committed 32764K, reserved 1079296K
  class space    used 3657K, capacity 3801K, committed 3840K, reserved 1048576K
}
2015-08-31T14:04:51.415+0200: 2353.382: Total time for which application threads were stopped: 0.0084325 seconds, Stopping threads took: 0.0000243 seconds
2015-08-31T14:04:51.415+0200: 2353.382: Total time for which application threads were stopped: 0.0000752 seconds, Stopping threads took: 0.0000115 seconds
2015-08-31T14:04:51.415+0200: 2353.382: Total time for which application threads were stopped: 0.0000422 seconds, Stopping threads took: 0.0000115 seconds
2015-08-31T14:04:51.416+0200: 2353.382: Total time for which application threads were stopped: 0.0000701 seconds, Stopping threads took: 0.0000189 seconds
{Heap before GC invocations=117 (full 4):
 par new generation   total 109248K, used 105271K [0x00000000e0000000, 0x00000000e8000000, 0x00000000e8000000)
  eden space 87424K,  99% used [0x00000000e0000000, 0x00000000e5559c08, 0x00000000e5560000)
  from space 21824K,  81% used [0x00000000e6ab0000, 0x00000000e7c240a0, 0x00000000e8000000)
  to   space 21824K,   0% used [0x00000000e5560000, 0x00000000e5560000, 0x00000000e6ab0000)
 concurrent mark-sweep generation total 393216K, used 161286K [0x00000000e8000000, 0x0000000100000000, 0x0000000100000000)
 Metaspace       used 32101K, capacity 32418K, committed 32764K, reserved 1079296K
  class space    used 3660K, capacity 3805K, committed 3840K, reserved 1048576K
2015-08-31T14:04:51.447+0200: 2353.414: [GC (Allocation Failure) 2353.414: [ParNew
Desired survivor size 20112992 bytes, new threshold 8 (max 8)
- age   1:     450568 bytes,     450568 total
- age   2:    2365432 bytes,    2816000 total
- age   3:      61520 bytes,    2877520 total
- age   4:     238280 bytes,    3115800 total
- age   5:    5260120 bytes,    8375920 total
- age   6:    1128984 bytes,    9504904 total
- age   7:    1176184 bytes,   10681088 total
- age   8:     990664 bytes,   11671752 total
: 105271K->17883K(109248K), 0.0061657 secs] 266557K->181113K(502464K), 0.0062466 secs] [Times: user=0.06 sys=0.00, real=0.01 secs] 
Heap after GC invocations=118 (full 4):
 par new generation   total 109248K, used 17883K [0x00000000e0000000, 0x00000000e8000000, 0x00000000e8000000)
  eden space 87424K,   0% used [0x00000000e0000000, 0x00000000e0000000, 0x00000000e5560000)
  from space 21824K,  81% used [0x00000000e5560000, 0x00000000e66d6d08, 0x00000000e6ab0000)
  to   space 21824K,   0% used [0x00000000e6ab0000, 0x00000000e6ab0000, 0x00000000e8000000)
 concurrent mark-sweep generation total 393216K, used 163230K [0x00000000e8000000, 0x0000000100000000, 0x0000000100000000)
 Metaspace       used 32101K, capacity 32418K, committed 32764K, reserved 1079296K
  class space    used 3660K, capacity 3805K, committed 3840K, reserved 1048576K
}
2015-08-31T14:04:51.453+0200: 2353.420: Total time for which application threads were stopped: 0.0063974 seconds, Stopping threads took: 0.0000150 seconds
2015-08-31T14:04:51.453+0200: 2353.420: Total time for which application threads were stopped: 0.0001085 seconds, Stopping threads took: 0.0000330 seconds
2015-08-31T14:04:51.476+0200: 2353.443: Total time for which application threads were stopped: 0.0001034 seconds, Stopping threads took: 0.0000134 seconds
2015-08-31T14:04:51.503+0200: 2353.470: Total time for which application threads were stopped: 0.0000899 seconds, Stopping threads took: 0.0000154 seconds
2015-08-31T14:04:51.525+0200: 2353.492: Total time for which application threads were stopped: 0.0001002 seconds, Stopping threads took: 0.0000294 seconds
2015-08-31T14:04:51.527+0200: 2353.494: Total time for which application threads were stopped: 0.0004499 seconds, Stopping threads took: 0.0000189 seconds
2015-08-31T14:04:51.548+0200: 2353.515: Total time for which application threads were stopped: 0.0001632 seconds, Stopping threads took: 0.0000214 seconds
2015-08-31T14:04:51.548+0200: 2353.515: Total time for which application threads were stopped: 0.0000954 seconds, Stopping threads took: 0.0000387 seconds
2015-08-31T14:04:51.548+0200: 2353.515: Total time for which application threads were stopped: 0.0000637 seconds, Stopping threads took: 0.0000134 seconds
2015-08-31T14:04:51.549+0200: 2353.516: Total time for which application threads were stopped: 0.0000403 seconds, Stopping threads took: 0.0000090 seconds
2015-08-31T14:04:51.562+0200: 2353.529: Total time for which application threads were stopped: 0.0000784 seconds, Stopping threads took: 0.0000205 seconds
2015-08-31T14:05:05.563+0200: 2367.529: Total time for which application threads were stopped: 0.0000685 seconds, Stopping threads took: 0.0000269 seconds
2015-08-31T14:05:06.378+0200: 2368.344: Total time for which application threads were stopped: 0.0000570 seconds, Stopping threads took: 0.0000134 seconds
2015-08-31T14:05:10.948+0200: 2372.915: Total time for which application threads were stopped: 0.0000570 seconds, Stopping threads took: 0.0000118 seconds
2015-08-31T14:05:10.948+0200: 2372.915: Total time for which application threads were stopped: 0.0000301 seconds, Stopping threads took: 0.0000093 seconds
2015-08-31T14:05:10.948+0200: 2372.915: Total time for which application threads were stopped: 0.0000230 seconds, Stopping threads took: 0.0000061 seconds
2015-08-31T14:05:10.949+0200: 2372.916: Total time for which application threads were stopped: 0.0000499 seconds, Stopping threads took: 0.0000083 seconds
2015-08-31T14:05:10.949+0200: 2372.916: Total time for which application threads were stopped: 0.0000362 seconds, Stopping threads took: 0.0000058 seconds
2015-08-31T14:05:10.949+0200: 2372.916: Total time for which application threads were stopped: 0.0000285 seconds, Stopping threads took: 0.0000051 seconds
2015-08-31T14:05:10.950+0200: 2372.916: Total time for which application threads were stopped: 0.0000240 seconds, Stopping threads took: 0.0000042 seconds
2015-08-31T14:05:10.950+0200: 2372.916: Total time for which application threads were stopped: 0.0000253 seconds, Stopping threads took: 0.0000045 seconds
2015-08-31T14:05:10.950+0200: 2372.916: Total time for which application threads were stopped: 0.0000333 seconds, Stopping threads took: 0.0000058 seconds
2015-08-31T14:05:10.950+0200: 2372.917: Total time for which application threads were stopped: 0.0000288 seconds, Stopping threads took: 0.0000051 seconds
2015-08-31T14:05:10.950+0200: 2372.917: Total time for which application threads were stopped: 0.0000246 seconds, Stopping threads took: 0.0000038 seconds
2015-08-31T14:05:10.950+0200: 2372.917: Total time for which application threads were stopped: 0.0000618 seconds, Stopping threads took: 0.0000173 seconds
2015-08-31T14:05:10.950+0200: 2372.917: Total time for which application threads were stopped: 0.0000365 seconds, Stopping threads took: 0.0000045 seconds
2015-08-31T14:05:10.952+0200: 2372.918: Total time for which application threads were stopped: 0.0000976 seconds, Stopping threads took: 0.0000554 seconds
2015-08-31T14:05:10.952+0200: 2372.919: Total time for which application threads were stopped: 0.0000384 seconds, Stopping threads took: 0.0000160 seconds
2015-08-31T14:05:10.952+0200: 2372.919: Total time for which application threads were stopped: 0.0001005 seconds, Stopping threads took: 0.0000150 seconds
{Heap before GC invocations=118 (full 4):
 par new generation   total 109248K, used 105307K [0x00000000e0000000, 0x00000000e8000000, 0x00000000e8000000)
  eden space 87424K, 100% used [0x00000000e0000000, 0x00000000e5560000, 0x00000000e5560000)
  from space 21824K,  81% used [0x00000000e5560000, 0x00000000e66d6d08, 0x00000000e6ab0000)
  to   space 21824K,   0% used [0x00000000e6ab0000, 0x00000000e6ab0000, 0x00000000e8000000)
 concurrent mark-sweep generation total 393216K, used 163230K [0x00000000e8000000, 0x0000000100000000, 0x0000000100000000)
 Metaspace       used 32214K, capacity 32556K, committed 33020K, reserved 1079296K
  class space    used 3668K, capacity 3806K, committed 3840K, reserved 1048576K
2015-08-31T14:05:11.048+0200: 2373.015: [GC (Allocation Failure) 2373.015: [ParNew
Desired survivor size 20112992 bytes, new threshold 8 (max 8)
- age   1:    5182120 bytes,    5182120 total
- age   2:     110168 bytes,    5292288 total
- age   3:    1761584 bytes,    7053872 total
- age   4:      61480 bytes,    7115352 total
- age   5:     238280 bytes,    7353632 total
- age   6:    5260120 bytes,   12613752 total
- age   7:    1128984 bytes,   13742736 total
- age   8:    1176184 bytes,   14918920 total
: 105307K->18390K(109248K), 0.0069676 secs] 268537K->182589K(502464K), 0.0070674 secs] [Times: user=0.00 sys=0.00, real=0.01 secs] 
Heap after GC invocations=119 (full 4):
 par new generation   total 109248K, used 18390K [0x00000000e0000000, 0x00000000e8000000, 0x00000000e8000000)
  eden space 87424K,   0% used [0x00000000e0000000, 0x00000000e0000000, 0x00000000e5560000)
  from space 21824K,  84% used [0x00000000e6ab0000, 0x00000000e7ca5b78, 0x00000000e8000000)
  to   space 21824K,   0% used [0x00000000e5560000, 0x00000000e5560000, 0x00000000e6ab0000)
 concurrent mark-sweep generation total 393216K, used 164198K [0x00000000e8000000, 0x0000000100000000, 0x0000000100000000)
 Metaspace       used 32214K, capacity 32556K, committed 33020K, reserved 1079296K
  class space    used 3668K, capacity 3806K, committed 3840K, reserved 1048576K
}
2015-08-31T14:05:11.056+0200: 2373.022: Total time for which application threads were stopped: 0.0072185 seconds, Stopping threads took: 0.0000141 seconds
2015-08-31T14:05:11.056+0200: 2373.022: Total time for which application threads were stopped: 0.0001306 seconds, Stopping threads took: 0.0000112 seconds
2015-08-31T14:05:11.056+0200: 2373.023: Total time for which application threads were stopped: 0.0000653 seconds, Stopping threads took: 0.0000288 seconds
2015-08-31T14:05:11.056+0200: 2373.023: Total time for which application threads were stopped: 0.0000470 seconds, Stopping threads took: 0.0000218 seconds
{Heap before GC invocations=119 (full 4):
 par new generation   total 109248K, used 105814K [0x00000000e0000000, 0x00000000e8000000, 0x00000000e8000000)
  eden space 87424K, 100% used [0x00000000e0000000, 0x00000000e5560000, 0x00000000e5560000)
  from space 21824K,  84% used [0x00000000e6ab0000, 0x00000000e7ca5b78, 0x00000000e8000000)
  to   space 21824K,   0% used [0x00000000e5560000, 0x00000000e5560000, 0x00000000e6ab0000)
 concurrent mark-sweep generation total 393216K, used 164198K [0x00000000e8000000, 0x0000000100000000, 0x0000000100000000)
 Metaspace       used 32214K, capacity 32556K, committed 33020K, reserved 1079296K
  class space    used 3668K, capacity 3806K, committed 3840K, reserved 1048576K
2015-08-31T14:05:11.337+0200: 2373.304: [GC (Allocation Failure) 2373.304: [ParNew
Desired survivor size 20112992 bytes, new threshold 8 (max 8)
- age   1:    4429544 bytes,    4429544 total
- age   2:    4453608 bytes,    8883152 total
- age   3:     110168 bytes,    8993320 total
- age   4:    1761264 bytes,   10754584 total
- age   5:      61480 bytes,   10816064 total
- age   6:     238280 bytes,   11054344 total
- age   7:    5260120 bytes,   16314464 total
- age   8:    1128984 bytes,   17443448 total
: 105814K->21824K(109248K), 0.0077925 secs] 270013K->187171K(502464K), 0.0078581 secs] [Times: user=0.06 sys=0.00, real=0.01 secs] 
Heap after GC invocations=120 (full 4):
 par new generation   total 109248K, used 21824K [0x00000000e0000000, 0x00000000e8000000, 0x00000000e8000000)
  eden space 87424K,   0% used [0x00000000e0000000, 0x00000000e0000000, 0x00000000e5560000)
  from space 21824K, 100% used [0x00000000e5560000, 0x00000000e6ab0000, 0x00000000e6ab0000)
  to   space 21824K,   0% used [0x00000000e6ab0000, 0x00000000e6ab0000, 0x00000000e8000000)
 concurrent mark-sweep generation total 393216K, used 165347K [0x00000000e8000000, 0x0000000100000000, 0x0000000100000000)
 Metaspace       used 32214K, capacity 32556K, committed 33020K, reserved 1079296K
  class space    used 3668K, capacity 3806K, committed 3840K, reserved 1048576K
}
2015-08-31T14:05:11.345+0200: 2373.312: Total time for which application threads were stopped: 0.0080117 seconds, Stopping threads took: 0.0000141 seconds
{Heap before GC invocations=120 (full 4):
 par new generation   total 109248K, used 109248K [0x00000000e0000000, 0x00000000e8000000, 0x00000000e8000000)
  eden space 87424K, 100% used [0x00000000e0000000, 0x00000000e5560000, 0x00000000e5560000)
  from space 21824K, 100% used [0x00000000e5560000, 0x00000000e6ab0000, 0x00000000e6ab0000)
  to   space 21824K,   0% used [0x00000000e6ab0000, 0x00000000e6ab0000, 0x00000000e8000000)
 concurrent mark-sweep generation total 393216K, used 165347K [0x00000000e8000000, 0x0000000100000000, 0x0000000100000000)
 Metaspace       used 32214K, capacity 32556K, committed 33020K, reserved 1079296K
  class space    used 3668K, capacity 3806K, committed 3840K, reserved 1048576K
2015-08-31T14:05:11.630+0200: 2373.596: [GC (Allocation Failure) 2373.596: [ParNew
Desired survivor size 20112992 bytes, new threshold 8 (max 8)
- age   1:    3038272 bytes,    3038272 total
- age   2:    2712720 bytes,    5750992 total
- age   3:    4262832 bytes,   10013824 total
- age   4:     110168 bytes,   10123992 total
- age   5:    1761264 bytes,   11885256 total
- age   6:      61480 bytes,   11946736 total
- age   7:     238280 bytes,   12185016 total
- age   8:    5260120 bytes,   17445136 total
: 109248K->21824K(109248K), 0.0078386 secs] 274595K->190839K(502464K), 0.0079013 secs] [Times: user=0.00 sys=0.00, real=0.01 secs] 
Heap after GC invocations=121 (full 4):
 par new generation   total 109248K, used 21824K [0x00000000e0000000, 0x00000000e8000000, 0x00000000e8000000)
  eden space 87424K,   0% used [0x00000000e0000000, 0x00000000e0000000, 0x00000000e5560000)
  from space 21824K, 100% used [0x00000000e6ab0000, 0x00000000e8000000, 0x00000000e8000000)
  to   space 21824K,   0% used [0x00000000e5560000, 0x00000000e5560000, 0x00000000e6ab0000)
 concurrent mark-sweep generation total 393216K, used 169015K [0x00000000e8000000, 0x0000000100000000, 0x0000000100000000)
 Metaspace       used 32214K, capacity 32556K, committed 33020K, reserved 1079296K
  class space    used 3668K, capacity 3806K, committed 3840K, reserved 1048576K
}
2015-08-31T14:05:11.638+0200: 2373.604: Total time for which application threads were stopped: 0.0080677 seconds, Stopping threads took: 0.0000170 seconds
{Heap before GC invocations=121 (full 4):
 par new generation   total 109248K, used 109248K [0x00000000e0000000, 0x00000000e8000000, 0x00000000e8000000)
  eden space 87424K, 100% used [0x00000000e0000000, 0x00000000e5560000, 0x00000000e5560000)
  from space 21824K, 100% used [0x00000000e6ab0000, 0x00000000e8000000, 0x00000000e8000000)
  to   space 21824K,   0% used [0x00000000e5560000, 0x00000000e5560000, 0x00000000e6ab0000)
 concurrent mark-sweep generation total 393216K, used 169015K [0x00000000e8000000, 0x0000000100000000, 0x0000000100000000)
 Metaspace       used 32214K, capacity 32556K, committed 33020K, reserved 1079296K
  class space    used 3668K, capacity 3806K, committed 3840K, reserved 1048576K
2015-08-31T14:05:11.932+0200: 2373.899: [GC (Allocation Failure) 2373.899: [ParNew
Desired survivor size 20112992 bytes, new threshold 8 (max 8)
- age   1:    5849168 bytes,    5849168 total
- age   2:    2533936 bytes,    8383104 total
- age   3:    2646112 bytes,   11029216 total
- age   4:    4208136 bytes,   15237352 total
- age   5:     110168 bytes,   15347520 total
- age   6:    1761264 bytes,   17108784 total
- age   7:      61480 bytes,   17170264 total
- age   8:     238280 bytes,   17408544 total
: 109248K->21824K(109248K), 0.0079503 secs] 278263K->195977K(502464K), 0.0080159 secs] [Times: user=0.06 sys=0.00, real=0.01 secs] 
Heap after GC invocations=122 (full 4):
 par new generation   total 109248K, used 21824K [0x00000000e0000000, 0x00000000e8000000, 0x00000000e8000000)
  eden space 87424K,   0% used [0x00000000e0000000, 0x00000000e0000000, 0x00000000e5560000)
  from space 21824K, 100% used [0x00000000e5560000, 0x00000000e6ab0000, 0x00000000e6ab0000)
  to   space 21824K,   0% used [0x00000000e6ab0000, 0x00000000e6ab0000, 0x00000000e8000000)
 concurrent mark-sweep generation total 393216K, used 174153K [0x00000000e8000000, 0x0000000100000000, 0x0000000100000000)
 Metaspace       used 32214K, capacity 32556K, committed 33020K, reserved 1079296K
  class space    used 3668K, capacity 3806K, committed 3840K, reserved 1048576K
}
2015-08-31T14:05:11.940+0200: 2373.907: Total time for which application threads were stopped: 0.0081753 seconds, Stopping threads took: 0.0000138 seconds
{Heap before GC invocations=122 (full 4):
 par new generation   total 109248K, used 109248K [0x00000000e0000000, 0x00000000e8000000, 0x00000000e8000000)
  eden space 87424K, 100% used [0x00000000e0000000, 0x00000000e5560000, 0x00000000e5560000)
  from space 21824K, 100% used [0x00000000e5560000, 0x00000000e6ab0000, 0x00000000e6ab0000)
  to   space 21824K,   0% used [0x00000000e6ab0000, 0x00000000e6ab0000, 0x00000000e8000000)
 concurrent mark-sweep generation total 393216K, used 174153K [0x00000000e8000000, 0x0000000100000000, 0x0000000100000000)
 Metaspace       used 32214K, capacity 32556K, committed 33020K, reserved 1079296K
  class space    used 3668K, capacity 3806K, committed 3840K, reserved 1048576K
2015-08-31T14:05:12.234+0200: 2374.201: [GC (Allocation Failure) 2374.201: [ParNew
Desired survivor size 20112992 bytes, new threshold 8 (max 8)
- age   1:    5951480 bytes,    5951480 total
- age   2:    2652952 bytes,    8604432 total
- age   3:    2477712 bytes,   11082144 total
- age   4:    2589840 bytes,   13671984 total
- age   5:    3889312 bytes,   17561296 total
- age   6:     110168 bytes,   17671464 total
- age   7:    1761264 bytes,   19432728 total
- age   8:      61480 bytes,   19494208 total
: 109248K->21824K(109248K), 0.0072681 secs] 283401K->198266K(502464K), 0.0073314 secs] [Times: user=0.00 sys=0.00, real=0.01 secs] 
Heap after GC invocations=123 (full 4):
 par new generation   total 109248K, used 21824K [0x00000000e0000000, 0x00000000e8000000, 0x00000000e8000000)
  eden space 87424K,   0% used [0x00000000e0000000, 0x00000000e0000000, 0x00000000e5560000)
  from space 21824K, 100% used [0x00000000e6ab0000, 0x00000000e8000000, 0x00000000e8000000)
  to   space 21824K,   0% used [0x00000000e5560000, 0x00000000e5560000, 0x00000000e6ab0000)
 concurrent mark-sweep generation total 393216K, used 176442K [0x00000000e8000000, 0x0000000100000000, 0x0000000100000000)
 Metaspace       used 32214K, capacity 32556K, committed 33020K, reserved 1079296K
  class space    used 3668K, capacity 3806K, committed 3840K, reserved 1048576K
}
2015-08-31T14:05:12.241+0200: 2374.208: Total time for which application threads were stopped: 0.0074841 seconds, Stopping threads took: 0.0000157 seconds
{Heap before GC invocations=123 (full 4):
 par new generation   total 109248K, used 109248K [0x00000000e0000000, 0x00000000e8000000, 0x00000000e8000000)
  eden space 87424K, 100% used [0x00000000e0000000, 0x00000000e5560000, 0x00000000e5560000)
  from space 21824K, 100% used [0x00000000e6ab0000, 0x00000000e8000000, 0x00000000e8000000)
  to   space 21824K,   0% used [0x00000000e5560000, 0x00000000e5560000, 0x00000000e6ab0000)
 concurrent mark-sweep generation total 393216K, used 176442K [0x00000000e8000000, 0x0000000100000000, 0x0000000100000000)
 Metaspace       used 32214K, capacity 32556K, committed 33020K, reserved 1079296K
  class space    used 3668K, capacity 3806K, committed 3840K, reserved 1048576K
2015-08-31T14:05:12.536+0200: 2374.502: [GC (Allocation Failure) 2374.502: [ParNew
Desired survivor size 20112992 bytes, new threshold 8 (max 8)
- age   1:    5950016 bytes,    5950016 total
- age   2:    2569896 bytes,    8519912 total
- age   3:    2383960 bytes,   10903872 total
- age   4:    2411992 bytes,   13315864 total
- age   5:    2521224 bytes,   15837088 total
- age   6:    3564320 bytes,   19401408 total
- age   7:     110168 bytes,   19511576 total
- age   8:    1659232 bytes,   21170808 total
: 109248K->21824K(109248K), 0.0098316 secs] 285690K->199894K(502464K), 0.0099109 secs] [Times: user=0.06 sys=0.00, real=0.01 secs] 
Heap after GC invocations=124 (full 4):
 par new generation   total 109248K, used 21824K [0x00000000e0000000, 0x00000000e8000000, 0x00000000e8000000)
  eden space 87424K,   0% used [0x00000000e0000000, 0x00000000e0000000, 0x00000000e5560000)
  from space 21824K, 100% used [0x00000000e5560000, 0x00000000e6ab0000, 0x00000000e6ab0000)
  to   space 21824K,   0% used [0x00000000e6ab0000, 0x00000000e6ab0000, 0x00000000e8000000)
 concurrent mark-sweep generation total 393216K, used 178070K [0x00000000e8000000, 0x0000000100000000, 0x0000000100000000)
 Metaspace       used 32214K, capacity 32556K, committed 33020K, reserved 1079296K
  class space    used 3668K, capacity 3806K, committed 3840K, reserved 1048576K
}
2015-08-31T14:05:12.546+0200: 2374.512: Total time for which application threads were stopped: 0.0100578 seconds, Stopping threads took: 0.0000141 seconds
{Heap before GC invocations=124 (full 4):
 par new generation   total 109248K, used 109135K [0x00000000e0000000, 0x00000000e8000000, 0x00000000e8000000)
  eden space 87424K,  99% used [0x00000000e0000000, 0x00000000e5543e00, 0x00000000e5560000)
  from space 21824K, 100% used [0x00000000e5560000, 0x00000000e6ab0000, 0x00000000e6ab0000)
  to   space 21824K,   0% used [0x00000000e6ab0000, 0x00000000e6ab0000, 0x00000000e8000000)
 concurrent mark-sweep generation total 393216K, used 178070K [0x00000000e8000000, 0x0000000100000000, 0x0000000100000000)
 Metaspace       used 32214K, capacity 32556K, committed 33020K, reserved 1079296K
  class space    used 3668K, capacity 3806K, committed 3840K, reserved 1048576K
2015-08-31T14:05:12.845+0200: 2374.810: [GC (Allocation Failure) 2374.810: [ParNew
Desired survivor size 20112992 bytes, new threshold 8 (max 8)
- age   1:    4111088 bytes,    4111088 total
- age   2:    1892240 bytes,    6003328 total
- age   3:    1386688 bytes,    7390016 total
- age   4:    2025384 bytes,    9415400 total
- age   5:    2320504 bytes,   11735904 total
- age   6:    2422880 bytes,   14158784 total
- age   7:    3099616 bytes,   17258400 total
- age   8:     109336 bytes,   17367736 total
: 109135K->21824K(109248K), 0.0095576 secs] 287206K->207514K(502464K), 0.0096296 secs] [Times: user=0.00 sys=0.00, real=0.01 secs] 
Heap after GC invocations=125 (full 4):
 par new generation   total 109248K, used 21824K [0x00000000e0000000, 0x00000000e8000000, 0x00000000e8000000)
  eden space 87424K,   0% used [0x00000000e0000000, 0x00000000e0000000, 0x00000000e5560000)
  from space 21824K, 100% used [0x00000000e6ab0000, 0x00000000e8000000, 0x00000000e8000000)
  to   space 21824K,   0% used [0x00000000e5560000, 0x00000000e5560000, 0x00000000e6ab0000)
 concurrent mark-sweep generation total 393216K, used 185690K [0x00000000e8000000, 0x0000000100000000, 0x0000000100000000)
 Metaspace       used 32214K, capacity 32556K, committed 33020K, reserved 1079296K
  class space    used 3668K, capacity 3806K, committed 3840K, reserved 1048576K
}
2015-08-31T14:05:12.854+0200: 2374.820: Total time for which application threads were stopped: 0.0097836 seconds, Stopping threads took: 0.0000134 seconds
{Heap before GC invocations=125 (full 4):
 par new generation   total 109248K, used 109248K [0x00000000e0000000, 0x00000000e8000000, 0x00000000e8000000)
  eden space 87424K, 100% used [0x00000000e0000000, 0x00000000e5560000, 0x00000000e5560000)
  from space 21824K, 100% used [0x00000000e6ab0000, 0x00000000e8000000, 0x00000000e8000000)
  to   space 21824K,   0% used [0x00000000e5560000, 0x00000000e5560000, 0x00000000e6ab0000)
 concurrent mark-sweep generation total 393216K, used 185690K [0x00000000e8000000, 0x0000000100000000, 0x0000000100000000)
 Metaspace       used 32214K, capacity 32556K, committed 33020K, reserved 1079296K
  class space    used 3668K, capacity 3806K, committed 3840K, reserved 1048576K
2015-08-31T14:05:13.154+0200: 2375.120: [GC (Allocation Failure) 2375.120: [ParNew
Desired survivor size 20112992 bytes, new threshold 8 (max 8)
- age   1:    5930808 bytes,    5930808 total
- age   2:    2877496 bytes,    8808304 total
- age   3:    1815800 bytes,   10624104 total
- age   4:    1311352 bytes,   11935456 total
- age   5:    1817432 bytes,   13752888 total
- age   6:    2274408 bytes,   16027296 total
- age   7:    2375784 bytes,   18403080 total
- age   8:    3060536 bytes,   21463616 total
: 109248K->21824K(109248K), 0.0083829 secs] 294938K->210051K(502464K), 0.0084482 secs] [Times: user=0.00 sys=0.00, real=0.01 secs] 
Heap after GC invocations=126 (full 4):
 par new generation   total 109248K, used 21824K [0x00000000e0000000, 0x00000000e8000000, 0x00000000e8000000)
  eden space 87424K,   0% used [0x00000000e0000000, 0x00000000e0000000, 0x00000000e5560000)
  from space 21824K, 100% used [0x00000000e5560000, 0x00000000e6ab0000, 0x00000000e6ab0000)
  to   space 21824K,   0% used [0x00000000e6ab0000, 0x00000000e6ab0000, 0x00000000e8000000)
 concurrent mark-sweep generation total 393216K, used 188227K [0x00000000e8000000, 0x0000000100000000, 0x0000000100000000)
 Metaspace       used 32214K, capacity 32556K, committed 33020K, reserved 1079296K
  class space    used 3668K, capacity 3806K, committed 3840K, reserved 1048576K
}
2015-08-31T14:05:13.163+0200: 2375.128: Total time for which application threads were stopped: 0.0085970 seconds, Stopping threads took: 0.0000138 seconds
{Heap before GC invocations=126 (full 4):
 par new generation   total 109248K, used 109248K [0x00000000e0000000, 0x00000000e8000000, 0x00000000e8000000)
  eden space 87424K, 100% used [0x00000000e0000000, 0x00000000e5560000, 0x00000000e5560000)
  from space 21824K, 100% used [0x00000000e5560000, 0x00000000e6ab0000, 0x00000000e6ab0000)
  to   space 21824K,   0% used [0x00000000e6ab0000, 0x00000000e6ab0000, 0x00000000e8000000)
 concurrent mark-sweep generation total 393216K, used 188227K [0x00000000e8000000, 0x0000000100000000, 0x0000000100000000)
 Metaspace       used 32214K, capacity 32556K, committed 33020K, reserved 1079296K
  class space    used 3668K, capacity 3806K, committed 3840K, reserved 1048576K
2015-08-31T14:05:13.462+0200: 2375.428: [GC (Allocation Failure) 2375.428: [ParNew
Desired survivor size 20112992 bytes, new threshold 8 (max 8)
- age   1:    3403480 bytes,    3403480 total
- age   2:    3189096 bytes,    6592576 total
- age   3:    2096352 bytes,    8688928 total
- age   4:    1466768 bytes,   10155696 total
- age   5:    1112200 bytes,   11267896 total
- age   6:    1637016 bytes,   12904912 total
- age   7:    2131192 bytes,   15036104 total
- age   8:    2237200 bytes,   17273304 total
: 109248K->21824K(109248K), 0.0106402 secs] 297475K->219260K(502464K), 0.0107058 secs] [Times: user=0.06 sys=0.00, real=0.01 secs] 
Heap after GC invocations=127 (full 4):
 par new generation   total 109248K, used 21824K [0x00000000e0000000, 0x00000000e8000000, 0x00000000e8000000)
  eden space 87424K,   0% used [0x00000000e0000000, 0x00000000e0000000, 0x00000000e5560000)
  from space 21824K, 100% used [0x00000000e6ab0000, 0x00000000e8000000, 0x00000000e8000000)
  to   space 21824K,   0% used [0x00000000e5560000, 0x00000000e5560000, 0x00000000e6ab0000)
 concurrent mark-sweep generation total 393216K, used 197436K [0x00000000e8000000, 0x0000000100000000, 0x0000000100000000)
 Metaspace       used 32214K, capacity 32556K, committed 33020K, reserved 1079296K
  class space    used 3668K, capacity 3806K, committed 3840K, reserved 1048576K
}
2015-08-31T14:05:13.473+0200: 2375.438: Total time for which application threads were stopped: 0.0108575 seconds, Stopping threads took: 0.0000144 seconds
2015-08-31T14:05:13.473+0200: 2375.439: [GC (CMS Initial Mark) [1 CMS-initial-mark: 197436K(393216K)] 220955K(502464K), 0.0011721 secs] [Times: user=0.00 sys=0.00, real=0.00 secs] 
2015-08-31T14:05:13.474+0200: 2375.440: Total time for which application threads were stopped: 0.0012566 seconds, Stopping threads took: 0.0000096 seconds
2015-08-31T14:05:13.474+0200: 2375.440: [CMS-concurrent-mark-start]
2015-08-31T14:05:13.483+0200: 2375.448: [CMS-concurrent-mark: 0.009/0.009 secs] [Times: user=0.06 sys=0.00, real=0.01 secs] 
2015-08-31T14:05:13.483+0200: 2375.448: [CMS-concurrent-preclean-start]
2015-08-31T14:05:13.484+0200: 2375.449: [CMS-concurrent-preclean: 0.001/0.001 secs] [Times: user=0.00 sys=0.00, real=0.00 secs] 
2015-08-31T14:05:13.484+0200: 2375.449: [CMS-concurrent-abortable-preclean-start]
2015-08-31T14:05:13.639+0200: 2375.605: [CMS-concurrent-abortable-preclean: 0.155/0.155 secs] [Times: user=0.31 sys=0.00, real=0.15 secs] 
2015-08-31T14:05:13.639+0200: 2375.605: [GC (CMS Final Remark) [YG occupancy: 70042 K (109248 K)]{Heap before GC invocations=127 (full 5):
 par new generation   total 109248K, used 70042K [0x00000000e0000000, 0x00000000e8000000, 0x00000000e8000000)
  eden space 87424K,  55% used [0x00000000e0000000, 0x00000000e2f168e0, 0x00000000e5560000)
  from space 21824K, 100% used [0x00000000e6ab0000, 0x00000000e8000000, 0x00000000e8000000)
  to   space 21824K,   0% used [0x00000000e5560000, 0x00000000e5560000, 0x00000000e6ab0000)
 concurrent mark-sweep generation total 393216K, used 197436K [0x00000000e8000000, 0x0000000100000000, 0x0000000100000000)
 Metaspace       used 32214K, capacity 32556K, committed 33020K, reserved 1079296K
  class space    used 3668K, capacity 3806K, committed 3840K, reserved 1048576K
2015-08-31T14:05:13.639+0200: 2375.605: [GC (CMS Final Remark) 2375.605: [ParNew
Desired survivor size 20112992 bytes, new threshold 8 (max 8)
- age   1:    6136760 bytes,    6136760 total
- age   2:    3060384 bytes,    9197144 total
- age   3:    3178056 bytes,   12375200 total
- age   4:    2088744 bytes,   14463944 total
- age   5:    1459008 bytes,   15922952 total
- age   6:     973488 bytes,   16896440 total
- age   7:    1628552 bytes,   18524992 total
- age   8:    2126304 bytes,   20651296 total
: 70042K->21824K(109248K), 0.0072537 secs] 267478K->223628K(502464K), 0.0073090 secs] [Times: user=0.00 sys=0.00, real=0.01 secs] 
Heap after GC invocations=128 (full 5):
 par new generation   total 109248K, used 21824K [0x00000000e0000000, 0x00000000e8000000, 0x00000000e8000000)
  eden space 87424K,   0% used [0x00000000e0000000, 0x00000000e0000000, 0x00000000e5560000)
  from space 21824K, 100% used [0x00000000e5560000, 0x00000000e6ab0000, 0x00000000e6ab0000)
  to   space 21824K,   0% used [0x00000000e6ab0000, 0x00000000e6ab0000, 0x00000000e8000000)
 concurrent mark-sweep generation total 393216K, used 201804K [0x00000000e8000000, 0x0000000100000000, 0x0000000100000000)
 Metaspace       used 32214K, capacity 32556K, committed 33020K, reserved 1079296K
  class space    used 3668K, capacity 3806K, committed 3840K, reserved 1048576K
}
2375.612: [Rescan (parallel) , 0.0019987 secs]2375.614: [weak refs processing, 0.0046419 secs]2375.619: [class unloading, 0.0069970 secs]2375.626: [scrub symbol table, 0.0030428 secs]2375.629: [scrub string table, 0.0003955 secs][1 CMS-remark: 201804K(393216K)] 223628K(502464K), 0.0250630 secs] [Times: user=0.06 sys=0.00, real=0.03 secs] 
2015-08-31T14:05:13.664+0200: 2375.630: Total time for which application threads were stopped: 0.0251658 seconds, Stopping threads took: 0.0000253 seconds
2015-08-31T14:05:13.664+0200: 2375.630: [CMS-concurrent-sweep-start]
2015-08-31T14:05:13.694+0200: 2375.660: [CMS-concurrent-sweep: 0.030/0.030 secs] [Times: user=0.06 sys=0.00, real=0.03 secs] 
2015-08-31T14:05:13.694+0200: 2375.660: [CMS-concurrent-reset-start]
2015-08-31T14:05:13.694+0200: 2375.660: [CMS-concurrent-reset: 0.000/0.000 secs] [Times: user=0.00 sys=0.00, real=0.00 secs] 
{Heap before GC invocations=128 (full 5):
 par new generation   total 109248K, used 109248K [0x00000000e0000000, 0x00000000e8000000, 0x00000000e8000000)
  eden space 87424K, 100% used [0x00000000e0000000, 0x00000000e5560000, 0x00000000e5560000)
  from space 21824K, 100% used [0x00000000e5560000, 0x00000000e6ab0000, 0x00000000e6ab0000)
  to   space 21824K,   0% used [0x00000000e6ab0000, 0x00000000e6ab0000, 0x00000000e8000000)
 concurrent mark-sweep generation total 393216K, used 37543K [0x00000000e8000000, 0x0000000100000000, 0x0000000100000000)
 Metaspace       used 32215K, capacity 32556K, committed 33020K, reserved 1079296K
  class space    used 3668K, capacity 3806K, committed 3840K, reserved 1048576K
2015-08-31T14:05:13.979+0200: 2375.944: [GC (Allocation Failure) 2375.944: [ParNew
Desired survivor size 20112992 bytes, new threshold 8 (max 8)
- age   1:    3890872 bytes,    3890872 total
- age   2:    3594496 bytes,    7485368 total
- age   3:    3032104 bytes,   10517472 total
- age   4:    3108040 bytes,   13625512 total
- age   5:    2082728 bytes,   15708240 total
- age   6:    1450416 bytes,   17158656 total
- age   7:     964496 bytes,   18123152 total
- age   8:    1619272 bytes,   19742424 total
: 109248K->21824K(109248K), 0.0084549 secs] 146791K->65454K(502464K), 0.0085154 secs] [Times: user=0.00 sys=0.00, real=0.01 secs] 
Heap after GC invocations=129 (full 5):
 par new generation   total 109248K, used 21824K [0x00000000e0000000, 0x00000000e8000000, 0x00000000e8000000)
  eden space 87424K,   0% used [0x00000000e0000000, 0x00000000e0000000, 0x00000000e5560000)
  from space 21824K, 100% used [0x00000000e6ab0000, 0x00000000e8000000, 0x00000000e8000000)
  to   space 21824K,   0% used [0x00000000e5560000, 0x00000000e5560000, 0x00000000e6ab0000)
 concurrent mark-sweep generation total 393216K, used 43630K [0x00000000e8000000, 0x0000000100000000, 0x0000000100000000)
 Metaspace       used 32215K, capacity 32556K, committed 33020K, reserved 1079296K
  class space    used 3668K, capacity 3806K, committed 3840K, reserved 1048576K
}
2015-08-31T14:05:13.987+0200: 2375.953: Total time for which application threads were stopped: 0.0087100 seconds, Stopping threads took: 0.0000230 seconds
{Heap before GC invocations=129 (full 5):
 par new generation   total 109248K, used 109248K [0x00000000e0000000, 0x00000000e8000000, 0x00000000e8000000)
  eden space 87424K, 100% used [0x00000000e0000000, 0x00000000e5560000, 0x00000000e5560000)
  from space 21824K, 100% used [0x00000000e6ab0000, 0x00000000e8000000, 0x00000000e8000000)
  to   space 21824K,   0% used [0x00000000e5560000, 0x00000000e5560000, 0x00000000e6ab0000)
 concurrent mark-sweep generation total 393216K, used 43630K [0x00000000e8000000, 0x0000000100000000, 0x0000000100000000)
 Metaspace       used 32215K, capacity 32556K, committed 33020K, reserved 1079296K
  class space    used 3668K, capacity 3806K, committed 3840K, reserved 1048576K
2015-08-31T14:05:14.284+0200: 2376.250: [GC (Allocation Failure) 2376.250: [ParNew
Desired survivor size 20112992 bytes, new threshold 8 (max 8)
- age   1:    6122160 bytes,    6122160 total
- age   2:    2459384 bytes,    8581544 total
- age   3:     942832 bytes,    9524376 total
- age   4:    1894752 bytes,   11419128 total
- age   5:    3087888 bytes,   14507016 total
- age   6:    2067496 bytes,   16574512 total
- age   7:    1436136 bytes,   18010648 total
- age   8:     948968 bytes,   18959616 total
: 109248K->21824K(109248K), 0.0085375 secs] 152878K->72014K(502464K), 0.0086005 secs] [Times: user=0.06 sys=0.00, real=0.01 secs] 
Heap after GC invocations=130 (full 5):
 par new generation   total 109248K, used 21824K [0x00000000e0000000, 0x00000000e8000000, 0x00000000e8000000)
  eden space 87424K,   0% used [0x00000000e0000000, 0x00000000e0000000, 0x00000000e5560000)
  from space 21824K, 100% used [0x00000000e5560000, 0x00000000e6ab0000, 0x00000000e6ab0000)
  to   space 21824K,   0% used [0x00000000e6ab0000, 0x00000000e6ab0000, 0x00000000e8000000)
 concurrent mark-sweep generation total 393216K, used 50190K [0x00000000e8000000, 0x0000000100000000, 0x0000000100000000)
 Metaspace       used 32215K, capacity 32556K, committed 33020K, reserved 1079296K
  class space    used 3668K, capacity 3806K, committed 3840K, reserved 1048576K
}
2015-08-31T14:05:14.293+0200: 2376.259: Total time for which application threads were stopped: 0.0087509 seconds, Stopping threads took: 0.0000134 seconds
{Heap before GC invocations=130 (full 5):
 par new generation   total 109248K, used 109248K [0x00000000e0000000, 0x00000000e8000000, 0x00000000e8000000)
  eden space 87424K, 100% used [0x00000000e0000000, 0x00000000e5560000, 0x00000000e5560000)
  from space 21824K, 100% used [0x00000000e5560000, 0x00000000e6ab0000, 0x00000000e6ab0000)
  to   space 21824K,   0% used [0x00000000e6ab0000, 0x00000000e6ab0000, 0x00000000e8000000)
 concurrent mark-sweep generation total 393216K, used 50190K [0x00000000e8000000, 0x0000000100000000, 0x0000000100000000)
 Metaspace       used 32215K, capacity 32556K, committed 33020K, reserved 1079296K
  class space    used 3668K, capacity 3806K, committed 3840K, reserved 1048576K
2015-08-31T14:05:14.587+0200: 2376.553: [GC (Allocation Failure) 2376.553: [ParNew
Desired survivor size 20112992 bytes, new threshold 8 (max 8)
- age   1:    6032856 bytes,    6032856 total
- age   2:    1412920 bytes,    7445776 total
- age   3:    2198808 bytes,    9644584 total
- age   4:     939984 bytes,   10584568 total
- age   5:    1875680 bytes,   12460248 total
- age   6:    3085672 bytes,   15545920 total
- age   7:    2066144 bytes,   17612064 total
- age   8:    1435040 bytes,   19047104 total
: 109248K->21824K(109248K), 0.0082309 secs] 159438K->77350K(502464K), 0.0082898 secs] [Times: user=0.00 sys=0.00, real=0.01 secs] 
Heap after GC invocations=131 (full 5):
 par new generation   total 109248K, used 21824K [0x00000000e0000000, 0x00000000e8000000, 0x00000000e8000000)
  eden space 87424K,   0% used [0x00000000e0000000, 0x00000000e0000000, 0x00000000e5560000)
  from space 21824K, 100% used [0x00000000e6ab0000, 0x00000000e8000000, 0x00000000e8000000)
  to   space 21824K,   0% used [0x00000000e5560000, 0x00000000e5560000, 0x00000000e6ab0000)
 concurrent mark-sweep generation total 393216K, used 55526K [0x00000000e8000000, 0x0000000100000000, 0x0000000100000000)
 Metaspace       used 32215K, capacity 32556K, committed 33020K, reserved 1079296K
  class space    used 3668K, capacity 3806K, committed 3840K, reserved 1048576K
}
2015-08-31T14:05:14.595+0200: 2376.561: Total time for which application threads were stopped: 0.0084367 seconds, Stopping threads took: 0.0000128 seconds
{Heap before GC invocations=131 (full 5):
 par new generation   total 109248K, used 109248K [0x00000000e0000000, 0x00000000e8000000, 0x00000000e8000000)
  eden space 87424K, 100% used [0x00000000e0000000, 0x00000000e5560000, 0x00000000e5560000)
  from space 21824K, 100% used [0x00000000e6ab0000, 0x00000000e8000000, 0x00000000e8000000)
  to   space 21824K,   0% used [0x00000000e5560000, 0x00000000e5560000, 0x00000000e6ab0000)
 concurrent mark-sweep generation total 393216K, used 55526K [0x00000000e8000000, 0x0000000100000000, 0x0000000100000000)
 Metaspace       used 32215K, capacity 32556K, committed 33020K, reserved 1079296K
  class space    used 3668K, capacity 3806K, committed 3840K, reserved 1048576K
2015-08-31T14:05:14.917+0200: 2376.883: [GC (Allocation Failure) 2376.883: [ParNew
Desired survivor size 20112992 bytes, new threshold 8 (max 8)
- age   1:    5360496 bytes,    5360496 total
- age   2:    4351272 bytes,    9711768 total
- age   3:    1402904 bytes,   11114672 total
- age   4:    2188240 bytes,   13302912 total
- age   5:     937872 bytes,   14240784 total
- age   6:    1872688 bytes,   16113472 total
- age   7:    2296968 bytes,   18410440 total
- age   8:    2063768 bytes,   20474208 total
: 109248K->21824K(109248K), 0.0085641 secs] 164774K->80067K(502464K), 0.0086281 secs] [Times: user=0.00 sys=0.00, real=0.01 secs] 
Heap after GC invocations=132 (full 5):
 par new generation   total 109248K, used 21824K [0x00000000e0000000, 0x00000000e8000000, 0x00000000e8000000)
  eden space 87424K,   0% used [0x00000000e0000000, 0x00000000e0000000, 0x00000000e5560000)
  from space 21824K, 100% used [0x00000000e5560000, 0x00000000e6ab0000, 0x00000000e6ab0000)
  to   space 21824K,   0% used [0x00000000e6ab0000, 0x00000000e6ab0000, 0x00000000e8000000)
 concurrent mark-sweep generation total 393216K, used 58243K [0x00000000e8000000, 0x0000000100000000, 0x0000000100000000)
 Metaspace       used 32215K, capacity 32556K, committed 33020K, reserved 1079296K
  class space    used 3668K, capacity 3806K, committed 3840K, reserved 1048576K
}
2015-08-31T14:05:14.926+0200: 2376.892: Total time for which application threads were stopped: 0.0087737 seconds, Stopping threads took: 0.0000134 seconds
{Heap before GC invocations=132 (full 5):
 par new generation   total 109248K, used 109248K [0x00000000e0000000, 0x00000000e8000000, 0x00000000e8000000)
  eden space 87424K, 100% used [0x00000000e0000000, 0x00000000e5560000, 0x00000000e5560000)
  from space 21824K, 100% used [0x00000000e5560000, 0x00000000e6ab0000, 0x00000000e6ab0000)
  to   space 21824K,   0% used [0x00000000e6ab0000, 0x00000000e6ab0000, 0x00000000e8000000)
 concurrent mark-sweep generation total 393216K, used 58243K [0x00000000e8000000, 0x0000000100000000, 0x0000000100000000)
 Metaspace       used 32215K, capacity 32556K, committed 33020K, reserved 1079296K
  class space    used 3668K, capacity 3806K, committed 3840K, reserved 1048576K
2015-08-31T14:05:15.220+0200: 2377.186: [GC (Allocation Failure) 2377.186: [ParNew
Desired survivor size 20112992 bytes, new threshold 8 (max 8)
- age   1:    5595504 bytes,    5595504 total
- age   2:    5321976 bytes,   10917480 total
- age   3:    1468592 bytes,   12386072 total
- age   4:    1388744 bytes,   13774816 total
- age   5:    2173296 bytes,   15948112 total
- age   6:     935552 bytes,   16883664 total
- age   7:    1870432 bytes,   18754096 total
- age   8:    2296280 bytes,   21050376 total
: 109248K->21824K(109248K), 0.0088101 secs] 167491K->85708K(502464K), 0.0088696 secs] [Times: user=0.06 sys=0.00, real=0.01 secs] 
Heap after GC invocations=133 (full 5):
 par new generation   total 109248K, used 21824K [0x00000000e0000000, 0x00000000e8000000, 0x00000000e8000000)
  eden space 87424K,   0% used [0x00000000e0000000, 0x00000000e0000000, 0x00000000e5560000)
  from space 21824K, 100% used [0x00000000e6ab0000, 0x00000000e8000000, 0x00000000e8000000)
  to   space 21824K,   0% used [0x00000000e5560000, 0x00000000e5560000, 0x00000000e6ab0000)
 concurrent mark-sweep generation total 393216K, used 63884K [0x00000000e8000000, 0x0000000100000000, 0x0000000100000000)
 Metaspace       used 32215K, capacity 32556K, committed 33020K, reserved 1079296K
  class space    used 3668K, capacity 3806K, committed 3840K, reserved 1048576K
}
2015-08-31T14:05:15.229+0200: 2377.195: Total time for which application threads were stopped: 0.0090239 seconds, Stopping threads took: 0.0000138 seconds
{Heap before GC invocations=133 (full 5):
 par new generation   total 109248K, used 109248K [0x00000000e0000000, 0x00000000e8000000, 0x00000000e8000000)
  eden space 87424K, 100% used [0x00000000e0000000, 0x00000000e5560000, 0x00000000e5560000)
  from space 21824K, 100% used [0x00000000e6ab0000, 0x00000000e8000000, 0x00000000e8000000)
  to   space 21824K,   0% used [0x00000000e5560000, 0x00000000e5560000, 0x00000000e6ab0000)
 concurrent mark-sweep generation total 393216K, used 63884K [0x00000000e8000000, 0x0000000100000000, 0x0000000100000000)
 Metaspace       used 32215K, capacity 32556K, committed 33020K, reserved 1079296K
  class space    used 3668K, capacity 3806K, committed 3840K, reserved 1048576K
2015-08-31T14:05:15.540+0200: 2377.506: [GC (Allocation Failure) 2377.506: [ParNew
Desired survivor size 20112992 bytes, new threshold 8 (max 8)
- age   1:    4822856 bytes,    4822856 total
- age   2:    5473704 bytes,   10296560 total
- age   3:    3045512 bytes,   13342072 total
- age   4:    1466432 bytes,   14808504 total
- age   5:    1387528 bytes,   16196032 total
- age   6:    1910128 bytes,   18106160 total
- age   7:     935200 bytes,   19041360 total
- age   8:    1870256 bytes,   20911616 total
: 109248K->21824K(109248K), 0.0091228 secs] 173132K->89574K(502464K), 0.0091864 secs] [Times: user=0.00 sys=0.00, real=0.01 secs] 
Heap after GC invocations=134 (full 5):
 par new generation   total 109248K, used 21824K [0x00000000e0000000, 0x00000000e8000000, 0x00000000e8000000)
  eden space 87424K,   0% used [0x00000000e0000000, 0x00000000e0000000, 0x00000000e5560000)
  from space 21824K, 100% used [0x00000000e5560000, 0x00000000e6ab0000, 0x00000000e6ab0000)
  to   space 21824K,   0% used [0x00000000e6ab0000, 0x00000000e6ab0000, 0x00000000e8000000)
 concurrent mark-sweep generation total 393216K, used 67750K [0x00000000e8000000, 0x0000000100000000, 0x0000000100000000)
 Metaspace       used 32215K, capacity 32556K, committed 33020K, reserved 1079296K
  class space    used 3668K, capacity 3806K, committed 3840K, reserved 1048576K
}
2015-08-31T14:05:15.550+0200: 2377.515: Total time for which application threads were stopped: 0.0093416 seconds, Stopping threads took: 0.0000138 seconds
{Heap before GC invocations=134 (full 5):
 par new generation   total 109248K, used 109248K [0x00000000e0000000, 0x00000000e8000000, 0x00000000e8000000)
  eden space 87424K, 100% used [0x00000000e0000000, 0x00000000e5560000, 0x00000000e5560000)
  from space 21824K, 100% used [0x00000000e5560000, 0x00000000e6ab0000, 0x00000000e6ab0000)
  to   space 21824K,   0% used [0x00000000e6ab0000, 0x00000000e6ab0000, 0x00000000e8000000)
 concurrent mark-sweep generation total 393216K, used 67750K [0x00000000e8000000, 0x0000000100000000, 0x0000000100000000)
 Metaspace       used 32215K, capacity 32556K, committed 33020K, reserved 1079296K
  class space    used 3668K, capacity 3806K, committed 3840K, reserved 1048576K
2015-08-31T14:05:15.868+0200: 2377.834: [GC (Allocation Failure) 2377.834: [ParNew
Desired survivor size 20112992 bytes, new threshold 8 (max 8)
- age   1:    3292888 bytes,    3292888 total
- age   2:    4803656 bytes,    8096544 total
- age   3:    4089232 bytes,   12185776 total
- age   4:    3040776 bytes,   15226552 total
- age   5:    1463152 bytes,   16689704 total
- age   6:    1385512 bytes,   18075216 total
- age   7:    1907248 bytes,   19982464 total
- age   8:     934896 bytes,   20917360 total
: 109248K->21824K(109248K), 0.0091554 secs] 176998K->92324K(502464K), 0.0092168 secs] [Times: user=0.00 sys=0.00, real=0.01 secs] 
Heap after GC invocations=135 (full 5):
 par new generation   total 109248K, used 21824K [0x00000000e0000000, 0x00000000e8000000, 0x00000000e8000000)
  eden space 87424K,   0% used [0x00000000e0000000, 0x00000000e0000000, 0x00000000e5560000)
  from space 21824K, 100% used [0x00000000e6ab0000, 0x00000000e8000000, 0x00000000e8000000)
  to   space 21824K,   0% used [0x00000000e5560000, 0x00000000e5560000, 0x00000000e6ab0000)
 concurrent mark-sweep generation total 393216K, used 70500K [0x00000000e8000000, 0x0000000100000000, 0x0000000100000000)
 Metaspace       used 32215K, capacity 32556K, committed 33020K, reserved 1079296K
  class space    used 3668K, capacity 3806K, committed 3840K, reserved 1048576K
}
2015-08-31T14:05:15.877+0200: 2377.843: Total time for which application threads were stopped: 0.0093650 seconds, Stopping threads took: 0.0000138 seconds
{Heap before GC invocations=135 (full 5):
 par new generation   total 109248K, used 109248K [0x00000000e0000000, 0x00000000e8000000, 0x00000000e8000000)
  eden space 87424K, 100% used [0x00000000e0000000, 0x00000000e5560000, 0x00000000e5560000)
  from space 21824K, 100% used [0x00000000e6ab0000, 0x00000000e8000000, 0x00000000e8000000)
  to   space 21824K,   0% used [0x00000000e5560000, 0x00000000e5560000, 0x00000000e6ab0000)
 concurrent mark-sweep generation total 393216K, used 70500K [0x00000000e8000000, 0x0000000100000000, 0x0000000100000000)
 Metaspace       used 32215K, capacity 32556K, committed 33020K, reserved 1079296K
  class space    used 3668K, capacity 3806K, committed 3840K, reserved 1048576K
2015-08-31T14:05:16.165+0200: 2378.131: [GC (Allocation Failure) 2378.131: [ParNew
Desired survivor size 20112992 bytes, new threshold 8 (max 8)
- age   1:    4318552 bytes,    4318552 total
- age   2:    3123960 bytes,    7442512 total
- age   3:    2389616 bytes,    9832128 total
- age   4:    2220448 bytes,   12052576 total
- age   5:    2894008 bytes,   14946584 total
- age   6:    1452352 bytes,   16398936 total
- age   7:    1375168 bytes,   17774104 total
- age   8:    1896592 bytes,   19670696 total
: 109248K->21824K(109248K), 0.0094888 secs] 179748K->101700K(502464K), 0.0095525 secs] [Times: user=0.00 sys=0.00, real=0.01 secs] 
Heap after GC invocations=136 (full 5):
 par new generation   total 109248K, used 21824K [0x00000000e0000000, 0x00000000e8000000, 0x00000000e8000000)
  eden space 87424K,   0% used [0x00000000e0000000, 0x00000000e0000000, 0x00000000e5560000)
  from space 21824K, 100% used [0x00000000e5560000, 0x00000000e6ab0000, 0x00000000e6ab0000)
  to   space 21824K,   0% used [0x00000000e6ab0000, 0x00000000e6ab0000, 0x00000000e8000000)
 concurrent mark-sweep generation total 393216K, used 79876K [0x00000000e8000000, 0x0000000100000000, 0x0000000100000000)
 Metaspace       used 32215K, capacity 32556K, committed 33020K, reserved 1079296K
  class space    used 3668K, capacity 3806K, committed 3840K, reserved 1048576K
}
2015-08-31T14:05:16.175+0200: 2378.140: Total time for which application threads were stopped: 0.0097173 seconds, Stopping threads took: 0.0000138 seconds
{Heap before GC invocations=136 (full 5):
 par new generation   total 109248K, used 109248K [0x00000000e0000000, 0x00000000e8000000, 0x00000000e8000000)
  eden space 87424K, 100% used [0x00000000e0000000, 0x00000000e5560000, 0x00000000e5560000)
  from space 21824K, 100% used [0x00000000e5560000, 0x00000000e6ab0000, 0x00000000e6ab0000)
  to   space 21824K,   0% used [0x00000000e6ab0000, 0x00000000e6ab0000, 0x00000000e8000000)
 concurrent mark-sweep generation total 393216K, used 79876K [0x00000000e8000000, 0x0000000100000000, 0x0000000100000000)
 Metaspace       used 32215K, capacity 32556K, committed 33020K, reserved 1079296K
  class space    used 3668K, capacity 3806K, committed 3840K, reserved 1048576K
2015-08-31T14:05:16.496+0200: 2378.462: [GC (Allocation Failure) 2378.462: [ParNew
Desired survivor size 20112992 bytes, new threshold 8 (max 8)
- age   1:    2279576 bytes,    2279576 total
- age   2:    3332584 bytes,    5612160 total
- age   3:    1362672 bytes,    6974832 total
- age   4:    1963424 bytes,    8938256 total
- age   5:    2220448 bytes,   11158704 total
- age   6:    2894008 bytes,   14052712 total
- age   7:    1427352 bytes,   15480064 total
- age   8:    1375168 bytes,   16855232 total
: 109248K->21824K(109248K), 0.0096940 secs] 189124K->107225K(502464K), 0.0097535 secs] [Times: user=0.00 sys=0.00, real=0.01 secs] 
Heap after GC invocations=137 (full 5):
 par new generation   total 109248K, used 21824K [0x00000000e0000000, 0x00000000e8000000, 0x00000000e8000000)
  eden space 87424K,   0% used [0x00000000e0000000, 0x00000000e0000000, 0x00000000e5560000)
  from space 21824K, 100% used [0x00000000e6ab0000, 0x00000000e8000000, 0x00000000e8000000)
  to   space 21824K,   0% used [0x00000000e5560000, 0x00000000e5560000, 0x00000000e6ab0000)
 concurrent mark-sweep generation total 393216K, used 85401K [0x00000000e8000000, 0x0000000100000000, 0x0000000100000000)
 Metaspace       used 32215K, capacity 32556K, committed 33020K, reserved 1079296K
  class space    used 3668K, capacity 3806K, committed 3840K, reserved 1048576K
}
2015-08-31T14:05:16.506+0200: 2378.472: Total time for which application threads were stopped: 0.0099013 seconds, Stopping threads took: 0.0000134 seconds
{Heap before GC invocations=137 (full 5):
 par new generation   total 109248K, used 109248K [0x00000000e0000000, 0x00000000e8000000, 0x00000000e8000000)
  eden space 87424K, 100% used [0x00000000e0000000, 0x00000000e5560000, 0x00000000e5560000)
  from space 21824K, 100% used [0x00000000e6ab0000, 0x00000000e8000000, 0x00000000e8000000)
  to   space 21824K,   0% used [0x00000000e5560000, 0x00000000e5560000, 0x00000000e6ab0000)
 concurrent mark-sweep generation total 393216K, used 85401K [0x00000000e8000000, 0x0000000100000000, 0x0000000100000000)
 Metaspace       used 32215K, capacity 32556K, committed 33020K, reserved 1079296K
  class space    used 3668K, capacity 3806K, committed 3840K, reserved 1048576K
2015-08-31T14:05:16.791+0200: 2378.757: [GC (Allocation Failure) 2378.757: [ParNew
Desired survivor size 20112992 bytes, new threshold 8 (max 8)
- age   1:    6291480 bytes,    6291480 total
- age   2:    2237128 bytes,    8528608 total
- age   3:    1230792 bytes,    9759400 total
- age   4:    1324240 bytes,   11083640 total
- age   5:    1926800 bytes,   13010440 total
- age   6:    2186368 bytes,   15196808 total
- age   7:    2857640 bytes,   18054448 total
- age   8:    1398504 bytes,   19452952 total
: 109248K->21824K(109248K), 0.0111563 secs] 194649K->115667K(502464K), 0.0112213 secs] [Times: user=0.06 sys=0.00, real=0.01 secs] 
Heap after GC invocations=138 (full 5):
 par new generation   total 109248K, used 21824K [0x00000000e0000000, 0x00000000e8000000, 0x00000000e8000000)
  eden space 87424K,   0% used [0x00000000e0000000, 0x00000000e0000000, 0x00000000e5560000)
  from space 21824K, 100% used [0x00000000e5560000, 0x00000000e6ab0000, 0x00000000e6ab0000)
  to   space 21824K,   0% used [0x00000000e6ab0000, 0x00000000e6ab0000, 0x00000000e8000000)
 concurrent mark-sweep generation total 393216K, used 93843K [0x00000000e8000000, 0x0000000100000000, 0x0000000100000000)
 Metaspace       used 32215K, capacity 32556K, committed 33020K, reserved 1079296K
  class space    used 3668K, capacity 3806K, committed 3840K, reserved 1048576K
}
2015-08-31T14:05:16.802+0200: 2378.768: Total time for which application threads were stopped: 0.0113775 seconds, Stopping threads took: 0.0000147 seconds
{Heap before GC invocations=138 (full 5):
 par new generation   total 109248K, used 109248K [0x00000000e0000000, 0x00000000e8000000, 0x00000000e8000000)
  eden space 87424K, 100% used [0x00000000e0000000, 0x00000000e5560000, 0x00000000e5560000)
  from space 21824K, 100% used [0x00000000e5560000, 0x00000000e6ab0000, 0x00000000e6ab0000)
  to   space 21824K,   0% used [0x00000000e6ab0000, 0x00000000e6ab0000, 0x00000000e8000000)
 concurrent mark-sweep generation total 393216K, used 93843K [0x00000000e8000000, 0x0000000100000000, 0x0000000100000000)
 Metaspace       used 32215K, capacity 32556K, committed 33020K, reserved 1079296K
  class space    used 3668K, capacity 3806K, committed 3840K, reserved 1048576K
2015-08-31T14:05:17.122+0200: 2379.088: [GC (Allocation Failure) 2379.088: [ParNew
Desired survivor size 20112992 bytes, new threshold 8 (max 8)
- age   1:    4171136 bytes,    4171136 total
- age   2:    4961216 bytes,    9132352 total
- age   3:    2010352 bytes,   11142704 total
- age   4:    1110064 bytes,   12252768 total
- age   5:    1174528 bytes,   13427296 total
- age   6:    1778048 bytes,   15205344 total
- age   7:    2062208 bytes,   17267552 total
- age   8:    2728256 bytes,   19995808 total
: 109248K->21824K(109248K), 0.0108767 secs] 203091K->119519K(502464K), 0.0109410 secs] [Times: user=0.06 sys=0.00, real=0.01 secs] 
Heap after GC invocations=139 (full 5):
 par new generation   total 109248K, used 21824K [0x00000000e0000000, 0x00000000e8000000, 0x00000000e8000000)
  eden space 87424K,   0% used [0x00000000e0000000, 0x00000000e0000000, 0x00000000e5560000)
  from space 21824K, 100% used [0x00000000e6ab0000, 0x00000000e8000000, 0x00000000e8000000)
  to   space 21824K,   0% used [0x00000000e5560000, 0x00000000e5560000, 0x00000000e6ab0000)
 concurrent mark-sweep generation total 393216K, used 97695K [0x00000000e8000000, 0x0000000100000000, 0x0000000100000000)
 Metaspace       used 32215K, capacity 32556K, committed 33020K, reserved 1079296K
  class space    used 3668K, capacity 3806K, committed 3840K, reserved 1048576K
}
2015-08-31T14:05:17.133+0200: 2379.099: Total time for which application threads were stopped: 0.0110917 seconds, Stopping threads took: 0.0000141 seconds
{Heap before GC invocations=139 (full 5):
 par new generation   total 109248K, used 109248K [0x00000000e0000000, 0x00000000e8000000, 0x00000000e8000000)
  eden space 87424K, 100% used [0x00000000e0000000, 0x00000000e5560000, 0x00000000e5560000)
  from space 21824K, 100% used [0x00000000e6ab0000, 0x00000000e8000000, 0x00000000e8000000)
  to   space 21824K,   0% used [0x00000000e5560000, 0x00000000e5560000, 0x00000000e6ab0000)
 concurrent mark-sweep generation total 393216K, used 97695K [0x00000000e8000000, 0x0000000100000000, 0x0000000100000000)
 Metaspace       used 32215K, capacity 32556K, committed 33020K, reserved 1079296K
  class space    used 3668K, capacity 3806K, committed 3840K, reserved 1048576K
2015-08-31T14:05:17.459+0200: 2379.425: [GC (Allocation Failure) 2379.425: [ParNew
Desired survivor size 20112992 bytes, new threshold 8 (max 8)
- age   1:    5633872 bytes,    5633872 total
- age   2:    3884992 bytes,    9518864 total
- age   3:    3267936 bytes,   12786800 total
- age   4:    1344560 bytes,   14131360 total
- age   5:    1100520 bytes,   15231880 total
- age   6:    1163648 bytes,   16395528 total
- age   7:    1766824 bytes,   18162352 total
- age   8:    2055080 bytes,   20217432 total
: 109248K->21824K(109248K), 0.0099202 secs] 206943K->127815K(502464K), 0.0099826 secs] [Times: user=0.00 sys=0.00, real=0.01 secs] 
Heap after GC invocations=140 (full 5):
 par new generation   total 109248K, used 21824K [0x00000000e0000000, 0x00000000e8000000, 0x00000000e8000000)
  eden space 87424K,   0% used [0x00000000e0000000, 0x00000000e0000000, 0x00000000e5560000)
  from space 21824K, 100% used [0x00000000e5560000, 0x00000000e6ab0000, 0x00000000e6ab0000)
  to   space 21824K,   0% used [0x00000000e6ab0000, 0x00000000e6ab0000, 0x00000000e8000000)
 concurrent mark-sweep generation total 393216K, used 105991K [0x00000000e8000000, 0x0000000100000000, 0x0000000100000000)
 Metaspace       used 32215K, capacity 32556K, committed 33020K, reserved 1079296K
  class space    used 3668K, capacity 3806K, committed 3840K, reserved 1048576K
}
2015-08-31T14:05:17.469+0200: 2379.435: Total time for which application threads were stopped: 0.0101292 seconds, Stopping threads took: 0.0000134 seconds
{Heap before GC invocations=140 (full 5):
 par new generation   total 109248K, used 109248K [0x00000000e0000000, 0x00000000e8000000, 0x00000000e8000000)
  eden space 87424K, 100% used [0x00000000e0000000, 0x00000000e5560000, 0x00000000e5560000)
  from space 21824K, 100% used [0x00000000e5560000, 0x00000000e6ab0000, 0x00000000e6ab0000)
  to   space 21824K,   0% used [0x00000000e6ab0000, 0x00000000e6ab0000, 0x00000000e8000000)
 concurrent mark-sweep generation total 393216K, used 105991K [0x00000000e8000000, 0x0000000100000000, 0x0000000100000000)
 Metaspace       used 32215K, capacity 32556K, committed 33020K, reserved 1079296K
  class space    used 3668K, capacity 3806K, committed 3840K, reserved 1048576K
2015-08-31T14:05:17.764+0200: 2379.730: [GC (Allocation Failure) 2379.730: [ParNew
Desired survivor size 20112992 bytes, new threshold 8 (max 8)
- age   1:    4011456 bytes,    4011456 total
- age   2:    5505408 bytes,    9516864 total
- age   3:    3770360 bytes,   13287224 total
- age   4:    2044576 bytes,   15331800 total
- age   5:    1324736 bytes,   16656536 total
- age   6:    1080744 bytes,   17737280 total
- age   7:    1141000 bytes,   18878280 total
- age   8:    1741288 bytes,   20619568 total
: 109248K->21824K(109248K), 0.0103132 secs] 215239K->137678K(502464K), 0.0103746 secs] [Times: user=0.06 sys=0.00, real=0.01 secs] 
Heap after GC invocations=141 (full 5):
 par new generation   total 109248K, used 21824K [0x00000000e0000000, 0x00000000e8000000, 0x00000000e8000000)
  eden space 87424K,   0% used [0x00000000e0000000, 0x00000000e0000000, 0x00000000e5560000)
  from space 21824K, 100% used [0x00000000e6ab0000, 0x00000000e8000000, 0x00000000e8000000)
  to   space 21824K,   0% used [0x00000000e5560000, 0x00000000e5560000, 0x00000000e6ab0000)
 concurrent mark-sweep generation total 393216K, used 115854K [0x00000000e8000000, 0x0000000100000000, 0x0000000100000000)
 Metaspace       used 32215K, capacity 32556K, committed 33020K, reserved 1079296K
  class space    used 3668K, capacity 3806K, committed 3840K, reserved 1048576K
}
2015-08-31T14:05:17.774+0200: 2379.740: Total time for which application threads were stopped: 0.0105208 seconds, Stopping threads took: 0.0000138 seconds
{Heap before GC invocations=141 (full 5):
 par new generation   total 109248K, used 109248K [0x00000000e0000000, 0x00000000e8000000, 0x00000000e8000000)
  eden space 87424K, 100% used [0x00000000e0000000, 0x00000000e5560000, 0x00000000e5560000)
  from space 21824K, 100% used [0x00000000e6ab0000, 0x00000000e8000000, 0x00000000e8000000)
  to   space 21824K,   0% used [0x00000000e5560000, 0x00000000e5560000, 0x00000000e6ab0000)
 concurrent mark-sweep generation total 393216K, used 115854K [0x00000000e8000000, 0x0000000100000000, 0x0000000100000000)
 Metaspace       used 32215K, capacity 32556K, committed 33020K, reserved 1079296K
  class space    used 3668K, capacity 3806K, committed 3840K, reserved 1048576K
2015-08-31T14:05:18.095+0200: 2380.061: [GC (Allocation Failure) 2380.061: [ParNew
Desired survivor size 20112992 bytes, new threshold 8 (max 8)
- age   1:    2000096 bytes,    2000096 total
- age   2:    2738672 bytes,    4738768 total
- age   3:    4551936 bytes,    9290704 total
- age   4:    3618312 bytes,   12909016 total
- age   5:    2036104 bytes,   14945120 total
- age   6:    1317768 bytes,   16262888 total
- age   7:    1073392 bytes,   17336280 total
- age   8:    1134816 bytes,   18471096 total
: 109248K->21824K(109248K), 0.0101442 secs] 225102K->142562K(502464K), 0.0102056 secs] [Times: user=0.03 sys=0.03, real=0.01 secs] 
Heap after GC invocations=142 (full 5):
 par new generation   total 109248K, used 21824K [0x00000000e0000000, 0x00000000e8000000, 0x00000000e8000000)
  eden space 87424K,   0% used [0x00000000e0000000, 0x00000000e0000000, 0x00000000e5560000)
  from space 21824K, 100% used [0x00000000e5560000, 0x00000000e6ab0000, 0x00000000e6ab0000)
  to   space 21824K,   0% used [0x00000000e6ab0000, 0x00000000e6ab0000, 0x00000000e8000000)
 concurrent mark-sweep generation total 393216K, used 120738K [0x00000000e8000000, 0x0000000100000000, 0x0000000100000000)
 Metaspace       used 32215K, capacity 32556K, committed 33020K, reserved 1079296K
  class space    used 3668K, capacity 3806K, committed 3840K, reserved 1048576K
}
2015-08-31T14:05:18.105+0200: 2380.071: Total time for which application threads were stopped: 0.0103564 seconds, Stopping threads took: 0.0000138 seconds
{Heap before GC invocations=142 (full 5):
 par new generation   total 109248K, used 109248K [0x00000000e0000000, 0x00000000e8000000, 0x00000000e8000000)
  eden space 87424K, 100% used [0x00000000e0000000, 0x00000000e5560000, 0x00000000e5560000)
  from space 21824K, 100% used [0x00000000e5560000, 0x00000000e6ab0000, 0x00000000e6ab0000)
  to   space 21824K,   0% used [0x00000000e6ab0000, 0x00000000e6ab0000, 0x00000000e8000000)
 concurrent mark-sweep generation total 393216K, used 120738K [0x00000000e8000000, 0x0000000100000000, 0x0000000100000000)
 Metaspace       used 32215K, capacity 32556K, committed 33020K, reserved 1079296K
  class space    used 3668K, capacity 3806K, committed 3840K, reserved 1048576K
2015-08-31T14:05:18.414+0200: 2380.380: [GC (Allocation Failure) 2380.380: [ParNew
Desired survivor size 20112992 bytes, new threshold 8 (max 8)
- age   1:    4142024 bytes,    4142024 total
- age   2:    1532688 bytes,    5674712 total
- age   3:    2424056 bytes,    8098768 total
- age   4:    1947496 bytes,   10046264 total
- age   5:    3604912 bytes,   13651176 total
- age   6:    2024904 bytes,   15676080 total
- age   7:    1309368 bytes,   16985448 total
- age   8:    1065968 bytes,   18051416 total
: 109248K->21824K(109248K), 0.0099391 secs] 229986K->146853K(502464K), 0.0100280 secs] [Times: user=0.00 sys=0.00, real=0.01 secs] 
Heap after GC invocations=143 (full 5):
 par new generation   total 109248K, used 21824K [0x00000000e0000000, 0x00000000e8000000, 0x00000000e8000000)
  eden space 87424K,   0% used [0x00000000e0000000, 0x00000000e0000000, 0x00000000e5560000)
  from space 21824K, 100% used [0x00000000e6ab0000, 0x00000000e8000000, 0x00000000e8000000)
  to   space 21824K,   0% used [0x00000000e5560000, 0x00000000e5560000, 0x00000000e6ab0000)
 concurrent mark-sweep generation total 393216K, used 125029K [0x00000000e8000000, 0x0000000100000000, 0x0000000100000000)
 Metaspace       used 32215K, capacity 32556K, committed 33020K, reserved 1079296K
  class space    used 3668K, capacity 3806K, committed 3840K, reserved 1048576K
}
2015-08-31T14:05:18.424+0200: 2380.390: Total time for which application threads were stopped: 0.0101778 seconds, Stopping threads took: 0.0000141 seconds
{Heap before GC invocations=143 (full 5):
 par new generation   total 109248K, used 109248K [0x00000000e0000000, 0x00000000e8000000, 0x00000000e8000000)
  eden space 87424K, 100% used [0x00000000e0000000, 0x00000000e5560000, 0x00000000e5560000)
  from space 21824K, 100% used [0x00000000e6ab0000, 0x00000000e8000000, 0x00000000e8000000)
  to   space 21824K,   0% used [0x00000000e5560000, 0x00000000e5560000, 0x00000000e6ab0000)
 concurrent mark-sweep generation total 393216K, used 125029K [0x00000000e8000000, 0x0000000100000000, 0x0000000100000000)
 Metaspace       used 32215K, capacity 32556K, committed 33020K, reserved 1079296K
  class space    used 3668K, capacity 3806K, committed 3840K, reserved 1048576K
2015-08-31T14:05:18.745+0200: 2380.711: [GC (Allocation Failure) 2380.711: [ParNew
Desired survivor size 20112992 bytes, new threshold 8 (max 8)
- age   1:    2306480 bytes,    2306480 total
- age   2:    3303424 bytes,    5609904 total
- age   3:    1524832 bytes,    7134736 total
- age   4:    2050744 bytes,    9185480 total
- age   5:    1208304 bytes,   10393784 total
- age   6:    3600744 bytes,   13994528 total
- age   7:    2020824 bytes,   16015352 total
- age   8:    1306712 bytes,   17322064 total
: 109248K->21824K(109248K), 0.0099692 secs] 234277K->150336K(502464K), 0.0100306 secs] [Times: user=0.06 sys=0.00, real=0.01 secs] 
Heap after GC invocations=144 (full 5):
 par new generation   total 109248K, used 21824K [0x00000000e0000000, 0x00000000e8000000, 0x00000000e8000000)
  eden space 87424K,   0% used [0x00000000e0000000, 0x00000000e0000000, 0x00000000e5560000)
  from space 21824K, 100% used [0x00000000e5560000, 0x00000000e6ab0000, 0x00000000e6ab0000)
  to   space 21824K,   0% used [0x00000000e6ab0000, 0x00000000e6ab0000, 0x00000000e8000000)
 concurrent mark-sweep generation total 393216K, used 128512K [0x00000000e8000000, 0x0000000100000000, 0x0000000100000000)
 Metaspace       used 32215K, capacity 32556K, committed 33020K, reserved 1079296K
  class space    used 3668K, capacity 3806K, committed 3840K, reserved 1048576K
}
2015-08-31T14:05:18.755+0200: 2380.721: Total time for which application threads were stopped: 0.0101746 seconds, Stopping threads took: 0.0000138 seconds
{Heap before GC invocations=144 (full 5):
 par new generation   total 109248K, used 109248K [0x00000000e0000000, 0x00000000e8000000, 0x00000000e8000000)
  eden space 87424K, 100% used [0x00000000e0000000, 0x00000000e5560000, 0x00000000e5560000)
  from space 21824K, 100% used [0x00000000e5560000, 0x00000000e6ab0000, 0x00000000e6ab0000)
  to   space 21824K,   0% used [0x00000000e6ab0000, 0x00000000e6ab0000, 0x00000000e8000000)
 concurrent mark-sweep generation total 393216K, used 128512K [0x00000000e8000000, 0x0000000100000000, 0x0000000100000000)
 Metaspace       used 32215K, capacity 32556K, committed 33020K, reserved 1079296K
  class space    used 3668K, capacity 3806K, committed 3840K, reserved 1048576K
2015-08-31T14:05:19.045+0200: 2381.011: [GC (Allocation Failure) 2381.012: [ParNew
Desired survivor size 20112992 bytes, new threshold 8 (max 8)
- age   1:    7880632 bytes,    7880632 total
- age   2:    2278912 bytes,   10159544 total
- age   3:    1439488 bytes,   11599032 total
- age   4:    1353448 bytes,   12952480 total
- age   5:    2044936 bytes,   14997416 total
- age   6:    1203024 bytes,   16200440 total
- age   7:    3069576 bytes,   19270016 total
- age   8:    2017848 bytes,   21287864 total
: 109248K->21824K(109248K), 0.0108546 secs] 237760K->163701K(502464K), 0.0109477 secs] [Times: user=0.06 sys=0.00, real=0.01 secs] 
Heap after GC invocations=145 (full 5):
 par new generation   total 109248K, used 21824K [0x00000000e0000000, 0x00000000e8000000, 0x00000000e8000000)
  eden space 87424K,   0% used [0x00000000e0000000, 0x00000000e0000000, 0x00000000e5560000)
  from space 21824K, 100% used [0x00000000e6ab0000, 0x00000000e8000000, 0x00000000e8000000)
  to   space 21824K,   0% used [0x00000000e5560000, 0x00000000e5560000, 0x00000000e6ab0000)
 concurrent mark-sweep generation total 393216K, used 141877K [0x00000000e8000000, 0x0000000100000000, 0x0000000100000000)
 Metaspace       used 32215K, capacity 32556K, committed 33020K, reserved 1079296K
  class space    used 3668K, capacity 3806K, committed 3840K, reserved 1048576K
}
2015-08-31T14:05:19.056+0200: 2381.022: Total time for which application threads were stopped: 0.0111035 seconds, Stopping threads took: 0.0000138 seconds
{Heap before GC invocations=145 (full 5):
 par new generation   total 109248K, used 109248K [0x00000000e0000000, 0x00000000e8000000, 0x00000000e8000000)
  eden space 87424K, 100% used [0x00000000e0000000, 0x00000000e5560000, 0x00000000e5560000)
  from space 21824K, 100% used [0x00000000e6ab0000, 0x00000000e8000000, 0x00000000e8000000)
  to   space 21824K,   0% used [0x00000000e5560000, 0x00000000e5560000, 0x00000000e6ab0000)
 concurrent mark-sweep generation total 393216K, used 141877K [0x00000000e8000000, 0x0000000100000000, 0x0000000100000000)
 Metaspace       used 32215K, capacity 32556K, committed 33020K, reserved 1079296K
  class space    used 3668K, capacity 3806K, committed 3840K, reserved 1048576K
2015-08-31T14:05:19.377+0200: 2381.343: [GC (Allocation Failure) 2381.343: [ParNew
Desired survivor size 20112992 bytes, new threshold 8 (max 8)
- age   1:    2510648 bytes,    2510648 total
- age   2:    7132416 bytes,    9643064 total
- age   3:    2235872 bytes,   11878936 total
- age   4:    1432096 bytes,   13311032 total
- age   5:    1347336 bytes,   14658368 total
- age   6:    2040280 bytes,   16698648 total
- age   7:    1198688 bytes,   17897336 total
- age   8:    3065568 bytes,   20962904 total
: 109248K->21824K(109248K), 0.0102200 secs] 251125K->166749K(502464K), 0.0102831 secs] [Times: user=0.00 sys=0.00, real=0.01 secs] 
Heap after GC invocations=146 (full 5):
 par new generation   total 109248K, used 21824K [0x00000000e0000000, 0x00000000e8000000, 0x00000000e8000000)
  eden space 87424K,   0% used [0x00000000e0000000, 0x00000000e0000000, 0x00000000e5560000)
  from space 21824K, 100% used [0x00000000e5560000, 0x00000000e6ab0000, 0x00000000e6ab0000)
  to   space 21824K,   0% used [0x00000000e6ab0000, 0x00000000e6ab0000, 0x00000000e8000000)
 concurrent mark-sweep generation total 393216K, used 144925K [0x00000000e8000000, 0x0000000100000000, 0x0000000100000000)
 Metaspace       used 32215K, capacity 32556K, committed 33020K, reserved 1079296K
  class space    used 3668K, capacity 3806K, committed 3840K, reserved 1048576K
}
2015-08-31T14:05:19.387+0200: 2381.353: Total time for which application threads were stopped: 0.0104655 seconds, Stopping threads took: 0.0000147 seconds
{Heap before GC invocations=146 (full 5):
 par new generation   total 109248K, used 109248K [0x00000000e0000000, 0x00000000e8000000, 0x00000000e8000000)
  eden space 87424K, 100% used [0x00000000e0000000, 0x00000000e5560000, 0x00000000e5560000)
  from space 21824K, 100% used [0x00000000e5560000, 0x00000000e6ab0000, 0x00000000e6ab0000)
  to   space 21824K,   0% used [0x00000000e6ab0000, 0x00000000e6ab0000, 0x00000000e8000000)
 concurrent mark-sweep generation total 393216K, used 144925K [0x00000000e8000000, 0x0000000100000000, 0x0000000100000000)
 Metaspace       used 32215K, capacity 32556K, committed 33020K, reserved 1079296K
  class space    used 3668K, capacity 3806K, committed 3840K, reserved 1048576K
2015-08-31T14:05:19.710+0200: 2381.676: [GC (Allocation Failure) 2381.676: [ParNew
Desired survivor size 20112992 bytes, new threshold 8 (max 8)
- age   1:    1713288 bytes,    1713288 total
- age   2:    2481616 bytes,    4194904 total
- age   3:    6929664 bytes,   11124568 total
- age   4:    2188352 bytes,   13312920 total
- age   5:    1283888 bytes,   14596808 total
- age   6:    1324136 bytes,   15920944 total
- age   7:    2020104 bytes,   17941048 total
- age   8:    1176232 bytes,   19117280 total
: 109248K->21824K(109248K), 0.0101295 secs] 254173K->171216K(502464K), 0.0101909 secs] [Times: user=0.06 sys=0.00, real=0.01 secs] 
Heap after GC invocations=147 (full 5):
 par new generation   total 109248K, used 21824K [0x00000000e0000000, 0x00000000e8000000, 0x00000000e8000000)
  eden space 87424K,   0% used [0x00000000e0000000, 0x00000000e0000000, 0x00000000e5560000)
  from space 21824K, 100% used [0x00000000e6ab0000, 0x00000000e8000000, 0x00000000e8000000)
  to   space 21824K,   0% used [0x00000000e5560000, 0x00000000e5560000, 0x00000000e6ab0000)
 concurrent mark-sweep generation total 393216K, used 149392K [0x00000000e8000000, 0x0000000100000000, 0x0000000100000000)
 Metaspace       used 32215K, capacity 32556K, committed 33020K, reserved 1079296K
  class space    used 3668K, capacity 3806K, committed 3840K, reserved 1048576K
}
2015-08-31T14:05:19.720+0200: 2381.686: Total time for which application threads were stopped: 0.0103404 seconds, Stopping threads took: 0.0000141 seconds
{Heap before GC invocations=147 (full 5):
 par new generation   total 109248K, used 109023K [0x00000000e0000000, 0x00000000e8000000, 0x00000000e8000000)
  eden space 87424K,  99% used [0x00000000e0000000, 0x00000000e5527f88, 0x00000000e5560000)
  from space 21824K, 100% used [0x00000000e6ab0000, 0x00000000e8000000, 0x00000000e8000000)
  to   space 21824K,   0% used [0x00000000e5560000, 0x00000000e5560000, 0x00000000e6ab0000)
 concurrent mark-sweep generation total 393216K, used 149392K [0x00000000e8000000, 0x0000000100000000, 0x0000000100000000)
 Metaspace       used 32215K, capacity 32556K, committed 33020K, reserved 1079296K
  class space    used 3668K, capacity 3806K, committed 3840K, reserved 1048576K
2015-08-31T14:05:20.026+0200: 2381.993: [GC (Allocation Failure) 2381.993: [ParNew
Desired survivor size 20112992 bytes, new threshold 8 (max 8)
- age   1:    4971840 bytes,    4971840 total
- age   2:    1441672 bytes,    6413512 total
- age   3:    2264424 bytes,    8677936 total
- age   4:    7088392 bytes,   15766328 total
- age   5:    1221280 bytes,   16987608 total
- age   6:    1162600 bytes,   18150208 total
- age   7:    1278424 bytes,   19428632 total
- age   8:    1979976 bytes,   21408608 total
: 109023K->21824K(109248K), 0.0119250 secs] 258416K->175073K(502464K), 0.0120453 secs] [Times: user=0.06 sys=0.00, real=0.01 secs] 
Heap after GC invocations=148 (full 5):
 par new generation   total 109248K, used 21824K [0x00000000e0000000, 0x00000000e8000000, 0x00000000e8000000)
  eden space 87424K,   0% used [0x00000000e0000000, 0x00000000e0000000, 0x00000000e5560000)
  from space 21824K, 100% used [0x00000000e5560000, 0x00000000e6ab0000, 0x00000000e6ab0000)
  to   space 21824K,   0% used [0x00000000e6ab0000, 0x00000000e6ab0000, 0x00000000e8000000)
 concurrent mark-sweep generation total 393216K, used 153249K [0x00000000e8000000, 0x0000000100000000, 0x0000000100000000)
 Metaspace       used 32215K, capacity 32556K, committed 33020K, reserved 1079296K
  class space    used 3668K, capacity 3806K, committed 3840K, reserved 1048576K
}
2015-08-31T14:05:20.039+0200: 2382.005: Total time for which application threads were stopped: 0.0122027 seconds, Stopping threads took: 0.0000138 seconds
{Heap before GC invocations=148 (full 5):
 par new generation   total 109248K, used 109248K [0x00000000e0000000, 0x00000000e8000000, 0x00000000e8000000)
  eden space 87424K, 100% used [0x00000000e0000000, 0x00000000e5560000, 0x00000000e5560000)
  from space 21824K, 100% used [0x00000000e5560000, 0x00000000e6ab0000, 0x00000000e6ab0000)
  to   space 21824K,   0% used [0x00000000e6ab0000, 0x00000000e6ab0000, 0x00000000e8000000)
 concurrent mark-sweep generation total 393216K, used 153249K [0x00000000e8000000, 0x0000000100000000, 0x0000000100000000)
 Metaspace       used 32215K, capacity 32556K, committed 33020K, reserved 1079296K
  class space    used 3668K, capacity 3806K, committed 3840K, reserved 1048576K
2015-08-31T14:05:20.319+0200: 2382.285: [GC (Allocation Failure) 2382.285: [ParNew
Desired survivor size 20112992 bytes, new threshold 8 (max 8)
- age   1:    2578984 bytes,    2578984 total
- age   2:    3391136 bytes,    5970120 total
- age   3:    1401200 bytes,    7371320 total
- age   4:    2214680 bytes,    9586000 total
- age   5:    5268112 bytes,   14854112 total
- age   6:    1171944 bytes,   16026056 total
- age   7:    1124224 bytes,   17150280 total
- age   8:    1236824 bytes,   18387104 total
: 109248K->21824K(109248K), 0.0117051 secs] 262497K->191077K(502464K), 0.0117647 secs] [Times: user=0.06 sys=0.00, real=0.01 secs] 
Heap after GC invocations=149 (full 5):
 par new generation   total 109248K, used 21824K [0x00000000e0000000, 0x00000000e8000000, 0x00000000e8000000)
  eden space 87424K,   0% used [0x00000000e0000000, 0x00000000e0000000, 0x00000000e5560000)
  from space 21824K, 100% used [0x00000000e6ab0000, 0x00000000e8000000, 0x00000000e8000000)
  to   space 21824K,   0% used [0x00000000e5560000, 0x00000000e5560000, 0x00000000e6ab0000)
 concurrent mark-sweep generation total 393216K, used 169253K [0x00000000e8000000, 0x0000000100000000, 0x0000000100000000)
 Metaspace       used 32215K, capacity 32556K, committed 33020K, reserved 1079296K
  class space    used 3668K, capacity 3806K, committed 3840K, reserved 1048576K
}
2015-08-31T14:05:20.331+0200: 2382.297: Total time for which application threads were stopped: 0.0119131 seconds, Stopping threads took: 0.0000134 seconds
{Heap before GC invocations=149 (full 5):
 par new generation   total 109248K, used 109248K [0x00000000e0000000, 0x00000000e8000000, 0x00000000e8000000)
  eden space 87424K, 100% used [0x00000000e0000000, 0x00000000e5560000, 0x00000000e5560000)
  from space 21824K, 100% used [0x00000000e6ab0000, 0x00000000e8000000, 0x00000000e8000000)
  to   space 21824K,   0% used [0x00000000e5560000, 0x00000000e5560000, 0x00000000e6ab0000)
 concurrent mark-sweep generation total 393216K, used 169253K [0x00000000e8000000, 0x0000000100000000, 0x0000000100000000)
 Metaspace       used 32215K, capacity 32556K, committed 33020K, reserved 1079296K
  class space    used 3668K, capacity 3806K, committed 3840K, reserved 1048576K
2015-08-31T14:05:20.656+0200: 2382.622: [GC (Allocation Failure) 2382.622: [ParNew
Desired survivor size 20112992 bytes, new threshold 8 (max 8)
- age   1:    1692032 bytes,    1692032 total
- age   2:    1586648 bytes,    3278680 total
- age   3:    2800448 bytes,    6079128 total
- age   4:    1232736 bytes,    7311864 total
- age   5:    1984488 bytes,    9296352 total
- age   6:    5267376 bytes,   14563728 total
- age   7:    1171432 bytes,   15735160 total
- age   8:    1123008 bytes,   16858168 total
: 109248K->21824K(109248K), 0.0100744 secs] 278501K->195376K(502464K), 0.0101346 secs] [Times: user=0.00 sys=0.00, real=0.01 secs] 
Heap after GC invocations=150 (full 5):
 par new generation   total 109248K, used 21824K [0x00000000e0000000, 0x00000000e8000000, 0x00000000e8000000)
  eden space 87424K,   0% used [0x00000000e0000000, 0x00000000e0000000, 0x00000000e5560000)
  from space 21824K, 100% used [0x00000000e5560000, 0x00000000e6ab0000, 0x00000000e6ab0000)
  to   space 21824K,   0% used [0x00000000e6ab0000, 0x00000000e6ab0000, 0x00000000e8000000)
 concurrent mark-sweep generation total 393216K, used 173552K [0x00000000e8000000, 0x0000000100000000, 0x0000000100000000)
 Metaspace       used 32215K, capacity 32556K, committed 33020K, reserved 1079296K
  class space    used 3668K, capacity 3806K, committed 3840K, reserved 1048576K
}
2015-08-31T14:05:20.666+0200: 2382.632: Total time for which application threads were stopped: 0.0102856 seconds, Stopping threads took: 0.0000138 seconds
{Heap before GC invocations=150 (full 5):
 par new generation   total 109248K, used 109248K [0x00000000e0000000, 0x00000000e8000000, 0x00000000e8000000)
  eden space 87424K, 100% used [0x00000000e0000000, 0x00000000e5560000, 0x00000000e5560000)
  from space 21824K, 100% used [0x00000000e5560000, 0x00000000e6ab0000, 0x00000000e6ab0000)
  to   space 21824K,   0% used [0x00000000e6ab0000, 0x00000000e6ab0000, 0x00000000e8000000)
 concurrent mark-sweep generation total 393216K, used 173552K [0x00000000e8000000, 0x0000000100000000, 0x0000000100000000)
 Metaspace       used 32215K, capacity 32556K, committed 33020K, reserved 1079296K
  class space    used 3668K, capacity 3806K, committed 3840K, reserved 1048576K
2015-08-31T14:05:20.989+0200: 2382.955: [GC (Allocation Failure) 2382.955: [ParNew
Desired survivor size 20112992 bytes, new threshold 8 (max 8)
- age   1:    2713640 bytes,    2713640 total
- age   2:    1688224 bytes,    4401864 total
- age   3:    1586648 bytes,    5988512 total
- age   4:    2800448 bytes,    8788960 total
- age   5:    1232736 bytes,   10021696 total
- age   6:    1984488 bytes,   12006184 total
- age   7:    5267376 bytes,   17273560 total
- age   8:    1171432 bytes,   18444992 total
: 109248K->21824K(109248K), 0.0097701 secs] 282800K->196491K(502464K), 0.0098332 secs] [Times: user=0.06 sys=0.00, real=0.01 secs] 
Heap after GC invocations=151 (full 5):
 par new generation   total 109248K, used 21824K [0x00000000e0000000, 0x00000000e8000000, 0x00000000e8000000)
  eden space 87424K,   0% used [0x00000000e0000000, 0x00000000e0000000, 0x00000000e5560000)
  from space 21824K, 100% used [0x00000000e6ab0000, 0x00000000e8000000, 0x00000000e8000000)
  to   space 21824K,   0% used [0x00000000e5560000, 0x00000000e5560000, 0x00000000e6ab0000)
 concurrent mark-sweep generation total 393216K, used 174667K [0x00000000e8000000, 0x0000000100000000, 0x0000000100000000)
 Metaspace       used 32215K, capacity 32556K, committed 33020K, reserved 1079296K
  class space    used 3668K, capacity 3806K, committed 3840K, reserved 1048576K
}
2015-08-31T14:05:20.999+0200: 2382.965: Total time for which application threads were stopped: 0.0099868 seconds, Stopping threads took: 0.0000141 seconds
{Heap before GC invocations=151 (full 5):
 par new generation   total 109248K, used 109248K [0x00000000e0000000, 0x00000000e8000000, 0x00000000e8000000)
  eden space 87424K, 100% used [0x00000000e0000000, 0x00000000e5560000, 0x00000000e5560000)
  from space 21824K, 100% used [0x00000000e6ab0000, 0x00000000e8000000, 0x00000000e8000000)
  to   space 21824K,   0% used [0x00000000e5560000, 0x00000000e5560000, 0x00000000e6ab0000)
 concurrent mark-sweep generation total 393216K, used 174667K [0x00000000e8000000, 0x0000000100000000, 0x0000000100000000)
 Metaspace       used 32215K, capacity 32556K, committed 33020K, reserved 1079296K
  class space    used 3668K, capacity 3806K, committed 3840K, reserved 1048576K
2015-08-31T14:05:21.304+0200: 2383.270: [GC (Allocation Failure) 2383.270: [ParNew
Desired survivor size 20112992 bytes, new threshold 8 (max 8)
- age   1:    7096080 bytes,    7096080 total
- age   2:    1512144 bytes,    8608224 total
- age   3:    1680368 bytes,   10288592 total
- age   4:    1582344 bytes,   11870936 total
- age   5:    1570352 bytes,   13441288 total
- age   6:    1230448 bytes,   14671736 total
- age   7:    1294632 bytes,   15966368 total
- age   8:    5069424 bytes,   21035792 total
: 109248K->21824K(109248K), 0.0104255 secs] 283915K->201342K(502464K), 0.0104904 secs] [Times: user=0.06 sys=0.00, real=0.01 secs] 
Heap after GC invocations=152 (full 5):
 par new generation   total 109248K, used 21824K [0x00000000e0000000, 0x00000000e8000000, 0x00000000e8000000)
  eden space 87424K,   0% used [0x00000000e0000000, 0x00000000e0000000, 0x00000000e5560000)
  from space 21824K, 100% used [0x00000000e5560000, 0x00000000e6ab0000, 0x00000000e6ab0000)
  to   space 21824K,   0% used [0x00000000e6ab0000, 0x00000000e6ab0000, 0x00000000e8000000)
 concurrent mark-sweep generation total 393216K, used 179518K [0x00000000e8000000, 0x0000000100000000, 0x0000000100000000)
 Metaspace       used 32215K, capacity 32556K, committed 33020K, reserved 1079296K
  class space    used 3668K, capacity 3806K, committed 3840K, reserved 1048576K
}
2015-08-31T14:05:21.314+0200: 2383.280: Total time for which application threads were stopped: 0.0106315 seconds, Stopping threads took: 0.0000144 seconds
{Heap before GC invocations=152 (full 5):
 par new generation   total 109248K, used 109248K [0x00000000e0000000, 0x00000000e8000000, 0x00000000e8000000)
  eden space 87424K, 100% used [0x00000000e0000000, 0x00000000e5560000, 0x00000000e5560000)
  from space 21824K, 100% used [0x00000000e5560000, 0x00000000e6ab0000, 0x00000000e6ab0000)
  to   space 21824K,   0% used [0x00000000e6ab0000, 0x00000000e6ab0000, 0x00000000e8000000)
 concurrent mark-sweep generation total 393216K, used 179518K [0x00000000e8000000, 0x0000000100000000, 0x0000000100000000)
 Metaspace       used 32215K, capacity 32556K, committed 33020K, reserved 1079296K
  class space    used 3668K, capacity 3806K, committed 3840K, reserved 1048576K
2015-08-31T14:05:21.592+0200: 2383.558: [GC (Allocation Failure) 2383.558: [ParNew
Desired survivor size 20112992 bytes, new threshold 8 (max 8)
- age   1:    2825384 bytes,    2825384 total
- age   2:    6331760 bytes,    9157144 total
- age   3:    1503144 bytes,   10660288 total
- age   4:    1672752 bytes,   12333040 total
- age   5:    1580656 bytes,   13913696 total
- age   6:    1197368 bytes,   15111064 total
- age   7:    1229272 bytes,   16340336 total
- age   8:    1293816 bytes,   17634152 total
: 109248K->21824K(109248K), 0.0125838 secs] 288766K->219712K(502464K), 0.0126450 secs] [Times: user=0.00 sys=0.00, real=0.01 secs] 
Heap after GC invocations=153 (full 5):
 par new generation   total 109248K, used 21824K [0x00000000e0000000, 0x00000000e8000000, 0x00000000e8000000)
  eden space 87424K,   0% used [0x00000000e0000000, 0x00000000e0000000, 0x00000000e5560000)
  from space 21824K, 100% used [0x00000000e6ab0000, 0x00000000e8000000, 0x00000000e8000000)
  to   space 21824K,   0% used [0x00000000e5560000, 0x00000000e5560000, 0x00000000e6ab0000)
 concurrent mark-sweep generation total 393216K, used 197888K [0x00000000e8000000, 0x0000000100000000, 0x0000000100000000)
 Metaspace       used 32215K, capacity 32556K, committed 33020K, reserved 1079296K
  class space    used 3668K, capacity 3806K, committed 3840K, reserved 1048576K
}
2015-08-31T14:05:21.605+0200: 2383.571: Total time for which application threads were stopped: 0.0127928 seconds, Stopping threads took: 0.0000138 seconds
2015-08-31T14:05:21.605+0200: 2383.571: [GC (CMS Initial Mark) [1 CMS-initial-mark: 197888K(393216K)] 221456K(502464K), 0.0012323 secs] [Times: user=0.06 sys=0.00, real=0.00 secs] 
2015-08-31T14:05:21.606+0200: 2383.572: Total time for which application threads were stopped: 0.0013197 seconds, Stopping threads took: 0.0000106 seconds
2015-08-31T14:05:21.606+0200: 2383.572: [CMS-concurrent-mark-start]
2015-08-31T14:05:21.631+0200: 2383.597: [CMS-concurrent-mark: 0.024/0.024 secs] [Times: user=0.05 sys=0.00, real=0.03 secs] 
2015-08-31T14:05:21.631+0200: 2383.597: [CMS-concurrent-preclean-start]
2015-08-31T14:05:21.632+0200: 2383.598: [CMS-concurrent-preclean: 0.001/0.001 secs] [Times: user=0.00 sys=0.00, real=0.00 secs] 
2015-08-31T14:05:21.632+0200: 2383.598: [CMS-concurrent-abortable-preclean-start]
2015-08-31T14:05:21.766+0200: 2383.732: Total time for which application threads were stopped: 0.0000925 seconds, Stopping threads took: 0.0000131 seconds
2015-08-31T14:05:22.063+0200: 2384.029: [CMS-concurrent-abortable-preclean: 0.231/0.430 secs] [Times: user=0.83 sys=0.03, real=0.43 secs] 
2015-08-31T14:05:22.063+0200: 2384.029: [GC (CMS Final Remark) [YG occupancy: 68914 K (109248 K)]{Heap before GC invocations=153 (full 6):
 par new generation   total 109248K, used 68914K [0x00000000e0000000, 0x00000000e8000000, 0x00000000e8000000)
  eden space 87424K,  53% used [0x00000000e0000000, 0x00000000e2dfc9d8, 0x00000000e5560000)
  from space 21824K, 100% used [0x00000000e6ab0000, 0x00000000e8000000, 0x00000000e8000000)
  to   space 21824K,   0% used [0x00000000e5560000, 0x00000000e5560000, 0x00000000e6ab0000)
 concurrent mark-sweep generation total 393216K, used 197888K [0x00000000e8000000, 0x0000000100000000, 0x0000000100000000)
 Metaspace       used 32215K, capacity 32556K, committed 33020K, reserved 1079296K
  class space    used 3668K, capacity 3806K, committed 3840K, reserved 1048576K
2015-08-31T14:05:22.063+0200: 2384.029: [GC (CMS Final Remark) 2384.029: [ParNew
Desired survivor size 20112992 bytes, new threshold 8 (max 8)
- age   1:    3629176 bytes,    3629176 total
- age   2:    2772320 bytes,    6401496 total
- age   3:    6278784 bytes,   12680280 total
- age   4:    1445304 bytes,   14125584 total
- age   5:    1614672 bytes,   15740256 total
- age   6:    1544920 bytes,   17285176 total
- age   7:    1159432 bytes,   18444608 total
- age   8:    1203328 bytes,   19647936 total
: 68914K->21824K(109248K), 0.0102332 secs] 266803K->221724K(502464K), 0.0102812 secs] [Times: user=0.00 sys=0.00, real=0.01 secs] 
Heap after GC invocations=154 (full 6):
 par new generation   total 109248K, used 21824K [0x00000000e0000000, 0x00000000e8000000, 0x00000000e8000000)
  eden space 87424K,   0% used [0x00000000e0000000, 0x00000000e0000000, 0x00000000e5560000)
  from space 21824K, 100% used [0x00000000e5560000, 0x00000000e6ab0000, 0x00000000e6ab0000)
  to   space 21824K,   0% used [0x00000000e6ab0000, 0x00000000e6ab0000, 0x00000000e8000000)
 concurrent mark-sweep generation total 393216K, used 199900K [0x00000000e8000000, 0x0000000100000000, 0x0000000100000000)
 Metaspace       used 32215K, capacity 32556K, committed 33020K, reserved 1079296K
  class space    used 3668K, capacity 3806K, committed 3840K, reserved 1048576K
}
2384.039: [Rescan (parallel) , 0.0036976 secs]2384.043: [weak refs processing, 0.0014745 secs]2384.045: [class unloading, 0.0070236 secs]2384.052: [scrub symbol table, 0.0031078 secs]2384.055: [scrub string table, 0.0003782 secs][1 CMS-remark: 199900K(393216K)] 221724K(502464K), 0.0267600 secs] [Times: user=0.08 sys=0.00, real=0.03 secs] 
2015-08-31T14:05:22.090+0200: 2384.056: Total time for which application threads were stopped: 0.0268976 seconds, Stopping threads took: 0.0000282 seconds
2015-08-31T14:05:22.090+0200: 2384.056: [CMS-concurrent-sweep-start]
2015-08-31T14:05:22.110+0200: 2384.076: [CMS-concurrent-sweep: 0.020/0.020 secs] [Times: user=0.03 sys=0.00, real=0.02 secs] 
2015-08-31T14:05:22.110+0200: 2384.076: [CMS-concurrent-reset-start]
2015-08-31T14:05:22.110+0200: 2384.076: [CMS-concurrent-reset: 0.000/0.000 secs] [Times: user=0.00 sys=0.00, real=0.00 secs] 
{Heap before GC invocations=154 (full 6):
 par new generation   total 109248K, used 109248K [0x00000000e0000000, 0x00000000e8000000, 0x00000000e8000000)
  eden space 87424K, 100% used [0x00000000e0000000, 0x00000000e5560000, 0x00000000e5560000)
  from space 21824K, 100% used [0x00000000e5560000, 0x00000000e6ab0000, 0x00000000e6ab0000)
  to   space 21824K,   0% used [0x00000000e6ab0000, 0x00000000e6ab0000, 0x00000000e8000000)
 concurrent mark-sweep generation total 393216K, used 111942K [0x00000000e8000000, 0x0000000100000000, 0x0000000100000000)
 Metaspace       used 32216K, capacity 32556K, committed 33020K, reserved 1079296K
  class space    used 3668K, capacity 3806K, committed 3840K, reserved 1048576K
2015-08-31T14:05:22.723+0200: 2384.689: [GC (Allocation Failure) 2384.689: [ParNew
Desired survivor size 20112992 bytes, new threshold 8 (max 8)
- age   1:     152288 bytes,     152288 total
- age   2:    1596488 bytes,    1748776 total
- age   3:    1631208 bytes,    3379984 total
- age   4:    6216520 bytes,    9596504 total
- age   5:    1378712 bytes,   10975216 total
- age   6:    1548048 bytes,   12523264 total
- age   7:    1152800 bytes,   13676064 total
- age   8:    1158920 bytes,   14834984 total
: 109248K->21824K(109248K), 0.0081215 secs] 221190K->137947K(502464K), 0.0081820 secs] [Times: user=0.06 sys=0.00, real=0.01 secs] 
Heap after GC invocations=155 (full 6):
 par new generation   total 109248K, used 21824K [0x00000000e0000000, 0x00000000e8000000, 0x00000000e8000000)
  eden space 87424K,   0% used [0x00000000e0000000, 0x00000000e0000000, 0x00000000e5560000)
  from space 21824K, 100% used [0x00000000e6ab0000, 0x00000000e8000000, 0x00000000e8000000)
  to   space 21824K,   0% used [0x00000000e5560000, 0x00000000e5560000, 0x00000000e6ab0000)
 concurrent mark-sweep generation total 393216K, used 116123K [0x00000000e8000000, 0x0000000100000000, 0x0000000100000000)
 Metaspace       used 32216K, capacity 32556K, committed 33020K, reserved 1079296K
  class space    used 3668K, capacity 3806K, committed 3840K, reserved 1048576K
}
2015-08-31T14:05:22.731+0200: 2384.697: Total time for which application threads were stopped: 0.0083756 seconds, Stopping threads took: 0.0000150 seconds
{Heap before GC invocations=155 (full 6):
 par new generation   total 109248K, used 109248K [0x00000000e0000000, 0x00000000e8000000, 0x00000000e8000000)
  eden space 87424K, 100% used [0x00000000e0000000, 0x00000000e5560000, 0x00000000e5560000)
  from space 21824K, 100% used [0x00000000e6ab0000, 0x00000000e8000000, 0x00000000e8000000)
  to   space 21824K,   0% used [0x00000000e5560000, 0x00000000e5560000, 0x00000000e6ab0000)
 concurrent mark-sweep generation total 393216K, used 116123K [0x00000000e8000000, 0x0000000100000000, 0x0000000100000000)
 Metaspace       used 32216K, capacity 32556K, committed 33020K, reserved 1079296K
  class space    used 3668K, capacity 3806K, committed 3840K, reserved 1048576K
2015-08-31T14:05:22.819+0200: 2384.786: [GC (Allocation Failure) 2384.786: [ParNew
Desired survivor size 20112992 bytes, new threshold 8 (max 8)
- age   1:     109528 bytes,     109528 total
- age   2:      95992 bytes,     205520 total
- age   3:    1596488 bytes,    1802008 total
- age   4:    1631208 bytes,    3433216 total
- age   5:    6216520 bytes,    9649736 total
- age   6:    1378712 bytes,   11028448 total
- age   7:    1548048 bytes,   12576496 total
- age   8:    1152800 bytes,   13729296 total
: 109248K->19951K(109248K), 0.0089519 secs] 225371K->137230K(502464K), 0.0090117 secs] [Times: user=0.06 sys=0.00, real=0.01 secs] 
Heap after GC invocations=156 (full 6):
 par new generation   total 109248K, used 19951K [0x00000000e0000000, 0x00000000e8000000, 0x00000000e8000000)
  eden space 87424K,   0% used [0x00000000e0000000, 0x00000000e0000000, 0x00000000e5560000)
  from space 21824K,  91% used [0x00000000e5560000, 0x00000000e68dbee8, 0x00000000e6ab0000)
  to   space 21824K,   0% used [0x00000000e6ab0000, 0x00000000e6ab0000, 0x00000000e8000000)
 concurrent mark-sweep generation total 393216K, used 117278K [0x00000000e8000000, 0x0000000100000000, 0x0000000100000000)
 Metaspace       used 32216K, capacity 32556K, committed 33020K, reserved 1079296K
  class space    used 3668K, capacity 3806K, committed 3840K, reserved 1048576K
}
2015-08-31T14:05:22.829+0200: 2384.795: Total time for which application threads were stopped: 0.0091884 seconds, Stopping threads took: 0.0000237 seconds
{Heap before GC invocations=156 (full 6):
 par new generation   total 109248K, used 107375K [0x00000000e0000000, 0x00000000e8000000, 0x00000000e8000000)
  eden space 87424K, 100% used [0x00000000e0000000, 0x00000000e5560000, 0x00000000e5560000)
  from space 21824K,  91% used [0x00000000e5560000, 0x00000000e68dbee8, 0x00000000e6ab0000)
  to   space 21824K,   0% used [0x00000000e6ab0000, 0x00000000e6ab0000, 0x00000000e8000000)
 concurrent mark-sweep generation total 393216K, used 117278K [0x00000000e8000000, 0x0000000100000000, 0x0000000100000000)
 Metaspace       used 32216K, capacity 32556K, committed 33020K, reserved 1079296K
  class space    used 3668K, capacity 3806K, committed 3840K, reserved 1048576K
2015-08-31T14:05:22.932+0200: 2384.898: [GC (Allocation Failure) 2384.898: [ParNew
Desired survivor size 20112992 bytes, new threshold 8 (max 8)
- age   1:     117872 bytes,     117872 total
- age   2:      23776 bytes,     141648 total
- age   3:      95800 bytes,     237448 total
- age   4:    1596488 bytes,    1833936 total
- age   5:    1631208 bytes,    3465144 total
- age   6:    6216520 bytes,    9681664 total
- age   7:    1378712 bytes,   11060376 total
- age   8:    1548048 bytes,   12608424 total
: 107375K->15912K(109248K), 0.0072047 secs] 224654K->134342K(502464K), 0.0072674 secs] [Times: user=0.00 sys=0.00, real=0.01 secs] 
Heap after GC invocations=157 (full 6):
 par new generation   total 109248K, used 15912K [0x00000000e0000000, 0x00000000e8000000, 0x00000000e8000000)
  eden space 87424K,   0% used [0x00000000e0000000, 0x00000000e0000000, 0x00000000e5560000)
  from space 21824K,  72% used [0x00000000e6ab0000, 0x00000000e7a3a388, 0x00000000e8000000)
  to   space 21824K,   0% used [0x00000000e5560000, 0x00000000e5560000, 0x00000000e6ab0000)
 concurrent mark-sweep generation total 393216K, used 118429K [0x00000000e8000000, 0x0000000100000000, 0x0000000100000000)
 Metaspace       used 32216K, capacity 32556K, committed 33020K, reserved 1079296K
  class space    used 3668K, capacity 3806K, committed 3840K, reserved 1048576K
}
2015-08-31T14:05:22.939+0200: 2384.905: Total time for which application threads were stopped: 0.0074316 seconds, Stopping threads took: 0.0000150 seconds
{Heap before GC invocations=157 (full 6):
 par new generation   total 109248K, used 103336K [0x00000000e0000000, 0x00000000e8000000, 0x00000000e8000000)
  eden space 87424K, 100% used [0x00000000e0000000, 0x00000000e5560000, 0x00000000e5560000)
  from space 21824K,  72% used [0x00000000e6ab0000, 0x00000000e7a3a388, 0x00000000e8000000)
  to   space 21824K,   0% used [0x00000000e5560000, 0x00000000e5560000, 0x00000000e6ab0000)
 concurrent mark-sweep generation total 393216K, used 118429K [0x00000000e8000000, 0x0000000100000000, 0x0000000100000000)
 Metaspace       used 32216K, capacity 32556K, committed 33020K, reserved 1079296K
  class space    used 3668K, capacity 3806K, committed 3840K, reserved 1048576K
2015-08-31T14:05:23.119+0200: 2385.085: [GC (Allocation Failure) 2385.085: [ParNew
Desired survivor size 20112992 bytes, new threshold 8 (max 8)
- age   1:      95480 bytes,      95480 total
- age   4:      55280 bytes,     150760 total
- age   5:    1596488 bytes,    1747248 total
- age   6:    1631208 bytes,    3378456 total
- age   7:    6216520 bytes,    9594976 total
- age   8:    1378712 bytes,   10973688 total
: 103336K->12546K(109248K), 0.0067887 secs] 221766K->132513K(502464K), 0.0068466 secs] [Times: user=0.00 sys=0.00, real=0.01 secs] 
Heap after GC invocations=158 (full 6):
 par new generation   total 109248K, used 12546K [0x00000000e0000000, 0x00000000e8000000, 0x00000000e8000000)
  eden space 87424K,   0% used [0x00000000e0000000, 0x00000000e0000000, 0x00000000e5560000)
  from space 21824K,  57% used [0x00000000e5560000, 0x00000000e61a0888, 0x00000000e6ab0000)
  to   space 21824K,   0% used [0x00000000e6ab0000, 0x00000000e6ab0000, 0x00000000e8000000)
 concurrent mark-sweep generation total 393216K, used 119967K [0x00000000e8000000, 0x0000000100000000, 0x0000000100000000)
 Metaspace       used 32216K, capacity 32556K, committed 33020K, reserved 1079296K
  class space    used 3668K, capacity 3806K, committed 3840K, reserved 1048576K
}
2015-08-31T14:05:23.126+0200: 2385.092: Total time for which application threads were stopped: 0.0070178 seconds, Stopping threads took: 0.0000154 seconds
{Heap before GC invocations=158 (full 6):
 par new generation   total 109248K, used 99970K [0x00000000e0000000, 0x00000000e8000000, 0x00000000e8000000)
  eden space 87424K, 100% used [0x00000000e0000000, 0x00000000e5560000, 0x00000000e5560000)
  from space 21824K,  57% used [0x00000000e5560000, 0x00000000e61a0888, 0x00000000e6ab0000)
  to   space 21824K,   0% used [0x00000000e6ab0000, 0x00000000e6ab0000, 0x00000000e8000000)
 concurrent mark-sweep generation total 393216K, used 119967K [0x00000000e8000000, 0x0000000100000000, 0x0000000100000000)
 Metaspace       used 32216K, capacity 32556K, committed 33020K, reserved 1079296K
  class space    used 3668K, capacity 3806K, committed 3840K, reserved 1048576K
2015-08-31T14:05:23.190+0200: 2385.156: [GC (Allocation Failure) 2385.156: [ParNew
Desired survivor size 20112992 bytes, new threshold 8 (max 8)
- age   1:     174448 bytes,     174448 total
- age   2:        760 bytes,     175208 total
- age   5:      55216 bytes,     230424 total
- age   6:    1596488 bytes,    1826912 total
- age   7:    1631208 bytes,    3458120 total
- age   8:    6216520 bytes,    9674640 total
: 99970K->12498K(109248K), 0.0062623 secs] 219937K->133839K(502464K), 0.0063218 secs] [Times: user=0.02 sys=0.00, real=0.01 secs] 
Heap after GC invocations=159 (full 6):
 par new generation   total 109248K, used 12498K [0x00000000e0000000, 0x00000000e8000000, 0x00000000e8000000)
  eden space 87424K,   0% used [0x00000000e0000000, 0x00000000e0000000, 0x00000000e5560000)
  from space 21824K,  57% used [0x00000000e6ab0000, 0x00000000e76e4a40, 0x00000000e8000000)
  to   space 21824K,   0% used [0x00000000e5560000, 0x00000000e5560000, 0x00000000e6ab0000)
 concurrent mark-sweep generation total 393216K, used 121340K [0x00000000e8000000, 0x0000000100000000, 0x0000000100000000)
 Metaspace       used 32216K, capacity 32556K, committed 33020K, reserved 1079296K
  class space    used 3668K, capacity 3806K, committed 3840K, reserved 1048576K
}
2015-08-31T14:05:23.197+0200: 2385.163: Total time for which application threads were stopped: 0.0064809 seconds, Stopping threads took: 0.0000150 seconds
{Heap before GC invocations=159 (full 6):
 par new generation   total 109248K, used 99922K [0x00000000e0000000, 0x00000000e8000000, 0x00000000e8000000)
  eden space 87424K, 100% used [0x00000000e0000000, 0x00000000e5560000, 0x00000000e5560000)
  from space 21824K,  57% used [0x00000000e6ab0000, 0x00000000e76e4a40, 0x00000000e8000000)
  to   space 21824K,   0% used [0x00000000e5560000, 0x00000000e5560000, 0x00000000e6ab0000)
 concurrent mark-sweep generation total 393216K, used 121340K [0x00000000e8000000, 0x0000000100000000, 0x0000000100000000)
 Metaspace       used 32216K, capacity 32556K, committed 33020K, reserved 1079296K
  class space    used 3668K, capacity 3806K, committed 3840K, reserved 1048576K
2015-08-31T14:05:23.271+0200: 2385.238: [GC (Allocation Failure) 2385.238: [ParNew
Desired survivor size 20112992 bytes, new threshold 8 (max 8)
- age   1:     168448 bytes,     168448 total
- age   2:        560 bytes,     169008 total
- age   3:        760 bytes,     169768 total
- age   6:      55216 bytes,     224984 total
- age   7:    1596488 bytes,    1821472 total
- age   8:    1631208 bytes,    3452680 total
: 99922K->6035K(109248K), 0.0056265 secs] 221263K->133472K(502464K), 0.0056892 secs] [Times: user=0.06 sys=0.00, real=0.01 secs] 
Heap after GC invocations=160 (full 6):
 par new generation   total 109248K, used 6035K [0x00000000e0000000, 0x00000000e8000000, 0x00000000e8000000)
  eden space 87424K,   0% used [0x00000000e0000000, 0x00000000e0000000, 0x00000000e5560000)
  from space 21824K,  27% used [0x00000000e5560000, 0x00000000e5b44d90, 0x00000000e6ab0000)
  to   space 21824K,   0% used [0x00000000e6ab0000, 0x00000000e6ab0000, 0x00000000e8000000)
 concurrent mark-sweep generation total 393216K, used 127437K [0x00000000e8000000, 0x0000000100000000, 0x0000000100000000)
 Metaspace       used 32216K, capacity 32556K, committed 33020K, reserved 1079296K
  class space    used 3668K, capacity 3806K, committed 3840K, reserved 1048576K
}
2015-08-31T14:05:23.277+0200: 2385.243: Total time for which application threads were stopped: 0.0058502 seconds, Stopping threads took: 0.0000147 seconds
2015-08-31T14:05:23.309+0200: 2385.275: Total time for which application threads were stopped: 0.0000822 seconds, Stopping threads took: 0.0000122 seconds
2015-08-31T14:05:23.309+0200: 2385.276: Total time for which application threads were stopped: 0.0000349 seconds, Stopping threads took: 0.0000067 seconds
2015-08-31T14:05:23.310+0200: 2385.276: Total time for which application threads were stopped: 0.0000381 seconds, Stopping threads took: 0.0000064 seconds
2015-08-31T14:05:23.310+0200: 2385.276: Total time for which application threads were stopped: 0.0000454 seconds, Stopping threads took: 0.0000064 seconds
2015-08-31T14:05:23.310+0200: 2385.276: Total time for which application threads were stopped: 0.0000346 seconds, Stopping threads took: 0.0000061 seconds
2015-08-31T14:05:23.310+0200: 2385.277: Total time for which application threads were stopped: 0.0000352 seconds, Stopping threads took: 0.0000064 seconds
2015-08-31T14:05:23.311+0200: 2385.277: Total time for which application threads were stopped: 0.0000362 seconds, Stopping threads took: 0.0000061 seconds
2015-08-31T14:05:23.311+0200: 2385.277: Total time for which application threads were stopped: 0.0000349 seconds, Stopping threads took: 0.0000061 seconds
2015-08-31T14:05:23.311+0200: 2385.277: Total time for which application threads were stopped: 0.0000349 seconds, Stopping threads took: 0.0000061 seconds
2015-08-31T14:05:23.311+0200: 2385.277: Total time for which application threads were stopped: 0.0000605 seconds, Stopping threads took: 0.0000211 seconds
2015-08-31T14:05:23.312+0200: 2385.278: Total time for which application threads were stopped: 0.0000467 seconds, Stopping threads took: 0.0000080 seconds
{Heap before GC invocations=160 (full 6):
 par new generation   total 109248K, used 93459K [0x00000000e0000000, 0x00000000e8000000, 0x00000000e8000000)
  eden space 87424K, 100% used [0x00000000e0000000, 0x00000000e5560000, 0x00000000e5560000)
  from space 21824K,  27% used [0x00000000e5560000, 0x00000000e5b44d90, 0x00000000e6ab0000)
  to   space 21824K,   0% used [0x00000000e6ab0000, 0x00000000e6ab0000, 0x00000000e8000000)
 concurrent mark-sweep generation total 393216K, used 127437K [0x00000000e8000000, 0x0000000100000000, 0x0000000100000000)
 Metaspace       used 32220K, capacity 32556K, committed 33020K, reserved 1079296K
  class space    used 3668K, capacity 3806K, committed 3840K, reserved 1048576K
2015-08-31T14:05:23.581+0200: 2385.547: [GC (Allocation Failure) 2385.547: [ParNew
Desired survivor size 20112992 bytes, new threshold 8 (max 8)
- age   1:    4216056 bytes,    4216056 total
- age   7:       2560 bytes,    4218616 total
- age   8:    1545040 bytes,    5763656 total
: 93459K->6296K(109248K), 0.0058617 secs] 220896K->135270K(502464K), 0.0059244 secs] [Times: user=0.01 sys=0.00, real=0.01 secs] 
Heap after GC invocations=161 (full 6):
 par new generation   total 109248K, used 6296K [0x00000000e0000000, 0x00000000e8000000, 0x00000000e8000000)
  eden space 87424K,   0% used [0x00000000e0000000, 0x00000000e0000000, 0x00000000e5560000)
  from space 21824K,  28% used [0x00000000e6ab0000, 0x00000000e70d62c8, 0x00000000e8000000)
  to   space 21824K,   0% used [0x00000000e5560000, 0x00000000e5560000, 0x00000000e6ab0000)
 concurrent mark-sweep generation total 393216K, used 128974K [0x00000000e8000000, 0x0000000100000000, 0x0000000100000000)
 Metaspace       used 32220K, capacity 32556K, committed 33020K, reserved 1079296K
  class space    used 3668K, capacity 3806K, committed 3840K, reserved 1048576K
}
2015-08-31T14:05:23.587+0200: 2385.553: Total time for which application threads were stopped: 0.0060914 seconds, Stopping threads took: 0.0000141 seconds
{Heap before GC invocations=161 (full 6):
 par new generation   total 109248K, used 93720K [0x00000000e0000000, 0x00000000e8000000, 0x00000000e8000000)
  eden space 87424K, 100% used [0x00000000e0000000, 0x00000000e5560000, 0x00000000e5560000)
  from space 21824K,  28% used [0x00000000e6ab0000, 0x00000000e70d62c8, 0x00000000e8000000)
  to   space 21824K,   0% used [0x00000000e5560000, 0x00000000e5560000, 0x00000000e6ab0000)
 concurrent mark-sweep generation total 393216K, used 128974K [0x00000000e8000000, 0x0000000100000000, 0x0000000100000000)
 Metaspace       used 32220K, capacity 32556K, committed 33020K, reserved 1079296K
  class space    used 3668K, capacity 3806K, committed 3840K, reserved 1048576K
2015-08-31T14:05:23.872+0200: 2385.839: [GC (Allocation Failure) 2385.839: [ParNew
Desired survivor size 20112992 bytes, new threshold 8 (max 8)
- age   1:    5179936 bytes,    5179936 total
- age   2:    2857872 bytes,    8037808 total
- age   8:       2560 bytes,    8040368 total
: 93720K->11140K(109248K), 0.0063260 secs] 222694K->141633K(502464K), 0.0063833 secs] [Times: user=0.00 sys=0.00, real=0.01 secs] 
Heap after GC invocations=162 (full 6):
 par new generation   total 109248K, used 11140K [0x00000000e0000000, 0x00000000e8000000, 0x00000000e8000000)
  eden space 87424K,   0% used [0x00000000e0000000, 0x00000000e0000000, 0x00000000e5560000)
  from space 21824K,  51% used [0x00000000e5560000, 0x00000000e6041308, 0x00000000e6ab0000)
  to   space 21824K,   0% used [0x00000000e6ab0000, 0x00000000e6ab0000, 0x00000000e8000000)
 concurrent mark-sweep generation total 393216K, used 130492K [0x00000000e8000000, 0x0000000100000000, 0x0000000100000000)
 Metaspace       used 32220K, capacity 32556K, committed 33020K, reserved 1079296K
  class space    used 3668K, capacity 3806K, committed 3840K, reserved 1048576K
}
2015-08-31T14:05:23.879+0200: 2385.845: Total time for which application threads were stopped: 0.0065414 seconds, Stopping threads took: 0.0000256 seconds
{Heap before GC invocations=162 (full 6):
 par new generation   total 109248K, used 98564K [0x00000000e0000000, 0x00000000e8000000, 0x00000000e8000000)
  eden space 87424K, 100% used [0x00000000e0000000, 0x00000000e5560000, 0x00000000e5560000)
  from space 21824K,  51% used [0x00000000e5560000, 0x00000000e6041308, 0x00000000e6ab0000)
  to   space 21824K,   0% used [0x00000000e6ab0000, 0x00000000e6ab0000, 0x00000000e8000000)
 concurrent mark-sweep generation total 393216K, used 130492K [0x00000000e8000000, 0x0000000100000000, 0x0000000100000000)
 Metaspace       used 32220K, capacity 32556K, committed 33020K, reserved 1079296K
  class space    used 3668K, capacity 3806K, committed 3840K, reserved 1048576K
2015-08-31T14:05:24.171+0200: 2386.138: [GC (Allocation Failure) 2386.138: [ParNew
Desired survivor size 20112992 bytes, new threshold 8 (max 8)
- age   1:    5102880 bytes,    5102880 total
- age   2:    3403824 bytes,    8506704 total
- age   3:    2857872 bytes,   11364576 total
: 98564K->12294K(109248K), 0.0055987 secs] 229057K->142789K(502464K), 0.0056601 secs] [Times: user=0.00 sys=0.00, real=0.01 secs] 
Heap after GC invocations=163 (full 6):
 par new generation   total 109248K, used 12294K [0x00000000e0000000, 0x00000000e8000000, 0x00000000e8000000)
  eden space 87424K,   0% used [0x00000000e0000000, 0x00000000e0000000, 0x00000000e5560000)
  from space 21824K,  56% used [0x00000000e6ab0000, 0x00000000e76b1b00, 0x00000000e8000000)
  to   space 21824K,   0% used [0x00000000e5560000, 0x00000000e5560000, 0x00000000e6ab0000)
 concurrent mark-sweep generation total 393216K, used 130494K [0x00000000e8000000, 0x0000000100000000, 0x0000000100000000)
 Metaspace       used 32220K, capacity 32556K, committed 33020K, reserved 1079296K
  class space    used 3668K, capacity 3806K, committed 3840K, reserved 1048576K
}
2015-08-31T14:05:24.177+0200: 2386.143: Total time for which application threads were stopped: 0.0058146 seconds, Stopping threads took: 0.0000138 seconds
{Heap before GC invocations=163 (full 6):
 par new generation   total 109248K, used 99718K [0x00000000e0000000, 0x00000000e8000000, 0x00000000e8000000)
  eden space 87424K, 100% used [0x00000000e0000000, 0x00000000e5560000, 0x00000000e5560000)
  from space 21824K,  56% used [0x00000000e6ab0000, 0x00000000e76b1b00, 0x00000000e8000000)
  to   space 21824K,   0% used [0x00000000e5560000, 0x00000000e5560000, 0x00000000e6ab0000)
 concurrent mark-sweep generation total 393216K, used 130494K [0x00000000e8000000, 0x0000000100000000, 0x0000000100000000)
 Metaspace       used 32220K, capacity 32556K, committed 33020K, reserved 1079296K
  class space    used 3668K, capacity 3806K, committed 3840K, reserved 1048576K
2015-08-31T14:05:24.473+0200: 2386.440: [GC (Allocation Failure) 2386.440: [ParNew
Desired survivor size 20112992 bytes, new threshold 8 (max 8)
- age   1:    8082336 bytes,    8082336 total
- age   2:    2775776 bytes,   10858112 total
- age   3:    2617312 bytes,   13475424 total
- age   4:    2857872 bytes,   16333296 total
: 99718K->19004K(109248K), 0.0067314 secs] 230213K->149499K(502464K), 0.0067974 secs] [Times: user=0.06 sys=0.00, real=0.01 secs] 
Heap after GC invocations=164 (full 6):
 par new generation   total 109248K, used 19004K [0x00000000e0000000, 0x00000000e8000000, 0x00000000e8000000)
  eden space 87424K,   0% used [0x00000000e0000000, 0x00000000e0000000, 0x00000000e5560000)
  from space 21824K,  87% used [0x00000000e5560000, 0x00000000e67ef090, 0x00000000e6ab0000)
  to   space 21824K,   0% used [0x00000000e6ab0000, 0x00000000e6ab0000, 0x00000000e8000000)
 concurrent mark-sweep generation total 393216K, used 130494K [0x00000000e8000000, 0x0000000100000000, 0x0000000100000000)
 Metaspace       used 32220K, capacity 32556K, committed 33020K, reserved 1079296K
  class space    used 3668K, capacity 3806K, committed 3840K, reserved 1048576K
}
2015-08-31T14:05:24.480+0200: 2386.446: Total time for which application threads were stopped: 0.0069497 seconds, Stopping threads took: 0.0000128 seconds
{Heap before GC invocations=164 (full 6):
 par new generation   total 109248K, used 106428K [0x00000000e0000000, 0x00000000e8000000, 0x00000000e8000000)
  eden space 87424K, 100% used [0x00000000e0000000, 0x00000000e5560000, 0x00000000e5560000)
  from space 21824K,  87% used [0x00000000e5560000, 0x00000000e67ef090, 0x00000000e6ab0000)
  to   space 21824K,   0% used [0x00000000e6ab0000, 0x00000000e6ab0000, 0x00000000e8000000)
 concurrent mark-sweep generation total 393216K, used 130494K [0x00000000e8000000, 0x0000000100000000, 0x0000000100000000)
 Metaspace       used 32220K, capacity 32556K, committed 33020K, reserved 1079296K
  class space    used 3668K, capacity 3806K, committed 3840K, reserved 1048576K
2015-08-31T14:05:24.775+0200: 2386.741: [GC (Allocation Failure) 2386.741: [ParNew
Desired survivor size 20112992 bytes, new threshold 8 (max 8)
- age   1:    5346760 bytes,    5346760 total
- age   2:    5147168 bytes,   10493928 total
- age   3:    2685616 bytes,   13179544 total
- age   4:    2617312 bytes,   15796856 total
- age   5:    2853600 bytes,   18650456 total
: 106428K->21824K(109248K), 0.0072549 secs] 236923K->153423K(502464K), 0.0073173 secs] [Times: user=0.00 sys=0.00, real=0.01 secs] 
Heap after GC invocations=165 (full 6):
 par new generation   total 109248K, used 21824K [0x00000000e0000000, 0x00000000e8000000, 0x00000000e8000000)
  eden space 87424K,   0% used [0x00000000e0000000, 0x00000000e0000000, 0x00000000e5560000)
  from space 21824K, 100% used [0x00000000e6ab0000, 0x00000000e8000000, 0x00000000e8000000)
  to   space 21824K,   0% used [0x00000000e5560000, 0x00000000e5560000, 0x00000000e6ab0000)
 concurrent mark-sweep generation total 393216K, used 131599K [0x00000000e8000000, 0x0000000100000000, 0x0000000100000000)
 Metaspace       used 32220K, capacity 32556K, committed 33020K, reserved 1079296K
  class space    used 3668K, capacity 3806K, committed 3840K, reserved 1048576K
}
2015-08-31T14:05:24.783+0200: 2386.749: Total time for which application threads were stopped: 0.0074684 seconds, Stopping threads took: 0.0000138 seconds
{Heap before GC invocations=165 (full 6):
 par new generation   total 109248K, used 109248K [0x00000000e0000000, 0x00000000e8000000, 0x00000000e8000000)
  eden space 87424K, 100% used [0x00000000e0000000, 0x00000000e5560000, 0x00000000e5560000)
  from space 21824K, 100% used [0x00000000e6ab0000, 0x00000000e8000000, 0x00000000e8000000)
  to   space 21824K,   0% used [0x00000000e5560000, 0x00000000e5560000, 0x00000000e6ab0000)
 concurrent mark-sweep generation total 393216K, used 131599K [0x00000000e8000000, 0x0000000100000000, 0x0000000100000000)
 Metaspace       used 32220K, capacity 32556K, committed 33020K, reserved 1079296K
  class space    used 3668K, capacity 3806K, committed 3840K, reserved 1048576K
2015-08-31T14:05:25.079+0200: 2387.045: [GC (Allocation Failure) 2387.045: [ParNew
Desired survivor size 20112992 bytes, new threshold 8 (max 8)
- age   1:    4885192 bytes,    4885192 total
- age   2:    2625104 bytes,    7510296 total
- age   3:    4744928 bytes,   12255224 total
- age   4:    2519472 bytes,   14774696 total
- age   5:    2452880 bytes,   17227576 total
- age   6:    2602368 bytes,   19829944 total
: 109248K->21824K(109248K), 0.0079897 secs] 240847K->156568K(502464K), 0.0080572 secs] [Times: user=0.06 sys=0.00, real=0.01 secs] 
Heap after GC invocations=166 (full 6):
 par new generation   total 109248K, used 21824K [0x00000000e0000000, 0x00000000e8000000, 0x00000000e8000000)
  eden space 87424K,   0% used [0x00000000e0000000, 0x00000000e0000000, 0x00000000e5560000)
  from space 21824K, 100% used [0x00000000e5560000, 0x00000000e6ab0000, 0x00000000e6ab0000)
  to   space 21824K,   0% used [0x00000000e6ab0000, 0x00000000e6ab0000, 0x00000000e8000000)
 concurrent mark-sweep generation total 393216K, used 134744K [0x00000000e8000000, 0x0000000100000000, 0x0000000100000000)
 Metaspace       used 32220K, capacity 32556K, committed 33020K, reserved 1079296K
  class space    used 3668K, capacity 3806K, committed 3840K, reserved 1048576K
}
2015-08-31T14:05:25.087+0200: 2387.054: Total time for which application threads were stopped: 0.0082089 seconds, Stopping threads took: 0.0000144 seconds
{Heap before GC invocations=166 (full 6):
 par new generation   total 109248K, used 109248K [0x00000000e0000000, 0x00000000e8000000, 0x00000000e8000000)
  eden space 87424K, 100% used [0x00000000e0000000, 0x00000000e5560000, 0x00000000e5560000)
  from space 21824K, 100% used [0x00000000e5560000, 0x00000000e6ab0000, 0x00000000e6ab0000)
  to   space 21824K,   0% used [0x00000000e6ab0000, 0x00000000e6ab0000, 0x00000000e8000000)
 concurrent mark-sweep generation total 393216K, used 134744K [0x00000000e8000000, 0x0000000100000000, 0x0000000100000000)
 Metaspace       used 32220K, capacity 32556K, committed 33020K, reserved 1079296K
  class space    used 3668K, capacity 3806K, committed 3840K, reserved 1048576K
2015-08-31T14:05:25.391+0200: 2387.358: [GC (Allocation Failure) 2387.358: [ParNew
Desired survivor size 20112992 bytes, new threshold 8 (max 8)
- age   1:    6927368 bytes,    6927368 total
- age   2:    1429792 bytes,    8357160 total
- age   3:    1510448 bytes,    9867608 total
- age   4:    3466448 bytes,   13334056 total
- age   5:    1372032 bytes,   14706088 total
- age   6:    2190608 bytes,   16896696 total
- age   7:    2602144 bytes,   19498840 total
: 109248K->21824K(109248K), 0.0084450 secs] 243992K->162363K(502464K), 0.0085221 secs] [Times: user=0.06 sys=0.00, real=0.01 secs] 
Heap after GC invocations=167 (full 6):
 par new generation   total 109248K, used 21824K [0x00000000e0000000, 0x00000000e8000000, 0x00000000e8000000)
  eden space 87424K,   0% used [0x00000000e0000000, 0x00000000e0000000, 0x00000000e5560000)
  from space 21824K, 100% used [0x00000000e6ab0000, 0x00000000e8000000, 0x00000000e8000000)
  to   space 21824K,   0% used [0x00000000e5560000, 0x00000000e5560000, 0x00000000e6ab0000)
 concurrent mark-sweep generation total 393216K, used 140539K [0x00000000e8000000, 0x0000000100000000, 0x0000000100000000)
 Metaspace       used 32220K, capacity 32556K, committed 33020K, reserved 1079296K
  class space    used 3668K, capacity 3806K, committed 3840K, reserved 1048576K
}
2015-08-31T14:05:25.400+0200: 2387.366: Total time for which application threads were stopped: 0.0086719 seconds, Stopping threads took: 0.0000138 seconds
{Heap before GC invocations=167 (full 6):
 par new generation   total 109248K, used 109248K [0x00000000e0000000, 0x00000000e8000000, 0x00000000e8000000)
  eden space 87424K, 100% used [0x00000000e0000000, 0x00000000e5560000, 0x00000000e5560000)
  from space 21824K, 100% used [0x00000000e6ab0000, 0x00000000e8000000, 0x00000000e8000000)
  to   space 21824K,   0% used [0x00000000e5560000, 0x00000000e5560000, 0x00000000e6ab0000)
 concurrent mark-sweep generation total 393216K, used 140539K [0x00000000e8000000, 0x0000000100000000, 0x0000000100000000)
 Metaspace       used 32220K, capacity 32556K, committed 33020K, reserved 1079296K
  class space    used 3668K, capacity 3806K, committed 3840K, reserved 1048576K
2015-08-31T14:05:25.701+0200: 2387.668: [GC (Allocation Failure) 2387.668: [ParNew
Desired survivor size 20112992 bytes, new threshold 8 (max 8)
- age   1:    5068480 bytes,    5068480 total
- age   2:    2321248 bytes,    7389728 total
- age   3:    1417648 bytes,    8807376 total
- age   4:    1476160 bytes,   10283536 total
- age   5:    2415904 bytes,   12699440 total
- age   6:    1370560 bytes,   14070000 total
- age   7:    2024912 bytes,   16094912 total
- age   8:    2570808 bytes,   18665720 total
: 109248K->21824K(109248K), 0.0093877 secs] 249787K->166494K(502464K), 0.0094498 secs] [Times: user=0.06 sys=0.00, real=0.01 secs] 
Heap after GC invocations=168 (full 6):
 par new generation   total 109248K, used 21824K [0x00000000e0000000, 0x00000000e8000000, 0x00000000e8000000)
  eden space 87424K,   0% used [0x00000000e0000000, 0x00000000e0000000, 0x00000000e5560000)
  from space 21824K, 100% used [0x00000000e5560000, 0x00000000e6ab0000, 0x00000000e6ab0000)
  to   space 21824K,   0% used [0x00000000e6ab0000, 0x00000000e6ab0000, 0x00000000e8000000)
 concurrent mark-sweep generation total 393216K, used 144670K [0x00000000e8000000, 0x0000000100000000, 0x0000000100000000)
 Metaspace       used 32220K, capacity 32556K, committed 33020K, reserved 1079296K
  class space    used 3668K, capacity 3806K, committed 3840K, reserved 1048576K
}
2015-08-31T14:05:25.711+0200: 2387.677: Total time for which application threads were stopped: 0.0096095 seconds, Stopping threads took: 0.0000256 seconds
2015-08-31T14:05:25.953+0200: 2387.919: Total time for which application threads were stopped: 0.0001251 seconds, Stopping threads took: 0.0000256 seconds
2015-08-31T14:05:25.953+0200: 2387.919: Total time for which application threads were stopped: 0.0000730 seconds, Stopping threads took: 0.0000419 seconds
2015-08-31T14:05:25.979+0200: 2387.945: Total time for which application threads were stopped: 0.0001299 seconds, Stopping threads took: 0.0000256 seconds
2015-08-31T14:05:25.980+0200: 2387.946: Total time for which application threads were stopped: 0.0000938 seconds, Stopping threads took: 0.0000346 seconds
2015-08-31T14:05:25.990+0200: 2387.956: Total time for which application threads were stopped: 0.0001197 seconds, Stopping threads took: 0.0000218 seconds
2015-08-31T14:05:25.990+0200: 2387.957: Total time for which application threads were stopped: 0.0001053 seconds, Stopping threads took: 0.0000406 seconds
{Heap before GC invocations=168 (full 6):
 par new generation   total 109248K, used 109248K [0x00000000e0000000, 0x00000000e8000000, 0x00000000e8000000)
  eden space 87424K, 100% used [0x00000000e0000000, 0x00000000e5560000, 0x00000000e5560000)
  from space 21824K, 100% used [0x00000000e5560000, 0x00000000e6ab0000, 0x00000000e6ab0000)
  to   space 21824K,   0% used [0x00000000e6ab0000, 0x00000000e6ab0000, 0x00000000e8000000)
 concurrent mark-sweep generation total 393216K, used 144670K [0x00000000e8000000, 0x0000000100000000, 0x0000000100000000)
 Metaspace       used 32224K, capacity 32564K, committed 33020K, reserved 1079296K
  class space    used 3668K, capacity 3806K, committed 3840K, reserved 1048576K
2015-08-31T14:05:26.004+0200: 2387.970: [GC (Allocation Failure) 2387.970: [ParNew
Desired survivor size 20112992 bytes, new threshold 8 (max 8)
- age   1:    7915536 bytes,    7915536 total
- age   2:    2408496 bytes,   10324032 total
- age   3:    1644352 bytes,   11968384 total
- age   4:    1276832 bytes,   13245216 total
- age   5:    1317960 bytes,   14563176 total
- age   6:    2277536 bytes,   16840712 total
- age   7:    1229384 bytes,   18070096 total
- age   8:    1887328 bytes,   19957424 total
: 109248K->21824K(109248K), 0.0083250 secs] 253918K->173577K(502464K), 0.0083938 secs] [Times: user=0.06 sys=0.00, real=0.01 secs] 
Heap after GC invocations=169 (full 6):
 par new generation   total 109248K, used 21824K [0x00000000e0000000, 0x00000000e8000000, 0x00000000e8000000)
  eden space 87424K,   0% used [0x00000000e0000000, 0x00000000e0000000, 0x00000000e5560000)
  from space 21824K, 100% used [0x00000000e6ab0000, 0x00000000e8000000, 0x00000000e8000000)
  to   space 21824K,   0% used [0x00000000e5560000, 0x00000000e5560000, 0x00000000e6ab0000)
 concurrent mark-sweep generation total 393216K, used 151753K [0x00000000e8000000, 0x0000000100000000, 0x0000000100000000)
 Metaspace       used 32224K, capacity 32564K, committed 33020K, reserved 1079296K
  class space    used 3668K, capacity 3806K, committed 3840K, reserved 1048576K
}
2015-08-31T14:05:26.012+0200: 2387.979: Total time for which application threads were stopped: 0.0085695 seconds, Stopping threads took: 0.0000362 seconds
{Heap before GC invocations=169 (full 6):
 par new generation   total 109248K, used 109239K [0x00000000e0000000, 0x00000000e8000000, 0x00000000e8000000)
  eden space 87424K,  99% used [0x00000000e0000000, 0x00000000e555dfc8, 0x00000000e5560000)
  from space 21824K, 100% used [0x00000000e6ab0000, 0x00000000e8000000, 0x00000000e8000000)
  to   space 21824K,   0% used [0x00000000e5560000, 0x00000000e5560000, 0x00000000e6ab0000)
 concurrent mark-sweep generation total 393216K, used 151753K [0x00000000e8000000, 0x0000000100000000, 0x0000000100000000)
 Metaspace       used 32224K, capacity 32564K, committed 33020K, reserved 1079296K
  class space    used 3668K, capacity 3806K, committed 3840K, reserved 1048576K
2015-08-31T14:05:26.192+0200: 2388.158: [GC (Allocation Failure) 2388.158: [ParNew
Desired survivor size 20112992 bytes, new threshold 8 (max 8)
- age   1:    3010232 bytes,    3010232 total
- age   2:    6745952 bytes,    9756184 total
- age   3:    1284432 bytes,   11040616 total
- age   4:    1505080 bytes,   12545696 total
- age   5:    1170648 bytes,   13716344 total
- age   6:    1234624 bytes,   14950968 total
- age   7:    2207728 bytes,   17158696 total
- age   8:    1153456 bytes,   18312152 total
: 109239K->21824K(109248K), 0.0086412 secs] 260993K->177871K(502464K), 0.0087036 secs] [Times: user=0.00 sys=0.00, real=0.01 secs] 
Heap after GC invocations=170 (full 6):
 par new generation   total 109248K, used 21824K [0x00000000e0000000, 0x00000000e8000000, 0x00000000e8000000)
  eden space 87424K,   0% used [0x00000000e0000000, 0x00000000e0000000, 0x00000000e5560000)
  from space 21824K, 100% used [0x00000000e5560000, 0x00000000e6ab0000, 0x00000000e6ab0000)
  to   space 21824K,   0% used [0x00000000e6ab0000, 0x00000000e6ab0000, 0x00000000e8000000)
 concurrent mark-sweep generation total 393216K, used 156047K [0x00000000e8000000, 0x0000000100000000, 0x0000000100000000)
 Metaspace       used 32224K, capacity 32564K, committed 33020K, reserved 1079296K
  class space    used 3668K, capacity 3806K, committed 3840K, reserved 1048576K
}
2015-08-31T14:05:26.200+0200: 2388.167: Total time for which application threads were stopped: 0.0089176 seconds, Stopping threads took: 0.0000512 seconds
{Heap before GC invocations=170 (full 6):
 par new generation   total 109248K, used 109248K [0x00000000e0000000, 0x00000000e8000000, 0x00000000e8000000)
  eden space 87424K, 100% used [0x00000000e0000000, 0x00000000e5560000, 0x00000000e5560000)
  from space 21824K, 100% used [0x00000000e5560000, 0x00000000e6ab0000, 0x00000000e6ab0000)
  to   space 21824K,   0% used [0x00000000e6ab0000, 0x00000000e6ab0000, 0x00000000e8000000)
 concurrent mark-sweep generation total 393216K, used 156047K [0x00000000e8000000, 0x0000000100000000, 0x0000000100000000)
 Metaspace       used 32224K, capacity 32564K, committed 33020K, reserved 1079296K
  class space    used 3668K, capacity 3806K, committed 3840K, reserved 1048576K
2015-08-31T14:05:26.285+0200: 2388.251: [GC (Allocation Failure) 2388.251: [ParNew
Desired survivor size 20112992 bytes, new threshold 8 (max 8)
- age   1:    2339672 bytes,    2339672 total
- age   2:    2052808 bytes,    4392480 total
- age   3:    6392680 bytes,   10785160 total
- age   4:    1278640 bytes,   12063800 total
- age   5:    1499304 bytes,   13563104 total
- age   6:    1164992 bytes,   14728096 total
- age   7:    1210936 bytes,   15939032 total
- age   8:    2201120 bytes,   18140152 total
: 109248K->21824K(109248K), 0.0077279 secs] 265295K->179458K(502464K), 0.0078175 secs] [Times: user=0.06 sys=0.00, real=0.01 secs] 
Heap after GC invocations=171 (full 6):
 par new generation   total 109248K, used 21824K [0x00000000e0000000, 0x00000000e8000000, 0x00000000e8000000)
  eden space 87424K,   0% used [0x00000000e0000000, 0x00000000e0000000, 0x00000000e5560000)
  from space 21824K, 100% used [0x00000000e6ab0000, 0x00000000e8000000, 0x00000000e8000000)
  to   space 21824K,   0% used [0x00000000e5560000, 0x00000000e5560000, 0x00000000e6ab0000)
 concurrent mark-sweep generation total 393216K, used 157634K [0x00000000e8000000, 0x0000000100000000, 0x0000000100000000)
 Metaspace       used 32224K, capacity 32564K, committed 33020K, reserved 1079296K
  class space    used 3668K, capacity 3806K, committed 3840K, reserved 1048576K
}
2015-08-31T14:05:26.293+0200: 2388.259: Total time for which application threads were stopped: 0.0080348 seconds, Stopping threads took: 0.0000691 seconds
2015-08-31T14:05:26.355+0200: 2388.321: Total time for which application threads were stopped: 0.0001459 seconds, Stopping threads took: 0.0000506 seconds
2015-08-31T14:05:26.358+0200: 2388.324: Total time for which application threads were stopped: 0.0001162 seconds, Stopping threads took: 0.0000221 seconds
2015-08-31T14:05:26.358+0200: 2388.324: Total time for which application threads were stopped: 0.0000781 seconds, Stopping threads took: 0.0000147 seconds
2015-08-31T14:05:26.363+0200: 2388.330: Total time for which application threads were stopped: 0.0001427 seconds, Stopping threads took: 0.0000534 seconds
{Heap before GC invocations=171 (full 6):
 par new generation   total 109248K, used 109248K [0x00000000e0000000, 0x00000000e8000000, 0x00000000e8000000)
  eden space 87424K, 100% used [0x00000000e0000000, 0x00000000e5560000, 0x00000000e5560000)
  from space 21824K, 100% used [0x00000000e6ab0000, 0x00000000e8000000, 0x00000000e8000000)
  to   space 21824K,   0% used [0x00000000e5560000, 0x00000000e5560000, 0x00000000e6ab0000)
 concurrent mark-sweep generation total 393216K, used 157634K [0x00000000e8000000, 0x0000000100000000, 0x0000000100000000)
 Metaspace       used 32227K, capacity 32564K, committed 33020K, reserved 1079296K
  class space    used 3668K, capacity 3806K, committed 3840K, reserved 1048576K
2015-08-31T14:05:26.391+0200: 2388.357: [GC (Allocation Failure) 2388.357: [ParNew
Desired survivor size 20112992 bytes, new threshold 8 (max 8)
- age   1:    3137792 bytes,    3137792 total
- age   2:     906256 bytes,    4044048 total
- age   3:    1693168 bytes,    5737216 total
- age   4:    6351632 bytes,   12088848 total
- age   5:    1230160 bytes,   13319008 total
- age   6:    1446872 bytes,   14765880 total
- age   7:    1113760 bytes,   15879640 total
- age   8:    1162040 bytes,   17041680 total
: 109248K->17937K(109248K), 0.0128990 secs] 266882K->177676K(502464K), 0.0129682 secs] [Times: user=0.06 sys=0.00, real=0.01 secs] 
Heap after GC invocations=172 (full 6):
 par new generation   total 109248K, used 17937K [0x00000000e0000000, 0x00000000e8000000, 0x00000000e8000000)
  eden space 87424K,   0% used [0x00000000e0000000, 0x00000000e0000000, 0x00000000e5560000)
  from space 21824K,  82% used [0x00000000e5560000, 0x00000000e66e47c0, 0x00000000e6ab0000)
  to   space 21824K,   0% used [0x00000000e6ab0000, 0x00000000e6ab0000, 0x00000000e8000000)
 concurrent mark-sweep generation total 393216K, used 159739K [0x00000000e8000000, 0x0000000100000000, 0x0000000100000000)
 Metaspace       used 32227K, capacity 32564K, committed 33020K, reserved 1079296K
  class space    used 3668K, capacity 3806K, committed 3840K, reserved 1048576K
}
2015-08-31T14:05:26.404+0200: 2388.370: Total time for which application threads were stopped: 0.0131285 seconds, Stopping threads took: 0.0000186 seconds
2015-08-31T14:05:26.456+0200: 2388.423: Total time for which application threads were stopped: 0.0001034 seconds, Stopping threads took: 0.0000246 seconds
{Heap before GC invocations=172 (full 6):
 par new generation   total 109248K, used 105361K [0x00000000e0000000, 0x00000000e8000000, 0x00000000e8000000)
  eden space 87424K, 100% used [0x00000000e0000000, 0x00000000e5560000, 0x00000000e5560000)
  from space 21824K,  82% used [0x00000000e5560000, 0x00000000e66e47c0, 0x00000000e6ab0000)
  to   space 21824K,   0% used [0x00000000e6ab0000, 0x00000000e6ab0000, 0x00000000e8000000)
 concurrent mark-sweep generation total 393216K, used 159739K [0x00000000e8000000, 0x0000000100000000, 0x0000000100000000)
 Metaspace       used 32231K, capacity 32628K, committed 33020K, reserved 1079296K
  class space    used 3668K, capacity 3806K, committed 3840K, reserved 1048576K
2015-08-31T14:05:26.695+0200: 2388.662: [GC (Allocation Failure) 2388.662: [ParNew
Desired survivor size 20112992 bytes, new threshold 8 (max 8)
- age   1:    4840776 bytes,    4840776 total
- age   2:    1709184 bytes,    6549960 total
- age   3:     763152 bytes,    7313112 total
- age   4:    1697488 bytes,    9010600 total
- age   5:    5558896 bytes,   14569496 total
- age   6:    1230160 bytes,   15799656 total
- age   7:    1446872 bytes,   17246528 total
- age   8:    1113760 bytes,   18360288 total
: 105361K->21824K(109248K), 0.0081711 secs] 265100K->182700K(502464K), 0.0082300 secs] [Times: user=0.00 sys=0.00, real=0.01 secs] 
Heap after GC invocations=173 (full 6):
 par new generation   total 109248K, used 21824K [0x00000000e0000000, 0x00000000e8000000, 0x00000000e8000000)
  eden space 87424K,   0% used [0x00000000e0000000, 0x00000000e0000000, 0x00000000e5560000)
  from space 21824K, 100% used [0x00000000e6ab0000, 0x00000000e8000000, 0x00000000e8000000)
  to   space 21824K,   0% used [0x00000000e5560000, 0x00000000e5560000, 0x00000000e6ab0000)
 concurrent mark-sweep generation total 393216K, used 160876K [0x00000000e8000000, 0x0000000100000000, 0x0000000100000000)
 Metaspace       used 32231K, capacity 32628K, committed 33020K, reserved 1079296K
  class space    used 3668K, capacity 3806K, committed 3840K, reserved 1048576K
}
2015-08-31T14:05:26.704+0200: 2388.670: Total time for which application threads were stopped: 0.0083913 seconds, Stopping threads took: 0.0000150 seconds
{Heap before GC invocations=173 (full 6):
 par new generation   total 109248K, used 109248K [0x00000000e0000000, 0x00000000e8000000, 0x00000000e8000000)
  eden space 87424K, 100% used [0x00000000e0000000, 0x00000000e5560000, 0x00000000e5560000)
  from space 21824K, 100% used [0x00000000e6ab0000, 0x00000000e8000000, 0x00000000e8000000)
  to   space 21824K,   0% used [0x00000000e5560000, 0x00000000e5560000, 0x00000000e6ab0000)
 concurrent mark-sweep generation total 393216K, used 160876K [0x00000000e8000000, 0x0000000100000000, 0x0000000100000000)
 Metaspace       used 32231K, capacity 32628K, committed 33020K, reserved 1079296K
  class space    used 3668K, capacity 3806K, committed 3840K, reserved 1048576K
2015-08-31T14:05:26.996+0200: 2388.963: [GC (Allocation Failure) 2388.963: [ParNew
Desired survivor size 20112992 bytes, new threshold 8 (max 8)
- age   1:    5514896 bytes,    5514896 total
- age   2:    2624832 bytes,    8139728 total
- age   3:    1609392 bytes,    9749120 total
- age   4:     761896 bytes,   10511016 total
- age   5:    1698208 bytes,   12209224 total
- age   6:    4147232 bytes,   16356456 total
- age   7:    1184520 bytes,   17540976 total
- age   8:    1342304 bytes,   18883280 total
: 109248K->21824K(109248K), 0.0077557 secs] 270124K->185576K(502464K), 0.0078124 secs] [Times: user=0.06 sys=0.00, real=0.01 secs] 
Heap after GC invocations=174 (full 6):
 par new generation   total 109248K, used 21824K [0x00000000e0000000, 0x00000000e8000000, 0x00000000e8000000)
  eden space 87424K,   0% used [0x00000000e0000000, 0x00000000e0000000, 0x00000000e5560000)
  from space 21824K, 100% used [0x00000000e5560000, 0x00000000e6ab0000, 0x00000000e6ab0000)
  to   space 21824K,   0% used [0x00000000e6ab0000, 0x00000000e6ab0000, 0x00000000e8000000)
 concurrent mark-sweep generation total 393216K, used 163752K [0x00000000e8000000, 0x0000000100000000, 0x0000000100000000)
 Metaspace       used 32231K, capacity 32628K, committed 33020K, reserved 1079296K
  class space    used 3668K, capacity 3806K, committed 3840K, reserved 1048576K
}
2015-08-31T14:05:27.004+0200: 2388.971: Total time for which application threads were stopped: 0.0079634 seconds, Stopping threads took: 0.0000134 seconds
2015-08-31T14:05:27.015+0200: 2388.981: Total time for which application threads were stopped: 0.0001213 seconds, Stopping threads took: 0.0000381 seconds
2015-08-31T14:05:27.016+0200: 2388.982: Total time for which application threads were stopped: 0.0001309 seconds, Stopping threads took: 0.0000275 seconds
2015-08-31T14:05:27.016+0200: 2388.982: Total time for which application threads were stopped: 0.0000979 seconds, Stopping threads took: 0.0000198 seconds
2015-08-31T14:05:27.020+0200: 2388.986: Total time for which application threads were stopped: 0.0000982 seconds, Stopping threads took: 0.0000288 seconds
2015-08-31T14:05:27.028+0200: 2388.995: Total time for which application threads were stopped: 0.0001574 seconds, Stopping threads took: 0.0000778 seconds
2015-08-31T14:05:27.034+0200: 2389.001: Total time for which application threads were stopped: 0.0001757 seconds, Stopping threads took: 0.0000838 seconds
2015-08-31T14:05:27.035+0200: 2389.001: Total time for which application threads were stopped: 0.0001638 seconds, Stopping threads took: 0.0000490 seconds
{Heap before GC invocations=174 (full 6):
 par new generation   total 109248K, used 109248K [0x00000000e0000000, 0x00000000e8000000, 0x00000000e8000000)
  eden space 87424K, 100% used [0x00000000e0000000, 0x00000000e5560000, 0x00000000e5560000)
  from space 21824K, 100% used [0x00000000e5560000, 0x00000000e6ab0000, 0x00000000e6ab0000)
  to   space 21824K,   0% used [0x00000000e6ab0000, 0x00000000e6ab0000, 0x00000000e8000000)
 concurrent mark-sweep generation total 393216K, used 163752K [0x00000000e8000000, 0x0000000100000000, 0x0000000100000000)
 Metaspace       used 32232K, capacity 32628K, committed 33020K, reserved 1079296K
  class space    used 3668K, capacity 3806K, committed 3840K, reserved 1048576K
2015-08-31T14:05:27.148+0200: 2389.114: [GC (Allocation Failure) 2389.114: [ParNew
Desired survivor size 20112992 bytes, new threshold 8 (max 8)
- age   1:    2626400 bytes,    2626400 total
- age   2:    3682632 bytes,    6309032 total
- age   3:    2435168 bytes,    8744200 total
- age   4:    1026672 bytes,    9770872 total
- age   5:     707328 bytes,   10478200 total
- age   6:    1585776 bytes,   12063976 total
- age   7:    4093488 bytes,   16157464 total
- age   8:    1184520 bytes,   17341984 total
: 109248K->21824K(109248K), 0.0066674 secs] 273000K->189699K(502464K), 0.0067311 secs] [Times: user=0.00 sys=0.00, real=0.01 secs] 
Heap after GC invocations=175 (full 6):
 par new generation   total 109248K, used 21824K [0x00000000e0000000, 0x00000000e8000000, 0x00000000e8000000)
  eden space 87424K,   0% used [0x00000000e0000000, 0x00000000e0000000, 0x00000000e5560000)
  from space 21824K, 100% used [0x00000000e6ab0000, 0x00000000e8000000, 0x00000000e8000000)
  to   space 21824K,   0% used [0x00000000e5560000, 0x00000000e5560000, 0x00000000e6ab0000)
 concurrent mark-sweep generation total 393216K, used 167875K [0x00000000e8000000, 0x0000000100000000, 0x0000000100000000)
 Metaspace       used 32232K, capacity 32628K, committed 33020K, reserved 1079296K
  class space    used 3668K, capacity 3806K, committed 3840K, reserved 1048576K
}
2015-08-31T14:05:27.155+0200: 2389.121: Total time for which application threads were stopped: 0.0068982 seconds, Stopping threads took: 0.0000163 seconds
2015-08-31T14:05:27.206+0200: 2389.172: Total time for which application threads were stopped: 0.0000918 seconds, Stopping threads took: 0.0000221 seconds
2015-08-31T14:05:27.206+0200: 2389.172: Total time for which application threads were stopped: 0.0000355 seconds, Stopping threads took: 0.0000109 seconds
2015-08-31T14:05:27.206+0200: 2389.172: Total time for which application threads were stopped: 0.0000410 seconds, Stopping threads took: 0.0000099 seconds
2015-08-31T14:05:27.206+0200: 2389.172: Total time for which application threads were stopped: 0.0000403 seconds, Stopping threads took: 0.0000099 seconds
2015-08-31T14:05:27.206+0200: 2389.172: Total time for which application threads were stopped: 0.0000400 seconds, Stopping threads took: 0.0000099 seconds
2015-08-31T14:05:27.206+0200: 2389.172: Total time for which application threads were stopped: 0.0000403 seconds, Stopping threads took: 0.0000099 seconds
2015-08-31T14:05:27.206+0200: 2389.173: Total time for which application threads were stopped: 0.0000355 seconds, Stopping threads took: 0.0000048 seconds
2015-08-31T14:05:27.206+0200: 2389.173: Total time for which application threads were stopped: 0.0000502 seconds, Stopping threads took: 0.0000272 seconds
2015-08-31T14:05:27.209+0200: 2389.175: Total time for which application threads were stopped: 0.0000845 seconds, Stopping threads took: 0.0000208 seconds
2015-08-31T14:05:27.209+0200: 2389.175: Total time for which application threads were stopped: 0.0000704 seconds, Stopping threads took: 0.0000186 seconds
2015-08-31T14:05:27.209+0200: 2389.175: Total time for which application threads were stopped: 0.0000538 seconds, Stopping threads took: 0.0000051 seconds
2015-08-31T14:05:27.209+0200: 2389.175: Total time for which application threads were stopped: 0.0000566 seconds, Stopping threads took: 0.0000106 seconds
2015-08-31T14:05:27.209+0200: 2389.175: Total time for which application threads were stopped: 0.0000486 seconds, Stopping threads took: 0.0000096 seconds
2015-08-31T14:05:27.209+0200: 2389.176: Total time for which application threads were stopped: 0.0000333 seconds, Stopping threads took: 0.0000106 seconds
2015-08-31T14:05:27.209+0200: 2389.176: Total time for which application threads were stopped: 0.0000314 seconds, Stopping threads took: 0.0000083 seconds
2015-08-31T14:05:27.209+0200: 2389.176: Total time for which application threads were stopped: 0.0000269 seconds, Stopping threads took: 0.0000048 seconds
{Heap before GC invocations=175 (full 6):
 par new generation   total 109248K, used 109248K [0x00000000e0000000, 0x00000000e8000000, 0x00000000e8000000)
  eden space 87424K, 100% used [0x00000000e0000000, 0x00000000e5560000, 0x00000000e5560000)
  from space 21824K, 100% used [0x00000000e6ab0000, 0x00000000e8000000, 0x00000000e8000000)
  to   space 21824K,   0% used [0x00000000e5560000, 0x00000000e5560000, 0x00000000e6ab0000)
 concurrent mark-sweep generation total 393216K, used 167875K [0x00000000e8000000, 0x0000000100000000, 0x0000000100000000)
 Metaspace       used 32246K, capacity 32628K, committed 33020K, reserved 1079296K
  class space    used 3668K, capacity 3806K, committed 3840K, reserved 1048576K
2015-08-31T14:05:27.356+0200: 2389.322: [GC (Allocation Failure) 2389.322: [ParNew
Desired survivor size 20112992 bytes, new threshold 8 (max 8)
- age   1:    3501352 bytes,    3501352 total
- age   2:    1487344 bytes,    4988696 total
- age   3:    3523440 bytes,    8512136 total
- age   4:    2283528 bytes,   10795664 total
- age   5:     975904 bytes,   11771568 total
- age   6:     662344 bytes,   12433912 total
- age   7:    1486872 bytes,   13920784 total
- age   8:    4101000 bytes,   18021784 total
: 109248K->21824K(109248K), 0.0064655 secs] 277123K->190858K(502464K), 0.0065334 secs] [Times: user=0.00 sys=0.02, real=0.01 secs] 
Heap after GC invocations=176 (full 6):
 par new generation   total 109248K, used 21824K [0x00000000e0000000, 0x00000000e8000000, 0x00000000e8000000)
  eden space 87424K,   0% used [0x00000000e0000000, 0x00000000e0000000, 0x00000000e5560000)
  from space 21824K, 100% used [0x00000000e5560000, 0x00000000e6ab0000, 0x00000000e6ab0000)
  to   space 21824K,   0% used [0x00000000e6ab0000, 0x00000000e6ab0000, 0x00000000e8000000)
 concurrent mark-sweep generation total 393216K, used 169034K [0x00000000e8000000, 0x0000000100000000, 0x0000000100000000)
 Metaspace       used 32246K, capacity 32628K, committed 33020K, reserved 1079296K
  class space    used 3668K, capacity 3806K, committed 3840K, reserved 1048576K
}
2015-08-31T14:05:27.362+0200: 2389.329: Total time for which application threads were stopped: 0.0066876 seconds, Stopping threads took: 0.0000141 seconds
{Heap before GC invocations=176 (full 6):
 par new generation   total 109248K, used 109248K [0x00000000e0000000, 0x00000000e8000000, 0x00000000e8000000)
  eden space 87424K, 100% used [0x00000000e0000000, 0x00000000e5560000, 0x00000000e5560000)
  from space 21824K, 100% used [0x00000000e5560000, 0x00000000e6ab0000, 0x00000000e6ab0000)
  to   space 21824K,   0% used [0x00000000e6ab0000, 0x00000000e6ab0000, 0x00000000e8000000)
 concurrent mark-sweep generation total 393216K, used 169034K [0x00000000e8000000, 0x0000000100000000, 0x0000000100000000)
 Metaspace       used 32246K, capacity 32628K, committed 33020K, reserved 1079296K
  class space    used 3668K, capacity 3806K, committed 3840K, reserved 1048576K
2015-08-31T14:05:27.654+0200: 2389.620: [GC (Allocation Failure) 2389.620: [ParNew
Desired survivor size 20112992 bytes, new threshold 8 (max 8)
- age   1:    3386728 bytes,    3386728 total
- age   2:    1977432 bytes,    5364160 total
- age   3:    1402736 bytes,    6766896 total
- age   4:    3423928 bytes,   10190824 total
- age   5:    2256992 bytes,   12447816 total
- age   6:     967928 bytes,   13415744 total
- age   7:     652088 bytes,   14067832 total
- age   8:    1467600 bytes,   15535432 total
: 109248K->21824K(109248K), 0.0069302 secs] 278282K->196964K(502464K), 0.0069906 secs] [Times: user=0.06 sys=0.00, real=0.01 secs] 
Heap after GC invocations=177 (full 6):
 par new generation   total 109248K, used 21824K [0x00000000e0000000, 0x00000000e8000000, 0x00000000e8000000)
  eden space 87424K,   0% used [0x00000000e0000000, 0x00000000e0000000, 0x00000000e5560000)
  from space 21824K, 100% used [0x00000000e6ab0000, 0x00000000e8000000, 0x00000000e8000000)
  to   space 21824K,   0% used [0x00000000e5560000, 0x00000000e5560000, 0x00000000e6ab0000)
 concurrent mark-sweep generation total 393216K, used 175140K [0x00000000e8000000, 0x0000000100000000, 0x0000000100000000)
 Metaspace       used 32246K, capacity 32628K, committed 33020K, reserved 1079296K
  class space    used 3668K, capacity 3806K, committed 3840K, reserved 1048576K
}
2015-08-31T14:05:27.661+0200: 2389.627: Total time for which application threads were stopped: 0.0071404 seconds, Stopping threads took: 0.0000134 seconds
{Heap before GC invocations=177 (full 6):
 par new generation   total 109248K, used 109248K [0x00000000e0000000, 0x00000000e8000000, 0x00000000e8000000)
  eden space 87424K, 100% used [0x00000000e0000000, 0x00000000e5560000, 0x00000000e5560000)
  from space 21824K, 100% used [0x00000000e6ab0000, 0x00000000e8000000, 0x00000000e8000000)
  to   space 21824K,   0% used [0x00000000e5560000, 0x00000000e5560000, 0x00000000e6ab0000)
 concurrent mark-sweep generation total 393216K, used 175140K [0x00000000e8000000, 0x0000000100000000, 0x0000000100000000)
 Metaspace       used 32246K, capacity 32628K, committed 33020K, reserved 1079296K
  class space    used 3668K, capacity 3806K, committed 3840K, reserved 1048576K
2015-08-31T14:05:27.948+0200: 2389.914: [GC (Allocation Failure) 2389.914: [ParNew
Desired survivor size 20112992 bytes, new threshold 8 (max 8)
- age   1:    5267832 bytes,    5267832 total
- age   2:    2884208 bytes,    8152040 total
- age   3:    1975720 bytes,   10127760 total
- age   4:    1401680 bytes,   11529440 total
- age   5:    3423928 bytes,   14953368 total
- age   6:    2256992 bytes,   17210360 total
- age   7:     967928 bytes,   18178288 total
- age   8:     652088 bytes,   18830376 total
: 109248K->21824K(109248K), 0.0061494 secs] 284388K->198397K(502464K), 0.0062073 secs] [Times: user=0.00 sys=0.00, real=0.01 secs] 
Heap after GC invocations=178 (full 6):
 par new generation   total 109248K, used 21824K [0x00000000e0000000, 0x00000000e8000000, 0x00000000e8000000)
  eden space 87424K,   0% used [0x00000000e0000000, 0x00000000e0000000, 0x00000000e5560000)
  from space 21824K, 100% used [0x00000000e5560000, 0x00000000e6ab0000, 0x00000000e6ab0000)
  to   space 21824K,   0% used [0x00000000e6ab0000, 0x00000000e6ab0000, 0x00000000e8000000)
 concurrent mark-sweep generation total 393216K, used 176573K [0x00000000e8000000, 0x0000000100000000, 0x0000000100000000)
 Metaspace       used 32246K, capacity 32628K, committed 33020K, reserved 1079296K
  class space    used 3668K, capacity 3806K, committed 3840K, reserved 1048576K
}
2015-08-31T14:05:27.954+0200: 2389.920: Total time for which application threads were stopped: 0.0063519 seconds, Stopping threads took: 0.0000138 seconds
{Heap before GC invocations=178 (full 6):
 par new generation   total 109248K, used 109248K [0x00000000e0000000, 0x00000000e8000000, 0x00000000e8000000)
  eden space 87424K, 100% used [0x00000000e0000000, 0x00000000e5560000, 0x00000000e5560000)
  from space 21824K, 100% used [0x00000000e5560000, 0x00000000e6ab0000, 0x00000000e6ab0000)
  to   space 21824K,   0% used [0x00000000e6ab0000, 0x00000000e6ab0000, 0x00000000e8000000)
 concurrent mark-sweep generation total 393216K, used 176573K [0x00000000e8000000, 0x0000000100000000, 0x0000000100000000)
 Metaspace       used 32246K, capacity 32628K, committed 33020K, reserved 1079296K
  class space    used 3668K, capacity 3806K, committed 3840K, reserved 1048576K
2015-08-31T14:05:28.247+0200: 2390.213: [GC (Allocation Failure) 2390.213: [ParNew
Desired survivor size 20112992 bytes, new threshold 8 (max 8)
- age   1:    5114256 bytes,    5114256 total
- age   2:    1376120 bytes,    6490376 total
- age   3:    1914808 bytes,    8405184 total
- age   4:    1776632 bytes,   10181816 total
- age   5:    1210912 bytes,   11392728 total
- age   6:    3322824 bytes,   14715552 total
- age   7:    2181096 bytes,   16896648 total
- age   8:     944496 bytes,   17841144 total
: 109248K->21824K(109248K), 0.0068028 secs] 285821K->203887K(502464K), 0.0068863 secs] [Times: user=0.06 sys=0.00, real=0.01 secs] 
Heap after GC invocations=179 (full 6):
 par new generation   total 109248K, used 21824K [0x00000000e0000000, 0x00000000e8000000, 0x00000000e8000000)
  eden space 87424K,   0% used [0x00000000e0000000, 0x00000000e0000000, 0x00000000e5560000)
  from space 21824K, 100% used [0x00000000e6ab0000, 0x00000000e8000000, 0x00000000e8000000)
  to   space 21824K,   0% used [0x00000000e5560000, 0x00000000e5560000, 0x00000000e6ab0000)
 concurrent mark-sweep generation total 393216K, used 182063K [0x00000000e8000000, 0x0000000100000000, 0x0000000100000000)
 Metaspace       used 32246K, capacity 32628K, committed 33020K, reserved 1079296K
  class space    used 3668K, capacity 3806K, committed 3840K, reserved 1048576K
}
2015-08-31T14:05:28.254+0200: 2390.220: Total time for which application threads were stopped: 0.0071266 seconds, Stopping threads took: 0.0000240 seconds
{Heap before GC invocations=179 (full 6):
 par new generation   total 109248K, used 109248K [0x00000000e0000000, 0x00000000e8000000, 0x00000000e8000000)
  eden space 87424K, 100% used [0x00000000e0000000, 0x00000000e5560000, 0x00000000e5560000)
  from space 21824K, 100% used [0x00000000e6ab0000, 0x00000000e8000000, 0x00000000e8000000)
  to   space 21824K,   0% used [0x00000000e5560000, 0x00000000e5560000, 0x00000000e6ab0000)
 concurrent mark-sweep generation total 393216K, used 182063K [0x00000000e8000000, 0x0000000100000000, 0x0000000100000000)
 Metaspace       used 32246K, capacity 32628K, committed 33020K, reserved 1079296K
  class space    used 3668K, capacity 3806K, committed 3840K, reserved 1048576K
2015-08-31T14:05:28.553+0200: 2390.519: [GC (Allocation Failure) 2390.519: [ParNew
Desired survivor size 20112992 bytes, new threshold 8 (max 8)
- age   1:    5128672 bytes,    5128672 total
- age   2:    2375200 bytes,    7503872 total
- age   3:    1165336 bytes,    8669208 total
- age   4:    1380208 bytes,   10049416 total
- age   5:    1744832 bytes,   11794248 total
- age   6:    1173792 bytes,   12968040 total
- age   7:    3037632 bytes,   16005672 total
- age   8:    2100296 bytes,   18105968 total
: 109248K->21824K(109248K), 0.0077397 secs] 291311K->207467K(502464K), 0.0078034 secs] [Times: user=0.00 sys=0.00, real=0.01 secs] 
Heap after GC invocations=180 (full 6):
 par new generation   total 109248K, used 21824K [0x00000000e0000000, 0x00000000e8000000, 0x00000000e8000000)
  eden space 87424K,   0% used [0x00000000e0000000, 0x00000000e0000000, 0x00000000e5560000)
  from space 21824K, 100% used [0x00000000e5560000, 0x00000000e6ab0000, 0x00000000e6ab0000)
  to   space 21824K,   0% used [0x00000000e6ab0000, 0x00000000e6ab0000, 0x00000000e8000000)
 concurrent mark-sweep generation total 393216K, used 185643K [0x00000000e8000000, 0x0000000100000000, 0x0000000100000000)
 Metaspace       used 32246K, capacity 32628K, committed 33020K, reserved 1079296K
  class space    used 3668K, capacity 3806K, committed 3840K, reserved 1048576K
}
2015-08-31T14:05:28.561+0200: 2390.527: Total time for which application threads were stopped: 0.0079628 seconds, Stopping threads took: 0.0000253 seconds
{Heap before GC invocations=180 (full 6):
 par new generation   total 109248K, used 109248K [0x00000000e0000000, 0x00000000e8000000, 0x00000000e8000000)
  eden space 87424K, 100% used [0x00000000e0000000, 0x00000000e5560000, 0x00000000e5560000)
  from space 21824K, 100% used [0x00000000e5560000, 0x00000000e6ab0000, 0x00000000e6ab0000)
  to   space 21824K,   0% used [0x00000000e6ab0000, 0x00000000e6ab0000, 0x00000000e8000000)
 concurrent mark-sweep generation total 393216K, used 185643K [0x00000000e8000000, 0x0000000100000000, 0x0000000100000000)
 Metaspace       used 32246K, capacity 32628K, committed 33020K, reserved 1079296K
  class space    used 3668K, capacity 3806K, committed 3840K, reserved 1048576K
2015-08-31T14:05:28.869+0200: 2390.835: [GC (Allocation Failure) 2390.835: [ParNew
Desired survivor size 20112992 bytes, new threshold 8 (max 8)
- age   1:    7037592 bytes,    7037592 total
- age   2:    1778792 bytes,    8816384 total
- age   3:    2353312 bytes,   11169696 total
- age   4:    1150408 bytes,   12320104 total
- age   5:    1366752 bytes,   13686856 total
- age   6:    1733920 bytes,   15420776 total
- age   7:    1167400 bytes,   16588176 total
- age   8:    3034456 bytes,   19622632 total
: 109248K->21824K(109248K), 0.0072114 secs] 294891K->209580K(502464K), 0.0072767 secs] [Times: user=0.06 sys=0.00, real=0.01 secs] 
Heap after GC invocations=181 (full 6):
 par new generation   total 109248K, used 21824K [0x00000000e0000000, 0x00000000e8000000, 0x00000000e8000000)
  eden space 87424K,   0% used [0x00000000e0000000, 0x00000000e0000000, 0x00000000e5560000)
  from space 21824K, 100% used [0x00000000e6ab0000, 0x00000000e8000000, 0x00000000e8000000)
  to   space 21824K,   0% used [0x00000000e5560000, 0x00000000e5560000, 0x00000000e6ab0000)
 concurrent mark-sweep generation total 393216K, used 187756K [0x00000000e8000000, 0x0000000100000000, 0x0000000100000000)
 Metaspace       used 32246K, capacity 32628K, committed 33020K, reserved 1079296K
  class space    used 3668K, capacity 3806K, committed 3840K, reserved 1048576K
}
2015-08-31T14:05:28.876+0200: 2390.843: Total time for which application threads were stopped: 0.0074265 seconds, Stopping threads took: 0.0000141 seconds
{Heap before GC invocations=181 (full 6):
 par new generation   total 109248K, used 109248K [0x00000000e0000000, 0x00000000e8000000, 0x00000000e8000000)
  eden space 87424K, 100% used [0x00000000e0000000, 0x00000000e5560000, 0x00000000e5560000)
  from space 21824K, 100% used [0x00000000e6ab0000, 0x00000000e8000000, 0x00000000e8000000)
  to   space 21824K,   0% used [0x00000000e5560000, 0x00000000e5560000, 0x00000000e6ab0000)
 concurrent mark-sweep generation total 393216K, used 187756K [0x00000000e8000000, 0x0000000100000000, 0x0000000100000000)
 Metaspace       used 32246K, capacity 32628K, committed 33020K, reserved 1079296K
  class space    used 3668K, capacity 3806K, committed 3840K, reserved 1048576K
2015-08-31T14:05:29.178+0200: 2391.144: [GC (Allocation Failure) 2391.144: [ParNew
Desired survivor size 20112992 bytes, new threshold 8 (max 8)
- age   1:    6906496 bytes,    6906496 total
- age   2:    2304920 bytes,    9211416 total
- age   3:    1510912 bytes,   10722328 total
- age   4:    2133984 bytes,   12856312 total
- age   5:    1047840 bytes,   13904152 total
- age   6:    1144648 bytes,   15048800 total
- age   7:    1667656 bytes,   16716456 total
- age   8:    1124184 bytes,   17840640 total
: 109248K->21824K(109248K), 0.0080991 secs] 297004K->215078K(502464K), 0.0081599 secs] [Times: user=0.00 sys=0.00, real=0.01 secs] 
Heap after GC invocations=182 (full 6):
 par new generation   total 109248K, used 21824K [0x00000000e0000000, 0x00000000e8000000, 0x00000000e8000000)
  eden space 87424K,   0% used [0x00000000e0000000, 0x00000000e0000000, 0x00000000e5560000)
  from space 21824K, 100% used [0x00000000e5560000, 0x00000000e6ab0000, 0x00000000e6ab0000)
  to   space 21824K,   0% used [0x00000000e6ab0000, 0x00000000e6ab0000, 0x00000000e8000000)
 concurrent mark-sweep generation total 393216K, used 193254K [0x00000000e8000000, 0x0000000100000000, 0x0000000100000000)
 Metaspace       used 32246K, capacity 32628K, committed 33020K, reserved 1079296K
  class space    used 3668K, capacity 3806K, committed 3840K, reserved 1048576K
}
2015-08-31T14:05:29.186+0200: 2391.152: Total time for which application threads were stopped: 0.0083093 seconds, Stopping threads took: 0.0000138 seconds
{Heap before GC invocations=182 (full 6):
 par new generation   total 109248K, used 109248K [0x00000000e0000000, 0x00000000e8000000, 0x00000000e8000000)
  eden space 87424K, 100% used [0x00000000e0000000, 0x00000000e5560000, 0x00000000e5560000)
  from space 21824K, 100% used [0x00000000e5560000, 0x00000000e6ab0000, 0x00000000e6ab0000)
  to   space 21824K,   0% used [0x00000000e6ab0000, 0x00000000e6ab0000, 0x00000000e8000000)
 concurrent mark-sweep generation total 393216K, used 193254K [0x00000000e8000000, 0x0000000100000000, 0x0000000100000000)
 Metaspace       used 32246K, capacity 32628K, committed 33020K, reserved 1079296K
  class space    used 3668K, capacity 3806K, committed 3840K, reserved 1048576K
2015-08-31T14:05:29.486+0200: 2391.453: [GC (Allocation Failure) 2391.453: [ParNew
Desired survivor size 20112992 bytes, new threshold 8 (max 8)
- age   1:    6499936 bytes,    6499936 total
- age   2:    2176560 bytes,    8676496 total
- age   3:    1833440 bytes,   10509936 total
- age   4:    1487704 bytes,   11997640 total
- age   5:    2113440 bytes,   14111080 total
- age   6:    1026880 bytes,   15137960 total
- age   7:    1122808 bytes,   16260768 total
- age   8:    1652456 bytes,   17913224 total
: 109248K->21824K(109248K), 0.0072300 secs] 302502K->219211K(502464K), 0.0073465 secs] [Times: user=0.00 sys=0.00, real=0.01 secs] 
Heap after GC invocations=183 (full 6):
 par new generation   total 109248K, used 21824K [0x00000000e0000000, 0x00000000e8000000, 0x00000000e8000000)
  eden space 87424K,   0% used [0x00000000e0000000, 0x00000000e0000000, 0x00000000e5560000)
  from space 21824K, 100% used [0x00000000e6ab0000, 0x00000000e8000000, 0x00000000e8000000)
  to   space 21824K,   0% used [0x00000000e5560000, 0x00000000e5560000, 0x00000000e6ab0000)
 concurrent mark-sweep generation total 393216K, used 197387K [0x00000000e8000000, 0x0000000100000000, 0x0000000100000000)
 Metaspace       used 32246K, capacity 32628K, committed 33020K, reserved 1079296K
  class space    used 3668K, capacity 3806K, committed 3840K, reserved 1048576K
}
2015-08-31T14:05:29.494+0200: 2391.460: Total time for which application threads were stopped: 0.0075196 seconds, Stopping threads took: 0.0000246 seconds
2015-08-31T14:05:29.494+0200: 2391.460: [GC (CMS Initial Mark) [1 CMS-initial-mark: 197387K(393216K)] 220933K(502464K), 0.0021232 secs] [Times: user=0.00 sys=0.00, real=0.00 secs] 
2015-08-31T14:05:29.496+0200: 2391.462: Total time for which application threads were stopped: 0.0022073 seconds, Stopping threads took: 0.0000198 seconds
2015-08-31T14:05:29.496+0200: 2391.462: [CMS-concurrent-mark-start]
2015-08-31T14:05:29.504+0200: 2391.471: [CMS-concurrent-mark: 0.008/0.008 secs] [Times: user=0.06 sys=0.00, real=0.01 secs] 
2015-08-31T14:05:29.504+0200: 2391.471: [CMS-concurrent-preclean-start]
2015-08-31T14:05:29.505+0200: 2391.472: [CMS-concurrent-preclean: 0.001/0.001 secs] [Times: user=0.00 sys=0.00, real=0.00 secs] 
2015-08-31T14:05:29.505+0200: 2391.472: [GC (CMS Final Remark) [YG occupancy: 23546 K (109248 K)]{Heap before GC invocations=183 (full 7):
 par new generation   total 109248K, used 23546K [0x00000000e0000000, 0x00000000e8000000, 0x00000000e8000000)
  eden space 87424K,   1% used [0x00000000e0000000, 0x00000000e01ae808, 0x00000000e5560000)
  from space 21824K, 100% used [0x00000000e6ab0000, 0x00000000e8000000, 0x00000000e8000000)
  to   space 21824K,   0% used [0x00000000e5560000, 0x00000000e5560000, 0x00000000e6ab0000)
 concurrent mark-sweep generation total 393216K, used 197387K [0x00000000e8000000, 0x0000000100000000, 0x0000000100000000)
 Metaspace       used 32246K, capacity 32628K, committed 33020K, reserved 1079296K
  class space    used 3668K, capacity 3806K, committed 3840K, reserved 1048576K
2015-08-31T14:05:29.505+0200: 2391.472: [GC (CMS Final Remark) 2391.472: [ParNew
Desired survivor size 20112992 bytes, new threshold 8 (max 8)
- age   1:       5336 bytes,       5336 total
- age   2:    6486248 bytes,    6491584 total
- age   3:    2173560 bytes,    8665144 total
- age   4:    1830536 bytes,   10495680 total
- age   5:    1484728 bytes,   11980408 total
- age   6:    2111064 bytes,   14091472 total
- age   7:    1023880 bytes,   15115352 total
- age   8:    1120408 bytes,   16235760 total
: 23546K->21824K(109248K), 0.0065634 secs] 220933K->220845K(502464K), 0.0066239 secs] [Times: user=0.00 sys=0.00, real=0.01 secs] 
Heap after GC invocations=184 (full 7):
 par new generation   total 109248K, used 21824K [0x00000000e0000000, 0x00000000e8000000, 0x00000000e8000000)
  eden space 87424K,   0% used [0x00000000e0000000, 0x00000000e0000000, 0x00000000e5560000)
  from space 21824K, 100% used [0x00000000e5560000, 0x00000000e6ab0000, 0x00000000e6ab0000)
  to   space 21824K,   0% used [0x00000000e6ab0000, 0x00000000e6ab0000, 0x00000000e8000000)
 concurrent mark-sweep generation total 393216K, used 199021K [0x00000000e8000000, 0x0000000100000000, 0x0000000100000000)
 Metaspace       used 32246K, capacity 32628K, committed 33020K, reserved 1079296K
  class space    used 3668K, capacity 3806K, committed 3840K, reserved 1048576K
}
2391.479: [Rescan (parallel) , 0.0019513 secs]2391.481: [weak refs processing, 0.0005898 secs]2391.481: [class unloading, 0.0049910 secs]2391.486: [scrub symbol table, 0.0030579 secs]2391.489: [scrub string table, 0.0003811 secs][1 CMS-remark: 199021K(393216K)] 220845K(502464K), 0.0183899 secs] [Times: user=0.01 sys=0.00, real=0.02 secs] 
2015-08-31T14:05:29.524+0200: 2391.490: Total time for which application threads were stopped: 0.0185111 seconds, Stopping threads took: 0.0000256 seconds
2015-08-31T14:05:29.524+0200: 2391.490: [CMS-concurrent-sweep-start]
2015-08-31T14:05:29.556+0200: 2391.523: [CMS-concurrent-sweep: 0.032/0.032 secs] [Times: user=0.06 sys=0.00, real=0.03 secs] 
2015-08-31T14:05:29.556+0200: 2391.523: [CMS-concurrent-reset-start]
2015-08-31T14:05:29.557+0200: 2391.523: [CMS-concurrent-reset: 0.000/0.000 secs] [Times: user=0.00 sys=0.00, real=0.00 secs] 
{Heap before GC invocations=184 (full 7):
 par new generation   total 109248K, used 109248K [0x00000000e0000000, 0x00000000e8000000, 0x00000000e8000000)
  eden space 87424K, 100% used [0x00000000e0000000, 0x00000000e5560000, 0x00000000e5560000)
  from space 21824K, 100% used [0x00000000e5560000, 0x00000000e6ab0000, 0x00000000e6ab0000)
  to   space 21824K,   0% used [0x00000000e6ab0000, 0x00000000e6ab0000, 0x00000000e8000000)
 concurrent mark-sweep generation total 393216K, used 46258K [0x00000000e8000000, 0x0000000100000000, 0x0000000100000000)
 Metaspace       used 32246K, capacity 32628K, committed 33020K, reserved 1079296K
  class space    used 3668K, capacity 3806K, committed 3840K, reserved 1048576K
2015-08-31T14:05:29.832+0200: 2391.798: [GC (Allocation Failure) 2391.798: [ParNew
Desired survivor size 20112992 bytes, new threshold 8 (max 8)
- age   1:   11075360 bytes,   11075360 total
- age   2:       1944 bytes,   11077304 total
- age   3:    1385288 bytes,   12462592 total
- age   4:    2138152 bytes,   14600744 total
- age   5:    1795184 bytes,   16395928 total
- age   6:    1423648 bytes,   17819576 total
- age   7:    1021424 bytes,   18841000 total
- age   8:     999704 bytes,   19840704 total
: 109248K->21824K(109248K), 0.0065394 secs] 155506K->69497K(502464K), 0.0066006 secs] [Times: user=0.00 sys=0.00, real=0.01 secs] 
Heap after GC invocations=185 (full 7):
 par new generation   total 109248K, used 21824K [0x00000000e0000000, 0x00000000e8000000, 0x00000000e8000000)
  eden space 87424K,   0% used [0x00000000e0000000, 0x00000000e0000000, 0x00000000e5560000)
  from space 21824K, 100% used [0x00000000e6ab0000, 0x00000000e8000000, 0x00000000e8000000)
  to   space 21824K,   0% used [0x00000000e5560000, 0x00000000e5560000, 0x00000000e6ab0000)
 concurrent mark-sweep generation total 393216K, used 47673K [0x00000000e8000000, 0x0000000100000000, 0x0000000100000000)
 Metaspace       used 32246K, capacity 32628K, committed 33020K, reserved 1079296K
  class space    used 3668K, capacity 3806K, committed 3840K, reserved 1048576K
}
2015-08-31T14:05:29.838+0200: 2391.805: Total time for which application threads were stopped: 0.0067574 seconds, Stopping threads took: 0.0000214 seconds
{Heap before GC invocations=185 (full 7):
 par new generation   total 109248K, used 109173K [0x00000000e0000000, 0x00000000e8000000, 0x00000000e8000000)
  eden space 87424K,  99% used [0x00000000e0000000, 0x00000000e554d4f0, 0x00000000e5560000)
  from space 21824K, 100% used [0x00000000e6ab0000, 0x00000000e8000000, 0x00000000e8000000)
  to   space 21824K,   0% used [0x00000000e5560000, 0x00000000e5560000, 0x00000000e6ab0000)
 concurrent mark-sweep generation total 393216K, used 47673K [0x00000000e8000000, 0x0000000100000000, 0x0000000100000000)
 Metaspace       used 32246K, capacity 32628K, committed 33020K, reserved 1079296K
  class space    used 3668K, capacity 3806K, committed 3840K, reserved 1048576K
2015-08-31T14:05:30.152+0200: 2392.118: [GC (Allocation Failure) 2392.118: [ParNew
Desired survivor size 20112992 bytes, new threshold 8 (max 8)
- age   1:    5314024 bytes,    5314024 total
- age   2:    5369968 bytes,   10683992 total
- age   3:       1912 bytes,   10685904 total
- age   4:    1371896 bytes,   12057800 total
- age   5:    2127912 bytes,   14185712 total
- age   6:    1786824 bytes,   15972536 total
- age   7:    1156632 bytes,   17129168 total
- age   8:    1015224 bytes,   18144392 total
: 109173K->21824K(109248K), 0.0078236 secs] 156846K->76142K(502464K), 0.0078972 secs] [Times: user=0.06 sys=0.00, real=0.01 secs] 
Heap after GC invocations=186 (full 7):
 par new generation   total 109248K, used 21824K [0x00000000e0000000, 0x00000000e8000000, 0x00000000e8000000)
  eden space 87424K,   0% used [0x00000000e0000000, 0x00000000e0000000, 0x00000000e5560000)
  from space 21824K, 100% used [0x00000000e5560000, 0x00000000e6ab0000, 0x00000000e6ab0000)
  to   space 21824K,   0% used [0x00000000e6ab0000, 0x00000000e6ab0000, 0x00000000e8000000)
 concurrent mark-sweep generation total 393216K, used 54318K [0x00000000e8000000, 0x0000000100000000, 0x0000000100000000)
 Metaspace       used 32246K, capacity 32628K, committed 33020K, reserved 1079296K
  class space    used 3668K, capacity 3806K, committed 3840K, reserved 1048576K
}
2015-08-31T14:05:30.160+0200: 2392.126: Total time for which application threads were stopped: 0.0080511 seconds, Stopping threads took: 0.0000147 seconds
{Heap before GC invocations=186 (full 7):
 par new generation   total 109248K, used 109248K [0x00000000e0000000, 0x00000000e8000000, 0x00000000e8000000)
  eden space 87424K, 100% used [0x00000000e0000000, 0x00000000e5560000, 0x00000000e5560000)
  from space 21824K, 100% used [0x00000000e5560000, 0x00000000e6ab0000, 0x00000000e6ab0000)
  to   space 21824K,   0% used [0x00000000e6ab0000, 0x00000000e6ab0000, 0x00000000e8000000)
 concurrent mark-sweep generation total 393216K, used 54318K [0x00000000e8000000, 0x0000000100000000, 0x0000000100000000)
 Metaspace       used 32246K, capacity 32628K, committed 33020K, reserved 1079296K
  class space    used 3668K, capacity 3806K, committed 3840K, reserved 1048576K
2015-08-31T14:05:30.475+0200: 2392.440: [GC (Allocation Failure) 2392.441: [ParNew
Desired survivor size 20112992 bytes, new threshold 8 (max 8)
- age   1:    3269440 bytes,    3269440 total
- age   2:    5277952 bytes,    8547392 total
- age   3:    4744840 bytes,   13292232 total
- age   4:       1816 bytes,   13294048 total
- age   5:    1357048 bytes,   14651096 total
- age   6:    2120040 bytes,   16771136 total
- age   7:    1779224 bytes,   18550360 total
- age   8:    1150288 bytes,   19700648 total
: 109248K->21824K(109248K), 0.0079682 secs] 163566K->79266K(502464K), 0.0080293 secs] [Times: user=0.00 sys=0.00, real=0.01 secs] 
Heap after GC invocations=187 (full 7):
 par new generation   total 109248K, used 21824K [0x00000000e0000000, 0x00000000e8000000, 0x00000000e8000000)
  eden space 87424K,   0% used [0x00000000e0000000, 0x00000000e0000000, 0x00000000e5560000)
  from space 21824K, 100% used [0x00000000e6ab0000, 0x00000000e8000000, 0x00000000e8000000)
  to   space 21824K,   0% used [0x00000000e5560000, 0x00000000e5560000, 0x00000000e6ab0000)
 concurrent mark-sweep generation total 393216K, used 57442K [0x00000000e8000000, 0x0000000100000000, 0x0000000100000000)
 Metaspace       used 32246K, capacity 32628K, committed 33020K, reserved 1079296K
  class space    used 3668K, capacity 3806K, committed 3840K, reserved 1048576K
}
2015-08-31T14:05:30.483+0200: 2392.449: Total time for which application threads were stopped: 0.0081756 seconds, Stopping threads took: 0.0000138 seconds
{Heap before GC invocations=187 (full 7):
 par new generation   total 109248K, used 109248K [0x00000000e0000000, 0x00000000e8000000, 0x00000000e8000000)
  eden space 87424K, 100% used [0x00000000e0000000, 0x00000000e5560000, 0x00000000e5560000)
  from space 21824K, 100% used [0x00000000e6ab0000, 0x00000000e8000000, 0x00000000e8000000)
  to   space 21824K,   0% used [0x00000000e5560000, 0x00000000e5560000, 0x00000000e6ab0000)
 concurrent mark-sweep generation total 393216K, used 57442K [0x00000000e8000000, 0x0000000100000000, 0x0000000100000000)
 Metaspace       used 32246K, capacity 32628K, committed 33020K, reserved 1079296K
  class space    used 3668K, capacity 3806K, committed 3840K, reserved 1048576K
2015-08-31T14:05:30.779+0200: 2392.745: [GC (Allocation Failure) 2392.745: [ParNew
Desired survivor size 20112992 bytes, new threshold 8 (max 8)
- age   1:    5172904 bytes,    5172904 total
- age   2:    2458488 bytes,    7631392 total
- age   3:    2853760 bytes,   10485152 total
- age   4:    4360352 bytes,   14845504 total
- age   5:       1464 bytes,   14846968 total
- age   6:    1244744 bytes,   16091712 total
- age   7:    1781112 bytes,   17872824 total
- age   8:    1708000 bytes,   19580824 total
: 109248K->21824K(109248K), 0.0086469 secs] 166690K->86653K(502464K), 0.0087109 secs] [Times: user=0.00 sys=0.00, real=0.01 secs] 
Heap after GC invocations=188 (full 7):
 par new generation   total 109248K, used 21824K [0x00000000e0000000, 0x00000000e8000000, 0x00000000e8000000)
  eden space 87424K,   0% used [0x00000000e0000000, 0x00000000e0000000, 0x00000000e5560000)
  from space 21824K, 100% used [0x00000000e5560000, 0x00000000e6ab0000, 0x00000000e6ab0000)
  to   space 21824K,   0% used [0x00000000e6ab0000, 0x00000000e6ab0000, 0x00000000e8000000)
 concurrent mark-sweep generation total 393216K, used 64829K [0x00000000e8000000, 0x0000000100000000, 0x0000000100000000)
 Metaspace       used 32246K, capacity 32628K, committed 33020K, reserved 1079296K
  class space    used 3668K, capacity 3806K, committed 3840K, reserved 1048576K
}
2015-08-31T14:05:30.788+0200: 2392.753: Total time for which application threads were stopped: 0.0088600 seconds, Stopping threads took: 0.0000144 seconds
{Heap before GC invocations=188 (full 7):
 par new generation   total 109248K, used 109248K [0x00000000e0000000, 0x00000000e8000000, 0x00000000e8000000)
  eden space 87424K, 100% used [0x00000000e0000000, 0x00000000e5560000, 0x00000000e5560000)
  from space 21824K, 100% used [0x00000000e5560000, 0x00000000e6ab0000, 0x00000000e6ab0000)
  to   space 21824K,   0% used [0x00000000e6ab0000, 0x00000000e6ab0000, 0x00000000e8000000)
 concurrent mark-sweep generation total 393216K, used 64829K [0x00000000e8000000, 0x0000000100000000, 0x0000000100000000)
 Metaspace       used 32246K, capacity 32628K, committed 33020K, reserved 1079296K
  class space    used 3668K, capacity 3806K, committed 3840K, reserved 1048576K
2015-08-31T14:05:31.113+0200: 2393.079: [GC (Allocation Failure) 2393.079: [ParNew
Desired survivor size 20112992 bytes, new threshold 8 (max 8)
- age   1:    5438360 bytes,    5438360 total
- age   2:    2675832 bytes,    8114192 total
- age   3:    2010360 bytes,   10124552 total
- age   4:    2785656 bytes,   12910208 total
- age   5:    4315984 bytes,   17226192 total
- age   6:       1432 bytes,   17227624 total
- age   7:    1200280 bytes,   18427904 total
- age   8:    1220624 bytes,   19648528 total
: 109248K->21824K(109248K), 0.0084367 secs] 174077K->90436K(502464K), 0.0084978 secs] [Times: user=0.01 sys=0.00, real=0.01 secs] 
Heap after GC invocations=189 (full 7):
 par new generation   total 109248K, used 21824K [0x00000000e0000000, 0x00000000e8000000, 0x00000000e8000000)
  eden space 87424K,   0% used [0x00000000e0000000, 0x00000000e0000000, 0x00000000e5560000)
  from space 21824K, 100% used [0x00000000e6ab0000, 0x00000000e8000000, 0x00000000e8000000)
  to   space 21824K,   0% used [0x00000000e5560000, 0x00000000e5560000, 0x00000000e6ab0000)
 concurrent mark-sweep generation total 393216K, used 68612K [0x00000000e8000000, 0x0000000100000000, 0x0000000100000000)
 Metaspace       used 32246K, capacity 32628K, committed 33020K, reserved 1079296K
  class space    used 3668K, capacity 3806K, committed 3840K, reserved 1048576K
}
2015-08-31T14:05:31.122+0200: 2393.087: Total time for which application threads were stopped: 0.0086482 seconds, Stopping threads took: 0.0000144 seconds
{Heap before GC invocations=189 (full 7):
 par new generation   total 109248K, used 109248K [0x00000000e0000000, 0x00000000e8000000, 0x00000000e8000000)
  eden space 87424K, 100% used [0x00000000e0000000, 0x00000000e5560000, 0x00000000e5560000)
  from space 21824K, 100% used [0x00000000e6ab0000, 0x00000000e8000000, 0x00000000e8000000)
  to   space 21824K,   0% used [0x00000000e5560000, 0x00000000e5560000, 0x00000000e6ab0000)
 concurrent mark-sweep generation total 393216K, used 68612K [0x00000000e8000000, 0x0000000100000000, 0x0000000100000000)
 Metaspace       used 32246K, capacity 32628K, committed 33020K, reserved 1079296K
  class space    used 3668K, capacity 3806K, committed 3840K, reserved 1048576K
2015-08-31T14:05:31.420+0200: 2393.385: [GC (Allocation Failure) 2393.385: [ParNew
Desired survivor size 20112992 bytes, new threshold 8 (max 8)
- age   1:    2854296 bytes,    2854296 total
- age   2:    4788944 bytes,    7643240 total
- age   3:    2634456 bytes,   10277696 total
- age   4:    1974944 bytes,   12252640 total
- age   5:    2408168 bytes,   14660808 total
- age   6:    3941016 bytes,   18601824 total
- age   7:       1368 bytes,   18603192 total
- age   8:    1061696 bytes,   19664888 total
: 109248K->21824K(109248K), 0.0087125 secs] 177860K->99260K(502464K), 0.0087765 secs] [Times: user=0.00 sys=0.00, real=0.01 secs] 
Heap after GC invocations=190 (full 7):
 par new generation   total 109248K, used 21824K [0x00000000e0000000, 0x00000000e8000000, 0x00000000e8000000)
  eden space 87424K,   0% used [0x00000000e0000000, 0x00000000e0000000, 0x00000000e5560000)
  from space 21824K, 100% used [0x00000000e5560000, 0x00000000e6ab0000, 0x00000000e6ab0000)
  to   space 21824K,   0% used [0x00000000e6ab0000, 0x00000000e6ab0000, 0x00000000e8000000)
 concurrent mark-sweep generation total 393216K, used 77436K [0x00000000e8000000, 0x0000000100000000, 0x0000000100000000)
 Metaspace       used 32246K, capacity 32628K, committed 33020K, reserved 1079296K
  class space    used 3668K, capacity 3806K, committed 3840K, reserved 1048576K
}
2015-08-31T14:05:31.429+0200: 2393.394: Total time for which application threads were stopped: 0.0089221 seconds, Stopping threads took: 0.0000144 seconds
{Heap before GC invocations=190 (full 7):
 par new generation   total 109248K, used 109248K [0x00000000e0000000, 0x00000000e8000000, 0x00000000e8000000)
  eden space 87424K, 100% used [0x00000000e0000000, 0x00000000e5560000, 0x00000000e5560000)
  from space 21824K, 100% used [0x00000000e5560000, 0x00000000e6ab0000, 0x00000000e6ab0000)
  to   space 21824K,   0% used [0x00000000e6ab0000, 0x00000000e6ab0000, 0x00000000e8000000)
 concurrent mark-sweep generation total 393216K, used 77436K [0x00000000e8000000, 0x0000000100000000, 0x0000000100000000)
 Metaspace       used 32246K, capacity 32628K, committed 33020K, reserved 1079296K
  class space    used 3668K, capacity 3806K, committed 3840K, reserved 1048576K
2015-08-31T14:05:31.741+0200: 2393.707: [GC (Allocation Failure) 2393.707: [ParNew
Desired survivor size 20112992 bytes, new threshold 8 (max 8)
- age   1:    3934296 bytes,    3934296 total
- age   2:    2638568 bytes,    6572864 total
- age   3:    2824720 bytes,    9397584 total
- age   4:    1643104 bytes,   11040688 total
- age   5:    1775104 bytes,   12815792 total
- age   6:    2307112 bytes,   15122904 total
- age   7:    3889344 bytes,   19012248 total
- age   8:       1368 bytes,   19013616 total
: 109248K->21824K(109248K), 0.0093400 secs] 186684K->103351K(502464K), 0.0094188 secs] [Times: user=0.06 sys=0.00, real=0.01 secs] 
Heap after GC invocations=191 (full 7):
 par new generation   total 109248K, used 21824K [0x00000000e0000000, 0x00000000e8000000, 0x00000000e8000000)
  eden space 87424K,   0% used [0x00000000e0000000, 0x00000000e0000000, 0x00000000e5560000)
  from space 21824K, 100% used [0x00000000e6ab0000, 0x00000000e8000000, 0x00000000e8000000)
  to   space 21824K,   0% used [0x00000000e5560000, 0x00000000e5560000, 0x00000000e6ab0000)
 concurrent mark-sweep generation total 393216K, used 81527K [0x00000000e8000000, 0x0000000100000000, 0x0000000100000000)
 Metaspace       used 32246K, capacity 32628K, committed 33020K, reserved 1079296K
  class space    used 3668K, capacity 3806K, committed 3840K, reserved 1048576K
}
2015-08-31T14:05:31.751+0200: 2393.717: Total time for which application threads were stopped: 0.0095685 seconds, Stopping threads took: 0.0000138 seconds
{Heap before GC invocations=191 (full 7):
 par new generation   total 109248K, used 109083K [0x00000000e0000000, 0x00000000e8000000, 0x00000000e8000000)
  eden space 87424K,  99% used [0x00000000e0000000, 0x00000000e5536c08, 0x00000000e5560000)
  from space 21824K, 100% used [0x00000000e6ab0000, 0x00000000e8000000, 0x00000000e8000000)
  to   space 21824K,   0% used [0x00000000e5560000, 0x00000000e5560000, 0x00000000e6ab0000)
 concurrent mark-sweep generation total 393216K, used 81527K [0x00000000e8000000, 0x0000000100000000, 0x0000000100000000)
 Metaspace       used 32246K, capacity 32628K, committed 33020K, reserved 1079296K
  class space    used 3668K, capacity 3806K, committed 3840K, reserved 1048576K
2015-08-31T14:05:32.043+0200: 2394.008: [GC (Allocation Failure) 2394.008: [ParNew
Desired survivor size 20112992 bytes, new threshold 8 (max 8)
- age   1:    2722368 bytes,    2722368 total
- age   2:    2625224 bytes,    5347592 total
- age   3:    2541896 bytes,    7889488 total
- age   4:    2733600 bytes,   10623088 total
- age   5:    1599328 bytes,   12222416 total
- age   6:    1736248 bytes,   13958664 total
- age   7:    2270920 bytes,   16229584 total
- age   8:    3852776 bytes,   20082360 total
: 109083K->21824K(109248K), 0.0089935 secs] 190610K->113229K(502464K), 0.0090594 secs] [Times: user=0.00 sys=0.00, real=0.01 secs] 
Heap after GC invocations=192 (full 7):
 par new generation   total 109248K, used 21824K [0x00000000e0000000, 0x00000000e8000000, 0x00000000e8000000)
  eden space 87424K,   0% used [0x00000000e0000000, 0x00000000e0000000, 0x00000000e5560000)
  from space 21824K, 100% used [0x00000000e5560000, 0x00000000e6ab0000, 0x00000000e6ab0000)
  to   space 21824K,   0% used [0x00000000e6ab0000, 0x00000000e6ab0000, 0x00000000e8000000)
 concurrent mark-sweep generation total 393216K, used 91405K [0x00000000e8000000, 0x0000000100000000, 0x0000000100000000)
 Metaspace       used 32246K, capacity 32628K, committed 33020K, reserved 1079296K
  class space    used 3668K, capacity 3806K, committed 3840K, reserved 1048576K
}
2015-08-31T14:05:32.052+0200: 2394.018: Total time for which application threads were stopped: 0.0092143 seconds, Stopping threads took: 0.0000138 seconds
{Heap before GC invocations=192 (full 7):
 par new generation   total 109248K, used 109248K [0x00000000e0000000, 0x00000000e8000000, 0x00000000e8000000)
  eden space 87424K, 100% used [0x00000000e0000000, 0x00000000e5560000, 0x00000000e5560000)
  from space 21824K, 100% used [0x00000000e5560000, 0x00000000e6ab0000, 0x00000000e6ab0000)
  to   space 21824K,   0% used [0x00000000e6ab0000, 0x00000000e6ab0000, 0x00000000e8000000)
 concurrent mark-sweep generation total 393216K, used 91405K [0x00000000e8000000, 0x0000000100000000, 0x0000000100000000)
 Metaspace       used 32246K, capacity 32628K, committed 33020K, reserved 1079296K
  class space    used 3668K, capacity 3806K, committed 3840K, reserved 1048576K
2015-08-31T14:05:32.370+0200: 2394.335: [GC (Allocation Failure) 2394.335: [ParNew
Desired survivor size 20112992 bytes, new threshold 8 (max 8)
- age   1:    2242408 bytes,    2242408 total
- age   2:    2529544 bytes,    4771952 total
- age   3:    1385088 bytes,    6157040 total
- age   4:    2494704 bytes,    8651744 total
- age   5:    2157408 bytes,   10809152 total
- age   6:    1560416 bytes,   12369568 total
- age   7:    1688024 bytes,   14057592 total
- age   8:    2233776 bytes,   16291368 total
: 109248K->21824K(109248K), 0.0085410 secs] 200653K->119853K(502464K), 0.0086012 secs] [Times: user=0.00 sys=0.00, real=0.01 secs] 
Heap after GC invocations=193 (full 7):
 par new generation   total 109248K, used 21824K [0x00000000e0000000, 0x00000000e8000000, 0x00000000e8000000)
  eden space 87424K,   0% used [0x00000000e0000000, 0x00000000e0000000, 0x00000000e5560000)
  from space 21824K, 100% used [0x00000000e6ab0000, 0x00000000e8000000, 0x00000000e8000000)
  to   space 21824K,   0% used [0x00000000e5560000, 0x00000000e5560000, 0x00000000e6ab0000)
 concurrent mark-sweep generation total 393216K, used 98029K [0x00000000e8000000, 0x0000000100000000, 0x0000000100000000)
 Metaspace       used 32246K, capacity 32628K, committed 33020K, reserved 1079296K
  class space    used 3668K, capacity 3806K, committed 3840K, reserved 1048576K
}
2015-08-31T14:05:32.378+0200: 2394.344: Total time for which application threads were stopped: 0.0087509 seconds, Stopping threads took: 0.0000138 seconds
{Heap before GC invocations=193 (full 7):
 par new generation   total 109248K, used 109248K [0x00000000e0000000, 0x00000000e8000000, 0x00000000e8000000)
  eden space 87424K, 100% used [0x00000000e0000000, 0x00000000e5560000, 0x00000000e5560000)
  from space 21824K, 100% used [0x00000000e6ab0000, 0x00000000e8000000, 0x00000000e8000000)
  to   space 21824K,   0% used [0x00000000e5560000, 0x00000000e5560000, 0x00000000e6ab0000)
 concurrent mark-sweep generation total 393216K, used 98029K [0x00000000e8000000, 0x0000000100000000, 0x0000000100000000)
 Metaspace       used 32246K, capacity 32628K, committed 33020K, reserved 1079296K
  class space    used 3668K, capacity 3806K, committed 3840K, reserved 1048576K
2015-08-31T14:05:32.691+0200: 2394.656: [GC (Allocation Failure) 2394.656: [ParNew
Desired survivor size 20112992 bytes, new threshold 8 (max 8)
- age   1:    6461104 bytes,    6461104 total
- age   2:    2054496 bytes,    8515600 total
- age   3:    2158760 bytes,   10674360 total
- age   4:    1385592 bytes,   12059952 total
- age   5:    2496096 bytes,   14556048 total
- age   6:    2158032 bytes,   16714080 total
- age   7:    1561736 bytes,   18275816 total
- age   8:    1688888 bytes,   19964704 total
: 109248K->21824K(109248K), 0.0083551 secs] 207277K->122059K(502464K), 0.0084143 secs] [Times: user=0.05 sys=0.00, real=0.01 secs] 
Heap after GC invocations=194 (full 7):
 par new generation   total 109248K, used 21824K [0x00000000e0000000, 0x00000000e8000000, 0x00000000e8000000)
  eden space 87424K,   0% used [0x00000000e0000000, 0x00000000e0000000, 0x00000000e5560000)
  from space 21824K, 100% used [0x00000000e5560000, 0x00000000e6ab0000, 0x00000000e6ab0000)
  to   space 21824K,   0% used [0x00000000e6ab0000, 0x00000000e6ab0000, 0x00000000e8000000)
 concurrent mark-sweep generation total 393216K, used 100235K [0x00000000e8000000, 0x0000000100000000, 0x0000000100000000)
 Metaspace       used 32246K, capacity 32628K, committed 33020K, reserved 1079296K
  class space    used 3668K, capacity 3806K, committed 3840K, reserved 1048576K
}
2015-08-31T14:05:32.699+0200: 2394.665: Total time for which application threads were stopped: 0.0085855 seconds, Stopping threads took: 0.0000144 seconds
{Heap before GC invocations=194 (full 7):
 par new generation   total 109248K, used 109248K [0x00000000e0000000, 0x00000000e8000000, 0x00000000e8000000)
  eden space 87424K, 100% used [0x00000000e0000000, 0x00000000e5560000, 0x00000000e5560000)
  from space 21824K, 100% used [0x00000000e5560000, 0x00000000e6ab0000, 0x00000000e6ab0000)
  to   space 21824K,   0% used [0x00000000e6ab0000, 0x00000000e6ab0000, 0x00000000e8000000)
 concurrent mark-sweep generation total 393216K, used 100235K [0x00000000e8000000, 0x0000000100000000, 0x0000000100000000)
 Metaspace       used 32246K, capacity 32628K, committed 33020K, reserved 1079296K
  class space    used 3668K, capacity 3806K, committed 3840K, reserved 1048576K
2015-08-31T14:05:32.995+0200: 2394.961: [GC (Allocation Failure) 2394.961: [ParNew
Desired survivor size 20112992 bytes, new threshold 8 (max 8)
- age   1:    4368600 bytes,    4368600 total
- age   2:    5529048 bytes,    9897648 total
- age   3:    1906392 bytes,   11804040 total
- age   4:    2105320 bytes,   13909360 total
- age   5:    1330904 bytes,   15240264 total
- age   6:    2435336 bytes,   17675600 total
- age   7:    2099632 bytes,   19775232 total
- age   8:    1508088 bytes,   21283320 total
: 109248K->21824K(109248K), 0.0103221 secs] 209483K->131762K(502464K), 0.0103906 secs] [Times: user=0.00 sys=0.00, real=0.01 secs] 
Heap after GC invocations=195 (full 7):
 par new generation   total 109248K, used 21824K [0x00000000e0000000, 0x00000000e8000000, 0x00000000e8000000)
  eden space 87424K,   0% used [0x00000000e0000000, 0x00000000e0000000, 0x00000000e5560000)
  from space 21824K, 100% used [0x00000000e6ab0000, 0x00000000e8000000, 0x00000000e8000000)
  to   space 21824K,   0% used [0x00000000e5560000, 0x00000000e5560000, 0x00000000e6ab0000)
 concurrent mark-sweep generation total 393216K, used 109938K [0x00000000e8000000, 0x0000000100000000, 0x0000000100000000)
 Metaspace       used 32246K, capacity 32628K, committed 33020K, reserved 1079296K
  class space    used 3668K, capacity 3806K, committed 3840K, reserved 1048576K
}
2015-08-31T14:05:33.006+0200: 2394.971: Total time for which application threads were stopped: 0.0105471 seconds, Stopping threads took: 0.0000144 seconds
{Heap before GC invocations=195 (full 7):
 par new generation   total 109248K, used 109248K [0x00000000e0000000, 0x00000000e8000000, 0x00000000e8000000)
  eden space 87424K, 100% used [0x00000000e0000000, 0x00000000e5560000, 0x00000000e5560000)
  from space 21824K, 100% used [0x00000000e6ab0000, 0x00000000e8000000, 0x00000000e8000000)
  to   space 21824K,   0% used [0x00000000e5560000, 0x00000000e5560000, 0x00000000e6ab0000)
 concurrent mark-sweep generation total 393216K, used 109938K [0x00000000e8000000, 0x0000000100000000, 0x0000000100000000)
 Metaspace       used 32246K, capacity 32628K, committed 33020K, reserved 1079296K
  class space    used 3668K, capacity 3806K, committed 3840K, reserved 1048576K
2015-08-31T14:05:33.328+0200: 2395.294: [GC (Allocation Failure) 2395.294: [ParNew
Desired survivor size 20112992 bytes, new threshold 8 (max 8)
- age   1:    2246104 bytes,    2246104 total
- age   2:    3963504 bytes,    6209608 total
- age   3:    4412688 bytes,   10622296 total
- age   4:    1415944 bytes,   12038240 total
- age   5:    2090096 bytes,   14128336 total
- age   6:    1295600 bytes,   15423936 total
- age   7:    2399304 bytes,   17823240 total
- age   8:    2062280 bytes,   19885520 total
: 109248K->21824K(109248K), 0.0092223 secs] 219186K->136092K(502464K), 0.0092824 secs] [Times: user=0.05 sys=0.00, real=0.01 secs] 
Heap after GC invocations=196 (full 7):
 par new generation   total 109248K, used 21824K [0x00000000e0000000, 0x00000000e8000000, 0x00000000e8000000)
  eden space 87424K,   0% used [0x00000000e0000000, 0x00000000e0000000, 0x00000000e5560000)
  from space 21824K, 100% used [0x00000000e5560000, 0x00000000e6ab0000, 0x00000000e6ab0000)
  to   space 21824K,   0% used [0x00000000e6ab0000, 0x00000000e6ab0000, 0x00000000e8000000)
 concurrent mark-sweep generation total 393216K, used 114268K [0x00000000e8000000, 0x0000000100000000, 0x0000000100000000)
 Metaspace       used 32246K, capacity 32628K, committed 33020K, reserved 1079296K
  class space    used 3668K, capacity 3806K, committed 3840K, reserved 1048576K
}
2015-08-31T14:05:33.338+0200: 2395.303: Total time for which application threads were stopped: 0.0094492 seconds, Stopping threads took: 0.0000138 seconds
{Heap before GC invocations=196 (full 7):
 par new generation   total 109248K, used 109248K [0x00000000e0000000, 0x00000000e8000000, 0x00000000e8000000)
  eden space 87424K, 100% used [0x00000000e0000000, 0x00000000e5560000, 0x00000000e5560000)
  from space 21824K, 100% used [0x00000000e5560000, 0x00000000e6ab0000, 0x00000000e6ab0000)
  to   space 21824K,   0% used [0x00000000e6ab0000, 0x00000000e6ab0000, 0x00000000e8000000)
 concurrent mark-sweep generation total 393216K, used 114268K [0x00000000e8000000, 0x0000000100000000, 0x0000000100000000)
 Metaspace       used 32246K, capacity 32628K, committed 33020K, reserved 1079296K
  class space    used 3668K, capacity 3806K, committed 3840K, reserved 1048576K
2015-08-31T14:05:33.665+0200: 2395.631: [GC (Allocation Failure) 2395.631: [ParNew
Desired survivor size 20112992 bytes, new threshold 8 (max 8)
- age   1:    5723504 bytes,    5723504 total
- age   2:    2173264 bytes,    7896768 total
- age   3:    3941696 bytes,   11838464 total
- age   4:    1878448 bytes,   13716912 total
- age   5:    1395192 bytes,   15112104 total
- age   6:    1106320 bytes,   16218424 total
- age   7:    1277608 bytes,   17496032 total
- age   8:    1511696 bytes,   19007728 total
: 109248K->21824K(109248K), 0.0093928 secs] 223516K->145775K(502464K), 0.0094783 secs] [Times: user=0.00 sys=0.00, real=0.01 secs] 
Heap after GC invocations=197 (full 7):
 par new generation   total 109248K, used 21824K [0x00000000e0000000, 0x00000000e8000000, 0x00000000e8000000)
  eden space 87424K,   0% used [0x00000000e0000000, 0x00000000e0000000, 0x00000000e5560000)
  from space 21824K, 100% used [0x00000000e6ab0000, 0x00000000e8000000, 0x00000000e8000000)
  to   space 21824K,   0% used [0x00000000e5560000, 0x00000000e5560000, 0x00000000e6ab0000)
 concurrent mark-sweep generation total 393216K, used 123951K [0x00000000e8000000, 0x0000000100000000, 0x0000000100000000)
 Metaspace       used 32246K, capacity 32628K, committed 33020K, reserved 1079296K
  class space    used 3668K, capacity 3806K, committed 3840K, reserved 1048576K
}
2015-08-31T14:05:33.675+0200: 2395.640: Total time for which application threads were stopped: 0.0096264 seconds, Stopping threads took: 0.0000138 seconds
{Heap before GC invocations=197 (full 7):
 par new generation   total 109248K, used 109248K [0x00000000e0000000, 0x00000000e8000000, 0x00000000e8000000)
  eden space 87424K, 100% used [0x00000000e0000000, 0x00000000e5560000, 0x00000000e5560000)
  from space 21824K, 100% used [0x00000000e6ab0000, 0x00000000e8000000, 0x00000000e8000000)
  to   space 21824K,   0% used [0x00000000e5560000, 0x00000000e5560000, 0x00000000e6ab0000)
 concurrent mark-sweep generation total 393216K, used 123951K [0x00000000e8000000, 0x0000000100000000, 0x0000000100000000)
 Metaspace       used 32246K, capacity 32628K, committed 33020K, reserved 1079296K
  class space    used 3668K, capacity 3806K, committed 3840K, reserved 1048576K
2015-08-31T14:05:33.969+0200: 2395.935: [GC (Allocation Failure) 2395.935: [ParNew
Desired survivor size 20112992 bytes, new threshold 8 (max 8)
- age   1:    5851216 bytes,    5851216 total
- age   2:    4324480 bytes,   10175696 total
- age   3:    1940440 bytes,   12116136 total
- age   4:    2755336 bytes,   14871472 total
- age   5:    1831104 bytes,   16702576 total
- age   6:    1326920 bytes,   18029496 total
- age   7:    1077832 bytes,   19107328 total
- age   8:    1208440 bytes,   20315768 total
: 109248K->21824K(109248K), 0.0097349 secs] 233199K->155310K(502464K), 0.0097973 secs] [Times: user=0.06 sys=0.00, real=0.01 secs] 
Heap after GC invocations=198 (full 7):
 par new generation   total 109248K, used 21824K [0x00000000e0000000, 0x00000000e8000000, 0x00000000e8000000)
  eden space 87424K,   0% used [0x00000000e0000000, 0x00000000e0000000, 0x00000000e5560000)
  from space 21824K, 100% used [0x00000000e5560000, 0x00000000e6ab0000, 0x00000000e6ab0000)
  to   space 21824K,   0% used [0x00000000e6ab0000, 0x00000000e6ab0000, 0x00000000e8000000)
 concurrent mark-sweep generation total 393216K, used 133486K [0x00000000e8000000, 0x0000000100000000, 0x0000000100000000)
 Metaspace       used 32246K, capacity 32628K, committed 33020K, reserved 1079296K
  class space    used 3668K, capacity 3806K, committed 3840K, reserved 1048576K
}
2015-08-31T14:05:33.979+0200: 2395.945: Total time for which application threads were stopped: 0.0099461 seconds, Stopping threads took: 0.0000134 seconds
{Heap before GC invocations=198 (full 7):
 par new generation   total 109248K, used 109248K [0x00000000e0000000, 0x00000000e8000000, 0x00000000e8000000)
  eden space 87424K, 100% used [0x00000000e0000000, 0x00000000e5560000, 0x00000000e5560000)
  from space 21824K, 100% used [0x00000000e5560000, 0x00000000e6ab0000, 0x00000000e6ab0000)
  to   space 21824K,   0% used [0x00000000e6ab0000, 0x00000000e6ab0000, 0x00000000e8000000)
 concurrent mark-sweep generation total 393216K, used 133486K [0x00000000e8000000, 0x0000000100000000, 0x0000000100000000)
 Metaspace       used 32246K, capacity 32628K, committed 33020K, reserved 1079296K
  class space    used 3668K, capacity 3806K, committed 3840K, reserved 1048576K
2015-08-31T14:05:34.285+0200: 2396.251: [GC (Allocation Failure) 2396.251: [ParNew
Desired survivor size 20112992 bytes, new threshold 8 (max 8)
- age   1:    6279000 bytes,    6279000 total
- age   2:    3322088 bytes,    9601088 total
- age   3:    1682056 bytes,   11283144 total
- age   4:    1748528 bytes,   13031672 total
- age   5:    2752728 bytes,   15784400 total
- age   6:    1827664 bytes,   17612064 total
- age   7:    1324424 bytes,   18936488 total
- age   8:    1074888 bytes,   20011376 total
: 109248K->21824K(109248K), 0.0090815 secs] 242734K->159757K(502464K), 0.0091452 secs] [Times: user=0.06 sys=0.00, real=0.01 secs] 
Heap after GC invocations=199 (full 7):
 par new generation   total 109248K, used 21824K [0x00000000e0000000, 0x00000000e8000000, 0x00000000e8000000)
  eden space 87424K,   0% used [0x00000000e0000000, 0x00000000e0000000, 0x00000000e5560000)
  from space 21824K, 100% used [0x00000000e6ab0000, 0x00000000e8000000, 0x00000000e8000000)
  to   space 21824K,   0% used [0x00000000e5560000, 0x00000000e5560000, 0x00000000e6ab0000)
 concurrent mark-sweep generation total 393216K, used 137933K [0x00000000e8000000, 0x0000000100000000, 0x0000000100000000)
 Metaspace       used 32246K, capacity 32628K, committed 33020K, reserved 1079296K
  class space    used 3668K, capacity 3806K, committed 3840K, reserved 1048576K
}
2015-08-31T14:05:34.295+0200: 2396.260: Total time for which application threads were stopped: 0.0092943 seconds, Stopping threads took: 0.0000138 seconds
{Heap before GC invocations=199 (full 7):
 par new generation   total 109248K, used 109248K [0x00000000e0000000, 0x00000000e8000000, 0x00000000e8000000)
  eden space 87424K, 100% used [0x00000000e0000000, 0x00000000e5560000, 0x00000000e5560000)
  from space 21824K, 100% used [0x00000000e6ab0000, 0x00000000e8000000, 0x00000000e8000000)
  to   space 21824K,   0% used [0x00000000e5560000, 0x00000000e5560000, 0x00000000e6ab0000)
 concurrent mark-sweep generation total 393216K, used 137933K [0x00000000e8000000, 0x0000000100000000, 0x0000000100000000)
 Metaspace       used 32246K, capacity 32628K, committed 33020K, reserved 1079296K
  class space    used 3668K, capacity 3806K, committed 3840K, reserved 1048576K
2015-08-31T14:05:34.619+0200: 2396.584: [GC (Allocation Failure) 2396.584: [ParNew
Desired survivor size 20112992 bytes, new threshold 8 (max 8)
- age   1:    1627312 bytes,    1627312 total
- age   2:    5453368 bytes,    7080680 total
- age   3:    2893896 bytes,    9974576 total
- age   4:    1649192 bytes,   11623768 total
- age   5:    1735856 bytes,   13359624 total
- age   6:    2750280 bytes,   16109904 total
- age   7:    1823904 bytes,   17933808 total
- age   8:    1321048 bytes,   19254856 total
: 109248K->21824K(109248K), 0.0100325 secs] 247181K->163275K(502464K), 0.0100898 secs] [Times: user=0.00 sys=0.00, real=0.01 secs] 
Heap after GC invocations=200 (full 7):
 par new generation   total 109248K, used 21824K [0x00000000e0000000, 0x00000000e8000000, 0x00000000e8000000)
  eden space 87424K,   0% used [0x00000000e0000000, 0x00000000e0000000, 0x00000000e5560000)
  from space 21824K, 100% used [0x00000000e5560000, 0x00000000e6ab0000, 0x00000000e6ab0000)
  to   space 21824K,   0% used [0x00000000e6ab0000, 0x00000000e6ab0000, 0x00000000e8000000)
 concurrent mark-sweep generation total 393216K, used 141451K [0x00000000e8000000, 0x0000000100000000, 0x0000000100000000)
 Metaspace       used 32246K, capacity 32628K, committed 33020K, reserved 1079296K
  class space    used 3668K, capacity 3806K, committed 3840K, reserved 1048576K
}
2015-08-31T14:05:34.629+0200: 2396.595: Total time for which application threads were stopped: 0.0102501 seconds, Stopping threads took: 0.0000253 seconds
{Heap before GC invocations=200 (full 7):
 par new generation   total 109248K, used 108853K [0x00000000e0000000, 0x00000000e8000000, 0x00000000e8000000)
  eden space 87424K,  99% used [0x00000000e0000000, 0x00000000e54fd530, 0x00000000e5560000)
  from space 21824K, 100% used [0x00000000e5560000, 0x00000000e6ab0000, 0x00000000e6ab0000)
  to   space 21824K,   0% used [0x00000000e6ab0000, 0x00000000e6ab0000, 0x00000000e8000000)
 concurrent mark-sweep generation total 393216K, used 141451K [0x00000000e8000000, 0x0000000100000000, 0x0000000100000000)
 Metaspace       used 32246K, capacity 32628K, committed 33020K, reserved 1079296K
  class space    used 3668K, capacity 3806K, committed 3840K, reserved 1048576K
2015-08-31T14:05:34.937+0200: 2396.903: [GC (Allocation Failure) 2396.903: [ParNew
Desired survivor size 20112992 bytes, new threshold 8 (max 8)
- age   1:    3059120 bytes,    3059120 total
- age   2:    1336832 bytes,    4395952 total
- age   3:    3574560 bytes,    7970512 total
- age   4:    2858336 bytes,   10828848 total
- age   5:    1637936 bytes,   12466784 total
- age   6:    1702720 bytes,   14169504 total
- age   7:    2749440 bytes,   16918944 total
- age   8:    1823184 bytes,   18742128 total
: 108853K->21824K(109248K), 0.0099490 secs] 250304K->169815K(502464K), 0.0100191 secs] [Times: user=0.06 sys=0.00, real=0.01 secs] 
Heap after GC invocations=201 (full 7):
 par new generation   total 109248K, used 21824K [0x00000000e0000000, 0x00000000e8000000, 0x00000000e8000000)
  eden space 87424K,   0% used [0x00000000e0000000, 0x00000000e0000000, 0x00000000e5560000)
  from space 21824K, 100% used [0x00000000e6ab0000, 0x00000000e8000000, 0x00000000e8000000)
  to   space 21824K,   0% used [0x00000000e5560000, 0x00000000e5560000, 0x00000000e6ab0000)
 concurrent mark-sweep generation total 393216K, used 147991K [0x00000000e8000000, 0x0000000100000000, 0x0000000100000000)
 Metaspace       used 32246K, capacity 32628K, committed 33020K, reserved 1079296K
  class space    used 3668K, capacity 3806K, committed 3840K, reserved 1048576K
}
2015-08-31T14:05:34.947+0200: 2396.913: Total time for which application threads were stopped: 0.0101925 seconds, Stopping threads took: 0.0000150 seconds
{Heap before GC invocations=201 (full 7):
 par new generation   total 109248K, used 109248K [0x00000000e0000000, 0x00000000e8000000, 0x00000000e8000000)
  eden space 87424K, 100% used [0x00000000e0000000, 0x00000000e5560000, 0x00000000e5560000)
  from space 21824K, 100% used [0x00000000e6ab0000, 0x00000000e8000000, 0x00000000e8000000)
  to   space 21824K,   0% used [0x00000000e5560000, 0x00000000e5560000, 0x00000000e6ab0000)
 concurrent mark-sweep generation total 393216K, used 147991K [0x00000000e8000000, 0x0000000100000000, 0x0000000100000000)
 Metaspace       used 32246K, capacity 32628K, committed 33020K, reserved 1079296K
  class space    used 3668K, capacity 3806K, committed 3840K, reserved 1048576K
2015-08-31T14:05:35.246+0200: 2397.212: [GC (Allocation Failure) 2397.212: [ParNew
Desired survivor size 20112992 bytes, new threshold 8 (max 8)
- age   1:    4703872 bytes,    4703872 total
- age   2:    2546488 bytes,    7250360 total
- age   3:    1283152 bytes,    8533512 total
- age   4:    1683328 bytes,   10216840 total
- age   5:    2849824 bytes,   13066664 total
- age   6:    1632512 bytes,   14699176 total
- age   7:    1697472 bytes,   16396648 total
- age   8:    2746608 bytes,   19143256 total
: 109248K->21824K(109248K), 0.0090431 secs] 257239K->184247K(502464K), 0.0090965 secs] [Times: user=0.00 sys=0.00, real=0.01 secs] 
Heap after GC invocations=202 (full 7):
 par new generation   total 109248K, used 21824K [0x00000000e0000000, 0x00000000e8000000, 0x00000000e8000000)
  eden space 87424K,   0% used [0x00000000e0000000, 0x00000000e0000000, 0x00000000e5560000)
  from space 21824K, 100% used [0x00000000e5560000, 0x00000000e6ab0000, 0x00000000e6ab0000)
  to   space 21824K,   0% used [0x00000000e6ab0000, 0x00000000e6ab0000, 0x00000000e8000000)
 concurrent mark-sweep generation total 393216K, used 162423K [0x00000000e8000000, 0x0000000100000000, 0x0000000100000000)
 Metaspace       used 32246K, capacity 32628K, committed 33020K, reserved 1079296K
  class space    used 3668K, capacity 3806K, committed 3840K, reserved 1048576K
}
2015-08-31T14:05:35.255+0200: 2397.221: Total time for which application threads were stopped: 0.0092396 seconds, Stopping threads took: 0.0000138 seconds
{Heap before GC invocations=202 (full 7):
 par new generation   total 109248K, used 109248K [0x00000000e0000000, 0x00000000e8000000, 0x00000000e8000000)
  eden space 87424K, 100% used [0x00000000e0000000, 0x00000000e5560000, 0x00000000e5560000)
  from space 21824K, 100% used [0x00000000e5560000, 0x00000000e6ab0000, 0x00000000e6ab0000)
  to   space 21824K,   0% used [0x00000000e6ab0000, 0x00000000e6ab0000, 0x00000000e8000000)
 concurrent mark-sweep generation total 393216K, used 162423K [0x00000000e8000000, 0x0000000100000000, 0x0000000100000000)
 Metaspace       used 32246K, capacity 32628K, committed 33020K, reserved 1079296K
  class space    used 3668K, capacity 3806K, committed 3840K, reserved 1048576K
2015-08-31T14:05:35.577+0200: 2397.543: [GC (Allocation Failure) 2397.543: [ParNew
Desired survivor size 20112992 bytes, new threshold 8 (max 8)
- age   1:    2406096 bytes,    2406096 total
- age   2:    4154760 bytes,    6560856 total
- age   3:    2535456 bytes,    9096312 total
- age   4:    1253984 bytes,   10350296 total
- age   5:    1678704 bytes,   12029000 total
- age   6:    2847136 bytes,   14876136 total
- age   7:    1630048 bytes,   16506184 total
- age   8:    1383664 bytes,   17889848 total
: 109248K->21824K(109248K), 0.0094421 secs] 271671K->188349K(502464K), 0.0095119 secs] [Times: user=0.06 sys=0.00, real=0.01 secs] 
Heap after GC invocations=203 (full 7):
 par new generation   total 109248K, used 21824K [0x00000000e0000000, 0x00000000e8000000, 0x00000000e8000000)
  eden space 87424K,   0% used [0x00000000e0000000, 0x00000000e0000000, 0x00000000e5560000)
  from space 21824K, 100% used [0x00000000e6ab0000, 0x00000000e8000000, 0x00000000e8000000)
  to   space 21824K,   0% used [0x00000000e5560000, 0x00000000e5560000, 0x00000000e6ab0000)
 concurrent mark-sweep generation total 393216K, used 166525K [0x00000000e8000000, 0x0000000100000000, 0x0000000100000000)
 Metaspace       used 32246K, capacity 32628K, committed 33020K, reserved 1079296K
  class space    used 3668K, capacity 3806K, committed 3840K, reserved 1048576K
}
2015-08-31T14:05:35.587+0200: 2397.552: Total time for which application threads were stopped: 0.0096600 seconds, Stopping threads took: 0.0000138 seconds
{Heap before GC invocations=203 (full 7):
 par new generation   total 109248K, used 109248K [0x00000000e0000000, 0x00000000e8000000, 0x00000000e8000000)
  eden space 87424K, 100% used [0x00000000e0000000, 0x00000000e5560000, 0x00000000e5560000)
  from space 21824K, 100% used [0x00000000e6ab0000, 0x00000000e8000000, 0x00000000e8000000)
  to   space 21824K,   0% used [0x00000000e5560000, 0x00000000e5560000, 0x00000000e6ab0000)
 concurrent mark-sweep generation total 393216K, used 166525K [0x00000000e8000000, 0x0000000100000000, 0x0000000100000000)
 Metaspace       used 32246K, capacity 32628K, committed 33020K, reserved 1079296K
  class space    used 3668K, capacity 3806K, committed 3840K, reserved 1048576K
2015-08-31T14:05:35.913+0200: 2397.878: [GC (Allocation Failure) 2397.878: [ParNew
Desired survivor size 20112992 bytes, new threshold 8 (max 8)
- age   1:    2436576 bytes,    2436576 total
- age   2:    2353424 bytes,    4790000 total
- age   3:    4120440 bytes,    8910440 total
- age   4:    2483480 bytes,   11393920 total
- age   5:    1219568 bytes,   12613488 total
- age   6:    1650968 bytes,   14264456 total
- age   7:    1597272 bytes,   15861728 total
- age   8:    1605736 bytes,   17467464 total
: 109248K->21824K(109248K), 0.0095016 secs] 275773K->191425K(502464K), 0.0095644 secs] [Times: user=0.00 sys=0.00, real=0.01 secs] 
Heap after GC invocations=204 (full 7):
 par new generation   total 109248K, used 21824K [0x00000000e0000000, 0x00000000e8000000, 0x00000000e8000000)
  eden space 87424K,   0% used [0x00000000e0000000, 0x00000000e0000000, 0x00000000e5560000)
  from space 21824K, 100% used [0x00000000e5560000, 0x00000000e6ab0000, 0x00000000e6ab0000)
  to   space 21824K,   0% used [0x00000000e6ab0000, 0x00000000e6ab0000, 0x00000000e8000000)
 concurrent mark-sweep generation total 393216K, used 169601K [0x00000000e8000000, 0x0000000100000000, 0x0000000100000000)
 Metaspace       used 32246K, capacity 32628K, committed 33020K, reserved 1079296K
  class space    used 3668K, capacity 3806K, committed 3840K, reserved 1048576K
}
2015-08-31T14:05:35.922+0200: 2397.888: Total time for which application threads were stopped: 0.0097468 seconds, Stopping threads took: 0.0000250 seconds
{Heap before GC invocations=204 (full 7):
 par new generation   total 109248K, used 109248K [0x00000000e0000000, 0x00000000e8000000, 0x00000000e8000000)
  eden space 87424K, 100% used [0x00000000e0000000, 0x00000000e5560000, 0x00000000e5560000)
  from space 21824K, 100% used [0x00000000e5560000, 0x00000000e6ab0000, 0x00000000e6ab0000)
  to   space 21824K,   0% used [0x00000000e6ab0000, 0x00000000e6ab0000, 0x00000000e8000000)
 concurrent mark-sweep generation total 393216K, used 169601K [0x00000000e8000000, 0x0000000100000000, 0x0000000100000000)
 Metaspace       used 32246K, capacity 32628K, committed 33020K, reserved 1079296K
  class space    used 3668K, capacity 3806K, committed 3840K, reserved 1048576K
2015-08-31T14:05:36.227+0200: 2398.192: [GC (Allocation Failure) 2398.192: [ParNew
Desired survivor size 20112992 bytes, new threshold 8 (max 8)
- age   1:    3887440 bytes,    3887440 total
- age   2:    2425968 bytes,    6313408 total
- age   3:    2344656 bytes,    8658064 total
- age   4:    3772448 bytes,   12430512 total
- age   5:    1649872 bytes,   14080384 total
- age   6:    1214736 bytes,   15295120 total
- age   7:    1646600 bytes,   16941720 total
- age   8:    1593224 bytes,   18534944 total
: 109248K->21824K(109248K), 0.0097016 secs] 278849K->197865K(502464K), 0.0097695 secs] [Times: user=0.00 sys=0.00, real=0.01 secs] 
Heap after GC invocations=205 (full 7):
 par new generation   total 109248K, used 21824K [0x00000000e0000000, 0x00000000e8000000, 0x00000000e8000000)
  eden space 87424K,   0% used [0x00000000e0000000, 0x00000000e0000000, 0x00000000e5560000)
  from space 21824K, 100% used [0x00000000e6ab0000, 0x00000000e8000000, 0x00000000e8000000)
  to   space 21824K,   0% used [0x00000000e5560000, 0x00000000e5560000, 0x00000000e6ab0000)
 concurrent mark-sweep generation total 393216K, used 176041K [0x00000000e8000000, 0x0000000100000000, 0x0000000100000000)
 Metaspace       used 32246K, capacity 32628K, committed 33020K, reserved 1079296K
  class space    used 3668K, capacity 3806K, committed 3840K, reserved 1048576K
}
2015-08-31T14:05:36.236+0200: 2398.202: Total time for which application threads were stopped: 0.0099304 seconds, Stopping threads took: 0.0000141 seconds
{Heap before GC invocations=205 (full 7):
 par new generation   total 109248K, used 109248K [0x00000000e0000000, 0x00000000e8000000, 0x00000000e8000000)
  eden space 87424K, 100% used [0x00000000e0000000, 0x00000000e5560000, 0x00000000e5560000)
  from space 21824K, 100% used [0x00000000e6ab0000, 0x00000000e8000000, 0x00000000e8000000)
  to   space 21824K,   0% used [0x00000000e5560000, 0x00000000e5560000, 0x00000000e6ab0000)
 concurrent mark-sweep generation total 393216K, used 176041K [0x00000000e8000000, 0x0000000100000000, 0x0000000100000000)
 Metaspace       used 32246K, capacity 32628K, committed 33020K, reserved 1079296K
  class space    used 3668K, capacity 3806K, committed 3840K, reserved 1048576K
2015-08-31T14:05:36.527+0200: 2398.493: [GC (Allocation Failure) 2398.493: [ParNew
Desired survivor size 20112992 bytes, new threshold 8 (max 8)
- age   1:    3369336 bytes,    3369336 total
- age   2:    3602136 bytes,    6971472 total
- age   3:    2047376 bytes,    9018848 total
- age   4:    2301296 bytes,   11320144 total
- age   5:    3755248 bytes,   15075392 total
- age   6:    1628368 bytes,   16703760 total
- age   7:    1167936 bytes,   17871696 total
- age   8:    1573848 bytes,   19445544 total
: 109248K->21824K(109248K), 0.0110264 secs] 285289K->209899K(502464K), 0.0110933 secs] [Times: user=0.06 sys=0.00, real=0.01 secs] 
Heap after GC invocations=206 (full 7):
 par new generation   total 109248K, used 21824K [0x00000000e0000000, 0x00000000e8000000, 0x00000000e8000000)
  eden space 87424K,   0% used [0x00000000e0000000, 0x00000000e0000000, 0x00000000e5560000)
  from space 21824K, 100% used [0x00000000e5560000, 0x00000000e6ab0000, 0x00000000e6ab0000)
  to   space 21824K,   0% used [0x00000000e6ab0000, 0x00000000e6ab0000, 0x00000000e8000000)
 concurrent mark-sweep generation total 393216K, used 188075K [0x00000000e8000000, 0x0000000100000000, 0x0000000100000000)
 Metaspace       used 32246K, capacity 32628K, committed 33020K, reserved 1079296K
  class space    used 3668K, capacity 3806K, committed 3840K, reserved 1048576K
}
2015-08-31T14:05:36.538+0200: 2398.504: Total time for which application threads were stopped: 0.0112539 seconds, Stopping threads took: 0.0000246 seconds
{Heap before GC invocations=206 (full 7):
 par new generation   total 109248K, used 109248K [0x00000000e0000000, 0x00000000e8000000, 0x00000000e8000000)
  eden space 87424K, 100% used [0x00000000e0000000, 0x00000000e5560000, 0x00000000e5560000)
  from space 21824K, 100% used [0x00000000e5560000, 0x00000000e6ab0000, 0x00000000e6ab0000)
  to   space 21824K,   0% used [0x00000000e6ab0000, 0x00000000e6ab0000, 0x00000000e8000000)
 concurrent mark-sweep generation total 393216K, used 188075K [0x00000000e8000000, 0x0000000100000000, 0x0000000100000000)
 Metaspace       used 32246K, capacity 32628K, committed 33020K, reserved 1079296K
  class space    used 3668K, capacity 3806K, committed 3840K, reserved 1048576K
2015-08-31T14:05:36.866+0200: 2398.832: [GC (Allocation Failure) 2398.832: [ParNew
Desired survivor size 20112992 bytes, new threshold 8 (max 8)
- age   1:    1977576 bytes,    1977576 total
- age   2:    3215720 bytes,    5193296 total
- age   3:    3425256 bytes,    8618552 total
- age   4:    1898216 bytes,   10516768 total
- age   5:    1989016 bytes,   12505784 total
- age   6:    3709024 bytes,   16214808 total
- age   7:    1618568 bytes,   17833376 total
- age   8:    1159784 bytes,   18993160 total
: 109248K->21824K(109248K), 0.0095644 secs] 297323K->213131K(502464K), 0.0096271 secs] [Times: user=0.00 sys=0.00, real=0.01 secs] 
Heap after GC invocations=207 (full 7):
 par new generation   total 109248K, used 21824K [0x00000000e0000000, 0x00000000e8000000, 0x00000000e8000000)
  eden space 87424K,   0% used [0x00000000e0000000, 0x00000000e0000000, 0x00000000e5560000)
  from space 21824K, 100% used [0x00000000e6ab0000, 0x00000000e8000000, 0x00000000e8000000)
  to   space 21824K,   0% used [0x00000000e5560000, 0x00000000e5560000, 0x00000000e6ab0000)
 concurrent mark-sweep generation total 393216K, used 191307K [0x00000000e8000000, 0x0000000100000000, 0x0000000100000000)
 Metaspace       used 32246K, capacity 32628K, committed 33020K, reserved 1079296K
  class space    used 3668K, capacity 3806K, committed 3840K, reserved 1048576K
}
2015-08-31T14:05:36.876+0200: 2398.842: Total time for which application threads were stopped: 0.0097772 seconds, Stopping threads took: 0.0000141 seconds
{Heap before GC invocations=207 (full 7):
 par new generation   total 109248K, used 109248K [0x00000000e0000000, 0x00000000e8000000, 0x00000000e8000000)
  eden space 87424K, 100% used [0x00000000e0000000, 0x00000000e5560000, 0x00000000e5560000)
  from space 21824K, 100% used [0x00000000e6ab0000, 0x00000000e8000000, 0x00000000e8000000)
  to   space 21824K,   0% used [0x00000000e5560000, 0x00000000e5560000, 0x00000000e6ab0000)
 concurrent mark-sweep generation total 393216K, used 191307K [0x00000000e8000000, 0x0000000100000000, 0x0000000100000000)
 Metaspace       used 32246K, capacity 32628K, committed 33020K, reserved 1079296K
  class space    used 3668K, capacity 3806K, committed 3840K, reserved 1048576K
2015-08-31T14:05:37.200+0200: 2399.166: [GC (Allocation Failure) 2399.166: [ParNew
Desired survivor size 20112992 bytes, new threshold 8 (max 8)
- age   1:    1695272 bytes,    1695272 total
- age   2:    1931536 bytes,    3626808 total
- age   3:    3177456 bytes,    6804264 total
- age   4:    2453632 bytes,    9257896 total
- age   5:    1852792 bytes,   11110688 total
- age   6:    1943016 bytes,   13053704 total
- age   7:    3687552 bytes,   16741256 total
- age   8:    1591904 bytes,   18333160 total
: 109248K->21824K(109248K), 0.0102290 secs] 300555K->216427K(502464K), 0.0102895 secs] [Times: user=0.06 sys=0.00, real=0.01 secs] 
Heap after GC invocations=208 (full 7):
 par new generation   total 109248K, used 21824K [0x00000000e0000000, 0x00000000e8000000, 0x00000000e8000000)
  eden space 87424K,   0% used [0x00000000e0000000, 0x00000000e0000000, 0x00000000e5560000)
  from space 21824K, 100% used [0x00000000e5560000, 0x00000000e6ab0000, 0x00000000e6ab0000)
  to   space 21824K,   0% used [0x00000000e6ab0000, 0x00000000e6ab0000, 0x00000000e8000000)
 concurrent mark-sweep generation total 393216K, used 194603K [0x00000000e8000000, 0x0000000100000000, 0x0000000100000000)
 Metaspace       used 32246K, capacity 32628K, committed 33020K, reserved 1079296K
  class space    used 3668K, capacity 3806K, committed 3840K, reserved 1048576K
}
2015-08-31T14:05:37.211+0200: 2399.177: Total time for which application threads were stopped: 0.0104370 seconds, Stopping threads took: 0.0000138 seconds
{Heap before GC invocations=208 (full 7):
 par new generation   total 109248K, used 109248K [0x00000000e0000000, 0x00000000e8000000, 0x00000000e8000000)
  eden space 87424K, 100% used [0x00000000e0000000, 0x00000000e5560000, 0x00000000e5560000)
  from space 21824K, 100% used [0x00000000e5560000, 0x00000000e6ab0000, 0x00000000e6ab0000)
  to   space 21824K,   0% used [0x00000000e6ab0000, 0x00000000e6ab0000, 0x00000000e8000000)
 concurrent mark-sweep generation total 393216K, used 194603K [0x00000000e8000000, 0x0000000100000000, 0x0000000100000000)
 Metaspace       used 32247K, capacity 32628K, committed 33020K, reserved 1079296K
  class space    used 3668K, capacity 3806K, committed 3840K, reserved 1048576K
2015-08-31T14:05:37.517+0200: 2399.483: [GC (Allocation Failure) 2399.483: [ParNew
Desired survivor size 20112992 bytes, new threshold 8 (max 8)
- age   1:    4334112 bytes,    4334112 total
- age   2:    1191072 bytes,    5525184 total
- age   3:    1866432 bytes,    7391616 total
- age   4:    3161024 bytes,   10552640 total
- age   5:    2102848 bytes,   12655488 total
- age   6:    1836088 bytes,   14491576 total
- age   7:    1928792 bytes,   16420368 total
- age   8:    3674048 bytes,   20094416 total
: 109248K->21824K(109248K), 0.0104258 secs] 303851K->222675K(502464K), 0.0104818 secs] [Times: user=0.00 sys=0.00, real=0.01 secs] 
Heap after GC invocations=209 (full 7):
 par new generation   total 109248K, used 21824K [0x00000000e0000000, 0x00000000e8000000, 0x00000000e8000000)
  eden space 87424K,   0% used [0x00000000e0000000, 0x00000000e0000000, 0x00000000e5560000)
  from space 21824K, 100% used [0x00000000e6ab0000, 0x00000000e8000000, 0x00000000e8000000)
  to   space 21824K,   0% used [0x00000000e5560000, 0x00000000e5560000, 0x00000000e6ab0000)
 concurrent mark-sweep generation total 393216K, used 200851K [0x00000000e8000000, 0x0000000100000000, 0x0000000100000000)
 Metaspace       used 32247K, capacity 32628K, committed 33020K, reserved 1079296K
  class space    used 3668K, capacity 3806K, committed 3840K, reserved 1048576K
}
2015-08-31T14:05:37.528+0200: 2399.494: Total time for which application threads were stopped: 0.0106367 seconds, Stopping threads took: 0.0000144 seconds
2015-08-31T14:05:37.528+0200: 2399.494: [GC (CMS Initial Mark) [1 CMS-initial-mark: 200851K(393216K)] 224423K(502464K), 0.0012448 secs] [Times: user=0.00 sys=0.00, real=0.00 secs] 
2015-08-31T14:05:37.529+0200: 2399.495: Total time for which application threads were stopped: 0.0013366 seconds, Stopping threads took: 0.0000218 seconds
2015-08-31T14:05:37.529+0200: 2399.495: [CMS-concurrent-mark-start]
2015-08-31T14:05:37.555+0200: 2399.520: [CMS-concurrent-mark: 0.025/0.025 secs] [Times: user=0.13 sys=0.00, real=0.03 secs] 
2015-08-31T14:05:37.555+0200: 2399.520: [CMS-concurrent-preclean-start]
2015-08-31T14:05:37.556+0200: 2399.522: [CMS-concurrent-preclean: 0.001/0.001 secs] [Times: user=0.00 sys=0.00, real=0.00 secs] 
2015-08-31T14:05:37.556+0200: 2399.522: [CMS-concurrent-abortable-preclean-start]
2015-08-31T14:05:37.724+0200: 2399.690: [CMS-concurrent-abortable-preclean: 0.168/0.169 secs] [Times: user=0.39 sys=0.00, real=0.17 secs] 
2015-08-31T14:05:37.725+0200: 2399.690: [GC (CMS Final Remark) [YG occupancy: 83085 K (109248 K)]{Heap before GC invocations=209 (full 8):
 par new generation   total 109248K, used 83085K [0x00000000e0000000, 0x00000000e8000000, 0x00000000e8000000)
  eden space 87424K,  70% used [0x00000000e0000000, 0x00000000e3bd3490, 0x00000000e5560000)
  from space 21824K, 100% used [0x00000000e6ab0000, 0x00000000e8000000, 0x00000000e8000000)
  to   space 21824K,   0% used [0x00000000e5560000, 0x00000000e5560000, 0x00000000e6ab0000)
 concurrent mark-sweep generation total 393216K, used 200851K [0x00000000e8000000, 0x0000000100000000, 0x0000000100000000)
 Metaspace       used 32247K, capacity 32628K, committed 33020K, reserved 1079296K
  class space    used 3668K, capacity 3806K, committed 3840K, reserved 1048576K
2015-08-31T14:05:37.725+0200: 2399.690: [GC (CMS Final Remark) 2399.690: [ParNew
Desired survivor size 20112992 bytes, new threshold 8 (max 8)
- age   1:    5420512 bytes,    5420512 total
- age   2:    3417288 bytes,    8837800 total
- age   3:    1138816 bytes,    9976616 total
- age   4:    1838424 bytes,   11815040 total
- age   5:    1606896 bytes,   13421936 total
- age   6:    2097936 bytes,   15519872 total
- age   7:    1831528 bytes,   17351400 total
- age   8:    1924272 bytes,   19275672 total
: 83085K->21824K(109248K), 0.0111672 secs] 283936K->237905K(502464K), 0.0112120 secs] [Times: user=0.00 sys=0.00, real=0.01 secs] 
Heap after GC invocations=210 (full 8):
 par new generation   total 109248K, used 21824K [0x00000000e0000000, 0x00000000e8000000, 0x00000000e8000000)
  eden space 87424K,   0% used [0x00000000e0000000, 0x00000000e0000000, 0x00000000e5560000)
  from space 21824K, 100% used [0x00000000e5560000, 0x00000000e6ab0000, 0x00000000e6ab0000)
  to   space 21824K,   0% used [0x00000000e6ab0000, 0x00000000e6ab0000, 0x00000000e8000000)
 concurrent mark-sweep generation total 393216K, used 216081K [0x00000000e8000000, 0x0000000100000000, 0x0000000100000000)
 Metaspace       used 32247K, capacity 32628K, committed 33020K, reserved 1079296K
  class space    used 3668K, capacity 3806K, committed 3840K, reserved 1048576K
}
2399.702: [Rescan (parallel) , 0.0036076 secs]2399.705: [weak refs processing, 0.0005824 secs]2399.706: [class unloading, 0.0049663 secs]2399.711: [scrub symbol table, 0.0030243 secs]2399.714: [scrub string table, 0.0004093 secs][1 CMS-remark: 216081K(393216K)] 237905K(502464K), 0.0245495 secs] [Times: user=0.00 sys=0.00, real=0.02 secs] 
2015-08-31T14:05:37.749+0200: 2399.715: Total time for which application threads were stopped: 0.0246791 seconds, Stopping threads took: 0.0000365 seconds
2015-08-31T14:05:37.749+0200: 2399.715: [CMS-concurrent-sweep-start]
2015-08-31T14:05:37.768+0200: 2399.733: [CMS-concurrent-sweep: 0.018/0.018 secs] [Times: user=0.06 sys=0.00, real=0.02 secs] 
2015-08-31T14:05:37.768+0200: 2399.734: [CMS-concurrent-reset-start]
2015-08-31T14:05:37.768+0200: 2399.734: [CMS-concurrent-reset: 0.000/0.000 secs] [Times: user=0.00 sys=0.00, real=0.00 secs] 
2015-08-31T14:05:38.749+0200: 2400.714: Total time for which application threads were stopped: 0.0000906 seconds, Stopping threads took: 0.0000234 seconds
{Heap before GC invocations=210 (full 8):
 par new generation   total 109248K, used 109248K [0x00000000e0000000, 0x00000000e8000000, 0x00000000e8000000)
  eden space 87424K, 100% used [0x00000000e0000000, 0x00000000e5560000, 0x00000000e5560000)
  from space 21824K, 100% used [0x00000000e5560000, 0x00000000e6ab0000, 0x00000000e6ab0000)
  to   space 21824K,   0% used [0x00000000e6ab0000, 0x00000000e6ab0000, 0x00000000e8000000)
 concurrent mark-sweep generation total 393216K, used 139346K [0x00000000e8000000, 0x0000000100000000, 0x0000000100000000)
 Metaspace       used 32249K, capacity 32628K, committed 33020K, reserved 1079296K
  class space    used 3668K, capacity 3806K, committed 3840K, reserved 1048576K
2015-08-31T14:05:38.814+0200: 2400.780: [GC (Allocation Failure) 2400.780: [ParNew
Desired survivor size 20112992 bytes, new threshold 8 (max 8)
- age   1:    4316496 bytes,    4316496 total
- age   2:    4342032 bytes,    8658528 total
- age   3:    3364024 bytes,   12022552 total
- age   4:    1136064 bytes,   13158616 total
- age   5:    1772656 bytes,   14931272 total
- age   6:    1604056 bytes,   16535328 total
- age   7:    1709168 bytes,   18244496 total
- age   8:    1828288 bytes,   20072784 total
: 109248K->21824K(109248K), 0.0087529 secs] 248594K->164545K(502464K), 0.0088140 secs] [Times: user=0.00 sys=0.00, real=0.01 secs] 
Heap after GC invocations=211 (full 8):
 par new generation   total 109248K, used 21824K [0x00000000e0000000, 0x00000000e8000000, 0x00000000e8000000)
  eden space 87424K,   0% used [0x00000000e0000000, 0x00000000e0000000, 0x00000000e5560000)
  from space 21824K, 100% used [0x00000000e6ab0000, 0x00000000e8000000, 0x00000000e8000000)
  to   space 21824K,   0% used [0x00000000e5560000, 0x00000000e5560000, 0x00000000e6ab0000)
 concurrent mark-sweep generation total 393216K, used 142721K [0x00000000e8000000, 0x0000000100000000, 0x0000000100000000)
 Metaspace       used 32249K, capacity 32628K, committed 33020K, reserved 1079296K
  class space    used 3668K, capacity 3806K, committed 3840K, reserved 1048576K
}
2015-08-31T14:05:38.823+0200: 2400.789: Total time for which application threads were stopped: 0.0089887 seconds, Stopping threads took: 0.0000150 seconds
{Heap before GC invocations=211 (full 8):
 par new generation   total 109248K, used 109248K [0x00000000e0000000, 0x00000000e8000000, 0x00000000e8000000)
  eden space 87424K, 100% used [0x00000000e0000000, 0x00000000e5560000, 0x00000000e5560000)
  from space 21824K, 100% used [0x00000000e6ab0000, 0x00000000e8000000, 0x00000000e8000000)
  to   space 21824K,   0% used [0x00000000e5560000, 0x00000000e5560000, 0x00000000e6ab0000)
 concurrent mark-sweep generation total 393216K, used 142721K [0x00000000e8000000, 0x0000000100000000, 0x0000000100000000)
 Metaspace       used 32249K, capacity 32628K, committed 33020K, reserved 1079296K
  class space    used 3668K, capacity 3806K, committed 3840K, reserved 1048576K
2015-08-31T14:05:38.907+0200: 2400.873: [GC (Allocation Failure) 2400.873: [ParNew
Desired survivor size 20112992 bytes, new threshold 8 (max 8)
- age   1:      82112 bytes,      82112 total
- age   2:    4015624 bytes,    4097736 total
- age   3:    4342032 bytes,    8439768 total
- age   4:    3364024 bytes,   11803792 total
- age   5:    1136064 bytes,   12939856 total
- age   6:    1772656 bytes,   14712512 total
- age   7:    1604056 bytes,   16316568 total
- age   8:    1709168 bytes,   18025736 total
: 109248K->21824K(109248K), 0.0073516 secs] 251969K->166578K(502464K), 0.0074434 secs] [Times: user=0.00 sys=0.00, real=0.01 secs] 
Heap after GC invocations=212 (full 8):
 par new generation   total 109248K, used 21824K [0x00000000e0000000, 0x00000000e8000000, 0x00000000e8000000)
  eden space 87424K,   0% used [0x00000000e0000000, 0x00000000e0000000, 0x00000000e5560000)
  from space 21824K, 100% used [0x00000000e5560000, 0x00000000e6ab0000, 0x00000000e6ab0000)
  to   space 21824K,   0% used [0x00000000e6ab0000, 0x00000000e6ab0000, 0x00000000e8000000)
 concurrent mark-sweep generation total 393216K, used 144754K [0x00000000e8000000, 0x0000000100000000, 0x0000000100000000)
 Metaspace       used 32249K, capacity 32628K, committed 33020K, reserved 1079296K
  class space    used 3668K, capacity 3806K, committed 3840K, reserved 1048576K
}
2015-08-31T14:05:38.915+0200: 2400.881: Total time for which application threads were stopped: 0.0076287 seconds, Stopping threads took: 0.0000147 seconds
{Heap before GC invocations=212 (full 8):
 par new generation   total 109248K, used 109248K [0x00000000e0000000, 0x00000000e8000000, 0x00000000e8000000)
  eden space 87424K, 100% used [0x00000000e0000000, 0x00000000e5560000, 0x00000000e5560000)
  from space 21824K, 100% used [0x00000000e5560000, 0x00000000e6ab0000, 0x00000000e6ab0000)
  to   space 21824K,   0% used [0x00000000e6ab0000, 0x00000000e6ab0000, 0x00000000e8000000)
 concurrent mark-sweep generation total 393216K, used 144754K [0x00000000e8000000, 0x0000000100000000, 0x0000000100000000)
 Metaspace       used 32249K, capacity 32628K, committed 33020K, reserved 1079296K
  class space    used 3668K, capacity 3806K, committed 3840K, reserved 1048576K
2015-08-31T14:05:39.009+0200: 2400.975: [GC (Allocation Failure) 2400.975: [ParNew
Desired survivor size 20112992 bytes, new threshold 8 (max 8)
- age   1:      79256 bytes,      79256 total
- age   2:      30776 bytes,     110032 total
- age   3:    4015456 bytes,    4125488 total
- age   4:    4342032 bytes,    8467520 total
- age   5:    3364024 bytes,   11831544 total
- age   6:    1136064 bytes,   12967608 total
- age   7:    1772656 bytes,   14740264 total
- age   8:    1604056 bytes,   16344320 total
: 109248K->21824K(109248K), 0.0071314 secs] 254002K->168258K(502464K), 0.0072140 secs] [Times: user=0.00 sys=0.00, real=0.01 secs] 
Heap after GC invocations=213 (full 8):
 par new generation   total 109248K, used 21824K [0x00000000e0000000, 0x00000000e8000000, 0x00000000e8000000)
  eden space 87424K,   0% used [0x00000000e0000000, 0x00000000e0000000, 0x00000000e5560000)
  from space 21824K, 100% used [0x00000000e6ab0000, 0x00000000e8000000, 0x00000000e8000000)
  to   space 21824K,   0% used [0x00000000e5560000, 0x00000000e5560000, 0x00000000e6ab0000)
 concurrent mark-sweep generation total 393216K, used 146434K [0x00000000e8000000, 0x0000000100000000, 0x0000000100000000)
 Metaspace       used 32249K, capacity 32628K, committed 33020K, reserved 1079296K
  class space    used 3668K, capacity 3806K, committed 3840K, reserved 1048576K
}
2015-08-31T14:05:39.017+0200: 2400.983: Total time for which application threads were stopped: 0.0073849 seconds, Stopping threads took: 0.0000144 seconds
{Heap before GC invocations=213 (full 8):
 par new generation   total 109248K, used 109248K [0x00000000e0000000, 0x00000000e8000000, 0x00000000e8000000)
  eden space 87424K, 100% used [0x00000000e0000000, 0x00000000e5560000, 0x00000000e5560000)
  from space 21824K, 100% used [0x00000000e6ab0000, 0x00000000e8000000, 0x00000000e8000000)
  to   space 21824K,   0% used [0x00000000e5560000, 0x00000000e5560000, 0x00000000e6ab0000)
 concurrent mark-sweep generation total 393216K, used 146434K [0x00000000e8000000, 0x0000000100000000, 0x0000000100000000)
 Metaspace       used 32249K, capacity 32628K, committed 33020K, reserved 1079296K
  class space    used 3668K, capacity 3806K, committed 3840K, reserved 1048576K
2015-08-31T14:05:39.182+0200: 2401.148: [GC (Allocation Failure) 2401.148: [ParNew
Desired survivor size 20112992 bytes, new threshold 8 (max 8)
- age   1:      48760 bytes,      48760 total
- age   2:      32240 bytes,      81000 total
- age   3:      30776 bytes,     111776 total
- age   4:    4015456 bytes,    4127232 total
- age   5:    4342032 bytes,    8469264 total
- age   6:    3364024 bytes,   11833288 total
- age   7:    1136064 bytes,   12969352 total
- age   8:    1772656 bytes,   14742008 total
: 109248K->20078K(109248K), 0.0068940 secs] 255682K->168093K(502464K), 0.0069599 secs] [Times: user=0.06 sys=0.00, real=0.01 secs] 
Heap after GC invocations=214 (full 8):
 par new generation   total 109248K, used 20078K [0x00000000e0000000, 0x00000000e8000000, 0x00000000e8000000)
  eden space 87424K,   0% used [0x00000000e0000000, 0x00000000e0000000, 0x00000000e5560000)
  from space 21824K,  92% used [0x00000000e5560000, 0x00000000e68fb9e8, 0x00000000e6ab0000)
  to   space 21824K,   0% used [0x00000000e6ab0000, 0x00000000e6ab0000, 0x00000000e8000000)
 concurrent mark-sweep generation total 393216K, used 148014K [0x00000000e8000000, 0x0000000100000000, 0x0000000100000000)
 Metaspace       used 32249K, capacity 32628K, committed 33020K, reserved 1079296K
  class space    used 3668K, capacity 3806K, committed 3840K, reserved 1048576K
}
2015-08-31T14:05:39.189+0200: 2401.155: Total time for which application threads were stopped: 0.0071212 seconds, Stopping threads took: 0.0000141 seconds
{Heap before GC invocations=214 (full 8):
 par new generation   total 109248K, used 107502K [0x00000000e0000000, 0x00000000e8000000, 0x00000000e8000000)
  eden space 87424K, 100% used [0x00000000e0000000, 0x00000000e5560000, 0x00000000e5560000)
  from space 21824K,  92% used [0x00000000e5560000, 0x00000000e68fb9e8, 0x00000000e6ab0000)
  to   space 21824K,   0% used [0x00000000e6ab0000, 0x00000000e6ab0000, 0x00000000e8000000)
 concurrent mark-sweep generation total 393216K, used 148014K [0x00000000e8000000, 0x0000000100000000, 0x0000000100000000)
 Metaspace       used 32249K, capacity 32628K, committed 33020K, reserved 1079296K
  class space    used 3668K, capacity 3806K, committed 3840K, reserved 1048576K
2015-08-31T14:05:39.287+0200: 2401.253: [GC (Allocation Failure) 2401.253: [ParNew
Desired survivor size 20112992 bytes, new threshold 8 (max 8)
- age   1:      66344 bytes,      66344 total
- age   5:    3995064 bytes,    4061408 total
- age   6:    4342032 bytes,    8403440 total
- age   7:    3364024 bytes,   11767464 total
- age   8:    1136064 bytes,   12903528 total
: 107502K->16841K(109248K), 0.0060319 secs] 255517K->166601K(502464K), 0.0061014 secs] [Times: user=0.00 sys=0.00, real=0.01 secs] 
Heap after GC invocations=215 (full 8):
 par new generation   total 109248K, used 16841K [0x00000000e0000000, 0x00000000e8000000, 0x00000000e8000000)
  eden space 87424K,   0% used [0x00000000e0000000, 0x00000000e0000000, 0x00000000e5560000)
  from space 21824K,  77% used [0x00000000e6ab0000, 0x00000000e7b225c8, 0x00000000e8000000)
  to   space 21824K,   0% used [0x00000000e5560000, 0x00000000e5560000, 0x00000000e6ab0000)
 concurrent mark-sweep generation total 393216K, used 149760K [0x00000000e8000000, 0x0000000100000000, 0x0000000100000000)
 Metaspace       used 32249K, capacity 32628K, committed 33020K, reserved 1079296K
  class space    used 3668K, capacity 3806K, committed 3840K, reserved 1048576K
}
2015-08-31T14:05:39.293+0200: 2401.259: Total time for which application threads were stopped: 0.0062601 seconds, Stopping threads took: 0.0000154 seconds
{Heap before GC invocations=215 (full 8):
 par new generation   total 109248K, used 104265K [0x00000000e0000000, 0x00000000e8000000, 0x00000000e8000000)
  eden space 87424K, 100% used [0x00000000e0000000, 0x00000000e5560000, 0x00000000e5560000)
  from space 21824K,  77% used [0x00000000e6ab0000, 0x00000000e7b225c8, 0x00000000e8000000)
  to   space 21824K,   0% used [0x00000000e5560000, 0x00000000e5560000, 0x00000000e6ab0000)
 concurrent mark-sweep generation total 393216K, used 149760K [0x00000000e8000000, 0x0000000100000000, 0x0000000100000000)
 Metaspace       used 32249K, capacity 32628K, committed 33020K, reserved 1079296K
  class space    used 3668K, capacity 3806K, committed 3840K, reserved 1048576K
2015-08-31T14:05:39.362+0200: 2401.328: [GC (Allocation Failure) 2401.328: [ParNew
Desired survivor size 20112992 bytes, new threshold 8 (max 8)
- age   1:     154272 bytes,     154272 total
- age   2:       1288 bytes,     155560 total
- age   6:    3995064 bytes,    4150624 total
- age   7:    4342032 bytes,    8492656 total
- age   8:    3364024 bytes,   11856680 total
: 104265K->13546K(109248K), 0.0054070 secs] 254025K->164429K(502464K), 0.0054691 secs] [Times: user=0.00 sys=0.00, real=0.01 secs] 
Heap after GC invocations=216 (full 8):
 par new generation   total 109248K, used 13546K [0x00000000e0000000, 0x00000000e8000000, 0x00000000e8000000)
  eden space 87424K,   0% used [0x00000000e0000000, 0x00000000e0000000, 0x00000000e5560000)
  from space 21824K,  62% used [0x00000000e5560000, 0x00000000e629aa08, 0x00000000e6ab0000)
  to   space 21824K,   0% used [0x00000000e6ab0000, 0x00000000e6ab0000, 0x00000000e8000000)
 concurrent mark-sweep generation total 393216K, used 150883K [0x00000000e8000000, 0x0000000100000000, 0x0000000100000000)
 Metaspace       used 32249K, capacity 32628K, committed 33020K, reserved 1079296K
  class space    used 3668K, capacity 3806K, committed 3840K, reserved 1048576K
}
2015-08-31T14:05:39.368+0200: 2401.334: Total time for which application threads were stopped: 0.0056294 seconds, Stopping threads took: 0.0000150 seconds
2015-08-31T14:05:39.442+0200: 2401.408: Total time for which application threads were stopped: 0.0000970 seconds, Stopping threads took: 0.0000275 seconds
2015-08-31T14:05:39.442+0200: 2401.408: Total time for which application threads were stopped: 0.0001238 seconds, Stopping threads took: 0.0000147 seconds
{Heap before GC invocations=216 (full 8):
 par new generation   total 109248K, used 100970K [0x00000000e0000000, 0x00000000e8000000, 0x00000000e8000000)
  eden space 87424K, 100% used [0x00000000e0000000, 0x00000000e5560000, 0x00000000e5560000)
  from space 21824K,  62% used [0x00000000e5560000, 0x00000000e629aa08, 0x00000000e6ab0000)
  to   space 21824K,   0% used [0x00000000e6ab0000, 0x00000000e6ab0000, 0x00000000e8000000)
 concurrent mark-sweep generation total 393216K, used 150883K [0x00000000e8000000, 0x0000000100000000, 0x0000000100000000)
 Metaspace       used 32250K, capacity 32628K, committed 33020K, reserved 1079296K
  class space    used 3668K, capacity 3806K, committed 3840K, reserved 1048576K
2015-08-31T14:05:39.547+0200: 2401.512: [GC (Allocation Failure) 2401.512: [ParNew
Desired survivor size 20112992 bytes, new threshold 8 (max 8)
- age   1:    1843928 bytes,    1843928 total
- age   2:        152 bytes,    1844080 total
- age   7:    3909864 bytes,    5753944 total
- age   8:    4329936 bytes,   10083880 total
: 100970K->13071K(109248K), 0.0053804 secs] 251853K->167239K(502464K), 0.0054511 secs] [Times: user=0.00 sys=0.00, real=0.01 secs] 
Heap after GC invocations=217 (full 8):
 par new generation   total 109248K, used 13071K [0x00000000e0000000, 0x00000000e8000000, 0x00000000e8000000)
  eden space 87424K,   0% used [0x00000000e0000000, 0x00000000e0000000, 0x00000000e5560000)
  from space 21824K,  59% used [0x00000000e6ab0000, 0x00000000e7773e20, 0x00000000e8000000)
  to   space 21824K,   0% used [0x00000000e5560000, 0x00000000e5560000, 0x00000000e6ab0000)
 concurrent mark-sweep generation total 393216K, used 154167K [0x00000000e8000000, 0x0000000100000000, 0x0000000100000000)
 Metaspace       used 32250K, capacity 32628K, committed 33020K, reserved 1079296K
  class space    used 3668K, capacity 3806K, committed 3840K, reserved 1048576K
}
2015-08-31T14:05:39.552+0200: 2401.518: Total time for which application threads were stopped: 0.0056175 seconds, Stopping threads took: 0.0000147 seconds
{Heap before GC invocations=217 (full 8):
 par new generation   total 109248K, used 100495K [0x00000000e0000000, 0x00000000e8000000, 0x00000000e8000000)
  eden space 87424K, 100% used [0x00000000e0000000, 0x00000000e5560000, 0x00000000e5560000)
  from space 21824K,  59% used [0x00000000e6ab0000, 0x00000000e7773e20, 0x00000000e8000000)
  to   space 21824K,   0% used [0x00000000e5560000, 0x00000000e5560000, 0x00000000e6ab0000)
 concurrent mark-sweep generation total 393216K, used 154167K [0x00000000e8000000, 0x0000000100000000, 0x0000000100000000)
 Metaspace       used 32250K, capacity 32628K, committed 33020K, reserved 1079296K
  class space    used 3668K, capacity 3806K, committed 3840K, reserved 1048576K
2015-08-31T14:05:39.834+0200: 2401.800: [GC (Allocation Failure) 2401.800: [ParNew
Desired survivor size 20112992 bytes, new threshold 8 (max 8)
- age   1:    5388488 bytes,    5388488 total
- age   2:    1258680 bytes,    6647168 total
- age   3:        152 bytes,    6647320 total
- age   8:    3909864 bytes,   10557184 total
: 100495K->12756K(109248K), 0.0071727 secs] 254663K->171158K(502464K), 0.0072364 secs] [Times: user=0.00 sys=0.00, real=0.01 secs] 
Heap after GC invocations=218 (full 8):
 par new generation   total 109248K, used 12756K [0x00000000e0000000, 0x00000000e8000000, 0x00000000e8000000)
  eden space 87424K,   0% used [0x00000000e0000000, 0x00000000e0000000, 0x00000000e5560000)
  from space 21824K,  58% used [0x00000000e5560000, 0x00000000e61d5360, 0x00000000e6ab0000)
  to   space 21824K,   0% used [0x00000000e6ab0000, 0x00000000e6ab0000, 0x00000000e8000000)
 concurrent mark-sweep generation total 393216K, used 158401K [0x00000000e8000000, 0x0000000100000000, 0x0000000100000000)
 Metaspace       used 32250K, capacity 32628K, committed 33020K, reserved 1079296K
  class space    used 3668K, capacity 3806K, committed 3840K, reserved 1048576K
}
2015-08-31T14:05:39.841+0200: 2401.807: Total time for which application threads were stopped: 0.0073858 seconds, Stopping threads took: 0.0000134 seconds
{Heap before GC invocations=218 (full 8):
 par new generation   total 109248K, used 100180K [0x00000000e0000000, 0x00000000e8000000, 0x00000000e8000000)
  eden space 87424K, 100% used [0x00000000e0000000, 0x00000000e5560000, 0x00000000e5560000)
  from space 21824K,  58% used [0x00000000e5560000, 0x00000000e61d5360, 0x00000000e6ab0000)
  to   space 21824K,   0% used [0x00000000e6ab0000, 0x00000000e6ab0000, 0x00000000e8000000)
 concurrent mark-sweep generation total 393216K, used 158401K [0x00000000e8000000, 0x0000000100000000, 0x0000000100000000)
 Metaspace       used 32250K, capacity 32628K, committed 33020K, reserved 1079296K
  class space    used 3668K, capacity 3806K, committed 3840K, reserved 1048576K
2015-08-31T14:05:40.128+0200: 2402.094: [GC (Allocation Failure) 2402.094: [ParNew
Desired survivor size 20112992 bytes, new threshold 8 (max 8)
- age   1:    5460296 bytes,    5460296 total
- age   2:    3759080 bytes,    9219376 total
- age   3:    1258624 bytes,   10478000 total
- age   4:        152 bytes,   10478152 total
: 100180K->13535K(109248K), 0.0064636 secs] 258582K->175764K(502464K), 0.0065202 secs] [Times: user=0.00 sys=0.00, real=0.01 secs] 
Heap after GC invocations=219 (full 8):
 par new generation   total 109248K, used 13535K [0x00000000e0000000, 0x00000000e8000000, 0x00000000e8000000)
  eden space 87424K,   0% used [0x00000000e0000000, 0x00000000e0000000, 0x00000000e5560000)
  from space 21824K,  62% used [0x00000000e6ab0000, 0x00000000e77e7c10, 0x00000000e8000000)
  to   space 21824K,   0% used [0x00000000e5560000, 0x00000000e5560000, 0x00000000e6ab0000)
 concurrent mark-sweep generation total 393216K, used 162229K [0x00000000e8000000, 0x0000000100000000, 0x0000000100000000)
 Metaspace       used 32250K, capacity 32628K, committed 33020K, reserved 1079296K
  class space    used 3668K, capacity 3806K, committed 3840K, reserved 1048576K
}
2015-08-31T14:05:40.135+0200: 2402.101: Total time for which application threads were stopped: 0.0066726 seconds, Stopping threads took: 0.0000138 seconds
{Heap before GC invocations=219 (full 8):
 par new generation   total 109248K, used 100959K [0x00000000e0000000, 0x00000000e8000000, 0x00000000e8000000)
  eden space 87424K, 100% used [0x00000000e0000000, 0x00000000e5560000, 0x00000000e5560000)
  from space 21824K,  62% used [0x00000000e6ab0000, 0x00000000e77e7c10, 0x00000000e8000000)
  to   space 21824K,   0% used [0x00000000e5560000, 0x00000000e5560000, 0x00000000e6ab0000)
 concurrent mark-sweep generation total 393216K, used 162229K [0x00000000e8000000, 0x0000000100000000, 0x0000000100000000)
 Metaspace       used 32250K, capacity 32628K, committed 33020K, reserved 1079296K
  class space    used 3668K, capacity 3806K, committed 3840K, reserved 1048576K
2015-08-31T14:05:40.429+0200: 2402.395: [GC (Allocation Failure) 2402.395: [ParNew
Desired survivor size 20112992 bytes, new threshold 8 (max 8)
- age   1:    5725352 bytes,    5725352 total
- age   2:    3262912 bytes,    8988264 total
- age   3:    3725256 bytes,   12713520 total
- age   4:    1258624 bytes,   13972144 total
- age   5:        152 bytes,   13972296 total
: 100959K->17280K(109248K), 0.0063353 secs] 263188K->179509K(502464K), 0.0063986 secs] [Times: user=0.00 sys=0.00, real=0.01 secs] 
Heap after GC invocations=220 (full 8):
 par new generation   total 109248K, used 17280K [0x00000000e0000000, 0x00000000e8000000, 0x00000000e8000000)
  eden space 87424K,   0% used [0x00000000e0000000, 0x00000000e0000000, 0x00000000e5560000)
  from space 21824K,  79% used [0x00000000e5560000, 0x00000000e6640390, 0x00000000e6ab0000)
  to   space 21824K,   0% used [0x00000000e6ab0000, 0x00000000e6ab0000, 0x00000000e8000000)
 concurrent mark-sweep generation total 393216K, used 162229K [0x00000000e8000000, 0x0000000100000000, 0x0000000100000000)
 Metaspace       used 32250K, capacity 32628K, committed 33020K, reserved 1079296K
  class space    used 3668K, capacity 3806K, committed 3840K, reserved 1048576K
}
2015-08-31T14:05:40.435+0200: 2402.401: Total time for which application threads were stopped: 0.0065481 seconds, Stopping threads took: 0.0000138 seconds
2015-08-31T14:05:40.490+0200: 2402.456: Total time for which application threads were stopped: 0.0000621 seconds, Stopping threads took: 0.0000112 seconds
2015-08-31T14:05:40.490+0200: 2402.456: Total time for which application threads were stopped: 0.0000387 seconds, Stopping threads took: 0.0000154 seconds
2015-08-31T14:05:40.491+0200: 2402.457: Total time for which application threads were stopped: 0.0000458 seconds, Stopping threads took: 0.0000157 seconds
2015-08-31T14:05:40.491+0200: 2402.457: Total time for which application threads were stopped: 0.0000410 seconds, Stopping threads took: 0.0000154 seconds
2015-08-31T14:05:40.491+0200: 2402.457: Total time for which application threads were stopped: 0.0000406 seconds, Stopping threads took: 0.0000154 seconds
2015-08-31T14:05:40.503+0200: 2402.469: Total time for which application threads were stopped: 0.0000570 seconds, Stopping threads took: 0.0000112 seconds
2015-08-31T14:05:40.508+0200: 2402.474: Total time for which application threads were stopped: 0.0000698 seconds, Stopping threads took: 0.0000138 seconds
2015-08-31T14:05:40.508+0200: 2402.474: Total time for which application threads were stopped: 0.0000458 seconds, Stopping threads took: 0.0000160 seconds
2015-08-31T14:05:40.563+0200: 2402.529: Total time for which application threads were stopped: 0.0000848 seconds, Stopping threads took: 0.0000138 seconds
2015-08-31T14:05:40.661+0200: 2402.627: Total time for which application threads were stopped: 0.0000749 seconds, Stopping threads took: 0.0000131 seconds
2015-08-31T14:05:40.661+0200: 2402.627: Total time for which application threads were stopped: 0.0000378 seconds, Stopping threads took: 0.0000067 seconds
2015-08-31T14:05:40.661+0200: 2402.627: Total time for which application threads were stopped: 0.0000432 seconds, Stopping threads took: 0.0000058 seconds
2015-08-31T14:05:40.662+0200: 2402.628: Total time for which application threads were stopped: 0.0000550 seconds, Stopping threads took: 0.0000237 seconds
2015-08-31T14:05:40.662+0200: 2402.628: Total time for which application threads were stopped: 0.0000605 seconds, Stopping threads took: 0.0000230 seconds
2015-08-31T14:05:40.663+0200: 2402.629: Total time for which application threads were stopped: 0.0000710 seconds, Stopping threads took: 0.0000310 seconds
{Heap before GC invocations=220 (full 8):
 par new generation   total 109248K, used 104704K [0x00000000e0000000, 0x00000000e8000000, 0x00000000e8000000)
  eden space 87424K, 100% used [0x00000000e0000000, 0x00000000e5560000, 0x00000000e5560000)
  from space 21824K,  79% used [0x00000000e5560000, 0x00000000e6640390, 0x00000000e6ab0000)
  to   space 21824K,   0% used [0x00000000e6ab0000, 0x00000000e6ab0000, 0x00000000e8000000)
 concurrent mark-sweep generation total 393216K, used 162229K [0x00000000e8000000, 0x0000000100000000, 0x0000000100000000)
 Metaspace       used 32257K, capacity 32628K, committed 33020K, reserved 1079296K
  class space    used 3668K, capacity 3806K, committed 3840K, reserved 1048576K
2015-08-31T14:05:40.682+0200: 2402.648: [GC (Allocation Failure) 2402.648: [ParNew
Desired survivor size 20112992 bytes, new threshold 8 (max 8)
- age   1:     820192 bytes,     820192 total
- age   2:    1095272 bytes,    1915464 total
- age   3:    1062168 bytes,    2977632 total
- age   4:    2102216 bytes,    5079848 total
- age   5:     394656 bytes,    5474504 total
- age   6:        152 bytes,    5474656 total
: 104704K->9131K(109248K), 0.0050582 secs] 266933K->171360K(502464K), 0.0051340 secs] [Times: user=0.06 sys=0.00, real=0.01 secs] 
Heap after GC invocations=221 (full 8):
 par new generation   total 109248K, used 9131K [0x00000000e0000000, 0x00000000e8000000, 0x00000000e8000000)
  eden space 87424K,   0% used [0x00000000e0000000, 0x00000000e0000000, 0x00000000e5560000)
  from space 21824K,  41% used [0x00000000e6ab0000, 0x00000000e739af10, 0x00000000e8000000)
  to   space 21824K,   0% used [0x00000000e5560000, 0x00000000e5560000, 0x00000000e6ab0000)
 concurrent mark-sweep generation total 393216K, used 162229K [0x00000000e8000000, 0x0000000100000000, 0x0000000100000000)
 Metaspace       used 32257K, capacity 32628K, committed 33020K, reserved 1079296K
  class space    used 3668K, capacity 3806K, committed 3840K, reserved 1048576K
}
2015-08-31T14:05:40.687+0200: 2402.653: Total time for which application threads were stopped: 0.0053385 seconds, Stopping threads took: 0.0000141 seconds
2015-08-31T14:05:40.747+0200: 2402.713: Total time for which application threads were stopped: 0.0001056 seconds, Stopping threads took: 0.0000221 seconds
2015-08-31T14:05:40.747+0200: 2402.713: Total time for which application threads were stopped: 0.0000496 seconds, Stopping threads took: 0.0000083 seconds
2015-08-31T14:05:41.525+0200: 2403.491: Total time for which application threads were stopped: 0.0001456 seconds, Stopping threads took: 0.0000643 seconds
2015-08-31T14:05:41.525+0200: 2403.491: Total time for which application threads were stopped: 0.0000624 seconds, Stopping threads took: 0.0000307 seconds
2015-08-31T14:05:41.526+0200: 2403.492: Total time for which application threads were stopped: 0.0000675 seconds, Stopping threads took: 0.0000371 seconds
2015-08-31T14:05:41.527+0200: 2403.493: Total time for which application threads were stopped: 0.0001030 seconds, Stopping threads took: 0.0000522 seconds
2015-08-31T14:05:41.527+0200: 2403.493: Total time for which application threads were stopped: 0.0001194 seconds, Stopping threads took: 0.0000806 seconds
2015-08-31T14:05:41.527+0200: 2403.493: Total time for which application threads were stopped: 0.0000688 seconds, Stopping threads took: 0.0000211 seconds
2015-08-31T14:05:41.527+0200: 2403.493: Total time for which application threads were stopped: 0.0000762 seconds, Stopping threads took: 0.0000368 seconds
2015-08-31T14:05:41.565+0200: 2403.531: Total time for which application threads were stopped: 0.0001030 seconds, Stopping threads took: 0.0000294 seconds
2015-08-31T14:05:41.576+0200: 2403.542: Total time for which application threads were stopped: 0.0000720 seconds, Stopping threads took: 0.0000221 seconds
2015-08-31T14:05:42.576+0200: 2404.542: Total time for which application threads were stopped: 0.0000698 seconds, Stopping threads took: 0.0000253 seconds
2015-08-31T14:06:01.296+0200: 2423.262: Total time for which application threads were stopped: 0.0000730 seconds, Stopping threads took: 0.0000150 seconds
2015-08-31T14:06:01.296+0200: 2423.262: Total time for which application threads were stopped: 0.0000538 seconds, Stopping threads took: 0.0000074 seconds
2015-08-31T14:06:01.296+0200: 2423.262: Total time for which application threads were stopped: 0.0000330 seconds, Stopping threads took: 0.0000096 seconds
2015-08-31T14:06:01.297+0200: 2423.263: Total time for which application threads were stopped: 0.0000470 seconds, Stopping threads took: 0.0000070 seconds
2015-08-31T14:06:02.297+0200: 2424.263: Total time for which application threads were stopped: 0.0000883 seconds, Stopping threads took: 0.0000246 seconds
2015-08-31T14:06:03.047+0200: 2425.013: Total time for which application threads were stopped: 0.0001043 seconds, Stopping threads took: 0.0000141 seconds
2015-08-31T14:06:03.047+0200: 2425.013: Total time for which application threads were stopped: 0.0000390 seconds, Stopping threads took: 0.0000157 seconds
2015-08-31T14:06:03.051+0200: 2425.016: Total time for which application threads were stopped: 0.0001418 seconds, Stopping threads took: 0.0000662 seconds
2015-08-31T14:06:04.051+0200: 2426.017: Total time for which application threads were stopped: 0.0000602 seconds, Stopping threads took: 0.0000154 seconds
2015-08-31T14:06:04.734+0200: 2426.700: Total time for which application threads were stopped: 0.0000765 seconds, Stopping threads took: 0.0000189 seconds
2015-08-31T14:06:04.734+0200: 2426.700: Total time for which application threads were stopped: 0.0000330 seconds, Stopping threads took: 0.0000096 seconds
2015-08-31T14:06:04.734+0200: 2426.700: Total time for which application threads were stopped: 0.0000342 seconds, Stopping threads took: 0.0000086 seconds
2015-08-31T14:06:04.734+0200: 2426.700: Total time for which application threads were stopped: 0.0000326 seconds, Stopping threads took: 0.0000102 seconds
2015-08-31T14:06:04.734+0200: 2426.700: Total time for which application threads were stopped: 0.0001197 seconds, Stopping threads took: 0.0000182 seconds
2015-08-31T14:06:04.735+0200: 2426.701: Total time for which application threads were stopped: 0.0000694 seconds, Stopping threads took: 0.0000352 seconds
2015-08-31T14:06:04.735+0200: 2426.701: Total time for which application threads were stopped: 0.0000710 seconds, Stopping threads took: 0.0000461 seconds
2015-08-31T14:06:04.735+0200: 2426.701: Total time for which application threads were stopped: 0.0000499 seconds, Stopping threads took: 0.0000195 seconds
2015-08-31T14:06:04.735+0200: 2426.701: Total time for which application threads were stopped: 0.0000378 seconds, Stopping threads took: 0.0000157 seconds
2015-08-31T14:06:04.736+0200: 2426.701: Total time for which application threads were stopped: 0.0000493 seconds, Stopping threads took: 0.0000246 seconds
2015-08-31T14:06:04.738+0200: 2426.704: Total time for which application threads were stopped: 0.0000960 seconds, Stopping threads took: 0.0000202 seconds
2015-08-31T14:06:05.739+0200: 2427.704: Total time for which application threads were stopped: 0.0000570 seconds, Stopping threads took: 0.0000141 seconds
2015-08-31T14:06:54.739+0200: 2476.704: Total time for which application threads were stopped: 0.0000947 seconds, Stopping threads took: 0.0000278 seconds
2015-08-31T14:06:54.739+0200: 2476.704: Total time for which application threads were stopped: 0.0000400 seconds, Stopping threads took: 0.0000182 seconds
2015-08-31T14:06:54.739+0200: 2476.704: Total time for which application threads were stopped: 0.0000586 seconds, Stopping threads took: 0.0000189 seconds
2015-08-31T14:06:54.739+0200: 2476.704: Total time for which application threads were stopped: 0.0000688 seconds, Stopping threads took: 0.0000195 seconds
2015-08-31T14:06:54.739+0200: 2476.705: Total time for which application threads were stopped: 0.0001171 seconds, Stopping threads took: 0.0000429 seconds
2015-08-31T14:06:54.740+0200: 2476.705: Total time for which application threads were stopped: 0.0001158 seconds, Stopping threads took: 0.0000458 seconds
2015-08-31T14:13:02.116+0200: 2844.076: Total time for which application threads were stopped: 0.0000672 seconds, Stopping threads took: 0.0000176 seconds
2015-08-31T14:13:02.116+0200: 2844.076: Total time for which application threads were stopped: 0.0000330 seconds, Stopping threads took: 0.0000118 seconds
2015-08-31T14:13:02.116+0200: 2844.076: Total time for which application threads were stopped: 0.0000246 seconds, Stopping threads took: 0.0000048 seconds
2015-08-31T14:13:02.116+0200: 2844.076: Total time for which application threads were stopped: 0.0000234 seconds, Stopping threads took: 0.0000061 seconds
2015-08-31T14:13:02.116+0200: 2844.076: Total time for which application threads were stopped: 0.0000467 seconds, Stopping threads took: 0.0000202 seconds
2015-08-31T14:13:02.116+0200: 2844.076: Total time for which application threads were stopped: 0.0000237 seconds, Stopping threads took: 0.0000054 seconds
2015-08-31T14:13:02.116+0200: 2844.077: Total time for which application threads were stopped: 0.0000406 seconds, Stopping threads took: 0.0000074 seconds
2015-08-31T14:13:02.116+0200: 2844.077: Total time for which application threads were stopped: 0.0000550 seconds, Stopping threads took: 0.0000317 seconds
2015-08-31T14:13:02.116+0200: 2844.077: Total time for which application threads were stopped: 0.0000800 seconds, Stopping threads took: 0.0000128 seconds
2015-08-31T14:13:02.117+0200: 2844.077: Total time for which application threads were stopped: 0.0000333 seconds, Stopping threads took: 0.0000096 seconds
2015-08-31T14:13:02.117+0200: 2844.077: Total time for which application threads were stopped: 0.0000310 seconds, Stopping threads took: 0.0000099 seconds
2015-08-31T14:13:02.117+0200: 2844.077: Total time for which application threads were stopped: 0.0000291 seconds, Stopping threads took: 0.0000099 seconds
2015-08-31T14:13:02.117+0200: 2844.077: Total time for which application threads were stopped: 0.0000944 seconds, Stopping threads took: 0.0000080 seconds
2015-08-31T14:13:02.325+0200: 2844.286: Total time for which application threads were stopped: 0.0000634 seconds, Stopping threads took: 0.0000138 seconds
2015-08-31T14:13:02.344+0200: 2844.304: Total time for which application threads were stopped: 0.0000669 seconds, Stopping threads took: 0.0000157 seconds
2015-08-31T14:13:02.344+0200: 2844.304: Total time for which application threads were stopped: 0.0000282 seconds, Stopping threads took: 0.0000058 seconds
2015-08-31T14:13:02.344+0200: 2844.304: Total time for which application threads were stopped: 0.0000474 seconds, Stopping threads took: 0.0000061 seconds
2015-08-31T14:13:12.118+0200: 2854.078: Total time for which application threads were stopped: 0.0001286 seconds, Stopping threads took: 0.0000234 seconds
2015-08-31T14:13:12.118+0200: 2854.078: Total time for which application threads were stopped: 0.0000582 seconds, Stopping threads took: 0.0000109 seconds
2015-08-31T14:13:12.118+0200: 2854.078: Total time for which application threads were stopped: 0.0000470 seconds, Stopping threads took: 0.0000080 seconds
2015-08-31T14:13:13.063+0200: 2855.022: Total time for which application threads were stopped: 0.0000621 seconds, Stopping threads took: 0.0000134 seconds
2015-08-31T14:13:13.063+0200: 2855.022: Total time for which application threads were stopped: 0.0000534 seconds, Stopping threads took: 0.0000291 seconds
2015-08-31T14:13:13.063+0200: 2855.023: Total time for which application threads were stopped: 0.0000285 seconds, Stopping threads took: 0.0000067 seconds
2015-08-31T14:13:13.063+0200: 2855.023: Total time for which application threads were stopped: 0.0000240 seconds, Stopping threads took: 0.0000061 seconds
2015-08-31T14:13:13.063+0200: 2855.023: Total time for which application threads were stopped: 0.0000410 seconds, Stopping threads took: 0.0000198 seconds
2015-08-31T14:13:13.063+0200: 2855.023: Total time for which application threads were stopped: 0.0000413 seconds, Stopping threads took: 0.0000208 seconds
2015-08-31T14:13:13.063+0200: 2855.023: Total time for which application threads were stopped: 0.0000445 seconds, Stopping threads took: 0.0000154 seconds
2015-08-31T14:13:13.063+0200: 2855.023: Total time for which application threads were stopped: 0.0000246 seconds, Stopping threads took: 0.0000061 seconds
2015-08-31T14:13:13.063+0200: 2855.023: Total time for which application threads were stopped: 0.0000989 seconds, Stopping threads took: 0.0000790 seconds
2015-08-31T14:13:13.064+0200: 2855.023: Total time for which application threads were stopped: 0.0001722 seconds, Stopping threads took: 0.0001510 seconds
2015-08-31T14:13:13.064+0200: 2855.023: Total time for which application threads were stopped: 0.0000243 seconds, Stopping threads took: 0.0000064 seconds
2015-08-31T14:13:13.064+0200: 2855.024: Total time for which application threads were stopped: 0.0000304 seconds, Stopping threads took: 0.0000064 seconds
2015-08-31T14:13:13.064+0200: 2855.024: Total time for which application threads were stopped: 0.0000317 seconds, Stopping threads took: 0.0000102 seconds
2015-08-31T14:13:13.064+0200: 2855.024: Total time for which application threads were stopped: 0.0000426 seconds, Stopping threads took: 0.0000189 seconds
2015-08-31T14:13:32.119+0200: 2874.079: Total time for which application threads were stopped: 0.0000698 seconds, Stopping threads took: 0.0000154 seconds
2015-08-31T14:13:32.119+0200: 2874.079: Total time for which application threads were stopped: 0.0002320 seconds, Stopping threads took: 0.0000758 seconds
2015-08-31T14:13:32.119+0200: 2874.079: Total time for which application threads were stopped: 0.0000560 seconds, Stopping threads took: 0.0000131 seconds
2015-08-31T14:13:32.120+0200: 2874.079: Total time for which application threads were stopped: 0.0000928 seconds, Stopping threads took: 0.0000288 seconds
2015-08-31T14:13:33.861+0200: 2875.821: Total time for which application threads were stopped: 0.0000586 seconds, Stopping threads took: 0.0000147 seconds
2015-08-31T14:13:33.861+0200: 2875.821: Total time for which application threads were stopped: 0.0000234 seconds, Stopping threads took: 0.0000061 seconds
2015-08-31T14:13:33.861+0200: 2875.821: Total time for which application threads were stopped: 0.0000240 seconds, Stopping threads took: 0.0000045 seconds
2015-08-31T14:13:33.862+0200: 2875.821: Total time for which application threads were stopped: 0.0000259 seconds, Stopping threads took: 0.0000058 seconds
2015-08-31T14:13:33.862+0200: 2875.821: Total time for which application threads were stopped: 0.0000230 seconds, Stopping threads took: 0.0000061 seconds
2015-08-31T14:13:33.862+0200: 2875.821: Total time for which application threads were stopped: 0.0000240 seconds, Stopping threads took: 0.0000051 seconds
2015-08-31T14:13:33.862+0200: 2875.822: Total time for which application threads were stopped: 0.0000221 seconds, Stopping threads took: 0.0000054 seconds
2015-08-31T14:13:33.862+0200: 2875.822: Total time for which application threads were stopped: 0.0000278 seconds, Stopping threads took: 0.0000077 seconds
2015-08-31T14:13:33.862+0200: 2875.822: Total time for which application threads were stopped: 0.0000221 seconds, Stopping threads took: 0.0000058 seconds
2015-08-31T14:13:34.862+0200: 2876.821: Total time for which application threads were stopped: 0.0001184 seconds, Stopping threads took: 0.0000330 seconds
2015-08-31T14:13:52.120+0200: 2894.079: Total time for which application threads were stopped: 0.0000918 seconds, Stopping threads took: 0.0000166 seconds
2015-08-31T14:13:52.120+0200: 2894.080: Total time for which application threads were stopped: 0.0001795 seconds, Stopping threads took: 0.0001286 seconds
2015-08-31T14:13:52.120+0200: 2894.080: Total time for which application threads were stopped: 0.0000422 seconds, Stopping threads took: 0.0000080 seconds
2015-08-31T14:13:52.121+0200: 2894.080: Total time for which application threads were stopped: 0.0002016 seconds, Stopping threads took: 0.0000202 seconds
2015-08-31T14:14:48.886+0200: 2950.845: Total time for which application threads were stopped: 0.0000669 seconds, Stopping threads took: 0.0000166 seconds
2015-08-31T14:14:48.886+0200: 2950.845: Total time for which application threads were stopped: 0.0000269 seconds, Stopping threads took: 0.0000070 seconds
2015-08-31T14:14:48.886+0200: 2950.845: Total time for which application threads were stopped: 0.0000285 seconds, Stopping threads took: 0.0000093 seconds
2015-08-31T14:14:48.887+0200: 2950.846: Total time for which application threads were stopped: 0.0000448 seconds, Stopping threads took: 0.0000099 seconds
2015-08-31T14:14:48.887+0200: 2950.846: Total time for which application threads were stopped: 0.0000541 seconds, Stopping threads took: 0.0000157 seconds
2015-08-31T14:14:48.887+0200: 2950.846: Total time for which application threads were stopped: 0.0000378 seconds, Stopping threads took: 0.0000134 seconds
2015-08-31T14:14:48.887+0200: 2950.846: Total time for which application threads were stopped: 0.0000563 seconds, Stopping threads took: 0.0000176 seconds
2015-08-31T14:14:48.888+0200: 2950.847: Total time for which application threads were stopped: 0.0000352 seconds, Stopping threads took: 0.0000086 seconds
2015-08-31T14:14:48.888+0200: 2950.847: Total time for which application threads were stopped: 0.0000899 seconds, Stopping threads took: 0.0000547 seconds
2015-08-31T14:14:48.905+0200: 2950.864: Total time for which application threads were stopped: 0.0005491 seconds, Stopping threads took: 0.0000240 seconds
2015-08-31T14:14:49.906+0200: 2951.864: Total time for which application threads were stopped: 0.0000701 seconds, Stopping threads took: 0.0000269 seconds
2015-08-31T14:15:05.186+0200: 2967.144: Total time for which application threads were stopped: 0.0000662 seconds, Stopping threads took: 0.0000150 seconds
2015-08-31T14:15:05.186+0200: 2967.144: Total time for which application threads were stopped: 0.0000400 seconds, Stopping threads took: 0.0000157 seconds
2015-08-31T14:15:05.186+0200: 2967.145: Total time for which application threads were stopped: 0.0000493 seconds, Stopping threads took: 0.0000170 seconds
2015-08-31T14:15:05.201+0200: 2967.159: Total time for which application threads were stopped: 0.0001197 seconds, Stopping threads took: 0.0000502 seconds
2015-08-31T14:15:46.472+0200: 3008.430: Total time for which application threads were stopped: 0.0000726 seconds, Stopping threads took: 0.0000179 seconds
2015-08-31T14:15:46.472+0200: 3008.430: Total time for which application threads were stopped: 0.0000320 seconds, Stopping threads took: 0.0000058 seconds
2015-08-31T14:15:56.472+0200: 3018.430: Total time for which application threads were stopped: 0.0001232 seconds, Stopping threads took: 0.0000221 seconds
2015-08-31T14:16:07.615+0200: 3029.573: Total time for which application threads were stopped: 0.0000646 seconds, Stopping threads took: 0.0000173 seconds
2015-08-31T14:16:07.615+0200: 3029.573: Total time for which application threads were stopped: 0.0000291 seconds, Stopping threads took: 0.0000083 seconds
2015-08-31T14:16:07.616+0200: 3029.573: Total time for which application threads were stopped: 0.0000323 seconds, Stopping threads took: 0.0000090 seconds
2015-08-31T14:16:07.616+0200: 3029.573: Total time for which application threads were stopped: 0.0000266 seconds, Stopping threads took: 0.0000058 seconds
2015-08-31T14:16:07.616+0200: 3029.573: Total time for which application threads were stopped: 0.0000272 seconds, Stopping threads took: 0.0000061 seconds
2015-08-31T14:16:07.616+0200: 3029.573: Total time for which application threads were stopped: 0.0000416 seconds, Stopping threads took: 0.0000227 seconds
2015-08-31T14:16:07.616+0200: 3029.573: Total time for which application threads were stopped: 0.0000998 seconds, Stopping threads took: 0.0000150 seconds
2015-08-31T14:16:07.616+0200: 3029.574: Total time for which application threads were stopped: 0.0000336 seconds, Stopping threads took: 0.0000112 seconds
2015-08-31T14:16:07.616+0200: 3029.574: Total time for which application threads were stopped: 0.0000352 seconds, Stopping threads took: 0.0000077 seconds
2015-08-31T14:16:07.830+0200: 3029.788: Total time for which application threads were stopped: 0.0000630 seconds, Stopping threads took: 0.0000128 seconds
2015-08-31T14:16:07.831+0200: 3029.788: Total time for which application threads were stopped: 0.0000701 seconds, Stopping threads took: 0.0000112 seconds
2015-08-31T14:16:08.831+0200: 3030.788: Total time for which application threads were stopped: 0.0000611 seconds, Stopping threads took: 0.0000144 seconds
2015-08-31T14:16:21.837+0200: 3043.794: Total time for which application threads were stopped: 0.0000941 seconds, Stopping threads took: 0.0000138 seconds
2015-08-31T14:16:21.837+0200: 3043.794: Total time for which application threads were stopped: 0.0000384 seconds, Stopping threads took: 0.0000154 seconds
2015-08-31T14:16:21.838+0200: 3043.795: Total time for which application threads were stopped: 0.0000848 seconds, Stopping threads took: 0.0000186 seconds
2015-08-31T14:16:21.883+0200: 3043.840: Total time for which application threads were stopped: 0.0000858 seconds, Stopping threads took: 0.0000147 seconds
2015-08-31T14:16:27.617+0200: 3049.574: Total time for which application threads were stopped: 0.0001149 seconds, Stopping threads took: 0.0000384 seconds
2015-08-31T14:16:27.617+0200: 3049.574: Total time for which application threads were stopped: 0.0000438 seconds, Stopping threads took: 0.0000090 seconds
2015-08-31T14:16:27.617+0200: 3049.574: Total time for which application threads were stopped: 0.0000509 seconds, Stopping threads took: 0.0000070 seconds
2015-08-31T14:16:27.617+0200: 3049.575: Total time for which application threads were stopped: 0.0000701 seconds, Stopping threads took: 0.0000282 seconds
2015-08-31T14:16:38.550+0200: 3060.507: Total time for which application threads were stopped: 0.0000659 seconds, Stopping threads took: 0.0000150 seconds
2015-08-31T14:16:38.551+0200: 3060.508: Total time for which application threads were stopped: 0.0000717 seconds, Stopping threads took: 0.0000170 seconds
2015-08-31T14:16:39.551+0200: 3061.507: Total time for which application threads were stopped: 0.0000672 seconds, Stopping threads took: 0.0000176 seconds
2015-08-31T14:16:46.552+0200: 3068.509: Total time for which application threads were stopped: 0.0001680 seconds, Stopping threads took: 0.0000950 seconds
2015-08-31T14:16:47.552+0200: 3069.509: Total time for which application threads were stopped: 0.0000813 seconds, Stopping threads took: 0.0000144 seconds
2015-08-31T14:18:07.152+0200: 3149.108: Total time for which application threads were stopped: 0.0000666 seconds, Stopping threads took: 0.0000170 seconds
2015-08-31T14:18:07.152+0200: 3149.108: Total time for which application threads were stopped: 0.0000301 seconds, Stopping threads took: 0.0000090 seconds
2015-08-31T14:18:07.152+0200: 3149.108: Total time for which application threads were stopped: 0.0000227 seconds, Stopping threads took: 0.0000058 seconds
2015-08-31T14:18:07.152+0200: 3149.108: Total time for which application threads were stopped: 0.0000266 seconds, Stopping threads took: 0.0000067 seconds
2015-08-31T14:18:07.152+0200: 3149.108: Total time for which application threads were stopped: 0.0000253 seconds, Stopping threads took: 0.0000070 seconds
2015-08-31T14:18:07.152+0200: 3149.108: Total time for which application threads were stopped: 0.0000266 seconds, Stopping threads took: 0.0000074 seconds
2015-08-31T14:18:07.152+0200: 3149.108: Total time for which application threads were stopped: 0.0000221 seconds, Stopping threads took: 0.0000054 seconds
2015-08-31T14:18:07.152+0200: 3149.108: Total time for which application threads were stopped: 0.0000259 seconds, Stopping threads took: 0.0000061 seconds
2015-08-31T14:18:07.152+0200: 3149.108: Total time for which application threads were stopped: 0.0000243 seconds, Stopping threads took: 0.0000064 seconds
2015-08-31T14:18:07.152+0200: 3149.108: Total time for which application threads were stopped: 0.0000250 seconds, Stopping threads took: 0.0000067 seconds
2015-08-31T14:18:07.153+0200: 3149.108: Total time for which application threads were stopped: 0.0000221 seconds, Stopping threads took: 0.0000054 seconds
2015-08-31T14:18:07.153+0200: 3149.109: Total time for which application threads were stopped: 0.0002144 seconds, Stopping threads took: 0.0001949 seconds
2015-08-31T14:18:07.153+0200: 3149.109: Total time for which application threads were stopped: 0.0000778 seconds, Stopping threads took: 0.0000483 seconds
2015-08-31T14:18:07.153+0200: 3149.109: Total time for which application threads were stopped: 0.0000362 seconds, Stopping threads took: 0.0000131 seconds
2015-08-31T14:18:17.153+0200: 3159.109: Total time for which application threads were stopped: 0.0001818 seconds, Stopping threads took: 0.0000138 seconds
2015-08-31T14:18:17.153+0200: 3159.109: Total time for which application threads were stopped: 0.0000435 seconds, Stopping threads took: 0.0000080 seconds
2015-08-31T14:18:27.154+0200: 3169.109: Total time for which application threads were stopped: 0.0001168 seconds, Stopping threads took: 0.0000240 seconds
2015-08-31T14:18:43.050+0200: 3185.005: Total time for which application threads were stopped: 0.0000614 seconds, Stopping threads took: 0.0000131 seconds
2015-08-31T14:18:43.050+0200: 3185.005: Total time for which application threads were stopped: 0.0000243 seconds, Stopping threads took: 0.0000048 seconds
2015-08-31T14:18:43.050+0200: 3185.006: Total time for which application threads were stopped: 0.0000221 seconds, Stopping threads took: 0.0000045 seconds
2015-08-31T14:18:43.051+0200: 3185.006: Total time for which application threads were stopped: 0.0000342 seconds, Stopping threads took: 0.0000067 seconds
2015-08-31T14:18:43.160+0200: 3185.115: Total time for which application threads were stopped: 0.0001242 seconds, Stopping threads took: 0.0000278 seconds
2015-08-31T14:18:43.160+0200: 3185.116: Total time for which application threads were stopped: 0.0000371 seconds, Stopping threads took: 0.0000080 seconds
2015-08-31T14:18:43.161+0200: 3185.116: Total time for which application threads were stopped: 0.0000976 seconds, Stopping threads took: 0.0000102 seconds
2015-08-31T14:19:33.197+0200: 3235.151: Total time for which application threads were stopped: 0.0000736 seconds, Stopping threads took: 0.0000253 seconds
2015-08-31T14:20:29.433+0200: 3291.387: Total time for which application threads were stopped: 0.0001066 seconds, Stopping threads took: 0.0000134 seconds
2015-08-31T14:20:29.433+0200: 3291.387: Total time for which application threads were stopped: 0.0000531 seconds, Stopping threads took: 0.0000182 seconds
2015-08-31T14:20:29.433+0200: 3291.387: Total time for which application threads were stopped: 0.0000512 seconds, Stopping threads took: 0.0000074 seconds
2015-08-31T14:20:29.433+0200: 3291.387: Total time for which application threads were stopped: 0.0000346 seconds, Stopping threads took: 0.0000058 seconds
2015-08-31T14:20:30.433+0200: 3292.387: Total time for which application threads were stopped: 0.0001286 seconds, Stopping threads took: 0.0000397 seconds
2015-08-31T14:20:39.530+0200: 3301.483: Total time for which application threads were stopped: 0.0000643 seconds, Stopping threads took: 0.0000144 seconds
2015-08-31T14:20:39.530+0200: 3301.483: Total time for which application threads were stopped: 0.0000403 seconds, Stopping threads took: 0.0000160 seconds
2015-08-31T14:20:39.531+0200: 3301.484: Total time for which application threads were stopped: 0.0000544 seconds, Stopping threads took: 0.0000102 seconds
2015-08-31T14:20:39.532+0200: 3301.485: Total time for which application threads were stopped: 0.0000790 seconds, Stopping threads took: 0.0000186 seconds
2015-08-31T14:20:40.532+0200: 3302.485: Total time for which application threads were stopped: 0.0000592 seconds, Stopping threads took: 0.0000150 seconds
2015-08-31T14:20:44.676+0200: 3306.629: Total time for which application threads were stopped: 0.0002224 seconds, Stopping threads took: 0.0000266 seconds
2015-08-31T14:20:44.677+0200: 3306.631: Total time for which application threads were stopped: 0.0001114 seconds, Stopping threads took: 0.0000368 seconds
2015-08-31T14:20:45.677+0200: 3307.630: Total time for which application threads were stopped: 0.0000822 seconds, Stopping threads took: 0.0000272 seconds
2015-08-31T14:20:56.677+0200: 3318.631: Total time for which application threads were stopped: 0.0000717 seconds, Stopping threads took: 0.0000272 seconds
2015-08-31T14:21:23.679+0200: 3345.632: Total time for which application threads were stopped: 0.0000762 seconds, Stopping threads took: 0.0000288 seconds
2015-08-31T14:21:39.680+0200: 3361.633: Total time for which application threads were stopped: 0.0000701 seconds, Stopping threads took: 0.0000272 seconds
2015-08-31T14:21:40.106+0200: 3362.059: Total time for which application threads were stopped: 0.0000758 seconds, Stopping threads took: 0.0000128 seconds
2015-08-31T14:21:40.106+0200: 3362.059: Total time for which application threads were stopped: 0.0000435 seconds, Stopping threads took: 0.0000074 seconds
2015-08-31T14:21:40.106+0200: 3362.059: Total time for which application threads were stopped: 0.0000355 seconds, Stopping threads took: 0.0000061 seconds
2015-08-31T14:21:41.106+0200: 3363.059: Total time for which application threads were stopped: 0.0001565 seconds, Stopping threads took: 0.0000400 seconds
2015-08-31T14:21:54.333+0200: 3376.286: Total time for which application threads were stopped: 0.0000739 seconds, Stopping threads took: 0.0000259 seconds
2015-08-31T14:22:30.107+0200: 3412.059: Total time for which application threads were stopped: 0.0001091 seconds, Stopping threads took: 0.0000262 seconds
2015-08-31T14:22:30.107+0200: 3412.060: Total time for which application threads were stopped: 0.0000826 seconds, Stopping threads took: 0.0000166 seconds
2015-08-31T14:23:40.111+0200: 3482.062: Total time for which application threads were stopped: 0.0000768 seconds, Stopping threads took: 0.0000307 seconds
2015-08-31T14:23:50.111+0200: 3492.062: Total time for which application threads were stopped: 0.0000758 seconds, Stopping threads took: 0.0000307 seconds
2015-08-31T14:24:20.439+0200: 3522.390: Total time for which application threads were stopped: 0.0000624 seconds, Stopping threads took: 0.0000150 seconds
2015-08-31T14:24:20.439+0200: 3522.390: Total time for which application threads were stopped: 0.0000250 seconds, Stopping threads took: 0.0000051 seconds
2015-08-31T14:24:20.439+0200: 3522.391: Total time for which application threads were stopped: 0.0000672 seconds, Stopping threads took: 0.0000189 seconds
2015-08-31T14:25:06.397+0200: 3568.347: Total time for which application threads were stopped: 0.0000630 seconds, Stopping threads took: 0.0000144 seconds
2015-08-31T14:25:06.398+0200: 3568.348: Total time for which application threads were stopped: 0.0001715 seconds, Stopping threads took: 0.0000083 seconds
2015-08-31T14:25:06.399+0200: 3568.349: Total time for which application threads were stopped: 0.0001286 seconds, Stopping threads took: 0.0000102 seconds
2015-08-31T14:25:09.399+0200: 3571.349: Total time for which application threads were stopped: 0.0000915 seconds, Stopping threads took: 0.0000365 seconds
2015-08-31T14:25:38.534+0200: 3600.483: Total time for which application threads were stopped: 0.0000941 seconds, Stopping threads took: 0.0000227 seconds
2015-08-31T14:25:38.535+0200: 3600.485: Total time for which application threads were stopped: 0.0000557 seconds, Stopping threads took: 0.0000096 seconds
2015-08-31T14:25:39.535+0200: 3601.484: Total time for which application threads were stopped: 0.0000602 seconds, Stopping threads took: 0.0000141 seconds
2015-08-31T14:26:44.490+0200: 3666.440: Total time for which application threads were stopped: 0.0000621 seconds, Stopping threads took: 0.0000150 seconds
2015-08-31T14:26:44.490+0200: 3666.440: Total time for which application threads were stopped: 0.0000365 seconds, Stopping threads took: 0.0000077 seconds
2015-08-31T14:26:44.490+0200: 3666.440: Total time for which application threads were stopped: 0.0000358 seconds, Stopping threads took: 0.0000067 seconds
2015-08-31T14:27:34.492+0200: 3716.441: Total time for which application threads were stopped: 0.0000800 seconds, Stopping threads took: 0.0000221 seconds
2015-08-31T14:27:34.492+0200: 3716.441: Total time for which application threads were stopped: 0.0000784 seconds, Stopping threads took: 0.0000310 seconds
2015-08-31T14:33:44.679+0200: 4086.623: Total time for which application threads were stopped: 0.0000701 seconds, Stopping threads took: 0.0000131 seconds
2015-08-31T14:33:44.679+0200: 4086.623: Total time for which application threads were stopped: 0.0000454 seconds, Stopping threads took: 0.0000077 seconds
2015-08-31T14:33:44.680+0200: 4086.624: Total time for which application threads were stopped: 0.0000419 seconds, Stopping threads took: 0.0000064 seconds
2015-08-31T14:33:44.680+0200: 4086.624: Total time for which application threads were stopped: 0.0000938 seconds, Stopping threads took: 0.0000074 seconds
2015-08-31T14:33:57.312+0200: 4099.256: Total time for which application threads were stopped: 0.0000720 seconds, Stopping threads took: 0.0000147 seconds
2015-08-31T14:33:57.313+0200: 4099.256: Total time for which application threads were stopped: 0.0000662 seconds, Stopping threads took: 0.0000198 seconds
2015-08-31T14:33:57.313+0200: 4099.256: Total time for which application threads were stopped: 0.0000387 seconds, Stopping threads took: 0.0000064 seconds
2015-08-31T14:33:57.314+0200: 4099.257: Total time for which application threads were stopped: 0.0000976 seconds, Stopping threads took: 0.0000314 seconds
2015-08-31T14:34:47.315+0200: 4149.258: Total time for which application threads were stopped: 0.0001277 seconds, Stopping threads took: 0.0000320 seconds
2015-08-31T14:35:56.224+0200: 4218.166: Total time for which application threads were stopped: 0.0000621 seconds, Stopping threads took: 0.0000144 seconds
2015-08-31T14:35:56.224+0200: 4218.166: Total time for which application threads were stopped: 0.0000250 seconds, Stopping threads took: 0.0000064 seconds
2015-08-31T14:35:56.224+0200: 4218.166: Total time for which application threads were stopped: 0.0000483 seconds, Stopping threads took: 0.0000176 seconds
2015-08-31T14:36:46.226+0200: 4268.167: Total time for which application threads were stopped: 0.0001139 seconds, Stopping threads took: 0.0000214 seconds
2015-08-31T14:36:46.226+0200: 4268.167: Total time for which application threads were stopped: 0.0000675 seconds, Stopping threads took: 0.0000080 seconds
2015-08-31T14:36:56.216+0200: 4278.157: Total time for which application threads were stopped: 0.0000634 seconds, Stopping threads took: 0.0000147 seconds
2015-08-31T14:36:56.216+0200: 4278.157: Total time for which application threads were stopped: 0.0000224 seconds, Stopping threads took: 0.0000045 seconds
2015-08-31T14:36:56.217+0200: 4278.158: Total time for which application threads were stopped: 0.0000605 seconds, Stopping threads took: 0.0000138 seconds
2015-08-31T14:37:46.220+0200: 4328.161: Total time for which application threads were stopped: 0.0001440 seconds, Stopping threads took: 0.0000211 seconds
2015-08-31T14:37:46.220+0200: 4328.161: Total time for which application threads were stopped: 0.0000698 seconds, Stopping threads took: 0.0000189 seconds
2015-08-31T14:40:05.178+0200: 4467.116: Total time for which application threads were stopped: 0.0001411 seconds, Stopping threads took: 0.0000125 seconds
2015-08-31T14:40:05.178+0200: 4467.116: Total time for which application threads were stopped: 0.0000330 seconds, Stopping threads took: 0.0000061 seconds
2015-08-31T14:40:05.178+0200: 4467.117: Total time for which application threads were stopped: 0.0000400 seconds, Stopping threads took: 0.0000077 seconds
2015-08-31T14:40:40.180+0200: 4502.118: Total time for which application threads were stopped: 0.0000720 seconds, Stopping threads took: 0.0000266 seconds
2015-08-31T14:40:55.179+0200: 4517.117: Total time for which application threads were stopped: 0.0000576 seconds, Stopping threads took: 0.0000125 seconds
2015-08-31T14:40:55.179+0200: 4517.117: Total time for which application threads were stopped: 0.0000563 seconds, Stopping threads took: 0.0000198 seconds
2015-08-31T14:45:51.383+0200: 4813.317: Total time for which application threads were stopped: 0.0000621 seconds, Stopping threads took: 0.0000138 seconds
2015-08-31T14:45:51.383+0200: 4813.317: Total time for which application threads were stopped: 0.0000269 seconds, Stopping threads took: 0.0000051 seconds
2015-08-31T14:45:51.383+0200: 4813.317: Total time for which application threads were stopped: 0.0000422 seconds, Stopping threads took: 0.0000070 seconds
2015-08-31T14:46:09.384+0200: 4831.317: Total time for which application threads were stopped: 0.0001222 seconds, Stopping threads took: 0.0000326 seconds
2015-08-31T14:46:41.386+0200: 4863.319: Total time for which application threads were stopped: 0.0000762 seconds, Stopping threads took: 0.0000275 seconds
2015-08-31T14:46:45.121+0200: 4867.054: Total time for which application threads were stopped: 0.0001139 seconds, Stopping threads took: 0.0000237 seconds
2015-08-31T14:46:45.121+0200: 4867.054: Total time for which application threads were stopped: 0.0000816 seconds, Stopping threads took: 0.0000170 seconds
2015-08-31T14:48:35.094+0200: 4977.026: Total time for which application threads were stopped: 0.0000653 seconds, Stopping threads took: 0.0000144 seconds
2015-08-31T14:48:35.094+0200: 4977.026: Total time for which application threads were stopped: 0.0000566 seconds, Stopping threads took: 0.0000045 seconds
2015-08-31T14:48:35.095+0200: 4977.027: Total time for which application threads were stopped: 0.0000586 seconds, Stopping threads took: 0.0000125 seconds
2015-08-31T14:48:57.653+0200: 4999.584: Total time for which application threads were stopped: 0.0000611 seconds, Stopping threads took: 0.0000131 seconds
2015-08-31T14:48:57.653+0200: 4999.584: Total time for which application threads were stopped: 0.0000291 seconds, Stopping threads took: 0.0000058 seconds
2015-08-31T14:48:57.653+0200: 4999.584: Total time for which application threads were stopped: 0.0000557 seconds, Stopping threads took: 0.0000083 seconds
2015-08-31T14:48:57.654+0200: 4999.585: Total time for which application threads were stopped: 0.0000694 seconds, Stopping threads took: 0.0000131 seconds
2015-08-31T14:48:57.655+0200: 4999.586: Total time for which application threads were stopped: 0.0000762 seconds, Stopping threads took: 0.0000218 seconds
2015-08-31T14:48:57.655+0200: 4999.586: Total time for which application threads were stopped: 0.0000438 seconds, Stopping threads took: 0.0000077 seconds
2015-08-31T14:48:57.655+0200: 4999.586: Total time for which application threads were stopped: 0.0000592 seconds, Stopping threads took: 0.0000259 seconds
2015-08-31T14:48:57.655+0200: 4999.586: Total time for which application threads were stopped: 0.0000547 seconds, Stopping threads took: 0.0000163 seconds
2015-08-31T14:48:57.655+0200: 4999.586: Total time for which application threads were stopped: 0.0000451 seconds, Stopping threads took: 0.0000070 seconds
2015-08-31T14:48:57.655+0200: 4999.586: Total time for which application threads were stopped: 0.0000461 seconds, Stopping threads took: 0.0000054 seconds
2015-08-31T14:48:57.655+0200: 4999.586: Total time for which application threads were stopped: 0.0000474 seconds, Stopping threads took: 0.0000064 seconds
2015-08-31T14:48:57.655+0200: 4999.586: Total time for which application threads were stopped: 0.0000390 seconds, Stopping threads took: 0.0000064 seconds
2015-08-31T14:48:57.656+0200: 4999.587: Total time for which application threads were stopped: 0.0000448 seconds, Stopping threads took: 0.0000064 seconds
2015-08-31T14:48:57.656+0200: 4999.587: Total time for which application threads were stopped: 0.0000541 seconds, Stopping threads took: 0.0000064 seconds
2015-08-31T14:48:58.656+0200: 5000.587: Total time for which application threads were stopped: 0.0000666 seconds, Stopping threads took: 0.0000227 seconds
2015-08-31T14:49:15.686+0200: 5017.617: Total time for which application threads were stopped: 0.0000605 seconds, Stopping threads took: 0.0000141 seconds
2015-08-31T14:49:15.686+0200: 5017.617: Total time for which application threads were stopped: 0.0000390 seconds, Stopping threads took: 0.0000157 seconds
2015-08-31T14:49:15.687+0200: 5017.618: Total time for which application threads were stopped: 0.0001552 seconds, Stopping threads took: 0.0000947 seconds
2015-08-31T14:49:15.689+0200: 5017.620: Total time for which application threads were stopped: 0.0000854 seconds, Stopping threads took: 0.0000333 seconds
2015-08-31T14:49:16.689+0200: 5018.619: Total time for which application threads were stopped: 0.0000819 seconds, Stopping threads took: 0.0000339 seconds
2015-08-31T14:49:25.104+0200: 5027.035: Total time for which application threads were stopped: 0.0001136 seconds, Stopping threads took: 0.0000253 seconds
2015-08-31T14:49:25.104+0200: 5027.035: Total time for which application threads were stopped: 0.0000861 seconds, Stopping threads took: 0.0000262 seconds
2015-08-31T14:49:26.869+0200: 5028.801: Total time for which application threads were stopped: 0.0000848 seconds, Stopping threads took: 0.0000240 seconds
2015-08-31T14:49:26.870+0200: 5028.801: Total time for which application threads were stopped: 0.0000742 seconds, Stopping threads took: 0.0000282 seconds
2015-08-31T14:49:27.870+0200: 5029.801: Total time for which application threads were stopped: 0.0000912 seconds, Stopping threads took: 0.0000262 seconds
2015-08-31T14:50:16.873+0200: 5078.803: Total time for which application threads were stopped: 0.0000765 seconds, Stopping threads took: 0.0000266 seconds
2015-08-31T14:51:13.097+0200: 5135.027: Total time for which application threads were stopped: 0.0000624 seconds, Stopping threads took: 0.0000134 seconds
2015-08-31T14:51:13.097+0200: 5135.027: Total time for which application threads were stopped: 0.0000243 seconds, Stopping threads took: 0.0000045 seconds
2015-08-31T14:51:13.097+0200: 5135.027: Total time for which application threads were stopped: 0.0000435 seconds, Stopping threads took: 0.0000061 seconds
2015-08-31T14:51:24.005+0200: 5145.935: Total time for which application threads were stopped: 0.0000730 seconds, Stopping threads took: 0.0000150 seconds
2015-08-31T14:51:24.006+0200: 5145.935: Total time for which application threads were stopped: 0.0000250 seconds, Stopping threads took: 0.0000045 seconds
2015-08-31T14:51:24.006+0200: 5145.936: Total time for which application threads were stopped: 0.0000582 seconds, Stopping threads took: 0.0000118 seconds
2015-08-31T14:51:54.862+0200: 5176.791: Total time for which application threads were stopped: 0.0001254 seconds, Stopping threads took: 0.0000147 seconds
2015-08-31T14:51:54.862+0200: 5176.791: Total time for which application threads were stopped: 0.0000387 seconds, Stopping threads took: 0.0000083 seconds
2015-08-31T14:52:27.428+0200: 5209.356: Total time for which application threads were stopped: 0.0000918 seconds, Stopping threads took: 0.0000154 seconds
2015-08-31T14:52:27.429+0200: 5209.357: Total time for which application threads were stopped: 0.0000733 seconds, Stopping threads took: 0.0000154 seconds
2015-08-31T14:54:50.867+0200: 5352.793: Total time for which application threads were stopped: 0.0000643 seconds, Stopping threads took: 0.0000147 seconds
2015-08-31T14:54:50.867+0200: 5352.793: Total time for which application threads were stopped: 0.0000243 seconds, Stopping threads took: 0.0000045 seconds
2015-08-31T14:54:50.867+0200: 5352.793: Total time for which application threads were stopped: 0.0000227 seconds, Stopping threads took: 0.0000038 seconds
2015-08-31T14:54:50.867+0200: 5352.794: Total time for which application threads were stopped: 0.0000320 seconds, Stopping threads took: 0.0000058 seconds
2015-08-31T14:55:05.631+0200: 5367.557: Total time for which application threads were stopped: 0.0000598 seconds, Stopping threads took: 0.0000134 seconds
2015-08-31T14:55:05.631+0200: 5367.557: Total time for which application threads were stopped: 0.0000390 seconds, Stopping threads took: 0.0000157 seconds
2015-08-31T14:55:05.632+0200: 5367.558: Total time for which application threads were stopped: 0.0000653 seconds, Stopping threads took: 0.0000301 seconds
2015-08-31T14:55:05.632+0200: 5367.558: Total time for which application threads were stopped: 0.0000566 seconds, Stopping threads took: 0.0000192 seconds
2015-08-31T14:55:05.633+0200: 5367.559: Total time for which application threads were stopped: 0.0001222 seconds, Stopping threads took: 0.0000810 seconds
2015-08-31T14:55:05.634+0200: 5367.560: Total time for which application threads were stopped: 0.0000522 seconds, Stopping threads took: 0.0000179 seconds
2015-08-31T14:55:06.634+0200: 5368.560: Total time for which application threads were stopped: 0.0000602 seconds, Stopping threads took: 0.0000157 seconds
2015-08-31T14:55:18.334+0200: 5380.261: Total time for which application threads were stopped: 0.0000762 seconds, Stopping threads took: 0.0000246 seconds
2015-08-31T14:55:18.335+0200: 5380.261: Total time for which application threads were stopped: 0.0000694 seconds, Stopping threads took: 0.0000198 seconds
2015-08-31T14:55:18.335+0200: 5380.262: Total time for which application threads were stopped: 0.0001168 seconds, Stopping threads took: 0.0000064 seconds
2015-08-31T14:55:31.957+0200: 5393.883: Total time for which application threads were stopped: 0.0001466 seconds, Stopping threads took: 0.0000816 seconds
2015-08-31T14:56:25.960+0200: 5447.885: Total time for which application threads were stopped: 0.0001197 seconds, Stopping threads took: 0.0000349 seconds
2015-08-31T14:57:15.788+0200: 5497.713: Total time for which application threads were stopped: 0.0000714 seconds, Stopping threads took: 0.0000256 seconds
2015-08-31T14:57:29.301+0200: 5511.226: Total time for which application threads were stopped: 0.0000646 seconds, Stopping threads took: 0.0000147 seconds
2015-08-31T14:57:29.301+0200: 5511.226: Total time for which application threads were stopped: 0.0000243 seconds, Stopping threads took: 0.0000048 seconds
2015-08-31T14:57:29.301+0200: 5511.226: Total time for which application threads were stopped: 0.0000230 seconds, Stopping threads took: 0.0000038 seconds
2015-08-31T14:57:29.302+0200: 5511.226: Total time for which application threads were stopped: 0.0000384 seconds, Stopping threads took: 0.0000070 seconds
2015-08-31T14:57:30.302+0200: 5512.226: Total time for which application threads were stopped: 0.0001213 seconds, Stopping threads took: 0.0000237 seconds
2015-08-31T14:58:19.303+0200: 5561.227: Total time for which application threads were stopped: 0.0000957 seconds, Stopping threads took: 0.0000134 seconds
2015-08-31T14:58:19.303+0200: 5561.227: Total time for which application threads were stopped: 0.0000758 seconds, Stopping threads took: 0.0000166 seconds
2015-08-31T14:59:12.124+0200: 5614.047: Total time for which application threads were stopped: 0.0001360 seconds, Stopping threads took: 0.0000141 seconds
2015-08-31T14:59:12.124+0200: 5614.047: Total time for which application threads were stopped: 0.0000384 seconds, Stopping threads took: 0.0000077 seconds
2015-08-31T14:59:12.124+0200: 5614.047: Total time for which application threads were stopped: 0.0000403 seconds, Stopping threads took: 0.0000074 seconds
2015-08-31T14:59:13.124+0200: 5615.047: Total time for which application threads were stopped: 0.0000675 seconds, Stopping threads took: 0.0000234 seconds
2015-08-31T15:00:02.126+0200: 5664.048: Total time for which application threads were stopped: 0.0001114 seconds, Stopping threads took: 0.0000214 seconds
2015-08-31T15:00:02.126+0200: 5664.048: Total time for which application threads were stopped: 0.0000595 seconds, Stopping threads took: 0.0000176 seconds
2015-08-31T15:02:26.780+0200: 5808.701: Total time for which application threads were stopped: 0.0001027 seconds, Stopping threads took: 0.0000118 seconds
2015-08-31T15:02:26.780+0200: 5808.701: Total time for which application threads were stopped: 0.0000563 seconds, Stopping threads took: 0.0000077 seconds
2015-08-31T15:02:26.781+0200: 5808.701: Total time for which application threads were stopped: 0.0000464 seconds, Stopping threads took: 0.0000086 seconds
2015-08-31T15:03:16.782+0200: 5858.702: Total time for which application threads were stopped: 0.0002157 seconds, Stopping threads took: 0.0000214 seconds
2015-08-31T15:04:36.244+0200: 5938.163: Total time for which application threads were stopped: 0.0000989 seconds, Stopping threads took: 0.0000314 seconds
2015-08-31T15:04:36.244+0200: 5938.163: Total time for which application threads were stopped: 0.0000480 seconds, Stopping threads took: 0.0000051 seconds
2015-08-31T15:04:36.244+0200: 5938.164: Total time for which application threads were stopped: 0.0000438 seconds, Stopping threads took: 0.0000061 seconds
2015-08-31T15:04:36.256+0200: 5938.175: Total time for which application threads were stopped: 0.0001389 seconds, Stopping threads took: 0.0000608 seconds
2015-08-31T15:04:36.257+0200: 5938.176: Total time for which application threads were stopped: 0.0000838 seconds, Stopping threads took: 0.0000426 seconds
2015-08-31T15:04:36.257+0200: 5938.176: Total time for which application threads were stopped: 0.0001149 seconds, Stopping threads took: 0.0000762 seconds
2015-08-31T15:04:36.257+0200: 5938.176: Total time for which application threads were stopped: 0.0001152 seconds, Stopping threads took: 0.0000762 seconds
2015-08-31T15:04:36.258+0200: 5938.177: Total time for which application threads were stopped: 0.0000944 seconds, Stopping threads took: 0.0000410 seconds
2015-08-31T15:05:26.260+0200: 5988.178: Total time for which application threads were stopped: 0.0001216 seconds, Stopping threads took: 0.0000307 seconds
2015-08-31T15:05:26.260+0200: 5988.179: Total time for which application threads were stopped: 0.0000678 seconds, Stopping threads took: 0.0000170 seconds
2015-08-31T15:05:27.347+0200: 5989.265: Total time for which application threads were stopped: 0.0000656 seconds, Stopping threads took: 0.0000150 seconds
2015-08-31T15:05:27.347+0200: 5989.266: Total time for which application threads were stopped: 0.0000365 seconds, Stopping threads took: 0.0000074 seconds
2015-08-31T15:05:27.347+0200: 5989.266: Total time for which application threads were stopped: 0.0000243 seconds, Stopping threads took: 0.0000042 seconds
2015-08-31T15:05:27.347+0200: 5989.266: Total time for which application threads were stopped: 0.0000554 seconds, Stopping threads took: 0.0000157 seconds
2015-08-31T15:05:27.348+0200: 5989.266: Total time for which application threads were stopped: 0.0000544 seconds, Stopping threads took: 0.0000093 seconds
2015-08-31T15:05:51.563+0200: 6013.481: Total time for which application threads were stopped: 0.0001274 seconds, Stopping threads took: 0.0000150 seconds
2015-08-31T15:05:51.564+0200: 6013.481: Total time for which application threads were stopped: 0.0000739 seconds, Stopping threads took: 0.0000157 seconds
2015-08-31T15:05:51.565+0200: 6013.482: Total time for which application threads were stopped: 0.0000640 seconds, Stopping threads took: 0.0000192 seconds
2015-08-31T15:06:41.565+0200: 6063.483: Total time for which application threads were stopped: 0.0000861 seconds, Stopping threads took: 0.0000147 seconds
2015-08-31T15:06:53.323+0200: 6075.240: Total time for which application threads were stopped: 0.0000672 seconds, Stopping threads took: 0.0000205 seconds
2015-08-31T15:06:53.323+0200: 6075.240: Total time for which application threads were stopped: 0.0000387 seconds, Stopping threads took: 0.0000093 seconds
2015-08-31T15:06:53.323+0200: 6075.241: Total time for which application threads were stopped: 0.0000384 seconds, Stopping threads took: 0.0000070 seconds
2015-08-31T15:07:43.325+0200: 6125.242: Total time for which application threads were stopped: 0.0000803 seconds, Stopping threads took: 0.0000122 seconds
2015-08-31T15:07:43.325+0200: 6125.242: Total time for which application threads were stopped: 0.0000778 seconds, Stopping threads took: 0.0000186 seconds
2015-08-31T15:09:18.244+0200: 6220.160: Total time for which application threads were stopped: 0.0000592 seconds, Stopping threads took: 0.0000131 seconds
2015-08-31T15:09:18.244+0200: 6220.160: Total time for which application threads were stopped: 0.0000259 seconds, Stopping threads took: 0.0000051 seconds
2015-08-31T15:09:18.244+0200: 6220.160: Total time for which application threads were stopped: 0.0000506 seconds, Stopping threads took: 0.0000077 seconds
2015-08-31T15:09:35.629+0200: 6237.544: Total time for which application threads were stopped: 0.0000624 seconds, Stopping threads took: 0.0000147 seconds
2015-08-31T15:09:35.629+0200: 6237.544: Total time for which application threads were stopped: 0.0000394 seconds, Stopping threads took: 0.0000157 seconds
2015-08-31T15:09:35.630+0200: 6237.545: Total time for which application threads were stopped: 0.0001254 seconds, Stopping threads took: 0.0000726 seconds
2015-08-31T15:10:27.380+0200: 6289.295: Total time for which application threads were stopped: 0.0000998 seconds, Stopping threads took: 0.0000384 seconds
2015-08-31T15:22:48.648+0200: 7030.553: Total time for which application threads were stopped: 0.0001254 seconds, Stopping threads took: 0.0000134 seconds
2015-08-31T15:22:48.649+0200: 7030.553: Total time for which application threads were stopped: 0.0000416 seconds, Stopping threads took: 0.0000080 seconds
2015-08-31T15:22:48.649+0200: 7030.553: Total time for which application threads were stopped: 0.0000282 seconds, Stopping threads took: 0.0000051 seconds
2015-08-31T15:22:49.649+0200: 7031.553: Total time for which application threads were stopped: 0.0000899 seconds, Stopping threads took: 0.0000368 seconds
2015-08-31T15:22:53.972+0200: 7035.877: Total time for which application threads were stopped: 0.0001261 seconds, Stopping threads took: 0.0000240 seconds
2015-08-31T15:22:53.973+0200: 7035.877: Total time for which application threads were stopped: 0.0000643 seconds, Stopping threads took: 0.0000170 seconds
2015-08-31T15:22:53.974+0200: 7035.878: Total time for which application threads were stopped: 0.0000573 seconds, Stopping threads took: 0.0000166 seconds
2015-08-31T15:23:12.975+0200: 7054.879: Total time for which application threads were stopped: 0.0000592 seconds, Stopping threads took: 0.0000150 seconds
2015-08-31T15:24:02.978+0200: 7104.881: Total time for which application threads were stopped: 0.0000733 seconds, Stopping threads took: 0.0000272 seconds
2015-08-31T15:24:51.981+0200: 7153.883: Total time for which application threads were stopped: 0.0000675 seconds, Stopping threads took: 0.0000246 seconds
2015-08-31T15:25:36.389+0200: 7198.292: Total time for which application threads were stopped: 0.0001430 seconds, Stopping threads took: 0.0000803 seconds
2015-08-31T15:25:36.390+0200: 7198.292: Total time for which application threads were stopped: 0.0000714 seconds, Stopping threads took: 0.0000186 seconds
2015-08-31T15:25:36.390+0200: 7198.292: Total time for which application threads were stopped: 0.0000541 seconds, Stopping threads took: 0.0000173 seconds
2015-08-31T15:25:36.390+0200: 7198.292: Total time for which application threads were stopped: 0.0000480 seconds, Stopping threads took: 0.0000173 seconds
2015-08-31T15:25:36.390+0200: 7198.293: Total time for which application threads were stopped: 0.0000701 seconds, Stopping threads took: 0.0000230 seconds
2015-08-31T15:25:36.390+0200: 7198.293: Total time for which application threads were stopped: 0.0000691 seconds, Stopping threads took: 0.0000314 seconds
2015-08-31T15:27:00.227+0200: 7282.128: Total time for which application threads were stopped: 0.0000685 seconds, Stopping threads took: 0.0000134 seconds
2015-08-31T15:27:13.903+0200: 7295.804: Total time for which application threads were stopped: 0.0000630 seconds, Stopping threads took: 0.0000131 seconds
2015-08-31T15:27:13.903+0200: 7295.804: Total time for which application threads were stopped: 0.0000243 seconds, Stopping threads took: 0.0000042 seconds
2015-08-31T15:27:13.903+0200: 7295.804: Total time for which application threads were stopped: 0.0000365 seconds, Stopping threads took: 0.0000064 seconds
2015-08-31T15:27:14.903+0200: 7296.804: Total time for which application threads were stopped: 0.0000736 seconds, Stopping threads took: 0.0000266 seconds
2015-08-31T15:27:42.509+0200: 7324.410: Total time for which application threads were stopped: 0.0000742 seconds, Stopping threads took: 0.0000138 seconds
2015-08-31T15:27:42.510+0200: 7324.410: Total time for which application threads were stopped: 0.0000541 seconds, Stopping threads took: 0.0000179 seconds
2015-08-31T15:27:42.511+0200: 7324.411: Total time for which application threads were stopped: 0.0001107 seconds, Stopping threads took: 0.0000224 seconds
2015-08-31T15:29:22.160+0200: 7424.060: Total time for which application threads were stopped: 0.0000826 seconds, Stopping threads took: 0.0000352 seconds
2015-08-31T15:31:24.887+0200: 7546.785: Total time for which application threads were stopped: 0.0000621 seconds, Stopping threads took: 0.0000128 seconds
2015-08-31T15:31:24.888+0200: 7546.785: Total time for which application threads were stopped: 0.0000374 seconds, Stopping threads took: 0.0000074 seconds
2015-08-31T15:31:24.888+0200: 7546.786: Total time for which application threads were stopped: 0.0000486 seconds, Stopping threads took: 0.0000160 seconds
2015-08-31T15:31:25.888+0200: 7547.786: Total time for which application threads were stopped: 0.0001078 seconds, Stopping threads took: 0.0000154 seconds
2015-08-31T15:32:14.889+0200: 7596.786: Total time for which application threads were stopped: 0.0001162 seconds, Stopping threads took: 0.0000250 seconds
2015-08-31T15:32:14.889+0200: 7596.786: Total time for which application threads were stopped: 0.0000685 seconds, Stopping threads took: 0.0000202 seconds
2015-08-31T15:32:23.534+0200: 7605.431: Total time for which application threads were stopped: 0.0000608 seconds, Stopping threads took: 0.0000134 seconds
2015-08-31T15:32:23.534+0200: 7605.431: Total time for which application threads were stopped: 0.0000250 seconds, Stopping threads took: 0.0000042 seconds
2015-08-31T15:32:23.535+0200: 7605.431: Total time for which application threads were stopped: 0.0001050 seconds, Stopping threads took: 0.0000160 seconds
2015-08-31T15:33:13.536+0200: 7655.432: Total time for which application threads were stopped: 0.0001027 seconds, Stopping threads took: 0.0000125 seconds
2015-08-31T15:33:13.536+0200: 7655.432: Total time for which application threads were stopped: 0.0000774 seconds, Stopping threads took: 0.0000163 seconds
2015-08-31T15:34:09.539+0200: 7711.434: Total time for which application threads were stopped: 0.0000714 seconds, Stopping threads took: 0.0000269 seconds
2015-08-31T15:37:13.329+0200: 7895.222: Total time for which application threads were stopped: 0.0000611 seconds, Stopping threads took: 0.0000138 seconds
2015-08-31T15:37:13.329+0200: 7895.222: Total time for which application threads were stopped: 0.0000246 seconds, Stopping threads took: 0.0000042 seconds
2015-08-31T15:37:13.329+0200: 7895.222: Total time for which application threads were stopped: 0.0000496 seconds, Stopping threads took: 0.0000166 seconds
2015-08-31T15:37:14.329+0200: 7896.222: Total time for which application threads were stopped: 0.0000925 seconds, Stopping threads took: 0.0000144 seconds
2015-08-31T15:38:03.330+0200: 7945.223: Total time for which application threads were stopped: 0.0000995 seconds, Stopping threads took: 0.0000221 seconds
2015-08-31T15:38:03.330+0200: 7945.223: Total time for which application threads were stopped: 0.0000835 seconds, Stopping threads took: 0.0000163 seconds
2015-08-31T15:38:30.902+0200: 7972.794: Total time for which application threads were stopped: 0.0000598 seconds, Stopping threads took: 0.0000122 seconds
2015-08-31T15:38:30.902+0200: 7972.794: Total time for which application threads were stopped: 0.0000867 seconds, Stopping threads took: 0.0000042 seconds
2015-08-31T15:38:30.902+0200: 7972.794: Total time for which application threads were stopped: 0.0000326 seconds, Stopping threads took: 0.0000093 seconds
2015-08-31T15:38:30.902+0200: 7972.794: Total time for which application threads were stopped: 0.0000294 seconds, Stopping threads took: 0.0000048 seconds
2015-08-31T15:38:30.903+0200: 7972.795: Total time for which application threads were stopped: 0.0000509 seconds, Stopping threads took: 0.0000093 seconds
2015-08-31T15:38:30.903+0200: 7972.795: Total time for which application threads were stopped: 0.0000451 seconds, Stopping threads took: 0.0000160 seconds
2015-08-31T15:38:30.903+0200: 7972.795: Total time for which application threads were stopped: 0.0000368 seconds, Stopping threads took: 0.0000070 seconds
2015-08-31T15:38:30.903+0200: 7972.795: Total time for which application threads were stopped: 0.0000326 seconds, Stopping threads took: 0.0000042 seconds
2015-08-31T15:38:30.903+0200: 7972.795: Total time for which application threads were stopped: 0.0000320 seconds, Stopping threads took: 0.0000038 seconds
2015-08-31T15:38:30.904+0200: 7972.795: Total time for which application threads were stopped: 0.0000531 seconds, Stopping threads took: 0.0000189 seconds
2015-08-31T15:38:46.703+0200: 7988.594: Total time for which application threads were stopped: 0.0000726 seconds, Stopping threads took: 0.0000141 seconds
2015-08-31T15:38:46.703+0200: 7988.594: Total time for which application threads were stopped: 0.0000403 seconds, Stopping threads took: 0.0000157 seconds
2015-08-31T15:38:46.704+0200: 7988.595: Total time for which application threads were stopped: 0.0000822 seconds, Stopping threads took: 0.0000250 seconds
2015-08-31T15:40:38.383+0200: 8100.273: Total time for which application threads were stopped: 0.0000938 seconds, Stopping threads took: 0.0000128 seconds
2015-08-31T15:40:38.383+0200: 8100.274: Total time for which application threads were stopped: 0.0000566 seconds, Stopping threads took: 0.0000173 seconds
2015-08-31T15:40:38.384+0200: 8100.274: Total time for which application threads were stopped: 0.0000413 seconds, Stopping threads took: 0.0000067 seconds
2015-08-31T15:40:38.384+0200: 8100.274: Total time for which application threads were stopped: 0.0000579 seconds, Stopping threads took: 0.0000106 seconds
2015-08-31T15:40:38.384+0200: 8100.275: Total time for which application threads were stopped: 0.0000288 seconds, Stopping threads took: 0.0000054 seconds
2015-08-31T15:40:38.385+0200: 8100.275: Total time for which application threads were stopped: 0.0001738 seconds, Stopping threads took: 0.0000333 seconds
2015-08-31T15:41:14.989+0200: 8136.879: Total time for which application threads were stopped: 0.0000630 seconds, Stopping threads took: 0.0000138 seconds
2015-08-31T15:41:14.990+0200: 8136.879: Total time for which application threads were stopped: 0.0000528 seconds, Stopping threads took: 0.0000064 seconds
2015-08-31T15:41:14.991+0200: 8136.881: Total time for which application threads were stopped: 0.0000762 seconds, Stopping threads took: 0.0000205 seconds
2015-08-31T15:42:17.328+0200: 8199.217: Total time for which application threads were stopped: 0.0001446 seconds, Stopping threads took: 0.0000736 seconds
2015-08-31T15:44:31.303+0200: 8333.190: Total time for which application threads were stopped: 0.0000637 seconds, Stopping threads took: 0.0000131 seconds
2015-08-31T15:44:31.303+0200: 8333.190: Total time for which application threads were stopped: 0.0000368 seconds, Stopping threads took: 0.0000077 seconds
2015-08-31T15:44:31.303+0200: 8333.190: Total time for which application threads were stopped: 0.0000291 seconds, Stopping threads took: 0.0000058 seconds
2015-08-31T15:44:31.303+0200: 8333.191: Total time for which application threads were stopped: 0.0000438 seconds, Stopping threads took: 0.0000058 seconds
2015-08-31T15:44:32.303+0200: 8334.190: Total time for which application threads were stopped: 0.0001277 seconds, Stopping threads took: 0.0000368 seconds
2015-08-31T15:45:21.305+0200: 8383.191: Total time for which application threads were stopped: 0.0000653 seconds, Stopping threads took: 0.0000214 seconds
2015-08-31T15:45:21.305+0200: 8383.192: Total time for which application threads were stopped: 0.0000570 seconds, Stopping threads took: 0.0000195 seconds
2015-08-31T15:46:24.192+0200: 8446.077: Total time for which application threads were stopped: 0.0000634 seconds, Stopping threads took: 0.0000138 seconds
2015-08-31T15:46:24.192+0200: 8446.077: Total time for which application threads were stopped: 0.0001306 seconds, Stopping threads took: 0.0000080 seconds
2015-08-31T15:46:24.192+0200: 8446.077: Total time for which application threads were stopped: 0.0000429 seconds, Stopping threads took: 0.0000070 seconds
2015-08-31T15:46:25.192+0200: 8447.077: Total time for which application threads were stopped: 0.0001123 seconds, Stopping threads took: 0.0000314 seconds
2015-08-31T15:46:29.983+0200: 8451.868: Total time for which application threads were stopped: 0.0001251 seconds, Stopping threads took: 0.0000381 seconds
2015-08-31T15:46:29.983+0200: 8451.868: Total time for which application threads were stopped: 0.0000646 seconds, Stopping threads took: 0.0000160 seconds
2015-08-31T15:46:29.984+0200: 8451.870: Total time for which application threads were stopped: 0.0005830 seconds, Stopping threads took: 0.0005235 seconds
2015-08-31T15:46:29.985+0200: 8451.871: Total time for which application threads were stopped: 0.0001594 seconds, Stopping threads took: 0.0001002 seconds
2015-08-31T15:47:19.987+0200: 8501.872: Total time for which application threads were stopped: 0.0001347 seconds, Stopping threads took: 0.0000237 seconds
2015-08-31T15:48:36.751+0200: 8578.635: Total time for which application threads were stopped: 0.0000845 seconds, Stopping threads took: 0.0000125 seconds
2015-08-31T15:48:36.751+0200: 8578.635: Total time for which application threads were stopped: 0.0000330 seconds, Stopping threads took: 0.0000102 seconds
2015-08-31T15:48:36.751+0200: 8578.635: Total time for which application threads were stopped: 0.0000614 seconds, Stopping threads took: 0.0000144 seconds
2015-08-31T15:48:39.988+0200: 8581.871: Total time for which application threads were stopped: 0.0000659 seconds, Stopping threads took: 0.0000141 seconds
2015-08-31T15:48:39.988+0200: 8581.871: Total time for which application threads were stopped: 0.0000272 seconds, Stopping threads took: 0.0000051 seconds
2015-08-31T15:48:39.989+0200: 8581.872: Total time for which application threads were stopped: 0.0000570 seconds, Stopping threads took: 0.0000170 seconds
2015-08-31T15:48:43.943+0200: 8585.827: Total time for which application threads were stopped: 0.0000707 seconds, Stopping threads took: 0.0000144 seconds
2015-08-31T15:48:43.943+0200: 8585.827: Total time for which application threads were stopped: 0.0000435 seconds, Stopping threads took: 0.0000045 seconds
2015-08-31T15:48:43.944+0200: 8585.827: Total time for which application threads were stopped: 0.0000557 seconds, Stopping threads took: 0.0000176 seconds
2015-08-31T15:48:43.944+0200: 8585.827: Total time for which application threads were stopped: 0.0000429 seconds, Stopping threads took: 0.0000157 seconds
2015-08-31T15:48:43.944+0200: 8585.828: Total time for which application threads were stopped: 0.0000429 seconds, Stopping threads took: 0.0000154 seconds
2015-08-31T15:48:43.944+0200: 8585.828: Total time for which application threads were stopped: 0.0000426 seconds, Stopping threads took: 0.0000154 seconds
2015-08-31T15:48:43.944+0200: 8585.828: Total time for which application threads were stopped: 0.0000637 seconds, Stopping threads took: 0.0000154 seconds
2015-08-31T15:49:33.947+0200: 8635.830: Total time for which application threads were stopped: 0.0001270 seconds, Stopping threads took: 0.0000253 seconds
2015-08-31T15:50:21.814+0200: 8683.697: Total time for which application threads were stopped: 0.0000589 seconds, Stopping threads took: 0.0000128 seconds
2015-08-31T15:50:21.814+0200: 8683.697: Total time for which application threads were stopped: 0.0000272 seconds, Stopping threads took: 0.0000051 seconds
2015-08-31T15:50:21.814+0200: 8683.697: Total time for which application threads were stopped: 0.0000608 seconds, Stopping threads took: 0.0000189 seconds
2015-08-31T15:50:27.551+0200: 8689.433: Total time for which application threads were stopped: 0.0000640 seconds, Stopping threads took: 0.0000144 seconds
2015-08-31T15:50:27.551+0200: 8689.433: Total time for which application threads were stopped: 0.0000275 seconds, Stopping threads took: 0.0000051 seconds
2015-08-31T15:50:27.552+0200: 8689.434: Total time for which application threads were stopped: 0.0001318 seconds, Stopping threads took: 0.0000742 seconds
2015-08-31T15:51:17.553+0200: 8739.434: Total time for which application threads were stopped: 0.0001270 seconds, Stopping threads took: 0.0000227 seconds
2015-08-31T15:53:56.448+0200: 8898.327: Total time for which application threads were stopped: 0.0000915 seconds, Stopping threads took: 0.0000125 seconds
2015-08-31T15:53:56.448+0200: 8898.327: Total time for which application threads were stopped: 0.0000634 seconds, Stopping threads took: 0.0000166 seconds
2015-08-31T15:53:56.448+0200: 8898.327: Total time for which application threads were stopped: 0.0000240 seconds, Stopping threads took: 0.0000042 seconds
2015-08-31T15:53:56.448+0200: 8898.327: Total time for which application threads were stopped: 0.0000506 seconds, Stopping threads took: 0.0000074 seconds
2015-08-31T15:54:46.449+0200: 8948.328: Total time for which application threads were stopped: 0.0000947 seconds, Stopping threads took: 0.0000262 seconds
2015-08-31T15:54:46.449+0200: 8948.329: Total time for which application threads were stopped: 0.00