Java HotSpot(TM) 64-Bit Server VM (25.45-b02) for windows-amd64 JRE (1.8.0_45-b15), built on Apr 30 2015 12:40:44 by "java_re" with MS VC++ 10.0 (VS2010)
Memory: 4k page, physical 8247616k(5059048k free), swap 16493392k(12860980k free)
CommandLine flags: -XX:CMSInitiatingOccupancyFraction=50 -XX:CMSMaxAbortablePrecleanTime=6000 -XX:+CMSParallelRemarkEnabled -XX:+CMSScavengeBeforeRemark -XX:ConcGCThreads=4 -XX:InitialHeapSize=536870912 -XX:MaxHeapSize=536870912 -XX:MaxTenuringThreshold=8 -XX:NewRatio=3 -XX:OldPLABSize=16 -XX:ParallelGCThreads=4 -XX:+ParallelRefProcEnabled -XX:PretenureSizeThreshold=67108864 -XX:+PrintGC -XX:+PrintGCApplicationStoppedTime -XX:+PrintGCDateStamps -XX:+PrintGCDetails -XX:+PrintGCTimeStamps -XX:+PrintHeapAtGC -XX:+PrintTenuringDistribution -XX:SurvivorRatio=4 -XX:TargetSurvivorRatio=90 -XX:ThreadStackSize=256 -XX:+UseCMSInitiatingOccupancyOnly -XX:+UseCompressedClassPointers -XX:+UseCompressedOops -XX:+UseConcMarkSweepGC -XX:-UseLargePagesIndividualAllocation -XX:+UseParNewGC 
2015-09-09T11:07:17.338+0200: 0.091: Total time for which application threads were stopped: 0.0000637 seconds, Stopping threads took: 0.0000112 seconds
2015-09-09T11:07:17.474+0200: 0.227: Total time for which application threads were stopped: 0.0001114 seconds, Stopping threads took: 0.0000150 seconds
2015-09-09T11:07:17.601+0200: 0.354: Total time for which application threads were stopped: 0.0001024 seconds, Stopping threads took: 0.0000115 seconds
2015-09-09T11:07:17.635+0200: 0.388: Total time for which application threads were stopped: 0.0001200 seconds, Stopping threads took: 0.0000122 seconds
2015-09-09T11:07:17.645+0200: 0.398: Total time for which application threads were stopped: 0.0001210 seconds, Stopping threads took: 0.0000144 seconds
2015-09-09T11:07:17.653+0200: 0.405: Total time for which application threads were stopped: 0.0001040 seconds, Stopping threads took: 0.0000134 seconds
{Heap before GC invocations=0 (full 0):
 par new generation   total 109248K, used 87424K [0x00000000e0000000, 0x00000000e8000000, 0x00000000e8000000)
  eden space 87424K, 100% used [0x00000000e0000000, 0x00000000e5560000, 0x00000000e5560000)
  from space 21824K,   0% used [0x00000000e5560000, 0x00000000e5560000, 0x00000000e6ab0000)
  to   space 21824K,   0% used [0x00000000e6ab0000, 0x00000000e6ab0000, 0x00000000e8000000)
 concurrent mark-sweep generation total 393216K, used 0K [0x00000000e8000000, 0x0000000100000000, 0x0000000100000000)
 Metaspace       used 9817K, capacity 10024K, committed 10240K, reserved 1058816K
  class space    used 1158K, capacity 1212K, committed 1280K, reserved 1048576K
2015-09-09T11:07:17.853+0200: 0.606: [GC (Allocation Failure) 0.606: [ParNew
Desired survivor size 20112992 bytes, new threshold 8 (max 8)
- age   1:    5347264 bytes,    5347264 total
: 87424K->5286K(109248K), 0.0043955 secs] 87424K->5286K(502464K), 0.0045097 secs] [Times: user=0.00 sys=0.00, real=0.01 secs] 
Heap after GC invocations=1 (full 0):
 par new generation   total 109248K, used 5286K [0x00000000e0000000, 0x00000000e8000000, 0x00000000e8000000)
  eden space 87424K,   0% used [0x00000000e0000000, 0x00000000e0000000, 0x00000000e5560000)
  from space 21824K,  24% used [0x00000000e6ab0000, 0x00000000e6fd9918, 0x00000000e8000000)
  to   space 21824K,   0% used [0x00000000e5560000, 0x00000000e5560000, 0x00000000e6ab0000)
 concurrent mark-sweep generation total 393216K, used 0K [0x00000000e8000000, 0x0000000100000000, 0x0000000100000000)
 Metaspace       used 9817K, capacity 10024K, committed 10240K, reserved 1058816K
  class space    used 1158K, capacity 1212K, committed 1280K, reserved 1048576K
}
2015-09-09T11:07:17.858+0200: 0.611: Total time for which application threads were stopped: 0.0046633 seconds, Stopping threads took: 0.0000125 seconds
2015-09-09T11:07:17.951+0200: 0.704: Total time for which application threads were stopped: 0.0001357 seconds, Stopping threads took: 0.0000109 seconds
2015-09-09T11:07:18.143+0200: 0.896: Total time for which application threads were stopped: 0.0001862 seconds, Stopping threads took: 0.0000128 seconds
2015-09-09T11:07:18.144+0200: 0.896: Total time for which application threads were stopped: 0.0001248 seconds, Stopping threads took: 0.0000090 seconds
2015-09-09T11:07:18.146+0200: 0.899: Total time for which application threads were stopped: 0.0001280 seconds, Stopping threads took: 0.0000077 seconds
2015-09-09T11:07:18.655+0200: 1.408: Total time for which application threads were stopped: 0.0002464 seconds, Stopping threads took: 0.0000336 seconds
2015-09-09T11:07:18.675+0200: 1.428: Total time for which application threads were stopped: 0.0001936 seconds, Stopping threads took: 0.0000339 seconds
{Heap before GC invocations=1 (full 0):
 par new generation   total 109248K, used 92710K [0x00000000e0000000, 0x00000000e8000000, 0x00000000e8000000)
  eden space 87424K, 100% used [0x00000000e0000000, 0x00000000e5560000, 0x00000000e5560000)
  from space 21824K,  24% used [0x00000000e6ab0000, 0x00000000e6fd9918, 0x00000000e8000000)
  to   space 21824K,   0% used [0x00000000e5560000, 0x00000000e5560000, 0x00000000e6ab0000)
 concurrent mark-sweep generation total 393216K, used 0K [0x00000000e8000000, 0x0000000100000000, 0x0000000100000000)
 Metaspace       used 18982K, capacity 19268K, committed 19456K, reserved 1067008K
  class space    used 2356K, capacity 2484K, committed 2560K, reserved 1048576K
2015-09-09T11:07:18.680+0200: 1.433: [GC (Allocation Failure) 1.433: [ParNew
Desired survivor size 20112992 bytes, new threshold 8 (max 8)
- age   1:    8102168 bytes,    8102168 total
- age   2:    2508920 bytes,   10611088 total
: 92710K->11702K(109248K), 0.0076287 secs] 92710K->11702K(502464K), 0.0077116 secs] [Times: user=0.00 sys=0.00, real=0.01 secs] 
Heap after GC invocations=2 (full 0):
 par new generation   total 109248K, used 11702K [0x00000000e0000000, 0x00000000e8000000, 0x00000000e8000000)
  eden space 87424K,   0% used [0x00000000e0000000, 0x00000000e0000000, 0x00000000e5560000)
  from space 21824K,  53% used [0x00000000e5560000, 0x00000000e60cda50, 0x00000000e6ab0000)
  to   space 21824K,   0% used [0x00000000e6ab0000, 0x00000000e6ab0000, 0x00000000e8000000)
 concurrent mark-sweep generation total 393216K, used 0K [0x00000000e8000000, 0x0000000100000000, 0x0000000100000000)
 Metaspace       used 18982K, capacity 19268K, committed 19456K, reserved 1067008K
  class space    used 2356K, capacity 2484K, committed 2560K, reserved 1048576K
}
2015-09-09T11:07:18.688+0200: 1.441: Total time for which application threads were stopped: 0.0078457 seconds, Stopping threads took: 0.0000304 seconds
2015-09-09T11:07:19.688+0200: 2.441: Total time for which application threads were stopped: 0.0000627 seconds, Stopping threads took: 0.0000266 seconds
2015-09-09T11:07:21.455+0200: 4.208: Total time for which application threads were stopped: 0.0001712 seconds, Stopping threads took: 0.0000250 seconds
2015-09-09T11:07:25.217+0200: 7.969: Total time for which application threads were stopped: 0.0000483 seconds, Stopping threads took: 0.0000128 seconds
2015-09-09T11:07:25.217+0200: 7.969: Total time for which application threads were stopped: 0.0000221 seconds, Stopping threads took: 0.0000067 seconds
2015-09-09T11:07:25.229+0200: 7.981: Total time for which application threads were stopped: 0.0000582 seconds, Stopping threads took: 0.0000211 seconds
2015-09-09T11:07:25.249+0200: 8.001: Total time for which application threads were stopped: 0.0000656 seconds, Stopping threads took: 0.0000160 seconds
2015-09-09T11:07:25.249+0200: 8.001: Total time for which application threads were stopped: 0.0000355 seconds, Stopping threads took: 0.0000160 seconds
2015-09-09T11:07:25.249+0200: 8.001: Total time for which application threads were stopped: 0.0000266 seconds, Stopping threads took: 0.0000061 seconds
2015-09-09T11:07:25.252+0200: 8.004: Total time for which application threads were stopped: 0.0000736 seconds, Stopping threads took: 0.0000262 seconds
2015-09-09T11:07:25.252+0200: 8.004: Total time for which application threads were stopped: 0.0000288 seconds, Stopping threads took: 0.0000077 seconds
2015-09-09T11:07:25.252+0200: 8.005: Total time for which application threads were stopped: 0.0000304 seconds, Stopping threads took: 0.0000054 seconds
2015-09-09T11:07:25.254+0200: 8.006: Total time for which application threads were stopped: 0.0000426 seconds, Stopping threads took: 0.0000118 seconds
2015-09-09T11:07:25.254+0200: 8.006: Total time for which application threads were stopped: 0.0000282 seconds, Stopping threads took: 0.0000083 seconds
2015-09-09T11:07:25.254+0200: 8.006: Total time for which application threads were stopped: 0.0000397 seconds, Stopping threads took: 0.0000182 seconds
2015-09-09T11:07:25.257+0200: 8.009: Total time for which application threads were stopped: 0.0000643 seconds, Stopping threads took: 0.0000138 seconds
2015-09-09T11:07:25.257+0200: 8.010: Total time for which application threads were stopped: 0.0000317 seconds, Stopping threads took: 0.0000074 seconds
2015-09-09T11:07:25.412+0200: 8.164: Total time for which application threads were stopped: 0.0000531 seconds, Stopping threads took: 0.0000186 seconds
2015-09-09T11:07:25.412+0200: 8.164: Total time for which application threads were stopped: 0.0000282 seconds, Stopping threads took: 0.0000080 seconds
2015-09-09T11:07:25.412+0200: 8.164: Total time for which application threads were stopped: 0.0000330 seconds, Stopping threads took: 0.0000083 seconds
2015-09-09T11:07:25.424+0200: 8.176: Total time for which application threads were stopped: 0.0002426 seconds, Stopping threads took: 0.0000141 seconds
2015-09-09T11:07:25.475+0200: 8.227: Total time for which application threads were stopped: 0.0001235 seconds, Stopping threads took: 0.0000150 seconds
2015-09-09T11:07:25.531+0200: 8.283: Total time for which application threads were stopped: 0.0002160 seconds, Stopping threads took: 0.0000176 seconds
2015-09-09T11:07:25.548+0200: 8.300: Total time for which application threads were stopped: 0.0002106 seconds, Stopping threads took: 0.0000150 seconds
2015-09-09T11:07:25.599+0200: 8.351: Total time for which application threads were stopped: 0.0003645 seconds, Stopping threads took: 0.0000150 seconds
2015-09-09T11:07:25.604+0200: 8.356: Total time for which application threads were stopped: 0.0000486 seconds, Stopping threads took: 0.0000144 seconds
2015-09-09T11:07:25.604+0200: 8.356: Total time for which application threads were stopped: 0.0000419 seconds, Stopping threads took: 0.0000202 seconds
{Heap before GC invocations=2 (full 0):
 par new generation   total 109248K, used 99126K [0x00000000e0000000, 0x00000000e8000000, 0x00000000e8000000)
  eden space 87424K, 100% used [0x00000000e0000000, 0x00000000e5560000, 0x00000000e5560000)
  from space 21824K,  53% used [0x00000000e5560000, 0x00000000e60cda50, 0x00000000e6ab0000)
  to   space 21824K,   0% used [0x00000000e6ab0000, 0x00000000e6ab0000, 0x00000000e8000000)
 concurrent mark-sweep generation total 393216K, used 0K [0x00000000e8000000, 0x0000000100000000, 0x0000000100000000)
 Metaspace       used 21042K, capacity 21386K, committed 21552K, reserved 1069056K
  class space    used 2560K, capacity 2677K, committed 2688K, reserved 1048576K
2015-09-09T11:07:25.637+0200: 8.389: [GC (Allocation Failure) 8.389: [ParNew
Desired survivor size 20112992 bytes, new threshold 8 (max 8)
- age   1:    3367176 bytes,    3367176 total
- age   2:    2524288 bytes,    5891464 total
- age   3:    2487592 bytes,    8379056 total
: 99126K->12911K(109248K), 0.0049382 secs] 99126K->12911K(502464K), 0.0049952 secs] [Times: user=0.00 sys=0.00, real=0.00 secs] 
Heap after GC invocations=3 (full 0):
 par new generation   total 109248K, used 12911K [0x00000000e0000000, 0x00000000e8000000, 0x00000000e8000000)
  eden space 87424K,   0% used [0x00000000e0000000, 0x00000000e0000000, 0x00000000e5560000)
  from space 21824K,  59% used [0x00000000e6ab0000, 0x00000000e774bd90, 0x00000000e8000000)
  to   space 21824K,   0% used [0x00000000e5560000, 0x00000000e5560000, 0x00000000e6ab0000)
 concurrent mark-sweep generation total 393216K, used 0K [0x00000000e8000000, 0x0000000100000000, 0x0000000100000000)
 Metaspace       used 21042K, capacity 21386K, committed 21552K, reserved 1069056K
  class space    used 2560K, capacity 2677K, committed 2688K, reserved 1048576K
}
2015-09-09T11:07:25.642+0200: 8.394: Total time for which application threads were stopped: 0.0051344 seconds, Stopping threads took: 0.0000170 seconds
2015-09-09T11:07:25.643+0200: 8.395: [GC (CMS Initial Mark) [1 CMS-initial-mark: 0K(393216K)] 14063K(502464K), 0.0015725 secs] [Times: user=0.00 sys=0.00, real=0.00 secs] 
2015-09-09T11:07:25.645+0200: 8.397: Total time for which application threads were stopped: 0.0016553 seconds, Stopping threads took: 0.0000134 seconds
2015-09-09T11:07:25.645+0200: 8.397: [CMS-concurrent-mark-start]
2015-09-09T11:07:25.654+0200: 8.406: Total time for which application threads were stopped: 0.0000736 seconds, Stopping threads took: 0.0000173 seconds
2015-09-09T11:07:25.654+0200: 8.406: Total time for which application threads were stopped: 0.0000477 seconds, Stopping threads took: 0.0000144 seconds
2015-09-09T11:07:25.654+0200: 8.406: Total time for which application threads were stopped: 0.0000547 seconds, Stopping threads took: 0.0000134 seconds
2015-09-09T11:07:25.662+0200: 8.414: [CMS-concurrent-mark: 0.016/0.017 secs] [Times: user=0.06 sys=0.00, real=0.02 secs] 
2015-09-09T11:07:25.662+0200: 8.414: [CMS-concurrent-preclean-start]
2015-09-09T11:07:25.662+0200: 8.414: [CMS-concurrent-preclean: 0.001/0.001 secs] [Times: user=0.00 sys=0.00, real=0.00 secs] 
2015-09-09T11:07:25.662+0200: 8.414: [CMS-concurrent-abortable-preclean-start]
2015-09-09T11:07:25.706+0200: 8.458: Total time for which application threads were stopped: 0.0000720 seconds, Stopping threads took: 0.0000131 seconds
2015-09-09T11:07:25.728+0200: 8.480: Total time for which application threads were stopped: 0.0000669 seconds, Stopping threads took: 0.0000163 seconds
2015-09-09T11:07:25.742+0200: 8.494: Total time for which application threads were stopped: 0.0000938 seconds, Stopping threads took: 0.0000342 seconds
2015-09-09T11:07:25.743+0200: 8.496: [CMS-concurrent-abortable-preclean: 0.051/0.081 secs] [Times: user=0.33 sys=0.00, real=0.08 secs] 
2015-09-09T11:07:25.747+0200: 8.499: [GC (CMS Final Remark) [YG occupancy: 76087 K (109248 K)]{Heap before GC invocations=3 (full 1):
 par new generation   total 109248K, used 76087K [0x00000000e0000000, 0x00000000e8000000, 0x00000000e8000000)
  eden space 87424K,  72% used [0x00000000e0000000, 0x00000000e3db2030, 0x00000000e5560000)
  from space 21824K,  59% used [0x00000000e6ab0000, 0x00000000e774bd90, 0x00000000e8000000)
  to   space 21824K,   0% used [0x00000000e5560000, 0x00000000e5560000, 0x00000000e6ab0000)
 concurrent mark-sweep generation total 393216K, used 0K [0x00000000e8000000, 0x0000000100000000, 0x0000000100000000)
 Metaspace       used 21892K, capacity 22242K, committed 22548K, reserved 1069056K
  class space    used 2678K, capacity 2809K, committed 2840K, reserved 1048576K
2015-09-09T11:07:25.747+0200: 8.499: [GC (CMS Final Remark) 8.499: [ParNew
Desired survivor size 20112992 bytes, new threshold 8 (max 8)
- age   1:    1283928 bytes,    1283928 total
- age   2:    1774960 bytes,    3058888 total
- age   3:    2514888 bytes,    5573776 total
- age   4:    2487544 bytes,    8061320 total
: 76087K->9444K(109248K), 0.0058729 secs] 76087K->9444K(502464K), 0.0059027 secs] [Times: user=0.00 sys=0.00, real=0.01 secs] 
Heap after GC invocations=4 (full 1):
 par new generation   total 109248K, used 9444K [0x00000000e0000000, 0x00000000e8000000, 0x00000000e8000000)
  eden space 87424K,   0% used [0x00000000e0000000, 0x00000000e0000000, 0x00000000e5560000)
  from space 21824K,  43% used [0x00000000e5560000, 0x00000000e5e99210, 0x00000000e6ab0000)
  to   space 21824K,   0% used [0x00000000e6ab0000, 0x00000000e6ab0000, 0x00000000e8000000)
 concurrent mark-sweep generation total 393216K, used 0K [0x00000000e8000000, 0x0000000100000000, 0x0000000100000000)
 Metaspace       used 21892K, capacity 22242K, committed 22548K, reserved 1069056K
  class space    used 2678K, capacity 2809K, committed 2840K, reserved 1048576K
}
8.505: [Rescan (parallel) , 0.0014451 secs]8.507: [weak refs processing, 0.0004371 secs]8.507: [class unloading, 0.0025158 secs]8.510: [scrub symbol table, 0.0026249 secs]8.512: [scrub string table, 0.0002317 secs][1 CMS-remark: 0K(393216K)] 9444K(502464K), 0.0142427 secs] [Times: user=0.02 sys=0.00, real=0.01 secs] 
2015-09-09T11:07:25.761+0200: 8.513: Total time for which application threads were stopped: 0.0143330 seconds, Stopping threads took: 0.0000166 seconds
2015-09-09T11:07:25.761+0200: 8.513: [CMS-concurrent-sweep-start]
2015-09-09T11:07:25.761+0200: 8.514: [CMS-concurrent-sweep: 0.000/0.000 secs] [Times: user=0.00 sys=0.00, real=0.00 secs] 
2015-09-09T11:07:25.761+0200: 8.514: [CMS-concurrent-reset-start]
2015-09-09T11:07:25.763+0200: 8.515: [CMS-concurrent-reset: 0.001/0.001 secs] [Times: user=0.00 sys=0.00, real=0.00 secs] 
2015-09-09T11:07:25.769+0200: 8.522: Total time for which application threads were stopped: 0.0000915 seconds, Stopping threads took: 0.0000259 seconds
2015-09-09T11:07:25.769+0200: 8.522: Total time for which application threads were stopped: 0.0000422 seconds, Stopping threads took: 0.0000074 seconds
2015-09-09T11:07:25.847+0200: 8.600: Total time for which application threads were stopped: 0.0000726 seconds, Stopping threads took: 0.0000150 seconds
2015-09-09T11:07:25.851+0200: 8.604: Total time for which application threads were stopped: 0.0000650 seconds, Stopping threads took: 0.0000128 seconds
2015-09-09T11:07:25.852+0200: 8.604: Total time for which application threads were stopped: 0.0000506 seconds, Stopping threads took: 0.0000109 seconds
2015-09-09T11:07:25.852+0200: 8.605: Total time for which application threads were stopped: 0.0000486 seconds, Stopping threads took: 0.0000102 seconds
2015-09-09T11:07:25.853+0200: 8.605: Total time for which application threads were stopped: 0.0000432 seconds, Stopping threads took: 0.0000080 seconds
2015-09-09T11:07:25.907+0200: 8.660: Total time for which application threads were stopped: 0.0003018 seconds, Stopping threads took: 0.0000141 seconds
2015-09-09T11:07:25.983+0200: 8.735: Total time for which application threads were stopped: 0.0002883 seconds, Stopping threads took: 0.0000141 seconds
2015-09-09T11:07:25.991+0200: 8.743: Total time for which application threads were stopped: 0.0002627 seconds, Stopping threads took: 0.0000160 seconds
2015-09-09T11:07:26.039+0200: 8.792: Total time for which application threads were stopped: 0.0000800 seconds, Stopping threads took: 0.0000128 seconds
{Heap before GC invocations=4 (full 1):
 par new generation   total 109248K, used 96868K [0x00000000e0000000, 0x00000000e8000000, 0x00000000e8000000)
  eden space 87424K, 100% used [0x00000000e0000000, 0x00000000e5560000, 0x00000000e5560000)
  from space 21824K,  43% used [0x00000000e5560000, 0x00000000e5e99210, 0x00000000e6ab0000)
  to   space 21824K,   0% used [0x00000000e6ab0000, 0x00000000e6ab0000, 0x00000000e8000000)
 concurrent mark-sweep generation total 393216K, used 0K [0x00000000e8000000, 0x0000000100000000, 0x0000000100000000)
 Metaspace       used 24890K, capacity 25190K, committed 25492K, reserved 1071104K
  class space    used 3071K, capacity 3195K, committed 3224K, reserved 1048576K
2015-09-09T11:07:26.075+0200: 8.827: [GC (Allocation Failure) 8.827: [ParNew
Desired survivor size 20112992 bytes, new threshold 8 (max 8)
- age   1:    3512704 bytes,    3512704 total
- age   2:     148536 bytes,    3661240 total
- age   3:    1076992 bytes,    4738232 total
- age   4:    2506400 bytes,    7244632 total
- age   5:    2487352 bytes,    9731984 total
: 96868K->12169K(109248K), 0.0058515 secs] 96868K->12169K(502464K), 0.0058927 secs] [Times: user=0.00 sys=0.00, real=0.01 secs] 
Heap after GC invocations=5 (full 1):
 par new generation   total 109248K, used 12169K [0x00000000e0000000, 0x00000000e8000000, 0x00000000e8000000)
  eden space 87424K,   0% used [0x00000000e0000000, 0x00000000e0000000, 0x00000000e5560000)
  from space 21824K,  55% used [0x00000000e6ab0000, 0x00000000e7692408, 0x00000000e8000000)
  to   space 21824K,   0% used [0x00000000e5560000, 0x00000000e5560000, 0x00000000e6ab0000)
 concurrent mark-sweep generation total 393216K, used 0K [0x00000000e8000000, 0x0000000100000000, 0x0000000100000000)
 Metaspace       used 24890K, capacity 25190K, committed 25492K, reserved 1071104K
  class space    used 3071K, capacity 3195K, committed 3224K, reserved 1048576K
}
2015-09-09T11:07:26.081+0200: 8.833: Total time for which application threads were stopped: 0.0060707 seconds, Stopping threads took: 0.0000237 seconds
2015-09-09T11:07:26.082+0200: 8.834: Total time for which application threads were stopped: 0.0001882 seconds, Stopping threads took: 0.0001203 seconds
2015-09-09T11:07:26.085+0200: 8.838: Total time for which application threads were stopped: 0.0004198 seconds, Stopping threads took: 0.0003613 seconds
2015-09-09T11:07:26.086+0200: 8.838: Total time for which application threads were stopped: 0.0000506 seconds, Stopping threads took: 0.0000090 seconds
2015-09-09T11:07:26.086+0200: 8.838: Total time for which application threads were stopped: 0.0001549 seconds, Stopping threads took: 0.0001059 seconds
2015-09-09T11:07:26.086+0200: 8.838: Total time for which application threads were stopped: 0.0000944 seconds, Stopping threads took: 0.0000205 seconds
2015-09-09T11:07:26.134+0200: 8.886: Total time for which application threads were stopped: 0.0003382 seconds, Stopping threads took: 0.0000147 seconds
2015-09-09T11:07:26.187+0200: 8.939: Total time for which application threads were stopped: 0.0000870 seconds, Stopping threads took: 0.0000179 seconds
2015-09-09T11:07:26.245+0200: 8.997: Total time for which application threads were stopped: 0.0006429 seconds, Stopping threads took: 0.0005811 seconds
2015-09-09T11:07:26.245+0200: 8.997: Total time for which application threads were stopped: 0.0000509 seconds, Stopping threads took: 0.0000173 seconds
2015-09-09T11:07:26.245+0200: 8.997: Total time for which application threads were stopped: 0.0000384 seconds, Stopping threads took: 0.0000131 seconds
2015-09-09T11:07:26.245+0200: 8.997: Total time for which application threads were stopped: 0.0000349 seconds, Stopping threads took: 0.0000122 seconds
2015-09-09T11:07:26.257+0200: 9.009: Total time for which application threads were stopped: 0.0000627 seconds, Stopping threads took: 0.0000179 seconds
2015-09-09T11:07:27.257+0200: 10.009: Total time for which application threads were stopped: 0.0000627 seconds, Stopping threads took: 0.0000266 seconds
2015-09-09T11:08:08.417+0200: 51.169: Total time for which application threads were stopped: 0.0000515 seconds, Stopping threads took: 0.0000131 seconds
2015-09-09T11:08:08.417+0200: 51.169: Total time for which application threads were stopped: 0.0000298 seconds, Stopping threads took: 0.0000115 seconds
2015-09-09T11:08:08.417+0200: 51.169: Total time for which application threads were stopped: 0.0000214 seconds, Stopping threads took: 0.0000054 seconds
2015-09-09T11:08:08.420+0200: 51.172: Total time for which application threads were stopped: 0.0000432 seconds, Stopping threads took: 0.0000099 seconds
2015-09-09T11:08:08.841+0200: 51.594: Total time for which application threads were stopped: 0.0001133 seconds, Stopping threads took: 0.0000147 seconds
2015-09-09T11:08:08.841+0200: 51.594: Total time for which application threads were stopped: 0.0000419 seconds, Stopping threads took: 0.0000118 seconds
2015-09-09T11:08:08.842+0200: 51.594: Total time for which application threads were stopped: 0.0000410 seconds, Stopping threads took: 0.0000112 seconds
2015-09-09T11:08:08.854+0200: 51.607: Total time for which application threads were stopped: 0.0000685 seconds, Stopping threads took: 0.0000173 seconds
2015-09-09T11:08:09.854+0200: 52.606: Total time for which application threads were stopped: 0.0000819 seconds, Stopping threads took: 0.0000266 seconds
2015-09-09T11:08:18.855+0200: 61.606: Total time for which application threads were stopped: 0.0000614 seconds, Stopping threads took: 0.0000262 seconds
2015-09-09T11:08:19.312+0200: 62.064: Total time for which application threads were stopped: 0.0000525 seconds, Stopping threads took: 0.0000131 seconds
2015-09-09T11:08:19.312+0200: 62.064: Total time for which application threads were stopped: 0.0000224 seconds, Stopping threads took: 0.0000051 seconds
2015-09-09T11:08:19.312+0200: 62.064: Total time for which application threads were stopped: 0.0000182 seconds, Stopping threads took: 0.0000038 seconds
2015-09-09T11:08:19.313+0200: 62.065: Total time for which application threads were stopped: 0.0000378 seconds, Stopping threads took: 0.0000058 seconds
2015-09-09T11:08:19.313+0200: 62.065: Total time for which application threads were stopped: 0.0000486 seconds, Stopping threads took: 0.0000208 seconds
2015-09-09T11:08:19.316+0200: 62.068: Total time for which application threads were stopped: 0.0000438 seconds, Stopping threads took: 0.0000170 seconds
2015-09-09T11:08:19.321+0200: 62.073: Total time for which application threads were stopped: 0.0002570 seconds, Stopping threads took: 0.0000048 seconds
2015-09-09T11:08:19.322+0200: 62.074: Total time for which application threads were stopped: 0.0000330 seconds, Stopping threads took: 0.0000048 seconds
2015-09-09T11:08:19.328+0200: 62.079: Total time for which application threads were stopped: 0.0000400 seconds, Stopping threads took: 0.0000080 seconds
2015-09-09T11:08:19.328+0200: 62.079: Total time for which application threads were stopped: 0.0000278 seconds, Stopping threads took: 0.0000045 seconds
2015-09-09T11:08:19.331+0200: 62.083: Total time for which application threads were stopped: 0.0000554 seconds, Stopping threads took: 0.0000189 seconds
2015-09-09T11:08:19.334+0200: 62.086: Total time for which application threads were stopped: 0.0000400 seconds, Stopping threads took: 0.0000070 seconds
2015-09-09T11:08:19.335+0200: 62.087: Total time for which application threads were stopped: 0.0000342 seconds, Stopping threads took: 0.0000064 seconds
2015-09-09T11:08:19.336+0200: 62.087: Total time for which application threads were stopped: 0.0000502 seconds, Stopping threads took: 0.0000250 seconds
2015-09-09T11:08:19.336+0200: 62.088: Total time for which application threads were stopped: 0.0000432 seconds, Stopping threads took: 0.0000208 seconds
2015-09-09T11:08:19.384+0200: 62.136: Total time for which application threads were stopped: 0.0000822 seconds, Stopping threads took: 0.0000147 seconds
2015-09-09T11:08:19.392+0200: 62.144: Total time for which application threads were stopped: 0.0000522 seconds, Stopping threads took: 0.0000147 seconds
2015-09-09T11:08:19.397+0200: 62.148: Total time for which application threads were stopped: 0.0000483 seconds, Stopping threads took: 0.0000131 seconds
2015-09-09T11:08:19.397+0200: 62.148: Total time for which application threads were stopped: 0.0000371 seconds, Stopping threads took: 0.0000160 seconds
2015-09-09T11:08:19.404+0200: 62.155: Total time for which application threads were stopped: 0.0000566 seconds, Stopping threads took: 0.0000221 seconds
2015-09-09T11:08:19.404+0200: 62.156: Total time for which application threads were stopped: 0.0000342 seconds, Stopping threads took: 0.0000090 seconds
2015-09-09T11:08:19.416+0200: 62.168: Total time for which application threads were stopped: 0.0003162 seconds, Stopping threads took: 0.0000147 seconds
2015-09-09T11:08:19.424+0200: 62.176: Total time for which application threads were stopped: 0.0000726 seconds, Stopping threads took: 0.0000173 seconds
2015-09-09T11:08:19.426+0200: 62.178: Total time for which application threads were stopped: 0.0000461 seconds, Stopping threads took: 0.0000109 seconds
2015-09-09T11:08:19.427+0200: 62.179: Total time for which application threads were stopped: 0.0000474 seconds, Stopping threads took: 0.0000106 seconds
2015-09-09T11:08:19.428+0200: 62.180: Total time for which application threads were stopped: 0.0000746 seconds, Stopping threads took: 0.0000195 seconds
2015-09-09T11:08:19.430+0200: 62.181: Total time for which application threads were stopped: 0.0000432 seconds, Stopping threads took: 0.0000102 seconds
2015-09-09T11:08:19.431+0200: 62.183: Total time for which application threads were stopped: 0.0000614 seconds, Stopping threads took: 0.0000186 seconds
2015-09-09T11:08:19.432+0200: 62.184: Total time for which application threads were stopped: 0.0000563 seconds, Stopping threads took: 0.0000122 seconds
2015-09-09T11:08:19.433+0200: 62.185: Total time for which application threads were stopped: 0.0000595 seconds, Stopping threads took: 0.0000173 seconds
2015-09-09T11:08:19.434+0200: 62.186: Total time for which application threads were stopped: 0.0000522 seconds, Stopping threads took: 0.0000176 seconds
2015-09-09T11:08:19.435+0200: 62.187: Total time for which application threads were stopped: 0.0000384 seconds, Stopping threads took: 0.0000070 seconds
2015-09-09T11:08:19.436+0200: 62.188: Total time for which application threads were stopped: 0.0000541 seconds, Stopping threads took: 0.0000173 seconds
2015-09-09T11:08:19.437+0200: 62.189: Total time for which application threads were stopped: 0.0000541 seconds, Stopping threads took: 0.0000170 seconds
2015-09-09T11:08:19.438+0200: 62.190: Total time for which application threads were stopped: 0.0000627 seconds, Stopping threads took: 0.0000173 seconds
2015-09-09T11:08:19.439+0200: 62.191: Total time for which application threads were stopped: 0.0000474 seconds, Stopping threads took: 0.0000141 seconds
2015-09-09T11:08:19.440+0200: 62.192: Total time for which application threads were stopped: 0.0000410 seconds, Stopping threads took: 0.0000080 seconds
2015-09-09T11:08:19.441+0200: 62.193: Total time for which application threads were stopped: 0.0000275 seconds, Stopping threads took: 0.0000064 seconds
2015-09-09T11:08:19.442+0200: 62.194: Total time for which application threads were stopped: 0.0000237 seconds, Stopping threads took: 0.0000064 seconds
2015-09-09T11:08:19.443+0200: 62.195: Total time for which application threads were stopped: 0.0000339 seconds, Stopping threads took: 0.0000061 seconds
2015-09-09T11:08:19.444+0200: 62.195: Total time for which application threads were stopped: 0.0000707 seconds, Stopping threads took: 0.0000054 seconds
2015-09-09T11:08:19.536+0200: 62.288: Total time for which application threads were stopped: 0.0001088 seconds, Stopping threads took: 0.0000141 seconds
{Heap before GC invocations=5 (full 1):
 par new generation   total 109248K, used 99593K [0x00000000e0000000, 0x00000000e8000000, 0x00000000e8000000)
  eden space 87424K, 100% used [0x00000000e0000000, 0x00000000e5560000, 0x00000000e5560000)
  from space 21824K,  55% used [0x00000000e6ab0000, 0x00000000e7692408, 0x00000000e8000000)
  to   space 21824K,   0% used [0x00000000e5560000, 0x00000000e5560000, 0x00000000e6ab0000)
 concurrent mark-sweep generation total 393216K, used 0K [0x00000000e8000000, 0x0000000100000000, 0x0000000100000000)
 Metaspace       used 28811K, capacity 29094K, committed 29460K, reserved 1075200K
  class space    used 3434K, capacity 3579K, committed 3608K, reserved 1048576K
2015-09-09T11:08:19.668+0200: 62.419: [GC (Allocation Failure) 62.419: [ParNew
Desired survivor size 20112992 bytes, new threshold 8 (max 8)
- age   1:    9310120 bytes,    9310120 total
- age   2:     701856 bytes,   10011976 total
- age   3:     147608 bytes,   10159584 total
- age   4:    1027000 bytes,   11186584 total
- age   5:    2497992 bytes,   13684576 total
- age   6:    2486544 bytes,   16171120 total
: 99593K->19908K(109248K), 0.0085942 secs] 99593K->19908K(502464K), 0.0086518 secs] [Times: user=0.06 sys=0.00, real=0.01 secs] 
Heap after GC invocations=6 (full 1):
 par new generation   total 109248K, used 19908K [0x00000000e0000000, 0x00000000e8000000, 0x00000000e8000000)
  eden space 87424K,   0% used [0x00000000e0000000, 0x00000000e0000000, 0x00000000e5560000)
  from space 21824K,  91% used [0x00000000e5560000, 0x00000000e68d12d0, 0x00000000e6ab0000)
  to   space 21824K,   0% used [0x00000000e6ab0000, 0x00000000e6ab0000, 0x00000000e8000000)
 concurrent mark-sweep generation total 393216K, used 0K [0x00000000e8000000, 0x0000000100000000, 0x0000000100000000)
 Metaspace       used 28811K, capacity 29094K, committed 29460K, reserved 1075200K
  class space    used 3434K, capacity 3579K, committed 3608K, reserved 1048576K
}
2015-09-09T11:08:19.676+0200: 62.428: Total time for which application threads were stopped: 0.0088620 seconds, Stopping threads took: 0.0000166 seconds
2015-09-09T11:08:19.677+0200: 62.429: Total time for which application threads were stopped: 0.0000598 seconds, Stopping threads took: 0.0000246 seconds
2015-09-09T11:08:19.677+0200: 62.429: Total time for which application threads were stopped: 0.0000640 seconds, Stopping threads took: 0.0000176 seconds
2015-09-09T11:08:19.677+0200: 62.429: Total time for which application threads were stopped: 0.0000480 seconds, Stopping threads took: 0.0000064 seconds
2015-09-09T11:08:19.677+0200: 62.429: Total time for which application threads were stopped: 0.0000506 seconds, Stopping threads took: 0.0000118 seconds
2015-09-09T11:08:19.677+0200: 62.429: Total time for which application threads were stopped: 0.0000416 seconds, Stopping threads took: 0.0000077 seconds
2015-09-09T11:08:19.677+0200: 62.429: Total time for which application threads were stopped: 0.0000426 seconds, Stopping threads took: 0.0000096 seconds
2015-09-09T11:08:19.677+0200: 62.429: Total time for which application threads were stopped: 0.0000432 seconds, Stopping threads took: 0.0000102 seconds
2015-09-09T11:08:19.677+0200: 62.429: Total time for which application threads were stopped: 0.0000810 seconds, Stopping threads took: 0.0000512 seconds
2015-09-09T11:08:19.677+0200: 62.429: Total time for which application threads were stopped: 0.0000493 seconds, Stopping threads took: 0.0000125 seconds
2015-09-09T11:08:19.677+0200: 62.429: Total time for which application threads were stopped: 0.0000810 seconds, Stopping threads took: 0.0000128 seconds
{Heap before GC invocations=6 (full 1):
 par new generation   total 109248K, used 107332K [0x00000000e0000000, 0x00000000e8000000, 0x00000000e8000000)
  eden space 87424K, 100% used [0x00000000e0000000, 0x00000000e5560000, 0x00000000e5560000)
  from space 21824K,  91% used [0x00000000e5560000, 0x00000000e68d12d0, 0x00000000e6ab0000)
  to   space 21824K,   0% used [0x00000000e6ab0000, 0x00000000e6ab0000, 0x00000000e8000000)
 concurrent mark-sweep generation total 393216K, used 0K [0x00000000e8000000, 0x0000000100000000, 0x0000000100000000)
 Metaspace       used 28882K, capacity 29222K, committed 29460K, reserved 1075200K
  class space    used 3434K, capacity 3579K, committed 3608K, reserved 1048576K
2015-09-09T11:08:20.060+0200: 62.811: [GC (Allocation Failure) 62.812: [ParNew
Desired survivor size 20112992 bytes, new threshold 8 (max 8)
- age   1:    4139080 bytes,    4139080 total
- age   2:    6225800 bytes,   10364880 total
- age   3:     666296 bytes,   11031176 total
- age   4:     147608 bytes,   11178784 total
- age   5:    1027000 bytes,   12205784 total
- age   6:    2497992 bytes,   14703776 total
- age   7:    2486544 bytes,   17190320 total
: 107332K->20482K(109248K), 0.0082255 secs] 107332K->20482K(502464K), 0.0083154 secs] [Times: user=0.06 sys=0.00, real=0.01 secs] 
Heap after GC invocations=7 (full 1):
 par new generation   total 109248K, used 20482K [0x00000000e0000000, 0x00000000e8000000, 0x00000000e8000000)
  eden space 87424K,   0% used [0x00000000e0000000, 0x00000000e0000000, 0x00000000e5560000)
  from space 21824K,  93% used [0x00000000e6ab0000, 0x00000000e7eb0a50, 0x00000000e8000000)
  to   space 21824K,   0% used [0x00000000e5560000, 0x00000000e5560000, 0x00000000e6ab0000)
 concurrent mark-sweep generation total 393216K, used 0K [0x00000000e8000000, 0x0000000100000000, 0x0000000100000000)
 Metaspace       used 28882K, capacity 29222K, committed 29460K, reserved 1075200K
  class space    used 3434K, capacity 3579K, committed 3608K, reserved 1048576K
}
2015-09-09T11:08:20.068+0200: 62.820: Total time for which application threads were stopped: 0.0085340 seconds, Stopping threads took: 0.0000157 seconds
{Heap before GC invocations=7 (full 1):
 par new generation   total 109248K, used 107731K [0x00000000e0000000, 0x00000000e8000000, 0x00000000e8000000)
  eden space 87424K,  99% used [0x00000000e0000000, 0x00000000e5534508, 0x00000000e5560000)
  from space 21824K,  93% used [0x00000000e6ab0000, 0x00000000e7eb0a50, 0x00000000e8000000)
  to   space 21824K,   0% used [0x00000000e5560000, 0x00000000e5560000, 0x00000000e6ab0000)
 concurrent mark-sweep generation total 393216K, used 0K [0x00000000e8000000, 0x0000000100000000, 0x0000000100000000)
 Metaspace       used 28885K, capacity 29222K, committed 29460K, reserved 1075200K
  class space    used 3434K, capacity 3579K, committed 3608K, reserved 1048576K
2015-09-09T11:08:20.396+0200: 63.148: [GC (Allocation Failure) 63.148: [ParNew
Desired survivor size 20112992 bytes, new threshold 8 (max 8)
- age   1:    6445272 bytes,    6445272 total
- age   2:    2511856 bytes,    8957128 total
- age   3:    6117624 bytes,   15074752 total
- age   4:     666296 bytes,   15741048 total
- age   5:     147608 bytes,   15888656 total
- age   6:    1027000 bytes,   16915656 total
- age   7:    2497992 bytes,   19413648 total
- age   8:    2486576 bytes,   21900224 total
: 107731K->21824K(109248K), 0.0085759 secs] 107731K->22109K(502464K), 0.0086230 secs] [Times: user=0.03 sys=0.01, real=0.01 secs] 
Heap after GC invocations=8 (full 1):
 par new generation   total 109248K, used 21824K [0x00000000e0000000, 0x00000000e8000000, 0x00000000e8000000)
  eden space 87424K,   0% used [0x00000000e0000000, 0x00000000e0000000, 0x00000000e5560000)
  from space 21824K, 100% used [0x00000000e5560000, 0x00000000e6ab0000, 0x00000000e6ab0000)
  to   space 21824K,   0% used [0x00000000e6ab0000, 0x00000000e6ab0000, 0x00000000e8000000)
 concurrent mark-sweep generation total 393216K, used 285K [0x00000000e8000000, 0x0000000100000000, 0x0000000100000000)
 Metaspace       used 28885K, capacity 29222K, committed 29460K, reserved 1075200K
  class space    used 3434K, capacity 3579K, committed 3608K, reserved 1048576K
}
2015-09-09T11:08:20.405+0200: 63.156: Total time for which application threads were stopped: 0.0088162 seconds, Stopping threads took: 0.0000182 seconds
{Heap before GC invocations=8 (full 1):
 par new generation   total 109248K, used 109248K [0x00000000e0000000, 0x00000000e8000000, 0x00000000e8000000)
  eden space 87424K, 100% used [0x00000000e0000000, 0x00000000e5560000, 0x00000000e5560000)
  from space 21824K, 100% used [0x00000000e5560000, 0x00000000e6ab0000, 0x00000000e6ab0000)
  to   space 21824K,   0% used [0x00000000e6ab0000, 0x00000000e6ab0000, 0x00000000e8000000)
 concurrent mark-sweep generation total 393216K, used 285K [0x00000000e8000000, 0x0000000100000000, 0x0000000100000000)
 Metaspace       used 28887K, capacity 29222K, committed 29460K, reserved 1075200K
  class space    used 3434K, capacity 3579K, committed 3608K, reserved 1048576K
2015-09-09T11:08:20.707+0200: 63.459: [GC (Allocation Failure) 63.459: [ParNew
Desired survivor size 20112992 bytes, new threshold 8 (max 8)
- age   1:    4702808 bytes,    4702808 total
- age   2:    3071600 bytes,    7774408 total
- age   3:    2277344 bytes,   10051752 total
- age   4:    5917256 bytes,   15969008 total
- age   5:     666296 bytes,   16635304 total
- age   6:     147608 bytes,   16782912 total
- age   7:    1027000 bytes,   17809912 total
- age   8:    2497688 bytes,   20307600 total
: 109248K->21824K(109248K), 0.0119663 secs] 109533K->26138K(502464K), 0.0120130 secs] [Times: user=0.06 sys=0.00, real=0.01 secs] 
Heap after GC invocations=9 (full 1):
 par new generation   total 109248K, used 21824K [0x00000000e0000000, 0x00000000e8000000, 0x00000000e8000000)
  eden space 87424K,   0% used [0x00000000e0000000, 0x00000000e0000000, 0x00000000e5560000)
  from space 21824K, 100% used [0x00000000e6ab0000, 0x00000000e8000000, 0x00000000e8000000)
  to   space 21824K,   0% used [0x00000000e5560000, 0x00000000e5560000, 0x00000000e6ab0000)
 concurrent mark-sweep generation total 393216K, used 4314K [0x00000000e8000000, 0x0000000100000000, 0x0000000100000000)
 Metaspace       used 28887K, capacity 29222K, committed 29460K, reserved 1075200K
  class space    used 3434K, capacity 3579K, committed 3608K, reserved 1048576K
}
2015-09-09T11:08:20.719+0200: 63.471: Total time for which application threads were stopped: 0.0121647 seconds, Stopping threads took: 0.0000150 seconds
{Heap before GC invocations=9 (full 1):
 par new generation   total 109248K, used 109248K [0x00000000e0000000, 0x00000000e8000000, 0x00000000e8000000)
  eden space 87424K, 100% used [0x00000000e0000000, 0x00000000e5560000, 0x00000000e5560000)
  from space 21824K, 100% used [0x00000000e6ab0000, 0x00000000e8000000, 0x00000000e8000000)
  to   space 21824K,   0% used [0x00000000e5560000, 0x00000000e5560000, 0x00000000e6ab0000)
 concurrent mark-sweep generation total 393216K, used 4314K [0x00000000e8000000, 0x0000000100000000, 0x0000000100000000)
 Metaspace       used 28892K, capacity 29222K, committed 29460K, reserved 1075200K
  class space    used 3434K, capacity 3579K, committed 3608K, reserved 1048576K
2015-09-09T11:08:21.009+0200: 63.761: [GC (Allocation Failure) 63.761: [ParNew
Desired survivor size 20112992 bytes, new threshold 8 (max 8)
- age   1:    5246904 bytes,    5246904 total
- age   2:    2047264 bytes,    7294168 total
- age   3:    2212752 bytes,    9506920 total
- age   4:    2230560 bytes,   11737480 total
- age   5:    5790704 bytes,   17528184 total
- age   6:     666296 bytes,   18194480 total
- age   7:     147608 bytes,   18342088 total
- age   8:    1027000 bytes,   19369088 total
: 109248K->21824K(109248K), 0.0102265 secs] 113562K->31066K(502464K), 0.0102889 secs] [Times: user=0.06 sys=0.00, real=0.01 secs] 
Heap after GC invocations=10 (full 1):
 par new generation   total 109248K, used 21824K [0x00000000e0000000, 0x00000000e8000000, 0x00000000e8000000)
  eden space 87424K,   0% used [0x00000000e0000000, 0x00000000e0000000, 0x00000000e5560000)
  from space 21824K, 100% used [0x00000000e5560000, 0x00000000e6ab0000, 0x00000000e6ab0000)
  to   space 21824K,   0% used [0x00000000e6ab0000, 0x00000000e6ab0000, 0x00000000e8000000)
 concurrent mark-sweep generation total 393216K, used 9242K [0x00000000e8000000, 0x0000000100000000, 0x0000000100000000)
 Metaspace       used 28892K, capacity 29222K, committed 29460K, reserved 1075200K
  class space    used 3434K, capacity 3579K, committed 3608K, reserved 1048576K
}
2015-09-09T11:08:21.020+0200: 63.772: Total time for which application threads were stopped: 0.0104441 seconds, Stopping threads took: 0.0000147 seconds
{Heap before GC invocations=10 (full 1):
 par new generation   total 109248K, used 109248K [0x00000000e0000000, 0x00000000e8000000, 0x00000000e8000000)
  eden space 87424K, 100% used [0x00000000e0000000, 0x00000000e5560000, 0x00000000e5560000)
  from space 21824K, 100% used [0x00000000e5560000, 0x00000000e6ab0000, 0x00000000e6ab0000)
  to   space 21824K,   0% used [0x00000000e6ab0000, 0x00000000e6ab0000, 0x00000000e8000000)
 concurrent mark-sweep generation total 393216K, used 9242K [0x00000000e8000000, 0x0000000100000000, 0x0000000100000000)
 Metaspace       used 28894K, capacity 29222K, committed 29460K, reserved 1075200K
  class space    used 3435K, capacity 3579K, committed 3608K, reserved 1048576K
2015-09-09T11:08:21.306+0200: 64.058: [GC (Allocation Failure) 64.058: [ParNew
Desired survivor size 20112992 bytes, new threshold 7 (max 8)
- age   1:    6556240 bytes,    6556240 total
- age   2:    2880384 bytes,    9436624 total
- age   3:    1307136 bytes,   10743760 total
- age   4:    1472392 bytes,   12216152 total
- age   5:    2148624 bytes,   14364776 total
- age   6:    5715976 bytes,   20080752 total
- age   7:     666296 bytes,   20747048 total
- age   8:     147608 bytes,   20894656 total
: 109248K->21824K(109248K), 0.0097682 secs] 118490K->33960K(502464K), 0.0098159 secs] [Times: user=0.06 sys=0.00, real=0.01 secs] 
Heap after GC invocations=11 (full 1):
 par new generation   total 109248K, used 21824K [0x00000000e0000000, 0x00000000e8000000, 0x00000000e8000000)
  eden space 87424K,   0% used [0x00000000e0000000, 0x00000000e0000000, 0x00000000e5560000)
  from space 21824K, 100% used [0x00000000e6ab0000, 0x00000000e8000000, 0x00000000e8000000)
  to   space 21824K,   0% used [0x00000000e5560000, 0x00000000e5560000, 0x00000000e6ab0000)
 concurrent mark-sweep generation total 393216K, used 12136K [0x00000000e8000000, 0x0000000100000000, 0x0000000100000000)
 Metaspace       used 28894K, capacity 29222K, committed 29460K, reserved 1075200K
  class space    used 3435K, capacity 3579K, committed 3608K, reserved 1048576K
}
2015-09-09T11:08:21.316+0200: 64.068: Total time for which application threads were stopped: 0.0099586 seconds, Stopping threads took: 0.0000138 seconds
{Heap before GC invocations=11 (full 1):
 par new generation   total 109248K, used 109248K [0x00000000e0000000, 0x00000000e8000000, 0x00000000e8000000)
  eden space 87424K, 100% used [0x00000000e0000000, 0x00000000e5560000, 0x00000000e5560000)
  from space 21824K, 100% used [0x00000000e6ab0000, 0x00000000e8000000, 0x00000000e8000000)
  to   space 21824K,   0% used [0x00000000e5560000, 0x00000000e5560000, 0x00000000e6ab0000)
 concurrent mark-sweep generation total 393216K, used 12136K [0x00000000e8000000, 0x0000000100000000, 0x0000000100000000)
 Metaspace       used 28894K, capacity 29222K, committed 29460K, reserved 1075200K
  class space    used 3435K, capacity 3579K, committed 3608K, reserved 1048576K
2015-09-09T11:08:21.591+0200: 64.343: [GC (Allocation Failure) 64.343: [ParNew
Desired survivor size 20112992 bytes, new threshold 8 (max 8)
- age   1:    5719264 bytes,    5719264 total
- age   2:    1638168 bytes,    7357432 total
- age   3:    2654048 bytes,   10011480 total
- age   4:     922776 bytes,   10934256 total
- age   5:    1117528 bytes,   12051784 total
- age   6:    1790720 bytes,   13842504 total
- age   7:    5576584 bytes,   19419088 total
: 109248K->21824K(109248K), 0.0098703 secs] 121384K->38472K(502464K), 0.0099138 secs] [Times: user=0.00 sys=0.00, real=0.01 secs] 
Heap after GC invocations=12 (full 1):
 par new generation   total 109248K, used 21824K [0x00000000e0000000, 0x00000000e8000000, 0x00000000e8000000)
  eden space 87424K,   0% used [0x00000000e0000000, 0x00000000e0000000, 0x00000000e5560000)
  from space 21824K, 100% used [0x00000000e5560000, 0x00000000e6ab0000, 0x00000000e6ab0000)
  to   space 21824K,   0% used [0x00000000e6ab0000, 0x00000000e6ab0000, 0x00000000e8000000)
 concurrent mark-sweep generation total 393216K, used 16648K [0x00000000e8000000, 0x0000000100000000, 0x0000000100000000)
 Metaspace       used 28894K, capacity 29222K, committed 29460K, reserved 1075200K
  class space    used 3435K, capacity 3579K, committed 3608K, reserved 1048576K
}
2015-09-09T11:08:21.601+0200: 64.353: Total time for which application threads were stopped: 0.0100482 seconds, Stopping threads took: 0.0000141 seconds
{Heap before GC invocations=12 (full 1):
 par new generation   total 109248K, used 109248K [0x00000000e0000000, 0x00000000e8000000, 0x00000000e8000000)
  eden space 87424K, 100% used [0x00000000e0000000, 0x00000000e5560000, 0x00000000e5560000)
  from space 21824K, 100% used [0x00000000e5560000, 0x00000000e6ab0000, 0x00000000e6ab0000)
  to   space 21824K,   0% used [0x00000000e6ab0000, 0x00000000e6ab0000, 0x00000000e8000000)
 concurrent mark-sweep generation total 393216K, used 16648K [0x00000000e8000000, 0x0000000100000000, 0x0000000100000000)
 Metaspace       used 28894K, capacity 29222K, committed 29460K, reserved 1075200K
  class space    used 3435K, capacity 3579K, committed 3608K, reserved 1048576K
2015-09-09T11:08:21.876+0200: 64.627: [GC (Allocation Failure) 64.627: [ParNew
Desired survivor size 20112992 bytes, new threshold 8 (max 8)
- age   1:    5793568 bytes,    5793568 total
- age   2:    1268424 bytes,    7061992 total
- age   3:    1211672 bytes,    8273664 total
- age   4:    1750128 bytes,   10023792 total
- age   5:     875464 bytes,   10899256 total
- age   6:    1076056 bytes,   11975312 total
- age   7:    1747704 bytes,   13723016 total
- age   8:    5336800 bytes,   19059816 total
: 109248K->21824K(109248K), 0.0101602 secs] 125896K->42396K(502464K), 0.0102268 secs] [Times: user=0.00 sys=0.00, real=0.01 secs] 
Heap after GC invocations=13 (full 1):
 par new generation   total 109248K, used 21824K [0x00000000e0000000, 0x00000000e8000000, 0x00000000e8000000)
  eden space 87424K,   0% used [0x00000000e0000000, 0x00000000e0000000, 0x00000000e5560000)
  from space 21824K, 100% used [0x00000000e6ab0000, 0x00000000e8000000, 0x00000000e8000000)
  to   space 21824K,   0% used [0x00000000e5560000, 0x00000000e5560000, 0x00000000e6ab0000)
 concurrent mark-sweep generation total 393216K, used 20572K [0x00000000e8000000, 0x0000000100000000, 0x0000000100000000)
 Metaspace       used 28894K, capacity 29222K, committed 29460K, reserved 1075200K
  class space    used 3435K, capacity 3579K, committed 3608K, reserved 1048576K
}
2015-09-09T11:08:21.886+0200: 64.638: Total time for which application threads were stopped: 0.0103993 seconds, Stopping threads took: 0.0000256 seconds
{Heap before GC invocations=13 (full 1):
 par new generation   total 109248K, used 109248K [0x00000000e0000000, 0x00000000e8000000, 0x00000000e8000000)
  eden space 87424K, 100% used [0x00000000e0000000, 0x00000000e5560000, 0x00000000e5560000)
  from space 21824K, 100% used [0x00000000e6ab0000, 0x00000000e8000000, 0x00000000e8000000)
  to   space 21824K,   0% used [0x00000000e5560000, 0x00000000e5560000, 0x00000000e6ab0000)
 concurrent mark-sweep generation total 393216K, used 20572K [0x00000000e8000000, 0x0000000100000000, 0x0000000100000000)
 Metaspace       used 28896K, capacity 29222K, committed 29460K, reserved 1075200K
  class space    used 3435K, capacity 3579K, committed 3608K, reserved 1048576K
2015-09-09T11:08:22.164+0200: 64.916: [GC (Allocation Failure) 64.916: [ParNew
Desired survivor size 20112992 bytes, new threshold 8 (max 8)
- age   1:    7836784 bytes,    7836784 total
- age   2:    1159832 bytes,    8996616 total
- age   3:     912712 bytes,    9909328 total
- age   4:     832864 bytes,   10742192 total
- age   5:    1619680 bytes,   12361872 total
- age   6:     868928 bytes,   13230800 total
- age   7:    1072968 bytes,   14303768 total
- age   8:    1743128 bytes,   16046896 total
: 109248K->21824K(109248K), 0.0114034 secs] 129820K->49627K(502464K), 0.0114495 secs] [Times: user=0.06 sys=0.00, real=0.01 secs] 
Heap after GC invocations=14 (full 1):
 par new generation   total 109248K, used 21824K [0x00000000e0000000, 0x00000000e8000000, 0x00000000e8000000)
  eden space 87424K,   0% used [0x00000000e0000000, 0x00000000e0000000, 0x00000000e5560000)
  from space 21824K, 100% used [0x00000000e5560000, 0x00000000e6ab0000, 0x00000000e6ab0000)
  to   space 21824K,   0% used [0x00000000e6ab0000, 0x00000000e6ab0000, 0x00000000e8000000)
 concurrent mark-sweep generation total 393216K, used 27803K [0x00000000e8000000, 0x0000000100000000, 0x0000000100000000)
 Metaspace       used 28896K, capacity 29222K, committed 29460K, reserved 1075200K
  class space    used 3435K, capacity 3579K, committed 3608K, reserved 1048576K
}
2015-09-09T11:08:22.176+0200: 64.928: Total time for which application threads were stopped: 0.0115871 seconds, Stopping threads took: 0.0000134 seconds
{Heap before GC invocations=14 (full 1):
 par new generation   total 109248K, used 109248K [0x00000000e0000000, 0x00000000e8000000, 0x00000000e8000000)
  eden space 87424K, 100% used [0x00000000e0000000, 0x00000000e5560000, 0x00000000e5560000)
  from space 21824K, 100% used [0x00000000e5560000, 0x00000000e6ab0000, 0x00000000e6ab0000)
  to   space 21824K,   0% used [0x00000000e6ab0000, 0x00000000e6ab0000, 0x00000000e8000000)
 concurrent mark-sweep generation total 393216K, used 27803K [0x00000000e8000000, 0x0000000100000000, 0x0000000100000000)
 Metaspace       used 28897K, capacity 29222K, committed 29460K, reserved 1075200K
  class space    used 3435K, capacity 3579K, committed 3608K, reserved 1048576K
2015-09-09T11:08:22.457+0200: 65.209: [GC (Allocation Failure) 65.209: [ParNew
Desired survivor size 20112992 bytes, new threshold 8 (max 8)
- age   1:    9392496 bytes,    9392496 total
- age   2:    2213720 bytes,   11606216 total
- age   3:    1145000 bytes,   12751216 total
- age   4:     898152 bytes,   13649368 total
- age   5:     832864 bytes,   14482232 total
- age   6:    1472192 bytes,   15954424 total
- age   7:     868928 bytes,   16823352 total
- age   8:    1072968 bytes,   17896320 total
: 109248K->21683K(109248K), 0.0099045 secs] 137051K->52973K(502464K), 0.0099516 secs] [Times: user=0.06 sys=0.00, real=0.01 secs] 
Heap after GC invocations=15 (full 1):
 par new generation   total 109248K, used 21683K [0x00000000e0000000, 0x00000000e8000000, 0x00000000e8000000)
  eden space 87424K,   0% used [0x00000000e0000000, 0x00000000e0000000, 0x00000000e5560000)
  from space 21824K,  99% used [0x00000000e6ab0000, 0x00000000e7fdcdd0, 0x00000000e8000000)
  to   space 21824K,   0% used [0x00000000e5560000, 0x00000000e5560000, 0x00000000e6ab0000)
 concurrent mark-sweep generation total 393216K, used 31289K [0x00000000e8000000, 0x0000000100000000, 0x0000000100000000)
 Metaspace       used 28897K, capacity 29222K, committed 29460K, reserved 1075200K
  class space    used 3435K, capacity 3579K, committed 3608K, reserved 1048576K
}
2015-09-09T11:08:22.467+0200: 65.219: Total time for which application threads were stopped: 0.0100911 seconds, Stopping threads took: 0.0000144 seconds
{Heap before GC invocations=15 (full 1):
 par new generation   total 109248K, used 109107K [0x00000000e0000000, 0x00000000e8000000, 0x00000000e8000000)
  eden space 87424K, 100% used [0x00000000e0000000, 0x00000000e5560000, 0x00000000e5560000)
  from space 21824K,  99% used [0x00000000e6ab0000, 0x00000000e7fdcdd0, 0x00000000e8000000)
  to   space 21824K,   0% used [0x00000000e5560000, 0x00000000e5560000, 0x00000000e6ab0000)
 concurrent mark-sweep generation total 393216K, used 31289K [0x00000000e8000000, 0x0000000100000000, 0x0000000100000000)
 Metaspace       used 28899K, capacity 29222K, committed 29460K, reserved 1075200K
  class space    used 3435K, capacity 3579K, committed 3608K, reserved 1048576K
2015-09-09T11:08:22.736+0200: 65.488: [GC (Allocation Failure) 65.488: [ParNew
Desired survivor size 20112992 bytes, new threshold 7 (max 8)
- age   1:    8982856 bytes,    8982856 total
- age   2:    4915728 bytes,   13898584 total
- age   3:    2213720 bytes,   16112304 total
- age   4:    1145000 bytes,   17257304 total
- age   5:     898152 bytes,   18155456 total
- age   6:     701776 bytes,   18857232 total
- age   7:    1472192 bytes,   20329424 total
- age   8:     868928 bytes,   21198352 total
: 109107K->21824K(109248K), 0.0094847 secs] 140397K->55504K(502464K), 0.0095298 secs] [Times: user=0.00 sys=0.00, real=0.01 secs] 
Heap after GC invocations=16 (full 1):
 par new generation   total 109248K, used 21824K [0x00000000e0000000, 0x00000000e8000000, 0x00000000e8000000)
  eden space 87424K,   0% used [0x00000000e0000000, 0x00000000e0000000, 0x00000000e5560000)
  from space 21824K, 100% used [0x00000000e5560000, 0x00000000e6ab0000, 0x00000000e6ab0000)
  to   space 21824K,   0% used [0x00000000e6ab0000, 0x00000000e6ab0000, 0x00000000e8000000)
 concurrent mark-sweep generation total 393216K, used 33680K [0x00000000e8000000, 0x0000000100000000, 0x0000000100000000)
 Metaspace       used 28899K, capacity 29222K, committed 29460K, reserved 1075200K
  class space    used 3435K, capacity 3579K, committed 3608K, reserved 1048576K
}
2015-09-09T11:08:22.746+0200: 65.498: Total time for which application threads were stopped: 0.0096665 seconds, Stopping threads took: 0.0000138 seconds
{Heap before GC invocations=16 (full 1):
 par new generation   total 109248K, used 109248K [0x00000000e0000000, 0x00000000e8000000, 0x00000000e8000000)
  eden space 87424K, 100% used [0x00000000e0000000, 0x00000000e5560000, 0x00000000e5560000)
  from space 21824K, 100% used [0x00000000e5560000, 0x00000000e6ab0000, 0x00000000e6ab0000)
  to   space 21824K,   0% used [0x00000000e6ab0000, 0x00000000e6ab0000, 0x00000000e8000000)
 concurrent mark-sweep generation total 393216K, used 33680K [0x00000000e8000000, 0x0000000100000000, 0x0000000100000000)
 Metaspace       used 28899K, capacity 29222K, committed 29460K, reserved 1075200K
  class space    used 3435K, capacity 3579K, committed 3608K, reserved 1048576K
2015-09-09T11:08:23.037+0200: 65.789: [GC (Allocation Failure) 65.789: [ParNew
Desired survivor size 20112992 bytes, new threshold 8 (max 8)
- age   1:    2887072 bytes,    2887072 total
- age   2:    6787848 bytes,    9674920 total
- age   3:    4915728 bytes,   14590648 total
- age   4:    2213720 bytes,   16804368 total
- age   5:    1145000 bytes,   17949368 total
- age   6:     898176 bytes,   18847544 total
- age   7:     701776 bytes,   19549320 total
: 109248K->21450K(109248K), 0.0098418 secs] 142928K->59461K(502464K), 0.0098885 secs] [Times: user=0.06 sys=0.00, real=0.01 secs] 
Heap after GC invocations=17 (full 1):
 par new generation   total 109248K, used 21450K [0x00000000e0000000, 0x00000000e8000000, 0x00000000e8000000)
  eden space 87424K,   0% used [0x00000000e0000000, 0x00000000e0000000, 0x00000000e5560000)
  from space 21824K,  98% used [0x00000000e6ab0000, 0x00000000e7fa2a10, 0x00000000e8000000)
  to   space 21824K,   0% used [0x00000000e5560000, 0x00000000e5560000, 0x00000000e6ab0000)
 concurrent mark-sweep generation total 393216K, used 38011K [0x00000000e8000000, 0x0000000100000000, 0x0000000100000000)
 Metaspace       used 28899K, capacity 29222K, committed 29460K, reserved 1075200K
  class space    used 3435K, capacity 3579K, committed 3608K, reserved 1048576K
}
2015-09-09T11:08:23.047+0200: 65.799: Total time for which application threads were stopped: 0.0100201 seconds, Stopping threads took: 0.0000141 seconds
{Heap before GC invocations=17 (full 1):
 par new generation   total 109248K, used 108874K [0x00000000e0000000, 0x00000000e8000000, 0x00000000e8000000)
  eden space 87424K, 100% used [0x00000000e0000000, 0x00000000e5560000, 0x00000000e5560000)
  from space 21824K,  98% used [0x00000000e6ab0000, 0x00000000e7fa2a10, 0x00000000e8000000)
  to   space 21824K,   0% used [0x00000000e5560000, 0x00000000e5560000, 0x00000000e6ab0000)
 concurrent mark-sweep generation total 393216K, used 38011K [0x00000000e8000000, 0x0000000100000000, 0x0000000100000000)
 Metaspace       used 28901K, capacity 29222K, committed 29460K, reserved 1075200K
  class space    used 3435K, capacity 3579K, committed 3608K, reserved 1048576K
2015-09-09T11:08:23.321+0200: 66.072: [GC (Allocation Failure) 66.073: [ParNew
Desired survivor size 20112992 bytes, new threshold 8 (max 8)
- age   1:    6000944 bytes,    6000944 total
- age   2:    1520928 bytes,    7521872 total
- age   3:    2465344 bytes,    9987216 total
- age   4:    4866888 bytes,   14854104 total
- age   5:    2127784 bytes,   16981888 total
- age   6:    1086768 bytes,   18068656 total
- age   7:     837840 bytes,   18906496 total
- age   8:     643312 bytes,   19549808 total
: 108874K->21824K(109248K), 0.0095302 secs] 146885K->66528K(502464K), 0.0095727 secs] [Times: user=0.06 sys=0.00, real=0.01 secs] 
Heap after GC invocations=18 (full 1):
 par new generation   total 109248K, used 21824K [0x00000000e0000000, 0x00000000e8000000, 0x00000000e8000000)
  eden space 87424K,   0% used [0x00000000e0000000, 0x00000000e0000000, 0x00000000e5560000)
  from space 21824K, 100% used [0x00000000e5560000, 0x00000000e6ab0000, 0x00000000e6ab0000)
  to   space 21824K,   0% used [0x00000000e6ab0000, 0x00000000e6ab0000, 0x00000000e8000000)
 concurrent mark-sweep generation total 393216K, used 44704K [0x00000000e8000000, 0x0000000100000000, 0x0000000100000000)
 Metaspace       used 28901K, capacity 29222K, committed 29460K, reserved 1075200K
  class space    used 3435K, capacity 3579K, committed 3608K, reserved 1048576K
}
2015-09-09T11:08:23.330+0200: 66.082: Total time for which application threads were stopped: 0.0097058 seconds, Stopping threads took: 0.0000138 seconds
{Heap before GC invocations=18 (full 1):
 par new generation   total 109248K, used 109248K [0x00000000e0000000, 0x00000000e8000000, 0x00000000e8000000)
  eden space 87424K, 100% used [0x00000000e0000000, 0x00000000e5560000, 0x00000000e5560000)
  from space 21824K, 100% used [0x00000000e5560000, 0x00000000e6ab0000, 0x00000000e6ab0000)
  to   space 21824K,   0% used [0x00000000e6ab0000, 0x00000000e6ab0000, 0x00000000e8000000)
 concurrent mark-sweep generation total 393216K, used 44704K [0x00000000e8000000, 0x0000000100000000, 0x0000000100000000)
 Metaspace       used 28901K, capacity 29222K, committed 29460K, reserved 1075200K
  class space    used 3435K, capacity 3579K, committed 3608K, reserved 1048576K
2015-09-09T11:08:23.621+0200: 66.373: [GC (Allocation Failure) 66.373: [ParNew
Desired survivor size 20112992 bytes, new threshold 8 (max 8)
- age   1:    5746032 bytes,    5746032 total
- age   2:    2659664 bytes,    8405696 total
- age   3:    1221992 bytes,    9627688 total
- age   4:    2160352 bytes,   11788040 total
- age   5:    4760568 bytes,   16548608 total
- age   6:    2013976 bytes,   18562584 total
- age   7:     760624 bytes,   19323208 total
- age   8:     772360 bytes,   20095568 total
: 109248K->21824K(109248K), 0.0100674 secs] 153952K->70186K(502464K), 0.0101138 secs] [Times: user=0.00 sys=0.00, real=0.01 secs] 
Heap after GC invocations=19 (full 1):
 par new generation   total 109248K, used 21824K [0x00000000e0000000, 0x00000000e8000000, 0x00000000e8000000)
  eden space 87424K,   0% used [0x00000000e0000000, 0x00000000e0000000, 0x00000000e5560000)
  from space 21824K, 100% used [0x00000000e6ab0000, 0x00000000e8000000, 0x00000000e8000000)
  to   space 21824K,   0% used [0x00000000e5560000, 0x00000000e5560000, 0x00000000e6ab0000)
 concurrent mark-sweep generation total 393216K, used 48362K [0x00000000e8000000, 0x0000000100000000, 0x0000000100000000)
 Metaspace       used 28901K, capacity 29222K, committed 29460K, reserved 1075200K
  class space    used 3435K, capacity 3579K, committed 3608K, reserved 1048576K
}
2015-09-09T11:08:23.631+0200: 66.383: Total time for which application threads were stopped: 0.0102495 seconds, Stopping threads took: 0.0000141 seconds
{Heap before GC invocations=19 (full 1):
 par new generation   total 109248K, used 109248K [0x00000000e0000000, 0x00000000e8000000, 0x00000000e8000000)
  eden space 87424K, 100% used [0x00000000e0000000, 0x00000000e5560000, 0x00000000e5560000)
  from space 21824K, 100% used [0x00000000e6ab0000, 0x00000000e8000000, 0x00000000e8000000)
  to   space 21824K,   0% used [0x00000000e5560000, 0x00000000e5560000, 0x00000000e6ab0000)
 concurrent mark-sweep generation total 393216K, used 48362K [0x00000000e8000000, 0x0000000100000000, 0x0000000100000000)
 Metaspace       used 28901K, capacity 29222K, committed 29460K, reserved 1075200K
  class space    used 3435K, capacity 3579K, committed 3608K, reserved 1048576K
2015-09-09T11:08:23.900+0200: 66.652: [GC (Allocation Failure) 66.652: [ParNew
Desired survivor size 20112992 bytes, new threshold 8 (max 8)
- age   1:    2907416 bytes,    2907416 total
- age   2:    5614320 bytes,    8521736 total
- age   3:    1078616 bytes,    9600352 total
- age   4:    1162008 bytes,   10762360 total
- age   5:    1909416 bytes,   12671776 total
- age   6:    3688488 bytes,   16360264 total
- age   7:    1962800 bytes,   18323064 total
- age   8:     724312 bytes,   19047376 total
: 109248K->21824K(109248K), 0.0100223 secs] 157610K->78050K(502464K), 0.0100684 secs] [Times: user=0.00 sys=0.00, real=0.01 secs] 
Heap after GC invocations=20 (full 1):
 par new generation   total 109248K, used 21824K [0x00000000e0000000, 0x00000000e8000000, 0x00000000e8000000)
  eden space 87424K,   0% used [0x00000000e0000000, 0x00000000e0000000, 0x00000000e5560000)
  from space 21824K, 100% used [0x00000000e5560000, 0x00000000e6ab0000, 0x00000000e6ab0000)
  to   space 21824K,   0% used [0x00000000e6ab0000, 0x00000000e6ab0000, 0x00000000e8000000)
 concurrent mark-sweep generation total 393216K, used 56226K [0x00000000e8000000, 0x0000000100000000, 0x0000000100000000)
 Metaspace       used 28901K, capacity 29222K, committed 29460K, reserved 1075200K
  class space    used 3435K, capacity 3579K, committed 3608K, reserved 1048576K
}
2015-09-09T11:08:23.910+0200: 66.662: Total time for which application threads were stopped: 0.0102092 seconds, Stopping threads took: 0.0000134 seconds
{Heap before GC invocations=20 (full 1):
 par new generation   total 109248K, used 109248K [0x00000000e0000000, 0x00000000e8000000, 0x00000000e8000000)
  eden space 87424K, 100% used [0x00000000e0000000, 0x00000000e5560000, 0x00000000e5560000)
  from space 21824K, 100% used [0x00000000e5560000, 0x00000000e6ab0000, 0x00000000e6ab0000)
  to   space 21824K,   0% used [0x00000000e6ab0000, 0x00000000e6ab0000, 0x00000000e8000000)
 concurrent mark-sweep generation total 393216K, used 56226K [0x00000000e8000000, 0x0000000100000000, 0x0000000100000000)
 Metaspace       used 28901K, capacity 29222K, committed 29460K, reserved 1075200K
  class space    used 3435K, capacity 3579K, committed 3608K, reserved 1048576K
2015-09-09T11:08:24.191+0200: 66.943: [GC (Allocation Failure) 66.943: [ParNew
Desired survivor size 20112992 bytes, new threshold 8 (max 8)
- age   1:    4640688 bytes,    4640688 total
- age   2:    1943376 bytes,    6584064 total
- age   3:    2654664 bytes,    9238728 total
- age   4:    1053248 bytes,   10291976 total
- age   5:    1132832 bytes,   11424808 total
- age   6:    1883048 bytes,   13307856 total
- age   7:    3662016 bytes,   16969872 total
- age   8:    1937712 bytes,   18907584 total
: 109248K->21824K(109248K), 0.0095961 secs] 165474K->81146K(502464K), 0.0096623 secs] [Times: user=0.06 sys=0.00, real=0.01 secs] 
Heap after GC invocations=21 (full 1):
 par new generation   total 109248K, used 21824K [0x00000000e0000000, 0x00000000e8000000, 0x00000000e8000000)
  eden space 87424K,   0% used [0x00000000e0000000, 0x00000000e0000000, 0x00000000e5560000)
  from space 21824K, 100% used [0x00000000e6ab0000, 0x00000000e8000000, 0x00000000e8000000)
  to   space 21824K,   0% used [0x00000000e5560000, 0x00000000e5560000, 0x00000000e6ab0000)
 concurrent mark-sweep generation total 393216K, used 59322K [0x00000000e8000000, 0x0000000100000000, 0x0000000100000000)
 Metaspace       used 28901K, capacity 29222K, committed 29460K, reserved 1075200K
  class space    used 3435K, capacity 3579K, committed 3608K, reserved 1048576K
}
2015-09-09T11:08:24.201+0200: 66.953: Total time for which application threads were stopped: 0.0097938 seconds, Stopping threads took: 0.0000138 seconds
{Heap before GC invocations=21 (full 1):
 par new generation   total 109248K, used 109248K [0x00000000e0000000, 0x00000000e8000000, 0x00000000e8000000)
  eden space 87424K, 100% used [0x00000000e0000000, 0x00000000e5560000, 0x00000000e5560000)
  from space 21824K, 100% used [0x00000000e6ab0000, 0x00000000e8000000, 0x00000000e8000000)
  to   space 21824K,   0% used [0x00000000e5560000, 0x00000000e5560000, 0x00000000e6ab0000)
 concurrent mark-sweep generation total 393216K, used 59322K [0x00000000e8000000, 0x0000000100000000, 0x0000000100000000)
 Metaspace       used 28901K, capacity 29222K, committed 29460K, reserved 1075200K
  class space    used 3435K, capacity 3579K, committed 3608K, reserved 1048576K
2015-09-09T11:08:24.465+0200: 67.217: [GC (Allocation Failure) 67.217: [ParNew
Desired survivor size 20112992 bytes, new threshold 8 (max 8)
- age   1:    5774400 bytes,    5774400 total
- age   2:    2062304 bytes,    7836704 total
- age   3:    1034112 bytes,    8870816 total
- age   4:    2613520 bytes,   11484336 total
- age   5:    1015920 bytes,   12500256 total
- age   6:    1091784 bytes,   13592040 total
- age   7:    1847080 bytes,   15439120 total
- age   8:    3627200 bytes,   19066320 total
: 109248K->21824K(109248K), 0.0104914 secs] 168570K->89471K(502464K), 0.0105378 secs] [Times: user=0.00 sys=0.00, real=0.01 secs] 
Heap after GC invocations=22 (full 1):
 par new generation   total 109248K, used 21824K [0x00000000e0000000, 0x00000000e8000000, 0x00000000e8000000)
  eden space 87424K,   0% used [0x00000000e0000000, 0x00000000e0000000, 0x00000000e5560000)
  from space 21824K, 100% used [0x00000000e5560000, 0x00000000e6ab0000, 0x00000000e6ab0000)
  to   space 21824K,   0% used [0x00000000e6ab0000, 0x00000000e6ab0000, 0x00000000e8000000)
 concurrent mark-sweep generation total 393216K, used 67647K [0x00000000e8000000, 0x0000000100000000, 0x0000000100000000)
 Metaspace       used 28901K, capacity 29222K, committed 29460K, reserved 1075200K
  class space    used 3435K, capacity 3579K, committed 3608K, reserved 1048576K
}
2015-09-09T11:08:24.476+0200: 67.228: Total time for which application threads were stopped: 0.0106709 seconds, Stopping threads took: 0.0000144 seconds
{Heap before GC invocations=22 (full 1):
 par new generation   total 109248K, used 109248K [0x00000000e0000000, 0x00000000e8000000, 0x00000000e8000000)
  eden space 87424K, 100% used [0x00000000e0000000, 0x00000000e5560000, 0x00000000e5560000)
  from space 21824K, 100% used [0x00000000e5560000, 0x00000000e6ab0000, 0x00000000e6ab0000)
  to   space 21824K,   0% used [0x00000000e6ab0000, 0x00000000e6ab0000, 0x00000000e8000000)
 concurrent mark-sweep generation total 393216K, used 67647K [0x00000000e8000000, 0x0000000100000000, 0x0000000100000000)
 Metaspace       used 28902K, capacity 29222K, committed 29460K, reserved 1075200K
  class space    used 3435K, capacity 3579K, committed 3608K, reserved 1048576K
2015-09-09T11:08:24.770+0200: 67.522: [GC (Allocation Failure) 67.522: [ParNew
Desired survivor size 20112992 bytes, new threshold 8 (max 8)
- age   1:    3036728 bytes,    3036728 total
- age   2:    5772152 bytes,    8808880 total
- age   3:    1824752 bytes,   10633632 total
- age   4:    1034112 bytes,   11667744 total
- age   5:    2613520 bytes,   14281264 total
- age   6:    1015920 bytes,   15297184 total
- age   7:    1091784 bytes,   16388968 total
- age   8:    1847080 bytes,   18236048 total
: 109248K->21824K(109248K), 0.0093500 secs] 176895K->93000K(502464K), 0.0094153 secs] [Times: user=0.06 sys=0.00, real=0.01 secs] 
Heap after GC invocations=23 (full 1):
 par new generation   total 109248K, used 21824K [0x00000000e0000000, 0x00000000e8000000, 0x00000000e8000000)
  eden space 87424K,   0% used [0x00000000e0000000, 0x00000000e0000000, 0x00000000e5560000)
  from space 21824K, 100% used [0x00000000e6ab0000, 0x00000000e8000000, 0x00000000e8000000)
  to   space 21824K,   0% used [0x00000000e5560000, 0x00000000e5560000, 0x00000000e6ab0000)
 concurrent mark-sweep generation total 393216K, used 71176K [0x00000000e8000000, 0x0000000100000000, 0x0000000100000000)
 Metaspace       used 28902K, capacity 29222K, committed 29460K, reserved 1075200K
  class space    used 3435K, capacity 3579K, committed 3608K, reserved 1048576K
}
2015-09-09T11:08:24.779+0200: 67.531: Total time for which application threads were stopped: 0.0095772 seconds, Stopping threads took: 0.0000141 seconds
{Heap before GC invocations=23 (full 1):
 par new generation   total 109248K, used 109248K [0x00000000e0000000, 0x00000000e8000000, 0x00000000e8000000)
  eden space 87424K, 100% used [0x00000000e0000000, 0x00000000e5560000, 0x00000000e5560000)
  from space 21824K, 100% used [0x00000000e6ab0000, 0x00000000e8000000, 0x00000000e8000000)
  to   space 21824K,   0% used [0x00000000e5560000, 0x00000000e5560000, 0x00000000e6ab0000)
 concurrent mark-sweep generation total 393216K, used 71176K [0x00000000e8000000, 0x0000000100000000, 0x0000000100000000)
 Metaspace       used 28902K, capacity 29222K, committed 29460K, reserved 1075200K
  class space    used 3435K, capacity 3579K, committed 3608K, reserved 1048576K
2015-09-09T11:08:25.067+0200: 67.819: [GC (Allocation Failure) 67.819: [ParNew
Desired survivor size 20112992 bytes, new threshold 8 (max 8)
- age   1:    6404856 bytes,    6404856 total
- age   2:    3029888 bytes,    9434744 total
- age   3:    2978808 bytes,   12413552 total
- age   4:    1241408 bytes,   13654960 total
- age   5:    1031872 bytes,   14686832 total
- age   6:    2086048 bytes,   16772880 total
- age   7:     990560 bytes,   17763440 total
- age   8:    1091416 bytes,   18854856 total
: 109248K->21824K(109248K), 0.0097874 secs] 180424K->95355K(502464K), 0.0098329 secs] [Times: user=0.06 sys=0.00, real=0.01 secs] 
Heap after GC invocations=24 (full 1):
 par new generation   total 109248K, used 21824K [0x00000000e0000000, 0x00000000e8000000, 0x00000000e8000000)
  eden space 87424K,   0% used [0x00000000e0000000, 0x00000000e0000000, 0x00000000e5560000)
  from space 21824K, 100% used [0x00000000e5560000, 0x00000000e6ab0000, 0x00000000e6ab0000)
  to   space 21824K,   0% used [0x00000000e6ab0000, 0x00000000e6ab0000, 0x00000000e8000000)
 concurrent mark-sweep generation total 393216K, used 73531K [0x00000000e8000000, 0x0000000100000000, 0x0000000100000000)
 Metaspace       used 28902K, capacity 29222K, committed 29460K, reserved 1075200K
  class space    used 3435K, capacity 3579K, committed 3608K, reserved 1048576K
}
2015-09-09T11:08:25.076+0200: 67.828: Total time for which application threads were stopped: 0.0100002 seconds, Stopping threads took: 0.0000131 seconds
{Heap before GC invocations=24 (full 1):
 par new generation   total 109248K, used 109248K [0x00000000e0000000, 0x00000000e8000000, 0x00000000e8000000)
  eden space 87424K, 100% used [0x00000000e0000000, 0x00000000e5560000, 0x00000000e5560000)
  from space 21824K, 100% used [0x00000000e5560000, 0x00000000e6ab0000, 0x00000000e6ab0000)
  to   space 21824K,   0% used [0x00000000e6ab0000, 0x00000000e6ab0000, 0x00000000e8000000)
 concurrent mark-sweep generation total 393216K, used 73531K [0x00000000e8000000, 0x0000000100000000, 0x0000000100000000)
 Metaspace       used 28902K, capacity 29222K, committed 29460K, reserved 1075200K
  class space    used 3435K, capacity 3579K, committed 3608K, reserved 1048576K
2015-09-09T11:08:25.346+0200: 68.098: [GC (Allocation Failure) 68.098: [ParNew
Desired survivor size 20112992 bytes, new threshold 8 (max 8)
- age   1:    4395112 bytes,    4395112 total
- age   2:    6479000 bytes,   10874112 total
- age   3:    2629384 bytes,   13503496 total
- age   4:    1953664 bytes,   15457160 total
- age   5:    1172784 bytes,   16629944 total
- age   6:     979032 bytes,   17608976 total
- age   7:    2036752 bytes,   19645728 total
- age   8:     947784 bytes,   20593512 total
: 109248K->21824K(109248K), 0.0114866 secs] 182779K->104307K(502464K), 0.0115327 secs] [Times: user=0.06 sys=0.00, real=0.01 secs] 
Heap after GC invocations=25 (full 1):
 par new generation   total 109248K, used 21824K [0x00000000e0000000, 0x00000000e8000000, 0x00000000e8000000)
  eden space 87424K,   0% used [0x00000000e0000000, 0x00000000e0000000, 0x00000000e5560000)
  from space 21824K, 100% used [0x00000000e6ab0000, 0x00000000e8000000, 0x00000000e8000000)
  to   space 21824K,   0% used [0x00000000e5560000, 0x00000000e5560000, 0x00000000e6ab0000)
 concurrent mark-sweep generation total 393216K, used 82483K [0x00000000e8000000, 0x0000000100000000, 0x0000000100000000)
 Metaspace       used 28902K, capacity 29222K, committed 29460K, reserved 1075200K
  class space    used 3435K, capacity 3579K, committed 3608K, reserved 1048576K
}
2015-09-09T11:08:25.358+0200: 68.110: Total time for which application threads were stopped: 0.0116757 seconds, Stopping threads took: 0.0000144 seconds
{Heap before GC invocations=25 (full 1):
 par new generation   total 109248K, used 109248K [0x00000000e0000000, 0x00000000e8000000, 0x00000000e8000000)
  eden space 87424K, 100% used [0x00000000e0000000, 0x00000000e5560000, 0x00000000e5560000)
  from space 21824K, 100% used [0x00000000e6ab0000, 0x00000000e8000000, 0x00000000e8000000)
  to   space 21824K,   0% used [0x00000000e5560000, 0x00000000e5560000, 0x00000000e6ab0000)
 concurrent mark-sweep generation total 393216K, used 82483K [0x00000000e8000000, 0x0000000100000000, 0x0000000100000000)
 Metaspace       used 28902K, capacity 29222K, committed 29460K, reserved 1075200K
  class space    used 3435K, capacity 3579K, committed 3608K, reserved 1048576K
2015-09-09T11:08:25.644+0200: 68.397: [GC (Allocation Failure) 68.397: [ParNew
Desired survivor size 20112992 bytes, new threshold 8 (max 8)
- age   1:    5202168 bytes,    5202168 total
- age   2:    4163832 bytes,    9366000 total
- age   3:    2112296 bytes,   11478296 total
- age   4:    2596568 bytes,   14074864 total
- age   5:    1926176 bytes,   16001040 total
- age   6:    1142944 bytes,   17143984 total
- age   7:     958408 bytes,   18102392 total
- age   8:    2020288 bytes,   20122680 total
: 109248K->21824K(109248K), 0.0101689 secs] 191731K->107865K(502464K), 0.0102156 secs] [Times: user=0.06 sys=0.00, real=0.01 secs] 
Heap after GC invocations=26 (full 1):
 par new generation   total 109248K, used 21824K [0x00000000e0000000, 0x00000000e8000000, 0x00000000e8000000)
  eden space 87424K,   0% used [0x00000000e0000000, 0x00000000e0000000, 0x00000000e5560000)
  from space 21824K, 100% used [0x00000000e5560000, 0x00000000e6ab0000, 0x00000000e6ab0000)
  to   space 21824K,   0% used [0x00000000e6ab0000, 0x00000000e6ab0000, 0x00000000e8000000)
 concurrent mark-sweep generation total 393216K, used 86041K [0x00000000e8000000, 0x0000000100000000, 0x0000000100000000)
 Metaspace       used 28902K, capacity 29222K, committed 29460K, reserved 1075200K
  class space    used 3435K, capacity 3579K, committed 3608K, reserved 1048576K
}
2015-09-09T11:08:25.655+0200: 68.407: Total time for which application threads were stopped: 0.0103631 seconds, Stopping threads took: 0.0000134 seconds
{Heap before GC invocations=26 (full 1):
 par new generation   total 109248K, used 109248K [0x00000000e0000000, 0x00000000e8000000, 0x00000000e8000000)
  eden space 87424K, 100% used [0x00000000e0000000, 0x00000000e5560000, 0x00000000e5560000)
  from space 21824K, 100% used [0x00000000e5560000, 0x00000000e6ab0000, 0x00000000e6ab0000)
  to   space 21824K,   0% used [0x00000000e6ab0000, 0x00000000e6ab0000, 0x00000000e8000000)
 concurrent mark-sweep generation total 393216K, used 86041K [0x00000000e8000000, 0x0000000100000000, 0x0000000100000000)
 Metaspace       used 28902K, capacity 29222K, committed 29460K, reserved 1075200K
  class space    used 3435K, capacity 3579K, committed 3608K, reserved 1048576K
2015-09-09T11:08:25.966+0200: 68.718: [GC (Allocation Failure) 68.718: [ParNew
Desired survivor size 20112992 bytes, new threshold 8 (max 8)
- age   1:    2731216 bytes,    2731216 total
- age   2:    5155824 bytes,    7887040 total
- age   3:    4009248 bytes,   11896288 total
- age   4:    1295176 bytes,   13191464 total
- age   5:    1772016 bytes,   14963480 total
- age   6:    1901136 bytes,   16864616 total
- age   7:    1115056 bytes,   17979672 total
- age   8:     938160 bytes,   18917832 total
: 109248K->21824K(109248K), 0.0106162 secs] 195289K->116247K(502464K), 0.0106623 secs] [Times: user=0.06 sys=0.00, real=0.01 secs] 
Heap after GC invocations=27 (full 1):
 par new generation   total 109248K, used 21824K [0x00000000e0000000, 0x00000000e8000000, 0x00000000e8000000)
  eden space 87424K,   0% used [0x00000000e0000000, 0x00000000e0000000, 0x00000000e5560000)
  from space 21824K, 100% used [0x00000000e6ab0000, 0x00000000e8000000, 0x00000000e8000000)
  to   space 21824K,   0% used [0x00000000e5560000, 0x00000000e5560000, 0x00000000e6ab0000)
 concurrent mark-sweep generation total 393216K, used 94423K [0x00000000e8000000, 0x0000000100000000, 0x0000000100000000)
 Metaspace       used 28902K, capacity 29222K, committed 29460K, reserved 1075200K
  class space    used 3435K, capacity 3579K, committed 3608K, reserved 1048576K
}
2015-09-09T11:08:25.977+0200: 68.729: Total time for which application threads were stopped: 0.0107881 seconds, Stopping threads took: 0.0000131 seconds
{Heap before GC invocations=27 (full 1):
 par new generation   total 109248K, used 109248K [0x00000000e0000000, 0x00000000e8000000, 0x00000000e8000000)
  eden space 87424K, 100% used [0x00000000e0000000, 0x00000000e5560000, 0x00000000e5560000)
  from space 21824K, 100% used [0x00000000e6ab0000, 0x00000000e8000000, 0x00000000e8000000)
  to   space 21824K,   0% used [0x00000000e5560000, 0x00000000e5560000, 0x00000000e6ab0000)
 concurrent mark-sweep generation total 393216K, used 94423K [0x00000000e8000000, 0x0000000100000000, 0x0000000100000000)
 Metaspace       used 28902K, capacity 29222K, committed 29460K, reserved 1075200K
  class space    used 3435K, capacity 3579K, committed 3608K, reserved 1048576K
2015-09-09T11:08:26.243+0200: 68.995: [GC (Allocation Failure) 68.995: [ParNew
Desired survivor size 20112992 bytes, new threshold 8 (max 8)
- age   1:    3865232 bytes,    3865232 total
- age   2:    2204568 bytes,    6069800 total
- age   3:    5155128 bytes,   11224928 total
- age   4:    2742144 bytes,   13967072 total
- age   5:    1295176 bytes,   15262248 total
- age   6:    1772040 bytes,   17034288 total
- age   7:    1901136 bytes,   18935424 total
- age   8:    1115056 bytes,   20050480 total
: 109248K->21824K(109248K), 0.0110050 secs] 203671K->124867K(502464K), 0.0110479 secs] [Times: user=0.00 sys=0.00, real=0.01 secs] 
Heap after GC invocations=28 (full 1):
 par new generation   total 109248K, used 21824K [0x00000000e0000000, 0x00000000e8000000, 0x00000000e8000000)
  eden space 87424K,   0% used [0x00000000e0000000, 0x00000000e0000000, 0x00000000e5560000)
  from space 21824K, 100% used [0x00000000e5560000, 0x00000000e6ab0000, 0x00000000e6ab0000)
  to   space 21824K,   0% used [0x00000000e6ab0000, 0x00000000e6ab0000, 0x00000000e8000000)
 concurrent mark-sweep generation total 393216K, used 103043K [0x00000000e8000000, 0x0000000100000000, 0x0000000100000000)
 Metaspace       used 28902K, capacity 29222K, committed 29460K, reserved 1075200K
  class space    used 3435K, capacity 3579K, committed 3608K, reserved 1048576K
}
2015-09-09T11:08:26.254+0200: 69.006: Total time for which application threads were stopped: 0.0111769 seconds, Stopping threads took: 0.0000141 seconds
{Heap before GC invocations=28 (full 1):
 par new generation   total 109248K, used 109248K [0x00000000e0000000, 0x00000000e8000000, 0x00000000e8000000)
  eden space 87424K, 100% used [0x00000000e0000000, 0x00000000e5560000, 0x00000000e5560000)
  from space 21824K, 100% used [0x00000000e5560000, 0x00000000e6ab0000, 0x00000000e6ab0000)
  to   space 21824K,   0% used [0x00000000e6ab0000, 0x00000000e6ab0000, 0x00000000e8000000)
 concurrent mark-sweep generation total 393216K, used 103043K [0x00000000e8000000, 0x0000000100000000, 0x0000000100000000)
 Metaspace       used 28902K, capacity 29222K, committed 29460K, reserved 1075200K
  class space    used 3435K, capacity 3579K, committed 3608K, reserved 1048576K
2015-09-09T11:08:26.531+0200: 69.283: [GC (Allocation Failure) 69.283: [ParNew
Desired survivor size 20112992 bytes, new threshold 8 (max 8)
- age   1:    5591640 bytes,    5591640 total
- age   2:    3726032 bytes,    9317672 total
- age   3:    2153104 bytes,   11470776 total
- age   4:    1359840 bytes,   12830616 total
- age   5:    2726712 bytes,   15557328 total
- age   6:    1277472 bytes,   16834800 total
- age   7:    1753592 bytes,   18588392 total
- age   8:    1887736 bytes,   20476128 total
: 109248K->21824K(109248K), 0.0103964 secs] 212291K->127443K(502464K), 0.0104425 secs] [Times: user=0.05 sys=0.02, real=0.01 secs] 
Heap after GC invocations=29 (full 1):
 par new generation   total 109248K, used 21824K [0x00000000e0000000, 0x00000000e8000000, 0x00000000e8000000)
  eden space 87424K,   0% used [0x00000000e0000000, 0x00000000e0000000, 0x00000000e5560000)
  from space 21824K, 100% used [0x00000000e6ab0000, 0x00000000e8000000, 0x00000000e8000000)
  to   space 21824K,   0% used [0x00000000e5560000, 0x00000000e5560000, 0x00000000e6ab0000)
 concurrent mark-sweep generation total 393216K, used 105619K [0x00000000e8000000, 0x0000000100000000, 0x0000000100000000)
 Metaspace       used 28902K, capacity 29222K, committed 29460K, reserved 1075200K
  class space    used 3435K, capacity 3579K, committed 3608K, reserved 1048576K
}
2015-09-09T11:08:26.541+0200: 69.293: Total time for which application threads were stopped: 0.0105762 seconds, Stopping threads took: 0.0000141 seconds
{Heap before GC invocations=29 (full 1):
 par new generation   total 109248K, used 109248K [0x00000000e0000000, 0x00000000e8000000, 0x00000000e8000000)
  eden space 87424K, 100% used [0x00000000e0000000, 0x00000000e5560000, 0x00000000e5560000)
  from space 21824K, 100% used [0x00000000e6ab0000, 0x00000000e8000000, 0x00000000e8000000)
  to   space 21824K,   0% used [0x00000000e5560000, 0x00000000e5560000, 0x00000000e6ab0000)
 concurrent mark-sweep generation total 393216K, used 105619K [0x00000000e8000000, 0x0000000100000000, 0x0000000100000000)
 Metaspace       used 28904K, capacity 29222K, committed 29460K, reserved 1075200K
  class space    used 3435K, capacity 3579K, committed 3608K, reserved 1048576K
2015-09-09T11:08:26.833+0200: 69.585: [GC (Allocation Failure) 69.585: [ParNew
Desired survivor size 20112992 bytes, new threshold 8 (max 8)
- age   1:    3050792 bytes,    3050792 total
- age   2:    5534888 bytes,    8585680 total
- age   3:    3695336 bytes,   12281016 total
- age   4:    1254880 bytes,   13535896 total
- age   5:    1327864 bytes,   14863760 total
- age   6:    2704936 bytes,   17568696 total
- age   7:    1252624 bytes,   18821320 total
- age   8:    1725392 bytes,   20546712 total
: 109248K->21824K(109248K), 0.0106188 secs] 214867K->130120K(502464K), 0.0106620 secs] [Times: user=0.00 sys=0.00, real=0.01 secs] 
Heap after GC invocations=30 (full 1):
 par new generation   total 109248K, used 21824K [0x00000000e0000000, 0x00000000e8000000, 0x00000000e8000000)
  eden space 87424K,   0% used [0x00000000e0000000, 0x00000000e0000000, 0x00000000e5560000)
  from space 21824K, 100% used [0x00000000e5560000, 0x00000000e6ab0000, 0x00000000e6ab0000)
  to   space 21824K,   0% used [0x00000000e6ab0000, 0x00000000e6ab0000, 0x00000000e8000000)
 concurrent mark-sweep generation total 393216K, used 108296K [0x00000000e8000000, 0x0000000100000000, 0x0000000100000000)
 Metaspace       used 28904K, capacity 29222K, committed 29460K, reserved 1075200K
  class space    used 3435K, capacity 3579K, committed 3608K, reserved 1048576K
}
2015-09-09T11:08:26.844+0200: 69.596: Total time for which application threads were stopped: 0.0108034 seconds, Stopping threads took: 0.0000256 seconds
{Heap before GC invocations=30 (full 1):
 par new generation   total 109248K, used 108879K [0x00000000e0000000, 0x00000000e8000000, 0x00000000e8000000)
  eden space 87424K,  99% used [0x00000000e0000000, 0x00000000e5503e90, 0x00000000e5560000)
  from space 21824K, 100% used [0x00000000e5560000, 0x00000000e6ab0000, 0x00000000e6ab0000)
  to   space 21824K,   0% used [0x00000000e6ab0000, 0x00000000e6ab0000, 0x00000000e8000000)
 concurrent mark-sweep generation total 393216K, used 108296K [0x00000000e8000000, 0x0000000100000000, 0x0000000100000000)
 Metaspace       used 28904K, capacity 29222K, committed 29460K, reserved 1075200K
  class space    used 3435K, capacity 3579K, committed 3608K, reserved 1048576K
2015-09-09T11:08:27.115+0200: 69.867: [GC (Allocation Failure) 69.867: [ParNew
Desired survivor size 20112992 bytes, new threshold 7 (max 8)
- age   1:    4918064 bytes,    4918064 total
- age   2:    2694488 bytes,    7612552 total
- age   3:    5320208 bytes,   12932760 total
- age   4:    3380152 bytes,   16312912 total
- age   5:    1181128 bytes,   17494040 total
- age   6:    1261320 bytes,   18755360 total
- age   7:    2126504 bytes,   20881864 total
- age   8:    1193240 bytes,   22075104 total
: 108879K->21824K(109248K), 0.0118364 secs] 217176K->142434K(502464K), 0.0118824 secs] [Times: user=0.00 sys=0.00, real=0.01 secs] 
Heap after GC invocations=31 (full 1):
 par new generation   total 109248K, used 21824K [0x00000000e0000000, 0x00000000e8000000, 0x00000000e8000000)
  eden space 87424K,   0% used [0x00000000e0000000, 0x00000000e0000000, 0x00000000e5560000)
  from space 21824K, 100% used [0x00000000e6ab0000, 0x00000000e8000000, 0x00000000e8000000)
  to   space 21824K,   0% used [0x00000000e5560000, 0x00000000e5560000, 0x00000000e6ab0000)
 concurrent mark-sweep generation total 393216K, used 120610K [0x00000000e8000000, 0x0000000100000000, 0x0000000100000000)
 Metaspace       used 28904K, capacity 29222K, committed 29460K, reserved 1075200K
  class space    used 3435K, capacity 3579K, committed 3608K, reserved 1048576K
}
2015-09-09T11:08:27.127+0200: 69.879: Total time for which application threads were stopped: 0.0120232 seconds, Stopping threads took: 0.0000144 seconds
{Heap before GC invocations=31 (full 1):
 par new generation   total 109248K, used 109248K [0x00000000e0000000, 0x00000000e8000000, 0x00000000e8000000)
  eden space 87424K, 100% used [0x00000000e0000000, 0x00000000e5560000, 0x00000000e5560000)
  from space 21824K, 100% used [0x00000000e6ab0000, 0x00000000e8000000, 0x00000000e8000000)
  to   space 21824K,   0% used [0x00000000e5560000, 0x00000000e5560000, 0x00000000e6ab0000)
 concurrent mark-sweep generation total 393216K, used 120610K [0x00000000e8000000, 0x0000000100000000, 0x0000000100000000)
 Metaspace       used 28908K, capacity 29222K, committed 29460K, reserved 1075200K
  class space    used 3435K, capacity 3579K, committed 3608K, reserved 1048576K
2015-09-09T11:08:27.415+0200: 70.167: [GC (Allocation Failure) 70.167: [ParNew
Desired survivor size 20112992 bytes, new threshold 8 (max 8)
- age   1:    5890000 bytes,    5890000 total
- age   2:    4666344 bytes,   10556344 total
- age   3:    2080696 bytes,   12637040 total
- age   4:    1065464 bytes,   13702504 total
- age   5:    3364872 bytes,   17067376 total
- age   6:    1166376 bytes,   18233752 total
- age   7:    1246368 bytes,   19480120 total
: 109248K->21824K(109248K), 0.0104962 secs] 229858K->148730K(502464K), 0.0105433 secs] [Times: user=0.00 sys=0.00, real=0.01 secs] 
Heap after GC invocations=32 (full 1):
 par new generation   total 109248K, used 21824K [0x00000000e0000000, 0x00000000e8000000, 0x00000000e8000000)
  eden space 87424K,   0% used [0x00000000e0000000, 0x00000000e0000000, 0x00000000e5560000)
  from space 21824K, 100% used [0x00000000e5560000, 0x00000000e6ab0000, 0x00000000e6ab0000)
  to   space 21824K,   0% used [0x00000000e6ab0000, 0x00000000e6ab0000, 0x00000000e8000000)
 concurrent mark-sweep generation total 393216K, used 126906K [0x00000000e8000000, 0x0000000100000000, 0x0000000100000000)
 Metaspace       used 28908K, capacity 29222K, committed 29460K, reserved 1075200K
  class space    used 3435K, capacity 3579K, committed 3608K, reserved 1048576K
}
2015-09-09T11:08:27.425+0200: 70.177: Total time for which application threads were stopped: 0.0106741 seconds, Stopping threads took: 0.0000128 seconds
{Heap before GC invocations=32 (full 1):
 par new generation   total 109248K, used 109248K [0x00000000e0000000, 0x00000000e8000000, 0x00000000e8000000)
  eden space 87424K, 100% used [0x00000000e0000000, 0x00000000e5560000, 0x00000000e5560000)
  from space 21824K, 100% used [0x00000000e5560000, 0x00000000e6ab0000, 0x00000000e6ab0000)
  to   space 21824K,   0% used [0x00000000e6ab0000, 0x00000000e6ab0000, 0x00000000e8000000)
 concurrent mark-sweep generation total 393216K, used 126906K [0x00000000e8000000, 0x0000000100000000, 0x0000000100000000)
 Metaspace       used 28910K, capacity 29222K, committed 29460K, reserved 1075200K
  class space    used 3435K, capacity 3579K, committed 3608K, reserved 1048576K
2015-09-09T11:08:27.717+0200: 70.469: [GC (Allocation Failure) 70.469: [ParNew
Desired survivor size 20112992 bytes, new threshold 8 (max 8)
- age   1:    2004080 bytes,    2004080 total
- age   2:    5850552 bytes,    7854632 total
- age   3:    3610376 bytes,   11465008 total
- age   4:    2018072 bytes,   13483080 total
- age   5:    1052616 bytes,   14535696 total
- age   6:    3352312 bytes,   17888008 total
- age   7:    1156888 bytes,   19044896 total
- age   8:    1214880 bytes,   20259776 total
: 109248K->21824K(109248K), 0.0097573 secs] 236154K->150709K(502464K), 0.0098037 secs] [Times: user=0.06 sys=0.00, real=0.01 secs] 
Heap after GC invocations=33 (full 1):
 par new generation   total 109248K, used 21824K [0x00000000e0000000, 0x00000000e8000000, 0x00000000e8000000)
  eden space 87424K,   0% used [0x00000000e0000000, 0x00000000e0000000, 0x00000000e5560000)
  from space 21824K, 100% used [0x00000000e6ab0000, 0x00000000e8000000, 0x00000000e8000000)
  to   space 21824K,   0% used [0x00000000e5560000, 0x00000000e5560000, 0x00000000e6ab0000)
 concurrent mark-sweep generation total 393216K, used 128885K [0x00000000e8000000, 0x0000000100000000, 0x0000000100000000)
 Metaspace       used 28910K, capacity 29222K, committed 29460K, reserved 1075200K
  class space    used 3435K, capacity 3579K, committed 3608K, reserved 1048576K
}
2015-09-09T11:08:27.727+0200: 70.479: Total time for which application threads were stopped: 0.0099372 seconds, Stopping threads took: 0.0000138 seconds
{Heap before GC invocations=33 (full 1):
 par new generation   total 109248K, used 109248K [0x00000000e0000000, 0x00000000e8000000, 0x00000000e8000000)
  eden space 87424K, 100% used [0x00000000e0000000, 0x00000000e5560000, 0x00000000e5560000)
  from space 21824K, 100% used [0x00000000e6ab0000, 0x00000000e8000000, 0x00000000e8000000)
  to   space 21824K,   0% used [0x00000000e5560000, 0x00000000e5560000, 0x00000000e6ab0000)
 concurrent mark-sweep generation total 393216K, used 128885K [0x00000000e8000000, 0x0000000100000000, 0x0000000100000000)
 Metaspace       used 28912K, capacity 29222K, committed 29460K, reserved 1075200K
  class space    used 3435K, capacity 3579K, committed 3608K, reserved 1048576K
2015-09-09T11:08:28.017+0200: 70.770: [GC (Allocation Failure) 70.770: [ParNew
Desired survivor size 20112992 bytes, new threshold 8 (max 8)
- age   1:    2373488 bytes,    2373488 total
- age   2:    1629936 bytes,    4003424 total
- age   3:    5808352 bytes,    9811776 total
- age   4:    3607208 bytes,   13418984 total
- age   5:    1056208 bytes,   14475192 total
- age   6:    1016040 bytes,   15491232 total
- age   7:    2890216 bytes,   18381448 total
- age   8:    1153416 bytes,   19534864 total
: 109248K->21824K(109248K), 0.0103513 secs] 238133K->154101K(502464K), 0.0104185 secs] [Times: user=0.01 sys=0.00, real=0.01 secs] 
Heap after GC invocations=34 (full 1):
 par new generation   total 109248K, used 21824K [0x00000000e0000000, 0x00000000e8000000, 0x00000000e8000000)
  eden space 87424K,   0% used [0x00000000e0000000, 0x00000000e0000000, 0x00000000e5560000)
  from space 21824K, 100% used [0x00000000e5560000, 0x00000000e6ab0000, 0x00000000e6ab0000)
  to   space 21824K,   0% used [0x00000000e6ab0000, 0x00000000e6ab0000, 0x00000000e8000000)
 concurrent mark-sweep generation total 393216K, used 132277K [0x00000000e8000000, 0x0000000100000000, 0x0000000100000000)
 Metaspace       used 28912K, capacity 29222K, committed 29460K, reserved 1075200K
  class space    used 3435K, capacity 3579K, committed 3608K, reserved 1048576K
}
2015-09-09T11:08:28.028+0200: 70.780: Total time for which application threads were stopped: 0.0105669 seconds, Stopping threads took: 0.0000138 seconds
{Heap before GC invocations=34 (full 1):
 par new generation   total 109248K, used 109248K [0x00000000e0000000, 0x00000000e8000000, 0x00000000e8000000)
  eden space 87424K, 100% used [0x00000000e0000000, 0x00000000e5560000, 0x00000000e5560000)
  from space 21824K, 100% used [0x00000000e5560000, 0x00000000e6ab0000, 0x00000000e6ab0000)
  to   space 21824K,   0% used [0x00000000e6ab0000, 0x00000000e6ab0000, 0x00000000e8000000)
 concurrent mark-sweep generation total 393216K, used 132277K [0x00000000e8000000, 0x0000000100000000, 0x0000000100000000)
 Metaspace       used 28912K, capacity 29222K, committed 29460K, reserved 1075200K
  class space    used 3435K, capacity 3579K, committed 3608K, reserved 1048576K
2015-09-09T11:08:28.272+0200: 71.024: [GC (Allocation Failure) 71.024: [ParNew
Desired survivor size 20112992 bytes, new threshold 8 (max 8)
- age   1:    8965280 bytes,    8965280 total
- age   2:    2297176 bytes,   11262456 total
- age   3:    1550480 bytes,   12812936 total
- age   4:    1265328 bytes,   14078264 total
- age   5:    3333520 bytes,   17411784 total
- age   6:    1000992 bytes,   18412776 total
- age   7:     968384 bytes,   19381160 total
- age   8:    2841200 bytes,   22222360 total
: 109248K->21824K(109248K), 0.0137797 secs] 241525K->164824K(502464K), 0.0138239 secs] [Times: user=0.06 sys=0.00, real=0.01 secs] 
Heap after GC invocations=35 (full 1):
 par new generation   total 109248K, used 21824K [0x00000000e0000000, 0x00000000e8000000, 0x00000000e8000000)
  eden space 87424K,   0% used [0x00000000e0000000, 0x00000000e0000000, 0x00000000e5560000)
  from space 21824K, 100% used [0x00000000e6ab0000, 0x00000000e8000000, 0x00000000e8000000)
  to   space 21824K,   0% used [0x00000000e5560000, 0x00000000e5560000, 0x00000000e6ab0000)
 concurrent mark-sweep generation total 393216K, used 143000K [0x00000000e8000000, 0x0000000100000000, 0x0000000100000000)
 Metaspace       used 28912K, capacity 29222K, committed 29460K, reserved 1075200K
  class space    used 3435K, capacity 3579K, committed 3608K, reserved 1048576K
}
2015-09-09T11:08:28.286+0200: 71.038: Total time for which application threads were stopped: 0.0139551 seconds, Stopping threads took: 0.0000138 seconds
{Heap before GC invocations=35 (full 1):
 par new generation   total 109248K, used 109248K [0x00000000e0000000, 0x00000000e8000000, 0x00000000e8000000)
  eden space 87424K, 100% used [0x00000000e0000000, 0x00000000e5560000, 0x00000000e5560000)
  from space 21824K, 100% used [0x00000000e6ab0000, 0x00000000e8000000, 0x00000000e8000000)
  to   space 21824K,   0% used [0x00000000e5560000, 0x00000000e5560000, 0x00000000e6ab0000)
 concurrent mark-sweep generation total 393216K, used 143000K [0x00000000e8000000, 0x0000000100000000, 0x0000000100000000)
 Metaspace       used 28912K, capacity 29222K, committed 29460K, reserved 1075200K
  class space    used 3435K, capacity 3579K, committed 3608K, reserved 1048576K
2015-09-09T11:08:28.578+0200: 71.330: [GC (Allocation Failure) 71.330: [ParNew
Desired survivor size 20112992 bytes, new threshold 8 (max 8)
- age   1:    1683536 bytes,    1683536 total
- age   2:    8121560 bytes,    9805096 total
- age   3:    2295592 bytes,   12100688 total
- age   4:    1380760 bytes,   13481448 total
- age   5:    1263984 bytes,   14745432 total
- age   6:    3332408 bytes,   18077840 total
- age   7:     999352 bytes,   19077192 total
- age   8:     966568 bytes,   20043760 total
: 109248K->21824K(109248K), 0.0101954 secs] 252248K->169611K(502464K), 0.0102425 secs] [Times: user=0.06 sys=0.00, real=0.01 secs] 
Heap after GC invocations=36 (full 1):
 par new generation   total 109248K, used 21824K [0x00000000e0000000, 0x00000000e8000000, 0x00000000e8000000)
  eden space 87424K,   0% used [0x00000000e0000000, 0x00000000e0000000, 0x00000000e5560000)
  from space 21824K, 100% used [0x00000000e5560000, 0x00000000e6ab0000, 0x00000000e6ab0000)
  to   space 21824K,   0% used [0x00000000e6ab0000, 0x00000000e6ab0000, 0x00000000e8000000)
 concurrent mark-sweep generation total 393216K, used 147787K [0x00000000e8000000, 0x0000000100000000, 0x0000000100000000)
 Metaspace       used 28912K, capacity 29222K, committed 29460K, reserved 1075200K
  class space    used 3435K, capacity 3579K, committed 3608K, reserved 1048576K
}
2015-09-09T11:08:28.588+0200: 71.340: Total time for which application threads were stopped: 0.0103765 seconds, Stopping threads took: 0.0000144 seconds
{Heap before GC invocations=36 (full 1):
 par new generation   total 109248K, used 109248K [0x00000000e0000000, 0x00000000e8000000, 0x00000000e8000000)
  eden space 87424K, 100% used [0x00000000e0000000, 0x00000000e5560000, 0x00000000e5560000)
  from space 21824K, 100% used [0x00000000e5560000, 0x00000000e6ab0000, 0x00000000e6ab0000)
  to   space 21824K,   0% used [0x00000000e6ab0000, 0x00000000e6ab0000, 0x00000000e8000000)
 concurrent mark-sweep generation total 393216K, used 147787K [0x00000000e8000000, 0x0000000100000000, 0x0000000100000000)
 Metaspace       used 28912K, capacity 29222K, committed 29460K, reserved 1075200K
  class space    used 3435K, capacity 3579K, committed 3608K, reserved 1048576K
2015-09-09T11:08:28.878+0200: 71.631: [GC (Allocation Failure) 71.631: [ParNew
Desired survivor size 20112992 bytes, new threshold 8 (max 8)
- age   1:    2055192 bytes,    2055192 total
- age   2:    1670352 bytes,    3725544 total
- age   3:    8102832 bytes,   11828376 total
- age   4:    2280184 bytes,   14108560 total
- age   5:    1365144 bytes,   15473704 total
- age   6:    1252816 bytes,   16726520 total
- age   7:    3322072 bytes,   20048592 total
- age   8:     988808 bytes,   21037400 total
: 109248K->21824K(109248K), 0.0102009 secs] 257035K->171194K(502464K), 0.0102485 secs] [Times: user=0.00 sys=0.00, real=0.01 secs] 
Heap after GC invocations=37 (full 1):
 par new generation   total 109248K, used 21824K [0x00000000e0000000, 0x00000000e8000000, 0x00000000e8000000)
  eden space 87424K,   0% used [0x00000000e0000000, 0x00000000e0000000, 0x00000000e5560000)
  from space 21824K, 100% used [0x00000000e6ab0000, 0x00000000e8000000, 0x00000000e8000000)
  to   space 21824K,   0% used [0x00000000e5560000, 0x00000000e5560000, 0x00000000e6ab0000)
 concurrent mark-sweep generation total 393216K, used 149370K [0x00000000e8000000, 0x0000000100000000, 0x0000000100000000)
 Metaspace       used 28912K, capacity 29222K, committed 29460K, reserved 1075200K
  class space    used 3435K, capacity 3579K, committed 3608K, reserved 1048576K
}
2015-09-09T11:08:28.889+0200: 71.641: Total time for which application threads were stopped: 0.0103785 seconds, Stopping threads took: 0.0000138 seconds
{Heap before GC invocations=37 (full 1):
 par new generation   total 109248K, used 109248K [0x00000000e0000000, 0x00000000e8000000, 0x00000000e8000000)
  eden space 87424K, 100% used [0x00000000e0000000, 0x00000000e5560000, 0x00000000e5560000)
  from space 21824K, 100% used [0x00000000e6ab0000, 0x00000000e8000000, 0x00000000e8000000)
  to   space 21824K,   0% used [0x00000000e5560000, 0x00000000e5560000, 0x00000000e6ab0000)
 concurrent mark-sweep generation total 393216K, used 149370K [0x00000000e8000000, 0x0000000100000000, 0x0000000100000000)
 Metaspace       used 28912K, capacity 29222K, committed 29460K, reserved 1075200K
  class space    used 3435K, capacity 3579K, committed 3608K, reserved 1048576K
2015-09-09T11:08:29.165+0200: 71.917: [GC (Allocation Failure) 71.917: [ParNew
Desired survivor size 20112992 bytes, new threshold 8 (max 8)
- age   1:    6997688 bytes,    6997688 total
- age   2:    1588280 bytes,    8585968 total
- age   3:    1531800 bytes,   10117768 total
- age   4:    3039824 bytes,   13157592 total
- age   5:    2276480 bytes,   15434072 total
- age   6:    1360152 bytes,   16794224 total
- age   7:    1249656 bytes,   18043880 total
- age   8:    3318680 bytes,   21362560 total
: 109248K->21824K(109248K), 0.0105605 secs] 258618K->173979K(502464K), 0.0106066 secs] [Times: user=0.06 sys=0.00, real=0.01 secs] 
Heap after GC invocations=38 (full 1):
 par new generation   total 109248K, used 21824K [0x00000000e0000000, 0x00000000e8000000, 0x00000000e8000000)
  eden space 87424K,   0% used [0x00000000e0000000, 0x00000000e0000000, 0x00000000e5560000)
  from space 21824K, 100% used [0x00000000e5560000, 0x00000000e6ab0000, 0x00000000e6ab0000)
  to   space 21824K,   0% used [0x00000000e6ab0000, 0x00000000e6ab0000, 0x00000000e8000000)
 concurrent mark-sweep generation total 393216K, used 152155K [0x00000000e8000000, 0x0000000100000000, 0x0000000100000000)
 Metaspace       used 28912K, capacity 29222K, committed 29460K, reserved 1075200K
  class space    used 3435K, capacity 3579K, committed 3608K, reserved 1048576K
}
2015-09-09T11:08:29.175+0200: 71.928: Total time for which application threads were stopped: 0.0107436 seconds, Stopping threads took: 0.0000141 seconds
{Heap before GC invocations=38 (full 1):
 par new generation   total 109248K, used 109248K [0x00000000e0000000, 0x00000000e8000000, 0x00000000e8000000)
  eden space 87424K, 100% used [0x00000000e0000000, 0x00000000e5560000, 0x00000000e5560000)
  from space 21824K, 100% used [0x00000000e5560000, 0x00000000e6ab0000, 0x00000000e6ab0000)
  to   space 21824K,   0% used [0x00000000e6ab0000, 0x00000000e6ab0000, 0x00000000e8000000)
 concurrent mark-sweep generation total 393216K, used 152155K [0x00000000e8000000, 0x0000000100000000, 0x0000000100000000)
 Metaspace       used 28912K, capacity 29222K, committed 29460K, reserved 1075200K
  class space    used 3435K, capacity 3579K, committed 3608K, reserved 1048576K
2015-09-09T11:08:29.465+0200: 72.218: [GC (Allocation Failure) 72.218: [ParNew
Desired survivor size 20112992 bytes, new threshold 8 (max 8)
- age   1:    2751424 bytes,    2751424 total
- age   2:    6894424 bytes,    9645848 total
- age   3:    1287040 bytes,   10932888 total
- age   4:    1493136 bytes,   12426024 total
- age   5:    2749848 bytes,   15175872 total
- age   6:    1344792 bytes,   16520664 total
- age   7:    1358120 bytes,   17878784 total
- age   8:    1247264 bytes,   19126048 total
: 109248K->21824K(109248K), 0.0108191 secs] 261403K->178861K(502464K), 0.0108661 secs] [Times: user=0.06 sys=0.00, real=0.01 secs] 
Heap after GC invocations=39 (full 1):
 par new generation   total 109248K, used 21824K [0x00000000e0000000, 0x00000000e8000000, 0x00000000e8000000)
  eden space 87424K,   0% used [0x00000000e0000000, 0x00000000e0000000, 0x00000000e5560000)
  from space 21824K, 100% used [0x00000000e6ab0000, 0x00000000e8000000, 0x00000000e8000000)
  to   space 21824K,   0% used [0x00000000e5560000, 0x00000000e5560000, 0x00000000e6ab0000)
 concurrent mark-sweep generation total 393216K, used 157037K [0x00000000e8000000, 0x0000000100000000, 0x0000000100000000)
 Metaspace       used 28912K, capacity 29222K, committed 29460K, reserved 1075200K
  class space    used 3435K, capacity 3579K, committed 3608K, reserved 1048576K
}
2015-09-09T11:08:29.476+0200: 72.229: Total time for which application threads were stopped: 0.0109993 seconds, Stopping threads took: 0.0000138 seconds
2015-09-09T11:08:29.632+0200: 72.384: Total time for which application threads were stopped: 0.0000525 seconds, Stopping threads took: 0.0000131 seconds
2015-09-09T11:08:30.625+0200: 73.377: Total time for which application threads were stopped: 0.0004387 seconds, Stopping threads took: 0.0000131 seconds
{Heap before GC invocations=39 (full 1):
 par new generation   total 109248K, used 109248K [0x00000000e0000000, 0x00000000e8000000, 0x00000000e8000000)
  eden space 87424K, 100% used [0x00000000e0000000, 0x00000000e5560000, 0x00000000e5560000)
  from space 21824K, 100% used [0x00000000e6ab0000, 0x00000000e8000000, 0x00000000e8000000)
  to   space 21824K,   0% used [0x00000000e5560000, 0x00000000e5560000, 0x00000000e6ab0000)
 concurrent mark-sweep generation total 393216K, used 157037K [0x00000000e8000000, 0x0000000100000000, 0x0000000100000000)
 Metaspace       used 29324K, capacity 29638K, committed 30100K, reserved 1075200K
  class space    used 3469K, capacity 3611K, committed 3736K, reserved 1048576K
2015-09-09T11:08:30.918+0200: 73.671: [GC (Allocation Failure) 73.671: [ParNew
Desired survivor size 20112992 bytes, new threshold 8 (max 8)
- age   1:    2412792 bytes,    2412792 total
- age   2:    2146776 bytes,    4559568 total
- age   3:    6416184 bytes,   10975752 total
- age   4:     799400 bytes,   11775152 total
- age   5:    1419096 bytes,   13194248 total
- age   6:    2510208 bytes,   15704456 total
- age   7:    1192288 bytes,   16896744 total
- age   8:    1264472 bytes,   18161216 total
: 109248K->21824K(109248K), 0.0158501 secs] 266285K->196056K(502464K), 0.0159010 secs] [Times: user=0.06 sys=0.00, real=0.02 secs] 
Heap after GC invocations=40 (full 1):
 par new generation   total 109248K, used 21824K [0x00000000e0000000, 0x00000000e8000000, 0x00000000e8000000)
  eden space 87424K,   0% used [0x00000000e0000000, 0x00000000e0000000, 0x00000000e5560000)
  from space 21824K, 100% used [0x00000000e5560000, 0x00000000e6ab0000, 0x00000000e6ab0000)
  to   space 21824K,   0% used [0x00000000e6ab0000, 0x00000000e6ab0000, 0x00000000e8000000)
 concurrent mark-sweep generation total 393216K, used 174232K [0x00000000e8000000, 0x0000000100000000, 0x0000000100000000)
 Metaspace       used 29324K, capacity 29638K, committed 30100K, reserved 1075200K
  class space    used 3469K, capacity 3611K, committed 3736K, reserved 1048576K
}
2015-09-09T11:08:30.934+0200: 73.687: Total time for which application threads were stopped: 0.0161157 seconds, Stopping threads took: 0.0000166 seconds
{Heap before GC invocations=40 (full 1):
 par new generation   total 109248K, used 109248K [0x00000000e0000000, 0x00000000e8000000, 0x00000000e8000000)
  eden space 87424K, 100% used [0x00000000e0000000, 0x00000000e5560000, 0x00000000e5560000)
  from space 21824K, 100% used [0x00000000e5560000, 0x00000000e6ab0000, 0x00000000e6ab0000)
  to   space 21824K,   0% used [0x00000000e6ab0000, 0x00000000e6ab0000, 0x00000000e8000000)
 concurrent mark-sweep generation total 393216K, used 174232K [0x00000000e8000000, 0x0000000100000000, 0x0000000100000000)
 Metaspace       used 29336K, capacity 29638K, committed 30100K, reserved 1075200K
  class space    used 3469K, capacity 3611K, committed 3736K, reserved 1048576K
2015-09-09T11:08:31.114+0200: 73.866: [GC (Allocation Failure) 73.866: [ParNew
Desired survivor size 20112992 bytes, new threshold 8 (max 8)
- age   1:     100728 bytes,     100728 total
- age   2:    2314256 bytes,    2414984 total
- age   3:    2146776 bytes,    4561760 total
- age   4:    6416184 bytes,   10977944 total
- age   5:     799400 bytes,   11777344 total
- age   6:    1419096 bytes,   13196440 total
- age   7:    2510232 bytes,   15706672 total
- age   8:    1192288 bytes,   16898960 total
: 109248K->21824K(109248K), 0.0102431 secs] 283480K->197314K(502464K), 0.0102946 secs] [Times: user=0.06 sys=0.00, real=0.01 secs] 
Heap after GC invocations=41 (full 1):
 par new generation   total 109248K, used 21824K [0x00000000e0000000, 0x00000000e8000000, 0x00000000e8000000)
  eden space 87424K,   0% used [0x00000000e0000000, 0x00000000e0000000, 0x00000000e5560000)
  from space 21824K, 100% used [0x00000000e6ab0000, 0x00000000e8000000, 0x00000000e8000000)
  to   space 21824K,   0% used [0x00000000e5560000, 0x00000000e5560000, 0x00000000e6ab0000)
 concurrent mark-sweep generation total 393216K, used 175490K [0x00000000e8000000, 0x0000000100000000, 0x0000000100000000)
 Metaspace       used 29336K, capacity 29638K, committed 30100K, reserved 1075200K
  class space    used 3469K, capacity 3611K, committed 3736K, reserved 1048576K
}
2015-09-09T11:08:31.124+0200: 73.877: Total time for which application threads were stopped: 0.0104585 seconds, Stopping threads took: 0.0000154 seconds
{Heap before GC invocations=41 (full 1):
 par new generation   total 109248K, used 109248K [0x00000000e0000000, 0x00000000e8000000, 0x00000000e8000000)
  eden space 87424K, 100% used [0x00000000e0000000, 0x00000000e5560000, 0x00000000e5560000)
  from space 21824K, 100% used [0x00000000e6ab0000, 0x00000000e8000000, 0x00000000e8000000)
  to   space 21824K,   0% used [0x00000000e5560000, 0x00000000e5560000, 0x00000000e6ab0000)
 concurrent mark-sweep generation total 393216K, used 175490K [0x00000000e8000000, 0x0000000100000000, 0x0000000100000000)
 Metaspace       used 29336K, capacity 29638K, committed 30100K, reserved 1075200K
  class space    used 3469K, capacity 3611K, committed 3736K, reserved 1048576K
2015-09-09T11:08:31.289+0200: 74.041: [GC (Allocation Failure) 74.041: [ParNew
Desired survivor size 20112992 bytes, new threshold 8 (max 8)
- age   1:     137216 bytes,     137216 total
- age   2:      91416 bytes,     228632 total
- age   3:    2314256 bytes,    2542888 total
- age   4:    2146776 bytes,    4689664 total
- age   5:    6416184 bytes,   11105848 total
- age   6:     799400 bytes,   11905248 total
- age   7:    1419096 bytes,   13324344 total
- age   8:    2510208 bytes,   15834552 total
: 109248K->21127K(109248K), 0.0097781 secs] 284738K->197805K(502464K), 0.0098297 secs] [Times: user=0.06 sys=0.00, real=0.01 secs] 
Heap after GC invocations=42 (full 1):
 par new generation   total 109248K, used 21127K [0x00000000e0000000, 0x00000000e8000000, 0x00000000e8000000)
  eden space 87424K,   0% used [0x00000000e0000000, 0x00000000e0000000, 0x00000000e5560000)
  from space 21824K,  96% used [0x00000000e5560000, 0x00000000e6a01f40, 0x00000000e6ab0000)
  to   space 21824K,   0% used [0x00000000e6ab0000, 0x00000000e6ab0000, 0x00000000e8000000)
 concurrent mark-sweep generation total 393216K, used 176677K [0x00000000e8000000, 0x0000000100000000, 0x0000000100000000)
 Metaspace       used 29336K, capacity 29638K, committed 30100K, reserved 1075200K
  class space    used 3469K, capacity 3611K, committed 3736K, reserved 1048576K
}
2015-09-09T11:08:31.299+0200: 74.051: Total time for which application threads were stopped: 0.0099833 seconds, Stopping threads took: 0.0000154 seconds
{Heap before GC invocations=42 (full 1):
 par new generation   total 109248K, used 108551K [0x00000000e0000000, 0x00000000e8000000, 0x00000000e8000000)
  eden space 87424K, 100% used [0x00000000e0000000, 0x00000000e5560000, 0x00000000e5560000)
  from space 21824K,  96% used [0x00000000e5560000, 0x00000000e6a01f40, 0x00000000e6ab0000)
  to   space 21824K,   0% used [0x00000000e6ab0000, 0x00000000e6ab0000, 0x00000000e8000000)
 concurrent mark-sweep generation total 393216K, used 176677K [0x00000000e8000000, 0x0000000100000000, 0x0000000100000000)
 Metaspace       used 29337K, capacity 29638K, committed 30100K, reserved 1075200K
  class space    used 3469K, capacity 3611K, committed 3736K, reserved 1048576K
2015-09-09T11:08:31.474+0200: 74.226: [GC (Allocation Failure) 74.226: [ParNew
Desired survivor size 20112992 bytes, new threshold 8 (max 8)
- age   1:      61824 bytes,      61824 total
- age   2:      63424 bytes,     125248 total
- age   3:      91416 bytes,     216664 total
- age   4:    2314256 bytes,    2530920 total
- age   5:    2146776 bytes,    4677696 total
- age   6:    6416184 bytes,   11093880 total
- age   7:     799400 bytes,   11893280 total
- age   8:    1419096 bytes,   13312376 total
: 108551K->21153K(109248K), 0.0085186 secs] 285229K->200301K(502464K), 0.0085647 secs] [Times: user=0.02 sys=0.00, real=0.01 secs] 
Heap after GC invocations=43 (full 1):
 par new generation   total 109248K, used 21153K [0x00000000e0000000, 0x00000000e8000000, 0x00000000e8000000)
  eden space 87424K,   0% used [0x00000000e0000000, 0x00000000e0000000, 0x00000000e5560000)
  from space 21824K,  96% used [0x00000000e6ab0000, 0x00000000e7f584e8, 0x00000000e8000000)
  to   space 21824K,   0% used [0x00000000e5560000, 0x00000000e5560000, 0x00000000e6ab0000)
 concurrent mark-sweep generation total 393216K, used 179148K [0x00000000e8000000, 0x0000000100000000, 0x0000000100000000)
 Metaspace       used 29337K, capacity 29638K, committed 30100K, reserved 1075200K
  class space    used 3469K, capacity 3611K, committed 3736K, reserved 1048576K
}
2015-09-09T11:08:31.482+0200: 74.235: Total time for which application threads were stopped: 0.0087186 seconds, Stopping threads took: 0.0000144 seconds
2015-09-09T11:08:31.527+0200: 74.279: Total time for which application threads were stopped: 0.0001078 seconds, Stopping threads took: 0.0000371 seconds
{Heap before GC invocations=43 (full 1):
 par new generation   total 109248K, used 108577K [0x00000000e0000000, 0x00000000e8000000, 0x00000000e8000000)
  eden space 87424K, 100% used [0x00000000e0000000, 0x00000000e5560000, 0x00000000e5560000)
  from space 21824K,  96% used [0x00000000e6ab0000, 0x00000000e7f584e8, 0x00000000e8000000)
  to   space 21824K,   0% used [0x00000000e5560000, 0x00000000e5560000, 0x00000000e6ab0000)
 concurrent mark-sweep generation total 393216K, used 179148K [0x00000000e8000000, 0x0000000100000000, 0x0000000100000000)
 Metaspace       used 29341K, capacity 29638K, committed 30100K, reserved 1075200K
  class space    used 3469K, capacity 3611K, committed 3736K, reserved 1048576K
2015-09-09T11:08:31.694+0200: 74.446: [GC (Allocation Failure) 74.446: [ParNew
Desired survivor size 20112992 bytes, new threshold 8 (max 8)
- age   1:     151344 bytes,     151344 total
- age   2:      12248 bytes,     163592 total
- age   3:      35744 bytes,     199336 total
- age   4:      91416 bytes,     290752 total
- age   5:    2314048 bytes,    2604800 total
- age   6:    2146776 bytes,    4751576 total
- age   7:    6416208 bytes,   11167784 total
- age   8:     799400 bytes,   11967184 total
: 108577K->13972K(109248K), 0.0088729 secs] 287725K->194529K(502464K), 0.0089231 secs] [Times: user=0.06 sys=0.00, real=0.01 secs] 
Heap after GC invocations=44 (full 1):
 par new generation   total 109248K, used 13972K [0x00000000e0000000, 0x00000000e8000000, 0x00000000e8000000)
  eden space 87424K,   0% used [0x00000000e0000000, 0x00000000e0000000, 0x00000000e5560000)
  from space 21824K,  64% used [0x00000000e5560000, 0x00000000e6305168, 0x00000000e6ab0000)
  to   space 21824K,   0% used [0x00000000e6ab0000, 0x00000000e6ab0000, 0x00000000e8000000)
 concurrent mark-sweep generation total 393216K, used 180557K [0x00000000e8000000, 0x0000000100000000, 0x0000000100000000)
 Metaspace       used 29341K, capacity 29638K, committed 30100K, reserved 1075200K
  class space    used 3469K, capacity 3611K, committed 3736K, reserved 1048576K
}
2015-09-09T11:08:31.703+0200: 74.455: Total time for which application threads were stopped: 0.0090972 seconds, Stopping threads took: 0.0000170 seconds
{Heap before GC invocations=44 (full 1):
 par new generation   total 109248K, used 101396K [0x00000000e0000000, 0x00000000e8000000, 0x00000000e8000000)
  eden space 87424K, 100% used [0x00000000e0000000, 0x00000000e5560000, 0x00000000e5560000)
  from space 21824K,  64% used [0x00000000e5560000, 0x00000000e6305168, 0x00000000e6ab0000)
  to   space 21824K,   0% used [0x00000000e6ab0000, 0x00000000e6ab0000, 0x00000000e8000000)
 concurrent mark-sweep generation total 393216K, used 180557K [0x00000000e8000000, 0x0000000100000000, 0x0000000100000000)
 Metaspace       used 29341K, capacity 29638K, committed 30100K, reserved 1075200K
  class space    used 3469K, capacity 3611K, committed 3736K, reserved 1048576K
2015-09-09T11:08:31.806+0200: 74.558: [GC (Allocation Failure) 74.558: [ParNew
Desired survivor size 20112992 bytes, new threshold 8 (max 8)
- age   1:      97008 bytes,      97008 total
- age   2:      94672 bytes,     191680 total
- age   3:      12248 bytes,     203928 total
- age   4:      35744 bytes,     239672 total
- age   5:      91416 bytes,     331088 total
- age   6:    2314048 bytes,    2645136 total
- age   7:    2146776 bytes,    4791912 total
- age   8:    6416184 bytes,   11208096 total
: 101396K->12769K(109248K), 0.0060822 secs] 281953K->194129K(502464K), 0.0061276 secs] [Times: user=0.06 sys=0.00, real=0.01 secs] 
Heap after GC invocations=45 (full 1):
 par new generation   total 109248K, used 12769K [0x00000000e0000000, 0x00000000e8000000, 0x00000000e8000000)
  eden space 87424K,   0% used [0x00000000e0000000, 0x00000000e0000000, 0x00000000e5560000)
  from space 21824K,  58% used [0x00000000e6ab0000, 0x00000000e7728640, 0x00000000e8000000)
  to   space 21824K,   0% used [0x00000000e5560000, 0x00000000e5560000, 0x00000000e6ab0000)
 concurrent mark-sweep generation total 393216K, used 181359K [0x00000000e8000000, 0x0000000100000000, 0x0000000100000000)
 Metaspace       used 29341K, capacity 29638K, committed 30100K, reserved 1075200K
  class space    used 3469K, capacity 3611K, committed 3736K, reserved 1048576K
}
2015-09-09T11:08:31.812+0200: 74.564: Total time for which application threads were stopped: 0.0062761 seconds, Stopping threads took: 0.0000157 seconds
2015-09-09T11:08:31.915+0200: 74.668: Total time for which application threads were stopped: 0.0000736 seconds, Stopping threads took: 0.0000176 seconds
2015-09-09T11:08:31.915+0200: 74.668: Total time for which application threads were stopped: 0.0000346 seconds, Stopping threads took: 0.0000093 seconds
{Heap before GC invocations=45 (full 1):
 par new generation   total 109248K, used 100193K [0x00000000e0000000, 0x00000000e8000000, 0x00000000e8000000)
  eden space 87424K, 100% used [0x00000000e0000000, 0x00000000e5560000, 0x00000000e5560000)
  from space 21824K,  58% used [0x00000000e6ab0000, 0x00000000e7728640, 0x00000000e8000000)
  to   space 21824K,   0% used [0x00000000e5560000, 0x00000000e5560000, 0x00000000e6ab0000)
 concurrent mark-sweep generation total 393216K, used 181359K [0x00000000e8000000, 0x0000000100000000, 0x0000000100000000)
 Metaspace       used 29373K, capacity 29702K, committed 30100K, reserved 1075200K
  class space    used 3473K, capacity 3611K, committed 3736K, reserved 1048576K
2015-09-09T11:08:31.994+0200: 74.746: [GC (Allocation Failure) 74.746: [ParNew
Desired survivor size 20112992 bytes, new threshold 8 (max 8)
- age   1:    1396232 bytes,    1396232 total
- age   2:        536 bytes,    1396768 total
- age   3:      94672 bytes,    1491440 total
- age   4:      12248 bytes,    1503688 total
- age   5:      35744 bytes,    1539432 total
- age   6:      91416 bytes,    1630848 total
- age   7:    2272256 bytes,    3903104 total
- age   8:    2077096 bytes,    5980200 total
: 100193K->7923K(109248K), 0.0072233 secs] 281553K->195500K(502464K), 0.0072860 secs] [Times: user=0.06 sys=0.00, real=0.01 secs] 
Heap after GC invocations=46 (full 1):
 par new generation   total 109248K, used 7923K [0x00000000e0000000, 0x00000000e8000000, 0x00000000e8000000)
  eden space 87424K,   0% used [0x00000000e0000000, 0x00000000e0000000, 0x00000000e5560000)
  from space 21824K,  36% used [0x00000000e5560000, 0x00000000e5d1cfd0, 0x00000000e6ab0000)
  to   space 21824K,   0% used [0x00000000e6ab0000, 0x00000000e6ab0000, 0x00000000e8000000)
 concurrent mark-sweep generation total 393216K, used 187576K [0x00000000e8000000, 0x0000000100000000, 0x0000000100000000)
 Metaspace       used 29373K, capacity 29702K, committed 30100K, reserved 1075200K
  class space    used 3473K, capacity 3611K, committed 3736K, reserved 1048576K
}
2015-09-09T11:08:32.001+0200: 74.753: Total time for which application threads were stopped: 0.0074505 seconds, Stopping threads took: 0.0000173 seconds
{Heap before GC invocations=46 (full 1):
 par new generation   total 109248K, used 95347K [0x00000000e0000000, 0x00000000e8000000, 0x00000000e8000000)
  eden space 87424K, 100% used [0x00000000e0000000, 0x00000000e5560000, 0x00000000e5560000)
  from space 21824K,  36% used [0x00000000e5560000, 0x00000000e5d1cfd0, 0x00000000e6ab0000)
  to   space 21824K,   0% used [0x00000000e6ab0000, 0x00000000e6ab0000, 0x00000000e8000000)
 concurrent mark-sweep generation total 393216K, used 187576K [0x00000000e8000000, 0x0000000100000000, 0x0000000100000000)
 Metaspace       used 29373K, capacity 29702K, committed 30100K, reserved 1075200K
  class space    used 3473K, capacity 3611K, committed 3736K, reserved 1048576K
2015-09-09T11:08:32.270+0200: 75.022: [GC (Allocation Failure) 75.022: [ParNew
Desired survivor size 20112992 bytes, new threshold 8 (max 8)
- age   1:    4420216 bytes,    4420216 total
- age   2:     949216 bytes,    5369432 total
- age   3:        536 bytes,    5369968 total
- age   4:      94672 bytes,    5464640 total
- age   5:      12248 bytes,    5476888 total
- age   6:      35744 bytes,    5512632 total
- age   7:      91416 bytes,    5604048 total
- age   8:    2272256 bytes,    7876304 total
: 95347K->8944K(109248K), 0.0071887 secs] 282924K->198564K(502464K), 0.0072342 secs] [Times: user=0.01 sys=0.00, real=0.01 secs] 
Heap after GC invocations=47 (full 1):
 par new generation   total 109248K, used 8944K [0x00000000e0000000, 0x00000000e8000000, 0x00000000e8000000)
  eden space 87424K,   0% used [0x00000000e0000000, 0x00000000e0000000, 0x00000000e5560000)
  from space 21824K,  40% used [0x00000000e6ab0000, 0x00000000e736c1a0, 0x00000000e8000000)
  to   space 21824K,   0% used [0x00000000e5560000, 0x00000000e5560000, 0x00000000e6ab0000)
 concurrent mark-sweep generation total 393216K, used 189620K [0x00000000e8000000, 0x0000000100000000, 0x0000000100000000)
 Metaspace       used 29373K, capacity 29702K, committed 30100K, reserved 1075200K
  class space    used 3473K, capacity 3611K, committed 3736K, reserved 1048576K
}
2015-09-09T11:08:32.277+0200: 75.030: Total time for which application threads were stopped: 0.0074089 seconds, Stopping threads took: 0.0000134 seconds
{Heap before GC invocations=47 (full 1):
 par new generation   total 109248K, used 96368K [0x00000000e0000000, 0x00000000e8000000, 0x00000000e8000000)
  eden space 87424K, 100% used [0x00000000e0000000, 0x00000000e5560000, 0x00000000e5560000)
  from space 21824K,  40% used [0x00000000e6ab0000, 0x00000000e736c1a0, 0x00000000e8000000)
  to   space 21824K,   0% used [0x00000000e5560000, 0x00000000e5560000, 0x00000000e6ab0000)
 concurrent mark-sweep generation total 393216K, used 189620K [0x00000000e8000000, 0x0000000100000000, 0x0000000100000000)
 Metaspace       used 29373K, capacity 29702K, committed 30100K, reserved 1075200K
  class space    used 3473K, capacity 3611K, committed 3736K, reserved 1048576K
2015-09-09T11:08:32.538+0200: 75.290: [GC (Allocation Failure) 75.290: [ParNew
Desired survivor size 20112992 bytes, new threshold 8 (max 8)
- age   1:    5488736 bytes,    5488736 total
- age   2:    2801424 bytes,    8290160 total
- age   3:     948584 bytes,    9238744 total
- age   4:        536 bytes,    9239280 total
- age   5:      94672 bytes,    9333952 total
- age   6:      12248 bytes,    9346200 total
- age   7:      35744 bytes,    9381944 total
- age   8:      91416 bytes,    9473360 total
: 96368K->11259K(109248K), 0.0073775 secs] 285988K->203106K(502464K), 0.0074214 secs] [Times: user=0.05 sys=0.02, real=0.01 secs] 
Heap after GC invocations=48 (full 1):
 par new generation   total 109248K, used 11259K [0x00000000e0000000, 0x00000000e8000000, 0x00000000e8000000)
  eden space 87424K,   0% used [0x00000000e0000000, 0x00000000e0000000, 0x00000000e5560000)
  from space 21824K,  51% used [0x00000000e5560000, 0x00000000e605ec20, 0x00000000e6ab0000)
  to   space 21824K,   0% used [0x00000000e6ab0000, 0x00000000e6ab0000, 0x00000000e8000000)
 concurrent mark-sweep generation total 393216K, used 191847K [0x00000000e8000000, 0x0000000100000000, 0x0000000100000000)
 Metaspace       used 29373K, capacity 29702K, committed 30100K, reserved 1075200K
  class space    used 3473K, capacity 3611K, committed 3736K, reserved 1048576K
}
2015-09-09T11:08:32.545+0200: 75.298: Total time for which application threads were stopped: 0.0075542 seconds, Stopping threads took: 0.0000147 seconds
{Heap before GC invocations=48 (full 1):
 par new generation   total 109248K, used 98683K [0x00000000e0000000, 0x00000000e8000000, 0x00000000e8000000)
  eden space 87424K, 100% used [0x00000000e0000000, 0x00000000e5560000, 0x00000000e5560000)
  from space 21824K,  51% used [0x00000000e5560000, 0x00000000e605ec20, 0x00000000e6ab0000)
  to   space 21824K,   0% used [0x00000000e6ab0000, 0x00000000e6ab0000, 0x00000000e8000000)
 concurrent mark-sweep generation total 393216K, used 191847K [0x00000000e8000000, 0x0000000100000000, 0x0000000100000000)
 Metaspace       used 29373K, capacity 29702K, committed 30100K, reserved 1075200K
  class space    used 3473K, capacity 3611K, committed 3736K, reserved 1048576K
2015-09-09T11:08:32.814+0200: 75.566: [GC (Allocation Failure) 75.566: [ParNew
Desired survivor size 20112992 bytes, new threshold 8 (max 8)
- age   1:    5773816 bytes,    5773816 total
- age   2:    3292392 bytes,    9066208 total
- age   3:    2766552 bytes,   11832760 total
- age   4:     948536 bytes,   12781296 total
- age   5:        536 bytes,   12781832 total
- age   6:      94672 bytes,   12876504 total
- age   7:      12248 bytes,   12888752 total
- age   8:      35744 bytes,   12924496 total
: 98683K->15692K(109248K), 0.0071087 secs] 290530K->207629K(502464K), 0.0071871 secs] [Times: user=0.00 sys=0.00, real=0.01 secs] 
Heap after GC invocations=49 (full 1):
 par new generation   total 109248K, used 15692K [0x00000000e0000000, 0x00000000e8000000, 0x00000000e8000000)
  eden space 87424K,   0% used [0x00000000e0000000, 0x00000000e0000000, 0x00000000e5560000)
  from space 21824K,  71% used [0x00000000e6ab0000, 0x00000000e7a031b0, 0x00000000e8000000)
  to   space 21824K,   0% used [0x00000000e5560000, 0x00000000e5560000, 0x00000000e6ab0000)
 concurrent mark-sweep generation total 393216K, used 191936K [0x00000000e8000000, 0x0000000100000000, 0x0000000100000000)
 Metaspace       used 29373K, capacity 29702K, committed 30100K, reserved 1075200K
  class space    used 3473K, capacity 3611K, committed 3736K, reserved 1048576K
}
2015-09-09T11:08:32.821+0200: 75.574: Total time for which application threads were stopped: 0.0073219 seconds, Stopping threads took: 0.0000138 seconds
{Heap before GC invocations=49 (full 1):
 par new generation   total 109248K, used 103116K [0x00000000e0000000, 0x00000000e8000000, 0x00000000e8000000)
  eden space 87424K, 100% used [0x00000000e0000000, 0x00000000e5560000, 0x00000000e5560000)
  from space 21824K,  71% used [0x00000000e6ab0000, 0x00000000e7a031b0, 0x00000000e8000000)
  to   space 21824K,   0% used [0x00000000e5560000, 0x00000000e5560000, 0x00000000e6ab0000)
 concurrent mark-sweep generation total 393216K, used 191936K [0x00000000e8000000, 0x0000000100000000, 0x0000000100000000)
 Metaspace       used 29373K, capacity 29702K, committed 30100K, reserved 1075200K
  class space    used 3473K, capacity 3611K, committed 3736K, reserved 1048576K
2015-09-09T11:08:33.091+0200: 75.842: [GC (Allocation Failure) 75.842: [ParNew
Desired survivor size 20112992 bytes, new threshold 8 (max 8)
- age   1:    8173880 bytes,    8173880 total
- age   2:    3191744 bytes,   11365624 total
- age   3:    2677928 bytes,   14043552 total
- age   4:    2766528 bytes,   16810080 total
- age   5:     948536 bytes,   17758616 total
- age   6:        536 bytes,   17759152 total
- age   7:      94672 bytes,   17853824 total
- age   8:      12248 bytes,   17866072 total
: 103116K->20399K(109248K), 0.0084857 secs] 295053K->212370K(502464K), 0.0085308 secs] [Times: user=0.00 sys=0.00, real=0.01 secs] 
Heap after GC invocations=50 (full 1):
 par new generation   total 109248K, used 20399K [0x00000000e0000000, 0x00000000e8000000, 0x00000000e8000000)
  eden space 87424K,   0% used [0x00000000e0000000, 0x00000000e0000000, 0x00000000e5560000)
  from space 21824K,  93% used [0x00000000e5560000, 0x00000000e694bd08, 0x00000000e6ab0000)
  to   space 21824K,   0% used [0x00000000e6ab0000, 0x00000000e6ab0000, 0x00000000e8000000)
 concurrent mark-sweep generation total 393216K, used 191971K [0x00000000e8000000, 0x0000000100000000, 0x0000000100000000)
 Metaspace       used 29373K, capacity 29702K, committed 30100K, reserved 1075200K
  class space    used 3473K, capacity 3611K, committed 3736K, reserved 1048576K
}
2015-09-09T11:08:33.099+0200: 75.851: Total time for which application threads were stopped: 0.0087026 seconds, Stopping threads took: 0.0000362 seconds
{Heap before GC invocations=50 (full 1):
 par new generation   total 109248K, used 107823K [0x00000000e0000000, 0x00000000e8000000, 0x00000000e8000000)
  eden space 87424K, 100% used [0x00000000e0000000, 0x00000000e5560000, 0x00000000e5560000)
  from space 21824K,  93% used [0x00000000e5560000, 0x00000000e694bd08, 0x00000000e6ab0000)
  to   space 21824K,   0% used [0x00000000e6ab0000, 0x00000000e6ab0000, 0x00000000e8000000)
 concurrent mark-sweep generation total 393216K, used 191971K [0x00000000e8000000, 0x0000000100000000, 0x0000000100000000)
 Metaspace       used 29373K, capacity 29702K, committed 30100K, reserved 1075200K
  class space    used 3473K, capacity 3611K, committed 3736K, reserved 1048576K
2015-09-09T11:08:33.370+0200: 76.121: [GC (Allocation Failure) 76.121: [ParNew
Desired survivor size 20112992 bytes, new threshold 8 (max 8)
- age   1:    5020224 bytes,    5020224 total
- age   2:    3674504 bytes,    8694728 total
- age   3:    3091344 bytes,   11786072 total
- age   4:    2677904 bytes,   14463976 total
- age   5:    2762256 bytes,   17226232 total
- age   6:     948536 bytes,   18174768 total
- age   7:        536 bytes,   18175304 total
- age   8:      94672 bytes,   18269976 total
: 107823K->21824K(109248K), 0.0085570 secs] 299794K->216592K(502464K), 0.0086044 secs] [Times: user=0.00 sys=0.00, real=0.01 secs] 
Heap after GC invocations=51 (full 1):
 par new generation   total 109248K, used 21824K [0x00000000e0000000, 0x00000000e8000000, 0x00000000e8000000)
  eden space 87424K,   0% used [0x00000000e0000000, 0x00000000e0000000, 0x00000000e5560000)
  from space 21824K, 100% used [0x00000000e6ab0000, 0x00000000e8000000, 0x00000000e8000000)
  to   space 21824K,   0% used [0x00000000e5560000, 0x00000000e5560000, 0x00000000e6ab0000)
 concurrent mark-sweep generation total 393216K, used 194768K [0x00000000e8000000, 0x0000000100000000, 0x0000000100000000)
 Metaspace       used 29373K, capacity 29702K, committed 30100K, reserved 1075200K
  class space    used 3473K, capacity 3611K, committed 3736K, reserved 1048576K
}
2015-09-09T11:08:33.379+0200: 76.130: Total time for which application threads were stopped: 0.0087423 seconds, Stopping threads took: 0.0000141 seconds
{Heap before GC invocations=51 (full 1):
 par new generation   total 109248K, used 109142K [0x00000000e0000000, 0x00000000e8000000, 0x00000000e8000000)
  eden space 87424K,  99% used [0x00000000e0000000, 0x00000000e5545b30, 0x00000000e5560000)
  from space 21824K, 100% used [0x00000000e6ab0000, 0x00000000e8000000, 0x00000000e8000000)
  to   space 21824K,   0% used [0x00000000e5560000, 0x00000000e5560000, 0x00000000e6ab0000)
 concurrent mark-sweep generation total 393216K, used 194768K [0x00000000e8000000, 0x0000000100000000, 0x0000000100000000)
 Metaspace       used 29373K, capacity 29702K, committed 30100K, reserved 1075200K
  class space    used 3473K, capacity 3611K, committed 3736K, reserved 1048576K
2015-09-09T11:08:33.641+0200: 76.393: [GC (Allocation Failure) 76.393: [ParNew
Desired survivor size 20112992 bytes, new threshold 8 (max 8)
- age   1:    7451944 bytes,    7451944 total
- age   2:    1509384 bytes,    8961328 total
- age   3:    2544104 bytes,   11505432 total
- age   4:    1600776 bytes,   13106208 total
- age   5:    2105968 bytes,   15212176 total
- age   6:    2713752 bytes,   17925928 total
- age   7:     884048 bytes,   18809976 total
- age   8:        536 bytes,   18810512 total
: 109142K->21824K(109248K), 0.0095394 secs] 303911K->222979K(502464K), 0.0095855 secs] [Times: user=0.00 sys=0.00, real=0.01 secs] 
Heap after GC invocations=52 (full 1):
 par new generation   total 109248K, used 21824K [0x00000000e0000000, 0x00000000e8000000, 0x00000000e8000000)
  eden space 87424K,   0% used [0x00000000e0000000, 0x00000000e0000000, 0x00000000e5560000)
  from space 21824K, 100% used [0x00000000e5560000, 0x00000000e6ab0000, 0x00000000e6ab0000)
  to   space 21824K,   0% used [0x00000000e6ab0000, 0x00000000e6ab0000, 0x00000000e8000000)
 concurrent mark-sweep generation total 393216K, used 201155K [0x00000000e8000000, 0x0000000100000000, 0x0000000100000000)
 Metaspace       used 29373K, capacity 29702K, committed 30100K, reserved 1075200K
  class space    used 3473K, capacity 3611K, committed 3736K, reserved 1048576K
}
2015-09-09T11:08:33.651+0200: 76.402: Total time for which application threads were stopped: 0.0097244 seconds, Stopping threads took: 0.0000147 seconds
2015-09-09T11:08:33.651+0200: 76.402: [GC (CMS Initial Mark) [1 CMS-initial-mark: 201155K(393216K)] 223445K(502464K), 0.0026253 secs] [Times: user=0.00 sys=0.00, real=0.00 secs] 
2015-09-09T11:08:33.653+0200: 76.405: Total time for which application threads were stopped: 0.0027053 seconds, Stopping threads took: 0.0000218 seconds
2015-09-09T11:08:33.654+0200: 76.405: [CMS-concurrent-mark-start]
2015-09-09T11:08:33.666+0200: 76.417: [CMS-concurrent-mark: 0.012/0.012 secs] [Times: user=0.06 sys=0.00, real=0.01 secs] 
2015-09-09T11:08:33.666+0200: 76.417: [CMS-concurrent-preclean-start]
2015-09-09T11:08:33.667+0200: 76.418: [CMS-concurrent-preclean: 0.001/0.001 secs] [Times: user=0.00 sys=0.00, real=0.00 secs] 
2015-09-09T11:08:33.667+0200: 76.418: [CMS-concurrent-abortable-preclean-start]
2015-09-09T11:08:33.810+0200: 76.561: [CMS-concurrent-abortable-preclean: 0.143/0.143 secs] [Times: user=0.28 sys=0.00, real=0.14 secs] 
2015-09-09T11:08:33.810+0200: 76.562: [GC (CMS Final Remark) [YG occupancy: 66196 K (109248 K)]{Heap before GC invocations=52 (full 2):
 par new generation   total 109248K, used 66196K [0x00000000e0000000, 0x00000000e8000000, 0x00000000e8000000)
  eden space 87424K,  50% used [0x00000000e0000000, 0x00000000e2b55048, 0x00000000e5560000)
  from space 21824K, 100% used [0x00000000e5560000, 0x00000000e6ab0000, 0x00000000e6ab0000)
  to   space 21824K,   0% used [0x00000000e6ab0000, 0x00000000e6ab0000, 0x00000000e8000000)
 concurrent mark-sweep generation total 393216K, used 201155K [0x00000000e8000000, 0x0000000100000000, 0x0000000100000000)
 Metaspace       used 29373K, capacity 29702K, committed 30100K, reserved 1075200K
  class space    used 3473K, capacity 3611K, committed 3736K, reserved 1048576K
2015-09-09T11:08:33.810+0200: 76.562: [GC (CMS Final Remark) 76.562: [ParNew
Desired survivor size 20112992 bytes, new threshold 8 (max 8)
- age   1:    3532728 bytes,    3532728 total
- age   2:    4128144 bytes,    7660872 total
- age   3:    1509384 bytes,    9170256 total
- age   4:    2544104 bytes,   11714360 total
- age   5:    1338600 bytes,   13052960 total
- age   6:    2105968 bytes,   15158928 total
- age   7:    2713752 bytes,   17872680 total
- age   8:     884048 bytes,   18756728 total
: 66196K->21824K(109248K), 0.0086809 secs] 267351K->222979K(502464K), 0.0087170 secs] [Times: user=0.00 sys=0.00, real=0.01 secs] 
Heap after GC invocations=53 (full 2):
 par new generation   total 109248K, used 21824K [0x00000000e0000000, 0x00000000e8000000, 0x00000000e8000000)
  eden space 87424K,   0% used [0x00000000e0000000, 0x00000000e0000000, 0x00000000e5560000)
  from space 21824K, 100% used [0x00000000e6ab0000, 0x00000000e8000000, 0x00000000e8000000)
  to   space 21824K,   0% used [0x00000000e5560000, 0x00000000e5560000, 0x00000000e6ab0000)
 concurrent mark-sweep generation total 393216K, used 201155K [0x00000000e8000000, 0x0000000100000000, 0x0000000100000000)
 Metaspace       used 29373K, capacity 29702K, committed 30100K, reserved 1075200K
  class space    used 3473K, capacity 3611K, committed 3736K, reserved 1048576K
}
76.571: [Rescan (parallel) , 0.0023731 secs]76.573: [weak refs processing, 0.0006314 secs]76.574: [class unloading, 0.0052547 secs]76.579: [scrub symbol table, 0.0028477 secs]76.582: [scrub string table, 0.0003802 secs][1 CMS-remark: 201155K(393216K)] 222979K(502464K), 0.0214910 secs] [Times: user=0.05 sys=0.00, real=0.02 secs] 
2015-09-09T11:08:33.832+0200: 76.583: Total time for which application threads were stopped: 0.0216257 seconds, Stopping threads took: 0.0000528 seconds
2015-09-09T11:08:33.832+0200: 76.583: [CMS-concurrent-sweep-start]
2015-09-09T11:08:33.851+0200: 76.603: [CMS-concurrent-sweep: 0.019/0.019 secs] [Times: user=0.03 sys=0.00, real=0.02 secs] 
2015-09-09T11:08:33.851+0200: 76.603: [CMS-concurrent-reset-start]
2015-09-09T11:08:33.852+0200: 76.603: [CMS-concurrent-reset: 0.000/0.000 secs] [Times: user=0.00 sys=0.00, real=0.00 secs] 
{Heap before GC invocations=53 (full 2):
 par new generation   total 109248K, used 109248K [0x00000000e0000000, 0x00000000e8000000, 0x00000000e8000000)
  eden space 87424K, 100% used [0x00000000e0000000, 0x00000000e5560000, 0x00000000e5560000)
  from space 21824K, 100% used [0x00000000e6ab0000, 0x00000000e8000000, 0x00000000e8000000)
  to   space 21824K,   0% used [0x00000000e5560000, 0x00000000e5560000, 0x00000000e6ab0000)
 concurrent mark-sweep generation total 393216K, used 124940K [0x00000000e8000000, 0x0000000100000000, 0x0000000100000000)
 Metaspace       used 29373K, capacity 29702K, committed 30100K, reserved 1075200K
  class space    used 3473K, capacity 3611K, committed 3736K, reserved 1048576K
2015-09-09T11:08:34.101+0200: 76.853: [GC (Allocation Failure) 76.853: [ParNew
Desired survivor size 20112992 bytes, new threshold 8 (max 8)
- age   1:    7821368 bytes,    7821368 total
- age   2:    2072408 bytes,    9893776 total
- age   3:    1180936 bytes,   11074712 total
- age   4:    1319816 bytes,   12394528 total
- age   5:    2372328 bytes,   14766856 total
- age   6:    1178464 bytes,   15945320 total
- age   7:    1963912 bytes,   17909232 total
- age   8:    2571240 bytes,   20480472 total
: 109248K->21824K(109248K), 0.0096524 secs] 234188K->149120K(502464K), 0.0096997 secs] [Times: user=0.06 sys=0.00, real=0.01 secs] 
Heap after GC invocations=54 (full 2):
 par new generation   total 109248K, used 21824K [0x00000000e0000000, 0x00000000e8000000, 0x00000000e8000000)
  eden space 87424K,   0% used [0x00000000e0000000, 0x00000000e0000000, 0x00000000e5560000)
  from space 21824K, 100% used [0x00000000e5560000, 0x00000000e6ab0000, 0x00000000e6ab0000)
  to   space 21824K,   0% used [0x00000000e6ab0000, 0x00000000e6ab0000, 0x00000000e8000000)
 concurrent mark-sweep generation total 393216K, used 127296K [0x00000000e8000000, 0x0000000100000000, 0x0000000100000000)
 Metaspace       used 29373K, capacity 29702K, committed 30100K, reserved 1075200K
  class space    used 3473K, capacity 3611K, committed 3736K, reserved 1048576K
}
2015-09-09T11:08:34.111+0200: 76.862: Total time for which application threads were stopped: 0.0098517 seconds, Stopping threads took: 0.0000144 seconds
{Heap before GC invocations=54 (full 2):
 par new generation   total 109248K, used 109248K [0x00000000e0000000, 0x00000000e8000000, 0x00000000e8000000)
  eden space 87424K, 100% used [0x00000000e0000000, 0x00000000e5560000, 0x00000000e5560000)
  from space 21824K, 100% used [0x00000000e5560000, 0x00000000e6ab0000, 0x00000000e6ab0000)
  to   space 21824K,   0% used [0x00000000e6ab0000, 0x00000000e6ab0000, 0x00000000e8000000)
 concurrent mark-sweep generation total 393216K, used 127296K [0x00000000e8000000, 0x0000000100000000, 0x0000000100000000)
 Metaspace       used 29373K, capacity 29702K, committed 30100K, reserved 1075200K
  class space    used 3473K, capacity 3611K, committed 3736K, reserved 1048576K
2015-09-09T11:08:34.387+0200: 77.138: [GC (Allocation Failure) 77.138: [ParNew
Desired survivor size 20112992 bytes, new threshold 8 (max 8)
- age   1:    8625008 bytes,    8625008 total
- age   2:    1984792 bytes,   10609800 total
- age   3:    1848712 bytes,   12458512 total
- age   4:     778072 bytes,   13236584 total
- age   5:     889080 bytes,   14125664 total
- age   6:    1818584 bytes,   15944248 total
- age   7:     924288 bytes,   16868536 total
- age   8:    1925712 bytes,   18794248 total
: 109248K->21824K(109248K), 0.0100530 secs] 236544K->156152K(502464K), 0.0100988 secs] [Times: user=0.00 sys=0.00, real=0.01 secs] 
Heap after GC invocations=55 (full 2):
 par new generation   total 109248K, used 21824K [0x00000000e0000000, 0x00000000e8000000, 0x00000000e8000000)
  eden space 87424K,   0% used [0x00000000e0000000, 0x00000000e0000000, 0x00000000e5560000)
  from space 21824K, 100% used [0x00000000e6ab0000, 0x00000000e8000000, 0x00000000e8000000)
  to   space 21824K,   0% used [0x00000000e5560000, 0x00000000e5560000, 0x00000000e6ab0000)
 concurrent mark-sweep generation total 393216K, used 134328K [0x00000000e8000000, 0x0000000100000000, 0x0000000100000000)
 Metaspace       used 29373K, capacity 29702K, committed 30100K, reserved 1075200K
  class space    used 3473K, capacity 3611K, committed 3736K, reserved 1048576K
}
2015-09-09T11:08:34.397+0200: 77.148: Total time for which application threads were stopped: 0.0102402 seconds, Stopping threads took: 0.0000234 seconds
2015-09-09T11:08:34.425+0200: 77.176: Total time for which application threads were stopped: 0.0000762 seconds, Stopping threads took: 0.0000144 seconds
2015-09-09T11:08:34.425+0200: 77.176: Total time for which application threads were stopped: 0.0000563 seconds, Stopping threads took: 0.0000259 seconds
2015-09-09T11:08:34.426+0200: 77.177: Total time for which application threads were stopped: 0.0000714 seconds, Stopping threads took: 0.0000304 seconds
2015-09-09T11:08:34.472+0200: 77.224: Total time for which application threads were stopped: 0.0001235 seconds, Stopping threads took: 0.0000259 seconds
2015-09-09T11:08:34.474+0200: 77.225: Total time for which application threads were stopped: 0.0000842 seconds, Stopping threads took: 0.0000182 seconds
2015-09-09T11:08:34.480+0200: 77.231: Total time for which application threads were stopped: 0.0001098 seconds, Stopping threads took: 0.0000227 seconds
2015-09-09T11:08:34.480+0200: 77.231: Total time for which application threads were stopped: 0.0000746 seconds, Stopping threads took: 0.0000134 seconds
{Heap before GC invocations=55 (full 2):
 par new generation   total 109248K, used 109248K [0x00000000e0000000, 0x00000000e8000000, 0x00000000e8000000)
  eden space 87424K, 100% used [0x00000000e0000000, 0x00000000e5560000, 0x00000000e5560000)
  from space 21824K, 100% used [0x00000000e6ab0000, 0x00000000e8000000, 0x00000000e8000000)
  to   space 21824K,   0% used [0x00000000e5560000, 0x00000000e5560000, 0x00000000e6ab0000)
 concurrent mark-sweep generation total 393216K, used 134328K [0x00000000e8000000, 0x0000000100000000, 0x0000000100000000)
 Metaspace       used 29376K, capacity 29702K, committed 30100K, reserved 1075200K
  class space    used 3473K, capacity 3611K, committed 3736K, reserved 1048576K
2015-09-09T11:08:34.705+0200: 77.456: [GC (Allocation Failure) 77.456: [ParNew
Desired survivor size 20112992 bytes, new threshold 8 (max 8)
- age   1:    5037200 bytes,    5037200 total
- age   2:    7602232 bytes,   12639432 total
- age   3:    1783936 bytes,   14423368 total
- age   4:    1757952 bytes,   16181320 total
- age   5:     650928 bytes,   16832248 total
- age   6:     725408 bytes,   17557656 total
- age   7:    1619768 bytes,   19177424 total
- age   8:     707616 bytes,   19885040 total
: 109248K->21824K(109248K), 0.0092242 secs] 243576K->159628K(502464K), 0.0092802 secs] [Times: user=0.06 sys=0.00, real=0.01 secs] 
Heap after GC invocations=56 (full 2):
 par new generation   total 109248K, used 21824K [0x00000000e0000000, 0x00000000e8000000, 0x00000000e8000000)
  eden space 87424K,   0% used [0x00000000e0000000, 0x00000000e0000000, 0x00000000e5560000)
  from space 21824K, 100% used [0x00000000e5560000, 0x00000000e6ab0000, 0x00000000e6ab0000)
  to   space 21824K,   0% used [0x00000000e6ab0000, 0x00000000e6ab0000, 0x00000000e8000000)
 concurrent mark-sweep generation total 393216K, used 137804K [0x00000000e8000000, 0x0000000100000000, 0x0000000100000000)
 Metaspace       used 29376K, capacity 29702K, committed 30100K, reserved 1075200K
  class space    used 3473K, capacity 3611K, committed 3736K, reserved 1048576K
}
2015-09-09T11:08:34.714+0200: 77.465: Total time for which application threads were stopped: 0.0097337 seconds, Stopping threads took: 0.0002970 seconds
2015-09-09T11:08:34.848+0200: 77.600: Total time for which application threads were stopped: 0.0001168 seconds, Stopping threads took: 0.0000285 seconds
{Heap before GC invocations=56 (full 2):
 par new generation   total 109248K, used 109248K [0x00000000e0000000, 0x00000000e8000000, 0x00000000e8000000)
  eden space 87424K, 100% used [0x00000000e0000000, 0x00000000e5560000, 0x00000000e5560000)
  from space 21824K, 100% used [0x00000000e5560000, 0x00000000e6ab0000, 0x00000000e6ab0000)
  to   space 21824K,   0% used [0x00000000e6ab0000, 0x00000000e6ab0000, 0x00000000e8000000)
 concurrent mark-sweep generation total 393216K, used 137804K [0x00000000e8000000, 0x0000000100000000, 0x0000000100000000)
 Metaspace       used 29376K, capacity 29702K, committed 30100K, reserved 1075200K
  class space    used 3473K, capacity 3611K, committed 3736K, reserved 1048576K
2015-09-09T11:08:34.897+0200: 77.649: [GC (Allocation Failure) 77.649: [ParNew
Desired survivor size 20112992 bytes, new threshold 8 (max 8)
- age   1:    3509960 bytes,    3509960 total
- age   2:    2950912 bytes,    6460872 total
- age   3:    7168576 bytes,   13629448 total
- age   4:    1757632 bytes,   15387080 total
- age   5:    1481944 bytes,   16869024 total
- age   6:     626816 bytes,   17495840 total
- age   7:     699824 bytes,   18195664 total
- age   8:    1594392 bytes,   19790056 total
: 109248K->21824K(109248K), 0.0070166 secs] 247052K->162158K(502464K), 0.0070662 secs] [Times: user=0.06 sys=0.00, real=0.01 secs] 
Heap after GC invocations=57 (full 2):
 par new generation   total 109248K, used 21824K [0x00000000e0000000, 0x00000000e8000000, 0x00000000e8000000)
  eden space 87424K,   0% used [0x00000000e0000000, 0x00000000e0000000, 0x00000000e5560000)
  from space 21824K, 100% used [0x00000000e6ab0000, 0x00000000e8000000, 0x00000000e8000000)
  to   space 21824K,   0% used [0x00000000e5560000, 0x00000000e5560000, 0x00000000e6ab0000)
 concurrent mark-sweep generation total 393216K, used 140334K [0x00000000e8000000, 0x0000000100000000, 0x0000000100000000)
 Metaspace       used 29376K, capacity 29702K, committed 30100K, reserved 1075200K
  class space    used 3473K, capacity 3611K, committed 3736K, reserved 1048576K
}
2015-09-09T11:08:34.904+0200: 77.656: Total time for which application threads were stopped: 0.0072377 seconds, Stopping threads took: 0.0000186 seconds
{Heap before GC invocations=57 (full 2):
 par new generation   total 109248K, used 109248K [0x00000000e0000000, 0x00000000e8000000, 0x00000000e8000000)
  eden space 87424K, 100% used [0x00000000e0000000, 0x00000000e5560000, 0x00000000e5560000)
  from space 21824K, 100% used [0x00000000e6ab0000, 0x00000000e8000000, 0x00000000e8000000)
  to   space 21824K,   0% used [0x00000000e5560000, 0x00000000e5560000, 0x00000000e6ab0000)
 concurrent mark-sweep generation total 393216K, used 140334K [0x00000000e8000000, 0x0000000100000000, 0x0000000100000000)
 Metaspace       used 29376K, capacity 29702K, committed 30100K, reserved 1075200K
  class space    used 3473K, capacity 3611K, committed 3736K, reserved 1048576K
2015-09-09T11:08:34.989+0200: 77.741: [GC (Allocation Failure) 77.741: [ParNew
Desired survivor size 20112992 bytes, new threshold 8 (max 8)
- age   1:    2702776 bytes,    2702776 total
- age   2:    1592576 bytes,    4295352 total
- age   3:    2808120 bytes,    7103472 total
- age   4:    7069192 bytes,   14172664 total
- age   5:    1625488 bytes,   15798152 total
- age   6:    1383160 bytes,   17181312 total
- age   7:     592848 bytes,   17774160 total
- age   8:     698488 bytes,   18472648 total
: 109248K->21824K(109248K), 0.0065260 secs] 249582K->164826K(502464K), 0.0065724 secs] [Times: user=0.06 sys=0.00, real=0.01 secs] 
Heap after GC invocations=58 (full 2):
 par new generation   total 109248K, used 21824K [0x00000000e0000000, 0x00000000e8000000, 0x00000000e8000000)
  eden space 87424K,   0% used [0x00000000e0000000, 0x00000000e0000000, 0x00000000e5560000)
  from space 21824K, 100% used [0x00000000e5560000, 0x00000000e6ab0000, 0x00000000e6ab0000)
  to   space 21824K,   0% used [0x00000000e6ab0000, 0x00000000e6ab0000, 0x00000000e8000000)
 concurrent mark-sweep generation total 393216K, used 143002K [0x00000000e8000000, 0x0000000100000000, 0x0000000100000000)
 Metaspace       used 29376K, capacity 29702K, committed 30100K, reserved 1075200K
  class space    used 3473K, capacity 3611K, committed 3736K, reserved 1048576K
}
2015-09-09T11:08:34.996+0200: 77.747: Total time for which application threads were stopped: 0.0067235 seconds, Stopping threads took: 0.0000243 seconds
2015-09-09T11:08:35.060+0200: 77.812: Total time for which application threads were stopped: 0.0000883 seconds, Stopping threads took: 0.0000202 seconds
2015-09-09T11:08:35.062+0200: 77.813: Total time for which application threads were stopped: 0.0004058 seconds, Stopping threads took: 0.0000202 seconds
2015-09-09T11:08:35.063+0200: 77.815: Total time for which application threads were stopped: 0.0000682 seconds, Stopping threads took: 0.0000147 seconds
2015-09-09T11:08:35.066+0200: 77.817: Total time for which application threads were stopped: 0.0000701 seconds, Stopping threads took: 0.0000221 seconds
2015-09-09T11:08:35.069+0200: 77.821: Total time for which application threads were stopped: 0.0004096 seconds, Stopping threads took: 0.0000211 seconds
2015-09-09T11:08:35.074+0200: 77.826: Total time for which application threads were stopped: 0.0001043 seconds, Stopping threads took: 0.0000256 seconds
2015-09-09T11:08:35.076+0200: 77.827: Total time for which application threads were stopped: 0.0000934 seconds, Stopping threads took: 0.0000227 seconds
{Heap before GC invocations=58 (full 2):
 par new generation   total 109248K, used 109248K [0x00000000e0000000, 0x00000000e8000000, 0x00000000e8000000)
  eden space 87424K, 100% used [0x00000000e0000000, 0x00000000e5560000, 0x00000000e5560000)
  from space 21824K, 100% used [0x00000000e5560000, 0x00000000e6ab0000, 0x00000000e6ab0000)
  to   space 21824K,   0% used [0x00000000e6ab0000, 0x00000000e6ab0000, 0x00000000e8000000)
 concurrent mark-sweep generation total 393216K, used 143002K [0x00000000e8000000, 0x0000000100000000, 0x0000000100000000)
 Metaspace       used 29633K, capacity 29926K, committed 30356K, reserved 1075200K
  class space    used 3496K, capacity 3643K, committed 3736K, reserved 1048576K
2015-09-09T11:08:35.092+0200: 77.843: [GC (Allocation Failure) 77.843: [ParNew
Desired survivor size 20112992 bytes, new threshold 8 (max 8)
- age   1:    3261528 bytes,    3261528 total
- age   2:    1005632 bytes,    4267160 total
- age   3:    1580072 bytes,    5847232 total
- age   4:    2774384 bytes,    8621616 total
- age   5:    7059576 bytes,   15681192 total
- age   6:    1615936 bytes,   17297128 total
- age   7:    1379496 bytes,   18676624 total
- age   8:     583296 bytes,   19259920 total
: 109248K->21824K(109248K), 0.0168366 secs] 252250K->165503K(502464K), 0.0168875 secs] [Times: user=0.06 sys=0.00, real=0.02 secs] 
Heap after GC invocations=59 (full 2):
 par new generation   total 109248K, used 21824K [0x00000000e0000000, 0x00000000e8000000, 0x00000000e8000000)
  eden space 87424K,   0% used [0x00000000e0000000, 0x00000000e0000000, 0x00000000e5560000)
  from space 21824K, 100% used [0x00000000e6ab0000, 0x00000000e8000000, 0x00000000e8000000)
  to   space 21824K,   0% used [0x00000000e5560000, 0x00000000e5560000, 0x00000000e6ab0000)
 concurrent mark-sweep generation total 393216K, used 143679K [0x00000000e8000000, 0x0000000100000000, 0x0000000100000000)
 Metaspace       used 29633K, capacity 29926K, committed 30356K, reserved 1075200K
  class space    used 3496K, capacity 3643K, committed 3736K, reserved 1048576K
}
2015-09-09T11:08:35.109+0200: 77.860: Total time for which application threads were stopped: 0.0170517 seconds, Stopping threads took: 0.0000211 seconds
2015-09-09T11:08:35.156+0200: 77.907: Total time for which application threads were stopped: 0.0001027 seconds, Stopping threads took: 0.0000182 seconds
2015-09-09T11:08:35.156+0200: 77.908: Total time for which application threads were stopped: 0.0000947 seconds, Stopping threads took: 0.0000237 seconds
{Heap before GC invocations=59 (full 2):
 par new generation   total 109248K, used 109248K [0x00000000e0000000, 0x00000000e8000000, 0x00000000e8000000)
  eden space 87424K, 100% used [0x00000000e0000000, 0x00000000e5560000, 0x00000000e5560000)
  from space 21824K, 100% used [0x00000000e6ab0000, 0x00000000e8000000, 0x00000000e8000000)
  to   space 21824K,   0% used [0x00000000e5560000, 0x00000000e5560000, 0x00000000e6ab0000)
 concurrent mark-sweep generation total 393216K, used 143679K [0x00000000e8000000, 0x0000000100000000, 0x0000000100000000)
 Metaspace       used 29682K, capacity 29990K, committed 30356K, reserved 1075200K
  class space    used 3496K, capacity 3643K, committed 3736K, reserved 1048576K
2015-09-09T11:08:35.389+0200: 78.141: [GC (Allocation Failure) 78.141: [ParNew
Desired survivor size 20112992 bytes, new threshold 8 (max 8)
- age   1:    2291816 bytes,    2291816 total
- age   2:    1072312 bytes,    3364128 total
- age   3:     823680 bytes,    4187808 total
- age   4:    1318632 bytes,    5506440 total
- age   5:    2357576 bytes,    7864016 total
- age   6:    7059576 bytes,   14923592 total
- age   7:    1615936 bytes,   16539528 total
- age   8:    1379496 bytes,   17919024 total
: 109248K->21824K(109248K), 0.0078342 secs] 252927K->169942K(502464K), 0.0078806 secs] [Times: user=0.00 sys=0.00, real=0.01 secs] 
Heap after GC invocations=60 (full 2):
 par new generation   total 109248K, used 21824K [0x00000000e0000000, 0x00000000e8000000, 0x00000000e8000000)
  eden space 87424K,   0% used [0x00000000e0000000, 0x00000000e0000000, 0x00000000e5560000)
  from space 21824K, 100% used [0x00000000e5560000, 0x00000000e6ab0000, 0x00000000e6ab0000)
  to   space 21824K,   0% used [0x00000000e6ab0000, 0x00000000e6ab0000, 0x00000000e8000000)
 concurrent mark-sweep generation total 393216K, used 148118K [0x00000000e8000000, 0x0000000100000000, 0x0000000100000000)
 Metaspace       used 29682K, capacity 29990K, committed 30356K, reserved 1075200K
  class space    used 3496K, capacity 3643K, committed 3736K, reserved 1048576K
}
2015-09-09T11:08:35.397+0200: 78.149: Total time for which application threads were stopped: 0.0080156 seconds, Stopping threads took: 0.0000134 seconds
2015-09-09T11:08:35.501+0200: 78.253: Total time for which application threads were stopped: 0.0000624 seconds, Stopping threads took: 0.0000227 seconds
2015-09-09T11:08:35.502+0200: 78.254: Total time for which application threads were stopped: 0.0000595 seconds, Stopping threads took: 0.0000294 seconds
2015-09-09T11:08:35.502+0200: 78.254: Total time for which application threads were stopped: 0.0000691 seconds, Stopping threads took: 0.0000381 seconds
2015-09-09T11:08:35.512+0200: 78.263: Total time for which application threads were stopped: 0.0000970 seconds, Stopping threads took: 0.0000266 seconds
2015-09-09T11:08:35.517+0200: 78.268: Total time for which application threads were stopped: 0.0000845 seconds, Stopping threads took: 0.0000163 seconds
2015-09-09T11:08:35.517+0200: 78.268: Total time for which application threads were stopped: 0.0000541 seconds, Stopping threads took: 0.0000080 seconds
{Heap before GC invocations=60 (full 2):
 par new generation   total 109248K, used 109248K [0x00000000e0000000, 0x00000000e8000000, 0x00000000e8000000)
  eden space 87424K, 100% used [0x00000000e0000000, 0x00000000e5560000, 0x00000000e5560000)
  from space 21824K, 100% used [0x00000000e5560000, 0x00000000e6ab0000, 0x00000000e6ab0000)
  to   space 21824K,   0% used [0x00000000e6ab0000, 0x00000000e6ab0000, 0x00000000e8000000)
 concurrent mark-sweep generation total 393216K, used 148118K [0x00000000e8000000, 0x0000000100000000, 0x0000000100000000)
 Metaspace       used 29687K, capacity 29990K, committed 30356K, reserved 1075200K
  class space    used 3497K, capacity 3643K, committed 3736K, reserved 1048576K
2015-09-09T11:08:35.605+0200: 78.357: [GC (Allocation Failure) 78.357: [ParNew
Desired survivor size 20112992 bytes, new threshold 8 (max 8)
- age   1:    5426672 bytes,    5426672 total
- age   2:    2000112 bytes,    7426784 total
- age   3:    1028480 bytes,    8455264 total
- age   4:     720992 bytes,    9176256 total
- age   5:    1245328 bytes,   10421584 total
- age   6:    2237032 bytes,   12658616 total
- age   7:    7058840 bytes,   19717456 total
- age   8:    1615904 bytes,   21333360 total
: 109248K->21824K(109248K), 0.0068681 secs] 257366K->173398K(502464K), 0.0069231 secs] [Times: user=0.00 sys=0.00, real=0.01 secs] 
Heap after GC invocations=61 (full 2):
 par new generation   total 109248K, used 21824K [0x00000000e0000000, 0x00000000e8000000, 0x00000000e8000000)
  eden space 87424K,   0% used [0x00000000e0000000, 0x00000000e0000000, 0x00000000e5560000)
  from space 21824K, 100% used [0x00000000e6ab0000, 0x00000000e8000000, 0x00000000e8000000)
  to   space 21824K,   0% used [0x00000000e5560000, 0x00000000e5560000, 0x00000000e6ab0000)
 concurrent mark-sweep generation total 393216K, used 151574K [0x00000000e8000000, 0x0000000100000000, 0x0000000100000000)
 Metaspace       used 29687K, capacity 29990K, committed 30356K, reserved 1075200K
  class space    used 3497K, capacity 3643K, committed 3736K, reserved 1048576K
}
2015-09-09T11:08:35.612+0200: 78.364: Total time for which application threads were stopped: 0.0070924 seconds, Stopping threads took: 0.0000317 seconds
2015-09-09T11:08:35.688+0200: 78.440: Total time for which application threads were stopped: 0.0001632 seconds, Stopping threads took: 0.0001050 seconds
2015-09-09T11:08:35.689+0200: 78.440: Total time for which application threads were stopped: 0.0000685 seconds, Stopping threads took: 0.0000128 seconds
2015-09-09T11:08:35.689+0200: 78.440: Total time for which application threads were stopped: 0.0000528 seconds, Stopping threads took: 0.0000106 seconds
2015-09-09T11:08:35.689+0200: 78.440: Total time for which application threads were stopped: 0.0000496 seconds, Stopping threads took: 0.0000128 seconds
2015-09-09T11:08:35.689+0200: 78.440: Total time for which application threads were stopped: 0.0000387 seconds, Stopping threads took: 0.0000067 seconds
2015-09-09T11:08:35.689+0200: 78.440: Total time for which application threads were stopped: 0.0000579 seconds, Stopping threads took: 0.0000179 seconds
{Heap before GC invocations=61 (full 2):
 par new generation   total 109248K, used 109248K [0x00000000e0000000, 0x00000000e8000000, 0x00000000e8000000)
  eden space 87424K, 100% used [0x00000000e0000000, 0x00000000e5560000, 0x00000000e5560000)
  from space 21824K, 100% used [0x00000000e6ab0000, 0x00000000e8000000, 0x00000000e8000000)
  to   space 21824K,   0% used [0x00000000e5560000, 0x00000000e5560000, 0x00000000e6ab0000)
 concurrent mark-sweep generation total 393216K, used 151574K [0x00000000e8000000, 0x0000000100000000, 0x0000000100000000)
 Metaspace       used 29706K, capacity 30060K, committed 30356K, reserved 1075200K
  class space    used 3499K, capacity 3644K, committed 3736K, reserved 1048576K
2015-09-09T11:08:35.728+0200: 78.479: [GC (Allocation Failure) 78.479: [ParNew
Desired survivor size 20112992 bytes, new threshold 8 (max 8)
- age   1:    2303456 bytes,    2303456 total
- age   2:    3907480 bytes,    6210936 total
- age   3:    1805960 bytes,    8016896 total
- age   4:     958024 bytes,    8974920 total
- age   5:     672840 bytes,    9647760 total
- age   6:    1162208 bytes,   10809968 total
- age   7:    2112848 bytes,   12922816 total
- age   8:    7058392 bytes,   19981208 total
: 109248K->21824K(109248K), 0.0164555 secs] 260822K->175626K(502464K), 0.0165093 secs] [Times: user=0.06 sys=0.00, real=0.02 secs] 
Heap after GC invocations=62 (full 2):
 par new generation   total 109248K, used 21824K [0x00000000e0000000, 0x00000000e8000000, 0x00000000e8000000)
  eden space 87424K,   0% used [0x00000000e0000000, 0x00000000e0000000, 0x00000000e5560000)
  from space 21824K, 100% used [0x00000000e5560000, 0x00000000e6ab0000, 0x00000000e6ab0000)
  to   space 21824K,   0% used [0x00000000e6ab0000, 0x00000000e6ab0000, 0x00000000e8000000)
 concurrent mark-sweep generation total 393216K, used 153802K [0x00000000e8000000, 0x0000000100000000, 0x0000000100000000)
 Metaspace       used 29706K, capacity 30060K, committed 30356K, reserved 1075200K
  class space    used 3499K, capacity 3644K, committed 3736K, reserved 1048576K
}
2015-09-09T11:08:35.744+0200: 78.496: Total time for which application threads were stopped: 0.0166651 seconds, Stopping threads took: 0.0000176 seconds
{Heap before GC invocations=62 (full 2):
 par new generation   total 109248K, used 109248K [0x00000000e0000000, 0x00000000e8000000, 0x00000000e8000000)
  eden space 87424K, 100% used [0x00000000e0000000, 0x00000000e5560000, 0x00000000e5560000)
  from space 21824K, 100% used [0x00000000e5560000, 0x00000000e6ab0000, 0x00000000e6ab0000)
  to   space 21824K,   0% used [0x00000000e6ab0000, 0x00000000e6ab0000, 0x00000000e8000000)
 concurrent mark-sweep generation total 393216K, used 153802K [0x00000000e8000000, 0x0000000100000000, 0x0000000100000000)
 Metaspace       used 29706K, capacity 30060K, committed 30356K, reserved 1075200K
  class space    used 3499K, capacity 3644K, committed 3736K, reserved 1048576K
2015-09-09T11:08:36.012+0200: 78.764: [GC (Allocation Failure) 78.764: [ParNew
Desired survivor size 20112992 bytes, new threshold 8 (max 8)
- age   1:    5215456 bytes,    5215456 total
- age   2:    1099360 bytes,    6314816 total
- age   3:    3907192 bytes,   10222008 total
- age   4:    1740408 bytes,   11962416 total
- age   5:     958024 bytes,   12920440 total
- age   6:     672840 bytes,   13593280 total
- age   7:    1162208 bytes,   14755488 total
- age   8:    2112848 bytes,   16868336 total
: 109248K->21824K(109248K), 0.0069881 secs] 263050K->182524K(502464K), 0.0070355 secs] [Times: user=0.00 sys=0.00, real=0.01 secs] 
Heap after GC invocations=63 (full 2):
 par new generation   total 109248K, used 21824K [0x00000000e0000000, 0x00000000e8000000, 0x00000000e8000000)
  eden space 87424K,   0% used [0x00000000e0000000, 0x00000000e0000000, 0x00000000e5560000)
  from space 21824K, 100% used [0x00000000e6ab0000, 0x00000000e8000000, 0x00000000e8000000)
  to   space 21824K,   0% used [0x00000000e5560000, 0x00000000e5560000, 0x00000000e6ab0000)
 concurrent mark-sweep generation total 393216K, used 160700K [0x00000000e8000000, 0x0000000100000000, 0x0000000100000000)
 Metaspace       used 29706K, capacity 30060K, committed 30356K, reserved 1075200K
  class space    used 3499K, capacity 3644K, committed 3736K, reserved 1048576K
}
2015-09-09T11:08:36.019+0200: 78.771: Total time for which application threads were stopped: 0.0071679 seconds, Stopping threads took: 0.0000141 seconds
{Heap before GC invocations=63 (full 2):
 par new generation   total 109248K, used 109248K [0x00000000e0000000, 0x00000000e8000000, 0x00000000e8000000)
  eden space 87424K, 100% used [0x00000000e0000000, 0x00000000e5560000, 0x00000000e5560000)
  from space 21824K, 100% used [0x00000000e6ab0000, 0x00000000e8000000, 0x00000000e8000000)
  to   space 21824K,   0% used [0x00000000e5560000, 0x00000000e5560000, 0x00000000e6ab0000)
 concurrent mark-sweep generation total 393216K, used 160700K [0x00000000e8000000, 0x0000000100000000, 0x0000000100000000)
 Metaspace       used 29706K, capacity 30060K, committed 30356K, reserved 1075200K
  class space    used 3499K, capacity 3644K, committed 3736K, reserved 1048576K
2015-09-09T11:08:36.280+0200: 79.032: [GC (Allocation Failure) 79.032: [ParNew
Desired survivor size 20112992 bytes, new threshold 8 (max 8)
- age   1:    5054928 bytes,    5054928 total
- age   2:    3554200 bytes,    8609128 total
- age   3:    1099360 bytes,    9708488 total
- age   4:    3939976 bytes,   13648464 total
- age   5:    1740408 bytes,   15388872 total
- age   6:     958024 bytes,   16346896 total
- age   7:     672840 bytes,   17019736 total
- age   8:    1162208 bytes,   18181944 total
: 109248K->21824K(109248K), 0.0066428 secs] 269948K->184588K(502464K), 0.0066886 secs] [Times: user=0.00 sys=0.00, real=0.01 secs] 
Heap after GC invocations=64 (full 2):
 par new generation   total 109248K, used 21824K [0x00000000e0000000, 0x00000000e8000000, 0x00000000e8000000)
  eden space 87424K,   0% used [0x00000000e0000000, 0x00000000e0000000, 0x00000000e5560000)
  from space 21824K, 100% used [0x00000000e5560000, 0x00000000e6ab0000, 0x00000000e6ab0000)
  to   space 21824K,   0% used [0x00000000e6ab0000, 0x00000000e6ab0000, 0x00000000e8000000)
 concurrent mark-sweep generation total 393216K, used 162764K [0x00000000e8000000, 0x0000000100000000, 0x0000000100000000)
 Metaspace       used 29706K, capacity 30060K, committed 30356K, reserved 1075200K
  class space    used 3499K, capacity 3644K, committed 3736K, reserved 1048576K
}
2015-09-09T11:08:36.287+0200: 79.038: Total time for which application threads were stopped: 0.0068275 seconds, Stopping threads took: 0.0000154 seconds
{Heap before GC invocations=64 (full 2):
 par new generation   total 109248K, used 109248K [0x00000000e0000000, 0x00000000e8000000, 0x00000000e8000000)
  eden space 87424K, 100% used [0x00000000e0000000, 0x00000000e5560000, 0x00000000e5560000)
  from space 21824K, 100% used [0x00000000e5560000, 0x00000000e6ab0000, 0x00000000e6ab0000)
  to   space 21824K,   0% used [0x00000000e6ab0000, 0x00000000e6ab0000, 0x00000000e8000000)
 concurrent mark-sweep generation total 393216K, used 162764K [0x00000000e8000000, 0x0000000100000000, 0x0000000100000000)
 Metaspace       used 29706K, capacity 30060K, committed 30356K, reserved 1075200K
  class space    used 3499K, capacity 3644K, committed 3736K, reserved 1048576K
2015-09-09T11:08:36.556+0200: 79.308: [GC (Allocation Failure) 79.308: [ParNew
Desired survivor size 20112992 bytes, new threshold 8 (max 8)
- age   1:    5269856 bytes,    5269856 total
- age   2:    2704408 bytes,    7974264 total
- age   3:    2807128 bytes,   10781392 total
- age   4:    1090352 bytes,   11871744 total
- age   5:    3842832 bytes,   15714576 total
- age   6:    1729224 bytes,   17443800 total
- age   7:     954864 bytes,   18398664 total
- age   8:     671248 bytes,   19069912 total
: 109248K->21824K(109248K), 0.0064313 secs] 272012K->187567K(502464K), 0.0064777 secs] [Times: user=0.00 sys=0.00, real=0.01 secs] 
Heap after GC invocations=65 (full 2):
 par new generation   total 109248K, used 21824K [0x00000000e0000000, 0x00000000e8000000, 0x00000000e8000000)
  eden space 87424K,   0% used [0x00000000e0000000, 0x00000000e0000000, 0x00000000e5560000)
  from space 21824K, 100% used [0x00000000e6ab0000, 0x00000000e8000000, 0x00000000e8000000)
  to   space 21824K,   0% used [0x00000000e5560000, 0x00000000e5560000, 0x00000000e6ab0000)
 concurrent mark-sweep generation total 393216K, used 165743K [0x00000000e8000000, 0x0000000100000000, 0x0000000100000000)
 Metaspace       used 29706K, capacity 30060K, committed 30356K, reserved 1075200K
  class space    used 3499K, capacity 3644K, committed 3736K, reserved 1048576K
}
2015-09-09T11:08:36.563+0200: 79.315: Total time for which application threads were stopped: 0.0066092 seconds, Stopping threads took: 0.0000138 seconds
{Heap before GC invocations=65 (full 2):
 par new generation   total 109248K, used 109248K [0x00000000e0000000, 0x00000000e8000000, 0x00000000e8000000)
  eden space 87424K, 100% used [0x00000000e0000000, 0x00000000e5560000, 0x00000000e5560000)
  from space 21824K, 100% used [0x00000000e6ab0000, 0x00000000e8000000, 0x00000000e8000000)
  to   space 21824K,   0% used [0x00000000e5560000, 0x00000000e5560000, 0x00000000e6ab0000)
 concurrent mark-sweep generation total 393216K, used 165743K [0x00000000e8000000, 0x0000000100000000, 0x0000000100000000)
 Metaspace       used 29706K, capacity 30060K, committed 30356K, reserved 1075200K
  class space    used 3499K, capacity 3644K, committed 3736K, reserved 1048576K
2015-09-09T11:08:36.835+0200: 79.587: [GC (Allocation Failure) 79.587: [ParNew
Desired survivor size 20112992 bytes, new threshold 8 (max 8)
- age   1:    1994808 bytes,    1994808 total
- age   2:    2534824 bytes,    4529632 total
- age   3:    2528360 bytes,    7057992 total
- age   4:    2707856 bytes,    9765848 total
- age   5:    1077056 bytes,   10842904 total
- age   6:    3730040 bytes,   14572944 total
- age   7:    1716176 bytes,   16289120 total
- age   8:     950560 bytes,   17239680 total
: 109248K->21824K(109248K), 0.0068313 secs] 274991K->193463K(502464K), 0.0068758 secs] [Times: user=0.00 sys=0.00, real=0.01 secs] 
Heap after GC invocations=66 (full 2):
 par new generation   total 109248K, used 21824K [0x00000000e0000000, 0x00000000e8000000, 0x00000000e8000000)
  eden space 87424K,   0% used [0x00000000e0000000, 0x00000000e0000000, 0x00000000e5560000)
  from space 21824K, 100% used [0x00000000e5560000, 0x00000000e6ab0000, 0x00000000e6ab0000)
  to   space 21824K,   0% used [0x00000000e6ab0000, 0x00000000e6ab0000, 0x00000000e8000000)
 concurrent mark-sweep generation total 393216K, used 171639K [0x00000000e8000000, 0x0000000100000000, 0x0000000100000000)
 Metaspace       used 29706K, capacity 30060K, committed 30356K, reserved 1075200K
  class space    used 3499K, capacity 3644K, committed 3736K, reserved 1048576K
}
2015-09-09T11:08:36.842+0200: 79.594: Total time for which application threads were stopped: 0.0070076 seconds, Stopping threads took: 0.0000141 seconds
{Heap before GC invocations=66 (full 2):
 par new generation   total 109248K, used 109248K [0x00000000e0000000, 0x00000000e8000000, 0x00000000e8000000)
  eden space 87424K, 100% used [0x00000000e0000000, 0x00000000e5560000, 0x00000000e5560000)
  from space 21824K, 100% used [0x00000000e5560000, 0x00000000e6ab0000, 0x00000000e6ab0000)
  to   space 21824K,   0% used [0x00000000e6ab0000, 0x00000000e6ab0000, 0x00000000e8000000)
 concurrent mark-sweep generation total 393216K, used 171639K [0x00000000e8000000, 0x0000000100000000, 0x0000000100000000)
 Metaspace       used 29706K, capacity 30060K, committed 30356K, reserved 1075200K
  class space    used 3499K, capacity 3644K, committed 3736K, reserved 1048576K
2015-09-09T11:08:37.115+0200: 79.867: [GC (Allocation Failure) 79.867: [ParNew
Desired survivor size 20112992 bytes, new threshold 7 (max 8)
- age   1:    6235568 bytes,    6235568 total
- age   2:    1749728 bytes,    7985296 total
- age   3:    2341872 bytes,   10327168 total
- age   4:    2442824 bytes,   12769992 total
- age   5:    2688032 bytes,   15458024 total
- age   6:    1071768 bytes,   16529792 total
- age   7:    3725256 bytes,   20255048 total
- age   8:    1715600 bytes,   21970648 total
: 109248K->21824K(109248K), 0.0072348 secs] 280887K->196545K(502464K), 0.0072828 secs] [Times: user=0.00 sys=0.00, real=0.01 secs] 
Heap after GC invocations=67 (full 2):
 par new generation   total 109248K, used 21824K [0x00000000e0000000, 0x00000000e8000000, 0x00000000e8000000)
  eden space 87424K,   0% used [0x00000000e0000000, 0x00000000e0000000, 0x00000000e5560000)
  from space 21824K, 100% used [0x00000000e6ab0000, 0x00000000e8000000, 0x00000000e8000000)
  to   space 21824K,   0% used [0x00000000e5560000, 0x00000000e5560000, 0x00000000e6ab0000)
 concurrent mark-sweep generation total 393216K, used 174721K [0x00000000e8000000, 0x0000000100000000, 0x0000000100000000)
 Metaspace       used 29706K, capacity 30060K, committed 30356K, reserved 1075200K
  class space    used 3499K, capacity 3644K, committed 3736K, reserved 1048576K
}
2015-09-09T11:08:37.123+0200: 79.874: Total time for which application threads were stopped: 0.0074153 seconds, Stopping threads took: 0.0000141 seconds
{Heap before GC invocations=67 (full 2):
 par new generation   total 109248K, used 109248K [0x00000000e0000000, 0x00000000e8000000, 0x00000000e8000000)
  eden space 87424K, 100% used [0x00000000e0000000, 0x00000000e5560000, 0x00000000e5560000)
  from space 21824K, 100% used [0x00000000e6ab0000, 0x00000000e8000000, 0x00000000e8000000)
  to   space 21824K,   0% used [0x00000000e5560000, 0x00000000e5560000, 0x00000000e6ab0000)
 concurrent mark-sweep generation total 393216K, used 174721K [0x00000000e8000000, 0x0000000100000000, 0x0000000100000000)
 Metaspace       used 29706K, capacity 30060K, committed 30356K, reserved 1075200K
  class space    used 3499K, capacity 3644K, committed 3736K, reserved 1048576K
2015-09-09T11:08:37.406+0200: 80.158: [GC (Allocation Failure) 80.158: [ParNew
Desired survivor size 20112992 bytes, new threshold 8 (max 8)
- age   1:    7412040 bytes,    7412040 total
- age   2:    1331136 bytes,    8743176 total
- age   3:    1506584 bytes,   10249760 total
- age   4:    1280832 bytes,   11530592 total
- age   5:    1741568 bytes,   13272160 total
- age   6:    2543272 bytes,   15815432 total
- age   7:    1068680 bytes,   16884112 total
: 109248K->21824K(109248K), 0.0079049 secs] 283969K->204987K(502464K), 0.0079506 secs] [Times: user=0.06 sys=0.00, real=0.01 secs] 
Heap after GC invocations=68 (full 2):
 par new generation   total 109248K, used 21824K [0x00000000e0000000, 0x00000000e8000000, 0x00000000e8000000)
  eden space 87424K,   0% used [0x00000000e0000000, 0x00000000e0000000, 0x00000000e5560000)
  from space 21824K, 100% used [0x00000000e5560000, 0x00000000e6ab0000, 0x00000000e6ab0000)
  to   space 21824K,   0% used [0x00000000e6ab0000, 0x00000000e6ab0000, 0x00000000e8000000)
 concurrent mark-sweep generation total 393216K, used 183163K [0x00000000e8000000, 0x0000000100000000, 0x0000000100000000)
 Metaspace       used 29706K, capacity 30060K, committed 30356K, reserved 1075200K
  class space    used 3499K, capacity 3644K, committed 3736K, reserved 1048576K
}
2015-09-09T11:08:37.414+0200: 80.166: Total time for which application threads were stopped: 0.0080825 seconds, Stopping threads took: 0.0000141 seconds
{Heap before GC invocations=68 (full 2):
 par new generation   total 109248K, used 109248K [0x00000000e0000000, 0x00000000e8000000, 0x00000000e8000000)
  eden space 87424K, 100% used [0x00000000e0000000, 0x00000000e5560000, 0x00000000e5560000)
  from space 21824K, 100% used [0x00000000e5560000, 0x00000000e6ab0000, 0x00000000e6ab0000)
  to   space 21824K,   0% used [0x00000000e6ab0000, 0x00000000e6ab0000, 0x00000000e8000000)
 concurrent mark-sweep generation total 393216K, used 183163K [0x00000000e8000000, 0x0000000100000000, 0x0000000100000000)
 Metaspace       used 29706K, capacity 30060K, committed 30356K, reserved 1075200K
  class space    used 3499K, capacity 3644K, committed 3736K, reserved 1048576K
2015-09-09T11:08:37.695+0200: 80.447: [GC (Allocation Failure) 80.447: [ParNew
Desired survivor size 20112992 bytes, new threshold 8 (max 8)
- age   1:    7984632 bytes,    7984632 total
- age   2:    2562760 bytes,   10547392 total
- age   3:    1319760 bytes,   11867152 total
- age   4:    1497784 bytes,   13364936 total
- age   5:    1271240 bytes,   14636176 total
- age   6:    1733512 bytes,   16369688 total
- age   7:    2535536 bytes,   18905224 total
- age   8:    1066760 bytes,   19971984 total
: 109248K->21824K(109248K), 0.0073686 secs] 292411K->205092K(502464K), 0.0074175 secs] [Times: user=0.00 sys=0.00, real=0.01 secs] 
Heap after GC invocations=69 (full 2):
 par new generation   total 109248K, used 21824K [0x00000000e0000000, 0x00000000e8000000, 0x00000000e8000000)
  eden space 87424K,   0% used [0x00000000e0000000, 0x00000000e0000000, 0x00000000e5560000)
  from space 21824K, 100% used [0x00000000e6ab0000, 0x00000000e8000000, 0x00000000e8000000)
  to   space 21824K,   0% used [0x00000000e5560000, 0x00000000e5560000, 0x00000000e6ab0000)
 concurrent mark-sweep generation total 393216K, used 183268K [0x00000000e8000000, 0x0000000100000000, 0x0000000100000000)
 Metaspace       used 29706K, capacity 30060K, committed 30356K, reserved 1075200K
  class space    used 3499K, capacity 3644K, committed 3736K, reserved 1048576K
}
2015-09-09T11:08:37.702+0200: 80.454: Total time for which application threads were stopped: 0.0075580 seconds, Stopping threads took: 0.0000144 seconds
{Heap before GC invocations=69 (full 2):
 par new generation   total 109248K, used 109248K [0x00000000e0000000, 0x00000000e8000000, 0x00000000e8000000)
  eden space 87424K, 100% used [0x00000000e0000000, 0x00000000e5560000, 0x00000000e5560000)
  from space 21824K, 100% used [0x00000000e6ab0000, 0x00000000e8000000, 0x00000000e8000000)
  to   space 21824K,   0% used [0x00000000e5560000, 0x00000000e5560000, 0x00000000e6ab0000)
 concurrent mark-sweep generation total 393216K, used 183268K [0x00000000e8000000, 0x0000000100000000, 0x0000000100000000)
 Metaspace       used 29706K, capacity 30060K, committed 30356K, reserved 1075200K
  class space    used 3499K, capacity 3644K, committed 3736K, reserved 1048576K
2015-09-09T11:08:37.986+0200: 80.738: [GC (Allocation Failure) 80.738: [ParNew
Desired survivor size 20112992 bytes, new threshold 8 (max 8)
- age   1:    9519400 bytes,    9519400 total
- age   2:    1975624 bytes,   11495024 total
- age   3:    2012760 bytes,   13507784 total
- age   4:     759216 bytes,   14267000 total
- age   5:    1276744 bytes,   15543744 total
- age   6:    1137008 bytes,   16680752 total
- age   7:    1590992 bytes,   18271744 total
- age   8:    2396200 bytes,   20667944 total
: 109248K->21824K(109248K), 0.0084665 secs] 292516K->209897K(502464K), 0.0085126 secs] [Times: user=0.06 sys=0.00, real=0.01 secs] 
Heap after GC invocations=70 (full 2):
 par new generation   total 109248K, used 21824K [0x00000000e0000000, 0x00000000e8000000, 0x00000000e8000000)
  eden space 87424K,   0% used [0x00000000e0000000, 0x00000000e0000000, 0x00000000e5560000)
  from space 21824K, 100% used [0x00000000e5560000, 0x00000000e6ab0000, 0x00000000e6ab0000)
  to   space 21824K,   0% used [0x00000000e6ab0000, 0x00000000e6ab0000, 0x00000000e8000000)
 concurrent mark-sweep generation total 393216K, used 188073K [0x00000000e8000000, 0x0000000100000000, 0x0000000100000000)
 Metaspace       used 29706K, capacity 30060K, committed 30356K, reserved 1075200K
  class space    used 3499K, capacity 3644K, committed 3736K, reserved 1048576K
}
2015-09-09T11:08:37.995+0200: 80.746: Total time for which application threads were stopped: 0.0086518 seconds, Stopping threads took: 0.0000144 seconds
{Heap before GC invocations=70 (full 2):
 par new generation   total 109248K, used 109248K [0x00000000e0000000, 0x00000000e8000000, 0x00000000e8000000)
  eden space 87424K, 100% used [0x00000000e0000000, 0x00000000e5560000, 0x00000000e5560000)
  from space 21824K, 100% used [0x00000000e5560000, 0x00000000e6ab0000, 0x00000000e6ab0000)
  to   space 21824K,   0% used [0x00000000e6ab0000, 0x00000000e6ab0000, 0x00000000e8000000)
 concurrent mark-sweep generation total 393216K, used 188073K [0x00000000e8000000, 0x0000000100000000, 0x0000000100000000)
 Metaspace       used 29706K, capacity 30060K, committed 30356K, reserved 1075200K
  class space    used 3499K, capacity 3644K, committed 3736K, reserved 1048576K
2015-09-09T11:08:38.284+0200: 81.036: [GC (Allocation Failure) 81.036: [ParNew
Desired survivor size 20112992 bytes, new threshold 8 (max 8)
- age   1:    3960448 bytes,    3960448 total
- age   2:    7525312 bytes,   11485760 total
- age   3:    1874312 bytes,   13360072 total
- age   4:    1922848 bytes,   15282920 total
- age   5:     676416 bytes,   15959336 total
- age   6:     908416 bytes,   16867752 total
- age   7:    1065096 bytes,   17932848 total
- age   8:    1520352 bytes,   19453200 total
: 109248K->21824K(109248K), 0.0082383 secs] 297321K->214260K(502464K), 0.0082838 secs] [Times: user=0.00 sys=0.00, real=0.01 secs] 
Heap after GC invocations=71 (full 2):
 par new generation   total 109248K, used 21824K [0x00000000e0000000, 0x00000000e8000000, 0x00000000e8000000)
  eden space 87424K,   0% used [0x00000000e0000000, 0x00000000e0000000, 0x00000000e5560000)
  from space 21824K, 100% used [0x00000000e6ab0000, 0x00000000e8000000, 0x00000000e8000000)
  to   space 21824K,   0% used [0x00000000e5560000, 0x00000000e5560000, 0x00000000e6ab0000)
 concurrent mark-sweep generation total 393216K, used 192436K [0x00000000e8000000, 0x0000000100000000, 0x0000000100000000)
 Metaspace       used 29706K, capacity 30060K, committed 30356K, reserved 1075200K
  class space    used 3499K, capacity 3644K, committed 3736K, reserved 1048576K
}
2015-09-09T11:08:38.293+0200: 81.044: Total time for which application threads were stopped: 0.0084348 seconds, Stopping threads took: 0.0000138 seconds
{Heap before GC invocations=71 (full 2):
 par new generation   total 109248K, used 109248K [0x00000000e0000000, 0x00000000e8000000, 0x00000000e8000000)
  eden space 87424K, 100% used [0x00000000e0000000, 0x00000000e5560000, 0x00000000e5560000)
  from space 21824K, 100% used [0x00000000e6ab0000, 0x00000000e8000000, 0x00000000e8000000)
  to   space 21824K,   0% used [0x00000000e5560000, 0x00000000e5560000, 0x00000000e6ab0000)
 concurrent mark-sweep generation total 393216K, used 192436K [0x00000000e8000000, 0x0000000100000000, 0x0000000100000000)
 Metaspace       used 29707K, capacity 30060K, committed 30356K, reserved 1075200K
  class space    used 3499K, capacity 3644K, committed 3736K, reserved 1048576K
2015-09-09T11:08:38.565+0200: 81.317: [GC (Allocation Failure) 81.317: [ParNew
Desired survivor size 20112992 bytes, new threshold 8 (max 8)
- age   1:    8095504 bytes,    8095504 total
- age   2:    2344064 bytes,   10439568 total
- age   3:    3114352 bytes,   13553920 total
- age   4:     741352 bytes,   14295272 total
- age   5:    1807736 bytes,   16103008 total
- age   6:     660904 bytes,   16763912 total
- age   7:     894160 bytes,   17658072 total
- age   8:    1051504 bytes,   18709576 total
: 109248K->21824K(109248K), 0.0078287 secs] 301684K->218221K(502464K), 0.0078774 secs] [Times: user=0.00 sys=0.00, real=0.01 secs] 
Heap after GC invocations=72 (full 2):
 par new generation   total 109248K, used 21824K [0x00000000e0000000, 0x00000000e8000000, 0x00000000e8000000)
  eden space 87424K,   0% used [0x00000000e0000000, 0x00000000e0000000, 0x00000000e5560000)
  from space 21824K, 100% used [0x00000000e5560000, 0x00000000e6ab0000, 0x00000000e6ab0000)
  to   space 21824K,   0% used [0x00000000e6ab0000, 0x00000000e6ab0000, 0x00000000e8000000)
 concurrent mark-sweep generation total 393216K, used 196397K [0x00000000e8000000, 0x0000000100000000, 0x0000000100000000)
 Metaspace       used 29707K, capacity 30060K, committed 30356K, reserved 1075200K
  class space    used 3499K, capacity 3644K, committed 3736K, reserved 1048576K
}
2015-09-09T11:08:38.573+0200: 81.325: Total time for which application threads were stopped: 0.0080124 seconds, Stopping threads took: 0.0000144 seconds
{Heap before GC invocations=72 (full 2):
 par new generation   total 109248K, used 109248K [0x00000000e0000000, 0x00000000e8000000, 0x00000000e8000000)
  eden space 87424K, 100% used [0x00000000e0000000, 0x00000000e5560000, 0x00000000e5560000)
  from space 21824K, 100% used [0x00000000e5560000, 0x00000000e6ab0000, 0x00000000e6ab0000)
  to   space 21824K,   0% used [0x00000000e6ab0000, 0x00000000e6ab0000, 0x00000000e8000000)
 concurrent mark-sweep generation total 393216K, used 196397K [0x00000000e8000000, 0x0000000100000000, 0x0000000100000000)
 Metaspace       used 29707K, capacity 30060K, committed 30356K, reserved 1075200K
  class space    used 3499K, capacity 3644K, committed 3736K, reserved 1048576K
2015-09-09T11:08:38.844+0200: 81.596: [GC (Allocation Failure) 81.596: [ParNew
Desired survivor size 20112992 bytes, new threshold 8 (max 8)
- age   1:    9882472 bytes,    9882472 total
- age   2:     980496 bytes,   10862968 total
- age   3:    1772224 bytes,   12635192 total
- age   4:    3048184 bytes,   15683376 total
- age   5:     691584 bytes,   16374960 total
- age   6:    1762336 bytes,   18137296 total
- age   7:     615200 bytes,   18752496 total
- age   8:     855200 bytes,   19607696 total
: 109248K->21824K(109248K), 0.0083679 secs] 305645K->220636K(502464K), 0.0084166 secs] [Times: user=0.06 sys=0.00, real=0.01 secs] 
Heap after GC invocations=73 (full 2):
 par new generation   total 109248K, used 21824K [0x00000000e0000000, 0x00000000e8000000, 0x00000000e8000000)
  eden space 87424K,   0% used [0x00000000e0000000, 0x00000000e0000000, 0x00000000e5560000)
  from space 21824K, 100% used [0x00000000e6ab0000, 0x00000000e8000000, 0x00000000e8000000)
  to   space 21824K,   0% used [0x00000000e5560000, 0x00000000e5560000, 0x00000000e6ab0000)
 concurrent mark-sweep generation total 393216K, used 198812K [0x00000000e8000000, 0x0000000100000000, 0x0000000100000000)
 Metaspace       used 29707K, capacity 30060K, committed 30356K, reserved 1075200K
  class space    used 3499K, capacity 3644K, committed 3736K, reserved 1048576K
}
2015-09-09T11:08:38.853+0200: 81.605: Total time for which application threads were stopped: 0.0085554 seconds, Stopping threads took: 0.0000141 seconds
2015-09-09T11:08:38.853+0200: 81.605: [GC (CMS Initial Mark) [1 CMS-initial-mark: 198812K(393216K)] 222378K(502464K), 0.0020477 secs] [Times: user=0.00 sys=0.00, real=0.00 secs] 
2015-09-09T11:08:38.855+0200: 81.607: Total time for which application threads were stopped: 0.0021286 seconds, Stopping threads took: 0.0000224 seconds
2015-09-09T11:08:38.855+0200: 81.607: [CMS-concurrent-mark-start]
2015-09-09T11:08:38.868+0200: 81.620: [CMS-concurrent-mark: 0.013/0.013 secs] [Times: user=0.06 sys=0.00, real=0.01 secs] 
2015-09-09T11:08:38.868+0200: 81.620: [CMS-concurrent-preclean-start]
2015-09-09T11:08:38.869+0200: 81.620: [CMS-concurrent-preclean: 0.001/0.001 secs] [Times: user=0.00 sys=0.00, real=0.00 secs] 
2015-09-09T11:08:38.869+0200: 81.620: [CMS-concurrent-abortable-preclean-start]
2015-09-09T11:08:39.019+0200: 81.771: [CMS-concurrent-abortable-preclean: 0.150/0.150 secs] [Times: user=0.31 sys=0.00, real=0.15 secs] 
2015-09-09T11:08:39.019+0200: 81.771: [GC (CMS Final Remark) [YG occupancy: 70893 K (109248 K)]{Heap before GC invocations=73 (full 3):
 par new generation   total 109248K, used 70893K [0x00000000e0000000, 0x00000000e8000000, 0x00000000e8000000)
  eden space 87424K,  56% used [0x00000000e0000000, 0x00000000e2feb6e0, 0x00000000e5560000)
  from space 21824K, 100% used [0x00000000e6ab0000, 0x00000000e8000000, 0x00000000e8000000)
  to   space 21824K,   0% used [0x00000000e5560000, 0x00000000e5560000, 0x00000000e6ab0000)
 concurrent mark-sweep generation total 393216K, used 198812K [0x00000000e8000000, 0x0000000100000000, 0x0000000100000000)
 Metaspace       used 29707K, capacity 30060K, committed 30356K, reserved 1075200K
  class space    used 3499K, capacity 3644K, committed 3736K, reserved 1048576K
2015-09-09T11:08:39.019+0200: 81.771: [GC (CMS Final Remark) 81.771: [ParNew
Desired survivor size 20112992 bytes, new threshold 8 (max 8)
- age   1:    1503592 bytes,    1503592 total
- age   2:    9876560 bytes,   11380152 total
- age   3:     977264 bytes,   12357416 total
- age   4:    1770296 bytes,   14127712 total
- age   5:    3046856 bytes,   17174568 total
- age   6:     690568 bytes,   17865136 total
- age   7:    1759360 bytes,   19624496 total
- age   8:     614424 bytes,   20238920 total
: 70893K->21824K(109248K), 0.0073174 secs] 269706K->221499K(502464K), 0.0073513 secs] [Times: user=0.00 sys=0.00, real=0.01 secs] 
Heap after GC invocations=74 (full 3):
 par new generation   total 109248K, used 21824K [0x00000000e0000000, 0x00000000e8000000, 0x00000000e8000000)
  eden space 87424K,   0% used [0x00000000e0000000, 0x00000000e0000000, 0x00000000e5560000)
  from space 21824K, 100% used [0x00000000e5560000, 0x00000000e6ab0000, 0x00000000e6ab0000)
  to   space 21824K,   0% used [0x00000000e6ab0000, 0x00000000e6ab0000, 0x00000000e8000000)
 concurrent mark-sweep generation total 393216K, used 199675K [0x00000000e8000000, 0x0000000100000000, 0x0000000100000000)
 Metaspace       used 29707K, capacity 30060K, committed 30356K, reserved 1075200K
  class space    used 3499K, capacity 3644K, committed 3736K, reserved 1048576K
}
81.779: [Rescan (parallel) , 0.0029910 secs]81.782: [weak refs processing, 0.0006022 secs]81.782: [class unloading, 0.0038496 secs]81.786: [scrub symbol table, 0.0029091 secs]81.789: [scrub string table, 0.0003638 secs][1 CMS-remark: 199675K(393216K)] 221499K(502464K), 0.0186651 secs] [Times: user=0.01 sys=0.00, real=0.02 secs] 
2015-09-09T11:08:39.038+0200: 81.790: Total time for which application threads were stopped: 0.0187797 seconds, Stopping threads took: 0.0000435 seconds
2015-09-09T11:08:39.038+0200: 81.790: [CMS-concurrent-sweep-start]
2015-09-09T11:08:39.062+0200: 81.814: [CMS-concurrent-sweep: 0.024/0.024 secs] [Times: user=0.03 sys=0.00, real=0.02 secs] 
2015-09-09T11:08:39.062+0200: 81.814: [CMS-concurrent-reset-start]
2015-09-09T11:08:39.062+0200: 81.814: [CMS-concurrent-reset: 0.000/0.000 secs] [Times: user=0.00 sys=0.00, real=0.00 secs] 
{Heap before GC invocations=74 (full 3):
 par new generation   total 109248K, used 109248K [0x00000000e0000000, 0x00000000e8000000, 0x00000000e8000000)
  eden space 87424K, 100% used [0x00000000e0000000, 0x00000000e5560000, 0x00000000e5560000)
  from space 21824K, 100% used [0x00000000e5560000, 0x00000000e6ab0000, 0x00000000e6ab0000)
  to   space 21824K,   0% used [0x00000000e6ab0000, 0x00000000e6ab0000, 0x00000000e8000000)
 concurrent mark-sweep generation total 393216K, used 55957K [0x00000000e8000000, 0x0000000100000000, 0x0000000100000000)
 Metaspace       used 29707K, capacity 30060K, committed 30356K, reserved 1075200K
  class space    used 3499K, capacity 3644K, committed 3736K, reserved 1048576K
2015-09-09T11:08:39.332+0200: 82.084: [GC (Allocation Failure) 82.084: [ParNew
Desired survivor size 20112992 bytes, new threshold 8 (max 8)
- age   1:    5949776 bytes,    5949776 total
- age   2:    1443136 bytes,    7392912 total
- age   3:    4954584 bytes,   12347496 total
- age   4:     957104 bytes,   13304600 total
- age   5:    1756856 bytes,   15061456 total
- age   6:    3037992 bytes,   18099448 total
- age   7:     681928 bytes,   18781376 total
- age   8:     965656 bytes,   19747032 total
: 109248K->21824K(109248K), 0.0081170 secs] 165205K->81888K(502464K), 0.0081945 secs] [Times: user=0.00 sys=0.00, real=0.01 secs] 
Heap after GC invocations=75 (full 3):
 par new generation   total 109248K, used 21824K [0x00000000e0000000, 0x00000000e8000000, 0x00000000e8000000)
  eden space 87424K,   0% used [0x00000000e0000000, 0x00000000e0000000, 0x00000000e5560000)
  from space 21824K, 100% used [0x00000000e6ab0000, 0x00000000e8000000, 0x00000000e8000000)
  to   space 21824K,   0% used [0x00000000e5560000, 0x00000000e5560000, 0x00000000e6ab0000)
 concurrent mark-sweep generation total 393216K, used 60064K [0x00000000e8000000, 0x0000000100000000, 0x0000000100000000)
 Metaspace       used 29707K, capacity 30060K, committed 30356K, reserved 1075200K
  class space    used 3499K, capacity 3644K, committed 3736K, reserved 1048576K
}
2015-09-09T11:08:39.340+0200: 82.092: Total time for which application threads were stopped: 0.0083276 seconds, Stopping threads took: 0.0000141 seconds
{Heap before GC invocations=75 (full 3):
 par new generation   total 109248K, used 109248K [0x00000000e0000000, 0x00000000e8000000, 0x00000000e8000000)
  eden space 87424K, 100% used [0x00000000e0000000, 0x00000000e5560000, 0x00000000e5560000)
  from space 21824K, 100% used [0x00000000e6ab0000, 0x00000000e8000000, 0x00000000e8000000)
  to   space 21824K,   0% used [0x00000000e5560000, 0x00000000e5560000, 0x00000000e6ab0000)
 concurrent mark-sweep generation total 393216K, used 60064K [0x00000000e8000000, 0x0000000100000000, 0x0000000100000000)
 Metaspace       used 29707K, capacity 30060K, committed 30356K, reserved 1075200K
  class space    used 3499K, capacity 3644K, committed 3736K, reserved 1048576K
2015-09-09T11:08:39.608+0200: 82.360: [GC (Allocation Failure) 82.360: [ParNew
Desired survivor size 20112992 bytes, new threshold 8 (max 8)
- age   1:    6951656 bytes,    6951656 total
- age   2:    3196392 bytes,   10148048 total
- age   3:     571552 bytes,   10719600 total
- age   4:    1570328 bytes,   12289928 total
- age   5:     926296 bytes,   13216224 total
- age   6:    1621944 bytes,   14838168 total
- age   7:    3022992 bytes,   17861160 total
- age   8:     667392 bytes,   18528552 total
: 109248K->21824K(109248K), 0.0088710 secs] 169312K->88653K(502464K), 0.0089161 secs] [Times: user=0.06 sys=0.00, real=0.01 secs] 
Heap after GC invocations=76 (full 3):
 par new generation   total 109248K, used 21824K [0x00000000e0000000, 0x00000000e8000000, 0x00000000e8000000)
  eden space 87424K,   0% used [0x00000000e0000000, 0x00000000e0000000, 0x00000000e5560000)
  from space 21824K, 100% used [0x00000000e5560000, 0x00000000e6ab0000, 0x00000000e6ab0000)
  to   space 21824K,   0% used [0x00000000e6ab0000, 0x00000000e6ab0000, 0x00000000e8000000)
 concurrent mark-sweep generation total 393216K, used 66829K [0x00000000e8000000, 0x0000000100000000, 0x0000000100000000)
 Metaspace       used 29707K, capacity 30060K, committed 30356K, reserved 1075200K
  class space    used 3499K, capacity 3644K, committed 3736K, reserved 1048576K
}
2015-09-09T11:08:39.617+0200: 82.369: Total time for which application threads were stopped: 0.0090550 seconds, Stopping threads took: 0.0000144 seconds
{Heap before GC invocations=76 (full 3):
 par new generation   total 109248K, used 109248K [0x00000000e0000000, 0x00000000e8000000, 0x00000000e8000000)
  eden space 87424K, 100% used [0x00000000e0000000, 0x00000000e5560000, 0x00000000e5560000)
  from space 21824K, 100% used [0x00000000e5560000, 0x00000000e6ab0000, 0x00000000e6ab0000)
  to   space 21824K,   0% used [0x00000000e6ab0000, 0x00000000e6ab0000, 0x00000000e8000000)
 concurrent mark-sweep generation total 393216K, used 66829K [0x00000000e8000000, 0x0000000100000000, 0x0000000100000000)
 Metaspace       used 29707K, capacity 30060K, committed 30356K, reserved 1075200K
  class space    used 3499K, capacity 3644K, committed 3736K, reserved 1048576K
2015-09-09T11:08:39.920+0200: 82.672: [GC (Allocation Failure) 82.672: [ParNew
Desired survivor size 20112992 bytes, new threshold 8 (max 8)
- age   1:    3437664 bytes,    3437664 total
- age   2:    6089240 bytes,    9526904 total
- age   3:    2538912 bytes,   12065816 total
- age   4:     571552 bytes,   12637368 total
- age   5:    1570328 bytes,   14207696 total
- age   6:     926296 bytes,   15133992 total
- age   7:    1621944 bytes,   16755936 total
- age   8:    3022992 bytes,   19778928 total
: 109248K->21824K(109248K), 0.0086348 secs] 176077K->90154K(502464K), 0.0086809 secs] [Times: user=0.02 sys=0.00, real=0.01 secs] 
Heap after GC invocations=77 (full 3):
 par new generation   total 109248K, used 21824K [0x00000000e0000000, 0x00000000e8000000, 0x00000000e8000000)
  eden space 87424K,   0% used [0x00000000e0000000, 0x00000000e0000000, 0x00000000e5560000)
  from space 21824K, 100% used [0x00000000e6ab0000, 0x00000000e8000000, 0x00000000e8000000)
  to   space 21824K,   0% used [0x00000000e5560000, 0x00000000e5560000, 0x00000000e6ab0000)
 concurrent mark-sweep generation total 393216K, used 68330K [0x00000000e8000000, 0x0000000100000000, 0x0000000100000000)
 Metaspace       used 29707K, capacity 30060K, committed 30356K, reserved 1075200K
  class space    used 3499K, capacity 3644K, committed 3736K, reserved 1048576K
}
2015-09-09T11:08:39.929+0200: 82.681: Total time for which application threads were stopped: 0.0088204 seconds, Stopping threads took: 0.0000160 seconds
{Heap before GC invocations=77 (full 3):
 par new generation   total 109248K, used 109248K [0x00000000e0000000, 0x00000000e8000000, 0x00000000e8000000)
  eden space 87424K, 100% used [0x00000000e0000000, 0x00000000e5560000, 0x00000000e5560000)
  from space 21824K, 100% used [0x00000000e6ab0000, 0x00000000e8000000, 0x00000000e8000000)
  to   space 21824K,   0% used [0x00000000e5560000, 0x00000000e5560000, 0x00000000e6ab0000)
 concurrent mark-sweep generation total 393216K, used 68330K [0x00000000e8000000, 0x0000000100000000, 0x0000000100000000)
 Metaspace       used 29707K, capacity 30060K, committed 30356K, reserved 1075200K
  class space    used 3499K, capacity 3644K, committed 3736K, reserved 1048576K
2015-09-09T11:08:40.205+0200: 82.957: [GC (Allocation Failure) 82.957: [ParNew
Desired survivor size 20112992 bytes, new threshold 8 (max 8)
- age   1:   10292032 bytes,   10292032 total
- age   2:    2171768 bytes,   12463800 total
- age   3:     894224 bytes,   13358024 total
- age   4:    2515048 bytes,   15873072 total
- age   5:     559368 bytes,   16432440 total
- age   6:     837848 bytes,   17270288 total
- age   7:     915848 bytes,   18186136 total
- age   8:    1614256 bytes,   19800392 total
: 109248K->21824K(109248K), 0.0089938 secs] 177578K->97406K(502464K), 0.0090396 secs] [Times: user=0.00 sys=0.00, real=0.01 secs] 
Heap after GC invocations=78 (full 3):
 par new generation   total 109248K, used 21824K [0x00000000e0000000, 0x00000000e8000000, 0x00000000e8000000)
  eden space 87424K,   0% used [0x00000000e0000000, 0x00000000e0000000, 0x00000000e5560000)
  from space 21824K, 100% used [0x00000000e5560000, 0x00000000e6ab0000, 0x00000000e6ab0000)
  to   space 21824K,   0% used [0x00000000e6ab0000, 0x00000000e6ab0000, 0x00000000e8000000)
 concurrent mark-sweep generation total 393216K, used 75582K [0x00000000e8000000, 0x0000000100000000, 0x0000000100000000)
 Metaspace       used 29707K, capacity 30060K, committed 30356K, reserved 1075200K
  class space    used 3499K, capacity 3644K, committed 3736K, reserved 1048576K
}
2015-09-09T11:08:40.214+0200: 82.966: Total time for which application threads were stopped: 0.0091695 seconds, Stopping threads took: 0.0000144 seconds
{Heap before GC invocations=78 (full 3):
 par new generation   total 109248K, used 109248K [0x00000000e0000000, 0x00000000e8000000, 0x00000000e8000000)
  eden space 87424K, 100% used [0x00000000e0000000, 0x00000000e5560000, 0x00000000e5560000)
  from space 21824K, 100% used [0x00000000e5560000, 0x00000000e6ab0000, 0x00000000e6ab0000)
  to   space 21824K,   0% used [0x00000000e6ab0000, 0x00000000e6ab0000, 0x00000000e8000000)
 concurrent mark-sweep generation total 393216K, used 75582K [0x00000000e8000000, 0x0000000100000000, 0x0000000100000000)
 Metaspace       used 29707K, capacity 30060K, committed 30356K, reserved 1075200K
  class space    used 3499K, capacity 3644K, committed 3736K, reserved 1048576K
2015-09-09T11:08:40.514+0200: 83.266: [GC (Allocation Failure) 83.266: [ParNew
Desired survivor size 20112992 bytes, new threshold 8 (max 8)
- age   1:    2578464 bytes,    2578464 total
- age   2:   10173424 bytes,   12751888 total
- age   3:    1895960 bytes,   14647848 total
- age   4:     817960 bytes,   15465808 total
- age   5:    2445264 bytes,   17911072 total
- age   6:     523592 bytes,   18434664 total
- age   7:     790632 bytes,   19225296 total
- age   8:     869416 bytes,   20094712 total
: 109248K->21824K(109248K), 0.0089583 secs] 184830K->99902K(502464K), 0.0090156 secs] [Times: user=0.00 sys=0.00, real=0.01 secs] 
Heap after GC invocations=79 (full 3):
 par new generation   total 109248K, used 21824K [0x00000000e0000000, 0x00000000e8000000, 0x00000000e8000000)
  eden space 87424K,   0% used [0x00000000e0000000, 0x00000000e0000000, 0x00000000e5560000)
  from space 21824K, 100% used [0x00000000e6ab0000, 0x00000000e8000000, 0x00000000e8000000)
  to   space 21824K,   0% used [0x00000000e5560000, 0x00000000e5560000, 0x00000000e6ab0000)
 concurrent mark-sweep generation total 393216K, used 78078K [0x00000000e8000000, 0x0000000100000000, 0x0000000100000000)
 Metaspace       used 29707K, capacity 30060K, committed 30356K, reserved 1075200K
  class space    used 3499K, capacity 3644K, committed 3736K, reserved 1048576K
}
2015-09-09T11:08:40.524+0200: 83.275: Total time for which application threads were stopped: 0.0091625 seconds, Stopping threads took: 0.0000144 seconds
{Heap before GC invocations=79 (full 3):
 par new generation   total 109248K, used 109248K [0x00000000e0000000, 0x00000000e8000000, 0x00000000e8000000)
  eden space 87424K, 100% used [0x00000000e0000000, 0x00000000e5560000, 0x00000000e5560000)
  from space 21824K, 100% used [0x00000000e6ab0000, 0x00000000e8000000, 0x00000000e8000000)
  to   space 21824K,   0% used [0x00000000e5560000, 0x00000000e5560000, 0x00000000e6ab0000)
 concurrent mark-sweep generation total 393216K, used 78078K [0x00000000e8000000, 0x0000000100000000, 0x0000000100000000)
 Metaspace       used 29707K, capacity 30060K, committed 30356K, reserved 1075200K
  class space    used 3499K, capacity 3644K, committed 3736K, reserved 1048576K
2015-09-09T11:08:40.786+0200: 83.537: [GC (Allocation Failure) 83.537: [ParNew
Desired survivor size 20112992 bytes, new threshold 6 (max 8)
- age   1:   12473312 bytes,   12473312 total
- age   2:    2558960 bytes,   15032272 total
- age   3:    1475336 bytes,   16507608 total
- age   4:    1298608 bytes,   17806216 total
- age   5:     803400 bytes,   18609616 total
- age   6:    2430448 bytes,   21040064 total
- age   7:     514512 bytes,   21554576 total
- age   8:     754656 bytes,   22309232 total
: 109248K->21824K(109248K), 0.0090009 secs] 187326K->102245K(502464K), 0.0090431 secs] [Times: user=0.02 sys=0.00, real=0.01 secs] 
Heap after GC invocations=80 (full 3):
 par new generation   total 109248K, used 21824K [0x00000000e0000000, 0x00000000e8000000, 0x00000000e8000000)
  eden space 87424K,   0% used [0x00000000e0000000, 0x00000000e0000000, 0x00000000e5560000)
  from space 21824K, 100% used [0x00000000e5560000, 0x00000000e6ab0000, 0x00000000e6ab0000)
  to   space 21824K,   0% used [0x00000000e6ab0000, 0x00000000e6ab0000, 0x00000000e8000000)
 concurrent mark-sweep generation total 393216K, used 80421K [0x00000000e8000000, 0x0000000100000000, 0x0000000100000000)
 Metaspace       used 29707K, capacity 30060K, committed 30356K, reserved 1075200K
  class space    used 3499K, capacity 3644K, committed 3736K, reserved 1048576K
}
2015-09-09T11:08:40.795+0200: 83.546: Total time for which application threads were stopped: 0.0092044 seconds, Stopping threads took: 0.0000352 seconds
{Heap before GC invocations=80 (full 3):
 par new generation   total 109248K, used 109248K [0x00000000e0000000, 0x00000000e8000000, 0x00000000e8000000)
  eden space 87424K, 100% used [0x00000000e0000000, 0x00000000e5560000, 0x00000000e5560000)
  from space 21824K, 100% used [0x00000000e5560000, 0x00000000e6ab0000, 0x00000000e6ab0000)
  to   space 21824K,   0% used [0x00000000e6ab0000, 0x00000000e6ab0000, 0x00000000e8000000)
 concurrent mark-sweep generation total 393216K, used 80421K [0x00000000e8000000, 0x0000000100000000, 0x0000000100000000)
 Metaspace       used 29707K, capacity 30060K, committed 30356K, reserved 1075200K
  class space    used 3499K, capacity 3644K, committed 3736K, reserved 1048576K
2015-09-09T11:08:41.101+0200: 83.852: [GC (Allocation Failure) 83.852: [ParNew
Desired survivor size 20112992 bytes, new threshold 8 (max 8)
- age   1:    2487432 bytes,    2487432 total
- age   2:   12248224 bytes,   14735656 total
- age   3:    2076632 bytes,   16812288 total
- age   4:    1377960 bytes,   18190248 total
- age   5:     858920 bytes,   19049168 total
- age   6:     745008 bytes,   19794176 total
: 109248K->21824K(109248K), 0.0107209 secs] 189669K->108405K(502464K), 0.0107666 secs] [Times: user=0.06 sys=0.00, real=0.01 secs] 
Heap after GC invocations=81 (full 3):
 par new generation   total 109248K, used 21824K [0x00000000e0000000, 0x00000000e8000000, 0x00000000e8000000)
  eden space 87424K,   0% used [0x00000000e0000000, 0x00000000e0000000, 0x00000000e5560000)
  from space 21824K, 100% used [0x00000000e6ab0000, 0x00000000e8000000, 0x00000000e8000000)
  to   space 21824K,   0% used [0x00000000e5560000, 0x00000000e5560000, 0x00000000e6ab0000)
 concurrent mark-sweep generation total 393216K, used 86581K [0x00000000e8000000, 0x0000000100000000, 0x0000000100000000)
 Metaspace       used 29707K, capacity 30060K, committed 30356K, reserved 1075200K
  class space    used 3499K, capacity 3644K, committed 3736K, reserved 1048576K
}
2015-09-09T11:08:41.111+0200: 83.863: Total time for which application threads were stopped: 0.0110005 seconds, Stopping threads took: 0.0000253 seconds
{Heap before GC invocations=81 (full 3):
 par new generation   total 109248K, used 109248K [0x00000000e0000000, 0x00000000e8000000, 0x00000000e8000000)
  eden space 87424K, 100% used [0x00000000e0000000, 0x00000000e5560000, 0x00000000e5560000)
  from space 21824K, 100% used [0x00000000e6ab0000, 0x00000000e8000000, 0x00000000e8000000)
  to   space 21824K,   0% used [0x00000000e5560000, 0x00000000e5560000, 0x00000000e6ab0000)
 concurrent mark-sweep generation total 393216K, used 86581K [0x00000000e8000000, 0x0000000100000000, 0x0000000100000000)
 Metaspace       used 29707K, capacity 30060K, committed 30356K, reserved 1075200K
  class space    used 3499K, capacity 3644K, committed 3736K, reserved 1048576K
2015-09-09T11:08:41.420+0200: 84.172: [GC (Allocation Failure) 84.172: [ParNew
Desired survivor size 20112992 bytes, new threshold 7 (max 8)
- age   1:    9254856 bytes,    9254856 total
- age   2:    2138944 bytes,   11393800 total
- age   3:    4816208 bytes,   16210008 total
- age   4:    1444784 bytes,   17654792 total
- age   5:    1370672 bytes,   19025464 total
- age   6:     851168 bytes,   19876632 total
- age   7:     740848 bytes,   20617480 total
: 109248K->21824K(109248K), 0.0083014 secs] 195829K->114602K(502464K), 0.0083631 secs] [Times: user=0.00 sys=0.00, real=0.01 secs] 
Heap after GC invocations=82 (full 3):
 par new generation   total 109248K, used 21824K [0x00000000e0000000, 0x00000000e8000000, 0x00000000e8000000)
  eden space 87424K,   0% used [0x00000000e0000000, 0x00000000e0000000, 0x00000000e5560000)
  from space 21824K, 100% used [0x00000000e5560000, 0x00000000e6ab0000, 0x00000000e6ab0000)
  to   space 21824K,   0% used [0x00000000e6ab0000, 0x00000000e6ab0000, 0x00000000e8000000)
 concurrent mark-sweep generation total 393216K, used 92778K [0x00000000e8000000, 0x0000000100000000, 0x0000000100000000)
 Metaspace       used 29707K, capacity 30060K, committed 30356K, reserved 1075200K
  class space    used 3499K, capacity 3644K, committed 3736K, reserved 1048576K
}
2015-09-09T11:08:41.429+0200: 84.181: Total time for which application threads were stopped: 0.0085254 seconds, Stopping threads took: 0.0000147 seconds
{Heap before GC invocations=82 (full 3):
 par new generation   total 109248K, used 109248K [0x00000000e0000000, 0x00000000e8000000, 0x00000000e8000000)
  eden space 87424K, 100% used [0x00000000e0000000, 0x00000000e5560000, 0x00000000e5560000)
  from space 21824K, 100% used [0x00000000e5560000, 0x00000000e6ab0000, 0x00000000e6ab0000)
  to   space 21824K,   0% used [0x00000000e6ab0000, 0x00000000e6ab0000, 0x00000000e8000000)
 concurrent mark-sweep generation total 393216K, used 92778K [0x00000000e8000000, 0x0000000100000000, 0x0000000100000000)
 Metaspace       used 29707K, capacity 30060K, committed 30356K, reserved 1075200K
  class space    used 3499K, capacity 3644K, committed 3736K, reserved 1048576K
2015-09-09T11:08:41.710+0200: 84.462: [GC (Allocation Failure) 84.462: [ParNew
Desired survivor size 20112992 bytes, new threshold 7 (max 8)
- age   1:    5017600 bytes,    5017600 total
- age   2:    9187904 bytes,   14205504 total
- age   3:    2095256 bytes,   16300760 total
- age   4:     780528 bytes,   17081288 total
- age   5:    1104024 bytes,   18185312 total
- age   6:    1361072 bytes,   19546384 total
- age   7:     839984 bytes,   20386368 total
: 109248K->21824K(109248K), 0.0090201 secs] 202026K->122993K(502464K), 0.0090652 secs] [Times: user=0.06 sys=0.00, real=0.01 secs] 
Heap after GC invocations=83 (full 3):
 par new generation   total 109248K, used 21824K [0x00000000e0000000, 0x00000000e8000000, 0x00000000e8000000)
  eden space 87424K,   0% used [0x00000000e0000000, 0x00000000e0000000, 0x00000000e5560000)
  from space 21824K, 100% used [0x00000000e6ab0000, 0x00000000e8000000, 0x00000000e8000000)
  to   space 21824K,   0% used [0x00000000e5560000, 0x00000000e5560000, 0x00000000e6ab0000)
 concurrent mark-sweep generation total 393216K, used 101169K [0x00000000e8000000, 0x0000000100000000, 0x0000000100000000)
 Metaspace       used 29707K, capacity 30060K, committed 30356K, reserved 1075200K
  class space    used 3499K, capacity 3644K, committed 3736K, reserved 1048576K
}
2015-09-09T11:08:41.719+0200: 84.471: Total time for which application threads were stopped: 0.0091974 seconds, Stopping threads took: 0.0000138 seconds
{Heap before GC invocations=83 (full 3):
 par new generation   total 109248K, used 109248K [0x00000000e0000000, 0x00000000e8000000, 0x00000000e8000000)
  eden space 87424K, 100% used [0x00000000e0000000, 0x00000000e5560000, 0x00000000e5560000)
  from space 21824K, 100% used [0x00000000e6ab0000, 0x00000000e8000000, 0x00000000e8000000)
  to   space 21824K,   0% used [0x00000000e5560000, 0x00000000e5560000, 0x00000000e6ab0000)
 concurrent mark-sweep generation total 393216K, used 101169K [0x00000000e8000000, 0x0000000100000000, 0x0000000100000000)
 Metaspace       used 29707K, capacity 30060K, committed 30356K, reserved 1075200K
  class space    used 3499K, capacity 3644K, committed 3736K, reserved 1048576K
2015-09-09T11:08:42.020+0200: 84.772: [GC (Allocation Failure) 84.772: [ParNew
Desired survivor size 20112992 bytes, new threshold 8 (max 8)
- age   1:    1873944 bytes,    1873944 total
- age   2:    3758608 bytes,    5632552 total
- age   3:    9158864 bytes,   14791416 total
- age   4:    1897808 bytes,   16689224 total
- age   5:     765264 bytes,   17454488 total
- age   6:    1093136 bytes,   18547624 total
- age   7:    1351872 bytes,   19899496 total
: 109248K->21824K(109248K), 0.0089110 secs] 210417K->126131K(502464K), 0.0089663 secs] [Times: user=0.06 sys=0.00, real=0.01 secs] 
Heap after GC invocations=84 (full 3):
 par new generation   total 109248K, used 21824K [0x00000000e0000000, 0x00000000e8000000, 0x00000000e8000000)
  eden space 87424K,   0% used [0x00000000e0000000, 0x00000000e0000000, 0x00000000e5560000)
  from space 21824K, 100% used [0x00000000e5560000, 0x00000000e6ab0000, 0x00000000e6ab0000)
  to   space 21824K,   0% used [0x00000000e6ab0000, 0x00000000e6ab0000, 0x00000000e8000000)
 concurrent mark-sweep generation total 393216K, used 104307K [0x00000000e8000000, 0x0000000100000000, 0x0000000100000000)
 Metaspace       used 29707K, capacity 30060K, committed 30356K, reserved 1075200K
  class space    used 3499K, capacity 3644K, committed 3736K, reserved 1048576K
}
2015-09-09T11:08:42.029+0200: 84.781: Total time for which application threads were stopped: 0.0090966 seconds, Stopping threads took: 0.0000141 seconds
{Heap before GC invocations=84 (full 3):
 par new generation   total 109248K, used 109248K [0x00000000e0000000, 0x00000000e8000000, 0x00000000e8000000)
  eden space 87424K, 100% used [0x00000000e0000000, 0x00000000e5560000, 0x00000000e5560000)
  from space 21824K, 100% used [0x00000000e5560000, 0x00000000e6ab0000, 0x00000000e6ab0000)
  to   space 21824K,   0% used [0x00000000e6ab0000, 0x00000000e6ab0000, 0x00000000e8000000)
 concurrent mark-sweep generation total 393216K, used 104307K [0x00000000e8000000, 0x0000000100000000, 0x0000000100000000)
 Metaspace       used 29707K, capacity 30060K, committed 30356K, reserved 1075200K
  class space    used 3499K, capacity 3644K, committed 3736K, reserved 1048576K
2015-09-09T11:08:42.315+0200: 85.066: [GC (Allocation Failure) 85.066: [ParNew
Desired survivor size 20112992 bytes, new threshold 8 (max 8)
- age   1:    5103432 bytes,    5103432 total
- age   2:    1434520 bytes,    6537952 total
- age   3:    3412096 bytes,    9950048 total
- age   4:    5210656 bytes,   15160704 total
- age   5:    1864936 bytes,   17025640 total
- age   6:     737024 bytes,   17762664 total
- age   7:    1074504 bytes,   18837168 total
- age   8:    1335824 bytes,   20172992 total
: 109248K->21824K(109248K), 0.0088153 secs] 213555K->128848K(502464K), 0.0088786 secs] [Times: user=0.00 sys=0.00, real=0.01 secs] 
Heap after GC invocations=85 (full 3):
 par new generation   total 109248K, used 21824K [0x00000000e0000000, 0x00000000e8000000, 0x00000000e8000000)
  eden space 87424K,   0% used [0x00000000e0000000, 0x00000000e0000000, 0x00000000e5560000)
  from space 21824K, 100% used [0x00000000e6ab0000, 0x00000000e8000000, 0x00000000e8000000)
  to   space 21824K,   0% used [0x00000000e5560000, 0x00000000e5560000, 0x00000000e6ab0000)
 concurrent mark-sweep generation total 393216K, used 107024K [0x00000000e8000000, 0x0000000100000000, 0x0000000100000000)
 Metaspace       used 29707K, capacity 30060K, committed 30356K, reserved 1075200K
  class space    used 3499K, capacity 3644K, committed 3736K, reserved 1048576K
}
2015-09-09T11:08:42.323+0200: 85.075: Total time for which application threads were stopped: 0.0090239 seconds, Stopping threads took: 0.0000141 seconds
{Heap before GC invocations=85 (full 3):
 par new generation   total 109248K, used 109248K [0x00000000e0000000, 0x00000000e8000000, 0x00000000e8000000)
  eden space 87424K, 100% used [0x00000000e0000000, 0x00000000e5560000, 0x00000000e5560000)
  from space 21824K, 100% used [0x00000000e6ab0000, 0x00000000e8000000, 0x00000000e8000000)
  to   space 21824K,   0% used [0x00000000e5560000, 0x00000000e5560000, 0x00000000e6ab0000)
 concurrent mark-sweep generation total 393216K, used 107024K [0x00000000e8000000, 0x0000000100000000, 0x0000000100000000)
 Metaspace       used 29707K, capacity 30060K, committed 30356K, reserved 1075200K
  class space    used 3499K, capacity 3644K, committed 3736K, reserved 1048576K
2015-09-09T11:08:42.632+0200: 85.384: [GC (Allocation Failure) 85.384: [ParNew
Desired survivor size 20112992 bytes, new threshold 8 (max 8)
- age   1:    2249576 bytes,    2249576 total
- age   2:    5034504 bytes,    7284080 total
- age   3:    1383176 bytes,    8667256 total
- age   4:    2616272 bytes,   11283528 total
- age   5:    5178184 bytes,   16461712 total
- age   6:    1318272 bytes,   17779984 total
- age   7:     724416 bytes,   18504400 total
- age   8:    1063288 bytes,   19567688 total
: 109248K->21824K(109248K), 0.0196613 secs] 216272K->132181K(502464K), 0.0197093 secs] [Times: user=0.09 sys=0.00, real=0.02 secs] 
Heap after GC invocations=86 (full 3):
 par new generation   total 109248K, used 21824K [0x00000000e0000000, 0x00000000e8000000, 0x00000000e8000000)
  eden space 87424K,   0% used [0x00000000e0000000, 0x00000000e0000000, 0x00000000e5560000)
  from space 21824K, 100% used [0x00000000e5560000, 0x00000000e6ab0000, 0x00000000e6ab0000)
  to   space 21824K,   0% used [0x00000000e6ab0000, 0x00000000e6ab0000, 0x00000000e8000000)
 concurrent mark-sweep generation total 393216K, used 110357K [0x00000000e8000000, 0x0000000100000000, 0x0000000100000000)
 Metaspace       used 29707K, capacity 30060K, committed 30356K, reserved 1075200K
  class space    used 3499K, capacity 3644K, committed 3736K, reserved 1048576K
}
2015-09-09T11:08:42.652+0200: 85.404: Total time for which application threads were stopped: 0.0198536 seconds, Stopping threads took: 0.0000243 seconds
{Heap before GC invocations=86 (full 3):
 par new generation   total 109248K, used 109248K [0x00000000e0000000, 0x00000000e8000000, 0x00000000e8000000)
  eden space 87424K, 100% used [0x00000000e0000000, 0x00000000e5560000, 0x00000000e5560000)
  from space 21824K, 100% used [0x00000000e5560000, 0x00000000e6ab0000, 0x00000000e6ab0000)
  to   space 21824K,   0% used [0x00000000e6ab0000, 0x00000000e6ab0000, 0x00000000e8000000)
 concurrent mark-sweep generation total 393216K, used 110357K [0x00000000e8000000, 0x0000000100000000, 0x0000000100000000)
 Metaspace       used 29707K, capacity 30060K, committed 30356K, reserved 1075200K
  class space    used 3499K, capacity 3644K, committed 3736K, reserved 1048576K
2015-09-09T11:08:42.928+0200: 85.679: [GC (Allocation Failure) 85.679: [ParNew
Desired survivor size 20112992 bytes, new threshold 8 (max 8)
- age   1:    8732496 bytes,    8732496 total
- age   2:    2070128 bytes,   10802624 total
- age   3:     867912 bytes,   11670536 total
- age   4:    1004616 bytes,   12675152 total
- age   5:    1245976 bytes,   13921128 total
- age   6:    4999024 bytes,   18920152 total
- age   7:    1134896 bytes,   20055048 total
- age   8:     615992 bytes,   20671040 total
: 109248K->21824K(109248K), 0.0109468 secs] 219605K->145026K(502464K), 0.0109906 secs] [Times: user=0.06 sys=0.00, real=0.01 secs] 
Heap after GC invocations=87 (full 3):
 par new generation   total 109248K, used 21824K [0x00000000e0000000, 0x00000000e8000000, 0x00000000e8000000)
  eden space 87424K,   0% used [0x00000000e0000000, 0x00000000e0000000, 0x00000000e5560000)
  from space 21824K, 100% used [0x00000000e6ab0000, 0x00000000e8000000, 0x00000000e8000000)
  to   space 21824K,   0% used [0x00000000e5560000, 0x00000000e5560000, 0x00000000e6ab0000)
 concurrent mark-sweep generation total 393216K, used 123202K [0x00000000e8000000, 0x0000000100000000, 0x0000000100000000)
 Metaspace       used 29707K, capacity 30060K, committed 30356K, reserved 1075200K
  class space    used 3499K, capacity 3644K, committed 3736K, reserved 1048576K
}
2015-09-09T11:08:42.939+0200: 85.691: Total time for which application threads were stopped: 0.0111749 seconds, Stopping threads took: 0.0000131 seconds
{Heap before GC invocations=87 (full 3):
 par new generation   total 109248K, used 109248K [0x00000000e0000000, 0x00000000e8000000, 0x00000000e8000000)
  eden space 87424K, 100% used [0x00000000e0000000, 0x00000000e5560000, 0x00000000e5560000)
  from space 21824K, 100% used [0x00000000e6ab0000, 0x00000000e8000000, 0x00000000e8000000)
  to   space 21824K,   0% used [0x00000000e5560000, 0x00000000e5560000, 0x00000000e6ab0000)
 concurrent mark-sweep generation total 393216K, used 123202K [0x00000000e8000000, 0x0000000100000000, 0x0000000100000000)
 Metaspace       used 29707K, capacity 30060K, committed 30356K, reserved 1075200K
  class space    used 3499K, capacity 3644K, committed 3736K, reserved 1048576K
2015-09-09T11:08:43.243+0200: 85.995: [GC (Allocation Failure) 85.995: [ParNew
Desired survivor size 20112992 bytes, new threshold 7 (max 8)
- age   1:    2162600 bytes,    2162600 total
- age   2:    8271784 bytes,   10434384 total
- age   3:    1907320 bytes,   12341704 total
- age   4:     821400 bytes,   13163104 total
- age   5:     965296 bytes,   14128400 total
- age   6:    1206240 bytes,   15334640 total
- age   7:    4956344 bytes,   20290984 total
- age   8:    1114808 bytes,   21405792 total
: 109248K->21824K(109248K), 0.0098556 secs] 232450K->146995K(502464K), 0.0099026 secs] [Times: user=0.06 sys=0.00, real=0.01 secs] 
Heap after GC invocations=88 (full 3):
 par new generation   total 109248K, used 21824K [0x00000000e0000000, 0x00000000e8000000, 0x00000000e8000000)
  eden space 87424K,   0% used [0x00000000e0000000, 0x00000000e0000000, 0x00000000e5560000)
  from space 21824K, 100% used [0x00000000e5560000, 0x00000000e6ab0000, 0x00000000e6ab0000)
  to   space 21824K,   0% used [0x00000000e6ab0000, 0x00000000e6ab0000, 0x00000000e8000000)
 concurrent mark-sweep generation total 393216K, used 125171K [0x00000000e8000000, 0x0000000100000000, 0x0000000100000000)
 Metaspace       used 29707K, capacity 30060K, committed 30356K, reserved 1075200K
  class space    used 3499K, capacity 3644K, committed 3736K, reserved 1048576K
}
2015-09-09T11:08:43.253+0200: 86.005: Total time for which application threads were stopped: 0.0100370 seconds, Stopping threads took: 0.0000141 seconds
{Heap before GC invocations=88 (full 3):
 par new generation   total 109248K, used 109248K [0x00000000e0000000, 0x00000000e8000000, 0x00000000e8000000)
  eden space 87424K, 100% used [0x00000000e0000000, 0x00000000e5560000, 0x00000000e5560000)
  from space 21824K, 100% used [0x00000000e5560000, 0x00000000e6ab0000, 0x00000000e6ab0000)
  to   space 21824K,   0% used [0x00000000e6ab0000, 0x00000000e6ab0000, 0x00000000e8000000)
 concurrent mark-sweep generation total 393216K, used 125171K [0x00000000e8000000, 0x0000000100000000, 0x0000000100000000)
 Metaspace       used 29707K, capacity 30060K, committed 30356K, reserved 1075200K
  class space    used 3499K, capacity 3644K, committed 3736K, reserved 1048576K
2015-09-09T11:08:43.555+0200: 86.307: [GC (Allocation Failure) 86.307: [ParNew
Desired survivor size 20112992 bytes, new threshold 8 (max 8)
- age   1:    2847752 bytes,    2847752 total
- age   2:    2159984 bytes,    5007736 total
- age   3:    8271784 bytes,   13279520 total
- age   4:    1879544 bytes,   15159064 total
- age   5:     695832 bytes,   15854896 total
- age   6:     965296 bytes,   16820192 total
- age   7:    1206240 bytes,   18026432 total
: 109248K->21824K(109248K), 0.0113813 secs] 234419K->152950K(502464K), 0.0114284 secs] [Times: user=0.05 sys=0.00, real=0.01 secs] 
Heap after GC invocations=89 (full 3):
 par new generation   total 109248K, used 21824K [0x00000000e0000000, 0x00000000e8000000, 0x00000000e8000000)
  eden space 87424K,   0% used [0x00000000e0000000, 0x00000000e0000000, 0x00000000e5560000)
  from space 21824K, 100% used [0x00000000e6ab0000, 0x00000000e8000000, 0x00000000e8000000)
  to   space 21824K,   0% used [0x00000000e5560000, 0x00000000e5560000, 0x00000000e6ab0000)
 concurrent mark-sweep generation total 393216K, used 131126K [0x00000000e8000000, 0x0000000100000000, 0x0000000100000000)
 Metaspace       used 29707K, capacity 30060K, committed 30356K, reserved 1075200K
  class space    used 3499K, capacity 3644K, committed 3736K, reserved 1048576K
}
2015-09-09T11:08:43.567+0200: 86.319: Total time for which application threads were stopped: 0.0115609 seconds, Stopping threads took: 0.0000141 seconds
{Heap before GC invocations=89 (full 3):
 par new generation   total 109248K, used 109120K [0x00000000e0000000, 0x00000000e8000000, 0x00000000e8000000)
  eden space 87424K,  99% used [0x00000000e0000000, 0x00000000e55402a8, 0x00000000e5560000)
  from space 21824K, 100% used [0x00000000e6ab0000, 0x00000000e8000000, 0x00000000e8000000)
  to   space 21824K,   0% used [0x00000000e5560000, 0x00000000e5560000, 0x00000000e6ab0000)
 concurrent mark-sweep generation total 393216K, used 131126K [0x00000000e8000000, 0x0000000100000000, 0x0000000100000000)
 Metaspace       used 29707K, capacity 30060K, committed 30356K, reserved 1075200K
  class space    used 3499K, capacity 3644K, committed 3736K, reserved 1048576K
2015-09-09T11:08:43.854+0200: 86.606: [GC (Allocation Failure) 86.606: [ParNew
Desired survivor size 20112992 bytes, new threshold 8 (max 8)
- age   1:    6280768 bytes,    6280768 total
- age   2:    2342160 bytes,    8622928 total
- age   3:    2114760 bytes,   10737688 total
- age   4:    5380192 bytes,   16117880 total
- age   5:    1007656 bytes,   17125536 total
- age   6:     670880 bytes,   17796416 total
- age   7:     940960 bytes,   18737376 total
- age   8:    1185344 bytes,   19922720 total
: 109120K->21824K(109248K), 0.0101420 secs] 240247K->156796K(502464K), 0.0101861 secs] [Times: user=0.00 sys=0.00, real=0.01 secs] 
Heap after GC invocations=90 (full 3):
 par new generation   total 109248K, used 21824K [0x00000000e0000000, 0x00000000e8000000, 0x00000000e8000000)
  eden space 87424K,   0% used [0x00000000e0000000, 0x00000000e0000000, 0x00000000e5560000)
  from space 21824K, 100% used [0x00000000e5560000, 0x00000000e6ab0000, 0x00000000e6ab0000)
  to   space 21824K,   0% used [0x00000000e6ab0000, 0x00000000e6ab0000, 0x00000000e8000000)
 concurrent mark-sweep generation total 393216K, used 134972K [0x00000000e8000000, 0x0000000100000000, 0x0000000100000000)
 Metaspace       used 29707K, capacity 30060K, committed 30356K, reserved 1075200K
  class space    used 3499K, capacity 3644K, committed 3736K, reserved 1048576K
}
2015-09-09T11:08:43.864+0200: 86.616: Total time for which application threads were stopped: 0.0103452 seconds, Stopping threads took: 0.0000150 seconds
{Heap before GC invocations=90 (full 3):
 par new generation   total 109248K, used 109248K [0x00000000e0000000, 0x00000000e8000000, 0x00000000e8000000)
  eden space 87424K, 100% used [0x00000000e0000000, 0x00000000e5560000, 0x00000000e5560000)
  from space 21824K, 100% used [0x00000000e5560000, 0x00000000e6ab0000, 0x00000000e6ab0000)
  to   space 21824K,   0% used [0x00000000e6ab0000, 0x00000000e6ab0000, 0x00000000e8000000)
 concurrent mark-sweep generation total 393216K, used 134972K [0x00000000e8000000, 0x0000000100000000, 0x0000000100000000)
 Metaspace       used 29707K, capacity 30060K, committed 30356K, reserved 1075200K
  class space    used 3499K, capacity 3644K, committed 3736K, reserved 1048576K
2015-09-09T11:08:44.131+0200: 86.883: [GC (Allocation Failure) 86.883: [ParNew
Desired survivor size 20112992 bytes, new threshold 8 (max 8)
- age   1:    4249880 bytes,    4249880 total
- age   2:    4222832 bytes,    8472712 total
- age   3:    2289648 bytes,   10762360 total
- age   4:    2094296 bytes,   12856656 total
- age   5:    3693568 bytes,   16550224 total
- age   6:     983240 bytes,   17533464 total
- age   7:     654016 bytes,   18187480 total
- age   8:     926368 bytes,   19113848 total
: 109248K->21824K(109248K), 0.0107103 secs] 244220K->169432K(502464K), 0.0107570 secs] [Times: user=0.06 sys=0.00, real=0.01 secs] 
Heap after GC invocations=91 (full 3):
 par new generation   total 109248K, used 21824K [0x00000000e0000000, 0x00000000e8000000, 0x00000000e8000000)
  eden space 87424K,   0% used [0x00000000e0000000, 0x00000000e0000000, 0x00000000e5560000)
  from space 21824K, 100% used [0x00000000e6ab0000, 0x00000000e8000000, 0x00000000e8000000)
  to   space 21824K,   0% used [0x00000000e5560000, 0x00000000e5560000, 0x00000000e6ab0000)
 concurrent mark-sweep generation total 393216K, used 147608K [0x00000000e8000000, 0x0000000100000000, 0x0000000100000000)
 Metaspace       used 29707K, capacity 30060K, committed 30356K, reserved 1075200K
  class space    used 3499K, capacity 3644K, committed 3736K, reserved 1048576K
}
2015-09-09T11:08:44.142+0200: 86.893: Total time for which application threads were stopped: 0.0108860 seconds, Stopping threads took: 0.0000134 seconds
{Heap before GC invocations=91 (full 3):
 par new generation   total 109248K, used 109248K [0x00000000e0000000, 0x00000000e8000000, 0x00000000e8000000)
  eden space 87424K, 100% used [0x00000000e0000000, 0x00000000e5560000, 0x00000000e5560000)
  from space 21824K, 100% used [0x00000000e6ab0000, 0x00000000e8000000, 0x00000000e8000000)
  to   space 21824K,   0% used [0x00000000e5560000, 0x00000000e5560000, 0x00000000e6ab0000)
 concurrent mark-sweep generation total 393216K, used 147608K [0x00000000e8000000, 0x0000000100000000, 0x0000000100000000)
 Metaspace       used 29707K, capacity 30060K, committed 30356K, reserved 1075200K
  class space    used 3499K, capacity 3644K, committed 3736K, reserved 1048576K
2015-09-09T11:08:44.442+0200: 87.194: [GC (Allocation Failure) 87.194: [ParNew
Desired survivor size 20112992 bytes, new threshold 8 (max 8)
- age   1:    2535040 bytes,    2535040 total
- age   2:    4115848 bytes,    6650888 total
- age   3:    3531656 bytes,   10182544 total
- age   4:    2094728 bytes,   12277272 total
- age   5:    2077192 bytes,   14354464 total
- age   6:    3689312 bytes,   18043776 total
- age   7:     971744 bytes,   19015520 total
- age   8:     647208 bytes,   19662728 total
: 109248K->21824K(109248K), 0.0105468 secs] 256856K->171560K(502464K), 0.0105954 secs] [Times: user=0.06 sys=0.00, real=0.01 secs] 
Heap after GC invocations=92 (full 3):
 par new generation   total 109248K, used 21824K [0x00000000e0000000, 0x00000000e8000000, 0x00000000e8000000)
  eden space 87424K,   0% used [0x00000000e0000000, 0x00000000e0000000, 0x00000000e5560000)
  from space 21824K, 100% used [0x00000000e5560000, 0x00000000e6ab0000, 0x00000000e6ab0000)
  to   space 21824K,   0% used [0x00000000e6ab0000, 0x00000000e6ab0000, 0x00000000e8000000)
 concurrent mark-sweep generation total 393216K, used 149736K [0x00000000e8000000, 0x0000000100000000, 0x0000000100000000)
 Metaspace       used 29707K, capacity 30060K, committed 30356K, reserved 1075200K
  class space    used 3499K, capacity 3644K, committed 3736K, reserved 1048576K
}
2015-09-09T11:08:44.453+0200: 87.205: Total time for which application threads were stopped: 0.0107327 seconds, Stopping threads took: 0.0000138 seconds
{Heap before GC invocations=92 (full 3):
 par new generation   total 109248K, used 109248K [0x00000000e0000000, 0x00000000e8000000, 0x00000000e8000000)
  eden space 87424K, 100% used [0x00000000e0000000, 0x00000000e5560000, 0x00000000e5560000)
  from space 21824K, 100% used [0x00000000e5560000, 0x00000000e6ab0000, 0x00000000e6ab0000)
  to   space 21824K,   0% used [0x00000000e6ab0000, 0x00000000e6ab0000, 0x00000000e8000000)
 concurrent mark-sweep generation total 393216K, used 149736K [0x00000000e8000000, 0x0000000100000000, 0x0000000100000000)
 Metaspace       used 29707K, capacity 30060K, committed 30356K, reserved 1075200K
  class space    used 3499K, capacity 3644K, committed 3736K, reserved 1048576K
2015-09-09T11:08:44.759+0200: 87.511: [GC (Allocation Failure) 87.511: [ParNew
Desired survivor size 20112992 bytes, new threshold 8 (max 8)
- age   1:    1253456 bytes,    1253456 total
- age   2:    2456216 bytes,    3709672 total
- age   3:    4046456 bytes,    7756128 total
- age   4:    3182736 bytes,   10938864 total
- age   5:    2081440 bytes,   13020304 total
- age   6:    2064664 bytes,   15084968 total
- age   7:    3685056 bytes,   18770024 total
- age   8:     964432 bytes,   19734456 total
: 109248K->21824K(109248K), 0.0101839 secs] 258984K->174102K(502464K), 0.0102405 secs] [Times: user=0.00 sys=0.00, real=0.01 secs] 
Heap after GC invocations=93 (full 3):
 par new generation   total 109248K, used 21824K [0x00000000e0000000, 0x00000000e8000000, 0x00000000e8000000)
  eden space 87424K,   0% used [0x00000000e0000000, 0x00000000e0000000, 0x00000000e5560000)
  from space 21824K, 100% used [0x00000000e6ab0000, 0x00000000e8000000, 0x00000000e8000000)
  to   space 21824K,   0% used [0x00000000e5560000, 0x00000000e5560000, 0x00000000e6ab0000)
 concurrent mark-sweep generation total 393216K, used 152278K [0x00000000e8000000, 0x0000000100000000, 0x0000000100000000)
 Metaspace       used 29707K, capacity 30060K, committed 30356K, reserved 1075200K
  class space    used 3499K, capacity 3644K, committed 3736K, reserved 1048576K
}
2015-09-09T11:08:44.770+0200: 87.522: Total time for which application threads were stopped: 0.0103733 seconds, Stopping threads took: 0.0000141 seconds
{Heap before GC invocations=93 (full 3):
 par new generation   total 109248K, used 109248K [0x00000000e0000000, 0x00000000e8000000, 0x00000000e8000000)
  eden space 87424K, 100% used [0x00000000e0000000, 0x00000000e5560000, 0x00000000e5560000)
  from space 21824K, 100% used [0x00000000e6ab0000, 0x00000000e8000000, 0x00000000e8000000)
  to   space 21824K,   0% used [0x00000000e5560000, 0x00000000e5560000, 0x00000000e6ab0000)
 concurrent mark-sweep generation total 393216K, used 152278K [0x00000000e8000000, 0x0000000100000000, 0x0000000100000000)
 Metaspace       used 29707K, capacity 30060K, committed 30356K, reserved 1075200K
  class space    used 3499K, capacity 3644K, committed 3736K, reserved 1048576K
2015-09-09T11:08:45.056+0200: 87.808: [GC (Allocation Failure) 87.808: [ParNew
Desired survivor size 20112992 bytes, new threshold 8 (max 8)
- age   1:    3255800 bytes,    3255800 total
- age   2:     896368 bytes,    4152168 total
- age   3:    2191504 bytes,    6343672 total
- age   4:    3623648 bytes,    9967320 total
- age   5:    3141856 bytes,   13109176 total
- age   6:    2034536 bytes,   15143712 total
- age   7:    1981312 bytes,   17125024 total
- age   8:    3662256 bytes,   20787280 total
: 109248K->21824K(109248K), 0.0110905 secs] 261526K->180789K(502464K), 0.0111356 secs] [Times: user=0.00 sys=0.00, real=0.01 secs] 
Heap after GC invocations=94 (full 3):
 par new generation   total 109248K, used 21824K [0x00000000e0000000, 0x00000000e8000000, 0x00000000e8000000)
  eden space 87424K,   0% used [0x00000000e0000000, 0x00000000e0000000, 0x00000000e5560000)
  from space 21824K, 100% used [0x00000000e5560000, 0x00000000e6ab0000, 0x00000000e6ab0000)
  to   space 21824K,   0% used [0x00000000e6ab0000, 0x00000000e6ab0000, 0x00000000e8000000)
 concurrent mark-sweep generation total 393216K, used 158965K [0x00000000e8000000, 0x0000000100000000, 0x0000000100000000)
 Metaspace       used 29707K, capacity 30060K, committed 30356K, reserved 1075200K
  class space    used 3499K, capacity 3644K, committed 3736K, reserved 1048576K
}
2015-09-09T11:08:45.067+0200: 87.819: Total time for which application threads were stopped: 0.0112965 seconds, Stopping threads took: 0.0000272 seconds
2015-09-09T11:08:45.311+0200: 88.063: Total time for which application threads were stopped: 0.0000723 seconds, Stopping threads took: 0.0000240 seconds
2015-09-09T11:08:45.311+0200: 88.063: Total time for which application threads were stopped: 0.0000534 seconds, Stopping threads took: 0.0000176 seconds
2015-09-09T11:08:45.312+0200: 88.064: Total time for which application threads were stopped: 0.0000474 seconds, Stopping threads took: 0.0000074 seconds
{Heap before GC invocations=94 (full 3):
 par new generation   total 109248K, used 109248K [0x00000000e0000000, 0x00000000e8000000, 0x00000000e8000000)
  eden space 87424K, 100% used [0x00000000e0000000, 0x00000000e5560000, 0x00000000e5560000)
  from space 21824K, 100% used [0x00000000e5560000, 0x00000000e6ab0000, 0x00000000e6ab0000)
  to   space 21824K,   0% used [0x00000000e6ab0000, 0x00000000e6ab0000, 0x00000000e8000000)
 concurrent mark-sweep generation total 393216K, used 158965K [0x00000000e8000000, 0x0000000100000000, 0x0000000100000000)
 Metaspace       used 29917K, capacity 30252K, committed 30612K, reserved 1077248K
  class space    used 3520K, capacity 3644K, committed 3736K, reserved 1048576K
2015-09-09T11:08:45.323+0200: 88.075: [GC (Allocation Failure) 88.075: [ParNew
Desired survivor size 20112992 bytes, new threshold 8 (max 8)
- age   1:    6125704 bytes,    6125704 total
- age   2:    3171232 bytes,    9296936 total
- age   3:     880864 bytes,   10177800 total
- age   4:    2114712 bytes,   12292512 total
- age   5:    1812664 bytes,   14105176 total
- age   6:    2206280 bytes,   16311456 total
- age   7:    2028080 bytes,   18339536 total
- age   8:    1976208 bytes,   20315744 total
: 109248K->21824K(109248K), 0.0154939 secs] 268213K->194214K(502464K), 0.0155410 secs] [Times: user=0.05 sys=0.00, real=0.02 secs] 
Heap after GC invocations=95 (full 3):
 par new generation   total 109248K, used 21824K [0x00000000e0000000, 0x00000000e8000000, 0x00000000e8000000)
  eden space 87424K,   0% used [0x00000000e0000000, 0x00000000e0000000, 0x00000000e5560000)
  from space 21824K, 100% used [0x00000000e6ab0000, 0x00000000e8000000, 0x00000000e8000000)
  to   space 21824K,   0% used [0x00000000e5560000, 0x00000000e5560000, 0x00000000e6ab0000)
 concurrent mark-sweep generation total 393216K, used 172390K [0x00000000e8000000, 0x0000000100000000, 0x0000000100000000)
 Metaspace       used 29917K, capacity 30252K, committed 30612K, reserved 1077248K
  class space    used 3520K, capacity 3644K, committed 3736K, reserved 1048576K
}
2015-09-09T11:08:45.338+0200: 88.090: Total time for which application threads were stopped: 0.0157093 seconds, Stopping threads took: 0.0000365 seconds
2015-09-09T11:08:46.300+0200: 89.052: Total time for which application threads were stopped: 0.0000733 seconds, Stopping threads took: 0.0000138 seconds
{Heap before GC invocations=95 (full 3):
 par new generation   total 109248K, used 109248K [0x00000000e0000000, 0x00000000e8000000, 0x00000000e8000000)
  eden space 87424K, 100% used [0x00000000e0000000, 0x00000000e5560000, 0x00000000e5560000)
  from space 21824K, 100% used [0x00000000e6ab0000, 0x00000000e8000000, 0x00000000e8000000)
  to   space 21824K,   0% used [0x00000000e5560000, 0x00000000e5560000, 0x00000000e6ab0000)
 concurrent mark-sweep generation total 393216K, used 172390K [0x00000000e8000000, 0x0000000100000000, 0x0000000100000000)
 Metaspace       used 29938K, capacity 30284K, committed 30612K, reserved 1077248K
  class space    used 3524K, capacity 3676K, committed 3736K, reserved 1048576K
2015-09-09T11:08:46.343+0200: 89.095: [GC (Allocation Failure) 89.095: [ParNew
Desired survivor size 20112992 bytes, new threshold 8 (max 8)
- age   1:    2816584 bytes,    2816584 total
- age   2:    5987152 bytes,    8803736 total
- age   3:    3131848 bytes,   11935584 total
- age   4:     839360 bytes,   12774944 total
- age   5:    2071272 bytes,   14846216 total
- age   6:    1778480 bytes,   16624696 total
- age   7:    2171024 bytes,   18795720 total
- age   8:    1987944 bytes,   20783664 total
: 109248K->21824K(109248K), 0.0097423 secs] 281638K->197655K(502464K), 0.0097893 secs] [Times: user=0.06 sys=0.00, real=0.01 secs] 
Heap after GC invocations=96 (full 3):
 par new generation   total 109248K, used 21824K [0x00000000e0000000, 0x00000000e8000000, 0x00000000e8000000)
  eden space 87424K,   0% used [0x00000000e0000000, 0x00000000e0000000, 0x00000000e5560000)
  from space 21824K, 100% used [0x00000000e5560000, 0x00000000e6ab0000, 0x00000000e6ab0000)
  to   space 21824K,   0% used [0x00000000e6ab0000, 0x00000000e6ab0000, 0x00000000e8000000)
 concurrent mark-sweep generation total 393216K, used 175831K [0x00000000e8000000, 0x0000000100000000, 0x0000000100000000)
 Metaspace       used 29938K, capacity 30284K, committed 30612K, reserved 1077248K
  class space    used 3524K, capacity 3676K, committed 3736K, reserved 1048576K
}
2015-09-09T11:08:46.353+0200: 89.105: Total time for which application threads were stopped: 0.0099327 seconds, Stopping threads took: 0.0000138 seconds
{Heap before GC invocations=96 (full 3):
 par new generation   total 109248K, used 109248K [0x00000000e0000000, 0x00000000e8000000, 0x00000000e8000000)
  eden space 87424K, 100% used [0x00000000e0000000, 0x00000000e5560000, 0x00000000e5560000)
  from space 21824K, 100% used [0x00000000e5560000, 0x00000000e6ab0000, 0x00000000e6ab0000)
  to   space 21824K,   0% used [0x00000000e6ab0000, 0x00000000e6ab0000, 0x00000000e8000000)
 concurrent mark-sweep generation total 393216K, used 175831K [0x00000000e8000000, 0x0000000100000000, 0x0000000100000000)
 Metaspace       used 29938K, capacity 30284K, committed 30612K, reserved 1077248K
  class space    used 3524K, capacity 3676K, committed 3736K, reserved 1048576K
2015-09-09T11:08:46.439+0200: 89.191: [GC (Allocation Failure) 89.191: [ParNew
Desired survivor size 20112992 bytes, new threshold 8 (max 8)
- age   1:     112720 bytes,     112720 total
- age   2:    2713200 bytes,    2825920 total
- age   3:    5985032 bytes,    8810952 total
- age   4:    3129600 bytes,   11940552 total
- age   5:     837176 bytes,   12777728 total
- age   6:    2068640 bytes,   14846368 total
- age   7:    1776520 bytes,   16622888 total
- age   8:    2169544 bytes,   18792432 total
: 109248K->21824K(109248K), 0.0085455 secs] 285079K->199670K(502464K), 0.0085945 secs] [Times: user=0.06 sys=0.00, real=0.01 secs] 
Heap after GC invocations=97 (full 3):
 par new generation   total 109248K, used 21824K [0x00000000e0000000, 0x00000000e8000000, 0x00000000e8000000)
  eden space 87424K,   0% used [0x00000000e0000000, 0x00000000e0000000, 0x00000000e5560000)
  from space 21824K, 100% used [0x00000000e6ab0000, 0x00000000e8000000, 0x00000000e8000000)
  to   space 21824K,   0% used [0x00000000e5560000, 0x00000000e5560000, 0x00000000e6ab0000)
 concurrent mark-sweep generation total 393216K, used 177846K [0x00000000e8000000, 0x0000000100000000, 0x0000000100000000)
 Metaspace       used 29938K, capacity 30284K, committed 30612K, reserved 1077248K
  class space    used 3524K, capacity 3676K, committed 3736K, reserved 1048576K
}
2015-09-09T11:08:46.448+0200: 89.200: Total time for which application threads were stopped: 0.0087462 seconds, Stopping threads took: 0.0000154 seconds
{Heap before GC invocations=97 (full 3):
 par new generation   total 109248K, used 109248K [0x00000000e0000000, 0x00000000e8000000, 0x00000000e8000000)
  eden space 87424K, 100% used [0x00000000e0000000, 0x00000000e5560000, 0x00000000e5560000)
  from space 21824K, 100% used [0x00000000e6ab0000, 0x00000000e8000000, 0x00000000e8000000)
  to   space 21824K,   0% used [0x00000000e5560000, 0x00000000e5560000, 0x00000000e6ab0000)
 concurrent mark-sweep generation total 393216K, used 177846K [0x00000000e8000000, 0x0000000100000000, 0x0000000100000000)
 Metaspace       used 29938K, capacity 30284K, committed 30612K, reserved 1077248K
  class space    used 3524K, capacity 3676K, committed 3736K, reserved 1048576K
2015-09-09T11:08:46.545+0200: 89.297: [GC (Allocation Failure) 89.297: [ParNew
Desired survivor size 20112992 bytes, new threshold 8 (max 8)
- age   1:      73416 bytes,      73416 total
- age   2:      32688 bytes,     106104 total
- age   3:    2713008 bytes,    2819112 total
- age   4:    5985032 bytes,    8804144 total
- age   5:    3129600 bytes,   11933744 total
- age   6:     837176 bytes,   12770920 total
- age   7:    2068640 bytes,   14839560 total
- age   8:    1776520 bytes,   16616080 total
: 109248K->21824K(109248K), 0.0080876 secs] 287094K->201806K(502464K), 0.0081334 secs] [Times: user=0.06 sys=0.00, real=0.01 secs] 
Heap after GC invocations=98 (full 3):
 par new generation   total 109248K, used 21824K [0x00000000e0000000, 0x00000000e8000000, 0x00000000e8000000)
  eden space 87424K,   0% used [0x00000000e0000000, 0x00000000e0000000, 0x00000000e5560000)
  from space 21824K, 100% used [0x00000000e5560000, 0x00000000e6ab0000, 0x00000000e6ab0000)
  to   space 21824K,   0% used [0x00000000e6ab0000, 0x00000000e6ab0000, 0x00000000e8000000)
 concurrent mark-sweep generation total 393216K, used 179982K [0x00000000e8000000, 0x0000000100000000, 0x0000000100000000)
 Metaspace       used 29938K, capacity 30284K, committed 30612K, reserved 1077248K
  class space    used 3524K, capacity 3676K, committed 3736K, reserved 1048576K
}
2015-09-09T11:08:46.554+0200: 89.306: Total time for which application threads were stopped: 0.0082793 seconds, Stopping threads took: 0.0000141 seconds
{Heap before GC invocations=98 (full 3):
 par new generation   total 109248K, used 109248K [0x00000000e0000000, 0x00000000e8000000, 0x00000000e8000000)
  eden space 87424K, 100% used [0x00000000e0000000, 0x00000000e5560000, 0x00000000e5560000)
  from space 21824K, 100% used [0x00000000e5560000, 0x00000000e6ab0000, 0x00000000e6ab0000)
  to   space 21824K,   0% used [0x00000000e6ab0000, 0x00000000e6ab0000, 0x00000000e8000000)
 concurrent mark-sweep generation total 393216K, used 179982K [0x00000000e8000000, 0x0000000100000000, 0x0000000100000000)
 Metaspace       used 29938K, capacity 30284K, committed 30612K, reserved 1077248K
  class space    used 3524K, capacity 3676K, committed 3736K, reserved 1048576K
2015-09-09T11:08:46.713+0200: 89.466: [GC (Allocation Failure) 89.466: [ParNew
Desired survivor size 20112992 bytes, new threshold 8 (max 8)
- age   1:     271048 bytes,     271048 total
- age   4:    2692704 bytes,    2963752 total
- age   5:    5985032 bytes,    8948784 total
- age   6:    3129600 bytes,   12078384 total
- age   7:     837176 bytes,   12915560 total
- age   8:    2068664 bytes,   14984224 total
: 109248K->20949K(109248K), 0.0076550 secs] 289230K->202685K(502464K), 0.0077030 secs] [Times: user=0.00 sys=0.00, real=0.01 secs] 
Heap after GC invocations=99 (full 3):
 par new generation   total 109248K, used 20949K [0x00000000e0000000, 0x00000000e8000000, 0x00000000e8000000)
  eden space 87424K,   0% used [0x00000000e0000000, 0x00000000e0000000, 0x00000000e5560000)
  from space 21824K,  95% used [0x00000000e6ab0000, 0x00000000e7f25720, 0x00000000e8000000)
  to   space 21824K,   0% used [0x00000000e5560000, 0x00000000e5560000, 0x00000000e6ab0000)
 concurrent mark-sweep generation total 393216K, used 181736K [0x00000000e8000000, 0x0000000100000000, 0x0000000100000000)
 Metaspace       used 29938K, capacity 30284K, committed 30612K, reserved 1077248K
  class space    used 3524K, capacity 3676K, committed 3736K, reserved 1048576K
}
2015-09-09T11:08:46.721+0200: 89.473: Total time for which application threads were stopped: 0.0078473 seconds, Stopping threads took: 0.0000141 seconds
{Heap before GC invocations=99 (full 3):
 par new generation   total 109248K, used 108373K [0x00000000e0000000, 0x00000000e8000000, 0x00000000e8000000)
  eden space 87424K, 100% used [0x00000000e0000000, 0x00000000e5560000, 0x00000000e5560000)
  from space 21824K,  95% used [0x00000000e6ab0000, 0x00000000e7f25720, 0x00000000e8000000)
  to   space 21824K,   0% used [0x00000000e5560000, 0x00000000e5560000, 0x00000000e6ab0000)
 concurrent mark-sweep generation total 393216K, used 181736K [0x00000000e8000000, 0x0000000100000000, 0x0000000100000000)
 Metaspace       used 29938K, capacity 30284K, committed 30612K, reserved 1077248K
  class space    used 3524K, capacity 3676K, committed 3736K, reserved 1048576K
2015-09-09T11:08:46.798+0200: 89.550: [GC (Allocation Failure) 89.550: [ParNew
Desired survivor size 20112992 bytes, new threshold 8 (max 8)
- age   1:      74568 bytes,      74568 total
- age   2:        296 bytes,      74864 total
- age   5:    2692640 bytes,    2767504 total
- age   6:    5985032 bytes,    8752536 total
- age   7:    3129600 bytes,   11882136 total
- age   8:     837200 bytes,   12719336 total
: 108373K->15093K(109248K), 0.0069619 secs] 290109K->198869K(502464K), 0.0070083 secs] [Times: user=0.06 sys=0.00, real=0.01 secs] 
Heap after GC invocations=100 (full 3):
 par new generation   total 109248K, used 15093K [0x00000000e0000000, 0x00000000e8000000, 0x00000000e8000000)
  eden space 87424K,   0% used [0x00000000e0000000, 0x00000000e0000000, 0x00000000e5560000)
  from space 21824K,  69% used [0x00000000e5560000, 0x00000000e641d518, 0x00000000e6ab0000)
  to   space 21824K,   0% used [0x00000000e6ab0000, 0x00000000e6ab0000, 0x00000000e8000000)
 concurrent mark-sweep generation total 393216K, used 183776K [0x00000000e8000000, 0x0000000100000000, 0x0000000100000000)
 Metaspace       used 29938K, capacity 30284K, committed 30612K, reserved 1077248K
  class space    used 3524K, capacity 3676K, committed 3736K, reserved 1048576K
}
2015-09-09T11:08:46.805+0200: 89.557: Total time for which application threads were stopped: 0.0071609 seconds, Stopping threads took: 0.0000160 seconds
{Heap before GC invocations=100 (full 3):
 par new generation   total 109248K, used 102517K [0x00000000e0000000, 0x00000000e8000000, 0x00000000e8000000)
  eden space 87424K, 100% used [0x00000000e0000000, 0x00000000e5560000, 0x00000000e5560000)
  from space 21824K,  69% used [0x00000000e5560000, 0x00000000e641d518, 0x00000000e6ab0000)
  to   space 21824K,   0% used [0x00000000e6ab0000, 0x00000000e6ab0000, 0x00000000e8000000)
 concurrent mark-sweep generation total 393216K, used 183776K [0x00000000e8000000, 0x0000000100000000, 0x0000000100000000)
 Metaspace       used 29938K, capacity 30284K, committed 30612K, reserved 1077248K
  class space    used 3524K, capacity 3676K, committed 3736K, reserved 1048576K
2015-09-09T11:08:46.876+0200: 89.628: [GC (Allocation Failure) 89.628: [ParNew
Desired survivor size 20112992 bytes, new threshold 8 (max 8)
- age   1:     126488 bytes,     126488 total
- age   2:        992 bytes,     127480 total
- age   3:        296 bytes,     127776 total
- age   6:    2692640 bytes,    2820416 total
- age   7:    5985032 bytes,    8805448 total
- age   8:    3129624 bytes,   11935072 total
: 102517K->13822K(109248K), 0.0065027 secs] 286293K->198436K(502464K), 0.0065481 secs] [Times: user=0.06 sys=0.00, real=0.01 secs] 
Heap after GC invocations=101 (full 3):
 par new generation   total 109248K, used 13822K [0x00000000e0000000, 0x00000000e8000000, 0x00000000e8000000)
  eden space 87424K,   0% used [0x00000000e0000000, 0x00000000e0000000, 0x00000000e5560000)
  from space 21824K,  63% used [0x00000000e6ab0000, 0x00000000e782f8f8, 0x00000000e8000000)
  to   space 21824K,   0% used [0x00000000e5560000, 0x00000000e5560000, 0x00000000e6ab0000)
 concurrent mark-sweep generation total 393216K, used 184614K [0x00000000e8000000, 0x0000000100000000, 0x0000000100000000)
 Metaspace       used 29938K, capacity 30284K, committed 30612K, reserved 1077248K
  class space    used 3524K, capacity 3676K, committed 3736K, reserved 1048576K
}
2015-09-09T11:08:46.883+0200: 89.635: Total time for which application threads were stopped: 0.0066934 seconds, Stopping threads took: 0.0000144 seconds
2015-09-09T11:08:46.939+0200: 89.691: Total time for which application threads were stopped: 0.0001078 seconds, Stopping threads took: 0.0000224 seconds
2015-09-09T11:08:46.939+0200: 89.691: Total time for which application threads were stopped: 0.0000410 seconds, Stopping threads took: 0.0000077 seconds
2015-09-09T11:08:46.939+0200: 89.691: Total time for which application threads were stopped: 0.0000314 seconds, Stopping threads took: 0.0000045 seconds
{Heap before GC invocations=101 (full 3):
 par new generation   total 109248K, used 101246K [0x00000000e0000000, 0x00000000e8000000, 0x00000000e8000000)
  eden space 87424K, 100% used [0x00000000e0000000, 0x00000000e5560000, 0x00000000e5560000)
  from space 21824K,  63% used [0x00000000e6ab0000, 0x00000000e782f8f8, 0x00000000e8000000)
  to   space 21824K,   0% used [0x00000000e5560000, 0x00000000e5560000, 0x00000000e6ab0000)
 concurrent mark-sweep generation total 393216K, used 184614K [0x00000000e8000000, 0x0000000100000000, 0x0000000100000000)
 Metaspace       used 29944K, capacity 30284K, committed 30612K, reserved 1077248K
  class space    used 3524K, capacity 3676K, committed 3736K, reserved 1048576K
2015-09-09T11:08:47.080+0200: 89.832: [GC (Allocation Failure) 89.832: [ParNew
Desired survivor size 20112992 bytes, new threshold 8 (max 8)
- age   1:    3608600 bytes,    3608600 total
- age   7:    2602640 bytes,    6211240 total
- age   8:    5915640 bytes,   12126880 total
: 101246K->13322K(109248K), 0.0069603 secs] 285860K->200947K(502464K), 0.0070073 secs] [Times: user=0.06 sys=0.00, real=0.01 secs] 
Heap after GC invocations=102 (full 3):
 par new generation   total 109248K, used 13322K [0x00000000e0000000, 0x00000000e8000000, 0x00000000e8000000)
  eden space 87424K,   0% used [0x00000000e0000000, 0x00000000e0000000, 0x00000000e5560000)
  from space 21824K,  61% used [0x00000000e5560000, 0x00000000e6262970, 0x00000000e6ab0000)
  to   space 21824K,   0% used [0x00000000e6ab0000, 0x00000000e6ab0000, 0x00000000e8000000)
 concurrent mark-sweep generation total 393216K, used 187625K [0x00000000e8000000, 0x0000000100000000, 0x0000000100000000)
 Metaspace       used 29944K, capacity 30284K, committed 30612K, reserved 1077248K
  class space    used 3524K, capacity 3676K, committed 3736K, reserved 1048576K
}
2015-09-09T11:08:47.087+0200: 89.839: Total time for which application threads were stopped: 0.0071471 seconds, Stopping threads took: 0.0000131 seconds
{Heap before GC invocations=102 (full 3):
 par new generation   total 109248K, used 100746K [0x00000000e0000000, 0x00000000e8000000, 0x00000000e8000000)
  eden space 87424K, 100% used [0x00000000e0000000, 0x00000000e5560000, 0x00000000e5560000)
  from space 21824K,  61% used [0x00000000e5560000, 0x00000000e6262970, 0x00000000e6ab0000)
  to   space 21824K,   0% used [0x00000000e6ab0000, 0x00000000e6ab0000, 0x00000000e8000000)
 concurrent mark-sweep generation total 393216K, used 187625K [0x00000000e8000000, 0x0000000100000000, 0x0000000100000000)
 Metaspace       used 29944K, capacity 30284K, committed 30612K, reserved 1077248K
  class space    used 3524K, capacity 3676K, committed 3736K, reserved 1048576K
2015-09-09T11:08:47.354+0200: 90.106: [GC (Allocation Failure) 90.106: [ParNew
Desired survivor size 20112992 bytes, new threshold 8 (max 8)
- age   1:    4776168 bytes,    4776168 total
- age   2:    2798304 bytes,    7574472 total
- age   8:    2602640 bytes,   10177112 total
: 100746K->13064K(109248K), 0.0062915 secs] 288371K->206478K(502464K), 0.0063359 secs] [Times: user=0.00 sys=0.00, real=0.01 secs] 
Heap after GC invocations=103 (full 3):
 par new generation   total 109248K, used 13064K [0x00000000e0000000, 0x00000000e8000000, 0x00000000e8000000)
  eden space 87424K,   0% used [0x00000000e0000000, 0x00000000e0000000, 0x00000000e5560000)
  from space 21824K,  59% used [0x00000000e6ab0000, 0x00000000e77721d0, 0x00000000e8000000)
  to   space 21824K,   0% used [0x00000000e5560000, 0x00000000e5560000, 0x00000000e6ab0000)
 concurrent mark-sweep generation total 393216K, used 193414K [0x00000000e8000000, 0x0000000100000000, 0x0000000100000000)
 Metaspace       used 29944K, capacity 30284K, committed 30612K, reserved 1077248K
  class space    used 3524K, capacity 3676K, committed 3736K, reserved 1048576K
}
2015-09-09T11:08:47.360+0200: 90.112: Total time for which application threads were stopped: 0.0064697 seconds, Stopping threads took: 0.0000144 seconds
{Heap before GC invocations=103 (full 3):
 par new generation   total 109248K, used 100488K [0x00000000e0000000, 0x00000000e8000000, 0x00000000e8000000)
  eden space 87424K, 100% used [0x00000000e0000000, 0x00000000e5560000, 0x00000000e5560000)
  from space 21824K,  59% used [0x00000000e6ab0000, 0x00000000e77721d0, 0x00000000e8000000)
  to   space 21824K,   0% used [0x00000000e5560000, 0x00000000e5560000, 0x00000000e6ab0000)
 concurrent mark-sweep generation total 393216K, used 193414K [0x00000000e8000000, 0x0000000100000000, 0x0000000100000000)
 Metaspace       used 29944K, capacity 30284K, committed 30612K, reserved 1077248K
  class space    used 3524K, capacity 3676K, committed 3736K, reserved 1048576K
2015-09-09T11:08:47.619+0200: 90.372: [GC (Allocation Failure) 90.372: [ParNew
Desired survivor size 20112992 bytes, new threshold 8 (max 8)
- age   1:    5279888 bytes,    5279888 total
- age   2:    3221408 bytes,    8501296 total
- age   3:    2798304 bytes,   11299600 total
: 100488K->15237K(109248K), 0.0059862 secs] 293902K->211200K(502464K), 0.0060825 secs] [Times: user=0.00 sys=0.00, real=0.01 secs] 
Heap after GC invocations=104 (full 3):
 par new generation   total 109248K, used 15237K [0x00000000e0000000, 0x00000000e8000000, 0x00000000e8000000)
  eden space 87424K,   0% used [0x00000000e0000000, 0x00000000e0000000, 0x00000000e5560000)
  from space 21824K,  69% used [0x00000000e5560000, 0x00000000e64416a0, 0x00000000e6ab0000)
  to   space 21824K,   0% used [0x00000000e6ab0000, 0x00000000e6ab0000, 0x00000000e8000000)
 concurrent mark-sweep generation total 393216K, used 195962K [0x00000000e8000000, 0x0000000100000000, 0x0000000100000000)
 Metaspace       used 29944K, capacity 30284K, committed 30612K, reserved 1077248K
  class space    used 3524K, capacity 3676K, committed 3736K, reserved 1048576K
}
2015-09-09T11:08:47.626+0200: 90.378: Total time for which application threads were stopped: 0.0062172 seconds, Stopping threads took: 0.0000144 seconds
2015-09-09T11:08:47.782+0200: 90.534: Total time for which application threads were stopped: 0.0000470 seconds, Stopping threads took: 0.0000115 seconds
2015-09-09T11:08:47.782+0200: 90.534: Total time for which application threads were stopped: 0.0000285 seconds, Stopping threads took: 0.0000067 seconds
2015-09-09T11:08:47.782+0200: 90.535: Total time for which application threads were stopped: 0.0000269 seconds, Stopping threads took: 0.0000061 seconds
2015-09-09T11:08:47.783+0200: 90.535: Total time for which application threads were stopped: 0.0000464 seconds, Stopping threads took: 0.0000070 seconds
2015-09-09T11:08:47.790+0200: 90.542: Total time for which application threads were stopped: 0.0000381 seconds, Stopping threads took: 0.0000102 seconds
2015-09-09T11:08:47.791+0200: 90.543: Total time for which application threads were stopped: 0.0000397 seconds, Stopping threads took: 0.0000163 seconds
2015-09-09T11:08:47.799+0200: 90.551: Total time for which application threads were stopped: 0.0000499 seconds, Stopping threads took: 0.0000118 seconds
2015-09-09T11:08:47.799+0200: 90.551: Total time for which application threads were stopped: 0.0000400 seconds, Stopping threads took: 0.0000160 seconds
2015-09-09T11:08:47.852+0200: 90.604: Total time for which application threads were stopped: 0.0000723 seconds, Stopping threads took: 0.0000144 seconds
{Heap before GC invocations=104 (full 3):
 par new generation   total 109248K, used 102661K [0x00000000e0000000, 0x00000000e8000000, 0x00000000e8000000)
  eden space 87424K, 100% used [0x00000000e0000000, 0x00000000e5560000, 0x00000000e5560000)
  from space 21824K,  69% used [0x00000000e5560000, 0x00000000e64416a0, 0x00000000e6ab0000)
  to   space 21824K,   0% used [0x00000000e6ab0000, 0x00000000e6ab0000, 0x00000000e8000000)
 concurrent mark-sweep generation total 393216K, used 195962K [0x00000000e8000000, 0x0000000100000000, 0x0000000100000000)
 Metaspace       used 29952K, capacity 30284K, committed 30612K, reserved 1077248K
  class space    used 3525K, capacity 3676K, committed 3736K, reserved 1048576K
2015-09-09T11:08:47.898+0200: 90.651: [GC (Allocation Failure) 90.651: [ParNew
Desired survivor size 20112992 bytes, new threshold 8 (max 8)
- age   1:    4761520 bytes,    4761520 total
- age   2:    2911536 bytes,    7673056 total
- age   3:    3098768 bytes,   10771824 total
- age   4:    2711928 bytes,   13483752 total
: 102661K->15971K(109248K), 0.0053200 secs] 298624K->211934K(502464K), 0.0053644 secs] [Times: user=0.00 sys=0.00, real=0.01 secs] 
Heap after GC invocations=105 (full 3):
 par new generation   total 109248K, used 15971K [0x00000000e0000000, 0x00000000e8000000, 0x00000000e8000000)
  eden space 87424K,   0% used [0x00000000e0000000, 0x00000000e0000000, 0x00000000e5560000)
  from space 21824K,  73% used [0x00000000e6ab0000, 0x00000000e7a48e68, 0x00000000e8000000)
  to   space 21824K,   0% used [0x00000000e5560000, 0x00000000e5560000, 0x00000000e6ab0000)
 concurrent mark-sweep generation total 393216K, used 195962K [0x00000000e8000000, 0x0000000100000000, 0x0000000100000000)
 Metaspace       used 29952K, capacity 30284K, committed 30612K, reserved 1077248K
  class space    used 3525K, capacity 3676K, committed 3736K, reserved 1048576K
}
2015-09-09T11:08:47.904+0200: 90.656: Total time for which application threads were stopped: 0.0055001 seconds, Stopping threads took: 0.0000147 seconds
2015-09-09T11:08:47.931+0200: 90.683: Total time for which application threads were stopped: 0.0000797 seconds, Stopping threads took: 0.0000262 seconds
2015-09-09T11:08:47.933+0200: 90.685: Total time for which application threads were stopped: 0.0000749 seconds, Stopping threads took: 0.0000250 seconds
2015-09-09T11:08:47.933+0200: 90.685: Total time for which application threads were stopped: 0.0000426 seconds, Stopping threads took: 0.0000141 seconds
2015-09-09T11:08:47.935+0200: 90.687: Total time for which application threads were stopped: 0.0000595 seconds, Stopping threads took: 0.0000134 seconds
2015-09-09T11:08:47.991+0200: 90.743: Total time for which application threads were stopped: 0.0000752 seconds, Stopping threads took: 0.0000147 seconds
2015-09-09T11:08:47.992+0200: 90.744: Total time for which application threads were stopped: 0.0000342 seconds, Stopping threads took: 0.0000093 seconds
2015-09-09T11:08:48.655+0200: 91.407: Total time for which application threads were stopped: 0.0000694 seconds, Stopping threads took: 0.0000214 seconds
2015-09-09T11:08:48.655+0200: 91.407: Total time for which application threads were stopped: 0.0000474 seconds, Stopping threads took: 0.0000154 seconds
2015-09-09T11:08:48.655+0200: 91.407: Total time for which application threads were stopped: 0.0000390 seconds, Stopping threads took: 0.0000163 seconds
2015-09-09T11:08:48.656+0200: 91.408: Total time for which application threads were stopped: 0.0000934 seconds, Stopping threads took: 0.0000205 seconds
2015-09-09T11:08:48.656+0200: 91.409: Total time for which application threads were stopped: 0.0000861 seconds, Stopping threads took: 0.0000486 seconds
2015-09-09T11:08:48.656+0200: 91.409: Total time for which application threads were stopped: 0.0000512 seconds, Stopping threads took: 0.0000115 seconds
2015-09-09T11:08:48.657+0200: 91.409: Total time for which application threads were stopped: 0.0000432 seconds, Stopping threads took: 0.0000154 seconds
2015-09-09T11:08:48.662+0200: 91.414: Total time for which application threads were stopped: 0.0000906 seconds, Stopping threads took: 0.0000278 seconds
2015-09-09T11:08:48.663+0200: 91.415: Total time for which application threads were stopped: 0.0000525 seconds, Stopping threads took: 0.0000192 seconds
2015-09-09T11:08:49.663+0200: 92.415: Total time for which application threads were stopped: 0.0000634 seconds, Stopping threads took: 0.0000243 seconds
2015-09-09T11:08:56.862+0200: 99.613: Total time for which application threads were stopped: 0.0000522 seconds, Stopping threads took: 0.0000138 seconds
2015-09-09T11:08:56.862+0200: 99.613: Total time for which application threads were stopped: 0.0000362 seconds, Stopping threads took: 0.0000157 seconds
2015-09-09T11:08:56.863+0200: 99.615: Total time for which application threads were stopped: 0.0001162 seconds, Stopping threads took: 0.0000826 seconds
2015-09-09T11:09:09.285+0200: 112.036: Total time for which application threads were stopped: 0.0003971 seconds, Stopping threads took: 0.0000288 seconds
2015-09-09T11:09:09.320+0200: 112.071: Total time for which application threads were stopped: 0.0003811 seconds, Stopping threads took: 0.0000246 seconds
2015-09-09T11:09:10.320+0200: 113.071: Total time for which application threads were stopped: 0.0000963 seconds, Stopping threads took: 0.0000320 seconds
2015-09-09T11:09:14.539+0200: 117.290: Total time for which application threads were stopped: 0.0000682 seconds, Stopping threads took: 0.0000160 seconds
2015-09-09T11:09:15.539+0200: 118.290: Total time for which application threads were stopped: 0.0000653 seconds, Stopping threads took: 0.0000234 seconds
2015-09-09T11:10:04.569+0200: 167.320: Total time for which application threads were stopped: 0.0000906 seconds, Stopping threads took: 0.0000346 seconds
2015-09-09T11:10:12.012+0200: 174.763: Total time for which application threads were stopped: 0.0000973 seconds, Stopping threads took: 0.0000227 seconds
2015-09-09T11:10:12.012+0200: 174.763: Total time for which application threads were stopped: 0.0000502 seconds, Stopping threads took: 0.0000064 seconds
2015-09-09T11:10:12.012+0200: 174.763: Total time for which application threads were stopped: 0.0000358 seconds, Stopping threads took: 0.0000054 seconds
2015-09-09T11:10:12.013+0200: 174.764: Total time for which application threads were stopped: 0.0000458 seconds, Stopping threads took: 0.0000099 seconds
2015-09-09T11:10:12.017+0200: 174.768: Total time for which application threads were stopped: 0.0005901 seconds, Stopping threads took: 0.0000794 seconds
2015-09-09T11:10:12.024+0200: 174.775: Total time for which application threads were stopped: 0.0000781 seconds, Stopping threads took: 0.0000230 seconds
2015-09-09T11:10:12.024+0200: 174.775: Total time for which application threads were stopped: 0.0000515 seconds, Stopping threads took: 0.0000195 seconds
2015-09-09T11:10:12.028+0200: 174.779: Total time for which application threads were stopped: 0.0000630 seconds, Stopping threads took: 0.0000154 seconds
2015-09-09T11:10:13.028+0200: 175.779: Total time for which application threads were stopped: 0.0000790 seconds, Stopping threads took: 0.0000333 seconds
2015-09-09T11:10:14.488+0200: 177.239: Total time for which application threads were stopped: 0.0000778 seconds, Stopping threads took: 0.0000179 seconds
2015-09-09T11:10:14.488+0200: 177.239: Total time for which application threads were stopped: 0.0000883 seconds, Stopping threads took: 0.0000611 seconds
2015-09-09T11:10:14.488+0200: 177.239: Total time for which application threads were stopped: 0.0000413 seconds, Stopping threads took: 0.0000096 seconds
2015-09-09T11:10:14.489+0200: 177.240: Total time for which application threads were stopped: 0.0000960 seconds, Stopping threads took: 0.0000438 seconds
2015-09-09T11:10:14.489+0200: 177.240: Total time for which application threads were stopped: 0.0000378 seconds, Stopping threads took: 0.0000118 seconds
2015-09-09T11:10:14.490+0200: 177.241: Total time for which application threads were stopped: 0.0000890 seconds, Stopping threads took: 0.0000186 seconds
2015-09-09T11:10:14.492+0200: 177.243: Total time for which application threads were stopped: 0.0000643 seconds, Stopping threads took: 0.0000163 seconds
2015-09-09T11:10:14.492+0200: 177.243: Total time for which application threads were stopped: 0.0000374 seconds, Stopping threads took: 0.0000090 seconds
2015-09-09T11:10:14.492+0200: 177.243: Total time for which application threads were stopped: 0.0000870 seconds, Stopping threads took: 0.0000493 seconds
2015-09-09T11:10:14.492+0200: 177.243: Total time for which application threads were stopped: 0.0000320 seconds, Stopping threads took: 0.0000058 seconds
2015-09-09T11:10:14.492+0200: 177.243: Total time for which application threads were stopped: 0.0000262 seconds, Stopping threads took: 0.0000045 seconds
2015-09-09T11:10:14.492+0200: 177.243: Total time for which application threads were stopped: 0.0000330 seconds, Stopping threads took: 0.0000099 seconds
2015-09-09T11:10:14.492+0200: 177.243: Total time for which application threads were stopped: 0.0000163 seconds, Stopping threads took: 0.0000042 seconds
2015-09-09T11:10:14.492+0200: 177.243: Total time for which application threads were stopped: 0.0000365 seconds, Stopping threads took: 0.0000112 seconds
2015-09-09T11:10:14.493+0200: 177.244: Total time for which application threads were stopped: 0.0000362 seconds, Stopping threads took: 0.0000118 seconds
2015-09-09T11:10:14.493+0200: 177.244: Total time for which application threads were stopped: 0.0000358 seconds, Stopping threads took: 0.0000090 seconds
2015-09-09T11:10:14.493+0200: 177.244: Total time for which application threads were stopped: 0.0000179 seconds, Stopping threads took: 0.0000051 seconds
2015-09-09T11:10:14.493+0200: 177.244: Total time for which application threads were stopped: 0.0000163 seconds, Stopping threads took: 0.0000042 seconds
2015-09-09T11:10:14.493+0200: 177.244: Total time for which application threads were stopped: 0.0000259 seconds, Stopping threads took: 0.0000058 seconds
2015-09-09T11:10:14.493+0200: 177.244: Total time for which application threads were stopped: 0.0001565 seconds, Stopping threads took: 0.0000445 seconds
2015-09-09T11:10:14.494+0200: 177.245: Total time for which application threads were stopped: 0.0000387 seconds, Stopping threads took: 0.0000093 seconds
2015-09-09T11:10:14.494+0200: 177.245: Total time for which application threads were stopped: 0.0000547 seconds, Stopping threads took: 0.0000208 seconds
2015-09-09T11:10:14.494+0200: 177.245: Total time for which application threads were stopped: 0.0000458 seconds, Stopping threads took: 0.0000179 seconds
2015-09-09T11:10:14.494+0200: 177.245: Total time for which application threads were stopped: 0.0000336 seconds, Stopping threads took: 0.0000102 seconds
2015-09-09T11:10:14.494+0200: 177.245: Total time for which application threads were stopped: 0.0000810 seconds, Stopping threads took: 0.0000458 seconds
2015-09-09T11:10:14.494+0200: 177.246: Total time for which application threads were stopped: 0.0000394 seconds, Stopping threads took: 0.0000125 seconds
2015-09-09T11:10:14.494+0200: 177.246: Total time for which application threads were stopped: 0.0000221 seconds, Stopping threads took: 0.0000058 seconds
2015-09-09T11:10:14.494+0200: 177.246: Total time for which application threads were stopped: 0.0001107 seconds, Stopping threads took: 0.0000141 seconds
2015-09-09T11:10:14.495+0200: 177.246: Total time for which application threads were stopped: 0.0000342 seconds, Stopping threads took: 0.0000125 seconds
2015-09-09T11:10:15.495+0200: 178.246: Total time for which application threads were stopped: 0.0000896 seconds, Stopping threads took: 0.0000349 seconds
2015-09-09T11:10:35.786+0200: 198.536: Total time for which application threads were stopped: 0.0004262 seconds, Stopping threads took: 0.0000138 seconds
2015-09-09T11:10:35.786+0200: 198.536: Total time for which application threads were stopped: 0.0000547 seconds, Stopping threads took: 0.0000070 seconds
2015-09-09T11:10:35.788+0200: 198.538: Total time for which application threads were stopped: 0.0000608 seconds, Stopping threads took: 0.0000205 seconds
2015-09-09T11:10:35.792+0200: 198.543: Total time for which application threads were stopped: 0.0000352 seconds, Stopping threads took: 0.0000112 seconds
2015-09-09T11:10:35.793+0200: 198.543: Total time for which application threads were stopped: 0.0000166 seconds, Stopping threads took: 0.0000061 seconds
2015-09-09T11:10:35.793+0200: 198.543: Total time for which application threads were stopped: 0.0000176 seconds, Stopping threads took: 0.0000051 seconds
2015-09-09T11:10:35.793+0200: 198.543: Total time for which application threads were stopped: 0.0000144 seconds, Stopping threads took: 0.0000054 seconds
2015-09-09T11:10:35.793+0200: 198.543: Total time for which application threads were stopped: 0.0000122 seconds, Stopping threads took: 0.0000045 seconds
Heap
 par new generation   total 109248K, used 57457K [0x00000000e0000000, 0x00000000e8000000, 0x00000000e8000000)
  eden space 87424K,  47% used [0x00000000e0000000, 0x00000000e28836a0, 0x00000000e5560000)
  from space 21824K,  73% used [0x00000000e6ab0000, 0x00000000e7a48e68, 0x00000000e8000000)
  to   space 21824K,   0% used [0x00000000e5560000, 0x00000000e5560000, 0x00000000e6ab0000)
 concurrent mark-sweep generation total 393216K, used 195962K [0x00000000e8000000, 0x0000000100000000, 0x0000000100000000)
 Metaspace       used 30747K, capacity 31064K, committed 31508K, reserved 1077248K
  class space    used 3620K, capacity 3742K, committed 3864K, reserved 1048576K
