Java HotSpot(TM) 64-Bit Server VM (25.45-b02) for windows-amd64 JRE (1.8.0_45-b15), built on Apr 30 2015 12:40:44 by "java_re" with MS VC++ 10.0 (VS2010)
Memory: 4k page, physical 8247616k(5161380k free), swap 16493392k(12841004k free)
CommandLine flags: -XX:CMSInitiatingOccupancyFraction=50 -XX:CMSMaxAbortablePrecleanTime=6000 -XX:+CMSParallelRemarkEnabled -XX:+CMSScavengeBeforeRemark -XX:ConcGCThreads=4 -XX:InitialHeapSize=536870912 -XX:MaxHeapSize=536870912 -XX:MaxTenuringThreshold=8 -XX:NewRatio=3 -XX:OldPLABSize=16 -XX:ParallelGCThreads=4 -XX:+ParallelRefProcEnabled -XX:PretenureSizeThreshold=67108864 -XX:+PrintGC -XX:+PrintGCApplicationStoppedTime -XX:+PrintGCDateStamps -XX:+PrintGCDetails -XX:+PrintGCTimeStamps -XX:+PrintHeapAtGC -XX:+PrintTenuringDistribution -XX:SurvivorRatio=4 -XX:TargetSurvivorRatio=90 -XX:ThreadStackSize=256 -XX:+UseCMSInitiatingOccupancyOnly -XX:+UseCompressedClassPointers -XX:+UseCompressedOops -XX:+UseConcMarkSweepGC -XX:-UseLargePagesIndividualAllocation -XX:+UseParNewGC 
2015-09-09T14:21:02.027+0200: 0.090: Total time for which application threads were stopped: 0.0000614 seconds, Stopping threads took: 0.0000109 seconds
2015-09-09T14:21:02.155+0200: 0.218: Total time for which application threads were stopped: 0.0001203 seconds, Stopping threads took: 0.0000150 seconds
2015-09-09T14:21:02.281+0200: 0.345: Total time for which application threads were stopped: 0.0000995 seconds, Stopping threads took: 0.0000118 seconds
2015-09-09T14:21:02.315+0200: 0.379: Total time for which application threads were stopped: 0.0001165 seconds, Stopping threads took: 0.0000170 seconds
2015-09-09T14:21:02.330+0200: 0.393: Total time for which application threads were stopped: 0.0001274 seconds, Stopping threads took: 0.0000182 seconds
2015-09-09T14:21:02.337+0200: 0.400: Total time for which application threads were stopped: 0.0001040 seconds, Stopping threads took: 0.0000138 seconds
{Heap before GC invocations=0 (full 0):
 par new generation   total 109248K, used 87424K [0x00000000e0000000, 0x00000000e8000000, 0x00000000e8000000)
  eden space 87424K, 100% used [0x00000000e0000000, 0x00000000e5560000, 0x00000000e5560000)
  from space 21824K,   0% used [0x00000000e5560000, 0x00000000e5560000, 0x00000000e6ab0000)
  to   space 21824K,   0% used [0x00000000e6ab0000, 0x00000000e6ab0000, 0x00000000e8000000)
 concurrent mark-sweep generation total 393216K, used 0K [0x00000000e8000000, 0x0000000100000000, 0x0000000100000000)
 Metaspace       used 9811K, capacity 10024K, committed 10240K, reserved 1058816K
  class space    used 1158K, capacity 1212K, committed 1280K, reserved 1048576K
2015-09-09T14:21:02.537+0200: 0.600: [GC (Allocation Failure) 0.600: [ParNew
Desired survivor size 20112992 bytes, new threshold 8 (max 8)
- age   1:    5453872 bytes,    5453872 total
: 87424K->5382K(109248K), 0.0178309 secs] 87424K->5382K(502464K), 0.0179646 secs] [Times: user=0.06 sys=0.00, real=0.02 secs] 
Heap after GC invocations=1 (full 0):
 par new generation   total 109248K, used 5382K [0x00000000e0000000, 0x00000000e8000000, 0x00000000e8000000)
  eden space 87424K,   0% used [0x00000000e0000000, 0x00000000e0000000, 0x00000000e5560000)
  from space 21824K,  24% used [0x00000000e6ab0000, 0x00000000e6ff19b8, 0x00000000e8000000)
  to   space 21824K,   0% used [0x00000000e5560000, 0x00000000e5560000, 0x00000000e6ab0000)
 concurrent mark-sweep generation total 393216K, used 0K [0x00000000e8000000, 0x0000000100000000, 0x0000000100000000)
 Metaspace       used 9811K, capacity 10024K, committed 10240K, reserved 1058816K
  class space    used 1158K, capacity 1212K, committed 1280K, reserved 1048576K
}
2015-09-09T14:21:02.555+0200: 0.618: Total time for which application threads were stopped: 0.0181362 seconds, Stopping threads took: 0.0000150 seconds
2015-09-09T14:21:02.644+0200: 0.707: Total time for which application threads were stopped: 0.0001373 seconds, Stopping threads took: 0.0000112 seconds
2015-09-09T14:21:02.835+0200: 0.898: Total time for which application threads were stopped: 0.0001898 seconds, Stopping threads took: 0.0000125 seconds
2015-09-09T14:21:02.836+0200: 0.899: Total time for which application threads were stopped: 0.0001021 seconds, Stopping threads took: 0.0000170 seconds
2015-09-09T14:21:02.838+0200: 0.901: Total time for which application threads were stopped: 0.0000906 seconds, Stopping threads took: 0.0000154 seconds
2015-09-09T14:21:03.342+0200: 1.406: Total time for which application threads were stopped: 0.0002163 seconds, Stopping threads took: 0.0000333 seconds
2015-09-09T14:21:03.363+0200: 1.426: Total time for which application threads were stopped: 0.0001859 seconds, Stopping threads took: 0.0000250 seconds
{Heap before GC invocations=1 (full 0):
 par new generation   total 109248K, used 92806K [0x00000000e0000000, 0x00000000e8000000, 0x00000000e8000000)
  eden space 87424K, 100% used [0x00000000e0000000, 0x00000000e5560000, 0x00000000e5560000)
  from space 21824K,  24% used [0x00000000e6ab0000, 0x00000000e6ff19b8, 0x00000000e8000000)
  to   space 21824K,   0% used [0x00000000e5560000, 0x00000000e5560000, 0x00000000e6ab0000)
 concurrent mark-sweep generation total 393216K, used 0K [0x00000000e8000000, 0x0000000100000000, 0x0000000100000000)
 Metaspace       used 19183K, capacity 19492K, committed 19712K, reserved 1067008K
  class space    used 2381K, capacity 2516K, committed 2560K, reserved 1048576K
2015-09-09T14:21:03.376+0200: 1.439: [GC (Allocation Failure) 1.439: [ParNew
Desired survivor size 20112992 bytes, new threshold 8 (max 8)
- age   1:    8119880 bytes,    8119880 total
- age   2:    2495392 bytes,   10615272 total
: 92806K->12206K(109248K), 0.0078694 secs] 92806K->12206K(502464K), 0.0079458 secs] [Times: user=0.00 sys=0.00, real=0.01 secs] 
Heap after GC invocations=2 (full 0):
 par new generation   total 109248K, used 12206K [0x00000000e0000000, 0x00000000e8000000, 0x00000000e8000000)
  eden space 87424K,   0% used [0x00000000e0000000, 0x00000000e0000000, 0x00000000e5560000)
  from space 21824K,  55% used [0x00000000e5560000, 0x00000000e614bac0, 0x00000000e6ab0000)
  to   space 21824K,   0% used [0x00000000e6ab0000, 0x00000000e6ab0000, 0x00000000e8000000)
 concurrent mark-sweep generation total 393216K, used 0K [0x00000000e8000000, 0x0000000100000000, 0x0000000100000000)
 Metaspace       used 19183K, capacity 19492K, committed 19712K, reserved 1067008K
  class space    used 2381K, capacity 2516K, committed 2560K, reserved 1048576K
}
2015-09-09T14:21:03.384+0200: 1.447: Total time for which application threads were stopped: 0.0080812 seconds, Stopping threads took: 0.0000234 seconds
2015-09-09T14:21:04.384+0200: 2.447: Total time for which application threads were stopped: 0.0000659 seconds, Stopping threads took: 0.0000291 seconds
2015-09-09T14:21:06.179+0200: 4.242: Total time for which application threads were stopped: 0.0001853 seconds, Stopping threads took: 0.0000246 seconds
2015-09-09T14:21:13.180+0200: 11.242: Total time for which application threads were stopped: 0.0000614 seconds, Stopping threads took: 0.0000259 seconds
2015-09-09T14:21:14.452+0200: 12.515: Total time for which application threads were stopped: 0.0000506 seconds, Stopping threads took: 0.0000138 seconds
2015-09-09T14:21:14.452+0200: 12.515: Total time for which application threads were stopped: 0.0000368 seconds, Stopping threads took: 0.0000122 seconds
2015-09-09T14:21:14.463+0200: 12.526: Total time for which application threads were stopped: 0.0000410 seconds, Stopping threads took: 0.0000099 seconds
2015-09-09T14:21:14.486+0200: 12.549: Total time for which application threads were stopped: 0.0000534 seconds, Stopping threads took: 0.0000125 seconds
2015-09-09T14:21:14.486+0200: 12.549: Total time for which application threads were stopped: 0.0000349 seconds, Stopping threads took: 0.0000070 seconds
2015-09-09T14:21:14.486+0200: 12.549: Total time for which application threads were stopped: 0.0000384 seconds, Stopping threads took: 0.0000166 seconds
2015-09-09T14:21:14.489+0200: 12.552: Total time for which application threads were stopped: 0.0000541 seconds, Stopping threads took: 0.0000138 seconds
2015-09-09T14:21:14.490+0200: 12.552: Total time for which application threads were stopped: 0.0000358 seconds, Stopping threads took: 0.0000074 seconds
2015-09-09T14:21:14.491+0200: 12.554: Total time for which application threads were stopped: 0.0000368 seconds, Stopping threads took: 0.0000109 seconds
2015-09-09T14:21:14.491+0200: 12.554: Total time for which application threads were stopped: 0.0000474 seconds, Stopping threads took: 0.0000195 seconds
2015-09-09T14:21:14.491+0200: 12.554: Total time for which application threads were stopped: 0.0000419 seconds, Stopping threads took: 0.0000198 seconds
2015-09-09T14:21:14.494+0200: 12.557: Total time for which application threads were stopped: 0.0000614 seconds, Stopping threads took: 0.0000128 seconds
2015-09-09T14:21:14.496+0200: 12.559: Total time for which application threads were stopped: 0.0000400 seconds, Stopping threads took: 0.0000106 seconds
2015-09-09T14:21:14.496+0200: 12.559: Total time for which application threads were stopped: 0.0000237 seconds, Stopping threads took: 0.0000070 seconds
2015-09-09T14:21:14.496+0200: 12.559: Total time for which application threads were stopped: 0.0000368 seconds, Stopping threads took: 0.0000160 seconds
2015-09-09T14:21:14.507+0200: 12.570: Total time for which application threads were stopped: 0.0001866 seconds, Stopping threads took: 0.0000224 seconds
2015-09-09T14:21:14.554+0200: 12.617: Total time for which application threads were stopped: 0.0001190 seconds, Stopping threads took: 0.0000131 seconds
2015-09-09T14:21:14.607+0200: 12.669: Total time for which application threads were stopped: 0.0002118 seconds, Stopping threads took: 0.0000147 seconds
2015-09-09T14:21:14.624+0200: 12.687: Total time for which application threads were stopped: 0.0002448 seconds, Stopping threads took: 0.0000157 seconds
2015-09-09T14:21:14.671+0200: 12.734: Total time for which application threads were stopped: 0.0002579 seconds, Stopping threads took: 0.0000150 seconds
2015-09-09T14:21:14.676+0200: 12.739: Total time for which application threads were stopped: 0.0000688 seconds, Stopping threads took: 0.0000282 seconds
2015-09-09T14:21:14.706+0200: 12.769: Total time for which application threads were stopped: 0.0001274 seconds, Stopping threads took: 0.0000566 seconds
2015-09-09T14:21:14.719+0200: 12.782: Total time for which application threads were stopped: 0.0000688 seconds, Stopping threads took: 0.0000160 seconds
{Heap before GC invocations=2 (full 0):
 par new generation   total 109248K, used 99630K [0x00000000e0000000, 0x00000000e8000000, 0x00000000e8000000)
  eden space 87424K, 100% used [0x00000000e0000000, 0x00000000e5560000, 0x00000000e5560000)
  from space 21824K,  55% used [0x00000000e5560000, 0x00000000e614bac0, 0x00000000e6ab0000)
  to   space 21824K,   0% used [0x00000000e6ab0000, 0x00000000e6ab0000, 0x00000000e8000000)
 concurrent mark-sweep generation total 393216K, used 0K [0x00000000e8000000, 0x0000000100000000, 0x0000000100000000)
 Metaspace       used 21624K, capacity 21994K, committed 22292K, reserved 1069056K
  class space    used 2645K, capacity 2773K, committed 2840K, reserved 1048576K
2015-09-09T14:21:14.732+0200: 12.795: [GC (Allocation Failure) 12.795: [ParNew
Desired survivor size 20112992 bytes, new threshold 8 (max 8)
- age   1:    3860592 bytes,    3860592 total
- age   2:    2520920 bytes,    6381512 total
- age   3:    2492776 bytes,    8874288 total
: 99630K->15131K(109248K), 0.0051065 secs] 99630K->15131K(502464K), 0.0051721 secs] [Times: user=0.00 sys=0.00, real=0.00 secs] 
Heap after GC invocations=3 (full 0):
 par new generation   total 109248K, used 15131K [0x00000000e0000000, 0x00000000e8000000, 0x00000000e8000000)
  eden space 87424K,   0% used [0x00000000e0000000, 0x00000000e0000000, 0x00000000e5560000)
  from space 21824K,  69% used [0x00000000e6ab0000, 0x00000000e7976e98, 0x00000000e8000000)
  to   space 21824K,   0% used [0x00000000e5560000, 0x00000000e5560000, 0x00000000e6ab0000)
 concurrent mark-sweep generation total 393216K, used 0K [0x00000000e8000000, 0x0000000100000000, 0x0000000100000000)
 Metaspace       used 21624K, capacity 21994K, committed 22292K, reserved 1069056K
  class space    used 2645K, capacity 2773K, committed 2840K, reserved 1048576K
}
2015-09-09T14:21:14.737+0200: 12.800: Total time for which application threads were stopped: 0.0053235 seconds, Stopping threads took: 0.0000227 seconds
2015-09-09T14:21:14.741+0200: 12.804: [GC (CMS Initial Mark) [1 CMS-initial-mark: 0K(393216K)] 18740K(502464K), 0.0016323 secs] [Times: user=0.00 sys=0.00, real=0.00 secs] 
2015-09-09T14:21:14.743+0200: 12.806: Total time for which application threads were stopped: 0.0017392 seconds, Stopping threads took: 0.0000250 seconds
2015-09-09T14:21:14.743+0200: 12.806: [CMS-concurrent-mark-start]
2015-09-09T14:21:14.743+0200: 12.806: [CMS-concurrent-mark: 0.000/0.000 secs] [Times: user=0.00 sys=0.00, real=0.00 secs] 
2015-09-09T14:21:14.743+0200: 12.806: Total time for which application threads were stopped: 0.0000730 seconds, Stopping threads took: 0.0000112 seconds
2015-09-09T14:21:14.743+0200: 12.806: [CMS-concurrent-preclean-start]
2015-09-09T14:21:14.743+0200: 12.806: Total time for which application threads were stopped: 0.0000653 seconds, Stopping threads took: 0.0000198 seconds
2015-09-09T14:21:14.743+0200: 12.806: Total time for which application threads were stopped: 0.0000525 seconds, Stopping threads took: 0.0000074 seconds
2015-09-09T14:21:14.744+0200: 12.806: [CMS-concurrent-preclean: 0.001/0.001 secs] [Times: user=0.06 sys=0.00, real=0.00 secs] 
2015-09-09T14:21:14.744+0200: 12.806: Total time for which application threads were stopped: 0.0000522 seconds, Stopping threads took: 0.0000099 seconds
2015-09-09T14:21:14.744+0200: 12.806: [CMS-concurrent-abortable-preclean-start]
2015-09-09T14:21:14.749+0200: 12.812: Total time for which application threads were stopped: 0.0000998 seconds, Stopping threads took: 0.0000339 seconds
2015-09-09T14:21:14.780+0200: 12.842: Total time for which application threads were stopped: 0.0000739 seconds, Stopping threads took: 0.0000234 seconds
2015-09-09T14:21:14.811+0200: 12.874: Total time for which application threads were stopped: 0.0000877 seconds, Stopping threads took: 0.0000170 seconds
2015-09-09T14:21:14.811+0200: 12.874: [CMS-concurrent-abortable-preclean: 0.058/0.067 secs] [Times: user=0.23 sys=0.02, real=0.07 secs] 
2015-09-09T14:21:14.815+0200: 12.878: [GC (CMS Final Remark) [YG occupancy: 73652 K (109248 K)]{Heap before GC invocations=3 (full 1):
 par new generation   total 109248K, used 73652K [0x00000000e0000000, 0x00000000e8000000, 0x00000000e8000000)
  eden space 87424K,  66% used [0x00000000e0000000, 0x00000000e3926270, 0x00000000e5560000)
  from space 21824K,  69% used [0x00000000e6ab0000, 0x00000000e7976e98, 0x00000000e8000000)
  to   space 21824K,   0% used [0x00000000e5560000, 0x00000000e5560000, 0x00000000e6ab0000)
 concurrent mark-sweep generation total 393216K, used 0K [0x00000000e8000000, 0x0000000100000000, 0x0000000100000000)
 Metaspace       used 21889K, capacity 22242K, committed 22548K, reserved 1069056K
  class space    used 2679K, capacity 2809K, committed 2840K, reserved 1048576K
2015-09-09T14:21:14.815+0200: 12.878: [GC (CMS Final Remark) 12.878: [ParNew
Desired survivor size 20112992 bytes, new threshold 8 (max 8)
- age   1:     753768 bytes,     753768 total
- age   2:    1676344 bytes,    2430112 total
- age   3:    2519608 bytes,    4949720 total
- age   4:    2491656 bytes,    7441376 total
: 73652K->9737K(109248K), 0.0043241 secs] 73652K->9737K(502464K), 0.0043574 secs] [Times: user=0.00 sys=0.00, real=0.00 secs] 
Heap after GC invocations=4 (full 1):
 par new generation   total 109248K, used 9737K [0x00000000e0000000, 0x00000000e8000000, 0x00000000e8000000)
  eden space 87424K,   0% used [0x00000000e0000000, 0x00000000e0000000, 0x00000000e5560000)
  from space 21824K,  44% used [0x00000000e5560000, 0x00000000e5ee2530, 0x00000000e6ab0000)
  to   space 21824K,   0% used [0x00000000e6ab0000, 0x00000000e6ab0000, 0x00000000e8000000)
 concurrent mark-sweep generation total 393216K, used 0K [0x00000000e8000000, 0x0000000100000000, 0x0000000100000000)
 Metaspace       used 21889K, capacity 22242K, committed 22548K, reserved 1069056K
  class space    used 2679K, capacity 2809K, committed 2840K, reserved 1048576K
}
12.882: [Rescan (parallel) , 0.0014736 secs]12.884: [weak refs processing, 0.0002262 secs]12.884: [class unloading, 0.0022713 secs]12.886: [scrub symbol table, 0.0032313 secs]12.890: [scrub string table, 0.0002499 secs][1 CMS-remark: 0K(393216K)] 9737K(502464K), 0.0124933 secs] [Times: user=0.02 sys=0.00, real=0.01 secs] 
2015-09-09T14:21:14.828+0200: 12.891: Total time for which application threads were stopped: 0.0125896 seconds, Stopping threads took: 0.0000195 seconds
2015-09-09T14:21:14.828+0200: 12.891: [CMS-concurrent-sweep-start]
2015-09-09T14:21:14.828+0200: 12.891: [CMS-concurrent-sweep: 0.000/0.000 secs] [Times: user=0.00 sys=0.00, real=0.00 secs] 
2015-09-09T14:21:14.828+0200: 12.891: [CMS-concurrent-reset-start]
2015-09-09T14:21:14.829+0200: 12.892: Total time for which application threads were stopped: 0.0001571 seconds, Stopping threads took: 0.0000925 seconds
2015-09-09T14:21:14.829+0200: 12.892: [CMS-concurrent-reset: 0.001/0.002 secs] [Times: user=0.00 sys=0.00, real=0.00 secs] 
2015-09-09T14:21:14.882+0200: 12.945: Total time for which application threads were stopped: 0.0000816 seconds, Stopping threads took: 0.0000144 seconds
2015-09-09T14:21:14.886+0200: 12.949: Total time for which application threads were stopped: 0.0000694 seconds, Stopping threads took: 0.0000134 seconds
2015-09-09T14:21:14.887+0200: 12.949: Total time for which application threads were stopped: 0.0000563 seconds, Stopping threads took: 0.0000112 seconds
2015-09-09T14:21:14.887+0200: 12.950: Total time for which application threads were stopped: 0.0000554 seconds, Stopping threads took: 0.0000099 seconds
2015-09-09T14:21:14.887+0200: 12.950: Total time for which application threads were stopped: 0.0000502 seconds, Stopping threads took: 0.0000211 seconds
2015-09-09T14:21:14.934+0200: 12.996: Total time for which application threads were stopped: 0.0002829 seconds, Stopping threads took: 0.0000141 seconds
2015-09-09T14:21:15.015+0200: 13.078: Total time for which application threads were stopped: 0.0002864 seconds, Stopping threads took: 0.0000138 seconds
2015-09-09T14:21:15.023+0200: 13.086: Total time for which application threads were stopped: 0.0002461 seconds, Stopping threads took: 0.0000122 seconds
2015-09-09T14:21:15.036+0200: 13.099: Total time for which application threads were stopped: 0.0000685 seconds, Stopping threads took: 0.0000128 seconds
{Heap before GC invocations=4 (full 1):
 par new generation   total 109248K, used 97161K [0x00000000e0000000, 0x00000000e8000000, 0x00000000e8000000)
  eden space 87424K, 100% used [0x00000000e0000000, 0x00000000e5560000, 0x00000000e5560000)
  from space 21824K,  44% used [0x00000000e5560000, 0x00000000e5ee2530, 0x00000000e6ab0000)
  to   space 21824K,   0% used [0x00000000e6ab0000, 0x00000000e6ab0000, 0x00000000e8000000)
 concurrent mark-sweep generation total 393216K, used 0K [0x00000000e8000000, 0x0000000100000000, 0x0000000100000000)
 Metaspace       used 24833K, capacity 25190K, committed 25492K, reserved 1071104K
  class space    used 3057K, capacity 3195K, committed 3224K, reserved 1048576K
2015-09-09T14:21:15.100+0200: 13.163: [GC (Allocation Failure) 13.163: [ParNew
Desired survivor size 20112992 bytes, new threshold 8 (max 8)
- age   1:    3531208 bytes,    3531208 total
- age   2:      97784 bytes,    3628992 total
- age   3:    1121152 bytes,    4750144 total
- age   4:    2509960 bytes,    7260104 total
- age   5:    2491480 bytes,    9751584 total
: 97161K->10469K(109248K), 0.0056191 secs] 97161K->10469K(502464K), 0.0056652 secs] [Times: user=0.06 sys=0.00, real=0.01 secs] 
Heap after GC invocations=5 (full 1):
 par new generation   total 109248K, used 10469K [0x00000000e0000000, 0x00000000e8000000, 0x00000000e8000000)
  eden space 87424K,   0% used [0x00000000e0000000, 0x00000000e0000000, 0x00000000e5560000)
  from space 21824K,  47% used [0x00000000e6ab0000, 0x00000000e74e9500, 0x00000000e8000000)
  to   space 21824K,   0% used [0x00000000e5560000, 0x00000000e5560000, 0x00000000e6ab0000)
 concurrent mark-sweep generation total 393216K, used 0K [0x00000000e8000000, 0x0000000100000000, 0x0000000100000000)
 Metaspace       used 24833K, capacity 25190K, committed 25492K, reserved 1071104K
  class space    used 3057K, capacity 3195K, committed 3224K, reserved 1048576K
}
2015-09-09T14:21:15.105+0200: 13.168: Total time for which application threads were stopped: 0.0058137 seconds, Stopping threads took: 0.0000240 seconds
2015-09-09T14:21:15.106+0200: 13.169: Total time for which application threads were stopped: 0.0000688 seconds, Stopping threads took: 0.0000106 seconds
2015-09-09T14:21:15.106+0200: 13.169: Total time for which application threads were stopped: 0.0000400 seconds, Stopping threads took: 0.0000061 seconds
2015-09-09T14:21:15.106+0200: 13.169: Total time for which application threads were stopped: 0.0000518 seconds, Stopping threads took: 0.0000170 seconds
2015-09-09T14:21:15.106+0200: 13.169: Total time for which application threads were stopped: 0.0000454 seconds, Stopping threads took: 0.0000176 seconds
2015-09-09T14:21:15.106+0200: 13.169: Total time for which application threads were stopped: 0.0000752 seconds, Stopping threads took: 0.0000048 seconds
2015-09-09T14:21:15.127+0200: 13.190: Total time for which application threads were stopped: 0.0002656 seconds, Stopping threads took: 0.0000147 seconds
2015-09-09T14:21:15.184+0200: 13.247: Total time for which application threads were stopped: 0.0001075 seconds, Stopping threads took: 0.0000138 seconds
2015-09-09T14:21:15.248+0200: 13.311: Total time for which application threads were stopped: 0.0003190 seconds, Stopping threads took: 0.0000138 seconds
2015-09-09T14:21:15.306+0200: 13.369: Total time for which application threads were stopped: 0.0001219 seconds, Stopping threads took: 0.0000195 seconds
2015-09-09T14:21:15.307+0200: 13.369: Total time for which application threads were stopped: 0.0000544 seconds, Stopping threads took: 0.0000147 seconds
2015-09-09T14:21:15.307+0200: 13.370: Total time for which application threads were stopped: 0.0001155 seconds, Stopping threads took: 0.0000835 seconds
2015-09-09T14:21:15.307+0200: 13.370: Total time for which application threads were stopped: 0.0002650 seconds, Stopping threads took: 0.0002384 seconds
2015-09-09T14:21:15.332+0200: 13.395: Total time for which application threads were stopped: 0.0000762 seconds, Stopping threads took: 0.0000147 seconds
2015-09-09T14:21:16.332+0200: 14.395: Total time for which application threads were stopped: 0.0000618 seconds, Stopping threads took: 0.0000253 seconds
2015-09-09T14:21:42.015+0200: 40.079: Total time for which application threads were stopped: 0.0000490 seconds, Stopping threads took: 0.0000134 seconds
2015-09-09T14:21:42.016+0200: 40.079: Total time for which application threads were stopped: 0.0000243 seconds, Stopping threads took: 0.0000074 seconds
2015-09-09T14:21:42.016+0200: 40.079: Total time for which application threads were stopped: 0.0000208 seconds, Stopping threads took: 0.0000061 seconds
2015-09-09T14:21:42.017+0200: 40.080: Total time for which application threads were stopped: 0.0000394 seconds, Stopping threads took: 0.0000102 seconds
2015-09-09T14:21:42.020+0200: 40.083: Total time for which application threads were stopped: 0.0000477 seconds, Stopping threads took: 0.0000202 seconds
2015-09-09T14:21:42.025+0200: 40.088: Total time for which application threads were stopped: 0.0002413 seconds, Stopping threads took: 0.0000077 seconds
2015-09-09T14:21:42.025+0200: 40.089: Total time for which application threads were stopped: 0.0000358 seconds, Stopping threads took: 0.0000067 seconds
2015-09-09T14:21:42.027+0200: 40.091: Total time for which application threads were stopped: 0.0000627 seconds, Stopping threads took: 0.0000189 seconds
2015-09-09T14:21:42.029+0200: 40.093: Total time for which application threads were stopped: 0.0000410 seconds, Stopping threads took: 0.0000077 seconds
2015-09-09T14:21:42.033+0200: 40.096: Total time for which application threads were stopped: 0.0000406 seconds, Stopping threads took: 0.0000112 seconds
2015-09-09T14:21:42.033+0200: 40.097: Total time for which application threads were stopped: 0.0001027 seconds, Stopping threads took: 0.0000646 seconds
2015-09-09T14:21:42.034+0200: 40.097: Total time for which application threads were stopped: 0.0000390 seconds, Stopping threads took: 0.0000086 seconds
2015-09-09T14:21:42.034+0200: 40.097: Total time for which application threads were stopped: 0.0000368 seconds, Stopping threads took: 0.0000070 seconds
2015-09-09T14:21:42.048+0200: 40.111: Total time for which application threads were stopped: 0.0000448 seconds, Stopping threads took: 0.0000115 seconds
2015-09-09T14:21:42.052+0200: 40.115: Total time for which application threads were stopped: 0.0000573 seconds, Stopping threads took: 0.0000301 seconds
2015-09-09T14:21:42.052+0200: 40.115: Total time for which application threads were stopped: 0.0000406 seconds, Stopping threads took: 0.0000205 seconds
2015-09-09T14:21:42.057+0200: 40.120: Total time for which application threads were stopped: 0.0000314 seconds, Stopping threads took: 0.0000080 seconds
2015-09-09T14:21:42.057+0200: 40.120: Total time for which application threads were stopped: 0.0000195 seconds, Stopping threads took: 0.0000045 seconds
2015-09-09T14:21:42.058+0200: 40.122: Total time for which application threads were stopped: 0.0000198 seconds, Stopping threads took: 0.0000042 seconds
2015-09-09T14:21:42.073+0200: 40.136: Total time for which application threads were stopped: 0.0000925 seconds, Stopping threads took: 0.0000464 seconds
2015-09-09T14:21:42.074+0200: 40.138: Total time for which application threads were stopped: 0.0000387 seconds, Stopping threads took: 0.0000166 seconds
2015-09-09T14:21:42.076+0200: 40.139: Total time for which application threads were stopped: 0.0000419 seconds, Stopping threads took: 0.0000090 seconds
2015-09-09T14:21:42.077+0200: 40.140: Total time for which application threads were stopped: 0.0000282 seconds, Stopping threads took: 0.0000067 seconds
2015-09-09T14:21:42.079+0200: 40.142: Total time for which application threads were stopped: 0.0000429 seconds, Stopping threads took: 0.0000186 seconds
2015-09-09T14:21:42.080+0200: 40.143: Total time for which application threads were stopped: 0.0000339 seconds, Stopping threads took: 0.0000160 seconds
2015-09-09T14:21:42.081+0200: 40.144: Total time for which application threads were stopped: 0.0000304 seconds, Stopping threads took: 0.0000061 seconds
2015-09-09T14:21:42.083+0200: 40.146: Total time for which application threads were stopped: 0.0000397 seconds, Stopping threads took: 0.0000122 seconds
2015-09-09T14:21:42.083+0200: 40.147: Total time for which application threads were stopped: 0.0000285 seconds, Stopping threads took: 0.0000051 seconds
2015-09-09T14:21:42.084+0200: 40.148: Total time for which application threads were stopped: 0.0000394 seconds, Stopping threads took: 0.0000051 seconds
2015-09-09T14:21:42.085+0200: 40.149: Total time for which application threads were stopped: 0.0000595 seconds, Stopping threads took: 0.0000339 seconds
2015-09-09T14:21:42.086+0200: 40.150: Total time for which application threads were stopped: 0.0000307 seconds, Stopping threads took: 0.0000058 seconds
2015-09-09T14:21:42.087+0200: 40.150: Total time for which application threads were stopped: 0.0000294 seconds, Stopping threads took: 0.0000054 seconds
2015-09-09T14:21:42.088+0200: 40.152: Total time for which application threads were stopped: 0.0000307 seconds, Stopping threads took: 0.0000054 seconds
2015-09-09T14:21:42.089+0200: 40.152: Total time for which application threads were stopped: 0.0000426 seconds, Stopping threads took: 0.0000256 seconds
2015-09-09T14:21:42.090+0200: 40.153: Total time for which application threads were stopped: 0.0000394 seconds, Stopping threads took: 0.0000214 seconds
2015-09-09T14:21:42.091+0200: 40.154: Total time for which application threads were stopped: 0.0000400 seconds, Stopping threads took: 0.0000093 seconds
2015-09-09T14:21:42.092+0200: 40.155: Total time for which application threads were stopped: 0.0000326 seconds, Stopping threads took: 0.0000093 seconds
2015-09-09T14:21:42.093+0200: 40.156: Total time for which application threads were stopped: 0.0000947 seconds, Stopping threads took: 0.0000077 seconds
2015-09-09T14:21:42.164+0200: 40.227: Total time for which application threads were stopped: 0.0001133 seconds, Stopping threads took: 0.0000157 seconds
2015-09-09T14:21:42.288+0200: 40.351: Total time for which application threads were stopped: 0.0001190 seconds, Stopping threads took: 0.0000163 seconds
{Heap before GC invocations=5 (full 1):
 par new generation   total 109248K, used 97893K [0x00000000e0000000, 0x00000000e8000000, 0x00000000e8000000)
  eden space 87424K, 100% used [0x00000000e0000000, 0x00000000e5560000, 0x00000000e5560000)
  from space 21824K,  47% used [0x00000000e6ab0000, 0x00000000e74e9500, 0x00000000e8000000)
  to   space 21824K,   0% used [0x00000000e5560000, 0x00000000e5560000, 0x00000000e6ab0000)
 concurrent mark-sweep generation total 393216K, used 0K [0x00000000e8000000, 0x0000000100000000, 0x0000000100000000)
 Metaspace       used 28978K, capacity 29304K, committed 29716K, reserved 1075200K
  class space    used 3460K, capacity 3582K, committed 3608K, reserved 1048576K
2015-09-09T14:21:42.425+0200: 40.488: [GC (Allocation Failure) 40.488: [ParNew
Desired survivor size 20112992 bytes, new threshold 8 (max 8)
- age   1:   10372888 bytes,   10372888 total
- age   2:    1111976 bytes,   11484864 total
- age   3:      96920 bytes,   11581784 total
- age   4:    1089464 bytes,   12671248 total
- age   5:    2505616 bytes,   15176864 total
- age   6:    2490672 bytes,   17667536 total
: 97893K->20387K(109248K), 0.0092268 secs] 97893K->20387K(502464K), 0.0092831 secs] [Times: user=0.01 sys=0.00, real=0.01 secs] 
Heap after GC invocations=6 (full 1):
 par new generation   total 109248K, used 20387K [0x00000000e0000000, 0x00000000e8000000, 0x00000000e8000000)
  eden space 87424K,   0% used [0x00000000e0000000, 0x00000000e0000000, 0x00000000e5560000)
  from space 21824K,  93% used [0x00000000e5560000, 0x00000000e6948e58, 0x00000000e6ab0000)
  to   space 21824K,   0% used [0x00000000e6ab0000, 0x00000000e6ab0000, 0x00000000e8000000)
 concurrent mark-sweep generation total 393216K, used 0K [0x00000000e8000000, 0x0000000100000000, 0x0000000100000000)
 Metaspace       used 28978K, capacity 29304K, committed 29716K, reserved 1075200K
  class space    used 3460K, capacity 3582K, committed 3608K, reserved 1048576K
}
2015-09-09T14:21:42.434+0200: 40.497: Total time for which application threads were stopped: 0.0094614 seconds, Stopping threads took: 0.0000160 seconds
2015-09-09T14:21:42.435+0200: 40.498: Total time for which application threads were stopped: 0.0000579 seconds, Stopping threads took: 0.0000170 seconds
2015-09-09T14:21:42.435+0200: 40.498: Total time for which application threads were stopped: 0.0000451 seconds, Stopping threads took: 0.0000125 seconds
2015-09-09T14:21:42.435+0200: 40.498: Total time for which application threads were stopped: 0.0000352 seconds, Stopping threads took: 0.0000102 seconds
{Heap before GC invocations=6 (full 1):
 par new generation   total 109248K, used 107811K [0x00000000e0000000, 0x00000000e8000000, 0x00000000e8000000)
  eden space 87424K, 100% used [0x00000000e0000000, 0x00000000e5560000, 0x00000000e5560000)
  from space 21824K,  93% used [0x00000000e5560000, 0x00000000e6948e58, 0x00000000e6ab0000)
  to   space 21824K,   0% used [0x00000000e6ab0000, 0x00000000e6ab0000, 0x00000000e8000000)
 concurrent mark-sweep generation total 393216K, used 0K [0x00000000e8000000, 0x0000000100000000, 0x0000000100000000)
 Metaspace       used 28996K, capacity 29368K, committed 29716K, reserved 1075200K
  class space    used 3460K, capacity 3582K, committed 3608K, reserved 1048576K
2015-09-09T14:21:42.785+0200: 40.848: [GC (Allocation Failure) 40.848: [ParNew
Desired survivor size 20112992 bytes, new threshold 8 (max 8)
- age   1:    3829888 bytes,    3829888 total
- age   2:    6744976 bytes,   10574864 total
- age   3:    1111960 bytes,   11686824 total
- age   4:      96920 bytes,   11783744 total
- age   5:    1089464 bytes,   12873208 total
- age   6:    2505616 bytes,   15378824 total
- age   7:    2490672 bytes,   17869496 total
: 107811K->21824K(109248K), 0.0109141 secs] 107811K->22436K(502464K), 0.0109999 secs] [Times: user=0.06 sys=0.00, real=0.01 secs] 
Heap after GC invocations=7 (full 1):
 par new generation   total 109248K, used 21824K [0x00000000e0000000, 0x00000000e8000000, 0x00000000e8000000)
  eden space 87424K,   0% used [0x00000000e0000000, 0x00000000e0000000, 0x00000000e5560000)
  from space 21824K, 100% used [0x00000000e6ab0000, 0x00000000e8000000, 0x00000000e8000000)
  to   space 21824K,   0% used [0x00000000e5560000, 0x00000000e5560000, 0x00000000e6ab0000)
 concurrent mark-sweep generation total 393216K, used 612K [0x00000000e8000000, 0x0000000100000000, 0x0000000100000000)
 Metaspace       used 28996K, capacity 29368K, committed 29716K, reserved 1075200K
  class space    used 3460K, capacity 3582K, committed 3608K, reserved 1048576K
}
2015-09-09T14:21:42.796+0200: 40.859: Total time for which application threads were stopped: 0.0112015 seconds, Stopping threads took: 0.0000147 seconds
{Heap before GC invocations=7 (full 1):
 par new generation   total 109248K, used 109248K [0x00000000e0000000, 0x00000000e8000000, 0x00000000e8000000)
  eden space 87424K, 100% used [0x00000000e0000000, 0x00000000e5560000, 0x00000000e5560000)
  from space 21824K, 100% used [0x00000000e6ab0000, 0x00000000e8000000, 0x00000000e8000000)
  to   space 21824K,   0% used [0x00000000e5560000, 0x00000000e5560000, 0x00000000e6ab0000)
 concurrent mark-sweep generation total 393216K, used 612K [0x00000000e8000000, 0x0000000100000000, 0x0000000100000000)
 Metaspace       used 29038K, capacity 29368K, committed 29716K, reserved 1075200K
  class space    used 3460K, capacity 3582K, committed 3608K, reserved 1048576K
2015-09-09T14:21:43.106+0200: 41.169: [GC (Allocation Failure) 41.169: [ParNew
Desired survivor size 20112992 bytes, new threshold 8 (max 8)
- age   1:    3815720 bytes,    3815720 total
- age   2:    2092632 bytes,    5908352 total
- age   3:    5594520 bytes,   11502872 total
- age   4:    1105552 bytes,   12608424 total
- age   5:      96920 bytes,   12705344 total
- age   6:    1083632 bytes,   13788976 total
- age   7:    2505616 bytes,   16294592 total
- age   8:    2490672 bytes,   18785264 total
: 109248K->21824K(109248K), 0.0098076 secs] 109860K->25598K(502464K), 0.0098649 secs] [Times: user=0.00 sys=0.00, real=0.01 secs] 
Heap after GC invocations=8 (full 1):
 par new generation   total 109248K, used 21824K [0x00000000e0000000, 0x00000000e8000000, 0x00000000e8000000)
  eden space 87424K,   0% used [0x00000000e0000000, 0x00000000e0000000, 0x00000000e5560000)
  from space 21824K, 100% used [0x00000000e5560000, 0x00000000e6ab0000, 0x00000000e6ab0000)
  to   space 21824K,   0% used [0x00000000e6ab0000, 0x00000000e6ab0000, 0x00000000e8000000)
 concurrent mark-sweep generation total 393216K, used 3774K [0x00000000e8000000, 0x0000000100000000, 0x0000000100000000)
 Metaspace       used 29038K, capacity 29368K, committed 29716K, reserved 1075200K
  class space    used 3460K, capacity 3582K, committed 3608K, reserved 1048576K
}
2015-09-09T14:21:43.116+0200: 41.179: Total time for which application threads were stopped: 0.0100217 seconds, Stopping threads took: 0.0000134 seconds
{Heap before GC invocations=8 (full 1):
 par new generation   total 109248K, used 109248K [0x00000000e0000000, 0x00000000e8000000, 0x00000000e8000000)
  eden space 87424K, 100% used [0x00000000e0000000, 0x00000000e5560000, 0x00000000e5560000)
  from space 21824K, 100% used [0x00000000e5560000, 0x00000000e6ab0000, 0x00000000e6ab0000)
  to   space 21824K,   0% used [0x00000000e6ab0000, 0x00000000e6ab0000, 0x00000000e8000000)
 concurrent mark-sweep generation total 393216K, used 3774K [0x00000000e8000000, 0x0000000100000000, 0x0000000100000000)
 Metaspace       used 29060K, capacity 29432K, committed 29716K, reserved 1075200K
  class space    used 3460K, capacity 3582K, committed 3608K, reserved 1048576K
2015-09-09T14:21:43.415+0200: 41.479: [GC (Allocation Failure) 41.479: [ParNew
Desired survivor size 20112992 bytes, new threshold 8 (max 8)
- age   1:    5753096 bytes,    5753096 total
- age   2:    2216120 bytes,    7969216 total
- age   3:    2002968 bytes,    9972184 total
- age   4:    4619656 bytes,   14591840 total
- age   5:     704352 bytes,   15296192 total
- age   6:      43664 bytes,   15339856 total
- age   7:     533224 bytes,   15873080 total
- age   8:    1869832 bytes,   17742912 total
: 109248K->21824K(109248K), 0.0143183 secs] 113022K->32344K(502464K), 0.0143807 secs] [Times: user=0.06 sys=0.00, real=0.02 secs] 
Heap after GC invocations=9 (full 1):
 par new generation   total 109248K, used 21824K [0x00000000e0000000, 0x00000000e8000000, 0x00000000e8000000)
  eden space 87424K,   0% used [0x00000000e0000000, 0x00000000e0000000, 0x00000000e5560000)
  from space 21824K, 100% used [0x00000000e6ab0000, 0x00000000e8000000, 0x00000000e8000000)
  to   space 21824K,   0% used [0x00000000e5560000, 0x00000000e5560000, 0x00000000e6ab0000)
 concurrent mark-sweep generation total 393216K, used 10520K [0x00000000e8000000, 0x0000000100000000, 0x0000000100000000)
 Metaspace       used 29060K, capacity 29432K, committed 29716K, reserved 1075200K
  class space    used 3460K, capacity 3582K, committed 3608K, reserved 1048576K
}
2015-09-09T14:21:43.430+0200: 41.493: Total time for which application threads were stopped: 0.0145512 seconds, Stopping threads took: 0.0000157 seconds
{Heap before GC invocations=9 (full 1):
 par new generation   total 109248K, used 109248K [0x00000000e0000000, 0x00000000e8000000, 0x00000000e8000000)
  eden space 87424K, 100% used [0x00000000e0000000, 0x00000000e5560000, 0x00000000e5560000)
  from space 21824K, 100% used [0x00000000e6ab0000, 0x00000000e8000000, 0x00000000e8000000)
  to   space 21824K,   0% used [0x00000000e5560000, 0x00000000e5560000, 0x00000000e6ab0000)
 concurrent mark-sweep generation total 393216K, used 10520K [0x00000000e8000000, 0x0000000100000000, 0x0000000100000000)
 Metaspace       used 29064K, capacity 29432K, committed 29716K, reserved 1075200K
  class space    used 3460K, capacity 3582K, committed 3608K, reserved 1048576K
2015-09-09T14:21:43.717+0200: 41.780: [GC (Allocation Failure) 41.780: [ParNew
Desired survivor size 20112992 bytes, new threshold 8 (max 8)
- age   1:    5215656 bytes,    5215656 total
- age   2:    3120848 bytes,    8336504 total
- age   3:    2136256 bytes,   10472760 total
- age   4:    1996648 bytes,   12469408 total
- age   5:    4550616 bytes,   17020024 total
- age   6:     688712 bytes,   17708736 total
- age   7:      40064 bytes,   17748800 total
- age   8:     344400 bytes,   18093200 total
: 109248K->21824K(109248K), 0.0112268 secs] 119768K->35269K(502464K), 0.0112860 secs] [Times: user=0.03 sys=0.00, real=0.01 secs] 
Heap after GC invocations=10 (full 1):
 par new generation   total 109248K, used 21824K [0x00000000e0000000, 0x00000000e8000000, 0x00000000e8000000)
  eden space 87424K,   0% used [0x00000000e0000000, 0x00000000e0000000, 0x00000000e5560000)
  from space 21824K, 100% used [0x00000000e5560000, 0x00000000e6ab0000, 0x00000000e6ab0000)
  to   space 21824K,   0% used [0x00000000e6ab0000, 0x00000000e6ab0000, 0x00000000e8000000)
 concurrent mark-sweep generation total 393216K, used 13445K [0x00000000e8000000, 0x0000000100000000, 0x0000000100000000)
 Metaspace       used 29064K, capacity 29432K, committed 29716K, reserved 1075200K
  class space    used 3460K, capacity 3582K, committed 3608K, reserved 1048576K
}
2015-09-09T14:21:43.728+0200: 41.792: Total time for which application threads were stopped: 0.0114345 seconds, Stopping threads took: 0.0000160 seconds
{Heap before GC invocations=10 (full 1):
 par new generation   total 109248K, used 109248K [0x00000000e0000000, 0x00000000e8000000, 0x00000000e8000000)
  eden space 87424K, 100% used [0x00000000e0000000, 0x00000000e5560000, 0x00000000e5560000)
  from space 21824K, 100% used [0x00000000e5560000, 0x00000000e6ab0000, 0x00000000e6ab0000)
  to   space 21824K,   0% used [0x00000000e6ab0000, 0x00000000e6ab0000, 0x00000000e8000000)
 concurrent mark-sweep generation total 393216K, used 13445K [0x00000000e8000000, 0x0000000100000000, 0x0000000100000000)
 Metaspace       used 29067K, capacity 29432K, committed 29716K, reserved 1075200K
  class space    used 3460K, capacity 3582K, committed 3608K, reserved 1048576K
2015-09-09T14:21:44.018+0200: 42.082: [GC (Allocation Failure) 42.082: [ParNew
Desired survivor size 20112992 bytes, new threshold 7 (max 8)
- age   1:    6474160 bytes,    6474160 total
- age   2:    2426216 bytes,    8900376 total
- age   3:    2837808 bytes,   11738184 total
- age   4:    2044424 bytes,   13782608 total
- age   5:    1934128 bytes,   15716736 total
- age   6:    4242008 bytes,   19958744 total
- age   7:     666128 bytes,   20624872 total
- age   8:      30360 bytes,   20655232 total
: 109248K->21824K(109248K), 0.0099829 secs] 122693K->36689K(502464K), 0.0100335 secs] [Times: user=0.06 sys=0.00, real=0.01 secs] 
Heap after GC invocations=11 (full 1):
 par new generation   total 109248K, used 21824K [0x00000000e0000000, 0x00000000e8000000, 0x00000000e8000000)
  eden space 87424K,   0% used [0x00000000e0000000, 0x00000000e0000000, 0x00000000e5560000)
  from space 21824K, 100% used [0x00000000e6ab0000, 0x00000000e8000000, 0x00000000e8000000)
  to   space 21824K,   0% used [0x00000000e5560000, 0x00000000e5560000, 0x00000000e6ab0000)
 concurrent mark-sweep generation total 393216K, used 14865K [0x00000000e8000000, 0x0000000100000000, 0x0000000100000000)
 Metaspace       used 29067K, capacity 29432K, committed 29716K, reserved 1075200K
  class space    used 3460K, capacity 3582K, committed 3608K, reserved 1048576K
}
2015-09-09T14:21:44.029+0200: 42.092: Total time for which application threads were stopped: 0.0101820 seconds, Stopping threads took: 0.0000150 seconds
{Heap before GC invocations=11 (full 1):
 par new generation   total 109248K, used 109248K [0x00000000e0000000, 0x00000000e8000000, 0x00000000e8000000)
  eden space 87424K, 100% used [0x00000000e0000000, 0x00000000e5560000, 0x00000000e5560000)
  from space 21824K, 100% used [0x00000000e6ab0000, 0x00000000e8000000, 0x00000000e8000000)
  to   space 21824K,   0% used [0x00000000e5560000, 0x00000000e5560000, 0x00000000e6ab0000)
 concurrent mark-sweep generation total 393216K, used 14865K [0x00000000e8000000, 0x0000000100000000, 0x0000000100000000)
 Metaspace       used 29067K, capacity 29432K, committed 29716K, reserved 1075200K
  class space    used 3460K, capacity 3582K, committed 3608K, reserved 1048576K
2015-09-09T14:21:44.291+0200: 42.354: [GC (Allocation Failure) 42.354: [ParNew
Desired survivor size 20112992 bytes, new threshold 8 (max 8)
- age   1:    2812800 bytes,    2812800 total
- age   2:    1108232 bytes,    3921032 total
- age   3:    1786520 bytes,    5707552 total
- age   4:    2171440 bytes,    7878992 total
- age   5:    1836360 bytes,    9715352 total
- age   6:    1823176 bytes,   11538528 total
- age   7:    4047616 bytes,   15586144 total
: 109248K->21824K(109248K), 0.0094105 secs] 124113K->45099K(502464K), 0.0094562 secs] [Times: user=0.00 sys=0.00, real=0.01 secs] 
Heap after GC invocations=12 (full 1):
 par new generation   total 109248K, used 21824K [0x00000000e0000000, 0x00000000e8000000, 0x00000000e8000000)
  eden space 87424K,   0% used [0x00000000e0000000, 0x00000000e0000000, 0x00000000e5560000)
  from space 21824K, 100% used [0x00000000e5560000, 0x00000000e6ab0000, 0x00000000e6ab0000)
  to   space 21824K,   0% used [0x00000000e6ab0000, 0x00000000e6ab0000, 0x00000000e8000000)
 concurrent mark-sweep generation total 393216K, used 23275K [0x00000000e8000000, 0x0000000100000000, 0x0000000100000000)
 Metaspace       used 29067K, capacity 29432K, committed 29716K, reserved 1075200K
  class space    used 3460K, capacity 3582K, committed 3608K, reserved 1048576K
}
2015-09-09T14:21:44.301+0200: 42.364: Total time for which application threads were stopped: 0.0095913 seconds, Stopping threads took: 0.0000131 seconds
{Heap before GC invocations=12 (full 1):
 par new generation   total 109248K, used 109248K [0x00000000e0000000, 0x00000000e8000000, 0x00000000e8000000)
  eden space 87424K, 100% used [0x00000000e0000000, 0x00000000e5560000, 0x00000000e5560000)
  from space 21824K, 100% used [0x00000000e5560000, 0x00000000e6ab0000, 0x00000000e6ab0000)
  to   space 21824K,   0% used [0x00000000e6ab0000, 0x00000000e6ab0000, 0x00000000e8000000)
 concurrent mark-sweep generation total 393216K, used 23275K [0x00000000e8000000, 0x0000000100000000, 0x0000000100000000)
 Metaspace       used 29068K, capacity 29432K, committed 29716K, reserved 1075200K
  class space    used 3460K, capacity 3582K, committed 3608K, reserved 1048576K
2015-09-09T14:21:44.581+0200: 42.643: [GC (Allocation Failure) 42.643: [ParNew
Desired survivor size 20112992 bytes, new threshold 8 (max 8)
- age   1:    7665952 bytes,    7665952 total
- age   2:    1003224 bytes,    8669176 total
- age   3:    1094136 bytes,    9763312 total
- age   4:    1772920 bytes,   11536232 total
- age   5:    1898296 bytes,   13434528 total
- age   6:    1826384 bytes,   15260912 total
- age   7:    1812112 bytes,   17073024 total
- age   8:    3997152 bytes,   21070176 total
: 109248K->21824K(109248K), 0.0087241 secs] 132523K->46222K(502464K), 0.0087737 secs] [Times: user=0.05 sys=0.02, real=0.01 secs] 
Heap after GC invocations=13 (full 1):
 par new generation   total 109248K, used 21824K [0x00000000e0000000, 0x00000000e8000000, 0x00000000e8000000)
  eden space 87424K,   0% used [0x00000000e0000000, 0x00000000e0000000, 0x00000000e5560000)
  from space 21824K, 100% used [0x00000000e6ab0000, 0x00000000e8000000, 0x00000000e8000000)
  to   space 21824K,   0% used [0x00000000e5560000, 0x00000000e5560000, 0x00000000e6ab0000)
 concurrent mark-sweep generation total 393216K, used 24398K [0x00000000e8000000, 0x0000000100000000, 0x0000000100000000)
 Metaspace       used 29068K, capacity 29432K, committed 29716K, reserved 1075200K
  class space    used 3460K, capacity 3582K, committed 3608K, reserved 1048576K
}
2015-09-09T14:21:44.589+0200: 42.652: Total time for which application threads were stopped: 0.0089369 seconds, Stopping threads took: 0.0000253 seconds
{Heap before GC invocations=13 (full 1):
 par new generation   total 109248K, used 109248K [0x00000000e0000000, 0x00000000e8000000, 0x00000000e8000000)
  eden space 87424K, 100% used [0x00000000e0000000, 0x00000000e5560000, 0x00000000e5560000)
  from space 21824K, 100% used [0x00000000e6ab0000, 0x00000000e8000000, 0x00000000e8000000)
  to   space 21824K,   0% used [0x00000000e5560000, 0x00000000e5560000, 0x00000000e6ab0000)
 concurrent mark-sweep generation total 393216K, used 24398K [0x00000000e8000000, 0x0000000100000000, 0x0000000100000000)
 Metaspace       used 29071K, capacity 29432K, committed 29716K, reserved 1075200K
  class space    used 3460K, capacity 3582K, committed 3608K, reserved 1048576K
2015-09-09T14:21:44.887+0200: 42.949: [GC (Allocation Failure) 42.949: [ParNew
Desired survivor size 20112992 bytes, new threshold 8 (max 8)
- age   1:    4474968 bytes,    4474968 total
- age   2:    4697320 bytes,    9172288 total
- age   3:    1003200 bytes,   10175488 total
- age   4:    1094160 bytes,   11269648 total
- age   5:    1772872 bytes,   13042520 total
- age   6:    1898224 bytes,   14940744 total
- age   7:    1826432 bytes,   16767176 total
- age   8:    1812160 bytes,   18579336 total
: 109248K->21824K(109248K), 0.0096450 secs] 133646K->53752K(502464K), 0.0096991 secs] [Times: user=0.00 sys=0.00, real=0.01 secs] 
Heap after GC invocations=14 (full 1):
 par new generation   total 109248K, used 21824K [0x00000000e0000000, 0x00000000e8000000, 0x00000000e8000000)
  eden space 87424K,   0% used [0x00000000e0000000, 0x00000000e0000000, 0x00000000e5560000)
  from space 21824K, 100% used [0x00000000e5560000, 0x00000000e6ab0000, 0x00000000e6ab0000)
  to   space 21824K,   0% used [0x00000000e6ab0000, 0x00000000e6ab0000, 0x00000000e8000000)
 concurrent mark-sweep generation total 393216K, used 31928K [0x00000000e8000000, 0x0000000100000000, 0x0000000100000000)
 Metaspace       used 29071K, capacity 29432K, committed 29716K, reserved 1075200K
  class space    used 3460K, capacity 3582K, committed 3608K, reserved 1048576K
}
2015-09-09T14:21:44.897+0200: 42.959: Total time for which application threads were stopped: 0.0098386 seconds, Stopping threads took: 0.0000138 seconds
{Heap before GC invocations=14 (full 1):
 par new generation   total 109248K, used 109248K [0x00000000e0000000, 0x00000000e8000000, 0x00000000e8000000)
  eden space 87424K, 100% used [0x00000000e0000000, 0x00000000e5560000, 0x00000000e5560000)
  from space 21824K, 100% used [0x00000000e5560000, 0x00000000e6ab0000, 0x00000000e6ab0000)
  to   space 21824K,   0% used [0x00000000e6ab0000, 0x00000000e6ab0000, 0x00000000e8000000)
 concurrent mark-sweep generation total 393216K, used 31928K [0x00000000e8000000, 0x0000000100000000, 0x0000000100000000)
 Metaspace       used 29071K, capacity 29432K, committed 29716K, reserved 1075200K
  class space    used 3460K, capacity 3582K, committed 3608K, reserved 1048576K
2015-09-09T14:21:45.171+0200: 43.233: [GC (Allocation Failure) 43.233: [ParNew
Desired survivor size 20112992 bytes, new threshold 8 (max 8)
- age   1:    8949664 bytes,    8949664 total
- age   2:    2443696 bytes,   11393360 total
- age   3:    2354760 bytes,   13748120 total
- age   4:     823776 bytes,   14571896 total
- age   5:     769480 bytes,   15341376 total
- age   6:    1604784 bytes,   16946160 total
- age   7:    1746440 bytes,   18692600 total
- age   8:    1690800 bytes,   20383400 total
: 109248K->21824K(109248K), 0.0101279 secs] 141176K->57258K(502464K), 0.0101753 secs] [Times: user=0.00 sys=0.00, real=0.01 secs] 
Heap after GC invocations=15 (full 1):
 par new generation   total 109248K, used 21824K [0x00000000e0000000, 0x00000000e8000000, 0x00000000e8000000)
  eden space 87424K,   0% used [0x00000000e0000000, 0x00000000e0000000, 0x00000000e5560000)
  from space 21824K, 100% used [0x00000000e6ab0000, 0x00000000e8000000, 0x00000000e8000000)
  to   space 21824K,   0% used [0x00000000e5560000, 0x00000000e5560000, 0x00000000e6ab0000)
 concurrent mark-sweep generation total 393216K, used 35434K [0x00000000e8000000, 0x0000000100000000, 0x0000000100000000)
 Metaspace       used 29071K, capacity 29432K, committed 29716K, reserved 1075200K
  class space    used 3460K, capacity 3582K, committed 3608K, reserved 1048576K
}
2015-09-09T14:21:45.181+0200: 43.243: Total time for which application threads were stopped: 0.0103052 seconds, Stopping threads took: 0.0000131 seconds
{Heap before GC invocations=15 (full 1):
 par new generation   total 109248K, used 109248K [0x00000000e0000000, 0x00000000e8000000, 0x00000000e8000000)
  eden space 87424K, 100% used [0x00000000e0000000, 0x00000000e5560000, 0x00000000e5560000)
  from space 21824K, 100% used [0x00000000e6ab0000, 0x00000000e8000000, 0x00000000e8000000)
  to   space 21824K,   0% used [0x00000000e5560000, 0x00000000e5560000, 0x00000000e6ab0000)
 concurrent mark-sweep generation total 393216K, used 35434K [0x00000000e8000000, 0x0000000100000000, 0x0000000100000000)
 Metaspace       used 29072K, capacity 29432K, committed 29716K, reserved 1075200K
  class space    used 3461K, capacity 3582K, committed 3608K, reserved 1048576K
2015-09-09T14:21:45.450+0200: 43.512: [GC (Allocation Failure) 43.512: [ParNew
Desired survivor size 20112992 bytes, new threshold 8 (max 8)
- age   1:    9323544 bytes,    9323544 total
- age   2:    2566520 bytes,   11890064 total
- age   3:    2411808 bytes,   14301872 total
- age   4:    1278904 bytes,   15580776 total
- age   5:     732056 bytes,   16312832 total
- age   6:     610760 bytes,   16923592 total
- age   7:     923056 bytes,   17846648 total
- age   8:    1724760 bytes,   19571408 total
: 109248K->21824K(109248K), 0.0094386 secs] 144682K->61880K(502464K), 0.0094860 secs] [Times: user=0.00 sys=0.00, real=0.01 secs] 
Heap after GC invocations=16 (full 1):
 par new generation   total 109248K, used 21824K [0x00000000e0000000, 0x00000000e8000000, 0x00000000e8000000)
  eden space 87424K,   0% used [0x00000000e0000000, 0x00000000e0000000, 0x00000000e5560000)
  from space 21824K, 100% used [0x00000000e5560000, 0x00000000e6ab0000, 0x00000000e6ab0000)
  to   space 21824K,   0% used [0x00000000e6ab0000, 0x00000000e6ab0000, 0x00000000e8000000)
 concurrent mark-sweep generation total 393216K, used 40056K [0x00000000e8000000, 0x0000000100000000, 0x0000000100000000)
 Metaspace       used 29072K, capacity 29432K, committed 29716K, reserved 1075200K
  class space    used 3461K, capacity 3582K, committed 3608K, reserved 1048576K
}
2015-09-09T14:21:45.460+0200: 43.522: Total time for which application threads were stopped: 0.0096185 seconds, Stopping threads took: 0.0000128 seconds
{Heap before GC invocations=16 (full 1):
 par new generation   total 109248K, used 109248K [0x00000000e0000000, 0x00000000e8000000, 0x00000000e8000000)
  eden space 87424K, 100% used [0x00000000e0000000, 0x00000000e5560000, 0x00000000e5560000)
  from space 21824K, 100% used [0x00000000e5560000, 0x00000000e6ab0000, 0x00000000e6ab0000)
  to   space 21824K,   0% used [0x00000000e6ab0000, 0x00000000e6ab0000, 0x00000000e8000000)
 concurrent mark-sweep generation total 393216K, used 40056K [0x00000000e8000000, 0x0000000100000000, 0x0000000100000000)
 Metaspace       used 29072K, capacity 29432K, committed 29716K, reserved 1075200K
  class space    used 3461K, capacity 3582K, committed 3608K, reserved 1048576K
2015-09-09T14:21:45.743+0200: 43.805: [GC (Allocation Failure) 43.805: [ParNew
Desired survivor size 20112992 bytes, new threshold 8 (max 8)
- age   1:    3661016 bytes,    3661016 total
- age   2:    6535504 bytes,   10196520 total
- age   3:    2310704 bytes,   12507224 total
- age   4:    2390240 bytes,   14897464 total
- age   5:    1260968 bytes,   16158432 total
- age   6:     711648 bytes,   16870080 total
- age   7:     590376 bytes,   17460456 total
- age   8:     904528 bytes,   18364984 total
: 109248K->21824K(109248K), 0.0092134 secs] 149304K->65914K(502464K), 0.0092594 secs] [Times: user=0.00 sys=0.00, real=0.01 secs] 
Heap after GC invocations=17 (full 1):
 par new generation   total 109248K, used 21824K [0x00000000e0000000, 0x00000000e8000000, 0x00000000e8000000)
  eden space 87424K,   0% used [0x00000000e0000000, 0x00000000e0000000, 0x00000000e5560000)
  from space 21824K, 100% used [0x00000000e6ab0000, 0x00000000e8000000, 0x00000000e8000000)
  to   space 21824K,   0% used [0x00000000e5560000, 0x00000000e5560000, 0x00000000e6ab0000)
 concurrent mark-sweep generation total 393216K, used 44090K [0x00000000e8000000, 0x0000000100000000, 0x0000000100000000)
 Metaspace       used 29072K, capacity 29432K, committed 29716K, reserved 1075200K
  class space    used 3461K, capacity 3582K, committed 3608K, reserved 1048576K
}
2015-09-09T14:21:45.752+0200: 43.815: Total time for which application threads were stopped: 0.0093935 seconds, Stopping threads took: 0.0000144 seconds
{Heap before GC invocations=17 (full 1):
 par new generation   total 109248K, used 109248K [0x00000000e0000000, 0x00000000e8000000, 0x00000000e8000000)
  eden space 87424K, 100% used [0x00000000e0000000, 0x00000000e5560000, 0x00000000e5560000)
  from space 21824K, 100% used [0x00000000e6ab0000, 0x00000000e8000000, 0x00000000e8000000)
  to   space 21824K,   0% used [0x00000000e5560000, 0x00000000e5560000, 0x00000000e6ab0000)
 concurrent mark-sweep generation total 393216K, used 44090K [0x00000000e8000000, 0x0000000100000000, 0x0000000100000000)
 Metaspace       used 29073K, capacity 29432K, committed 29716K, reserved 1075200K
  class space    used 3461K, capacity 3582K, committed 3608K, reserved 1048576K
2015-09-09T14:21:46.034+0200: 44.096: [GC (Allocation Failure) 44.096: [ParNew
Desired survivor size 20112992 bytes, new threshold 8 (max 8)
- age   1:    6812248 bytes,    6812248 total
- age   2:    3639616 bytes,   10451864 total
- age   3:    1765312 bytes,   12217176 total
- age   4:    2168744 bytes,   14385920 total
- age   5:    2362040 bytes,   16747960 total
- age   6:    1251576 bytes,   17999536 total
- age   7:     701776 bytes,   18701312 total
- age   8:     580944 bytes,   19282256 total
: 109248K->21824K(109248K), 0.0090102 secs] 153338K->68087K(502464K), 0.0090582 secs] [Times: user=0.06 sys=0.00, real=0.01 secs] 
Heap after GC invocations=18 (full 1):
 par new generation   total 109248K, used 21824K [0x00000000e0000000, 0x00000000e8000000, 0x00000000e8000000)
  eden space 87424K,   0% used [0x00000000e0000000, 0x00000000e0000000, 0x00000000e5560000)
  from space 21824K, 100% used [0x00000000e5560000, 0x00000000e6ab0000, 0x00000000e6ab0000)
  to   space 21824K,   0% used [0x00000000e6ab0000, 0x00000000e6ab0000, 0x00000000e8000000)
 concurrent mark-sweep generation total 393216K, used 46263K [0x00000000e8000000, 0x0000000100000000, 0x0000000100000000)
 Metaspace       used 29073K, capacity 29432K, committed 29716K, reserved 1075200K
  class space    used 3461K, capacity 3582K, committed 3608K, reserved 1048576K
}
2015-09-09T14:21:46.043+0200: 44.105: Total time for which application threads were stopped: 0.0091948 seconds, Stopping threads took: 0.0000141 seconds
{Heap before GC invocations=18 (full 1):
 par new generation   total 109248K, used 109248K [0x00000000e0000000, 0x00000000e8000000, 0x00000000e8000000)
  eden space 87424K, 100% used [0x00000000e0000000, 0x00000000e5560000, 0x00000000e5560000)
  from space 21824K, 100% used [0x00000000e5560000, 0x00000000e6ab0000, 0x00000000e6ab0000)
  to   space 21824K,   0% used [0x00000000e6ab0000, 0x00000000e6ab0000, 0x00000000e8000000)
 concurrent mark-sweep generation total 393216K, used 46263K [0x00000000e8000000, 0x0000000100000000, 0x0000000100000000)
 Metaspace       used 29073K, capacity 29432K, committed 29716K, reserved 1075200K
  class space    used 3461K, capacity 3582K, committed 3608K, reserved 1048576K
2015-09-09T14:21:46.332+0200: 44.394: [GC (Allocation Failure) 44.394: [ParNew
Desired survivor size 20112992 bytes, new threshold 8 (max 8)
- age   1:    6420832 bytes,    6420832 total
- age   2:    6504592 bytes,   12925424 total
- age   3:     760544 bytes,   13685968 total
- age   4:    1258464 bytes,   14944432 total
- age   5:    2009472 bytes,   16953904 total
- age   6:    2196976 bytes,   19150880 total
- age   7:     581216 bytes,   19732096 total
- age   8:     567576 bytes,   20299672 total
: 109248K->21824K(109248K), 0.0102265 secs] 155511K->71097K(502464K), 0.0102729 secs] [Times: user=0.06 sys=0.00, real=0.01 secs] 
Heap after GC invocations=19 (full 1):
 par new generation   total 109248K, used 21824K [0x00000000e0000000, 0x00000000e8000000, 0x00000000e8000000)
  eden space 87424K,   0% used [0x00000000e0000000, 0x00000000e0000000, 0x00000000e5560000)
  from space 21824K, 100% used [0x00000000e6ab0000, 0x00000000e8000000, 0x00000000e8000000)
  to   space 21824K,   0% used [0x00000000e5560000, 0x00000000e5560000, 0x00000000e6ab0000)
 concurrent mark-sweep generation total 393216K, used 49273K [0x00000000e8000000, 0x0000000100000000, 0x0000000100000000)
 Metaspace       used 29073K, capacity 29432K, committed 29716K, reserved 1075200K
  class space    used 3461K, capacity 3582K, committed 3608K, reserved 1048576K
}
2015-09-09T14:21:46.342+0200: 44.404: Total time for which application threads were stopped: 0.0104076 seconds, Stopping threads took: 0.0000134 seconds
{Heap before GC invocations=19 (full 1):
 par new generation   total 109248K, used 109248K [0x00000000e0000000, 0x00000000e8000000, 0x00000000e8000000)
  eden space 87424K, 100% used [0x00000000e0000000, 0x00000000e5560000, 0x00000000e5560000)
  from space 21824K, 100% used [0x00000000e6ab0000, 0x00000000e8000000, 0x00000000e8000000)
  to   space 21824K,   0% used [0x00000000e5560000, 0x00000000e5560000, 0x00000000e6ab0000)
 concurrent mark-sweep generation total 393216K, used 49273K [0x00000000e8000000, 0x0000000100000000, 0x0000000100000000)
 Metaspace       used 29073K, capacity 29432K, committed 29716K, reserved 1075200K
  class space    used 3461K, capacity 3582K, committed 3608K, reserved 1048576K
2015-09-09T14:21:46.609+0200: 44.671: [GC (Allocation Failure) 44.671: [ParNew
Desired survivor size 20112992 bytes, new threshold 8 (max 8)
- age   1:    7042168 bytes,    7042168 total
- age   2:    3597176 bytes,   10639344 total
- age   3:     766960 bytes,   11406304 total
- age   4:     738872 bytes,   12145176 total
- age   5:    1215424 bytes,   13360600 total
- age   6:    1628192 bytes,   14988792 total
- age   7:    1987536 bytes,   16976328 total
- age   8:     563576 bytes,   17539904 total
: 109248K->21824K(109248K), 0.0091410 secs] 158521K->77359K(502464K), 0.0091900 secs] [Times: user=0.06 sys=0.00, real=0.01 secs] 
Heap after GC invocations=20 (full 1):
 par new generation   total 109248K, used 21824K [0x00000000e0000000, 0x00000000e8000000, 0x00000000e8000000)
  eden space 87424K,   0% used [0x00000000e0000000, 0x00000000e0000000, 0x00000000e5560000)
  from space 21824K, 100% used [0x00000000e5560000, 0x00000000e6ab0000, 0x00000000e6ab0000)
  to   space 21824K,   0% used [0x00000000e6ab0000, 0x00000000e6ab0000, 0x00000000e8000000)
 concurrent mark-sweep generation total 393216K, used 55535K [0x00000000e8000000, 0x0000000100000000, 0x0000000100000000)
 Metaspace       used 29073K, capacity 29432K, committed 29716K, reserved 1075200K
  class space    used 3461K, capacity 3582K, committed 3608K, reserved 1048576K
}
2015-09-09T14:21:46.618+0200: 44.681: Total time for which application threads were stopped: 0.0093202 seconds, Stopping threads took: 0.0000134 seconds
{Heap before GC invocations=20 (full 1):
 par new generation   total 109248K, used 109248K [0x00000000e0000000, 0x00000000e8000000, 0x00000000e8000000)
  eden space 87424K, 100% used [0x00000000e0000000, 0x00000000e5560000, 0x00000000e5560000)
  from space 21824K, 100% used [0x00000000e5560000, 0x00000000e6ab0000, 0x00000000e6ab0000)
  to   space 21824K,   0% used [0x00000000e6ab0000, 0x00000000e6ab0000, 0x00000000e8000000)
 concurrent mark-sweep generation total 393216K, used 55535K [0x00000000e8000000, 0x0000000100000000, 0x0000000100000000)
 Metaspace       used 29073K, capacity 29432K, committed 29716K, reserved 1075200K
  class space    used 3461K, capacity 3582K, committed 3608K, reserved 1048576K
2015-09-09T14:21:46.909+0200: 44.972: [GC (Allocation Failure) 44.972: [ParNew
Desired survivor size 20112992 bytes, new threshold 8 (max 8)
- age   1:    2807200 bytes,    2807200 total
- age   2:    6145312 bytes,    8952512 total
- age   3:    3353056 bytes,   12305568 total
- age   4:     757384 bytes,   13062952 total
- age   5:     729752 bytes,   13792704 total
- age   6:    1208120 bytes,   15000824 total
- age   7:    1622496 bytes,   16623320 total
- age   8:    1982512 bytes,   18605832 total
: 109248K->21824K(109248K), 0.0091126 secs] 164783K->79475K(502464K), 0.0091583 secs] [Times: user=0.06 sys=0.00, real=0.01 secs] 
Heap after GC invocations=21 (full 1):
 par new generation   total 109248K, used 21824K [0x00000000e0000000, 0x00000000e8000000, 0x00000000e8000000)
  eden space 87424K,   0% used [0x00000000e0000000, 0x00000000e0000000, 0x00000000e5560000)
  from space 21824K, 100% used [0x00000000e6ab0000, 0x00000000e8000000, 0x00000000e8000000)
  to   space 21824K,   0% used [0x00000000e5560000, 0x00000000e5560000, 0x00000000e6ab0000)
 concurrent mark-sweep generation total 393216K, used 57651K [0x00000000e8000000, 0x0000000100000000, 0x0000000100000000)
 Metaspace       used 29073K, capacity 29432K, committed 29716K, reserved 1075200K
  class space    used 3461K, capacity 3582K, committed 3608K, reserved 1048576K
}
2015-09-09T14:21:46.918+0200: 44.981: Total time for which application threads were stopped: 0.0092914 seconds, Stopping threads took: 0.0000138 seconds
{Heap before GC invocations=21 (full 1):
 par new generation   total 109248K, used 109248K [0x00000000e0000000, 0x00000000e8000000, 0x00000000e8000000)
  eden space 87424K, 100% used [0x00000000e0000000, 0x00000000e5560000, 0x00000000e5560000)
  from space 21824K, 100% used [0x00000000e6ab0000, 0x00000000e8000000, 0x00000000e8000000)
  to   space 21824K,   0% used [0x00000000e5560000, 0x00000000e5560000, 0x00000000e6ab0000)
 concurrent mark-sweep generation total 393216K, used 57651K [0x00000000e8000000, 0x0000000100000000, 0x0000000100000000)
 Metaspace       used 29073K, capacity 29432K, committed 29716K, reserved 1075200K
  class space    used 3461K, capacity 3582K, committed 3608K, reserved 1048576K
2015-09-09T14:21:47.183+0200: 45.246: [GC (Allocation Failure) 45.246: [ParNew
Desired survivor size 20112992 bytes, new threshold 8 (max 8)
- age   1:    6212952 bytes,    6212952 total
- age   2:    2806928 bytes,    9019880 total
- age   3:    1896816 bytes,   10916696 total
- age   4:    3353056 bytes,   14269752 total
- age   5:     757408 bytes,   15027160 total
- age   6:     729776 bytes,   15756936 total
- age   7:    1207808 bytes,   16964744 total
- age   8:    1622520 bytes,   18587264 total
: 109248K->21350K(109248K), 0.0104908 secs] 166899K->86618K(502464K), 0.0105762 secs] [Times: user=0.06 sys=0.00, real=0.01 secs] 
Heap after GC invocations=22 (full 1):
 par new generation   total 109248K, used 21350K [0x00000000e0000000, 0x00000000e8000000, 0x00000000e8000000)
  eden space 87424K,   0% used [0x00000000e0000000, 0x00000000e0000000, 0x00000000e5560000)
  from space 21824K,  97% used [0x00000000e5560000, 0x00000000e6a39a58, 0x00000000e6ab0000)
  to   space 21824K,   0% used [0x00000000e6ab0000, 0x00000000e6ab0000, 0x00000000e8000000)
 concurrent mark-sweep generation total 393216K, used 65267K [0x00000000e8000000, 0x0000000100000000, 0x0000000100000000)
 Metaspace       used 29073K, capacity 29432K, committed 29716K, reserved 1075200K
  class space    used 3461K, capacity 3582K, committed 3608K, reserved 1048576K
}
2015-09-09T14:21:47.194+0200: 45.256: Total time for which application threads were stopped: 0.0107122 seconds, Stopping threads took: 0.0000154 seconds
{Heap before GC invocations=22 (full 1):
 par new generation   total 109248K, used 108774K [0x00000000e0000000, 0x00000000e8000000, 0x00000000e8000000)
  eden space 87424K, 100% used [0x00000000e0000000, 0x00000000e5560000, 0x00000000e5560000)
  from space 21824K,  97% used [0x00000000e5560000, 0x00000000e6a39a58, 0x00000000e6ab0000)
  to   space 21824K,   0% used [0x00000000e6ab0000, 0x00000000e6ab0000, 0x00000000e8000000)
 concurrent mark-sweep generation total 393216K, used 65267K [0x00000000e8000000, 0x0000000100000000, 0x0000000100000000)
 Metaspace       used 29074K, capacity 29432K, committed 29716K, reserved 1075200K
  class space    used 3461K, capacity 3582K, committed 3608K, reserved 1048576K
2015-09-09T14:21:47.488+0200: 45.550: [GC (Allocation Failure) 45.550: [ParNew
Desired survivor size 20112992 bytes, new threshold 8 (max 8)
- age   1:    2348616 bytes,    2348616 total
- age   2:    5006384 bytes,    7355000 total
- age   3:    2457552 bytes,    9812552 total
- age   4:    1886704 bytes,   11699256 total
- age   5:    3348688 bytes,   15047944 total
- age   6:     728960 bytes,   15776904 total
- age   7:     725272 bytes,   16502176 total
- age   8:    1203376 bytes,   17705552 total
: 108774K->21824K(109248K), 0.0093484 secs] 174042K->90756K(502464K), 0.0093942 secs] [Times: user=0.00 sys=0.00, real=0.01 secs] 
Heap after GC invocations=23 (full 1):
 par new generation   total 109248K, used 21824K [0x00000000e0000000, 0x00000000e8000000, 0x00000000e8000000)
  eden space 87424K,   0% used [0x00000000e0000000, 0x00000000e0000000, 0x00000000e5560000)
  from space 21824K, 100% used [0x00000000e6ab0000, 0x00000000e8000000, 0x00000000e8000000)
  to   space 21824K,   0% used [0x00000000e5560000, 0x00000000e5560000, 0x00000000e6ab0000)
 concurrent mark-sweep generation total 393216K, used 68932K [0x00000000e8000000, 0x0000000100000000, 0x0000000100000000)
 Metaspace       used 29074K, capacity 29432K, committed 29716K, reserved 1075200K
  class space    used 3461K, capacity 3582K, committed 3608K, reserved 1048576K
}
2015-09-09T14:21:47.497+0200: 45.560: Total time for which application threads were stopped: 0.0095270 seconds, Stopping threads took: 0.0000134 seconds
{Heap before GC invocations=23 (full 1):
 par new generation   total 109248K, used 109248K [0x00000000e0000000, 0x00000000e8000000, 0x00000000e8000000)
  eden space 87424K, 100% used [0x00000000e0000000, 0x00000000e5560000, 0x00000000e5560000)
  from space 21824K, 100% used [0x00000000e6ab0000, 0x00000000e8000000, 0x00000000e8000000)
  to   space 21824K,   0% used [0x00000000e5560000, 0x00000000e5560000, 0x00000000e6ab0000)
 concurrent mark-sweep generation total 393216K, used 68932K [0x00000000e8000000, 0x0000000100000000, 0x0000000100000000)
 Metaspace       used 29074K, capacity 29432K, committed 29716K, reserved 1075200K
  class space    used 3461K, capacity 3582K, committed 3608K, reserved 1048576K
2015-09-09T14:21:47.758+0200: 45.820: [GC (Allocation Failure) 45.820: [ParNew
Desired survivor size 20112992 bytes, new threshold 8 (max 8)
- age   1:    6347336 bytes,    6347336 total
- age   2:    2269768 bytes,    8617104 total
- age   3:    1907600 bytes,   10524704 total
- age   4:    2160752 bytes,   12685456 total
- age   5:    1869824 bytes,   14555280 total
- age   6:    3337000 bytes,   17892280 total
- age   7:     720008 bytes,   18612288 total
- age   8:     716568 bytes,   19328856 total
: 109248K->21824K(109248K), 0.0102076 secs] 178180K->99562K(502464K), 0.0102559 secs] [Times: user=0.00 sys=0.00, real=0.01 secs] 
Heap after GC invocations=24 (full 1):
 par new generation   total 109248K, used 21824K [0x00000000e0000000, 0x00000000e8000000, 0x00000000e8000000)
  eden space 87424K,   0% used [0x00000000e0000000, 0x00000000e0000000, 0x00000000e5560000)
  from space 21824K, 100% used [0x00000000e5560000, 0x00000000e6ab0000, 0x00000000e6ab0000)
  to   space 21824K,   0% used [0x00000000e6ab0000, 0x00000000e6ab0000, 0x00000000e8000000)
 concurrent mark-sweep generation total 393216K, used 77738K [0x00000000e8000000, 0x0000000100000000, 0x0000000100000000)
 Metaspace       used 29074K, capacity 29432K, committed 29716K, reserved 1075200K
  class space    used 3461K, capacity 3582K, committed 3608K, reserved 1048576K
}
2015-09-09T14:21:47.768+0200: 45.831: Total time for which application threads were stopped: 0.0103980 seconds, Stopping threads took: 0.0000141 seconds
{Heap before GC invocations=24 (full 1):
 par new generation   total 109248K, used 109248K [0x00000000e0000000, 0x00000000e8000000, 0x00000000e8000000)
  eden space 87424K, 100% used [0x00000000e0000000, 0x00000000e5560000, 0x00000000e5560000)
  from space 21824K, 100% used [0x00000000e5560000, 0x00000000e6ab0000, 0x00000000e6ab0000)
  to   space 21824K,   0% used [0x00000000e6ab0000, 0x00000000e6ab0000, 0x00000000e8000000)
 concurrent mark-sweep generation total 393216K, used 77738K [0x00000000e8000000, 0x0000000100000000, 0x0000000100000000)
 Metaspace       used 29074K, capacity 29432K, committed 29716K, reserved 1075200K
  class space    used 3461K, capacity 3582K, committed 3608K, reserved 1048576K
2015-09-09T14:21:48.065+0200: 46.127: [GC (Allocation Failure) 46.128: [ParNew
Desired survivor size 20112992 bytes, new threshold 8 (max 8)
- age   1:    4134000 bytes,    4134000 total
- age   2:    4959368 bytes,    9093368 total
- age   3:    2100440 bytes,   11193808 total
- age   4:    1792576 bytes,   12986384 total
- age   5:    2038400 bytes,   15024784 total
- age   6:    1780368 bytes,   16805152 total
- age   7:    3288664 bytes,   20093816 total
- age   8:     680544 bytes,   20774360 total
: 109248K->21824K(109248K), 0.0106671 secs] 186986K->102403K(502464K), 0.0107154 secs] [Times: user=0.00 sys=0.00, real=0.01 secs] 
Heap after GC invocations=25 (full 1):
 par new generation   total 109248K, used 21824K [0x00000000e0000000, 0x00000000e8000000, 0x00000000e8000000)
  eden space 87424K,   0% used [0x00000000e0000000, 0x00000000e0000000, 0x00000000e5560000)
  from space 21824K, 100% used [0x00000000e6ab0000, 0x00000000e8000000, 0x00000000e8000000)
  to   space 21824K,   0% used [0x00000000e5560000, 0x00000000e5560000, 0x00000000e6ab0000)
 concurrent mark-sweep generation total 393216K, used 80579K [0x00000000e8000000, 0x0000000100000000, 0x0000000100000000)
 Metaspace       used 29074K, capacity 29432K, committed 29716K, reserved 1075200K
  class space    used 3461K, capacity 3582K, committed 3608K, reserved 1048576K
}
2015-09-09T14:21:48.076+0200: 46.138: Total time for which application threads were stopped: 0.0108479 seconds, Stopping threads took: 0.0000134 seconds
{Heap before GC invocations=25 (full 1):
 par new generation   total 109248K, used 109248K [0x00000000e0000000, 0x00000000e8000000, 0x00000000e8000000)
  eden space 87424K, 100% used [0x00000000e0000000, 0x00000000e5560000, 0x00000000e5560000)
  from space 21824K, 100% used [0x00000000e6ab0000, 0x00000000e8000000, 0x00000000e8000000)
  to   space 21824K,   0% used [0x00000000e5560000, 0x00000000e5560000, 0x00000000e6ab0000)
 concurrent mark-sweep generation total 393216K, used 80579K [0x00000000e8000000, 0x0000000100000000, 0x0000000100000000)
 Metaspace       used 29074K, capacity 29432K, committed 29716K, reserved 1075200K
  class space    used 3461K, capacity 3582K, committed 3608K, reserved 1048576K
2015-09-09T14:21:48.377+0200: 46.439: [GC (Allocation Failure) 46.439: [ParNew
Desired survivor size 20112992 bytes, new threshold 8 (max 8)
- age   1:    3132808 bytes,    3132808 total
- age   2:    2683952 bytes,    5816760 total
- age   3:    3858088 bytes,    9674848 total
- age   4:    1902296 bytes,   11577144 total
- age   5:    1608152 bytes,   13185296 total
- age   6:    1869320 bytes,   15054616 total
- age   7:    1622664 bytes,   16677280 total
- age   8:    3164088 bytes,   19841368 total
: 109248K->21824K(109248K), 0.0112748 secs] 189827K->112705K(502464K), 0.0113186 secs] [Times: user=0.00 sys=0.00, real=0.01 secs] 
Heap after GC invocations=26 (full 1):
 par new generation   total 109248K, used 21824K [0x00000000e0000000, 0x00000000e8000000, 0x00000000e8000000)
  eden space 87424K,   0% used [0x00000000e0000000, 0x00000000e0000000, 0x00000000e5560000)
  from space 21824K, 100% used [0x00000000e5560000, 0x00000000e6ab0000, 0x00000000e6ab0000)
  to   space 21824K,   0% used [0x00000000e6ab0000, 0x00000000e6ab0000, 0x00000000e8000000)
 concurrent mark-sweep generation total 393216K, used 90881K [0x00000000e8000000, 0x0000000100000000, 0x0000000100000000)
 Metaspace       used 29074K, capacity 29432K, committed 29716K, reserved 1075200K
  class space    used 3461K, capacity 3582K, committed 3608K, reserved 1048576K
}
2015-09-09T14:21:48.388+0200: 46.451: Total time for which application threads were stopped: 0.0114578 seconds, Stopping threads took: 0.0000141 seconds
{Heap before GC invocations=26 (full 1):
 par new generation   total 109248K, used 109248K [0x00000000e0000000, 0x00000000e8000000, 0x00000000e8000000)
  eden space 87424K, 100% used [0x00000000e0000000, 0x00000000e5560000, 0x00000000e5560000)
  from space 21824K, 100% used [0x00000000e5560000, 0x00000000e6ab0000, 0x00000000e6ab0000)
  to   space 21824K,   0% used [0x00000000e6ab0000, 0x00000000e6ab0000, 0x00000000e8000000)
 concurrent mark-sweep generation total 393216K, used 90881K [0x00000000e8000000, 0x0000000100000000, 0x0000000100000000)
 Metaspace       used 29074K, capacity 29432K, committed 29716K, reserved 1075200K
  class space    used 3461K, capacity 3582K, committed 3608K, reserved 1048576K
2015-09-09T14:21:48.656+0200: 46.719: [GC (Allocation Failure) 46.719: [ParNew
Desired survivor size 20112992 bytes, new threshold 8 (max 8)
- age   1:    6189488 bytes,    6189488 total
- age   2:    3131672 bytes,    9321160 total
- age   3:    2140560 bytes,   11461720 total
- age   4:    1530976 bytes,   12992696 total
- age   5:    1902296 bytes,   14894992 total
- age   6:    1608152 bytes,   16503144 total
- age   7:    1869320 bytes,   18372464 total
- age   8:    1622688 bytes,   19995152 total
: 109248K->21824K(109248K), 0.0100293 secs] 200129K->122292K(502464K), 0.0100767 secs] [Times: user=0.06 sys=0.00, real=0.01 secs] 
Heap after GC invocations=27 (full 1):
 par new generation   total 109248K, used 21824K [0x00000000e0000000, 0x00000000e8000000, 0x00000000e8000000)
  eden space 87424K,   0% used [0x00000000e0000000, 0x00000000e0000000, 0x00000000e5560000)
  from space 21824K, 100% used [0x00000000e6ab0000, 0x00000000e8000000, 0x00000000e8000000)
  to   space 21824K,   0% used [0x00000000e5560000, 0x00000000e5560000, 0x00000000e6ab0000)
 concurrent mark-sweep generation total 393216K, used 100468K [0x00000000e8000000, 0x0000000100000000, 0x0000000100000000)
 Metaspace       used 29074K, capacity 29432K, committed 29716K, reserved 1075200K
  class space    used 3461K, capacity 3582K, committed 3608K, reserved 1048576K
}
2015-09-09T14:21:48.667+0200: 46.729: Total time for which application threads were stopped: 0.0102181 seconds, Stopping threads took: 0.0000134 seconds
{Heap before GC invocations=27 (full 1):
 par new generation   total 109248K, used 109248K [0x00000000e0000000, 0x00000000e8000000, 0x00000000e8000000)
  eden space 87424K, 100% used [0x00000000e0000000, 0x00000000e5560000, 0x00000000e5560000)
  from space 21824K, 100% used [0x00000000e6ab0000, 0x00000000e8000000, 0x00000000e8000000)
  to   space 21824K,   0% used [0x00000000e5560000, 0x00000000e5560000, 0x00000000e6ab0000)
 concurrent mark-sweep generation total 393216K, used 100468K [0x00000000e8000000, 0x0000000100000000, 0x0000000100000000)
 Metaspace       used 29074K, capacity 29432K, committed 29716K, reserved 1075200K
  class space    used 3461K, capacity 3582K, committed 3608K, reserved 1048576K
2015-09-09T14:21:48.960+0200: 47.023: [GC (Allocation Failure) 47.023: [ParNew
Desired survivor size 20112992 bytes, new threshold 8 (max 8)
- age   1:    2810352 bytes,    2810352 total
- age   2:    4695672 bytes,    7506024 total
- age   3:    2884712 bytes,   10390736 total
- age   4:    2092184 bytes,   12482920 total
- age   5:    1523216 bytes,   14006136 total
- age   6:    1894576 bytes,   15900712 total
- age   7:    1600440 bytes,   17501152 total
- age   8:    1860008 bytes,   19361160 total
: 109248K->21824K(109248K), 0.0095110 secs] 209716K->125659K(502464K), 0.0095567 secs] [Times: user=0.02 sys=0.00, real=0.01 secs] 
Heap after GC invocations=28 (full 1):
 par new generation   total 109248K, used 21824K [0x00000000e0000000, 0x00000000e8000000, 0x00000000e8000000)
  eden space 87424K,   0% used [0x00000000e0000000, 0x00000000e0000000, 0x00000000e5560000)
  from space 21824K, 100% used [0x00000000e5560000, 0x00000000e6ab0000, 0x00000000e6ab0000)
  to   space 21824K,   0% used [0x00000000e6ab0000, 0x00000000e6ab0000, 0x00000000e8000000)
 concurrent mark-sweep generation total 393216K, used 103835K [0x00000000e8000000, 0x0000000100000000, 0x0000000100000000)
 Metaspace       used 29074K, capacity 29432K, committed 29716K, reserved 1075200K
  class space    used 3461K, capacity 3582K, committed 3608K, reserved 1048576K
}
2015-09-09T14:21:48.970+0200: 47.032: Total time for which application threads were stopped: 0.0097017 seconds, Stopping threads took: 0.0000138 seconds
{Heap before GC invocations=28 (full 1):
 par new generation   total 109248K, used 109248K [0x00000000e0000000, 0x00000000e8000000, 0x00000000e8000000)
  eden space 87424K, 100% used [0x00000000e0000000, 0x00000000e5560000, 0x00000000e5560000)
  from space 21824K, 100% used [0x00000000e5560000, 0x00000000e6ab0000, 0x00000000e6ab0000)
  to   space 21824K,   0% used [0x00000000e6ab0000, 0x00000000e6ab0000, 0x00000000e8000000)
 concurrent mark-sweep generation total 393216K, used 103835K [0x00000000e8000000, 0x0000000100000000, 0x0000000100000000)
 Metaspace       used 29075K, capacity 29432K, committed 29716K, reserved 1075200K
  class space    used 3461K, capacity 3582K, committed 3608K, reserved 1048576K
2015-09-09T14:21:49.252+0200: 47.315: [GC (Allocation Failure) 47.315: [ParNew
Desired survivor size 20112992 bytes, new threshold 8 (max 8)
- age   1:    5997912 bytes,    5997912 total
- age   2:    2768672 bytes,    8766584 total
- age   3:    4640096 bytes,   13406680 total
- age   4:    1230496 bytes,   14637176 total
- age   5:    2088376 bytes,   16725552 total
- age   6:    1092216 bytes,   17817768 total
- age   7:    1890128 bytes,   19707896 total
- age   8:    1595224 bytes,   21303120 total
: 109248K->21824K(109248K), 0.0100258 secs] 213083K->128620K(502464K), 0.0100738 secs] [Times: user=0.00 sys=0.00, real=0.01 secs] 
Heap after GC invocations=29 (full 1):
 par new generation   total 109248K, used 21824K [0x00000000e0000000, 0x00000000e8000000, 0x00000000e8000000)
  eden space 87424K,   0% used [0x00000000e0000000, 0x00000000e0000000, 0x00000000e5560000)
  from space 21824K, 100% used [0x00000000e6ab0000, 0x00000000e8000000, 0x00000000e8000000)
  to   space 21824K,   0% used [0x00000000e5560000, 0x00000000e5560000, 0x00000000e6ab0000)
 concurrent mark-sweep generation total 393216K, used 106796K [0x00000000e8000000, 0x0000000100000000, 0x0000000100000000)
 Metaspace       used 29075K, capacity 29432K, committed 29716K, reserved 1075200K
  class space    used 3461K, capacity 3582K, committed 3608K, reserved 1048576K
}
2015-09-09T14:21:49.262+0200: 47.325: Total time for which application threads were stopped: 0.0102117 seconds, Stopping threads took: 0.0000138 seconds
{Heap before GC invocations=29 (full 1):
 par new generation   total 109248K, used 109248K [0x00000000e0000000, 0x00000000e8000000, 0x00000000e8000000)
  eden space 87424K, 100% used [0x00000000e0000000, 0x00000000e5560000, 0x00000000e5560000)
  from space 21824K, 100% used [0x00000000e6ab0000, 0x00000000e8000000, 0x00000000e8000000)
  to   space 21824K,   0% used [0x00000000e5560000, 0x00000000e5560000, 0x00000000e6ab0000)
 concurrent mark-sweep generation total 393216K, used 106796K [0x00000000e8000000, 0x0000000100000000, 0x0000000100000000)
 Metaspace       used 29075K, capacity 29432K, committed 29716K, reserved 1075200K
  class space    used 3461K, capacity 3582K, committed 3608K, reserved 1048576K
2015-09-09T14:21:49.553+0200: 47.616: [GC (Allocation Failure) 47.616: [ParNew
Desired survivor size 20112992 bytes, new threshold 8 (max 8)
- age   1:    2651600 bytes,    2651600 total
- age   2:    4007752 bytes,    6659352 total
- age   3:    2719792 bytes,    9379144 total
- age   4:    3674776 bytes,   13053920 total
- age   5:     861168 bytes,   13915088 total
- age   6:    1685896 bytes,   15600984 total
- age   7:    1068240 bytes,   16669224 total
- age   8:    1888896 bytes,   18558120 total
: 109248K->21824K(109248K), 0.0100572 secs] 216044K->134116K(502464K), 0.0101026 secs] [Times: user=0.00 sys=0.00, real=0.01 secs] 
Heap after GC invocations=30 (full 1):
 par new generation   total 109248K, used 21824K [0x00000000e0000000, 0x00000000e8000000, 0x00000000e8000000)
  eden space 87424K,   0% used [0x00000000e0000000, 0x00000000e0000000, 0x00000000e5560000)
  from space 21824K, 100% used [0x00000000e5560000, 0x00000000e6ab0000, 0x00000000e6ab0000)
  to   space 21824K,   0% used [0x00000000e6ab0000, 0x00000000e6ab0000, 0x00000000e8000000)
 concurrent mark-sweep generation total 393216K, used 112292K [0x00000000e8000000, 0x0000000100000000, 0x0000000100000000)
 Metaspace       used 29075K, capacity 29432K, committed 29716K, reserved 1075200K
  class space    used 3461K, capacity 3582K, committed 3608K, reserved 1048576K
}
2015-09-09T14:21:49.563+0200: 47.626: Total time for which application threads were stopped: 0.0102373 seconds, Stopping threads took: 0.0000144 seconds
{Heap before GC invocations=30 (full 1):
 par new generation   total 109248K, used 109248K [0x00000000e0000000, 0x00000000e8000000, 0x00000000e8000000)
  eden space 87424K, 100% used [0x00000000e0000000, 0x00000000e5560000, 0x00000000e5560000)
  from space 21824K, 100% used [0x00000000e5560000, 0x00000000e6ab0000, 0x00000000e6ab0000)
  to   space 21824K,   0% used [0x00000000e6ab0000, 0x00000000e6ab0000, 0x00000000e8000000)
 concurrent mark-sweep generation total 393216K, used 112292K [0x00000000e8000000, 0x0000000100000000, 0x0000000100000000)
 Metaspace       used 29075K, capacity 29432K, committed 29716K, reserved 1075200K
  class space    used 3461K, capacity 3582K, committed 3608K, reserved 1048576K
2015-09-09T14:21:49.829+0200: 47.892: [GC (Allocation Failure) 47.892: [ParNew
Desired survivor size 20112992 bytes, new threshold 7 (max 8)
- age   1:    9236736 bytes,    9236736 total
- age   2:    2607984 bytes,   11844720 total
- age   3:    1869008 bytes,   13713728 total
- age   4:    2493712 bytes,   16207440 total
- age   5:    2430080 bytes,   18637520 total
- age   6:     859232 bytes,   19496752 total
- age   7:    1684704 bytes,   21181456 total
- age   8:    1066912 bytes,   22248368 total
: 109248K->21824K(109248K), 0.0108201 secs] 221540K->146229K(502464K), 0.0108684 secs] [Times: user=0.00 sys=0.00, real=0.01 secs] 
Heap after GC invocations=31 (full 1):
 par new generation   total 109248K, used 21824K [0x00000000e0000000, 0x00000000e8000000, 0x00000000e8000000)
  eden space 87424K,   0% used [0x00000000e0000000, 0x00000000e0000000, 0x00000000e5560000)
  from space 21824K, 100% used [0x00000000e6ab0000, 0x00000000e8000000, 0x00000000e8000000)
  to   space 21824K,   0% used [0x00000000e5560000, 0x00000000e5560000, 0x00000000e6ab0000)
 concurrent mark-sweep generation total 393216K, used 124405K [0x00000000e8000000, 0x0000000100000000, 0x0000000100000000)
 Metaspace       used 29075K, capacity 29432K, committed 29716K, reserved 1075200K
  class space    used 3461K, capacity 3582K, committed 3608K, reserved 1048576K
}
2015-09-09T14:21:49.840+0200: 47.902: Total time for which application threads were stopped: 0.0110073 seconds, Stopping threads took: 0.0000138 seconds
{Heap before GC invocations=31 (full 1):
 par new generation   total 109248K, used 109248K [0x00000000e0000000, 0x00000000e8000000, 0x00000000e8000000)
  eden space 87424K, 100% used [0x00000000e0000000, 0x00000000e5560000, 0x00000000e5560000)
  from space 21824K, 100% used [0x00000000e6ab0000, 0x00000000e8000000, 0x00000000e8000000)
  to   space 21824K,   0% used [0x00000000e5560000, 0x00000000e5560000, 0x00000000e6ab0000)
 concurrent mark-sweep generation total 393216K, used 124405K [0x00000000e8000000, 0x0000000100000000, 0x0000000100000000)
 Metaspace       used 29079K, capacity 29432K, committed 29716K, reserved 1075200K
  class space    used 3461K, capacity 3582K, committed 3608K, reserved 1048576K
2015-09-09T14:21:50.136+0200: 48.198: [GC (Allocation Failure) 48.198: [ParNew
Desired survivor size 20112992 bytes, new threshold 8 (max 8)
- age   1:    2343008 bytes,    2343008 total
- age   2:    7736064 bytes,   10079072 total
- age   3:    2448624 bytes,   12527696 total
- age   4:    1645720 bytes,   14173416 total
- age   5:    2380344 bytes,   16553760 total
- age   6:    2326080 bytes,   18879840 total
- age   7:     829744 bytes,   19709584 total
: 109248K->21824K(109248K), 0.0109724 secs] 233653K->151407K(502464K), 0.0110153 secs] [Times: user=0.06 sys=0.00, real=0.01 secs] 
Heap after GC invocations=32 (full 1):
 par new generation   total 109248K, used 21824K [0x00000000e0000000, 0x00000000e8000000, 0x00000000e8000000)
  eden space 87424K,   0% used [0x00000000e0000000, 0x00000000e0000000, 0x00000000e5560000)
  from space 21824K, 100% used [0x00000000e5560000, 0x00000000e6ab0000, 0x00000000e6ab0000)
  to   space 21824K,   0% used [0x00000000e6ab0000, 0x00000000e6ab0000, 0x00000000e8000000)
 concurrent mark-sweep generation total 393216K, used 129583K [0x00000000e8000000, 0x0000000100000000, 0x0000000100000000)
 Metaspace       used 29079K, capacity 29432K, committed 29716K, reserved 1075200K
  class space    used 3461K, capacity 3582K, committed 3608K, reserved 1048576K
}
2015-09-09T14:21:50.147+0200: 48.209: Total time for which application threads were stopped: 0.0111484 seconds, Stopping threads took: 0.0000147 seconds
{Heap before GC invocations=32 (full 1):
 par new generation   total 109248K, used 109248K [0x00000000e0000000, 0x00000000e8000000, 0x00000000e8000000)
  eden space 87424K, 100% used [0x00000000e0000000, 0x00000000e5560000, 0x00000000e5560000)
  from space 21824K, 100% used [0x00000000e5560000, 0x00000000e6ab0000, 0x00000000e6ab0000)
  to   space 21824K,   0% used [0x00000000e6ab0000, 0x00000000e6ab0000, 0x00000000e8000000)
 concurrent mark-sweep generation total 393216K, used 129583K [0x00000000e8000000, 0x0000000100000000, 0x0000000100000000)
 Metaspace       used 29081K, capacity 29432K, committed 29716K, reserved 1075200K
  class space    used 3461K, capacity 3582K, committed 3608K, reserved 1048576K
2015-09-09T14:21:50.439+0200: 48.502: [GC (Allocation Failure) 48.502: [ParNew
Desired survivor size 20112992 bytes, new threshold 8 (max 8)
- age   1:    1982048 bytes,    1982048 total
- age   2:    2160880 bytes,    4142928 total
- age   3:    6249608 bytes,   10392536 total
- age   4:    2282576 bytes,   12675112 total
- age   5:    1463888 bytes,   14139000 total
- age   6:    2218312 bytes,   16357312 total
- age   7:    2178968 bytes,   18536280 total
- age   8:     715952 bytes,   19252232 total
: 109248K->21824K(109248K), 0.0103093 secs] 238831K->154585K(502464K), 0.0103586 secs] [Times: user=0.00 sys=0.00, real=0.01 secs] 
Heap after GC invocations=33 (full 1):
 par new generation   total 109248K, used 21824K [0x00000000e0000000, 0x00000000e8000000, 0x00000000e8000000)
  eden space 87424K,   0% used [0x00000000e0000000, 0x00000000e0000000, 0x00000000e5560000)
  from space 21824K, 100% used [0x00000000e6ab0000, 0x00000000e8000000, 0x00000000e8000000)
  to   space 21824K,   0% used [0x00000000e5560000, 0x00000000e5560000, 0x00000000e6ab0000)
 concurrent mark-sweep generation total 393216K, used 132761K [0x00000000e8000000, 0x0000000100000000, 0x0000000100000000)
 Metaspace       used 29081K, capacity 29432K, committed 29716K, reserved 1075200K
  class space    used 3461K, capacity 3582K, committed 3608K, reserved 1048576K
}
2015-09-09T14:21:50.450+0200: 48.512: Total time for which application threads were stopped: 0.0104953 seconds, Stopping threads took: 0.0000134 seconds
{Heap before GC invocations=33 (full 1):
 par new generation   total 109248K, used 109248K [0x00000000e0000000, 0x00000000e8000000, 0x00000000e8000000)
  eden space 87424K, 100% used [0x00000000e0000000, 0x00000000e5560000, 0x00000000e5560000)
  from space 21824K, 100% used [0x00000000e6ab0000, 0x00000000e8000000, 0x00000000e8000000)
  to   space 21824K,   0% used [0x00000000e5560000, 0x00000000e5560000, 0x00000000e6ab0000)
 concurrent mark-sweep generation total 393216K, used 132761K [0x00000000e8000000, 0x0000000100000000, 0x0000000100000000)
 Metaspace       used 29083K, capacity 29432K, committed 29716K, reserved 1075200K
  class space    used 3461K, capacity 3582K, committed 3608K, reserved 1048576K
2015-09-09T14:21:50.728+0200: 48.790: [GC (Allocation Failure) 48.790: [ParNew
Desired survivor size 20112992 bytes, new threshold 8 (max 8)
- age   1:    5144040 bytes,    5144040 total
- age   2:    1898648 bytes,    7042688 total
- age   3:    2082360 bytes,    9125048 total
- age   4:    3872616 bytes,   12997664 total
- age   5:    2042872 bytes,   15040536 total
- age   6:    1390016 bytes,   16430552 total
- age   7:    2139480 bytes,   18570032 total
- age   8:    2112520 bytes,   20682552 total
: 109248K->21824K(109248K), 0.0108777 secs] 242009K->159651K(502464K), 0.0109231 secs] [Times: user=0.06 sys=0.00, real=0.01 secs] 
Heap after GC invocations=34 (full 1):
 par new generation   total 109248K, used 21824K [0x00000000e0000000, 0x00000000e8000000, 0x00000000e8000000)
  eden space 87424K,   0% used [0x00000000e0000000, 0x00000000e0000000, 0x00000000e5560000)
  from space 21824K, 100% used [0x00000000e5560000, 0x00000000e6ab0000, 0x00000000e6ab0000)
  to   space 21824K,   0% used [0x00000000e6ab0000, 0x00000000e6ab0000, 0x00000000e8000000)
 concurrent mark-sweep generation total 393216K, used 137827K [0x00000000e8000000, 0x0000000100000000, 0x0000000100000000)
 Metaspace       used 29083K, capacity 29432K, committed 29716K, reserved 1075200K
  class space    used 3461K, capacity 3582K, committed 3608K, reserved 1048576K
}
2015-09-09T14:21:50.739+0200: 48.801: Total time for which application threads were stopped: 0.0110620 seconds, Stopping threads took: 0.0000138 seconds
{Heap before GC invocations=34 (full 1):
 par new generation   total 109248K, used 109248K [0x00000000e0000000, 0x00000000e8000000, 0x00000000e8000000)
  eden space 87424K, 100% used [0x00000000e0000000, 0x00000000e5560000, 0x00000000e5560000)
  from space 21824K, 100% used [0x00000000e5560000, 0x00000000e6ab0000, 0x00000000e6ab0000)
  to   space 21824K,   0% used [0x00000000e6ab0000, 0x00000000e6ab0000, 0x00000000e8000000)
 concurrent mark-sweep generation total 393216K, used 137827K [0x00000000e8000000, 0x0000000100000000, 0x0000000100000000)
 Metaspace       used 29083K, capacity 29432K, committed 29716K, reserved 1075200K
  class space    used 3461K, capacity 3582K, committed 3608K, reserved 1048576K
2015-09-09T14:21:50.995+0200: 49.058: [GC (Allocation Failure) 49.058: [ParNew
Desired survivor size 20112992 bytes, new threshold 8 (max 8)
- age   1:    2401168 bytes,    2401168 total
- age   2:    2367344 bytes,    4768512 total
- age   3:    1819192 bytes,    6587704 total
- age   4:    2027896 bytes,    8615600 total
- age   5:    3835768 bytes,   12451368 total
- age   6:    1997168 bytes,   14448536 total
- age   7:    1349264 bytes,   15797800 total
- age   8:    2095504 bytes,   17893304 total
: 109248K->21824K(109248K), 0.0120588 secs] 247075K->176530K(502464K), 0.0121039 secs] [Times: user=0.06 sys=0.00, real=0.01 secs] 
Heap after GC invocations=35 (full 1):
 par new generation   total 109248K, used 21824K [0x00000000e0000000, 0x00000000e8000000, 0x00000000e8000000)
  eden space 87424K,   0% used [0x00000000e0000000, 0x00000000e0000000, 0x00000000e5560000)
  from space 21824K, 100% used [0x00000000e6ab0000, 0x00000000e8000000, 0x00000000e8000000)
  to   space 21824K,   0% used [0x00000000e5560000, 0x00000000e5560000, 0x00000000e6ab0000)
 concurrent mark-sweep generation total 393216K, used 154706K [0x00000000e8000000, 0x0000000100000000, 0x0000000100000000)
 Metaspace       used 29083K, capacity 29432K, committed 29716K, reserved 1075200K
  class space    used 3461K, capacity 3582K, committed 3608K, reserved 1048576K
}
2015-09-09T14:21:51.008+0200: 49.070: Total time for which application threads were stopped: 0.0122367 seconds, Stopping threads took: 0.0000138 seconds
{Heap before GC invocations=35 (full 1):
 par new generation   total 109248K, used 109248K [0x00000000e0000000, 0x00000000e8000000, 0x00000000e8000000)
  eden space 87424K, 100% used [0x00000000e0000000, 0x00000000e5560000, 0x00000000e5560000)
  from space 21824K, 100% used [0x00000000e6ab0000, 0x00000000e8000000, 0x00000000e8000000)
  to   space 21824K,   0% used [0x00000000e5560000, 0x00000000e5560000, 0x00000000e6ab0000)
 concurrent mark-sweep generation total 393216K, used 154706K [0x00000000e8000000, 0x0000000100000000, 0x0000000100000000)
 Metaspace       used 29083K, capacity 29432K, committed 29716K, reserved 1075200K
  class space    used 3461K, capacity 3582K, committed 3608K, reserved 1048576K
2015-09-09T14:21:51.301+0200: 49.364: [GC (Allocation Failure) 49.364: [ParNew
Desired survivor size 20112992 bytes, new threshold 8 (max 8)
- age   1:    2787336 bytes,    2787336 total
- age   2:    2393968 bytes,    5181304 total
- age   3:    2359864 bytes,    7541168 total
- age   4:    1784912 bytes,    9326080 total
- age   5:    2026656 bytes,   11352736 total
- age   6:    3835192 bytes,   15187928 total
- age   7:    1996416 bytes,   17184344 total
- age   8:    1348232 bytes,   18532576 total
: 109248K->21824K(109248K), 0.0092380 secs] 263954K->178622K(502464K), 0.0092863 secs] [Times: user=0.00 sys=0.00, real=0.01 secs] 
Heap after GC invocations=36 (full 1):
 par new generation   total 109248K, used 21824K [0x00000000e0000000, 0x00000000e8000000, 0x00000000e8000000)
  eden space 87424K,   0% used [0x00000000e0000000, 0x00000000e0000000, 0x00000000e5560000)
  from space 21824K, 100% used [0x00000000e5560000, 0x00000000e6ab0000, 0x00000000e6ab0000)
  to   space 21824K,   0% used [0x00000000e6ab0000, 0x00000000e6ab0000, 0x00000000e8000000)
 concurrent mark-sweep generation total 393216K, used 156798K [0x00000000e8000000, 0x0000000100000000, 0x0000000100000000)
 Metaspace       used 29083K, capacity 29432K, committed 29716K, reserved 1075200K
  class space    used 3461K, capacity 3582K, committed 3608K, reserved 1048576K
}
2015-09-09T14:21:51.310+0200: 49.373: Total time for which application threads were stopped: 0.0094198 seconds, Stopping threads took: 0.0000134 seconds
{Heap before GC invocations=36 (full 1):
 par new generation   total 109248K, used 109248K [0x00000000e0000000, 0x00000000e8000000, 0x00000000e8000000)
  eden space 87424K, 100% used [0x00000000e0000000, 0x00000000e5560000, 0x00000000e5560000)
  from space 21824K, 100% used [0x00000000e5560000, 0x00000000e6ab0000, 0x00000000e6ab0000)
  to   space 21824K,   0% used [0x00000000e6ab0000, 0x00000000e6ab0000, 0x00000000e8000000)
 concurrent mark-sweep generation total 393216K, used 156798K [0x00000000e8000000, 0x0000000100000000, 0x0000000100000000)
 Metaspace       used 29083K, capacity 29432K, committed 29716K, reserved 1075200K
  class space    used 3461K, capacity 3582K, committed 3608K, reserved 1048576K
2015-09-09T14:21:51.605+0200: 49.668: [GC (Allocation Failure) 49.668: [ParNew
Desired survivor size 20112992 bytes, new threshold 8 (max 8)
- age   1:    2186184 bytes,    2186184 total
- age   2:    2236984 bytes,    4423168 total
- age   3:    2380152 bytes,    6803320 total
- age   4:    2343608 bytes,    9146928 total
- age   5:    1782096 bytes,   10929024 total
- age   6:    2024312 bytes,   12953336 total
- age   7:    3833640 bytes,   16786976 total
- age   8:    1993960 bytes,   18780936 total
: 109248K->21824K(109248K), 0.0098479 secs] 266046K->180951K(502464K), 0.0099164 secs] [Times: user=0.06 sys=0.00, real=0.01 secs] 
Heap after GC invocations=37 (full 1):
 par new generation   total 109248K, used 21824K [0x00000000e0000000, 0x00000000e8000000, 0x00000000e8000000)
  eden space 87424K,   0% used [0x00000000e0000000, 0x00000000e0000000, 0x00000000e5560000)
  from space 21824K, 100% used [0x00000000e6ab0000, 0x00000000e8000000, 0x00000000e8000000)
  to   space 21824K,   0% used [0x00000000e5560000, 0x00000000e5560000, 0x00000000e6ab0000)
 concurrent mark-sweep generation total 393216K, used 159127K [0x00000000e8000000, 0x0000000100000000, 0x0000000100000000)
 Metaspace       used 29083K, capacity 29432K, committed 29716K, reserved 1075200K
  class space    used 3461K, capacity 3582K, committed 3608K, reserved 1048576K
}
2015-09-09T14:21:51.615+0200: 49.678: Total time for which application threads were stopped: 0.0100601 seconds, Stopping threads took: 0.0000138 seconds
{Heap before GC invocations=37 (full 1):
 par new generation   total 109248K, used 109248K [0x00000000e0000000, 0x00000000e8000000, 0x00000000e8000000)
  eden space 87424K, 100% used [0x00000000e0000000, 0x00000000e5560000, 0x00000000e5560000)
  from space 21824K, 100% used [0x00000000e6ab0000, 0x00000000e8000000, 0x00000000e8000000)
  to   space 21824K,   0% used [0x00000000e5560000, 0x00000000e5560000, 0x00000000e6ab0000)
 concurrent mark-sweep generation total 393216K, used 159127K [0x00000000e8000000, 0x0000000100000000, 0x0000000100000000)
 Metaspace       used 29083K, capacity 29432K, committed 29716K, reserved 1075200K
  class space    used 3461K, capacity 3582K, committed 3608K, reserved 1048576K
2015-09-09T14:21:51.895+0200: 49.957: [GC (Allocation Failure) 49.957: [ParNew
Desired survivor size 20112992 bytes, new threshold 8 (max 8)
- age   1:    3923872 bytes,    3923872 total
- age   2:    2148944 bytes,    6072816 total
- age   3:    2181184 bytes,    8254000 total
- age   4:     815656 bytes,    9069656 total
- age   5:    1659568 bytes,   10729224 total
- age   6:    1766976 bytes,   12496200 total
- age   7:    2009648 bytes,   14505848 total
- age   8:    3827328 bytes,   18333176 total
: 109248K->21824K(109248K), 0.0106265 secs] 268375K->188690K(502464K), 0.0106735 secs] [Times: user=0.05 sys=0.01, real=0.01 secs] 
Heap after GC invocations=38 (full 1):
 par new generation   total 109248K, used 21824K [0x00000000e0000000, 0x00000000e8000000, 0x00000000e8000000)
  eden space 87424K,   0% used [0x00000000e0000000, 0x00000000e0000000, 0x00000000e5560000)
  from space 21824K, 100% used [0x00000000e5560000, 0x00000000e6ab0000, 0x00000000e6ab0000)
  to   space 21824K,   0% used [0x00000000e6ab0000, 0x00000000e6ab0000, 0x00000000e8000000)
 concurrent mark-sweep generation total 393216K, used 166866K [0x00000000e8000000, 0x0000000100000000, 0x0000000100000000)
 Metaspace       used 29083K, capacity 29432K, committed 29716K, reserved 1075200K
  class space    used 3461K, capacity 3582K, committed 3608K, reserved 1048576K
}
2015-09-09T14:21:51.906+0200: 49.968: Total time for which application threads were stopped: 0.0108053 seconds, Stopping threads took: 0.0000131 seconds
{Heap before GC invocations=38 (full 1):
 par new generation   total 109248K, used 109248K [0x00000000e0000000, 0x00000000e8000000, 0x00000000e8000000)
  eden space 87424K, 100% used [0x00000000e0000000, 0x00000000e5560000, 0x00000000e5560000)
  from space 21824K, 100% used [0x00000000e5560000, 0x00000000e6ab0000, 0x00000000e6ab0000)
  to   space 21824K,   0% used [0x00000000e6ab0000, 0x00000000e6ab0000, 0x00000000e8000000)
 concurrent mark-sweep generation total 393216K, used 166866K [0x00000000e8000000, 0x0000000100000000, 0x0000000100000000)
 Metaspace       used 29083K, capacity 29432K, committed 29716K, reserved 1075200K
  class space    used 3461K, capacity 3582K, committed 3608K, reserved 1048576K
2015-09-09T14:21:52.160+0200: 50.223: [GC (Allocation Failure) 50.223: [ParNew
Desired survivor size 20112992 bytes, new threshold 8 (max 8)
- age   1:    3387232 bytes,    3387232 total
- age   2:    3920728 bytes,    7307960 total
- age   3:    2147408 bytes,    9455368 total
- age   4:    2179440 bytes,   11634808 total
- age   5:     814128 bytes,   12448936 total
- age   6:    1420864 bytes,   13869800 total
- age   7:    1766512 bytes,   15636312 total
- age   8:    2009128 bytes,   17645440 total
: 109248K->21824K(109248K), 0.0119423 secs] 276114K->204547K(502464K), 0.0119868 secs] [Times: user=0.05 sys=0.02, real=0.01 secs] 
Heap after GC invocations=39 (full 1):
 par new generation   total 109248K, used 21824K [0x00000000e0000000, 0x00000000e8000000, 0x00000000e8000000)
  eden space 87424K,   0% used [0x00000000e0000000, 0x00000000e0000000, 0x00000000e5560000)
  from space 21824K, 100% used [0x00000000e6ab0000, 0x00000000e8000000, 0x00000000e8000000)
  to   space 21824K,   0% used [0x00000000e5560000, 0x00000000e5560000, 0x00000000e6ab0000)
 concurrent mark-sweep generation total 393216K, used 182723K [0x00000000e8000000, 0x0000000100000000, 0x0000000100000000)
 Metaspace       used 29083K, capacity 29432K, committed 29716K, reserved 1075200K
  class space    used 3461K, capacity 3582K, committed 3608K, reserved 1048576K
}
2015-09-09T14:21:52.172+0200: 50.235: Total time for which application threads were stopped: 0.0121228 seconds, Stopping threads took: 0.0000141 seconds
2015-09-09T14:21:52.438+0200: 50.500: Total time for which application threads were stopped: 0.0000496 seconds, Stopping threads took: 0.0000134 seconds
2015-09-09T14:21:53.438+0200: 51.500: Total time for which application threads were stopped: 0.0001219 seconds, Stopping threads took: 0.0000470 seconds
2015-09-09T14:21:53.470+0200: 51.532: Total time for which application threads were stopped: 0.0003613 seconds, Stopping threads took: 0.0000122 seconds
{Heap before GC invocations=39 (full 1):
 par new generation   total 109248K, used 109248K [0x00000000e0000000, 0x00000000e8000000, 0x00000000e8000000)
  eden space 87424K, 100% used [0x00000000e0000000, 0x00000000e5560000, 0x00000000e5560000)
  from space 21824K, 100% used [0x00000000e6ab0000, 0x00000000e8000000, 0x00000000e8000000)
  to   space 21824K,   0% used [0x00000000e5560000, 0x00000000e5560000, 0x00000000e6ab0000)
 concurrent mark-sweep generation total 393216K, used 182723K [0x00000000e8000000, 0x0000000100000000, 0x0000000100000000)
 Metaspace       used 29374K, capacity 29752K, committed 30100K, reserved 1075200K
  class space    used 3486K, capacity 3646K, committed 3736K, reserved 1048576K
2015-09-09T14:21:53.707+0200: 51.770: [GC (Allocation Failure) 51.770: [ParNew
Desired survivor size 20112992 bytes, new threshold 8 (max 8)
- age   1:    5877568 bytes,    5877568 total
- age   2:    3302784 bytes,    9180352 total
- age   3:    3832232 bytes,   13012584 total
- age   4:    2053688 bytes,   15066272 total
- age   5:    2047440 bytes,   17113712 total
- age   6:     756696 bytes,   17870408 total
- age   7:    1356648 bytes,   19227056 total
- age   8:    1707472 bytes,   20934528 total
: 109248K->21824K(109248K), 0.0102005 secs] 291971K->206589K(502464K), 0.0102521 secs] [Times: user=0.06 sys=0.00, real=0.01 secs] 
Heap after GC invocations=40 (full 1):
 par new generation   total 109248K, used 21824K [0x00000000e0000000, 0x00000000e8000000, 0x00000000e8000000)
  eden space 87424K,   0% used [0x00000000e0000000, 0x00000000e0000000, 0x00000000e5560000)
  from space 21824K, 100% used [0x00000000e5560000, 0x00000000e6ab0000, 0x00000000e6ab0000)
  to   space 21824K,   0% used [0x00000000e6ab0000, 0x00000000e6ab0000, 0x00000000e8000000)
 concurrent mark-sweep generation total 393216K, used 184765K [0x00000000e8000000, 0x0000000100000000, 0x0000000100000000)
 Metaspace       used 29374K, capacity 29752K, committed 30100K, reserved 1075200K
  class space    used 3486K, capacity 3646K, committed 3736K, reserved 1048576K
}
2015-09-09T14:21:53.718+0200: 51.781: Total time for which application threads were stopped: 0.0105609 seconds, Stopping threads took: 0.0001251 seconds
{Heap before GC invocations=40 (full 1):
 par new generation   total 109248K, used 109248K [0x00000000e0000000, 0x00000000e8000000, 0x00000000e8000000)
  eden space 87424K, 100% used [0x00000000e0000000, 0x00000000e5560000, 0x00000000e5560000)
  from space 21824K, 100% used [0x00000000e5560000, 0x00000000e6ab0000, 0x00000000e6ab0000)
  to   space 21824K,   0% used [0x00000000e6ab0000, 0x00000000e6ab0000, 0x00000000e8000000)
 concurrent mark-sweep generation total 393216K, used 184765K [0x00000000e8000000, 0x0000000100000000, 0x0000000100000000)
 Metaspace       used 29466K, capacity 29816K, committed 30100K, reserved 1075200K
  class space    used 3488K, capacity 3646K, committed 3736K, reserved 1048576K
2015-09-09T14:21:53.885+0200: 51.948: [GC (Allocation Failure) 51.948: [ParNew
Desired survivor size 20112992 bytes, new threshold 8 (max 8)
- age   1:     126392 bytes,     126392 total
- age   2:    5686808 bytes,    5813200 total
- age   3:    3232440 bytes,    9045640 total
- age   4:    3746216 bytes,   12791856 total
- age   5:    1958872 bytes,   14750728 total
- age   6:    1963328 bytes,   16714056 total
- age   7:     720448 bytes,   17434504 total
- age   8:    1320192 bytes,   18754696 total
: 109248K->21824K(109248K), 0.0083894 secs] 294013K->208769K(502464K), 0.0084367 secs] [Times: user=0.00 sys=0.00, real=0.01 secs] 
Heap after GC invocations=41 (full 1):
 par new generation   total 109248K, used 21824K [0x00000000e0000000, 0x00000000e8000000, 0x00000000e8000000)
  eden space 87424K,   0% used [0x00000000e0000000, 0x00000000e0000000, 0x00000000e5560000)
  from space 21824K, 100% used [0x00000000e6ab0000, 0x00000000e8000000, 0x00000000e8000000)
  to   space 21824K,   0% used [0x00000000e5560000, 0x00000000e5560000, 0x00000000e6ab0000)
 concurrent mark-sweep generation total 393216K, used 186945K [0x00000000e8000000, 0x0000000100000000, 0x0000000100000000)
 Metaspace       used 29466K, capacity 29816K, committed 30100K, reserved 1075200K
  class space    used 3488K, capacity 3646K, committed 3736K, reserved 1048576K
}
2015-09-09T14:21:53.894+0200: 51.956: Total time for which application threads were stopped: 0.0086239 seconds, Stopping threads took: 0.0000150 seconds
{Heap before GC invocations=41 (full 1):
 par new generation   total 109248K, used 109248K [0x00000000e0000000, 0x00000000e8000000, 0x00000000e8000000)
  eden space 87424K, 100% used [0x00000000e0000000, 0x00000000e5560000, 0x00000000e5560000)
  from space 21824K, 100% used [0x00000000e6ab0000, 0x00000000e8000000, 0x00000000e8000000)
  to   space 21824K,   0% used [0x00000000e5560000, 0x00000000e5560000, 0x00000000e6ab0000)
 concurrent mark-sweep generation total 393216K, used 186945K [0x00000000e8000000, 0x0000000100000000, 0x0000000100000000)
 Metaspace       used 29466K, capacity 29816K, committed 30100K, reserved 1075200K
  class space    used 3488K, capacity 3646K, committed 3736K, reserved 1048576K
2015-09-09T14:21:54.025+0200: 52.088: [GC (Allocation Failure) 52.088: [ParNew
Desired survivor size 20112992 bytes, new threshold 8 (max 8)
- age   1:      60248 bytes,      60248 total
- age   2:      28096 bytes,      88344 total
- age   3:    5686808 bytes,    5775152 total
- age   4:    3232440 bytes,    9007592 total
- age   5:    3746216 bytes,   12753808 total
- age   6:    1958872 bytes,   14712680 total
- age   7:    1963328 bytes,   16676008 total
- age   8:     720448 bytes,   17396456 total
: 109248K->18658K(109248K), 0.0128840 secs] 296193K->206904K(502464K), 0.0129423 secs] [Times: user=0.00 sys=0.00, real=0.01 secs] 
Heap after GC invocations=42 (full 1):
 par new generation   total 109248K, used 18658K [0x00000000e0000000, 0x00000000e8000000, 0x00000000e8000000)
  eden space 87424K,   0% used [0x00000000e0000000, 0x00000000e0000000, 0x00000000e5560000)
  from space 21824K,  85% used [0x00000000e5560000, 0x00000000e67989a0, 0x00000000e6ab0000)
  to   space 21824K,   0% used [0x00000000e6ab0000, 0x00000000e6ab0000, 0x00000000e8000000)
 concurrent mark-sweep generation total 393216K, used 188245K [0x00000000e8000000, 0x0000000100000000, 0x0000000100000000)
 Metaspace       used 29466K, capacity 29816K, committed 30100K, reserved 1075200K
  class space    used 3488K, capacity 3646K, committed 3736K, reserved 1048576K
}
2015-09-09T14:21:54.038+0200: 52.101: Total time for which application threads were stopped: 0.0130927 seconds, Stopping threads took: 0.0000166 seconds
{Heap before GC invocations=42 (full 1):
 par new generation   total 109248K, used 106082K [0x00000000e0000000, 0x00000000e8000000, 0x00000000e8000000)
  eden space 87424K, 100% used [0x00000000e0000000, 0x00000000e5560000, 0x00000000e5560000)
  from space 21824K,  85% used [0x00000000e5560000, 0x00000000e67989a0, 0x00000000e6ab0000)
  to   space 21824K,   0% used [0x00000000e6ab0000, 0x00000000e6ab0000, 0x00000000e8000000)
 concurrent mark-sweep generation total 393216K, used 188245K [0x00000000e8000000, 0x0000000100000000, 0x0000000100000000)
 Metaspace       used 29467K, capacity 29816K, committed 30100K, reserved 1075200K
  class space    used 3488K, capacity 3646K, committed 3736K, reserved 1048576K
2015-09-09T14:21:54.174+0200: 52.237: [GC (Allocation Failure) 52.237: [ParNew
Desired survivor size 20112992 bytes, new threshold 8 (max 8)
- age   1:      64096 bytes,      64096 total
- age   2:      30248 bytes,      94344 total
- age   3:      27960 bytes,     122304 total
- age   4:    5657568 bytes,    5779872 total
- age   5:    3229808 bytes,    9009680 total
- age   6:    3743224 bytes,   12752904 total
- age   7:    1956976 bytes,   14709880 total
- age   8:    1962200 bytes,   16672080 total
: 106082K->21824K(109248K), 0.0083314 secs] 294328K->210821K(502464K), 0.0083782 secs] [Times: user=0.06 sys=0.00, real=0.01 secs] 
Heap after GC invocations=43 (full 1):
 par new generation   total 109248K, used 21824K [0x00000000e0000000, 0x00000000e8000000, 0x00000000e8000000)
  eden space 87424K,   0% used [0x00000000e0000000, 0x00000000e0000000, 0x00000000e5560000)
  from space 21824K, 100% used [0x00000000e6ab0000, 0x00000000e8000000, 0x00000000e8000000)
  to   space 21824K,   0% used [0x00000000e5560000, 0x00000000e5560000, 0x00000000e6ab0000)
 concurrent mark-sweep generation total 393216K, used 188997K [0x00000000e8000000, 0x0000000100000000, 0x0000000100000000)
 Metaspace       used 29467K, capacity 29816K, committed 30100K, reserved 1075200K
  class space    used 3488K, capacity 3646K, committed 3736K, reserved 1048576K
}
2015-09-09T14:21:54.183+0200: 52.245: Total time for which application threads were stopped: 0.0085410 seconds, Stopping threads took: 0.0000166 seconds
2015-09-09T14:21:54.278+0200: 52.341: Total time for which application threads were stopped: 0.0000918 seconds, Stopping threads took: 0.0000163 seconds
{Heap before GC invocations=43 (full 1):
 par new generation   total 109248K, used 109248K [0x00000000e0000000, 0x00000000e8000000, 0x00000000e8000000)
  eden space 87424K, 100% used [0x00000000e0000000, 0x00000000e5560000, 0x00000000e5560000)
  from space 21824K, 100% used [0x00000000e6ab0000, 0x00000000e8000000, 0x00000000e8000000)
  to   space 21824K,   0% used [0x00000000e5560000, 0x00000000e5560000, 0x00000000e6ab0000)
 concurrent mark-sweep generation total 393216K, used 188997K [0x00000000e8000000, 0x0000000100000000, 0x0000000100000000)
 Metaspace       used 29471K, capacity 29816K, committed 30100K, reserved 1075200K
  class space    used 3489K, capacity 3646K, committed 3736K, reserved 1048576K
2015-09-09T14:21:54.418+0200: 52.481: [GC (Allocation Failure) 52.481: [ParNew
Desired survivor size 20112992 bytes, new threshold 8 (max 8)
- age   1:     105344 bytes,     105344 total
- age   2:       3816 bytes,     109160 total
- age   3:        264 bytes,     109424 total
- age   4:       5824 bytes,     115248 total
- age   5:    5640336 bytes,    5755584 total
- age   6:    3229808 bytes,    8985392 total
- age   7:    3743224 bytes,   12728616 total
- age   8:    1956976 bytes,   14685592 total
: 109248K->21824K(109248K), 0.0088802 secs] 298245K->212761K(502464K), 0.0089273 secs] [Times: user=0.00 sys=0.00, real=0.01 secs] 
Heap after GC invocations=44 (full 1):
 par new generation   total 109248K, used 21824K [0x00000000e0000000, 0x00000000e8000000, 0x00000000e8000000)
  eden space 87424K,   0% used [0x00000000e0000000, 0x00000000e0000000, 0x00000000e5560000)
  from space 21824K, 100% used [0x00000000e5560000, 0x00000000e6ab0000, 0x00000000e6ab0000)
  to   space 21824K,   0% used [0x00000000e6ab0000, 0x00000000e6ab0000, 0x00000000e8000000)
 concurrent mark-sweep generation total 393216K, used 190937K [0x00000000e8000000, 0x0000000100000000, 0x0000000100000000)
 Metaspace       used 29471K, capacity 29816K, committed 30100K, reserved 1075200K
  class space    used 3489K, capacity 3646K, committed 3736K, reserved 1048576K
}
2015-09-09T14:21:54.427+0200: 52.490: Total time for which application threads were stopped: 0.0090866 seconds, Stopping threads took: 0.0000154 seconds
{Heap before GC invocations=44 (full 1):
 par new generation   total 109248K, used 109248K [0x00000000e0000000, 0x00000000e8000000, 0x00000000e8000000)
  eden space 87424K, 100% used [0x00000000e0000000, 0x00000000e5560000, 0x00000000e5560000)
  from space 21824K, 100% used [0x00000000e5560000, 0x00000000e6ab0000, 0x00000000e6ab0000)
  to   space 21824K,   0% used [0x00000000e6ab0000, 0x00000000e6ab0000, 0x00000000e8000000)
 concurrent mark-sweep generation total 393216K, used 190937K [0x00000000e8000000, 0x0000000100000000, 0x0000000100000000)
 Metaspace       used 29473K, capacity 29816K, committed 30100K, reserved 1075200K
  class space    used 3489K, capacity 3646K, committed 3736K, reserved 1048576K
2015-09-09T14:21:54.544+0200: 52.607: [GC (Allocation Failure) 52.607: [ParNew
Desired survivor size 20112992 bytes, new threshold 8 (max 8)
- age   1:     195392 bytes,     195392 total
- age   2:       1960 bytes,     197352 total
- age   3:       3816 bytes,     201168 total
- age   4:        264 bytes,     201432 total
- age   5:       5760 bytes,     207192 total
- age   6:    5640336 bytes,    5847528 total
- age   7:    3229808 bytes,    9077336 total
- age   8:    3743224 bytes,   12820560 total
: 109248K->15053K(109248K), 0.0082991 secs] 300185K->207924K(502464K), 0.0083535 secs] [Times: user=0.00 sys=0.00, real=0.01 secs] 
Heap after GC invocations=45 (full 1):
 par new generation   total 109248K, used 15053K [0x00000000e0000000, 0x00000000e8000000, 0x00000000e8000000)
  eden space 87424K,   0% used [0x00000000e0000000, 0x00000000e0000000, 0x00000000e5560000)
  from space 21824K,  68% used [0x00000000e6ab0000, 0x00000000e7963680, 0x00000000e8000000)
  to   space 21824K,   0% used [0x00000000e5560000, 0x00000000e5560000, 0x00000000e6ab0000)
 concurrent mark-sweep generation total 393216K, used 192870K [0x00000000e8000000, 0x0000000100000000, 0x0000000100000000)
 Metaspace       used 29473K, capacity 29816K, committed 30100K, reserved 1075200K
  class space    used 3489K, capacity 3646K, committed 3736K, reserved 1048576K
}
2015-09-09T14:21:54.553+0200: 52.616: Total time for which application threads were stopped: 0.0085161 seconds, Stopping threads took: 0.0000186 seconds
{Heap before GC invocations=45 (full 1):
 par new generation   total 109248K, used 102477K [0x00000000e0000000, 0x00000000e8000000, 0x00000000e8000000)
  eden space 87424K, 100% used [0x00000000e0000000, 0x00000000e5560000, 0x00000000e5560000)
  from space 21824K,  68% used [0x00000000e6ab0000, 0x00000000e7963680, 0x00000000e8000000)
  to   space 21824K,   0% used [0x00000000e5560000, 0x00000000e5560000, 0x00000000e6ab0000)
 concurrent mark-sweep generation total 393216K, used 192870K [0x00000000e8000000, 0x0000000100000000, 0x0000000100000000)
 Metaspace       used 29474K, capacity 29816K, committed 30100K, reserved 1075200K
  class space    used 3489K, capacity 3646K, committed 3736K, reserved 1048576K
2015-09-09T14:21:54.690+0200: 52.753: [GC (Allocation Failure) 52.753: [ParNew
Desired survivor size 20112992 bytes, new threshold 8 (max 8)
- age   1:     148560 bytes,     148560 total
- age   2:        656 bytes,     149216 total
- age   3:       1960 bytes,     151176 total
- age   4:       3816 bytes,     154992 total
- age   5:        264 bytes,     155256 total
- age   6:       5760 bytes,     161016 total
- age   7:    5640336 bytes,    5801352 total
- age   8:    3229808 bytes,    9031160 total
: 102477K->15167K(109248K), 0.0058783 secs] 295348K->211715K(502464K), 0.0059299 secs] [Times: user=0.06 sys=0.00, real=0.01 secs] 
Heap after GC invocations=46 (full 1):
 par new generation   total 109248K, used 15167K [0x00000000e0000000, 0x00000000e8000000, 0x00000000e8000000)
  eden space 87424K,   0% used [0x00000000e0000000, 0x00000000e0000000, 0x00000000e5560000)
  from space 21824K,  69% used [0x00000000e5560000, 0x00000000e642fd60, 0x00000000e6ab0000)
  to   space 21824K,   0% used [0x00000000e6ab0000, 0x00000000e6ab0000, 0x00000000e8000000)
 concurrent mark-sweep generation total 393216K, used 196548K [0x00000000e8000000, 0x0000000100000000, 0x0000000100000000)
 Metaspace       used 29474K, capacity 29816K, committed 30100K, reserved 1075200K
  class space    used 3489K, capacity 3646K, committed 3736K, reserved 1048576K
}
2015-09-09T14:21:54.696+0200: 52.759: Total time for which application threads were stopped: 0.0060870 seconds, Stopping threads took: 0.0000163 seconds
2015-09-09T14:21:54.760+0200: 52.823: Total time for which application threads were stopped: 0.0000586 seconds, Stopping threads took: 0.0000144 seconds
2015-09-09T14:21:54.761+0200: 52.823: Total time for which application threads were stopped: 0.0000349 seconds, Stopping threads took: 0.0000083 seconds
2015-09-09T14:21:54.762+0200: 52.825: Total time for which application threads were stopped: 0.0000531 seconds, Stopping threads took: 0.0000160 seconds
2015-09-09T14:21:54.762+0200: 52.825: Total time for which application threads were stopped: 0.0000320 seconds, Stopping threads took: 0.0000086 seconds
2015-09-09T14:21:54.762+0200: 52.825: Total time for which application threads were stopped: 0.0000467 seconds, Stopping threads took: 0.0000147 seconds
2015-09-09T14:21:54.763+0200: 52.826: Total time for which application threads were stopped: 0.0000445 seconds, Stopping threads took: 0.0000134 seconds
2015-09-09T14:21:54.764+0200: 52.827: Total time for which application threads were stopped: 0.0000390 seconds, Stopping threads took: 0.0000096 seconds
2015-09-09T14:21:54.765+0200: 52.827: Total time for which application threads were stopped: 0.0000397 seconds, Stopping threads took: 0.0000096 seconds
{Heap before GC invocations=46 (full 1):
 par new generation   total 109248K, used 102591K [0x00000000e0000000, 0x00000000e8000000, 0x00000000e8000000)
  eden space 87424K, 100% used [0x00000000e0000000, 0x00000000e5560000, 0x00000000e5560000)
  from space 21824K,  69% used [0x00000000e5560000, 0x00000000e642fd60, 0x00000000e6ab0000)
  to   space 21824K,   0% used [0x00000000e6ab0000, 0x00000000e6ab0000, 0x00000000e8000000)
 concurrent mark-sweep generation total 393216K, used 196548K [0x00000000e8000000, 0x0000000100000000, 0x0000000100000000)
 Metaspace       used 29512K, capacity 29944K, committed 30356K, reserved 1075200K
  class space    used 3493K, capacity 3646K, committed 3736K, reserved 1048576K
2015-09-09T14:21:55.024+0200: 53.087: [GC (Allocation Failure) 53.087: [ParNew
Desired survivor size 20112992 bytes, new threshold 8 (max 8)
- age   1:    4070736 bytes,    4070736 total
- age   3:         96 bytes,    4070832 total
- age   4:       1200 bytes,    4072032 total
- age   5:       3816 bytes,    4075848 total
- age   6:        264 bytes,    4076112 total
- age   7:       5760 bytes,    4081872 total
- age   8:    5516184 bytes,    9598056 total
: 102591K->13271K(109248K), 0.0069535 secs] 299139K->212924K(502464K), 0.0070041 secs] [Times: user=0.00 sys=0.00, real=0.01 secs] 
Heap after GC invocations=47 (full 1):
 par new generation   total 109248K, used 13271K [0x00000000e0000000, 0x00000000e8000000, 0x00000000e8000000)
  eden space 87424K,   0% used [0x00000000e0000000, 0x00000000e0000000, 0x00000000e5560000)
  from space 21824K,  60% used [0x00000000e6ab0000, 0x00000000e77a5c50, 0x00000000e8000000)
  to   space 21824K,   0% used [0x00000000e5560000, 0x00000000e5560000, 0x00000000e6ab0000)
 concurrent mark-sweep generation total 393216K, used 199653K [0x00000000e8000000, 0x0000000100000000, 0x0000000100000000)
 Metaspace       used 29512K, capacity 29944K, committed 30356K, reserved 1075200K
  class space    used 3493K, capacity 3646K, committed 3736K, reserved 1048576K
}
2015-09-09T14:21:55.031+0200: 53.094: Total time for which application threads were stopped: 0.0071804 seconds, Stopping threads took: 0.0000138 seconds
2015-09-09T14:21:55.031+0200: 53.094: [GC (CMS Initial Mark) [1 CMS-initial-mark: 199653K(393216K)] 214669K(502464K), 0.0006768 secs] [Times: user=0.00 sys=0.00, real=0.00 secs] 
2015-09-09T14:21:55.032+0200: 53.094: Total time for which application threads were stopped: 0.0007466 seconds, Stopping threads took: 0.0000186 seconds
2015-09-09T14:21:55.032+0200: 53.095: [CMS-concurrent-mark-start]
2015-09-09T14:21:55.047+0200: 53.110: [CMS-concurrent-mark: 0.016/0.016 secs] [Times: user=0.06 sys=0.00, real=0.01 secs] 
2015-09-09T14:21:55.048+0200: 53.110: [CMS-concurrent-preclean-start]
2015-09-09T14:21:55.048+0200: 53.111: [CMS-concurrent-preclean: 0.001/0.001 secs] [Times: user=0.00 sys=0.00, real=0.00 secs] 
2015-09-09T14:21:55.048+0200: 53.111: [GC (CMS Final Remark) [YG occupancy: 15016 K (109248 K)]{Heap before GC invocations=47 (full 2):
 par new generation   total 109248K, used 15016K [0x00000000e0000000, 0x00000000e8000000, 0x00000000e8000000)
  eden space 87424K,   1% used [0x00000000e0000000, 0x00000000e01b4480, 0x00000000e5560000)
  from space 21824K,  60% used [0x00000000e6ab0000, 0x00000000e77a5c50, 0x00000000e8000000)
  to   space 21824K,   0% used [0x00000000e5560000, 0x00000000e5560000, 0x00000000e6ab0000)
 concurrent mark-sweep generation total 393216K, used 199653K [0x00000000e8000000, 0x0000000100000000, 0x0000000100000000)
 Metaspace       used 29512K, capacity 29944K, committed 30356K, reserved 1075200K
  class space    used 3493K, capacity 3646K, committed 3736K, reserved 1048576K
2015-09-09T14:21:55.048+0200: 53.111: [GC (CMS Final Remark) 53.111: [ParNew
Desired survivor size 20112992 bytes, new threshold 8 (max 8)
- age   1:       4912 bytes,       4912 total
- age   2:    4047984 bytes,    4052896 total
- age   4:         96 bytes,    4052992 total
- age   5:       1200 bytes,    4054192 total
- age   6:       3816 bytes,    4058008 total
- age   7:        264 bytes,    4058272 total
- age   8:       5760 bytes,    4064032 total
: 15016K->8053K(109248K), 0.0061359 secs] 214669K->213110K(502464K), 0.0061727 secs] [Times: user=0.00 sys=0.00, real=0.01 secs] 
Heap after GC invocations=48 (full 2):
 par new generation   total 109248K, used 8053K [0x00000000e0000000, 0x00000000e8000000, 0x00000000e8000000)
  eden space 87424K,   0% used [0x00000000e0000000, 0x00000000e0000000, 0x00000000e5560000)
  from space 21824K,  36% used [0x00000000e5560000, 0x00000000e5d3d6a8, 0x00000000e6ab0000)
  to   space 21824K,   0% used [0x00000000e6ab0000, 0x00000000e6ab0000, 0x00000000e8000000)
 concurrent mark-sweep generation total 393216K, used 205056K [0x00000000e8000000, 0x0000000100000000, 0x0000000100000000)
 Metaspace       used 29512K, capacity 29944K, committed 30356K, reserved 1075200K
  class space    used 3493K, capacity 3646K, committed 3736K, reserved 1048576K
}
53.117: [Rescan (parallel) , 0.0015225 secs]53.119: [weak refs processing, 0.0004115 secs]53.119: [class unloading, 0.0051299 secs]53.125: [scrub symbol table, 0.0031849 secs]53.128: [scrub string table, 0.0003568 secs][1 CMS-remark: 205056K(393216K)] 213110K(502464K), 0.0180530 secs] [Times: user=0.00 sys=0.00, real=0.02 secs] 
2015-09-09T14:21:55.067+0200: 53.129: Total time for which application threads were stopped: 0.0181470 seconds, Stopping threads took: 0.0000128 seconds
2015-09-09T14:21:55.067+0200: 53.129: [CMS-concurrent-sweep-start]
2015-09-09T14:21:55.086+0200: 53.149: [CMS-concurrent-sweep: 0.020/0.020 secs] [Times: user=0.05 sys=0.01, real=0.02 secs] 
2015-09-09T14:21:55.086+0200: 53.149: [CMS-concurrent-reset-start]
2015-09-09T14:21:55.087+0200: 53.149: [CMS-concurrent-reset: 0.000/0.000 secs] [Times: user=0.00 sys=0.00, real=0.00 secs] 
{Heap before GC invocations=48 (full 2):
 par new generation   total 109248K, used 95477K [0x00000000e0000000, 0x00000000e8000000, 0x00000000e8000000)
  eden space 87424K, 100% used [0x00000000e0000000, 0x00000000e5560000, 0x00000000e5560000)
  from space 21824K,  36% used [0x00000000e5560000, 0x00000000e5d3d6a8, 0x00000000e6ab0000)
  to   space 21824K,   0% used [0x00000000e6ab0000, 0x00000000e6ab0000, 0x00000000e8000000)
 concurrent mark-sweep generation total 393216K, used 52737K [0x00000000e8000000, 0x0000000100000000, 0x0000000100000000)
 Metaspace       used 29512K, capacity 29944K, committed 30356K, reserved 1075200K
  class space    used 3493K, capacity 3646K, committed 3736K, reserved 1048576K
2015-09-09T14:21:55.341+0200: 53.403: [GC (Allocation Failure) 53.403: [ParNew
Desired survivor size 20112992 bytes, new threshold 8 (max 8)
- age   1:    5234400 bytes,    5234400 total
- age   2:       2632 bytes,    5237032 total
- age   3:    2700000 bytes,    7937032 total
- age   5:         96 bytes,    7937128 total
- age   6:       1200 bytes,    7938328 total
- age   7:       3816 bytes,    7942144 total
- age   8:        264 bytes,    7942408 total
: 95477K->8706K(109248K), 0.0046400 secs] 148214K->61448K(502464K), 0.0046851 secs] [Times: user=0.00 sys=0.00, real=0.00 secs] 
Heap after GC invocations=49 (full 2):
 par new generation   total 109248K, used 8706K [0x00000000e0000000, 0x00000000e8000000, 0x00000000e8000000)
  eden space 87424K,   0% used [0x00000000e0000000, 0x00000000e0000000, 0x00000000e5560000)
  from space 21824K,  39% used [0x00000000e6ab0000, 0x00000000e7330a88, 0x00000000e8000000)
  to   space 21824K,   0% used [0x00000000e5560000, 0x00000000e5560000, 0x00000000e6ab0000)
 concurrent mark-sweep generation total 393216K, used 52741K [0x00000000e8000000, 0x0000000100000000, 0x0000000100000000)
 Metaspace       used 29512K, capacity 29944K, committed 30356K, reserved 1075200K
  class space    used 3493K, capacity 3646K, committed 3736K, reserved 1048576K
}
2015-09-09T14:21:55.345+0200: 53.408: Total time for which application threads were stopped: 0.0048694 seconds, Stopping threads took: 0.0000138 seconds
{Heap before GC invocations=49 (full 2):
 par new generation   total 109248K, used 95885K [0x00000000e0000000, 0x00000000e8000000, 0x00000000e8000000)
  eden space 87424K,  99% used [0x00000000e0000000, 0x00000000e5522ae0, 0x00000000e5560000)
  from space 21824K,  39% used [0x00000000e6ab0000, 0x00000000e7330a88, 0x00000000e8000000)
  to   space 21824K,   0% used [0x00000000e5560000, 0x00000000e5560000, 0x00000000e6ab0000)
 concurrent mark-sweep generation total 393216K, used 52741K [0x00000000e8000000, 0x0000000100000000, 0x0000000100000000)
 Metaspace       used 29512K, capacity 29944K, committed 30356K, reserved 1075200K
  class space    used 3493K, capacity 3646K, committed 3736K, reserved 1048576K
2015-09-09T14:21:55.619+0200: 53.682: [GC (Allocation Failure) 53.682: [ParNew
Desired survivor size 20112992 bytes, new threshold 8 (max 8)
- age   1:    5906256 bytes,    5906256 total
- age   2:    3459192 bytes,    9365448 total
- age   3:       2632 bytes,    9368080 total
- age   4:    2698960 bytes,   12067040 total
- age   6:         96 bytes,   12067136 total
- age   7:       1200 bytes,   12068336 total
- age   8:       3816 bytes,   12072152 total
: 95885K->15103K(109248K), 0.0057753 secs] 148626K->67845K(502464K), 0.0058543 secs] [Times: user=0.00 sys=0.00, real=0.01 secs] 
Heap after GC invocations=50 (full 2):
 par new generation   total 109248K, used 15103K [0x00000000e0000000, 0x00000000e8000000, 0x00000000e8000000)
  eden space 87424K,   0% used [0x00000000e0000000, 0x00000000e0000000, 0x00000000e5560000)
  from space 21824K,  69% used [0x00000000e5560000, 0x00000000e641fe78, 0x00000000e6ab0000)
  to   space 21824K,   0% used [0x00000000e6ab0000, 0x00000000e6ab0000, 0x00000000e8000000)
 concurrent mark-sweep generation total 393216K, used 52741K [0x00000000e8000000, 0x0000000100000000, 0x0000000100000000)
 Metaspace       used 29512K, capacity 29944K, committed 30356K, reserved 1075200K
  class space    used 3493K, capacity 3646K, committed 3736K, reserved 1048576K
}
2015-09-09T14:21:55.625+0200: 53.688: Total time for which application threads were stopped: 0.0059926 seconds, Stopping threads took: 0.0000131 seconds
{Heap before GC invocations=50 (full 2):
 par new generation   total 109248K, used 102527K [0x00000000e0000000, 0x00000000e8000000, 0x00000000e8000000)
  eden space 87424K, 100% used [0x00000000e0000000, 0x00000000e5560000, 0x00000000e5560000)
  from space 21824K,  69% used [0x00000000e5560000, 0x00000000e641fe78, 0x00000000e6ab0000)
  to   space 21824K,   0% used [0x00000000e6ab0000, 0x00000000e6ab0000, 0x00000000e8000000)
 concurrent mark-sweep generation total 393216K, used 52741K [0x00000000e8000000, 0x0000000100000000, 0x0000000100000000)
 Metaspace       used 29512K, capacity 29944K, committed 30356K, reserved 1075200K
  class space    used 3493K, capacity 3646K, committed 3736K, reserved 1048576K
2015-09-09T14:21:55.906+0200: 53.969: [GC (Allocation Failure) 53.969: [ParNew
Desired survivor size 20112992 bytes, new threshold 8 (max 8)
- age   1:    8148400 bytes,    8148400 total
- age   2:    2785992 bytes,   10934392 total
- age   3:    2671632 bytes,   13606024 total
- age   4:       2632 bytes,   13608656 total
- age   5:    2698960 bytes,   16307616 total
- age   7:         96 bytes,   16307712 total
- age   8:       1200 bytes,   16308912 total
: 102527K->18487K(109248K), 0.0071017 secs] 155269K->71233K(502464K), 0.0071494 secs] [Times: user=0.06 sys=0.00, real=0.01 secs] 
Heap after GC invocations=51 (full 2):
 par new generation   total 109248K, used 18487K [0x00000000e0000000, 0x00000000e8000000, 0x00000000e8000000)
  eden space 87424K,   0% used [0x00000000e0000000, 0x00000000e0000000, 0x00000000e5560000)
  from space 21824K,  84% used [0x00000000e6ab0000, 0x00000000e7cbdde0, 0x00000000e8000000)
  to   space 21824K,   0% used [0x00000000e5560000, 0x00000000e5560000, 0x00000000e6ab0000)
 concurrent mark-sweep generation total 393216K, used 52745K [0x00000000e8000000, 0x0000000100000000, 0x0000000100000000)
 Metaspace       used 29512K, capacity 29944K, committed 30356K, reserved 1075200K
  class space    used 3493K, capacity 3646K, committed 3736K, reserved 1048576K
}
2015-09-09T14:21:55.913+0200: 53.976: Total time for which application threads were stopped: 0.0072835 seconds, Stopping threads took: 0.0000138 seconds
{Heap before GC invocations=51 (full 2):
 par new generation   total 109248K, used 105911K [0x00000000e0000000, 0x00000000e8000000, 0x00000000e8000000)
  eden space 87424K, 100% used [0x00000000e0000000, 0x00000000e5560000, 0x00000000e5560000)
  from space 21824K,  84% used [0x00000000e6ab0000, 0x00000000e7cbdde0, 0x00000000e8000000)
  to   space 21824K,   0% used [0x00000000e5560000, 0x00000000e5560000, 0x00000000e6ab0000)
 concurrent mark-sweep generation total 393216K, used 52745K [0x00000000e8000000, 0x0000000100000000, 0x0000000100000000)
 Metaspace       used 29512K, capacity 29944K, committed 30356K, reserved 1075200K
  class space    used 3493K, capacity 3646K, committed 3736K, reserved 1048576K
2015-09-09T14:21:56.187+0200: 54.250: [GC (Allocation Failure) 54.250: [ParNew
Desired survivor size 20112992 bytes, new threshold 8 (max 8)
- age   1:    6496632 bytes,    6496632 total
- age   2:    5213640 bytes,   11710272 total
- age   3:    2695832 bytes,   14406104 total
- age   4:    2671632 bytes,   17077736 total
- age   5:       2632 bytes,   17080368 total
- age   6:    2694304 bytes,   19774672 total
- age   8:         96 bytes,   19774768 total
: 105911K->21824K(109248K), 0.0072700 secs] 158657K->74570K(502464K), 0.0073164 secs] [Times: user=0.06 sys=0.00, real=0.01 secs] 
Heap after GC invocations=52 (full 2):
 par new generation   total 109248K, used 21824K [0x00000000e0000000, 0x00000000e8000000, 0x00000000e8000000)
  eden space 87424K,   0% used [0x00000000e0000000, 0x00000000e0000000, 0x00000000e5560000)
  from space 21824K, 100% used [0x00000000e5560000, 0x00000000e6ab0000, 0x00000000e6ab0000)
  to   space 21824K,   0% used [0x00000000e6ab0000, 0x00000000e6ab0000, 0x00000000e8000000)
 concurrent mark-sweep generation total 393216K, used 52746K [0x00000000e8000000, 0x0000000100000000, 0x0000000100000000)
 Metaspace       used 29512K, capacity 29944K, committed 30356K, reserved 1075200K
  class space    used 3493K, capacity 3646K, committed 3736K, reserved 1048576K
}
2015-09-09T14:21:56.194+0200: 54.257: Total time for which application threads were stopped: 0.0074550 seconds, Stopping threads took: 0.0000144 seconds
{Heap before GC invocations=52 (full 2):
 par new generation   total 109248K, used 109248K [0x00000000e0000000, 0x00000000e8000000, 0x00000000e8000000)
  eden space 87424K, 100% used [0x00000000e0000000, 0x00000000e5560000, 0x00000000e5560000)
  from space 21824K, 100% used [0x00000000e5560000, 0x00000000e6ab0000, 0x00000000e6ab0000)
  to   space 21824K,   0% used [0x00000000e6ab0000, 0x00000000e6ab0000, 0x00000000e8000000)
 concurrent mark-sweep generation total 393216K, used 52746K [0x00000000e8000000, 0x0000000100000000, 0x0000000100000000)
 Metaspace       used 29512K, capacity 29944K, committed 30356K, reserved 1075200K
  class space    used 3493K, capacity 3646K, committed 3736K, reserved 1048576K
2015-09-09T14:21:56.472+0200: 54.535: [GC (Allocation Failure) 54.535: [ParNew
Desired survivor size 20112992 bytes, new threshold 8 (max 8)
- age   1:    5094296 bytes,    5094296 total
- age   2:    2645840 bytes,    7740136 total
- age   3:    3986432 bytes,   11726568 total
- age   4:    2589048 bytes,   14315616 total
- age   5:    2666192 bytes,   16981808 total
- age   6:       2632 bytes,   16984440 total
- age   7:    2689984 bytes,   19674424 total
: 109248K->21824K(109248K), 0.0081612 secs] 161994K->77796K(502464K), 0.0082063 secs] [Times: user=0.06 sys=0.00, real=0.01 secs] 
Heap after GC invocations=53 (full 2):
 par new generation   total 109248K, used 21824K [0x00000000e0000000, 0x00000000e8000000, 0x00000000e8000000)
  eden space 87424K,   0% used [0x00000000e0000000, 0x00000000e0000000, 0x00000000e5560000)
  from space 21824K, 100% used [0x00000000e6ab0000, 0x00000000e8000000, 0x00000000e8000000)
  to   space 21824K,   0% used [0x00000000e5560000, 0x00000000e5560000, 0x00000000e6ab0000)
 concurrent mark-sweep generation total 393216K, used 55972K [0x00000000e8000000, 0x0000000100000000, 0x0000000100000000)
 Metaspace       used 29512K, capacity 29944K, committed 30356K, reserved 1075200K
  class space    used 3493K, capacity 3646K, committed 3736K, reserved 1048576K
}
2015-09-09T14:21:56.481+0200: 54.543: Total time for which application threads were stopped: 0.0083382 seconds, Stopping threads took: 0.0000144 seconds
{Heap before GC invocations=53 (full 2):
 par new generation   total 109248K, used 109248K [0x00000000e0000000, 0x00000000e8000000, 0x00000000e8000000)
  eden space 87424K, 100% used [0x00000000e0000000, 0x00000000e5560000, 0x00000000e5560000)
  from space 21824K, 100% used [0x00000000e6ab0000, 0x00000000e8000000, 0x00000000e8000000)
  to   space 21824K,   0% used [0x00000000e5560000, 0x00000000e5560000, 0x00000000e6ab0000)
 concurrent mark-sweep generation total 393216K, used 55972K [0x00000000e8000000, 0x0000000100000000, 0x0000000100000000)
 Metaspace       used 29512K, capacity 29944K, committed 30356K, reserved 1075200K
  class space    used 3493K, capacity 3646K, committed 3736K, reserved 1048576K
2015-09-09T14:21:56.763+0200: 54.826: [GC (Allocation Failure) 54.826: [ParNew
Desired survivor size 20112992 bytes, new threshold 8 (max 8)
- age   1:    5809576 bytes,    5809576 total
- age   2:    1422528 bytes,    7232104 total
- age   3:    1504864 bytes,    8736968 total
- age   4:    2843336 bytes,   11580304 total
- age   5:    2560968 bytes,   14141272 total
- age   6:    2638432 bytes,   16779704 total
- age   7:       2520 bytes,   16782224 total
- age   8:    2645080 bytes,   19427304 total
: 109248K->21824K(109248K), 0.0089366 secs] 165220K->83173K(502464K), 0.0089823 secs] [Times: user=0.06 sys=0.00, real=0.01 secs] 
Heap after GC invocations=54 (full 2):
 par new generation   total 109248K, used 21824K [0x00000000e0000000, 0x00000000e8000000, 0x00000000e8000000)
  eden space 87424K,   0% used [0x00000000e0000000, 0x00000000e0000000, 0x00000000e5560000)
  from space 21824K, 100% used [0x00000000e5560000, 0x00000000e6ab0000, 0x00000000e6ab0000)
  to   space 21824K,   0% used [0x00000000e6ab0000, 0x00000000e6ab0000, 0x00000000e8000000)
 concurrent mark-sweep generation total 393216K, used 61349K [0x00000000e8000000, 0x0000000100000000, 0x0000000100000000)
 Metaspace       used 29512K, capacity 29944K, committed 30356K, reserved 1075200K
  class space    used 3493K, capacity 3646K, committed 3736K, reserved 1048576K
}
2015-09-09T14:21:56.772+0200: 54.835: Total time for which application threads were stopped: 0.0091154 seconds, Stopping threads took: 0.0000141 seconds
{Heap before GC invocations=54 (full 2):
 par new generation   total 109248K, used 109248K [0x00000000e0000000, 0x00000000e8000000, 0x00000000e8000000)
  eden space 87424K, 100% used [0x00000000e0000000, 0x00000000e5560000, 0x00000000e5560000)
  from space 21824K, 100% used [0x00000000e5560000, 0x00000000e6ab0000, 0x00000000e6ab0000)
  to   space 21824K,   0% used [0x00000000e6ab0000, 0x00000000e6ab0000, 0x00000000e8000000)
 concurrent mark-sweep generation total 393216K, used 61349K [0x00000000e8000000, 0x0000000100000000, 0x0000000100000000)
 Metaspace       used 29512K, capacity 29944K, committed 30356K, reserved 1075200K
  class space    used 3493K, capacity 3646K, committed 3736K, reserved 1048576K
2015-09-09T14:21:57.046+0200: 55.109: [GC (Allocation Failure) 55.109: [ParNew
Desired survivor size 20112992 bytes, new threshold 8 (max 8)
- age   1:    5528480 bytes,    5528480 total
- age   2:    1987144 bytes,    7515624 total
- age   3:    1370816 bytes,    8886440 total
- age   4:    1496480 bytes,   10382920 total
- age   5:    2671944 bytes,   13054864 total
- age   6:    2553016 bytes,   15607880 total
- age   7:    2630312 bytes,   18238192 total
- age   8:       2488 bytes,   18240680 total
: 109248K->21824K(109248K), 0.0098812 secs] 170597K->88640K(502464K), 0.0099292 secs] [Times: user=0.06 sys=0.00, real=0.01 secs] 
Heap after GC invocations=55 (full 2):
 par new generation   total 109248K, used 21824K [0x00000000e0000000, 0x00000000e8000000, 0x00000000e8000000)
  eden space 87424K,   0% used [0x00000000e0000000, 0x00000000e0000000, 0x00000000e5560000)
  from space 21824K, 100% used [0x00000000e6ab0000, 0x00000000e8000000, 0x00000000e8000000)
  to   space 21824K,   0% used [0x00000000e5560000, 0x00000000e5560000, 0x00000000e6ab0000)
 concurrent mark-sweep generation total 393216K, used 66816K [0x00000000e8000000, 0x0000000100000000, 0x0000000100000000)
 Metaspace       used 29512K, capacity 29944K, committed 30356K, reserved 1075200K
  class space    used 3493K, capacity 3646K, committed 3736K, reserved 1048576K
}
2015-09-09T14:21:57.056+0200: 55.119: Total time for which application threads were stopped: 0.0100751 seconds, Stopping threads took: 0.0000134 seconds
2015-09-09T14:21:57.073+0200: 55.136: Total time for which application threads were stopped: 0.0001421 seconds, Stopping threads took: 0.0000688 seconds
2015-09-09T14:21:57.074+0200: 55.136: Total time for which application threads were stopped: 0.0004458 seconds, Stopping threads took: 0.0000486 seconds
2015-09-09T14:21:57.074+0200: 55.137: Total time for which application threads were stopped: 0.0000845 seconds, Stopping threads took: 0.0000576 seconds
2015-09-09T14:21:57.074+0200: 55.137: Total time for which application threads were stopped: 0.0000896 seconds, Stopping threads took: 0.0000576 seconds
2015-09-09T14:21:57.075+0200: 55.137: Total time for which application threads were stopped: 0.0000538 seconds, Stopping threads took: 0.0000198 seconds
2015-09-09T14:21:57.120+0200: 55.183: Total time for which application threads were stopped: 0.0001341 seconds, Stopping threads took: 0.0000214 seconds
2015-09-09T14:21:57.121+0200: 55.184: Total time for which application threads were stopped: 0.0001024 seconds, Stopping threads took: 0.0000333 seconds
2015-09-09T14:21:57.130+0200: 55.193: Total time for which application threads were stopped: 0.0001187 seconds, Stopping threads took: 0.0000403 seconds
2015-09-09T14:21:57.132+0200: 55.195: Total time for which application threads were stopped: 0.0001040 seconds, Stopping threads took: 0.0000253 seconds
{Heap before GC invocations=55 (full 2):
 par new generation   total 109248K, used 109248K [0x00000000e0000000, 0x00000000e8000000, 0x00000000e8000000)
  eden space 87424K, 100% used [0x00000000e0000000, 0x00000000e5560000, 0x00000000e5560000)
  from space 21824K, 100% used [0x00000000e6ab0000, 0x00000000e8000000, 0x00000000e8000000)
  to   space 21824K,   0% used [0x00000000e5560000, 0x00000000e5560000, 0x00000000e6ab0000)
 concurrent mark-sweep generation total 393216K, used 66816K [0x00000000e8000000, 0x0000000100000000, 0x0000000100000000)
 Metaspace       used 29518K, capacity 29944K, committed 30356K, reserved 1075200K
  class space    used 3494K, capacity 3646K, committed 3736K, reserved 1048576K
2015-09-09T14:21:57.356+0200: 55.419: [GC (Allocation Failure) 55.419: [ParNew
Desired survivor size 20112992 bytes, new threshold 8 (max 8)
- age   1:    4507952 bytes,    4507952 total
- age   2:    4438576 bytes,    8946528 total
- age   3:    1830992 bytes,   10777520 total
- age   4:    1214416 bytes,   11991936 total
- age   5:    1343888 bytes,   13335824 total
- age   6:    2520056 bytes,   15855880 total
- age   7:    2399944 bytes,   18255824 total
- age   8:    2478992 bytes,   20734816 total
: 109248K->21824K(109248K), 0.0226644 secs] 176064K->90757K(502464K), 0.0227217 secs] [Times: user=0.09 sys=0.00, real=0.02 secs] 
Heap after GC invocations=56 (full 2):
 par new generation   total 109248K, used 21824K [0x00000000e0000000, 0x00000000e8000000, 0x00000000e8000000)
  eden space 87424K,   0% used [0x00000000e0000000, 0x00000000e0000000, 0x00000000e5560000)
  from space 21824K, 100% used [0x00000000e5560000, 0x00000000e6ab0000, 0x00000000e6ab0000)
  to   space 21824K,   0% used [0x00000000e6ab0000, 0x00000000e6ab0000, 0x00000000e8000000)
 concurrent mark-sweep generation total 393216K, used 68933K [0x00000000e8000000, 0x0000000100000000, 0x0000000100000000)
 Metaspace       used 29518K, capacity 29944K, committed 30356K, reserved 1075200K
  class space    used 3494K, capacity 3646K, committed 3736K, reserved 1048576K
}
2015-09-09T14:21:57.378+0200: 55.441: Total time for which application threads were stopped: 0.0238308 seconds, Stopping threads took: 0.0009670 seconds
{Heap before GC invocations=56 (full 2):
 par new generation   total 109248K, used 109248K [0x00000000e0000000, 0x00000000e8000000, 0x00000000e8000000)
  eden space 87424K, 100% used [0x00000000e0000000, 0x00000000e5560000, 0x00000000e5560000)
  from space 21824K, 100% used [0x00000000e5560000, 0x00000000e6ab0000, 0x00000000e6ab0000)
  to   space 21824K,   0% used [0x00000000e6ab0000, 0x00000000e6ab0000, 0x00000000e8000000)
 concurrent mark-sweep generation total 393216K, used 68933K [0x00000000e8000000, 0x0000000100000000, 0x0000000100000000)
 Metaspace       used 29524K, capacity 29944K, committed 30356K, reserved 1075200K
  class space    used 3494K, capacity 3646K, committed 3736K, reserved 1048576K
2015-09-09T14:21:57.560+0200: 55.623: [GC (Allocation Failure) 55.623: [ParNew
Desired survivor size 20112992 bytes, new threshold 8 (max 8)
- age   1:    1632680 bytes,    1632680 total
- age   2:    2847048 bytes,    4479728 total
- age   3:    3852072 bytes,    8331800 total
- age   4:    2000720 bytes,   10332520 total
- age   5:    1133688 bytes,   11466208 total
- age   6:    1237272 bytes,   12703480 total
- age   7:    2445104 bytes,   15148584 total
- age   8:    2315392 bytes,   17463976 total
: 109248K->21824K(109248K), 0.0085465 secs] 178181K->95973K(502464K), 0.0086031 secs] [Times: user=0.06 sys=0.00, real=0.01 secs] 
Heap after GC invocations=57 (full 2):
 par new generation   total 109248K, used 21824K [0x00000000e0000000, 0x00000000e8000000, 0x00000000e8000000)
  eden space 87424K,   0% used [0x00000000e0000000, 0x00000000e0000000, 0x00000000e5560000)
  from space 21824K, 100% used [0x00000000e6ab0000, 0x00000000e8000000, 0x00000000e8000000)
  to   space 21824K,   0% used [0x00000000e5560000, 0x00000000e5560000, 0x00000000e6ab0000)
 concurrent mark-sweep generation total 393216K, used 74149K [0x00000000e8000000, 0x0000000100000000, 0x0000000100000000)
 Metaspace       used 29524K, capacity 29944K, committed 30356K, reserved 1075200K
  class space    used 3494K, capacity 3646K, committed 3736K, reserved 1048576K
}
2015-09-09T14:21:57.568+0200: 55.631: Total time for which application threads were stopped: 0.0087951 seconds, Stopping threads took: 0.0000304 seconds
{Heap before GC invocations=57 (full 2):
 par new generation   total 109248K, used 109248K [0x00000000e0000000, 0x00000000e8000000, 0x00000000e8000000)
  eden space 87424K, 100% used [0x00000000e0000000, 0x00000000e5560000, 0x00000000e5560000)
  from space 21824K, 100% used [0x00000000e6ab0000, 0x00000000e8000000, 0x00000000e8000000)
  to   space 21824K,   0% used [0x00000000e5560000, 0x00000000e5560000, 0x00000000e6ab0000)
 concurrent mark-sweep generation total 393216K, used 74149K [0x00000000e8000000, 0x0000000100000000, 0x0000000100000000)
 Metaspace       used 29525K, capacity 29944K, committed 30356K, reserved 1075200K
  class space    used 3494K, capacity 3646K, committed 3736K, reserved 1048576K
2015-09-09T14:21:57.658+0200: 55.721: [GC (Allocation Failure) 55.721: [ParNew
Desired survivor size 20112992 bytes, new threshold 8 (max 8)
- age   1:    2580952 bytes,    2580952 total
- age   2:    1484992 bytes,    4065944 total
- age   3:    2812008 bytes,    6877952 total
- age   4:    3852072 bytes,   10730024 total
- age   5:    1738560 bytes,   12468584 total
- age   6:    1133688 bytes,   13602272 total
- age   7:    1237272 bytes,   14839544 total
- age   8:    2445104 bytes,   17284648 total
: 109248K->20490K(109248K), 0.0072985 secs] 183397K->96914K(502464K), 0.0073468 secs] [Times: user=0.06 sys=0.00, real=0.01 secs] 
Heap after GC invocations=58 (full 2):
 par new generation   total 109248K, used 20490K [0x00000000e0000000, 0x00000000e8000000, 0x00000000e8000000)
  eden space 87424K,   0% used [0x00000000e0000000, 0x00000000e0000000, 0x00000000e5560000)
  from space 21824K,  93% used [0x00000000e5560000, 0x00000000e69628c8, 0x00000000e6ab0000)
  to   space 21824K,   0% used [0x00000000e6ab0000, 0x00000000e6ab0000, 0x00000000e8000000)
 concurrent mark-sweep generation total 393216K, used 76424K [0x00000000e8000000, 0x0000000100000000, 0x0000000100000000)
 Metaspace       used 29525K, capacity 29944K, committed 30356K, reserved 1075200K
  class space    used 3494K, capacity 3646K, committed 3736K, reserved 1048576K
}
2015-09-09T14:21:57.666+0200: 55.728: Total time for which application threads were stopped: 0.0075321 seconds, Stopping threads took: 0.0000426 seconds
2015-09-09T14:21:57.742+0200: 55.805: Total time for which application threads were stopped: 0.0001357 seconds, Stopping threads took: 0.0000410 seconds
2015-09-09T14:21:57.743+0200: 55.806: Total time for which application threads were stopped: 0.0000598 seconds, Stopping threads took: 0.0000154 seconds
2015-09-09T14:21:57.745+0200: 55.808: Total time for which application threads were stopped: 0.0000931 seconds, Stopping threads took: 0.0000173 seconds
2015-09-09T14:21:57.746+0200: 55.808: Total time for which application threads were stopped: 0.0000656 seconds, Stopping threads took: 0.0000118 seconds
2015-09-09T14:21:57.751+0200: 55.814: Total time for which application threads were stopped: 0.0001056 seconds, Stopping threads took: 0.0000202 seconds
{Heap before GC invocations=58 (full 2):
 par new generation   total 109248K, used 107914K [0x00000000e0000000, 0x00000000e8000000, 0x00000000e8000000)
  eden space 87424K, 100% used [0x00000000e0000000, 0x00000000e5560000, 0x00000000e5560000)
  from space 21824K,  93% used [0x00000000e5560000, 0x00000000e69628c8, 0x00000000e6ab0000)
  to   space 21824K,   0% used [0x00000000e6ab0000, 0x00000000e6ab0000, 0x00000000e8000000)
 concurrent mark-sweep generation total 393216K, used 76424K [0x00000000e8000000, 0x0000000100000000, 0x0000000100000000)
 Metaspace       used 29619K, capacity 30008K, committed 30356K, reserved 1075200K
  class space    used 3503K, capacity 3646K, committed 3736K, reserved 1048576K
2015-09-09T14:21:57.842+0200: 55.904: [GC (Allocation Failure) 55.904: [ParNew
Desired survivor size 20112992 bytes, new threshold 8 (max 8)
- age   1:    3966976 bytes,    3966976 total
- age   2:     929408 bytes,    4896384 total
- age   3:    1437864 bytes,    6334248 total
- age   4:    2807344 bytes,    9141592 total
- age   5:    3787272 bytes,   12928864 total
- age   6:    1671376 bytes,   14600240 total
- age   7:    1065624 bytes,   15665864 total
- age   8:    1172920 bytes,   16838784 total
: 107914K->21824K(109248K), 0.0073452 secs] 184338K->100575K(502464K), 0.0073977 secs] [Times: user=0.05 sys=0.00, real=0.01 secs] 
Heap after GC invocations=59 (full 2):
 par new generation   total 109248K, used 21824K [0x00000000e0000000, 0x00000000e8000000, 0x00000000e8000000)
  eden space 87424K,   0% used [0x00000000e0000000, 0x00000000e0000000, 0x00000000e5560000)
  from space 21824K, 100% used [0x00000000e6ab0000, 0x00000000e8000000, 0x00000000e8000000)
  to   space 21824K,   0% used [0x00000000e5560000, 0x00000000e5560000, 0x00000000e6ab0000)
 concurrent mark-sweep generation total 393216K, used 78751K [0x00000000e8000000, 0x0000000100000000, 0x0000000100000000)
 Metaspace       used 29619K, capacity 30008K, committed 30356K, reserved 1075200K
  class space    used 3503K, capacity 3646K, committed 3736K, reserved 1048576K
}
2015-09-09T14:21:57.849+0200: 55.912: Total time for which application threads were stopped: 0.0075961 seconds, Stopping threads took: 0.0000294 seconds
2015-09-09T14:21:57.910+0200: 55.973: Total time for which application threads were stopped: 0.0000998 seconds, Stopping threads took: 0.0000269 seconds
2015-09-09T14:21:57.910+0200: 55.973: Total time for which application threads were stopped: 0.0000714 seconds, Stopping threads took: 0.0000166 seconds
{Heap before GC invocations=59 (full 2):
 par new generation   total 109248K, used 109248K [0x00000000e0000000, 0x00000000e8000000, 0x00000000e8000000)
  eden space 87424K, 100% used [0x00000000e0000000, 0x00000000e5560000, 0x00000000e5560000)
  from space 21824K, 100% used [0x00000000e6ab0000, 0x00000000e8000000, 0x00000000e8000000)
  to   space 21824K,   0% used [0x00000000e5560000, 0x00000000e5560000, 0x00000000e6ab0000)
 concurrent mark-sweep generation total 393216K, used 78751K [0x00000000e8000000, 0x0000000100000000, 0x0000000100000000)
 Metaspace       used 29628K, capacity 30008K, committed 30356K, reserved 1075200K
  class space    used 3503K, capacity 3646K, committed 3736K, reserved 1048576K
2015-09-09T14:21:58.144+0200: 56.207: [GC (Allocation Failure) 56.207: [ParNew
Desired survivor size 20112992 bytes, new threshold 8 (max 8)
- age   1:    5708912 bytes,    5708912 total
- age   2:    1868528 bytes,    7577440 total
- age   3:     729408 bytes,    8306848 total
- age   4:    1339512 bytes,    9646360 total
- age   5:    2519824 bytes,   12166184 total
- age   6:    3787272 bytes,   15953456 total
- age   7:    1671376 bytes,   17624832 total
- age   8:    1065624 bytes,   18690456 total
: 109248K->21824K(109248K), 0.0063372 secs] 187999K->101724K(502464K), 0.0063919 secs] [Times: user=0.00 sys=0.00, real=0.01 secs] 
Heap after GC invocations=60 (full 2):
 par new generation   total 109248K, used 21824K [0x00000000e0000000, 0x00000000e8000000, 0x00000000e8000000)
  eden space 87424K,   0% used [0x00000000e0000000, 0x00000000e0000000, 0x00000000e5560000)
  from space 21824K, 100% used [0x00000000e5560000, 0x00000000e6ab0000, 0x00000000e6ab0000)
  to   space 21824K,   0% used [0x00000000e6ab0000, 0x00000000e6ab0000, 0x00000000e8000000)
 concurrent mark-sweep generation total 393216K, used 79900K [0x00000000e8000000, 0x0000000100000000, 0x0000000100000000)
 Metaspace       used 29628K, capacity 30008K, committed 30356K, reserved 1075200K
  class space    used 3503K, capacity 3646K, committed 3736K, reserved 1048576K
}
2015-09-09T14:21:58.150+0200: 56.213: Total time for which application threads were stopped: 0.0065654 seconds, Stopping threads took: 0.0000186 seconds
2015-09-09T14:21:58.398+0200: 56.461: Total time for which application threads were stopped: 0.0000854 seconds, Stopping threads took: 0.0000390 seconds
2015-09-09T14:21:58.399+0200: 56.461: Total time for which application threads were stopped: 0.0000758 seconds, Stopping threads took: 0.0000397 seconds
2015-09-09T14:21:58.399+0200: 56.462: Total time for which application threads were stopped: 0.0000624 seconds, Stopping threads took: 0.0000061 seconds
2015-09-09T14:21:58.411+0200: 56.474: Total time for which application threads were stopped: 0.0001088 seconds, Stopping threads took: 0.0000426 seconds
2015-09-09T14:21:58.417+0200: 56.480: Total time for which application threads were stopped: 0.0000886 seconds, Stopping threads took: 0.0000256 seconds
2015-09-09T14:21:58.417+0200: 56.480: Total time for which application threads were stopped: 0.0000576 seconds, Stopping threads took: 0.0000147 seconds
{Heap before GC invocations=60 (full 2):
 par new generation   total 109248K, used 109248K [0x00000000e0000000, 0x00000000e8000000, 0x00000000e8000000)
  eden space 87424K, 100% used [0x00000000e0000000, 0x00000000e5560000, 0x00000000e5560000)
  from space 21824K, 100% used [0x00000000e5560000, 0x00000000e6ab0000, 0x00000000e6ab0000)
  to   space 21824K,   0% used [0x00000000e6ab0000, 0x00000000e6ab0000, 0x00000000e8000000)
 concurrent mark-sweep generation total 393216K, used 79900K [0x00000000e8000000, 0x0000000100000000, 0x0000000100000000)
 Metaspace       used 29646K, capacity 30008K, committed 30356K, reserved 1075200K
  class space    used 3506K, capacity 3646K, committed 3736K, reserved 1048576K
2015-09-09T14:21:58.429+0200: 56.492: [GC (Allocation Failure) 56.492: [ParNew
Desired survivor size 20112992 bytes, new threshold 8 (max 8)
- age   1:    7589392 bytes,    7589392 total
- age   2:    2964896 bytes,   10554288 total
- age   3:    1666936 bytes,   12221224 total
- age   4:     674672 bytes,   12895896 total
- age   5:    1235256 bytes,   14131152 total
- age   6:    2313752 bytes,   16444904 total
- age   7:    3520768 bytes,   19965672 total
- age   8:    1480448 bytes,   21446120 total
: 109248K->21824K(109248K), 0.0147192 secs] 189148K->104014K(502464K), 0.0147682 secs] [Times: user=0.06 sys=0.00, real=0.02 secs] 
Heap after GC invocations=61 (full 2):
 par new generation   total 109248K, used 21824K [0x00000000e0000000, 0x00000000e8000000, 0x00000000e8000000)
  eden space 87424K,   0% used [0x00000000e0000000, 0x00000000e0000000, 0x00000000e5560000)
  from space 21824K, 100% used [0x00000000e6ab0000, 0x00000000e8000000, 0x00000000e8000000)
  to   space 21824K,   0% used [0x00000000e5560000, 0x00000000e5560000, 0x00000000e6ab0000)
 concurrent mark-sweep generation total 393216K, used 82190K [0x00000000e8000000, 0x0000000100000000, 0x0000000100000000)
 Metaspace       used 29646K, capacity 30008K, committed 30356K, reserved 1075200K
  class space    used 3506K, capacity 3646K, committed 3736K, reserved 1048576K
}
2015-09-09T14:21:58.444+0200: 56.507: Total time for which application threads were stopped: 0.0149365 seconds, Stopping threads took: 0.0000371 seconds
{Heap before GC invocations=61 (full 2):
 par new generation   total 109248K, used 109248K [0x00000000e0000000, 0x00000000e8000000, 0x00000000e8000000)
  eden space 87424K, 100% used [0x00000000e0000000, 0x00000000e5560000, 0x00000000e5560000)
  from space 21824K, 100% used [0x00000000e6ab0000, 0x00000000e8000000, 0x00000000e8000000)
  to   space 21824K,   0% used [0x00000000e5560000, 0x00000000e5560000, 0x00000000e6ab0000)
 concurrent mark-sweep generation total 393216K, used 82190K [0x00000000e8000000, 0x0000000100000000, 0x0000000100000000)
 Metaspace       used 29647K, capacity 30008K, committed 30356K, reserved 1075200K
  class space    used 3506K, capacity 3646K, committed 3736K, reserved 1048576K
2015-09-09T14:21:58.572+0200: 56.635: [GC (Allocation Failure) 56.635: [ParNew
Desired survivor size 20112992 bytes, new threshold 8 (max 8)
- age   1:    2313840 bytes,    2313840 total
- age   2:    6258976 bytes,    8572816 total
- age   3:    1773848 bytes,   10346664 total
- age   4:    1004192 bytes,   11350856 total
- age   5:     343136 bytes,   11693992 total
- age   6:     605656 bytes,   12299648 total
- age   7:    1942632 bytes,   14242280 total
- age   8:    3520768 bytes,   17763048 total
: 109248K->21824K(109248K), 0.0054419 secs] 191438K->109289K(502464K), 0.0054870 secs] [Times: user=0.00 sys=0.00, real=0.01 secs] 
Heap after GC invocations=62 (full 2):
 par new generation   total 109248K, used 21824K [0x00000000e0000000, 0x00000000e8000000, 0x00000000e8000000)
  eden space 87424K,   0% used [0x00000000e0000000, 0x00000000e0000000, 0x00000000e5560000)
  from space 21824K, 100% used [0x00000000e5560000, 0x00000000e6ab0000, 0x00000000e6ab0000)
  to   space 21824K,   0% used [0x00000000e6ab0000, 0x00000000e6ab0000, 0x00000000e8000000)
 concurrent mark-sweep generation total 393216K, used 87465K [0x00000000e8000000, 0x0000000100000000, 0x0000000100000000)
 Metaspace       used 29647K, capacity 30008K, committed 30356K, reserved 1075200K
  class space    used 3506K, capacity 3646K, committed 3736K, reserved 1048576K
}
2015-09-09T14:21:58.578+0200: 56.641: Total time for which application threads were stopped: 0.0056387 seconds, Stopping threads took: 0.0000179 seconds
2015-09-09T14:21:58.651+0200: 56.714: Total time for which application threads were stopped: 0.0000976 seconds, Stopping threads took: 0.0000291 seconds
2015-09-09T14:21:58.651+0200: 56.714: Total time for which application threads were stopped: 0.0000605 seconds, Stopping threads took: 0.0000195 seconds
2015-09-09T14:21:58.652+0200: 56.715: Total time for which application threads were stopped: 0.0004022 seconds, Stopping threads took: 0.0003606 seconds
2015-09-09T14:21:58.652+0200: 56.715: Total time for which application threads were stopped: 0.0000365 seconds, Stopping threads took: 0.0000096 seconds
2015-09-09T14:21:58.652+0200: 56.715: Total time for which application threads were stopped: 0.0000282 seconds, Stopping threads took: 0.0000074 seconds
2015-09-09T14:21:58.658+0200: 56.720: Total time for which application threads were stopped: 0.0000678 seconds, Stopping threads took: 0.0000186 seconds
2015-09-09T14:21:58.658+0200: 56.721: Total time for which application threads were stopped: 0.0000752 seconds, Stopping threads took: 0.0000131 seconds
2015-09-09T14:21:58.658+0200: 56.721: Total time for which application threads were stopped: 0.0000675 seconds, Stopping threads took: 0.0000141 seconds
2015-09-09T14:21:58.659+0200: 56.722: Total time for which application threads were stopped: 0.0000717 seconds, Stopping threads took: 0.0000118 seconds
2015-09-09T14:21:58.659+0200: 56.722: Total time for which application threads were stopped: 0.0000422 seconds, Stopping threads took: 0.0000058 seconds
2015-09-09T14:21:58.659+0200: 56.722: Total time for which application threads were stopped: 0.0000541 seconds, Stopping threads took: 0.0000077 seconds
2015-09-09T14:21:58.659+0200: 56.722: Total time for which application threads were stopped: 0.0000384 seconds, Stopping threads took: 0.0000099 seconds
2015-09-09T14:21:58.659+0200: 56.722: Total time for which application threads were stopped: 0.0000291 seconds, Stopping threads took: 0.0000067 seconds
2015-09-09T14:21:58.660+0200: 56.723: Total time for which application threads were stopped: 0.0000314 seconds, Stopping threads took: 0.0000070 seconds
{Heap before GC invocations=62 (full 2):
 par new generation   total 109248K, used 109178K [0x00000000e0000000, 0x00000000e8000000, 0x00000000e8000000)
  eden space 87424K,  99% used [0x00000000e0000000, 0x00000000e554e8b0, 0x00000000e5560000)
  from space 21824K, 100% used [0x00000000e5560000, 0x00000000e6ab0000, 0x00000000e6ab0000)
  to   space 21824K,   0% used [0x00000000e6ab0000, 0x00000000e6ab0000, 0x00000000e8000000)
 concurrent mark-sweep generation total 393216K, used 87465K [0x00000000e8000000, 0x0000000100000000, 0x0000000100000000)
 Metaspace       used 29665K, capacity 30008K, committed 30356K, reserved 1075200K
  class space    used 3506K, capacity 3646K, committed 3736K, reserved 1048576K
2015-09-09T14:21:58.757+0200: 56.820: [GC (Allocation Failure) 56.820: [ParNew
Desired survivor size 20112992 bytes, new threshold 8 (max 8)
- age   1:    3860584 bytes,    3860584 total
- age   2:    1284328 bytes,    5144912 total
- age   3:    6152800 bytes,   11297712 total
- age   4:    1588440 bytes,   12886152 total
- age   5:     932856 bytes,   13819008 total
- age   6:     307552 bytes,   14126560 total
- age   7:     537760 bytes,   14664320 total
- age   8:    1831848 bytes,   16496168 total
: 109178K->21824K(109248K), 0.0058214 secs] 196643K->112731K(502464K), 0.0058739 secs] [Times: user=0.00 sys=0.00, real=0.01 secs] 
Heap after GC invocations=63 (full 2):
 par new generation   total 109248K, used 21824K [0x00000000e0000000, 0x00000000e8000000, 0x00000000e8000000)
  eden space 87424K,   0% used [0x00000000e0000000, 0x00000000e0000000, 0x00000000e5560000)
  from space 21824K, 100% used [0x00000000e6ab0000, 0x00000000e8000000, 0x00000000e8000000)
  to   space 21824K,   0% used [0x00000000e5560000, 0x00000000e5560000, 0x00000000e6ab0000)
 concurrent mark-sweep generation total 393216K, used 90907K [0x00000000e8000000, 0x0000000100000000, 0x0000000100000000)
 Metaspace       used 29665K, capacity 30008K, committed 30356K, reserved 1075200K
  class space    used 3506K, capacity 3646K, committed 3736K, reserved 1048576K
}
2015-09-09T14:21:58.763+0200: 56.825: Total time for which application threads were stopped: 0.0060604 seconds, Stopping threads took: 0.0000134 seconds
{Heap before GC invocations=63 (full 2):
 par new generation   total 109248K, used 109248K [0x00000000e0000000, 0x00000000e8000000, 0x00000000e8000000)
  eden space 87424K, 100% used [0x00000000e0000000, 0x00000000e5560000, 0x00000000e5560000)
  from space 21824K, 100% used [0x00000000e6ab0000, 0x00000000e8000000, 0x00000000e8000000)
  to   space 21824K,   0% used [0x00000000e5560000, 0x00000000e5560000, 0x00000000e6ab0000)
 concurrent mark-sweep generation total 393216K, used 90907K [0x00000000e8000000, 0x0000000100000000, 0x0000000100000000)
 Metaspace       used 29665K, capacity 30008K, committed 30356K, reserved 1075200K
  class space    used 3506K, capacity 3646K, committed 3736K, reserved 1048576K
2015-09-09T14:21:59.029+0200: 57.092: [GC (Allocation Failure) 57.092: [ParNew
Desired survivor size 20112992 bytes, new threshold 8 (max 8)
- age   1:    5493096 bytes,    5493096 total
- age   2:    1808800 bytes,    7301896 total
- age   3:    1285168 bytes,    8587064 total
- age   4:    6152864 bytes,   14739928 total
- age   5:    1588440 bytes,   16328368 total
- age   6:     932856 bytes,   17261224 total
- age   7:     307552 bytes,   17568776 total
- age   8:     537760 bytes,   18106536 total
: 109248K->21824K(109248K), 0.0059484 secs] 200155K->114520K(502464K), 0.0060255 secs] [Times: user=0.06 sys=0.00, real=0.01 secs] 
Heap after GC invocations=64 (full 2):
 par new generation   total 109248K, used 21824K [0x00000000e0000000, 0x00000000e8000000, 0x00000000e8000000)
  eden space 87424K,   0% used [0x00000000e0000000, 0x00000000e0000000, 0x00000000e5560000)
  from space 21824K, 100% used [0x00000000e5560000, 0x00000000e6ab0000, 0x00000000e6ab0000)
  to   space 21824K,   0% used [0x00000000e6ab0000, 0x00000000e6ab0000, 0x00000000e8000000)
 concurrent mark-sweep generation total 393216K, used 92696K [0x00000000e8000000, 0x0000000100000000, 0x0000000100000000)
 Metaspace       used 29665K, capacity 30008K, committed 30356K, reserved 1075200K
  class space    used 3506K, capacity 3646K, committed 3736K, reserved 1048576K
}
2015-09-09T14:21:59.036+0200: 57.099: Total time for which application threads were stopped: 0.0061798 seconds, Stopping threads took: 0.0000134 seconds
{Heap before GC invocations=64 (full 2):
 par new generation   total 109248K, used 109248K [0x00000000e0000000, 0x00000000e8000000, 0x00000000e8000000)
  eden space 87424K, 100% used [0x00000000e0000000, 0x00000000e5560000, 0x00000000e5560000)
  from space 21824K, 100% used [0x00000000e5560000, 0x00000000e6ab0000, 0x00000000e6ab0000)
  to   space 21824K,   0% used [0x00000000e6ab0000, 0x00000000e6ab0000, 0x00000000e8000000)
 concurrent mark-sweep generation total 393216K, used 92696K [0x00000000e8000000, 0x0000000100000000, 0x0000000100000000)
 Metaspace       used 29665K, capacity 30008K, committed 30356K, reserved 1075200K
  class space    used 3506K, capacity 3646K, committed 3736K, reserved 1048576K
2015-09-09T14:21:59.304+0200: 57.367: [GC (Allocation Failure) 57.367: [ParNew
Desired survivor size 20112992 bytes, new threshold 7 (max 8)
- age   1:    5468560 bytes,    5468560 total
- age   2:    3207568 bytes,    8676128 total
- age   3:    1746416 bytes,   10422544 total
- age   4:    1234056 bytes,   11656600 total
- age   5:    6109360 bytes,   17765960 total
- age   6:    1507720 bytes,   19273680 total
- age   7:     880576 bytes,   20154256 total
- age   8:     281544 bytes,   20435800 total
: 109248K->21824K(109248K), 0.0065151 secs] 201944K->115614K(502464K), 0.0065657 secs] [Times: user=0.00 sys=0.00, real=0.01 secs] 
Heap after GC invocations=65 (full 2):
 par new generation   total 109248K, used 21824K [0x00000000e0000000, 0x00000000e8000000, 0x00000000e8000000)
  eden space 87424K,   0% used [0x00000000e0000000, 0x00000000e0000000, 0x00000000e5560000)
  from space 21824K, 100% used [0x00000000e6ab0000, 0x00000000e8000000, 0x00000000e8000000)
  to   space 21824K,   0% used [0x00000000e5560000, 0x00000000e5560000, 0x00000000e6ab0000)
 concurrent mark-sweep generation total 393216K, used 93790K [0x00000000e8000000, 0x0000000100000000, 0x0000000100000000)
 Metaspace       used 29665K, capacity 30008K, committed 30356K, reserved 1075200K
  class space    used 3506K, capacity 3646K, committed 3736K, reserved 1048576K
}
2015-09-09T14:21:59.311+0200: 57.374: Total time for which application threads were stopped: 0.0067740 seconds, Stopping threads took: 0.0000829 seconds
{Heap before GC invocations=65 (full 2):
 par new generation   total 109248K, used 109248K [0x00000000e0000000, 0x00000000e8000000, 0x00000000e8000000)
  eden space 87424K, 100% used [0x00000000e0000000, 0x00000000e5560000, 0x00000000e5560000)
  from space 21824K, 100% used [0x00000000e6ab0000, 0x00000000e8000000, 0x00000000e8000000)
  to   space 21824K,   0% used [0x00000000e5560000, 0x00000000e5560000, 0x00000000e6ab0000)
 concurrent mark-sweep generation total 393216K, used 93790K [0x00000000e8000000, 0x0000000100000000, 0x0000000100000000)
 Metaspace       used 29665K, capacity 30008K, committed 30356K, reserved 1075200K
  class space    used 3506K, capacity 3646K, committed 3736K, reserved 1048576K
2015-09-09T14:21:59.584+0200: 57.647: [GC (Allocation Failure) 57.647: [ParNew
Desired survivor size 20112992 bytes, new threshold 8 (max 8)
- age   1:    2471864 bytes,    2471864 total
- age   2:    2458512 bytes,    4930376 total
- age   3:    2391208 bytes,    7321584 total
- age   4:    1674536 bytes,    8996120 total
- age   5:    1175288 bytes,   10171408 total
- age   6:    5728088 bytes,   15899496 total
- age   7:    1445664 bytes,   17345160 total
: 109248K->21824K(109248K), 0.0068735 secs] 203038K->122386K(502464K), 0.0069190 secs] [Times: user=0.00 sys=0.00, real=0.01 secs] 
Heap after GC invocations=66 (full 2):
 par new generation   total 109248K, used 21824K [0x00000000e0000000, 0x00000000e8000000, 0x00000000e8000000)
  eden space 87424K,   0% used [0x00000000e0000000, 0x00000000e0000000, 0x00000000e5560000)
  from space 21824K, 100% used [0x00000000e5560000, 0x00000000e6ab0000, 0x00000000e6ab0000)
  to   space 21824K,   0% used [0x00000000e6ab0000, 0x00000000e6ab0000, 0x00000000e8000000)
 concurrent mark-sweep generation total 393216K, used 100562K [0x00000000e8000000, 0x0000000100000000, 0x0000000100000000)
 Metaspace       used 29665K, capacity 30008K, committed 30356K, reserved 1075200K
  class space    used 3506K, capacity 3646K, committed 3736K, reserved 1048576K
}
2015-09-09T14:21:59.591+0200: 57.654: Total time for which application threads were stopped: 0.0070521 seconds, Stopping threads took: 0.0000141 seconds
{Heap before GC invocations=66 (full 2):
 par new generation   total 109248K, used 109248K [0x00000000e0000000, 0x00000000e8000000, 0x00000000e8000000)
  eden space 87424K, 100% used [0x00000000e0000000, 0x00000000e5560000, 0x00000000e5560000)
  from space 21824K, 100% used [0x00000000e5560000, 0x00000000e6ab0000, 0x00000000e6ab0000)
  to   space 21824K,   0% used [0x00000000e6ab0000, 0x00000000e6ab0000, 0x00000000e8000000)
 concurrent mark-sweep generation total 393216K, used 100562K [0x00000000e8000000, 0x0000000100000000, 0x0000000100000000)
 Metaspace       used 29665K, capacity 30008K, committed 30356K, reserved 1075200K
  class space    used 3506K, capacity 3646K, committed 3736K, reserved 1048576K
2015-09-09T14:21:59.869+0200: 57.932: [GC (Allocation Failure) 57.932: [ParNew
Desired survivor size 20112992 bytes, new threshold 8 (max 8)
- age   1:    5594752 bytes,    5594752 total
- age   2:    1114432 bytes,    6709184 total
- age   3:    1205088 bytes,    7914272 total
- age   4:    1895072 bytes,    9809344 total
- age   5:    1651464 bytes,   11460808 total
- age   6:    1155128 bytes,   12615936 total
- age   7:    5522144 bytes,   18138080 total
- age   8:    1422000 bytes,   19560080 total
: 109248K->21824K(109248K), 0.0068854 secs] 209810K->126436K(502464K), 0.0069334 secs] [Times: user=0.06 sys=0.00, real=0.01 secs] 
Heap after GC invocations=67 (full 2):
 par new generation   total 109248K, used 21824K [0x00000000e0000000, 0x00000000e8000000, 0x00000000e8000000)
  eden space 87424K,   0% used [0x00000000e0000000, 0x00000000e0000000, 0x00000000e5560000)
  from space 21824K, 100% used [0x00000000e6ab0000, 0x00000000e8000000, 0x00000000e8000000)
  to   space 21824K,   0% used [0x00000000e5560000, 0x00000000e5560000, 0x00000000e6ab0000)
 concurrent mark-sweep generation total 393216K, used 104612K [0x00000000e8000000, 0x0000000100000000, 0x0000000100000000)
 Metaspace       used 29665K, capacity 30008K, committed 30356K, reserved 1075200K
  class space    used 3506K, capacity 3646K, committed 3736K, reserved 1048576K
}
2015-09-09T14:21:59.876+0200: 57.939: Total time for which application threads were stopped: 0.0070726 seconds, Stopping threads took: 0.0000138 seconds
{Heap before GC invocations=67 (full 2):
 par new generation   total 109248K, used 109248K [0x00000000e0000000, 0x00000000e8000000, 0x00000000e8000000)
  eden space 87424K, 100% used [0x00000000e0000000, 0x00000000e5560000, 0x00000000e5560000)
  from space 21824K, 100% used [0x00000000e6ab0000, 0x00000000e8000000, 0x00000000e8000000)
  to   space 21824K,   0% used [0x00000000e5560000, 0x00000000e5560000, 0x00000000e6ab0000)
 concurrent mark-sweep generation total 393216K, used 104612K [0x00000000e8000000, 0x0000000100000000, 0x0000000100000000)
 Metaspace       used 29665K, capacity 30008K, committed 30356K, reserved 1075200K
  class space    used 3506K, capacity 3646K, committed 3736K, reserved 1048576K
2015-09-09T14:22:00.163+0200: 58.227: [GC (Allocation Failure) 58.227: [ParNew
Desired survivor size 20112992 bytes, new threshold 8 (max 8)
- age   1:    5646448 bytes,    5646448 total
- age   2:    1510136 bytes,    7156584 total
- age   3:    1061232 bytes,    8217816 total
- age   4:    1003000 bytes,    9220816 total
- age   5:    1194504 bytes,   10415320 total
- age   6:    1496056 bytes,   11911376 total
- age   7:    1135568 bytes,   13046944 total
- age   8:    5480448 bytes,   18527392 total
: 109248K->21824K(109248K), 0.0075727 secs] 213860K->130580K(502464K), 0.0076409 secs] [Times: user=0.06 sys=0.00, real=0.01 secs] 
Heap after GC invocations=68 (full 2):
 par new generation   total 109248K, used 21824K [0x00000000e0000000, 0x00000000e8000000, 0x00000000e8000000)
  eden space 87424K,   0% used [0x00000000e0000000, 0x00000000e0000000, 0x00000000e5560000)
  from space 21824K, 100% used [0x00000000e5560000, 0x00000000e6ab0000, 0x00000000e6ab0000)
  to   space 21824K,   0% used [0x00000000e6ab0000, 0x00000000e6ab0000, 0x00000000e8000000)
 concurrent mark-sweep generation total 393216K, used 108756K [0x00000000e8000000, 0x0000000100000000, 0x0000000100000000)
 Metaspace       used 29665K, capacity 30008K, committed 30356K, reserved 1075200K
  class space    used 3506K, capacity 3646K, committed 3736K, reserved 1048576K
}
2015-09-09T14:22:00.171+0200: 58.234: Total time for which application threads were stopped: 0.0077734 seconds, Stopping threads took: 0.0000154 seconds
{Heap before GC invocations=68 (full 2):
 par new generation   total 109248K, used 109248K [0x00000000e0000000, 0x00000000e8000000, 0x00000000e8000000)
  eden space 87424K, 100% used [0x00000000e0000000, 0x00000000e5560000, 0x00000000e5560000)
  from space 21824K, 100% used [0x00000000e5560000, 0x00000000e6ab0000, 0x00000000e6ab0000)
  to   space 21824K,   0% used [0x00000000e6ab0000, 0x00000000e6ab0000, 0x00000000e8000000)
 concurrent mark-sweep generation total 393216K, used 108756K [0x00000000e8000000, 0x0000000100000000, 0x0000000100000000)
 Metaspace       used 29666K, capacity 30008K, committed 30356K, reserved 1075200K
  class space    used 3506K, capacity 3646K, committed 3736K, reserved 1048576K
2015-09-09T14:22:00.454+0200: 58.517: [GC (Allocation Failure) 58.517: [ParNew
Desired survivor size 20112992 bytes, new threshold 8 (max 8)
- age   1:    8289808 bytes,    8289808 total
- age   2:    1672376 bytes,    9962184 total
- age   3:    1510088 bytes,   11472272 total
- age   4:    1061208 bytes,   12533480 total
- age   5:    1002976 bytes,   13536456 total
- age   6:    1194504 bytes,   14730960 total
- age   7:    1496032 bytes,   16226992 total
- age   8:    1135568 bytes,   17362560 total
: 109248K->21824K(109248K), 0.0073724 secs] 218004K->135934K(502464K), 0.0074220 secs] [Times: user=0.00 sys=0.00, real=0.01 secs] 
Heap after GC invocations=69 (full 2):
 par new generation   total 109248K, used 21824K [0x00000000e0000000, 0x00000000e8000000, 0x00000000e8000000)
  eden space 87424K,   0% used [0x00000000e0000000, 0x00000000e0000000, 0x00000000e5560000)
  from space 21824K, 100% used [0x00000000e6ab0000, 0x00000000e8000000, 0x00000000e8000000)
  to   space 21824K,   0% used [0x00000000e5560000, 0x00000000e5560000, 0x00000000e6ab0000)
 concurrent mark-sweep generation total 393216K, used 114110K [0x00000000e8000000, 0x0000000100000000, 0x0000000100000000)
 Metaspace       used 29666K, capacity 30008K, committed 30356K, reserved 1075200K
  class space    used 3506K, capacity 3646K, committed 3736K, reserved 1048576K
}
2015-09-09T14:22:00.462+0200: 58.525: Total time for which application threads were stopped: 0.0075631 seconds, Stopping threads took: 0.0000138 seconds
{Heap before GC invocations=69 (full 2):
 par new generation   total 109248K, used 109248K [0x00000000e0000000, 0x00000000e8000000, 0x00000000e8000000)
  eden space 87424K, 100% used [0x00000000e0000000, 0x00000000e5560000, 0x00000000e5560000)
  from space 21824K, 100% used [0x00000000e6ab0000, 0x00000000e8000000, 0x00000000e8000000)
  to   space 21824K,   0% used [0x00000000e5560000, 0x00000000e5560000, 0x00000000e6ab0000)
 concurrent mark-sweep generation total 393216K, used 114110K [0x00000000e8000000, 0x0000000100000000, 0x0000000100000000)
 Metaspace       used 29666K, capacity 30008K, committed 30356K, reserved 1075200K
  class space    used 3506K, capacity 3646K, committed 3736K, reserved 1048576K
2015-09-09T14:22:00.740+0200: 58.803: [GC (Allocation Failure) 58.803: [ParNew
Desired survivor size 20112992 bytes, new threshold 8 (max 8)
- age   1:    5958816 bytes,    5958816 total
- age   2:    3295416 bytes,    9254232 total
- age   3:    1640840 bytes,   10895072 total
- age   4:    1491912 bytes,   12386984 total
- age   5:    1044632 bytes,   13431616 total
- age   6:     990272 bytes,   14421888 total
- age   7:    1183240 bytes,   15605128 total
- age   8:    1489008 bytes,   17094136 total
: 109248K->21824K(109248K), 0.0076726 secs] 223358K->139311K(502464K), 0.0077193 secs] [Times: user=0.00 sys=0.00, real=0.01 secs] 
Heap after GC invocations=70 (full 2):
 par new generation   total 109248K, used 21824K [0x00000000e0000000, 0x00000000e8000000, 0x00000000e8000000)
  eden space 87424K,   0% used [0x00000000e0000000, 0x00000000e0000000, 0x00000000e5560000)
  from space 21824K, 100% used [0x00000000e5560000, 0x00000000e6ab0000, 0x00000000e6ab0000)
  to   space 21824K,   0% used [0x00000000e6ab0000, 0x00000000e6ab0000, 0x00000000e8000000)
 concurrent mark-sweep generation total 393216K, used 117487K [0x00000000e8000000, 0x0000000100000000, 0x0000000100000000)
 Metaspace       used 29666K, capacity 30008K, committed 30356K, reserved 1075200K
  class space    used 3506K, capacity 3646K, committed 3736K, reserved 1048576K
}
2015-09-09T14:22:00.748+0200: 58.811: Total time for which application threads were stopped: 0.0078534 seconds, Stopping threads took: 0.0000141 seconds
{Heap before GC invocations=70 (full 2):
 par new generation   total 109248K, used 109248K [0x00000000e0000000, 0x00000000e8000000, 0x00000000e8000000)
  eden space 87424K, 100% used [0x00000000e0000000, 0x00000000e5560000, 0x00000000e5560000)
  from space 21824K, 100% used [0x00000000e5560000, 0x00000000e6ab0000, 0x00000000e6ab0000)
  to   space 21824K,   0% used [0x00000000e6ab0000, 0x00000000e6ab0000, 0x00000000e8000000)
 concurrent mark-sweep generation total 393216K, used 117487K [0x00000000e8000000, 0x0000000100000000, 0x0000000100000000)
 Metaspace       used 29666K, capacity 30008K, committed 30356K, reserved 1075200K
  class space    used 3506K, capacity 3646K, committed 3736K, reserved 1048576K
2015-09-09T14:22:01.033+0200: 59.096: [GC (Allocation Failure) 59.096: [ParNew
Desired survivor size 20112992 bytes, new threshold 8 (max 8)
- age   1:    9135608 bytes,    9135608 total
- age   2:    2522008 bytes,   11657616 total
- age   3:    3271160 bytes,   14928776 total
- age   4:    1620184 bytes,   16548960 total
- age   5:    1439040 bytes,   17988000 total
- age   6:    1027928 bytes,   19015928 total
- age   7:     975168 bytes,   19991096 total
- age   8:    1169384 bytes,   21160480 total
: 109248K->21824K(109248K), 0.0084066 secs] 226735K->142845K(502464K), 0.0084537 secs] [Times: user=0.00 sys=0.00, real=0.01 secs] 
Heap after GC invocations=71 (full 2):
 par new generation   total 109248K, used 21824K [0x00000000e0000000, 0x00000000e8000000, 0x00000000e8000000)
  eden space 87424K,   0% used [0x00000000e0000000, 0x00000000e0000000, 0x00000000e5560000)
  from space 21824K, 100% used [0x00000000e6ab0000, 0x00000000e8000000, 0x00000000e8000000)
  to   space 21824K,   0% used [0x00000000e5560000, 0x00000000e5560000, 0x00000000e6ab0000)
 concurrent mark-sweep generation total 393216K, used 121021K [0x00000000e8000000, 0x0000000100000000, 0x0000000100000000)
 Metaspace       used 29666K, capacity 30008K, committed 30356K, reserved 1075200K
  class space    used 3506K, capacity 3646K, committed 3736K, reserved 1048576K
}
2015-09-09T14:22:01.042+0200: 59.105: Total time for which application threads were stopped: 0.0085938 seconds, Stopping threads took: 0.0000147 seconds
{Heap before GC invocations=71 (full 2):
 par new generation   total 109248K, used 109248K [0x00000000e0000000, 0x00000000e8000000, 0x00000000e8000000)
  eden space 87424K, 100% used [0x00000000e0000000, 0x00000000e5560000, 0x00000000e5560000)
  from space 21824K, 100% used [0x00000000e6ab0000, 0x00000000e8000000, 0x00000000e8000000)
  to   space 21824K,   0% used [0x00000000e5560000, 0x00000000e5560000, 0x00000000e6ab0000)
 concurrent mark-sweep generation total 393216K, used 121021K [0x00000000e8000000, 0x0000000100000000, 0x0000000100000000)
 Metaspace       used 29666K, capacity 30008K, committed 30356K, reserved 1075200K
  class space    used 3506K, capacity 3646K, committed 3736K, reserved 1048576K
2015-09-09T14:22:01.323+0200: 59.386: [GC (Allocation Failure) 59.386: [ParNew
Desired survivor size 20112992 bytes, new threshold 8 (max 8)
- age   1:    6175984 bytes,    6175984 total
- age   2:    4656488 bytes,   10832472 total
- age   3:    2387984 bytes,   13220456 total
- age   4:    3143056 bytes,   16363512 total
- age   5:    1244352 bytes,   17607864 total
- age   6:    1204768 bytes,   18812632 total
- age   7:     956952 bytes,   19769584 total
- age   8:     912088 bytes,   20681672 total
: 109248K->21824K(109248K), 0.0095106 secs] 230269K->148872K(502464K), 0.0095554 secs] [Times: user=0.06 sys=0.00, real=0.01 secs] 
Heap after GC invocations=72 (full 2):
 par new generation   total 109248K, used 21824K [0x00000000e0000000, 0x00000000e8000000, 0x00000000e8000000)
  eden space 87424K,   0% used [0x00000000e0000000, 0x00000000e0000000, 0x00000000e5560000)
  from space 21824K, 100% used [0x00000000e5560000, 0x00000000e6ab0000, 0x00000000e6ab0000)
  to   space 21824K,   0% used [0x00000000e6ab0000, 0x00000000e6ab0000, 0x00000000e8000000)
 concurrent mark-sweep generation total 393216K, used 127048K [0x00000000e8000000, 0x0000000100000000, 0x0000000100000000)
 Metaspace       used 29666K, capacity 30008K, committed 30356K, reserved 1075200K
  class space    used 3506K, capacity 3646K, committed 3736K, reserved 1048576K
}
2015-09-09T14:22:01.332+0200: 59.396: Total time for which application threads were stopped: 0.0096838 seconds, Stopping threads took: 0.0000134 seconds
{Heap before GC invocations=72 (full 2):
 par new generation   total 109248K, used 109248K [0x00000000e0000000, 0x00000000e8000000, 0x00000000e8000000)
  eden space 87424K, 100% used [0x00000000e0000000, 0x00000000e5560000, 0x00000000e5560000)
  from space 21824K, 100% used [0x00000000e5560000, 0x00000000e6ab0000, 0x00000000e6ab0000)
  to   space 21824K,   0% used [0x00000000e6ab0000, 0x00000000e6ab0000, 0x00000000e8000000)
 concurrent mark-sweep generation total 393216K, used 127048K [0x00000000e8000000, 0x0000000100000000, 0x0000000100000000)
 Metaspace       used 29666K, capacity 30008K, committed 30356K, reserved 1075200K
  class space    used 3506K, capacity 3646K, committed 3736K, reserved 1048576K
2015-09-09T14:22:01.623+0200: 59.687: [GC (Allocation Failure) 59.687: [ParNew
Desired survivor size 20112992 bytes, new threshold 8 (max 8)
- age   1:    4169112 bytes,    4169112 total
- age   2:    4025224 bytes,    8194336 total
- age   3:    2538416 bytes,   10732752 total
- age   4:    2367672 bytes,   13100424 total
- age   5:    3123736 bytes,   16224160 total
- age   6:    1224184 bytes,   17448344 total
- age   7:    1182152 bytes,   18630496 total
- age   8:     941280 bytes,   19571776 total
: 109248K->21824K(109248K), 0.0088566 secs] 236296K->153064K(502464K), 0.0089065 secs] [Times: user=0.00 sys=0.00, real=0.01 secs] 
Heap after GC invocations=73 (full 2):
 par new generation   total 109248K, used 21824K [0x00000000e0000000, 0x00000000e8000000, 0x00000000e8000000)
  eden space 87424K,   0% used [0x00000000e0000000, 0x00000000e0000000, 0x00000000e5560000)
  from space 21824K, 100% used [0x00000000e6ab0000, 0x00000000e8000000, 0x00000000e8000000)
  to   space 21824K,   0% used [0x00000000e5560000, 0x00000000e5560000, 0x00000000e6ab0000)
 concurrent mark-sweep generation total 393216K, used 131240K [0x00000000e8000000, 0x0000000100000000, 0x0000000100000000)
 Metaspace       used 29666K, capacity 30008K, committed 30356K, reserved 1075200K
  class space    used 3506K, capacity 3646K, committed 3736K, reserved 1048576K
}
2015-09-09T14:22:01.632+0200: 59.695: Total time for which application threads were stopped: 0.0090476 seconds, Stopping threads took: 0.0000141 seconds
{Heap before GC invocations=73 (full 2):
 par new generation   total 109248K, used 109248K [0x00000000e0000000, 0x00000000e8000000, 0x00000000e8000000)
  eden space 87424K, 100% used [0x00000000e0000000, 0x00000000e5560000, 0x00000000e5560000)
  from space 21824K, 100% used [0x00000000e6ab0000, 0x00000000e8000000, 0x00000000e8000000)
  to   space 21824K,   0% used [0x00000000e5560000, 0x00000000e5560000, 0x00000000e6ab0000)
 concurrent mark-sweep generation total 393216K, used 131240K [0x00000000e8000000, 0x0000000100000000, 0x0000000100000000)
 Metaspace       used 29666K, capacity 30008K, committed 30356K, reserved 1075200K
  class space    used 3506K, capacity 3646K, committed 3736K, reserved 1048576K
2015-09-09T14:22:01.915+0200: 59.978: [GC (Allocation Failure) 59.978: [ParNew
Desired survivor size 20112992 bytes, new threshold 8 (max 8)
- age   1:    3516616 bytes,    3516616 total
- age   2:    3771288 bytes,    7287904 total
- age   3:    2785088 bytes,   10072992 total
- age   4:    2494208 bytes,   12567200 total
- age   5:    2305768 bytes,   14872968 total
- age   6:    3076648 bytes,   17949616 total
- age   7:    1176880 bytes,   19126496 total
- age   8:    1136016 bytes,   20262512 total
: 109248K->21824K(109248K), 0.0089740 secs] 240488K->159543K(502464K), 0.0090204 secs] [Times: user=0.06 sys=0.00, real=0.01 secs] 
Heap after GC invocations=74 (full 2):
 par new generation   total 109248K, used 21824K [0x00000000e0000000, 0x00000000e8000000, 0x00000000e8000000)
  eden space 87424K,   0% used [0x00000000e0000000, 0x00000000e0000000, 0x00000000e5560000)
  from space 21824K, 100% used [0x00000000e5560000, 0x00000000e6ab0000, 0x00000000e6ab0000)
  to   space 21824K,   0% used [0x00000000e6ab0000, 0x00000000e6ab0000, 0x00000000e8000000)
 concurrent mark-sweep generation total 393216K, used 137719K [0x00000000e8000000, 0x0000000100000000, 0x0000000100000000)
 Metaspace       used 29666K, capacity 30008K, committed 30356K, reserved 1075200K
  class space    used 3506K, capacity 3646K, committed 3736K, reserved 1048576K
}
2015-09-09T14:22:01.924+0200: 59.987: Total time for which application threads were stopped: 0.0091558 seconds, Stopping threads took: 0.0000141 seconds
{Heap before GC invocations=74 (full 2):
 par new generation   total 109248K, used 109248K [0x00000000e0000000, 0x00000000e8000000, 0x00000000e8000000)
  eden space 87424K, 100% used [0x00000000e0000000, 0x00000000e5560000, 0x00000000e5560000)
  from space 21824K, 100% used [0x00000000e5560000, 0x00000000e6ab0000, 0x00000000e6ab0000)
  to   space 21824K,   0% used [0x00000000e6ab0000, 0x00000000e6ab0000, 0x00000000e8000000)
 concurrent mark-sweep generation total 393216K, used 137719K [0x00000000e8000000, 0x0000000100000000, 0x0000000100000000)
 Metaspace       used 29666K, capacity 30008K, committed 30356K, reserved 1075200K
  class space    used 3506K, capacity 3646K, committed 3736K, reserved 1048576K
2015-09-09T14:22:02.216+0200: 60.278: [GC (Allocation Failure) 60.278: [ParNew
Desired survivor size 20112992 bytes, new threshold 7 (max 8)
- age   1:    6901600 bytes,    6901600 total
- age   2:    2179728 bytes,    9081328 total
- age   3:    2133456 bytes,   11214784 total
- age   4:    2778120 bytes,   13992904 total
- age   5:    2486256 bytes,   16479160 total
- age   6:    2298304 bytes,   18777464 total
- age   7:    2282736 bytes,   21060200 total
- age   8:    1170256 bytes,   22230456 total
: 109248K->21824K(109248K), 0.0142475 secs] 246967K->161546K(502464K), 0.0142955 secs] [Times: user=0.00 sys=0.00, real=0.01 secs] 
Heap after GC invocations=75 (full 2):
 par new generation   total 109248K, used 21824K [0x00000000e0000000, 0x00000000e8000000, 0x00000000e8000000)
  eden space 87424K,   0% used [0x00000000e0000000, 0x00000000e0000000, 0x00000000e5560000)
  from space 21824K, 100% used [0x00000000e6ab0000, 0x00000000e8000000, 0x00000000e8000000)
  to   space 21824K,   0% used [0x00000000e5560000, 0x00000000e5560000, 0x00000000e6ab0000)
 concurrent mark-sweep generation total 393216K, used 139722K [0x00000000e8000000, 0x0000000100000000, 0x0000000100000000)
 Metaspace       used 29666K, capacity 30008K, committed 30356K, reserved 1075200K
  class space    used 3506K, capacity 3646K, committed 3736K, reserved 1048576K
}
2015-09-09T14:22:02.230+0200: 60.293: Total time for which application threads were stopped: 0.0144322 seconds, Stopping threads took: 0.0000157 seconds
{Heap before GC invocations=75 (full 2):
 par new generation   total 109248K, used 109248K [0x00000000e0000000, 0x00000000e8000000, 0x00000000e8000000)
  eden space 87424K, 100% used [0x00000000e0000000, 0x00000000e5560000, 0x00000000e5560000)
  from space 21824K, 100% used [0x00000000e6ab0000, 0x00000000e8000000, 0x00000000e8000000)
  to   space 21824K,   0% used [0x00000000e5560000, 0x00000000e5560000, 0x00000000e6ab0000)
 concurrent mark-sweep generation total 393216K, used 139722K [0x00000000e8000000, 0x0000000100000000, 0x0000000100000000)
 Metaspace       used 29666K, capacity 30008K, committed 30356K, reserved 1075200K
  class space    used 3506K, capacity 3646K, committed 3736K, reserved 1048576K
2015-09-09T14:22:02.504+0200: 60.566: [GC (Allocation Failure) 60.566: [ParNew
Desired survivor size 20112992 bytes, new threshold 8 (max 8)
- age   1:    4794432 bytes,    4794432 total
- age   2:    3738664 bytes,    8533096 total
- age   3:    1356368 bytes,    9889464 total
- age   4:    1586952 bytes,   11476416 total
- age   5:    2762232 bytes,   14238648 total
- age   6:    2469904 bytes,   16708552 total
- age   7:    2280488 bytes,   18989040 total
: 109248K->21824K(109248K), 0.0101365 secs] 248970K->174079K(502464K), 0.0102201 secs] [Times: user=0.06 sys=0.00, real=0.01 secs] 
Heap after GC invocations=76 (full 2):
 par new generation   total 109248K, used 21824K [0x00000000e0000000, 0x00000000e8000000, 0x00000000e8000000)
  eden space 87424K,   0% used [0x00000000e0000000, 0x00000000e0000000, 0x00000000e5560000)
  from space 21824K, 100% used [0x00000000e5560000, 0x00000000e6ab0000, 0x00000000e6ab0000)
  to   space 21824K,   0% used [0x00000000e6ab0000, 0x00000000e6ab0000, 0x00000000e8000000)
 concurrent mark-sweep generation total 393216K, used 152255K [0x00000000e8000000, 0x0000000100000000, 0x0000000100000000)
 Metaspace       used 29666K, capacity 30008K, committed 30356K, reserved 1075200K
  class space    used 3506K, capacity 3646K, committed 3736K, reserved 1048576K
}
2015-09-09T14:22:02.514+0200: 60.576: Total time for which application threads were stopped: 0.0103609 seconds, Stopping threads took: 0.0000141 seconds
{Heap before GC invocations=76 (full 2):
 par new generation   total 109248K, used 109248K [0x00000000e0000000, 0x00000000e8000000, 0x00000000e8000000)
  eden space 87424K, 100% used [0x00000000e0000000, 0x00000000e5560000, 0x00000000e5560000)
  from space 21824K, 100% used [0x00000000e5560000, 0x00000000e6ab0000, 0x00000000e6ab0000)
  to   space 21824K,   0% used [0x00000000e6ab0000, 0x00000000e6ab0000, 0x00000000e8000000)
 concurrent mark-sweep generation total 393216K, used 152255K [0x00000000e8000000, 0x0000000100000000, 0x0000000100000000)
 Metaspace       used 29666K, capacity 30008K, committed 30356K, reserved 1075200K
  class space    used 3506K, capacity 3646K, committed 3736K, reserved 1048576K
2015-09-09T14:22:02.817+0200: 60.879: [GC (Allocation Failure) 60.879: [ParNew
Desired survivor size 20112992 bytes, new threshold 8 (max 8)
- age   1:    3143760 bytes,    3143760 total
- age   2:    4124840 bytes,    7268600 total
- age   3:    3033656 bytes,   10302256 total
- age   4:    1216552 bytes,   11518808 total
- age   5:    1447568 bytes,   12966376 total
- age   6:    2683496 bytes,   15649872 total
- age   7:    2405832 bytes,   18055704 total
- age   8:    2218912 bytes,   20274616 total
: 109248K->21824K(109248K), 0.0098988 secs] 261503K->176172K(502464K), 0.0099439 secs] [Times: user=0.06 sys=0.00, real=0.01 secs] 
Heap after GC invocations=77 (full 2):
 par new generation   total 109248K, used 21824K [0x00000000e0000000, 0x00000000e8000000, 0x00000000e8000000)
  eden space 87424K,   0% used [0x00000000e0000000, 0x00000000e0000000, 0x00000000e5560000)
  from space 21824K, 100% used [0x00000000e6ab0000, 0x00000000e8000000, 0x00000000e8000000)
  to   space 21824K,   0% used [0x00000000e5560000, 0x00000000e5560000, 0x00000000e6ab0000)
 concurrent mark-sweep generation total 393216K, used 154348K [0x00000000e8000000, 0x0000000100000000, 0x0000000100000000)
 Metaspace       used 29666K, capacity 30008K, committed 30356K, reserved 1075200K
  class space    used 3506K, capacity 3646K, committed 3736K, reserved 1048576K
}
2015-09-09T14:22:02.827+0200: 60.889: Total time for which application threads were stopped: 0.0101189 seconds, Stopping threads took: 0.0000131 seconds
{Heap before GC invocations=77 (full 2):
 par new generation   total 109248K, used 109248K [0x00000000e0000000, 0x00000000e8000000, 0x00000000e8000000)
  eden space 87424K, 100% used [0x00000000e0000000, 0x00000000e5560000, 0x00000000e5560000)
  from space 21824K, 100% used [0x00000000e6ab0000, 0x00000000e8000000, 0x00000000e8000000)
  to   space 21824K,   0% used [0x00000000e5560000, 0x00000000e5560000, 0x00000000e6ab0000)
 concurrent mark-sweep generation total 393216K, used 154348K [0x00000000e8000000, 0x0000000100000000, 0x0000000100000000)
 Metaspace       used 29667K, capacity 30008K, committed 30356K, reserved 1075200K
  class space    used 3506K, capacity 3646K, committed 3736K, reserved 1048576K
2015-09-09T14:22:03.099+0200: 61.161: [GC (Allocation Failure) 61.161: [ParNew
Desired survivor size 20112992 bytes, new threshold 8 (max 8)
- age   1:    5209208 bytes,    5209208 total
- age   2:    3080592 bytes,    8289800 total
- age   3:    1158760 bytes,    9448560 total
- age   4:    2708584 bytes,   12157144 total
- age   5:    1186536 bytes,   13343680 total
- age   6:    1427536 bytes,   14771216 total
- age   7:    2669008 bytes,   17440224 total
- age   8:    2390560 bytes,   19830784 total
: 109248K->21824K(109248K), 0.0095042 secs] 263596K->185504K(502464K), 0.0095510 secs] [Times: user=0.06 sys=0.00, real=0.01 secs] 
Heap after GC invocations=78 (full 2):
 par new generation   total 109248K, used 21824K [0x00000000e0000000, 0x00000000e8000000, 0x00000000e8000000)
  eden space 87424K,   0% used [0x00000000e0000000, 0x00000000e0000000, 0x00000000e5560000)
  from space 21824K, 100% used [0x00000000e5560000, 0x00000000e6ab0000, 0x00000000e6ab0000)
  to   space 21824K,   0% used [0x00000000e6ab0000, 0x00000000e6ab0000, 0x00000000e8000000)
 concurrent mark-sweep generation total 393216K, used 163680K [0x00000000e8000000, 0x0000000100000000, 0x0000000100000000)
 Metaspace       used 29667K, capacity 30008K, committed 30356K, reserved 1075200K
  class space    used 3506K, capacity 3646K, committed 3736K, reserved 1048576K
}
2015-09-09T14:22:03.108+0200: 61.170: Total time for which application threads were stopped: 0.0097113 seconds, Stopping threads took: 0.0000144 seconds
{Heap before GC invocations=78 (full 2):
 par new generation   total 109248K, used 109248K [0x00000000e0000000, 0x00000000e8000000, 0x00000000e8000000)
  eden space 87424K, 100% used [0x00000000e0000000, 0x00000000e5560000, 0x00000000e5560000)
  from space 21824K, 100% used [0x00000000e5560000, 0x00000000e6ab0000, 0x00000000e6ab0000)
  to   space 21824K,   0% used [0x00000000e6ab0000, 0x00000000e6ab0000, 0x00000000e8000000)
 concurrent mark-sweep generation total 393216K, used 163680K [0x00000000e8000000, 0x0000000100000000, 0x0000000100000000)
 Metaspace       used 29667K, capacity 30008K, committed 30356K, reserved 1075200K
  class space    used 3506K, capacity 3646K, committed 3736K, reserved 1048576K
2015-09-09T14:22:03.406+0200: 61.469: [GC (Allocation Failure) 61.469: [ParNew
Desired survivor size 20112992 bytes, new threshold 8 (max 8)
- age   1:    2632752 bytes,    2632752 total
- age   2:    4874824 bytes,    7507576 total
- age   3:    2844304 bytes,   10351880 total
- age   4:    1096760 bytes,   11448640 total
- age   5:    2651080 bytes,   14099720 total
- age   6:    1129128 bytes,   15228848 total
- age   7:    1366720 bytes,   16595568 total
- age   8:    2610936 bytes,   19206504 total
: 109248K->21824K(109248K), 0.0096700 secs] 272928K->188858K(502464K), 0.0097237 secs] [Times: user=0.00 sys=0.00, real=0.01 secs] 
Heap after GC invocations=79 (full 2):
 par new generation   total 109248K, used 21824K [0x00000000e0000000, 0x00000000e8000000, 0x00000000e8000000)
  eden space 87424K,   0% used [0x00000000e0000000, 0x00000000e0000000, 0x00000000e5560000)
  from space 21824K, 100% used [0x00000000e6ab0000, 0x00000000e8000000, 0x00000000e8000000)
  to   space 21824K,   0% used [0x00000000e5560000, 0x00000000e5560000, 0x00000000e6ab0000)
 concurrent mark-sweep generation total 393216K, used 167034K [0x00000000e8000000, 0x0000000100000000, 0x0000000100000000)
 Metaspace       used 29667K, capacity 30008K, committed 30356K, reserved 1075200K
  class space    used 3506K, capacity 3646K, committed 3736K, reserved 1048576K
}
2015-09-09T14:22:03.416+0200: 61.478: Total time for which application threads were stopped: 0.0098658 seconds, Stopping threads took: 0.0000150 seconds
{Heap before GC invocations=79 (full 2):
 par new generation   total 109248K, used 109248K [0x00000000e0000000, 0x00000000e8000000, 0x00000000e8000000)
  eden space 87424K, 100% used [0x00000000e0000000, 0x00000000e5560000, 0x00000000e5560000)
  from space 21824K, 100% used [0x00000000e6ab0000, 0x00000000e8000000, 0x00000000e8000000)
  to   space 21824K,   0% used [0x00000000e5560000, 0x00000000e5560000, 0x00000000e6ab0000)
 concurrent mark-sweep generation total 393216K, used 167034K [0x00000000e8000000, 0x0000000100000000, 0x0000000100000000)
 Metaspace       used 29667K, capacity 30008K, committed 30356K, reserved 1075200K
  class space    used 3506K, capacity 3646K, committed 3736K, reserved 1048576K
2015-09-09T14:22:03.707+0200: 61.770: [GC (Allocation Failure) 61.770: [ParNew
Desired survivor size 20112992 bytes, new threshold 8 (max 8)
- age   1:    5038040 bytes,    5038040 total
- age   2:    2548712 bytes,    7586752 total
- age   3:    2903080 bytes,   10489832 total
- age   4:    2229048 bytes,   12718880 total
- age   5:    1074160 bytes,   13793040 total
- age   6:    2626960 bytes,   16420000 total
- age   7:    1089056 bytes,   17509056 total
- age   8:    1346816 bytes,   18855872 total
: 109248K->21824K(109248K), 0.0090447 secs] 276282K->193101K(502464K), 0.0090988 secs] [Times: user=0.06 sys=0.00, real=0.01 secs] 
Heap after GC invocations=80 (full 2):
 par new generation   total 109248K, used 21824K [0x00000000e0000000, 0x00000000e8000000, 0x00000000e8000000)
  eden space 87424K,   0% used [0x00000000e0000000, 0x00000000e0000000, 0x00000000e5560000)
  from space 21824K, 100% used [0x00000000e5560000, 0x00000000e6ab0000, 0x00000000e6ab0000)
  to   space 21824K,   0% used [0x00000000e6ab0000, 0x00000000e6ab0000, 0x00000000e8000000)
 concurrent mark-sweep generation total 393216K, used 171277K [0x00000000e8000000, 0x0000000100000000, 0x0000000100000000)
 Metaspace       used 29667K, capacity 30008K, committed 30356K, reserved 1075200K
  class space    used 3506K, capacity 3646K, committed 3736K, reserved 1048576K
}
2015-09-09T14:22:03.717+0200: 61.779: Total time for which application threads were stopped: 0.0092850 seconds, Stopping threads took: 0.0000246 seconds
{Heap before GC invocations=80 (full 2):
 par new generation   total 109248K, used 109248K [0x00000000e0000000, 0x00000000e8000000, 0x00000000e8000000)
  eden space 87424K, 100% used [0x00000000e0000000, 0x00000000e5560000, 0x00000000e5560000)
  from space 21824K, 100% used [0x00000000e5560000, 0x00000000e6ab0000, 0x00000000e6ab0000)
  to   space 21824K,   0% used [0x00000000e6ab0000, 0x00000000e6ab0000, 0x00000000e8000000)
 concurrent mark-sweep generation total 393216K, used 171277K [0x00000000e8000000, 0x0000000100000000, 0x0000000100000000)
 Metaspace       used 29667K, capacity 30008K, committed 30356K, reserved 1075200K
  class space    used 3506K, capacity 3646K, committed 3736K, reserved 1048576K
2015-09-09T14:22:03.996+0200: 62.058: [GC (Allocation Failure) 62.058: [ParNew
Desired survivor size 20112992 bytes, new threshold 8 (max 8)
- age   1:    4426776 bytes,    4426776 total
- age   2:    4754560 bytes,    9181336 total
- age   3:    2436920 bytes,   11618256 total
- age   4:    1715344 bytes,   13333600 total
- age   5:    2195464 bytes,   15529064 total
- age   6:    1046736 bytes,   16575800 total
- age   7:    2603368 bytes,   19179168 total
- age   8:    1066136 bytes,   20245304 total
: 109248K->21824K(109248K), 0.0100581 secs] 280525K->202799K(502464K), 0.0101017 secs] [Times: user=0.00 sys=0.00, real=0.01 secs] 
Heap after GC invocations=81 (full 2):
 par new generation   total 109248K, used 21824K [0x00000000e0000000, 0x00000000e8000000, 0x00000000e8000000)
  eden space 87424K,   0% used [0x00000000e0000000, 0x00000000e0000000, 0x00000000e5560000)
  from space 21824K, 100% used [0x00000000e6ab0000, 0x00000000e8000000, 0x00000000e8000000)
  to   space 21824K,   0% used [0x00000000e5560000, 0x00000000e5560000, 0x00000000e6ab0000)
 concurrent mark-sweep generation total 393216K, used 180975K [0x00000000e8000000, 0x0000000100000000, 0x0000000100000000)
 Metaspace       used 29667K, capacity 30008K, committed 30356K, reserved 1075200K
  class space    used 3506K, capacity 3646K, committed 3736K, reserved 1048576K
}
2015-09-09T14:22:04.006+0200: 62.068: Total time for which application threads were stopped: 0.0102338 seconds, Stopping threads took: 0.0000138 seconds
{Heap before GC invocations=81 (full 2):
 par new generation   total 109248K, used 109248K [0x00000000e0000000, 0x00000000e8000000, 0x00000000e8000000)
  eden space 87424K, 100% used [0x00000000e0000000, 0x00000000e5560000, 0x00000000e5560000)
  from space 21824K, 100% used [0x00000000e6ab0000, 0x00000000e8000000, 0x00000000e8000000)
  to   space 21824K,   0% used [0x00000000e5560000, 0x00000000e5560000, 0x00000000e6ab0000)
 concurrent mark-sweep generation total 393216K, used 180975K [0x00000000e8000000, 0x0000000100000000, 0x0000000100000000)
 Metaspace       used 29667K, capacity 30008K, committed 30356K, reserved 1075200K
  class space    used 3506K, capacity 3646K, committed 3736K, reserved 1048576K
2015-09-09T14:22:04.294+0200: 62.357: [GC (Allocation Failure) 62.357: [ParNew
Desired survivor size 20112992 bytes, new threshold 8 (max 8)
- age   1:    3311064 bytes,    3311064 total
- age   2:    4001176 bytes,    7312240 total
- age   3:    2981680 bytes,   10293920 total
- age   4:    2352360 bytes,   12646280 total
- age   5:    1690472 bytes,   14336752 total
- age   6:    2167104 bytes,   16503856 total
- age   7:    1025056 bytes,   17528912 total
- age   8:    2584648 bytes,   20113560 total
: 109248K->21824K(109248K), 0.0096025 secs] 290223K->207814K(502464K), 0.0096511 secs] [Times: user=0.00 sys=0.00, real=0.01 secs] 
Heap after GC invocations=82 (full 2):
 par new generation   total 109248K, used 21824K [0x00000000e0000000, 0x00000000e8000000, 0x00000000e8000000)
  eden space 87424K,   0% used [0x00000000e0000000, 0x00000000e0000000, 0x00000000e5560000)
  from space 21824K, 100% used [0x00000000e5560000, 0x00000000e6ab0000, 0x00000000e6ab0000)
  to   space 21824K,   0% used [0x00000000e6ab0000, 0x00000000e6ab0000, 0x00000000e8000000)
 concurrent mark-sweep generation total 393216K, used 185990K [0x00000000e8000000, 0x0000000100000000, 0x0000000100000000)
 Metaspace       used 29667K, capacity 30008K, committed 30356K, reserved 1075200K
  class space    used 3506K, capacity 3646K, committed 3736K, reserved 1048576K
}
2015-09-09T14:22:04.304+0200: 62.366: Total time for which application threads were stopped: 0.0097865 seconds, Stopping threads took: 0.0000147 seconds
{Heap before GC invocations=82 (full 2):
 par new generation   total 109248K, used 109248K [0x00000000e0000000, 0x00000000e8000000, 0x00000000e8000000)
  eden space 87424K, 100% used [0x00000000e0000000, 0x00000000e5560000, 0x00000000e5560000)
  from space 21824K, 100% used [0x00000000e5560000, 0x00000000e6ab0000, 0x00000000e6ab0000)
  to   space 21824K,   0% used [0x00000000e6ab0000, 0x00000000e6ab0000, 0x00000000e8000000)
 concurrent mark-sweep generation total 393216K, used 185990K [0x00000000e8000000, 0x0000000100000000, 0x0000000100000000)
 Metaspace       used 29667K, capacity 30008K, committed 30356K, reserved 1075200K
  class space    used 3506K, capacity 3646K, committed 3736K, reserved 1048576K
2015-09-09T14:22:04.619+0200: 62.681: [GC (Allocation Failure) 62.681: [ParNew
Desired survivor size 20112992 bytes, new threshold 8 (max 8)
- age   1:    2786472 bytes,    2786472 total
- age   2:    3037048 bytes,    5823520 total
- age   3:    3748832 bytes,    9572352 total
- age   4:    2304064 bytes,   11876416 total
- age   5:    2349672 bytes,   14226088 total
- age   6:    1686584 bytes,   15912672 total
- age   7:    2163472 bytes,   18076144 total
- age   8:    1022376 bytes,   19098520 total
: 109248K->21824K(109248K), 0.0097311 secs] 295238K->215784K(502464K), 0.0097765 secs] [Times: user=0.00 sys=0.00, real=0.01 secs] 
Heap after GC invocations=83 (full 2):
 par new generation   total 109248K, used 21824K [0x00000000e0000000, 0x00000000e8000000, 0x00000000e8000000)
  eden space 87424K,   0% used [0x00000000e0000000, 0x00000000e0000000, 0x00000000e5560000)
  from space 21824K, 100% used [0x00000000e6ab0000, 0x00000000e8000000, 0x00000000e8000000)
  to   space 21824K,   0% used [0x00000000e5560000, 0x00000000e5560000, 0x00000000e6ab0000)
 concurrent mark-sweep generation total 393216K, used 193960K [0x00000000e8000000, 0x0000000100000000, 0x0000000100000000)
 Metaspace       used 29667K, capacity 30008K, committed 30356K, reserved 1075200K
  class space    used 3506K, capacity 3646K, committed 3736K, reserved 1048576K
}
2015-09-09T14:22:04.629+0200: 62.691: Total time for which application threads were stopped: 0.0099196 seconds, Stopping threads took: 0.0000138 seconds
{Heap before GC invocations=83 (full 2):
 par new generation   total 109248K, used 109248K [0x00000000e0000000, 0x00000000e8000000, 0x00000000e8000000)
  eden space 87424K, 100% used [0x00000000e0000000, 0x00000000e5560000, 0x00000000e5560000)
  from space 21824K, 100% used [0x00000000e6ab0000, 0x00000000e8000000, 0x00000000e8000000)
  to   space 21824K,   0% used [0x00000000e5560000, 0x00000000e5560000, 0x00000000e6ab0000)
 concurrent mark-sweep generation total 393216K, used 193960K [0x00000000e8000000, 0x0000000100000000, 0x0000000100000000)
 Metaspace       used 29667K, capacity 30008K, committed 30356K, reserved 1075200K
  class space    used 3506K, capacity 3646K, committed 3736K, reserved 1048576K
2015-09-09T14:22:04.905+0200: 62.968: [GC (Allocation Failure) 62.968: [ParNew
Desired survivor size 20112992 bytes, new threshold 8 (max 8)
- age   1:    3415360 bytes,    3415360 total
- age   2:    2669352 bytes,    6084712 total
- age   3:    2969616 bytes,    9054328 total
- age   4:    2651952 bytes,   11706280 total
- age   5:    2295784 bytes,   14002064 total
- age   6:    2342200 bytes,   16344264 total
- age   7:    1681928 bytes,   18026192 total
- age   8:    2157056 bytes,   20183248 total
: 109248K->21824K(109248K), 0.0099417 secs] 303208K->225634K(502464K), 0.0099893 secs] [Times: user=0.06 sys=0.00, real=0.01 secs] 
Heap after GC invocations=84 (full 2):
 par new generation   total 109248K, used 21824K [0x00000000e0000000, 0x00000000e8000000, 0x00000000e8000000)
  eden space 87424K,   0% used [0x00000000e0000000, 0x00000000e0000000, 0x00000000e5560000)
  from space 21824K, 100% used [0x00000000e5560000, 0x00000000e6ab0000, 0x00000000e6ab0000)
  to   space 21824K,   0% used [0x00000000e6ab0000, 0x00000000e6ab0000, 0x00000000e8000000)
 concurrent mark-sweep generation total 393216K, used 203810K [0x00000000e8000000, 0x0000000100000000, 0x0000000100000000)
 Metaspace       used 29667K, capacity 30008K, committed 30356K, reserved 1075200K
  class space    used 3506K, capacity 3646K, committed 3736K, reserved 1048576K
}
2015-09-09T14:22:04.915+0200: 62.978: Total time for which application threads were stopped: 0.0101244 seconds, Stopping threads took: 0.0000144 seconds
2015-09-09T14:22:04.915+0200: 62.978: [GC (CMS Initial Mark) [1 CMS-initial-mark: 203810K(393216K)] 227382K(502464K), 0.0032640 secs] [Times: user=0.00 sys=0.00, real=0.00 secs] 
2015-09-09T14:22:04.919+0200: 62.981: Total time for which application threads were stopped: 0.0033462 seconds, Stopping threads took: 0.0000227 seconds
2015-09-09T14:22:04.919+0200: 62.981: [CMS-concurrent-mark-start]
2015-09-09T14:22:04.939+0200: 63.001: [CMS-concurrent-mark: 0.020/0.020 secs] [Times: user=0.06 sys=0.00, real=0.02 secs] 
2015-09-09T14:22:04.939+0200: 63.001: [CMS-concurrent-preclean-start]
2015-09-09T14:22:04.940+0200: 63.002: [CMS-concurrent-preclean: 0.001/0.001 secs] [Times: user=0.00 sys=0.00, real=0.00 secs] 
2015-09-09T14:22:04.940+0200: 63.002: [CMS-concurrent-abortable-preclean-start]
2015-09-09T14:22:05.079+0200: 63.141: [CMS-concurrent-abortable-preclean: 0.139/0.139 secs] [Times: user=0.28 sys=0.00, real=0.14 secs] 
2015-09-09T14:22:05.079+0200: 63.141: [GC (CMS Final Remark) [YG occupancy: 71965 K (109248 K)]{Heap before GC invocations=84 (full 3):
 par new generation   total 109248K, used 71965K [0x00000000e0000000, 0x00000000e8000000, 0x00000000e8000000)
  eden space 87424K,  57% used [0x00000000e0000000, 0x00000000e30f7580, 0x00000000e5560000)
  from space 21824K, 100% used [0x00000000e5560000, 0x00000000e6ab0000, 0x00000000e6ab0000)
  to   space 21824K,   0% used [0x00000000e6ab0000, 0x00000000e6ab0000, 0x00000000e8000000)
 concurrent mark-sweep generation total 393216K, used 203810K [0x00000000e8000000, 0x0000000100000000, 0x0000000100000000)
 Metaspace       used 29667K, capacity 30008K, committed 30356K, reserved 1075200K
  class space    used 3506K, capacity 3646K, committed 3736K, reserved 1048576K
2015-09-09T14:22:05.079+0200: 63.142: [GC (CMS Final Remark) 63.142: [ParNew
Desired survivor size 20112992 bytes, new threshold 8 (max 8)
- age   1:    4014544 bytes,    4014544 total
- age   2:    3136464 bytes,    7151008 total
- age   3:    2517288 bytes,    9668296 total
- age   4:    1304696 bytes,   10972992 total
- age   5:    2610008 bytes,   13583000 total
- age   6:    2288512 bytes,   15871512 total
- age   7:    2334768 bytes,   18206280 total
- age   8:    1676224 bytes,   19882504 total
: 71965K->21824K(109248K), 0.0090818 secs] 275776K->229843K(502464K), 0.0091174 secs] [Times: user=0.05 sys=0.01, real=0.01 secs] 
Heap after GC invocations=85 (full 3):
 par new generation   total 109248K, used 21824K [0x00000000e0000000, 0x00000000e8000000, 0x00000000e8000000)
  eden space 87424K,   0% used [0x00000000e0000000, 0x00000000e0000000, 0x00000000e5560000)
  from space 21824K, 100% used [0x00000000e6ab0000, 0x00000000e8000000, 0x00000000e8000000)
  to   space 21824K,   0% used [0x00000000e5560000, 0x00000000e5560000, 0x00000000e6ab0000)
 concurrent mark-sweep generation total 393216K, used 208019K [0x00000000e8000000, 0x0000000100000000, 0x0000000100000000)
 Metaspace       used 29667K, capacity 30008K, committed 30356K, reserved 1075200K
  class space    used 3506K, capacity 3646K, committed 3736K, reserved 1048576K
}
63.151: [Rescan (parallel) , 0.0032025 secs]63.154: [weak refs processing, 0.0007562 secs]63.155: [class unloading, 0.0037804 secs]63.158: [scrub symbol table, 0.0030515 secs]63.162: [scrub string table, 0.0003712 secs][1 CMS-remark: 208019K(393216K)] 229843K(502464K), 0.0208193 secs] [Times: user=0.05 sys=0.01, real=0.02 secs] 
2015-09-09T14:22:05.100+0200: 63.162: Total time for which application threads were stopped: 0.0209156 seconds, Stopping threads took: 0.0000189 seconds
2015-09-09T14:22:05.100+0200: 63.162: [CMS-concurrent-sweep-start]
2015-09-09T14:22:05.127+0200: 63.189: [CMS-concurrent-sweep: 0.026/0.026 secs] [Times: user=0.06 sys=0.00, real=0.03 secs] 
2015-09-09T14:22:05.127+0200: 63.189: [CMS-concurrent-reset-start]
2015-09-09T14:22:05.127+0200: 63.189: [CMS-concurrent-reset: 0.000/0.000 secs] [Times: user=0.00 sys=0.00, real=0.00 secs] 
{Heap before GC invocations=85 (full 3):
 par new generation   total 109248K, used 109248K [0x00000000e0000000, 0x00000000e8000000, 0x00000000e8000000)
  eden space 87424K, 100% used [0x00000000e0000000, 0x00000000e5560000, 0x00000000e5560000)
  from space 21824K, 100% used [0x00000000e6ab0000, 0x00000000e8000000, 0x00000000e8000000)
  to   space 21824K,   0% used [0x00000000e5560000, 0x00000000e5560000, 0x00000000e6ab0000)
 concurrent mark-sweep generation total 393216K, used 94237K [0x00000000e8000000, 0x0000000100000000, 0x0000000100000000)
 Metaspace       used 29667K, capacity 30008K, committed 30356K, reserved 1075200K
  class space    used 3506K, capacity 3646K, committed 3736K, reserved 1048576K
2015-09-09T14:22:05.401+0200: 63.463: [GC (Allocation Failure) 63.463: [ParNew
Desired survivor size 20112992 bytes, new threshold 8 (max 8)
- age   1:    2550336 bytes,    2550336 total
- age   2:    2934464 bytes,    5484800 total
- age   3:    3102704 bytes,    8587504 total
- age   4:    2456568 bytes,   11044072 total
- age   5:    1287456 bytes,   12331528 total
- age   6:    2594416 bytes,   14925944 total
- age   7:    2274096 bytes,   17200040 total
- age   8:    2326256 bytes,   19526296 total
: 109248K->21824K(109248K), 0.0091343 secs] 203485K->119122K(502464K), 0.0091791 secs] [Times: user=0.00 sys=0.00, real=0.01 secs] 
Heap after GC invocations=86 (full 3):
 par new generation   total 109248K, used 21824K [0x00000000e0000000, 0x00000000e8000000, 0x00000000e8000000)
  eden space 87424K,   0% used [0x00000000e0000000, 0x00000000e0000000, 0x00000000e5560000)
  from space 21824K, 100% used [0x00000000e5560000, 0x00000000e6ab0000, 0x00000000e6ab0000)
  to   space 21824K,   0% used [0x00000000e6ab0000, 0x00000000e6ab0000, 0x00000000e8000000)
 concurrent mark-sweep generation total 393216K, used 97298K [0x00000000e8000000, 0x0000000100000000, 0x0000000100000000)
 Metaspace       used 29667K, capacity 30008K, committed 30356K, reserved 1075200K
  class space    used 3506K, capacity 3646K, committed 3736K, reserved 1048576K
}
2015-09-09T14:22:05.410+0200: 63.472: Total time for which application threads were stopped: 0.0093167 seconds, Stopping threads took: 0.0000131 seconds
{Heap before GC invocations=86 (full 3):
 par new generation   total 109248K, used 107908K [0x00000000e0000000, 0x00000000e8000000, 0x00000000e8000000)
  eden space 87424K,  98% used [0x00000000e0000000, 0x00000000e5411060, 0x00000000e5560000)
  from space 21824K, 100% used [0x00000000e5560000, 0x00000000e6ab0000, 0x00000000e6ab0000)
  to   space 21824K,   0% used [0x00000000e6ab0000, 0x00000000e6ab0000, 0x00000000e8000000)
 concurrent mark-sweep generation total 393216K, used 97298K [0x00000000e8000000, 0x0000000100000000, 0x0000000100000000)
 Metaspace       used 29667K, capacity 30008K, committed 30356K, reserved 1075200K
  class space    used 3506K, capacity 3646K, committed 3736K, reserved 1048576K
2015-09-09T14:22:05.670+0200: 63.732: [GC (Allocation Failure) 63.732: [ParNew
Desired survivor size 20112992 bytes, new threshold 8 (max 8)
- age   1:    3083216 bytes,    3083216 total
- age   2:    2525448 bytes,    5608664 total
- age   3:    2927888 bytes,    8536552 total
- age   4:    3091352 bytes,   11627904 total
- age   5:    1714288 bytes,   13342192 total
- age   6:    1282592 bytes,   14624784 total
- age   7:    2593200 bytes,   17217984 total
- age   8:    2272672 bytes,   19490656 total
: 107908K->21824K(109248K), 0.0093247 secs] 205206K->129583K(502464K), 0.0093762 secs] [Times: user=0.06 sys=0.00, real=0.01 secs] 
Heap after GC invocations=87 (full 3):
 par new generation   total 109248K, used 21824K [0x00000000e0000000, 0x00000000e8000000, 0x00000000e8000000)
  eden space 87424K,   0% used [0x00000000e0000000, 0x00000000e0000000, 0x00000000e5560000)
  from space 21824K, 100% used [0x00000000e6ab0000, 0x00000000e8000000, 0x00000000e8000000)
  to   space 21824K,   0% used [0x00000000e5560000, 0x00000000e5560000, 0x00000000e6ab0000)
 concurrent mark-sweep generation total 393216K, used 107759K [0x00000000e8000000, 0x0000000100000000, 0x0000000100000000)
 Metaspace       used 29667K, capacity 30008K, committed 30356K, reserved 1075200K
  class space    used 3506K, capacity 3646K, committed 3736K, reserved 1048576K
}
2015-09-09T14:22:05.679+0200: 63.742: Total time for which application threads were stopped: 0.0095196 seconds, Stopping threads took: 0.0000150 seconds
{Heap before GC invocations=87 (full 3):
 par new generation   total 109248K, used 109248K [0x00000000e0000000, 0x00000000e8000000, 0x00000000e8000000)
  eden space 87424K, 100% used [0x00000000e0000000, 0x00000000e5560000, 0x00000000e5560000)
  from space 21824K, 100% used [0x00000000e6ab0000, 0x00000000e8000000, 0x00000000e8000000)
  to   space 21824K,   0% used [0x00000000e5560000, 0x00000000e5560000, 0x00000000e6ab0000)
 concurrent mark-sweep generation total 393216K, used 107759K [0x00000000e8000000, 0x0000000100000000, 0x0000000100000000)
 Metaspace       used 29667K, capacity 30008K, committed 30356K, reserved 1075200K
  class space    used 3506K, capacity 3646K, committed 3736K, reserved 1048576K
2015-09-09T14:22:05.979+0200: 64.041: [GC (Allocation Failure) 64.041: [ParNew
Desired survivor size 20112992 bytes, new threshold 8 (max 8)
- age   1:    6738880 bytes,    6738880 total
- age   2:    1821168 bytes,    8560048 total
- age   3:    2155056 bytes,   10715104 total
- age   4:     780640 bytes,   11495744 total
- age   5:    3084776 bytes,   14580520 total
- age   6:    1708344 bytes,   16288864 total
- age   7:    1280184 bytes,   17569048 total
- age   8:    2590336 bytes,   20159384 total
: 109248K->21824K(109248K), 0.0097580 secs] 217007K->138231K(502464K), 0.0098057 secs] [Times: user=0.00 sys=0.00, real=0.01 secs] 
Heap after GC invocations=88 (full 3):
 par new generation   total 109248K, used 21824K [0x00000000e0000000, 0x00000000e8000000, 0x00000000e8000000)
  eden space 87424K,   0% used [0x00000000e0000000, 0x00000000e0000000, 0x00000000e5560000)
  from space 21824K, 100% used [0x00000000e5560000, 0x00000000e6ab0000, 0x00000000e6ab0000)
  to   space 21824K,   0% used [0x00000000e6ab0000, 0x00000000e6ab0000, 0x00000000e8000000)
 concurrent mark-sweep generation total 393216K, used 116407K [0x00000000e8000000, 0x0000000100000000, 0x0000000100000000)
 Metaspace       used 29667K, capacity 30008K, committed 30356K, reserved 1075200K
  class space    used 3506K, capacity 3646K, committed 3736K, reserved 1048576K
}
2015-09-09T14:22:05.989+0200: 64.051: Total time for which application threads were stopped: 0.0099420 seconds, Stopping threads took: 0.0000138 seconds
{Heap before GC invocations=88 (full 3):
 par new generation   total 109248K, used 109248K [0x00000000e0000000, 0x00000000e8000000, 0x00000000e8000000)
  eden space 87424K, 100% used [0x00000000e0000000, 0x00000000e5560000, 0x00000000e5560000)
  from space 21824K, 100% used [0x00000000e5560000, 0x00000000e6ab0000, 0x00000000e6ab0000)
  to   space 21824K,   0% used [0x00000000e6ab0000, 0x00000000e6ab0000, 0x00000000e8000000)
 concurrent mark-sweep generation total 393216K, used 116407K [0x00000000e8000000, 0x0000000100000000, 0x0000000100000000)
 Metaspace       used 29667K, capacity 30008K, committed 30356K, reserved 1075200K
  class space    used 3506K, capacity 3646K, committed 3736K, reserved 1048576K
2015-09-09T14:22:06.283+0200: 64.345: [GC (Allocation Failure) 64.345: [ParNew
Desired survivor size 20112992 bytes, new threshold 8 (max 8)
- age   1:    1639928 bytes,    1639928 total
- age   2:    6650456 bytes,    8290384 total
- age   3:    1605520 bytes,    9895904 total
- age   4:    1563584 bytes,   11459488 total
- age   5:     778464 bytes,   12237952 total
- age   6:    3081328 bytes,   15319280 total
- age   7:    1704384 bytes,   17023664 total
- age   8:    1278072 bytes,   18301736 total
: 109248K->21824K(109248K), 0.0091452 secs] 225655K->142841K(502464K), 0.0091897 secs] [Times: user=0.06 sys=0.00, real=0.01 secs] 
Heap after GC invocations=89 (full 3):
 par new generation   total 109248K, used 21824K [0x00000000e0000000, 0x00000000e8000000, 0x00000000e8000000)
  eden space 87424K,   0% used [0x00000000e0000000, 0x00000000e0000000, 0x00000000e5560000)
  from space 21824K, 100% used [0x00000000e6ab0000, 0x00000000e8000000, 0x00000000e8000000)
  to   space 21824K,   0% used [0x00000000e5560000, 0x00000000e5560000, 0x00000000e6ab0000)
 concurrent mark-sweep generation total 393216K, used 121017K [0x00000000e8000000, 0x0000000100000000, 0x0000000100000000)
 Metaspace       used 29667K, capacity 30008K, committed 30356K, reserved 1075200K
  class space    used 3506K, capacity 3646K, committed 3736K, reserved 1048576K
}
2015-09-09T14:22:06.292+0200: 64.354: Total time for which application threads were stopped: 0.0093199 seconds, Stopping threads took: 0.0000134 seconds
{Heap before GC invocations=89 (full 3):
 par new generation   total 109248K, used 109248K [0x00000000e0000000, 0x00000000e8000000, 0x00000000e8000000)
  eden space 87424K, 100% used [0x00000000e0000000, 0x00000000e5560000, 0x00000000e5560000)
  from space 21824K, 100% used [0x00000000e6ab0000, 0x00000000e8000000, 0x00000000e8000000)
  to   space 21824K,   0% used [0x00000000e5560000, 0x00000000e5560000, 0x00000000e6ab0000)
 concurrent mark-sweep generation total 393216K, used 121017K [0x00000000e8000000, 0x0000000100000000, 0x0000000100000000)
 Metaspace       used 29667K, capacity 30008K, committed 30356K, reserved 1075200K
  class space    used 3506K, capacity 3646K, committed 3736K, reserved 1048576K
2015-09-09T14:22:06.587+0200: 64.649: [GC (Allocation Failure) 64.649: [ParNew
Desired survivor size 20112992 bytes, new threshold 8 (max 8)
- age   1:    2648792 bytes,    2648792 total
- age   2:    1639568 bytes,    4288360 total
- age   3:    5601864 bytes,    9890224 total
- age   4:    1601872 bytes,   11492096 total
- age   5:    1596368 bytes,   13088464 total
- age   6:     778464 bytes,   13866928 total
- age   7:    3081328 bytes,   16948256 total
- age   8:    1704384 bytes,   18652640 total
: 109248K->21824K(109248K), 0.0092159 secs] 230265K->145130K(502464K), 0.0092626 secs] [Times: user=0.00 sys=0.00, real=0.01 secs] 
Heap after GC invocations=90 (full 3):
 par new generation   total 109248K, used 21824K [0x00000000e0000000, 0x00000000e8000000, 0x00000000e8000000)
  eden space 87424K,   0% used [0x00000000e0000000, 0x00000000e0000000, 0x00000000e5560000)
  from space 21824K, 100% used [0x00000000e5560000, 0x00000000e6ab0000, 0x00000000e6ab0000)
  to   space 21824K,   0% used [0x00000000e6ab0000, 0x00000000e6ab0000, 0x00000000e8000000)
 concurrent mark-sweep generation total 393216K, used 123306K [0x00000000e8000000, 0x0000000100000000, 0x0000000100000000)
 Metaspace       used 29667K, capacity 30008K, committed 30356K, reserved 1075200K
  class space    used 3506K, capacity 3646K, committed 3736K, reserved 1048576K
}
2015-09-09T14:22:06.596+0200: 64.659: Total time for which application threads were stopped: 0.0093958 seconds, Stopping threads took: 0.0000144 seconds
{Heap before GC invocations=90 (full 3):
 par new generation   total 109248K, used 109248K [0x00000000e0000000, 0x00000000e8000000, 0x00000000e8000000)
  eden space 87424K, 100% used [0x00000000e0000000, 0x00000000e5560000, 0x00000000e5560000)
  from space 21824K, 100% used [0x00000000e5560000, 0x00000000e6ab0000, 0x00000000e6ab0000)
  to   space 21824K,   0% used [0x00000000e6ab0000, 0x00000000e6ab0000, 0x00000000e8000000)
 concurrent mark-sweep generation total 393216K, used 123306K [0x00000000e8000000, 0x0000000100000000, 0x0000000100000000)
 Metaspace       used 29667K, capacity 30008K, committed 30356K, reserved 1075200K
  class space    used 3506K, capacity 3646K, committed 3736K, reserved 1048576K
2015-09-09T14:22:06.839+0200: 64.901: [GC (Allocation Failure) 64.901: [ParNew
Desired survivor size 20112992 bytes, new threshold 8 (max 8)
- age   1:    6675456 bytes,    6675456 total
- age   2:    2567504 bytes,    9242960 total
- age   3:    1450752 bytes,   10693712 total
- age   4:    3193648 bytes,   13887360 total
- age   5:     749728 bytes,   14637088 total
- age   6:    1534760 bytes,   16171848 total
- age   7:     760672 bytes,   16932520 total
- age   8:    3054064 bytes,   19986584 total
: 109248K->21824K(109248K), 0.0119522 secs] 232554K->159433K(502464K), 0.0119938 secs] [Times: user=0.05 sys=0.02, real=0.01 secs] 
Heap after GC invocations=91 (full 3):
 par new generation   total 109248K, used 21824K [0x00000000e0000000, 0x00000000e8000000, 0x00000000e8000000)
  eden space 87424K,   0% used [0x00000000e0000000, 0x00000000e0000000, 0x00000000e5560000)
  from space 21824K, 100% used [0x00000000e6ab0000, 0x00000000e8000000, 0x00000000e8000000)
  to   space 21824K,   0% used [0x00000000e5560000, 0x00000000e5560000, 0x00000000e6ab0000)
 concurrent mark-sweep generation total 393216K, used 137609K [0x00000000e8000000, 0x0000000100000000, 0x0000000100000000)
 Metaspace       used 29667K, capacity 30008K, committed 30356K, reserved 1075200K
  class space    used 3506K, capacity 3646K, committed 3736K, reserved 1048576K
}
2015-09-09T14:22:06.851+0200: 64.913: Total time for which application threads were stopped: 0.0121244 seconds, Stopping threads took: 0.0000131 seconds
{Heap before GC invocations=91 (full 3):
 par new generation   total 109248K, used 109248K [0x00000000e0000000, 0x00000000e8000000, 0x00000000e8000000)
  eden space 87424K, 100% used [0x00000000e0000000, 0x00000000e5560000, 0x00000000e5560000)
  from space 21824K, 100% used [0x00000000e6ab0000, 0x00000000e8000000, 0x00000000e8000000)
  to   space 21824K,   0% used [0x00000000e5560000, 0x00000000e5560000, 0x00000000e6ab0000)
 concurrent mark-sweep generation total 393216K, used 137609K [0x00000000e8000000, 0x0000000100000000, 0x0000000100000000)
 Metaspace       used 29667K, capacity 30008K, committed 30356K, reserved 1075200K
  class space    used 3506K, capacity 3646K, committed 3736K, reserved 1048576K
2015-09-09T14:22:07.150+0200: 65.213: [GC (Allocation Failure) 65.213: [ParNew
Desired survivor size 20112992 bytes, new threshold 8 (max 8)
- age   1:    1535976 bytes,    1535976 total
- age   2:    6651576 bytes,    8187552 total
- age   3:    2541288 bytes,   10728840 total
- age   4:    1445952 bytes,   12174792 total
- age   5:    3188376 bytes,   15363168 total
- age   6:     743256 bytes,   16106424 total
- age   7:    1528480 bytes,   17634904 total
- age   8:     758168 bytes,   18393072 total
: 109248K->21824K(109248K), 0.0088738 secs] 246857K->163555K(502464K), 0.0089225 secs] [Times: user=0.00 sys=0.00, real=0.01 secs] 
Heap after GC invocations=92 (full 3):
 par new generation   total 109248K, used 21824K [0x00000000e0000000, 0x00000000e8000000, 0x00000000e8000000)
  eden space 87424K,   0% used [0x00000000e0000000, 0x00000000e0000000, 0x00000000e5560000)
  from space 21824K, 100% used [0x00000000e5560000, 0x00000000e6ab0000, 0x00000000e6ab0000)
  to   space 21824K,   0% used [0x00000000e6ab0000, 0x00000000e6ab0000, 0x00000000e8000000)
 concurrent mark-sweep generation total 393216K, used 141731K [0x00000000e8000000, 0x0000000100000000, 0x0000000100000000)
 Metaspace       used 29667K, capacity 30008K, committed 30356K, reserved 1075200K
  class space    used 3506K, capacity 3646K, committed 3736K, reserved 1048576K
}
2015-09-09T14:22:07.159+0200: 65.222: Total time for which application threads were stopped: 0.0090591 seconds, Stopping threads took: 0.0000134 seconds
{Heap before GC invocations=92 (full 3):
 par new generation   total 109248K, used 109248K [0x00000000e0000000, 0x00000000e8000000, 0x00000000e8000000)
  eden space 87424K, 100% used [0x00000000e0000000, 0x00000000e5560000, 0x00000000e5560000)
  from space 21824K, 100% used [0x00000000e5560000, 0x00000000e6ab0000, 0x00000000e6ab0000)
  to   space 21824K,   0% used [0x00000000e6ab0000, 0x00000000e6ab0000, 0x00000000e8000000)
 concurrent mark-sweep generation total 393216K, used 141731K [0x00000000e8000000, 0x0000000100000000, 0x0000000100000000)
 Metaspace       used 29667K, capacity 30008K, committed 30356K, reserved 1075200K
  class space    used 3506K, capacity 3646K, committed 3736K, reserved 1048576K
2015-09-09T14:22:07.458+0200: 65.521: [GC (Allocation Failure) 65.521: [ParNew
Desired survivor size 20112992 bytes, new threshold 8 (max 8)
- age   1:    1592480 bytes,    1592480 total
- age   2:    1416360 bytes,    3008840 total
- age   3:    5751440 bytes,    8760280 total
- age   4:    1439344 bytes,   10199624 total
- age   5:    1403416 bytes,   11603040 total
- age   6:    3186104 bytes,   14789144 total
- age   7:     740528 bytes,   15529672 total
- age   8:    1527056 bytes,   17056728 total
: 109248K->21824K(109248K), 0.0089900 secs] 250979K->167615K(502464K), 0.0090364 secs] [Times: user=0.00 sys=0.00, real=0.01 secs] 
Heap after GC invocations=93 (full 3):
 par new generation   total 109248K, used 21824K [0x00000000e0000000, 0x00000000e8000000, 0x00000000e8000000)
  eden space 87424K,   0% used [0x00000000e0000000, 0x00000000e0000000, 0x00000000e5560000)
  from space 21824K, 100% used [0x00000000e6ab0000, 0x00000000e8000000, 0x00000000e8000000)
  to   space 21824K,   0% used [0x00000000e5560000, 0x00000000e5560000, 0x00000000e6ab0000)
 concurrent mark-sweep generation total 393216K, used 145791K [0x00000000e8000000, 0x0000000100000000, 0x0000000100000000)
 Metaspace       used 29667K, capacity 30008K, committed 30356K, reserved 1075200K
  class space    used 3506K, capacity 3646K, committed 3736K, reserved 1048576K
}
2015-09-09T14:22:07.467+0200: 65.530: Total time for which application threads were stopped: 0.0091676 seconds, Stopping threads took: 0.0000141 seconds
{Heap before GC invocations=93 (full 3):
 par new generation   total 109248K, used 109248K [0x00000000e0000000, 0x00000000e8000000, 0x00000000e8000000)
  eden space 87424K, 100% used [0x00000000e0000000, 0x00000000e5560000, 0x00000000e5560000)
  from space 21824K, 100% used [0x00000000e6ab0000, 0x00000000e8000000, 0x00000000e8000000)
  to   space 21824K,   0% used [0x00000000e5560000, 0x00000000e5560000, 0x00000000e6ab0000)
 concurrent mark-sweep generation total 393216K, used 145791K [0x00000000e8000000, 0x0000000100000000, 0x0000000100000000)
 Metaspace       used 29667K, capacity 30008K, committed 30356K, reserved 1075200K
  class space    used 3506K, capacity 3646K, committed 3736K, reserved 1048576K
2015-09-09T14:22:07.770+0200: 65.832: [GC (Allocation Failure) 65.832: [ParNew
Desired survivor size 20112992 bytes, new threshold 8 (max 8)
- age   1:    2600136 bytes,    2600136 total
- age   2:    1576664 bytes,    4176800 total
- age   3:    1400728 bytes,    5577528 total
- age   4:    5739208 bytes,   11316736 total
- age   5:    1418240 bytes,   12734976 total
- age   6:    1388784 bytes,   14123760 total
- age   7:    3174848 bytes,   17298608 total
- age   8:     728776 bytes,   18027384 total
: 109248K->21824K(109248K), 0.0095119 secs] 255039K->169243K(502464K), 0.0095596 secs] [Times: user=0.00 sys=0.00, real=0.01 secs] 
Heap after GC invocations=94 (full 3):
 par new generation   total 109248K, used 21824K [0x00000000e0000000, 0x00000000e8000000, 0x00000000e8000000)
  eden space 87424K,   0% used [0x00000000e0000000, 0x00000000e0000000, 0x00000000e5560000)
  from space 21824K, 100% used [0x00000000e5560000, 0x00000000e6ab0000, 0x00000000e6ab0000)
  to   space 21824K,   0% used [0x00000000e6ab0000, 0x00000000e6ab0000, 0x00000000e8000000)
 concurrent mark-sweep generation total 393216K, used 147419K [0x00000000e8000000, 0x0000000100000000, 0x0000000100000000)
 Metaspace       used 29667K, capacity 30008K, committed 30356K, reserved 1075200K
  class space    used 3506K, capacity 3646K, committed 3736K, reserved 1048576K
}
2015-09-09T14:22:07.779+0200: 65.842: Total time for which application threads were stopped: 0.0096966 seconds, Stopping threads took: 0.0000230 seconds
{Heap before GC invocations=94 (full 3):
 par new generation   total 109248K, used 109248K [0x00000000e0000000, 0x00000000e8000000, 0x00000000e8000000)
  eden space 87424K, 100% used [0x00000000e0000000, 0x00000000e5560000, 0x00000000e5560000)
  from space 21824K, 100% used [0x00000000e5560000, 0x00000000e6ab0000, 0x00000000e6ab0000)
  to   space 21824K,   0% used [0x00000000e6ab0000, 0x00000000e6ab0000, 0x00000000e8000000)
 concurrent mark-sweep generation total 393216K, used 147419K [0x00000000e8000000, 0x0000000100000000, 0x0000000100000000)
 Metaspace       used 29667K, capacity 30008K, committed 30356K, reserved 1075200K
  class space    used 3506K, capacity 3646K, committed 3736K, reserved 1048576K
2015-09-09T14:22:08.066+0200: 66.129: [GC (Allocation Failure) 66.129: [ParNew
Desired survivor size 20112992 bytes, new threshold 8 (max 8)
- age   1:    6726128 bytes,    6726128 total
- age   2:    2148608 bytes,    8874736 total
- age   3:    1241944 bytes,   10116680 total
- age   4:     994120 bytes,   11110800 total
- age   5:    3036712 bytes,   14147512 total
- age   6:    1417928 bytes,   15565440 total
- age   7:    1388616 bytes,   16954056 total
- age   8:    3174824 bytes,   20128880 total
: 109248K->21824K(109248K), 0.0095039 secs] 256667K->173852K(502464K), 0.0095468 secs] [Times: user=0.00 sys=0.00, real=0.01 secs] 
Heap after GC invocations=95 (full 3):
 par new generation   total 109248K, used 21824K [0x00000000e0000000, 0x00000000e8000000, 0x00000000e8000000)
  eden space 87424K,   0% used [0x00000000e0000000, 0x00000000e0000000, 0x00000000e5560000)
  from space 21824K, 100% used [0x00000000e6ab0000, 0x00000000e8000000, 0x00000000e8000000)
  to   space 21824K,   0% used [0x00000000e5560000, 0x00000000e5560000, 0x00000000e6ab0000)
 concurrent mark-sweep generation total 393216K, used 152028K [0x00000000e8000000, 0x0000000100000000, 0x0000000100000000)
 Metaspace       used 29667K, capacity 30008K, committed 30356K, reserved 1075200K
  class space    used 3506K, capacity 3646K, committed 3736K, reserved 1048576K
}
2015-09-09T14:22:08.076+0200: 66.138: Total time for which application threads were stopped: 0.0096972 seconds, Stopping threads took: 0.0000150 seconds
{Heap before GC invocations=95 (full 3):
 par new generation   total 109248K, used 109248K [0x00000000e0000000, 0x00000000e8000000, 0x00000000e8000000)
  eden space 87424K, 100% used [0x00000000e0000000, 0x00000000e5560000, 0x00000000e5560000)
  from space 21824K, 100% used [0x00000000e6ab0000, 0x00000000e8000000, 0x00000000e8000000)
  to   space 21824K,   0% used [0x00000000e5560000, 0x00000000e5560000, 0x00000000e6ab0000)
 concurrent mark-sweep generation total 393216K, used 152028K [0x00000000e8000000, 0x0000000100000000, 0x0000000100000000)
 Metaspace       used 29667K, capacity 30008K, committed 30356K, reserved 1075200K
  class space    used 3506K, capacity 3646K, committed 3736K, reserved 1048576K
2015-09-09T14:22:08.348+0200: 66.411: [GC (Allocation Failure) 66.411: [ParNew
Desired survivor size 20112992 bytes, new threshold 8 (max 8)
- age   1:    3219440 bytes,    3219440 total
- age   2:    6717616 bytes,    9937056 total
- age   3:    2143664 bytes,   12080720 total
- age   4:    1081680 bytes,   13162400 total
- age   5:     991224 bytes,   14153624 total
- age   6:    3035912 bytes,   17189536 total
- age   7:    1417064 bytes,   18606600 total
- age   8:    1387976 bytes,   19994576 total
: 109248K->21824K(109248K), 0.0121532 secs] 261276K->189135K(502464K), 0.0122069 secs] [Times: user=0.01 sys=0.00, real=0.01 secs] 
Heap after GC invocations=96 (full 3):
 par new generation   total 109248K, used 21824K [0x00000000e0000000, 0x00000000e8000000, 0x00000000e8000000)
  eden space 87424K,   0% used [0x00000000e0000000, 0x00000000e0000000, 0x00000000e5560000)
  from space 21824K, 100% used [0x00000000e5560000, 0x00000000e6ab0000, 0x00000000e6ab0000)
  to   space 21824K,   0% used [0x00000000e6ab0000, 0x00000000e6ab0000, 0x00000000e8000000)
 concurrent mark-sweep generation total 393216K, used 167311K [0x00000000e8000000, 0x0000000100000000, 0x0000000100000000)
 Metaspace       used 29667K, capacity 30008K, committed 30356K, reserved 1075200K
  class space    used 3506K, capacity 3646K, committed 3736K, reserved 1048576K
}
2015-09-09T14:22:08.361+0200: 66.423: Total time for which application threads were stopped: 0.0123340 seconds, Stopping threads took: 0.0000134 seconds
2015-09-09T14:22:09.154+0200: 67.217: Total time for which application threads were stopped: 0.0001162 seconds, Stopping threads took: 0.0000365 seconds
2015-09-09T14:22:09.154+0200: 67.217: Total time for which application threads were stopped: 0.0000368 seconds, Stopping threads took: 0.0000147 seconds
2015-09-09T14:22:09.154+0200: 67.217: Total time for which application threads were stopped: 0.0000336 seconds, Stopping threads took: 0.0000138 seconds
2015-09-09T14:22:09.156+0200: 67.218: Total time for which application threads were stopped: 0.0000758 seconds, Stopping threads took: 0.0000272 seconds
2015-09-09T14:22:09.159+0200: 67.222: Total time for which application threads were stopped: 0.0001859 seconds, Stopping threads took: 0.0000538 seconds
2015-09-09T14:22:09.210+0200: 67.272: Total time for which application threads were stopped: 0.0001376 seconds, Stopping threads took: 0.0000563 seconds
2015-09-09T14:22:09.211+0200: 67.273: Total time for which application threads were stopped: 0.0004765 seconds, Stopping threads took: 0.0004176 seconds
2015-09-09T14:22:09.212+0200: 67.275: Total time for which application threads were stopped: 0.0001427 seconds, Stopping threads took: 0.0000861 seconds
2015-09-09T14:22:09.228+0200: 67.290: Total time for which application threads were stopped: 0.0001018 seconds, Stopping threads took: 0.0000374 seconds
{Heap before GC invocations=96 (full 3):
 par new generation   total 109248K, used 109248K [0x00000000e0000000, 0x00000000e8000000, 0x00000000e8000000)
  eden space 87424K, 100% used [0x00000000e0000000, 0x00000000e5560000, 0x00000000e5560000)
  from space 21824K, 100% used [0x00000000e5560000, 0x00000000e6ab0000, 0x00000000e6ab0000)
  to   space 21824K,   0% used [0x00000000e6ab0000, 0x00000000e6ab0000, 0x00000000e8000000)
 concurrent mark-sweep generation total 393216K, used 167311K [0x00000000e8000000, 0x0000000100000000, 0x0000000100000000)
 Metaspace       used 29798K, capacity 30136K, committed 30612K, reserved 1077248K
  class space    used 3517K, capacity 3646K, committed 3736K, reserved 1048576K
2015-09-09T14:22:09.489+0200: 67.552: [GC (Allocation Failure) 67.552: [ParNew
Desired survivor size 20112992 bytes, new threshold 8 (max 8)
- age   1:    3321640 bytes,    3321640 total
- age   2:    3046432 bytes,    6368072 total
- age   3:    5565280 bytes,   11933352 total
- age   4:    1986560 bytes,   13919912 total
- age   5:     903424 bytes,   14823336 total
- age   6:     843560 bytes,   15666896 total
- age   7:    2934808 bytes,   18601704 total
- age   8:    1292520 bytes,   19894224 total
: 109248K->21824K(109248K), 0.0102991 secs] 276559K->193684K(502464K), 0.0103570 secs] [Times: user=0.02 sys=0.00, real=0.01 secs] 
Heap after GC invocations=97 (full 3):
 par new generation   total 109248K, used 21824K [0x00000000e0000000, 0x00000000e8000000, 0x00000000e8000000)
  eden space 87424K,   0% used [0x00000000e0000000, 0x00000000e0000000, 0x00000000e5560000)
  from space 21824K, 100% used [0x00000000e6ab0000, 0x00000000e8000000, 0x00000000e8000000)
  to   space 21824K,   0% used [0x00000000e5560000, 0x00000000e5560000, 0x00000000e6ab0000)
 concurrent mark-sweep generation total 393216K, used 171860K [0x00000000e8000000, 0x0000000100000000, 0x0000000100000000)
 Metaspace       used 29798K, capacity 30136K, committed 30612K, reserved 1077248K
  class space    used 3517K, capacity 3646K, committed 3736K, reserved 1048576K
}
2015-09-09T14:22:09.500+0200: 67.562: Total time for which application threads were stopped: 0.0105033 seconds, Stopping threads took: 0.0000128 seconds
2015-09-09T14:22:09.500+0200: 67.563: Total time for which application threads were stopped: 0.0000774 seconds, Stopping threads took: 0.0000320 seconds
{Heap before GC invocations=97 (full 3):
 par new generation   total 109248K, used 109248K [0x00000000e0000000, 0x00000000e8000000, 0x00000000e8000000)
  eden space 87424K, 100% used [0x00000000e0000000, 0x00000000e5560000, 0x00000000e5560000)
  from space 21824K, 100% used [0x00000000e6ab0000, 0x00000000e8000000, 0x00000000e8000000)
  to   space 21824K,   0% used [0x00000000e5560000, 0x00000000e5560000, 0x00000000e6ab0000)
 concurrent mark-sweep generation total 393216K, used 171860K [0x00000000e8000000, 0x0000000100000000, 0x0000000100000000)
 Metaspace       used 29798K, capacity 30136K, committed 30612K, reserved 1077248K
  class space    used 3517K, capacity 3646K, committed 3736K, reserved 1048576K
2015-09-09T14:22:09.589+0200: 67.651: [GC (Allocation Failure) 67.651: [ParNew
Desired survivor size 20112992 bytes, new threshold 8 (max 8)
- age   1:      43808 bytes,      43808 total
- age   2:    3206488 bytes,    3250296 total
- age   3:    3046432 bytes,    6296728 total
- age   4:    5565280 bytes,   11862008 total
- age   5:    1986560 bytes,   13848568 total
- age   6:     903424 bytes,   14751992 total
- age   7:     843560 bytes,   15595552 total
- age   8:    2934808 bytes,   18530360 total
: 109248K->21824K(109248K), 0.0091129 secs] 281108K->194968K(502464K), 0.0091561 secs] [Times: user=0.06 sys=0.00, real=0.01 secs] 
Heap after GC invocations=98 (full 3):
 par new generation   total 109248K, used 21824K [0x00000000e0000000, 0x00000000e8000000, 0x00000000e8000000)
  eden space 87424K,   0% used [0x00000000e0000000, 0x00000000e0000000, 0x00000000e5560000)
  from space 21824K, 100% used [0x00000000e5560000, 0x00000000e6ab0000, 0x00000000e6ab0000)
  to   space 21824K,   0% used [0x00000000e6ab0000, 0x00000000e6ab0000, 0x00000000e8000000)
 concurrent mark-sweep generation total 393216K, used 173144K [0x00000000e8000000, 0x0000000100000000, 0x0000000100000000)
 Metaspace       used 29798K, capacity 30136K, committed 30612K, reserved 1077248K
  class space    used 3517K, capacity 3646K, committed 3736K, reserved 1048576K
}
2015-09-09T14:22:09.598+0200: 67.660: Total time for which application threads were stopped: 0.0093030 seconds, Stopping threads took: 0.0000141 seconds
{Heap before GC invocations=98 (full 3):
 par new generation   total 109248K, used 109248K [0x00000000e0000000, 0x00000000e8000000, 0x00000000e8000000)
  eden space 87424K, 100% used [0x00000000e0000000, 0x00000000e5560000, 0x00000000e5560000)
  from space 21824K, 100% used [0x00000000e5560000, 0x00000000e6ab0000, 0x00000000e6ab0000)
  to   space 21824K,   0% used [0x00000000e6ab0000, 0x00000000e6ab0000, 0x00000000e8000000)
 concurrent mark-sweep generation total 393216K, used 173144K [0x00000000e8000000, 0x0000000100000000, 0x0000000100000000)
 Metaspace       used 29798K, capacity 30136K, committed 30612K, reserved 1077248K
  class space    used 3517K, capacity 3646K, committed 3736K, reserved 1048576K
2015-09-09T14:22:09.692+0200: 67.755: [GC (Allocation Failure) 67.755: [ParNew
Desired survivor size 20112992 bytes, new threshold 8 (max 8)
- age   1:     168560 bytes,     168560 total
- age   2:      29848 bytes,     198408 total
- age   3:    3206256 bytes,    3404664 total
- age   4:    3046432 bytes,    6451096 total
- age   5:    5565280 bytes,   12016376 total
- age   6:    1986560 bytes,   14002936 total
- age   7:     903424 bytes,   14906360 total
- age   8:     843560 bytes,   15749920 total
: 109248K->21824K(109248K), 0.0086585 secs] 282392K->197852K(502464K), 0.0087023 secs] [Times: user=0.00 sys=0.00, real=0.01 secs] 
Heap after GC invocations=99 (full 3):
 par new generation   total 109248K, used 21824K [0x00000000e0000000, 0x00000000e8000000, 0x00000000e8000000)
  eden space 87424K,   0% used [0x00000000e0000000, 0x00000000e0000000, 0x00000000e5560000)
  from space 21824K, 100% used [0x00000000e6ab0000, 0x00000000e8000000, 0x00000000e8000000)
  to   space 21824K,   0% used [0x00000000e5560000, 0x00000000e5560000, 0x00000000e6ab0000)
 concurrent mark-sweep generation total 393216K, used 176028K [0x00000000e8000000, 0x0000000100000000, 0x0000000100000000)
 Metaspace       used 29798K, capacity 30136K, committed 30612K, reserved 1077248K
  class space    used 3517K, capacity 3646K, committed 3736K, reserved 1048576K
}
2015-09-09T14:22:09.701+0200: 67.764: Total time for which application threads were stopped: 0.0088524 seconds, Stopping threads took: 0.0000227 seconds
{Heap before GC invocations=99 (full 3):
 par new generation   total 109248K, used 109217K [0x00000000e0000000, 0x00000000e8000000, 0x00000000e8000000)
  eden space 87424K,  99% used [0x00000000e0000000, 0x00000000e55585c8, 0x00000000e5560000)
  from space 21824K, 100% used [0x00000000e6ab0000, 0x00000000e8000000, 0x00000000e8000000)
  to   space 21824K,   0% used [0x00000000e5560000, 0x00000000e5560000, 0x00000000e6ab0000)
 concurrent mark-sweep generation total 393216K, used 176028K [0x00000000e8000000, 0x0000000100000000, 0x0000000100000000)
 Metaspace       used 29798K, capacity 30136K, committed 30612K, reserved 1077248K
  class space    used 3517K, capacity 3646K, committed 3736K, reserved 1048576K
2015-09-09T14:22:09.845+0200: 67.907: [GC (Allocation Failure) 67.907: [ParNew
Desired survivor size 20112992 bytes, new threshold 8 (max 8)
- age   1:      44224 bytes,      44224 total
- age   2:      28152 bytes,      72376 total
- age   3:      29848 bytes,     102224 total
- age   4:    3206256 bytes,    3308480 total
- age   5:    3046432 bytes,    6354912 total
- age   6:    5565280 bytes,   11920192 total
- age   7:    1986560 bytes,   13906752 total
- age   8:     903424 bytes,   14810176 total
: 109217K->21108K(109248K), 0.0083132 secs] 285245K->197984K(502464K), 0.0083625 secs] [Times: user=0.00 sys=0.00, real=0.01 secs] 
Heap after GC invocations=100 (full 3):
 par new generation   total 109248K, used 21108K [0x00000000e0000000, 0x00000000e8000000, 0x00000000e8000000)
  eden space 87424K,   0% used [0x00000000e0000000, 0x00000000e0000000, 0x00000000e5560000)
  from space 21824K,  96% used [0x00000000e5560000, 0x00000000e69fd038, 0x00000000e6ab0000)
  to   space 21824K,   0% used [0x00000000e6ab0000, 0x00000000e6ab0000, 0x00000000e8000000)
 concurrent mark-sweep generation total 393216K, used 176876K [0x00000000e8000000, 0x0000000100000000, 0x0000000100000000)
 Metaspace       used 29798K, capacity 30136K, committed 30612K, reserved 1077248K
  class space    used 3517K, capacity 3646K, committed 3736K, reserved 1048576K
}
2015-09-09T14:22:09.853+0200: 67.915: Total time for which application threads were stopped: 0.0085337 seconds, Stopping threads took: 0.0000128 seconds
{Heap before GC invocations=100 (full 3):
 par new generation   total 109248K, used 108532K [0x00000000e0000000, 0x00000000e8000000, 0x00000000e8000000)
  eden space 87424K, 100% used [0x00000000e0000000, 0x00000000e5560000, 0x00000000e5560000)
  from space 21824K,  96% used [0x00000000e5560000, 0x00000000e69fd038, 0x00000000e6ab0000)
  to   space 21824K,   0% used [0x00000000e6ab0000, 0x00000000e6ab0000, 0x00000000e8000000)
 concurrent mark-sweep generation total 393216K, used 176876K [0x00000000e8000000, 0x0000000100000000, 0x0000000100000000)
 Metaspace       used 29798K, capacity 30136K, committed 30612K, reserved 1077248K
  class space    used 3517K, capacity 3646K, committed 3736K, reserved 1048576K
2015-09-09T14:22:09.977+0200: 68.039: [GC (Allocation Failure) 68.039: [ParNew
Desired survivor size 20112992 bytes, new threshold 8 (max 8)
- age   1:      93632 bytes,      93632 total
- age   5:    3185688 bytes,    3279320 total
- age   6:    3046432 bytes,    6325752 total
- age   7:    5598064 bytes,   11923816 total
- age   8:    1986560 bytes,   13910376 total
: 108532K->18252K(109248K), 0.0086466 secs] 285408K->196034K(502464K), 0.0086857 secs] [Times: user=0.06 sys=0.00, real=0.01 secs] 
Heap after GC invocations=101 (full 3):
 par new generation   total 109248K, used 18252K [0x00000000e0000000, 0x00000000e8000000, 0x00000000e8000000)
  eden space 87424K,   0% used [0x00000000e0000000, 0x00000000e0000000, 0x00000000e5560000)
  from space 21824K,  83% used [0x00000000e6ab0000, 0x00000000e7c83370, 0x00000000e8000000)
  to   space 21824K,   0% used [0x00000000e5560000, 0x00000000e5560000, 0x00000000e6ab0000)
 concurrent mark-sweep generation total 393216K, used 177781K [0x00000000e8000000, 0x0000000100000000, 0x0000000100000000)
 Metaspace       used 29798K, capacity 30136K, committed 30612K, reserved 1077248K
  class space    used 3517K, capacity 3646K, committed 3736K, reserved 1048576K
}
2015-09-09T14:22:09.986+0200: 68.048: Total time for which application threads were stopped: 0.0088367 seconds, Stopping threads took: 0.0000157 seconds
{Heap before GC invocations=101 (full 3):
 par new generation   total 109248K, used 105676K [0x00000000e0000000, 0x00000000e8000000, 0x00000000e8000000)
  eden space 87424K, 100% used [0x00000000e0000000, 0x00000000e5560000, 0x00000000e5560000)
  from space 21824K,  83% used [0x00000000e6ab0000, 0x00000000e7c83370, 0x00000000e8000000)
  to   space 21824K,   0% used [0x00000000e5560000, 0x00000000e5560000, 0x00000000e6ab0000)
 concurrent mark-sweep generation total 393216K, used 177781K [0x00000000e8000000, 0x0000000100000000, 0x0000000100000000)
 Metaspace       used 29798K, capacity 30136K, committed 30612K, reserved 1077248K
  class space    used 3517K, capacity 3646K, committed 3736K, reserved 1048576K
2015-09-09T14:22:10.060+0200: 68.123: [GC (Allocation Failure) 68.123: [ParNew
Desired survivor size 20112992 bytes, new threshold 8 (max 8)
- age   1:      98176 bytes,      98176 total
- age   2:       1280 bytes,      99456 total
- age   6:    3185688 bytes,    3285144 total
- age   7:    3046432 bytes,    6331576 total
- age   8:    5565280 bytes,   11896856 total
: 105676K->15888K(109248K), 0.0063907 secs] 283458K->195636K(502464K), 0.0064390 secs] [Times: user=0.06 sys=0.00, real=0.01 secs] 
Heap after GC invocations=102 (full 3):
 par new generation   total 109248K, used 15888K [0x00000000e0000000, 0x00000000e8000000, 0x00000000e8000000)
  eden space 87424K,   0% used [0x00000000e0000000, 0x00000000e0000000, 0x00000000e5560000)
  from space 21824K,  72% used [0x00000000e5560000, 0x00000000e64e4098, 0x00000000e6ab0000)
  to   space 21824K,   0% used [0x00000000e6ab0000, 0x00000000e6ab0000, 0x00000000e8000000)
 concurrent mark-sweep generation total 393216K, used 179748K [0x00000000e8000000, 0x0000000100000000, 0x0000000100000000)
 Metaspace       used 29798K, capacity 30136K, committed 30612K, reserved 1077248K
  class space    used 3517K, capacity 3646K, committed 3736K, reserved 1048576K
}
2015-09-09T14:22:10.067+0200: 68.129: Total time for which application threads were stopped: 0.0065897 seconds, Stopping threads took: 0.0000157 seconds
2015-09-09T14:22:10.163+0200: 68.225: Total time for which application threads were stopped: 0.0000682 seconds, Stopping threads took: 0.0000154 seconds
2015-09-09T14:22:10.163+0200: 68.225: Total time for which application threads were stopped: 0.0000525 seconds, Stopping threads took: 0.0000195 seconds
2015-09-09T14:22:10.163+0200: 68.225: Total time for which application threads were stopped: 0.0000371 seconds, Stopping threads took: 0.0000093 seconds
{Heap before GC invocations=102 (full 3):
 par new generation   total 109248K, used 103312K [0x00000000e0000000, 0x00000000e8000000, 0x00000000e8000000)
  eden space 87424K, 100% used [0x00000000e0000000, 0x00000000e5560000, 0x00000000e5560000)
  from space 21824K,  72% used [0x00000000e5560000, 0x00000000e64e4098, 0x00000000e6ab0000)
  to   space 21824K,   0% used [0x00000000e6ab0000, 0x00000000e6ab0000, 0x00000000e8000000)
 concurrent mark-sweep generation total 393216K, used 179748K [0x00000000e8000000, 0x0000000100000000, 0x0000000100000000)
 Metaspace       used 29800K, capacity 30136K, committed 30612K, reserved 1077248K
  class space    used 3517K, capacity 3646K, committed 3736K, reserved 1048576K
2015-09-09T14:22:10.229+0200: 68.291: [GC (Allocation Failure) 68.291: [ParNew
Desired survivor size 20112992 bytes, new threshold 8 (max 8)
- age   1:    1292208 bytes,    1292208 total
- age   7:    3078552 bytes,    4370760 total
- age   8:    2964800 bytes,    7335560 total
: 103312K->9926K(109248K), 0.0075305 secs] 283060K->195043K(502464K), 0.0075778 secs] [Times: user=0.06 sys=0.00, real=0.01 secs] 
Heap after GC invocations=103 (full 3):
 par new generation   total 109248K, used 9926K [0x00000000e0000000, 0x00000000e8000000, 0x00000000e8000000)
  eden space 87424K,   0% used [0x00000000e0000000, 0x00000000e0000000, 0x00000000e5560000)
  from space 21824K,  45% used [0x00000000e6ab0000, 0x00000000e7461be8, 0x00000000e8000000)
  to   space 21824K,   0% used [0x00000000e5560000, 0x00000000e5560000, 0x00000000e6ab0000)
 concurrent mark-sweep generation total 393216K, used 185116K [0x00000000e8000000, 0x0000000100000000, 0x0000000100000000)
 Metaspace       used 29800K, capacity 30136K, committed 30612K, reserved 1077248K
  class space    used 3517K, capacity 3646K, committed 3736K, reserved 1048576K
}
2015-09-09T14:22:10.236+0200: 68.299: Total time for which application threads were stopped: 0.0077193 seconds, Stopping threads took: 0.0000154 seconds
{Heap before GC invocations=103 (full 3):
 par new generation   total 109248K, used 97350K [0x00000000e0000000, 0x00000000e8000000, 0x00000000e8000000)
  eden space 87424K, 100% used [0x00000000e0000000, 0x00000000e5560000, 0x00000000e5560000)
  from space 21824K,  45% used [0x00000000e6ab0000, 0x00000000e7461be8, 0x00000000e8000000)
  to   space 21824K,   0% used [0x00000000e5560000, 0x00000000e5560000, 0x00000000e6ab0000)
 concurrent mark-sweep generation total 393216K, used 185116K [0x00000000e8000000, 0x0000000100000000, 0x0000000100000000)
 Metaspace       used 29800K, capacity 30136K, committed 30612K, reserved 1077248K
  class space    used 3517K, capacity 3646K, committed 3736K, reserved 1048576K
2015-09-09T14:22:10.497+0200: 68.560: [GC (Allocation Failure) 68.560: [ParNew
Desired survivor size 20112992 bytes, new threshold 8 (max 8)
- age   1:    4344344 bytes,    4344344 total
- age   2:     897512 bytes,    5241856 total
- age   8:    3078552 bytes,    8320408 total
: 97350K->10850K(109248K), 0.0070092 secs] 282467K->198875K(502464K), 0.0070918 secs] [Times: user=0.06 sys=0.00, real=0.01 secs] 
Heap after GC invocations=104 (full 3):
 par new generation   total 109248K, used 10850K [0x00000000e0000000, 0x00000000e8000000, 0x00000000e8000000)
  eden space 87424K,   0% used [0x00000000e0000000, 0x00000000e0000000, 0x00000000e5560000)
  from space 21824K,  49% used [0x00000000e5560000, 0x00000000e5ff8870, 0x00000000e6ab0000)
  to   space 21824K,   0% used [0x00000000e6ab0000, 0x00000000e6ab0000, 0x00000000e8000000)
 concurrent mark-sweep generation total 393216K, used 188024K [0x00000000e8000000, 0x0000000100000000, 0x0000000100000000)
 Metaspace       used 29800K, capacity 30136K, committed 30612K, reserved 1077248K
  class space    used 3517K, capacity 3646K, committed 3736K, reserved 1048576K
}
2015-09-09T14:22:10.504+0200: 68.567: Total time for which application threads were stopped: 0.0072188 seconds, Stopping threads took: 0.0000147 seconds
2015-09-09T14:22:10.717+0200: 68.780: Total time for which application threads were stopped: 0.0000605 seconds, Stopping threads took: 0.0000131 seconds
2015-09-09T14:22:10.721+0200: 68.783: Total time for which application threads were stopped: 0.0000451 seconds, Stopping threads took: 0.0000122 seconds
2015-09-09T14:22:10.721+0200: 68.783: Total time for which application threads were stopped: 0.0000307 seconds, Stopping threads took: 0.0000061 seconds
2015-09-09T14:22:10.721+0200: 68.784: Total time for which application threads were stopped: 0.0000285 seconds, Stopping threads took: 0.0000045 seconds
2015-09-09T14:22:10.722+0200: 68.784: Total time for which application threads were stopped: 0.0000397 seconds, Stopping threads took: 0.0000170 seconds
2015-09-09T14:22:10.728+0200: 68.790: Total time for which application threads were stopped: 0.0000531 seconds, Stopping threads took: 0.0000205 seconds
2015-09-09T14:22:10.732+0200: 68.794: Total time for which application threads were stopped: 0.0000509 seconds, Stopping threads took: 0.0000115 seconds
2015-09-09T14:22:10.732+0200: 68.794: Total time for which application threads were stopped: 0.0000288 seconds, Stopping threads took: 0.0000064 seconds
2015-09-09T14:22:10.767+0200: 68.830: Total time for which application threads were stopped: 0.0000483 seconds, Stopping threads took: 0.0000134 seconds
{Heap before GC invocations=104 (full 3):
 par new generation   total 109248K, used 98274K [0x00000000e0000000, 0x00000000e8000000, 0x00000000e8000000)
  eden space 87424K, 100% used [0x00000000e0000000, 0x00000000e5560000, 0x00000000e5560000)
  from space 21824K,  49% used [0x00000000e5560000, 0x00000000e5ff8870, 0x00000000e6ab0000)
  to   space 21824K,   0% used [0x00000000e6ab0000, 0x00000000e6ab0000, 0x00000000e8000000)
 concurrent mark-sweep generation total 393216K, used 188024K [0x00000000e8000000, 0x0000000100000000, 0x0000000100000000)
 Metaspace       used 29806K, capacity 30136K, committed 30612K, reserved 1077248K
  class space    used 3518K, capacity 3646K, committed 3736K, reserved 1048576K
2015-09-09T14:22:10.787+0200: 68.849: [GC (Allocation Failure) 68.849: [ParNew
Desired survivor size 20112992 bytes, new threshold 8 (max 8)
- age   1:    4890960 bytes,    4890960 total
- age   2:    2606864 bytes,    7497824 total
- age   3:     846744 bytes,    8344568 total
: 98274K->10821K(109248K), 0.0073023 secs] 286299K->201863K(502464K), 0.0073523 secs] [Times: user=0.00 sys=0.00, real=0.01 secs] 
Heap after GC invocations=105 (full 3):
 par new generation   total 109248K, used 10821K [0x00000000e0000000, 0x00000000e8000000, 0x00000000e8000000)
  eden space 87424K,   0% used [0x00000000e0000000, 0x00000000e0000000, 0x00000000e5560000)
  from space 21824K,  49% used [0x00000000e6ab0000, 0x00000000e7541620, 0x00000000e8000000)
  to   space 21824K,   0% used [0x00000000e5560000, 0x00000000e5560000, 0x00000000e6ab0000)
 concurrent mark-sweep generation total 393216K, used 191041K [0x00000000e8000000, 0x0000000100000000, 0x0000000100000000)
 Metaspace       used 29806K, capacity 30136K, committed 30612K, reserved 1077248K
  class space    used 3518K, capacity 3646K, committed 3736K, reserved 1048576K
}
2015-09-09T14:22:10.794+0200: 68.857: Total time for which application threads were stopped: 0.0074867 seconds, Stopping threads took: 0.0000157 seconds
2015-09-09T14:22:10.834+0200: 68.896: Total time for which application threads were stopped: 0.0000528 seconds, Stopping threads took: 0.0000122 seconds
2015-09-09T14:22:10.835+0200: 68.898: Total time for which application threads were stopped: 0.0000557 seconds, Stopping threads took: 0.0000106 seconds
2015-09-09T14:22:10.835+0200: 68.898: Total time for which application threads were stopped: 0.0000976 seconds, Stopping threads took: 0.0000659 seconds
2015-09-09T14:22:10.837+0200: 68.899: Total time for which application threads were stopped: 0.0000563 seconds, Stopping threads took: 0.0000186 seconds
2015-09-09T14:22:10.919+0200: 68.982: Total time for which application threads were stopped: 0.0000752 seconds, Stopping threads took: 0.0000182 seconds
2015-09-09T14:22:10.920+0200: 68.983: Total time for which application threads were stopped: 0.0000528 seconds, Stopping threads took: 0.0000154 seconds
2015-09-09T14:22:11.018+0200: 69.080: Total time for which application threads were stopped: 0.0000602 seconds, Stopping threads took: 0.0000160 seconds
2015-09-09T14:22:11.020+0200: 69.083: Total time for which application threads were stopped: 0.0000720 seconds, Stopping threads took: 0.0000250 seconds
2015-09-09T14:22:11.186+0200: 69.249: Total time for which application threads were stopped: 0.0001709 seconds, Stopping threads took: 0.0000234 seconds
2015-09-09T14:22:11.186+0200: 69.249: Total time for which application threads were stopped: 0.0000643 seconds, Stopping threads took: 0.0000131 seconds
2015-09-09T14:22:11.187+0200: 69.249: Total time for which application threads were stopped: 0.0000912 seconds, Stopping threads took: 0.0000570 seconds
2015-09-09T14:22:11.187+0200: 69.250: Total time for which application threads were stopped: 0.0000758 seconds, Stopping threads took: 0.0000358 seconds
2015-09-09T14:22:11.187+0200: 69.250: Total time for which application threads were stopped: 0.0000688 seconds, Stopping threads took: 0.0000141 seconds
2015-09-09T14:22:11.196+0200: 69.258: Total time for which application threads were stopped: 0.0000627 seconds, Stopping threads took: 0.0000189 seconds
2015-09-09T14:22:11.196+0200: 69.258: Total time for which application threads were stopped: 0.0000342 seconds, Stopping threads took: 0.0000096 seconds
2015-09-09T14:22:11.197+0200: 69.259: Total time for which application threads were stopped: 0.0000653 seconds, Stopping threads took: 0.0000291 seconds
2015-09-09T14:22:11.197+0200: 69.259: Total time for which application threads were stopped: 0.0000301 seconds, Stopping threads took: 0.0000106 seconds
2015-09-09T14:22:11.199+0200: 69.261: Total time for which application threads were stopped: 0.0001139 seconds, Stopping threads took: 0.0000499 seconds
2015-09-09T14:22:11.200+0200: 69.263: Total time for which application threads were stopped: 0.0000806 seconds, Stopping threads took: 0.0000250 seconds
2015-09-09T14:22:11.201+0200: 69.264: Total time for which application threads were stopped: 0.0001930 seconds, Stopping threads took: 0.0001354 seconds
2015-09-09T14:22:11.202+0200: 69.265: Total time for which application threads were stopped: 0.0000688 seconds, Stopping threads took: 0.0000176 seconds
2015-09-09T14:22:11.204+0200: 69.267: Total time for which application threads were stopped: 0.0001014 seconds, Stopping threads took: 0.0000250 seconds
2015-09-09T14:22:11.508+0200: 69.571: Total time for which application threads were stopped: 0.0000694 seconds, Stopping threads took: 0.0000131 seconds
2015-09-09T14:22:11.508+0200: 69.571: Total time for which application threads were stopped: 0.0000483 seconds, Stopping threads took: 0.0000118 seconds
2015-09-09T14:22:11.509+0200: 69.571: Total time for which application threads were stopped: 0.0000608 seconds, Stopping threads took: 0.0000170 seconds
2015-09-09T14:22:11.510+0200: 69.573: Total time for which application threads were stopped: 0.0000579 seconds, Stopping threads took: 0.0000106 seconds
2015-09-09T14:22:11.510+0200: 69.573: Total time for which application threads were stopped: 0.0000400 seconds, Stopping threads took: 0.0000131 seconds
2015-09-09T14:22:11.511+0200: 69.573: Total time for which application threads were stopped: 0.0000896 seconds, Stopping threads took: 0.0000451 seconds
2015-09-09T14:22:11.511+0200: 69.574: Total time for which application threads were stopped: 0.0000394 seconds, Stopping threads took: 0.0000106 seconds
2015-09-09T14:22:11.516+0200: 69.579: Total time for which application threads were stopped: 0.0000410 seconds, Stopping threads took: 0.0000106 seconds
2015-09-09T14:22:11.528+0200: 69.591: Total time for which application threads were stopped: 0.0000707 seconds, Stopping threads took: 0.0000166 seconds
2015-09-09T14:22:18.676+0200: 76.739: Total time for which application threads were stopped: 0.0002013 seconds, Stopping threads took: 0.0001389 seconds
2015-09-09T14:22:18.676+0200: 76.739: Total time for which application threads were stopped: 0.0000352 seconds, Stopping threads took: 0.0000083 seconds
2015-09-09T14:22:18.678+0200: 76.740: Total time for which application threads were stopped: 0.0000922 seconds, Stopping threads took: 0.0000438 seconds
2015-09-09T14:22:18.678+0200: 76.741: Total time for which application threads were stopped: 0.0000653 seconds, Stopping threads took: 0.0000301 seconds
2015-09-09T14:22:18.678+0200: 76.741: Total time for which application threads were stopped: 0.0000285 seconds, Stopping threads took: 0.0000077 seconds
2015-09-09T14:22:18.679+0200: 76.742: Total time for which application threads were stopped: 0.0000755 seconds, Stopping threads took: 0.0000362 seconds
2015-09-09T14:22:18.688+0200: 76.751: Total time for which application threads were stopped: 0.0001421 seconds, Stopping threads took: 0.0000893 seconds
2015-09-09T14:22:39.264+0200: 97.326: Total time for which application threads were stopped: 0.0000589 seconds, Stopping threads took: 0.0000218 seconds
2015-09-09T14:22:59.265+0200: 117.326: Total time for which application threads were stopped: 0.0000627 seconds, Stopping threads took: 0.0000266 seconds
2015-09-09T14:23:06.841+0200: 124.903: Total time for which application threads were stopped: 0.0000925 seconds, Stopping threads took: 0.0000214 seconds
2015-09-09T14:23:06.841+0200: 124.903: Total time for which application threads were stopped: 0.0000285 seconds, Stopping threads took: 0.0000042 seconds
2015-09-09T14:23:06.841+0200: 124.904: Total time for which application threads were stopped: 0.0003907 seconds, Stopping threads took: 0.0000061 seconds
2015-09-09T14:23:06.844+0200: 124.906: Total time for which application threads were stopped: 0.0000589 seconds, Stopping threads took: 0.0000160 seconds
2015-09-09T14:23:06.844+0200: 124.906: Total time for which application threads were stopped: 0.0000422 seconds, Stopping threads took: 0.0000083 seconds
2015-09-09T14:23:06.844+0200: 124.906: Total time for which application threads were stopped: 0.0000454 seconds, Stopping threads took: 0.0000170 seconds
2015-09-09T14:23:06.844+0200: 124.906: Total time for which application threads were stopped: 0.0000291 seconds, Stopping threads took: 0.0000070 seconds
2015-09-09T14:23:06.844+0200: 124.907: Total time for which application threads were stopped: 0.0000310 seconds, Stopping threads took: 0.0000064 seconds
2015-09-09T14:23:06.845+0200: 124.907: Total time for which application threads were stopped: 0.0000374 seconds, Stopping threads took: 0.0000125 seconds
2015-09-09T14:23:06.849+0200: 124.911: Total time for which application threads were stopped: 0.0000656 seconds, Stopping threads took: 0.0000266 seconds
2015-09-09T14:23:06.849+0200: 124.911: Total time for which application threads were stopped: 0.0000512 seconds, Stopping threads took: 0.0000202 seconds
2015-09-09T14:23:06.849+0200: 124.911: Total time for which application threads were stopped: 0.0000550 seconds, Stopping threads took: 0.0000314 seconds
2015-09-09T14:23:06.850+0200: 124.912: Total time for which application threads were stopped: 0.0000522 seconds, Stopping threads took: 0.0000205 seconds
2015-09-09T14:23:06.850+0200: 124.912: Total time for which application threads were stopped: 0.0000349 seconds, Stopping threads took: 0.0000176 seconds
2015-09-09T14:23:06.851+0200: 124.913: Total time for which application threads were stopped: 0.0000547 seconds, Stopping threads took: 0.0000221 seconds
2015-09-09T14:23:06.851+0200: 124.914: Total time for which application threads were stopped: 0.0000445 seconds, Stopping threads took: 0.0000099 seconds
2015-09-09T14:23:06.852+0200: 124.914: Total time for which application threads were stopped: 0.0000445 seconds, Stopping threads took: 0.0000198 seconds
2015-09-09T14:23:06.852+0200: 124.914: Total time for which application threads were stopped: 0.0000275 seconds, Stopping threads took: 0.0000102 seconds
2015-09-09T14:23:06.852+0200: 124.914: Total time for which application threads were stopped: 0.0000221 seconds, Stopping threads took: 0.0000061 seconds
2015-09-09T14:23:06.852+0200: 124.914: Total time for which application threads were stopped: 0.0000205 seconds, Stopping threads took: 0.0000048 seconds
2015-09-09T14:23:06.852+0200: 124.914: Total time for which application threads were stopped: 0.0000192 seconds, Stopping threads took: 0.0000045 seconds
2015-09-09T14:23:06.852+0200: 124.914: Total time for which application threads were stopped: 0.0000182 seconds, Stopping threads took: 0.0000048 seconds
2015-09-09T14:23:06.852+0200: 124.914: Total time for which application threads were stopped: 0.0001014 seconds, Stopping threads took: 0.0000045 seconds
2015-09-09T14:23:06.854+0200: 124.916: Total time for which application threads were stopped: 0.0001008 seconds, Stopping threads took: 0.0000678 seconds
2015-09-09T14:23:06.854+0200: 124.917: Total time for which application threads were stopped: 0.0000707 seconds, Stopping threads took: 0.0000486 seconds
2015-09-09T14:23:06.854+0200: 124.917: Total time for which application threads were stopped: 0.0000742 seconds, Stopping threads took: 0.0000560 seconds
2015-09-09T14:23:06.855+0200: 124.917: Total time for which application threads were stopped: 0.0000912 seconds, Stopping threads took: 0.0000330 seconds
2015-09-09T14:23:06.855+0200: 124.917: Total time for which application threads were stopped: 0.0000704 seconds, Stopping threads took: 0.0000397 seconds
2015-09-09T14:23:06.858+0200: 124.921: Total time for which application threads were stopped: 0.0000317 seconds, Stopping threads took: 0.0000096 seconds
2015-09-09T14:23:06.859+0200: 124.921: Total time for which application threads were stopped: 0.0000298 seconds, Stopping threads took: 0.0000077 seconds
2015-09-09T14:23:06.859+0200: 124.921: Total time for which application threads were stopped: 0.0000362 seconds, Stopping threads took: 0.0000192 seconds
2015-09-09T14:23:06.859+0200: 124.921: Total time for which application threads were stopped: 0.0000246 seconds, Stopping threads took: 0.0000109 seconds
2015-09-09T14:23:06.859+0200: 124.921: Total time for which application threads were stopped: 0.0000189 seconds, Stopping threads took: 0.0000070 seconds
Heap
 par new generation   total 109248K, used 51838K [0x00000000e0000000, 0x00000000e8000000, 0x00000000e8000000)
  eden space 87424K,  46% used [0x00000000e0000000, 0x00000000e280e308, 0x00000000e5560000)
  from space 21824K,  49% used [0x00000000e6ab0000, 0x00000000e7541620, 0x00000000e8000000)
  to   space 21824K,   0% used [0x00000000e5560000, 0x00000000e5560000, 0x00000000e6ab0000)
 concurrent mark-sweep generation total 393216K, used 191041K [0x00000000e8000000, 0x0000000100000000, 0x0000000100000000)
 Metaspace       used 30044K, capacity 30424K, committed 30868K, reserved 1077248K
  class space    used 3539K, capacity 3678K, committed 3736K, reserved 1048576K
